Loading data...

============================================================
Training tolokers GAT-sep 5L h=512 lr=3e-05 split=7
============================================================
Training for 5000 steps
Step    1 | loss 0.7606 | val_acc=0.7819 val_roc_auc=0.2940 val_loss=0.5805 val_metric_name=roc_auc val_metric=0.2940
Step   50 | loss 0.4489 | val_acc=0.7836 val_roc_auc=0.7669 val_loss=0.4393 val_metric_name=roc_auc val_metric=0.7669
Step  100 | loss 0.4258 | val_acc=0.7935 val_roc_auc=0.8003 val_loss=0.4210 val_metric_name=roc_auc val_metric=0.8003
Step  150 | loss 0.4096 | val_acc=0.7897 val_roc_auc=0.8194 val_loss=0.4552 val_metric_name=roc_auc val_metric=0.8194
Step  200 | loss 0.3973 | val_acc=0.7935 val_roc_auc=0.8214 val_loss=0.4969 val_metric_name=roc_auc val_metric=0.8214
Step  250 | loss 0.3880 | val_acc=0.8142 val_roc_auc=0.8354 val_loss=0.4396 val_metric_name=roc_auc val_metric=0.8354
Step  300 | loss 0.3787 | val_acc=0.8224 val_roc_auc=0.8429 val_loss=0.4234 val_metric_name=roc_auc val_metric=0.8429
Step  350 | loss 0.3709 | val_acc=0.8112 val_roc_auc=0.8470 val_loss=0.4113 val_metric_name=roc_auc val_metric=0.8470
Step  400 | loss 0.3655 | val_acc=0.7887 val_roc_auc=0.8466 val_loss=0.4383 val_metric_name=roc_auc val_metric=0.8466
Step  450 | loss 0.3629 | val_acc=0.7986 val_roc_auc=0.8482 val_loss=0.4268 val_metric_name=roc_auc val_metric=0.8482
Step  500 | loss 0.3599 | val_acc=0.8044 val_roc_auc=0.8508 val_loss=0.4145 val_metric_name=roc_auc val_metric=0.8508
Step  550 | loss 0.3523 | val_acc=0.7948 val_roc_auc=0.8485 val_loss=0.4264 val_metric_name=roc_auc val_metric=0.8485
Step  600 | loss 0.3507 | val_acc=0.8016 val_roc_auc=0.8488 val_loss=0.4232 val_metric_name=roc_auc val_metric=0.8488
Step  650 | loss 0.3390 | val_acc=0.8163 val_roc_auc=0.8516 val_loss=0.4127 val_metric_name=roc_auc val_metric=0.8516
Step  700 | loss 0.3426 | val_acc=0.8234 val_roc_auc=0.8504 val_loss=0.4291 val_metric_name=roc_auc val_metric=0.8504
Step  750 | loss 0.3339 | val_acc=0.8227 val_roc_auc=0.8489 val_loss=0.4278 val_metric_name=roc_auc val_metric=0.8489
Step  800 | loss 0.3347 | val_acc=0.8255 val_roc_auc=0.8504 val_loss=0.4259 val_metric_name=roc_auc val_metric=0.8504
Step  850 | loss 0.3248 | val_acc=0.8227 val_roc_auc=0.8508 val_loss=0.4232 val_metric_name=roc_auc val_metric=0.8508
Step  900 | loss 0.3149 | val_acc=0.8241 val_roc_auc=0.8479 val_loss=0.4412 val_metric_name=roc_auc val_metric=0.8479
Step  950 | loss 0.3188 | val_acc=0.8200 val_roc_auc=0.8456 val_loss=0.4425 val_metric_name=roc_auc val_metric=0.8456
Step 1000 | loss 0.3036 | val_acc=0.8203 val_roc_auc=0.8427 val_loss=0.4705 val_metric_name=roc_auc val_metric=0.8427
Step 1050 | loss 0.2967 | val_acc=0.8197 val_roc_auc=0.8404 val_loss=0.4660 val_metric_name=roc_auc val_metric=0.8404
Early stopping at step 1064

--- Final (best ckpt @ step 650) ---
  train_acc=0.8359 train_roc_auc=0.8805 train_loss=0.3542 train_metric_name=roc_auc train_metric=0.8805
  val_acc=0.8163 val_roc_auc=0.8516 val_loss=0.4127 val_metric_name=roc_auc val_metric=0.8516
  test_acc=0.7949 test_roc_auc=0.8329 test_loss=0.4416 test_metric_name=roc_auc test_metric=0.8329
  test_roc_auc=0.8329
  >> num_layers=5 hidden_dim=512 lr=3e-05 best_step=650 val_roc_auc=0.8516 test_roc_auc=0.8329
     val_acc=0.8163 val_loss=0.4127 val_metric=0.8516 val_metric_name=roc_auc val_roc_auc=0.8516
     test_acc=0.7949 test_loss=0.4416 test_metric=0.8329 test_metric_name=roc_auc test_roc_auc=0.8329
  >> selected best (by val): num_layers=5 hidden_dim=512 lr=3e-05 val_roc_auc=0.8516 test_roc_auc=0.8329
     val_acc=0.8163 val_loss=0.4127 val_metric=0.8516 val_metric_name=roc_auc val_roc_auc=0.8516
     test_acc=0.7949 test_loss=0.4416 test_metric=0.8329 test_metric_name=roc_auc test_roc_auc=0.8329

Done. Results saved to /home/avshmelev/diploma_yandex_graphs/results2/tolokers/base.csv, checkpoints in /home/avshmelev/diploma_yandex_graphs/all_checkpoints2/tolokers/base/
