Loading data...

============================================================
Training tolokers GCN 4L h=512 lr=3e-05 split=6
============================================================
Training for 5000 steps
Step    1 | loss 0.7428 | val_acc=0.6873 val_roc_auc=0.3597 val_loss=0.6193 val_metric_name=roc_auc val_metric=0.3597
Step   50 | loss 0.4728 | val_acc=0.7850 val_roc_auc=0.7132 val_loss=0.4915 val_metric_name=roc_auc val_metric=0.7132
Step  100 | loss 0.4575 | val_acc=0.7829 val_roc_auc=0.7343 val_loss=0.4718 val_metric_name=roc_auc val_metric=0.7343
Step  150 | loss 0.4405 | val_acc=0.7839 val_roc_auc=0.7517 val_loss=0.4614 val_metric_name=roc_auc val_metric=0.7517
Step  200 | loss 0.4292 | val_acc=0.7911 val_roc_auc=0.7667 val_loss=0.4488 val_metric_name=roc_auc val_metric=0.7667
Step  250 | loss 0.4242 | val_acc=0.7921 val_roc_auc=0.7783 val_loss=0.4439 val_metric_name=roc_auc val_metric=0.7783
Step  300 | loss 0.4164 | val_acc=0.7979 val_roc_auc=0.7889 val_loss=0.4514 val_metric_name=roc_auc val_metric=0.7889
Step  350 | loss 0.4100 | val_acc=0.8013 val_roc_auc=0.7930 val_loss=0.4541 val_metric_name=roc_auc val_metric=0.7930
Step  400 | loss 0.4103 | val_acc=0.8027 val_roc_auc=0.7912 val_loss=0.4807 val_metric_name=roc_auc val_metric=0.7912
Step  450 | loss 0.3996 | val_acc=0.8050 val_roc_auc=0.7955 val_loss=0.4690 val_metric_name=roc_auc val_metric=0.7955
Step  500 | loss 0.3993 | val_acc=0.8101 val_roc_auc=0.8116 val_loss=0.4224 val_metric_name=roc_auc val_metric=0.8116
Step  550 | loss 0.3947 | val_acc=0.8088 val_roc_auc=0.8107 val_loss=0.4250 val_metric_name=roc_auc val_metric=0.8107
Step  600 | loss 0.3935 | val_acc=0.8105 val_roc_auc=0.8139 val_loss=0.4260 val_metric_name=roc_auc val_metric=0.8139
Step  650 | loss 0.3918 | val_acc=0.8118 val_roc_auc=0.8159 val_loss=0.4275 val_metric_name=roc_auc val_metric=0.8159
Step  700 | loss 0.3861 | val_acc=0.8125 val_roc_auc=0.8235 val_loss=0.4079 val_metric_name=roc_auc val_metric=0.8235
Step  750 | loss 0.3843 | val_acc=0.8118 val_roc_auc=0.8238 val_loss=0.4152 val_metric_name=roc_auc val_metric=0.8238
Step  800 | loss 0.3831 | val_acc=0.8139 val_roc_auc=0.8260 val_loss=0.4090 val_metric_name=roc_auc val_metric=0.8260
Step  850 | loss 0.3819 | val_acc=0.8166 val_roc_auc=0.8303 val_loss=0.4036 val_metric_name=roc_auc val_metric=0.8303
Step  900 | loss 0.3785 | val_acc=0.8224 val_roc_auc=0.8356 val_loss=0.3969 val_metric_name=roc_auc val_metric=0.8356
Step  950 | loss 0.3757 | val_acc=0.8227 val_roc_auc=0.8379 val_loss=0.3962 val_metric_name=roc_auc val_metric=0.8379
Step 1000 | loss 0.3782 | val_acc=0.8183 val_roc_auc=0.8399 val_loss=0.3908 val_metric_name=roc_auc val_metric=0.8399
Step 1050 | loss 0.3705 | val_acc=0.8061 val_roc_auc=0.8403 val_loss=0.3995 val_metric_name=roc_auc val_metric=0.8403
Step 1100 | loss 0.3705 | val_acc=0.8203 val_roc_auc=0.8422 val_loss=0.3936 val_metric_name=roc_auc val_metric=0.8422
Step 1150 | loss 0.3716 | val_acc=0.8023 val_roc_auc=0.8401 val_loss=0.4062 val_metric_name=roc_auc val_metric=0.8401
Step 1200 | loss 0.3691 | val_acc=0.7860 val_roc_auc=0.8367 val_loss=0.4216 val_metric_name=roc_auc val_metric=0.8367
Step 1250 | loss 0.3674 | val_acc=0.8016 val_roc_auc=0.8420 val_loss=0.4055 val_metric_name=roc_auc val_metric=0.8420
Step 1300 | loss 0.3650 | val_acc=0.7758 val_roc_auc=0.8339 val_loss=0.4390 val_metric_name=roc_auc val_metric=0.8339
Step 1350 | loss 0.3654 | val_acc=0.7907 val_roc_auc=0.8354 val_loss=0.4251 val_metric_name=roc_auc val_metric=0.8354
Step 1400 | loss 0.3678 | val_acc=0.7785 val_roc_auc=0.8337 val_loss=0.4354 val_metric_name=roc_auc val_metric=0.8337
Step 1450 | loss 0.3644 | val_acc=0.7727 val_roc_auc=0.8344 val_loss=0.4485 val_metric_name=roc_auc val_metric=0.8344
Step 1500 | loss 0.3584 | val_acc=0.7812 val_roc_auc=0.8358 val_loss=0.4384 val_metric_name=roc_auc val_metric=0.8358
Step 1550 | loss 0.3599 | val_acc=0.7795 val_roc_auc=0.8354 val_loss=0.4426 val_metric_name=roc_auc val_metric=0.8354
Step 1600 | loss 0.3565 | val_acc=0.8081 val_roc_auc=0.8466 val_loss=0.4000 val_metric_name=roc_auc val_metric=0.8466
Step 1650 | loss 0.3561 | val_acc=0.7860 val_roc_auc=0.8364 val_loss=0.4328 val_metric_name=roc_auc val_metric=0.8364
Step 1700 | loss 0.3545 | val_acc=0.7829 val_roc_auc=0.8400 val_loss=0.4403 val_metric_name=roc_auc val_metric=0.8400
Step 1750 | loss 0.3520 | val_acc=0.7996 val_roc_auc=0.8424 val_loss=0.4137 val_metric_name=roc_auc val_metric=0.8424
Step 1800 | loss 0.3507 | val_acc=0.7809 val_roc_auc=0.8364 val_loss=0.4465 val_metric_name=roc_auc val_metric=0.8364
Step 1850 | loss 0.3487 | val_acc=0.7707 val_roc_auc=0.8402 val_loss=0.4559 val_metric_name=roc_auc val_metric=0.8402
Step 1900 | loss 0.3494 | val_acc=0.7679 val_roc_auc=0.8326 val_loss=0.4670 val_metric_name=roc_auc val_metric=0.8326
Step 1950 | loss 0.3462 | val_acc=0.7836 val_roc_auc=0.8390 val_loss=0.4407 val_metric_name=roc_auc val_metric=0.8390
Step 2000 | loss 0.3480 | val_acc=0.7802 val_roc_auc=0.8340 val_loss=0.4541 val_metric_name=roc_auc val_metric=0.8340
Step 2050 | loss 0.3514 | val_acc=0.8003 val_roc_auc=0.8413 val_loss=0.4363 val_metric_name=roc_auc val_metric=0.8413
Early stopping at step 2051

--- Final (best ckpt @ step 1600) ---
  train_acc=0.8204 train_roc_auc=0.8665 train_loss=0.3725 train_metric_name=roc_auc train_metric=0.8665
  val_acc=0.8081 val_roc_auc=0.8466 val_loss=0.4000 val_metric_name=roc_auc val_metric=0.8466
  test_acc=0.7844 test_roc_auc=0.8315 test_loss=0.4220 test_metric_name=roc_auc test_metric=0.8315
  test_roc_auc=0.8315
  >> num_layers=4 hidden_dim=512 lr=3e-05 best_step=1600 val_roc_auc=0.8466 test_roc_auc=0.8315
     val_acc=0.8081 val_loss=0.4000 val_metric=0.8466 val_metric_name=roc_auc val_roc_auc=0.8466
     test_acc=0.7844 test_loss=0.4220 test_metric=0.8315 test_metric_name=roc_auc test_roc_auc=0.8315
  >> selected best (by val): num_layers=4 hidden_dim=512 lr=3e-05 val_roc_auc=0.8466 test_roc_auc=0.8315
     val_acc=0.8081 val_loss=0.4000 val_metric=0.8466 val_metric_name=roc_auc val_roc_auc=0.8466
     test_acc=0.7844 test_loss=0.4220 test_metric=0.8315 test_metric_name=roc_auc test_roc_auc=0.8315

Done. Results saved to /home/avshmelev/diploma_yandex_graphs/results2/tolokers/base.csv, checkpoints in /home/avshmelev/diploma_yandex_graphs/all_checkpoints2/tolokers/base/
