Loading data...

============================================================
Training tolokers ResNet 2L h=512 lr=3e-05 split=0
============================================================
Training for 5000 steps
Step    1 | loss 0.6280 | val_acc=0.7809 val_roc_auc=0.6810 val_loss=0.5226 val_metric_name=roc_auc val_metric=0.6810
Step   50 | loss 0.4773 | val_acc=0.7819 val_roc_auc=0.7254 val_loss=0.4703 val_metric_name=roc_auc val_metric=0.7254
Step  100 | loss 0.4621 | val_acc=0.7822 val_roc_auc=0.7346 val_loss=0.4609 val_metric_name=roc_auc val_metric=0.7346
Step  150 | loss 0.4583 | val_acc=0.7836 val_roc_auc=0.7364 val_loss=0.4602 val_metric_name=roc_auc val_metric=0.7364
Step  200 | loss 0.4544 | val_acc=0.7829 val_roc_auc=0.7331 val_loss=0.4609 val_metric_name=roc_auc val_metric=0.7331
Step  250 | loss 0.4546 | val_acc=0.7829 val_roc_auc=0.7303 val_loss=0.4613 val_metric_name=roc_auc val_metric=0.7303
Step  300 | loss 0.4531 | val_acc=0.7822 val_roc_auc=0.7286 val_loss=0.4617 val_metric_name=roc_auc val_metric=0.7286
Step  350 | loss 0.4502 | val_acc=0.7822 val_roc_auc=0.7282 val_loss=0.4616 val_metric_name=roc_auc val_metric=0.7282
Step  400 | loss 0.4497 | val_acc=0.7826 val_roc_auc=0.7272 val_loss=0.4619 val_metric_name=roc_auc val_metric=0.7272
Early stopping at step 442

--- Final (best ckpt @ step 140) ---
  train_acc=0.7823 train_roc_auc=0.7391 train_loss=0.4509 train_metric_name=roc_auc train_metric=0.7391
  val_acc=0.7829 val_roc_auc=0.7367 val_loss=0.4598 val_metric_name=roc_auc val_metric=0.7367
  test_acc=0.7830 test_roc_auc=0.7204 test_loss=0.4675 test_metric_name=roc_auc test_metric=0.7204
  test_roc_auc=0.7204
  >> num_layers=2 hidden_dim=512 lr=3e-05 best_step=140 val_roc_auc=0.7367 test_roc_auc=0.7204
     val_acc=0.7829 val_loss=0.4598 val_metric=0.7367 val_metric_name=roc_auc val_roc_auc=0.7367
     test_acc=0.7830 test_loss=0.4675 test_metric=0.7204 test_metric_name=roc_auc test_roc_auc=0.7204
  >> selected best (by val): num_layers=2 hidden_dim=512 lr=3e-05 val_roc_auc=0.7367 test_roc_auc=0.7204
     val_acc=0.7829 val_loss=0.4598 val_metric=0.7367 val_metric_name=roc_auc val_roc_auc=0.7367
     test_acc=0.7830 test_loss=0.4675 test_metric=0.7204 test_metric_name=roc_auc test_roc_auc=0.7204

Done. Results saved to /home/avshmelev/diploma_yandex_graphs/results2/tolokers/base.csv, checkpoints in /home/avshmelev/diploma_yandex_graphs/all_checkpoints2/tolokers/base/
