Loading data...

============================================================
Training tolokers SAGE 2L h=512 lr=3e-05 split=8
============================================================
Training for 5000 steps
Step    1 | loss 0.8774 | val_acc=0.6938 val_roc_auc=0.5055 val_loss=0.6461 val_metric_name=roc_auc val_metric=0.5055
Step   50 | loss 0.4616 | val_acc=0.7822 val_roc_auc=0.7342 val_loss=0.4730 val_metric_name=roc_auc val_metric=0.7342
Step  100 | loss 0.4437 | val_acc=0.7880 val_roc_auc=0.7642 val_loss=0.4436 val_metric_name=roc_auc val_metric=0.7642
Step  150 | loss 0.4348 | val_acc=0.7907 val_roc_auc=0.7744 val_loss=0.4358 val_metric_name=roc_auc val_metric=0.7744
Step  200 | loss 0.4288 | val_acc=0.7935 val_roc_auc=0.7803 val_loss=0.4295 val_metric_name=roc_auc val_metric=0.7803
Step  250 | loss 0.4222 | val_acc=0.7931 val_roc_auc=0.7865 val_loss=0.4242 val_metric_name=roc_auc val_metric=0.7865
Step  300 | loss 0.4163 | val_acc=0.7941 val_roc_auc=0.7926 val_loss=0.4214 val_metric_name=roc_auc val_metric=0.7926
Step  350 | loss 0.4113 | val_acc=0.7955 val_roc_auc=0.7966 val_loss=0.4190 val_metric_name=roc_auc val_metric=0.7966
Step  400 | loss 0.4052 | val_acc=0.7938 val_roc_auc=0.7991 val_loss=0.4187 val_metric_name=roc_auc val_metric=0.7991
Step  450 | loss 0.4060 | val_acc=0.7921 val_roc_auc=0.8028 val_loss=0.4163 val_metric_name=roc_auc val_metric=0.8028
Step  500 | loss 0.4012 | val_acc=0.7931 val_roc_auc=0.8068 val_loss=0.4188 val_metric_name=roc_auc val_metric=0.8068
Step  550 | loss 0.3948 | val_acc=0.7938 val_roc_auc=0.8119 val_loss=0.4162 val_metric_name=roc_auc val_metric=0.8119
Step  600 | loss 0.3943 | val_acc=0.7969 val_roc_auc=0.8153 val_loss=0.4171 val_metric_name=roc_auc val_metric=0.8153
Step  650 | loss 0.3918 | val_acc=0.7976 val_roc_auc=0.8179 val_loss=0.4188 val_metric_name=roc_auc val_metric=0.8179
Step  700 | loss 0.3880 | val_acc=0.8003 val_roc_auc=0.8174 val_loss=0.4315 val_metric_name=roc_auc val_metric=0.8174
Step  750 | loss 0.3845 | val_acc=0.7982 val_roc_auc=0.8204 val_loss=0.4262 val_metric_name=roc_auc val_metric=0.8204
Step  800 | loss 0.3847 | val_acc=0.7979 val_roc_auc=0.8203 val_loss=0.4429 val_metric_name=roc_auc val_metric=0.8203
Step  850 | loss 0.3783 | val_acc=0.7996 val_roc_auc=0.8206 val_loss=0.4381 val_metric_name=roc_auc val_metric=0.8206
Step  900 | loss 0.3759 | val_acc=0.7989 val_roc_auc=0.8205 val_loss=0.4464 val_metric_name=roc_auc val_metric=0.8205
Step  950 | loss 0.3694 | val_acc=0.7982 val_roc_auc=0.8186 val_loss=0.4585 val_metric_name=roc_auc val_metric=0.8186
Step 1000 | loss 0.3725 | val_acc=0.7976 val_roc_auc=0.8185 val_loss=0.4595 val_metric_name=roc_auc val_metric=0.8185
Step 1050 | loss 0.3721 | val_acc=0.7979 val_roc_auc=0.8203 val_loss=0.4564 val_metric_name=roc_auc val_metric=0.8203
Step 1100 | loss 0.3659 | val_acc=0.7979 val_roc_auc=0.8196 val_loss=0.4618 val_metric_name=roc_auc val_metric=0.8196
Early stopping at step 1110

--- Final (best ckpt @ step 810) ---
  train_acc=0.8153 train_roc_auc=0.8514 train_loss=0.3825 train_metric_name=roc_auc train_metric=0.8514
  val_acc=0.8003 val_roc_auc=0.8245 val_loss=0.4208 val_metric_name=roc_auc val_metric=0.8245
  test_acc=0.7993 test_roc_auc=0.8254 test_loss=0.4228 test_metric_name=roc_auc test_metric=0.8254
  test_roc_auc=0.8254
  >> num_layers=2 hidden_dim=512 lr=3e-05 best_step=810 val_roc_auc=0.8245 test_roc_auc=0.8254
     val_acc=0.8003 val_loss=0.4208 val_metric=0.8245 val_metric_name=roc_auc val_roc_auc=0.8245
     test_acc=0.7993 test_loss=0.4228 test_metric=0.8254 test_metric_name=roc_auc test_roc_auc=0.8254
  >> selected best (by val): num_layers=2 hidden_dim=512 lr=3e-05 val_roc_auc=0.8245 test_roc_auc=0.8254
     val_acc=0.8003 val_loss=0.4208 val_metric=0.8245 val_metric_name=roc_auc val_roc_auc=0.8245
     test_acc=0.7993 test_loss=0.4228 test_metric=0.8254 test_metric_name=roc_auc test_roc_auc=0.8254

Done. Results saved to /home/avshmelev/diploma_yandex_graphs/results2/tolokers/base.csv, checkpoints in /home/avshmelev/diploma_yandex_graphs/all_checkpoints2/tolokers/base/
