Loading data...

============================================================
Training tolokers TAG 1L h=512 lr=3e-05 split=6
============================================================
Training for 5000 steps
Step    1 | loss 0.8708 | val_acc=0.5131 val_roc_auc=0.5662 val_loss=0.7245 val_metric_name=roc_auc val_metric=0.5662
Step   50 | loss 0.4641 | val_acc=0.7870 val_roc_auc=0.7384 val_loss=0.4679 val_metric_name=roc_auc val_metric=0.7384
Step  100 | loss 0.4397 | val_acc=0.7853 val_roc_auc=0.7631 val_loss=0.4589 val_metric_name=roc_auc val_metric=0.7631
Step  150 | loss 0.4288 | val_acc=0.7856 val_roc_auc=0.7779 val_loss=0.4499 val_metric_name=roc_auc val_metric=0.7779
Step  200 | loss 0.4211 | val_acc=0.7897 val_roc_auc=0.7871 val_loss=0.4423 val_metric_name=roc_auc val_metric=0.7871
Step  250 | loss 0.4141 | val_acc=0.7928 val_roc_auc=0.7943 val_loss=0.4350 val_metric_name=roc_auc val_metric=0.7943
Step  300 | loss 0.4070 | val_acc=0.7955 val_roc_auc=0.7994 val_loss=0.4306 val_metric_name=roc_auc val_metric=0.7994
Step  350 | loss 0.4029 | val_acc=0.7969 val_roc_auc=0.8041 val_loss=0.4277 val_metric_name=roc_auc val_metric=0.8041
Step  400 | loss 0.3996 | val_acc=0.7979 val_roc_auc=0.8081 val_loss=0.4240 val_metric_name=roc_auc val_metric=0.8081
Step  450 | loss 0.3963 | val_acc=0.7986 val_roc_auc=0.8122 val_loss=0.4184 val_metric_name=roc_auc val_metric=0.8122
Step  500 | loss 0.3910 | val_acc=0.7996 val_roc_auc=0.8155 val_loss=0.4170 val_metric_name=roc_auc val_metric=0.8155
Step  550 | loss 0.3883 | val_acc=0.8006 val_roc_auc=0.8185 val_loss=0.4173 val_metric_name=roc_auc val_metric=0.8185
Step  600 | loss 0.3892 | val_acc=0.8023 val_roc_auc=0.8220 val_loss=0.4128 val_metric_name=roc_auc val_metric=0.8220
Step  650 | loss 0.3839 | val_acc=0.8044 val_roc_auc=0.8239 val_loss=0.4134 val_metric_name=roc_auc val_metric=0.8239
Step  700 | loss 0.3799 | val_acc=0.8084 val_roc_auc=0.8269 val_loss=0.4092 val_metric_name=roc_auc val_metric=0.8269
Step  750 | loss 0.3792 | val_acc=0.8115 val_roc_auc=0.8290 val_loss=0.4073 val_metric_name=roc_auc val_metric=0.8290
Step  800 | loss 0.3715 | val_acc=0.8078 val_roc_auc=0.8314 val_loss=0.4087 val_metric_name=roc_auc val_metric=0.8314
Step  850 | loss 0.3726 | val_acc=0.8125 val_roc_auc=0.8327 val_loss=0.4023 val_metric_name=roc_auc val_metric=0.8327
Step  900 | loss 0.3711 | val_acc=0.8118 val_roc_auc=0.8349 val_loss=0.4028 val_metric_name=roc_auc val_metric=0.8349
Step  950 | loss 0.3719 | val_acc=0.8122 val_roc_auc=0.8365 val_loss=0.4029 val_metric_name=roc_auc val_metric=0.8365
Step 1000 | loss 0.3654 | val_acc=0.8125 val_roc_auc=0.8375 val_loss=0.4046 val_metric_name=roc_auc val_metric=0.8375
Step 1050 | loss 0.3663 | val_acc=0.8122 val_roc_auc=0.8384 val_loss=0.4044 val_metric_name=roc_auc val_metric=0.8384
Step 1100 | loss 0.3597 | val_acc=0.8129 val_roc_auc=0.8391 val_loss=0.4030 val_metric_name=roc_auc val_metric=0.8391
Step 1150 | loss 0.3625 | val_acc=0.8132 val_roc_auc=0.8397 val_loss=0.4018 val_metric_name=roc_auc val_metric=0.8397
Step 1200 | loss 0.3598 | val_acc=0.8156 val_roc_auc=0.8401 val_loss=0.4049 val_metric_name=roc_auc val_metric=0.8401
Step 1250 | loss 0.3582 | val_acc=0.8149 val_roc_auc=0.8401 val_loss=0.4023 val_metric_name=roc_auc val_metric=0.8401
Step 1300 | loss 0.3561 | val_acc=0.8112 val_roc_auc=0.8407 val_loss=0.4009 val_metric_name=roc_auc val_metric=0.8407
Step 1350 | loss 0.3575 | val_acc=0.8125 val_roc_auc=0.8410 val_loss=0.4013 val_metric_name=roc_auc val_metric=0.8410
Step 1400 | loss 0.3543 | val_acc=0.8163 val_roc_auc=0.8415 val_loss=0.4035 val_metric_name=roc_auc val_metric=0.8415
Step 1450 | loss 0.3514 | val_acc=0.8132 val_roc_auc=0.8412 val_loss=0.4052 val_metric_name=roc_auc val_metric=0.8412
Step 1500 | loss 0.3519 | val_acc=0.8166 val_roc_auc=0.8425 val_loss=0.4061 val_metric_name=roc_auc val_metric=0.8425
Step 1550 | loss 0.3479 | val_acc=0.8152 val_roc_auc=0.8425 val_loss=0.4073 val_metric_name=roc_auc val_metric=0.8425
Step 1600 | loss 0.3488 | val_acc=0.8180 val_roc_auc=0.8426 val_loss=0.4078 val_metric_name=roc_auc val_metric=0.8426
Step 1650 | loss 0.3512 | val_acc=0.8169 val_roc_auc=0.8429 val_loss=0.4117 val_metric_name=roc_auc val_metric=0.8429
Step 1700 | loss 0.3441 | val_acc=0.8159 val_roc_auc=0.8437 val_loss=0.4062 val_metric_name=roc_auc val_metric=0.8437
Step 1750 | loss 0.3440 | val_acc=0.8176 val_roc_auc=0.8431 val_loss=0.4085 val_metric_name=roc_auc val_metric=0.8431
Step 1800 | loss 0.3436 | val_acc=0.8173 val_roc_auc=0.8421 val_loss=0.4084 val_metric_name=roc_auc val_metric=0.8421
Step 1850 | loss 0.3403 | val_acc=0.8166 val_roc_auc=0.8422 val_loss=0.4089 val_metric_name=roc_auc val_metric=0.8422
Step 1900 | loss 0.3409 | val_acc=0.8166 val_roc_auc=0.8441 val_loss=0.4131 val_metric_name=roc_auc val_metric=0.8441
Step 1950 | loss 0.3397 | val_acc=0.8163 val_roc_auc=0.8436 val_loss=0.4144 val_metric_name=roc_auc val_metric=0.8436
Step 2000 | loss 0.3354 | val_acc=0.8163 val_roc_auc=0.8421 val_loss=0.4120 val_metric_name=roc_auc val_metric=0.8421
Step 2050 | loss 0.3379 | val_acc=0.8142 val_roc_auc=0.8428 val_loss=0.4088 val_metric_name=roc_auc val_metric=0.8428
Step 2100 | loss 0.3373 | val_acc=0.8169 val_roc_auc=0.8430 val_loss=0.4161 val_metric_name=roc_auc val_metric=0.8430
Step 2150 | loss 0.3356 | val_acc=0.8169 val_roc_auc=0.8418 val_loss=0.4153 val_metric_name=roc_auc val_metric=0.8418
Step 2200 | loss 0.3341 | val_acc=0.8169 val_roc_auc=0.8421 val_loss=0.4229 val_metric_name=roc_auc val_metric=0.8421
Step 2250 | loss 0.3310 | val_acc=0.8163 val_roc_auc=0.8414 val_loss=0.4208 val_metric_name=roc_auc val_metric=0.8414
Early stopping at step 2270

--- Final (best ckpt @ step 1970) ---
  train_acc=0.8437 train_roc_auc=0.8913 train_loss=0.3329 train_metric_name=roc_auc train_metric=0.8913
  val_acc=0.8149 val_roc_auc=0.8443 val_loss=0.4117 val_metric_name=roc_auc val_metric=0.8443
  test_acc=0.8204 test_roc_auc=0.8451 test_loss=0.4022 test_metric_name=roc_auc test_metric=0.8451
  test_roc_auc=0.8451
  >> num_layers=1 hidden_dim=512 lr=3e-05 best_step=1970 val_roc_auc=0.8443 test_roc_auc=0.8451
     val_acc=0.8149 val_loss=0.4117 val_metric=0.8443 val_metric_name=roc_auc val_roc_auc=0.8443
     test_acc=0.8204 test_loss=0.4022 test_metric=0.8451 test_metric_name=roc_auc test_roc_auc=0.8451
  >> selected best (by val): num_layers=1 hidden_dim=512 lr=3e-05 val_roc_auc=0.8443 test_roc_auc=0.8451
     val_acc=0.8149 val_loss=0.4117 val_metric=0.8443 val_metric_name=roc_auc val_roc_auc=0.8443
     test_acc=0.8204 test_loss=0.4022 test_metric=0.8451 test_metric_name=roc_auc test_roc_auc=0.8451

Done. Results saved to /home/avshmelev/diploma_yandex_graphs/results2/tolokers/base.csv, checkpoints in /home/avshmelev/diploma_yandex_graphs/all_checkpoints2/tolokers/base/
