Loading data...

============================================================
Training tolokers GAT-sep 1L h=256 lr=3e-05 split=6
============================================================
Training for 5000 steps
Step    1 | loss 0.6973 | val_acc=0.6053 val_roc_auc=0.6383 val_loss=0.6585 val_metric_name=roc_auc val_metric=0.6383
Step   50 | loss 0.4921 | val_acc=0.7819 val_roc_auc=0.7079 val_loss=0.4789 val_metric_name=roc_auc val_metric=0.7079
Step  100 | loss 0.4656 | val_acc=0.7822 val_roc_auc=0.7275 val_loss=0.4677 val_metric_name=roc_auc val_metric=0.7275
Step  150 | loss 0.4556 | val_acc=0.7816 val_roc_auc=0.7433 val_loss=0.4577 val_metric_name=roc_auc val_metric=0.7433
Step  200 | loss 0.4469 | val_acc=0.7853 val_roc_auc=0.7527 val_loss=0.4514 val_metric_name=roc_auc val_metric=0.7527
Step  250 | loss 0.4405 | val_acc=0.7904 val_roc_auc=0.7585 val_loss=0.4461 val_metric_name=roc_auc val_metric=0.7585
Step  300 | loss 0.4349 | val_acc=0.7887 val_roc_auc=0.7627 val_loss=0.4419 val_metric_name=roc_auc val_metric=0.7627
Step  350 | loss 0.4307 | val_acc=0.7907 val_roc_auc=0.7660 val_loss=0.4383 val_metric_name=roc_auc val_metric=0.7660
Step  400 | loss 0.4294 | val_acc=0.7884 val_roc_auc=0.7689 val_loss=0.4353 val_metric_name=roc_auc val_metric=0.7689
Step  450 | loss 0.4298 | val_acc=0.7904 val_roc_auc=0.7715 val_loss=0.4337 val_metric_name=roc_auc val_metric=0.7715
Step  500 | loss 0.4238 | val_acc=0.7924 val_roc_auc=0.7735 val_loss=0.4317 val_metric_name=roc_auc val_metric=0.7735
Step  550 | loss 0.4245 | val_acc=0.7931 val_roc_auc=0.7747 val_loss=0.4310 val_metric_name=roc_auc val_metric=0.7747
Step  600 | loss 0.4206 | val_acc=0.7935 val_roc_auc=0.7761 val_loss=0.4304 val_metric_name=roc_auc val_metric=0.7761
Step  650 | loss 0.4194 | val_acc=0.7924 val_roc_auc=0.7770 val_loss=0.4297 val_metric_name=roc_auc val_metric=0.7770
Step  700 | loss 0.4197 | val_acc=0.7904 val_roc_auc=0.7783 val_loss=0.4294 val_metric_name=roc_auc val_metric=0.7783
Step  750 | loss 0.4192 | val_acc=0.7924 val_roc_auc=0.7792 val_loss=0.4294 val_metric_name=roc_auc val_metric=0.7792
Step  800 | loss 0.4174 | val_acc=0.7924 val_roc_auc=0.7798 val_loss=0.4295 val_metric_name=roc_auc val_metric=0.7798
Step  850 | loss 0.4162 | val_acc=0.7928 val_roc_auc=0.7809 val_loss=0.4295 val_metric_name=roc_auc val_metric=0.7809
Step  900 | loss 0.4158 | val_acc=0.7918 val_roc_auc=0.7827 val_loss=0.4282 val_metric_name=roc_auc val_metric=0.7827
Step  950 | loss 0.4123 | val_acc=0.7931 val_roc_auc=0.7845 val_loss=0.4275 val_metric_name=roc_auc val_metric=0.7845
Step 1000 | loss 0.4082 | val_acc=0.7938 val_roc_auc=0.7879 val_loss=0.4256 val_metric_name=roc_auc val_metric=0.7879
Step 1050 | loss 0.4076 | val_acc=0.7897 val_roc_auc=0.7915 val_loss=0.4241 val_metric_name=roc_auc val_metric=0.7915
Step 1100 | loss 0.4058 | val_acc=0.7867 val_roc_auc=0.7942 val_loss=0.4237 val_metric_name=roc_auc val_metric=0.7942
Step 1150 | loss 0.4064 | val_acc=0.7856 val_roc_auc=0.7967 val_loss=0.4226 val_metric_name=roc_auc val_metric=0.7967
Step 1200 | loss 0.4027 | val_acc=0.7850 val_roc_auc=0.7980 val_loss=0.4224 val_metric_name=roc_auc val_metric=0.7980
Step 1250 | loss 0.4025 | val_acc=0.7850 val_roc_auc=0.7989 val_loss=0.4228 val_metric_name=roc_auc val_metric=0.7989
Step 1300 | loss 0.4011 | val_acc=0.7856 val_roc_auc=0.7986 val_loss=0.4235 val_metric_name=roc_auc val_metric=0.7986
Step 1350 | loss 0.4031 | val_acc=0.7873 val_roc_auc=0.7996 val_loss=0.4239 val_metric_name=roc_auc val_metric=0.7996
Step 1400 | loss 0.4012 | val_acc=0.7890 val_roc_auc=0.8010 val_loss=0.4225 val_metric_name=roc_auc val_metric=0.8010
Step 1450 | loss 0.3966 | val_acc=0.7918 val_roc_auc=0.8004 val_loss=0.4238 val_metric_name=roc_auc val_metric=0.8004
Step 1500 | loss 0.3967 | val_acc=0.7911 val_roc_auc=0.8017 val_loss=0.4231 val_metric_name=roc_auc val_metric=0.8017
Step 1550 | loss 0.3972 | val_acc=0.7880 val_roc_auc=0.8020 val_loss=0.4245 val_metric_name=roc_auc val_metric=0.8020
Step 1600 | loss 0.3931 | val_acc=0.7890 val_roc_auc=0.8027 val_loss=0.4236 val_metric_name=roc_auc val_metric=0.8027
Step 1650 | loss 0.3936 | val_acc=0.7918 val_roc_auc=0.8028 val_loss=0.4237 val_metric_name=roc_auc val_metric=0.8028
Step 1700 | loss 0.3951 | val_acc=0.7907 val_roc_auc=0.8039 val_loss=0.4250 val_metric_name=roc_auc val_metric=0.8039
Step 1750 | loss 0.3867 | val_acc=0.7894 val_roc_auc=0.8040 val_loss=0.4248 val_metric_name=roc_auc val_metric=0.8040
Step 1800 | loss 0.3892 | val_acc=0.7880 val_roc_auc=0.8058 val_loss=0.4250 val_metric_name=roc_auc val_metric=0.8058
Step 1850 | loss 0.3881 | val_acc=0.7887 val_roc_auc=0.8066 val_loss=0.4240 val_metric_name=roc_auc val_metric=0.8066
Step 1900 | loss 0.3886 | val_acc=0.7890 val_roc_auc=0.8069 val_loss=0.4244 val_metric_name=roc_auc val_metric=0.8069
Step 1950 | loss 0.3876 | val_acc=0.7873 val_roc_auc=0.8079 val_loss=0.4260 val_metric_name=roc_auc val_metric=0.8079
Step 2000 | loss 0.3856 | val_acc=0.7870 val_roc_auc=0.8081 val_loss=0.4267 val_metric_name=roc_auc val_metric=0.8081
Step 2050 | loss 0.3830 | val_acc=0.7873 val_roc_auc=0.8099 val_loss=0.4243 val_metric_name=roc_auc val_metric=0.8099
Step 2100 | loss 0.3845 | val_acc=0.7890 val_roc_auc=0.8106 val_loss=0.4235 val_metric_name=roc_auc val_metric=0.8106
Step 2150 | loss 0.3776 | val_acc=0.7884 val_roc_auc=0.8108 val_loss=0.4247 val_metric_name=roc_auc val_metric=0.8108
Step 2200 | loss 0.3843 | val_acc=0.7870 val_roc_auc=0.8115 val_loss=0.4245 val_metric_name=roc_auc val_metric=0.8115
Step 2250 | loss 0.3756 | val_acc=0.7867 val_roc_auc=0.8121 val_loss=0.4248 val_metric_name=roc_auc val_metric=0.8121
Step 2300 | loss 0.3740 | val_acc=0.7880 val_roc_auc=0.8130 val_loss=0.4243 val_metric_name=roc_auc val_metric=0.8130
Step 2350 | loss 0.3758 | val_acc=0.7901 val_roc_auc=0.8137 val_loss=0.4233 val_metric_name=roc_auc val_metric=0.8137
Step 2400 | loss 0.3752 | val_acc=0.7894 val_roc_auc=0.8135 val_loss=0.4254 val_metric_name=roc_auc val_metric=0.8135
Step 2450 | loss 0.3722 | val_acc=0.7897 val_roc_auc=0.8139 val_loss=0.4245 val_metric_name=roc_auc val_metric=0.8139
Step 2500 | loss 0.3735 | val_acc=0.7921 val_roc_auc=0.8136 val_loss=0.4270 val_metric_name=roc_auc val_metric=0.8136
Step 2550 | loss 0.3702 | val_acc=0.7918 val_roc_auc=0.8150 val_loss=0.4250 val_metric_name=roc_auc val_metric=0.8150
Step 2600 | loss 0.3699 | val_acc=0.7918 val_roc_auc=0.8156 val_loss=0.4257 val_metric_name=roc_auc val_metric=0.8156
Step 2650 | loss 0.3678 | val_acc=0.7941 val_roc_auc=0.8162 val_loss=0.4235 val_metric_name=roc_auc val_metric=0.8162
Step 2700 | loss 0.3648 | val_acc=0.7921 val_roc_auc=0.8159 val_loss=0.4257 val_metric_name=roc_auc val_metric=0.8159
Step 2750 | loss 0.3671 | val_acc=0.7941 val_roc_auc=0.8166 val_loss=0.4267 val_metric_name=roc_auc val_metric=0.8166
Step 2800 | loss 0.3630 | val_acc=0.7969 val_roc_auc=0.8169 val_loss=0.4264 val_metric_name=roc_auc val_metric=0.8169
Step 2850 | loss 0.3612 | val_acc=0.7952 val_roc_auc=0.8169 val_loss=0.4277 val_metric_name=roc_auc val_metric=0.8169
Step 2900 | loss 0.3610 | val_acc=0.7969 val_roc_auc=0.8176 val_loss=0.4276 val_metric_name=roc_auc val_metric=0.8176
Step 2950 | loss 0.3582 | val_acc=0.7962 val_roc_auc=0.8167 val_loss=0.4285 val_metric_name=roc_auc val_metric=0.8167
Step 3000 | loss 0.3609 | val_acc=0.7976 val_roc_auc=0.8176 val_loss=0.4292 val_metric_name=roc_auc val_metric=0.8176
Step 3050 | loss 0.3573 | val_acc=0.7999 val_roc_auc=0.8183 val_loss=0.4294 val_metric_name=roc_auc val_metric=0.8183
Step 3100 | loss 0.3541 | val_acc=0.7982 val_roc_auc=0.8183 val_loss=0.4308 val_metric_name=roc_auc val_metric=0.8183
Step 3150 | loss 0.3547 | val_acc=0.8013 val_roc_auc=0.8181 val_loss=0.4313 val_metric_name=roc_auc val_metric=0.8181
Step 3200 | loss 0.3559 | val_acc=0.8010 val_roc_auc=0.8188 val_loss=0.4304 val_metric_name=roc_auc val_metric=0.8188
Step 3250 | loss 0.3527 | val_acc=0.8016 val_roc_auc=0.8185 val_loss=0.4327 val_metric_name=roc_auc val_metric=0.8185
Step 3300 | loss 0.3485 | val_acc=0.8023 val_roc_auc=0.8175 val_loss=0.4364 val_metric_name=roc_auc val_metric=0.8175
Step 3350 | loss 0.3510 | val_acc=0.8030 val_roc_auc=0.8188 val_loss=0.4345 val_metric_name=roc_auc val_metric=0.8188
Step 3400 | loss 0.3481 | val_acc=0.8040 val_roc_auc=0.8183 val_loss=0.4355 val_metric_name=roc_auc val_metric=0.8183
Step 3450 | loss 0.3443 | val_acc=0.8033 val_roc_auc=0.8181 val_loss=0.4358 val_metric_name=roc_auc val_metric=0.8181
Step 3500 | loss 0.3406 | val_acc=0.8040 val_roc_auc=0.8186 val_loss=0.4374 val_metric_name=roc_auc val_metric=0.8186
Step 3550 | loss 0.3392 | val_acc=0.8016 val_roc_auc=0.8175 val_loss=0.4418 val_metric_name=roc_auc val_metric=0.8175
Step 3600 | loss 0.3404 | val_acc=0.8030 val_roc_auc=0.8174 val_loss=0.4407 val_metric_name=roc_auc val_metric=0.8174
Step 3650 | loss 0.3358 | val_acc=0.8027 val_roc_auc=0.8175 val_loss=0.4425 val_metric_name=roc_auc val_metric=0.8175
Step 3700 | loss 0.3377 | val_acc=0.7989 val_roc_auc=0.8181 val_loss=0.4426 val_metric_name=roc_auc val_metric=0.8181
Step 3750 | loss 0.3365 | val_acc=0.8010 val_roc_auc=0.8169 val_loss=0.4462 val_metric_name=roc_auc val_metric=0.8169
Early stopping at step 3786

--- Final (best ckpt @ step 3120) ---
  train_acc=0.8387 train_roc_auc=0.8880 train_loss=0.3313 train_metric_name=roc_auc train_metric=0.8880
  val_acc=0.7999 val_roc_auc=0.8190 val_loss=0.4293 val_metric_name=roc_auc val_metric=0.8190
  test_acc=0.7864 test_roc_auc=0.8085 test_loss=0.4377 test_metric_name=roc_auc test_metric=0.8085
  test_roc_auc=0.8085

============================================================
Training tolokers GAT-sep 1L h=256 lr=6e-05 split=6
============================================================
Training for 5000 steps
Step    1 | loss 0.6973 | val_acc=0.7315 val_roc_auc=0.6398 val_loss=0.6222 val_metric_name=roc_auc val_metric=0.6398
Step   50 | loss 0.4737 | val_acc=0.7812 val_roc_auc=0.7209 val_loss=0.4690 val_metric_name=roc_auc val_metric=0.7209
Step  100 | loss 0.4480 | val_acc=0.7833 val_roc_auc=0.7484 val_loss=0.4546 val_metric_name=roc_auc val_metric=0.7484
Step  150 | loss 0.4382 | val_acc=0.7873 val_roc_auc=0.7596 val_loss=0.4443 val_metric_name=roc_auc val_metric=0.7596
Step  200 | loss 0.4323 | val_acc=0.7914 val_roc_auc=0.7665 val_loss=0.4380 val_metric_name=roc_auc val_metric=0.7665
Step  250 | loss 0.4279 | val_acc=0.7897 val_roc_auc=0.7719 val_loss=0.4326 val_metric_name=roc_auc val_metric=0.7719
Step  300 | loss 0.4234 | val_acc=0.7931 val_roc_auc=0.7749 val_loss=0.4309 val_metric_name=roc_auc val_metric=0.7749
Step  350 | loss 0.4191 | val_acc=0.7945 val_roc_auc=0.7766 val_loss=0.4299 val_metric_name=roc_auc val_metric=0.7766
Step  400 | loss 0.4185 | val_acc=0.7931 val_roc_auc=0.7782 val_loss=0.4297 val_metric_name=roc_auc val_metric=0.7782
Step  450 | loss 0.4187 | val_acc=0.7931 val_roc_auc=0.7800 val_loss=0.4297 val_metric_name=roc_auc val_metric=0.7800
Step  500 | loss 0.4134 | val_acc=0.7911 val_roc_auc=0.7822 val_loss=0.4286 val_metric_name=roc_auc val_metric=0.7822
Step  550 | loss 0.4123 | val_acc=0.7918 val_roc_auc=0.7868 val_loss=0.4264 val_metric_name=roc_auc val_metric=0.7868
Step  600 | loss 0.4063 | val_acc=0.7880 val_roc_auc=0.7935 val_loss=0.4235 val_metric_name=roc_auc val_metric=0.7935
Step  650 | loss 0.4039 | val_acc=0.7843 val_roc_auc=0.7963 val_loss=0.4229 val_metric_name=roc_auc val_metric=0.7963
Step  700 | loss 0.4019 | val_acc=0.7856 val_roc_auc=0.7988 val_loss=0.4231 val_metric_name=roc_auc val_metric=0.7988
Step  750 | loss 0.4002 | val_acc=0.7853 val_roc_auc=0.7994 val_loss=0.4240 val_metric_name=roc_auc val_metric=0.7994
Step  800 | loss 0.3947 | val_acc=0.7887 val_roc_auc=0.8005 val_loss=0.4235 val_metric_name=roc_auc val_metric=0.8005
Step  850 | loss 0.3956 | val_acc=0.7904 val_roc_auc=0.8017 val_loss=0.4236 val_metric_name=roc_auc val_metric=0.8017
Step  900 | loss 0.3929 | val_acc=0.7897 val_roc_auc=0.8016 val_loss=0.4245 val_metric_name=roc_auc val_metric=0.8016
Step  950 | loss 0.3900 | val_acc=0.7924 val_roc_auc=0.8026 val_loss=0.4243 val_metric_name=roc_auc val_metric=0.8026
Step 1000 | loss 0.3861 | val_acc=0.7901 val_roc_auc=0.8041 val_loss=0.4247 val_metric_name=roc_auc val_metric=0.8041
Step 1050 | loss 0.3867 | val_acc=0.7863 val_roc_auc=0.8050 val_loss=0.4259 val_metric_name=roc_auc val_metric=0.8050
Step 1100 | loss 0.3802 | val_acc=0.7897 val_roc_auc=0.8069 val_loss=0.4249 val_metric_name=roc_auc val_metric=0.8069
Step 1150 | loss 0.3857 | val_acc=0.7867 val_roc_auc=0.8089 val_loss=0.4242 val_metric_name=roc_auc val_metric=0.8089
Step 1200 | loss 0.3779 | val_acc=0.7863 val_roc_auc=0.8104 val_loss=0.4237 val_metric_name=roc_auc val_metric=0.8104
Step 1250 | loss 0.3778 | val_acc=0.7884 val_roc_auc=0.8106 val_loss=0.4250 val_metric_name=roc_auc val_metric=0.8106
Step 1300 | loss 0.3729 | val_acc=0.7897 val_roc_auc=0.8111 val_loss=0.4255 val_metric_name=roc_auc val_metric=0.8111
Step 1350 | loss 0.3777 | val_acc=0.7911 val_roc_auc=0.8123 val_loss=0.4263 val_metric_name=roc_auc val_metric=0.8123
Step 1400 | loss 0.3725 | val_acc=0.7897 val_roc_auc=0.8132 val_loss=0.4248 val_metric_name=roc_auc val_metric=0.8132
Step 1450 | loss 0.3677 | val_acc=0.7931 val_roc_auc=0.8130 val_loss=0.4267 val_metric_name=roc_auc val_metric=0.8130
Step 1500 | loss 0.3654 | val_acc=0.7955 val_roc_auc=0.8142 val_loss=0.4273 val_metric_name=roc_auc val_metric=0.8142
Step 1550 | loss 0.3665 | val_acc=0.7952 val_roc_auc=0.8148 val_loss=0.4287 val_metric_name=roc_auc val_metric=0.8148
Step 1600 | loss 0.3631 | val_acc=0.7948 val_roc_auc=0.8155 val_loss=0.4286 val_metric_name=roc_auc val_metric=0.8155
Step 1650 | loss 0.3586 | val_acc=0.7969 val_roc_auc=0.8151 val_loss=0.4323 val_metric_name=roc_auc val_metric=0.8151
Step 1700 | loss 0.3564 | val_acc=0.7979 val_roc_auc=0.8167 val_loss=0.4323 val_metric_name=roc_auc val_metric=0.8167
Step 1750 | loss 0.3480 | val_acc=0.8023 val_roc_auc=0.8174 val_loss=0.4326 val_metric_name=roc_auc val_metric=0.8174
Step 1800 | loss 0.3473 | val_acc=0.7962 val_roc_auc=0.8156 val_loss=0.4356 val_metric_name=roc_auc val_metric=0.8156
Step 1850 | loss 0.3461 | val_acc=0.7999 val_roc_auc=0.8168 val_loss=0.4383 val_metric_name=roc_auc val_metric=0.8168
Step 1900 | loss 0.3428 | val_acc=0.8003 val_roc_auc=0.8162 val_loss=0.4411 val_metric_name=roc_auc val_metric=0.8162
Step 1950 | loss 0.3392 | val_acc=0.7935 val_roc_auc=0.8156 val_loss=0.4446 val_metric_name=roc_auc val_metric=0.8156
Step 2000 | loss 0.3362 | val_acc=0.7941 val_roc_auc=0.8140 val_loss=0.4486 val_metric_name=roc_auc val_metric=0.8140
Step 2050 | loss 0.3315 | val_acc=0.7948 val_roc_auc=0.8138 val_loss=0.4522 val_metric_name=roc_auc val_metric=0.8138
Early stopping at step 2060

--- Final (best ckpt @ step 1760) ---
  train_acc=0.8422 train_roc_auc=0.8943 train_loss=0.3234 train_metric_name=roc_auc train_metric=0.8943
  val_acc=0.8027 val_roc_auc=0.8175 val_loss=0.4323 val_metric_name=roc_auc val_metric=0.8175
  test_acc=0.7867 test_roc_auc=0.8094 test_loss=0.4398 test_metric_name=roc_auc test_metric=0.8094
  test_roc_auc=0.8094

============================================================
Training tolokers GAT-sep 1L h=256 lr=0.0001 split=6
============================================================
Training for 5000 steps
Step    1 | loss 0.6973 | val_acc=0.7741 val_roc_auc=0.6416 val_loss=0.5823 val_metric_name=roc_auc val_metric=0.6416
Step   50 | loss 0.4640 | val_acc=0.7816 val_roc_auc=0.7337 val_loss=0.4679 val_metric_name=roc_auc val_metric=0.7337
Step  100 | loss 0.4369 | val_acc=0.7907 val_roc_auc=0.7582 val_loss=0.4447 val_metric_name=roc_auc val_metric=0.7582
Step  150 | loss 0.4284 | val_acc=0.7928 val_roc_auc=0.7690 val_loss=0.4354 val_metric_name=roc_auc val_metric=0.7690
Step  200 | loss 0.4248 | val_acc=0.7921 val_roc_auc=0.7745 val_loss=0.4330 val_metric_name=roc_auc val_metric=0.7745
Step  250 | loss 0.4213 | val_acc=0.7921 val_roc_auc=0.7779 val_loss=0.4289 val_metric_name=roc_auc val_metric=0.7779
Step  300 | loss 0.4171 | val_acc=0.7935 val_roc_auc=0.7801 val_loss=0.4290 val_metric_name=roc_auc val_metric=0.7801
Step  350 | loss 0.4099 | val_acc=0.7938 val_roc_auc=0.7845 val_loss=0.4271 val_metric_name=roc_auc val_metric=0.7845
Step  400 | loss 0.4074 | val_acc=0.7931 val_roc_auc=0.7943 val_loss=0.4234 val_metric_name=roc_auc val_metric=0.7943
Step  450 | loss 0.4039 | val_acc=0.7867 val_roc_auc=0.7986 val_loss=0.4229 val_metric_name=roc_auc val_metric=0.7986
Step  500 | loss 0.3988 | val_acc=0.7870 val_roc_auc=0.7992 val_loss=0.4240 val_metric_name=roc_auc val_metric=0.7992
Step  550 | loss 0.3989 | val_acc=0.7880 val_roc_auc=0.7999 val_loss=0.4249 val_metric_name=roc_auc val_metric=0.7999
Step  600 | loss 0.3931 | val_acc=0.7897 val_roc_auc=0.8029 val_loss=0.4241 val_metric_name=roc_auc val_metric=0.8029
Step  650 | loss 0.3893 | val_acc=0.7897 val_roc_auc=0.8038 val_loss=0.4254 val_metric_name=roc_auc val_metric=0.8038
Step  700 | loss 0.3875 | val_acc=0.7880 val_roc_auc=0.8054 val_loss=0.4257 val_metric_name=roc_auc val_metric=0.8054
Step  750 | loss 0.3827 | val_acc=0.7877 val_roc_auc=0.8073 val_loss=0.4249 val_metric_name=roc_auc val_metric=0.8073
Step  800 | loss 0.3748 | val_acc=0.7884 val_roc_auc=0.8084 val_loss=0.4274 val_metric_name=roc_auc val_metric=0.8084
Step  850 | loss 0.3748 | val_acc=0.7935 val_roc_auc=0.8103 val_loss=0.4258 val_metric_name=roc_auc val_metric=0.8103
Step  900 | loss 0.3704 | val_acc=0.7931 val_roc_auc=0.8112 val_loss=0.4269 val_metric_name=roc_auc val_metric=0.8112
Step  950 | loss 0.3657 | val_acc=0.7976 val_roc_auc=0.8147 val_loss=0.4234 val_metric_name=roc_auc val_metric=0.8147
Step 1000 | loss 0.3598 | val_acc=0.7962 val_roc_auc=0.8148 val_loss=0.4288 val_metric_name=roc_auc val_metric=0.8148
Step 1050 | loss 0.3600 | val_acc=0.7972 val_roc_auc=0.8159 val_loss=0.4288 val_metric_name=roc_auc val_metric=0.8159
Step 1100 | loss 0.3500 | val_acc=0.7976 val_roc_auc=0.8168 val_loss=0.4293 val_metric_name=roc_auc val_metric=0.8168
Step 1150 | loss 0.3522 | val_acc=0.7969 val_roc_auc=0.8160 val_loss=0.4347 val_metric_name=roc_auc val_metric=0.8160
Step 1200 | loss 0.3419 | val_acc=0.7948 val_roc_auc=0.8166 val_loss=0.4385 val_metric_name=roc_auc val_metric=0.8166
Step 1250 | loss 0.3380 | val_acc=0.7928 val_roc_auc=0.8161 val_loss=0.4440 val_metric_name=roc_auc val_metric=0.8161
Step 1300 | loss 0.3277 | val_acc=0.7928 val_roc_auc=0.8146 val_loss=0.4480 val_metric_name=roc_auc val_metric=0.8146
Step 1350 | loss 0.3306 | val_acc=0.7935 val_roc_auc=0.8141 val_loss=0.4535 val_metric_name=roc_auc val_metric=0.8141
Step 1400 | loss 0.3230 | val_acc=0.7979 val_roc_auc=0.8124 val_loss=0.4595 val_metric_name=roc_auc val_metric=0.8124
Early stopping at step 1430

--- Final (best ckpt @ step 1130) ---
  train_acc=0.8408 train_roc_auc=0.8934 train_loss=0.3236 train_metric_name=roc_auc train_metric=0.8934
  val_acc=0.7952 val_roc_auc=0.8177 val_loss=0.4308 val_metric_name=roc_auc val_metric=0.8177
  test_acc=0.7901 test_roc_auc=0.8085 test_loss=0.4392 test_metric_name=roc_auc test_metric=0.8085
  test_roc_auc=0.8085

============================================================
Training tolokers GAT-sep 1L h=256 lr=1e-05 split=6
============================================================
Training for 5000 steps
Step    1 | loss 0.6973 | val_acc=0.5492 val_roc_auc=0.6373 val_loss=0.6858 val_metric_name=roc_auc val_metric=0.6373
Step   50 | loss 0.5175 | val_acc=0.7819 val_roc_auc=0.6734 val_loss=0.5107 val_metric_name=roc_auc val_metric=0.6734
Step  100 | loss 0.4981 | val_acc=0.7819 val_roc_auc=0.7018 val_loss=0.4919 val_metric_name=roc_auc val_metric=0.7018
Step  150 | loss 0.4882 | val_acc=0.7816 val_roc_auc=0.7108 val_loss=0.4800 val_metric_name=roc_auc val_metric=0.7108
Step  200 | loss 0.4787 | val_acc=0.7816 val_roc_auc=0.7180 val_loss=0.4731 val_metric_name=roc_auc val_metric=0.7180
Step  250 | loss 0.4692 | val_acc=0.7822 val_roc_auc=0.7257 val_loss=0.4686 val_metric_name=roc_auc val_metric=0.7257
Step  300 | loss 0.4628 | val_acc=0.7819 val_roc_auc=0.7324 val_loss=0.4647 val_metric_name=roc_auc val_metric=0.7324
Step  350 | loss 0.4591 | val_acc=0.7809 val_roc_auc=0.7380 val_loss=0.4618 val_metric_name=roc_auc val_metric=0.7380
Step  400 | loss 0.4574 | val_acc=0.7812 val_roc_auc=0.7430 val_loss=0.4584 val_metric_name=roc_auc val_metric=0.7430
Step  450 | loss 0.4552 | val_acc=0.7833 val_roc_auc=0.7472 val_loss=0.4560 val_metric_name=roc_auc val_metric=0.7472
Step  500 | loss 0.4487 | val_acc=0.7839 val_roc_auc=0.7505 val_loss=0.4538 val_metric_name=roc_auc val_metric=0.7505
Step  550 | loss 0.4454 | val_acc=0.7863 val_roc_auc=0.7531 val_loss=0.4514 val_metric_name=roc_auc val_metric=0.7531
Step  600 | loss 0.4433 | val_acc=0.7880 val_roc_auc=0.7552 val_loss=0.4497 val_metric_name=roc_auc val_metric=0.7552
Step  650 | loss 0.4399 | val_acc=0.7897 val_roc_auc=0.7572 val_loss=0.4470 val_metric_name=roc_auc val_metric=0.7572
Step  700 | loss 0.4397 | val_acc=0.7890 val_roc_auc=0.7589 val_loss=0.4458 val_metric_name=roc_auc val_metric=0.7589
Step  750 | loss 0.4390 | val_acc=0.7894 val_roc_auc=0.7604 val_loss=0.4446 val_metric_name=roc_auc val_metric=0.7604
Step  800 | loss 0.4379 | val_acc=0.7867 val_roc_auc=0.7620 val_loss=0.4424 val_metric_name=roc_auc val_metric=0.7620
Step  850 | loss 0.4347 | val_acc=0.7887 val_roc_auc=0.7632 val_loss=0.4417 val_metric_name=roc_auc val_metric=0.7632
Step  900 | loss 0.4358 | val_acc=0.7884 val_roc_auc=0.7646 val_loss=0.4398 val_metric_name=roc_auc val_metric=0.7646
Step  950 | loss 0.4317 | val_acc=0.7897 val_roc_auc=0.7658 val_loss=0.4387 val_metric_name=roc_auc val_metric=0.7658
Step 1000 | loss 0.4273 | val_acc=0.7897 val_roc_auc=0.7671 val_loss=0.4376 val_metric_name=roc_auc val_metric=0.7671
Step 1050 | loss 0.4305 | val_acc=0.7894 val_roc_auc=0.7679 val_loss=0.4365 val_metric_name=roc_auc val_metric=0.7679
Step 1100 | loss 0.4322 | val_acc=0.7887 val_roc_auc=0.7688 val_loss=0.4357 val_metric_name=roc_auc val_metric=0.7688
Step 1150 | loss 0.4282 | val_acc=0.7904 val_roc_auc=0.7700 val_loss=0.4350 val_metric_name=roc_auc val_metric=0.7700
Step 1200 | loss 0.4281 | val_acc=0.7904 val_roc_auc=0.7707 val_loss=0.4343 val_metric_name=roc_auc val_metric=0.7707
Step 1250 | loss 0.4265 | val_acc=0.7901 val_roc_auc=0.7718 val_loss=0.4333 val_metric_name=roc_auc val_metric=0.7718
Step 1300 | loss 0.4252 | val_acc=0.7928 val_roc_auc=0.7725 val_loss=0.4333 val_metric_name=roc_auc val_metric=0.7725
Step 1350 | loss 0.4249 | val_acc=0.7918 val_roc_auc=0.7732 val_loss=0.4321 val_metric_name=roc_auc val_metric=0.7732
Step 1400 | loss 0.4250 | val_acc=0.7921 val_roc_auc=0.7738 val_loss=0.4317 val_metric_name=roc_auc val_metric=0.7738
Step 1450 | loss 0.4207 | val_acc=0.7928 val_roc_auc=0.7743 val_loss=0.4317 val_metric_name=roc_auc val_metric=0.7743
Step 1500 | loss 0.4237 | val_acc=0.7931 val_roc_auc=0.7749 val_loss=0.4313 val_metric_name=roc_auc val_metric=0.7749
Step 1550 | loss 0.4253 | val_acc=0.7928 val_roc_auc=0.7754 val_loss=0.4310 val_metric_name=roc_auc val_metric=0.7754
Step 1600 | loss 0.4217 | val_acc=0.7928 val_roc_auc=0.7758 val_loss=0.4311 val_metric_name=roc_auc val_metric=0.7758
Step 1650 | loss 0.4210 | val_acc=0.7928 val_roc_auc=0.7762 val_loss=0.4307 val_metric_name=roc_auc val_metric=0.7762
Step 1700 | loss 0.4203 | val_acc=0.7931 val_roc_auc=0.7768 val_loss=0.4304 val_metric_name=roc_auc val_metric=0.7768
Step 1750 | loss 0.4180 | val_acc=0.7931 val_roc_auc=0.7771 val_loss=0.4303 val_metric_name=roc_auc val_metric=0.7771
Step 1800 | loss 0.4190 | val_acc=0.7921 val_roc_auc=0.7775 val_loss=0.4301 val_metric_name=roc_auc val_metric=0.7775
Step 1850 | loss 0.4192 | val_acc=0.7928 val_roc_auc=0.7779 val_loss=0.4302 val_metric_name=roc_auc val_metric=0.7779
Step 1900 | loss 0.4171 | val_acc=0.7924 val_roc_auc=0.7783 val_loss=0.4297 val_metric_name=roc_auc val_metric=0.7783
Step 1950 | loss 0.4202 | val_acc=0.7931 val_roc_auc=0.7787 val_loss=0.4296 val_metric_name=roc_auc val_metric=0.7787
Step 2000 | loss 0.4181 | val_acc=0.7907 val_roc_auc=0.7789 val_loss=0.4301 val_metric_name=roc_auc val_metric=0.7789
Step 2050 | loss 0.4171 | val_acc=0.7914 val_roc_auc=0.7793 val_loss=0.4298 val_metric_name=roc_auc val_metric=0.7793
Step 2100 | loss 0.4169 | val_acc=0.7911 val_roc_auc=0.7799 val_loss=0.4295 val_metric_name=roc_auc val_metric=0.7799
Step 2150 | loss 0.4159 | val_acc=0.7914 val_roc_auc=0.7802 val_loss=0.4293 val_metric_name=roc_auc val_metric=0.7802
Step 2200 | loss 0.4169 | val_acc=0.7914 val_roc_auc=0.7807 val_loss=0.4289 val_metric_name=roc_auc val_metric=0.7807
Step 2250 | loss 0.4185 | val_acc=0.7921 val_roc_auc=0.7813 val_loss=0.4290 val_metric_name=roc_auc val_metric=0.7813
Step 2300 | loss 0.4133 | val_acc=0.7924 val_roc_auc=0.7814 val_loss=0.4293 val_metric_name=roc_auc val_metric=0.7814
Step 2350 | loss 0.4145 | val_acc=0.7931 val_roc_auc=0.7821 val_loss=0.4288 val_metric_name=roc_auc val_metric=0.7821
Step 2400 | loss 0.4158 | val_acc=0.7928 val_roc_auc=0.7828 val_loss=0.4284 val_metric_name=roc_auc val_metric=0.7828
Step 2450 | loss 0.4127 | val_acc=0.7928 val_roc_auc=0.7832 val_loss=0.4283 val_metric_name=roc_auc val_metric=0.7832
Step 2500 | loss 0.4130 | val_acc=0.7931 val_roc_auc=0.7837 val_loss=0.4281 val_metric_name=roc_auc val_metric=0.7837
Step 2550 | loss 0.4145 | val_acc=0.7941 val_roc_auc=0.7845 val_loss=0.4276 val_metric_name=roc_auc val_metric=0.7845
Step 2600 | loss 0.4094 | val_acc=0.7941 val_roc_auc=0.7858 val_loss=0.4267 val_metric_name=roc_auc val_metric=0.7858
Step 2650 | loss 0.4117 | val_acc=0.7958 val_roc_auc=0.7866 val_loss=0.4264 val_metric_name=roc_auc val_metric=0.7866
Step 2700 | loss 0.4089 | val_acc=0.7955 val_roc_auc=0.7881 val_loss=0.4259 val_metric_name=roc_auc val_metric=0.7881
Step 2750 | loss 0.4092 | val_acc=0.7901 val_roc_auc=0.7895 val_loss=0.4251 val_metric_name=roc_auc val_metric=0.7895
Step 2800 | loss 0.4104 | val_acc=0.7904 val_roc_auc=0.7909 val_loss=0.4243 val_metric_name=roc_auc val_metric=0.7909
Step 2850 | loss 0.4089 | val_acc=0.7904 val_roc_auc=0.7923 val_loss=0.4239 val_metric_name=roc_auc val_metric=0.7923
Step 2900 | loss 0.4071 | val_acc=0.7924 val_roc_auc=0.7935 val_loss=0.4232 val_metric_name=roc_auc val_metric=0.7935
Step 2950 | loss 0.4060 | val_acc=0.7884 val_roc_auc=0.7946 val_loss=0.4229 val_metric_name=roc_auc val_metric=0.7946
Step 3000 | loss 0.4059 | val_acc=0.7839 val_roc_auc=0.7955 val_loss=0.4229 val_metric_name=roc_auc val_metric=0.7955
Step 3050 | loss 0.4043 | val_acc=0.7853 val_roc_auc=0.7961 val_loss=0.4228 val_metric_name=roc_auc val_metric=0.7961
Step 3100 | loss 0.4040 | val_acc=0.7846 val_roc_auc=0.7968 val_loss=0.4227 val_metric_name=roc_auc val_metric=0.7968
Step 3150 | loss 0.4093 | val_acc=0.7853 val_roc_auc=0.7973 val_loss=0.4222 val_metric_name=roc_auc val_metric=0.7973
Step 3200 | loss 0.4047 | val_acc=0.7856 val_roc_auc=0.7977 val_loss=0.4223 val_metric_name=roc_auc val_metric=0.7977
Step 3250 | loss 0.4030 | val_acc=0.7850 val_roc_auc=0.7982 val_loss=0.4229 val_metric_name=roc_auc val_metric=0.7982
Step 3300 | loss 0.4034 | val_acc=0.7839 val_roc_auc=0.7987 val_loss=0.4224 val_metric_name=roc_auc val_metric=0.7987
Step 3350 | loss 0.4016 | val_acc=0.7843 val_roc_auc=0.7992 val_loss=0.4221 val_metric_name=roc_auc val_metric=0.7992
Step 3400 | loss 0.4011 | val_acc=0.7853 val_roc_auc=0.7991 val_loss=0.4227 val_metric_name=roc_auc val_metric=0.7991
Step 3450 | loss 0.4011 | val_acc=0.7839 val_roc_auc=0.7995 val_loss=0.4225 val_metric_name=roc_auc val_metric=0.7995
Step 3500 | loss 0.4016 | val_acc=0.7853 val_roc_auc=0.8000 val_loss=0.4223 val_metric_name=roc_auc val_metric=0.8000
Step 3550 | loss 0.3964 | val_acc=0.7839 val_roc_auc=0.8001 val_loss=0.4234 val_metric_name=roc_auc val_metric=0.8001
Step 3600 | loss 0.3998 | val_acc=0.7867 val_roc_auc=0.8005 val_loss=0.4222 val_metric_name=roc_auc val_metric=0.8005
Step 3650 | loss 0.4008 | val_acc=0.7870 val_roc_auc=0.8006 val_loss=0.4230 val_metric_name=roc_auc val_metric=0.8006
Step 3700 | loss 0.4012 | val_acc=0.7880 val_roc_auc=0.8013 val_loss=0.4221 val_metric_name=roc_auc val_metric=0.8013
Step 3750 | loss 0.3951 | val_acc=0.7873 val_roc_auc=0.8012 val_loss=0.4227 val_metric_name=roc_auc val_metric=0.8012
Step 3800 | loss 0.4014 | val_acc=0.7887 val_roc_auc=0.8015 val_loss=0.4225 val_metric_name=roc_auc val_metric=0.8015
Step 3850 | loss 0.3978 | val_acc=0.7884 val_roc_auc=0.8017 val_loss=0.4228 val_metric_name=roc_auc val_metric=0.8017
Step 3900 | loss 0.4009 | val_acc=0.7887 val_roc_auc=0.8016 val_loss=0.4229 val_metric_name=roc_auc val_metric=0.8016
Step 3950 | loss 0.3985 | val_acc=0.7884 val_roc_auc=0.8014 val_loss=0.4234 val_metric_name=roc_auc val_metric=0.8014
Step 4000 | loss 0.3973 | val_acc=0.7880 val_roc_auc=0.8023 val_loss=0.4229 val_metric_name=roc_auc val_metric=0.8023
Step 4050 | loss 0.3942 | val_acc=0.7887 val_roc_auc=0.8022 val_loss=0.4232 val_metric_name=roc_auc val_metric=0.8022
Step 4100 | loss 0.3936 | val_acc=0.7904 val_roc_auc=0.8030 val_loss=0.4225 val_metric_name=roc_auc val_metric=0.8030
Step 4150 | loss 0.3988 | val_acc=0.7887 val_roc_auc=0.8032 val_loss=0.4223 val_metric_name=roc_auc val_metric=0.8032
Step 4200 | loss 0.3952 | val_acc=0.7884 val_roc_auc=0.8031 val_loss=0.4231 val_metric_name=roc_auc val_metric=0.8031
Step 4250 | loss 0.3928 | val_acc=0.7901 val_roc_auc=0.8034 val_loss=0.4227 val_metric_name=roc_auc val_metric=0.8034
Step 4300 | loss 0.3959 | val_acc=0.7901 val_roc_auc=0.8039 val_loss=0.4226 val_metric_name=roc_auc val_metric=0.8039
Step 4350 | loss 0.3946 | val_acc=0.7887 val_roc_auc=0.8039 val_loss=0.4235 val_metric_name=roc_auc val_metric=0.8039
Step 4400 | loss 0.3896 | val_acc=0.7897 val_roc_auc=0.8040 val_loss=0.4229 val_metric_name=roc_auc val_metric=0.8040
Step 4450 | loss 0.3889 | val_acc=0.7894 val_roc_auc=0.8041 val_loss=0.4232 val_metric_name=roc_auc val_metric=0.8041
Step 4500 | loss 0.3947 | val_acc=0.7894 val_roc_auc=0.8045 val_loss=0.4236 val_metric_name=roc_auc val_metric=0.8045
Step 4550 | loss 0.3935 | val_acc=0.7884 val_roc_auc=0.8047 val_loss=0.4237 val_metric_name=roc_auc val_metric=0.8047
Step 4600 | loss 0.3899 | val_acc=0.7911 val_roc_auc=0.8050 val_loss=0.4226 val_metric_name=roc_auc val_metric=0.8050
Step 4650 | loss 0.3913 | val_acc=0.7901 val_roc_auc=0.8053 val_loss=0.4226 val_metric_name=roc_auc val_metric=0.8053
Step 4700 | loss 0.3889 | val_acc=0.7890 val_roc_auc=0.8057 val_loss=0.4231 val_metric_name=roc_auc val_metric=0.8057
Step 4750 | loss 0.3919 | val_acc=0.7914 val_roc_auc=0.8060 val_loss=0.4229 val_metric_name=roc_auc val_metric=0.8060
Step 4800 | loss 0.3864 | val_acc=0.7894 val_roc_auc=0.8062 val_loss=0.4230 val_metric_name=roc_auc val_metric=0.8062
Step 4850 | loss 0.3893 | val_acc=0.7904 val_roc_auc=0.8066 val_loss=0.4230 val_metric_name=roc_auc val_metric=0.8066
Step 4900 | loss 0.3864 | val_acc=0.7901 val_roc_auc=0.8068 val_loss=0.4231 val_metric_name=roc_auc val_metric=0.8068
Step 4950 | loss 0.3876 | val_acc=0.7907 val_roc_auc=0.8068 val_loss=0.4238 val_metric_name=roc_auc val_metric=0.8068
Step 5000 | loss 0.3861 | val_acc=0.7921 val_roc_auc=0.8074 val_loss=0.4229 val_metric_name=roc_auc val_metric=0.8074

--- Final (best ckpt @ step 5000) ---
  train_acc=0.8129 train_roc_auc=0.8480 train_loss=0.3771 train_metric_name=roc_auc train_metric=0.8480
  val_acc=0.7921 val_roc_auc=0.8074 val_loss=0.4229 val_metric_name=roc_auc val_metric=0.8074
  test_acc=0.7901 test_roc_auc=0.8084 test_loss=0.4176 test_metric_name=roc_auc test_metric=0.8084
  test_roc_auc=0.8084

============================================================
Training tolokers GAT-sep 1L h=384 lr=3e-05 split=6
============================================================
Training for 5000 steps
Step    1 | loss 0.8538 | val_acc=0.2252 val_roc_auc=0.4207 val_loss=0.7935 val_metric_name=roc_auc val_metric=0.4207
Step   50 | loss 0.4852 | val_acc=0.7819 val_roc_auc=0.7217 val_loss=0.4833 val_metric_name=roc_auc val_metric=0.7217
Step  100 | loss 0.4583 | val_acc=0.7805 val_roc_auc=0.7384 val_loss=0.4668 val_metric_name=roc_auc val_metric=0.7384
Step  150 | loss 0.4471 | val_acc=0.7822 val_roc_auc=0.7493 val_loss=0.4587 val_metric_name=roc_auc val_metric=0.7493
Step  200 | loss 0.4383 | val_acc=0.7839 val_roc_auc=0.7563 val_loss=0.4516 val_metric_name=roc_auc val_metric=0.7563
Step  250 | loss 0.4338 | val_acc=0.7887 val_roc_auc=0.7618 val_loss=0.4452 val_metric_name=roc_auc val_metric=0.7618
Step  300 | loss 0.4290 | val_acc=0.7904 val_roc_auc=0.7666 val_loss=0.4402 val_metric_name=roc_auc val_metric=0.7666
Step  350 | loss 0.4254 | val_acc=0.7918 val_roc_auc=0.7714 val_loss=0.4358 val_metric_name=roc_auc val_metric=0.7714
Step  400 | loss 0.4233 | val_acc=0.7924 val_roc_auc=0.7755 val_loss=0.4338 val_metric_name=roc_auc val_metric=0.7755
Step  450 | loss 0.4197 | val_acc=0.7945 val_roc_auc=0.7807 val_loss=0.4306 val_metric_name=roc_auc val_metric=0.7807
Step  500 | loss 0.4166 | val_acc=0.7952 val_roc_auc=0.7874 val_loss=0.4276 val_metric_name=roc_auc val_metric=0.7874
Step  550 | loss 0.4128 | val_acc=0.7952 val_roc_auc=0.7916 val_loss=0.4255 val_metric_name=roc_auc val_metric=0.7916
Step  600 | loss 0.4083 | val_acc=0.7948 val_roc_auc=0.7940 val_loss=0.4267 val_metric_name=roc_auc val_metric=0.7940
Step  650 | loss 0.4050 | val_acc=0.7962 val_roc_auc=0.7960 val_loss=0.4252 val_metric_name=roc_auc val_metric=0.7960
Step  700 | loss 0.4063 | val_acc=0.7965 val_roc_auc=0.7959 val_loss=0.4267 val_metric_name=roc_auc val_metric=0.7959
Step  750 | loss 0.4071 | val_acc=0.7931 val_roc_auc=0.7975 val_loss=0.4254 val_metric_name=roc_auc val_metric=0.7975
Step  800 | loss 0.4021 | val_acc=0.7931 val_roc_auc=0.7975 val_loss=0.4255 val_metric_name=roc_auc val_metric=0.7975
Step  850 | loss 0.4068 | val_acc=0.7907 val_roc_auc=0.7977 val_loss=0.4258 val_metric_name=roc_auc val_metric=0.7977
Step  900 | loss 0.3984 | val_acc=0.7901 val_roc_auc=0.7994 val_loss=0.4253 val_metric_name=roc_auc val_metric=0.7994
Step  950 | loss 0.4008 | val_acc=0.7897 val_roc_auc=0.8000 val_loss=0.4270 val_metric_name=roc_auc val_metric=0.8000
Step 1000 | loss 0.3960 | val_acc=0.7901 val_roc_auc=0.7999 val_loss=0.4280 val_metric_name=roc_auc val_metric=0.7999
Step 1050 | loss 0.3971 | val_acc=0.7897 val_roc_auc=0.8001 val_loss=0.4282 val_metric_name=roc_auc val_metric=0.8001
Step 1100 | loss 0.3928 | val_acc=0.7914 val_roc_auc=0.8010 val_loss=0.4268 val_metric_name=roc_auc val_metric=0.8010
Step 1150 | loss 0.3906 | val_acc=0.7921 val_roc_auc=0.8021 val_loss=0.4279 val_metric_name=roc_auc val_metric=0.8021
Step 1200 | loss 0.3934 | val_acc=0.7931 val_roc_auc=0.8016 val_loss=0.4287 val_metric_name=roc_auc val_metric=0.8016
Step 1250 | loss 0.3958 | val_acc=0.7941 val_roc_auc=0.8025 val_loss=0.4287 val_metric_name=roc_auc val_metric=0.8025
Step 1300 | loss 0.3882 | val_acc=0.7928 val_roc_auc=0.8027 val_loss=0.4299 val_metric_name=roc_auc val_metric=0.8027
Step 1350 | loss 0.3840 | val_acc=0.7924 val_roc_auc=0.8036 val_loss=0.4322 val_metric_name=roc_auc val_metric=0.8036
Step 1400 | loss 0.3889 | val_acc=0.7921 val_roc_auc=0.8050 val_loss=0.4302 val_metric_name=roc_auc val_metric=0.8050
Step 1450 | loss 0.3850 | val_acc=0.7931 val_roc_auc=0.8048 val_loss=0.4307 val_metric_name=roc_auc val_metric=0.8048
Step 1500 | loss 0.3839 | val_acc=0.7887 val_roc_auc=0.8054 val_loss=0.4314 val_metric_name=roc_auc val_metric=0.8054
Step 1550 | loss 0.3792 | val_acc=0.7887 val_roc_auc=0.8060 val_loss=0.4326 val_metric_name=roc_auc val_metric=0.8060
Step 1600 | loss 0.3794 | val_acc=0.7890 val_roc_auc=0.8067 val_loss=0.4333 val_metric_name=roc_auc val_metric=0.8067
Step 1650 | loss 0.3783 | val_acc=0.7860 val_roc_auc=0.8075 val_loss=0.4317 val_metric_name=roc_auc val_metric=0.8075
Step 1700 | loss 0.3740 | val_acc=0.7850 val_roc_auc=0.8084 val_loss=0.4332 val_metric_name=roc_auc val_metric=0.8084
Step 1750 | loss 0.3707 | val_acc=0.7880 val_roc_auc=0.8086 val_loss=0.4349 val_metric_name=roc_auc val_metric=0.8086
Step 1800 | loss 0.3751 | val_acc=0.7904 val_roc_auc=0.8081 val_loss=0.4404 val_metric_name=roc_auc val_metric=0.8081
Step 1850 | loss 0.3686 | val_acc=0.7887 val_roc_auc=0.8091 val_loss=0.4361 val_metric_name=roc_auc val_metric=0.8091
Step 1900 | loss 0.3682 | val_acc=0.7873 val_roc_auc=0.8083 val_loss=0.4403 val_metric_name=roc_auc val_metric=0.8083
Step 1950 | loss 0.3628 | val_acc=0.7887 val_roc_auc=0.8086 val_loss=0.4412 val_metric_name=roc_auc val_metric=0.8086
Step 2000 | loss 0.3640 | val_acc=0.7911 val_roc_auc=0.8090 val_loss=0.4408 val_metric_name=roc_auc val_metric=0.8090
Step 2050 | loss 0.3631 | val_acc=0.7911 val_roc_auc=0.8095 val_loss=0.4425 val_metric_name=roc_auc val_metric=0.8095
Step 2100 | loss 0.3593 | val_acc=0.7914 val_roc_auc=0.8092 val_loss=0.4458 val_metric_name=roc_auc val_metric=0.8092
Step 2150 | loss 0.3596 | val_acc=0.7897 val_roc_auc=0.8082 val_loss=0.4472 val_metric_name=roc_auc val_metric=0.8082
Early stopping at step 2180

--- Final (best ckpt @ step 1880) ---
  train_acc=0.8263 train_roc_auc=0.8705 train_loss=0.3565 train_metric_name=roc_auc train_metric=0.8705
  val_acc=0.7890 val_roc_auc=0.8096 val_loss=0.4365 val_metric_name=roc_auc val_metric=0.8096
  test_acc=0.7884 test_roc_auc=0.8053 test_loss=0.4372 test_metric_name=roc_auc test_metric=0.8053
  test_roc_auc=0.8053

============================================================
Training tolokers GAT-sep 1L h=384 lr=6e-05 split=6
============================================================
Training for 5000 steps
Step    1 | loss 0.8538 | val_acc=0.5441 val_roc_auc=0.4224 val_loss=0.7144 val_metric_name=roc_auc val_metric=0.4224
Step   50 | loss 0.4642 | val_acc=0.7795 val_roc_auc=0.7302 val_loss=0.4653 val_metric_name=roc_auc val_metric=0.7302
Step  100 | loss 0.4429 | val_acc=0.7822 val_roc_auc=0.7506 val_loss=0.4559 val_metric_name=roc_auc val_metric=0.7506
Step  150 | loss 0.4323 | val_acc=0.7897 val_roc_auc=0.7625 val_loss=0.4436 val_metric_name=roc_auc val_metric=0.7625
Step  200 | loss 0.4244 | val_acc=0.7924 val_roc_auc=0.7716 val_loss=0.4355 val_metric_name=roc_auc val_metric=0.7716
Step  250 | loss 0.4208 | val_acc=0.7918 val_roc_auc=0.7784 val_loss=0.4320 val_metric_name=roc_auc val_metric=0.7784
Step  300 | loss 0.4143 | val_acc=0.7952 val_roc_auc=0.7887 val_loss=0.4271 val_metric_name=roc_auc val_metric=0.7887
Step  350 | loss 0.4091 | val_acc=0.7962 val_roc_auc=0.7943 val_loss=0.4254 val_metric_name=roc_auc val_metric=0.7943
Step  400 | loss 0.4057 | val_acc=0.7941 val_roc_auc=0.7964 val_loss=0.4246 val_metric_name=roc_auc val_metric=0.7964
Step  450 | loss 0.4027 | val_acc=0.7921 val_roc_auc=0.7980 val_loss=0.4247 val_metric_name=roc_auc val_metric=0.7980
Step  500 | loss 0.4015 | val_acc=0.7914 val_roc_auc=0.7984 val_loss=0.4274 val_metric_name=roc_auc val_metric=0.7984
Step  550 | loss 0.3982 | val_acc=0.7884 val_roc_auc=0.8004 val_loss=0.4254 val_metric_name=roc_auc val_metric=0.8004
Step  600 | loss 0.3933 | val_acc=0.7914 val_roc_auc=0.8024 val_loss=0.4286 val_metric_name=roc_auc val_metric=0.8024
Step  650 | loss 0.3877 | val_acc=0.7918 val_roc_auc=0.8032 val_loss=0.4244 val_metric_name=roc_auc val_metric=0.8032
Step  700 | loss 0.3899 | val_acc=0.7914 val_roc_auc=0.8022 val_loss=0.4271 val_metric_name=roc_auc val_metric=0.8022
Step  750 | loss 0.3874 | val_acc=0.7894 val_roc_auc=0.8040 val_loss=0.4300 val_metric_name=roc_auc val_metric=0.8040
Step  800 | loss 0.3822 | val_acc=0.7894 val_roc_auc=0.8067 val_loss=0.4262 val_metric_name=roc_auc val_metric=0.8067
Step  850 | loss 0.3856 | val_acc=0.7904 val_roc_auc=0.8061 val_loss=0.4297 val_metric_name=roc_auc val_metric=0.8061
Step  900 | loss 0.3748 | val_acc=0.7863 val_roc_auc=0.8073 val_loss=0.4338 val_metric_name=roc_auc val_metric=0.8073
Step  950 | loss 0.3754 | val_acc=0.7901 val_roc_auc=0.8083 val_loss=0.4313 val_metric_name=roc_auc val_metric=0.8083
Step 1000 | loss 0.3724 | val_acc=0.7897 val_roc_auc=0.8073 val_loss=0.4364 val_metric_name=roc_auc val_metric=0.8073
Step 1050 | loss 0.3690 | val_acc=0.7918 val_roc_auc=0.8085 val_loss=0.4407 val_metric_name=roc_auc val_metric=0.8085
Step 1100 | loss 0.3616 | val_acc=0.7880 val_roc_auc=0.8084 val_loss=0.4392 val_metric_name=roc_auc val_metric=0.8084
Step 1150 | loss 0.3579 | val_acc=0.7877 val_roc_auc=0.8083 val_loss=0.4453 val_metric_name=roc_auc val_metric=0.8083
Step 1200 | loss 0.3570 | val_acc=0.7887 val_roc_auc=0.8073 val_loss=0.4498 val_metric_name=roc_auc val_metric=0.8073
Step 1250 | loss 0.3590 | val_acc=0.7904 val_roc_auc=0.8087 val_loss=0.4518 val_metric_name=roc_auc val_metric=0.8087
Step 1300 | loss 0.3527 | val_acc=0.7931 val_roc_auc=0.8097 val_loss=0.4507 val_metric_name=roc_auc val_metric=0.8097
Step 1350 | loss 0.3421 | val_acc=0.7890 val_roc_auc=0.8088 val_loss=0.4564 val_metric_name=roc_auc val_metric=0.8088
Step 1400 | loss 0.3434 | val_acc=0.7887 val_roc_auc=0.8075 val_loss=0.4654 val_metric_name=roc_auc val_metric=0.8075
Step 1450 | loss 0.3383 | val_acc=0.7887 val_roc_auc=0.8067 val_loss=0.4690 val_metric_name=roc_auc val_metric=0.8067
Step 1500 | loss 0.3350 | val_acc=0.7890 val_roc_auc=0.8053 val_loss=0.4735 val_metric_name=roc_auc val_metric=0.8053
Step 1550 | loss 0.3284 | val_acc=0.7907 val_roc_auc=0.8032 val_loss=0.4833 val_metric_name=roc_auc val_metric=0.8032
Step 1600 | loss 0.3283 | val_acc=0.7911 val_roc_auc=0.8041 val_loss=0.4854 val_metric_name=roc_auc val_metric=0.8041
Early stopping at step 1610

--- Final (best ckpt @ step 1310) ---
  train_acc=0.8437 train_roc_auc=0.8950 train_loss=0.3266 train_metric_name=roc_auc train_metric=0.8950
  val_acc=0.7877 val_roc_auc=0.8099 val_loss=0.4536 val_metric_name=roc_auc val_metric=0.8099
  test_acc=0.7861 test_roc_auc=0.8018 test_loss=0.4595 test_metric_name=roc_auc test_metric=0.8018
  test_roc_auc=0.8018

============================================================
Training tolokers GAT-sep 1L h=384 lr=0.0001 split=6
============================================================
Training for 5000 steps
Step    1 | loss 0.8538 | val_acc=0.6791 val_roc_auc=0.4253 val_loss=0.6331 val_metric_name=roc_auc val_metric=0.4253
Step   50 | loss 0.4531 | val_acc=0.7792 val_roc_auc=0.7388 val_loss=0.4605 val_metric_name=roc_auc val_metric=0.7388
Step  100 | loss 0.4327 | val_acc=0.7887 val_roc_auc=0.7597 val_loss=0.4447 val_metric_name=roc_auc val_metric=0.7597
Step  150 | loss 0.4239 | val_acc=0.7901 val_roc_auc=0.7740 val_loss=0.4348 val_metric_name=roc_auc val_metric=0.7740
Step  200 | loss 0.4135 | val_acc=0.7945 val_roc_auc=0.7870 val_loss=0.4291 val_metric_name=roc_auc val_metric=0.7870
Step  250 | loss 0.4090 | val_acc=0.7962 val_roc_auc=0.7951 val_loss=0.4271 val_metric_name=roc_auc val_metric=0.7951
Step  300 | loss 0.4044 | val_acc=0.7935 val_roc_auc=0.7981 val_loss=0.4250 val_metric_name=roc_auc val_metric=0.7981
Step  350 | loss 0.3994 | val_acc=0.7911 val_roc_auc=0.8005 val_loss=0.4219 val_metric_name=roc_auc val_metric=0.8005
Step  400 | loss 0.3949 | val_acc=0.7921 val_roc_auc=0.7994 val_loss=0.4276 val_metric_name=roc_auc val_metric=0.7994
Step  450 | loss 0.3899 | val_acc=0.7918 val_roc_auc=0.8017 val_loss=0.4283 val_metric_name=roc_auc val_metric=0.8017
Step  500 | loss 0.3870 | val_acc=0.7901 val_roc_auc=0.8044 val_loss=0.4251 val_metric_name=roc_auc val_metric=0.8044
Step  550 | loss 0.3816 | val_acc=0.7901 val_roc_auc=0.8057 val_loss=0.4268 val_metric_name=roc_auc val_metric=0.8057
Step  600 | loss 0.3724 | val_acc=0.7873 val_roc_auc=0.8080 val_loss=0.4297 val_metric_name=roc_auc val_metric=0.8080
Step  650 | loss 0.3675 | val_acc=0.7911 val_roc_auc=0.8091 val_loss=0.4317 val_metric_name=roc_auc val_metric=0.8091
Step  700 | loss 0.3661 | val_acc=0.7856 val_roc_auc=0.8076 val_loss=0.4359 val_metric_name=roc_auc val_metric=0.8076
Step  750 | loss 0.3610 | val_acc=0.7894 val_roc_auc=0.8074 val_loss=0.4460 val_metric_name=roc_auc val_metric=0.8074
Step  800 | loss 0.3521 | val_acc=0.7914 val_roc_auc=0.8092 val_loss=0.4480 val_metric_name=roc_auc val_metric=0.8092
Step  850 | loss 0.3500 | val_acc=0.7897 val_roc_auc=0.8089 val_loss=0.4565 val_metric_name=roc_auc val_metric=0.8089
Step  900 | loss 0.3398 | val_acc=0.7863 val_roc_auc=0.8089 val_loss=0.4650 val_metric_name=roc_auc val_metric=0.8089
Step  950 | loss 0.3369 | val_acc=0.7856 val_roc_auc=0.8078 val_loss=0.4662 val_metric_name=roc_auc val_metric=0.8078
Step 1000 | loss 0.3301 | val_acc=0.7924 val_roc_auc=0.8076 val_loss=0.4754 val_metric_name=roc_auc val_metric=0.8076
Step 1050 | loss 0.3210 | val_acc=0.7897 val_roc_auc=0.8045 val_loss=0.4849 val_metric_name=roc_auc val_metric=0.8045
Step 1100 | loss 0.3097 | val_acc=0.7914 val_roc_auc=0.8055 val_loss=0.4948 val_metric_name=roc_auc val_metric=0.8055
Early stopping at step 1136

--- Final (best ckpt @ step 730) ---
  train_acc=0.8314 train_roc_auc=0.8797 train_loss=0.3457 train_metric_name=roc_auc train_metric=0.8797
  val_acc=0.7935 val_roc_auc=0.8104 val_loss=0.4400 val_metric_name=roc_auc val_metric=0.8104
  test_acc=0.7884 test_roc_auc=0.8058 test_loss=0.4426 test_metric_name=roc_auc test_metric=0.8058
  test_roc_auc=0.8058

============================================================
Training tolokers GAT-sep 1L h=384 lr=1e-05 split=6
============================================================
Training for 5000 steps
Step    1 | loss 0.8538 | val_acc=0.2252 val_roc_auc=0.4195 val_loss=0.8545 val_metric_name=roc_auc val_metric=0.4195
Step   50 | loss 0.5289 | val_acc=0.7819 val_roc_auc=0.6228 val_loss=0.5395 val_metric_name=roc_auc val_metric=0.6228
Step  100 | loss 0.4990 | val_acc=0.7819 val_roc_auc=0.7182 val_loss=0.4952 val_metric_name=roc_auc val_metric=0.7182
Step  150 | loss 0.4789 | val_acc=0.7819 val_roc_auc=0.7252 val_loss=0.4792 val_metric_name=roc_auc val_metric=0.7252
Step  200 | loss 0.4664 | val_acc=0.7819 val_roc_auc=0.7328 val_loss=0.4722 val_metric_name=roc_auc val_metric=0.7328
Step  250 | loss 0.4592 | val_acc=0.7822 val_roc_auc=0.7390 val_loss=0.4679 val_metric_name=roc_auc val_metric=0.7390
Step  300 | loss 0.4531 | val_acc=0.7812 val_roc_auc=0.7435 val_loss=0.4641 val_metric_name=roc_auc val_metric=0.7435
Step  350 | loss 0.4491 | val_acc=0.7816 val_roc_auc=0.7469 val_loss=0.4616 val_metric_name=roc_auc val_metric=0.7469
Step  400 | loss 0.4468 | val_acc=0.7819 val_roc_auc=0.7502 val_loss=0.4585 val_metric_name=roc_auc val_metric=0.7502
Step  450 | loss 0.4442 | val_acc=0.7829 val_roc_auc=0.7528 val_loss=0.4559 val_metric_name=roc_auc val_metric=0.7528
Step  500 | loss 0.4432 | val_acc=0.7843 val_roc_auc=0.7553 val_loss=0.4525 val_metric_name=roc_auc val_metric=0.7553
Step  550 | loss 0.4386 | val_acc=0.7856 val_roc_auc=0.7575 val_loss=0.4511 val_metric_name=roc_auc val_metric=0.7575
Step  600 | loss 0.4346 | val_acc=0.7867 val_roc_auc=0.7596 val_loss=0.4483 val_metric_name=roc_auc val_metric=0.7596
Step  650 | loss 0.4319 | val_acc=0.7884 val_roc_auc=0.7614 val_loss=0.4459 val_metric_name=roc_auc val_metric=0.7614
Step  700 | loss 0.4315 | val_acc=0.7894 val_roc_auc=0.7632 val_loss=0.4445 val_metric_name=roc_auc val_metric=0.7632
Step  750 | loss 0.4323 | val_acc=0.7918 val_roc_auc=0.7652 val_loss=0.4427 val_metric_name=roc_auc val_metric=0.7652
Step  800 | loss 0.4327 | val_acc=0.7904 val_roc_auc=0.7670 val_loss=0.4402 val_metric_name=roc_auc val_metric=0.7670
Step  850 | loss 0.4294 | val_acc=0.7901 val_roc_auc=0.7687 val_loss=0.4395 val_metric_name=roc_auc val_metric=0.7687
Step  900 | loss 0.4272 | val_acc=0.7928 val_roc_auc=0.7703 val_loss=0.4378 val_metric_name=roc_auc val_metric=0.7703
Step  950 | loss 0.4270 | val_acc=0.7914 val_roc_auc=0.7720 val_loss=0.4372 val_metric_name=roc_auc val_metric=0.7720
Step 1000 | loss 0.4229 | val_acc=0.7921 val_roc_auc=0.7737 val_loss=0.4355 val_metric_name=roc_auc val_metric=0.7737
Step 1050 | loss 0.4229 | val_acc=0.7924 val_roc_auc=0.7754 val_loss=0.4346 val_metric_name=roc_auc val_metric=0.7754
Step 1100 | loss 0.4201 | val_acc=0.7928 val_roc_auc=0.7774 val_loss=0.4333 val_metric_name=roc_auc val_metric=0.7774
Step 1150 | loss 0.4190 | val_acc=0.7924 val_roc_auc=0.7795 val_loss=0.4314 val_metric_name=roc_auc val_metric=0.7795
Step 1200 | loss 0.4222 | val_acc=0.7938 val_roc_auc=0.7820 val_loss=0.4314 val_metric_name=roc_auc val_metric=0.7820
Step 1250 | loss 0.4218 | val_acc=0.7931 val_roc_auc=0.7845 val_loss=0.4299 val_metric_name=roc_auc val_metric=0.7845
Step 1300 | loss 0.4153 | val_acc=0.7955 val_roc_auc=0.7870 val_loss=0.4282 val_metric_name=roc_auc val_metric=0.7870
Step 1350 | loss 0.4134 | val_acc=0.7938 val_roc_auc=0.7891 val_loss=0.4287 val_metric_name=roc_auc val_metric=0.7891
Step 1400 | loss 0.4174 | val_acc=0.7952 val_roc_auc=0.7903 val_loss=0.4276 val_metric_name=roc_auc val_metric=0.7903
Step 1450 | loss 0.4133 | val_acc=0.7965 val_roc_auc=0.7924 val_loss=0.4275 val_metric_name=roc_auc val_metric=0.7924
Step 1500 | loss 0.4129 | val_acc=0.7969 val_roc_auc=0.7931 val_loss=0.4260 val_metric_name=roc_auc val_metric=0.7931
Step 1550 | loss 0.4081 | val_acc=0.7962 val_roc_auc=0.7935 val_loss=0.4261 val_metric_name=roc_auc val_metric=0.7935
Step 1600 | loss 0.4068 | val_acc=0.7969 val_roc_auc=0.7945 val_loss=0.4260 val_metric_name=roc_auc val_metric=0.7945
Step 1650 | loss 0.4107 | val_acc=0.7962 val_roc_auc=0.7949 val_loss=0.4256 val_metric_name=roc_auc val_metric=0.7949
Step 1700 | loss 0.4103 | val_acc=0.7962 val_roc_auc=0.7955 val_loss=0.4252 val_metric_name=roc_auc val_metric=0.7955
Step 1750 | loss 0.4060 | val_acc=0.7972 val_roc_auc=0.7964 val_loss=0.4261 val_metric_name=roc_auc val_metric=0.7964
Step 1800 | loss 0.4083 | val_acc=0.7976 val_roc_auc=0.7971 val_loss=0.4255 val_metric_name=roc_auc val_metric=0.7971
Step 1850 | loss 0.4068 | val_acc=0.7969 val_roc_auc=0.7971 val_loss=0.4253 val_metric_name=roc_auc val_metric=0.7971
Step 1900 | loss 0.4072 | val_acc=0.7952 val_roc_auc=0.7969 val_loss=0.4255 val_metric_name=roc_auc val_metric=0.7969
Step 1950 | loss 0.4011 | val_acc=0.7952 val_roc_auc=0.7973 val_loss=0.4256 val_metric_name=roc_auc val_metric=0.7973
Step 2000 | loss 0.4043 | val_acc=0.7921 val_roc_auc=0.7975 val_loss=0.4254 val_metric_name=roc_auc val_metric=0.7975
Step 2050 | loss 0.4050 | val_acc=0.7918 val_roc_auc=0.7984 val_loss=0.4253 val_metric_name=roc_auc val_metric=0.7984
Step 2100 | loss 0.3989 | val_acc=0.7921 val_roc_auc=0.7990 val_loss=0.4258 val_metric_name=roc_auc val_metric=0.7990
Step 2150 | loss 0.4032 | val_acc=0.7914 val_roc_auc=0.7983 val_loss=0.4270 val_metric_name=roc_auc val_metric=0.7983
Step 2200 | loss 0.4001 | val_acc=0.7907 val_roc_auc=0.7989 val_loss=0.4266 val_metric_name=roc_auc val_metric=0.7989
Step 2250 | loss 0.4030 | val_acc=0.7921 val_roc_auc=0.7992 val_loss=0.4257 val_metric_name=roc_auc val_metric=0.7992
Step 2300 | loss 0.3976 | val_acc=0.7897 val_roc_auc=0.7997 val_loss=0.4270 val_metric_name=roc_auc val_metric=0.7997
Step 2350 | loss 0.4037 | val_acc=0.7911 val_roc_auc=0.7991 val_loss=0.4260 val_metric_name=roc_auc val_metric=0.7991
Step 2400 | loss 0.4005 | val_acc=0.7907 val_roc_auc=0.7997 val_loss=0.4272 val_metric_name=roc_auc val_metric=0.7997
Step 2450 | loss 0.3972 | val_acc=0.7904 val_roc_auc=0.7994 val_loss=0.4271 val_metric_name=roc_auc val_metric=0.7994
Step 2500 | loss 0.3957 | val_acc=0.7901 val_roc_auc=0.8001 val_loss=0.4266 val_metric_name=roc_auc val_metric=0.8001
Step 2550 | loss 0.3951 | val_acc=0.7890 val_roc_auc=0.8005 val_loss=0.4269 val_metric_name=roc_auc val_metric=0.8005
Step 2600 | loss 0.3940 | val_acc=0.7901 val_roc_auc=0.8007 val_loss=0.4284 val_metric_name=roc_auc val_metric=0.8007
Step 2650 | loss 0.3977 | val_acc=0.7907 val_roc_auc=0.8001 val_loss=0.4301 val_metric_name=roc_auc val_metric=0.8001
Step 2700 | loss 0.3943 | val_acc=0.7907 val_roc_auc=0.8009 val_loss=0.4281 val_metric_name=roc_auc val_metric=0.8009
Step 2750 | loss 0.3921 | val_acc=0.7890 val_roc_auc=0.8008 val_loss=0.4291 val_metric_name=roc_auc val_metric=0.8008
Step 2800 | loss 0.3952 | val_acc=0.7897 val_roc_auc=0.8007 val_loss=0.4292 val_metric_name=roc_auc val_metric=0.8007
Step 2850 | loss 0.3921 | val_acc=0.7918 val_roc_auc=0.8010 val_loss=0.4309 val_metric_name=roc_auc val_metric=0.8010
Step 2900 | loss 0.3937 | val_acc=0.7897 val_roc_auc=0.8012 val_loss=0.4292 val_metric_name=roc_auc val_metric=0.8012
Step 2950 | loss 0.3928 | val_acc=0.7894 val_roc_auc=0.8011 val_loss=0.4294 val_metric_name=roc_auc val_metric=0.8011
Step 3000 | loss 0.3938 | val_acc=0.7894 val_roc_auc=0.8007 val_loss=0.4306 val_metric_name=roc_auc val_metric=0.8007
Step 3050 | loss 0.3919 | val_acc=0.7901 val_roc_auc=0.8017 val_loss=0.4302 val_metric_name=roc_auc val_metric=0.8017
Step 3100 | loss 0.3903 | val_acc=0.7931 val_roc_auc=0.8015 val_loss=0.4285 val_metric_name=roc_auc val_metric=0.8015
Step 3150 | loss 0.3909 | val_acc=0.7901 val_roc_auc=0.8021 val_loss=0.4294 val_metric_name=roc_auc val_metric=0.8021
Step 3200 | loss 0.3910 | val_acc=0.7921 val_roc_auc=0.8021 val_loss=0.4310 val_metric_name=roc_auc val_metric=0.8021
Step 3250 | loss 0.3891 | val_acc=0.7924 val_roc_auc=0.8025 val_loss=0.4287 val_metric_name=roc_auc val_metric=0.8025
Step 3300 | loss 0.3888 | val_acc=0.7907 val_roc_auc=0.8022 val_loss=0.4310 val_metric_name=roc_auc val_metric=0.8022
Step 3350 | loss 0.3872 | val_acc=0.7924 val_roc_auc=0.8026 val_loss=0.4307 val_metric_name=roc_auc val_metric=0.8026
Step 3400 | loss 0.3886 | val_acc=0.7924 val_roc_auc=0.8024 val_loss=0.4313 val_metric_name=roc_auc val_metric=0.8024
Step 3450 | loss 0.3847 | val_acc=0.7907 val_roc_auc=0.8023 val_loss=0.4316 val_metric_name=roc_auc val_metric=0.8023
Step 3500 | loss 0.3863 | val_acc=0.7894 val_roc_auc=0.8031 val_loss=0.4300 val_metric_name=roc_auc val_metric=0.8031
Step 3550 | loss 0.3857 | val_acc=0.7928 val_roc_auc=0.8034 val_loss=0.4315 val_metric_name=roc_auc val_metric=0.8034
Step 3600 | loss 0.3835 | val_acc=0.7914 val_roc_auc=0.8035 val_loss=0.4320 val_metric_name=roc_auc val_metric=0.8035
Step 3650 | loss 0.3843 | val_acc=0.7918 val_roc_auc=0.8033 val_loss=0.4312 val_metric_name=roc_auc val_metric=0.8033
Step 3700 | loss 0.3847 | val_acc=0.7901 val_roc_auc=0.8039 val_loss=0.4315 val_metric_name=roc_auc val_metric=0.8039
Step 3750 | loss 0.3875 | val_acc=0.7894 val_roc_auc=0.8041 val_loss=0.4316 val_metric_name=roc_auc val_metric=0.8041
Step 3800 | loss 0.3828 | val_acc=0.7884 val_roc_auc=0.8046 val_loss=0.4324 val_metric_name=roc_auc val_metric=0.8046
Step 3850 | loss 0.3799 | val_acc=0.7894 val_roc_auc=0.8042 val_loss=0.4334 val_metric_name=roc_auc val_metric=0.8042
Step 3900 | loss 0.3816 | val_acc=0.7887 val_roc_auc=0.8049 val_loss=0.4315 val_metric_name=roc_auc val_metric=0.8049
Step 3950 | loss 0.3828 | val_acc=0.7894 val_roc_auc=0.8054 val_loss=0.4341 val_metric_name=roc_auc val_metric=0.8054
Step 4000 | loss 0.3817 | val_acc=0.7873 val_roc_auc=0.8053 val_loss=0.4318 val_metric_name=roc_auc val_metric=0.8053
Step 4050 | loss 0.3787 | val_acc=0.7880 val_roc_auc=0.8050 val_loss=0.4328 val_metric_name=roc_auc val_metric=0.8050
Step 4100 | loss 0.3829 | val_acc=0.7890 val_roc_auc=0.8052 val_loss=0.4344 val_metric_name=roc_auc val_metric=0.8052
Step 4150 | loss 0.3783 | val_acc=0.7904 val_roc_auc=0.8053 val_loss=0.4362 val_metric_name=roc_auc val_metric=0.8053
Step 4200 | loss 0.3765 | val_acc=0.7870 val_roc_auc=0.8060 val_loss=0.4340 val_metric_name=roc_auc val_metric=0.8060
Step 4250 | loss 0.3789 | val_acc=0.7877 val_roc_auc=0.8053 val_loss=0.4375 val_metric_name=roc_auc val_metric=0.8053
Step 4300 | loss 0.3771 | val_acc=0.7877 val_roc_auc=0.8061 val_loss=0.4350 val_metric_name=roc_auc val_metric=0.8061
Step 4350 | loss 0.3779 | val_acc=0.7897 val_roc_auc=0.8064 val_loss=0.4370 val_metric_name=roc_auc val_metric=0.8064
Step 4400 | loss 0.3771 | val_acc=0.7863 val_roc_auc=0.8060 val_loss=0.4340 val_metric_name=roc_auc val_metric=0.8060
Step 4450 | loss 0.3774 | val_acc=0.7846 val_roc_auc=0.8060 val_loss=0.4372 val_metric_name=roc_auc val_metric=0.8060
Step 4500 | loss 0.3767 | val_acc=0.7880 val_roc_auc=0.8067 val_loss=0.4363 val_metric_name=roc_auc val_metric=0.8067
Step 4550 | loss 0.3740 | val_acc=0.7873 val_roc_auc=0.8066 val_loss=0.4376 val_metric_name=roc_auc val_metric=0.8066
Step 4600 | loss 0.3726 | val_acc=0.7853 val_roc_auc=0.8064 val_loss=0.4363 val_metric_name=roc_auc val_metric=0.8064
Step 4650 | loss 0.3712 | val_acc=0.7850 val_roc_auc=0.8063 val_loss=0.4376 val_metric_name=roc_auc val_metric=0.8063
Step 4700 | loss 0.3705 | val_acc=0.7870 val_roc_auc=0.8068 val_loss=0.4386 val_metric_name=roc_auc val_metric=0.8068
Step 4750 | loss 0.3708 | val_acc=0.7863 val_roc_auc=0.8075 val_loss=0.4373 val_metric_name=roc_auc val_metric=0.8075
Step 4800 | loss 0.3733 | val_acc=0.7890 val_roc_auc=0.8073 val_loss=0.4395 val_metric_name=roc_auc val_metric=0.8073
Step 4850 | loss 0.3701 | val_acc=0.7853 val_roc_auc=0.8073 val_loss=0.4377 val_metric_name=roc_auc val_metric=0.8073
Step 4900 | loss 0.3714 | val_acc=0.7870 val_roc_auc=0.8067 val_loss=0.4414 val_metric_name=roc_auc val_metric=0.8067
Step 4950 | loss 0.3700 | val_acc=0.7887 val_roc_auc=0.8067 val_loss=0.4422 val_metric_name=roc_auc val_metric=0.8067
Step 5000 | loss 0.3742 | val_acc=0.7897 val_roc_auc=0.8073 val_loss=0.4411 val_metric_name=roc_auc val_metric=0.8073

--- Final (best ckpt @ step 4750) ---
  train_acc=0.8233 train_roc_auc=0.8663 train_loss=0.3631 train_metric_name=roc_auc train_metric=0.8663
  val_acc=0.7863 val_roc_auc=0.8075 val_loss=0.4373 val_metric_name=roc_auc val_metric=0.8075
  test_acc=0.7929 test_roc_auc=0.8056 test_loss=0.4338 test_metric_name=roc_auc test_metric=0.8056
  test_roc_auc=0.8056

============================================================
Training tolokers GAT-sep 1L h=512 lr=3e-05 split=6
============================================================
Training for 5000 steps
Step    1 | loss 0.9310 | val_acc=0.2474 val_roc_auc=0.5700 val_loss=0.7886 val_metric_name=roc_auc val_metric=0.5700
Step   50 | loss 0.4694 | val_acc=0.7819 val_roc_auc=0.7232 val_loss=0.4885 val_metric_name=roc_auc val_metric=0.7232
Step  100 | loss 0.4518 | val_acc=0.7822 val_roc_auc=0.7458 val_loss=0.4670 val_metric_name=roc_auc val_metric=0.7458
Step  150 | loss 0.4371 | val_acc=0.7877 val_roc_auc=0.7580 val_loss=0.4574 val_metric_name=roc_auc val_metric=0.7580
Step  200 | loss 0.4293 | val_acc=0.7880 val_roc_auc=0.7652 val_loss=0.4494 val_metric_name=roc_auc val_metric=0.7652
Step  250 | loss 0.4285 | val_acc=0.7918 val_roc_auc=0.7707 val_loss=0.4432 val_metric_name=roc_auc val_metric=0.7707
Step  300 | loss 0.4211 | val_acc=0.7918 val_roc_auc=0.7753 val_loss=0.4399 val_metric_name=roc_auc val_metric=0.7753
Step  350 | loss 0.4153 | val_acc=0.7897 val_roc_auc=0.7813 val_loss=0.4357 val_metric_name=roc_auc val_metric=0.7813
Step  400 | loss 0.4161 | val_acc=0.7928 val_roc_auc=0.7871 val_loss=0.4342 val_metric_name=roc_auc val_metric=0.7871
Step  450 | loss 0.4092 | val_acc=0.7935 val_roc_auc=0.7904 val_loss=0.4339 val_metric_name=roc_auc val_metric=0.7904
Step  500 | loss 0.4084 | val_acc=0.7924 val_roc_auc=0.7924 val_loss=0.4324 val_metric_name=roc_auc val_metric=0.7924
Step  550 | loss 0.4037 | val_acc=0.7918 val_roc_auc=0.7938 val_loss=0.4315 val_metric_name=roc_auc val_metric=0.7938
Step  600 | loss 0.4027 | val_acc=0.7914 val_roc_auc=0.7947 val_loss=0.4316 val_metric_name=roc_auc val_metric=0.7947
Step  650 | loss 0.4020 | val_acc=0.7904 val_roc_auc=0.7950 val_loss=0.4316 val_metric_name=roc_auc val_metric=0.7950
Step  700 | loss 0.4004 | val_acc=0.7894 val_roc_auc=0.7947 val_loss=0.4322 val_metric_name=roc_auc val_metric=0.7947
Step  750 | loss 0.3965 | val_acc=0.7887 val_roc_auc=0.7955 val_loss=0.4324 val_metric_name=roc_auc val_metric=0.7955
Step  800 | loss 0.3973 | val_acc=0.7880 val_roc_auc=0.7961 val_loss=0.4315 val_metric_name=roc_auc val_metric=0.7961
Step  850 | loss 0.3904 | val_acc=0.7850 val_roc_auc=0.7974 val_loss=0.4291 val_metric_name=roc_auc val_metric=0.7974
Step  900 | loss 0.3938 | val_acc=0.7907 val_roc_auc=0.7987 val_loss=0.4303 val_metric_name=roc_auc val_metric=0.7987
Step  950 | loss 0.3917 | val_acc=0.7914 val_roc_auc=0.7997 val_loss=0.4329 val_metric_name=roc_auc val_metric=0.7997
Step 1000 | loss 0.3881 | val_acc=0.7901 val_roc_auc=0.8011 val_loss=0.4320 val_metric_name=roc_auc val_metric=0.8011
Step 1050 | loss 0.3878 | val_acc=0.7911 val_roc_auc=0.8034 val_loss=0.4312 val_metric_name=roc_auc val_metric=0.8034
Step 1100 | loss 0.3867 | val_acc=0.7941 val_roc_auc=0.8053 val_loss=0.4319 val_metric_name=roc_auc val_metric=0.8053
Step 1150 | loss 0.3849 | val_acc=0.7911 val_roc_auc=0.8068 val_loss=0.4309 val_metric_name=roc_auc val_metric=0.8068
Step 1200 | loss 0.3801 | val_acc=0.7931 val_roc_auc=0.8085 val_loss=0.4328 val_metric_name=roc_auc val_metric=0.8085
Step 1250 | loss 0.3753 | val_acc=0.7914 val_roc_auc=0.8092 val_loss=0.4335 val_metric_name=roc_auc val_metric=0.8092
Step 1300 | loss 0.3727 | val_acc=0.7945 val_roc_auc=0.8110 val_loss=0.4317 val_metric_name=roc_auc val_metric=0.8110
Step 1350 | loss 0.3670 | val_acc=0.7945 val_roc_auc=0.8113 val_loss=0.4333 val_metric_name=roc_auc val_metric=0.8113
Step 1400 | loss 0.3642 | val_acc=0.7972 val_roc_auc=0.8124 val_loss=0.4369 val_metric_name=roc_auc val_metric=0.8124
Step 1450 | loss 0.3657 | val_acc=0.7972 val_roc_auc=0.8125 val_loss=0.4365 val_metric_name=roc_auc val_metric=0.8125
Step 1500 | loss 0.3645 | val_acc=0.7979 val_roc_auc=0.8133 val_loss=0.4366 val_metric_name=roc_auc val_metric=0.8133
Step 1550 | loss 0.3629 | val_acc=0.7962 val_roc_auc=0.8130 val_loss=0.4425 val_metric_name=roc_auc val_metric=0.8130
Step 1600 | loss 0.3621 | val_acc=0.7941 val_roc_auc=0.8119 val_loss=0.4445 val_metric_name=roc_auc val_metric=0.8119
Step 1650 | loss 0.3503 | val_acc=0.7952 val_roc_auc=0.8126 val_loss=0.4490 val_metric_name=roc_auc val_metric=0.8126
Step 1700 | loss 0.3490 | val_acc=0.7935 val_roc_auc=0.8113 val_loss=0.4550 val_metric_name=roc_auc val_metric=0.8113
Step 1750 | loss 0.3490 | val_acc=0.7938 val_roc_auc=0.8129 val_loss=0.4540 val_metric_name=roc_auc val_metric=0.8129
Step 1800 | loss 0.3404 | val_acc=0.7928 val_roc_auc=0.8117 val_loss=0.4580 val_metric_name=roc_auc val_metric=0.8117
Early stopping at step 1830

--- Final (best ckpt @ step 1530) ---
  train_acc=0.8336 train_roc_auc=0.8789 train_loss=0.3498 train_metric_name=roc_auc train_metric=0.8789
  val_acc=0.7965 val_roc_auc=0.8136 val_loss=0.4408 val_metric_name=roc_auc val_metric=0.8136
  test_acc=0.7939 test_roc_auc=0.8067 test_loss=0.4484 test_metric_name=roc_auc test_metric=0.8067
  test_roc_auc=0.8067

============================================================
Training tolokers GAT-sep 1L h=512 lr=6e-05 split=6
============================================================
Training for 5000 steps
Step    1 | loss 0.9310 | val_acc=0.6928 val_roc_auc=0.5575 val_loss=0.6569 val_metric_name=roc_auc val_metric=0.5575
Step   50 | loss 0.4557 | val_acc=0.7826 val_roc_auc=0.7358 val_loss=0.4823 val_metric_name=roc_auc val_metric=0.7358
Step  100 | loss 0.4373 | val_acc=0.7884 val_roc_auc=0.7597 val_loss=0.4522 val_metric_name=roc_auc val_metric=0.7597
Step  150 | loss 0.4240 | val_acc=0.7911 val_roc_auc=0.7704 val_loss=0.4419 val_metric_name=roc_auc val_metric=0.7704
Step  200 | loss 0.4167 | val_acc=0.7897 val_roc_auc=0.7794 val_loss=0.4362 val_metric_name=roc_auc val_metric=0.7794
Step  250 | loss 0.4146 | val_acc=0.7928 val_roc_auc=0.7887 val_loss=0.4310 val_metric_name=roc_auc val_metric=0.7887
Step  300 | loss 0.4068 | val_acc=0.7907 val_roc_auc=0.7921 val_loss=0.4309 val_metric_name=roc_auc val_metric=0.7921
Step  350 | loss 0.3996 | val_acc=0.7863 val_roc_auc=0.7950 val_loss=0.4281 val_metric_name=roc_auc val_metric=0.7950
Step  400 | loss 0.4015 | val_acc=0.7890 val_roc_auc=0.7955 val_loss=0.4329 val_metric_name=roc_auc val_metric=0.7955
Step  450 | loss 0.3965 | val_acc=0.7873 val_roc_auc=0.7967 val_loss=0.4300 val_metric_name=roc_auc val_metric=0.7967
Step  500 | loss 0.3935 | val_acc=0.7907 val_roc_auc=0.7976 val_loss=0.4358 val_metric_name=roc_auc val_metric=0.7976
Step  550 | loss 0.3889 | val_acc=0.7901 val_roc_auc=0.8009 val_loss=0.4291 val_metric_name=roc_auc val_metric=0.8009
Step  600 | loss 0.3840 | val_acc=0.7935 val_roc_auc=0.8029 val_loss=0.4305 val_metric_name=roc_auc val_metric=0.8029
Step  650 | loss 0.3803 | val_acc=0.7918 val_roc_auc=0.8074 val_loss=0.4290 val_metric_name=roc_auc val_metric=0.8074
Step  700 | loss 0.3748 | val_acc=0.7965 val_roc_auc=0.8102 val_loss=0.4307 val_metric_name=roc_auc val_metric=0.8102
Step  750 | loss 0.3730 | val_acc=0.7958 val_roc_auc=0.8114 val_loss=0.4340 val_metric_name=roc_auc val_metric=0.8114
Step  800 | loss 0.3678 | val_acc=0.7921 val_roc_auc=0.8126 val_loss=0.4351 val_metric_name=roc_auc val_metric=0.8126
Step  850 | loss 0.3595 | val_acc=0.7958 val_roc_auc=0.8128 val_loss=0.4373 val_metric_name=roc_auc val_metric=0.8128
Step  900 | loss 0.3572 | val_acc=0.7928 val_roc_auc=0.8113 val_loss=0.4432 val_metric_name=roc_auc val_metric=0.8113
Step  950 | loss 0.3584 | val_acc=0.7931 val_roc_auc=0.8119 val_loss=0.4469 val_metric_name=roc_auc val_metric=0.8119
Step 1000 | loss 0.3442 | val_acc=0.7918 val_roc_auc=0.8108 val_loss=0.4540 val_metric_name=roc_auc val_metric=0.8108
Step 1050 | loss 0.3422 | val_acc=0.7887 val_roc_auc=0.8086 val_loss=0.4629 val_metric_name=roc_auc val_metric=0.8086
Step 1100 | loss 0.3341 | val_acc=0.7924 val_roc_auc=0.8070 val_loss=0.4720 val_metric_name=roc_auc val_metric=0.8070
Early stopping at step 1138

--- Final (best ckpt @ step 830) ---
  train_acc=0.8314 train_roc_auc=0.8773 train_loss=0.3502 train_metric_name=roc_auc train_metric=0.8773
  val_acc=0.7924 val_roc_auc=0.8138 val_loss=0.4370 val_metric_name=roc_auc val_metric=0.8138
  test_acc=0.7918 test_roc_auc=0.8062 test_loss=0.4460 test_metric_name=roc_auc test_metric=0.8062
  test_roc_auc=0.8062

============================================================
Training tolokers GAT-sep 1L h=512 lr=0.0001 split=6
============================================================
Training for 5000 steps
Step    1 | loss 0.9310 | val_acc=0.7792 val_roc_auc=0.5420 val_loss=0.5542 val_metric_name=roc_auc val_metric=0.5420
Step   50 | loss 0.4462 | val_acc=0.7816 val_roc_auc=0.7449 val_loss=0.4574 val_metric_name=roc_auc val_metric=0.7449
Step  100 | loss 0.4286 | val_acc=0.7921 val_roc_auc=0.7687 val_loss=0.4422 val_metric_name=roc_auc val_metric=0.7687
Step  150 | loss 0.4152 | val_acc=0.7894 val_roc_auc=0.7806 val_loss=0.4374 val_metric_name=roc_auc val_metric=0.7806
Step  200 | loss 0.4056 | val_acc=0.7884 val_roc_auc=0.7915 val_loss=0.4293 val_metric_name=roc_auc val_metric=0.7915
Step  250 | loss 0.4053 | val_acc=0.7921 val_roc_auc=0.7954 val_loss=0.4312 val_metric_name=roc_auc val_metric=0.7954
Step  300 | loss 0.3980 | val_acc=0.7928 val_roc_auc=0.7984 val_loss=0.4300 val_metric_name=roc_auc val_metric=0.7984
Step  350 | loss 0.3865 | val_acc=0.7897 val_roc_auc=0.8021 val_loss=0.4309 val_metric_name=roc_auc val_metric=0.8021
Step  400 | loss 0.3871 | val_acc=0.7928 val_roc_auc=0.8057 val_loss=0.4283 val_metric_name=roc_auc val_metric=0.8057
Step  450 | loss 0.3793 | val_acc=0.7972 val_roc_auc=0.8114 val_loss=0.4287 val_metric_name=roc_auc val_metric=0.8114
Step  500 | loss 0.3694 | val_acc=0.7921 val_roc_auc=0.8139 val_loss=0.4294 val_metric_name=roc_auc val_metric=0.8139
Step  550 | loss 0.3625 | val_acc=0.7979 val_roc_auc=0.8148 val_loss=0.4358 val_metric_name=roc_auc val_metric=0.8148
Step  600 | loss 0.3557 | val_acc=0.7962 val_roc_auc=0.8144 val_loss=0.4389 val_metric_name=roc_auc val_metric=0.8144
Step  650 | loss 0.3483 | val_acc=0.7924 val_roc_auc=0.8113 val_loss=0.4467 val_metric_name=roc_auc val_metric=0.8113
Step  700 | loss 0.3374 | val_acc=0.7945 val_roc_auc=0.8092 val_loss=0.4621 val_metric_name=roc_auc val_metric=0.8092
Step  750 | loss 0.3326 | val_acc=0.7958 val_roc_auc=0.8064 val_loss=0.4744 val_metric_name=roc_auc val_metric=0.8064
Step  800 | loss 0.3202 | val_acc=0.7965 val_roc_auc=0.8040 val_loss=0.4943 val_metric_name=roc_auc val_metric=0.8040
Step  850 | loss 0.3087 | val_acc=0.7924 val_roc_auc=0.8000 val_loss=0.5072 val_metric_name=roc_auc val_metric=0.8000
Early stopping at step 860

--- Final (best ckpt @ step 560) ---
  train_acc=0.8299 train_roc_auc=0.8800 train_loss=0.3513 train_metric_name=roc_auc train_metric=0.8800
  val_acc=0.7986 val_roc_auc=0.8160 val_loss=0.4382 val_metric_name=roc_auc val_metric=0.8160
  test_acc=0.7956 test_roc_auc=0.8067 test_loss=0.4484 test_metric_name=roc_auc test_metric=0.8067
  test_roc_auc=0.8067

============================================================
Training tolokers GAT-sep 1L h=512 lr=1e-05 split=6
============================================================
Training for 5000 steps
Step    1 | loss 0.9310 | val_acc=0.2195 val_roc_auc=0.5784 val_loss=0.9020 val_metric_name=roc_auc val_metric=0.5784
Step   50 | loss 0.5033 | val_acc=0.7819 val_roc_auc=0.7084 val_loss=0.5109 val_metric_name=roc_auc val_metric=0.7084
Step  100 | loss 0.4795 | val_acc=0.7822 val_roc_auc=0.7222 val_loss=0.4860 val_metric_name=roc_auc val_metric=0.7222
Step  150 | loss 0.4636 | val_acc=0.7826 val_roc_auc=0.7325 val_loss=0.4790 val_metric_name=roc_auc val_metric=0.7325
Step  200 | loss 0.4550 | val_acc=0.7822 val_roc_auc=0.7410 val_loss=0.4735 val_metric_name=roc_auc val_metric=0.7410
Step  250 | loss 0.4516 | val_acc=0.7833 val_roc_auc=0.7478 val_loss=0.4684 val_metric_name=roc_auc val_metric=0.7478
Step  300 | loss 0.4442 | val_acc=0.7833 val_roc_auc=0.7531 val_loss=0.4630 val_metric_name=roc_auc val_metric=0.7531
Step  350 | loss 0.4387 | val_acc=0.7846 val_roc_auc=0.7570 val_loss=0.4603 val_metric_name=roc_auc val_metric=0.7570
Step  400 | loss 0.4390 | val_acc=0.7880 val_roc_auc=0.7603 val_loss=0.4565 val_metric_name=roc_auc val_metric=0.7603
Step  450 | loss 0.4363 | val_acc=0.7894 val_roc_auc=0.7630 val_loss=0.4529 val_metric_name=roc_auc val_metric=0.7630
Step  500 | loss 0.4335 | val_acc=0.7877 val_roc_auc=0.7653 val_loss=0.4505 val_metric_name=roc_auc val_metric=0.7653
Step  550 | loss 0.4263 | val_acc=0.7877 val_roc_auc=0.7675 val_loss=0.4472 val_metric_name=roc_auc val_metric=0.7675
Step  600 | loss 0.4286 | val_acc=0.7884 val_roc_auc=0.7695 val_loss=0.4448 val_metric_name=roc_auc val_metric=0.7695
Step  650 | loss 0.4268 | val_acc=0.7901 val_roc_auc=0.7714 val_loss=0.4431 val_metric_name=roc_auc val_metric=0.7714
Step  700 | loss 0.4260 | val_acc=0.7918 val_roc_auc=0.7732 val_loss=0.4412 val_metric_name=roc_auc val_metric=0.7732
Step  750 | loss 0.4229 | val_acc=0.7918 val_roc_auc=0.7751 val_loss=0.4396 val_metric_name=roc_auc val_metric=0.7751
Step  800 | loss 0.4222 | val_acc=0.7907 val_roc_auc=0.7769 val_loss=0.4386 val_metric_name=roc_auc val_metric=0.7769
Step  850 | loss 0.4178 | val_acc=0.7918 val_roc_auc=0.7794 val_loss=0.4371 val_metric_name=roc_auc val_metric=0.7794
Step  900 | loss 0.4203 | val_acc=0.7907 val_roc_auc=0.7816 val_loss=0.4377 val_metric_name=roc_auc val_metric=0.7816
Step  950 | loss 0.4124 | val_acc=0.7928 val_roc_auc=0.7839 val_loss=0.4368 val_metric_name=roc_auc val_metric=0.7839
Step 1000 | loss 0.4146 | val_acc=0.7921 val_roc_auc=0.7865 val_loss=0.4338 val_metric_name=roc_auc val_metric=0.7865
Step 1050 | loss 0.4151 | val_acc=0.7924 val_roc_auc=0.7885 val_loss=0.4328 val_metric_name=roc_auc val_metric=0.7885
Step 1100 | loss 0.4151 | val_acc=0.7935 val_roc_auc=0.7896 val_loss=0.4329 val_metric_name=roc_auc val_metric=0.7896
Step 1150 | loss 0.4125 | val_acc=0.7935 val_roc_auc=0.7904 val_loss=0.4325 val_metric_name=roc_auc val_metric=0.7904
Step 1200 | loss 0.4105 | val_acc=0.7918 val_roc_auc=0.7915 val_loss=0.4320 val_metric_name=roc_auc val_metric=0.7915
Step 1250 | loss 0.4083 | val_acc=0.7894 val_roc_auc=0.7921 val_loss=0.4313 val_metric_name=roc_auc val_metric=0.7921
Step 1300 | loss 0.4080 | val_acc=0.7921 val_roc_auc=0.7927 val_loss=0.4321 val_metric_name=roc_auc val_metric=0.7927
Step 1350 | loss 0.4032 | val_acc=0.7921 val_roc_auc=0.7928 val_loss=0.4330 val_metric_name=roc_auc val_metric=0.7928
Step 1400 | loss 0.4042 | val_acc=0.7907 val_roc_auc=0.7933 val_loss=0.4327 val_metric_name=roc_auc val_metric=0.7933
Step 1450 | loss 0.4051 | val_acc=0.7911 val_roc_auc=0.7941 val_loss=0.4310 val_metric_name=roc_auc val_metric=0.7941
Step 1500 | loss 0.4028 | val_acc=0.7911 val_roc_auc=0.7947 val_loss=0.4326 val_metric_name=roc_auc val_metric=0.7947
Step 1550 | loss 0.4050 | val_acc=0.7914 val_roc_auc=0.7946 val_loss=0.4333 val_metric_name=roc_auc val_metric=0.7946
Step 1600 | loss 0.4039 | val_acc=0.7894 val_roc_auc=0.7948 val_loss=0.4317 val_metric_name=roc_auc val_metric=0.7948
Step 1650 | loss 0.3988 | val_acc=0.7901 val_roc_auc=0.7951 val_loss=0.4320 val_metric_name=roc_auc val_metric=0.7951
Step 1700 | loss 0.4000 | val_acc=0.7897 val_roc_auc=0.7948 val_loss=0.4324 val_metric_name=roc_auc val_metric=0.7948
Step 1750 | loss 0.4015 | val_acc=0.7887 val_roc_auc=0.7951 val_loss=0.4339 val_metric_name=roc_auc val_metric=0.7951
Step 1800 | loss 0.3977 | val_acc=0.7887 val_roc_auc=0.7959 val_loss=0.4325 val_metric_name=roc_auc val_metric=0.7959
Step 1850 | loss 0.3992 | val_acc=0.7897 val_roc_auc=0.7953 val_loss=0.4336 val_metric_name=roc_auc val_metric=0.7953
Step 1900 | loss 0.3976 | val_acc=0.7884 val_roc_auc=0.7961 val_loss=0.4334 val_metric_name=roc_auc val_metric=0.7961
Step 1950 | loss 0.3984 | val_acc=0.7884 val_roc_auc=0.7960 val_loss=0.4342 val_metric_name=roc_auc val_metric=0.7960
Step 2000 | loss 0.3957 | val_acc=0.7890 val_roc_auc=0.7960 val_loss=0.4342 val_metric_name=roc_auc val_metric=0.7960
Step 2050 | loss 0.3983 | val_acc=0.7897 val_roc_auc=0.7970 val_loss=0.4325 val_metric_name=roc_auc val_metric=0.7970
Step 2100 | loss 0.3943 | val_acc=0.7887 val_roc_auc=0.7970 val_loss=0.4317 val_metric_name=roc_auc val_metric=0.7970
Step 2150 | loss 0.3962 | val_acc=0.7894 val_roc_auc=0.7972 val_loss=0.4331 val_metric_name=roc_auc val_metric=0.7972
Step 2200 | loss 0.3916 | val_acc=0.7911 val_roc_auc=0.7975 val_loss=0.4344 val_metric_name=roc_auc val_metric=0.7975
Step 2250 | loss 0.3939 | val_acc=0.7890 val_roc_auc=0.7980 val_loss=0.4324 val_metric_name=roc_auc val_metric=0.7980
Step 2300 | loss 0.3935 | val_acc=0.7914 val_roc_auc=0.7983 val_loss=0.4331 val_metric_name=roc_auc val_metric=0.7983
Step 2350 | loss 0.3924 | val_acc=0.7911 val_roc_auc=0.7990 val_loss=0.4348 val_metric_name=roc_auc val_metric=0.7990
Step 2400 | loss 0.3908 | val_acc=0.7914 val_roc_auc=0.7992 val_loss=0.4327 val_metric_name=roc_auc val_metric=0.7992
Step 2450 | loss 0.3880 | val_acc=0.7935 val_roc_auc=0.7996 val_loss=0.4355 val_metric_name=roc_auc val_metric=0.7996
Step 2500 | loss 0.3883 | val_acc=0.7941 val_roc_auc=0.8004 val_loss=0.4331 val_metric_name=roc_auc val_metric=0.8004
Step 2550 | loss 0.3873 | val_acc=0.7952 val_roc_auc=0.8011 val_loss=0.4328 val_metric_name=roc_auc val_metric=0.8011
Step 2600 | loss 0.3878 | val_acc=0.7955 val_roc_auc=0.8016 val_loss=0.4343 val_metric_name=roc_auc val_metric=0.8016
Step 2650 | loss 0.3881 | val_acc=0.7948 val_roc_auc=0.8029 val_loss=0.4318 val_metric_name=roc_auc val_metric=0.8029
Step 2700 | loss 0.3865 | val_acc=0.7935 val_roc_auc=0.8032 val_loss=0.4324 val_metric_name=roc_auc val_metric=0.8032
Step 2750 | loss 0.3828 | val_acc=0.7921 val_roc_auc=0.8039 val_loss=0.4319 val_metric_name=roc_auc val_metric=0.8039
Step 2800 | loss 0.3845 | val_acc=0.7958 val_roc_auc=0.8055 val_loss=0.4332 val_metric_name=roc_auc val_metric=0.8055
Step 2850 | loss 0.3840 | val_acc=0.7938 val_roc_auc=0.8059 val_loss=0.4322 val_metric_name=roc_auc val_metric=0.8059
Step 2900 | loss 0.3807 | val_acc=0.7955 val_roc_auc=0.8060 val_loss=0.4333 val_metric_name=roc_auc val_metric=0.8060
Step 2950 | loss 0.3810 | val_acc=0.7924 val_roc_auc=0.8076 val_loss=0.4313 val_metric_name=roc_auc val_metric=0.8076
Step 3000 | loss 0.3813 | val_acc=0.7941 val_roc_auc=0.8082 val_loss=0.4326 val_metric_name=roc_auc val_metric=0.8082
Step 3050 | loss 0.3805 | val_acc=0.7911 val_roc_auc=0.8084 val_loss=0.4316 val_metric_name=roc_auc val_metric=0.8084
Step 3100 | loss 0.3739 | val_acc=0.7941 val_roc_auc=0.8090 val_loss=0.4340 val_metric_name=roc_auc val_metric=0.8090
Step 3150 | loss 0.3795 | val_acc=0.7955 val_roc_auc=0.8099 val_loss=0.4330 val_metric_name=roc_auc val_metric=0.8099
Step 3200 | loss 0.3758 | val_acc=0.7928 val_roc_auc=0.8106 val_loss=0.4313 val_metric_name=roc_auc val_metric=0.8106
Step 3250 | loss 0.3759 | val_acc=0.7928 val_roc_auc=0.8115 val_loss=0.4305 val_metric_name=roc_auc val_metric=0.8115
Step 3300 | loss 0.3728 | val_acc=0.7921 val_roc_auc=0.8115 val_loss=0.4312 val_metric_name=roc_auc val_metric=0.8115
Step 3350 | loss 0.3766 | val_acc=0.7911 val_roc_auc=0.8114 val_loss=0.4320 val_metric_name=roc_auc val_metric=0.8114
Step 3400 | loss 0.3719 | val_acc=0.7955 val_roc_auc=0.8127 val_loss=0.4342 val_metric_name=roc_auc val_metric=0.8127
Step 3450 | loss 0.3702 | val_acc=0.7928 val_roc_auc=0.8127 val_loss=0.4330 val_metric_name=roc_auc val_metric=0.8127
Step 3500 | loss 0.3677 | val_acc=0.7938 val_roc_auc=0.8130 val_loss=0.4340 val_metric_name=roc_auc val_metric=0.8130
Step 3550 | loss 0.3698 | val_acc=0.7931 val_roc_auc=0.8137 val_loss=0.4332 val_metric_name=roc_auc val_metric=0.8137
Step 3600 | loss 0.3700 | val_acc=0.7935 val_roc_auc=0.8138 val_loss=0.4344 val_metric_name=roc_auc val_metric=0.8138
Step 3650 | loss 0.3645 | val_acc=0.7962 val_roc_auc=0.8141 val_loss=0.4371 val_metric_name=roc_auc val_metric=0.8141
Step 3700 | loss 0.3644 | val_acc=0.7965 val_roc_auc=0.8140 val_loss=0.4403 val_metric_name=roc_auc val_metric=0.8140
Step 3750 | loss 0.3645 | val_acc=0.7952 val_roc_auc=0.8138 val_loss=0.4368 val_metric_name=roc_auc val_metric=0.8138
Step 3800 | loss 0.3641 | val_acc=0.7952 val_roc_auc=0.8139 val_loss=0.4369 val_metric_name=roc_auc val_metric=0.8139
Step 3850 | loss 0.3635 | val_acc=0.7955 val_roc_auc=0.8144 val_loss=0.4399 val_metric_name=roc_auc val_metric=0.8144
Step 3900 | loss 0.3611 | val_acc=0.7952 val_roc_auc=0.8144 val_loss=0.4419 val_metric_name=roc_auc val_metric=0.8144
Step 3950 | loss 0.3626 | val_acc=0.7986 val_roc_auc=0.8148 val_loss=0.4435 val_metric_name=roc_auc val_metric=0.8148
Step 4000 | loss 0.3616 | val_acc=0.7962 val_roc_auc=0.8146 val_loss=0.4428 val_metric_name=roc_auc val_metric=0.8146
Step 4050 | loss 0.3588 | val_acc=0.7962 val_roc_auc=0.8148 val_loss=0.4419 val_metric_name=roc_auc val_metric=0.8148
Step 4100 | loss 0.3611 | val_acc=0.7952 val_roc_auc=0.8142 val_loss=0.4459 val_metric_name=roc_auc val_metric=0.8142
Step 4150 | loss 0.3561 | val_acc=0.7972 val_roc_auc=0.8146 val_loss=0.4456 val_metric_name=roc_auc val_metric=0.8146
Step 4200 | loss 0.3547 | val_acc=0.7986 val_roc_auc=0.8148 val_loss=0.4473 val_metric_name=roc_auc val_metric=0.8148
Step 4250 | loss 0.3514 | val_acc=0.7969 val_roc_auc=0.8141 val_loss=0.4486 val_metric_name=roc_auc val_metric=0.8141
Step 4300 | loss 0.3567 | val_acc=0.7972 val_roc_auc=0.8135 val_loss=0.4518 val_metric_name=roc_auc val_metric=0.8135
Step 4350 | loss 0.3535 | val_acc=0.7979 val_roc_auc=0.8138 val_loss=0.4540 val_metric_name=roc_auc val_metric=0.8138
Step 4400 | loss 0.3477 | val_acc=0.7972 val_roc_auc=0.8133 val_loss=0.4588 val_metric_name=roc_auc val_metric=0.8133
Step 4450 | loss 0.3451 | val_acc=0.7972 val_roc_auc=0.8132 val_loss=0.4531 val_metric_name=roc_auc val_metric=0.8132
Step 4500 | loss 0.3488 | val_acc=0.7976 val_roc_auc=0.8130 val_loss=0.4592 val_metric_name=roc_auc val_metric=0.8130
Early stopping at step 4503

--- Final (best ckpt @ step 3840) ---
  train_acc=0.8296 train_roc_auc=0.8779 train_loss=0.3521 train_metric_name=roc_auc train_metric=0.8779
  val_acc=0.7972 val_roc_auc=0.8149 val_loss=0.4398 val_metric_name=roc_auc val_metric=0.8149
  test_acc=0.7922 test_roc_auc=0.8075 test_loss=0.4453 test_metric_name=roc_auc test_metric=0.8075
  test_roc_auc=0.8075
  >> num_layers=1 hidden_dim=256 lr=3e-05 best_step=3120 val_roc_auc=0.8190 test_roc_auc=0.8085
     val_acc=0.7999 val_loss=0.4293 val_metric=0.8190 val_metric_name=roc_auc val_roc_auc=0.8190
     test_acc=0.7864 test_loss=0.4377 test_metric=0.8085 test_metric_name=roc_auc test_roc_auc=0.8085
  >> num_layers=1 hidden_dim=256 lr=6e-05 best_step=1760 val_roc_auc=0.8175 test_roc_auc=0.8094
     val_acc=0.8027 val_loss=0.4323 val_metric=0.8175 val_metric_name=roc_auc val_roc_auc=0.8175
     test_acc=0.7867 test_loss=0.4398 test_metric=0.8094 test_metric_name=roc_auc test_roc_auc=0.8094
  >> num_layers=1 hidden_dim=256 lr=0.0001 best_step=1130 val_roc_auc=0.8177 test_roc_auc=0.8085
     val_acc=0.7952 val_loss=0.4308 val_metric=0.8177 val_metric_name=roc_auc val_roc_auc=0.8177
     test_acc=0.7901 test_loss=0.4392 test_metric=0.8085 test_metric_name=roc_auc test_roc_auc=0.8085
  >> num_layers=1 hidden_dim=256 lr=1e-05 best_step=5000 val_roc_auc=0.8074 test_roc_auc=0.8084
     val_acc=0.7921 val_loss=0.4229 val_metric=0.8074 val_metric_name=roc_auc val_roc_auc=0.8074
     test_acc=0.7901 test_loss=0.4176 test_metric=0.8084 test_metric_name=roc_auc test_roc_auc=0.8084
  >> num_layers=1 hidden_dim=384 lr=3e-05 best_step=1880 val_roc_auc=0.8096 test_roc_auc=0.8053
     val_acc=0.7890 val_loss=0.4365 val_metric=0.8096 val_metric_name=roc_auc val_roc_auc=0.8096
     test_acc=0.7884 test_loss=0.4372 test_metric=0.8053 test_metric_name=roc_auc test_roc_auc=0.8053
  >> num_layers=1 hidden_dim=384 lr=6e-05 best_step=1310 val_roc_auc=0.8099 test_roc_auc=0.8018
     val_acc=0.7877 val_loss=0.4536 val_metric=0.8099 val_metric_name=roc_auc val_roc_auc=0.8099
     test_acc=0.7861 test_loss=0.4595 test_metric=0.8018 test_metric_name=roc_auc test_roc_auc=0.8018
  >> num_layers=1 hidden_dim=384 lr=0.0001 best_step=730 val_roc_auc=0.8104 test_roc_auc=0.8058
     val_acc=0.7935 val_loss=0.4400 val_metric=0.8104 val_metric_name=roc_auc val_roc_auc=0.8104
     test_acc=0.7884 test_loss=0.4426 test_metric=0.8058 test_metric_name=roc_auc test_roc_auc=0.8058
  >> num_layers=1 hidden_dim=384 lr=1e-05 best_step=4750 val_roc_auc=0.8075 test_roc_auc=0.8056
     val_acc=0.7863 val_loss=0.4373 val_metric=0.8075 val_metric_name=roc_auc val_roc_auc=0.8075
     test_acc=0.7929 test_loss=0.4338 test_metric=0.8056 test_metric_name=roc_auc test_roc_auc=0.8056
  >> num_layers=1 hidden_dim=512 lr=3e-05 best_step=1530 val_roc_auc=0.8136 test_roc_auc=0.8067
     val_acc=0.7965 val_loss=0.4408 val_metric=0.8136 val_metric_name=roc_auc val_roc_auc=0.8136
     test_acc=0.7939 test_loss=0.4484 test_metric=0.8067 test_metric_name=roc_auc test_roc_auc=0.8067
  >> num_layers=1 hidden_dim=512 lr=6e-05 best_step=830 val_roc_auc=0.8138 test_roc_auc=0.8062
     val_acc=0.7924 val_loss=0.4370 val_metric=0.8138 val_metric_name=roc_auc val_roc_auc=0.8138
     test_acc=0.7918 test_loss=0.4460 test_metric=0.8062 test_metric_name=roc_auc test_roc_auc=0.8062
  >> num_layers=1 hidden_dim=512 lr=0.0001 best_step=560 val_roc_auc=0.8160 test_roc_auc=0.8067
     val_acc=0.7986 val_loss=0.4382 val_metric=0.8160 val_metric_name=roc_auc val_roc_auc=0.8160
     test_acc=0.7956 test_loss=0.4484 test_metric=0.8067 test_metric_name=roc_auc test_roc_auc=0.8067
  >> num_layers=1 hidden_dim=512 lr=1e-05 best_step=3840 val_roc_auc=0.8149 test_roc_auc=0.8075
     val_acc=0.7972 val_loss=0.4398 val_metric=0.8149 val_metric_name=roc_auc val_roc_auc=0.8149
     test_acc=0.7922 test_loss=0.4453 test_metric=0.8075 test_metric_name=roc_auc test_roc_auc=0.8075
  >> selected best (by val): num_layers=1 hidden_dim=256 lr=3e-05 val_roc_auc=0.8190 test_roc_auc=0.8085
     val_acc=0.7999 val_loss=0.4293 val_metric=0.8190 val_metric_name=roc_auc val_roc_auc=0.8190
     test_acc=0.7864 test_loss=0.4377 test_metric=0.8085 test_metric_name=roc_auc test_roc_auc=0.8085

Done. Results saved to /home/avshmelev/diploma_yandex_graphs/results_grid/tolokers/base.csv, checkpoints in /home/avshmelev/diploma_yandex_graphs/all_checkpoints/tolokers/base/
Skipping: "Done." found in /home/avshmelev/diploma_yandex_graphs/results_grid/tolokers/logs_base/GAT-sep_1L_split6.log
