Loading data...

============================================================
Training tolokers GAT-sep 1L h=256 lr=3e-05 split=3
============================================================
Training for 5000 steps
Step    1 | loss 0.5443 | val_acc=0.7805 val_roc_auc=0.5035 val_loss=0.5396 val_metric_name=roc_auc val_metric=0.5035
Step   50 | loss 0.4783 | val_acc=0.7822 val_roc_auc=0.7126 val_loss=0.4755 val_metric_name=roc_auc val_metric=0.7126
Step  100 | loss 0.4522 | val_acc=0.7785 val_roc_auc=0.7463 val_loss=0.4520 val_metric_name=roc_auc val_metric=0.7463
Step  150 | loss 0.4441 | val_acc=0.7792 val_roc_auc=0.7592 val_loss=0.4405 val_metric_name=roc_auc val_metric=0.7592
Step  200 | loss 0.4358 | val_acc=0.7795 val_roc_auc=0.7673 val_loss=0.4349 val_metric_name=roc_auc val_metric=0.7673
Step  250 | loss 0.4292 | val_acc=0.7819 val_roc_auc=0.7724 val_loss=0.4331 val_metric_name=roc_auc val_metric=0.7724
Step  300 | loss 0.4267 | val_acc=0.7833 val_roc_auc=0.7769 val_loss=0.4294 val_metric_name=roc_auc val_metric=0.7769
Step  350 | loss 0.4252 | val_acc=0.7873 val_roc_auc=0.7798 val_loss=0.4287 val_metric_name=roc_auc val_metric=0.7798
Step  400 | loss 0.4214 | val_acc=0.7860 val_roc_auc=0.7825 val_loss=0.4277 val_metric_name=roc_auc val_metric=0.7825
Step  450 | loss 0.4175 | val_acc=0.7829 val_roc_auc=0.7874 val_loss=0.4255 val_metric_name=roc_auc val_metric=0.7874
Step  500 | loss 0.4131 | val_acc=0.7785 val_roc_auc=0.7923 val_loss=0.4249 val_metric_name=roc_auc val_metric=0.7923
Step  550 | loss 0.4122 | val_acc=0.7799 val_roc_auc=0.7955 val_loss=0.4229 val_metric_name=roc_auc val_metric=0.7955
Step  600 | loss 0.4133 | val_acc=0.7802 val_roc_auc=0.7980 val_loss=0.4229 val_metric_name=roc_auc val_metric=0.7980
Step  650 | loss 0.4089 | val_acc=0.7819 val_roc_auc=0.7986 val_loss=0.4232 val_metric_name=roc_auc val_metric=0.7986
Step  700 | loss 0.4052 | val_acc=0.7816 val_roc_auc=0.7997 val_loss=0.4234 val_metric_name=roc_auc val_metric=0.7997
Step  750 | loss 0.4027 | val_acc=0.7833 val_roc_auc=0.8016 val_loss=0.4222 val_metric_name=roc_auc val_metric=0.8016
Step  800 | loss 0.4005 | val_acc=0.7802 val_roc_auc=0.8017 val_loss=0.4250 val_metric_name=roc_auc val_metric=0.8017
Step  850 | loss 0.4020 | val_acc=0.7860 val_roc_auc=0.8033 val_loss=0.4222 val_metric_name=roc_auc val_metric=0.8033
Step  900 | loss 0.3976 | val_acc=0.7843 val_roc_auc=0.8033 val_loss=0.4241 val_metric_name=roc_auc val_metric=0.8033
Step  950 | loss 0.3988 | val_acc=0.7884 val_roc_auc=0.8040 val_loss=0.4215 val_metric_name=roc_auc val_metric=0.8040
Step 1000 | loss 0.3984 | val_acc=0.7863 val_roc_auc=0.8046 val_loss=0.4225 val_metric_name=roc_auc val_metric=0.8046
Step 1050 | loss 0.3950 | val_acc=0.7850 val_roc_auc=0.8049 val_loss=0.4242 val_metric_name=roc_auc val_metric=0.8049
Step 1100 | loss 0.3956 | val_acc=0.7839 val_roc_auc=0.8053 val_loss=0.4243 val_metric_name=roc_auc val_metric=0.8053
Step 1150 | loss 0.3946 | val_acc=0.7856 val_roc_auc=0.8057 val_loss=0.4239 val_metric_name=roc_auc val_metric=0.8057
Step 1200 | loss 0.3939 | val_acc=0.7846 val_roc_auc=0.8049 val_loss=0.4247 val_metric_name=roc_auc val_metric=0.8049
Step 1250 | loss 0.3892 | val_acc=0.7850 val_roc_auc=0.8056 val_loss=0.4265 val_metric_name=roc_auc val_metric=0.8056
Step 1300 | loss 0.3868 | val_acc=0.7894 val_roc_auc=0.8057 val_loss=0.4243 val_metric_name=roc_auc val_metric=0.8057
Step 1350 | loss 0.3867 | val_acc=0.7877 val_roc_auc=0.8063 val_loss=0.4251 val_metric_name=roc_auc val_metric=0.8063
Step 1400 | loss 0.3843 | val_acc=0.7839 val_roc_auc=0.8051 val_loss=0.4292 val_metric_name=roc_auc val_metric=0.8051
Step 1450 | loss 0.3862 | val_acc=0.7877 val_roc_auc=0.8058 val_loss=0.4275 val_metric_name=roc_auc val_metric=0.8058
Step 1500 | loss 0.3826 | val_acc=0.7860 val_roc_auc=0.8053 val_loss=0.4285 val_metric_name=roc_auc val_metric=0.8053
Step 1550 | loss 0.3835 | val_acc=0.7833 val_roc_auc=0.8053 val_loss=0.4302 val_metric_name=roc_auc val_metric=0.8053
Step 1600 | loss 0.3798 | val_acc=0.7880 val_roc_auc=0.8057 val_loss=0.4292 val_metric_name=roc_auc val_metric=0.8057
Step 1650 | loss 0.3762 | val_acc=0.7853 val_roc_auc=0.8059 val_loss=0.4309 val_metric_name=roc_auc val_metric=0.8059
Step 1700 | loss 0.3781 | val_acc=0.7782 val_roc_auc=0.8056 val_loss=0.4349 val_metric_name=roc_auc val_metric=0.8056
Step 1750 | loss 0.3746 | val_acc=0.7853 val_roc_auc=0.8075 val_loss=0.4293 val_metric_name=roc_auc val_metric=0.8075
Step 1800 | loss 0.3715 | val_acc=0.7853 val_roc_auc=0.8078 val_loss=0.4299 val_metric_name=roc_auc val_metric=0.8078
Step 1850 | loss 0.3745 | val_acc=0.7822 val_roc_auc=0.8078 val_loss=0.4317 val_metric_name=roc_auc val_metric=0.8078
Step 1900 | loss 0.3724 | val_acc=0.7846 val_roc_auc=0.8078 val_loss=0.4324 val_metric_name=roc_auc val_metric=0.8078
Step 1950 | loss 0.3674 | val_acc=0.7846 val_roc_auc=0.8079 val_loss=0.4340 val_metric_name=roc_auc val_metric=0.8079
Step 2000 | loss 0.3687 | val_acc=0.7870 val_roc_auc=0.8089 val_loss=0.4310 val_metric_name=roc_auc val_metric=0.8089
Step 2050 | loss 0.3663 | val_acc=0.7799 val_roc_auc=0.8071 val_loss=0.4394 val_metric_name=roc_auc val_metric=0.8071
Step 2100 | loss 0.3630 | val_acc=0.7785 val_roc_auc=0.8074 val_loss=0.4381 val_metric_name=roc_auc val_metric=0.8074
Step 2150 | loss 0.3624 | val_acc=0.7802 val_roc_auc=0.8074 val_loss=0.4404 val_metric_name=roc_auc val_metric=0.8074
Step 2200 | loss 0.3620 | val_acc=0.7839 val_roc_auc=0.8071 val_loss=0.4380 val_metric_name=roc_auc val_metric=0.8071
Step 2250 | loss 0.3645 | val_acc=0.7816 val_roc_auc=0.8073 val_loss=0.4386 val_metric_name=roc_auc val_metric=0.8073
Step 2300 | loss 0.3588 | val_acc=0.7799 val_roc_auc=0.8064 val_loss=0.4438 val_metric_name=roc_auc val_metric=0.8064
Early stopping at step 2300

--- Final (best ckpt @ step 2000) ---
  train_acc=0.8233 train_roc_auc=0.8701 train_loss=0.3520 train_metric_name=roc_auc train_metric=0.8701
  val_acc=0.7870 val_roc_auc=0.8089 val_loss=0.4310 val_metric_name=roc_auc val_metric=0.8089
  test_acc=0.7942 test_roc_auc=0.8183 test_loss=0.4257 test_metric_name=roc_auc test_metric=0.8183
  test_roc_auc=0.8183

============================================================
Training tolokers GAT-sep 1L h=256 lr=6e-05 split=3
============================================================
Training for 5000 steps
Step    1 | loss 0.5443 | val_acc=0.7812 val_roc_auc=0.5104 val_loss=0.5402 val_metric_name=roc_auc val_metric=0.5104
Step   50 | loss 0.4577 | val_acc=0.7809 val_roc_auc=0.7427 val_loss=0.4555 val_metric_name=roc_auc val_metric=0.7427
Step  100 | loss 0.4361 | val_acc=0.7812 val_roc_auc=0.7642 val_loss=0.4372 val_metric_name=roc_auc val_metric=0.7642
Step  150 | loss 0.4300 | val_acc=0.7839 val_roc_auc=0.7740 val_loss=0.4309 val_metric_name=roc_auc val_metric=0.7740
Step  200 | loss 0.4232 | val_acc=0.7873 val_roc_auc=0.7810 val_loss=0.4279 val_metric_name=roc_auc val_metric=0.7810
Step  250 | loss 0.4155 | val_acc=0.7850 val_roc_auc=0.7890 val_loss=0.4245 val_metric_name=roc_auc val_metric=0.7890
Step  300 | loss 0.4113 | val_acc=0.7897 val_roc_auc=0.7967 val_loss=0.4218 val_metric_name=roc_auc val_metric=0.7967
Step  350 | loss 0.4087 | val_acc=0.7833 val_roc_auc=0.7989 val_loss=0.4210 val_metric_name=roc_auc val_metric=0.7989
Step  400 | loss 0.4054 | val_acc=0.7846 val_roc_auc=0.8014 val_loss=0.4223 val_metric_name=roc_auc val_metric=0.8014
Step  450 | loss 0.4010 | val_acc=0.7860 val_roc_auc=0.8028 val_loss=0.4207 val_metric_name=roc_auc val_metric=0.8028
Step  500 | loss 0.3989 | val_acc=0.7860 val_roc_auc=0.8041 val_loss=0.4220 val_metric_name=roc_auc val_metric=0.8041
Step  550 | loss 0.3980 | val_acc=0.7833 val_roc_auc=0.8050 val_loss=0.4240 val_metric_name=roc_auc val_metric=0.8050
Step  600 | loss 0.3987 | val_acc=0.7836 val_roc_auc=0.8053 val_loss=0.4260 val_metric_name=roc_auc val_metric=0.8053
Step  650 | loss 0.3928 | val_acc=0.7856 val_roc_auc=0.8054 val_loss=0.4254 val_metric_name=roc_auc val_metric=0.8054
Step  700 | loss 0.3872 | val_acc=0.7850 val_roc_auc=0.8048 val_loss=0.4276 val_metric_name=roc_auc val_metric=0.8048
Step  750 | loss 0.3824 | val_acc=0.7850 val_roc_auc=0.8036 val_loss=0.4299 val_metric_name=roc_auc val_metric=0.8036
Step  800 | loss 0.3796 | val_acc=0.7890 val_roc_auc=0.8061 val_loss=0.4281 val_metric_name=roc_auc val_metric=0.8061
Step  850 | loss 0.3813 | val_acc=0.7785 val_roc_auc=0.8055 val_loss=0.4353 val_metric_name=roc_auc val_metric=0.8055
Step  900 | loss 0.3719 | val_acc=0.7833 val_roc_auc=0.8063 val_loss=0.4320 val_metric_name=roc_auc val_metric=0.8063
Step  950 | loss 0.3705 | val_acc=0.7894 val_roc_auc=0.8075 val_loss=0.4287 val_metric_name=roc_auc val_metric=0.8075
Step 1000 | loss 0.3748 | val_acc=0.7873 val_roc_auc=0.8076 val_loss=0.4306 val_metric_name=roc_auc val_metric=0.8076
Step 1050 | loss 0.3671 | val_acc=0.7826 val_roc_auc=0.8077 val_loss=0.4367 val_metric_name=roc_auc val_metric=0.8077
Step 1100 | loss 0.3651 | val_acc=0.7819 val_roc_auc=0.8069 val_loss=0.4403 val_metric_name=roc_auc val_metric=0.8069
Step 1150 | loss 0.3638 | val_acc=0.7795 val_roc_auc=0.8070 val_loss=0.4423 val_metric_name=roc_auc val_metric=0.8070
Step 1200 | loss 0.3629 | val_acc=0.7863 val_roc_auc=0.8065 val_loss=0.4420 val_metric_name=roc_auc val_metric=0.8065
Step 1250 | loss 0.3536 | val_acc=0.7761 val_roc_auc=0.8058 val_loss=0.4485 val_metric_name=roc_auc val_metric=0.8058
Step 1300 | loss 0.3519 | val_acc=0.7833 val_roc_auc=0.8066 val_loss=0.4452 val_metric_name=roc_auc val_metric=0.8066
Early stopping at step 1321

--- Final (best ckpt @ step 1020) ---
  train_acc=0.8219 train_roc_auc=0.8685 train_loss=0.3549 train_metric_name=roc_auc train_metric=0.8685
  val_acc=0.7850 val_roc_auc=0.8086 val_loss=0.4326 val_metric_name=roc_auc val_metric=0.8086
  test_acc=0.7912 test_roc_auc=0.8189 test_loss=0.4259 test_metric_name=roc_auc test_metric=0.8189
  test_roc_auc=0.8189

============================================================
Training tolokers GAT-sep 1L h=256 lr=0.0001 split=3
============================================================
Training for 5000 steps
Step    1 | loss 0.5443 | val_acc=0.7819 val_roc_auc=0.5186 val_loss=0.5434 val_metric_name=roc_auc val_metric=0.5186
Step   50 | loss 0.4448 | val_acc=0.7805 val_roc_auc=0.7556 val_loss=0.4436 val_metric_name=roc_auc val_metric=0.7556
Step  100 | loss 0.4270 | val_acc=0.7839 val_roc_auc=0.7748 val_loss=0.4304 val_metric_name=roc_auc val_metric=0.7748
Step  150 | loss 0.4221 | val_acc=0.7839 val_roc_auc=0.7822 val_loss=0.4271 val_metric_name=roc_auc val_metric=0.7822
Step  200 | loss 0.4131 | val_acc=0.7795 val_roc_auc=0.7961 val_loss=0.4229 val_metric_name=roc_auc val_metric=0.7961
Step  250 | loss 0.4042 | val_acc=0.7839 val_roc_auc=0.8006 val_loss=0.4228 val_metric_name=roc_auc val_metric=0.8006
Step  300 | loss 0.4019 | val_acc=0.7867 val_roc_auc=0.8039 val_loss=0.4188 val_metric_name=roc_auc val_metric=0.8039
Step  350 | loss 0.3980 | val_acc=0.7870 val_roc_auc=0.8051 val_loss=0.4203 val_metric_name=roc_auc val_metric=0.8051
Step  400 | loss 0.3918 | val_acc=0.7860 val_roc_auc=0.8057 val_loss=0.4218 val_metric_name=roc_auc val_metric=0.8057
Step  450 | loss 0.3862 | val_acc=0.7907 val_roc_auc=0.8058 val_loss=0.4226 val_metric_name=roc_auc val_metric=0.8058
Step  500 | loss 0.3821 | val_acc=0.7856 val_roc_auc=0.8061 val_loss=0.4281 val_metric_name=roc_auc val_metric=0.8061
Step  550 | loss 0.3787 | val_acc=0.7890 val_roc_auc=0.8069 val_loss=0.4292 val_metric_name=roc_auc val_metric=0.8069
Step  600 | loss 0.3789 | val_acc=0.7880 val_roc_auc=0.8081 val_loss=0.4277 val_metric_name=roc_auc val_metric=0.8081
Step  650 | loss 0.3698 | val_acc=0.7826 val_roc_auc=0.8070 val_loss=0.4368 val_metric_name=roc_auc val_metric=0.8070
Step  700 | loss 0.3635 | val_acc=0.7853 val_roc_auc=0.8085 val_loss=0.4364 val_metric_name=roc_auc val_metric=0.8085
Step  750 | loss 0.3553 | val_acc=0.7782 val_roc_auc=0.8061 val_loss=0.4454 val_metric_name=roc_auc val_metric=0.8061
Step  800 | loss 0.3521 | val_acc=0.7744 val_roc_auc=0.8059 val_loss=0.4501 val_metric_name=roc_auc val_metric=0.8059
Step  850 | loss 0.3469 | val_acc=0.7741 val_roc_auc=0.8039 val_loss=0.4573 val_metric_name=roc_auc val_metric=0.8039
Step  900 | loss 0.3408 | val_acc=0.7771 val_roc_auc=0.8033 val_loss=0.4602 val_metric_name=roc_auc val_metric=0.8033
Step  950 | loss 0.3316 | val_acc=0.7843 val_roc_auc=0.8038 val_loss=0.4632 val_metric_name=roc_auc val_metric=0.8038
Early stopping at step 970

--- Final (best ckpt @ step 670) ---
  train_acc=0.8211 train_roc_auc=0.8713 train_loss=0.3520 train_metric_name=roc_auc train_metric=0.8713
  val_acc=0.7819 val_roc_auc=0.8090 val_loss=0.4328 val_metric_name=roc_auc val_metric=0.8090
  test_acc=0.7932 test_roc_auc=0.8193 test_loss=0.4264 test_metric_name=roc_auc test_metric=0.8193
  test_roc_auc=0.8193

============================================================
Training tolokers GAT-sep 1L h=256 lr=1e-05 split=3
============================================================
Training for 5000 steps
Step    1 | loss 0.5443 | val_acc=0.7792 val_roc_auc=0.4985 val_loss=0.5402 val_metric_name=roc_auc val_metric=0.4985
Step   50 | loss 0.5100 | val_acc=0.7816 val_roc_auc=0.6500 val_loss=0.5069 val_metric_name=roc_auc val_metric=0.6500
Step  100 | loss 0.4876 | val_acc=0.7816 val_roc_auc=0.6960 val_loss=0.4865 val_metric_name=roc_auc val_metric=0.6960
Step  150 | loss 0.4744 | val_acc=0.7822 val_roc_auc=0.7179 val_loss=0.4728 val_metric_name=roc_auc val_metric=0.7179
Step  200 | loss 0.4692 | val_acc=0.7826 val_roc_auc=0.7339 val_loss=0.4628 val_metric_name=roc_auc val_metric=0.7339
Step  250 | loss 0.4585 | val_acc=0.7812 val_roc_auc=0.7430 val_loss=0.4552 val_metric_name=roc_auc val_metric=0.7430
Step  300 | loss 0.4526 | val_acc=0.7782 val_roc_auc=0.7490 val_loss=0.4495 val_metric_name=roc_auc val_metric=0.7490
Step  350 | loss 0.4503 | val_acc=0.7775 val_roc_auc=0.7540 val_loss=0.4453 val_metric_name=roc_auc val_metric=0.7540
Step  400 | loss 0.4438 | val_acc=0.7788 val_roc_auc=0.7580 val_loss=0.4422 val_metric_name=roc_auc val_metric=0.7580
Step  450 | loss 0.4421 | val_acc=0.7805 val_roc_auc=0.7615 val_loss=0.4397 val_metric_name=roc_auc val_metric=0.7615
Step  500 | loss 0.4355 | val_acc=0.7785 val_roc_auc=0.7645 val_loss=0.4372 val_metric_name=roc_auc val_metric=0.7645
Step  550 | loss 0.4346 | val_acc=0.7799 val_roc_auc=0.7669 val_loss=0.4360 val_metric_name=roc_auc val_metric=0.7669
Step  600 | loss 0.4336 | val_acc=0.7822 val_roc_auc=0.7692 val_loss=0.4343 val_metric_name=roc_auc val_metric=0.7692
Step  650 | loss 0.4309 | val_acc=0.7829 val_roc_auc=0.7709 val_loss=0.4332 val_metric_name=roc_auc val_metric=0.7709
Step  700 | loss 0.4293 | val_acc=0.7829 val_roc_auc=0.7722 val_loss=0.4327 val_metric_name=roc_auc val_metric=0.7722
Step  750 | loss 0.4255 | val_acc=0.7826 val_roc_auc=0.7737 val_loss=0.4317 val_metric_name=roc_auc val_metric=0.7737
Step  800 | loss 0.4256 | val_acc=0.7826 val_roc_auc=0.7750 val_loss=0.4311 val_metric_name=roc_auc val_metric=0.7750
Step  850 | loss 0.4252 | val_acc=0.7826 val_roc_auc=0.7763 val_loss=0.4307 val_metric_name=roc_auc val_metric=0.7763
Step  900 | loss 0.4228 | val_acc=0.7839 val_roc_auc=0.7774 val_loss=0.4302 val_metric_name=roc_auc val_metric=0.7774
Step  950 | loss 0.4254 | val_acc=0.7850 val_roc_auc=0.7788 val_loss=0.4295 val_metric_name=roc_auc val_metric=0.7788
Step 1000 | loss 0.4222 | val_acc=0.7870 val_roc_auc=0.7799 val_loss=0.4291 val_metric_name=roc_auc val_metric=0.7799
Step 1050 | loss 0.4202 | val_acc=0.7856 val_roc_auc=0.7810 val_loss=0.4288 val_metric_name=roc_auc val_metric=0.7810
Step 1100 | loss 0.4227 | val_acc=0.7856 val_roc_auc=0.7822 val_loss=0.4283 val_metric_name=roc_auc val_metric=0.7822
Step 1150 | loss 0.4201 | val_acc=0.7833 val_roc_auc=0.7838 val_loss=0.4276 val_metric_name=roc_auc val_metric=0.7838
Step 1200 | loss 0.4213 | val_acc=0.7850 val_roc_auc=0.7855 val_loss=0.4268 val_metric_name=roc_auc val_metric=0.7855
Step 1250 | loss 0.4174 | val_acc=0.7850 val_roc_auc=0.7873 val_loss=0.4260 val_metric_name=roc_auc val_metric=0.7873
Step 1300 | loss 0.4151 | val_acc=0.7816 val_roc_auc=0.7891 val_loss=0.4255 val_metric_name=roc_auc val_metric=0.7891
Step 1350 | loss 0.4154 | val_acc=0.7826 val_roc_auc=0.7912 val_loss=0.4245 val_metric_name=roc_auc val_metric=0.7912
Step 1400 | loss 0.4129 | val_acc=0.7812 val_roc_auc=0.7925 val_loss=0.4247 val_metric_name=roc_auc val_metric=0.7925
Step 1450 | loss 0.4146 | val_acc=0.7819 val_roc_auc=0.7938 val_loss=0.4243 val_metric_name=roc_auc val_metric=0.7938
Step 1500 | loss 0.4109 | val_acc=0.7788 val_roc_auc=0.7945 val_loss=0.4248 val_metric_name=roc_auc val_metric=0.7945
Step 1550 | loss 0.4106 | val_acc=0.7802 val_roc_auc=0.7957 val_loss=0.4242 val_metric_name=roc_auc val_metric=0.7957
Step 1600 | loss 0.4103 | val_acc=0.7805 val_roc_auc=0.7962 val_loss=0.4240 val_metric_name=roc_auc val_metric=0.7962
Step 1650 | loss 0.4098 | val_acc=0.7788 val_roc_auc=0.7969 val_loss=0.4242 val_metric_name=roc_auc val_metric=0.7969
Step 1700 | loss 0.4088 | val_acc=0.7785 val_roc_auc=0.7974 val_loss=0.4253 val_metric_name=roc_auc val_metric=0.7974
Step 1750 | loss 0.4085 | val_acc=0.7805 val_roc_auc=0.7978 val_loss=0.4239 val_metric_name=roc_auc val_metric=0.7978
Step 1800 | loss 0.4104 | val_acc=0.7785 val_roc_auc=0.7982 val_loss=0.4246 val_metric_name=roc_auc val_metric=0.7982
Step 1850 | loss 0.4098 | val_acc=0.7799 val_roc_auc=0.7987 val_loss=0.4245 val_metric_name=roc_auc val_metric=0.7987
Step 1900 | loss 0.4069 | val_acc=0.7795 val_roc_auc=0.7994 val_loss=0.4238 val_metric_name=roc_auc val_metric=0.7994
Step 1950 | loss 0.4042 | val_acc=0.7799 val_roc_auc=0.8002 val_loss=0.4239 val_metric_name=roc_auc val_metric=0.8002
Step 2000 | loss 0.4055 | val_acc=0.7816 val_roc_auc=0.7998 val_loss=0.4245 val_metric_name=roc_auc val_metric=0.7998
Step 2050 | loss 0.4020 | val_acc=0.7822 val_roc_auc=0.8002 val_loss=0.4256 val_metric_name=roc_auc val_metric=0.8002
Step 2100 | loss 0.4022 | val_acc=0.7819 val_roc_auc=0.8002 val_loss=0.4257 val_metric_name=roc_auc val_metric=0.8002
Step 2150 | loss 0.4033 | val_acc=0.7799 val_roc_auc=0.8006 val_loss=0.4258 val_metric_name=roc_auc val_metric=0.8006
Step 2200 | loss 0.4024 | val_acc=0.7819 val_roc_auc=0.8014 val_loss=0.4239 val_metric_name=roc_auc val_metric=0.8014
Step 2250 | loss 0.4042 | val_acc=0.7829 val_roc_auc=0.8016 val_loss=0.4250 val_metric_name=roc_auc val_metric=0.8016
Step 2300 | loss 0.4030 | val_acc=0.7805 val_roc_auc=0.8017 val_loss=0.4252 val_metric_name=roc_auc val_metric=0.8017
Step 2350 | loss 0.4007 | val_acc=0.7795 val_roc_auc=0.8017 val_loss=0.4260 val_metric_name=roc_auc val_metric=0.8017
Step 2400 | loss 0.3977 | val_acc=0.7819 val_roc_auc=0.8020 val_loss=0.4255 val_metric_name=roc_auc val_metric=0.8020
Step 2450 | loss 0.3989 | val_acc=0.7839 val_roc_auc=0.8026 val_loss=0.4239 val_metric_name=roc_auc val_metric=0.8026
Step 2500 | loss 0.3985 | val_acc=0.7833 val_roc_auc=0.8027 val_loss=0.4240 val_metric_name=roc_auc val_metric=0.8027
Step 2550 | loss 0.3968 | val_acc=0.7816 val_roc_auc=0.8029 val_loss=0.4259 val_metric_name=roc_auc val_metric=0.8029
Step 2600 | loss 0.3966 | val_acc=0.7826 val_roc_auc=0.8035 val_loss=0.4249 val_metric_name=roc_auc val_metric=0.8035
Step 2650 | loss 0.3966 | val_acc=0.7822 val_roc_auc=0.8035 val_loss=0.4259 val_metric_name=roc_auc val_metric=0.8035
Step 2700 | loss 0.3981 | val_acc=0.7850 val_roc_auc=0.8039 val_loss=0.4251 val_metric_name=roc_auc val_metric=0.8039
Step 2750 | loss 0.3973 | val_acc=0.7822 val_roc_auc=0.8038 val_loss=0.4257 val_metric_name=roc_auc val_metric=0.8038
Step 2800 | loss 0.4023 | val_acc=0.7833 val_roc_auc=0.8043 val_loss=0.4250 val_metric_name=roc_auc val_metric=0.8043
Step 2850 | loss 0.3987 | val_acc=0.7819 val_roc_auc=0.8041 val_loss=0.4259 val_metric_name=roc_auc val_metric=0.8041
Step 2900 | loss 0.3977 | val_acc=0.7819 val_roc_auc=0.8042 val_loss=0.4269 val_metric_name=roc_auc val_metric=0.8042
Step 2950 | loss 0.3989 | val_acc=0.7819 val_roc_auc=0.8040 val_loss=0.4267 val_metric_name=roc_auc val_metric=0.8040
Step 3000 | loss 0.3939 | val_acc=0.7819 val_roc_auc=0.8045 val_loss=0.4270 val_metric_name=roc_auc val_metric=0.8045
Step 3050 | loss 0.3947 | val_acc=0.7819 val_roc_auc=0.8048 val_loss=0.4271 val_metric_name=roc_auc val_metric=0.8048
Step 3100 | loss 0.3932 | val_acc=0.7850 val_roc_auc=0.8050 val_loss=0.4253 val_metric_name=roc_auc val_metric=0.8050
Step 3150 | loss 0.3941 | val_acc=0.7833 val_roc_auc=0.8048 val_loss=0.4255 val_metric_name=roc_auc val_metric=0.8048
Step 3200 | loss 0.3967 | val_acc=0.7816 val_roc_auc=0.8047 val_loss=0.4279 val_metric_name=roc_auc val_metric=0.8047
Step 3250 | loss 0.3950 | val_acc=0.7836 val_roc_auc=0.8053 val_loss=0.4257 val_metric_name=roc_auc val_metric=0.8053
Step 3300 | loss 0.3909 | val_acc=0.7833 val_roc_auc=0.8049 val_loss=0.4271 val_metric_name=roc_auc val_metric=0.8049
Step 3350 | loss 0.3923 | val_acc=0.7836 val_roc_auc=0.8052 val_loss=0.4270 val_metric_name=roc_auc val_metric=0.8052
Step 3400 | loss 0.3912 | val_acc=0.7826 val_roc_auc=0.8054 val_loss=0.4265 val_metric_name=roc_auc val_metric=0.8054
Step 3450 | loss 0.3922 | val_acc=0.7822 val_roc_auc=0.8047 val_loss=0.4279 val_metric_name=roc_auc val_metric=0.8047
Step 3500 | loss 0.3902 | val_acc=0.7846 val_roc_auc=0.8049 val_loss=0.4278 val_metric_name=roc_auc val_metric=0.8049
Step 3550 | loss 0.3901 | val_acc=0.7826 val_roc_auc=0.8051 val_loss=0.4286 val_metric_name=roc_auc val_metric=0.8051
Step 3600 | loss 0.3907 | val_acc=0.7816 val_roc_auc=0.8052 val_loss=0.4296 val_metric_name=roc_auc val_metric=0.8052
Step 3650 | loss 0.3924 | val_acc=0.7833 val_roc_auc=0.8057 val_loss=0.4274 val_metric_name=roc_auc val_metric=0.8057
Step 3700 | loss 0.3896 | val_acc=0.7853 val_roc_auc=0.8055 val_loss=0.4270 val_metric_name=roc_auc val_metric=0.8055
Step 3750 | loss 0.3873 | val_acc=0.7850 val_roc_auc=0.8059 val_loss=0.4265 val_metric_name=roc_auc val_metric=0.8059
Step 3800 | loss 0.3913 | val_acc=0.7843 val_roc_auc=0.8055 val_loss=0.4276 val_metric_name=roc_auc val_metric=0.8055
Step 3850 | loss 0.3892 | val_acc=0.7795 val_roc_auc=0.8051 val_loss=0.4301 val_metric_name=roc_auc val_metric=0.8051
Step 3900 | loss 0.3854 | val_acc=0.7795 val_roc_auc=0.8055 val_loss=0.4308 val_metric_name=roc_auc val_metric=0.8055
Step 3950 | loss 0.3877 | val_acc=0.7860 val_roc_auc=0.8055 val_loss=0.4276 val_metric_name=roc_auc val_metric=0.8055
Step 4000 | loss 0.3865 | val_acc=0.7856 val_roc_auc=0.8058 val_loss=0.4277 val_metric_name=roc_auc val_metric=0.8058
Step 4050 | loss 0.3852 | val_acc=0.7822 val_roc_auc=0.8053 val_loss=0.4299 val_metric_name=roc_auc val_metric=0.8053
Step 4100 | loss 0.3815 | val_acc=0.7816 val_roc_auc=0.8055 val_loss=0.4298 val_metric_name=roc_auc val_metric=0.8055
Step 4150 | loss 0.3862 | val_acc=0.7819 val_roc_auc=0.8057 val_loss=0.4295 val_metric_name=roc_auc val_metric=0.8057
Step 4200 | loss 0.3821 | val_acc=0.7829 val_roc_auc=0.8057 val_loss=0.4288 val_metric_name=roc_auc val_metric=0.8057
Step 4250 | loss 0.3822 | val_acc=0.7792 val_roc_auc=0.8053 val_loss=0.4315 val_metric_name=roc_auc val_metric=0.8053
Step 4300 | loss 0.3851 | val_acc=0.7822 val_roc_auc=0.8057 val_loss=0.4298 val_metric_name=roc_auc val_metric=0.8057
Step 4350 | loss 0.3773 | val_acc=0.7822 val_roc_auc=0.8056 val_loss=0.4302 val_metric_name=roc_auc val_metric=0.8056
Step 4400 | loss 0.3767 | val_acc=0.7822 val_roc_auc=0.8054 val_loss=0.4317 val_metric_name=roc_auc val_metric=0.8054
Step 4450 | loss 0.3828 | val_acc=0.7822 val_roc_auc=0.8056 val_loss=0.4304 val_metric_name=roc_auc val_metric=0.8056
Step 4500 | loss 0.3816 | val_acc=0.7829 val_roc_auc=0.8061 val_loss=0.4308 val_metric_name=roc_auc val_metric=0.8061
Step 4550 | loss 0.3784 | val_acc=0.7833 val_roc_auc=0.8064 val_loss=0.4301 val_metric_name=roc_auc val_metric=0.8064
Step 4600 | loss 0.3806 | val_acc=0.7826 val_roc_auc=0.8061 val_loss=0.4308 val_metric_name=roc_auc val_metric=0.8061
Step 4650 | loss 0.3761 | val_acc=0.7822 val_roc_auc=0.8063 val_loss=0.4307 val_metric_name=roc_auc val_metric=0.8063
Step 4700 | loss 0.3807 | val_acc=0.7829 val_roc_auc=0.8064 val_loss=0.4308 val_metric_name=roc_auc val_metric=0.8064
Step 4750 | loss 0.3789 | val_acc=0.7795 val_roc_auc=0.8064 val_loss=0.4322 val_metric_name=roc_auc val_metric=0.8064
Step 4800 | loss 0.3789 | val_acc=0.7822 val_roc_auc=0.8068 val_loss=0.4316 val_metric_name=roc_auc val_metric=0.8068
Step 4850 | loss 0.3769 | val_acc=0.7836 val_roc_auc=0.8071 val_loss=0.4307 val_metric_name=roc_auc val_metric=0.8071
Step 4900 | loss 0.3798 | val_acc=0.7792 val_roc_auc=0.8070 val_loss=0.4328 val_metric_name=roc_auc val_metric=0.8070
Step 4950 | loss 0.3748 | val_acc=0.7816 val_roc_auc=0.8072 val_loss=0.4321 val_metric_name=roc_auc val_metric=0.8072
Step 5000 | loss 0.3757 | val_acc=0.7805 val_roc_auc=0.8075 val_loss=0.4317 val_metric_name=roc_auc val_metric=0.8075

--- Final (best ckpt @ step 5000) ---
  train_acc=0.8139 train_roc_auc=0.8594 train_loss=0.3677 train_metric_name=roc_auc train_metric=0.8594
  val_acc=0.7805 val_roc_auc=0.8075 val_loss=0.4317 val_metric_name=roc_auc val_metric=0.8075
  test_acc=0.7918 test_roc_auc=0.8185 test_loss=0.4227 test_metric_name=roc_auc test_metric=0.8185
  test_roc_auc=0.8185

============================================================
Training tolokers GAT-sep 1L h=384 lr=3e-05 split=3
============================================================
Training for 5000 steps
Step    1 | loss 0.7791 | val_acc=0.5260 val_roc_auc=0.5219 val_loss=0.7076 val_metric_name=roc_auc val_metric=0.5219
Step   50 | loss 0.4794 | val_acc=0.7819 val_roc_auc=0.7200 val_loss=0.4848 val_metric_name=roc_auc val_metric=0.7200
Step  100 | loss 0.4573 | val_acc=0.7805 val_roc_auc=0.7482 val_loss=0.4541 val_metric_name=roc_auc val_metric=0.7482
Step  150 | loss 0.4420 | val_acc=0.7802 val_roc_auc=0.7609 val_loss=0.4422 val_metric_name=roc_auc val_metric=0.7609
Step  200 | loss 0.4298 | val_acc=0.7826 val_roc_auc=0.7684 val_loss=0.4369 val_metric_name=roc_auc val_metric=0.7684
Step  250 | loss 0.4304 | val_acc=0.7822 val_roc_auc=0.7743 val_loss=0.4326 val_metric_name=roc_auc val_metric=0.7743
Step  300 | loss 0.4222 | val_acc=0.7850 val_roc_auc=0.7783 val_loss=0.4309 val_metric_name=roc_auc val_metric=0.7783
Step  350 | loss 0.4218 | val_acc=0.7873 val_roc_auc=0.7823 val_loss=0.4291 val_metric_name=roc_auc val_metric=0.7823
Step  400 | loss 0.4190 | val_acc=0.7897 val_roc_auc=0.7867 val_loss=0.4270 val_metric_name=roc_auc val_metric=0.7867
Step  450 | loss 0.4157 | val_acc=0.7880 val_roc_auc=0.7919 val_loss=0.4244 val_metric_name=roc_auc val_metric=0.7919
Step  500 | loss 0.4093 | val_acc=0.7877 val_roc_auc=0.7957 val_loss=0.4240 val_metric_name=roc_auc val_metric=0.7957
Step  550 | loss 0.4109 | val_acc=0.7860 val_roc_auc=0.7986 val_loss=0.4229 val_metric_name=roc_auc val_metric=0.7986
Step  600 | loss 0.4051 | val_acc=0.7867 val_roc_auc=0.8006 val_loss=0.4226 val_metric_name=roc_auc val_metric=0.8006
Step  650 | loss 0.4013 | val_acc=0.7867 val_roc_auc=0.8026 val_loss=0.4216 val_metric_name=roc_auc val_metric=0.8026
Step  700 | loss 0.4015 | val_acc=0.7884 val_roc_auc=0.8033 val_loss=0.4214 val_metric_name=roc_auc val_metric=0.8033
Step  750 | loss 0.4000 | val_acc=0.7860 val_roc_auc=0.8043 val_loss=0.4219 val_metric_name=roc_auc val_metric=0.8043
Step  800 | loss 0.3971 | val_acc=0.7897 val_roc_auc=0.8047 val_loss=0.4214 val_metric_name=roc_auc val_metric=0.8047
Step  850 | loss 0.3958 | val_acc=0.7884 val_roc_auc=0.8055 val_loss=0.4215 val_metric_name=roc_auc val_metric=0.8055
Step  900 | loss 0.3966 | val_acc=0.7914 val_roc_auc=0.8064 val_loss=0.4215 val_metric_name=roc_auc val_metric=0.8064
Step  950 | loss 0.3953 | val_acc=0.7931 val_roc_auc=0.8072 val_loss=0.4213 val_metric_name=roc_auc val_metric=0.8072
Step 1000 | loss 0.3907 | val_acc=0.7938 val_roc_auc=0.8079 val_loss=0.4222 val_metric_name=roc_auc val_metric=0.8079
Step 1050 | loss 0.3882 | val_acc=0.7931 val_roc_auc=0.8077 val_loss=0.4230 val_metric_name=roc_auc val_metric=0.8077
Step 1100 | loss 0.3885 | val_acc=0.7948 val_roc_auc=0.8078 val_loss=0.4227 val_metric_name=roc_auc val_metric=0.8078
Step 1150 | loss 0.3867 | val_acc=0.7904 val_roc_auc=0.8089 val_loss=0.4244 val_metric_name=roc_auc val_metric=0.8089
Step 1200 | loss 0.3846 | val_acc=0.7938 val_roc_auc=0.8092 val_loss=0.4225 val_metric_name=roc_auc val_metric=0.8092
Step 1250 | loss 0.3828 | val_acc=0.7918 val_roc_auc=0.8099 val_loss=0.4240 val_metric_name=roc_auc val_metric=0.8099
Step 1300 | loss 0.3822 | val_acc=0.7907 val_roc_auc=0.8089 val_loss=0.4249 val_metric_name=roc_auc val_metric=0.8089
Step 1350 | loss 0.3821 | val_acc=0.7952 val_roc_auc=0.8104 val_loss=0.4224 val_metric_name=roc_auc val_metric=0.8104
Step 1400 | loss 0.3791 | val_acc=0.7976 val_roc_auc=0.8112 val_loss=0.4216 val_metric_name=roc_auc val_metric=0.8112
Step 1450 | loss 0.3770 | val_acc=0.7884 val_roc_auc=0.8090 val_loss=0.4262 val_metric_name=roc_auc val_metric=0.8090
Step 1500 | loss 0.3736 | val_acc=0.7924 val_roc_auc=0.8096 val_loss=0.4250 val_metric_name=roc_auc val_metric=0.8096
Step 1550 | loss 0.3744 | val_acc=0.7894 val_roc_auc=0.8097 val_loss=0.4266 val_metric_name=roc_auc val_metric=0.8097
Step 1600 | loss 0.3702 | val_acc=0.7897 val_roc_auc=0.8102 val_loss=0.4265 val_metric_name=roc_auc val_metric=0.8102
Step 1650 | loss 0.3702 | val_acc=0.7877 val_roc_auc=0.8098 val_loss=0.4274 val_metric_name=roc_auc val_metric=0.8098
Step 1700 | loss 0.3631 | val_acc=0.7877 val_roc_auc=0.8090 val_loss=0.4302 val_metric_name=roc_auc val_metric=0.8090
Early stopping at step 1700

--- Final (best ckpt @ step 1400) ---
  train_acc=0.8168 train_roc_auc=0.8582 train_loss=0.3639 train_metric_name=roc_auc train_metric=0.8582
  val_acc=0.7976 val_roc_auc=0.8112 val_loss=0.4216 val_metric_name=roc_auc val_metric=0.8112
  test_acc=0.8007 test_roc_auc=0.8213 test_loss=0.4185 test_metric_name=roc_auc test_metric=0.8213
  test_roc_auc=0.8213

============================================================
Training tolokers GAT-sep 1L h=384 lr=6e-05 split=3
============================================================
Training for 5000 steps
Step    1 | loss 0.7791 | val_acc=0.7108 val_roc_auc=0.5300 val_loss=0.6290 val_metric_name=roc_auc val_metric=0.5300
Step   50 | loss 0.4606 | val_acc=0.7822 val_roc_auc=0.7401 val_loss=0.4626 val_metric_name=roc_auc val_metric=0.7401
Step  100 | loss 0.4412 | val_acc=0.7822 val_roc_auc=0.7637 val_loss=0.4387 val_metric_name=roc_auc val_metric=0.7637
Step  150 | loss 0.4292 | val_acc=0.7843 val_roc_auc=0.7745 val_loss=0.4324 val_metric_name=roc_auc val_metric=0.7745
Step  200 | loss 0.4191 | val_acc=0.7863 val_roc_auc=0.7804 val_loss=0.4296 val_metric_name=roc_auc val_metric=0.7804
Step  250 | loss 0.4190 | val_acc=0.7894 val_roc_auc=0.7887 val_loss=0.4251 val_metric_name=roc_auc val_metric=0.7887
Step  300 | loss 0.4054 | val_acc=0.7860 val_roc_auc=0.7971 val_loss=0.4226 val_metric_name=roc_auc val_metric=0.7971
Step  350 | loss 0.4057 | val_acc=0.7867 val_roc_auc=0.8014 val_loss=0.4223 val_metric_name=roc_auc val_metric=0.8014
Step  400 | loss 0.4020 | val_acc=0.7880 val_roc_auc=0.8026 val_loss=0.4220 val_metric_name=roc_auc val_metric=0.8026
Step  450 | loss 0.3992 | val_acc=0.7897 val_roc_auc=0.8053 val_loss=0.4224 val_metric_name=roc_auc val_metric=0.8053
Step  500 | loss 0.3937 | val_acc=0.7911 val_roc_auc=0.8064 val_loss=0.4224 val_metric_name=roc_auc val_metric=0.8064
Step  550 | loss 0.3943 | val_acc=0.7931 val_roc_auc=0.8083 val_loss=0.4218 val_metric_name=roc_auc val_metric=0.8083
Step  600 | loss 0.3882 | val_acc=0.7935 val_roc_auc=0.8085 val_loss=0.4219 val_metric_name=roc_auc val_metric=0.8085
Step  650 | loss 0.3831 | val_acc=0.7863 val_roc_auc=0.8089 val_loss=0.4251 val_metric_name=roc_auc val_metric=0.8089
Step  700 | loss 0.3818 | val_acc=0.7918 val_roc_auc=0.8093 val_loss=0.4233 val_metric_name=roc_auc val_metric=0.8093
Step  750 | loss 0.3796 | val_acc=0.7839 val_roc_auc=0.8086 val_loss=0.4276 val_metric_name=roc_auc val_metric=0.8086
Step  800 | loss 0.3770 | val_acc=0.7880 val_roc_auc=0.8097 val_loss=0.4258 val_metric_name=roc_auc val_metric=0.8097
Step  850 | loss 0.3744 | val_acc=0.7860 val_roc_auc=0.8088 val_loss=0.4270 val_metric_name=roc_auc val_metric=0.8088
Step  900 | loss 0.3733 | val_acc=0.7843 val_roc_auc=0.8094 val_loss=0.4302 val_metric_name=roc_auc val_metric=0.8094
Step  950 | loss 0.3693 | val_acc=0.7863 val_roc_auc=0.8106 val_loss=0.4273 val_metric_name=roc_auc val_metric=0.8106
Step 1000 | loss 0.3630 | val_acc=0.7850 val_roc_auc=0.8100 val_loss=0.4311 val_metric_name=roc_auc val_metric=0.8100
Step 1050 | loss 0.3580 | val_acc=0.7812 val_roc_auc=0.8089 val_loss=0.4357 val_metric_name=roc_auc val_metric=0.8089
Step 1100 | loss 0.3583 | val_acc=0.7761 val_roc_auc=0.8087 val_loss=0.4398 val_metric_name=roc_auc val_metric=0.8087
Step 1150 | loss 0.3502 | val_acc=0.7802 val_roc_auc=0.8102 val_loss=0.4389 val_metric_name=roc_auc val_metric=0.8102
Step 1200 | loss 0.3496 | val_acc=0.7870 val_roc_auc=0.8095 val_loss=0.4408 val_metric_name=roc_auc val_metric=0.8095
Step 1250 | loss 0.3427 | val_acc=0.7867 val_roc_auc=0.8084 val_loss=0.4452 val_metric_name=roc_auc val_metric=0.8084
Step 1300 | loss 0.3402 | val_acc=0.7867 val_roc_auc=0.8084 val_loss=0.4514 val_metric_name=roc_auc val_metric=0.8084
Early stopping at step 1343

--- Final (best ckpt @ step 940) ---
  train_acc=0.8248 train_roc_auc=0.8703 train_loss=0.3516 train_metric_name=roc_auc train_metric=0.8703
  val_acc=0.7860 val_roc_auc=0.8107 val_loss=0.4281 val_metric_name=roc_auc val_metric=0.8107
  test_acc=0.7973 test_roc_auc=0.8230 test_loss=0.4242 test_metric_name=roc_auc test_metric=0.8230
  test_roc_auc=0.8230

============================================================
Training tolokers GAT-sep 1L h=384 lr=0.0001 split=3
============================================================
Training for 5000 steps
Step    1 | loss 0.7791 | val_acc=0.7744 val_roc_auc=0.5388 val_loss=0.5613 val_metric_name=roc_auc val_metric=0.5388
Step   50 | loss 0.4502 | val_acc=0.7771 val_roc_auc=0.7499 val_loss=0.4458 val_metric_name=roc_auc val_metric=0.7499
Step  100 | loss 0.4315 | val_acc=0.7812 val_roc_auc=0.7729 val_loss=0.4324 val_metric_name=roc_auc val_metric=0.7729
Step  150 | loss 0.4223 | val_acc=0.7890 val_roc_auc=0.7820 val_loss=0.4286 val_metric_name=roc_auc val_metric=0.7820
Step  200 | loss 0.4108 | val_acc=0.7853 val_roc_auc=0.7938 val_loss=0.4238 val_metric_name=roc_auc val_metric=0.7938
Step  250 | loss 0.4076 | val_acc=0.7880 val_roc_auc=0.8019 val_loss=0.4211 val_metric_name=roc_auc val_metric=0.8019
Step  300 | loss 0.3947 | val_acc=0.7901 val_roc_auc=0.8041 val_loss=0.4225 val_metric_name=roc_auc val_metric=0.8041
Step  350 | loss 0.3946 | val_acc=0.7928 val_roc_auc=0.8072 val_loss=0.4211 val_metric_name=roc_auc val_metric=0.8072
Step  400 | loss 0.3907 | val_acc=0.7924 val_roc_auc=0.8086 val_loss=0.4204 val_metric_name=roc_auc val_metric=0.8086
Step  450 | loss 0.3850 | val_acc=0.7918 val_roc_auc=0.8106 val_loss=0.4214 val_metric_name=roc_auc val_metric=0.8106
Step  500 | loss 0.3796 | val_acc=0.7884 val_roc_auc=0.8099 val_loss=0.4247 val_metric_name=roc_auc val_metric=0.8099
Step  550 | loss 0.3782 | val_acc=0.7921 val_roc_auc=0.8090 val_loss=0.4250 val_metric_name=roc_auc val_metric=0.8090
Step  600 | loss 0.3715 | val_acc=0.7884 val_roc_auc=0.8110 val_loss=0.4252 val_metric_name=roc_auc val_metric=0.8110
Step  650 | loss 0.3645 | val_acc=0.7826 val_roc_auc=0.8101 val_loss=0.4327 val_metric_name=roc_auc val_metric=0.8101
Step  700 | loss 0.3600 | val_acc=0.7778 val_roc_auc=0.8083 val_loss=0.4373 val_metric_name=roc_auc val_metric=0.8083
Step  750 | loss 0.3557 | val_acc=0.7826 val_roc_auc=0.8092 val_loss=0.4366 val_metric_name=roc_auc val_metric=0.8092
Step  800 | loss 0.3486 | val_acc=0.7863 val_roc_auc=0.8094 val_loss=0.4403 val_metric_name=roc_auc val_metric=0.8094
Step  850 | loss 0.3442 | val_acc=0.7829 val_roc_auc=0.8074 val_loss=0.4492 val_metric_name=roc_auc val_metric=0.8074
Step  900 | loss 0.3415 | val_acc=0.7836 val_roc_auc=0.8080 val_loss=0.4576 val_metric_name=roc_auc val_metric=0.8080
Early stopping at step 940

--- Final (best ckpt @ step 640) ---
  train_acc=0.8255 train_roc_auc=0.8712 train_loss=0.3516 train_metric_name=roc_auc train_metric=0.8712
  val_acc=0.7833 val_roc_auc=0.8116 val_loss=0.4276 val_metric_name=roc_auc val_metric=0.8116
  test_acc=0.7976 test_roc_auc=0.8222 test_loss=0.4247 test_metric_name=roc_auc test_metric=0.8222
  test_roc_auc=0.8222

============================================================
Training tolokers GAT-sep 1L h=384 lr=1e-05 split=3
============================================================
Training for 5000 steps
Step    1 | loss 0.7791 | val_acc=0.2423 val_roc_auc=0.5160 val_loss=0.7737 val_metric_name=roc_auc val_metric=0.5160
Step   50 | loss 0.5124 | val_acc=0.7819 val_roc_auc=0.6642 val_loss=0.5164 val_metric_name=roc_auc val_metric=0.6642
Step  100 | loss 0.4897 | val_acc=0.7822 val_roc_auc=0.7129 val_loss=0.4853 val_metric_name=roc_auc val_metric=0.7129
Step  150 | loss 0.4718 | val_acc=0.7829 val_roc_auc=0.7295 val_loss=0.4712 val_metric_name=roc_auc val_metric=0.7295
Step  200 | loss 0.4572 | val_acc=0.7833 val_roc_auc=0.7417 val_loss=0.4621 val_metric_name=roc_auc val_metric=0.7417
Step  250 | loss 0.4560 | val_acc=0.7812 val_roc_auc=0.7485 val_loss=0.4549 val_metric_name=roc_auc val_metric=0.7485
Step  300 | loss 0.4471 | val_acc=0.7816 val_roc_auc=0.7538 val_loss=0.4501 val_metric_name=roc_auc val_metric=0.7538
Step  350 | loss 0.4462 | val_acc=0.7805 val_roc_auc=0.7582 val_loss=0.4461 val_metric_name=roc_auc val_metric=0.7582
Step  400 | loss 0.4434 | val_acc=0.7802 val_roc_auc=0.7619 val_loss=0.4421 val_metric_name=roc_auc val_metric=0.7619
Step  450 | loss 0.4372 | val_acc=0.7833 val_roc_auc=0.7651 val_loss=0.4394 val_metric_name=roc_auc val_metric=0.7651
Step  500 | loss 0.4351 | val_acc=0.7833 val_roc_auc=0.7678 val_loss=0.4374 val_metric_name=roc_auc val_metric=0.7678
Step  550 | loss 0.4345 | val_acc=0.7805 val_roc_auc=0.7702 val_loss=0.4357 val_metric_name=roc_auc val_metric=0.7702
Step  600 | loss 0.4302 | val_acc=0.7805 val_roc_auc=0.7724 val_loss=0.4338 val_metric_name=roc_auc val_metric=0.7724
Step  650 | loss 0.4289 | val_acc=0.7816 val_roc_auc=0.7742 val_loss=0.4331 val_metric_name=roc_auc val_metric=0.7742
Step  700 | loss 0.4271 | val_acc=0.7860 val_roc_auc=0.7759 val_loss=0.4319 val_metric_name=roc_auc val_metric=0.7759
Step  750 | loss 0.4256 | val_acc=0.7860 val_roc_auc=0.7777 val_loss=0.4315 val_metric_name=roc_auc val_metric=0.7777
Step  800 | loss 0.4227 | val_acc=0.7853 val_roc_auc=0.7792 val_loss=0.4306 val_metric_name=roc_auc val_metric=0.7792
Step  850 | loss 0.4216 | val_acc=0.7880 val_roc_auc=0.7805 val_loss=0.4297 val_metric_name=roc_auc val_metric=0.7805
Step  900 | loss 0.4230 | val_acc=0.7877 val_roc_auc=0.7822 val_loss=0.4290 val_metric_name=roc_auc val_metric=0.7822
Step  950 | loss 0.4232 | val_acc=0.7873 val_roc_auc=0.7837 val_loss=0.4284 val_metric_name=roc_auc val_metric=0.7837
Step 1000 | loss 0.4202 | val_acc=0.7890 val_roc_auc=0.7852 val_loss=0.4275 val_metric_name=roc_auc val_metric=0.7852
Step 1050 | loss 0.4173 | val_acc=0.7860 val_roc_auc=0.7871 val_loss=0.4265 val_metric_name=roc_auc val_metric=0.7871
Step 1100 | loss 0.4164 | val_acc=0.7877 val_roc_auc=0.7889 val_loss=0.4259 val_metric_name=roc_auc val_metric=0.7889
Step 1150 | loss 0.4157 | val_acc=0.7863 val_roc_auc=0.7909 val_loss=0.4252 val_metric_name=roc_auc val_metric=0.7909
Step 1200 | loss 0.4156 | val_acc=0.7853 val_roc_auc=0.7925 val_loss=0.4248 val_metric_name=roc_auc val_metric=0.7925
Step 1250 | loss 0.4150 | val_acc=0.7867 val_roc_auc=0.7940 val_loss=0.4243 val_metric_name=roc_auc val_metric=0.7940
Step 1300 | loss 0.4109 | val_acc=0.7860 val_roc_auc=0.7954 val_loss=0.4241 val_metric_name=roc_auc val_metric=0.7954
Step 1350 | loss 0.4131 | val_acc=0.7846 val_roc_auc=0.7967 val_loss=0.4234 val_metric_name=roc_auc val_metric=0.7967
Step 1400 | loss 0.4086 | val_acc=0.7853 val_roc_auc=0.7974 val_loss=0.4236 val_metric_name=roc_auc val_metric=0.7974
Step 1450 | loss 0.4073 | val_acc=0.7856 val_roc_auc=0.7979 val_loss=0.4234 val_metric_name=roc_auc val_metric=0.7979
Step 1500 | loss 0.4070 | val_acc=0.7860 val_roc_auc=0.7992 val_loss=0.4228 val_metric_name=roc_auc val_metric=0.7992
Step 1550 | loss 0.4039 | val_acc=0.7870 val_roc_auc=0.7998 val_loss=0.4229 val_metric_name=roc_auc val_metric=0.7998
Step 1600 | loss 0.4074 | val_acc=0.7863 val_roc_auc=0.8003 val_loss=0.4229 val_metric_name=roc_auc val_metric=0.8003
Step 1650 | loss 0.4042 | val_acc=0.7860 val_roc_auc=0.8011 val_loss=0.4229 val_metric_name=roc_auc val_metric=0.8011
Step 1700 | loss 0.4033 | val_acc=0.7863 val_roc_auc=0.8017 val_loss=0.4225 val_metric_name=roc_auc val_metric=0.8017
Step 1750 | loss 0.4022 | val_acc=0.7843 val_roc_auc=0.8020 val_loss=0.4226 val_metric_name=roc_auc val_metric=0.8020
Step 1800 | loss 0.4014 | val_acc=0.7846 val_roc_auc=0.8027 val_loss=0.4224 val_metric_name=roc_auc val_metric=0.8027
Step 1850 | loss 0.3986 | val_acc=0.7863 val_roc_auc=0.8033 val_loss=0.4220 val_metric_name=roc_auc val_metric=0.8033
Step 1900 | loss 0.4016 | val_acc=0.7863 val_roc_auc=0.8038 val_loss=0.4217 val_metric_name=roc_auc val_metric=0.8038
Step 1950 | loss 0.3994 | val_acc=0.7880 val_roc_auc=0.8040 val_loss=0.4218 val_metric_name=roc_auc val_metric=0.8040
Step 2000 | loss 0.3991 | val_acc=0.7839 val_roc_auc=0.8043 val_loss=0.4222 val_metric_name=roc_auc val_metric=0.8043
Step 2050 | loss 0.3999 | val_acc=0.7887 val_roc_auc=0.8047 val_loss=0.4216 val_metric_name=roc_auc val_metric=0.8047
Step 2100 | loss 0.4002 | val_acc=0.7877 val_roc_auc=0.8052 val_loss=0.4218 val_metric_name=roc_auc val_metric=0.8052
Step 2150 | loss 0.4007 | val_acc=0.7894 val_roc_auc=0.8060 val_loss=0.4212 val_metric_name=roc_auc val_metric=0.8060
Step 2200 | loss 0.3964 | val_acc=0.7904 val_roc_auc=0.8060 val_loss=0.4211 val_metric_name=roc_auc val_metric=0.8060
Step 2250 | loss 0.3972 | val_acc=0.7890 val_roc_auc=0.8061 val_loss=0.4216 val_metric_name=roc_auc val_metric=0.8061
Step 2300 | loss 0.3985 | val_acc=0.7901 val_roc_auc=0.8063 val_loss=0.4218 val_metric_name=roc_auc val_metric=0.8063
Step 2350 | loss 0.3935 | val_acc=0.7911 val_roc_auc=0.8064 val_loss=0.4220 val_metric_name=roc_auc val_metric=0.8064
Step 2400 | loss 0.3935 | val_acc=0.7918 val_roc_auc=0.8067 val_loss=0.4224 val_metric_name=roc_auc val_metric=0.8067
Step 2450 | loss 0.3934 | val_acc=0.7928 val_roc_auc=0.8071 val_loss=0.4218 val_metric_name=roc_auc val_metric=0.8071
Step 2500 | loss 0.3952 | val_acc=0.7935 val_roc_auc=0.8076 val_loss=0.4214 val_metric_name=roc_auc val_metric=0.8076
Step 2550 | loss 0.3941 | val_acc=0.7924 val_roc_auc=0.8071 val_loss=0.4229 val_metric_name=roc_auc val_metric=0.8071
Step 2600 | loss 0.3902 | val_acc=0.7935 val_roc_auc=0.8074 val_loss=0.4227 val_metric_name=roc_auc val_metric=0.8074
Step 2650 | loss 0.3880 | val_acc=0.7935 val_roc_auc=0.8079 val_loss=0.4219 val_metric_name=roc_auc val_metric=0.8079
Step 2700 | loss 0.3932 | val_acc=0.7918 val_roc_auc=0.8079 val_loss=0.4228 val_metric_name=roc_auc val_metric=0.8079
Step 2750 | loss 0.3884 | val_acc=0.7918 val_roc_auc=0.8077 val_loss=0.4230 val_metric_name=roc_auc val_metric=0.8077
Step 2800 | loss 0.3907 | val_acc=0.7914 val_roc_auc=0.8084 val_loss=0.4230 val_metric_name=roc_auc val_metric=0.8084
Step 2850 | loss 0.3893 | val_acc=0.7924 val_roc_auc=0.8083 val_loss=0.4239 val_metric_name=roc_auc val_metric=0.8083
Step 2900 | loss 0.3888 | val_acc=0.7931 val_roc_auc=0.8086 val_loss=0.4225 val_metric_name=roc_auc val_metric=0.8086
Step 2950 | loss 0.3892 | val_acc=0.7948 val_roc_auc=0.8086 val_loss=0.4226 val_metric_name=roc_auc val_metric=0.8086
Step 3000 | loss 0.3895 | val_acc=0.7945 val_roc_auc=0.8091 val_loss=0.4219 val_metric_name=roc_auc val_metric=0.8091
Step 3050 | loss 0.3868 | val_acc=0.7911 val_roc_auc=0.8085 val_loss=0.4239 val_metric_name=roc_auc val_metric=0.8085
Step 3100 | loss 0.3857 | val_acc=0.7918 val_roc_auc=0.8085 val_loss=0.4239 val_metric_name=roc_auc val_metric=0.8085
Step 3150 | loss 0.3805 | val_acc=0.7928 val_roc_auc=0.8090 val_loss=0.4235 val_metric_name=roc_auc val_metric=0.8090
Step 3200 | loss 0.3851 | val_acc=0.7924 val_roc_auc=0.8091 val_loss=0.4235 val_metric_name=roc_auc val_metric=0.8091
Step 3250 | loss 0.3833 | val_acc=0.7958 val_roc_auc=0.8099 val_loss=0.4215 val_metric_name=roc_auc val_metric=0.8099
Step 3300 | loss 0.3829 | val_acc=0.7921 val_roc_auc=0.8092 val_loss=0.4232 val_metric_name=roc_auc val_metric=0.8092
Step 3350 | loss 0.3847 | val_acc=0.7918 val_roc_auc=0.8095 val_loss=0.4237 val_metric_name=roc_auc val_metric=0.8095
Step 3400 | loss 0.3814 | val_acc=0.7938 val_roc_auc=0.8092 val_loss=0.4233 val_metric_name=roc_auc val_metric=0.8092
Step 3450 | loss 0.3781 | val_acc=0.7938 val_roc_auc=0.8095 val_loss=0.4235 val_metric_name=roc_auc val_metric=0.8095
Step 3500 | loss 0.3787 | val_acc=0.7921 val_roc_auc=0.8097 val_loss=0.4245 val_metric_name=roc_auc val_metric=0.8097
Early stopping at step 3540

--- Final (best ckpt @ step 3240) ---
  train_acc=0.8156 train_roc_auc=0.8518 train_loss=0.3718 train_metric_name=roc_auc train_metric=0.8518
  val_acc=0.7948 val_roc_auc=0.8102 val_loss=0.4216 val_metric_name=roc_auc val_metric=0.8102
  test_acc=0.7986 test_roc_auc=0.8206 test_loss=0.4168 test_metric_name=roc_auc test_metric=0.8206
  test_roc_auc=0.8206

============================================================
Training tolokers GAT-sep 1L h=512 lr=3e-05 split=3
============================================================
Training for 5000 steps
Step    1 | loss 0.6661 | val_acc=0.7822 val_roc_auc=0.6869 val_loss=0.5614 val_metric_name=roc_auc val_metric=0.6869
Step   50 | loss 0.4637 | val_acc=0.7822 val_roc_auc=0.7360 val_loss=0.4672 val_metric_name=roc_auc val_metric=0.7360
Step  100 | loss 0.4462 | val_acc=0.7799 val_roc_auc=0.7578 val_loss=0.4505 val_metric_name=roc_auc val_metric=0.7578
Step  150 | loss 0.4338 | val_acc=0.7826 val_roc_auc=0.7684 val_loss=0.4400 val_metric_name=roc_auc val_metric=0.7684
Step  200 | loss 0.4244 | val_acc=0.7829 val_roc_auc=0.7747 val_loss=0.4355 val_metric_name=roc_auc val_metric=0.7747
Step  250 | loss 0.4204 | val_acc=0.7853 val_roc_auc=0.7788 val_loss=0.4324 val_metric_name=roc_auc val_metric=0.7788
Step  300 | loss 0.4185 | val_acc=0.7863 val_roc_auc=0.7819 val_loss=0.4311 val_metric_name=roc_auc val_metric=0.7819
Step  350 | loss 0.4196 | val_acc=0.7870 val_roc_auc=0.7852 val_loss=0.4289 val_metric_name=roc_auc val_metric=0.7852
Step  400 | loss 0.4160 | val_acc=0.7870 val_roc_auc=0.7872 val_loss=0.4272 val_metric_name=roc_auc val_metric=0.7872
Step  450 | loss 0.4113 | val_acc=0.7904 val_roc_auc=0.7913 val_loss=0.4252 val_metric_name=roc_auc val_metric=0.7913
Step  500 | loss 0.4097 | val_acc=0.7880 val_roc_auc=0.7970 val_loss=0.4228 val_metric_name=roc_auc val_metric=0.7970
Step  550 | loss 0.4028 | val_acc=0.7870 val_roc_auc=0.8004 val_loss=0.4228 val_metric_name=roc_auc val_metric=0.8004
Step  600 | loss 0.4034 | val_acc=0.7870 val_roc_auc=0.8014 val_loss=0.4228 val_metric_name=roc_auc val_metric=0.8014
Step  650 | loss 0.3983 | val_acc=0.7901 val_roc_auc=0.8043 val_loss=0.4225 val_metric_name=roc_auc val_metric=0.8043
Step  700 | loss 0.3969 | val_acc=0.7897 val_roc_auc=0.8043 val_loss=0.4238 val_metric_name=roc_auc val_metric=0.8043
Step  750 | loss 0.3944 | val_acc=0.7894 val_roc_auc=0.8057 val_loss=0.4220 val_metric_name=roc_auc val_metric=0.8057
Step  800 | loss 0.3947 | val_acc=0.7877 val_roc_auc=0.8055 val_loss=0.4227 val_metric_name=roc_auc val_metric=0.8055
Step  850 | loss 0.3918 | val_acc=0.7911 val_roc_auc=0.8067 val_loss=0.4223 val_metric_name=roc_auc val_metric=0.8067
Step  900 | loss 0.3880 | val_acc=0.7901 val_roc_auc=0.8075 val_loss=0.4217 val_metric_name=roc_auc val_metric=0.8075
Step  950 | loss 0.3858 | val_acc=0.7921 val_roc_auc=0.8075 val_loss=0.4234 val_metric_name=roc_auc val_metric=0.8075
Step 1000 | loss 0.3837 | val_acc=0.7918 val_roc_auc=0.8087 val_loss=0.4225 val_metric_name=roc_auc val_metric=0.8087
Step 1050 | loss 0.3803 | val_acc=0.7918 val_roc_auc=0.8094 val_loss=0.4230 val_metric_name=roc_auc val_metric=0.8094
Step 1100 | loss 0.3792 | val_acc=0.7948 val_roc_auc=0.8085 val_loss=0.4246 val_metric_name=roc_auc val_metric=0.8085
Step 1150 | loss 0.3763 | val_acc=0.7938 val_roc_auc=0.8087 val_loss=0.4250 val_metric_name=roc_auc val_metric=0.8087
Step 1200 | loss 0.3747 | val_acc=0.7938 val_roc_auc=0.8096 val_loss=0.4258 val_metric_name=roc_auc val_metric=0.8096
Step 1250 | loss 0.3716 | val_acc=0.7941 val_roc_auc=0.8104 val_loss=0.4269 val_metric_name=roc_auc val_metric=0.8104
Step 1300 | loss 0.3697 | val_acc=0.7907 val_roc_auc=0.8106 val_loss=0.4286 val_metric_name=roc_auc val_metric=0.8106
Step 1350 | loss 0.3676 | val_acc=0.7914 val_roc_auc=0.8110 val_loss=0.4282 val_metric_name=roc_auc val_metric=0.8110
Step 1400 | loss 0.3637 | val_acc=0.7897 val_roc_auc=0.8123 val_loss=0.4275 val_metric_name=roc_auc val_metric=0.8123
Step 1450 | loss 0.3624 | val_acc=0.7931 val_roc_auc=0.8128 val_loss=0.4310 val_metric_name=roc_auc val_metric=0.8128
Step 1500 | loss 0.3600 | val_acc=0.7904 val_roc_auc=0.8134 val_loss=0.4313 val_metric_name=roc_auc val_metric=0.8134
Step 1550 | loss 0.3599 | val_acc=0.7918 val_roc_auc=0.8128 val_loss=0.4344 val_metric_name=roc_auc val_metric=0.8128
Step 1600 | loss 0.3546 | val_acc=0.7911 val_roc_auc=0.8135 val_loss=0.4373 val_metric_name=roc_auc val_metric=0.8135
Step 1650 | loss 0.3513 | val_acc=0.7901 val_roc_auc=0.8126 val_loss=0.4388 val_metric_name=roc_auc val_metric=0.8126
Step 1700 | loss 0.3480 | val_acc=0.7904 val_roc_auc=0.8139 val_loss=0.4391 val_metric_name=roc_auc val_metric=0.8139
Step 1750 | loss 0.3406 | val_acc=0.7962 val_roc_auc=0.8128 val_loss=0.4454 val_metric_name=roc_auc val_metric=0.8128
Step 1800 | loss 0.3364 | val_acc=0.7958 val_roc_auc=0.8141 val_loss=0.4471 val_metric_name=roc_auc val_metric=0.8141
Step 1850 | loss 0.3407 | val_acc=0.7962 val_roc_auc=0.8124 val_loss=0.4504 val_metric_name=roc_auc val_metric=0.8124
Step 1900 | loss 0.3313 | val_acc=0.7928 val_roc_auc=0.8101 val_loss=0.4585 val_metric_name=roc_auc val_metric=0.8101
Step 1950 | loss 0.3330 | val_acc=0.7914 val_roc_auc=0.8101 val_loss=0.4622 val_metric_name=roc_auc val_metric=0.8101
Step 2000 | loss 0.3337 | val_acc=0.7904 val_roc_auc=0.8076 val_loss=0.4707 val_metric_name=roc_auc val_metric=0.8076
Early stopping at step 2020

--- Final (best ckpt @ step 1720) ---
  train_acc=0.8450 train_roc_auc=0.8950 train_loss=0.3214 train_metric_name=roc_auc train_metric=0.8950
  val_acc=0.7969 val_roc_auc=0.8150 val_loss=0.4412 val_metric_name=roc_auc val_metric=0.8150
  test_acc=0.8048 test_roc_auc=0.8230 test_loss=0.4448 test_metric_name=roc_auc test_metric=0.8230
  test_roc_auc=0.8230

============================================================
Training tolokers GAT-sep 1L h=512 lr=6e-05 split=3
============================================================
Training for 5000 steps
Step    1 | loss 0.6661 | val_acc=0.7819 val_roc_auc=0.6865 val_loss=0.5158 val_metric_name=roc_auc val_metric=0.6865
Step   50 | loss 0.4513 | val_acc=0.7805 val_roc_auc=0.7498 val_loss=0.4561 val_metric_name=roc_auc val_metric=0.7498
Step  100 | loss 0.4328 | val_acc=0.7816 val_roc_auc=0.7702 val_loss=0.4377 val_metric_name=roc_auc val_metric=0.7702
Step  150 | loss 0.4225 | val_acc=0.7850 val_roc_auc=0.7780 val_loss=0.4345 val_metric_name=roc_auc val_metric=0.7780
Step  200 | loss 0.4170 | val_acc=0.7863 val_roc_auc=0.7836 val_loss=0.4295 val_metric_name=roc_auc val_metric=0.7836
Step  250 | loss 0.4116 | val_acc=0.7887 val_roc_auc=0.7900 val_loss=0.4241 val_metric_name=roc_auc val_metric=0.7900
Step  300 | loss 0.4049 | val_acc=0.7935 val_roc_auc=0.7963 val_loss=0.4239 val_metric_name=roc_auc val_metric=0.7963
Step  350 | loss 0.4031 | val_acc=0.7877 val_roc_auc=0.8029 val_loss=0.4207 val_metric_name=roc_auc val_metric=0.8029
Step  400 | loss 0.3989 | val_acc=0.7914 val_roc_auc=0.8049 val_loss=0.4205 val_metric_name=roc_auc val_metric=0.8049
Step  450 | loss 0.3925 | val_acc=0.7901 val_roc_auc=0.8053 val_loss=0.4225 val_metric_name=roc_auc val_metric=0.8053
Step  500 | loss 0.3906 | val_acc=0.7924 val_roc_auc=0.8072 val_loss=0.4227 val_metric_name=roc_auc val_metric=0.8072
Step  550 | loss 0.3864 | val_acc=0.7907 val_roc_auc=0.8064 val_loss=0.4251 val_metric_name=roc_auc val_metric=0.8064
Step  600 | loss 0.3843 | val_acc=0.7931 val_roc_auc=0.8079 val_loss=0.4246 val_metric_name=roc_auc val_metric=0.8079
Step  650 | loss 0.3749 | val_acc=0.7928 val_roc_auc=0.8089 val_loss=0.4249 val_metric_name=roc_auc val_metric=0.8089
Step  700 | loss 0.3742 | val_acc=0.7931 val_roc_auc=0.8097 val_loss=0.4286 val_metric_name=roc_auc val_metric=0.8097
Step  750 | loss 0.3689 | val_acc=0.7911 val_roc_auc=0.8103 val_loss=0.4274 val_metric_name=roc_auc val_metric=0.8103
Step  800 | loss 0.3679 | val_acc=0.7935 val_roc_auc=0.8120 val_loss=0.4296 val_metric_name=roc_auc val_metric=0.8120
Step  850 | loss 0.3614 | val_acc=0.7952 val_roc_auc=0.8129 val_loss=0.4317 val_metric_name=roc_auc val_metric=0.8129
Step  900 | loss 0.3539 | val_acc=0.7928 val_roc_auc=0.8129 val_loss=0.4361 val_metric_name=roc_auc val_metric=0.8129
Step  950 | loss 0.3511 | val_acc=0.7931 val_roc_auc=0.8137 val_loss=0.4379 val_metric_name=roc_auc val_metric=0.8137
Step 1000 | loss 0.3448 | val_acc=0.7867 val_roc_auc=0.8119 val_loss=0.4426 val_metric_name=roc_auc val_metric=0.8119
Step 1050 | loss 0.3343 | val_acc=0.7921 val_roc_auc=0.8119 val_loss=0.4488 val_metric_name=roc_auc val_metric=0.8119
Step 1100 | loss 0.3349 | val_acc=0.7901 val_roc_auc=0.8097 val_loss=0.4571 val_metric_name=roc_auc val_metric=0.8097
Step 1150 | loss 0.3265 | val_acc=0.7918 val_roc_auc=0.8082 val_loss=0.4668 val_metric_name=roc_auc val_metric=0.8082
Early stopping at step 1195

--- Final (best ckpt @ step 860) ---
  train_acc=0.8347 train_roc_auc=0.8802 train_loss=0.3393 train_metric_name=roc_auc train_metric=0.8802
  val_acc=0.7962 val_roc_auc=0.8142 val_loss=0.4326 val_metric_name=roc_auc val_metric=0.8142
  test_acc=0.8041 test_roc_auc=0.8219 test_loss=0.4341 test_metric_name=roc_auc test_metric=0.8219
  test_roc_auc=0.8219

============================================================
Training tolokers GAT-sep 1L h=512 lr=0.0001 split=3
============================================================
Training for 5000 steps
Step    1 | loss 0.6661 | val_acc=0.7819 val_roc_auc=0.6826 val_loss=0.5098 val_metric_name=roc_auc val_metric=0.6826
Step   50 | loss 0.4435 | val_acc=0.7778 val_roc_auc=0.7569 val_loss=0.4438 val_metric_name=roc_auc val_metric=0.7569
Step  100 | loss 0.4254 | val_acc=0.7833 val_roc_auc=0.7765 val_loss=0.4320 val_metric_name=roc_auc val_metric=0.7765
Step  150 | loss 0.4171 | val_acc=0.7860 val_roc_auc=0.7851 val_loss=0.4268 val_metric_name=roc_auc val_metric=0.7851
Step  200 | loss 0.4058 | val_acc=0.7880 val_roc_auc=0.7969 val_loss=0.4243 val_metric_name=roc_auc val_metric=0.7969
Step  250 | loss 0.3995 | val_acc=0.7890 val_roc_auc=0.8026 val_loss=0.4197 val_metric_name=roc_auc val_metric=0.8026
Step  300 | loss 0.3936 | val_acc=0.7873 val_roc_auc=0.8039 val_loss=0.4214 val_metric_name=roc_auc val_metric=0.8039
Step  350 | loss 0.3912 | val_acc=0.7884 val_roc_auc=0.8077 val_loss=0.4210 val_metric_name=roc_auc val_metric=0.8077
Step  400 | loss 0.3843 | val_acc=0.7921 val_roc_auc=0.8091 val_loss=0.4222 val_metric_name=roc_auc val_metric=0.8091
Step  450 | loss 0.3781 | val_acc=0.7965 val_roc_auc=0.8097 val_loss=0.4245 val_metric_name=roc_auc val_metric=0.8097
Step  500 | loss 0.3716 | val_acc=0.7948 val_roc_auc=0.8112 val_loss=0.4276 val_metric_name=roc_auc val_metric=0.8112
Step  550 | loss 0.3663 | val_acc=0.7911 val_roc_auc=0.8118 val_loss=0.4330 val_metric_name=roc_auc val_metric=0.8118
Step  600 | loss 0.3598 | val_acc=0.7890 val_roc_auc=0.8103 val_loss=0.4392 val_metric_name=roc_auc val_metric=0.8103
Step  650 | loss 0.3433 | val_acc=0.7941 val_roc_auc=0.8123 val_loss=0.4430 val_metric_name=roc_auc val_metric=0.8123
Step  700 | loss 0.3398 | val_acc=0.7931 val_roc_auc=0.8102 val_loss=0.4513 val_metric_name=roc_auc val_metric=0.8102
Step  750 | loss 0.3324 | val_acc=0.7918 val_roc_auc=0.8071 val_loss=0.4643 val_metric_name=roc_auc val_metric=0.8071
Step  800 | loss 0.3205 | val_acc=0.7928 val_roc_auc=0.8049 val_loss=0.4781 val_metric_name=roc_auc val_metric=0.8049
Step  850 | loss 0.3069 | val_acc=0.7836 val_roc_auc=0.8026 val_loss=0.4931 val_metric_name=roc_auc val_metric=0.8026
Step  900 | loss 0.2919 | val_acc=0.7907 val_roc_auc=0.8007 val_loss=0.5141 val_metric_name=roc_auc val_metric=0.8007
Early stopping at step 942

--- Final (best ckpt @ step 530) ---
  train_acc=0.8311 train_roc_auc=0.8722 train_loss=0.3472 train_metric_name=roc_auc train_metric=0.8722
  val_acc=0.7952 val_roc_auc=0.8130 val_loss=0.4273 val_metric_name=roc_auc val_metric=0.8130
  test_acc=0.8041 test_roc_auc=0.8226 test_loss=0.4250 test_metric_name=roc_auc test_metric=0.8226
  test_roc_auc=0.8226

============================================================
Training tolokers GAT-sep 1L h=512 lr=1e-05 split=3
============================================================
Training for 5000 steps
Step    1 | loss 0.6661 | val_acc=0.7611 val_roc_auc=0.6862 val_loss=0.6153 val_metric_name=roc_auc val_metric=0.6862
Step   50 | loss 0.4864 | val_acc=0.7819 val_roc_auc=0.7200 val_loss=0.4818 val_metric_name=roc_auc val_metric=0.7200
Step  100 | loss 0.4710 | val_acc=0.7819 val_roc_auc=0.7319 val_loss=0.4736 val_metric_name=roc_auc val_metric=0.7319
Step  150 | loss 0.4597 | val_acc=0.7822 val_roc_auc=0.7449 val_loss=0.4626 val_metric_name=roc_auc val_metric=0.7449
Step  200 | loss 0.4477 | val_acc=0.7812 val_roc_auc=0.7531 val_loss=0.4562 val_metric_name=roc_auc val_metric=0.7531
Step  250 | loss 0.4434 | val_acc=0.7799 val_roc_auc=0.7594 val_loss=0.4498 val_metric_name=roc_auc val_metric=0.7594
Step  300 | loss 0.4390 | val_acc=0.7816 val_roc_auc=0.7638 val_loss=0.4458 val_metric_name=roc_auc val_metric=0.7638
Step  350 | loss 0.4365 | val_acc=0.7816 val_roc_auc=0.7673 val_loss=0.4417 val_metric_name=roc_auc val_metric=0.7673
Step  400 | loss 0.4324 | val_acc=0.7826 val_roc_auc=0.7700 val_loss=0.4401 val_metric_name=roc_auc val_metric=0.7700
Step  450 | loss 0.4285 | val_acc=0.7822 val_roc_auc=0.7725 val_loss=0.4372 val_metric_name=roc_auc val_metric=0.7725
Step  500 | loss 0.4298 | val_acc=0.7826 val_roc_auc=0.7745 val_loss=0.4356 val_metric_name=roc_auc val_metric=0.7745
Step  550 | loss 0.4244 | val_acc=0.7836 val_roc_auc=0.7761 val_loss=0.4343 val_metric_name=roc_auc val_metric=0.7761
Step  600 | loss 0.4261 | val_acc=0.7853 val_roc_auc=0.7775 val_loss=0.4334 val_metric_name=roc_auc val_metric=0.7775
Step  650 | loss 0.4220 | val_acc=0.7850 val_roc_auc=0.7789 val_loss=0.4327 val_metric_name=roc_auc val_metric=0.7789
Step  700 | loss 0.4217 | val_acc=0.7850 val_roc_auc=0.7800 val_loss=0.4333 val_metric_name=roc_auc val_metric=0.7800
Step  750 | loss 0.4174 | val_acc=0.7860 val_roc_auc=0.7811 val_loss=0.4323 val_metric_name=roc_auc val_metric=0.7811
Step  800 | loss 0.4204 | val_acc=0.7867 val_roc_auc=0.7824 val_loss=0.4311 val_metric_name=roc_auc val_metric=0.7824
Step  850 | loss 0.4211 | val_acc=0.7860 val_roc_auc=0.7838 val_loss=0.4308 val_metric_name=roc_auc val_metric=0.7838
Step  900 | loss 0.4187 | val_acc=0.7846 val_roc_auc=0.7848 val_loss=0.4296 val_metric_name=roc_auc val_metric=0.7848
Step  950 | loss 0.4174 | val_acc=0.7863 val_roc_auc=0.7857 val_loss=0.4298 val_metric_name=roc_auc val_metric=0.7857
Step 1000 | loss 0.4148 | val_acc=0.7863 val_roc_auc=0.7874 val_loss=0.4277 val_metric_name=roc_auc val_metric=0.7874
Step 1050 | loss 0.4113 | val_acc=0.7897 val_roc_auc=0.7887 val_loss=0.4274 val_metric_name=roc_auc val_metric=0.7887
Step 1100 | loss 0.4116 | val_acc=0.7887 val_roc_auc=0.7910 val_loss=0.4254 val_metric_name=roc_auc val_metric=0.7910
Step 1150 | loss 0.4110 | val_acc=0.7928 val_roc_auc=0.7934 val_loss=0.4247 val_metric_name=roc_auc val_metric=0.7934
Step 1200 | loss 0.4113 | val_acc=0.7890 val_roc_auc=0.7956 val_loss=0.4248 val_metric_name=roc_auc val_metric=0.7956
Step 1250 | loss 0.4080 | val_acc=0.7860 val_roc_auc=0.7976 val_loss=0.4236 val_metric_name=roc_auc val_metric=0.7976
Step 1300 | loss 0.4047 | val_acc=0.7873 val_roc_auc=0.7983 val_loss=0.4240 val_metric_name=roc_auc val_metric=0.7983
Step 1350 | loss 0.4060 | val_acc=0.7877 val_roc_auc=0.7985 val_loss=0.4244 val_metric_name=roc_auc val_metric=0.7985
Step 1400 | loss 0.4032 | val_acc=0.7870 val_roc_auc=0.7997 val_loss=0.4234 val_metric_name=roc_auc val_metric=0.7997
Step 1450 | loss 0.4020 | val_acc=0.7877 val_roc_auc=0.8007 val_loss=0.4234 val_metric_name=roc_auc val_metric=0.8007
Step 1500 | loss 0.4018 | val_acc=0.7870 val_roc_auc=0.8010 val_loss=0.4233 val_metric_name=roc_auc val_metric=0.8010
Step 1550 | loss 0.4008 | val_acc=0.7877 val_roc_auc=0.8020 val_loss=0.4223 val_metric_name=roc_auc val_metric=0.8020
Step 1600 | loss 0.3994 | val_acc=0.7863 val_roc_auc=0.8020 val_loss=0.4229 val_metric_name=roc_auc val_metric=0.8020
Step 1650 | loss 0.3976 | val_acc=0.7870 val_roc_auc=0.8020 val_loss=0.4239 val_metric_name=roc_auc val_metric=0.8020
Step 1700 | loss 0.4011 | val_acc=0.7856 val_roc_auc=0.8024 val_loss=0.4229 val_metric_name=roc_auc val_metric=0.8024
Step 1750 | loss 0.3976 | val_acc=0.7873 val_roc_auc=0.8034 val_loss=0.4228 val_metric_name=roc_auc val_metric=0.8034
Step 1800 | loss 0.3958 | val_acc=0.7850 val_roc_auc=0.8036 val_loss=0.4227 val_metric_name=roc_auc val_metric=0.8036
Step 1850 | loss 0.3968 | val_acc=0.7860 val_roc_auc=0.8043 val_loss=0.4218 val_metric_name=roc_auc val_metric=0.8043
Step 1900 | loss 0.3940 | val_acc=0.7863 val_roc_auc=0.8043 val_loss=0.4227 val_metric_name=roc_auc val_metric=0.8043
Step 1950 | loss 0.3942 | val_acc=0.7873 val_roc_auc=0.8044 val_loss=0.4230 val_metric_name=roc_auc val_metric=0.8044
Step 2000 | loss 0.3974 | val_acc=0.7867 val_roc_auc=0.8050 val_loss=0.4224 val_metric_name=roc_auc val_metric=0.8050
Step 2050 | loss 0.3943 | val_acc=0.7843 val_roc_auc=0.8050 val_loss=0.4227 val_metric_name=roc_auc val_metric=0.8050
Step 2100 | loss 0.3929 | val_acc=0.7856 val_roc_auc=0.8048 val_loss=0.4235 val_metric_name=roc_auc val_metric=0.8048
Step 2150 | loss 0.3944 | val_acc=0.7856 val_roc_auc=0.8054 val_loss=0.4231 val_metric_name=roc_auc val_metric=0.8054
Step 2200 | loss 0.3922 | val_acc=0.7846 val_roc_auc=0.8063 val_loss=0.4222 val_metric_name=roc_auc val_metric=0.8063
Step 2250 | loss 0.3895 | val_acc=0.7884 val_roc_auc=0.8060 val_loss=0.4233 val_metric_name=roc_auc val_metric=0.8060
Step 2300 | loss 0.3915 | val_acc=0.7863 val_roc_auc=0.8054 val_loss=0.4237 val_metric_name=roc_auc val_metric=0.8054
Step 2350 | loss 0.3865 | val_acc=0.7870 val_roc_auc=0.8059 val_loss=0.4235 val_metric_name=roc_auc val_metric=0.8059
Step 2400 | loss 0.3883 | val_acc=0.7884 val_roc_auc=0.8062 val_loss=0.4241 val_metric_name=roc_auc val_metric=0.8062
Step 2450 | loss 0.3862 | val_acc=0.7880 val_roc_auc=0.8065 val_loss=0.4241 val_metric_name=roc_auc val_metric=0.8065
Step 2500 | loss 0.3868 | val_acc=0.7890 val_roc_auc=0.8068 val_loss=0.4237 val_metric_name=roc_auc val_metric=0.8068
Step 2550 | loss 0.3867 | val_acc=0.7884 val_roc_auc=0.8070 val_loss=0.4240 val_metric_name=roc_auc val_metric=0.8070
Step 2600 | loss 0.3841 | val_acc=0.7890 val_roc_auc=0.8078 val_loss=0.4233 val_metric_name=roc_auc val_metric=0.8078
Step 2650 | loss 0.3844 | val_acc=0.7887 val_roc_auc=0.8090 val_loss=0.4225 val_metric_name=roc_auc val_metric=0.8090
Step 2700 | loss 0.3797 | val_acc=0.7897 val_roc_auc=0.8092 val_loss=0.4226 val_metric_name=roc_auc val_metric=0.8092
Step 2750 | loss 0.3819 | val_acc=0.7897 val_roc_auc=0.8090 val_loss=0.4235 val_metric_name=roc_auc val_metric=0.8090
Step 2800 | loss 0.3822 | val_acc=0.7901 val_roc_auc=0.8095 val_loss=0.4227 val_metric_name=roc_auc val_metric=0.8095
Step 2850 | loss 0.3786 | val_acc=0.7931 val_roc_auc=0.8099 val_loss=0.4233 val_metric_name=roc_auc val_metric=0.8099
Step 2900 | loss 0.3772 | val_acc=0.7924 val_roc_auc=0.8099 val_loss=0.4242 val_metric_name=roc_auc val_metric=0.8099
Step 2950 | loss 0.3771 | val_acc=0.7948 val_roc_auc=0.8102 val_loss=0.4230 val_metric_name=roc_auc val_metric=0.8102
Step 3000 | loss 0.3794 | val_acc=0.7918 val_roc_auc=0.8093 val_loss=0.4258 val_metric_name=roc_auc val_metric=0.8093
Step 3050 | loss 0.3739 | val_acc=0.7962 val_roc_auc=0.8101 val_loss=0.4245 val_metric_name=roc_auc val_metric=0.8101
Step 3100 | loss 0.3729 | val_acc=0.7948 val_roc_auc=0.8112 val_loss=0.4238 val_metric_name=roc_auc val_metric=0.8112
Step 3150 | loss 0.3728 | val_acc=0.7948 val_roc_auc=0.8115 val_loss=0.4240 val_metric_name=roc_auc val_metric=0.8115
Step 3200 | loss 0.3716 | val_acc=0.7965 val_roc_auc=0.8123 val_loss=0.4232 val_metric_name=roc_auc val_metric=0.8123
Step 3250 | loss 0.3736 | val_acc=0.7952 val_roc_auc=0.8119 val_loss=0.4242 val_metric_name=roc_auc val_metric=0.8119
Step 3300 | loss 0.3717 | val_acc=0.7948 val_roc_auc=0.8125 val_loss=0.4245 val_metric_name=roc_auc val_metric=0.8125
Step 3350 | loss 0.3720 | val_acc=0.7914 val_roc_auc=0.8126 val_loss=0.4247 val_metric_name=roc_auc val_metric=0.8126
Step 3400 | loss 0.3684 | val_acc=0.7911 val_roc_auc=0.8129 val_loss=0.4247 val_metric_name=roc_auc val_metric=0.8129
Step 3450 | loss 0.3683 | val_acc=0.7914 val_roc_auc=0.8132 val_loss=0.4242 val_metric_name=roc_auc val_metric=0.8132
Step 3500 | loss 0.3688 | val_acc=0.7924 val_roc_auc=0.8129 val_loss=0.4257 val_metric_name=roc_auc val_metric=0.8129
Step 3550 | loss 0.3695 | val_acc=0.7924 val_roc_auc=0.8131 val_loss=0.4263 val_metric_name=roc_auc val_metric=0.8131
Step 3600 | loss 0.3686 | val_acc=0.7901 val_roc_auc=0.8135 val_loss=0.4265 val_metric_name=roc_auc val_metric=0.8135
Step 3650 | loss 0.3649 | val_acc=0.7897 val_roc_auc=0.8134 val_loss=0.4273 val_metric_name=roc_auc val_metric=0.8134
Step 3700 | loss 0.3639 | val_acc=0.7901 val_roc_auc=0.8135 val_loss=0.4288 val_metric_name=roc_auc val_metric=0.8135
Step 3750 | loss 0.3603 | val_acc=0.7870 val_roc_auc=0.8137 val_loss=0.4287 val_metric_name=roc_auc val_metric=0.8137
Step 3800 | loss 0.3639 | val_acc=0.7901 val_roc_auc=0.8141 val_loss=0.4295 val_metric_name=roc_auc val_metric=0.8141
Step 3850 | loss 0.3652 | val_acc=0.7904 val_roc_auc=0.8143 val_loss=0.4286 val_metric_name=roc_auc val_metric=0.8143
Step 3900 | loss 0.3611 | val_acc=0.7904 val_roc_auc=0.8150 val_loss=0.4294 val_metric_name=roc_auc val_metric=0.8150
Step 3950 | loss 0.3594 | val_acc=0.7897 val_roc_auc=0.8147 val_loss=0.4301 val_metric_name=roc_auc val_metric=0.8147
Step 4000 | loss 0.3566 | val_acc=0.7938 val_roc_auc=0.8152 val_loss=0.4319 val_metric_name=roc_auc val_metric=0.8152
Step 4050 | loss 0.3572 | val_acc=0.7931 val_roc_auc=0.8149 val_loss=0.4316 val_metric_name=roc_auc val_metric=0.8149
Step 4100 | loss 0.3563 | val_acc=0.7952 val_roc_auc=0.8151 val_loss=0.4320 val_metric_name=roc_auc val_metric=0.8151
Step 4150 | loss 0.3524 | val_acc=0.7958 val_roc_auc=0.8152 val_loss=0.4335 val_metric_name=roc_auc val_metric=0.8152
Step 4200 | loss 0.3552 | val_acc=0.7965 val_roc_auc=0.8154 val_loss=0.4334 val_metric_name=roc_auc val_metric=0.8154
Step 4250 | loss 0.3540 | val_acc=0.7941 val_roc_auc=0.8149 val_loss=0.4355 val_metric_name=roc_auc val_metric=0.8149
Step 4300 | loss 0.3540 | val_acc=0.7941 val_roc_auc=0.8152 val_loss=0.4370 val_metric_name=roc_auc val_metric=0.8152
Step 4350 | loss 0.3552 | val_acc=0.7945 val_roc_auc=0.8153 val_loss=0.4373 val_metric_name=roc_auc val_metric=0.8153
Step 4400 | loss 0.3509 | val_acc=0.7945 val_roc_auc=0.8151 val_loss=0.4386 val_metric_name=roc_auc val_metric=0.8151
Step 4450 | loss 0.3473 | val_acc=0.7931 val_roc_auc=0.8145 val_loss=0.4374 val_metric_name=roc_auc val_metric=0.8145
Step 4500 | loss 0.3493 | val_acc=0.7948 val_roc_auc=0.8143 val_loss=0.4391 val_metric_name=roc_auc val_metric=0.8143
Step 4550 | loss 0.3471 | val_acc=0.7955 val_roc_auc=0.8140 val_loss=0.4418 val_metric_name=roc_auc val_metric=0.8140
Step 4600 | loss 0.3455 | val_acc=0.7979 val_roc_auc=0.8145 val_loss=0.4405 val_metric_name=roc_auc val_metric=0.8145
Early stopping at step 4640

--- Final (best ckpt @ step 4340) ---
  train_acc=0.8401 train_roc_auc=0.8880 train_loss=0.3289 train_metric_name=roc_auc train_metric=0.8880
  val_acc=0.7941 val_roc_auc=0.8156 val_loss=0.4361 val_metric_name=roc_auc val_metric=0.8156
  test_acc=0.8037 test_roc_auc=0.8237 test_loss=0.4377 test_metric_name=roc_auc test_metric=0.8237
  test_roc_auc=0.8237
  >> num_layers=1 hidden_dim=256 lr=3e-05 best_step=2000 val_roc_auc=0.8089 test_roc_auc=0.8183
     val_acc=0.7870 val_loss=0.4310 val_metric=0.8089 val_metric_name=roc_auc val_roc_auc=0.8089
     test_acc=0.7942 test_loss=0.4257 test_metric=0.8183 test_metric_name=roc_auc test_roc_auc=0.8183
  >> num_layers=1 hidden_dim=256 lr=6e-05 best_step=1020 val_roc_auc=0.8086 test_roc_auc=0.8189
     val_acc=0.7850 val_loss=0.4326 val_metric=0.8086 val_metric_name=roc_auc val_roc_auc=0.8086
     test_acc=0.7912 test_loss=0.4259 test_metric=0.8189 test_metric_name=roc_auc test_roc_auc=0.8189
  >> num_layers=1 hidden_dim=256 lr=0.0001 best_step=670 val_roc_auc=0.8090 test_roc_auc=0.8193
     val_acc=0.7819 val_loss=0.4328 val_metric=0.8090 val_metric_name=roc_auc val_roc_auc=0.8090
     test_acc=0.7932 test_loss=0.4264 test_metric=0.8193 test_metric_name=roc_auc test_roc_auc=0.8193
  >> num_layers=1 hidden_dim=256 lr=1e-05 best_step=5000 val_roc_auc=0.8075 test_roc_auc=0.8185
     val_acc=0.7805 val_loss=0.4317 val_metric=0.8075 val_metric_name=roc_auc val_roc_auc=0.8075
     test_acc=0.7918 test_loss=0.4227 test_metric=0.8185 test_metric_name=roc_auc test_roc_auc=0.8185
  >> num_layers=1 hidden_dim=384 lr=3e-05 best_step=1400 val_roc_auc=0.8112 test_roc_auc=0.8213
     val_acc=0.7976 val_loss=0.4216 val_metric=0.8112 val_metric_name=roc_auc val_roc_auc=0.8112
     test_acc=0.8007 test_loss=0.4185 test_metric=0.8213 test_metric_name=roc_auc test_roc_auc=0.8213
  >> num_layers=1 hidden_dim=384 lr=6e-05 best_step=940 val_roc_auc=0.8107 test_roc_auc=0.8230
     val_acc=0.7860 val_loss=0.4281 val_metric=0.8107 val_metric_name=roc_auc val_roc_auc=0.8107
     test_acc=0.7973 test_loss=0.4242 test_metric=0.8230 test_metric_name=roc_auc test_roc_auc=0.8230
  >> num_layers=1 hidden_dim=384 lr=0.0001 best_step=640 val_roc_auc=0.8116 test_roc_auc=0.8222
     val_acc=0.7833 val_loss=0.4276 val_metric=0.8116 val_metric_name=roc_auc val_roc_auc=0.8116
     test_acc=0.7976 test_loss=0.4247 test_metric=0.8222 test_metric_name=roc_auc test_roc_auc=0.8222
  >> num_layers=1 hidden_dim=384 lr=1e-05 best_step=3240 val_roc_auc=0.8102 test_roc_auc=0.8206
     val_acc=0.7948 val_loss=0.4216 val_metric=0.8102 val_metric_name=roc_auc val_roc_auc=0.8102
     test_acc=0.7986 test_loss=0.4168 test_metric=0.8206 test_metric_name=roc_auc test_roc_auc=0.8206
  >> num_layers=1 hidden_dim=512 lr=3e-05 best_step=1720 val_roc_auc=0.8150 test_roc_auc=0.8230
     val_acc=0.7969 val_loss=0.4412 val_metric=0.8150 val_metric_name=roc_auc val_roc_auc=0.8150
     test_acc=0.8048 test_loss=0.4448 test_metric=0.8230 test_metric_name=roc_auc test_roc_auc=0.8230
  >> num_layers=1 hidden_dim=512 lr=6e-05 best_step=860 val_roc_auc=0.8142 test_roc_auc=0.8219
     val_acc=0.7962 val_loss=0.4326 val_metric=0.8142 val_metric_name=roc_auc val_roc_auc=0.8142
     test_acc=0.8041 test_loss=0.4341 test_metric=0.8219 test_metric_name=roc_auc test_roc_auc=0.8219
  >> num_layers=1 hidden_dim=512 lr=0.0001 best_step=530 val_roc_auc=0.8130 test_roc_auc=0.8226
     val_acc=0.7952 val_loss=0.4273 val_metric=0.8130 val_metric_name=roc_auc val_roc_auc=0.8130
     test_acc=0.8041 test_loss=0.4250 test_metric=0.8226 test_metric_name=roc_auc test_roc_auc=0.8226
  >> num_layers=1 hidden_dim=512 lr=1e-05 best_step=4340 val_roc_auc=0.8156 test_roc_auc=0.8237
     val_acc=0.7941 val_loss=0.4361 val_metric=0.8156 val_metric_name=roc_auc val_roc_auc=0.8156
     test_acc=0.8037 test_loss=0.4377 test_metric=0.8237 test_metric_name=roc_auc test_roc_auc=0.8237
  >> selected best (by val): num_layers=1 hidden_dim=512 lr=1e-05 val_roc_auc=0.8156 test_roc_auc=0.8237
     val_acc=0.7941 val_loss=0.4361 val_metric=0.8156 val_metric_name=roc_auc val_roc_auc=0.8156
     test_acc=0.8037 test_loss=0.4377 test_metric=0.8237 test_metric_name=roc_auc test_roc_auc=0.8237

Done. Results saved to /home/avshmelev/diploma_yandex_graphs/results_grid/tolokers/base.csv, checkpoints in /home/avshmelev/diploma_yandex_graphs/all_checkpoints/tolokers/base/
Skipping: "Done." found in /home/avshmelev/diploma_yandex_graphs/results_grid/tolokers/logs_base/GAT-sep_1L_split3.log
