Loading data...

============================================================
Training tolokers GAT 1L h=256 lr=3e-05 split=2
============================================================
Training for 5000 steps
Step    1 | loss 0.8471 | val_acc=0.2232 val_roc_auc=0.3511 val_loss=0.8173 val_metric_name=roc_auc val_metric=0.3511
Step   50 | loss 0.5361 | val_acc=0.7819 val_roc_auc=0.5645 val_loss=0.5319 val_metric_name=roc_auc val_metric=0.5645
Step  100 | loss 0.5098 | val_acc=0.7819 val_roc_auc=0.6538 val_loss=0.5039 val_metric_name=roc_auc val_metric=0.6538
Step  150 | loss 0.4950 | val_acc=0.7822 val_roc_auc=0.6866 val_loss=0.4910 val_metric_name=roc_auc val_metric=0.6866
Step  200 | loss 0.4836 | val_acc=0.7822 val_roc_auc=0.7040 val_loss=0.4811 val_metric_name=roc_auc val_metric=0.7040
Step  250 | loss 0.4754 | val_acc=0.7816 val_roc_auc=0.7181 val_loss=0.4722 val_metric_name=roc_auc val_metric=0.7181
Step  300 | loss 0.4672 | val_acc=0.7816 val_roc_auc=0.7289 val_loss=0.4655 val_metric_name=roc_auc val_metric=0.7289
Step  350 | loss 0.4618 | val_acc=0.7822 val_roc_auc=0.7357 val_loss=0.4612 val_metric_name=roc_auc val_metric=0.7357
Step  400 | loss 0.4601 | val_acc=0.7826 val_roc_auc=0.7410 val_loss=0.4561 val_metric_name=roc_auc val_metric=0.7410
Step  450 | loss 0.4565 | val_acc=0.7826 val_roc_auc=0.7453 val_loss=0.4522 val_metric_name=roc_auc val_metric=0.7453
Step  500 | loss 0.4526 | val_acc=0.7819 val_roc_auc=0.7495 val_loss=0.4498 val_metric_name=roc_auc val_metric=0.7495
Step  550 | loss 0.4483 | val_acc=0.7822 val_roc_auc=0.7529 val_loss=0.4470 val_metric_name=roc_auc val_metric=0.7529
Step  600 | loss 0.4422 | val_acc=0.7829 val_roc_auc=0.7567 val_loss=0.4452 val_metric_name=roc_auc val_metric=0.7567
Step  650 | loss 0.4403 | val_acc=0.7822 val_roc_auc=0.7597 val_loss=0.4432 val_metric_name=roc_auc val_metric=0.7597
Step  700 | loss 0.4372 | val_acc=0.7816 val_roc_auc=0.7624 val_loss=0.4411 val_metric_name=roc_auc val_metric=0.7624
Step  750 | loss 0.4363 | val_acc=0.7826 val_roc_auc=0.7649 val_loss=0.4395 val_metric_name=roc_auc val_metric=0.7649
Step  800 | loss 0.4358 | val_acc=0.7829 val_roc_auc=0.7675 val_loss=0.4373 val_metric_name=roc_auc val_metric=0.7675
Step  850 | loss 0.4355 | val_acc=0.7843 val_roc_auc=0.7708 val_loss=0.4352 val_metric_name=roc_auc val_metric=0.7708
Step  900 | loss 0.4304 | val_acc=0.7867 val_roc_auc=0.7734 val_loss=0.4340 val_metric_name=roc_auc val_metric=0.7734
Step  950 | loss 0.4297 | val_acc=0.7887 val_roc_auc=0.7759 val_loss=0.4328 val_metric_name=roc_auc val_metric=0.7759
Step 1000 | loss 0.4245 | val_acc=0.7884 val_roc_auc=0.7777 val_loss=0.4320 val_metric_name=roc_auc val_metric=0.7777
Step 1050 | loss 0.4251 | val_acc=0.7914 val_roc_auc=0.7797 val_loss=0.4319 val_metric_name=roc_auc val_metric=0.7797
Step 1100 | loss 0.4183 | val_acc=0.7894 val_roc_auc=0.7816 val_loss=0.4303 val_metric_name=roc_auc val_metric=0.7816
Step 1150 | loss 0.4208 | val_acc=0.7880 val_roc_auc=0.7837 val_loss=0.4298 val_metric_name=roc_auc val_metric=0.7837
Step 1200 | loss 0.4174 | val_acc=0.7897 val_roc_auc=0.7840 val_loss=0.4308 val_metric_name=roc_auc val_metric=0.7840
Step 1250 | loss 0.4170 | val_acc=0.7887 val_roc_auc=0.7853 val_loss=0.4294 val_metric_name=roc_auc val_metric=0.7853
Step 1300 | loss 0.4138 | val_acc=0.7877 val_roc_auc=0.7860 val_loss=0.4285 val_metric_name=roc_auc val_metric=0.7860
Step 1350 | loss 0.4117 | val_acc=0.7856 val_roc_auc=0.7861 val_loss=0.4281 val_metric_name=roc_auc val_metric=0.7861
Step 1400 | loss 0.4111 | val_acc=0.7887 val_roc_auc=0.7872 val_loss=0.4294 val_metric_name=roc_auc val_metric=0.7872
Step 1450 | loss 0.4072 | val_acc=0.7873 val_roc_auc=0.7878 val_loss=0.4290 val_metric_name=roc_auc val_metric=0.7878
Step 1500 | loss 0.4106 | val_acc=0.7873 val_roc_auc=0.7882 val_loss=0.4303 val_metric_name=roc_auc val_metric=0.7882
Step 1550 | loss 0.4059 | val_acc=0.7887 val_roc_auc=0.7894 val_loss=0.4285 val_metric_name=roc_auc val_metric=0.7894
Step 1600 | loss 0.4044 | val_acc=0.7870 val_roc_auc=0.7896 val_loss=0.4292 val_metric_name=roc_auc val_metric=0.7896
Step 1650 | loss 0.4018 | val_acc=0.7890 val_roc_auc=0.7908 val_loss=0.4284 val_metric_name=roc_auc val_metric=0.7908
Step 1700 | loss 0.4022 | val_acc=0.7880 val_roc_auc=0.7908 val_loss=0.4292 val_metric_name=roc_auc val_metric=0.7908
Step 1750 | loss 0.3984 | val_acc=0.7863 val_roc_auc=0.7918 val_loss=0.4286 val_metric_name=roc_auc val_metric=0.7918
Step 1800 | loss 0.3997 | val_acc=0.7877 val_roc_auc=0.7915 val_loss=0.4277 val_metric_name=roc_auc val_metric=0.7915
Step 1850 | loss 0.3984 | val_acc=0.7897 val_roc_auc=0.7921 val_loss=0.4283 val_metric_name=roc_auc val_metric=0.7921
Step 1900 | loss 0.3957 | val_acc=0.7901 val_roc_auc=0.7926 val_loss=0.4294 val_metric_name=roc_auc val_metric=0.7926
Step 1950 | loss 0.3972 | val_acc=0.7904 val_roc_auc=0.7935 val_loss=0.4285 val_metric_name=roc_auc val_metric=0.7935
Step 2000 | loss 0.3938 | val_acc=0.7907 val_roc_auc=0.7935 val_loss=0.4299 val_metric_name=roc_auc val_metric=0.7935
Step 2050 | loss 0.3898 | val_acc=0.7897 val_roc_auc=0.7933 val_loss=0.4306 val_metric_name=roc_auc val_metric=0.7933
Step 2100 | loss 0.3938 | val_acc=0.7914 val_roc_auc=0.7939 val_loss=0.4298 val_metric_name=roc_auc val_metric=0.7939
Step 2150 | loss 0.3890 | val_acc=0.7907 val_roc_auc=0.7946 val_loss=0.4299 val_metric_name=roc_auc val_metric=0.7946
Step 2200 | loss 0.3928 | val_acc=0.7904 val_roc_auc=0.7952 val_loss=0.4301 val_metric_name=roc_auc val_metric=0.7952
Step 2250 | loss 0.3846 | val_acc=0.7901 val_roc_auc=0.7950 val_loss=0.4319 val_metric_name=roc_auc val_metric=0.7950
Step 2300 | loss 0.3816 | val_acc=0.7887 val_roc_auc=0.7943 val_loss=0.4317 val_metric_name=roc_auc val_metric=0.7943
Step 2350 | loss 0.3888 | val_acc=0.7901 val_roc_auc=0.7953 val_loss=0.4338 val_metric_name=roc_auc val_metric=0.7953
Step 2400 | loss 0.3815 | val_acc=0.7901 val_roc_auc=0.7954 val_loss=0.4345 val_metric_name=roc_auc val_metric=0.7954
Step 2450 | loss 0.3858 | val_acc=0.7863 val_roc_auc=0.7958 val_loss=0.4339 val_metric_name=roc_auc val_metric=0.7958
Step 2500 | loss 0.3827 | val_acc=0.7894 val_roc_auc=0.7949 val_loss=0.4367 val_metric_name=roc_auc val_metric=0.7949
Step 2550 | loss 0.3824 | val_acc=0.7884 val_roc_auc=0.7956 val_loss=0.4362 val_metric_name=roc_auc val_metric=0.7956
Step 2600 | loss 0.3872 | val_acc=0.7877 val_roc_auc=0.7945 val_loss=0.4380 val_metric_name=roc_auc val_metric=0.7945
Step 2650 | loss 0.3805 | val_acc=0.7894 val_roc_auc=0.7945 val_loss=0.4395 val_metric_name=roc_auc val_metric=0.7945
Step 2700 | loss 0.3808 | val_acc=0.7894 val_roc_auc=0.7957 val_loss=0.4378 val_metric_name=roc_auc val_metric=0.7957
Step 2750 | loss 0.3767 | val_acc=0.7870 val_roc_auc=0.7954 val_loss=0.4403 val_metric_name=roc_auc val_metric=0.7954
Step 2800 | loss 0.3751 | val_acc=0.7877 val_roc_auc=0.7950 val_loss=0.4402 val_metric_name=roc_auc val_metric=0.7950
Step 2850 | loss 0.3757 | val_acc=0.7870 val_roc_auc=0.7956 val_loss=0.4422 val_metric_name=roc_auc val_metric=0.7956
Step 2900 | loss 0.3773 | val_acc=0.7856 val_roc_auc=0.7955 val_loss=0.4429 val_metric_name=roc_auc val_metric=0.7955
Step 2950 | loss 0.3763 | val_acc=0.7870 val_roc_auc=0.7951 val_loss=0.4447 val_metric_name=roc_auc val_metric=0.7951
Step 3000 | loss 0.3689 | val_acc=0.7880 val_roc_auc=0.7957 val_loss=0.4434 val_metric_name=roc_auc val_metric=0.7957
Step 3050 | loss 0.3727 | val_acc=0.7843 val_roc_auc=0.7956 val_loss=0.4436 val_metric_name=roc_auc val_metric=0.7956
Step 3100 | loss 0.3729 | val_acc=0.7880 val_roc_auc=0.7960 val_loss=0.4459 val_metric_name=roc_auc val_metric=0.7960
Step 3150 | loss 0.3707 | val_acc=0.7860 val_roc_auc=0.7953 val_loss=0.4458 val_metric_name=roc_auc val_metric=0.7953
Step 3200 | loss 0.3667 | val_acc=0.7860 val_roc_auc=0.7954 val_loss=0.4472 val_metric_name=roc_auc val_metric=0.7954
Step 3250 | loss 0.3693 | val_acc=0.7850 val_roc_auc=0.7957 val_loss=0.4459 val_metric_name=roc_auc val_metric=0.7957
Step 3300 | loss 0.3624 | val_acc=0.7843 val_roc_auc=0.7943 val_loss=0.4501 val_metric_name=roc_auc val_metric=0.7943
Step 3350 | loss 0.3663 | val_acc=0.7850 val_roc_auc=0.7949 val_loss=0.4518 val_metric_name=roc_auc val_metric=0.7949
Step 3400 | loss 0.3598 | val_acc=0.7860 val_roc_auc=0.7951 val_loss=0.4518 val_metric_name=roc_auc val_metric=0.7951
Step 3450 | loss 0.3637 | val_acc=0.7867 val_roc_auc=0.7956 val_loss=0.4505 val_metric_name=roc_auc val_metric=0.7956
Step 3500 | loss 0.3608 | val_acc=0.7860 val_roc_auc=0.7961 val_loss=0.4514 val_metric_name=roc_auc val_metric=0.7961
Step 3550 | loss 0.3610 | val_acc=0.7856 val_roc_auc=0.7952 val_loss=0.4533 val_metric_name=roc_auc val_metric=0.7952
Step 3600 | loss 0.3562 | val_acc=0.7860 val_roc_auc=0.7954 val_loss=0.4556 val_metric_name=roc_auc val_metric=0.7954
Early stopping at step 3620

--- Final (best ckpt @ step 3320) ---
  train_acc=0.8325 train_roc_auc=0.8773 train_loss=0.3458 train_metric_name=roc_auc train_metric=0.8773
  val_acc=0.7839 val_roc_auc=0.7962 val_loss=0.4484 val_metric_name=roc_auc val_metric=0.7962
  test_acc=0.8037 test_roc_auc=0.8207 test_loss=0.4164 test_metric_name=roc_auc test_metric=0.8207
  test_roc_auc=0.8207

============================================================
Training tolokers GAT 1L h=256 lr=6e-05 split=2
============================================================
Training for 5000 steps
Step    1 | loss 0.8471 | val_acc=0.3579 val_roc_auc=0.3506 val_loss=0.7712 val_metric_name=roc_auc val_metric=0.3506
Step   50 | loss 0.5150 | val_acc=0.7819 val_roc_auc=0.6421 val_loss=0.5126 val_metric_name=roc_auc val_metric=0.6421
Step  100 | loss 0.4884 | val_acc=0.7826 val_roc_auc=0.6965 val_loss=0.4866 val_metric_name=roc_auc val_metric=0.6965
Step  150 | loss 0.4748 | val_acc=0.7812 val_roc_auc=0.7213 val_loss=0.4694 val_metric_name=roc_auc val_metric=0.7213
Step  200 | loss 0.4617 | val_acc=0.7826 val_roc_auc=0.7364 val_loss=0.4590 val_metric_name=roc_auc val_metric=0.7364
Step  250 | loss 0.4538 | val_acc=0.7812 val_roc_auc=0.7451 val_loss=0.4533 val_metric_name=roc_auc val_metric=0.7451
Step  300 | loss 0.4474 | val_acc=0.7822 val_roc_auc=0.7528 val_loss=0.4473 val_metric_name=roc_auc val_metric=0.7528
Step  350 | loss 0.4417 | val_acc=0.7822 val_roc_auc=0.7587 val_loss=0.4441 val_metric_name=roc_auc val_metric=0.7587
Step  400 | loss 0.4407 | val_acc=0.7826 val_roc_auc=0.7640 val_loss=0.4397 val_metric_name=roc_auc val_metric=0.7640
Step  450 | loss 0.4362 | val_acc=0.7829 val_roc_auc=0.7688 val_loss=0.4365 val_metric_name=roc_auc val_metric=0.7688
Step  500 | loss 0.4317 | val_acc=0.7863 val_roc_auc=0.7741 val_loss=0.4334 val_metric_name=roc_auc val_metric=0.7741
Step  550 | loss 0.4262 | val_acc=0.7880 val_roc_auc=0.7780 val_loss=0.4323 val_metric_name=roc_auc val_metric=0.7780
Step  600 | loss 0.4169 | val_acc=0.7839 val_roc_auc=0.7819 val_loss=0.4283 val_metric_name=roc_auc val_metric=0.7819
Step  650 | loss 0.4154 | val_acc=0.7880 val_roc_auc=0.7836 val_loss=0.4295 val_metric_name=roc_auc val_metric=0.7836
Step  700 | loss 0.4101 | val_acc=0.7867 val_roc_auc=0.7847 val_loss=0.4283 val_metric_name=roc_auc val_metric=0.7847
Step  750 | loss 0.4090 | val_acc=0.7887 val_roc_auc=0.7870 val_loss=0.4297 val_metric_name=roc_auc val_metric=0.7870
Step  800 | loss 0.4127 | val_acc=0.7873 val_roc_auc=0.7876 val_loss=0.4297 val_metric_name=roc_auc val_metric=0.7876
Step  850 | loss 0.4057 | val_acc=0.7897 val_roc_auc=0.7884 val_loss=0.4285 val_metric_name=roc_auc val_metric=0.7884
Step  900 | loss 0.4056 | val_acc=0.7870 val_roc_auc=0.7886 val_loss=0.4296 val_metric_name=roc_auc val_metric=0.7886
Step  950 | loss 0.4001 | val_acc=0.7877 val_roc_auc=0.7900 val_loss=0.4292 val_metric_name=roc_auc val_metric=0.7900
Step 1000 | loss 0.3994 | val_acc=0.7890 val_roc_auc=0.7901 val_loss=0.4294 val_metric_name=roc_auc val_metric=0.7901
Step 1050 | loss 0.3964 | val_acc=0.7887 val_roc_auc=0.7909 val_loss=0.4323 val_metric_name=roc_auc val_metric=0.7909
Step 1100 | loss 0.3940 | val_acc=0.7887 val_roc_auc=0.7924 val_loss=0.4311 val_metric_name=roc_auc val_metric=0.7924
Step 1150 | loss 0.3930 | val_acc=0.7890 val_roc_auc=0.7931 val_loss=0.4319 val_metric_name=roc_auc val_metric=0.7931
Step 1200 | loss 0.3914 | val_acc=0.7887 val_roc_auc=0.7924 val_loss=0.4333 val_metric_name=roc_auc val_metric=0.7924
Step 1250 | loss 0.3900 | val_acc=0.7880 val_roc_auc=0.7939 val_loss=0.4348 val_metric_name=roc_auc val_metric=0.7939
Step 1300 | loss 0.3841 | val_acc=0.7877 val_roc_auc=0.7943 val_loss=0.4330 val_metric_name=roc_auc val_metric=0.7943
Step 1350 | loss 0.3830 | val_acc=0.7870 val_roc_auc=0.7945 val_loss=0.4341 val_metric_name=roc_auc val_metric=0.7945
Step 1400 | loss 0.3841 | val_acc=0.7890 val_roc_auc=0.7941 val_loss=0.4379 val_metric_name=roc_auc val_metric=0.7941
Step 1450 | loss 0.3819 | val_acc=0.7890 val_roc_auc=0.7951 val_loss=0.4381 val_metric_name=roc_auc val_metric=0.7951
Step 1500 | loss 0.3813 | val_acc=0.7870 val_roc_auc=0.7958 val_loss=0.4394 val_metric_name=roc_auc val_metric=0.7958
Step 1550 | loss 0.3766 | val_acc=0.7880 val_roc_auc=0.7951 val_loss=0.4390 val_metric_name=roc_auc val_metric=0.7951
Step 1600 | loss 0.3753 | val_acc=0.7880 val_roc_auc=0.7948 val_loss=0.4432 val_metric_name=roc_auc val_metric=0.7948
Step 1650 | loss 0.3728 | val_acc=0.7860 val_roc_auc=0.7951 val_loss=0.4441 val_metric_name=roc_auc val_metric=0.7951
Step 1700 | loss 0.3718 | val_acc=0.7863 val_roc_auc=0.7952 val_loss=0.4459 val_metric_name=roc_auc val_metric=0.7952
Step 1750 | loss 0.3694 | val_acc=0.7867 val_roc_auc=0.7957 val_loss=0.4481 val_metric_name=roc_auc val_metric=0.7957
Step 1800 | loss 0.3698 | val_acc=0.7860 val_roc_auc=0.7957 val_loss=0.4468 val_metric_name=roc_auc val_metric=0.7957
Step 1850 | loss 0.3657 | val_acc=0.7839 val_roc_auc=0.7962 val_loss=0.4460 val_metric_name=roc_auc val_metric=0.7962
Step 1900 | loss 0.3633 | val_acc=0.7839 val_roc_auc=0.7965 val_loss=0.4509 val_metric_name=roc_auc val_metric=0.7965
Step 1950 | loss 0.3676 | val_acc=0.7816 val_roc_auc=0.7967 val_loss=0.4520 val_metric_name=roc_auc val_metric=0.7967
Step 2000 | loss 0.3593 | val_acc=0.7836 val_roc_auc=0.7961 val_loss=0.4554 val_metric_name=roc_auc val_metric=0.7961
Step 2050 | loss 0.3589 | val_acc=0.7839 val_roc_auc=0.7953 val_loss=0.4581 val_metric_name=roc_auc val_metric=0.7953
Step 2100 | loss 0.3569 | val_acc=0.7836 val_roc_auc=0.7959 val_loss=0.4579 val_metric_name=roc_auc val_metric=0.7959
Step 2150 | loss 0.3541 | val_acc=0.7846 val_roc_auc=0.7955 val_loss=0.4595 val_metric_name=roc_auc val_metric=0.7955
Step 2200 | loss 0.3502 | val_acc=0.7829 val_roc_auc=0.7951 val_loss=0.4613 val_metric_name=roc_auc val_metric=0.7951
Step 2250 | loss 0.3449 | val_acc=0.7863 val_roc_auc=0.7948 val_loss=0.4662 val_metric_name=roc_auc val_metric=0.7948
Step 2300 | loss 0.3428 | val_acc=0.7833 val_roc_auc=0.7952 val_loss=0.4669 val_metric_name=roc_auc val_metric=0.7952
Step 2350 | loss 0.3514 | val_acc=0.7829 val_roc_auc=0.7945 val_loss=0.4692 val_metric_name=roc_auc val_metric=0.7945
Early stopping at step 2374

--- Final (best ckpt @ step 1690) ---
  train_acc=0.8258 train_roc_auc=0.8712 train_loss=0.3530 train_metric_name=roc_auc train_metric=0.8712
  val_acc=0.7877 val_roc_auc=0.7967 val_loss=0.4430 val_metric_name=roc_auc val_metric=0.7967
  test_acc=0.8048 test_roc_auc=0.8211 test_loss=0.4116 test_metric_name=roc_auc test_metric=0.8211
  test_roc_auc=0.8211

============================================================
Training tolokers GAT 1L h=256 lr=0.0001 split=2
============================================================
Training for 5000 steps
Step    1 | loss 0.8471 | val_acc=0.4559 val_roc_auc=0.3499 val_loss=0.7170 val_metric_name=roc_auc val_metric=0.3499
Step   50 | loss 0.4996 | val_acc=0.7822 val_roc_auc=0.6786 val_loss=0.4908 val_metric_name=roc_auc val_metric=0.6786
Step  100 | loss 0.4742 | val_acc=0.7819 val_roc_auc=0.7203 val_loss=0.4707 val_metric_name=roc_auc val_metric=0.7203
Step  150 | loss 0.4591 | val_acc=0.7826 val_roc_auc=0.7402 val_loss=0.4560 val_metric_name=roc_auc val_metric=0.7402
Step  200 | loss 0.4475 | val_acc=0.7816 val_roc_auc=0.7519 val_loss=0.4477 val_metric_name=roc_auc val_metric=0.7519
Step  250 | loss 0.4400 | val_acc=0.7822 val_roc_auc=0.7617 val_loss=0.4418 val_metric_name=roc_auc val_metric=0.7617
Step  300 | loss 0.4345 | val_acc=0.7833 val_roc_auc=0.7689 val_loss=0.4359 val_metric_name=roc_auc val_metric=0.7689
Step  350 | loss 0.4268 | val_acc=0.7867 val_roc_auc=0.7760 val_loss=0.4337 val_metric_name=roc_auc val_metric=0.7760
Step  400 | loss 0.4225 | val_acc=0.7890 val_roc_auc=0.7820 val_loss=0.4320 val_metric_name=roc_auc val_metric=0.7820
Step  450 | loss 0.4157 | val_acc=0.7894 val_roc_auc=0.7848 val_loss=0.4320 val_metric_name=roc_auc val_metric=0.7848
Step  500 | loss 0.4119 | val_acc=0.7880 val_roc_auc=0.7868 val_loss=0.4308 val_metric_name=roc_auc val_metric=0.7868
Step  550 | loss 0.4056 | val_acc=0.7877 val_roc_auc=0.7880 val_loss=0.4319 val_metric_name=roc_auc val_metric=0.7880
Step  600 | loss 0.3998 | val_acc=0.7833 val_roc_auc=0.7893 val_loss=0.4273 val_metric_name=roc_auc val_metric=0.7893
Step  650 | loss 0.3973 | val_acc=0.7897 val_roc_auc=0.7910 val_loss=0.4283 val_metric_name=roc_auc val_metric=0.7910
Step  700 | loss 0.3917 | val_acc=0.7877 val_roc_auc=0.7910 val_loss=0.4285 val_metric_name=roc_auc val_metric=0.7910
Step  750 | loss 0.3880 | val_acc=0.7870 val_roc_auc=0.7927 val_loss=0.4304 val_metric_name=roc_auc val_metric=0.7927
Step  800 | loss 0.3934 | val_acc=0.7884 val_roc_auc=0.7920 val_loss=0.4344 val_metric_name=roc_auc val_metric=0.7920
Step  850 | loss 0.3859 | val_acc=0.7860 val_roc_auc=0.7934 val_loss=0.4335 val_metric_name=roc_auc val_metric=0.7934
Step  900 | loss 0.3854 | val_acc=0.7860 val_roc_auc=0.7923 val_loss=0.4378 val_metric_name=roc_auc val_metric=0.7923
Step  950 | loss 0.3794 | val_acc=0.7877 val_roc_auc=0.7933 val_loss=0.4394 val_metric_name=roc_auc val_metric=0.7933
Step 1000 | loss 0.3791 | val_acc=0.7890 val_roc_auc=0.7929 val_loss=0.4419 val_metric_name=roc_auc val_metric=0.7929
Step 1050 | loss 0.3744 | val_acc=0.7863 val_roc_auc=0.7944 val_loss=0.4420 val_metric_name=roc_auc val_metric=0.7944
Step 1100 | loss 0.3731 | val_acc=0.7873 val_roc_auc=0.7956 val_loss=0.4451 val_metric_name=roc_auc val_metric=0.7956
Step 1150 | loss 0.3735 | val_acc=0.7853 val_roc_auc=0.7945 val_loss=0.4494 val_metric_name=roc_auc val_metric=0.7945
Step 1200 | loss 0.3677 | val_acc=0.7850 val_roc_auc=0.7957 val_loss=0.4494 val_metric_name=roc_auc val_metric=0.7957
Step 1250 | loss 0.3650 | val_acc=0.7839 val_roc_auc=0.7965 val_loss=0.4501 val_metric_name=roc_auc val_metric=0.7965
Step 1300 | loss 0.3583 | val_acc=0.7836 val_roc_auc=0.7972 val_loss=0.4528 val_metric_name=roc_auc val_metric=0.7972
Step 1350 | loss 0.3516 | val_acc=0.7846 val_roc_auc=0.7967 val_loss=0.4544 val_metric_name=roc_auc val_metric=0.7967
Step 1400 | loss 0.3551 | val_acc=0.7863 val_roc_auc=0.7962 val_loss=0.4579 val_metric_name=roc_auc val_metric=0.7962
Step 1450 | loss 0.3507 | val_acc=0.7846 val_roc_auc=0.7976 val_loss=0.4612 val_metric_name=roc_auc val_metric=0.7976
Step 1500 | loss 0.3532 | val_acc=0.7826 val_roc_auc=0.7977 val_loss=0.4582 val_metric_name=roc_auc val_metric=0.7977
Step 1550 | loss 0.3429 | val_acc=0.7853 val_roc_auc=0.7971 val_loss=0.4614 val_metric_name=roc_auc val_metric=0.7971
Step 1600 | loss 0.3421 | val_acc=0.7819 val_roc_auc=0.7960 val_loss=0.4689 val_metric_name=roc_auc val_metric=0.7960
Step 1650 | loss 0.3377 | val_acc=0.7812 val_roc_auc=0.7957 val_loss=0.4699 val_metric_name=roc_auc val_metric=0.7957
Step 1700 | loss 0.3343 | val_acc=0.7785 val_roc_auc=0.7954 val_loss=0.4730 val_metric_name=roc_auc val_metric=0.7954
Step 1750 | loss 0.3328 | val_acc=0.7758 val_roc_auc=0.7942 val_loss=0.4816 val_metric_name=roc_auc val_metric=0.7942
Early stopping at step 1798

--- Final (best ckpt @ step 1390) ---
  train_acc=0.8425 train_roc_auc=0.8895 train_loss=0.3300 train_metric_name=roc_auc train_metric=0.8895
  val_acc=0.7839 val_roc_auc=0.7983 val_loss=0.4537 val_metric_name=roc_auc val_metric=0.7983
  test_acc=0.8020 test_roc_auc=0.8195 test_loss=0.4242 test_metric_name=roc_auc test_metric=0.8195
  test_roc_auc=0.8195

============================================================
Training tolokers GAT 1L h=256 lr=1e-05 split=2
============================================================
Training for 5000 steps
Step    1 | loss 0.8471 | val_acc=0.2178 val_roc_auc=0.3515 val_loss=0.8506 val_metric_name=roc_auc val_metric=0.3515
Step   50 | loss 0.5648 | val_acc=0.7819 val_roc_auc=0.3650 val_loss=0.5495 val_metric_name=roc_auc val_metric=0.3650
Step  100 | loss 0.5467 | val_acc=0.7819 val_roc_auc=0.4314 val_loss=0.5446 val_metric_name=roc_auc val_metric=0.4314
Step  150 | loss 0.5342 | val_acc=0.7819 val_roc_auc=0.5787 val_loss=0.5302 val_metric_name=roc_auc val_metric=0.5787
Step  200 | loss 0.5220 | val_acc=0.7819 val_roc_auc=0.6191 val_loss=0.5184 val_metric_name=roc_auc val_metric=0.6191
Step  250 | loss 0.5131 | val_acc=0.7819 val_roc_auc=0.6426 val_loss=0.5089 val_metric_name=roc_auc val_metric=0.6426
Step  300 | loss 0.5050 | val_acc=0.7819 val_roc_auc=0.6622 val_loss=0.5013 val_metric_name=roc_auc val_metric=0.6622
Step  350 | loss 0.5011 | val_acc=0.7819 val_roc_auc=0.6756 val_loss=0.4961 val_metric_name=roc_auc val_metric=0.6756
Step  400 | loss 0.4961 | val_acc=0.7822 val_roc_auc=0.6850 val_loss=0.4919 val_metric_name=roc_auc val_metric=0.6850
Step  450 | loss 0.4929 | val_acc=0.7826 val_roc_auc=0.6923 val_loss=0.4882 val_metric_name=roc_auc val_metric=0.6923
Step  500 | loss 0.4897 | val_acc=0.7826 val_roc_auc=0.6987 val_loss=0.4845 val_metric_name=roc_auc val_metric=0.6987
Step  550 | loss 0.4844 | val_acc=0.7826 val_roc_auc=0.7045 val_loss=0.4811 val_metric_name=roc_auc val_metric=0.7045
Step  600 | loss 0.4797 | val_acc=0.7819 val_roc_auc=0.7099 val_loss=0.4783 val_metric_name=roc_auc val_metric=0.7099
Step  650 | loss 0.4755 | val_acc=0.7819 val_roc_auc=0.7149 val_loss=0.4751 val_metric_name=roc_auc val_metric=0.7149
Step  700 | loss 0.4730 | val_acc=0.7816 val_roc_auc=0.7196 val_loss=0.4717 val_metric_name=roc_auc val_metric=0.7196
Step  750 | loss 0.4722 | val_acc=0.7816 val_roc_auc=0.7239 val_loss=0.4692 val_metric_name=roc_auc val_metric=0.7239
Step  800 | loss 0.4713 | val_acc=0.7819 val_roc_auc=0.7275 val_loss=0.4665 val_metric_name=roc_auc val_metric=0.7275
Step  850 | loss 0.4697 | val_acc=0.7819 val_roc_auc=0.7306 val_loss=0.4644 val_metric_name=roc_auc val_metric=0.7306
Step  900 | loss 0.4638 | val_acc=0.7822 val_roc_auc=0.7333 val_loss=0.4627 val_metric_name=roc_auc val_metric=0.7333
Step  950 | loss 0.4686 | val_acc=0.7829 val_roc_auc=0.7355 val_loss=0.4604 val_metric_name=roc_auc val_metric=0.7355
Step 1000 | loss 0.4610 | val_acc=0.7822 val_roc_auc=0.7375 val_loss=0.4591 val_metric_name=roc_auc val_metric=0.7375
Step 1050 | loss 0.4610 | val_acc=0.7822 val_roc_auc=0.7392 val_loss=0.4573 val_metric_name=roc_auc val_metric=0.7392
Step 1100 | loss 0.4555 | val_acc=0.7819 val_roc_auc=0.7410 val_loss=0.4562 val_metric_name=roc_auc val_metric=0.7410
Step 1150 | loss 0.4597 | val_acc=0.7826 val_roc_auc=0.7429 val_loss=0.4549 val_metric_name=roc_auc val_metric=0.7429
Step 1200 | loss 0.4571 | val_acc=0.7816 val_roc_auc=0.7446 val_loss=0.4538 val_metric_name=roc_auc val_metric=0.7446
Step 1250 | loss 0.4556 | val_acc=0.7816 val_roc_auc=0.7460 val_loss=0.4522 val_metric_name=roc_auc val_metric=0.7460
Step 1300 | loss 0.4512 | val_acc=0.7812 val_roc_auc=0.7476 val_loss=0.4512 val_metric_name=roc_auc val_metric=0.7476
Step 1350 | loss 0.4528 | val_acc=0.7819 val_roc_auc=0.7491 val_loss=0.4501 val_metric_name=roc_auc val_metric=0.7491
Step 1400 | loss 0.4505 | val_acc=0.7826 val_roc_auc=0.7504 val_loss=0.4498 val_metric_name=roc_auc val_metric=0.7504
Step 1450 | loss 0.4468 | val_acc=0.7826 val_roc_auc=0.7519 val_loss=0.4483 val_metric_name=roc_auc val_metric=0.7519
Step 1500 | loss 0.4486 | val_acc=0.7826 val_roc_auc=0.7533 val_loss=0.4470 val_metric_name=roc_auc val_metric=0.7533
Step 1550 | loss 0.4492 | val_acc=0.7829 val_roc_auc=0.7547 val_loss=0.4466 val_metric_name=roc_auc val_metric=0.7547
Step 1600 | loss 0.4481 | val_acc=0.7829 val_roc_auc=0.7561 val_loss=0.4454 val_metric_name=roc_auc val_metric=0.7561
Step 1650 | loss 0.4440 | val_acc=0.7829 val_roc_auc=0.7575 val_loss=0.4450 val_metric_name=roc_auc val_metric=0.7575
Step 1700 | loss 0.4455 | val_acc=0.7822 val_roc_auc=0.7587 val_loss=0.4440 val_metric_name=roc_auc val_metric=0.7587
Step 1750 | loss 0.4428 | val_acc=0.7819 val_roc_auc=0.7599 val_loss=0.4428 val_metric_name=roc_auc val_metric=0.7599
Step 1800 | loss 0.4403 | val_acc=0.7819 val_roc_auc=0.7611 val_loss=0.4419 val_metric_name=roc_auc val_metric=0.7611
Step 1850 | loss 0.4422 | val_acc=0.7816 val_roc_auc=0.7618 val_loss=0.4417 val_metric_name=roc_auc val_metric=0.7618
Step 1900 | loss 0.4407 | val_acc=0.7819 val_roc_auc=0.7628 val_loss=0.4407 val_metric_name=roc_auc val_metric=0.7628
Step 1950 | loss 0.4404 | val_acc=0.7819 val_roc_auc=0.7639 val_loss=0.4404 val_metric_name=roc_auc val_metric=0.7639
Step 2000 | loss 0.4406 | val_acc=0.7829 val_roc_auc=0.7649 val_loss=0.4393 val_metric_name=roc_auc val_metric=0.7649
Step 2050 | loss 0.4361 | val_acc=0.7826 val_roc_auc=0.7658 val_loss=0.4388 val_metric_name=roc_auc val_metric=0.7658
Step 2100 | loss 0.4363 | val_acc=0.7826 val_roc_auc=0.7668 val_loss=0.4380 val_metric_name=roc_auc val_metric=0.7668
Step 2150 | loss 0.4364 | val_acc=0.7829 val_roc_auc=0.7680 val_loss=0.4377 val_metric_name=roc_auc val_metric=0.7680
Step 2200 | loss 0.4361 | val_acc=0.7829 val_roc_auc=0.7694 val_loss=0.4366 val_metric_name=roc_auc val_metric=0.7694
Step 2250 | loss 0.4320 | val_acc=0.7843 val_roc_auc=0.7709 val_loss=0.4357 val_metric_name=roc_auc val_metric=0.7709
Step 2300 | loss 0.4294 | val_acc=0.7853 val_roc_auc=0.7721 val_loss=0.4347 val_metric_name=roc_auc val_metric=0.7721
Step 2350 | loss 0.4325 | val_acc=0.7863 val_roc_auc=0.7733 val_loss=0.4342 val_metric_name=roc_auc val_metric=0.7733
Step 2400 | loss 0.4297 | val_acc=0.7867 val_roc_auc=0.7743 val_loss=0.4336 val_metric_name=roc_auc val_metric=0.7743
Step 2450 | loss 0.4308 | val_acc=0.7894 val_roc_auc=0.7750 val_loss=0.4333 val_metric_name=roc_auc val_metric=0.7750
Step 2500 | loss 0.4294 | val_acc=0.7894 val_roc_auc=0.7758 val_loss=0.4332 val_metric_name=roc_auc val_metric=0.7758
Step 2550 | loss 0.4248 | val_acc=0.7880 val_roc_auc=0.7769 val_loss=0.4328 val_metric_name=roc_auc val_metric=0.7769
Step 2600 | loss 0.4282 | val_acc=0.7897 val_roc_auc=0.7777 val_loss=0.4316 val_metric_name=roc_auc val_metric=0.7777
Step 2650 | loss 0.4223 | val_acc=0.7880 val_roc_auc=0.7786 val_loss=0.4320 val_metric_name=roc_auc val_metric=0.7786
Step 2700 | loss 0.4231 | val_acc=0.7890 val_roc_auc=0.7796 val_loss=0.4320 val_metric_name=roc_auc val_metric=0.7796
Step 2750 | loss 0.4194 | val_acc=0.7924 val_roc_auc=0.7802 val_loss=0.4306 val_metric_name=roc_auc val_metric=0.7802
Step 2800 | loss 0.4219 | val_acc=0.7921 val_roc_auc=0.7807 val_loss=0.4312 val_metric_name=roc_auc val_metric=0.7807
Step 2850 | loss 0.4197 | val_acc=0.7924 val_roc_auc=0.7812 val_loss=0.4313 val_metric_name=roc_auc val_metric=0.7812
Step 2900 | loss 0.4203 | val_acc=0.7894 val_roc_auc=0.7815 val_loss=0.4300 val_metric_name=roc_auc val_metric=0.7815
Step 2950 | loss 0.4209 | val_acc=0.7904 val_roc_auc=0.7821 val_loss=0.4301 val_metric_name=roc_auc val_metric=0.7821
Step 3000 | loss 0.4175 | val_acc=0.7904 val_roc_auc=0.7827 val_loss=0.4298 val_metric_name=roc_auc val_metric=0.7827
Step 3050 | loss 0.4218 | val_acc=0.7870 val_roc_auc=0.7829 val_loss=0.4294 val_metric_name=roc_auc val_metric=0.7829
Step 3100 | loss 0.4166 | val_acc=0.7873 val_roc_auc=0.7837 val_loss=0.4297 val_metric_name=roc_auc val_metric=0.7837
Step 3150 | loss 0.4169 | val_acc=0.7884 val_roc_auc=0.7840 val_loss=0.4296 val_metric_name=roc_auc val_metric=0.7840
Step 3200 | loss 0.4168 | val_acc=0.7894 val_roc_auc=0.7850 val_loss=0.4294 val_metric_name=roc_auc val_metric=0.7850
Step 3250 | loss 0.4161 | val_acc=0.7867 val_roc_auc=0.7849 val_loss=0.4292 val_metric_name=roc_auc val_metric=0.7849
Step 3300 | loss 0.4142 | val_acc=0.7863 val_roc_auc=0.7850 val_loss=0.4292 val_metric_name=roc_auc val_metric=0.7850
Step 3350 | loss 0.4137 | val_acc=0.7873 val_roc_auc=0.7857 val_loss=0.4293 val_metric_name=roc_auc val_metric=0.7857
Step 3400 | loss 0.4119 | val_acc=0.7870 val_roc_auc=0.7860 val_loss=0.4283 val_metric_name=roc_auc val_metric=0.7860
Step 3450 | loss 0.4148 | val_acc=0.7873 val_roc_auc=0.7867 val_loss=0.4292 val_metric_name=roc_auc val_metric=0.7867
Step 3500 | loss 0.4126 | val_acc=0.7873 val_roc_auc=0.7864 val_loss=0.4296 val_metric_name=roc_auc val_metric=0.7864
Step 3550 | loss 0.4114 | val_acc=0.7887 val_roc_auc=0.7871 val_loss=0.4296 val_metric_name=roc_auc val_metric=0.7871
Step 3600 | loss 0.4082 | val_acc=0.7887 val_roc_auc=0.7875 val_loss=0.4294 val_metric_name=roc_auc val_metric=0.7875
Step 3650 | loss 0.4125 | val_acc=0.7877 val_roc_auc=0.7875 val_loss=0.4289 val_metric_name=roc_auc val_metric=0.7875
Step 3700 | loss 0.4088 | val_acc=0.7870 val_roc_auc=0.7877 val_loss=0.4286 val_metric_name=roc_auc val_metric=0.7877
Step 3750 | loss 0.4106 | val_acc=0.7873 val_roc_auc=0.7879 val_loss=0.4293 val_metric_name=roc_auc val_metric=0.7879
Step 3800 | loss 0.4080 | val_acc=0.7867 val_roc_auc=0.7885 val_loss=0.4275 val_metric_name=roc_auc val_metric=0.7885
Step 3850 | loss 0.4080 | val_acc=0.7863 val_roc_auc=0.7881 val_loss=0.4287 val_metric_name=roc_auc val_metric=0.7881
Step 3900 | loss 0.4091 | val_acc=0.7873 val_roc_auc=0.7887 val_loss=0.4288 val_metric_name=roc_auc val_metric=0.7887
Step 3950 | loss 0.4101 | val_acc=0.7870 val_roc_auc=0.7895 val_loss=0.4282 val_metric_name=roc_auc val_metric=0.7895
Step 4000 | loss 0.4066 | val_acc=0.7880 val_roc_auc=0.7895 val_loss=0.4289 val_metric_name=roc_auc val_metric=0.7895
Step 4050 | loss 0.4054 | val_acc=0.7870 val_roc_auc=0.7900 val_loss=0.4282 val_metric_name=roc_auc val_metric=0.7900
Step 4100 | loss 0.4033 | val_acc=0.7873 val_roc_auc=0.7901 val_loss=0.4280 val_metric_name=roc_auc val_metric=0.7901
Step 4150 | loss 0.4006 | val_acc=0.7880 val_roc_auc=0.7909 val_loss=0.4281 val_metric_name=roc_auc val_metric=0.7909
Step 4200 | loss 0.4042 | val_acc=0.7880 val_roc_auc=0.7908 val_loss=0.4283 val_metric_name=roc_auc val_metric=0.7908
Step 4250 | loss 0.4022 | val_acc=0.7877 val_roc_auc=0.7914 val_loss=0.4277 val_metric_name=roc_auc val_metric=0.7914
Step 4300 | loss 0.4073 | val_acc=0.7884 val_roc_auc=0.7914 val_loss=0.4276 val_metric_name=roc_auc val_metric=0.7914
Step 4350 | loss 0.4018 | val_acc=0.7884 val_roc_auc=0.7913 val_loss=0.4284 val_metric_name=roc_auc val_metric=0.7913
Step 4400 | loss 0.3972 | val_acc=0.7887 val_roc_auc=0.7918 val_loss=0.4277 val_metric_name=roc_auc val_metric=0.7918
Step 4450 | loss 0.3966 | val_acc=0.7880 val_roc_auc=0.7929 val_loss=0.4277 val_metric_name=roc_auc val_metric=0.7929
Step 4500 | loss 0.4014 | val_acc=0.7884 val_roc_auc=0.7925 val_loss=0.4279 val_metric_name=roc_auc val_metric=0.7925
Step 4550 | loss 0.4011 | val_acc=0.7897 val_roc_auc=0.7928 val_loss=0.4286 val_metric_name=roc_auc val_metric=0.7928
Step 4600 | loss 0.4011 | val_acc=0.7880 val_roc_auc=0.7926 val_loss=0.4284 val_metric_name=roc_auc val_metric=0.7926
Step 4650 | loss 0.3978 | val_acc=0.7897 val_roc_auc=0.7929 val_loss=0.4295 val_metric_name=roc_auc val_metric=0.7929
Step 4700 | loss 0.3991 | val_acc=0.7901 val_roc_auc=0.7931 val_loss=0.4278 val_metric_name=roc_auc val_metric=0.7931
Step 4750 | loss 0.3958 | val_acc=0.7880 val_roc_auc=0.7934 val_loss=0.4281 val_metric_name=roc_auc val_metric=0.7934
Step 4800 | loss 0.3972 | val_acc=0.7890 val_roc_auc=0.7937 val_loss=0.4281 val_metric_name=roc_auc val_metric=0.7937
Step 4850 | loss 0.3938 | val_acc=0.7894 val_roc_auc=0.7938 val_loss=0.4283 val_metric_name=roc_auc val_metric=0.7938
Step 4900 | loss 0.3969 | val_acc=0.7904 val_roc_auc=0.7937 val_loss=0.4288 val_metric_name=roc_auc val_metric=0.7937
Step 4950 | loss 0.3981 | val_acc=0.7904 val_roc_auc=0.7942 val_loss=0.4285 val_metric_name=roc_auc val_metric=0.7942
Step 5000 | loss 0.3980 | val_acc=0.7904 val_roc_auc=0.7942 val_loss=0.4286 val_metric_name=roc_auc val_metric=0.7942

--- Final (best ckpt @ step 4930) ---
  train_acc=0.8080 train_roc_auc=0.8411 train_loss=0.3836 train_metric_name=roc_auc train_metric=0.8411
  val_acc=0.7897 val_roc_auc=0.7944 val_loss=0.4283 val_metric_name=roc_auc val_metric=0.7944
  test_acc=0.8020 test_roc_auc=0.8193 test_loss=0.4013 test_metric_name=roc_auc test_metric=0.8193
  test_roc_auc=0.8193

============================================================
Training tolokers GAT 1L h=384 lr=3e-05 split=2
============================================================
Training for 5000 steps
Step    1 | loss 0.7365 | val_acc=0.6353 val_roc_auc=0.5762 val_loss=0.6805 val_metric_name=roc_auc val_metric=0.5762
Step   50 | loss 0.5024 | val_acc=0.7819 val_roc_auc=0.6782 val_loss=0.5011 val_metric_name=roc_auc val_metric=0.6782
Step  100 | loss 0.4838 | val_acc=0.7822 val_roc_auc=0.7061 val_loss=0.4811 val_metric_name=roc_auc val_metric=0.7061
Step  150 | loss 0.4714 | val_acc=0.7816 val_roc_auc=0.7262 val_loss=0.4675 val_metric_name=roc_auc val_metric=0.7262
Step  200 | loss 0.4601 | val_acc=0.7822 val_roc_auc=0.7368 val_loss=0.4595 val_metric_name=roc_auc val_metric=0.7368
Step  250 | loss 0.4558 | val_acc=0.7809 val_roc_auc=0.7441 val_loss=0.4542 val_metric_name=roc_auc val_metric=0.7441
Step  300 | loss 0.4543 | val_acc=0.7822 val_roc_auc=0.7517 val_loss=0.4491 val_metric_name=roc_auc val_metric=0.7517
Step  350 | loss 0.4480 | val_acc=0.7836 val_roc_auc=0.7585 val_loss=0.4467 val_metric_name=roc_auc val_metric=0.7585
Step  400 | loss 0.4358 | val_acc=0.7846 val_roc_auc=0.7656 val_loss=0.4423 val_metric_name=roc_auc val_metric=0.7656
Step  450 | loss 0.4382 | val_acc=0.7850 val_roc_auc=0.7716 val_loss=0.4374 val_metric_name=roc_auc val_metric=0.7716
Step  500 | loss 0.4305 | val_acc=0.7846 val_roc_auc=0.7752 val_loss=0.4347 val_metric_name=roc_auc val_metric=0.7752
Step  550 | loss 0.4255 | val_acc=0.7873 val_roc_auc=0.7784 val_loss=0.4346 val_metric_name=roc_auc val_metric=0.7784
Step  600 | loss 0.4253 | val_acc=0.7884 val_roc_auc=0.7810 val_loss=0.4348 val_metric_name=roc_auc val_metric=0.7810
Step  650 | loss 0.4209 | val_acc=0.7873 val_roc_auc=0.7821 val_loss=0.4334 val_metric_name=roc_auc val_metric=0.7821
Step  700 | loss 0.4163 | val_acc=0.7880 val_roc_auc=0.7836 val_loss=0.4347 val_metric_name=roc_auc val_metric=0.7836
Step  750 | loss 0.4142 | val_acc=0.7880 val_roc_auc=0.7853 val_loss=0.4354 val_metric_name=roc_auc val_metric=0.7853
Step  800 | loss 0.4136 | val_acc=0.7870 val_roc_auc=0.7864 val_loss=0.4322 val_metric_name=roc_auc val_metric=0.7864
Step  850 | loss 0.4124 | val_acc=0.7863 val_roc_auc=0.7864 val_loss=0.4360 val_metric_name=roc_auc val_metric=0.7864
Step  900 | loss 0.4143 | val_acc=0.7887 val_roc_auc=0.7875 val_loss=0.4356 val_metric_name=roc_auc val_metric=0.7875
Step  950 | loss 0.4114 | val_acc=0.7897 val_roc_auc=0.7878 val_loss=0.4343 val_metric_name=roc_auc val_metric=0.7878
Step 1000 | loss 0.4031 | val_acc=0.7870 val_roc_auc=0.7883 val_loss=0.4363 val_metric_name=roc_auc val_metric=0.7883
Step 1050 | loss 0.4023 | val_acc=0.7894 val_roc_auc=0.7892 val_loss=0.4358 val_metric_name=roc_auc val_metric=0.7892
Step 1100 | loss 0.4016 | val_acc=0.7894 val_roc_auc=0.7896 val_loss=0.4379 val_metric_name=roc_auc val_metric=0.7896
Step 1150 | loss 0.4009 | val_acc=0.7921 val_roc_auc=0.7897 val_loss=0.4407 val_metric_name=roc_auc val_metric=0.7897
Step 1200 | loss 0.3963 | val_acc=0.7907 val_roc_auc=0.7910 val_loss=0.4366 val_metric_name=roc_auc val_metric=0.7910
Step 1250 | loss 0.3956 | val_acc=0.7904 val_roc_auc=0.7904 val_loss=0.4380 val_metric_name=roc_auc val_metric=0.7904
Step 1300 | loss 0.3941 | val_acc=0.7914 val_roc_auc=0.7905 val_loss=0.4441 val_metric_name=roc_auc val_metric=0.7905
Step 1350 | loss 0.3892 | val_acc=0.7914 val_roc_auc=0.7915 val_loss=0.4395 val_metric_name=roc_auc val_metric=0.7915
Step 1400 | loss 0.3876 | val_acc=0.7921 val_roc_auc=0.7919 val_loss=0.4408 val_metric_name=roc_auc val_metric=0.7919
Step 1450 | loss 0.3910 | val_acc=0.7911 val_roc_auc=0.7919 val_loss=0.4405 val_metric_name=roc_auc val_metric=0.7919
Step 1500 | loss 0.3920 | val_acc=0.7907 val_roc_auc=0.7936 val_loss=0.4417 val_metric_name=roc_auc val_metric=0.7936
Step 1550 | loss 0.3871 | val_acc=0.7884 val_roc_auc=0.7935 val_loss=0.4402 val_metric_name=roc_auc val_metric=0.7935
Step 1600 | loss 0.3856 | val_acc=0.7884 val_roc_auc=0.7938 val_loss=0.4420 val_metric_name=roc_auc val_metric=0.7938
Step 1650 | loss 0.3876 | val_acc=0.7880 val_roc_auc=0.7946 val_loss=0.4416 val_metric_name=roc_auc val_metric=0.7946
Step 1700 | loss 0.3809 | val_acc=0.7870 val_roc_auc=0.7946 val_loss=0.4425 val_metric_name=roc_auc val_metric=0.7946
Step 1750 | loss 0.3853 | val_acc=0.7867 val_roc_auc=0.7961 val_loss=0.4459 val_metric_name=roc_auc val_metric=0.7961
Step 1800 | loss 0.3779 | val_acc=0.7856 val_roc_auc=0.7948 val_loss=0.4468 val_metric_name=roc_auc val_metric=0.7948
Step 1850 | loss 0.3788 | val_acc=0.7863 val_roc_auc=0.7957 val_loss=0.4471 val_metric_name=roc_auc val_metric=0.7957
Step 1900 | loss 0.3805 | val_acc=0.7856 val_roc_auc=0.7955 val_loss=0.4480 val_metric_name=roc_auc val_metric=0.7955
Step 1950 | loss 0.3735 | val_acc=0.7867 val_roc_auc=0.7964 val_loss=0.4492 val_metric_name=roc_auc val_metric=0.7964
Step 2000 | loss 0.3704 | val_acc=0.7856 val_roc_auc=0.7970 val_loss=0.4494 val_metric_name=roc_auc val_metric=0.7970
Step 2050 | loss 0.3738 | val_acc=0.7863 val_roc_auc=0.7967 val_loss=0.4528 val_metric_name=roc_auc val_metric=0.7967
Step 2100 | loss 0.3730 | val_acc=0.7846 val_roc_auc=0.7970 val_loss=0.4512 val_metric_name=roc_auc val_metric=0.7970
Step 2150 | loss 0.3681 | val_acc=0.7856 val_roc_auc=0.7976 val_loss=0.4581 val_metric_name=roc_auc val_metric=0.7976
Step 2200 | loss 0.3705 | val_acc=0.7836 val_roc_auc=0.7972 val_loss=0.4506 val_metric_name=roc_auc val_metric=0.7972
Step 2250 | loss 0.3663 | val_acc=0.7853 val_roc_auc=0.7966 val_loss=0.4581 val_metric_name=roc_auc val_metric=0.7966
Step 2300 | loss 0.3667 | val_acc=0.7850 val_roc_auc=0.7978 val_loss=0.4570 val_metric_name=roc_auc val_metric=0.7978
Step 2350 | loss 0.3649 | val_acc=0.7839 val_roc_auc=0.7977 val_loss=0.4587 val_metric_name=roc_auc val_metric=0.7977
Step 2400 | loss 0.3619 | val_acc=0.7819 val_roc_auc=0.7970 val_loss=0.4603 val_metric_name=roc_auc val_metric=0.7970
Step 2450 | loss 0.3647 | val_acc=0.7836 val_roc_auc=0.7972 val_loss=0.4650 val_metric_name=roc_auc val_metric=0.7972
Step 2500 | loss 0.3575 | val_acc=0.7856 val_roc_auc=0.7988 val_loss=0.4644 val_metric_name=roc_auc val_metric=0.7988
Step 2550 | loss 0.3585 | val_acc=0.7836 val_roc_auc=0.7991 val_loss=0.4634 val_metric_name=roc_auc val_metric=0.7991
Step 2600 | loss 0.3555 | val_acc=0.7853 val_roc_auc=0.7982 val_loss=0.4654 val_metric_name=roc_auc val_metric=0.7982
Step 2650 | loss 0.3557 | val_acc=0.7873 val_roc_auc=0.7988 val_loss=0.4663 val_metric_name=roc_auc val_metric=0.7988
Step 2700 | loss 0.3511 | val_acc=0.7829 val_roc_auc=0.7976 val_loss=0.4731 val_metric_name=roc_auc val_metric=0.7976
Step 2750 | loss 0.3551 | val_acc=0.7839 val_roc_auc=0.7984 val_loss=0.4689 val_metric_name=roc_auc val_metric=0.7984
Step 2800 | loss 0.3498 | val_acc=0.7822 val_roc_auc=0.7974 val_loss=0.4749 val_metric_name=roc_auc val_metric=0.7974
Step 2850 | loss 0.3522 | val_acc=0.7846 val_roc_auc=0.7971 val_loss=0.4783 val_metric_name=roc_auc val_metric=0.7971
Early stopping at step 2850

--- Final (best ckpt @ step 2550) ---
  train_acc=0.8325 train_roc_auc=0.8840 train_loss=0.3396 train_metric_name=roc_auc train_metric=0.8840
  val_acc=0.7836 val_roc_auc=0.7991 val_loss=0.4634 val_metric_name=roc_auc val_metric=0.7991
  test_acc=0.8044 test_roc_auc=0.8224 test_loss=0.4299 test_metric_name=roc_auc test_metric=0.8224
  test_roc_auc=0.8224

============================================================
Training tolokers GAT 1L h=384 lr=6e-05 split=2
============================================================
Training for 5000 steps
Step    1 | loss 0.7365 | val_acc=0.7309 val_roc_auc=0.5768 val_loss=0.6252 val_metric_name=roc_auc val_metric=0.5768
Step   50 | loss 0.4895 | val_acc=0.7819 val_roc_auc=0.6982 val_loss=0.4832 val_metric_name=roc_auc val_metric=0.6982
Step  100 | loss 0.4667 | val_acc=0.7822 val_roc_auc=0.7304 val_loss=0.4628 val_metric_name=roc_auc val_metric=0.7304
Step  150 | loss 0.4544 | val_acc=0.7816 val_roc_auc=0.7451 val_loss=0.4532 val_metric_name=roc_auc val_metric=0.7451
Step  200 | loss 0.4438 | val_acc=0.7829 val_roc_auc=0.7582 val_loss=0.4453 val_metric_name=roc_auc val_metric=0.7582
Step  250 | loss 0.4362 | val_acc=0.7853 val_roc_auc=0.7688 val_loss=0.4395 val_metric_name=roc_auc val_metric=0.7688
Step  300 | loss 0.4323 | val_acc=0.7873 val_roc_auc=0.7777 val_loss=0.4327 val_metric_name=roc_auc val_metric=0.7777
Step  350 | loss 0.4271 | val_acc=0.7890 val_roc_auc=0.7816 val_loss=0.4349 val_metric_name=roc_auc val_metric=0.7816
Step  400 | loss 0.4166 | val_acc=0.7873 val_roc_auc=0.7841 val_loss=0.4322 val_metric_name=roc_auc val_metric=0.7841
Step  450 | loss 0.4175 | val_acc=0.7863 val_roc_auc=0.7863 val_loss=0.4346 val_metric_name=roc_auc val_metric=0.7863
Step  500 | loss 0.4097 | val_acc=0.7870 val_roc_auc=0.7878 val_loss=0.4310 val_metric_name=roc_auc val_metric=0.7878
Step  550 | loss 0.4049 | val_acc=0.7880 val_roc_auc=0.7881 val_loss=0.4367 val_metric_name=roc_auc val_metric=0.7881
Step  600 | loss 0.4021 | val_acc=0.7877 val_roc_auc=0.7892 val_loss=0.4341 val_metric_name=roc_auc val_metric=0.7892
Step  650 | loss 0.4028 | val_acc=0.7901 val_roc_auc=0.7893 val_loss=0.4385 val_metric_name=roc_auc val_metric=0.7893
Step  700 | loss 0.3941 | val_acc=0.7911 val_roc_auc=0.7912 val_loss=0.4380 val_metric_name=roc_auc val_metric=0.7912
Step  750 | loss 0.3893 | val_acc=0.7901 val_roc_auc=0.7924 val_loss=0.4385 val_metric_name=roc_auc val_metric=0.7924
Step  800 | loss 0.3905 | val_acc=0.7911 val_roc_auc=0.7932 val_loss=0.4380 val_metric_name=roc_auc val_metric=0.7932
Step  850 | loss 0.3901 | val_acc=0.7907 val_roc_auc=0.7943 val_loss=0.4426 val_metric_name=roc_auc val_metric=0.7943
Step  900 | loss 0.3899 | val_acc=0.7870 val_roc_auc=0.7957 val_loss=0.4410 val_metric_name=roc_auc val_metric=0.7957
Step  950 | loss 0.3831 | val_acc=0.7901 val_roc_auc=0.7958 val_loss=0.4415 val_metric_name=roc_auc val_metric=0.7958
Step 1000 | loss 0.3788 | val_acc=0.7901 val_roc_auc=0.7953 val_loss=0.4459 val_metric_name=roc_auc val_metric=0.7953
Step 1050 | loss 0.3795 | val_acc=0.7890 val_roc_auc=0.7978 val_loss=0.4468 val_metric_name=roc_auc val_metric=0.7978
Step 1100 | loss 0.3767 | val_acc=0.7884 val_roc_auc=0.7976 val_loss=0.4473 val_metric_name=roc_auc val_metric=0.7976
Step 1150 | loss 0.3725 | val_acc=0.7884 val_roc_auc=0.7973 val_loss=0.4546 val_metric_name=roc_auc val_metric=0.7973
Step 1200 | loss 0.3694 | val_acc=0.7884 val_roc_auc=0.7983 val_loss=0.4530 val_metric_name=roc_auc val_metric=0.7983
Step 1250 | loss 0.3665 | val_acc=0.7856 val_roc_auc=0.7980 val_loss=0.4555 val_metric_name=roc_auc val_metric=0.7980
Step 1300 | loss 0.3624 | val_acc=0.7884 val_roc_auc=0.7976 val_loss=0.4570 val_metric_name=roc_auc val_metric=0.7976
Step 1350 | loss 0.3596 | val_acc=0.7880 val_roc_auc=0.7975 val_loss=0.4593 val_metric_name=roc_auc val_metric=0.7975
Early stopping at step 1390

--- Final (best ckpt @ step 1090) ---
  train_acc=0.8173 train_roc_auc=0.8647 train_loss=0.3644 train_metric_name=roc_auc train_metric=0.8647
  val_acc=0.7894 val_roc_auc=0.7997 val_loss=0.4472 val_metric_name=roc_auc val_metric=0.7997
  test_acc=0.8020 test_roc_auc=0.8237 test_loss=0.4146 test_metric_name=roc_auc test_metric=0.8237
  test_roc_auc=0.8237

============================================================
Training tolokers GAT 1L h=384 lr=0.0001 split=2
============================================================
Training for 5000 steps
Step    1 | loss 0.7365 | val_acc=0.7710 val_roc_auc=0.5769 val_loss=0.5712 val_metric_name=roc_auc val_metric=0.5769
Step   50 | loss 0.4796 | val_acc=0.7819 val_roc_auc=0.7124 val_loss=0.4741 val_metric_name=roc_auc val_metric=0.7124
Step  100 | loss 0.4547 | val_acc=0.7816 val_roc_auc=0.7426 val_loss=0.4535 val_metric_name=roc_auc val_metric=0.7426
Step  150 | loss 0.4409 | val_acc=0.7846 val_roc_auc=0.7612 val_loss=0.4429 val_metric_name=roc_auc val_metric=0.7612
Step  200 | loss 0.4307 | val_acc=0.7846 val_roc_auc=0.7763 val_loss=0.4332 val_metric_name=roc_auc val_metric=0.7763
Step  250 | loss 0.4228 | val_acc=0.7870 val_roc_auc=0.7824 val_loss=0.4326 val_metric_name=roc_auc val_metric=0.7824
Step  300 | loss 0.4172 | val_acc=0.7850 val_roc_auc=0.7867 val_loss=0.4309 val_metric_name=roc_auc val_metric=0.7867
Step  350 | loss 0.4120 | val_acc=0.7873 val_roc_auc=0.7891 val_loss=0.4358 val_metric_name=roc_auc val_metric=0.7891
Step  400 | loss 0.4029 | val_acc=0.7890 val_roc_auc=0.7894 val_loss=0.4334 val_metric_name=roc_auc val_metric=0.7894
Step  450 | loss 0.3999 | val_acc=0.7887 val_roc_auc=0.7902 val_loss=0.4382 val_metric_name=roc_auc val_metric=0.7902
Step  500 | loss 0.3904 | val_acc=0.7890 val_roc_auc=0.7909 val_loss=0.4377 val_metric_name=roc_auc val_metric=0.7909
Step  550 | loss 0.3879 | val_acc=0.7873 val_roc_auc=0.7916 val_loss=0.4401 val_metric_name=roc_auc val_metric=0.7916
Step  600 | loss 0.3836 | val_acc=0.7904 val_roc_auc=0.7931 val_loss=0.4447 val_metric_name=roc_auc val_metric=0.7931
Step  650 | loss 0.3850 | val_acc=0.7894 val_roc_auc=0.7939 val_loss=0.4522 val_metric_name=roc_auc val_metric=0.7939
Step  700 | loss 0.3766 | val_acc=0.7907 val_roc_auc=0.7963 val_loss=0.4489 val_metric_name=roc_auc val_metric=0.7963
Step  750 | loss 0.3666 | val_acc=0.7880 val_roc_auc=0.7975 val_loss=0.4494 val_metric_name=roc_auc val_metric=0.7975
Step  800 | loss 0.3705 | val_acc=0.7887 val_roc_auc=0.7961 val_loss=0.4584 val_metric_name=roc_auc val_metric=0.7961
Step  850 | loss 0.3660 | val_acc=0.7890 val_roc_auc=0.7966 val_loss=0.4619 val_metric_name=roc_auc val_metric=0.7966
Step  900 | loss 0.3663 | val_acc=0.7918 val_roc_auc=0.7974 val_loss=0.4608 val_metric_name=roc_auc val_metric=0.7974
Step  950 | loss 0.3536 | val_acc=0.7911 val_roc_auc=0.7964 val_loss=0.4706 val_metric_name=roc_auc val_metric=0.7964
Step 1000 | loss 0.3511 | val_acc=0.7911 val_roc_auc=0.7961 val_loss=0.4779 val_metric_name=roc_auc val_metric=0.7961
Step 1050 | loss 0.3489 | val_acc=0.7931 val_roc_auc=0.7971 val_loss=0.4729 val_metric_name=roc_auc val_metric=0.7971
Step 1100 | loss 0.3409 | val_acc=0.7894 val_roc_auc=0.7954 val_loss=0.4868 val_metric_name=roc_auc val_metric=0.7954
Early stopping at step 1120

--- Final (best ckpt @ step 820) ---
  train_acc=0.8282 train_roc_auc=0.8755 train_loss=0.3473 train_metric_name=roc_auc train_metric=0.8755
  val_acc=0.7894 val_roc_auc=0.7982 val_loss=0.4556 val_metric_name=roc_auc val_metric=0.7982
  test_acc=0.8014 test_roc_auc=0.8206 test_loss=0.4219 test_metric_name=roc_auc test_metric=0.8206
  test_roc_auc=0.8206

============================================================
Training tolokers GAT 1L h=384 lr=1e-05 split=2
============================================================
Training for 5000 steps
Step    1 | loss 0.7365 | val_acc=0.4042 val_roc_auc=0.5753 val_loss=0.7246 val_metric_name=roc_auc val_metric=0.5753
Step   50 | loss 0.5247 | val_acc=0.7819 val_roc_auc=0.6291 val_loss=0.5291 val_metric_name=roc_auc val_metric=0.6291
Step  100 | loss 0.5096 | val_acc=0.7819 val_roc_auc=0.6640 val_loss=0.5051 val_metric_name=roc_auc val_metric=0.6640
Step  150 | loss 0.4974 | val_acc=0.7822 val_roc_auc=0.6841 val_loss=0.4945 val_metric_name=roc_auc val_metric=0.6841
Step  200 | loss 0.4876 | val_acc=0.7826 val_roc_auc=0.6955 val_loss=0.4879 val_metric_name=roc_auc val_metric=0.6955
Step  250 | loss 0.4860 | val_acc=0.7822 val_roc_auc=0.7055 val_loss=0.4819 val_metric_name=roc_auc val_metric=0.7055
Step  300 | loss 0.4849 | val_acc=0.7822 val_roc_auc=0.7143 val_loss=0.4760 val_metric_name=roc_auc val_metric=0.7143
Step  350 | loss 0.4792 | val_acc=0.7819 val_roc_auc=0.7219 val_loss=0.4711 val_metric_name=roc_auc val_metric=0.7219
Step  400 | loss 0.4671 | val_acc=0.7822 val_roc_auc=0.7277 val_loss=0.4667 val_metric_name=roc_auc val_metric=0.7277
Step  450 | loss 0.4704 | val_acc=0.7819 val_roc_auc=0.7321 val_loss=0.4631 val_metric_name=roc_auc val_metric=0.7321
Step  500 | loss 0.4661 | val_acc=0.7826 val_roc_auc=0.7355 val_loss=0.4603 val_metric_name=roc_auc val_metric=0.7355
Step  550 | loss 0.4617 | val_acc=0.7816 val_roc_auc=0.7386 val_loss=0.4585 val_metric_name=roc_auc val_metric=0.7386
Step  600 | loss 0.4606 | val_acc=0.7812 val_roc_auc=0.7414 val_loss=0.4561 val_metric_name=roc_auc val_metric=0.7414
Step  650 | loss 0.4564 | val_acc=0.7805 val_roc_auc=0.7441 val_loss=0.4541 val_metric_name=roc_auc val_metric=0.7441
Step  700 | loss 0.4523 | val_acc=0.7809 val_roc_auc=0.7469 val_loss=0.4520 val_metric_name=roc_auc val_metric=0.7469
Step  750 | loss 0.4505 | val_acc=0.7816 val_roc_auc=0.7497 val_loss=0.4505 val_metric_name=roc_auc val_metric=0.7497
Step  800 | loss 0.4517 | val_acc=0.7822 val_roc_auc=0.7523 val_loss=0.4489 val_metric_name=roc_auc val_metric=0.7523
Step  850 | loss 0.4480 | val_acc=0.7829 val_roc_auc=0.7548 val_loss=0.4470 val_metric_name=roc_auc val_metric=0.7548
Step  900 | loss 0.4489 | val_acc=0.7839 val_roc_auc=0.7574 val_loss=0.4470 val_metric_name=roc_auc val_metric=0.7574
Step  950 | loss 0.4461 | val_acc=0.7850 val_roc_auc=0.7602 val_loss=0.4438 val_metric_name=roc_auc val_metric=0.7602
Step 1000 | loss 0.4380 | val_acc=0.7850 val_roc_auc=0.7629 val_loss=0.4429 val_metric_name=roc_auc val_metric=0.7629
Step 1050 | loss 0.4386 | val_acc=0.7839 val_roc_auc=0.7656 val_loss=0.4419 val_metric_name=roc_auc val_metric=0.7656
Step 1100 | loss 0.4391 | val_acc=0.7856 val_roc_auc=0.7681 val_loss=0.4391 val_metric_name=roc_auc val_metric=0.7681
Step 1150 | loss 0.4368 | val_acc=0.7853 val_roc_auc=0.7702 val_loss=0.4397 val_metric_name=roc_auc val_metric=0.7702
Step 1200 | loss 0.4353 | val_acc=0.7850 val_roc_auc=0.7723 val_loss=0.4391 val_metric_name=roc_auc val_metric=0.7723
Step 1250 | loss 0.4320 | val_acc=0.7843 val_roc_auc=0.7737 val_loss=0.4372 val_metric_name=roc_auc val_metric=0.7737
Step 1300 | loss 0.4333 | val_acc=0.7853 val_roc_auc=0.7753 val_loss=0.4373 val_metric_name=roc_auc val_metric=0.7753
Step 1350 | loss 0.4284 | val_acc=0.7853 val_roc_auc=0.7766 val_loss=0.4362 val_metric_name=roc_auc val_metric=0.7766
Step 1400 | loss 0.4238 | val_acc=0.7870 val_roc_auc=0.7774 val_loss=0.4351 val_metric_name=roc_auc val_metric=0.7774
Step 1450 | loss 0.4275 | val_acc=0.7870 val_roc_auc=0.7787 val_loss=0.4344 val_metric_name=roc_auc val_metric=0.7787
Step 1500 | loss 0.4274 | val_acc=0.7884 val_roc_auc=0.7795 val_loss=0.4344 val_metric_name=roc_auc val_metric=0.7795
Step 1550 | loss 0.4238 | val_acc=0.7884 val_roc_auc=0.7804 val_loss=0.4326 val_metric_name=roc_auc val_metric=0.7804
Step 1600 | loss 0.4246 | val_acc=0.7894 val_roc_auc=0.7810 val_loss=0.4339 val_metric_name=roc_auc val_metric=0.7810
Step 1650 | loss 0.4257 | val_acc=0.7884 val_roc_auc=0.7815 val_loss=0.4345 val_metric_name=roc_auc val_metric=0.7815
Step 1700 | loss 0.4165 | val_acc=0.7880 val_roc_auc=0.7820 val_loss=0.4346 val_metric_name=roc_auc val_metric=0.7820
Step 1750 | loss 0.4233 | val_acc=0.7877 val_roc_auc=0.7830 val_loss=0.4333 val_metric_name=roc_auc val_metric=0.7830
Step 1800 | loss 0.4198 | val_acc=0.7884 val_roc_auc=0.7833 val_loss=0.4335 val_metric_name=roc_auc val_metric=0.7833
Step 1850 | loss 0.4210 | val_acc=0.7873 val_roc_auc=0.7838 val_loss=0.4335 val_metric_name=roc_auc val_metric=0.7838
Step 1900 | loss 0.4180 | val_acc=0.7867 val_roc_auc=0.7835 val_loss=0.4339 val_metric_name=roc_auc val_metric=0.7835
Step 1950 | loss 0.4132 | val_acc=0.7867 val_roc_auc=0.7841 val_loss=0.4349 val_metric_name=roc_auc val_metric=0.7841
Step 2000 | loss 0.4134 | val_acc=0.7860 val_roc_auc=0.7846 val_loss=0.4345 val_metric_name=roc_auc val_metric=0.7846
Step 2050 | loss 0.4144 | val_acc=0.7853 val_roc_auc=0.7848 val_loss=0.4346 val_metric_name=roc_auc val_metric=0.7848
Step 2100 | loss 0.4126 | val_acc=0.7856 val_roc_auc=0.7855 val_loss=0.4342 val_metric_name=roc_auc val_metric=0.7855
Step 2150 | loss 0.4125 | val_acc=0.7870 val_roc_auc=0.7856 val_loss=0.4346 val_metric_name=roc_auc val_metric=0.7856
Step 2200 | loss 0.4151 | val_acc=0.7867 val_roc_auc=0.7856 val_loss=0.4338 val_metric_name=roc_auc val_metric=0.7856
Step 2250 | loss 0.4122 | val_acc=0.7880 val_roc_auc=0.7862 val_loss=0.4338 val_metric_name=roc_auc val_metric=0.7862
Step 2300 | loss 0.4086 | val_acc=0.7870 val_roc_auc=0.7869 val_loss=0.4363 val_metric_name=roc_auc val_metric=0.7869
Step 2350 | loss 0.4108 | val_acc=0.7877 val_roc_auc=0.7866 val_loss=0.4361 val_metric_name=roc_auc val_metric=0.7866
Step 2400 | loss 0.4064 | val_acc=0.7884 val_roc_auc=0.7873 val_loss=0.4344 val_metric_name=roc_auc val_metric=0.7873
Step 2450 | loss 0.4094 | val_acc=0.7887 val_roc_auc=0.7874 val_loss=0.4350 val_metric_name=roc_auc val_metric=0.7874
Step 2500 | loss 0.4096 | val_acc=0.7897 val_roc_auc=0.7880 val_loss=0.4356 val_metric_name=roc_auc val_metric=0.7880
Step 2550 | loss 0.4068 | val_acc=0.7887 val_roc_auc=0.7881 val_loss=0.4361 val_metric_name=roc_auc val_metric=0.7881
Step 2600 | loss 0.4067 | val_acc=0.7884 val_roc_auc=0.7884 val_loss=0.4370 val_metric_name=roc_auc val_metric=0.7884
Step 2650 | loss 0.4059 | val_acc=0.7894 val_roc_auc=0.7886 val_loss=0.4379 val_metric_name=roc_auc val_metric=0.7886
Step 2700 | loss 0.4026 | val_acc=0.7884 val_roc_auc=0.7890 val_loss=0.4361 val_metric_name=roc_auc val_metric=0.7890
Step 2750 | loss 0.4082 | val_acc=0.7904 val_roc_auc=0.7887 val_loss=0.4386 val_metric_name=roc_auc val_metric=0.7887
Step 2800 | loss 0.4047 | val_acc=0.7887 val_roc_auc=0.7893 val_loss=0.4371 val_metric_name=roc_auc val_metric=0.7893
Step 2850 | loss 0.4046 | val_acc=0.7884 val_roc_auc=0.7888 val_loss=0.4383 val_metric_name=roc_auc val_metric=0.7888
Step 2900 | loss 0.4012 | val_acc=0.7894 val_roc_auc=0.7889 val_loss=0.4382 val_metric_name=roc_auc val_metric=0.7889
Step 2950 | loss 0.3993 | val_acc=0.7911 val_roc_auc=0.7894 val_loss=0.4396 val_metric_name=roc_auc val_metric=0.7894
Step 3000 | loss 0.4012 | val_acc=0.7911 val_roc_auc=0.7900 val_loss=0.4396 val_metric_name=roc_auc val_metric=0.7900
Step 3050 | loss 0.3999 | val_acc=0.7928 val_roc_auc=0.7898 val_loss=0.4404 val_metric_name=roc_auc val_metric=0.7898
Step 3100 | loss 0.3954 | val_acc=0.7921 val_roc_auc=0.7902 val_loss=0.4396 val_metric_name=roc_auc val_metric=0.7902
Step 3150 | loss 0.4048 | val_acc=0.7914 val_roc_auc=0.7906 val_loss=0.4388 val_metric_name=roc_auc val_metric=0.7906
Step 3200 | loss 0.3951 | val_acc=0.7921 val_roc_auc=0.7901 val_loss=0.4400 val_metric_name=roc_auc val_metric=0.7901
Step 3250 | loss 0.3972 | val_acc=0.7924 val_roc_auc=0.7910 val_loss=0.4390 val_metric_name=roc_auc val_metric=0.7910
Step 3300 | loss 0.3947 | val_acc=0.7921 val_roc_auc=0.7908 val_loss=0.4404 val_metric_name=roc_auc val_metric=0.7908
Step 3350 | loss 0.3984 | val_acc=0.7914 val_roc_auc=0.7909 val_loss=0.4391 val_metric_name=roc_auc val_metric=0.7909
Step 3400 | loss 0.3943 | val_acc=0.7921 val_roc_auc=0.7908 val_loss=0.4415 val_metric_name=roc_auc val_metric=0.7908
Step 3450 | loss 0.3896 | val_acc=0.7918 val_roc_auc=0.7913 val_loss=0.4403 val_metric_name=roc_auc val_metric=0.7913
Step 3500 | loss 0.3945 | val_acc=0.7918 val_roc_auc=0.7919 val_loss=0.4396 val_metric_name=roc_auc val_metric=0.7919
Step 3550 | loss 0.3890 | val_acc=0.7914 val_roc_auc=0.7917 val_loss=0.4422 val_metric_name=roc_auc val_metric=0.7917
Step 3600 | loss 0.3910 | val_acc=0.7904 val_roc_auc=0.7913 val_loss=0.4408 val_metric_name=roc_auc val_metric=0.7913
Step 3650 | loss 0.3889 | val_acc=0.7911 val_roc_auc=0.7918 val_loss=0.4418 val_metric_name=roc_auc val_metric=0.7918
Step 3700 | loss 0.3900 | val_acc=0.7911 val_roc_auc=0.7923 val_loss=0.4422 val_metric_name=roc_auc val_metric=0.7923
Step 3750 | loss 0.3936 | val_acc=0.7911 val_roc_auc=0.7920 val_loss=0.4417 val_metric_name=roc_auc val_metric=0.7920
Step 3800 | loss 0.3910 | val_acc=0.7907 val_roc_auc=0.7920 val_loss=0.4432 val_metric_name=roc_auc val_metric=0.7920
Step 3850 | loss 0.3889 | val_acc=0.7907 val_roc_auc=0.7930 val_loss=0.4419 val_metric_name=roc_auc val_metric=0.7930
Step 3900 | loss 0.3878 | val_acc=0.7897 val_roc_auc=0.7928 val_loss=0.4427 val_metric_name=roc_auc val_metric=0.7928
Step 3950 | loss 0.3885 | val_acc=0.7897 val_roc_auc=0.7926 val_loss=0.4429 val_metric_name=roc_auc val_metric=0.7926
Step 4000 | loss 0.3860 | val_acc=0.7904 val_roc_auc=0.7933 val_loss=0.4425 val_metric_name=roc_auc val_metric=0.7933
Step 4050 | loss 0.3870 | val_acc=0.7894 val_roc_auc=0.7932 val_loss=0.4446 val_metric_name=roc_auc val_metric=0.7932
Step 4100 | loss 0.3881 | val_acc=0.7884 val_roc_auc=0.7938 val_loss=0.4423 val_metric_name=roc_auc val_metric=0.7938
Step 4150 | loss 0.3877 | val_acc=0.7877 val_roc_auc=0.7936 val_loss=0.4437 val_metric_name=roc_auc val_metric=0.7936
Step 4200 | loss 0.3878 | val_acc=0.7877 val_roc_auc=0.7932 val_loss=0.4477 val_metric_name=roc_auc val_metric=0.7932
Step 4250 | loss 0.3843 | val_acc=0.7890 val_roc_auc=0.7941 val_loss=0.4438 val_metric_name=roc_auc val_metric=0.7941
Step 4300 | loss 0.3836 | val_acc=0.7904 val_roc_auc=0.7943 val_loss=0.4440 val_metric_name=roc_auc val_metric=0.7943
Step 4350 | loss 0.3851 | val_acc=0.7890 val_roc_auc=0.7945 val_loss=0.4447 val_metric_name=roc_auc val_metric=0.7945
Step 4400 | loss 0.3828 | val_acc=0.7894 val_roc_auc=0.7947 val_loss=0.4440 val_metric_name=roc_auc val_metric=0.7947
Step 4450 | loss 0.3812 | val_acc=0.7887 val_roc_auc=0.7945 val_loss=0.4458 val_metric_name=roc_auc val_metric=0.7945
Step 4500 | loss 0.3803 | val_acc=0.7887 val_roc_auc=0.7948 val_loss=0.4475 val_metric_name=roc_auc val_metric=0.7948
Step 4550 | loss 0.3831 | val_acc=0.7887 val_roc_auc=0.7952 val_loss=0.4456 val_metric_name=roc_auc val_metric=0.7952
Step 4600 | loss 0.3825 | val_acc=0.7877 val_roc_auc=0.7952 val_loss=0.4470 val_metric_name=roc_auc val_metric=0.7952
Step 4650 | loss 0.3806 | val_acc=0.7877 val_roc_auc=0.7956 val_loss=0.4464 val_metric_name=roc_auc val_metric=0.7956
Step 4700 | loss 0.3761 | val_acc=0.7877 val_roc_auc=0.7954 val_loss=0.4479 val_metric_name=roc_auc val_metric=0.7954
Step 4750 | loss 0.3782 | val_acc=0.7870 val_roc_auc=0.7960 val_loss=0.4481 val_metric_name=roc_auc val_metric=0.7960
Step 4800 | loss 0.3805 | val_acc=0.7873 val_roc_auc=0.7961 val_loss=0.4475 val_metric_name=roc_auc val_metric=0.7961
Step 4850 | loss 0.3734 | val_acc=0.7867 val_roc_auc=0.7962 val_loss=0.4468 val_metric_name=roc_auc val_metric=0.7962
Step 4900 | loss 0.3788 | val_acc=0.7860 val_roc_auc=0.7968 val_loss=0.4484 val_metric_name=roc_auc val_metric=0.7968
Step 4950 | loss 0.3777 | val_acc=0.7867 val_roc_auc=0.7965 val_loss=0.4494 val_metric_name=roc_auc val_metric=0.7965
Step 5000 | loss 0.3751 | val_acc=0.7873 val_roc_auc=0.7968 val_loss=0.4493 val_metric_name=roc_auc val_metric=0.7968

--- Final (best ckpt @ step 4940) ---
  train_acc=0.8161 train_roc_auc=0.8608 train_loss=0.3672 train_metric_name=roc_auc train_metric=0.8608
  val_acc=0.7887 val_roc_auc=0.7970 val_loss=0.4462 val_metric_name=roc_auc val_metric=0.7970
  test_acc=0.8058 test_roc_auc=0.8250 test_loss=0.4095 test_metric_name=roc_auc test_metric=0.8250
  test_roc_auc=0.8250

============================================================
Training tolokers GAT 1L h=512 lr=3e-05 split=2
============================================================
Training for 5000 steps
Step    1 | loss 0.7961 | val_acc=0.4917 val_roc_auc=0.6237 val_loss=0.7004 val_metric_name=roc_auc val_metric=0.6237
Step   50 | loss 0.4950 | val_acc=0.7819 val_roc_auc=0.6904 val_loss=0.4925 val_metric_name=roc_auc val_metric=0.6904
Step  100 | loss 0.4822 | val_acc=0.7826 val_roc_auc=0.7128 val_loss=0.4756 val_metric_name=roc_auc val_metric=0.7128
Step  150 | loss 0.4658 | val_acc=0.7812 val_roc_auc=0.7280 val_loss=0.4656 val_metric_name=roc_auc val_metric=0.7280
Step  200 | loss 0.4564 | val_acc=0.7816 val_roc_auc=0.7375 val_loss=0.4584 val_metric_name=roc_auc val_metric=0.7375
Step  250 | loss 0.4516 | val_acc=0.7805 val_roc_auc=0.7461 val_loss=0.4509 val_metric_name=roc_auc val_metric=0.7461
Step  300 | loss 0.4426 | val_acc=0.7829 val_roc_auc=0.7527 val_loss=0.4461 val_metric_name=roc_auc val_metric=0.7527
Step  350 | loss 0.4385 | val_acc=0.7826 val_roc_auc=0.7568 val_loss=0.4424 val_metric_name=roc_auc val_metric=0.7568
Step  400 | loss 0.4335 | val_acc=0.7826 val_roc_auc=0.7615 val_loss=0.4418 val_metric_name=roc_auc val_metric=0.7615
Step  450 | loss 0.4276 | val_acc=0.7826 val_roc_auc=0.7692 val_loss=0.4358 val_metric_name=roc_auc val_metric=0.7692
Step  500 | loss 0.4198 | val_acc=0.7856 val_roc_auc=0.7748 val_loss=0.4337 val_metric_name=roc_auc val_metric=0.7748
Step  550 | loss 0.4205 | val_acc=0.7843 val_roc_auc=0.7793 val_loss=0.4308 val_metric_name=roc_auc val_metric=0.7793
Step  600 | loss 0.4137 | val_acc=0.7863 val_roc_auc=0.7824 val_loss=0.4298 val_metric_name=roc_auc val_metric=0.7824
Step  650 | loss 0.4128 | val_acc=0.7856 val_roc_auc=0.7838 val_loss=0.4312 val_metric_name=roc_auc val_metric=0.7838
Step  700 | loss 0.4075 | val_acc=0.7867 val_roc_auc=0.7854 val_loss=0.4311 val_metric_name=roc_auc val_metric=0.7854
Step  750 | loss 0.4079 | val_acc=0.7822 val_roc_auc=0.7871 val_loss=0.4301 val_metric_name=roc_auc val_metric=0.7871
Step  800 | loss 0.4055 | val_acc=0.7853 val_roc_auc=0.7874 val_loss=0.4298 val_metric_name=roc_auc val_metric=0.7874
Step  850 | loss 0.4034 | val_acc=0.7829 val_roc_auc=0.7879 val_loss=0.4314 val_metric_name=roc_auc val_metric=0.7879
Step  900 | loss 0.3984 | val_acc=0.7856 val_roc_auc=0.7902 val_loss=0.4302 val_metric_name=roc_auc val_metric=0.7902
Step  950 | loss 0.3988 | val_acc=0.7870 val_roc_auc=0.7902 val_loss=0.4313 val_metric_name=roc_auc val_metric=0.7902
Step 1000 | loss 0.3949 | val_acc=0.7863 val_roc_auc=0.7912 val_loss=0.4309 val_metric_name=roc_auc val_metric=0.7912
Step 1050 | loss 0.3937 | val_acc=0.7853 val_roc_auc=0.7919 val_loss=0.4331 val_metric_name=roc_auc val_metric=0.7919
Step 1100 | loss 0.3919 | val_acc=0.7816 val_roc_auc=0.7938 val_loss=0.4316 val_metric_name=roc_auc val_metric=0.7938
Step 1150 | loss 0.3904 | val_acc=0.7839 val_roc_auc=0.7951 val_loss=0.4329 val_metric_name=roc_auc val_metric=0.7951
Step 1200 | loss 0.3896 | val_acc=0.7836 val_roc_auc=0.7953 val_loss=0.4331 val_metric_name=roc_auc val_metric=0.7953
Step 1250 | loss 0.3906 | val_acc=0.7850 val_roc_auc=0.7970 val_loss=0.4330 val_metric_name=roc_auc val_metric=0.7970
Step 1300 | loss 0.3867 | val_acc=0.7873 val_roc_auc=0.7963 val_loss=0.4367 val_metric_name=roc_auc val_metric=0.7963
Step 1350 | loss 0.3803 | val_acc=0.7843 val_roc_auc=0.7967 val_loss=0.4376 val_metric_name=roc_auc val_metric=0.7967
Step 1400 | loss 0.3831 | val_acc=0.7850 val_roc_auc=0.7968 val_loss=0.4384 val_metric_name=roc_auc val_metric=0.7968
Step 1450 | loss 0.3758 | val_acc=0.7843 val_roc_auc=0.7964 val_loss=0.4418 val_metric_name=roc_auc val_metric=0.7964
Step 1500 | loss 0.3785 | val_acc=0.7833 val_roc_auc=0.7963 val_loss=0.4452 val_metric_name=roc_auc val_metric=0.7963
Step 1550 | loss 0.3757 | val_acc=0.7819 val_roc_auc=0.7961 val_loss=0.4446 val_metric_name=roc_auc val_metric=0.7961
Step 1600 | loss 0.3730 | val_acc=0.7829 val_roc_auc=0.7967 val_loss=0.4444 val_metric_name=roc_auc val_metric=0.7967
Step 1650 | loss 0.3723 | val_acc=0.7833 val_roc_auc=0.7967 val_loss=0.4471 val_metric_name=roc_auc val_metric=0.7967
Step 1700 | loss 0.3693 | val_acc=0.7839 val_roc_auc=0.7982 val_loss=0.4440 val_metric_name=roc_auc val_metric=0.7982
Step 1750 | loss 0.3690 | val_acc=0.7839 val_roc_auc=0.7978 val_loss=0.4477 val_metric_name=roc_auc val_metric=0.7978
Step 1800 | loss 0.3678 | val_acc=0.7860 val_roc_auc=0.7979 val_loss=0.4497 val_metric_name=roc_auc val_metric=0.7979
Step 1850 | loss 0.3622 | val_acc=0.7829 val_roc_auc=0.7973 val_loss=0.4507 val_metric_name=roc_auc val_metric=0.7973
Step 1900 | loss 0.3591 | val_acc=0.7853 val_roc_auc=0.7984 val_loss=0.4506 val_metric_name=roc_auc val_metric=0.7984
Step 1950 | loss 0.3621 | val_acc=0.7826 val_roc_auc=0.7979 val_loss=0.4526 val_metric_name=roc_auc val_metric=0.7979
Step 2000 | loss 0.3635 | val_acc=0.7843 val_roc_auc=0.7979 val_loss=0.4541 val_metric_name=roc_auc val_metric=0.7979
Step 2050 | loss 0.3580 | val_acc=0.7826 val_roc_auc=0.7988 val_loss=0.4566 val_metric_name=roc_auc val_metric=0.7988
Step 2100 | loss 0.3536 | val_acc=0.7839 val_roc_auc=0.7983 val_loss=0.4571 val_metric_name=roc_auc val_metric=0.7983
Step 2150 | loss 0.3573 | val_acc=0.7819 val_roc_auc=0.7979 val_loss=0.4607 val_metric_name=roc_auc val_metric=0.7979
Step 2200 | loss 0.3517 | val_acc=0.7809 val_roc_auc=0.7981 val_loss=0.4624 val_metric_name=roc_auc val_metric=0.7981
Step 2250 | loss 0.3506 | val_acc=0.7843 val_roc_auc=0.7971 val_loss=0.4643 val_metric_name=roc_auc val_metric=0.7971
Step 2300 | loss 0.3490 | val_acc=0.7805 val_roc_auc=0.7970 val_loss=0.4660 val_metric_name=roc_auc val_metric=0.7970
Step 2350 | loss 0.3479 | val_acc=0.7829 val_roc_auc=0.7971 val_loss=0.4683 val_metric_name=roc_auc val_metric=0.7971
Early stopping at step 2367

--- Final (best ckpt @ step 1990) ---
  train_acc=0.8370 train_roc_auc=0.8810 train_loss=0.3367 train_metric_name=roc_auc train_metric=0.8810
  val_acc=0.7843 val_roc_auc=0.7994 val_loss=0.4514 val_metric_name=roc_auc val_metric=0.7994
  test_acc=0.8007 test_roc_auc=0.8256 test_loss=0.4142 test_metric_name=roc_auc test_metric=0.8256
  test_roc_auc=0.8256

============================================================
Training tolokers GAT 1L h=512 lr=6e-05 split=2
============================================================
Training for 5000 steps
Step    1 | loss 0.7961 | val_acc=0.7346 val_roc_auc=0.6244 val_loss=0.6099 val_metric_name=roc_auc val_metric=0.6244
Step   50 | loss 0.4856 | val_acc=0.7822 val_roc_auc=0.7039 val_loss=0.4871 val_metric_name=roc_auc val_metric=0.7039
Step  100 | loss 0.4680 | val_acc=0.7812 val_roc_auc=0.7309 val_loss=0.4624 val_metric_name=roc_auc val_metric=0.7309
Step  150 | loss 0.4495 | val_acc=0.7822 val_roc_auc=0.7464 val_loss=0.4504 val_metric_name=roc_auc val_metric=0.7464
Step  200 | loss 0.4370 | val_acc=0.7836 val_roc_auc=0.7566 val_loss=0.4448 val_metric_name=roc_auc val_metric=0.7566
Step  250 | loss 0.4336 | val_acc=0.7822 val_roc_auc=0.7637 val_loss=0.4398 val_metric_name=roc_auc val_metric=0.7637
Step  300 | loss 0.4215 | val_acc=0.7809 val_roc_auc=0.7726 val_loss=0.4346 val_metric_name=roc_auc val_metric=0.7726
Step  350 | loss 0.4161 | val_acc=0.7819 val_roc_auc=0.7806 val_loss=0.4311 val_metric_name=roc_auc val_metric=0.7806
Step  400 | loss 0.4104 | val_acc=0.7873 val_roc_auc=0.7828 val_loss=0.4338 val_metric_name=roc_auc val_metric=0.7828
Step  450 | loss 0.4038 | val_acc=0.7887 val_roc_auc=0.7868 val_loss=0.4297 val_metric_name=roc_auc val_metric=0.7868
Step  500 | loss 0.3977 | val_acc=0.7914 val_roc_auc=0.7890 val_loss=0.4325 val_metric_name=roc_auc val_metric=0.7890
Step  550 | loss 0.3953 | val_acc=0.7863 val_roc_auc=0.7924 val_loss=0.4304 val_metric_name=roc_auc val_metric=0.7924
Step  600 | loss 0.3926 | val_acc=0.7829 val_roc_auc=0.7948 val_loss=0.4320 val_metric_name=roc_auc val_metric=0.7948
Step  650 | loss 0.3885 | val_acc=0.7877 val_roc_auc=0.7955 val_loss=0.4346 val_metric_name=roc_auc val_metric=0.7955
Step  700 | loss 0.3831 | val_acc=0.7877 val_roc_auc=0.7951 val_loss=0.4389 val_metric_name=roc_auc val_metric=0.7951
Step  750 | loss 0.3816 | val_acc=0.7867 val_roc_auc=0.7958 val_loss=0.4379 val_metric_name=roc_auc val_metric=0.7958
Step  800 | loss 0.3804 | val_acc=0.7853 val_roc_auc=0.7961 val_loss=0.4401 val_metric_name=roc_auc val_metric=0.7961
Step  850 | loss 0.3791 | val_acc=0.7843 val_roc_auc=0.7951 val_loss=0.4475 val_metric_name=roc_auc val_metric=0.7951
Step  900 | loss 0.3716 | val_acc=0.7846 val_roc_auc=0.7957 val_loss=0.4478 val_metric_name=roc_auc val_metric=0.7957
Step  950 | loss 0.3714 | val_acc=0.7819 val_roc_auc=0.7969 val_loss=0.4463 val_metric_name=roc_auc val_metric=0.7969
Step 1000 | loss 0.3645 | val_acc=0.7819 val_roc_auc=0.7967 val_loss=0.4510 val_metric_name=roc_auc val_metric=0.7967
Step 1050 | loss 0.3652 | val_acc=0.7839 val_roc_auc=0.7986 val_loss=0.4493 val_metric_name=roc_auc val_metric=0.7986
Step 1100 | loss 0.3605 | val_acc=0.7826 val_roc_auc=0.7979 val_loss=0.4570 val_metric_name=roc_auc val_metric=0.7979
Step 1150 | loss 0.3577 | val_acc=0.7856 val_roc_auc=0.7979 val_loss=0.4558 val_metric_name=roc_auc val_metric=0.7979
Step 1200 | loss 0.3561 | val_acc=0.7853 val_roc_auc=0.7988 val_loss=0.4598 val_metric_name=roc_auc val_metric=0.7988
Step 1250 | loss 0.3528 | val_acc=0.7867 val_roc_auc=0.7981 val_loss=0.4617 val_metric_name=roc_auc val_metric=0.7981
Step 1300 | loss 0.3481 | val_acc=0.7877 val_roc_auc=0.7984 val_loss=0.4662 val_metric_name=roc_auc val_metric=0.7984
Step 1350 | loss 0.3447 | val_acc=0.7836 val_roc_auc=0.7979 val_loss=0.4691 val_metric_name=roc_auc val_metric=0.7979
Step 1400 | loss 0.3417 | val_acc=0.7843 val_roc_auc=0.7966 val_loss=0.4698 val_metric_name=roc_auc val_metric=0.7966
Step 1450 | loss 0.3306 | val_acc=0.7795 val_roc_auc=0.7940 val_loss=0.4778 val_metric_name=roc_auc val_metric=0.7940
Step 1500 | loss 0.3303 | val_acc=0.7782 val_roc_auc=0.7927 val_loss=0.4879 val_metric_name=roc_auc val_metric=0.7927
Step 1550 | loss 0.3244 | val_acc=0.7795 val_roc_auc=0.7933 val_loss=0.4887 val_metric_name=roc_auc val_metric=0.7933
Step 1600 | loss 0.3175 | val_acc=0.7839 val_roc_auc=0.7929 val_loss=0.4920 val_metric_name=roc_auc val_metric=0.7929
Early stopping at step 1613

--- Final (best ckpt @ step 1310) ---
  train_acc=0.8522 train_roc_auc=0.8967 train_loss=0.3165 train_metric_name=roc_auc train_metric=0.8967
  val_acc=0.7856 val_roc_auc=0.7988 val_loss=0.4665 val_metric_name=roc_auc val_metric=0.7988
  test_acc=0.8044 test_roc_auc=0.8243 test_loss=0.4290 test_metric_name=roc_auc test_metric=0.8243
  test_roc_auc=0.8243

============================================================
Training tolokers GAT 1L h=512 lr=0.0001 split=2
============================================================
Training for 5000 steps
Step    1 | loss 0.7961 | val_acc=0.7819 val_roc_auc=0.6253 val_loss=0.5361 val_metric_name=roc_auc val_metric=0.6253
Step   50 | loss 0.4780 | val_acc=0.7826 val_roc_auc=0.7169 val_loss=0.4696 val_metric_name=roc_auc val_metric=0.7169
Step  100 | loss 0.4557 | val_acc=0.7816 val_roc_auc=0.7441 val_loss=0.4519 val_metric_name=roc_auc val_metric=0.7441
Step  150 | loss 0.4376 | val_acc=0.7829 val_roc_auc=0.7577 val_loss=0.4421 val_metric_name=roc_auc val_metric=0.7577
Step  200 | loss 0.4240 | val_acc=0.7819 val_roc_auc=0.7702 val_loss=0.4372 val_metric_name=roc_auc val_metric=0.7702
Step  250 | loss 0.4209 | val_acc=0.7812 val_roc_auc=0.7808 val_loss=0.4344 val_metric_name=roc_auc val_metric=0.7808
Step  300 | loss 0.4040 | val_acc=0.7918 val_roc_auc=0.7841 val_loss=0.4345 val_metric_name=roc_auc val_metric=0.7841
Step  350 | loss 0.4007 | val_acc=0.7931 val_roc_auc=0.7899 val_loss=0.4310 val_metric_name=roc_auc val_metric=0.7899
Step  400 | loss 0.3918 | val_acc=0.7894 val_roc_auc=0.7936 val_loss=0.4325 val_metric_name=roc_auc val_metric=0.7936
Step  450 | loss 0.3818 | val_acc=0.7890 val_roc_auc=0.7959 val_loss=0.4352 val_metric_name=roc_auc val_metric=0.7959
Step  500 | loss 0.3813 | val_acc=0.7850 val_roc_auc=0.7960 val_loss=0.4375 val_metric_name=roc_auc val_metric=0.7960
Step  550 | loss 0.3761 | val_acc=0.7860 val_roc_auc=0.7954 val_loss=0.4461 val_metric_name=roc_auc val_metric=0.7954
Step  600 | loss 0.3764 | val_acc=0.7839 val_roc_auc=0.7959 val_loss=0.4453 val_metric_name=roc_auc val_metric=0.7959
Step  650 | loss 0.3707 | val_acc=0.7843 val_roc_auc=0.7950 val_loss=0.4520 val_metric_name=roc_auc val_metric=0.7950
Step  700 | loss 0.3630 | val_acc=0.7812 val_roc_auc=0.7964 val_loss=0.4560 val_metric_name=roc_auc val_metric=0.7964
Step  750 | loss 0.3593 | val_acc=0.7863 val_roc_auc=0.7950 val_loss=0.4621 val_metric_name=roc_auc val_metric=0.7950
Step  800 | loss 0.3562 | val_acc=0.7853 val_roc_auc=0.7981 val_loss=0.4590 val_metric_name=roc_auc val_metric=0.7981
Step  850 | loss 0.3530 | val_acc=0.7846 val_roc_auc=0.7972 val_loss=0.4663 val_metric_name=roc_auc val_metric=0.7972
Step  900 | loss 0.3438 | val_acc=0.7856 val_roc_auc=0.7952 val_loss=0.4720 val_metric_name=roc_auc val_metric=0.7952
Step  950 | loss 0.3366 | val_acc=0.7846 val_roc_auc=0.7990 val_loss=0.4698 val_metric_name=roc_auc val_metric=0.7990
Step 1000 | loss 0.3271 | val_acc=0.7860 val_roc_auc=0.7952 val_loss=0.4838 val_metric_name=roc_auc val_metric=0.7952
Step 1050 | loss 0.3217 | val_acc=0.7839 val_roc_auc=0.7953 val_loss=0.4923 val_metric_name=roc_auc val_metric=0.7953
Step 1100 | loss 0.3136 | val_acc=0.7809 val_roc_auc=0.7918 val_loss=0.5090 val_metric_name=roc_auc val_metric=0.7918
Step 1150 | loss 0.3028 | val_acc=0.7853 val_roc_auc=0.7885 val_loss=0.5189 val_metric_name=roc_auc val_metric=0.7885
Early stopping at step 1170

--- Final (best ckpt @ step 870) ---
  train_acc=0.8529 train_roc_auc=0.8988 train_loss=0.3131 train_metric_name=roc_auc train_metric=0.8988
  val_acc=0.7867 val_roc_auc=0.8001 val_loss=0.4620 val_metric_name=roc_auc val_metric=0.8001
  test_acc=0.7956 test_roc_auc=0.8235 test_loss=0.4263 test_metric_name=roc_auc test_metric=0.8235
  test_roc_auc=0.8235

============================================================
Training tolokers GAT 1L h=512 lr=1e-05 split=2
============================================================
Training for 5000 steps
Step    1 | loss 0.7961 | val_acc=0.4144 val_roc_auc=0.6230 val_loss=0.7779 val_metric_name=roc_auc val_metric=0.6230
Step   50 | loss 0.5125 | val_acc=0.7819 val_roc_auc=0.6699 val_loss=0.5070 val_metric_name=roc_auc val_metric=0.6699
Step  100 | loss 0.4997 | val_acc=0.7819 val_roc_auc=0.6860 val_loss=0.4922 val_metric_name=roc_auc val_metric=0.6860
Step  150 | loss 0.4874 | val_acc=0.7822 val_roc_auc=0.6952 val_loss=0.4864 val_metric_name=roc_auc val_metric=0.6952
Step  200 | loss 0.4816 | val_acc=0.7829 val_roc_auc=0.7050 val_loss=0.4813 val_metric_name=roc_auc val_metric=0.7050
Step  250 | loss 0.4790 | val_acc=0.7826 val_roc_auc=0.7134 val_loss=0.4770 val_metric_name=roc_auc val_metric=0.7134
Step  300 | loss 0.4743 | val_acc=0.7822 val_roc_auc=0.7201 val_loss=0.4726 val_metric_name=roc_auc val_metric=0.7201
Step  350 | loss 0.4704 | val_acc=0.7816 val_roc_auc=0.7259 val_loss=0.4677 val_metric_name=roc_auc val_metric=0.7259
Step  400 | loss 0.4657 | val_acc=0.7812 val_roc_auc=0.7303 val_loss=0.4642 val_metric_name=roc_auc val_metric=0.7303
Step  450 | loss 0.4627 | val_acc=0.7812 val_roc_auc=0.7340 val_loss=0.4606 val_metric_name=roc_auc val_metric=0.7340
Step  500 | loss 0.4564 | val_acc=0.7816 val_roc_auc=0.7377 val_loss=0.4582 val_metric_name=roc_auc val_metric=0.7377
Step  550 | loss 0.4584 | val_acc=0.7816 val_roc_auc=0.7407 val_loss=0.4558 val_metric_name=roc_auc val_metric=0.7407
Step  600 | loss 0.4546 | val_acc=0.7812 val_roc_auc=0.7438 val_loss=0.4525 val_metric_name=roc_auc val_metric=0.7438
Step  650 | loss 0.4510 | val_acc=0.7805 val_roc_auc=0.7466 val_loss=0.4499 val_metric_name=roc_auc val_metric=0.7466
Step  700 | loss 0.4481 | val_acc=0.7829 val_roc_auc=0.7490 val_loss=0.4484 val_metric_name=roc_auc val_metric=0.7490
Step  750 | loss 0.4472 | val_acc=0.7829 val_roc_auc=0.7513 val_loss=0.4471 val_metric_name=roc_auc val_metric=0.7513
Step  800 | loss 0.4434 | val_acc=0.7836 val_roc_auc=0.7535 val_loss=0.4454 val_metric_name=roc_auc val_metric=0.7535
Step  850 | loss 0.4419 | val_acc=0.7833 val_roc_auc=0.7554 val_loss=0.4436 val_metric_name=roc_auc val_metric=0.7554
Step  900 | loss 0.4385 | val_acc=0.7829 val_roc_auc=0.7570 val_loss=0.4426 val_metric_name=roc_auc val_metric=0.7570
Step  950 | loss 0.4371 | val_acc=0.7836 val_roc_auc=0.7589 val_loss=0.4404 val_metric_name=roc_auc val_metric=0.7589
Step 1000 | loss 0.4333 | val_acc=0.7826 val_roc_auc=0.7614 val_loss=0.4403 val_metric_name=roc_auc val_metric=0.7614
Step 1050 | loss 0.4304 | val_acc=0.7829 val_roc_auc=0.7647 val_loss=0.4381 val_metric_name=roc_auc val_metric=0.7647
Step 1100 | loss 0.4295 | val_acc=0.7839 val_roc_auc=0.7683 val_loss=0.4357 val_metric_name=roc_auc val_metric=0.7683
Step 1150 | loss 0.4288 | val_acc=0.7846 val_roc_auc=0.7713 val_loss=0.4346 val_metric_name=roc_auc val_metric=0.7713
Step 1200 | loss 0.4267 | val_acc=0.7860 val_roc_auc=0.7740 val_loss=0.4332 val_metric_name=roc_auc val_metric=0.7740
Step 1250 | loss 0.4259 | val_acc=0.7880 val_roc_auc=0.7765 val_loss=0.4316 val_metric_name=roc_auc val_metric=0.7765
Step 1300 | loss 0.4231 | val_acc=0.7880 val_roc_auc=0.7779 val_loss=0.4321 val_metric_name=roc_auc val_metric=0.7779
Step 1350 | loss 0.4214 | val_acc=0.7863 val_roc_auc=0.7796 val_loss=0.4301 val_metric_name=roc_auc val_metric=0.7796
Step 1400 | loss 0.4241 | val_acc=0.7839 val_roc_auc=0.7810 val_loss=0.4297 val_metric_name=roc_auc val_metric=0.7810
Step 1450 | loss 0.4183 | val_acc=0.7870 val_roc_auc=0.7816 val_loss=0.4290 val_metric_name=roc_auc val_metric=0.7816
Step 1500 | loss 0.4157 | val_acc=0.7863 val_roc_auc=0.7825 val_loss=0.4305 val_metric_name=roc_auc val_metric=0.7825
Step 1550 | loss 0.4160 | val_acc=0.7860 val_roc_auc=0.7835 val_loss=0.4301 val_metric_name=roc_auc val_metric=0.7835
Step 1600 | loss 0.4161 | val_acc=0.7884 val_roc_auc=0.7848 val_loss=0.4293 val_metric_name=roc_auc val_metric=0.7848
Step 1650 | loss 0.4160 | val_acc=0.7884 val_roc_auc=0.7856 val_loss=0.4284 val_metric_name=roc_auc val_metric=0.7856
Step 1700 | loss 0.4123 | val_acc=0.7867 val_roc_auc=0.7863 val_loss=0.4285 val_metric_name=roc_auc val_metric=0.7863
Step 1750 | loss 0.4080 | val_acc=0.7839 val_roc_auc=0.7867 val_loss=0.4290 val_metric_name=roc_auc val_metric=0.7867
Step 1800 | loss 0.4139 | val_acc=0.7860 val_roc_auc=0.7876 val_loss=0.4288 val_metric_name=roc_auc val_metric=0.7876
Step 1850 | loss 0.4107 | val_acc=0.7863 val_roc_auc=0.7885 val_loss=0.4287 val_metric_name=roc_auc val_metric=0.7885
Step 1900 | loss 0.4062 | val_acc=0.7856 val_roc_auc=0.7883 val_loss=0.4284 val_metric_name=roc_auc val_metric=0.7883
Step 1950 | loss 0.4106 | val_acc=0.7856 val_roc_auc=0.7886 val_loss=0.4286 val_metric_name=roc_auc val_metric=0.7886
Step 2000 | loss 0.4054 | val_acc=0.7863 val_roc_auc=0.7898 val_loss=0.4274 val_metric_name=roc_auc val_metric=0.7898
Step 2050 | loss 0.4091 | val_acc=0.7853 val_roc_auc=0.7899 val_loss=0.4282 val_metric_name=roc_auc val_metric=0.7899
Step 2100 | loss 0.4044 | val_acc=0.7877 val_roc_auc=0.7915 val_loss=0.4274 val_metric_name=roc_auc val_metric=0.7915
Step 2150 | loss 0.4060 | val_acc=0.7860 val_roc_auc=0.7912 val_loss=0.4278 val_metric_name=roc_auc val_metric=0.7912
Step 2200 | loss 0.4051 | val_acc=0.7843 val_roc_auc=0.7918 val_loss=0.4275 val_metric_name=roc_auc val_metric=0.7918
Step 2250 | loss 0.4030 | val_acc=0.7863 val_roc_auc=0.7921 val_loss=0.4283 val_metric_name=roc_auc val_metric=0.7921
Step 2300 | loss 0.4031 | val_acc=0.7863 val_roc_auc=0.7928 val_loss=0.4274 val_metric_name=roc_auc val_metric=0.7928
Step 2350 | loss 0.4019 | val_acc=0.7873 val_roc_auc=0.7928 val_loss=0.4284 val_metric_name=roc_auc val_metric=0.7928
Step 2400 | loss 0.4021 | val_acc=0.7884 val_roc_auc=0.7937 val_loss=0.4277 val_metric_name=roc_auc val_metric=0.7937
Step 2450 | loss 0.3999 | val_acc=0.7870 val_roc_auc=0.7931 val_loss=0.4289 val_metric_name=roc_auc val_metric=0.7931
Step 2500 | loss 0.3974 | val_acc=0.7873 val_roc_auc=0.7933 val_loss=0.4290 val_metric_name=roc_auc val_metric=0.7933
Step 2550 | loss 0.4009 | val_acc=0.7873 val_roc_auc=0.7945 val_loss=0.4271 val_metric_name=roc_auc val_metric=0.7945
Step 2600 | loss 0.4005 | val_acc=0.7890 val_roc_auc=0.7941 val_loss=0.4286 val_metric_name=roc_auc val_metric=0.7941
Step 2650 | loss 0.4005 | val_acc=0.7904 val_roc_auc=0.7943 val_loss=0.4287 val_metric_name=roc_auc val_metric=0.7943
Step 2700 | loss 0.3940 | val_acc=0.7901 val_roc_auc=0.7949 val_loss=0.4290 val_metric_name=roc_auc val_metric=0.7949
Step 2750 | loss 0.3980 | val_acc=0.7887 val_roc_auc=0.7948 val_loss=0.4295 val_metric_name=roc_auc val_metric=0.7948
Step 2800 | loss 0.3951 | val_acc=0.7904 val_roc_auc=0.7950 val_loss=0.4294 val_metric_name=roc_auc val_metric=0.7950
Step 2850 | loss 0.3962 | val_acc=0.7907 val_roc_auc=0.7956 val_loss=0.4281 val_metric_name=roc_auc val_metric=0.7956
Step 2900 | loss 0.3955 | val_acc=0.7918 val_roc_auc=0.7950 val_loss=0.4298 val_metric_name=roc_auc val_metric=0.7950
Step 2950 | loss 0.3933 | val_acc=0.7921 val_roc_auc=0.7954 val_loss=0.4300 val_metric_name=roc_auc val_metric=0.7954
Step 3000 | loss 0.3922 | val_acc=0.7897 val_roc_auc=0.7951 val_loss=0.4316 val_metric_name=roc_auc val_metric=0.7951
Step 3050 | loss 0.3908 | val_acc=0.7924 val_roc_auc=0.7956 val_loss=0.4306 val_metric_name=roc_auc val_metric=0.7956
Step 3100 | loss 0.3915 | val_acc=0.7924 val_roc_auc=0.7949 val_loss=0.4323 val_metric_name=roc_auc val_metric=0.7949
Step 3150 | loss 0.3883 | val_acc=0.7904 val_roc_auc=0.7955 val_loss=0.4320 val_metric_name=roc_auc val_metric=0.7955
Step 3200 | loss 0.3883 | val_acc=0.7911 val_roc_auc=0.7950 val_loss=0.4333 val_metric_name=roc_auc val_metric=0.7950
Step 3250 | loss 0.3878 | val_acc=0.7901 val_roc_auc=0.7960 val_loss=0.4318 val_metric_name=roc_auc val_metric=0.7960
Step 3300 | loss 0.3875 | val_acc=0.7897 val_roc_auc=0.7958 val_loss=0.4318 val_metric_name=roc_auc val_metric=0.7958
Step 3350 | loss 0.3836 | val_acc=0.7901 val_roc_auc=0.7954 val_loss=0.4353 val_metric_name=roc_auc val_metric=0.7954
Step 3400 | loss 0.3886 | val_acc=0.7890 val_roc_auc=0.7951 val_loss=0.4337 val_metric_name=roc_auc val_metric=0.7951
Step 3450 | loss 0.3875 | val_acc=0.7904 val_roc_auc=0.7956 val_loss=0.4350 val_metric_name=roc_auc val_metric=0.7956
Step 3500 | loss 0.3893 | val_acc=0.7860 val_roc_auc=0.7961 val_loss=0.4333 val_metric_name=roc_auc val_metric=0.7961
Step 3550 | loss 0.3900 | val_acc=0.7894 val_roc_auc=0.7958 val_loss=0.4361 val_metric_name=roc_auc val_metric=0.7958
Step 3600 | loss 0.3842 | val_acc=0.7887 val_roc_auc=0.7956 val_loss=0.4345 val_metric_name=roc_auc val_metric=0.7956
Step 3650 | loss 0.3853 | val_acc=0.7897 val_roc_auc=0.7955 val_loss=0.4361 val_metric_name=roc_auc val_metric=0.7955
Step 3700 | loss 0.3859 | val_acc=0.7897 val_roc_auc=0.7961 val_loss=0.4362 val_metric_name=roc_auc val_metric=0.7961
Step 3750 | loss 0.3805 | val_acc=0.7887 val_roc_auc=0.7961 val_loss=0.4369 val_metric_name=roc_auc val_metric=0.7961
Step 3800 | loss 0.3827 | val_acc=0.7863 val_roc_auc=0.7961 val_loss=0.4378 val_metric_name=roc_auc val_metric=0.7961
Step 3850 | loss 0.3811 | val_acc=0.7870 val_roc_auc=0.7959 val_loss=0.4385 val_metric_name=roc_auc val_metric=0.7959
Step 3900 | loss 0.3870 | val_acc=0.7863 val_roc_auc=0.7958 val_loss=0.4389 val_metric_name=roc_auc val_metric=0.7958
Step 3950 | loss 0.3792 | val_acc=0.7877 val_roc_auc=0.7961 val_loss=0.4400 val_metric_name=roc_auc val_metric=0.7961
Step 4000 | loss 0.3817 | val_acc=0.7897 val_roc_auc=0.7962 val_loss=0.4391 val_metric_name=roc_auc val_metric=0.7962
Step 4050 | loss 0.3779 | val_acc=0.7884 val_roc_auc=0.7960 val_loss=0.4415 val_metric_name=roc_auc val_metric=0.7960
Step 4100 | loss 0.3751 | val_acc=0.7873 val_roc_auc=0.7965 val_loss=0.4395 val_metric_name=roc_auc val_metric=0.7965
Step 4150 | loss 0.3788 | val_acc=0.7877 val_roc_auc=0.7965 val_loss=0.4413 val_metric_name=roc_auc val_metric=0.7965
Step 4200 | loss 0.3818 | val_acc=0.7887 val_roc_auc=0.7959 val_loss=0.4418 val_metric_name=roc_auc val_metric=0.7959
Step 4250 | loss 0.3742 | val_acc=0.7884 val_roc_auc=0.7966 val_loss=0.4413 val_metric_name=roc_auc val_metric=0.7966
Step 4300 | loss 0.3784 | val_acc=0.7887 val_roc_auc=0.7968 val_loss=0.4417 val_metric_name=roc_auc val_metric=0.7968
Step 4350 | loss 0.3756 | val_acc=0.7894 val_roc_auc=0.7969 val_loss=0.4419 val_metric_name=roc_auc val_metric=0.7969
Step 4400 | loss 0.3743 | val_acc=0.7894 val_roc_auc=0.7965 val_loss=0.4435 val_metric_name=roc_auc val_metric=0.7965
Step 4450 | loss 0.3751 | val_acc=0.7856 val_roc_auc=0.7971 val_loss=0.4445 val_metric_name=roc_auc val_metric=0.7971
Step 4500 | loss 0.3700 | val_acc=0.7867 val_roc_auc=0.7967 val_loss=0.4443 val_metric_name=roc_auc val_metric=0.7967
Step 4550 | loss 0.3752 | val_acc=0.7870 val_roc_auc=0.7973 val_loss=0.4444 val_metric_name=roc_auc val_metric=0.7973
Step 4600 | loss 0.3760 | val_acc=0.7873 val_roc_auc=0.7976 val_loss=0.4441 val_metric_name=roc_auc val_metric=0.7976
Step 4650 | loss 0.3689 | val_acc=0.7901 val_roc_auc=0.7973 val_loss=0.4451 val_metric_name=roc_auc val_metric=0.7973
Step 4700 | loss 0.3720 | val_acc=0.7870 val_roc_auc=0.7978 val_loss=0.4461 val_metric_name=roc_auc val_metric=0.7978
Step 4750 | loss 0.3703 | val_acc=0.7884 val_roc_auc=0.7981 val_loss=0.4456 val_metric_name=roc_auc val_metric=0.7981
Step 4800 | loss 0.3712 | val_acc=0.7877 val_roc_auc=0.7985 val_loss=0.4459 val_metric_name=roc_auc val_metric=0.7985
Step 4850 | loss 0.3669 | val_acc=0.7873 val_roc_auc=0.7980 val_loss=0.4481 val_metric_name=roc_auc val_metric=0.7980
Step 4900 | loss 0.3659 | val_acc=0.7884 val_roc_auc=0.7982 val_loss=0.4485 val_metric_name=roc_auc val_metric=0.7982
Step 4950 | loss 0.3645 | val_acc=0.7880 val_roc_auc=0.7984 val_loss=0.4496 val_metric_name=roc_auc val_metric=0.7984
Step 5000 | loss 0.3653 | val_acc=0.7884 val_roc_auc=0.7984 val_loss=0.4504 val_metric_name=roc_auc val_metric=0.7984

--- Final (best ckpt @ step 4760) ---
  train_acc=0.8260 train_roc_auc=0.8723 train_loss=0.3503 train_metric_name=roc_auc train_metric=0.8723
  val_acc=0.7894 val_roc_auc=0.7989 val_loss=0.4456 val_metric_name=roc_auc val_metric=0.7989
  test_acc=0.8020 test_roc_auc=0.8198 test_loss=0.4188 test_metric_name=roc_auc test_metric=0.8198
  test_roc_auc=0.8198
  >> num_layers=1 hidden_dim=256 lr=3e-05 best_step=3320 val_roc_auc=0.7962 test_roc_auc=0.8207
     val_acc=0.7839 val_loss=0.4484 val_metric=0.7962 val_metric_name=roc_auc val_roc_auc=0.7962
     test_acc=0.8037 test_loss=0.4164 test_metric=0.8207 test_metric_name=roc_auc test_roc_auc=0.8207
  >> num_layers=1 hidden_dim=256 lr=6e-05 best_step=1690 val_roc_auc=0.7967 test_roc_auc=0.8211
     val_acc=0.7877 val_loss=0.4430 val_metric=0.7967 val_metric_name=roc_auc val_roc_auc=0.7967
     test_acc=0.8048 test_loss=0.4116 test_metric=0.8211 test_metric_name=roc_auc test_roc_auc=0.8211
  >> num_layers=1 hidden_dim=256 lr=0.0001 best_step=1390 val_roc_auc=0.7983 test_roc_auc=0.8195
     val_acc=0.7839 val_loss=0.4537 val_metric=0.7983 val_metric_name=roc_auc val_roc_auc=0.7983
     test_acc=0.8020 test_loss=0.4242 test_metric=0.8195 test_metric_name=roc_auc test_roc_auc=0.8195
  >> num_layers=1 hidden_dim=256 lr=1e-05 best_step=4930 val_roc_auc=0.7944 test_roc_auc=0.8193
     val_acc=0.7897 val_loss=0.4283 val_metric=0.7944 val_metric_name=roc_auc val_roc_auc=0.7944
     test_acc=0.8020 test_loss=0.4013 test_metric=0.8193 test_metric_name=roc_auc test_roc_auc=0.8193
  >> num_layers=1 hidden_dim=384 lr=3e-05 best_step=2550 val_roc_auc=0.7991 test_roc_auc=0.8224
     val_acc=0.7836 val_loss=0.4634 val_metric=0.7991 val_metric_name=roc_auc val_roc_auc=0.7991
     test_acc=0.8044 test_loss=0.4299 test_metric=0.8224 test_metric_name=roc_auc test_roc_auc=0.8224
  >> num_layers=1 hidden_dim=384 lr=6e-05 best_step=1090 val_roc_auc=0.7997 test_roc_auc=0.8237
     val_acc=0.7894 val_loss=0.4472 val_metric=0.7997 val_metric_name=roc_auc val_roc_auc=0.7997
     test_acc=0.8020 test_loss=0.4146 test_metric=0.8237 test_metric_name=roc_auc test_roc_auc=0.8237
  >> num_layers=1 hidden_dim=384 lr=0.0001 best_step=820 val_roc_auc=0.7982 test_roc_auc=0.8206
     val_acc=0.7894 val_loss=0.4556 val_metric=0.7982 val_metric_name=roc_auc val_roc_auc=0.7982
     test_acc=0.8014 test_loss=0.4219 test_metric=0.8206 test_metric_name=roc_auc test_roc_auc=0.8206
  >> num_layers=1 hidden_dim=384 lr=1e-05 best_step=4940 val_roc_auc=0.7970 test_roc_auc=0.8250
     val_acc=0.7887 val_loss=0.4462 val_metric=0.7970 val_metric_name=roc_auc val_roc_auc=0.7970
     test_acc=0.8058 test_loss=0.4095 test_metric=0.8250 test_metric_name=roc_auc test_roc_auc=0.8250
  >> num_layers=1 hidden_dim=512 lr=3e-05 best_step=1990 val_roc_auc=0.7994 test_roc_auc=0.8256
     val_acc=0.7843 val_loss=0.4514 val_metric=0.7994 val_metric_name=roc_auc val_roc_auc=0.7994
     test_acc=0.8007 test_loss=0.4142 test_metric=0.8256 test_metric_name=roc_auc test_roc_auc=0.8256
  >> num_layers=1 hidden_dim=512 lr=6e-05 best_step=1310 val_roc_auc=0.7988 test_roc_auc=0.8243
     val_acc=0.7856 val_loss=0.4665 val_metric=0.7988 val_metric_name=roc_auc val_roc_auc=0.7988
     test_acc=0.8044 test_loss=0.4290 test_metric=0.8243 test_metric_name=roc_auc test_roc_auc=0.8243
  >> num_layers=1 hidden_dim=512 lr=0.0001 best_step=870 val_roc_auc=0.8001 test_roc_auc=0.8235
     val_acc=0.7867 val_loss=0.4620 val_metric=0.8001 val_metric_name=roc_auc val_roc_auc=0.8001
     test_acc=0.7956 test_loss=0.4263 test_metric=0.8235 test_metric_name=roc_auc test_roc_auc=0.8235
  >> num_layers=1 hidden_dim=512 lr=1e-05 best_step=4760 val_roc_auc=0.7989 test_roc_auc=0.8198
     val_acc=0.7894 val_loss=0.4456 val_metric=0.7989 val_metric_name=roc_auc val_roc_auc=0.7989
     test_acc=0.8020 test_loss=0.4188 test_metric=0.8198 test_metric_name=roc_auc test_roc_auc=0.8198
  >> selected best (by val): num_layers=1 hidden_dim=512 lr=0.0001 val_roc_auc=0.8001 test_roc_auc=0.8235
     val_acc=0.7867 val_loss=0.4620 val_metric=0.8001 val_metric_name=roc_auc val_roc_auc=0.8001
     test_acc=0.7956 test_loss=0.4263 test_metric=0.8235 test_metric_name=roc_auc test_roc_auc=0.8235

Done. Results saved to /home/avshmelev/diploma_yandex_graphs/results_grid/tolokers/base.csv, checkpoints in /home/avshmelev/diploma_yandex_graphs/all_checkpoints/tolokers/base/
Skipping: "Done." found in /home/avshmelev/diploma_yandex_graphs/results_grid/tolokers/logs_base/GAT_1L_split2.log
