Loading data...

============================================================
Training tolokers GCN 4L h=256 lr=3e-05 split=3
============================================================
Training for 5000 steps
Step    1 | loss 0.9995 | val_acc=0.2324 val_roc_auc=0.6089 val_loss=0.9224 val_metric_name=roc_auc val_metric=0.6089
Step   50 | loss 0.4976 | val_acc=0.7819 val_roc_auc=0.6987 val_loss=0.4878 val_metric_name=roc_auc val_metric=0.6987
Step  100 | loss 0.4718 | val_acc=0.7863 val_roc_auc=0.7307 val_loss=0.4725 val_metric_name=roc_auc val_metric=0.7307
Step  150 | loss 0.4640 | val_acc=0.7853 val_roc_auc=0.7413 val_loss=0.4681 val_metric_name=roc_auc val_metric=0.7413
Step  200 | loss 0.4575 | val_acc=0.7853 val_roc_auc=0.7488 val_loss=0.4598 val_metric_name=roc_auc val_metric=0.7488
Step  250 | loss 0.4489 | val_acc=0.7860 val_roc_auc=0.7556 val_loss=0.4512 val_metric_name=roc_auc val_metric=0.7556
Step  300 | loss 0.4460 | val_acc=0.7877 val_roc_auc=0.7641 val_loss=0.4428 val_metric_name=roc_auc val_metric=0.7641
Step  350 | loss 0.4363 | val_acc=0.7880 val_roc_auc=0.7730 val_loss=0.4361 val_metric_name=roc_auc val_metric=0.7730
Step  400 | loss 0.4328 | val_acc=0.7890 val_roc_auc=0.7774 val_loss=0.4355 val_metric_name=roc_auc val_metric=0.7774
Step  450 | loss 0.4269 | val_acc=0.7918 val_roc_auc=0.7819 val_loss=0.4320 val_metric_name=roc_auc val_metric=0.7819
Step  500 | loss 0.4247 | val_acc=0.7914 val_roc_auc=0.7880 val_loss=0.4354 val_metric_name=roc_auc val_metric=0.7880
Step  550 | loss 0.4178 | val_acc=0.7965 val_roc_auc=0.7943 val_loss=0.4263 val_metric_name=roc_auc val_metric=0.7943
Step  600 | loss 0.4129 | val_acc=0.7976 val_roc_auc=0.8004 val_loss=0.4321 val_metric_name=roc_auc val_metric=0.8004
Step  650 | loss 0.4130 | val_acc=0.8030 val_roc_auc=0.8048 val_loss=0.4248 val_metric_name=roc_auc val_metric=0.8048
Step  700 | loss 0.4081 | val_acc=0.8061 val_roc_auc=0.8076 val_loss=0.4221 val_metric_name=roc_auc val_metric=0.8076
Step  750 | loss 0.4049 | val_acc=0.8071 val_roc_auc=0.8061 val_loss=0.4284 val_metric_name=roc_auc val_metric=0.8061
Step  800 | loss 0.3985 | val_acc=0.8078 val_roc_auc=0.7964 val_loss=0.4644 val_metric_name=roc_auc val_metric=0.7964
Step  850 | loss 0.3998 | val_acc=0.8098 val_roc_auc=0.8119 val_loss=0.4190 val_metric_name=roc_auc val_metric=0.8119
Step  900 | loss 0.3971 | val_acc=0.8101 val_roc_auc=0.8067 val_loss=0.4351 val_metric_name=roc_auc val_metric=0.8067
Step  950 | loss 0.4026 | val_acc=0.8095 val_roc_auc=0.8062 val_loss=0.4456 val_metric_name=roc_auc val_metric=0.8062
Step 1000 | loss 0.3922 | val_acc=0.8095 val_roc_auc=0.8075 val_loss=0.4422 val_metric_name=roc_auc val_metric=0.8075
Step 1050 | loss 0.3904 | val_acc=0.8101 val_roc_auc=0.8136 val_loss=0.4218 val_metric_name=roc_auc val_metric=0.8136
Step 1100 | loss 0.3892 | val_acc=0.8101 val_roc_auc=0.8152 val_loss=0.4179 val_metric_name=roc_auc val_metric=0.8152
Step 1150 | loss 0.3856 | val_acc=0.8101 val_roc_auc=0.8161 val_loss=0.4203 val_metric_name=roc_auc val_metric=0.8161
Step 1200 | loss 0.3879 | val_acc=0.8101 val_roc_auc=0.8195 val_loss=0.4098 val_metric_name=roc_auc val_metric=0.8195
Step 1250 | loss 0.3854 | val_acc=0.8098 val_roc_auc=0.8194 val_loss=0.4118 val_metric_name=roc_auc val_metric=0.8194
Step 1300 | loss 0.3817 | val_acc=0.8084 val_roc_auc=0.8168 val_loss=0.4246 val_metric_name=roc_auc val_metric=0.8168
Step 1350 | loss 0.3852 | val_acc=0.8088 val_roc_auc=0.8164 val_loss=0.4298 val_metric_name=roc_auc val_metric=0.8164
Step 1400 | loss 0.3819 | val_acc=0.8108 val_roc_auc=0.8213 val_loss=0.4130 val_metric_name=roc_auc val_metric=0.8213
Step 1450 | loss 0.3804 | val_acc=0.8118 val_roc_auc=0.8216 val_loss=0.4134 val_metric_name=roc_auc val_metric=0.8216
Step 1500 | loss 0.3812 | val_acc=0.8095 val_roc_auc=0.8208 val_loss=0.4213 val_metric_name=roc_auc val_metric=0.8208
Step 1550 | loss 0.3792 | val_acc=0.8118 val_roc_auc=0.8221 val_loss=0.4181 val_metric_name=roc_auc val_metric=0.8221
Step 1600 | loss 0.3819 | val_acc=0.8084 val_roc_auc=0.8253 val_loss=0.4059 val_metric_name=roc_auc val_metric=0.8253
Step 1650 | loss 0.3794 | val_acc=0.8135 val_roc_auc=0.8242 val_loss=0.4156 val_metric_name=roc_auc val_metric=0.8242
Step 1700 | loss 0.3750 | val_acc=0.8091 val_roc_auc=0.8266 val_loss=0.4051 val_metric_name=roc_auc val_metric=0.8266
Step 1750 | loss 0.3730 | val_acc=0.8101 val_roc_auc=0.8260 val_loss=0.4092 val_metric_name=roc_auc val_metric=0.8260
Step 1800 | loss 0.3725 | val_acc=0.8149 val_roc_auc=0.8254 val_loss=0.4232 val_metric_name=roc_auc val_metric=0.8254
Step 1850 | loss 0.3695 | val_acc=0.8081 val_roc_auc=0.8272 val_loss=0.4077 val_metric_name=roc_auc val_metric=0.8272
Step 1900 | loss 0.3667 | val_acc=0.8054 val_roc_auc=0.8281 val_loss=0.4062 val_metric_name=roc_auc val_metric=0.8281
Step 1950 | loss 0.3706 | val_acc=0.8122 val_roc_auc=0.8286 val_loss=0.4083 val_metric_name=roc_auc val_metric=0.8286
Step 2000 | loss 0.3694 | val_acc=0.7945 val_roc_auc=0.8278 val_loss=0.4111 val_metric_name=roc_auc val_metric=0.8278
Step 2050 | loss 0.3664 | val_acc=0.8037 val_roc_auc=0.8287 val_loss=0.4074 val_metric_name=roc_auc val_metric=0.8287
Step 2100 | loss 0.3631 | val_acc=0.7979 val_roc_auc=0.8290 val_loss=0.4100 val_metric_name=roc_auc val_metric=0.8290
Step 2150 | loss 0.3646 | val_acc=0.7979 val_roc_auc=0.8297 val_loss=0.4076 val_metric_name=roc_auc val_metric=0.8297
Step 2200 | loss 0.3708 | val_acc=0.8037 val_roc_auc=0.8306 val_loss=0.4077 val_metric_name=roc_auc val_metric=0.8306
Step 2250 | loss 0.3645 | val_acc=0.7979 val_roc_auc=0.8280 val_loss=0.4094 val_metric_name=roc_auc val_metric=0.8280
Step 2300 | loss 0.3645 | val_acc=0.8091 val_roc_auc=0.8305 val_loss=0.4061 val_metric_name=roc_auc val_metric=0.8305
Step 2350 | loss 0.3665 | val_acc=0.8023 val_roc_auc=0.8303 val_loss=0.4070 val_metric_name=roc_auc val_metric=0.8303
Step 2400 | loss 0.3634 | val_acc=0.8050 val_roc_auc=0.8307 val_loss=0.4085 val_metric_name=roc_auc val_metric=0.8307
Step 2450 | loss 0.3629 | val_acc=0.7921 val_roc_auc=0.8305 val_loss=0.4171 val_metric_name=roc_auc val_metric=0.8305
Step 2500 | loss 0.3591 | val_acc=0.7941 val_roc_auc=0.8298 val_loss=0.4161 val_metric_name=roc_auc val_metric=0.8298
Step 2550 | loss 0.3620 | val_acc=0.7894 val_roc_auc=0.8293 val_loss=0.4208 val_metric_name=roc_auc val_metric=0.8293
Step 2600 | loss 0.3614 | val_acc=0.7945 val_roc_auc=0.8288 val_loss=0.4175 val_metric_name=roc_auc val_metric=0.8288
Step 2650 | loss 0.3578 | val_acc=0.7945 val_roc_auc=0.8300 val_loss=0.4152 val_metric_name=roc_auc val_metric=0.8300
Step 2700 | loss 0.3631 | val_acc=0.7904 val_roc_auc=0.8284 val_loss=0.4224 val_metric_name=roc_auc val_metric=0.8284
Step 2750 | loss 0.3541 | val_acc=0.7918 val_roc_auc=0.8298 val_loss=0.4215 val_metric_name=roc_auc val_metric=0.8298
Step 2800 | loss 0.3563 | val_acc=0.7856 val_roc_auc=0.8274 val_loss=0.4307 val_metric_name=roc_auc val_metric=0.8274
Step 2850 | loss 0.3621 | val_acc=0.7972 val_roc_auc=0.8276 val_loss=0.4152 val_metric_name=roc_auc val_metric=0.8276
Step 2900 | loss 0.3569 | val_acc=0.7938 val_roc_auc=0.8302 val_loss=0.4182 val_metric_name=roc_auc val_metric=0.8302
Step 2950 | loss 0.3536 | val_acc=0.7938 val_roc_auc=0.8280 val_loss=0.4187 val_metric_name=roc_auc val_metric=0.8280
Step 3000 | loss 0.3595 | val_acc=0.7921 val_roc_auc=0.8293 val_loss=0.4221 val_metric_name=roc_auc val_metric=0.8293
Step 3050 | loss 0.3550 | val_acc=0.7901 val_roc_auc=0.8287 val_loss=0.4266 val_metric_name=roc_auc val_metric=0.8287
Step 3100 | loss 0.3554 | val_acc=0.7819 val_roc_auc=0.8254 val_loss=0.4319 val_metric_name=roc_auc val_metric=0.8254
Step 3150 | loss 0.3541 | val_acc=0.7768 val_roc_auc=0.8275 val_loss=0.4406 val_metric_name=roc_auc val_metric=0.8275
Step 3200 | loss 0.3495 | val_acc=0.7856 val_roc_auc=0.8299 val_loss=0.4302 val_metric_name=roc_auc val_metric=0.8299
Step 3250 | loss 0.3544 | val_acc=0.7771 val_roc_auc=0.8288 val_loss=0.4432 val_metric_name=roc_auc val_metric=0.8288
Step 3300 | loss 0.3492 | val_acc=0.7795 val_roc_auc=0.8274 val_loss=0.4347 val_metric_name=roc_auc val_metric=0.8274
Step 3350 | loss 0.3525 | val_acc=0.7788 val_roc_auc=0.8262 val_loss=0.4410 val_metric_name=roc_auc val_metric=0.8262
Step 3400 | loss 0.3515 | val_acc=0.7727 val_roc_auc=0.8225 val_loss=0.4493 val_metric_name=roc_auc val_metric=0.8225
Step 3450 | loss 0.3525 | val_acc=0.7890 val_roc_auc=0.8263 val_loss=0.4275 val_metric_name=roc_auc val_metric=0.8263
Step 3500 | loss 0.3506 | val_acc=0.7754 val_roc_auc=0.8210 val_loss=0.4424 val_metric_name=roc_auc val_metric=0.8210
Step 3550 | loss 0.3483 | val_acc=0.7741 val_roc_auc=0.8209 val_loss=0.4475 val_metric_name=roc_auc val_metric=0.8209
Early stopping at step 3559

--- Final (best ckpt @ step 2140) ---
  train_acc=0.8246 train_roc_auc=0.8612 train_loss=0.3685 train_metric_name=roc_auc train_metric=0.8612
  val_acc=0.8101 val_roc_auc=0.8312 val_loss=0.4058 val_metric_name=roc_auc val_metric=0.8312
  test_acc=0.8187 test_roc_auc=0.8424 test_loss=0.3955 test_metric_name=roc_auc test_metric=0.8424
  test_roc_auc=0.8424

============================================================
Training tolokers GCN 4L h=256 lr=6e-05 split=3
============================================================
Training for 5000 steps
Step    1 | loss 0.9995 | val_acc=0.3426 val_roc_auc=0.5843 val_loss=0.8124 val_metric_name=roc_auc val_metric=0.5843
Step   50 | loss 0.4733 | val_acc=0.7853 val_roc_auc=0.7289 val_loss=0.4682 val_metric_name=roc_auc val_metric=0.7289
Step  100 | loss 0.4610 | val_acc=0.7853 val_roc_auc=0.7429 val_loss=0.4655 val_metric_name=roc_auc val_metric=0.7429
Step  150 | loss 0.4503 | val_acc=0.7870 val_roc_auc=0.7538 val_loss=0.4533 val_metric_name=roc_auc val_metric=0.7538
Step  200 | loss 0.4400 | val_acc=0.7863 val_roc_auc=0.7687 val_loss=0.4383 val_metric_name=roc_auc val_metric=0.7687
Step  250 | loss 0.4269 | val_acc=0.7901 val_roc_auc=0.7781 val_loss=0.4298 val_metric_name=roc_auc val_metric=0.7781
Step  300 | loss 0.4251 | val_acc=0.7945 val_roc_auc=0.7870 val_loss=0.4233 val_metric_name=roc_auc val_metric=0.7870
Step  350 | loss 0.4143 | val_acc=0.7962 val_roc_auc=0.7989 val_loss=0.4310 val_metric_name=roc_auc val_metric=0.7989
Step  400 | loss 0.4093 | val_acc=0.7982 val_roc_auc=0.8022 val_loss=0.4459 val_metric_name=roc_auc val_metric=0.8022
Step  450 | loss 0.4032 | val_acc=0.8078 val_roc_auc=0.8082 val_loss=0.4289 val_metric_name=roc_auc val_metric=0.8082
Step  500 | loss 0.4018 | val_acc=0.8095 val_roc_auc=0.8169 val_loss=0.4064 val_metric_name=roc_auc val_metric=0.8169
Step  550 | loss 0.3978 | val_acc=0.8098 val_roc_auc=0.8111 val_loss=0.4334 val_metric_name=roc_auc val_metric=0.8111
Step  600 | loss 0.3890 | val_acc=0.8067 val_roc_auc=0.8180 val_loss=0.4136 val_metric_name=roc_auc val_metric=0.8180
Step  650 | loss 0.3931 | val_acc=0.8115 val_roc_auc=0.8179 val_loss=0.4147 val_metric_name=roc_auc val_metric=0.8179
Step  700 | loss 0.3889 | val_acc=0.8108 val_roc_auc=0.8224 val_loss=0.4054 val_metric_name=roc_auc val_metric=0.8224
Step  750 | loss 0.3809 | val_acc=0.8101 val_roc_auc=0.8213 val_loss=0.4159 val_metric_name=roc_auc val_metric=0.8213
Step  800 | loss 0.3801 | val_acc=0.8108 val_roc_auc=0.8235 val_loss=0.4097 val_metric_name=roc_auc val_metric=0.8235
Step  850 | loss 0.3800 | val_acc=0.8122 val_roc_auc=0.8259 val_loss=0.4032 val_metric_name=roc_auc val_metric=0.8259
Step  900 | loss 0.3780 | val_acc=0.8142 val_roc_auc=0.8259 val_loss=0.4112 val_metric_name=roc_auc val_metric=0.8259
Step  950 | loss 0.3773 | val_acc=0.8132 val_roc_auc=0.8273 val_loss=0.4083 val_metric_name=roc_auc val_metric=0.8273
Step 1000 | loss 0.3730 | val_acc=0.8112 val_roc_auc=0.8277 val_loss=0.4063 val_metric_name=roc_auc val_metric=0.8277
Step 1050 | loss 0.3689 | val_acc=0.8081 val_roc_auc=0.8283 val_loss=0.4059 val_metric_name=roc_auc val_metric=0.8283
Step 1100 | loss 0.3663 | val_acc=0.7924 val_roc_auc=0.8277 val_loss=0.4114 val_metric_name=roc_auc val_metric=0.8277
Step 1150 | loss 0.3652 | val_acc=0.7999 val_roc_auc=0.8297 val_loss=0.4066 val_metric_name=roc_auc val_metric=0.8297
Step 1200 | loss 0.3628 | val_acc=0.7952 val_roc_auc=0.8300 val_loss=0.4088 val_metric_name=roc_auc val_metric=0.8300
Step 1250 | loss 0.3628 | val_acc=0.7836 val_roc_auc=0.8284 val_loss=0.4257 val_metric_name=roc_auc val_metric=0.8284
Step 1300 | loss 0.3604 | val_acc=0.7914 val_roc_auc=0.8289 val_loss=0.4168 val_metric_name=roc_auc val_metric=0.8289
Step 1350 | loss 0.3623 | val_acc=0.7979 val_roc_auc=0.8307 val_loss=0.4181 val_metric_name=roc_auc val_metric=0.8307
Step 1400 | loss 0.3645 | val_acc=0.8033 val_roc_auc=0.8316 val_loss=0.4068 val_metric_name=roc_auc val_metric=0.8316
Step 1450 | loss 0.3584 | val_acc=0.7935 val_roc_auc=0.8307 val_loss=0.4160 val_metric_name=roc_auc val_metric=0.8307
Step 1500 | loss 0.3581 | val_acc=0.7955 val_roc_auc=0.8315 val_loss=0.4159 val_metric_name=roc_auc val_metric=0.8315
Step 1550 | loss 0.3548 | val_acc=0.7935 val_roc_auc=0.8280 val_loss=0.4239 val_metric_name=roc_auc val_metric=0.8280
Step 1600 | loss 0.3553 | val_acc=0.7969 val_roc_auc=0.8302 val_loss=0.4131 val_metric_name=roc_auc val_metric=0.8302
Step 1650 | loss 0.3552 | val_acc=0.7863 val_roc_auc=0.8313 val_loss=0.4281 val_metric_name=roc_auc val_metric=0.8313
Step 1700 | loss 0.3512 | val_acc=0.7901 val_roc_auc=0.8312 val_loss=0.4250 val_metric_name=roc_auc val_metric=0.8312
Step 1750 | loss 0.3497 | val_acc=0.7890 val_roc_auc=0.8281 val_loss=0.4299 val_metric_name=roc_auc val_metric=0.8281
Step 1800 | loss 0.3490 | val_acc=0.7982 val_roc_auc=0.8306 val_loss=0.4181 val_metric_name=roc_auc val_metric=0.8306
Step 1850 | loss 0.3461 | val_acc=0.7928 val_roc_auc=0.8308 val_loss=0.4252 val_metric_name=roc_auc val_metric=0.8308
Step 1900 | loss 0.3546 | val_acc=0.8057 val_roc_auc=0.8324 val_loss=0.4032 val_metric_name=roc_auc val_metric=0.8324
Step 1950 | loss 0.3490 | val_acc=0.7826 val_roc_auc=0.8260 val_loss=0.4329 val_metric_name=roc_auc val_metric=0.8260
Step 2000 | loss 0.3498 | val_acc=0.7921 val_roc_auc=0.8287 val_loss=0.4258 val_metric_name=roc_auc val_metric=0.8287
Step 2050 | loss 0.3434 | val_acc=0.7924 val_roc_auc=0.8262 val_loss=0.4231 val_metric_name=roc_auc val_metric=0.8262
Step 2100 | loss 0.3408 | val_acc=0.7884 val_roc_auc=0.8241 val_loss=0.4364 val_metric_name=roc_auc val_metric=0.8241
Step 2150 | loss 0.3439 | val_acc=0.7935 val_roc_auc=0.8311 val_loss=0.4257 val_metric_name=roc_auc val_metric=0.8311
Step 2200 | loss 0.3464 | val_acc=0.7928 val_roc_auc=0.8250 val_loss=0.4236 val_metric_name=roc_auc val_metric=0.8250
Early stopping at step 2211

--- Final (best ckpt @ step 1900) ---
  train_acc=0.8335 train_roc_auc=0.8716 train_loss=0.3533 train_metric_name=roc_auc train_metric=0.8716
  val_acc=0.8057 val_roc_auc=0.8324 val_loss=0.4032 val_metric_name=roc_auc val_metric=0.8324
  test_acc=0.8241 test_roc_auc=0.8409 test_loss=0.3953 test_metric_name=roc_auc test_metric=0.8409
  test_roc_auc=0.8409

============================================================
Training tolokers GCN 4L h=256 lr=0.0001 split=3
============================================================
Training for 5000 steps
Step    1 | loss 0.9995 | val_acc=0.5512 val_roc_auc=0.5514 val_loss=0.6988 val_metric_name=roc_auc val_metric=0.5514
Step   50 | loss 0.4666 | val_acc=0.7853 val_roc_auc=0.7338 val_loss=0.4790 val_metric_name=roc_auc val_metric=0.7338
Step  100 | loss 0.4528 | val_acc=0.7863 val_roc_auc=0.7495 val_loss=0.4567 val_metric_name=roc_auc val_metric=0.7495
Step  150 | loss 0.4357 | val_acc=0.7877 val_roc_auc=0.7688 val_loss=0.4394 val_metric_name=roc_auc val_metric=0.7688
Step  200 | loss 0.4265 | val_acc=0.7935 val_roc_auc=0.7812 val_loss=0.4258 val_metric_name=roc_auc val_metric=0.7812
Step  250 | loss 0.4128 | val_acc=0.8013 val_roc_auc=0.7979 val_loss=0.4165 val_metric_name=roc_auc val_metric=0.7979
Step  300 | loss 0.4113 | val_acc=0.8115 val_roc_auc=0.8105 val_loss=0.4083 val_metric_name=roc_auc val_metric=0.8105
Step  350 | loss 0.3977 | val_acc=0.8067 val_roc_auc=0.8148 val_loss=0.4256 val_metric_name=roc_auc val_metric=0.8148
Step  400 | loss 0.3942 | val_acc=0.8091 val_roc_auc=0.8176 val_loss=0.4182 val_metric_name=roc_auc val_metric=0.8176
Step  450 | loss 0.3867 | val_acc=0.8108 val_roc_auc=0.8205 val_loss=0.4102 val_metric_name=roc_auc val_metric=0.8205
Step  500 | loss 0.3869 | val_acc=0.8105 val_roc_auc=0.8254 val_loss=0.4025 val_metric_name=roc_auc val_metric=0.8254
Step  550 | loss 0.3798 | val_acc=0.8115 val_roc_auc=0.8246 val_loss=0.4116 val_metric_name=roc_auc val_metric=0.8246
Step  600 | loss 0.3718 | val_acc=0.8105 val_roc_auc=0.8263 val_loss=0.4058 val_metric_name=roc_auc val_metric=0.8263
Step  650 | loss 0.3747 | val_acc=0.8105 val_roc_auc=0.8285 val_loss=0.4028 val_metric_name=roc_auc val_metric=0.8285
Step  700 | loss 0.3722 | val_acc=0.7989 val_roc_auc=0.8282 val_loss=0.4049 val_metric_name=roc_auc val_metric=0.8282
Step  750 | loss 0.3647 | val_acc=0.8037 val_roc_auc=0.8304 val_loss=0.4068 val_metric_name=roc_auc val_metric=0.8304
Step  800 | loss 0.3619 | val_acc=0.7969 val_roc_auc=0.8297 val_loss=0.4082 val_metric_name=roc_auc val_metric=0.8297
Step  850 | loss 0.3659 | val_acc=0.7931 val_roc_auc=0.8301 val_loss=0.4111 val_metric_name=roc_auc val_metric=0.8301
Step  900 | loss 0.3633 | val_acc=0.7965 val_roc_auc=0.8292 val_loss=0.4114 val_metric_name=roc_auc val_metric=0.8292
Step  950 | loss 0.3624 | val_acc=0.8047 val_roc_auc=0.8302 val_loss=0.4088 val_metric_name=roc_auc val_metric=0.8302
Step 1000 | loss 0.3641 | val_acc=0.7890 val_roc_auc=0.8297 val_loss=0.4159 val_metric_name=roc_auc val_metric=0.8297
Step 1050 | loss 0.3538 | val_acc=0.7948 val_roc_auc=0.8317 val_loss=0.4097 val_metric_name=roc_auc val_metric=0.8317
Step 1100 | loss 0.3509 | val_acc=0.7969 val_roc_auc=0.8321 val_loss=0.4119 val_metric_name=roc_auc val_metric=0.8321
Step 1150 | loss 0.3511 | val_acc=0.7931 val_roc_auc=0.8328 val_loss=0.4154 val_metric_name=roc_auc val_metric=0.8328
Step 1200 | loss 0.3488 | val_acc=0.7795 val_roc_auc=0.8269 val_loss=0.4226 val_metric_name=roc_auc val_metric=0.8269
Step 1250 | loss 0.3490 | val_acc=0.7965 val_roc_auc=0.8328 val_loss=0.4100 val_metric_name=roc_auc val_metric=0.8328
Step 1300 | loss 0.3477 | val_acc=0.7993 val_roc_auc=0.8311 val_loss=0.4189 val_metric_name=roc_auc val_metric=0.8311
Step 1350 | loss 0.3479 | val_acc=0.7941 val_roc_auc=0.8280 val_loss=0.4185 val_metric_name=roc_auc val_metric=0.8280
Step 1400 | loss 0.3474 | val_acc=0.7955 val_roc_auc=0.8297 val_loss=0.4199 val_metric_name=roc_auc val_metric=0.8297
Step 1450 | loss 0.3483 | val_acc=0.7993 val_roc_auc=0.8278 val_loss=0.4125 val_metric_name=roc_auc val_metric=0.8278
Step 1500 | loss 0.3434 | val_acc=0.7965 val_roc_auc=0.8264 val_loss=0.4218 val_metric_name=roc_auc val_metric=0.8264
Early stopping at step 1544

--- Final (best ckpt @ step 1080) ---
  train_acc=0.8251 train_roc_auc=0.8703 train_loss=0.3587 train_metric_name=roc_auc train_metric=0.8703
  val_acc=0.8016 val_roc_auc=0.8337 val_loss=0.4074 val_metric_name=roc_auc val_metric=0.8337
  test_acc=0.8082 test_roc_auc=0.8446 test_loss=0.3958 test_metric_name=roc_auc test_metric=0.8446
  test_roc_auc=0.8446

============================================================
Training tolokers GCN 4L h=256 lr=1e-05 split=3
============================================================
Training for 5000 steps
Step    1 | loss 0.9995 | val_acc=0.2198 val_roc_auc=0.6223 val_loss=1.0064 val_metric_name=roc_auc val_metric=0.6223
Step   50 | loss 0.5557 | val_acc=0.7816 val_roc_auc=0.5200 val_loss=0.5649 val_metric_name=roc_auc val_metric=0.5200
Step  100 | loss 0.5184 | val_acc=0.7819 val_roc_auc=0.6529 val_loss=0.5065 val_metric_name=roc_auc val_metric=0.6529
Step  150 | loss 0.4944 | val_acc=0.7826 val_roc_auc=0.7017 val_loss=0.4856 val_metric_name=roc_auc val_metric=0.7017
Step  200 | loss 0.4807 | val_acc=0.7836 val_roc_auc=0.7192 val_loss=0.4766 val_metric_name=roc_auc val_metric=0.7192
Step  250 | loss 0.4742 | val_acc=0.7833 val_roc_auc=0.7285 val_loss=0.4731 val_metric_name=roc_auc val_metric=0.7285
Step  300 | loss 0.4738 | val_acc=0.7856 val_roc_auc=0.7346 val_loss=0.4713 val_metric_name=roc_auc val_metric=0.7346
Step  350 | loss 0.4690 | val_acc=0.7873 val_roc_auc=0.7391 val_loss=0.4693 val_metric_name=roc_auc val_metric=0.7391
Step  400 | loss 0.4646 | val_acc=0.7853 val_roc_auc=0.7428 val_loss=0.4661 val_metric_name=roc_auc val_metric=0.7428
Step  450 | loss 0.4611 | val_acc=0.7839 val_roc_auc=0.7461 val_loss=0.4632 val_metric_name=roc_auc val_metric=0.7461
Step  500 | loss 0.4626 | val_acc=0.7850 val_roc_auc=0.7490 val_loss=0.4603 val_metric_name=roc_auc val_metric=0.7490
Step  550 | loss 0.4567 | val_acc=0.7856 val_roc_auc=0.7520 val_loss=0.4565 val_metric_name=roc_auc val_metric=0.7520
Step  600 | loss 0.4498 | val_acc=0.7853 val_roc_auc=0.7547 val_loss=0.4534 val_metric_name=roc_auc val_metric=0.7547
Step  650 | loss 0.4520 | val_acc=0.7860 val_roc_auc=0.7573 val_loss=0.4498 val_metric_name=roc_auc val_metric=0.7573
Step  700 | loss 0.4485 | val_acc=0.7873 val_roc_auc=0.7604 val_loss=0.4464 val_metric_name=roc_auc val_metric=0.7604
Step  750 | loss 0.4435 | val_acc=0.7880 val_roc_auc=0.7641 val_loss=0.4433 val_metric_name=roc_auc val_metric=0.7641
Step  800 | loss 0.4394 | val_acc=0.7860 val_roc_auc=0.7678 val_loss=0.4408 val_metric_name=roc_auc val_metric=0.7678
Step  850 | loss 0.4367 | val_acc=0.7863 val_roc_auc=0.7711 val_loss=0.4381 val_metric_name=roc_auc val_metric=0.7711
Step  900 | loss 0.4369 | val_acc=0.7867 val_roc_auc=0.7737 val_loss=0.4356 val_metric_name=roc_auc val_metric=0.7737
Step  950 | loss 0.4347 | val_acc=0.7884 val_roc_auc=0.7755 val_loss=0.4337 val_metric_name=roc_auc val_metric=0.7755
Step 1000 | loss 0.4311 | val_acc=0.7884 val_roc_auc=0.7772 val_loss=0.4330 val_metric_name=roc_auc val_metric=0.7772
Step 1050 | loss 0.4298 | val_acc=0.7897 val_roc_auc=0.7790 val_loss=0.4319 val_metric_name=roc_auc val_metric=0.7790
Step 1100 | loss 0.4288 | val_acc=0.7904 val_roc_auc=0.7807 val_loss=0.4307 val_metric_name=roc_auc val_metric=0.7807
Step 1150 | loss 0.4243 | val_acc=0.7904 val_roc_auc=0.7830 val_loss=0.4303 val_metric_name=roc_auc val_metric=0.7830
Step 1200 | loss 0.4226 | val_acc=0.7921 val_roc_auc=0.7852 val_loss=0.4304 val_metric_name=roc_auc val_metric=0.7852
Step 1250 | loss 0.4218 | val_acc=0.7918 val_roc_auc=0.7874 val_loss=0.4300 val_metric_name=roc_auc val_metric=0.7874
Step 1300 | loss 0.4187 | val_acc=0.7941 val_roc_auc=0.7901 val_loss=0.4270 val_metric_name=roc_auc val_metric=0.7901
Step 1350 | loss 0.4212 | val_acc=0.7924 val_roc_auc=0.7930 val_loss=0.4346 val_metric_name=roc_auc val_metric=0.7930
Step 1400 | loss 0.4182 | val_acc=0.7958 val_roc_auc=0.7961 val_loss=0.4283 val_metric_name=roc_auc val_metric=0.7961
Step 1450 | loss 0.4174 | val_acc=0.7962 val_roc_auc=0.7979 val_loss=0.4335 val_metric_name=roc_auc val_metric=0.7979
Step 1500 | loss 0.4147 | val_acc=0.7982 val_roc_auc=0.8006 val_loss=0.4287 val_metric_name=roc_auc val_metric=0.8006
Step 1550 | loss 0.4153 | val_acc=0.7996 val_roc_auc=0.7994 val_loss=0.4381 val_metric_name=roc_auc val_metric=0.7994
Step 1600 | loss 0.4119 | val_acc=0.8047 val_roc_auc=0.8041 val_loss=0.4248 val_metric_name=roc_auc val_metric=0.8041
Step 1650 | loss 0.4123 | val_acc=0.8037 val_roc_auc=0.7989 val_loss=0.4414 val_metric_name=roc_auc val_metric=0.7989
Step 1700 | loss 0.4072 | val_acc=0.8050 val_roc_auc=0.8059 val_loss=0.4233 val_metric_name=roc_auc val_metric=0.8059
Step 1750 | loss 0.4026 | val_acc=0.8057 val_roc_auc=0.7983 val_loss=0.4438 val_metric_name=roc_auc val_metric=0.7983
Step 1800 | loss 0.4029 | val_acc=0.8061 val_roc_auc=0.7938 val_loss=0.4610 val_metric_name=roc_auc val_metric=0.7938
Step 1850 | loss 0.4025 | val_acc=0.8091 val_roc_auc=0.8078 val_loss=0.4208 val_metric_name=roc_auc val_metric=0.8078
Step 1900 | loss 0.4009 | val_acc=0.8084 val_roc_auc=0.8028 val_loss=0.4327 val_metric_name=roc_auc val_metric=0.8028
Step 1950 | loss 0.4018 | val_acc=0.8095 val_roc_auc=0.8049 val_loss=0.4287 val_metric_name=roc_auc val_metric=0.8049
Step 2000 | loss 0.4004 | val_acc=0.8078 val_roc_auc=0.7987 val_loss=0.4500 val_metric_name=roc_auc val_metric=0.7987
Step 2050 | loss 0.4001 | val_acc=0.8078 val_roc_auc=0.7974 val_loss=0.4552 val_metric_name=roc_auc val_metric=0.7974
Step 2100 | loss 0.3981 | val_acc=0.8081 val_roc_auc=0.7960 val_loss=0.4602 val_metric_name=roc_auc val_metric=0.7960
Step 2150 | loss 0.3965 | val_acc=0.8088 val_roc_auc=0.7977 val_loss=0.4545 val_metric_name=roc_auc val_metric=0.7977
Step 2200 | loss 0.4012 | val_acc=0.8081 val_roc_auc=0.7969 val_loss=0.4610 val_metric_name=roc_auc val_metric=0.7969
Step 2250 | loss 0.3972 | val_acc=0.8084 val_roc_auc=0.8030 val_loss=0.4401 val_metric_name=roc_auc val_metric=0.8030
Step 2300 | loss 0.3970 | val_acc=0.8071 val_roc_auc=0.7945 val_loss=0.4760 val_metric_name=roc_auc val_metric=0.7945
Step 2350 | loss 0.3973 | val_acc=0.8084 val_roc_auc=0.8015 val_loss=0.4477 val_metric_name=roc_auc val_metric=0.8015
Step 2400 | loss 0.3980 | val_acc=0.8088 val_roc_auc=0.7997 val_loss=0.4537 val_metric_name=roc_auc val_metric=0.7997
Step 2450 | loss 0.3971 | val_acc=0.8088 val_roc_auc=0.8021 val_loss=0.4489 val_metric_name=roc_auc val_metric=0.8021
Step 2500 | loss 0.3904 | val_acc=0.8091 val_roc_auc=0.8061 val_loss=0.4362 val_metric_name=roc_auc val_metric=0.8061
Step 2550 | loss 0.3930 | val_acc=0.8088 val_roc_auc=0.8083 val_loss=0.4299 val_metric_name=roc_auc val_metric=0.8083
Step 2600 | loss 0.3923 | val_acc=0.8101 val_roc_auc=0.8095 val_loss=0.4282 val_metric_name=roc_auc val_metric=0.8095
Step 2650 | loss 0.3922 | val_acc=0.8095 val_roc_auc=0.8080 val_loss=0.4343 val_metric_name=roc_auc val_metric=0.8080
Step 2700 | loss 0.3947 | val_acc=0.8091 val_roc_auc=0.8049 val_loss=0.4482 val_metric_name=roc_auc val_metric=0.8049
Step 2750 | loss 0.3897 | val_acc=0.8101 val_roc_auc=0.8100 val_loss=0.4288 val_metric_name=roc_auc val_metric=0.8100
Step 2800 | loss 0.3907 | val_acc=0.8095 val_roc_auc=0.8077 val_loss=0.4410 val_metric_name=roc_auc val_metric=0.8077
Step 2850 | loss 0.3928 | val_acc=0.8098 val_roc_auc=0.8076 val_loss=0.4395 val_metric_name=roc_auc val_metric=0.8076
Step 2900 | loss 0.3898 | val_acc=0.8091 val_roc_auc=0.8123 val_loss=0.4233 val_metric_name=roc_auc val_metric=0.8123
Step 2950 | loss 0.3861 | val_acc=0.8088 val_roc_auc=0.8115 val_loss=0.4291 val_metric_name=roc_auc val_metric=0.8115
Step 3000 | loss 0.3904 | val_acc=0.8081 val_roc_auc=0.8121 val_loss=0.4268 val_metric_name=roc_auc val_metric=0.8121
Step 3050 | loss 0.3910 | val_acc=0.8081 val_roc_auc=0.8140 val_loss=0.4200 val_metric_name=roc_auc val_metric=0.8140
Step 3100 | loss 0.3859 | val_acc=0.8091 val_roc_auc=0.8103 val_loss=0.4357 val_metric_name=roc_auc val_metric=0.8103
Step 3150 | loss 0.3855 | val_acc=0.8078 val_roc_auc=0.8140 val_loss=0.4232 val_metric_name=roc_auc val_metric=0.8140
Step 3200 | loss 0.3862 | val_acc=0.8091 val_roc_auc=0.8122 val_loss=0.4326 val_metric_name=roc_auc val_metric=0.8122
Step 3250 | loss 0.3899 | val_acc=0.8057 val_roc_auc=0.8195 val_loss=0.4099 val_metric_name=roc_auc val_metric=0.8195
Step 3300 | loss 0.3851 | val_acc=0.8088 val_roc_auc=0.8133 val_loss=0.4314 val_metric_name=roc_auc val_metric=0.8133
Step 3350 | loss 0.3842 | val_acc=0.8088 val_roc_auc=0.8156 val_loss=0.4204 val_metric_name=roc_auc val_metric=0.8156
Step 3400 | loss 0.3854 | val_acc=0.8129 val_roc_auc=0.8180 val_loss=0.4141 val_metric_name=roc_auc val_metric=0.8180
Step 3450 | loss 0.3847 | val_acc=0.8105 val_roc_auc=0.8175 val_loss=0.4169 val_metric_name=roc_auc val_metric=0.8175
Step 3500 | loss 0.3836 | val_acc=0.8115 val_roc_auc=0.8184 val_loss=0.4151 val_metric_name=roc_auc val_metric=0.8184
Step 3550 | loss 0.3816 | val_acc=0.8152 val_roc_auc=0.8190 val_loss=0.4130 val_metric_name=roc_auc val_metric=0.8190
Step 3600 | loss 0.3836 | val_acc=0.8125 val_roc_auc=0.8202 val_loss=0.4109 val_metric_name=roc_auc val_metric=0.8202
Step 3650 | loss 0.3828 | val_acc=0.8067 val_roc_auc=0.8212 val_loss=0.4100 val_metric_name=roc_auc val_metric=0.8212
Step 3700 | loss 0.3821 | val_acc=0.8108 val_roc_auc=0.8216 val_loss=0.4094 val_metric_name=roc_auc val_metric=0.8216
Step 3750 | loss 0.3808 | val_acc=0.8112 val_roc_auc=0.8181 val_loss=0.4205 val_metric_name=roc_auc val_metric=0.8181
Step 3800 | loss 0.3795 | val_acc=0.8142 val_roc_auc=0.8193 val_loss=0.4171 val_metric_name=roc_auc val_metric=0.8193
Step 3850 | loss 0.3825 | val_acc=0.8122 val_roc_auc=0.8211 val_loss=0.4123 val_metric_name=roc_auc val_metric=0.8211
Step 3900 | loss 0.3833 | val_acc=0.8129 val_roc_auc=0.8201 val_loss=0.4178 val_metric_name=roc_auc val_metric=0.8201
Step 3950 | loss 0.3770 | val_acc=0.8098 val_roc_auc=0.8225 val_loss=0.4097 val_metric_name=roc_auc val_metric=0.8225
Step 4000 | loss 0.3795 | val_acc=0.8125 val_roc_auc=0.8231 val_loss=0.4084 val_metric_name=roc_auc val_metric=0.8231
Step 4050 | loss 0.3798 | val_acc=0.8081 val_roc_auc=0.8226 val_loss=0.4108 val_metric_name=roc_auc val_metric=0.8226
Step 4100 | loss 0.3799 | val_acc=0.8159 val_roc_auc=0.8221 val_loss=0.4132 val_metric_name=roc_auc val_metric=0.8221
Step 4150 | loss 0.3772 | val_acc=0.8149 val_roc_auc=0.8230 val_loss=0.4114 val_metric_name=roc_auc val_metric=0.8230
Step 4200 | loss 0.3784 | val_acc=0.8122 val_roc_auc=0.8203 val_loss=0.4246 val_metric_name=roc_auc val_metric=0.8203
Step 4250 | loss 0.3764 | val_acc=0.8156 val_roc_auc=0.8218 val_loss=0.4173 val_metric_name=roc_auc val_metric=0.8218
Step 4300 | loss 0.3753 | val_acc=0.8135 val_roc_auc=0.8235 val_loss=0.4122 val_metric_name=roc_auc val_metric=0.8235
Step 4350 | loss 0.3732 | val_acc=0.8074 val_roc_auc=0.8242 val_loss=0.4102 val_metric_name=roc_auc val_metric=0.8242
Step 4400 | loss 0.3756 | val_acc=0.8071 val_roc_auc=0.8249 val_loss=0.4085 val_metric_name=roc_auc val_metric=0.8249
Step 4450 | loss 0.3773 | val_acc=0.8122 val_roc_auc=0.8234 val_loss=0.4136 val_metric_name=roc_auc val_metric=0.8234
Step 4500 | loss 0.3780 | val_acc=0.8132 val_roc_auc=0.8241 val_loss=0.4140 val_metric_name=roc_auc val_metric=0.8241
Step 4550 | loss 0.3753 | val_acc=0.8081 val_roc_auc=0.8256 val_loss=0.4083 val_metric_name=roc_auc val_metric=0.8256
Step 4600 | loss 0.3790 | val_acc=0.8152 val_roc_auc=0.8237 val_loss=0.4164 val_metric_name=roc_auc val_metric=0.8237
Step 4650 | loss 0.3787 | val_acc=0.8088 val_roc_auc=0.8268 val_loss=0.4067 val_metric_name=roc_auc val_metric=0.8268
Step 4700 | loss 0.3734 | val_acc=0.8071 val_roc_auc=0.8262 val_loss=0.4091 val_metric_name=roc_auc val_metric=0.8262
Step 4750 | loss 0.3715 | val_acc=0.8088 val_roc_auc=0.8257 val_loss=0.4104 val_metric_name=roc_auc val_metric=0.8257
Step 4800 | loss 0.3722 | val_acc=0.8112 val_roc_auc=0.8263 val_loss=0.4096 val_metric_name=roc_auc val_metric=0.8263
Step 4850 | loss 0.3714 | val_acc=0.8074 val_roc_auc=0.8258 val_loss=0.4110 val_metric_name=roc_auc val_metric=0.8258
Step 4900 | loss 0.3711 | val_acc=0.8125 val_roc_auc=0.8258 val_loss=0.4136 val_metric_name=roc_auc val_metric=0.8258
Step 4950 | loss 0.3688 | val_acc=0.8081 val_roc_auc=0.8266 val_loss=0.4099 val_metric_name=roc_auc val_metric=0.8266
Step 5000 | loss 0.3719 | val_acc=0.8050 val_roc_auc=0.8262 val_loss=0.4116 val_metric_name=roc_auc val_metric=0.8262

--- Final (best ckpt @ step 4990) ---
  train_acc=0.8236 train_roc_auc=0.8540 train_loss=0.3756 train_metric_name=roc_auc train_metric=0.8540
  val_acc=0.8095 val_roc_auc=0.8270 val_loss=0.4088 val_metric_name=roc_auc val_metric=0.8270
  test_acc=0.8160 test_roc_auc=0.8377 test_loss=0.3987 test_metric_name=roc_auc test_metric=0.8377
  test_roc_auc=0.8377

============================================================
Training tolokers GCN 4L h=384 lr=3e-05 split=3
============================================================
Training for 5000 steps
Step    1 | loss 0.6241 | val_acc=0.7771 val_roc_auc=0.4175 val_loss=0.5548 val_metric_name=roc_auc val_metric=0.4175
Step   50 | loss 0.4711 | val_acc=0.7843 val_roc_auc=0.7324 val_loss=0.4778 val_metric_name=roc_auc val_metric=0.7324
Step  100 | loss 0.4502 | val_acc=0.7867 val_roc_auc=0.7529 val_loss=0.4566 val_metric_name=roc_auc val_metric=0.7529
Step  150 | loss 0.4372 | val_acc=0.7839 val_roc_auc=0.7712 val_loss=0.4451 val_metric_name=roc_auc val_metric=0.7712
Step  200 | loss 0.4256 | val_acc=0.7873 val_roc_auc=0.7836 val_loss=0.4381 val_metric_name=roc_auc val_metric=0.7836
Step  250 | loss 0.4194 | val_acc=0.7938 val_roc_auc=0.7925 val_loss=0.4328 val_metric_name=roc_auc val_metric=0.7925
Step  300 | loss 0.4107 | val_acc=0.8003 val_roc_auc=0.7987 val_loss=0.4297 val_metric_name=roc_auc val_metric=0.7987
Step  350 | loss 0.4074 | val_acc=0.8040 val_roc_auc=0.8025 val_loss=0.4350 val_metric_name=roc_auc val_metric=0.8025
Step  400 | loss 0.4004 | val_acc=0.8081 val_roc_auc=0.8074 val_loss=0.4227 val_metric_name=roc_auc val_metric=0.8074
Step  450 | loss 0.3958 | val_acc=0.8074 val_roc_auc=0.8074 val_loss=0.4326 val_metric_name=roc_auc val_metric=0.8074
Step  500 | loss 0.3962 | val_acc=0.8091 val_roc_auc=0.8092 val_loss=0.4296 val_metric_name=roc_auc val_metric=0.8092
Step  550 | loss 0.3960 | val_acc=0.8105 val_roc_auc=0.8141 val_loss=0.4171 val_metric_name=roc_auc val_metric=0.8141
Step  600 | loss 0.3853 | val_acc=0.8088 val_roc_auc=0.8119 val_loss=0.4302 val_metric_name=roc_auc val_metric=0.8119
Step  650 | loss 0.3824 | val_acc=0.8098 val_roc_auc=0.8084 val_loss=0.4549 val_metric_name=roc_auc val_metric=0.8084
Step  700 | loss 0.3812 | val_acc=0.8074 val_roc_auc=0.8126 val_loss=0.4314 val_metric_name=roc_auc val_metric=0.8126
Step  750 | loss 0.3800 | val_acc=0.8078 val_roc_auc=0.8205 val_loss=0.4072 val_metric_name=roc_auc val_metric=0.8205
Step  800 | loss 0.3771 | val_acc=0.8091 val_roc_auc=0.8196 val_loss=0.4074 val_metric_name=roc_auc val_metric=0.8196
Step  850 | loss 0.3788 | val_acc=0.8091 val_roc_auc=0.8214 val_loss=0.4081 val_metric_name=roc_auc val_metric=0.8214
Step  900 | loss 0.3744 | val_acc=0.8095 val_roc_auc=0.8220 val_loss=0.4070 val_metric_name=roc_auc val_metric=0.8220
Step  950 | loss 0.3716 | val_acc=0.8118 val_roc_auc=0.8213 val_loss=0.4122 val_metric_name=roc_auc val_metric=0.8213
Step 1000 | loss 0.3710 | val_acc=0.8098 val_roc_auc=0.8238 val_loss=0.4126 val_metric_name=roc_auc val_metric=0.8238
Step 1050 | loss 0.3700 | val_acc=0.8139 val_roc_auc=0.8212 val_loss=0.4114 val_metric_name=roc_auc val_metric=0.8212
Step 1100 | loss 0.3691 | val_acc=0.8101 val_roc_auc=0.8178 val_loss=0.4120 val_metric_name=roc_auc val_metric=0.8178
Step 1150 | loss 0.3696 | val_acc=0.8112 val_roc_auc=0.8156 val_loss=0.4129 val_metric_name=roc_auc val_metric=0.8156
Step 1200 | loss 0.3660 | val_acc=0.8088 val_roc_auc=0.8219 val_loss=0.4110 val_metric_name=roc_auc val_metric=0.8219
Step 1250 | loss 0.3670 | val_acc=0.8095 val_roc_auc=0.8156 val_loss=0.4168 val_metric_name=roc_auc val_metric=0.8156
Step 1300 | loss 0.3619 | val_acc=0.7999 val_roc_auc=0.8184 val_loss=0.4151 val_metric_name=roc_auc val_metric=0.8184
Step 1350 | loss 0.3666 | val_acc=0.8101 val_roc_auc=0.8183 val_loss=0.4154 val_metric_name=roc_auc val_metric=0.8183
Early stopping at step 1376

--- Final (best ckpt @ step 1030) ---
  train_acc=0.8238 train_roc_auc=0.8527 train_loss=0.3812 train_metric_name=roc_auc train_metric=0.8527
  val_acc=0.8108 val_roc_auc=0.8240 val_loss=0.4137 val_metric_name=roc_auc val_metric=0.8240
  test_acc=0.8228 test_roc_auc=0.8352 test_loss=0.4021 test_metric_name=roc_auc test_metric=0.8352
  test_roc_auc=0.8352

============================================================
Training tolokers GCN 4L h=384 lr=6e-05 split=3
============================================================
Training for 5000 steps
Step    1 | loss 0.6241 | val_acc=0.7816 val_roc_auc=0.4140 val_loss=0.5690 val_metric_name=roc_auc val_metric=0.4140
Step   50 | loss 0.4609 | val_acc=0.7833 val_roc_auc=0.7450 val_loss=0.4620 val_metric_name=roc_auc val_metric=0.7450
Step  100 | loss 0.4345 | val_acc=0.7856 val_roc_auc=0.7705 val_loss=0.4413 val_metric_name=roc_auc val_metric=0.7705
Step  150 | loss 0.4220 | val_acc=0.7907 val_roc_auc=0.7886 val_loss=0.4347 val_metric_name=roc_auc val_metric=0.7886
Step  200 | loss 0.4098 | val_acc=0.8033 val_roc_auc=0.8021 val_loss=0.4181 val_metric_name=roc_auc val_metric=0.8021
Step  250 | loss 0.4044 | val_acc=0.8037 val_roc_auc=0.8080 val_loss=0.4280 val_metric_name=roc_auc val_metric=0.8080
Step  300 | loss 0.3938 | val_acc=0.8101 val_roc_auc=0.8136 val_loss=0.4146 val_metric_name=roc_auc val_metric=0.8136
Step  350 | loss 0.3942 | val_acc=0.8088 val_roc_auc=0.8179 val_loss=0.4130 val_metric_name=roc_auc val_metric=0.8179
Step  400 | loss 0.3845 | val_acc=0.8078 val_roc_auc=0.8169 val_loss=0.4314 val_metric_name=roc_auc val_metric=0.8169
Step  450 | loss 0.3844 | val_acc=0.8135 val_roc_auc=0.8212 val_loss=0.4034 val_metric_name=roc_auc val_metric=0.8212
Step  500 | loss 0.3768 | val_acc=0.8074 val_roc_auc=0.8201 val_loss=0.4047 val_metric_name=roc_auc val_metric=0.8201
Step  550 | loss 0.3747 | val_acc=0.8112 val_roc_auc=0.8223 val_loss=0.4070 val_metric_name=roc_auc val_metric=0.8223
Step  600 | loss 0.3675 | val_acc=0.8098 val_roc_auc=0.8218 val_loss=0.4058 val_metric_name=roc_auc val_metric=0.8218
Step  650 | loss 0.3634 | val_acc=0.8078 val_roc_auc=0.8245 val_loss=0.4075 val_metric_name=roc_auc val_metric=0.8245
Step  700 | loss 0.3633 | val_acc=0.8122 val_roc_auc=0.8211 val_loss=0.4104 val_metric_name=roc_auc val_metric=0.8211
Step  750 | loss 0.3612 | val_acc=0.8057 val_roc_auc=0.8172 val_loss=0.4134 val_metric_name=roc_auc val_metric=0.8172
Step  800 | loss 0.3597 | val_acc=0.8088 val_roc_auc=0.8195 val_loss=0.4110 val_metric_name=roc_auc val_metric=0.8195
Step  850 | loss 0.3599 | val_acc=0.8074 val_roc_auc=0.8252 val_loss=0.4076 val_metric_name=roc_auc val_metric=0.8252
Step  900 | loss 0.3564 | val_acc=0.8081 val_roc_auc=0.8318 val_loss=0.4062 val_metric_name=roc_auc val_metric=0.8318
Step  950 | loss 0.3543 | val_acc=0.8098 val_roc_auc=0.8270 val_loss=0.4098 val_metric_name=roc_auc val_metric=0.8270
Step 1000 | loss 0.3523 | val_acc=0.8081 val_roc_auc=0.8239 val_loss=0.4143 val_metric_name=roc_auc val_metric=0.8239
Step 1050 | loss 0.3584 | val_acc=0.8118 val_roc_auc=0.8279 val_loss=0.4091 val_metric_name=roc_auc val_metric=0.8279
Step 1100 | loss 0.3536 | val_acc=0.8023 val_roc_auc=0.8217 val_loss=0.4207 val_metric_name=roc_auc val_metric=0.8217
Step 1150 | loss 0.3489 | val_acc=0.7986 val_roc_auc=0.8138 val_loss=0.4307 val_metric_name=roc_auc val_metric=0.8138
Step 1200 | loss 0.3459 | val_acc=0.8095 val_roc_auc=0.8251 val_loss=0.4220 val_metric_name=roc_auc val_metric=0.8251
Step 1250 | loss 0.3466 | val_acc=0.8074 val_roc_auc=0.8246 val_loss=0.4231 val_metric_name=roc_auc val_metric=0.8246
Step 1300 | loss 0.3401 | val_acc=0.8003 val_roc_auc=0.8158 val_loss=0.4336 val_metric_name=roc_auc val_metric=0.8158
Step 1350 | loss 0.3396 | val_acc=0.7890 val_roc_auc=0.8204 val_loss=0.4343 val_metric_name=roc_auc val_metric=0.8204
Step 1400 | loss 0.3368 | val_acc=0.7839 val_roc_auc=0.8134 val_loss=0.4484 val_metric_name=roc_auc val_metric=0.8134
Step 1450 | loss 0.3447 | val_acc=0.8030 val_roc_auc=0.8129 val_loss=0.4402 val_metric_name=roc_auc val_metric=0.8129
Early stopping at step 1470

--- Final (best ckpt @ step 1170) ---
  train_acc=0.8342 train_roc_auc=0.8711 train_loss=0.3549 train_metric_name=roc_auc train_metric=0.8711
  val_acc=0.8098 val_roc_auc=0.8318 val_loss=0.4074 val_metric_name=roc_auc val_metric=0.8318
  test_acc=0.8170 test_roc_auc=0.8392 test_loss=0.4005 test_metric_name=roc_auc test_metric=0.8392
  test_roc_auc=0.8392

============================================================
Training tolokers GCN 4L h=384 lr=0.0001 split=3
============================================================
Training for 5000 steps
Step    1 | loss 0.6241 | val_acc=0.7819 val_roc_auc=0.4139 val_loss=0.6368 val_metric_name=roc_auc val_metric=0.4139
Step   50 | loss 0.4554 | val_acc=0.7836 val_roc_auc=0.7489 val_loss=0.4622 val_metric_name=roc_auc val_metric=0.7489
Step  100 | loss 0.4252 | val_acc=0.7880 val_roc_auc=0.7800 val_loss=0.4308 val_metric_name=roc_auc val_metric=0.7800
Step  150 | loss 0.4123 | val_acc=0.7941 val_roc_auc=0.7980 val_loss=0.4290 val_metric_name=roc_auc val_metric=0.7980
Step  200 | loss 0.3982 | val_acc=0.8091 val_roc_auc=0.8120 val_loss=0.4174 val_metric_name=roc_auc val_metric=0.8120
Step  250 | loss 0.3890 | val_acc=0.8098 val_roc_auc=0.8171 val_loss=0.4135 val_metric_name=roc_auc val_metric=0.8171
Step  300 | loss 0.3824 | val_acc=0.8074 val_roc_auc=0.8206 val_loss=0.4100 val_metric_name=roc_auc val_metric=0.8206
Step  350 | loss 0.3780 | val_acc=0.8105 val_roc_auc=0.8225 val_loss=0.4034 val_metric_name=roc_auc val_metric=0.8225
Step  400 | loss 0.3730 | val_acc=0.8129 val_roc_auc=0.8282 val_loss=0.4025 val_metric_name=roc_auc val_metric=0.8282
Step  450 | loss 0.3684 | val_acc=0.8108 val_roc_auc=0.8306 val_loss=0.4003 val_metric_name=roc_auc val_metric=0.8306
Step  500 | loss 0.3610 | val_acc=0.8074 val_roc_auc=0.8239 val_loss=0.4053 val_metric_name=roc_auc val_metric=0.8239
Step  550 | loss 0.3674 | val_acc=0.8098 val_roc_auc=0.8236 val_loss=0.4032 val_metric_name=roc_auc val_metric=0.8236
Step  600 | loss 0.3577 | val_acc=0.8064 val_roc_auc=0.8266 val_loss=0.4056 val_metric_name=roc_auc val_metric=0.8266
Step  650 | loss 0.3538 | val_acc=0.8003 val_roc_auc=0.8299 val_loss=0.4067 val_metric_name=roc_auc val_metric=0.8299
Step  700 | loss 0.3493 | val_acc=0.7921 val_roc_auc=0.8298 val_loss=0.4126 val_metric_name=roc_auc val_metric=0.8298
Step  750 | loss 0.3529 | val_acc=0.8054 val_roc_auc=0.8243 val_loss=0.4090 val_metric_name=roc_auc val_metric=0.8243
Step  800 | loss 0.3441 | val_acc=0.8030 val_roc_auc=0.8267 val_loss=0.4118 val_metric_name=roc_auc val_metric=0.8267
Step  850 | loss 0.3456 | val_acc=0.8030 val_roc_auc=0.8284 val_loss=0.4160 val_metric_name=roc_auc val_metric=0.8284
Step  900 | loss 0.3409 | val_acc=0.7976 val_roc_auc=0.8292 val_loss=0.4172 val_metric_name=roc_auc val_metric=0.8292
Step  950 | loss 0.3406 | val_acc=0.8020 val_roc_auc=0.8210 val_loss=0.4297 val_metric_name=roc_auc val_metric=0.8210
Step 1000 | loss 0.3891 | val_acc=0.7972 val_roc_auc=0.8142 val_loss=0.4229 val_metric_name=roc_auc val_metric=0.8142
Step 1050 | loss 0.3475 | val_acc=0.8122 val_roc_auc=0.8244 val_loss=0.4311 val_metric_name=roc_auc val_metric=0.8244
Step 1100 | loss 0.3412 | val_acc=0.8037 val_roc_auc=0.8214 val_loss=0.4290 val_metric_name=roc_auc val_metric=0.8214
Early stopping at step 1137

--- Final (best ckpt @ step 580) ---
  train_acc=0.8313 train_roc_auc=0.8644 train_loss=0.3638 train_metric_name=roc_auc train_metric=0.8644
  val_acc=0.8033 val_roc_auc=0.8323 val_loss=0.4016 val_metric_name=roc_auc val_metric=0.8323
  test_acc=0.8160 test_roc_auc=0.8453 test_loss=0.3875 test_metric_name=roc_auc test_metric=0.8453
  test_roc_auc=0.8453

============================================================
Training tolokers GCN 4L h=384 lr=1e-05 split=3
============================================================
Training for 5000 steps
Step    1 | loss 0.6241 | val_acc=0.7635 val_roc_auc=0.4261 val_loss=0.5736 val_metric_name=roc_auc val_metric=0.4261
Step   50 | loss 0.4915 | val_acc=0.7839 val_roc_auc=0.6975 val_loss=0.4871 val_metric_name=roc_auc val_metric=0.6975
Step  100 | loss 0.4730 | val_acc=0.7829 val_roc_auc=0.7258 val_loss=0.4792 val_metric_name=roc_auc val_metric=0.7258
Step  150 | loss 0.4664 | val_acc=0.7826 val_roc_auc=0.7401 val_loss=0.4696 val_metric_name=roc_auc val_metric=0.7401
Step  200 | loss 0.4575 | val_acc=0.7843 val_roc_auc=0.7489 val_loss=0.4613 val_metric_name=roc_auc val_metric=0.7489
Step  250 | loss 0.4507 | val_acc=0.7880 val_roc_auc=0.7564 val_loss=0.4526 val_metric_name=roc_auc val_metric=0.7564
Step  300 | loss 0.4414 | val_acc=0.7846 val_roc_auc=0.7646 val_loss=0.4491 val_metric_name=roc_auc val_metric=0.7646
Step  350 | loss 0.4388 | val_acc=0.7846 val_roc_auc=0.7723 val_loss=0.4430 val_metric_name=roc_auc val_metric=0.7723
Step  400 | loss 0.4319 | val_acc=0.7863 val_roc_auc=0.7777 val_loss=0.4398 val_metric_name=roc_auc val_metric=0.7777
Step  450 | loss 0.4284 | val_acc=0.7890 val_roc_auc=0.7824 val_loss=0.4359 val_metric_name=roc_auc val_metric=0.7824
Step  500 | loss 0.4238 | val_acc=0.7918 val_roc_auc=0.7872 val_loss=0.4303 val_metric_name=roc_auc val_metric=0.7872
Step  550 | loss 0.4229 | val_acc=0.7901 val_roc_auc=0.7899 val_loss=0.4431 val_metric_name=roc_auc val_metric=0.7899
Step  600 | loss 0.4172 | val_acc=0.7931 val_roc_auc=0.7933 val_loss=0.4347 val_metric_name=roc_auc val_metric=0.7933
Step  650 | loss 0.4144 | val_acc=0.7962 val_roc_auc=0.7962 val_loss=0.4318 val_metric_name=roc_auc val_metric=0.7962
Step  700 | loss 0.4119 | val_acc=0.7962 val_roc_auc=0.7971 val_loss=0.4410 val_metric_name=roc_auc val_metric=0.7971
Step  750 | loss 0.4095 | val_acc=0.8010 val_roc_auc=0.7997 val_loss=0.4350 val_metric_name=roc_auc val_metric=0.7997
Step  800 | loss 0.4083 | val_acc=0.8057 val_roc_auc=0.8030 val_loss=0.4250 val_metric_name=roc_auc val_metric=0.8030
Step  850 | loss 0.4071 | val_acc=0.8047 val_roc_auc=0.8019 val_loss=0.4335 val_metric_name=roc_auc val_metric=0.8019
Step  900 | loss 0.4033 | val_acc=0.8067 val_roc_auc=0.8035 val_loss=0.4291 val_metric_name=roc_auc val_metric=0.8035
Step  950 | loss 0.4012 | val_acc=0.8084 val_roc_auc=0.8048 val_loss=0.4264 val_metric_name=roc_auc val_metric=0.8048
Step 1000 | loss 0.3998 | val_acc=0.8067 val_roc_auc=0.8000 val_loss=0.4466 val_metric_name=roc_auc val_metric=0.8000
Step 1050 | loss 0.3988 | val_acc=0.8074 val_roc_auc=0.8009 val_loss=0.4441 val_metric_name=roc_auc val_metric=0.8009
Step 1100 | loss 0.3977 | val_acc=0.8078 val_roc_auc=0.8019 val_loss=0.4476 val_metric_name=roc_auc val_metric=0.8019
Step 1150 | loss 0.3959 | val_acc=0.8118 val_roc_auc=0.8134 val_loss=0.4083 val_metric_name=roc_auc val_metric=0.8134
Step 1200 | loss 0.3948 | val_acc=0.8101 val_roc_auc=0.8087 val_loss=0.4221 val_metric_name=roc_auc val_metric=0.8087
Step 1250 | loss 0.3948 | val_acc=0.8081 val_roc_auc=0.8021 val_loss=0.4503 val_metric_name=roc_auc val_metric=0.8021
Step 1300 | loss 0.3878 | val_acc=0.8115 val_roc_auc=0.8128 val_loss=0.4133 val_metric_name=roc_auc val_metric=0.8128
Step 1350 | loss 0.3925 | val_acc=0.8084 val_roc_auc=0.8062 val_loss=0.4361 val_metric_name=roc_auc val_metric=0.8062
Step 1400 | loss 0.3873 | val_acc=0.8105 val_roc_auc=0.8081 val_loss=0.4281 val_metric_name=roc_auc val_metric=0.8081
Step 1450 | loss 0.3979 | val_acc=0.8105 val_roc_auc=0.8122 val_loss=0.4176 val_metric_name=roc_auc val_metric=0.8122
Step 1500 | loss 0.3890 | val_acc=0.8108 val_roc_auc=0.8064 val_loss=0.4348 val_metric_name=roc_auc val_metric=0.8064
Step 1550 | loss 0.3843 | val_acc=0.8101 val_roc_auc=0.8090 val_loss=0.4274 val_metric_name=roc_auc val_metric=0.8090
Step 1600 | loss 0.3867 | val_acc=0.8105 val_roc_auc=0.8118 val_loss=0.4208 val_metric_name=roc_auc val_metric=0.8118
Step 1650 | loss 0.3885 | val_acc=0.8081 val_roc_auc=0.8154 val_loss=0.4106 val_metric_name=roc_auc val_metric=0.8154
Step 1700 | loss 0.3902 | val_acc=0.8108 val_roc_auc=0.8136 val_loss=0.4195 val_metric_name=roc_auc val_metric=0.8136
Step 1750 | loss 0.3848 | val_acc=0.8098 val_roc_auc=0.8154 val_loss=0.4151 val_metric_name=roc_auc val_metric=0.8154
Step 1800 | loss 0.3870 | val_acc=0.8098 val_roc_auc=0.8130 val_loss=0.4276 val_metric_name=roc_auc val_metric=0.8130
Step 1850 | loss 0.3821 | val_acc=0.8105 val_roc_auc=0.8132 val_loss=0.4258 val_metric_name=roc_auc val_metric=0.8132
Step 1900 | loss 0.3826 | val_acc=0.8078 val_roc_auc=0.8155 val_loss=0.4182 val_metric_name=roc_auc val_metric=0.8155
Step 1950 | loss 0.3803 | val_acc=0.8098 val_roc_auc=0.8161 val_loss=0.4236 val_metric_name=roc_auc val_metric=0.8161
Step 2000 | loss 0.3822 | val_acc=0.8108 val_roc_auc=0.8144 val_loss=0.4263 val_metric_name=roc_auc val_metric=0.8144
Step 2050 | loss 0.3765 | val_acc=0.8108 val_roc_auc=0.8152 val_loss=0.4247 val_metric_name=roc_auc val_metric=0.8152
Step 2100 | loss 0.3819 | val_acc=0.8084 val_roc_auc=0.8140 val_loss=0.4310 val_metric_name=roc_auc val_metric=0.8140
Step 2150 | loss 0.3792 | val_acc=0.8098 val_roc_auc=0.8144 val_loss=0.4141 val_metric_name=roc_auc val_metric=0.8144
Step 2200 | loss 0.3777 | val_acc=0.8084 val_roc_auc=0.8176 val_loss=0.4252 val_metric_name=roc_auc val_metric=0.8176
Step 2250 | loss 0.3775 | val_acc=0.8095 val_roc_auc=0.8163 val_loss=0.4177 val_metric_name=roc_auc val_metric=0.8163
Step 2300 | loss 0.3756 | val_acc=0.8091 val_roc_auc=0.8184 val_loss=0.4259 val_metric_name=roc_auc val_metric=0.8184
Step 2350 | loss 0.3754 | val_acc=0.8088 val_roc_auc=0.8178 val_loss=0.4290 val_metric_name=roc_auc val_metric=0.8178
Step 2400 | loss 0.3743 | val_acc=0.8088 val_roc_auc=0.8171 val_loss=0.4157 val_metric_name=roc_auc val_metric=0.8171
Step 2450 | loss 0.3720 | val_acc=0.8101 val_roc_auc=0.8184 val_loss=0.4208 val_metric_name=roc_auc val_metric=0.8184
Step 2500 | loss 0.3735 | val_acc=0.8078 val_roc_auc=0.8197 val_loss=0.4201 val_metric_name=roc_auc val_metric=0.8197
Step 2550 | loss 0.3738 | val_acc=0.8084 val_roc_auc=0.8167 val_loss=0.4231 val_metric_name=roc_auc val_metric=0.8167
Step 2600 | loss 0.3714 | val_acc=0.8105 val_roc_auc=0.8174 val_loss=0.4176 val_metric_name=roc_auc val_metric=0.8174
Step 2650 | loss 0.3693 | val_acc=0.8078 val_roc_auc=0.8180 val_loss=0.4320 val_metric_name=roc_auc val_metric=0.8180
Step 2700 | loss 0.3792 | val_acc=0.8139 val_roc_auc=0.8204 val_loss=0.4082 val_metric_name=roc_auc val_metric=0.8204
Step 2750 | loss 0.3722 | val_acc=0.8112 val_roc_auc=0.8205 val_loss=0.4191 val_metric_name=roc_auc val_metric=0.8205
Step 2800 | loss 0.3740 | val_acc=0.8091 val_roc_auc=0.8168 val_loss=0.4219 val_metric_name=roc_auc val_metric=0.8168
Step 2850 | loss 0.3728 | val_acc=0.8088 val_roc_auc=0.8191 val_loss=0.4279 val_metric_name=roc_auc val_metric=0.8191
Step 2900 | loss 0.3709 | val_acc=0.8098 val_roc_auc=0.8157 val_loss=0.4252 val_metric_name=roc_auc val_metric=0.8157
Step 2950 | loss 0.3712 | val_acc=0.8142 val_roc_auc=0.8184 val_loss=0.4118 val_metric_name=roc_auc val_metric=0.8184
Step 3000 | loss 0.3684 | val_acc=0.8152 val_roc_auc=0.8221 val_loss=0.4131 val_metric_name=roc_auc val_metric=0.8221
Step 3050 | loss 0.3641 | val_acc=0.8142 val_roc_auc=0.8197 val_loss=0.4146 val_metric_name=roc_auc val_metric=0.8197
Step 3100 | loss 0.3664 | val_acc=0.8146 val_roc_auc=0.8156 val_loss=0.4187 val_metric_name=roc_auc val_metric=0.8156
Step 3150 | loss 0.3649 | val_acc=0.8132 val_roc_auc=0.8168 val_loss=0.4174 val_metric_name=roc_auc val_metric=0.8168
Step 3200 | loss 0.3648 | val_acc=0.8125 val_roc_auc=0.8208 val_loss=0.4230 val_metric_name=roc_auc val_metric=0.8208
Step 3250 | loss 0.3658 | val_acc=0.8139 val_roc_auc=0.8171 val_loss=0.4149 val_metric_name=roc_auc val_metric=0.8171
Step 3300 | loss 0.3662 | val_acc=0.8142 val_roc_auc=0.8187 val_loss=0.4176 val_metric_name=roc_auc val_metric=0.8187
Step 3350 | loss 0.3648 | val_acc=0.8149 val_roc_auc=0.8137 val_loss=0.4182 val_metric_name=roc_auc val_metric=0.8137
Step 3400 | loss 0.3664 | val_acc=0.8098 val_roc_auc=0.8163 val_loss=0.4158 val_metric_name=roc_auc val_metric=0.8163
Step 3450 | loss 0.3603 | val_acc=0.8129 val_roc_auc=0.8144 val_loss=0.4164 val_metric_name=roc_auc val_metric=0.8144
Step 3500 | loss 0.3631 | val_acc=0.8067 val_roc_auc=0.8138 val_loss=0.4177 val_metric_name=roc_auc val_metric=0.8138
Step 3550 | loss 0.3651 | val_acc=0.8125 val_roc_auc=0.8116 val_loss=0.4200 val_metric_name=roc_auc val_metric=0.8116
Early stopping at step 3560

--- Final (best ckpt @ step 3260) ---
  train_acc=0.8263 train_roc_auc=0.8529 train_loss=0.3802 train_metric_name=roc_auc train_metric=0.8529
  val_acc=0.8142 val_roc_auc=0.8229 val_loss=0.4151 val_metric_name=roc_auc val_metric=0.8229
  test_acc=0.8197 test_roc_auc=0.8337 test_loss=0.4040 test_metric_name=roc_auc test_metric=0.8337
  test_roc_auc=0.8337

============================================================
Training tolokers GCN 4L h=512 lr=3e-05 split=3
============================================================
Training for 5000 steps
Step    1 | loss 0.7084 | val_acc=0.7819 val_roc_auc=0.4054 val_loss=0.5654 val_metric_name=roc_auc val_metric=0.4054
Step   50 | loss 0.4718 | val_acc=0.7856 val_roc_auc=0.7275 val_loss=0.4738 val_metric_name=roc_auc val_metric=0.7275
Step  100 | loss 0.4576 | val_acc=0.7839 val_roc_auc=0.7475 val_loss=0.4601 val_metric_name=roc_auc val_metric=0.7475
Step  150 | loss 0.4409 | val_acc=0.7839 val_roc_auc=0.7666 val_loss=0.4475 val_metric_name=roc_auc val_metric=0.7666
Step  200 | loss 0.4272 | val_acc=0.7850 val_roc_auc=0.7804 val_loss=0.4447 val_metric_name=roc_auc val_metric=0.7804
Step  250 | loss 0.4174 | val_acc=0.7918 val_roc_auc=0.7923 val_loss=0.4360 val_metric_name=roc_auc val_metric=0.7923
Step  300 | loss 0.4152 | val_acc=0.7993 val_roc_auc=0.8008 val_loss=0.4265 val_metric_name=roc_auc val_metric=0.8008
Step  350 | loss 0.4057 | val_acc=0.8033 val_roc_auc=0.7966 val_loss=0.4548 val_metric_name=roc_auc val_metric=0.7966
Step  400 | loss 0.4004 | val_acc=0.8057 val_roc_auc=0.7985 val_loss=0.4507 val_metric_name=roc_auc val_metric=0.7985
Step  450 | loss 0.3968 | val_acc=0.8105 val_roc_auc=0.8073 val_loss=0.4279 val_metric_name=roc_auc val_metric=0.8073
Step  500 | loss 0.3920 | val_acc=0.8095 val_roc_auc=0.8080 val_loss=0.4358 val_metric_name=roc_auc val_metric=0.8080
Step  550 | loss 0.3904 | val_acc=0.8112 val_roc_auc=0.8129 val_loss=0.4235 val_metric_name=roc_auc val_metric=0.8129
Step  600 | loss 0.3860 | val_acc=0.8101 val_roc_auc=0.8156 val_loss=0.4173 val_metric_name=roc_auc val_metric=0.8156
Step  650 | loss 0.3833 | val_acc=0.8095 val_roc_auc=0.8176 val_loss=0.4142 val_metric_name=roc_auc val_metric=0.8176
Step  700 | loss 0.3823 | val_acc=0.8101 val_roc_auc=0.8174 val_loss=0.4196 val_metric_name=roc_auc val_metric=0.8174
Step  750 | loss 0.3804 | val_acc=0.8108 val_roc_auc=0.8215 val_loss=0.4057 val_metric_name=roc_auc val_metric=0.8215
Step  800 | loss 0.3788 | val_acc=0.8115 val_roc_auc=0.8227 val_loss=0.4099 val_metric_name=roc_auc val_metric=0.8227
Step  850 | loss 0.3782 | val_acc=0.8132 val_roc_auc=0.8243 val_loss=0.4048 val_metric_name=roc_auc val_metric=0.8243
Step  900 | loss 0.3742 | val_acc=0.8132 val_roc_auc=0.8231 val_loss=0.4084 val_metric_name=roc_auc val_metric=0.8231
Step  950 | loss 0.3697 | val_acc=0.8135 val_roc_auc=0.8219 val_loss=0.4093 val_metric_name=roc_auc val_metric=0.8219
Step 1000 | loss 0.3706 | val_acc=0.8020 val_roc_auc=0.8220 val_loss=0.4130 val_metric_name=roc_auc val_metric=0.8220
Step 1050 | loss 0.3699 | val_acc=0.8118 val_roc_auc=0.8242 val_loss=0.4105 val_metric_name=roc_auc val_metric=0.8242
Step 1100 | loss 0.3657 | val_acc=0.8067 val_roc_auc=0.8226 val_loss=0.4119 val_metric_name=roc_auc val_metric=0.8226
Step 1150 | loss 0.3645 | val_acc=0.8037 val_roc_auc=0.8166 val_loss=0.4193 val_metric_name=roc_auc val_metric=0.8166
Step 1200 | loss 0.3646 | val_acc=0.7969 val_roc_auc=0.8180 val_loss=0.4249 val_metric_name=roc_auc val_metric=0.8180
Step 1250 | loss 0.3606 | val_acc=0.7945 val_roc_auc=0.8122 val_loss=0.4289 val_metric_name=roc_auc val_metric=0.8122
Step 1300 | loss 0.3626 | val_acc=0.7782 val_roc_auc=0.8009 val_loss=0.4462 val_metric_name=roc_auc val_metric=0.8009
Early stopping at step 1344

--- Final (best ckpt @ step 970) ---
  train_acc=0.8248 train_roc_auc=0.8566 train_loss=0.3715 train_metric_name=roc_auc train_metric=0.8566
  val_acc=0.8142 val_roc_auc=0.8256 val_loss=0.4080 val_metric_name=roc_auc val_metric=0.8256
  test_acc=0.8221 test_roc_auc=0.8374 test_loss=0.3942 test_metric_name=roc_auc test_metric=0.8374
  test_roc_auc=0.8374

============================================================
Training tolokers GCN 4L h=512 lr=6e-05 split=3
============================================================
Training for 5000 steps
Step    1 | loss 0.7084 | val_acc=0.7819 val_roc_auc=0.3969 val_loss=0.5497 val_metric_name=roc_auc val_metric=0.3969
Step   50 | loss 0.4637 | val_acc=0.7836 val_roc_auc=0.7368 val_loss=0.4642 val_metric_name=roc_auc val_metric=0.7368
Step  100 | loss 0.4430 | val_acc=0.7850 val_roc_auc=0.7626 val_loss=0.4437 val_metric_name=roc_auc val_metric=0.7626
Step  150 | loss 0.4238 | val_acc=0.7894 val_roc_auc=0.7855 val_loss=0.4365 val_metric_name=roc_auc val_metric=0.7855
Step  200 | loss 0.4154 | val_acc=0.7969 val_roc_auc=0.7990 val_loss=0.4396 val_metric_name=roc_auc val_metric=0.7990
Step  250 | loss 0.4010 | val_acc=0.8078 val_roc_auc=0.8105 val_loss=0.4175 val_metric_name=roc_auc val_metric=0.8105
Step  300 | loss 0.3970 | val_acc=0.8078 val_roc_auc=0.8178 val_loss=0.4067 val_metric_name=roc_auc val_metric=0.8178
Step  350 | loss 0.3925 | val_acc=0.8105 val_roc_auc=0.8190 val_loss=0.4062 val_metric_name=roc_auc val_metric=0.8190
Step  400 | loss 0.3824 | val_acc=0.8098 val_roc_auc=0.8208 val_loss=0.4052 val_metric_name=roc_auc val_metric=0.8208
Step  450 | loss 0.3818 | val_acc=0.8115 val_roc_auc=0.8228 val_loss=0.4068 val_metric_name=roc_auc val_metric=0.8228
Step  500 | loss 0.3737 | val_acc=0.8142 val_roc_auc=0.8245 val_loss=0.4082 val_metric_name=roc_auc val_metric=0.8245
Step  550 | loss 0.3709 | val_acc=0.8006 val_roc_auc=0.8250 val_loss=0.4101 val_metric_name=roc_auc val_metric=0.8250
Step  600 | loss 0.3650 | val_acc=0.8071 val_roc_auc=0.8258 val_loss=0.4077 val_metric_name=roc_auc val_metric=0.8258
Step  650 | loss 0.3638 | val_acc=0.8037 val_roc_auc=0.8193 val_loss=0.4152 val_metric_name=roc_auc val_metric=0.8193
Step  700 | loss 0.3667 | val_acc=0.7867 val_roc_auc=0.8234 val_loss=0.4220 val_metric_name=roc_auc val_metric=0.8234
Step  750 | loss 0.3592 | val_acc=0.8084 val_roc_auc=0.8298 val_loss=0.4061 val_metric_name=roc_auc val_metric=0.8298
Step  800 | loss 0.3588 | val_acc=0.7982 val_roc_auc=0.8244 val_loss=0.4168 val_metric_name=roc_auc val_metric=0.8244
Step  850 | loss 0.3575 | val_acc=0.8098 val_roc_auc=0.8288 val_loss=0.4090 val_metric_name=roc_auc val_metric=0.8288
Step  900 | loss 0.3549 | val_acc=0.8105 val_roc_auc=0.8253 val_loss=0.4115 val_metric_name=roc_auc val_metric=0.8253
Step  950 | loss 0.3514 | val_acc=0.8078 val_roc_auc=0.8247 val_loss=0.4117 val_metric_name=roc_auc val_metric=0.8247
Step 1000 | loss 0.3510 | val_acc=0.8064 val_roc_auc=0.8178 val_loss=0.4219 val_metric_name=roc_auc val_metric=0.8178
Step 1050 | loss 0.3496 | val_acc=0.8054 val_roc_auc=0.8223 val_loss=0.4213 val_metric_name=roc_auc val_metric=0.8223
Step 1100 | loss 0.3545 | val_acc=0.8067 val_roc_auc=0.8241 val_loss=0.4191 val_metric_name=roc_auc val_metric=0.8241
Step 1150 | loss 0.3474 | val_acc=0.7873 val_roc_auc=0.8119 val_loss=0.4394 val_metric_name=roc_auc val_metric=0.8119
Step 1200 | loss 0.3410 | val_acc=0.7918 val_roc_auc=0.8128 val_loss=0.4366 val_metric_name=roc_auc val_metric=0.8128
Step 1250 | loss 0.3419 | val_acc=0.7999 val_roc_auc=0.8189 val_loss=0.4350 val_metric_name=roc_auc val_metric=0.8189
Step 1300 | loss 0.3356 | val_acc=0.7904 val_roc_auc=0.8101 val_loss=0.4498 val_metric_name=roc_auc val_metric=0.8101
Step 1350 | loss 0.3393 | val_acc=0.7860 val_roc_auc=0.8080 val_loss=0.4565 val_metric_name=roc_auc val_metric=0.8080
Step 1400 | loss 0.3353 | val_acc=0.7996 val_roc_auc=0.8265 val_loss=0.4315 val_metric_name=roc_auc val_metric=0.8265
Step 1450 | loss 0.3284 | val_acc=0.7819 val_roc_auc=0.8181 val_loss=0.4535 val_metric_name=roc_auc val_metric=0.8181
Step 1500 | loss 0.3315 | val_acc=0.7836 val_roc_auc=0.8105 val_loss=0.4622 val_metric_name=roc_auc val_metric=0.8105
Step 1550 | loss 0.3259 | val_acc=0.7666 val_roc_auc=0.8113 val_loss=0.4784 val_metric_name=roc_auc val_metric=0.8113
Step 1600 | loss 0.3207 | val_acc=0.7652 val_roc_auc=0.8004 val_loss=0.4953 val_metric_name=roc_auc val_metric=0.8004
Step 1650 | loss 0.3279 | val_acc=0.7693 val_roc_auc=0.7965 val_loss=0.4941 val_metric_name=roc_auc val_metric=0.7965
Early stopping at step 1690

--- Final (best ckpt @ step 1390) ---
  train_acc=0.8442 train_roc_auc=0.8790 train_loss=0.3477 train_metric_name=roc_auc train_metric=0.8790
  val_acc=0.8054 val_roc_auc=0.8309 val_loss=0.4272 val_metric_name=roc_auc val_metric=0.8309
  test_acc=0.8146 test_roc_auc=0.8356 test_loss=0.4244 test_metric_name=roc_auc test_metric=0.8356
  test_roc_auc=0.8356

============================================================
Training tolokers GCN 4L h=512 lr=0.0001 split=3
============================================================
Training for 5000 steps
Step    1 | loss 0.7084 | val_acc=0.7819 val_roc_auc=0.4036 val_loss=0.6383 val_metric_name=roc_auc val_metric=0.4036
Step   50 | loss 0.4595 | val_acc=0.7836 val_roc_auc=0.7393 val_loss=0.4620 val_metric_name=roc_auc val_metric=0.7393
Step  100 | loss 0.4337 | val_acc=0.7890 val_roc_auc=0.7726 val_loss=0.4357 val_metric_name=roc_auc val_metric=0.7726
Step  150 | loss 0.4142 | val_acc=0.7945 val_roc_auc=0.7953 val_loss=0.4284 val_metric_name=roc_auc val_metric=0.7953
Step  200 | loss 0.4125 | val_acc=0.8088 val_roc_auc=0.8128 val_loss=0.4051 val_metric_name=roc_auc val_metric=0.8128
Step  250 | loss 0.3869 | val_acc=0.8088 val_roc_auc=0.8188 val_loss=0.4055 val_metric_name=roc_auc val_metric=0.8188
Step  300 | loss 0.3855 | val_acc=0.8108 val_roc_auc=0.8201 val_loss=0.4108 val_metric_name=roc_auc val_metric=0.8201
Step  350 | loss 0.3741 | val_acc=0.8081 val_roc_auc=0.8233 val_loss=0.4049 val_metric_name=roc_auc val_metric=0.8233
Step  400 | loss 0.3679 | val_acc=0.8047 val_roc_auc=0.8257 val_loss=0.4069 val_metric_name=roc_auc val_metric=0.8257
Step  450 | loss 0.3706 | val_acc=0.8101 val_roc_auc=0.8234 val_loss=0.4077 val_metric_name=roc_auc val_metric=0.8234
Step  500 | loss 0.3650 | val_acc=0.8054 val_roc_auc=0.8259 val_loss=0.4084 val_metric_name=roc_auc val_metric=0.8259
Step  550 | loss 0.3878 | val_acc=0.8105 val_roc_auc=0.8175 val_loss=0.4089 val_metric_name=roc_auc val_metric=0.8175
Step  600 | loss 0.3509 | val_acc=0.8006 val_roc_auc=0.8309 val_loss=0.4141 val_metric_name=roc_auc val_metric=0.8309
Step  650 | loss 0.3517 | val_acc=0.8088 val_roc_auc=0.8268 val_loss=0.4133 val_metric_name=roc_auc val_metric=0.8268
Step  700 | loss 0.3465 | val_acc=0.8050 val_roc_auc=0.8281 val_loss=0.4185 val_metric_name=roc_auc val_metric=0.8281
Step  750 | loss 0.3457 | val_acc=0.7969 val_roc_auc=0.8212 val_loss=0.4305 val_metric_name=roc_auc val_metric=0.8212
Step  800 | loss 0.3418 | val_acc=0.7945 val_roc_auc=0.8222 val_loss=0.4321 val_metric_name=roc_auc val_metric=0.8222
Step  850 | loss 0.3378 | val_acc=0.8074 val_roc_auc=0.8197 val_loss=0.4268 val_metric_name=roc_auc val_metric=0.8197
Step  900 | loss 0.3406 | val_acc=0.8044 val_roc_auc=0.8270 val_loss=0.4361 val_metric_name=roc_auc val_metric=0.8270
Step  950 | loss 0.3303 | val_acc=0.7993 val_roc_auc=0.8165 val_loss=0.4420 val_metric_name=roc_auc val_metric=0.8165
Step 1000 | loss 0.3335 | val_acc=0.8098 val_roc_auc=0.8232 val_loss=0.4444 val_metric_name=roc_auc val_metric=0.8232
Step 1050 | loss 0.3334 | val_acc=0.7979 val_roc_auc=0.8174 val_loss=0.4497 val_metric_name=roc_auc val_metric=0.8174
Step 1100 | loss 0.3295 | val_acc=0.8006 val_roc_auc=0.8083 val_loss=0.4711 val_metric_name=roc_auc val_metric=0.8083
Step 1150 | loss 0.3279 | val_acc=0.7802 val_roc_auc=0.8178 val_loss=0.4667 val_metric_name=roc_auc val_metric=0.8178
Early stopping at step 1190

--- Final (best ckpt @ step 890) ---
  train_acc=0.8381 train_roc_auc=0.8811 train_loss=0.3501 train_metric_name=roc_auc train_metric=0.8811
  val_acc=0.8163 val_roc_auc=0.8328 val_loss=0.4298 val_metric_name=roc_auc val_metric=0.8328
  test_acc=0.8180 test_roc_auc=0.8395 test_loss=0.4199 test_metric_name=roc_auc test_metric=0.8395
  test_roc_auc=0.8395

============================================================
Training tolokers GCN 4L h=512 lr=1e-05 split=3
============================================================
Training for 5000 steps
Step    1 | loss 0.7084 | val_acc=0.7421 val_roc_auc=0.4808 val_loss=0.6411 val_metric_name=roc_auc val_metric=0.4808
Step   50 | loss 0.4898 | val_acc=0.7822 val_roc_auc=0.6985 val_loss=0.4900 val_metric_name=roc_auc val_metric=0.6985
Step  100 | loss 0.4761 | val_acc=0.7863 val_roc_auc=0.7237 val_loss=0.4779 val_metric_name=roc_auc val_metric=0.7237
Step  150 | loss 0.4664 | val_acc=0.7839 val_roc_auc=0.7362 val_loss=0.4699 val_metric_name=roc_auc val_metric=0.7362
Step  200 | loss 0.4597 | val_acc=0.7856 val_roc_auc=0.7463 val_loss=0.4626 val_metric_name=roc_auc val_metric=0.7463
Step  250 | loss 0.4505 | val_acc=0.7860 val_roc_auc=0.7547 val_loss=0.4566 val_metric_name=roc_auc val_metric=0.7547
Step  300 | loss 0.4477 | val_acc=0.7839 val_roc_auc=0.7630 val_loss=0.4518 val_metric_name=roc_auc val_metric=0.7630
Step  350 | loss 0.4361 | val_acc=0.7829 val_roc_auc=0.7712 val_loss=0.4502 val_metric_name=roc_auc val_metric=0.7712
Step  400 | loss 0.4326 | val_acc=0.7839 val_roc_auc=0.7772 val_loss=0.4448 val_metric_name=roc_auc val_metric=0.7772
Step  450 | loss 0.4301 | val_acc=0.7877 val_roc_auc=0.7825 val_loss=0.4416 val_metric_name=roc_auc val_metric=0.7825
Step  500 | loss 0.4228 | val_acc=0.7897 val_roc_auc=0.7869 val_loss=0.4452 val_metric_name=roc_auc val_metric=0.7869
Step  550 | loss 0.4208 | val_acc=0.7921 val_roc_auc=0.7915 val_loss=0.4403 val_metric_name=roc_auc val_metric=0.7915
Step  600 | loss 0.4148 | val_acc=0.7941 val_roc_auc=0.7927 val_loss=0.4499 val_metric_name=roc_auc val_metric=0.7927
Step  650 | loss 0.4123 | val_acc=0.7993 val_roc_auc=0.7941 val_loss=0.4481 val_metric_name=roc_auc val_metric=0.7941
Step  700 | loss 0.4114 | val_acc=0.8010 val_roc_auc=0.7917 val_loss=0.4617 val_metric_name=roc_auc val_metric=0.7917
Step  750 | loss 0.4066 | val_acc=0.8047 val_roc_auc=0.7949 val_loss=0.4495 val_metric_name=roc_auc val_metric=0.7949
Step  800 | loss 0.4076 | val_acc=0.8061 val_roc_auc=0.7925 val_loss=0.4653 val_metric_name=roc_auc val_metric=0.7925
Step  850 | loss 0.4013 | val_acc=0.8057 val_roc_auc=0.7943 val_loss=0.4542 val_metric_name=roc_auc val_metric=0.7943
Step  900 | loss 0.4026 | val_acc=0.8057 val_roc_auc=0.7962 val_loss=0.4587 val_metric_name=roc_auc val_metric=0.7962
Step  950 | loss 0.3974 | val_acc=0.8054 val_roc_auc=0.7973 val_loss=0.4525 val_metric_name=roc_auc val_metric=0.7973
Step 1000 | loss 0.3996 | val_acc=0.8112 val_roc_auc=0.8062 val_loss=0.4262 val_metric_name=roc_auc val_metric=0.8062
Step 1050 | loss 0.3959 | val_acc=0.8098 val_roc_auc=0.8095 val_loss=0.4183 val_metric_name=roc_auc val_metric=0.8095
Step 1100 | loss 0.3958 | val_acc=0.8098 val_roc_auc=0.8042 val_loss=0.4333 val_metric_name=roc_auc val_metric=0.8042
Step 1150 | loss 0.3948 | val_acc=0.8101 val_roc_auc=0.8075 val_loss=0.4270 val_metric_name=roc_auc val_metric=0.8075
Step 1200 | loss 0.3939 | val_acc=0.8095 val_roc_auc=0.8020 val_loss=0.4459 val_metric_name=roc_auc val_metric=0.8020
Step 1250 | loss 0.3919 | val_acc=0.8088 val_roc_auc=0.8019 val_loss=0.4478 val_metric_name=roc_auc val_metric=0.8019
Step 1300 | loss 0.3954 | val_acc=0.8108 val_roc_auc=0.8080 val_loss=0.4309 val_metric_name=roc_auc val_metric=0.8080
Step 1350 | loss 0.3928 | val_acc=0.8098 val_roc_auc=0.8140 val_loss=0.4117 val_metric_name=roc_auc val_metric=0.8140
Step 1400 | loss 0.3867 | val_acc=0.8091 val_roc_auc=0.8133 val_loss=0.4129 val_metric_name=roc_auc val_metric=0.8133
Step 1450 | loss 0.3851 | val_acc=0.8088 val_roc_auc=0.8141 val_loss=0.4117 val_metric_name=roc_auc val_metric=0.8141
Step 1500 | loss 0.3857 | val_acc=0.8105 val_roc_auc=0.8144 val_loss=0.4160 val_metric_name=roc_auc val_metric=0.8144
Step 1550 | loss 0.3847 | val_acc=0.8091 val_roc_auc=0.8135 val_loss=0.4154 val_metric_name=roc_auc val_metric=0.8135
Step 1600 | loss 0.3825 | val_acc=0.8098 val_roc_auc=0.8135 val_loss=0.4195 val_metric_name=roc_auc val_metric=0.8135
Step 1650 | loss 0.3850 | val_acc=0.8105 val_roc_auc=0.8148 val_loss=0.4172 val_metric_name=roc_auc val_metric=0.8148
Step 1700 | loss 0.3850 | val_acc=0.8098 val_roc_auc=0.8177 val_loss=0.4097 val_metric_name=roc_auc val_metric=0.8177
Step 1750 | loss 0.3831 | val_acc=0.8112 val_roc_auc=0.8144 val_loss=0.4196 val_metric_name=roc_auc val_metric=0.8144
Step 1800 | loss 0.3817 | val_acc=0.8095 val_roc_auc=0.8168 val_loss=0.4154 val_metric_name=roc_auc val_metric=0.8168
Step 1850 | loss 0.3828 | val_acc=0.8098 val_roc_auc=0.8169 val_loss=0.4108 val_metric_name=roc_auc val_metric=0.8169
Step 1900 | loss 0.3791 | val_acc=0.8098 val_roc_auc=0.8181 val_loss=0.4198 val_metric_name=roc_auc val_metric=0.8181
Step 1950 | loss 0.3752 | val_acc=0.8101 val_roc_auc=0.8158 val_loss=0.4122 val_metric_name=roc_auc val_metric=0.8158
Step 2000 | loss 0.3772 | val_acc=0.8095 val_roc_auc=0.8193 val_loss=0.4115 val_metric_name=roc_auc val_metric=0.8193
Step 2050 | loss 0.3767 | val_acc=0.8101 val_roc_auc=0.8184 val_loss=0.4135 val_metric_name=roc_auc val_metric=0.8184
Step 2100 | loss 0.3760 | val_acc=0.8112 val_roc_auc=0.8185 val_loss=0.4117 val_metric_name=roc_auc val_metric=0.8185
Step 2150 | loss 0.3754 | val_acc=0.8112 val_roc_auc=0.8178 val_loss=0.4159 val_metric_name=roc_auc val_metric=0.8178
Step 2200 | loss 0.3741 | val_acc=0.8101 val_roc_auc=0.8218 val_loss=0.4099 val_metric_name=roc_auc val_metric=0.8218
Step 2250 | loss 0.3742 | val_acc=0.8118 val_roc_auc=0.8193 val_loss=0.4139 val_metric_name=roc_auc val_metric=0.8193
Step 2300 | loss 0.3717 | val_acc=0.8112 val_roc_auc=0.8179 val_loss=0.4127 val_metric_name=roc_auc val_metric=0.8179
Step 2350 | loss 0.3719 | val_acc=0.8118 val_roc_auc=0.8216 val_loss=0.4112 val_metric_name=roc_auc val_metric=0.8216
Step 2400 | loss 0.3743 | val_acc=0.8129 val_roc_auc=0.8194 val_loss=0.4133 val_metric_name=roc_auc val_metric=0.8194
Step 2450 | loss 0.3688 | val_acc=0.8023 val_roc_auc=0.8178 val_loss=0.4174 val_metric_name=roc_auc val_metric=0.8178
Step 2500 | loss 0.3716 | val_acc=0.8125 val_roc_auc=0.8200 val_loss=0.4131 val_metric_name=roc_auc val_metric=0.8200
Step 2550 | loss 0.3666 | val_acc=0.8054 val_roc_auc=0.8173 val_loss=0.4163 val_metric_name=roc_auc val_metric=0.8173
Step 2600 | loss 0.3677 | val_acc=0.8057 val_roc_auc=0.8151 val_loss=0.4175 val_metric_name=roc_auc val_metric=0.8151
Step 2650 | loss 0.3692 | val_acc=0.8061 val_roc_auc=0.8176 val_loss=0.4168 val_metric_name=roc_auc val_metric=0.8176
Step 2700 | loss 0.3635 | val_acc=0.7965 val_roc_auc=0.8166 val_loss=0.4229 val_metric_name=roc_auc val_metric=0.8166
Early stopping at step 2723

--- Final (best ckpt @ step 2290) ---
  train_acc=0.8250 train_roc_auc=0.8525 train_loss=0.3759 train_metric_name=roc_auc train_metric=0.8525
  val_acc=0.8095 val_roc_auc=0.8225 val_loss=0.4108 val_metric_name=roc_auc val_metric=0.8225
  test_acc=0.8194 test_roc_auc=0.8343 test_loss=0.3958 test_metric_name=roc_auc test_metric=0.8343
  test_roc_auc=0.8343
  >> num_layers=4 hidden_dim=256 lr=3e-05 best_step=2140 val_roc_auc=0.8312 test_roc_auc=0.8424
     val_acc=0.8101 val_loss=0.4058 val_metric=0.8312 val_metric_name=roc_auc val_roc_auc=0.8312
     test_acc=0.8187 test_loss=0.3955 test_metric=0.8424 test_metric_name=roc_auc test_roc_auc=0.8424
  >> num_layers=4 hidden_dim=256 lr=6e-05 best_step=1900 val_roc_auc=0.8324 test_roc_auc=0.8409
     val_acc=0.8057 val_loss=0.4032 val_metric=0.8324 val_metric_name=roc_auc val_roc_auc=0.8324
     test_acc=0.8241 test_loss=0.3953 test_metric=0.8409 test_metric_name=roc_auc test_roc_auc=0.8409
  >> num_layers=4 hidden_dim=256 lr=0.0001 best_step=1080 val_roc_auc=0.8337 test_roc_auc=0.8446
     val_acc=0.8016 val_loss=0.4074 val_metric=0.8337 val_metric_name=roc_auc val_roc_auc=0.8337
     test_acc=0.8082 test_loss=0.3958 test_metric=0.8446 test_metric_name=roc_auc test_roc_auc=0.8446
  >> num_layers=4 hidden_dim=256 lr=1e-05 best_step=4990 val_roc_auc=0.8270 test_roc_auc=0.8377
     val_acc=0.8095 val_loss=0.4088 val_metric=0.8270 val_metric_name=roc_auc val_roc_auc=0.8270
     test_acc=0.8160 test_loss=0.3987 test_metric=0.8377 test_metric_name=roc_auc test_roc_auc=0.8377
  >> num_layers=4 hidden_dim=384 lr=3e-05 best_step=1030 val_roc_auc=0.8240 test_roc_auc=0.8352
     val_acc=0.8108 val_loss=0.4137 val_metric=0.8240 val_metric_name=roc_auc val_roc_auc=0.8240
     test_acc=0.8228 test_loss=0.4021 test_metric=0.8352 test_metric_name=roc_auc test_roc_auc=0.8352
  >> num_layers=4 hidden_dim=384 lr=6e-05 best_step=1170 val_roc_auc=0.8318 test_roc_auc=0.8392
     val_acc=0.8098 val_loss=0.4074 val_metric=0.8318 val_metric_name=roc_auc val_roc_auc=0.8318
     test_acc=0.8170 test_loss=0.4005 test_metric=0.8392 test_metric_name=roc_auc test_roc_auc=0.8392
  >> num_layers=4 hidden_dim=384 lr=0.0001 best_step=580 val_roc_auc=0.8323 test_roc_auc=0.8453
     val_acc=0.8033 val_loss=0.4016 val_metric=0.8323 val_metric_name=roc_auc val_roc_auc=0.8323
     test_acc=0.8160 test_loss=0.3875 test_metric=0.8453 test_metric_name=roc_auc test_roc_auc=0.8453
  >> num_layers=4 hidden_dim=384 lr=1e-05 best_step=3260 val_roc_auc=0.8229 test_roc_auc=0.8337
     val_acc=0.8142 val_loss=0.4151 val_metric=0.8229 val_metric_name=roc_auc val_roc_auc=0.8229
     test_acc=0.8197 test_loss=0.4040 test_metric=0.8337 test_metric_name=roc_auc test_roc_auc=0.8337
  >> num_layers=4 hidden_dim=512 lr=3e-05 best_step=970 val_roc_auc=0.8256 test_roc_auc=0.8374
     val_acc=0.8142 val_loss=0.4080 val_metric=0.8256 val_metric_name=roc_auc val_roc_auc=0.8256
     test_acc=0.8221 test_loss=0.3942 test_metric=0.8374 test_metric_name=roc_auc test_roc_auc=0.8374
  >> num_layers=4 hidden_dim=512 lr=6e-05 best_step=1390 val_roc_auc=0.8309 test_roc_auc=0.8356
     val_acc=0.8054 val_loss=0.4272 val_metric=0.8309 val_metric_name=roc_auc val_roc_auc=0.8309
     test_acc=0.8146 test_loss=0.4244 test_metric=0.8356 test_metric_name=roc_auc test_roc_auc=0.8356
  >> num_layers=4 hidden_dim=512 lr=0.0001 best_step=890 val_roc_auc=0.8328 test_roc_auc=0.8395
     val_acc=0.8163 val_loss=0.4298 val_metric=0.8328 val_metric_name=roc_auc val_roc_auc=0.8328
     test_acc=0.8180 test_loss=0.4199 test_metric=0.8395 test_metric_name=roc_auc test_roc_auc=0.8395
  >> num_layers=4 hidden_dim=512 lr=1e-05 best_step=2290 val_roc_auc=0.8225 test_roc_auc=0.8343
     val_acc=0.8095 val_loss=0.4108 val_metric=0.8225 val_metric_name=roc_auc val_roc_auc=0.8225
     test_acc=0.8194 test_loss=0.3958 test_metric=0.8343 test_metric_name=roc_auc test_roc_auc=0.8343
  >> selected best (by val): num_layers=4 hidden_dim=256 lr=0.0001 val_roc_auc=0.8337 test_roc_auc=0.8446
     val_acc=0.8016 val_loss=0.4074 val_metric=0.8337 val_metric_name=roc_auc val_roc_auc=0.8337
     test_acc=0.8082 test_loss=0.3958 test_metric=0.8446 test_metric_name=roc_auc test_roc_auc=0.8446

Done. Results saved to /home/avshmelev/diploma_yandex_graphs/results_grid/tolokers/base.csv, checkpoints in /home/avshmelev/diploma_yandex_graphs/all_checkpoints/tolokers/base/
Skipping: "Done." found in /home/avshmelev/diploma_yandex_graphs/results_grid/tolokers/logs_base/GCN_4L_split3.log
