Loading data...

============================================================
Training tolokers GT-sep 4L h=256 lr=3e-05 split=3
============================================================
Training for 5000 steps
Step    1 | loss 0.7317 | val_acc=0.7816 val_roc_auc=0.4843 val_loss=0.5743 val_metric_name=roc_auc val_metric=0.4843
Step   50 | loss 0.4688 | val_acc=0.7819 val_roc_auc=0.7323 val_loss=0.4709 val_metric_name=roc_auc val_metric=0.7323
Step  100 | loss 0.4508 | val_acc=0.7812 val_roc_auc=0.7549 val_loss=0.4459 val_metric_name=roc_auc val_metric=0.7549
Step  150 | loss 0.4372 | val_acc=0.7809 val_roc_auc=0.7657 val_loss=0.4326 val_metric_name=roc_auc val_metric=0.7657
Step  200 | loss 0.4319 | val_acc=0.7788 val_roc_auc=0.7751 val_loss=0.4258 val_metric_name=roc_auc val_metric=0.7751
Step  250 | loss 0.4200 | val_acc=0.7819 val_roc_auc=0.7836 val_loss=0.4217 val_metric_name=roc_auc val_metric=0.7836
Step  300 | loss 0.4157 | val_acc=0.7887 val_roc_auc=0.7934 val_loss=0.4172 val_metric_name=roc_auc val_metric=0.7934
Step  350 | loss 0.4066 | val_acc=0.7945 val_roc_auc=0.8096 val_loss=0.4116 val_metric_name=roc_auc val_metric=0.8096
Step  400 | loss 0.3953 | val_acc=0.7720 val_roc_auc=0.8139 val_loss=0.4338 val_metric_name=roc_auc val_metric=0.8139
Step  450 | loss 0.3831 | val_acc=0.7792 val_roc_auc=0.8180 val_loss=0.4338 val_metric_name=roc_auc val_metric=0.8180
Step  500 | loss 0.3813 | val_acc=0.7822 val_roc_auc=0.8212 val_loss=0.4310 val_metric_name=roc_auc val_metric=0.8212
Step  550 | loss 0.3768 | val_acc=0.7632 val_roc_auc=0.8212 val_loss=0.4522 val_metric_name=roc_auc val_metric=0.8212
Step  600 | loss 0.3756 | val_acc=0.7513 val_roc_auc=0.8229 val_loss=0.4578 val_metric_name=roc_auc val_metric=0.8229
Step  650 | loss 0.3729 | val_acc=0.7040 val_roc_auc=0.8205 val_loss=0.4998 val_metric_name=roc_auc val_metric=0.8205
Step  700 | loss 0.3670 | val_acc=0.7155 val_roc_auc=0.8215 val_loss=0.4921 val_metric_name=roc_auc val_metric=0.8215
Step  750 | loss 0.3692 | val_acc=0.7098 val_roc_auc=0.8218 val_loss=0.4960 val_metric_name=roc_auc val_metric=0.8218
Step  800 | loss 0.3623 | val_acc=0.7070 val_roc_auc=0.8217 val_loss=0.4991 val_metric_name=roc_auc val_metric=0.8217
Step  850 | loss 0.3637 | val_acc=0.6829 val_roc_auc=0.8154 val_loss=0.5386 val_metric_name=roc_auc val_metric=0.8154
Step  900 | loss 0.3625 | val_acc=0.7152 val_roc_auc=0.8231 val_loss=0.4932 val_metric_name=roc_auc val_metric=0.8231
Step  950 | loss 0.3590 | val_acc=0.6883 val_roc_auc=0.8161 val_loss=0.5344 val_metric_name=roc_auc val_metric=0.8161
Step 1000 | loss 0.3544 | val_acc=0.6856 val_roc_auc=0.8160 val_loss=0.5485 val_metric_name=roc_auc val_metric=0.8160
Step 1050 | loss 0.3533 | val_acc=0.7135 val_roc_auc=0.8196 val_loss=0.5152 val_metric_name=roc_auc val_metric=0.8196
Step 1100 | loss 0.3495 | val_acc=0.7030 val_roc_auc=0.8181 val_loss=0.5347 val_metric_name=roc_auc val_metric=0.8181
Step 1150 | loss 0.3501 | val_acc=0.7404 val_roc_auc=0.8245 val_loss=0.4808 val_metric_name=roc_auc val_metric=0.8245
Step 1200 | loss 0.3501 | val_acc=0.7326 val_roc_auc=0.8225 val_loss=0.5110 val_metric_name=roc_auc val_metric=0.8225
Step 1250 | loss 0.3435 | val_acc=0.7319 val_roc_auc=0.8208 val_loss=0.5080 val_metric_name=roc_auc val_metric=0.8208
Step 1300 | loss 0.3426 | val_acc=0.7200 val_roc_auc=0.8198 val_loss=0.5257 val_metric_name=roc_auc val_metric=0.8198
Step 1350 | loss 0.3400 | val_acc=0.7346 val_roc_auc=0.8236 val_loss=0.5179 val_metric_name=roc_auc val_metric=0.8236
Step 1400 | loss 0.3394 | val_acc=0.7190 val_roc_auc=0.8211 val_loss=0.5361 val_metric_name=roc_auc val_metric=0.8211
Step 1450 | loss 0.3381 | val_acc=0.7166 val_roc_auc=0.8211 val_loss=0.5384 val_metric_name=roc_auc val_metric=0.8211
Step 1500 | loss 0.3357 | val_acc=0.7370 val_roc_auc=0.8235 val_loss=0.5182 val_metric_name=roc_auc val_metric=0.8235
Step 1550 | loss 0.3347 | val_acc=0.7669 val_roc_auc=0.8288 val_loss=0.4687 val_metric_name=roc_auc val_metric=0.8288
Step 1600 | loss 0.3288 | val_acc=0.7509 val_roc_auc=0.8277 val_loss=0.5015 val_metric_name=roc_auc val_metric=0.8277
Step 1650 | loss 0.3260 | val_acc=0.7550 val_roc_auc=0.8269 val_loss=0.4963 val_metric_name=roc_auc val_metric=0.8269
Step 1700 | loss 0.3219 | val_acc=0.7530 val_roc_auc=0.8272 val_loss=0.5095 val_metric_name=roc_auc val_metric=0.8272
Step 1750 | loss 0.3208 | val_acc=0.7571 val_roc_auc=0.8276 val_loss=0.5017 val_metric_name=roc_auc val_metric=0.8276
Step 1800 | loss 0.3161 | val_acc=0.7635 val_roc_auc=0.8281 val_loss=0.4921 val_metric_name=roc_auc val_metric=0.8281
Step 1850 | loss 0.3141 | val_acc=0.7353 val_roc_auc=0.8252 val_loss=0.5353 val_metric_name=roc_auc val_metric=0.8252
Step 1900 | loss 0.3165 | val_acc=0.7635 val_roc_auc=0.8285 val_loss=0.4936 val_metric_name=roc_auc val_metric=0.8285
Early stopping at step 1940

--- Final (best ckpt @ step 1640) ---
  train_acc=0.8151 train_roc_auc=0.8955 train_loss=0.3719 train_metric_name=roc_auc train_metric=0.8955
  val_acc=0.7714 val_roc_auc=0.8315 val_loss=0.4651 val_metric_name=roc_auc val_metric=0.8315
  test_acc=0.7806 test_roc_auc=0.8402 test_loss=0.4568 test_metric_name=roc_auc test_metric=0.8402
  test_roc_auc=0.8402

============================================================
Training tolokers GT-sep 4L h=256 lr=6e-05 split=3
============================================================
Training for 5000 steps
Step    1 | loss 0.7317 | val_acc=0.7819 val_roc_auc=0.4908 val_loss=0.5307 val_metric_name=roc_auc val_metric=0.4908
Step   50 | loss 0.4576 | val_acc=0.7812 val_roc_auc=0.7431 val_loss=0.4568 val_metric_name=roc_auc val_metric=0.7431
Step  100 | loss 0.4355 | val_acc=0.7809 val_roc_auc=0.7665 val_loss=0.4319 val_metric_name=roc_auc val_metric=0.7665
Step  150 | loss 0.4219 | val_acc=0.7836 val_roc_auc=0.7821 val_loss=0.4219 val_metric_name=roc_auc val_metric=0.7821
Step  200 | loss 0.4128 | val_acc=0.7890 val_roc_auc=0.8016 val_loss=0.4156 val_metric_name=roc_auc val_metric=0.8016
Step  250 | loss 0.3873 | val_acc=0.7843 val_roc_auc=0.8144 val_loss=0.4297 val_metric_name=roc_auc val_metric=0.8144
Step  300 | loss 0.3809 | val_acc=0.7826 val_roc_auc=0.8197 val_loss=0.4299 val_metric_name=roc_auc val_metric=0.8197
Step  350 | loss 0.3741 | val_acc=0.7329 val_roc_auc=0.8202 val_loss=0.4790 val_metric_name=roc_auc val_metric=0.8202
Step  400 | loss 0.3704 | val_acc=0.7060 val_roc_auc=0.8201 val_loss=0.4994 val_metric_name=roc_auc val_metric=0.8201
Step  450 | loss 0.3633 | val_acc=0.7220 val_roc_auc=0.8229 val_loss=0.4777 val_metric_name=roc_auc val_metric=0.8229
Step  500 | loss 0.3639 | val_acc=0.7207 val_roc_auc=0.8250 val_loss=0.4783 val_metric_name=roc_auc val_metric=0.8250
Step  550 | loss 0.3566 | val_acc=0.7152 val_roc_auc=0.8238 val_loss=0.4917 val_metric_name=roc_auc val_metric=0.8238
Step  600 | loss 0.3594 | val_acc=0.6982 val_roc_auc=0.8188 val_loss=0.5224 val_metric_name=roc_auc val_metric=0.8188
Step  650 | loss 0.3515 | val_acc=0.7261 val_roc_auc=0.8225 val_loss=0.4997 val_metric_name=roc_auc val_metric=0.8225
Step  700 | loss 0.3421 | val_acc=0.7370 val_roc_auc=0.8267 val_loss=0.4929 val_metric_name=roc_auc val_metric=0.8267
Step  750 | loss 0.3451 | val_acc=0.7322 val_roc_auc=0.8228 val_loss=0.5077 val_metric_name=roc_auc val_metric=0.8228
Step  800 | loss 0.3362 | val_acc=0.7554 val_roc_auc=0.8252 val_loss=0.4846 val_metric_name=roc_auc val_metric=0.8252
Step  850 | loss 0.3350 | val_acc=0.7486 val_roc_auc=0.8248 val_loss=0.4976 val_metric_name=roc_auc val_metric=0.8248
Step  900 | loss 0.3357 | val_acc=0.7526 val_roc_auc=0.8276 val_loss=0.4850 val_metric_name=roc_auc val_metric=0.8276
Step  950 | loss 0.3255 | val_acc=0.7594 val_roc_auc=0.8287 val_loss=0.4744 val_metric_name=roc_auc val_metric=0.8287
Step 1000 | loss 0.3195 | val_acc=0.7394 val_roc_auc=0.8232 val_loss=0.5245 val_metric_name=roc_auc val_metric=0.8232
Step 1050 | loss 0.3154 | val_acc=0.7690 val_roc_auc=0.8263 val_loss=0.4924 val_metric_name=roc_auc val_metric=0.8263
Step 1100 | loss 0.3055 | val_acc=0.7560 val_roc_auc=0.8257 val_loss=0.5073 val_metric_name=roc_auc val_metric=0.8257
Step 1150 | loss 0.2964 | val_acc=0.7819 val_roc_auc=0.8304 val_loss=0.4761 val_metric_name=roc_auc val_metric=0.8304
Step 1200 | loss 0.2974 | val_acc=0.7741 val_roc_auc=0.8259 val_loss=0.4937 val_metric_name=roc_auc val_metric=0.8259
Step 1250 | loss 0.2864 | val_acc=0.7724 val_roc_auc=0.8231 val_loss=0.5297 val_metric_name=roc_auc val_metric=0.8231
Step 1300 | loss 0.2841 | val_acc=0.7754 val_roc_auc=0.8220 val_loss=0.5084 val_metric_name=roc_auc val_metric=0.8220
Step 1350 | loss 0.2749 | val_acc=0.7720 val_roc_auc=0.8202 val_loss=0.5387 val_metric_name=roc_auc val_metric=0.8202
Step 1400 | loss 0.2718 | val_acc=0.7622 val_roc_auc=0.8169 val_loss=0.5550 val_metric_name=roc_auc val_metric=0.8169
Step 1450 | loss 0.2662 | val_acc=0.7734 val_roc_auc=0.8180 val_loss=0.5370 val_metric_name=roc_auc val_metric=0.8180
Early stopping at step 1451

--- Final (best ckpt @ step 1150) ---
  train_acc=0.8573 train_roc_auc=0.9255 train_loss=0.3066 train_metric_name=roc_auc train_metric=0.9255
  val_acc=0.7819 val_roc_auc=0.8304 val_loss=0.4761 val_metric_name=roc_auc val_metric=0.8304
  test_acc=0.7912 test_roc_auc=0.8362 test_loss=0.4679 test_metric_name=roc_auc test_metric=0.8362
  test_roc_auc=0.8362

============================================================
Training tolokers GT-sep 4L h=256 lr=0.0001 split=3
============================================================
Training for 5000 steps
Step    1 | loss 0.7317 | val_acc=0.7819 val_roc_auc=0.4986 val_loss=0.5629 val_metric_name=roc_auc val_metric=0.4986
Step   50 | loss 0.4502 | val_acc=0.7785 val_roc_auc=0.7516 val_loss=0.4432 val_metric_name=roc_auc val_metric=0.7516
Step  100 | loss 0.4255 | val_acc=0.7805 val_roc_auc=0.7769 val_loss=0.4245 val_metric_name=roc_auc val_metric=0.7769
Step  150 | loss 0.4054 | val_acc=0.7952 val_roc_auc=0.8041 val_loss=0.4131 val_metric_name=roc_auc val_metric=0.8041
Step  200 | loss 0.3841 | val_acc=0.7782 val_roc_auc=0.8171 val_loss=0.4343 val_metric_name=roc_auc val_metric=0.8171
Step  250 | loss 0.3746 | val_acc=0.7782 val_roc_auc=0.8236 val_loss=0.4281 val_metric_name=roc_auc val_metric=0.8236
Step  300 | loss 0.3667 | val_acc=0.7748 val_roc_auc=0.8271 val_loss=0.4254 val_metric_name=roc_auc val_metric=0.8271
Step  350 | loss 0.3610 | val_acc=0.7179 val_roc_auc=0.8254 val_loss=0.4813 val_metric_name=roc_auc val_metric=0.8254
Step  400 | loss 0.3546 | val_acc=0.7203 val_roc_auc=0.8233 val_loss=0.4912 val_metric_name=roc_auc val_metric=0.8233
Step  450 | loss 0.3487 | val_acc=0.7281 val_roc_auc=0.8243 val_loss=0.4938 val_metric_name=roc_auc val_metric=0.8243
Step  500 | loss 0.3436 | val_acc=0.7448 val_roc_auc=0.8268 val_loss=0.4705 val_metric_name=roc_auc val_metric=0.8268
Step  550 | loss 0.3378 | val_acc=0.7652 val_roc_auc=0.8300 val_loss=0.4587 val_metric_name=roc_auc val_metric=0.8300
Step  600 | loss 0.3375 | val_acc=0.7407 val_roc_auc=0.8274 val_loss=0.4894 val_metric_name=roc_auc val_metric=0.8274
Step  650 | loss 0.3202 | val_acc=0.7523 val_roc_auc=0.8265 val_loss=0.4991 val_metric_name=roc_auc val_metric=0.8265
Step  700 | loss 0.3121 | val_acc=0.7533 val_roc_auc=0.8251 val_loss=0.5046 val_metric_name=roc_auc val_metric=0.8251
Step  750 | loss 0.3103 | val_acc=0.7778 val_roc_auc=0.8292 val_loss=0.4658 val_metric_name=roc_auc val_metric=0.8292
Step  800 | loss 0.2978 | val_acc=0.7799 val_roc_auc=0.8257 val_loss=0.4865 val_metric_name=roc_auc val_metric=0.8257
Step  850 | loss 0.2894 | val_acc=0.7765 val_roc_auc=0.8232 val_loss=0.5101 val_metric_name=roc_auc val_metric=0.8232
Step  900 | loss 0.2803 | val_acc=0.7812 val_roc_auc=0.8215 val_loss=0.5060 val_metric_name=roc_auc val_metric=0.8215
Step  950 | loss 0.2618 | val_acc=0.7765 val_roc_auc=0.8225 val_loss=0.5154 val_metric_name=roc_auc val_metric=0.8225
Early stopping at step 984

--- Final (best ckpt @ step 520) ---
  train_acc=0.8287 train_roc_auc=0.8832 train_loss=0.3542 train_metric_name=roc_auc train_metric=0.8832
  val_acc=0.7846 val_roc_auc=0.8318 val_loss=0.4244 val_metric_name=roc_auc val_metric=0.8318
  test_acc=0.8031 test_roc_auc=0.8401 test_loss=0.4173 test_metric_name=roc_auc test_metric=0.8401
  test_roc_auc=0.8401

============================================================
Training tolokers GT-sep 4L h=256 lr=1e-05 split=3
============================================================
Training for 5000 steps
Step    1 | loss 0.7317 | val_acc=0.7244 val_roc_auc=0.4804 val_loss=0.6499 val_metric_name=roc_auc val_metric=0.4804
Step   50 | loss 0.4923 | val_acc=0.7819 val_roc_auc=0.7111 val_loss=0.4907 val_metric_name=roc_auc val_metric=0.7111
Step  100 | loss 0.4755 | val_acc=0.7819 val_roc_auc=0.7306 val_loss=0.4731 val_metric_name=roc_auc val_metric=0.7306
Step  150 | loss 0.4628 | val_acc=0.7812 val_roc_auc=0.7419 val_loss=0.4610 val_metric_name=roc_auc val_metric=0.7419
Step  200 | loss 0.4569 | val_acc=0.7809 val_roc_auc=0.7504 val_loss=0.4514 val_metric_name=roc_auc val_metric=0.7504
Step  250 | loss 0.4452 | val_acc=0.7809 val_roc_auc=0.7569 val_loss=0.4441 val_metric_name=roc_auc val_metric=0.7569
Step  300 | loss 0.4457 | val_acc=0.7822 val_roc_auc=0.7614 val_loss=0.4388 val_metric_name=roc_auc val_metric=0.7614
Step  350 | loss 0.4402 | val_acc=0.7795 val_roc_auc=0.7655 val_loss=0.4334 val_metric_name=roc_auc val_metric=0.7655
Step  400 | loss 0.4367 | val_acc=0.7792 val_roc_auc=0.7691 val_loss=0.4300 val_metric_name=roc_auc val_metric=0.7691
Step  450 | loss 0.4297 | val_acc=0.7778 val_roc_auc=0.7727 val_loss=0.4274 val_metric_name=roc_auc val_metric=0.7727
Step  500 | loss 0.4293 | val_acc=0.7792 val_roc_auc=0.7762 val_loss=0.4254 val_metric_name=roc_auc val_metric=0.7762
Step  550 | loss 0.4281 | val_acc=0.7802 val_roc_auc=0.7798 val_loss=0.4238 val_metric_name=roc_auc val_metric=0.7798
Step  600 | loss 0.4260 | val_acc=0.7829 val_roc_auc=0.7828 val_loss=0.4225 val_metric_name=roc_auc val_metric=0.7828
Step  650 | loss 0.4204 | val_acc=0.7836 val_roc_auc=0.7863 val_loss=0.4209 val_metric_name=roc_auc val_metric=0.7863
Step  700 | loss 0.4176 | val_acc=0.7863 val_roc_auc=0.7899 val_loss=0.4189 val_metric_name=roc_auc val_metric=0.7899
Step  750 | loss 0.4172 | val_acc=0.7877 val_roc_auc=0.7948 val_loss=0.4173 val_metric_name=roc_auc val_metric=0.7948
Step  800 | loss 0.4091 | val_acc=0.7907 val_roc_auc=0.8007 val_loss=0.4147 val_metric_name=roc_auc val_metric=0.8007
Step  850 | loss 0.4096 | val_acc=0.7941 val_roc_auc=0.8072 val_loss=0.4132 val_metric_name=roc_auc val_metric=0.8072
Step  900 | loss 0.4036 | val_acc=0.7948 val_roc_auc=0.8130 val_loss=0.4102 val_metric_name=roc_auc val_metric=0.8130
Step  950 | loss 0.3995 | val_acc=0.7890 val_roc_auc=0.8155 val_loss=0.4166 val_metric_name=roc_auc val_metric=0.8155
Step 1000 | loss 0.3939 | val_acc=0.7802 val_roc_auc=0.8149 val_loss=0.4281 val_metric_name=roc_auc val_metric=0.8149
Step 1050 | loss 0.3869 | val_acc=0.7771 val_roc_auc=0.8152 val_loss=0.4366 val_metric_name=roc_auc val_metric=0.8152
Step 1100 | loss 0.3849 | val_acc=0.7775 val_roc_auc=0.8166 val_loss=0.4369 val_metric_name=roc_auc val_metric=0.8166
Step 1150 | loss 0.3809 | val_acc=0.7802 val_roc_auc=0.8179 val_loss=0.4360 val_metric_name=roc_auc val_metric=0.8179
Step 1200 | loss 0.3790 | val_acc=0.7788 val_roc_auc=0.8192 val_loss=0.4362 val_metric_name=roc_auc val_metric=0.8192
Step 1250 | loss 0.3799 | val_acc=0.7628 val_roc_auc=0.8187 val_loss=0.4544 val_metric_name=roc_auc val_metric=0.8187
Step 1300 | loss 0.3788 | val_acc=0.7673 val_roc_auc=0.8201 val_loss=0.4486 val_metric_name=roc_auc val_metric=0.8201
Step 1350 | loss 0.3780 | val_acc=0.7662 val_roc_auc=0.8211 val_loss=0.4500 val_metric_name=roc_auc val_metric=0.8211
Step 1400 | loss 0.3779 | val_acc=0.7581 val_roc_auc=0.8212 val_loss=0.4586 val_metric_name=roc_auc val_metric=0.8212
Step 1450 | loss 0.3781 | val_acc=0.7445 val_roc_auc=0.8213 val_loss=0.4727 val_metric_name=roc_auc val_metric=0.8213
Step 1500 | loss 0.3747 | val_acc=0.7431 val_roc_auc=0.8212 val_loss=0.4749 val_metric_name=roc_auc val_metric=0.8212
Step 1550 | loss 0.3713 | val_acc=0.7462 val_roc_auc=0.8226 val_loss=0.4660 val_metric_name=roc_auc val_metric=0.8226
Step 1600 | loss 0.3729 | val_acc=0.7183 val_roc_auc=0.8218 val_loss=0.4927 val_metric_name=roc_auc val_metric=0.8218
Step 1650 | loss 0.3705 | val_acc=0.7390 val_roc_auc=0.8224 val_loss=0.4783 val_metric_name=roc_auc val_metric=0.8224
Step 1700 | loss 0.3689 | val_acc=0.7138 val_roc_auc=0.8217 val_loss=0.4946 val_metric_name=roc_auc val_metric=0.8217
Step 1750 | loss 0.3716 | val_acc=0.7057 val_roc_auc=0.8220 val_loss=0.5074 val_metric_name=roc_auc val_metric=0.8220
Step 1800 | loss 0.3675 | val_acc=0.6863 val_roc_auc=0.8204 val_loss=0.5236 val_metric_name=roc_auc val_metric=0.8204
Step 1850 | loss 0.3687 | val_acc=0.7016 val_roc_auc=0.8215 val_loss=0.5073 val_metric_name=roc_auc val_metric=0.8215
Step 1900 | loss 0.3677 | val_acc=0.6621 val_roc_auc=0.8165 val_loss=0.5515 val_metric_name=roc_auc val_metric=0.8165
Step 1950 | loss 0.3690 | val_acc=0.6730 val_roc_auc=0.8176 val_loss=0.5374 val_metric_name=roc_auc val_metric=0.8176
Step 2000 | loss 0.3680 | val_acc=0.6696 val_roc_auc=0.8179 val_loss=0.5437 val_metric_name=roc_auc val_metric=0.8179
Step 2050 | loss 0.3658 | val_acc=0.6659 val_roc_auc=0.8152 val_loss=0.5555 val_metric_name=roc_auc val_metric=0.8152
Step 2100 | loss 0.3648 | val_acc=0.6713 val_roc_auc=0.8174 val_loss=0.5454 val_metric_name=roc_auc val_metric=0.8174
Early stopping at step 2126

--- Final (best ckpt @ step 1670) ---
  train_acc=0.7619 train_roc_auc=0.8473 train_loss=0.4512 train_metric_name=roc_auc train_metric=0.8473
  val_acc=0.7452 val_roc_auc=0.8239 val_loss=0.4687 val_metric_name=roc_auc val_metric=0.8239
  test_acc=0.7514 test_roc_auc=0.8384 test_loss=0.4585 test_metric_name=roc_auc test_metric=0.8384
  test_roc_auc=0.8384

============================================================
Training tolokers GT-sep 4L h=384 lr=3e-05 split=3
============================================================
Training for 5000 steps
Step    1 | loss 0.7647 | val_acc=0.7819 val_roc_auc=0.6101 val_loss=0.5196 val_metric_name=roc_auc val_metric=0.6101
Step   50 | loss 0.4582 | val_acc=0.7805 val_roc_auc=0.7438 val_loss=0.4565 val_metric_name=roc_auc val_metric=0.7438
Step  100 | loss 0.4402 | val_acc=0.7833 val_roc_auc=0.7645 val_loss=0.4414 val_metric_name=roc_auc val_metric=0.7645
Step  150 | loss 0.4310 | val_acc=0.7799 val_roc_auc=0.7777 val_loss=0.4281 val_metric_name=roc_auc val_metric=0.7777
Step  200 | loss 0.4172 | val_acc=0.7911 val_roc_auc=0.7929 val_loss=0.4192 val_metric_name=roc_auc val_metric=0.7929
Step  250 | loss 0.3984 | val_acc=0.7958 val_roc_auc=0.8128 val_loss=0.4143 val_metric_name=roc_auc val_metric=0.8128
Step  300 | loss 0.3885 | val_acc=0.7870 val_roc_auc=0.8143 val_loss=0.4373 val_metric_name=roc_auc val_metric=0.8143
Step  350 | loss 0.3816 | val_acc=0.7901 val_roc_auc=0.8193 val_loss=0.4311 val_metric_name=roc_auc val_metric=0.8193
Step  400 | loss 0.3763 | val_acc=0.7846 val_roc_auc=0.8222 val_loss=0.4349 val_metric_name=roc_auc val_metric=0.8222
Step  450 | loss 0.3725 | val_acc=0.7424 val_roc_auc=0.8226 val_loss=0.4713 val_metric_name=roc_auc val_metric=0.8226
Step  500 | loss 0.3649 | val_acc=0.7611 val_roc_auc=0.8251 val_loss=0.4519 val_metric_name=roc_auc val_metric=0.8251
Step  550 | loss 0.3629 | val_acc=0.7516 val_roc_auc=0.8262 val_loss=0.4631 val_metric_name=roc_auc val_metric=0.8262
Step  600 | loss 0.3621 | val_acc=0.7486 val_roc_auc=0.8264 val_loss=0.4715 val_metric_name=roc_auc val_metric=0.8264
Step  650 | loss 0.3574 | val_acc=0.7452 val_roc_auc=0.8256 val_loss=0.4829 val_metric_name=roc_auc val_metric=0.8256
Step  700 | loss 0.3549 | val_acc=0.7656 val_roc_auc=0.8276 val_loss=0.4558 val_metric_name=roc_auc val_metric=0.8276
Step  750 | loss 0.3515 | val_acc=0.7560 val_roc_auc=0.8262 val_loss=0.4758 val_metric_name=roc_auc val_metric=0.8262
Step  800 | loss 0.3467 | val_acc=0.7669 val_roc_auc=0.8288 val_loss=0.4605 val_metric_name=roc_auc val_metric=0.8288
Step  850 | loss 0.3437 | val_acc=0.7748 val_roc_auc=0.8289 val_loss=0.4504 val_metric_name=roc_auc val_metric=0.8289
Step  900 | loss 0.3434 | val_acc=0.7731 val_roc_auc=0.8274 val_loss=0.4617 val_metric_name=roc_auc val_metric=0.8274
Step  950 | loss 0.3366 | val_acc=0.7622 val_roc_auc=0.8261 val_loss=0.4788 val_metric_name=roc_auc val_metric=0.8261
Step 1000 | loss 0.3341 | val_acc=0.7594 val_roc_auc=0.8247 val_loss=0.4723 val_metric_name=roc_auc val_metric=0.8247
Step 1050 | loss 0.3296 | val_acc=0.7571 val_roc_auc=0.8245 val_loss=0.4893 val_metric_name=roc_auc val_metric=0.8245
Step 1100 | loss 0.3237 | val_acc=0.7656 val_roc_auc=0.8237 val_loss=0.4895 val_metric_name=roc_auc val_metric=0.8237
Step 1150 | loss 0.3172 | val_acc=0.7707 val_roc_auc=0.8235 val_loss=0.4793 val_metric_name=roc_auc val_metric=0.8235
Early stopping at step 1151

--- Final (best ckpt @ step 850) ---
  train_acc=0.8092 train_roc_auc=0.8770 train_loss=0.3869 train_metric_name=roc_auc train_metric=0.8770
  val_acc=0.7748 val_roc_auc=0.8289 val_loss=0.4504 val_metric_name=roc_auc val_metric=0.8289
  test_acc=0.7759 test_roc_auc=0.8341 test_loss=0.4460 test_metric_name=roc_auc test_metric=0.8341
  test_roc_auc=0.8341

============================================================
Training tolokers GT-sep 4L h=384 lr=6e-05 split=3
============================================================
Training for 5000 steps
Step    1 | loss 0.7647 | val_acc=0.7819 val_roc_auc=0.5973 val_loss=0.5878 val_metric_name=roc_auc val_metric=0.5973
Step   50 | loss 0.4471 | val_acc=0.7782 val_roc_auc=0.7544 val_loss=0.4442 val_metric_name=roc_auc val_metric=0.7544
Step  100 | loss 0.4269 | val_acc=0.7788 val_roc_auc=0.7765 val_loss=0.4276 val_metric_name=roc_auc val_metric=0.7765
Step  150 | loss 0.4115 | val_acc=0.7955 val_roc_auc=0.8041 val_loss=0.4141 val_metric_name=roc_auc val_metric=0.8041
Step  200 | loss 0.3852 | val_acc=0.7819 val_roc_auc=0.8154 val_loss=0.4388 val_metric_name=roc_auc val_metric=0.8154
Step  250 | loss 0.3748 | val_acc=0.7969 val_roc_auc=0.8228 val_loss=0.4207 val_metric_name=roc_auc val_metric=0.8228
Step  300 | loss 0.3692 | val_acc=0.7662 val_roc_auc=0.8247 val_loss=0.4455 val_metric_name=roc_auc val_metric=0.8247
Step  350 | loss 0.3649 | val_acc=0.7717 val_roc_auc=0.8269 val_loss=0.4397 val_metric_name=roc_auc val_metric=0.8269
Step  400 | loss 0.3548 | val_acc=0.7686 val_roc_auc=0.8284 val_loss=0.4498 val_metric_name=roc_auc val_metric=0.8284
Step  450 | loss 0.3512 | val_acc=0.7632 val_roc_auc=0.8288 val_loss=0.4663 val_metric_name=roc_auc val_metric=0.8288
Step  500 | loss 0.3398 | val_acc=0.7761 val_roc_auc=0.8285 val_loss=0.4487 val_metric_name=roc_auc val_metric=0.8285
Step  550 | loss 0.3361 | val_acc=0.7683 val_roc_auc=0.8278 val_loss=0.4613 val_metric_name=roc_auc val_metric=0.8278
Step  600 | loss 0.3324 | val_acc=0.7656 val_roc_auc=0.8263 val_loss=0.4698 val_metric_name=roc_auc val_metric=0.8263
Step  650 | loss 0.3204 | val_acc=0.7622 val_roc_auc=0.8240 val_loss=0.4872 val_metric_name=roc_auc val_metric=0.8240
Step  700 | loss 0.3133 | val_acc=0.7795 val_roc_auc=0.8255 val_loss=0.4758 val_metric_name=roc_auc val_metric=0.8255
Step  750 | loss 0.3072 | val_acc=0.7788 val_roc_auc=0.8229 val_loss=0.4761 val_metric_name=roc_auc val_metric=0.8229
Step  800 | loss 0.2972 | val_acc=0.7805 val_roc_auc=0.8193 val_loss=0.4950 val_metric_name=roc_auc val_metric=0.8193
Early stopping at step 848

--- Final (best ckpt @ step 510) ---
  train_acc=0.8217 train_roc_auc=0.8796 train_loss=0.3690 train_metric_name=roc_auc train_metric=0.8796
  val_acc=0.7751 val_roc_auc=0.8293 val_loss=0.4360 val_metric_name=roc_auc val_metric=0.8293
  test_acc=0.7878 test_roc_auc=0.8342 test_loss=0.4341 test_metric_name=roc_auc test_metric=0.8342
  test_roc_auc=0.8342

============================================================
Training tolokers GT-sep 4L h=384 lr=0.0001 split=3
============================================================
Training for 5000 steps
Step    1 | loss 0.7647 | val_acc=0.7819 val_roc_auc=0.5642 val_loss=0.8094 val_metric_name=roc_auc val_metric=0.5642
Step   50 | loss 0.4427 | val_acc=0.7782 val_roc_auc=0.7577 val_loss=0.4418 val_metric_name=roc_auc val_metric=0.7577
Step  100 | loss 0.4205 | val_acc=0.7829 val_roc_auc=0.7839 val_loss=0.4226 val_metric_name=roc_auc val_metric=0.7839
Step  150 | loss 0.3921 | val_acc=0.7877 val_roc_auc=0.8138 val_loss=0.4271 val_metric_name=roc_auc val_metric=0.8138
Step  200 | loss 0.3724 | val_acc=0.7812 val_roc_auc=0.8243 val_loss=0.4285 val_metric_name=roc_auc val_metric=0.8243
Step  250 | loss 0.3658 | val_acc=0.7839 val_roc_auc=0.8256 val_loss=0.4239 val_metric_name=roc_auc val_metric=0.8256
Step  300 | loss 0.3562 | val_acc=0.7686 val_roc_auc=0.8277 val_loss=0.4450 val_metric_name=roc_auc val_metric=0.8277
Step  350 | loss 0.3475 | val_acc=0.7843 val_roc_auc=0.8281 val_loss=0.4371 val_metric_name=roc_auc val_metric=0.8281
Step  400 | loss 0.3355 | val_acc=0.7662 val_roc_auc=0.8252 val_loss=0.4488 val_metric_name=roc_auc val_metric=0.8252
Step  450 | loss 0.3256 | val_acc=0.7707 val_roc_auc=0.8230 val_loss=0.4601 val_metric_name=roc_auc val_metric=0.8230
Step  500 | loss 0.3100 | val_acc=0.7836 val_roc_auc=0.8204 val_loss=0.4576 val_metric_name=roc_auc val_metric=0.8204
Step  550 | loss 0.2959 | val_acc=0.7867 val_roc_auc=0.8210 val_loss=0.4846 val_metric_name=roc_auc val_metric=0.8210
Step  600 | loss 0.2765 | val_acc=0.7958 val_roc_auc=0.8141 val_loss=0.4926 val_metric_name=roc_auc val_metric=0.8141
Early stopping at step 633

--- Final (best ckpt @ step 310) ---
  train_acc=0.8139 train_roc_auc=0.8692 train_loss=0.3760 train_metric_name=roc_auc train_metric=0.8692
  val_acc=0.7846 val_roc_auc=0.8284 val_loss=0.4278 val_metric_name=roc_auc val_metric=0.8284
  test_acc=0.7912 test_roc_auc=0.8337 test_loss=0.4242 test_metric_name=roc_auc test_metric=0.8337
  test_roc_auc=0.8337

============================================================
Training tolokers GT-sep 4L h=384 lr=1e-05 split=3
============================================================
Training for 5000 steps
Step    1 | loss 0.7647 | val_acc=0.7101 val_roc_auc=0.6096 val_loss=0.6252 val_metric_name=roc_auc val_metric=0.6096
Step   50 | loss 0.4794 | val_acc=0.7819 val_roc_auc=0.7240 val_loss=0.4856 val_metric_name=roc_auc val_metric=0.7240
Step  100 | loss 0.4624 | val_acc=0.7826 val_roc_auc=0.7434 val_loss=0.4659 val_metric_name=roc_auc val_metric=0.7434
Step  150 | loss 0.4537 | val_acc=0.7809 val_roc_auc=0.7558 val_loss=0.4541 val_metric_name=roc_auc val_metric=0.7558
Step  200 | loss 0.4449 | val_acc=0.7816 val_roc_auc=0.7626 val_loss=0.4443 val_metric_name=roc_auc val_metric=0.7626
Step  250 | loss 0.4368 | val_acc=0.7839 val_roc_auc=0.7675 val_loss=0.4379 val_metric_name=roc_auc val_metric=0.7675
Step  300 | loss 0.4345 | val_acc=0.7775 val_roc_auc=0.7729 val_loss=0.4319 val_metric_name=roc_auc val_metric=0.7729
Step  350 | loss 0.4281 | val_acc=0.7819 val_roc_auc=0.7793 val_loss=0.4274 val_metric_name=roc_auc val_metric=0.7793
Step  400 | loss 0.4243 | val_acc=0.7863 val_roc_auc=0.7851 val_loss=0.4235 val_metric_name=roc_auc val_metric=0.7851
Step  450 | loss 0.4193 | val_acc=0.7887 val_roc_auc=0.7912 val_loss=0.4202 val_metric_name=roc_auc val_metric=0.7912
Step  500 | loss 0.4111 | val_acc=0.7911 val_roc_auc=0.7992 val_loss=0.4165 val_metric_name=roc_auc val_metric=0.7992
Step  550 | loss 0.4067 | val_acc=0.7989 val_roc_auc=0.8090 val_loss=0.4116 val_metric_name=roc_auc val_metric=0.8090
Step  600 | loss 0.3985 | val_acc=0.7907 val_roc_auc=0.8133 val_loss=0.4204 val_metric_name=roc_auc val_metric=0.8133
Step  650 | loss 0.3905 | val_acc=0.7836 val_roc_auc=0.8137 val_loss=0.4336 val_metric_name=roc_auc val_metric=0.8137
Step  700 | loss 0.3864 | val_acc=0.7880 val_roc_auc=0.8155 val_loss=0.4326 val_metric_name=roc_auc val_metric=0.8155
Step  750 | loss 0.3867 | val_acc=0.7816 val_roc_auc=0.8166 val_loss=0.4389 val_metric_name=roc_auc val_metric=0.8166
Step  800 | loss 0.3821 | val_acc=0.7826 val_roc_auc=0.8179 val_loss=0.4388 val_metric_name=roc_auc val_metric=0.8179
Step  850 | loss 0.3809 | val_acc=0.7860 val_roc_auc=0.8198 val_loss=0.4346 val_metric_name=roc_auc val_metric=0.8198
Step  900 | loss 0.3803 | val_acc=0.7812 val_roc_auc=0.8205 val_loss=0.4408 val_metric_name=roc_auc val_metric=0.8205
Step  950 | loss 0.3779 | val_acc=0.7761 val_roc_auc=0.8210 val_loss=0.4448 val_metric_name=roc_auc val_metric=0.8210
Step 1000 | loss 0.3755 | val_acc=0.7754 val_roc_auc=0.8223 val_loss=0.4447 val_metric_name=roc_auc val_metric=0.8223
Step 1050 | loss 0.3732 | val_acc=0.7547 val_roc_auc=0.8220 val_loss=0.4624 val_metric_name=roc_auc val_metric=0.8220
Step 1100 | loss 0.3707 | val_acc=0.7435 val_roc_auc=0.8218 val_loss=0.4725 val_metric_name=roc_auc val_metric=0.8218
Step 1150 | loss 0.3676 | val_acc=0.7537 val_roc_auc=0.8238 val_loss=0.4563 val_metric_name=roc_auc val_metric=0.8238
Step 1200 | loss 0.3679 | val_acc=0.7400 val_roc_auc=0.8236 val_loss=0.4720 val_metric_name=roc_auc val_metric=0.8236
Step 1250 | loss 0.3659 | val_acc=0.7411 val_roc_auc=0.8235 val_loss=0.4724 val_metric_name=roc_auc val_metric=0.8235
Step 1300 | loss 0.3642 | val_acc=0.7343 val_roc_auc=0.8240 val_loss=0.4817 val_metric_name=roc_auc val_metric=0.8240
Step 1350 | loss 0.3669 | val_acc=0.7275 val_roc_auc=0.8231 val_loss=0.4914 val_metric_name=roc_auc val_metric=0.8231
Step 1400 | loss 0.3629 | val_acc=0.7414 val_roc_auc=0.8240 val_loss=0.4824 val_metric_name=roc_auc val_metric=0.8240
Step 1450 | loss 0.3664 | val_acc=0.7349 val_roc_auc=0.8244 val_loss=0.4847 val_metric_name=roc_auc val_metric=0.8244
Step 1500 | loss 0.3618 | val_acc=0.7448 val_roc_auc=0.8251 val_loss=0.4798 val_metric_name=roc_auc val_metric=0.8251
Step 1550 | loss 0.3594 | val_acc=0.7298 val_roc_auc=0.8236 val_loss=0.4964 val_metric_name=roc_auc val_metric=0.8236
Step 1600 | loss 0.3565 | val_acc=0.7281 val_roc_auc=0.8243 val_loss=0.4956 val_metric_name=roc_auc val_metric=0.8243
Step 1650 | loss 0.3575 | val_acc=0.7159 val_roc_auc=0.8226 val_loss=0.5122 val_metric_name=roc_auc val_metric=0.8226
Step 1700 | loss 0.3552 | val_acc=0.7407 val_roc_auc=0.8242 val_loss=0.4908 val_metric_name=roc_auc val_metric=0.8242
Step 1750 | loss 0.3545 | val_acc=0.7254 val_roc_auc=0.8235 val_loss=0.5053 val_metric_name=roc_auc val_metric=0.8235
Step 1800 | loss 0.3509 | val_acc=0.7247 val_roc_auc=0.8234 val_loss=0.5098 val_metric_name=roc_auc val_metric=0.8234
Step 1850 | loss 0.3482 | val_acc=0.7288 val_roc_auc=0.8243 val_loss=0.5042 val_metric_name=roc_auc val_metric=0.8243
Step 1900 | loss 0.3489 | val_acc=0.7186 val_roc_auc=0.8224 val_loss=0.5170 val_metric_name=roc_auc val_metric=0.8224
Step 1950 | loss 0.3450 | val_acc=0.7217 val_roc_auc=0.8228 val_loss=0.5135 val_metric_name=roc_auc val_metric=0.8228
Step 2000 | loss 0.3476 | val_acc=0.7370 val_roc_auc=0.8231 val_loss=0.5000 val_metric_name=roc_auc val_metric=0.8231
Step 2050 | loss 0.3464 | val_acc=0.7138 val_roc_auc=0.8206 val_loss=0.5290 val_metric_name=roc_auc val_metric=0.8206
Step 2100 | loss 0.3444 | val_acc=0.7278 val_roc_auc=0.8219 val_loss=0.5144 val_metric_name=roc_auc val_metric=0.8219
Step 2150 | loss 0.3432 | val_acc=0.7322 val_roc_auc=0.8229 val_loss=0.5077 val_metric_name=roc_auc val_metric=0.8229
Step 2200 | loss 0.3407 | val_acc=0.7258 val_roc_auc=0.8224 val_loss=0.5183 val_metric_name=roc_auc val_metric=0.8224
Step 2250 | loss 0.3386 | val_acc=0.7305 val_roc_auc=0.8223 val_loss=0.5180 val_metric_name=roc_auc val_metric=0.8223
Step 2300 | loss 0.3407 | val_acc=0.7128 val_roc_auc=0.8202 val_loss=0.5340 val_metric_name=roc_auc val_metric=0.8202
Early stopping at step 2330

--- Final (best ckpt @ step 2030) ---
  train_acc=0.7831 train_roc_auc=0.8708 train_loss=0.4240 train_metric_name=roc_auc train_metric=0.8708
  val_acc=0.7523 val_roc_auc=0.8253 val_loss=0.4812 val_metric_name=roc_auc val_metric=0.8253
  test_acc=0.7544 test_roc_auc=0.8332 test_loss=0.4739 test_metric_name=roc_auc test_metric=0.8332
  test_roc_auc=0.8332

============================================================
Training tolokers GT-sep 4L h=512 lr=3e-05 split=3
============================================================
Training for 5000 steps
Step    1 | loss 0.7999 | val_acc=0.7819 val_roc_auc=0.6091 val_loss=0.5226 val_metric_name=roc_auc val_metric=0.6091
Step   50 | loss 0.4568 | val_acc=0.7816 val_roc_auc=0.7467 val_loss=0.4662 val_metric_name=roc_auc val_metric=0.7467
Step  100 | loss 0.4335 | val_acc=0.7843 val_roc_auc=0.7684 val_loss=0.4386 val_metric_name=roc_auc val_metric=0.7684
Step  150 | loss 0.4206 | val_acc=0.7843 val_roc_auc=0.7874 val_loss=0.4251 val_metric_name=roc_auc val_metric=0.7874
Step  200 | loss 0.4057 | val_acc=0.7867 val_roc_auc=0.8099 val_loss=0.4173 val_metric_name=roc_auc val_metric=0.8099
Step  250 | loss 0.3869 | val_acc=0.7873 val_roc_auc=0.8162 val_loss=0.4318 val_metric_name=roc_auc val_metric=0.8162
Step  300 | loss 0.3770 | val_acc=0.7724 val_roc_auc=0.8205 val_loss=0.4443 val_metric_name=roc_auc val_metric=0.8205
Step  350 | loss 0.3714 | val_acc=0.7564 val_roc_auc=0.8204 val_loss=0.4665 val_metric_name=roc_auc val_metric=0.8204
Step  400 | loss 0.3732 | val_acc=0.7639 val_roc_auc=0.8218 val_loss=0.4500 val_metric_name=roc_auc val_metric=0.8218
Step  450 | loss 0.3688 | val_acc=0.7543 val_roc_auc=0.8232 val_loss=0.4539 val_metric_name=roc_auc val_metric=0.8232
Step  500 | loss 0.3636 | val_acc=0.7349 val_roc_auc=0.8212 val_loss=0.4809 val_metric_name=roc_auc val_metric=0.8212
Step  550 | loss 0.3583 | val_acc=0.7332 val_roc_auc=0.8206 val_loss=0.4836 val_metric_name=roc_auc val_metric=0.8206
Step  600 | loss 0.3507 | val_acc=0.7628 val_roc_auc=0.8232 val_loss=0.4526 val_metric_name=roc_auc val_metric=0.8232
Step  650 | loss 0.3519 | val_acc=0.7193 val_roc_auc=0.8172 val_loss=0.5122 val_metric_name=roc_auc val_metric=0.8172
Step  700 | loss 0.3395 | val_acc=0.7520 val_roc_auc=0.8227 val_loss=0.4699 val_metric_name=roc_auc val_metric=0.8227
Step  750 | loss 0.3408 | val_acc=0.7564 val_roc_auc=0.8219 val_loss=0.4744 val_metric_name=roc_auc val_metric=0.8219
Step  800 | loss 0.3307 | val_acc=0.7601 val_roc_auc=0.8203 val_loss=0.4786 val_metric_name=roc_auc val_metric=0.8203
Step  850 | loss 0.3233 | val_acc=0.7628 val_roc_auc=0.8203 val_loss=0.4798 val_metric_name=roc_auc val_metric=0.8203
Step  900 | loss 0.3194 | val_acc=0.7584 val_roc_auc=0.8201 val_loss=0.4967 val_metric_name=roc_auc val_metric=0.8201
Step  950 | loss 0.3082 | val_acc=0.7802 val_roc_auc=0.8185 val_loss=0.4776 val_metric_name=roc_auc val_metric=0.8185
Step 1000 | loss 0.3017 | val_acc=0.7758 val_roc_auc=0.8175 val_loss=0.4906 val_metric_name=roc_auc val_metric=0.8175
Early stopping at step 1020

--- Final (best ckpt @ step 720) ---
  train_acc=0.8257 train_roc_auc=0.8878 train_loss=0.3592 train_metric_name=roc_auc train_metric=0.8878
  val_acc=0.7734 val_roc_auc=0.8253 val_loss=0.4475 val_metric_name=roc_auc val_metric=0.8253
  test_acc=0.7833 test_roc_auc=0.8363 test_loss=0.4374 test_metric_name=roc_auc test_metric=0.8363
  test_roc_auc=0.8363

============================================================
Training tolokers GT-sep 4L h=512 lr=6e-05 split=3
============================================================
Training for 5000 steps
Step    1 | loss 0.7999 | val_acc=0.7819 val_roc_auc=0.5987 val_loss=0.7349 val_metric_name=roc_auc val_metric=0.5987
Step   50 | loss 0.4480 | val_acc=0.7799 val_roc_auc=0.7550 val_loss=0.4472 val_metric_name=roc_auc val_metric=0.7550
Step  100 | loss 0.4214 | val_acc=0.7799 val_roc_auc=0.7828 val_loss=0.4270 val_metric_name=roc_auc val_metric=0.7828
Step  150 | loss 0.3960 | val_acc=0.7873 val_roc_auc=0.8159 val_loss=0.4157 val_metric_name=roc_auc val_metric=0.8159
Step  200 | loss 0.3865 | val_acc=0.7741 val_roc_auc=0.8213 val_loss=0.4401 val_metric_name=roc_auc val_metric=0.8213
Step  250 | loss 0.3710 | val_acc=0.7591 val_roc_auc=0.8225 val_loss=0.4545 val_metric_name=roc_auc val_metric=0.8225
Step  300 | loss 0.3618 | val_acc=0.7805 val_roc_auc=0.8282 val_loss=0.4233 val_metric_name=roc_auc val_metric=0.8282
Step  350 | loss 0.3541 | val_acc=0.7659 val_roc_auc=0.8267 val_loss=0.4423 val_metric_name=roc_auc val_metric=0.8267
Step  400 | loss 0.3499 | val_acc=0.7686 val_roc_auc=0.8266 val_loss=0.4437 val_metric_name=roc_auc val_metric=0.8266
Step  450 | loss 0.3379 | val_acc=0.7635 val_roc_auc=0.8235 val_loss=0.4578 val_metric_name=roc_auc val_metric=0.8235
Step  500 | loss 0.3252 | val_acc=0.7560 val_roc_auc=0.8231 val_loss=0.4719 val_metric_name=roc_auc val_metric=0.8231
Step  550 | loss 0.3132 | val_acc=0.7884 val_roc_auc=0.8197 val_loss=0.4451 val_metric_name=roc_auc val_metric=0.8197
Step  600 | loss 0.3019 | val_acc=0.7890 val_roc_auc=0.8167 val_loss=0.4720 val_metric_name=roc_auc val_metric=0.8167
Step  650 | loss 0.2915 | val_acc=0.7751 val_roc_auc=0.8163 val_loss=0.5245 val_metric_name=roc_auc val_metric=0.8163
Step  700 | loss 0.2519 | val_acc=0.7639 val_roc_auc=0.8121 val_loss=0.5505 val_metric_name=roc_auc val_metric=0.8121
Early stopping at step 744

--- Final (best ckpt @ step 370) ---
  train_acc=0.8222 train_roc_auc=0.8745 train_loss=0.3650 train_metric_name=roc_auc train_metric=0.8745
  val_acc=0.7819 val_roc_auc=0.8286 val_loss=0.4256 val_metric_name=roc_auc val_metric=0.8286
  test_acc=0.7952 test_roc_auc=0.8367 test_loss=0.4194 test_metric_name=roc_auc test_metric=0.8367
  test_roc_auc=0.8367

============================================================
Training tolokers GT-sep 4L h=512 lr=0.0001 split=3
============================================================
Training for 5000 steps
Step    1 | loss 0.7999 | val_acc=0.7819 val_roc_auc=0.5635 val_loss=1.0875 val_metric_name=roc_auc val_metric=0.5635
Step   50 | loss 0.4492 | val_acc=0.7758 val_roc_auc=0.7498 val_loss=0.4451 val_metric_name=roc_auc val_metric=0.7498
Step  100 | loss 0.4183 | val_acc=0.7846 val_roc_auc=0.7874 val_loss=0.4226 val_metric_name=roc_auc val_metric=0.7874
Step  150 | loss 0.3856 | val_acc=0.7904 val_roc_auc=0.8181 val_loss=0.4185 val_metric_name=roc_auc val_metric=0.8181
Step  200 | loss 0.3764 | val_acc=0.7775 val_roc_auc=0.8214 val_loss=0.4205 val_metric_name=roc_auc val_metric=0.8214
Step  250 | loss 0.3644 | val_acc=0.7816 val_roc_auc=0.8267 val_loss=0.4194 val_metric_name=roc_auc val_metric=0.8267
Step  300 | loss 0.3441 | val_acc=0.7979 val_roc_auc=0.8308 val_loss=0.4194 val_metric_name=roc_auc val_metric=0.8308
Step  350 | loss 0.3351 | val_acc=0.7710 val_roc_auc=0.8279 val_loss=0.4398 val_metric_name=roc_auc val_metric=0.8279
Step  400 | loss 0.3210 | val_acc=0.7880 val_roc_auc=0.8239 val_loss=0.4539 val_metric_name=roc_auc val_metric=0.8239
Step  450 | loss 0.3007 | val_acc=0.7788 val_roc_auc=0.8195 val_loss=0.4910 val_metric_name=roc_auc val_metric=0.8195
Step  500 | loss 0.2785 | val_acc=0.7659 val_roc_auc=0.8163 val_loss=0.5340 val_metric_name=roc_auc val_metric=0.8163
Step  550 | loss 0.2368 | val_acc=0.7707 val_roc_auc=0.8140 val_loss=0.5749 val_metric_name=roc_auc val_metric=0.8140
Step  600 | loss 0.2149 | val_acc=0.7805 val_roc_auc=0.8063 val_loss=0.6645 val_metric_name=roc_auc val_metric=0.8063
Early stopping at step 634

--- Final (best ckpt @ step 310) ---
  train_acc=0.8219 train_roc_auc=0.8839 train_loss=0.3602 train_metric_name=roc_auc train_metric=0.8839
  val_acc=0.7816 val_roc_auc=0.8315 val_loss=0.4288 val_metric_name=roc_auc val_metric=0.8315
  test_acc=0.7959 test_roc_auc=0.8391 test_loss=0.4223 test_metric_name=roc_auc test_metric=0.8391
  test_roc_auc=0.8391

============================================================
Training tolokers GT-sep 4L h=512 lr=1e-05 split=3
============================================================
Training for 5000 steps
Step    1 | loss 0.7999 | val_acc=0.7608 val_roc_auc=0.6122 val_loss=0.5995 val_metric_name=roc_auc val_metric=0.6122
Step   50 | loss 0.4752 | val_acc=0.7819 val_roc_auc=0.7267 val_loss=0.4777 val_metric_name=roc_auc val_metric=0.7267
Step  100 | loss 0.4540 | val_acc=0.7819 val_roc_auc=0.7489 val_loss=0.4667 val_metric_name=roc_auc val_metric=0.7489
Step  150 | loss 0.4448 | val_acc=0.7819 val_roc_auc=0.7607 val_loss=0.4550 val_metric_name=roc_auc val_metric=0.7607
Step  200 | loss 0.4374 | val_acc=0.7843 val_roc_auc=0.7677 val_loss=0.4441 val_metric_name=roc_auc val_metric=0.7677
Step  250 | loss 0.4335 | val_acc=0.7833 val_roc_auc=0.7748 val_loss=0.4347 val_metric_name=roc_auc val_metric=0.7748
Step  300 | loss 0.4231 | val_acc=0.7822 val_roc_auc=0.7831 val_loss=0.4304 val_metric_name=roc_auc val_metric=0.7831
Step  350 | loss 0.4176 | val_acc=0.7863 val_roc_auc=0.7920 val_loss=0.4256 val_metric_name=roc_auc val_metric=0.7920
Step  400 | loss 0.4130 | val_acc=0.7924 val_roc_auc=0.8037 val_loss=0.4187 val_metric_name=roc_auc val_metric=0.8037
Step  450 | loss 0.4035 | val_acc=0.7938 val_roc_auc=0.8122 val_loss=0.4180 val_metric_name=roc_auc val_metric=0.8122
Step  500 | loss 0.3943 | val_acc=0.7860 val_roc_auc=0.8152 val_loss=0.4258 val_metric_name=roc_auc val_metric=0.8152
Step  550 | loss 0.3888 | val_acc=0.7846 val_roc_auc=0.8158 val_loss=0.4353 val_metric_name=roc_auc val_metric=0.8158
Step  600 | loss 0.3848 | val_acc=0.7826 val_roc_auc=0.8173 val_loss=0.4380 val_metric_name=roc_auc val_metric=0.8173
Step  650 | loss 0.3809 | val_acc=0.7710 val_roc_auc=0.8181 val_loss=0.4551 val_metric_name=roc_auc val_metric=0.8181
Step  700 | loss 0.3761 | val_acc=0.7714 val_roc_auc=0.8191 val_loss=0.4498 val_metric_name=roc_auc val_metric=0.8191
Step  750 | loss 0.3791 | val_acc=0.7625 val_roc_auc=0.8192 val_loss=0.4579 val_metric_name=roc_auc val_metric=0.8192
Step  800 | loss 0.3771 | val_acc=0.7469 val_roc_auc=0.8187 val_loss=0.4771 val_metric_name=roc_auc val_metric=0.8187
Step  850 | loss 0.3749 | val_acc=0.7421 val_roc_auc=0.8187 val_loss=0.4769 val_metric_name=roc_auc val_metric=0.8187
Step  900 | loss 0.3708 | val_acc=0.7329 val_roc_auc=0.8195 val_loss=0.4916 val_metric_name=roc_auc val_metric=0.8195
Step  950 | loss 0.3673 | val_acc=0.7312 val_roc_auc=0.8201 val_loss=0.4874 val_metric_name=roc_auc val_metric=0.8201
Step 1000 | loss 0.3675 | val_acc=0.7315 val_roc_auc=0.8199 val_loss=0.4897 val_metric_name=roc_auc val_metric=0.8199
Step 1050 | loss 0.3647 | val_acc=0.7343 val_roc_auc=0.8205 val_loss=0.4819 val_metric_name=roc_auc val_metric=0.8205
Step 1100 | loss 0.3641 | val_acc=0.7203 val_roc_auc=0.8188 val_loss=0.5084 val_metric_name=roc_auc val_metric=0.8188
Step 1150 | loss 0.3600 | val_acc=0.7309 val_roc_auc=0.8203 val_loss=0.4910 val_metric_name=roc_auc val_metric=0.8203
Step 1200 | loss 0.3574 | val_acc=0.7210 val_roc_auc=0.8197 val_loss=0.5033 val_metric_name=roc_auc val_metric=0.8197
Step 1250 | loss 0.3613 | val_acc=0.7247 val_roc_auc=0.8200 val_loss=0.5005 val_metric_name=roc_auc val_metric=0.8200
Step 1300 | loss 0.3583 | val_acc=0.7268 val_roc_auc=0.8202 val_loss=0.5020 val_metric_name=roc_auc val_metric=0.8202
Step 1350 | loss 0.3587 | val_acc=0.7207 val_roc_auc=0.8181 val_loss=0.5144 val_metric_name=roc_auc val_metric=0.8181
Step 1400 | loss 0.3534 | val_acc=0.7070 val_roc_auc=0.8159 val_loss=0.5313 val_metric_name=roc_auc val_metric=0.8159
Step 1450 | loss 0.3553 | val_acc=0.7115 val_roc_auc=0.8172 val_loss=0.5290 val_metric_name=roc_auc val_metric=0.8172
Step 1500 | loss 0.3453 | val_acc=0.7121 val_roc_auc=0.8166 val_loss=0.5392 val_metric_name=roc_auc val_metric=0.8166
Early stopping at step 1532

--- Final (best ckpt @ step 1020) ---
  train_acc=0.7847 train_roc_auc=0.8523 train_loss=0.4221 train_metric_name=roc_auc train_metric=0.8523
  val_acc=0.7526 val_roc_auc=0.8215 val_loss=0.4547 val_metric_name=roc_auc val_metric=0.8215
  test_acc=0.7711 test_roc_auc=0.8367 test_loss=0.4423 test_metric_name=roc_auc test_metric=0.8367
  test_roc_auc=0.8367
  >> num_layers=4 hidden_dim=256 lr=3e-05 best_step=1640 val_roc_auc=0.8315 test_roc_auc=0.8402
     val_acc=0.7714 val_loss=0.4651 val_metric=0.8315 val_metric_name=roc_auc val_roc_auc=0.8315
     test_acc=0.7806 test_loss=0.4568 test_metric=0.8402 test_metric_name=roc_auc test_roc_auc=0.8402
  >> num_layers=4 hidden_dim=256 lr=6e-05 best_step=1150 val_roc_auc=0.8304 test_roc_auc=0.8362
     val_acc=0.7819 val_loss=0.4761 val_metric=0.8304 val_metric_name=roc_auc val_roc_auc=0.8304
     test_acc=0.7912 test_loss=0.4679 test_metric=0.8362 test_metric_name=roc_auc test_roc_auc=0.8362
  >> num_layers=4 hidden_dim=256 lr=0.0001 best_step=520 val_roc_auc=0.8318 test_roc_auc=0.8401
     val_acc=0.7846 val_loss=0.4244 val_metric=0.8318 val_metric_name=roc_auc val_roc_auc=0.8318
     test_acc=0.8031 test_loss=0.4173 test_metric=0.8401 test_metric_name=roc_auc test_roc_auc=0.8401
  >> num_layers=4 hidden_dim=256 lr=1e-05 best_step=1670 val_roc_auc=0.8239 test_roc_auc=0.8384
     val_acc=0.7452 val_loss=0.4687 val_metric=0.8239 val_metric_name=roc_auc val_roc_auc=0.8239
     test_acc=0.7514 test_loss=0.4585 test_metric=0.8384 test_metric_name=roc_auc test_roc_auc=0.8384
  >> num_layers=4 hidden_dim=384 lr=3e-05 best_step=850 val_roc_auc=0.8289 test_roc_auc=0.8341
     val_acc=0.7748 val_loss=0.4504 val_metric=0.8289 val_metric_name=roc_auc val_roc_auc=0.8289
     test_acc=0.7759 test_loss=0.4460 test_metric=0.8341 test_metric_name=roc_auc test_roc_auc=0.8341
  >> num_layers=4 hidden_dim=384 lr=6e-05 best_step=510 val_roc_auc=0.8293 test_roc_auc=0.8342
     val_acc=0.7751 val_loss=0.4360 val_metric=0.8293 val_metric_name=roc_auc val_roc_auc=0.8293
     test_acc=0.7878 test_loss=0.4341 test_metric=0.8342 test_metric_name=roc_auc test_roc_auc=0.8342
  >> num_layers=4 hidden_dim=384 lr=0.0001 best_step=310 val_roc_auc=0.8284 test_roc_auc=0.8337
     val_acc=0.7846 val_loss=0.4278 val_metric=0.8284 val_metric_name=roc_auc val_roc_auc=0.8284
     test_acc=0.7912 test_loss=0.4242 test_metric=0.8337 test_metric_name=roc_auc test_roc_auc=0.8337
  >> num_layers=4 hidden_dim=384 lr=1e-05 best_step=2030 val_roc_auc=0.8253 test_roc_auc=0.8332
     val_acc=0.7523 val_loss=0.4812 val_metric=0.8253 val_metric_name=roc_auc val_roc_auc=0.8253
     test_acc=0.7544 test_loss=0.4739 test_metric=0.8332 test_metric_name=roc_auc test_roc_auc=0.8332
  >> num_layers=4 hidden_dim=512 lr=3e-05 best_step=720 val_roc_auc=0.8253 test_roc_auc=0.8363
     val_acc=0.7734 val_loss=0.4475 val_metric=0.8253 val_metric_name=roc_auc val_roc_auc=0.8253
     test_acc=0.7833 test_loss=0.4374 test_metric=0.8363 test_metric_name=roc_auc test_roc_auc=0.8363
  >> num_layers=4 hidden_dim=512 lr=6e-05 best_step=370 val_roc_auc=0.8286 test_roc_auc=0.8367
     val_acc=0.7819 val_loss=0.4256 val_metric=0.8286 val_metric_name=roc_auc val_roc_auc=0.8286
     test_acc=0.7952 test_loss=0.4194 test_metric=0.8367 test_metric_name=roc_auc test_roc_auc=0.8367
  >> num_layers=4 hidden_dim=512 lr=0.0001 best_step=310 val_roc_auc=0.8315 test_roc_auc=0.8391
     val_acc=0.7816 val_loss=0.4288 val_metric=0.8315 val_metric_name=roc_auc val_roc_auc=0.8315
     test_acc=0.7959 test_loss=0.4223 test_metric=0.8391 test_metric_name=roc_auc test_roc_auc=0.8391
  >> num_layers=4 hidden_dim=512 lr=1e-05 best_step=1020 val_roc_auc=0.8215 test_roc_auc=0.8367
     val_acc=0.7526 val_loss=0.4547 val_metric=0.8215 val_metric_name=roc_auc val_roc_auc=0.8215
     test_acc=0.7711 test_loss=0.4423 test_metric=0.8367 test_metric_name=roc_auc test_roc_auc=0.8367
  >> selected best (by val): num_layers=4 hidden_dim=256 lr=0.0001 val_roc_auc=0.8318 test_roc_auc=0.8401
     val_acc=0.7846 val_loss=0.4244 val_metric=0.8318 val_metric_name=roc_auc val_roc_auc=0.8318
     test_acc=0.8031 test_loss=0.4173 test_metric=0.8401 test_metric_name=roc_auc test_roc_auc=0.8401

Done. Results saved to /home/avshmelev/diploma_yandex_graphs/results_grid/tolokers/base.csv, checkpoints in /home/avshmelev/diploma_yandex_graphs/all_checkpoints/tolokers/base/
Skipping: "Done." found in /home/avshmelev/diploma_yandex_graphs/results_grid/tolokers/logs_base/GT-sep_4L_split3.log
