Loading data...

============================================================
Training tolokers GT 1L h=256 lr=3e-05 split=4
============================================================
Training for 5000 steps
Step    1 | loss 0.8098 | val_acc=0.3331 val_roc_auc=0.3835 val_loss=0.7608 val_metric_name=roc_auc val_metric=0.3835
Step   50 | loss 0.5004 | val_acc=0.7819 val_roc_auc=0.7036 val_loss=0.4927 val_metric_name=roc_auc val_metric=0.7036
Step  100 | loss 0.4741 | val_acc=0.7816 val_roc_auc=0.7346 val_loss=0.4647 val_metric_name=roc_auc val_metric=0.7346
Step  150 | loss 0.4602 | val_acc=0.7833 val_roc_auc=0.7493 val_loss=0.4540 val_metric_name=roc_auc val_metric=0.7493
Step  200 | loss 0.4443 | val_acc=0.7853 val_roc_auc=0.7593 val_loss=0.4462 val_metric_name=roc_auc val_metric=0.7593
Step  250 | loss 0.4409 | val_acc=0.7792 val_roc_auc=0.7634 val_loss=0.4415 val_metric_name=roc_auc val_metric=0.7634
Step  300 | loss 0.4307 | val_acc=0.7802 val_roc_auc=0.7661 val_loss=0.4384 val_metric_name=roc_auc val_metric=0.7661
Step  350 | loss 0.4301 | val_acc=0.7829 val_roc_auc=0.7687 val_loss=0.4362 val_metric_name=roc_auc val_metric=0.7687
Step  400 | loss 0.4261 | val_acc=0.7853 val_roc_auc=0.7709 val_loss=0.4350 val_metric_name=roc_auc val_metric=0.7709
Step  450 | loss 0.4234 | val_acc=0.7822 val_roc_auc=0.7725 val_loss=0.4342 val_metric_name=roc_auc val_metric=0.7725
Step  500 | loss 0.4191 | val_acc=0.7833 val_roc_auc=0.7744 val_loss=0.4332 val_metric_name=roc_auc val_metric=0.7744
Step  550 | loss 0.4199 | val_acc=0.7839 val_roc_auc=0.7758 val_loss=0.4323 val_metric_name=roc_auc val_metric=0.7758
Step  600 | loss 0.4143 | val_acc=0.7839 val_roc_auc=0.7772 val_loss=0.4316 val_metric_name=roc_auc val_metric=0.7772
Step  650 | loss 0.4171 | val_acc=0.7853 val_roc_auc=0.7799 val_loss=0.4306 val_metric_name=roc_auc val_metric=0.7799
Step  700 | loss 0.4148 | val_acc=0.7860 val_roc_auc=0.7836 val_loss=0.4289 val_metric_name=roc_auc val_metric=0.7836
Step  750 | loss 0.4095 | val_acc=0.7873 val_roc_auc=0.7891 val_loss=0.4275 val_metric_name=roc_auc val_metric=0.7891
Step  800 | loss 0.4077 | val_acc=0.7914 val_roc_auc=0.7902 val_loss=0.4271 val_metric_name=roc_auc val_metric=0.7902
Step  850 | loss 0.4093 | val_acc=0.7928 val_roc_auc=0.7914 val_loss=0.4270 val_metric_name=roc_auc val_metric=0.7914
Step  900 | loss 0.4026 | val_acc=0.7877 val_roc_auc=0.7921 val_loss=0.4266 val_metric_name=roc_auc val_metric=0.7921
Step  950 | loss 0.4023 | val_acc=0.7921 val_roc_auc=0.7931 val_loss=0.4267 val_metric_name=roc_auc val_metric=0.7931
Step 1000 | loss 0.4011 | val_acc=0.7856 val_roc_auc=0.7936 val_loss=0.4265 val_metric_name=roc_auc val_metric=0.7936
Step 1050 | loss 0.3995 | val_acc=0.7901 val_roc_auc=0.7944 val_loss=0.4261 val_metric_name=roc_auc val_metric=0.7944
Step 1100 | loss 0.3970 | val_acc=0.7887 val_roc_auc=0.7948 val_loss=0.4268 val_metric_name=roc_auc val_metric=0.7948
Step 1150 | loss 0.3962 | val_acc=0.7870 val_roc_auc=0.7960 val_loss=0.4258 val_metric_name=roc_auc val_metric=0.7960
Step 1200 | loss 0.3944 | val_acc=0.7907 val_roc_auc=0.7958 val_loss=0.4254 val_metric_name=roc_auc val_metric=0.7958
Step 1250 | loss 0.3933 | val_acc=0.7822 val_roc_auc=0.7959 val_loss=0.4266 val_metric_name=roc_auc val_metric=0.7959
Step 1300 | loss 0.3907 | val_acc=0.7884 val_roc_auc=0.7966 val_loss=0.4265 val_metric_name=roc_auc val_metric=0.7966
Step 1350 | loss 0.3892 | val_acc=0.7877 val_roc_auc=0.7974 val_loss=0.4255 val_metric_name=roc_auc val_metric=0.7974
Step 1400 | loss 0.3898 | val_acc=0.7884 val_roc_auc=0.7975 val_loss=0.4265 val_metric_name=roc_auc val_metric=0.7975
Step 1450 | loss 0.3897 | val_acc=0.7863 val_roc_auc=0.7979 val_loss=0.4276 val_metric_name=roc_auc val_metric=0.7979
Step 1500 | loss 0.3887 | val_acc=0.7867 val_roc_auc=0.7988 val_loss=0.4272 val_metric_name=roc_auc val_metric=0.7988
Step 1550 | loss 0.3824 | val_acc=0.7853 val_roc_auc=0.7986 val_loss=0.4278 val_metric_name=roc_auc val_metric=0.7986
Step 1600 | loss 0.3836 | val_acc=0.7877 val_roc_auc=0.7993 val_loss=0.4286 val_metric_name=roc_auc val_metric=0.7993
Step 1650 | loss 0.3852 | val_acc=0.7873 val_roc_auc=0.7989 val_loss=0.4308 val_metric_name=roc_auc val_metric=0.7989
Step 1700 | loss 0.3836 | val_acc=0.7867 val_roc_auc=0.8003 val_loss=0.4286 val_metric_name=roc_auc val_metric=0.8003
Step 1750 | loss 0.3829 | val_acc=0.7884 val_roc_auc=0.8000 val_loss=0.4307 val_metric_name=roc_auc val_metric=0.8000
Step 1800 | loss 0.3833 | val_acc=0.7873 val_roc_auc=0.7996 val_loss=0.4310 val_metric_name=roc_auc val_metric=0.7996
Step 1850 | loss 0.3782 | val_acc=0.7870 val_roc_auc=0.7995 val_loss=0.4349 val_metric_name=roc_auc val_metric=0.7995
Step 1900 | loss 0.3763 | val_acc=0.7850 val_roc_auc=0.8003 val_loss=0.4333 val_metric_name=roc_auc val_metric=0.8003
Step 1950 | loss 0.3735 | val_acc=0.7890 val_roc_auc=0.8014 val_loss=0.4320 val_metric_name=roc_auc val_metric=0.8014
Step 2000 | loss 0.3747 | val_acc=0.7833 val_roc_auc=0.8003 val_loss=0.4376 val_metric_name=roc_auc val_metric=0.8003
Step 2050 | loss 0.3713 | val_acc=0.7836 val_roc_auc=0.8007 val_loss=0.4400 val_metric_name=roc_auc val_metric=0.8007
Step 2100 | loss 0.3736 | val_acc=0.7836 val_roc_auc=0.8009 val_loss=0.4375 val_metric_name=roc_auc val_metric=0.8009
Step 2150 | loss 0.3750 | val_acc=0.7839 val_roc_auc=0.8015 val_loss=0.4385 val_metric_name=roc_auc val_metric=0.8015
Step 2200 | loss 0.3702 | val_acc=0.7829 val_roc_auc=0.8016 val_loss=0.4386 val_metric_name=roc_auc val_metric=0.8016
Step 2250 | loss 0.3739 | val_acc=0.7819 val_roc_auc=0.8012 val_loss=0.4407 val_metric_name=roc_auc val_metric=0.8012
Step 2300 | loss 0.3706 | val_acc=0.7833 val_roc_auc=0.8028 val_loss=0.4399 val_metric_name=roc_auc val_metric=0.8028
Step 2350 | loss 0.3719 | val_acc=0.7846 val_roc_auc=0.8018 val_loss=0.4405 val_metric_name=roc_auc val_metric=0.8018
Step 2400 | loss 0.3693 | val_acc=0.7833 val_roc_auc=0.8016 val_loss=0.4429 val_metric_name=roc_auc val_metric=0.8016
Step 2450 | loss 0.3675 | val_acc=0.7792 val_roc_auc=0.8022 val_loss=0.4447 val_metric_name=roc_auc val_metric=0.8022
Step 2500 | loss 0.3697 | val_acc=0.7809 val_roc_auc=0.8028 val_loss=0.4446 val_metric_name=roc_auc val_metric=0.8028
Step 2550 | loss 0.3648 | val_acc=0.7720 val_roc_auc=0.8009 val_loss=0.4539 val_metric_name=roc_auc val_metric=0.8009
Step 2600 | loss 0.3606 | val_acc=0.7751 val_roc_auc=0.8014 val_loss=0.4478 val_metric_name=roc_auc val_metric=0.8014
Step 2650 | loss 0.3669 | val_acc=0.7805 val_roc_auc=0.8024 val_loss=0.4473 val_metric_name=roc_auc val_metric=0.8024
Step 2700 | loss 0.3642 | val_acc=0.7802 val_roc_auc=0.8024 val_loss=0.4483 val_metric_name=roc_auc val_metric=0.8024
Step 2750 | loss 0.3643 | val_acc=0.7799 val_roc_auc=0.8017 val_loss=0.4493 val_metric_name=roc_auc val_metric=0.8017
Early stopping at step 2798

--- Final (best ckpt @ step 2470) ---
  train_acc=0.8197 train_roc_auc=0.8685 train_loss=0.3528 train_metric_name=roc_auc train_metric=0.8685
  val_acc=0.7829 val_roc_auc=0.8030 val_loss=0.4425 val_metric_name=roc_auc val_metric=0.8030
  test_acc=0.7956 test_roc_auc=0.8162 test_loss=0.4424 test_metric_name=roc_auc test_metric=0.8162
  test_roc_auc=0.8162

============================================================
Training tolokers GT 1L h=256 lr=6e-05 split=4
============================================================
Training for 5000 steps
Step    1 | loss 0.8098 | val_acc=0.5515 val_roc_auc=0.3768 val_loss=0.6952 val_metric_name=roc_auc val_metric=0.3768
Step   50 | loss 0.4790 | val_acc=0.7819 val_roc_auc=0.7260 val_loss=0.4666 val_metric_name=roc_auc val_metric=0.7260
Step  100 | loss 0.4519 | val_acc=0.7829 val_roc_auc=0.7531 val_loss=0.4501 val_metric_name=roc_auc val_metric=0.7531
Step  150 | loss 0.4402 | val_acc=0.7826 val_roc_auc=0.7636 val_loss=0.4417 val_metric_name=roc_auc val_metric=0.7636
Step  200 | loss 0.4283 | val_acc=0.7816 val_roc_auc=0.7683 val_loss=0.4365 val_metric_name=roc_auc val_metric=0.7683
Step  250 | loss 0.4267 | val_acc=0.7839 val_roc_auc=0.7714 val_loss=0.4346 val_metric_name=roc_auc val_metric=0.7714
Step  300 | loss 0.4175 | val_acc=0.7826 val_roc_auc=0.7744 val_loss=0.4326 val_metric_name=roc_auc val_metric=0.7744
Step  350 | loss 0.4180 | val_acc=0.7829 val_roc_auc=0.7771 val_loss=0.4311 val_metric_name=roc_auc val_metric=0.7771
Step  400 | loss 0.4132 | val_acc=0.7846 val_roc_auc=0.7829 val_loss=0.4288 val_metric_name=roc_auc val_metric=0.7829
Step  450 | loss 0.4075 | val_acc=0.7911 val_roc_auc=0.7896 val_loss=0.4270 val_metric_name=roc_auc val_metric=0.7896
Step  500 | loss 0.4038 | val_acc=0.7941 val_roc_auc=0.7930 val_loss=0.4251 val_metric_name=roc_auc val_metric=0.7930
Step  550 | loss 0.4020 | val_acc=0.7911 val_roc_auc=0.7940 val_loss=0.4255 val_metric_name=roc_auc val_metric=0.7940
Step  600 | loss 0.3979 | val_acc=0.7884 val_roc_auc=0.7942 val_loss=0.4257 val_metric_name=roc_auc val_metric=0.7942
Step  650 | loss 0.3980 | val_acc=0.7863 val_roc_auc=0.7953 val_loss=0.4263 val_metric_name=roc_auc val_metric=0.7953
Step  700 | loss 0.3937 | val_acc=0.7860 val_roc_auc=0.7962 val_loss=0.4266 val_metric_name=roc_auc val_metric=0.7962
Step  750 | loss 0.3914 | val_acc=0.7873 val_roc_auc=0.7975 val_loss=0.4246 val_metric_name=roc_auc val_metric=0.7975
Step  800 | loss 0.3860 | val_acc=0.7860 val_roc_auc=0.7968 val_loss=0.4285 val_metric_name=roc_auc val_metric=0.7968
Step  850 | loss 0.3893 | val_acc=0.7839 val_roc_auc=0.7976 val_loss=0.4304 val_metric_name=roc_auc val_metric=0.7976
Step  900 | loss 0.3831 | val_acc=0.7890 val_roc_auc=0.7998 val_loss=0.4271 val_metric_name=roc_auc val_metric=0.7998
Step  950 | loss 0.3812 | val_acc=0.7867 val_roc_auc=0.8007 val_loss=0.4301 val_metric_name=roc_auc val_metric=0.8007
Step 1000 | loss 0.3790 | val_acc=0.7853 val_roc_auc=0.8004 val_loss=0.4311 val_metric_name=roc_auc val_metric=0.8004
Step 1050 | loss 0.3776 | val_acc=0.7884 val_roc_auc=0.8021 val_loss=0.4292 val_metric_name=roc_auc val_metric=0.8021
Step 1100 | loss 0.3747 | val_acc=0.7884 val_roc_auc=0.8015 val_loss=0.4304 val_metric_name=roc_auc val_metric=0.8015
Step 1150 | loss 0.3727 | val_acc=0.7877 val_roc_auc=0.8032 val_loss=0.4330 val_metric_name=roc_auc val_metric=0.8032
Step 1200 | loss 0.3715 | val_acc=0.7873 val_roc_auc=0.8030 val_loss=0.4342 val_metric_name=roc_auc val_metric=0.8030
Step 1250 | loss 0.3694 | val_acc=0.7839 val_roc_auc=0.8028 val_loss=0.4342 val_metric_name=roc_auc val_metric=0.8028
Step 1300 | loss 0.3657 | val_acc=0.7799 val_roc_auc=0.8027 val_loss=0.4383 val_metric_name=roc_auc val_metric=0.8027
Step 1350 | loss 0.3669 | val_acc=0.7833 val_roc_auc=0.8032 val_loss=0.4375 val_metric_name=roc_auc val_metric=0.8032
Step 1400 | loss 0.3635 | val_acc=0.7839 val_roc_auc=0.8036 val_loss=0.4384 val_metric_name=roc_auc val_metric=0.8036
Step 1450 | loss 0.3651 | val_acc=0.7741 val_roc_auc=0.8012 val_loss=0.4464 val_metric_name=roc_auc val_metric=0.8012
Step 1500 | loss 0.3619 | val_acc=0.7785 val_roc_auc=0.8030 val_loss=0.4451 val_metric_name=roc_auc val_metric=0.8030
Step 1550 | loss 0.3582 | val_acc=0.7731 val_roc_auc=0.8021 val_loss=0.4521 val_metric_name=roc_auc val_metric=0.8021
Step 1600 | loss 0.3554 | val_acc=0.7778 val_roc_auc=0.8021 val_loss=0.4512 val_metric_name=roc_auc val_metric=0.8021
Step 1650 | loss 0.3568 | val_acc=0.7720 val_roc_auc=0.8010 val_loss=0.4586 val_metric_name=roc_auc val_metric=0.8010
Step 1700 | loss 0.3547 | val_acc=0.7741 val_roc_auc=0.8015 val_loss=0.4609 val_metric_name=roc_auc val_metric=0.8015
Step 1750 | loss 0.3490 | val_acc=0.7792 val_roc_auc=0.8021 val_loss=0.4621 val_metric_name=roc_auc val_metric=0.8021
Early stopping at step 1780

--- Final (best ckpt @ step 1480) ---
  train_acc=0.8275 train_roc_auc=0.8755 train_loss=0.3426 train_metric_name=roc_auc train_metric=0.8755
  val_acc=0.7795 val_roc_auc=0.8045 val_loss=0.4422 val_metric_name=roc_auc val_metric=0.8045
  test_acc=0.7942 test_roc_auc=0.8150 test_loss=0.4469 test_metric_name=roc_auc test_metric=0.8150
  test_roc_auc=0.8150

============================================================
Training tolokers GT 1L h=256 lr=0.0001 split=4
============================================================
Training for 5000 steps
Step    1 | loss 0.8098 | val_acc=0.7111 val_roc_auc=0.3682 val_loss=0.6283 val_metric_name=roc_auc val_metric=0.3682
Step   50 | loss 0.4655 | val_acc=0.7816 val_roc_auc=0.7386 val_loss=0.4616 val_metric_name=roc_auc val_metric=0.7386
Step  100 | loss 0.4381 | val_acc=0.7843 val_roc_auc=0.7627 val_loss=0.4421 val_metric_name=roc_auc val_metric=0.7627
Step  150 | loss 0.4299 | val_acc=0.7839 val_roc_auc=0.7688 val_loss=0.4355 val_metric_name=roc_auc val_metric=0.7688
Step  200 | loss 0.4208 | val_acc=0.7836 val_roc_auc=0.7735 val_loss=0.4326 val_metric_name=roc_auc val_metric=0.7735
Step  250 | loss 0.4193 | val_acc=0.7856 val_roc_auc=0.7771 val_loss=0.4328 val_metric_name=roc_auc val_metric=0.7771
Step  300 | loss 0.4072 | val_acc=0.7836 val_roc_auc=0.7854 val_loss=0.4286 val_metric_name=roc_auc val_metric=0.7854
Step  350 | loss 0.4052 | val_acc=0.7907 val_roc_auc=0.7928 val_loss=0.4250 val_metric_name=roc_auc val_metric=0.7928
Step  400 | loss 0.3991 | val_acc=0.7880 val_roc_auc=0.7935 val_loss=0.4254 val_metric_name=roc_auc val_metric=0.7935
Step  450 | loss 0.3947 | val_acc=0.7894 val_roc_auc=0.7960 val_loss=0.4247 val_metric_name=roc_auc val_metric=0.7960
Step  500 | loss 0.3898 | val_acc=0.7853 val_roc_auc=0.7967 val_loss=0.4253 val_metric_name=roc_auc val_metric=0.7967
Step  550 | loss 0.3865 | val_acc=0.7897 val_roc_auc=0.7989 val_loss=0.4258 val_metric_name=roc_auc val_metric=0.7989
Step  600 | loss 0.3856 | val_acc=0.7880 val_roc_auc=0.7988 val_loss=0.4265 val_metric_name=roc_auc val_metric=0.7988
Step  650 | loss 0.3799 | val_acc=0.7860 val_roc_auc=0.8005 val_loss=0.4279 val_metric_name=roc_auc val_metric=0.8005
Step  700 | loss 0.3770 | val_acc=0.7826 val_roc_auc=0.7993 val_loss=0.4350 val_metric_name=roc_auc val_metric=0.7993
Step  750 | loss 0.3743 | val_acc=0.7870 val_roc_auc=0.8023 val_loss=0.4290 val_metric_name=roc_auc val_metric=0.8023
Step  800 | loss 0.3688 | val_acc=0.7782 val_roc_auc=0.8003 val_loss=0.4378 val_metric_name=roc_auc val_metric=0.8003
Step  850 | loss 0.3694 | val_acc=0.7720 val_roc_auc=0.7978 val_loss=0.4491 val_metric_name=roc_auc val_metric=0.7978
Step  900 | loss 0.3672 | val_acc=0.7819 val_roc_auc=0.8004 val_loss=0.4395 val_metric_name=roc_auc val_metric=0.8004
Step  950 | loss 0.3626 | val_acc=0.7809 val_roc_auc=0.8003 val_loss=0.4415 val_metric_name=roc_auc val_metric=0.8003
Step 1000 | loss 0.3608 | val_acc=0.7850 val_roc_auc=0.8008 val_loss=0.4401 val_metric_name=roc_auc val_metric=0.8008
Step 1050 | loss 0.3599 | val_acc=0.7758 val_roc_auc=0.7988 val_loss=0.4490 val_metric_name=roc_auc val_metric=0.7988
Early stopping at step 1087

--- Final (best ckpt @ step 750) ---
  train_acc=0.8200 train_roc_auc=0.8634 train_loss=0.3539 train_metric_name=roc_auc train_metric=0.8634
  val_acc=0.7870 val_roc_auc=0.8023 val_loss=0.4290 val_metric_name=roc_auc val_metric=0.8023
  test_acc=0.8034 test_roc_auc=0.8219 test_loss=0.4249 test_metric_name=roc_auc test_metric=0.8219
  test_roc_auc=0.8219

============================================================
Training tolokers GT 1L h=256 lr=1e-05 split=4
============================================================
Training for 5000 steps
Step    1 | loss 0.8098 | val_acc=0.2538 val_roc_auc=0.3882 val_loss=0.8120 val_metric_name=roc_auc val_metric=0.3882
Step   50 | loss 0.5381 | val_acc=0.7819 val_roc_auc=0.5013 val_loss=0.5456 val_metric_name=roc_auc val_metric=0.5013
Step  100 | loss 0.5160 | val_acc=0.7819 val_roc_auc=0.6747 val_loss=0.5067 val_metric_name=roc_auc val_metric=0.6747
Step  150 | loss 0.4986 | val_acc=0.7819 val_roc_auc=0.7102 val_loss=0.4886 val_metric_name=roc_auc val_metric=0.7102
Step  200 | loss 0.4820 | val_acc=0.7819 val_roc_auc=0.7238 val_loss=0.4761 val_metric_name=roc_auc val_metric=0.7238
Step  250 | loss 0.4770 | val_acc=0.7816 val_roc_auc=0.7340 val_loss=0.4675 val_metric_name=roc_auc val_metric=0.7340
Step  300 | loss 0.4678 | val_acc=0.7822 val_roc_auc=0.7406 val_loss=0.4616 val_metric_name=roc_auc val_metric=0.7406
Step  350 | loss 0.4638 | val_acc=0.7822 val_roc_auc=0.7459 val_loss=0.4571 val_metric_name=roc_auc val_metric=0.7459
Step  400 | loss 0.4565 | val_acc=0.7846 val_roc_auc=0.7506 val_loss=0.4538 val_metric_name=roc_auc val_metric=0.7506
Step  450 | loss 0.4526 | val_acc=0.7819 val_roc_auc=0.7543 val_loss=0.4505 val_metric_name=roc_auc val_metric=0.7543
Step  500 | loss 0.4471 | val_acc=0.7836 val_roc_auc=0.7576 val_loss=0.4483 val_metric_name=roc_auc val_metric=0.7576
Step  550 | loss 0.4456 | val_acc=0.7850 val_roc_auc=0.7599 val_loss=0.4458 val_metric_name=roc_auc val_metric=0.7599
Step  600 | loss 0.4381 | val_acc=0.7856 val_roc_auc=0.7617 val_loss=0.4438 val_metric_name=roc_auc val_metric=0.7617
Step  650 | loss 0.4387 | val_acc=0.7802 val_roc_auc=0.7631 val_loss=0.4421 val_metric_name=roc_auc val_metric=0.7631
Step  700 | loss 0.4392 | val_acc=0.7802 val_roc_auc=0.7642 val_loss=0.4408 val_metric_name=roc_auc val_metric=0.7642
Step  750 | loss 0.4318 | val_acc=0.7799 val_roc_auc=0.7654 val_loss=0.4395 val_metric_name=roc_auc val_metric=0.7654
Step  800 | loss 0.4312 | val_acc=0.7805 val_roc_auc=0.7663 val_loss=0.4386 val_metric_name=roc_auc val_metric=0.7663
Step  850 | loss 0.4329 | val_acc=0.7812 val_roc_auc=0.7672 val_loss=0.4377 val_metric_name=roc_auc val_metric=0.7672
Step  900 | loss 0.4295 | val_acc=0.7799 val_roc_auc=0.7683 val_loss=0.4367 val_metric_name=roc_auc val_metric=0.7683
Step  950 | loss 0.4292 | val_acc=0.7809 val_roc_auc=0.7693 val_loss=0.4361 val_metric_name=roc_auc val_metric=0.7693
Step 1000 | loss 0.4271 | val_acc=0.7802 val_roc_auc=0.7701 val_loss=0.4354 val_metric_name=roc_auc val_metric=0.7701
Step 1050 | loss 0.4259 | val_acc=0.7812 val_roc_auc=0.7708 val_loss=0.4349 val_metric_name=roc_auc val_metric=0.7708
Step 1100 | loss 0.4257 | val_acc=0.7812 val_roc_auc=0.7715 val_loss=0.4343 val_metric_name=roc_auc val_metric=0.7715
Step 1150 | loss 0.4244 | val_acc=0.7822 val_roc_auc=0.7724 val_loss=0.4338 val_metric_name=roc_auc val_metric=0.7724
Step 1200 | loss 0.4232 | val_acc=0.7836 val_roc_auc=0.7732 val_loss=0.4335 val_metric_name=roc_auc val_metric=0.7732
Step 1250 | loss 0.4214 | val_acc=0.7833 val_roc_auc=0.7738 val_loss=0.4333 val_metric_name=roc_auc val_metric=0.7738
Step 1300 | loss 0.4189 | val_acc=0.7836 val_roc_auc=0.7744 val_loss=0.4331 val_metric_name=roc_auc val_metric=0.7744
Step 1350 | loss 0.4200 | val_acc=0.7833 val_roc_auc=0.7750 val_loss=0.4325 val_metric_name=roc_auc val_metric=0.7750
Step 1400 | loss 0.4183 | val_acc=0.7836 val_roc_auc=0.7756 val_loss=0.4330 val_metric_name=roc_auc val_metric=0.7756
Step 1450 | loss 0.4212 | val_acc=0.7836 val_roc_auc=0.7762 val_loss=0.4321 val_metric_name=roc_auc val_metric=0.7762
Step 1500 | loss 0.4227 | val_acc=0.7839 val_roc_auc=0.7768 val_loss=0.4320 val_metric_name=roc_auc val_metric=0.7768
Step 1550 | loss 0.4200 | val_acc=0.7839 val_roc_auc=0.7775 val_loss=0.4318 val_metric_name=roc_auc val_metric=0.7775
Step 1600 | loss 0.4162 | val_acc=0.7839 val_roc_auc=0.7782 val_loss=0.4314 val_metric_name=roc_auc val_metric=0.7782
Step 1650 | loss 0.4179 | val_acc=0.7856 val_roc_auc=0.7793 val_loss=0.4307 val_metric_name=roc_auc val_metric=0.7793
Step 1700 | loss 0.4165 | val_acc=0.7853 val_roc_auc=0.7801 val_loss=0.4309 val_metric_name=roc_auc val_metric=0.7801
Step 1750 | loss 0.4170 | val_acc=0.7843 val_roc_auc=0.7817 val_loss=0.4298 val_metric_name=roc_auc val_metric=0.7817
Step 1800 | loss 0.4159 | val_acc=0.7870 val_roc_auc=0.7836 val_loss=0.4289 val_metric_name=roc_auc val_metric=0.7836
Step 1850 | loss 0.4120 | val_acc=0.7887 val_roc_auc=0.7854 val_loss=0.4286 val_metric_name=roc_auc val_metric=0.7854
Step 1900 | loss 0.4138 | val_acc=0.7890 val_roc_auc=0.7872 val_loss=0.4281 val_metric_name=roc_auc val_metric=0.7872
Step 1950 | loss 0.4087 | val_acc=0.7894 val_roc_auc=0.7882 val_loss=0.4279 val_metric_name=roc_auc val_metric=0.7882
Step 2000 | loss 0.4075 | val_acc=0.7880 val_roc_auc=0.7895 val_loss=0.4270 val_metric_name=roc_auc val_metric=0.7895
Step 2050 | loss 0.4087 | val_acc=0.7901 val_roc_auc=0.7904 val_loss=0.4272 val_metric_name=roc_auc val_metric=0.7904
Step 2100 | loss 0.4087 | val_acc=0.7890 val_roc_auc=0.7908 val_loss=0.4271 val_metric_name=roc_auc val_metric=0.7908
Step 2150 | loss 0.4098 | val_acc=0.7894 val_roc_auc=0.7911 val_loss=0.4270 val_metric_name=roc_auc val_metric=0.7911
Step 2200 | loss 0.4052 | val_acc=0.7904 val_roc_auc=0.7916 val_loss=0.4271 val_metric_name=roc_auc val_metric=0.7916
Step 2250 | loss 0.4056 | val_acc=0.7907 val_roc_auc=0.7916 val_loss=0.4271 val_metric_name=roc_auc val_metric=0.7916
Step 2300 | loss 0.4086 | val_acc=0.7894 val_roc_auc=0.7914 val_loss=0.4272 val_metric_name=roc_auc val_metric=0.7914
Step 2350 | loss 0.4064 | val_acc=0.7873 val_roc_auc=0.7916 val_loss=0.4275 val_metric_name=roc_auc val_metric=0.7916
Step 2400 | loss 0.4062 | val_acc=0.7880 val_roc_auc=0.7917 val_loss=0.4272 val_metric_name=roc_auc val_metric=0.7917
Step 2450 | loss 0.4027 | val_acc=0.7873 val_roc_auc=0.7921 val_loss=0.4268 val_metric_name=roc_auc val_metric=0.7921
Step 2500 | loss 0.4076 | val_acc=0.7877 val_roc_auc=0.7921 val_loss=0.4272 val_metric_name=roc_auc val_metric=0.7921
Step 2550 | loss 0.4033 | val_acc=0.7901 val_roc_auc=0.7924 val_loss=0.4268 val_metric_name=roc_auc val_metric=0.7924
Step 2600 | loss 0.3973 | val_acc=0.7884 val_roc_auc=0.7926 val_loss=0.4273 val_metric_name=roc_auc val_metric=0.7926
Step 2650 | loss 0.4031 | val_acc=0.7884 val_roc_auc=0.7925 val_loss=0.4274 val_metric_name=roc_auc val_metric=0.7925
Step 2700 | loss 0.4021 | val_acc=0.7877 val_roc_auc=0.7931 val_loss=0.4278 val_metric_name=roc_auc val_metric=0.7931
Step 2750 | loss 0.4007 | val_acc=0.7884 val_roc_auc=0.7932 val_loss=0.4275 val_metric_name=roc_auc val_metric=0.7932
Step 2800 | loss 0.3997 | val_acc=0.7870 val_roc_auc=0.7931 val_loss=0.4276 val_metric_name=roc_auc val_metric=0.7931
Step 2850 | loss 0.4040 | val_acc=0.7894 val_roc_auc=0.7936 val_loss=0.4269 val_metric_name=roc_auc val_metric=0.7936
Step 2900 | loss 0.3994 | val_acc=0.7860 val_roc_auc=0.7935 val_loss=0.4279 val_metric_name=roc_auc val_metric=0.7935
Step 2950 | loss 0.3953 | val_acc=0.7856 val_roc_auc=0.7935 val_loss=0.4280 val_metric_name=roc_auc val_metric=0.7935
Step 3000 | loss 0.3987 | val_acc=0.7901 val_roc_auc=0.7939 val_loss=0.4278 val_metric_name=roc_auc val_metric=0.7939
Step 3050 | loss 0.3933 | val_acc=0.7897 val_roc_auc=0.7938 val_loss=0.4277 val_metric_name=roc_auc val_metric=0.7938
Step 3100 | loss 0.4008 | val_acc=0.7877 val_roc_auc=0.7939 val_loss=0.4276 val_metric_name=roc_auc val_metric=0.7939
Step 3150 | loss 0.3958 | val_acc=0.7863 val_roc_auc=0.7938 val_loss=0.4278 val_metric_name=roc_auc val_metric=0.7938
Step 3200 | loss 0.3937 | val_acc=0.7867 val_roc_auc=0.7938 val_loss=0.4280 val_metric_name=roc_auc val_metric=0.7938
Step 3250 | loss 0.3941 | val_acc=0.7867 val_roc_auc=0.7944 val_loss=0.4282 val_metric_name=roc_auc val_metric=0.7944
Step 3300 | loss 0.3956 | val_acc=0.7846 val_roc_auc=0.7940 val_loss=0.4291 val_metric_name=roc_auc val_metric=0.7940
Step 3350 | loss 0.3939 | val_acc=0.7880 val_roc_auc=0.7943 val_loss=0.4276 val_metric_name=roc_auc val_metric=0.7943
Step 3400 | loss 0.3958 | val_acc=0.7880 val_roc_auc=0.7945 val_loss=0.4286 val_metric_name=roc_auc val_metric=0.7945
Step 3450 | loss 0.3908 | val_acc=0.7901 val_roc_auc=0.7950 val_loss=0.4284 val_metric_name=roc_auc val_metric=0.7950
Step 3500 | loss 0.3904 | val_acc=0.7877 val_roc_auc=0.7946 val_loss=0.4287 val_metric_name=roc_auc val_metric=0.7946
Step 3550 | loss 0.3900 | val_acc=0.7884 val_roc_auc=0.7948 val_loss=0.4282 val_metric_name=roc_auc val_metric=0.7948
Step 3600 | loss 0.3937 | val_acc=0.7884 val_roc_auc=0.7954 val_loss=0.4284 val_metric_name=roc_auc val_metric=0.7954
Step 3650 | loss 0.3919 | val_acc=0.7870 val_roc_auc=0.7958 val_loss=0.4281 val_metric_name=roc_auc val_metric=0.7958
Step 3700 | loss 0.3945 | val_acc=0.7870 val_roc_auc=0.7958 val_loss=0.4284 val_metric_name=roc_auc val_metric=0.7958
Step 3750 | loss 0.3901 | val_acc=0.7914 val_roc_auc=0.7964 val_loss=0.4278 val_metric_name=roc_auc val_metric=0.7964
Step 3800 | loss 0.3907 | val_acc=0.7880 val_roc_auc=0.7963 val_loss=0.4288 val_metric_name=roc_auc val_metric=0.7963
Step 3850 | loss 0.3887 | val_acc=0.7877 val_roc_auc=0.7969 val_loss=0.4285 val_metric_name=roc_auc val_metric=0.7969
Step 3900 | loss 0.3891 | val_acc=0.7856 val_roc_auc=0.7968 val_loss=0.4294 val_metric_name=roc_auc val_metric=0.7968
Step 3950 | loss 0.3904 | val_acc=0.7884 val_roc_auc=0.7975 val_loss=0.4277 val_metric_name=roc_auc val_metric=0.7975
Step 4000 | loss 0.3874 | val_acc=0.7853 val_roc_auc=0.7974 val_loss=0.4289 val_metric_name=roc_auc val_metric=0.7974
Step 4050 | loss 0.3885 | val_acc=0.7890 val_roc_auc=0.7978 val_loss=0.4279 val_metric_name=roc_auc val_metric=0.7978
Step 4100 | loss 0.3907 | val_acc=0.7853 val_roc_auc=0.7975 val_loss=0.4301 val_metric_name=roc_auc val_metric=0.7975
Step 4150 | loss 0.3874 | val_acc=0.7870 val_roc_auc=0.7978 val_loss=0.4289 val_metric_name=roc_auc val_metric=0.7978
Step 4200 | loss 0.3854 | val_acc=0.7887 val_roc_auc=0.7984 val_loss=0.4284 val_metric_name=roc_auc val_metric=0.7984
Step 4250 | loss 0.3864 | val_acc=0.7867 val_roc_auc=0.7985 val_loss=0.4298 val_metric_name=roc_auc val_metric=0.7985
Step 4300 | loss 0.3894 | val_acc=0.7860 val_roc_auc=0.7983 val_loss=0.4304 val_metric_name=roc_auc val_metric=0.7983
Step 4350 | loss 0.3845 | val_acc=0.7873 val_roc_auc=0.7987 val_loss=0.4303 val_metric_name=roc_auc val_metric=0.7987
Step 4400 | loss 0.3827 | val_acc=0.7843 val_roc_auc=0.7983 val_loss=0.4313 val_metric_name=roc_auc val_metric=0.7983
Step 4450 | loss 0.3831 | val_acc=0.7880 val_roc_auc=0.7988 val_loss=0.4298 val_metric_name=roc_auc val_metric=0.7988
Step 4500 | loss 0.3784 | val_acc=0.7867 val_roc_auc=0.7993 val_loss=0.4309 val_metric_name=roc_auc val_metric=0.7993
Step 4550 | loss 0.3813 | val_acc=0.7873 val_roc_auc=0.7991 val_loss=0.4312 val_metric_name=roc_auc val_metric=0.7991
Step 4600 | loss 0.3813 | val_acc=0.7867 val_roc_auc=0.7995 val_loss=0.4321 val_metric_name=roc_auc val_metric=0.7995
Step 4650 | loss 0.3779 | val_acc=0.7877 val_roc_auc=0.7993 val_loss=0.4313 val_metric_name=roc_auc val_metric=0.7993
Step 4700 | loss 0.3809 | val_acc=0.7860 val_roc_auc=0.7990 val_loss=0.4329 val_metric_name=roc_auc val_metric=0.7990
Step 4750 | loss 0.3831 | val_acc=0.7887 val_roc_auc=0.7998 val_loss=0.4330 val_metric_name=roc_auc val_metric=0.7998
Step 4800 | loss 0.3803 | val_acc=0.7877 val_roc_auc=0.7997 val_loss=0.4311 val_metric_name=roc_auc val_metric=0.7997
Step 4850 | loss 0.3778 | val_acc=0.7863 val_roc_auc=0.7994 val_loss=0.4345 val_metric_name=roc_auc val_metric=0.7994
Step 4900 | loss 0.3792 | val_acc=0.7873 val_roc_auc=0.7994 val_loss=0.4336 val_metric_name=roc_auc val_metric=0.7994
Step 4950 | loss 0.3794 | val_acc=0.7877 val_roc_auc=0.7997 val_loss=0.4340 val_metric_name=roc_auc val_metric=0.7997
Step 5000 | loss 0.3812 | val_acc=0.7873 val_roc_auc=0.7998 val_loss=0.4333 val_metric_name=roc_auc val_metric=0.7998

--- Final (best ckpt @ step 4980) ---
  train_acc=0.8122 train_roc_auc=0.8540 train_loss=0.3659 train_metric_name=roc_auc train_metric=0.8540
  val_acc=0.7894 val_roc_auc=0.8005 val_loss=0.4332 val_metric_name=roc_auc val_metric=0.8005
  test_acc=0.8010 test_roc_auc=0.8196 test_loss=0.4281 test_metric_name=roc_auc test_metric=0.8196
  test_roc_auc=0.8196

============================================================
Training tolokers GT 1L h=384 lr=3e-05 split=4
============================================================
Training for 5000 steps
Step    1 | loss 0.9426 | val_acc=0.3052 val_roc_auc=0.3380 val_loss=0.8123 val_metric_name=roc_auc val_metric=0.3380
Step   50 | loss 0.4781 | val_acc=0.7819 val_roc_auc=0.7300 val_loss=0.4797 val_metric_name=roc_auc val_metric=0.7300
Step  100 | loss 0.4534 | val_acc=0.7846 val_roc_auc=0.7533 val_loss=0.4523 val_metric_name=roc_auc val_metric=0.7533
Step  150 | loss 0.4393 | val_acc=0.7829 val_roc_auc=0.7650 val_loss=0.4439 val_metric_name=roc_auc val_metric=0.7650
Step  200 | loss 0.4319 | val_acc=0.7863 val_roc_auc=0.7693 val_loss=0.4395 val_metric_name=roc_auc val_metric=0.7693
Step  250 | loss 0.4274 | val_acc=0.7890 val_roc_auc=0.7716 val_loss=0.4374 val_metric_name=roc_auc val_metric=0.7716
Step  300 | loss 0.4248 | val_acc=0.7873 val_roc_auc=0.7737 val_loss=0.4353 val_metric_name=roc_auc val_metric=0.7737
Step  350 | loss 0.4181 | val_acc=0.7890 val_roc_auc=0.7755 val_loss=0.4352 val_metric_name=roc_auc val_metric=0.7755
Step  400 | loss 0.4172 | val_acc=0.7887 val_roc_auc=0.7772 val_loss=0.4343 val_metric_name=roc_auc val_metric=0.7772
Step  450 | loss 0.4193 | val_acc=0.7907 val_roc_auc=0.7794 val_loss=0.4339 val_metric_name=roc_auc val_metric=0.7794
Step  500 | loss 0.4106 | val_acc=0.7901 val_roc_auc=0.7831 val_loss=0.4328 val_metric_name=roc_auc val_metric=0.7831
Step  550 | loss 0.4094 | val_acc=0.7921 val_roc_auc=0.7898 val_loss=0.4298 val_metric_name=roc_auc val_metric=0.7898
Step  600 | loss 0.4090 | val_acc=0.7911 val_roc_auc=0.7938 val_loss=0.4284 val_metric_name=roc_auc val_metric=0.7938
Step  650 | loss 0.4044 | val_acc=0.7982 val_roc_auc=0.7962 val_loss=0.4285 val_metric_name=roc_auc val_metric=0.7962
Step  700 | loss 0.3989 | val_acc=0.7952 val_roc_auc=0.7975 val_loss=0.4286 val_metric_name=roc_auc val_metric=0.7975
Step  750 | loss 0.3970 | val_acc=0.7979 val_roc_auc=0.7979 val_loss=0.4280 val_metric_name=roc_auc val_metric=0.7979
Step  800 | loss 0.3962 | val_acc=0.8020 val_roc_auc=0.7991 val_loss=0.4291 val_metric_name=roc_auc val_metric=0.7991
Step  850 | loss 0.3929 | val_acc=0.7918 val_roc_auc=0.7983 val_loss=0.4312 val_metric_name=roc_auc val_metric=0.7983
Step  900 | loss 0.3922 | val_acc=0.7989 val_roc_auc=0.7990 val_loss=0.4307 val_metric_name=roc_auc val_metric=0.7990
Step  950 | loss 0.3860 | val_acc=0.7955 val_roc_auc=0.7985 val_loss=0.4329 val_metric_name=roc_auc val_metric=0.7985
Step 1000 | loss 0.3891 | val_acc=0.7935 val_roc_auc=0.7989 val_loss=0.4343 val_metric_name=roc_auc val_metric=0.7989
Step 1050 | loss 0.3867 | val_acc=0.7948 val_roc_auc=0.7987 val_loss=0.4345 val_metric_name=roc_auc val_metric=0.7987
Step 1100 | loss 0.3843 | val_acc=0.7935 val_roc_auc=0.7979 val_loss=0.4387 val_metric_name=roc_auc val_metric=0.7979
Step 1150 | loss 0.3788 | val_acc=0.7941 val_roc_auc=0.7985 val_loss=0.4386 val_metric_name=roc_auc val_metric=0.7985
Step 1200 | loss 0.3770 | val_acc=0.7941 val_roc_auc=0.7967 val_loss=0.4430 val_metric_name=roc_auc val_metric=0.7967
Step 1250 | loss 0.3750 | val_acc=0.7921 val_roc_auc=0.7970 val_loss=0.4446 val_metric_name=roc_auc val_metric=0.7970
Step 1300 | loss 0.3738 | val_acc=0.7907 val_roc_auc=0.7969 val_loss=0.4468 val_metric_name=roc_auc val_metric=0.7969
Early stopping at step 1320

--- Final (best ckpt @ step 1020) ---
  train_acc=0.8120 train_roc_auc=0.8476 train_loss=0.3731 train_metric_name=roc_auc train_metric=0.8476
  val_acc=0.7962 val_roc_auc=0.7992 val_loss=0.4338 val_metric_name=roc_auc val_metric=0.7992
  test_acc=0.7949 test_roc_auc=0.8124 test_loss=0.4333 test_metric_name=roc_auc test_metric=0.8124
  test_roc_auc=0.8124

============================================================
Training tolokers GT 1L h=384 lr=6e-05 split=4
============================================================
Training for 5000 steps
Step    1 | loss 0.9426 | val_acc=0.5015 val_roc_auc=0.3367 val_loss=0.6919 val_metric_name=roc_auc val_metric=0.3367
Step   50 | loss 0.4599 | val_acc=0.7829 val_roc_auc=0.7442 val_loss=0.4614 val_metric_name=roc_auc val_metric=0.7442
Step  100 | loss 0.4367 | val_acc=0.7843 val_roc_auc=0.7661 val_loss=0.4413 val_metric_name=roc_auc val_metric=0.7661
Step  150 | loss 0.4259 | val_acc=0.7887 val_roc_auc=0.7713 val_loss=0.4363 val_metric_name=roc_auc val_metric=0.7713
Step  200 | loss 0.4211 | val_acc=0.7873 val_roc_auc=0.7746 val_loss=0.4347 val_metric_name=roc_auc val_metric=0.7746
Step  250 | loss 0.4165 | val_acc=0.7904 val_roc_auc=0.7770 val_loss=0.4346 val_metric_name=roc_auc val_metric=0.7770
Step  300 | loss 0.4117 | val_acc=0.7897 val_roc_auc=0.7835 val_loss=0.4320 val_metric_name=roc_auc val_metric=0.7835
Step  350 | loss 0.4013 | val_acc=0.7921 val_roc_auc=0.7932 val_loss=0.4296 val_metric_name=roc_auc val_metric=0.7932
Step  400 | loss 0.3968 | val_acc=0.7979 val_roc_auc=0.7966 val_loss=0.4285 val_metric_name=roc_auc val_metric=0.7966
Step  450 | loss 0.4001 | val_acc=0.8023 val_roc_auc=0.7977 val_loss=0.4298 val_metric_name=roc_auc val_metric=0.7977
Step  500 | loss 0.3901 | val_acc=0.7996 val_roc_auc=0.7990 val_loss=0.4305 val_metric_name=roc_auc val_metric=0.7990
Step  550 | loss 0.3904 | val_acc=0.7928 val_roc_auc=0.7987 val_loss=0.4335 val_metric_name=roc_auc val_metric=0.7987
Step  600 | loss 0.3895 | val_acc=0.7901 val_roc_auc=0.7978 val_loss=0.4377 val_metric_name=roc_auc val_metric=0.7978
Step  650 | loss 0.3815 | val_acc=0.7955 val_roc_auc=0.7990 val_loss=0.4381 val_metric_name=roc_auc val_metric=0.7990
Step  700 | loss 0.3781 | val_acc=0.7928 val_roc_auc=0.7977 val_loss=0.4438 val_metric_name=roc_auc val_metric=0.7977
Step  750 | loss 0.3786 | val_acc=0.7948 val_roc_auc=0.7975 val_loss=0.4441 val_metric_name=roc_auc val_metric=0.7975
Step  800 | loss 0.3749 | val_acc=0.7907 val_roc_auc=0.7957 val_loss=0.4507 val_metric_name=roc_auc val_metric=0.7957
Step  850 | loss 0.3681 | val_acc=0.7884 val_roc_auc=0.7938 val_loss=0.4584 val_metric_name=roc_auc val_metric=0.7938
Step  900 | loss 0.3677 | val_acc=0.7836 val_roc_auc=0.7917 val_loss=0.4660 val_metric_name=roc_auc val_metric=0.7917
Step  950 | loss 0.3601 | val_acc=0.7816 val_roc_auc=0.7900 val_loss=0.4738 val_metric_name=roc_auc val_metric=0.7900
Step 1000 | loss 0.3607 | val_acc=0.7826 val_roc_auc=0.7912 val_loss=0.4789 val_metric_name=roc_auc val_metric=0.7912
Early stopping at step 1027

--- Final (best ckpt @ step 540) ---
  train_acc=0.8134 train_roc_auc=0.8460 train_loss=0.3740 train_metric_name=roc_auc train_metric=0.8460
  val_acc=0.7969 val_roc_auc=0.7993 val_loss=0.4297 val_metric_name=roc_auc val_metric=0.7993
  test_acc=0.7973 test_roc_auc=0.8130 test_loss=0.4286 test_metric_name=roc_auc test_metric=0.8130
  test_roc_auc=0.8130

============================================================
Training tolokers GT 1L h=384 lr=0.0001 split=4
============================================================
Training for 5000 steps
Step    1 | loss 0.9426 | val_acc=0.7748 val_roc_auc=0.3351 val_loss=0.5944 val_metric_name=roc_auc val_metric=0.3351
Step   50 | loss 0.4516 | val_acc=0.7829 val_roc_auc=0.7521 val_loss=0.4459 val_metric_name=roc_auc val_metric=0.7521
Step  100 | loss 0.4279 | val_acc=0.7880 val_roc_auc=0.7694 val_loss=0.4380 val_metric_name=roc_auc val_metric=0.7694
Step  150 | loss 0.4191 | val_acc=0.7880 val_roc_auc=0.7745 val_loss=0.4350 val_metric_name=roc_auc val_metric=0.7745
Step  200 | loss 0.4138 | val_acc=0.7884 val_roc_auc=0.7786 val_loss=0.4330 val_metric_name=roc_auc val_metric=0.7786
Step  250 | loss 0.4065 | val_acc=0.7901 val_roc_auc=0.7912 val_loss=0.4291 val_metric_name=roc_auc val_metric=0.7912
Step  300 | loss 0.3975 | val_acc=0.8006 val_roc_auc=0.7967 val_loss=0.4290 val_metric_name=roc_auc val_metric=0.7967
Step  350 | loss 0.3868 | val_acc=0.7941 val_roc_auc=0.7975 val_loss=0.4289 val_metric_name=roc_auc val_metric=0.7975
Step  400 | loss 0.3810 | val_acc=0.7976 val_roc_auc=0.7988 val_loss=0.4314 val_metric_name=roc_auc val_metric=0.7988
Step  450 | loss 0.3846 | val_acc=0.7955 val_roc_auc=0.7968 val_loss=0.4375 val_metric_name=roc_auc val_metric=0.7968
Step  500 | loss 0.3769 | val_acc=0.7945 val_roc_auc=0.7964 val_loss=0.4430 val_metric_name=roc_auc val_metric=0.7964
Step  550 | loss 0.3733 | val_acc=0.7853 val_roc_auc=0.7936 val_loss=0.4554 val_metric_name=roc_auc val_metric=0.7936
Step  600 | loss 0.3715 | val_acc=0.7860 val_roc_auc=0.7911 val_loss=0.4575 val_metric_name=roc_auc val_metric=0.7911
Step  650 | loss 0.3646 | val_acc=0.7816 val_roc_auc=0.7895 val_loss=0.4715 val_metric_name=roc_auc val_metric=0.7895
Step  700 | loss 0.3540 | val_acc=0.7799 val_roc_auc=0.7884 val_loss=0.4828 val_metric_name=roc_auc val_metric=0.7884
Early stopping at step 714

--- Final (best ckpt @ step 400) ---
  train_acc=0.8161 train_roc_auc=0.8488 train_loss=0.3709 train_metric_name=roc_auc train_metric=0.8488
  val_acc=0.7976 val_roc_auc=0.7988 val_loss=0.4314 val_metric_name=roc_auc val_metric=0.7988
  test_acc=0.8000 test_roc_auc=0.8130 test_loss=0.4315 test_metric_name=roc_auc test_metric=0.8130
  test_roc_auc=0.8130

============================================================
Training tolokers GT 1L h=384 lr=1e-05 split=4
============================================================
Training for 5000 steps
Step    1 | loss 0.9426 | val_acc=0.2484 val_roc_auc=0.3387 val_loss=0.9151 val_metric_name=roc_auc val_metric=0.3387
Step   50 | loss 0.5182 | val_acc=0.7819 val_roc_auc=0.6752 val_loss=0.5207 val_metric_name=roc_auc val_metric=0.6752
Step  100 | loss 0.4885 | val_acc=0.7819 val_roc_auc=0.7261 val_loss=0.4832 val_metric_name=roc_auc val_metric=0.7261
Step  150 | loss 0.4699 | val_acc=0.7819 val_roc_auc=0.7402 val_loss=0.4673 val_metric_name=roc_auc val_metric=0.7402
Step  200 | loss 0.4595 | val_acc=0.7829 val_roc_auc=0.7491 val_loss=0.4588 val_metric_name=roc_auc val_metric=0.7491
Step  250 | loss 0.4546 | val_acc=0.7843 val_roc_auc=0.7554 val_loss=0.4531 val_metric_name=roc_auc val_metric=0.7554
Step  300 | loss 0.4508 | val_acc=0.7843 val_roc_auc=0.7604 val_loss=0.4490 val_metric_name=roc_auc val_metric=0.7604
Step  350 | loss 0.4427 | val_acc=0.7833 val_roc_auc=0.7641 val_loss=0.4454 val_metric_name=roc_auc val_metric=0.7641
Step  400 | loss 0.4428 | val_acc=0.7856 val_roc_auc=0.7665 val_loss=0.4431 val_metric_name=roc_auc val_metric=0.7665
Step  450 | loss 0.4416 | val_acc=0.7873 val_roc_auc=0.7682 val_loss=0.4411 val_metric_name=roc_auc val_metric=0.7682
Step  500 | loss 0.4314 | val_acc=0.7870 val_roc_auc=0.7695 val_loss=0.4396 val_metric_name=roc_auc val_metric=0.7695
Step  550 | loss 0.4343 | val_acc=0.7880 val_roc_auc=0.7706 val_loss=0.4387 val_metric_name=roc_auc val_metric=0.7706
Step  600 | loss 0.4334 | val_acc=0.7887 val_roc_auc=0.7715 val_loss=0.4381 val_metric_name=roc_auc val_metric=0.7715
Step  650 | loss 0.4300 | val_acc=0.7873 val_roc_auc=0.7723 val_loss=0.4373 val_metric_name=roc_auc val_metric=0.7723
Step  700 | loss 0.4256 | val_acc=0.7877 val_roc_auc=0.7732 val_loss=0.4368 val_metric_name=roc_auc val_metric=0.7732
Step  750 | loss 0.4246 | val_acc=0.7870 val_roc_auc=0.7738 val_loss=0.4364 val_metric_name=roc_auc val_metric=0.7738
Step  800 | loss 0.4219 | val_acc=0.7863 val_roc_auc=0.7746 val_loss=0.4360 val_metric_name=roc_auc val_metric=0.7746
Step  850 | loss 0.4224 | val_acc=0.7877 val_roc_auc=0.7754 val_loss=0.4357 val_metric_name=roc_auc val_metric=0.7754
Step  900 | loss 0.4207 | val_acc=0.7873 val_roc_auc=0.7761 val_loss=0.4351 val_metric_name=roc_auc val_metric=0.7761
Step  950 | loss 0.4175 | val_acc=0.7887 val_roc_auc=0.7765 val_loss=0.4357 val_metric_name=roc_auc val_metric=0.7765
Step 1000 | loss 0.4215 | val_acc=0.7884 val_roc_auc=0.7771 val_loss=0.4351 val_metric_name=roc_auc val_metric=0.7771
Step 1050 | loss 0.4175 | val_acc=0.7887 val_roc_auc=0.7780 val_loss=0.4346 val_metric_name=roc_auc val_metric=0.7780
Step 1100 | loss 0.4162 | val_acc=0.7894 val_roc_auc=0.7784 val_loss=0.4346 val_metric_name=roc_auc val_metric=0.7784
Step 1150 | loss 0.4143 | val_acc=0.7907 val_roc_auc=0.7790 val_loss=0.4342 val_metric_name=roc_auc val_metric=0.7790
Step 1200 | loss 0.4109 | val_acc=0.7907 val_roc_auc=0.7803 val_loss=0.4340 val_metric_name=roc_auc val_metric=0.7803
Step 1250 | loss 0.4122 | val_acc=0.7904 val_roc_auc=0.7812 val_loss=0.4332 val_metric_name=roc_auc val_metric=0.7812
Step 1300 | loss 0.4122 | val_acc=0.7904 val_roc_auc=0.7825 val_loss=0.4339 val_metric_name=roc_auc val_metric=0.7825
Step 1350 | loss 0.4123 | val_acc=0.7907 val_roc_auc=0.7847 val_loss=0.4321 val_metric_name=roc_auc val_metric=0.7847
Step 1400 | loss 0.4089 | val_acc=0.7921 val_roc_auc=0.7871 val_loss=0.4318 val_metric_name=roc_auc val_metric=0.7871
Step 1450 | loss 0.4110 | val_acc=0.7921 val_roc_auc=0.7901 val_loss=0.4306 val_metric_name=roc_auc val_metric=0.7901
Step 1500 | loss 0.4080 | val_acc=0.7931 val_roc_auc=0.7926 val_loss=0.4291 val_metric_name=roc_auc val_metric=0.7926
Step 1550 | loss 0.4070 | val_acc=0.7931 val_roc_auc=0.7938 val_loss=0.4292 val_metric_name=roc_auc val_metric=0.7938
Step 1600 | loss 0.4008 | val_acc=0.7962 val_roc_auc=0.7948 val_loss=0.4294 val_metric_name=roc_auc val_metric=0.7948
Step 1650 | loss 0.4002 | val_acc=0.7965 val_roc_auc=0.7951 val_loss=0.4293 val_metric_name=roc_auc val_metric=0.7951
Step 1700 | loss 0.3982 | val_acc=0.7935 val_roc_auc=0.7960 val_loss=0.4293 val_metric_name=roc_auc val_metric=0.7960
Step 1750 | loss 0.3978 | val_acc=0.7969 val_roc_auc=0.7965 val_loss=0.4289 val_metric_name=roc_auc val_metric=0.7965
Step 1800 | loss 0.3976 | val_acc=0.7962 val_roc_auc=0.7968 val_loss=0.4291 val_metric_name=roc_auc val_metric=0.7968
Step 1850 | loss 0.3993 | val_acc=0.7952 val_roc_auc=0.7973 val_loss=0.4292 val_metric_name=roc_auc val_metric=0.7973
Step 1900 | loss 0.3967 | val_acc=0.7972 val_roc_auc=0.7973 val_loss=0.4298 val_metric_name=roc_auc val_metric=0.7973
Step 1950 | loss 0.3950 | val_acc=0.7976 val_roc_auc=0.7977 val_loss=0.4293 val_metric_name=roc_auc val_metric=0.7977
Step 2000 | loss 0.3964 | val_acc=0.7979 val_roc_auc=0.7977 val_loss=0.4298 val_metric_name=roc_auc val_metric=0.7977
Step 2050 | loss 0.3976 | val_acc=0.7989 val_roc_auc=0.7981 val_loss=0.4303 val_metric_name=roc_auc val_metric=0.7981
Step 2100 | loss 0.3936 | val_acc=0.7996 val_roc_auc=0.7981 val_loss=0.4306 val_metric_name=roc_auc val_metric=0.7981
Step 2150 | loss 0.3942 | val_acc=0.7986 val_roc_auc=0.7985 val_loss=0.4302 val_metric_name=roc_auc val_metric=0.7985
Step 2200 | loss 0.3934 | val_acc=0.7955 val_roc_auc=0.7982 val_loss=0.4309 val_metric_name=roc_auc val_metric=0.7982
Step 2250 | loss 0.3889 | val_acc=0.7945 val_roc_auc=0.7981 val_loss=0.4319 val_metric_name=roc_auc val_metric=0.7981
Step 2300 | loss 0.3896 | val_acc=0.7965 val_roc_auc=0.7983 val_loss=0.4327 val_metric_name=roc_auc val_metric=0.7983
Step 2350 | loss 0.3882 | val_acc=0.7952 val_roc_auc=0.7983 val_loss=0.4322 val_metric_name=roc_auc val_metric=0.7983
Step 2400 | loss 0.3895 | val_acc=0.7962 val_roc_auc=0.7986 val_loss=0.4342 val_metric_name=roc_auc val_metric=0.7986
Step 2450 | loss 0.3890 | val_acc=0.7931 val_roc_auc=0.7984 val_loss=0.4335 val_metric_name=roc_auc val_metric=0.7984
Step 2500 | loss 0.3859 | val_acc=0.7952 val_roc_auc=0.7983 val_loss=0.4343 val_metric_name=roc_auc val_metric=0.7983
Step 2550 | loss 0.3859 | val_acc=0.7928 val_roc_auc=0.7978 val_loss=0.4354 val_metric_name=roc_auc val_metric=0.7978
Step 2600 | loss 0.3862 | val_acc=0.7955 val_roc_auc=0.7980 val_loss=0.4355 val_metric_name=roc_auc val_metric=0.7980
Step 2650 | loss 0.3837 | val_acc=0.7918 val_roc_auc=0.7981 val_loss=0.4363 val_metric_name=roc_auc val_metric=0.7981
Step 2700 | loss 0.3846 | val_acc=0.7918 val_roc_auc=0.7984 val_loss=0.4366 val_metric_name=roc_auc val_metric=0.7984
Early stopping at step 2746

--- Final (best ckpt @ step 2440) ---
  train_acc=0.8119 train_roc_auc=0.8447 train_loss=0.3773 train_metric_name=roc_auc train_metric=0.8447
  val_acc=0.7928 val_roc_auc=0.7986 val_loss=0.4332 val_metric_name=roc_auc val_metric=0.7986
  test_acc=0.7946 test_roc_auc=0.8094 test_loss=0.4360 test_metric_name=roc_auc test_metric=0.8094
  test_roc_auc=0.8094

============================================================
Training tolokers GT 1L h=512 lr=3e-05 split=4
============================================================
Training for 5000 steps
Step    1 | loss 0.7404 | val_acc=0.7520 val_roc_auc=0.3949 val_loss=0.5909 val_metric_name=roc_auc val_metric=0.3949
Step   50 | loss 0.4677 | val_acc=0.7809 val_roc_auc=0.7404 val_loss=0.4658 val_metric_name=roc_auc val_metric=0.7404
Step  100 | loss 0.4411 | val_acc=0.7860 val_roc_auc=0.7629 val_loss=0.4453 val_metric_name=roc_auc val_metric=0.7629
Step  150 | loss 0.4280 | val_acc=0.7853 val_roc_auc=0.7693 val_loss=0.4395 val_metric_name=roc_auc val_metric=0.7693
Step  200 | loss 0.4229 | val_acc=0.7856 val_roc_auc=0.7743 val_loss=0.4360 val_metric_name=roc_auc val_metric=0.7743
Step  250 | loss 0.4161 | val_acc=0.7860 val_roc_auc=0.7792 val_loss=0.4330 val_metric_name=roc_auc val_metric=0.7792
Step  300 | loss 0.4124 | val_acc=0.7918 val_roc_auc=0.7861 val_loss=0.4306 val_metric_name=roc_auc val_metric=0.7861
Step  350 | loss 0.4072 | val_acc=0.7918 val_roc_auc=0.7936 val_loss=0.4297 val_metric_name=roc_auc val_metric=0.7936
Step  400 | loss 0.4054 | val_acc=0.7958 val_roc_auc=0.7946 val_loss=0.4303 val_metric_name=roc_auc val_metric=0.7946
Step  450 | loss 0.3975 | val_acc=0.7962 val_roc_auc=0.7956 val_loss=0.4308 val_metric_name=roc_auc val_metric=0.7956
Step  500 | loss 0.3934 | val_acc=0.7952 val_roc_auc=0.7970 val_loss=0.4326 val_metric_name=roc_auc val_metric=0.7970
Step  550 | loss 0.3947 | val_acc=0.7969 val_roc_auc=0.7980 val_loss=0.4344 val_metric_name=roc_auc val_metric=0.7980
Step  600 | loss 0.3880 | val_acc=0.7969 val_roc_auc=0.7982 val_loss=0.4365 val_metric_name=roc_auc val_metric=0.7982
Step  650 | loss 0.3808 | val_acc=0.7904 val_roc_auc=0.7990 val_loss=0.4368 val_metric_name=roc_auc val_metric=0.7990
Step  700 | loss 0.3779 | val_acc=0.7928 val_roc_auc=0.7998 val_loss=0.4390 val_metric_name=roc_auc val_metric=0.7998
Step  750 | loss 0.3785 | val_acc=0.7958 val_roc_auc=0.8003 val_loss=0.4422 val_metric_name=roc_auc val_metric=0.8003
Step  800 | loss 0.3738 | val_acc=0.7955 val_roc_auc=0.7994 val_loss=0.4459 val_metric_name=roc_auc val_metric=0.7994
Step  850 | loss 0.3727 | val_acc=0.7941 val_roc_auc=0.7996 val_loss=0.4503 val_metric_name=roc_auc val_metric=0.7996
Step  900 | loss 0.3767 | val_acc=0.7945 val_roc_auc=0.7998 val_loss=0.4502 val_metric_name=roc_auc val_metric=0.7998
Step  950 | loss 0.3689 | val_acc=0.7901 val_roc_auc=0.7995 val_loss=0.4549 val_metric_name=roc_auc val_metric=0.7995
Step 1000 | loss 0.3678 | val_acc=0.7904 val_roc_auc=0.7995 val_loss=0.4599 val_metric_name=roc_auc val_metric=0.7995
Step 1050 | loss 0.3631 | val_acc=0.7921 val_roc_auc=0.8001 val_loss=0.4601 val_metric_name=roc_auc val_metric=0.8001
Step 1100 | loss 0.3596 | val_acc=0.7938 val_roc_auc=0.8003 val_loss=0.4645 val_metric_name=roc_auc val_metric=0.8003
Early stopping at step 1131

--- Final (best ckpt @ step 820) ---
  train_acc=0.8199 train_roc_auc=0.8575 train_loss=0.3633 train_metric_name=roc_auc train_metric=0.8575
  val_acc=0.7972 val_roc_auc=0.8012 val_loss=0.4439 val_metric_name=roc_auc val_metric=0.8012
  test_acc=0.8000 test_roc_auc=0.8186 test_loss=0.4388 test_metric_name=roc_auc test_metric=0.8186
  test_roc_auc=0.8186

============================================================
Training tolokers GT 1L h=512 lr=6e-05 split=4
============================================================
Training for 5000 steps
Step    1 | loss 0.7404 | val_acc=0.7805 val_roc_auc=0.4136 val_loss=0.5476 val_metric_name=roc_auc val_metric=0.4136
Step   50 | loss 0.4515 | val_acc=0.7833 val_roc_auc=0.7549 val_loss=0.4538 val_metric_name=roc_auc val_metric=0.7549
Step  100 | loss 0.4281 | val_acc=0.7853 val_roc_auc=0.7694 val_loss=0.4383 val_metric_name=roc_auc val_metric=0.7694
Step  150 | loss 0.4172 | val_acc=0.7860 val_roc_auc=0.7769 val_loss=0.4346 val_metric_name=roc_auc val_metric=0.7769
Step  200 | loss 0.4124 | val_acc=0.7918 val_roc_auc=0.7843 val_loss=0.4324 val_metric_name=roc_auc val_metric=0.7843
Step  250 | loss 0.4014 | val_acc=0.7945 val_roc_auc=0.7946 val_loss=0.4323 val_metric_name=roc_auc val_metric=0.7946
Step  300 | loss 0.3944 | val_acc=0.7955 val_roc_auc=0.7963 val_loss=0.4307 val_metric_name=roc_auc val_metric=0.7963
Step  350 | loss 0.3922 | val_acc=0.7982 val_roc_auc=0.7993 val_loss=0.4308 val_metric_name=roc_auc val_metric=0.7993
Step  400 | loss 0.3859 | val_acc=0.7938 val_roc_auc=0.7982 val_loss=0.4357 val_metric_name=roc_auc val_metric=0.7982
Step  450 | loss 0.3787 | val_acc=0.7935 val_roc_auc=0.7993 val_loss=0.4394 val_metric_name=roc_auc val_metric=0.7993
Step  500 | loss 0.3727 | val_acc=0.7948 val_roc_auc=0.7985 val_loss=0.4465 val_metric_name=roc_auc val_metric=0.7985
Step  550 | loss 0.3725 | val_acc=0.7911 val_roc_auc=0.7974 val_loss=0.4562 val_metric_name=roc_auc val_metric=0.7974
Step  600 | loss 0.3656 | val_acc=0.7877 val_roc_auc=0.7967 val_loss=0.4668 val_metric_name=roc_auc val_metric=0.7967
Step  650 | loss 0.3560 | val_acc=0.7884 val_roc_auc=0.7971 val_loss=0.4651 val_metric_name=roc_auc val_metric=0.7971
Step  700 | loss 0.3544 | val_acc=0.7799 val_roc_auc=0.7973 val_loss=0.4752 val_metric_name=roc_auc val_metric=0.7973
Step  750 | loss 0.3529 | val_acc=0.7819 val_roc_auc=0.7967 val_loss=0.4799 val_metric_name=roc_auc val_metric=0.7967
Early stopping at step 766

--- Final (best ckpt @ step 380) ---
  train_acc=0.8161 train_roc_auc=0.8451 train_loss=0.3758 train_metric_name=roc_auc train_metric=0.8451
  val_acc=0.7955 val_roc_auc=0.8008 val_loss=0.4331 val_metric_name=roc_auc val_metric=0.8008
  test_acc=0.8000 test_roc_auc=0.8148 test_loss=0.4318 test_metric_name=roc_auc test_metric=0.8148
  test_roc_auc=0.8148

============================================================
Training tolokers GT 1L h=512 lr=0.0001 split=4
============================================================
Training for 5000 steps
Step    1 | loss 0.7404 | val_acc=0.7819 val_roc_auc=0.4408 val_loss=0.5840 val_metric_name=roc_auc val_metric=0.4408
Step   50 | loss 0.4405 | val_acc=0.7833 val_roc_auc=0.7619 val_loss=0.4456 val_metric_name=roc_auc val_metric=0.7619
Step  100 | loss 0.4213 | val_acc=0.7846 val_roc_auc=0.7731 val_loss=0.4348 val_metric_name=roc_auc val_metric=0.7731
Step  150 | loss 0.4102 | val_acc=0.7877 val_roc_auc=0.7822 val_loss=0.4346 val_metric_name=roc_auc val_metric=0.7822
Step  200 | loss 0.4014 | val_acc=0.7938 val_roc_auc=0.7945 val_loss=0.4327 val_metric_name=roc_auc val_metric=0.7945
Step  250 | loss 0.3894 | val_acc=0.7904 val_roc_auc=0.7970 val_loss=0.4305 val_metric_name=roc_auc val_metric=0.7970
Step  300 | loss 0.3835 | val_acc=0.7924 val_roc_auc=0.7993 val_loss=0.4333 val_metric_name=roc_auc val_metric=0.7993
Step  350 | loss 0.3773 | val_acc=0.7979 val_roc_auc=0.8004 val_loss=0.4420 val_metric_name=roc_auc val_metric=0.8004
Step  400 | loss 0.3685 | val_acc=0.7870 val_roc_auc=0.7981 val_loss=0.4579 val_metric_name=roc_auc val_metric=0.7981
Step  450 | loss 0.3615 | val_acc=0.7826 val_roc_auc=0.7953 val_loss=0.4690 val_metric_name=roc_auc val_metric=0.7953
Step  500 | loss 0.3539 | val_acc=0.7911 val_roc_auc=0.7966 val_loss=0.4734 val_metric_name=roc_auc val_metric=0.7966
Step  550 | loss 0.3513 | val_acc=0.7860 val_roc_auc=0.7957 val_loss=0.4890 val_metric_name=roc_auc val_metric=0.7957
Step  600 | loss 0.3434 | val_acc=0.7792 val_roc_auc=0.7954 val_loss=0.5045 val_metric_name=roc_auc val_metric=0.7954
Step  650 | loss 0.3336 | val_acc=0.7809 val_roc_auc=0.7964 val_loss=0.4945 val_metric_name=roc_auc val_metric=0.7964
Early stopping at step 650

--- Final (best ckpt @ step 350) ---
  train_acc=0.8228 train_roc_auc=0.8590 train_loss=0.3605 train_metric_name=roc_auc train_metric=0.8590
  val_acc=0.7979 val_roc_auc=0.8004 val_loss=0.4420 val_metric_name=roc_auc val_metric=0.8004
  test_acc=0.8010 test_roc_auc=0.8147 test_loss=0.4379 test_metric_name=roc_auc test_metric=0.8147
  test_roc_auc=0.8147

============================================================
Training tolokers GT 1L h=512 lr=1e-05 split=4
============================================================
Training for 5000 steps
Step    1 | loss 0.7404 | val_acc=0.6353 val_roc_auc=0.3844 val_loss=0.6664 val_metric_name=roc_auc val_metric=0.3844
Step   50 | loss 0.4999 | val_acc=0.7819 val_roc_auc=0.7034 val_loss=0.4909 val_metric_name=roc_auc val_metric=0.7034
Step  100 | loss 0.4710 | val_acc=0.7816 val_roc_auc=0.7347 val_loss=0.4670 val_metric_name=roc_auc val_metric=0.7347
Step  150 | loss 0.4567 | val_acc=0.7836 val_roc_auc=0.7496 val_loss=0.4566 val_metric_name=roc_auc val_metric=0.7496
Step  200 | loss 0.4457 | val_acc=0.7843 val_roc_auc=0.7593 val_loss=0.4503 val_metric_name=roc_auc val_metric=0.7593
Step  250 | loss 0.4385 | val_acc=0.7867 val_roc_auc=0.7640 val_loss=0.4453 val_metric_name=roc_auc val_metric=0.7640
Step  300 | loss 0.4359 | val_acc=0.7853 val_roc_auc=0.7667 val_loss=0.4428 val_metric_name=roc_auc val_metric=0.7667
Step  350 | loss 0.4332 | val_acc=0.7860 val_roc_auc=0.7692 val_loss=0.4401 val_metric_name=roc_auc val_metric=0.7692
Step  400 | loss 0.4294 | val_acc=0.7856 val_roc_auc=0.7713 val_loss=0.4383 val_metric_name=roc_auc val_metric=0.7713
Step  450 | loss 0.4238 | val_acc=0.7839 val_roc_auc=0.7735 val_loss=0.4363 val_metric_name=roc_auc val_metric=0.7735
Step  500 | loss 0.4212 | val_acc=0.7863 val_roc_auc=0.7756 val_loss=0.4358 val_metric_name=roc_auc val_metric=0.7756
Step  550 | loss 0.4229 | val_acc=0.7870 val_roc_auc=0.7775 val_loss=0.4350 val_metric_name=roc_auc val_metric=0.7775
Step  600 | loss 0.4174 | val_acc=0.7867 val_roc_auc=0.7803 val_loss=0.4330 val_metric_name=roc_auc val_metric=0.7803
Step  650 | loss 0.4128 | val_acc=0.7897 val_roc_auc=0.7840 val_loss=0.4309 val_metric_name=roc_auc val_metric=0.7840
Step  700 | loss 0.4108 | val_acc=0.7911 val_roc_auc=0.7887 val_loss=0.4296 val_metric_name=roc_auc val_metric=0.7887
Step  750 | loss 0.4095 | val_acc=0.7945 val_roc_auc=0.7925 val_loss=0.4280 val_metric_name=roc_auc val_metric=0.7925
Step  800 | loss 0.4063 | val_acc=0.7952 val_roc_auc=0.7945 val_loss=0.4279 val_metric_name=roc_auc val_metric=0.7945
Step  850 | loss 0.4078 | val_acc=0.7955 val_roc_auc=0.7959 val_loss=0.4276 val_metric_name=roc_auc val_metric=0.7959
Step  900 | loss 0.4071 | val_acc=0.7948 val_roc_auc=0.7963 val_loss=0.4291 val_metric_name=roc_auc val_metric=0.7963
Step  950 | loss 0.3999 | val_acc=0.7958 val_roc_auc=0.7961 val_loss=0.4288 val_metric_name=roc_auc val_metric=0.7961
Step 1000 | loss 0.4005 | val_acc=0.7958 val_roc_auc=0.7965 val_loss=0.4302 val_metric_name=roc_auc val_metric=0.7965
Step 1050 | loss 0.4010 | val_acc=0.7952 val_roc_auc=0.7965 val_loss=0.4308 val_metric_name=roc_auc val_metric=0.7965
Step 1100 | loss 0.3968 | val_acc=0.7972 val_roc_auc=0.7968 val_loss=0.4320 val_metric_name=roc_auc val_metric=0.7968
Step 1150 | loss 0.3954 | val_acc=0.7958 val_roc_auc=0.7960 val_loss=0.4329 val_metric_name=roc_auc val_metric=0.7960
Step 1200 | loss 0.3965 | val_acc=0.7969 val_roc_auc=0.7973 val_loss=0.4332 val_metric_name=roc_auc val_metric=0.7973
Step 1250 | loss 0.3912 | val_acc=0.7924 val_roc_auc=0.7975 val_loss=0.4342 val_metric_name=roc_auc val_metric=0.7975
Step 1300 | loss 0.3931 | val_acc=0.7979 val_roc_auc=0.7980 val_loss=0.4357 val_metric_name=roc_auc val_metric=0.7980
Step 1350 | loss 0.3933 | val_acc=0.7972 val_roc_auc=0.7986 val_loss=0.4344 val_metric_name=roc_auc val_metric=0.7986
Step 1400 | loss 0.3904 | val_acc=0.7938 val_roc_auc=0.7990 val_loss=0.4357 val_metric_name=roc_auc val_metric=0.7990
Step 1450 | loss 0.3892 | val_acc=0.7945 val_roc_auc=0.7988 val_loss=0.4355 val_metric_name=roc_auc val_metric=0.7988
Step 1500 | loss 0.3894 | val_acc=0.7948 val_roc_auc=0.7996 val_loss=0.4359 val_metric_name=roc_auc val_metric=0.7996
Step 1550 | loss 0.3905 | val_acc=0.7935 val_roc_auc=0.8002 val_loss=0.4364 val_metric_name=roc_auc val_metric=0.8002
Step 1600 | loss 0.3858 | val_acc=0.7941 val_roc_auc=0.7995 val_loss=0.4387 val_metric_name=roc_auc val_metric=0.7995
Step 1650 | loss 0.3813 | val_acc=0.7928 val_roc_auc=0.7993 val_loss=0.4395 val_metric_name=roc_auc val_metric=0.7993
Step 1700 | loss 0.3809 | val_acc=0.7918 val_roc_auc=0.7996 val_loss=0.4404 val_metric_name=roc_auc val_metric=0.7996
Step 1750 | loss 0.3803 | val_acc=0.7907 val_roc_auc=0.7987 val_loss=0.4431 val_metric_name=roc_auc val_metric=0.7987
Step 1800 | loss 0.3809 | val_acc=0.7918 val_roc_auc=0.7996 val_loss=0.4410 val_metric_name=roc_auc val_metric=0.7996
Step 1850 | loss 0.3803 | val_acc=0.7955 val_roc_auc=0.7996 val_loss=0.4429 val_metric_name=roc_auc val_metric=0.7996
Step 1900 | loss 0.3817 | val_acc=0.7911 val_roc_auc=0.7992 val_loss=0.4451 val_metric_name=roc_auc val_metric=0.7992
Early stopping at step 1909

--- Final (best ckpt @ step 1550) ---
  train_acc=0.8105 train_roc_auc=0.8444 train_loss=0.3784 train_metric_name=roc_auc train_metric=0.8444
  val_acc=0.7935 val_roc_auc=0.8002 val_loss=0.4364 val_metric_name=roc_auc val_metric=0.8002
  test_acc=0.7959 test_roc_auc=0.8155 test_loss=0.4344 test_metric_name=roc_auc test_metric=0.8155
  test_roc_auc=0.8155
  >> num_layers=1 hidden_dim=256 lr=3e-05 best_step=2470 val_roc_auc=0.8030 test_roc_auc=0.8162
     val_acc=0.7829 val_loss=0.4425 val_metric=0.8030 val_metric_name=roc_auc val_roc_auc=0.8030
     test_acc=0.7956 test_loss=0.4424 test_metric=0.8162 test_metric_name=roc_auc test_roc_auc=0.8162
  >> num_layers=1 hidden_dim=256 lr=6e-05 best_step=1480 val_roc_auc=0.8045 test_roc_auc=0.8150
     val_acc=0.7795 val_loss=0.4422 val_metric=0.8045 val_metric_name=roc_auc val_roc_auc=0.8045
     test_acc=0.7942 test_loss=0.4469 test_metric=0.8150 test_metric_name=roc_auc test_roc_auc=0.8150
  >> num_layers=1 hidden_dim=256 lr=0.0001 best_step=750 val_roc_auc=0.8023 test_roc_auc=0.8219
     val_acc=0.7870 val_loss=0.4290 val_metric=0.8023 val_metric_name=roc_auc val_roc_auc=0.8023
     test_acc=0.8034 test_loss=0.4249 test_metric=0.8219 test_metric_name=roc_auc test_roc_auc=0.8219
  >> num_layers=1 hidden_dim=256 lr=1e-05 best_step=4980 val_roc_auc=0.8005 test_roc_auc=0.8196
     val_acc=0.7894 val_loss=0.4332 val_metric=0.8005 val_metric_name=roc_auc val_roc_auc=0.8005
     test_acc=0.8010 test_loss=0.4281 test_metric=0.8196 test_metric_name=roc_auc test_roc_auc=0.8196
  >> num_layers=1 hidden_dim=384 lr=3e-05 best_step=1020 val_roc_auc=0.7992 test_roc_auc=0.8124
     val_acc=0.7962 val_loss=0.4338 val_metric=0.7992 val_metric_name=roc_auc val_roc_auc=0.7992
     test_acc=0.7949 test_loss=0.4333 test_metric=0.8124 test_metric_name=roc_auc test_roc_auc=0.8124
  >> num_layers=1 hidden_dim=384 lr=6e-05 best_step=540 val_roc_auc=0.7993 test_roc_auc=0.8130
     val_acc=0.7969 val_loss=0.4297 val_metric=0.7993 val_metric_name=roc_auc val_roc_auc=0.7993
     test_acc=0.7973 test_loss=0.4286 test_metric=0.8130 test_metric_name=roc_auc test_roc_auc=0.8130
  >> num_layers=1 hidden_dim=384 lr=0.0001 best_step=400 val_roc_auc=0.7988 test_roc_auc=0.8130
     val_acc=0.7976 val_loss=0.4314 val_metric=0.7988 val_metric_name=roc_auc val_roc_auc=0.7988
     test_acc=0.8000 test_loss=0.4315 test_metric=0.8130 test_metric_name=roc_auc test_roc_auc=0.8130
  >> num_layers=1 hidden_dim=384 lr=1e-05 best_step=2440 val_roc_auc=0.7986 test_roc_auc=0.8094
     val_acc=0.7928 val_loss=0.4332 val_metric=0.7986 val_metric_name=roc_auc val_roc_auc=0.7986
     test_acc=0.7946 test_loss=0.4360 test_metric=0.8094 test_metric_name=roc_auc test_roc_auc=0.8094
  >> num_layers=1 hidden_dim=512 lr=3e-05 best_step=820 val_roc_auc=0.8012 test_roc_auc=0.8186
     val_acc=0.7972 val_loss=0.4439 val_metric=0.8012 val_metric_name=roc_auc val_roc_auc=0.8012
     test_acc=0.8000 test_loss=0.4388 test_metric=0.8186 test_metric_name=roc_auc test_roc_auc=0.8186
  >> num_layers=1 hidden_dim=512 lr=6e-05 best_step=380 val_roc_auc=0.8008 test_roc_auc=0.8148
     val_acc=0.7955 val_loss=0.4331 val_metric=0.8008 val_metric_name=roc_auc val_roc_auc=0.8008
     test_acc=0.8000 test_loss=0.4318 test_metric=0.8148 test_metric_name=roc_auc test_roc_auc=0.8148
  >> num_layers=1 hidden_dim=512 lr=0.0001 best_step=350 val_roc_auc=0.8004 test_roc_auc=0.8147
     val_acc=0.7979 val_loss=0.4420 val_metric=0.8004 val_metric_name=roc_auc val_roc_auc=0.8004
     test_acc=0.8010 test_loss=0.4379 test_metric=0.8147 test_metric_name=roc_auc test_roc_auc=0.8147
  >> num_layers=1 hidden_dim=512 lr=1e-05 best_step=1550 val_roc_auc=0.8002 test_roc_auc=0.8155
     val_acc=0.7935 val_loss=0.4364 val_metric=0.8002 val_metric_name=roc_auc val_roc_auc=0.8002
     test_acc=0.7959 test_loss=0.4344 test_metric=0.8155 test_metric_name=roc_auc test_roc_auc=0.8155
  >> selected best (by val): num_layers=1 hidden_dim=256 lr=6e-05 val_roc_auc=0.8045 test_roc_auc=0.8150
     val_acc=0.7795 val_loss=0.4422 val_metric=0.8045 val_metric_name=roc_auc val_roc_auc=0.8045
     test_acc=0.7942 test_loss=0.4469 test_metric=0.8150 test_metric_name=roc_auc test_roc_auc=0.8150

Done. Results saved to /home/avshmelev/diploma_yandex_graphs/results_grid/tolokers/base.csv, checkpoints in /home/avshmelev/diploma_yandex_graphs/all_checkpoints/tolokers/base/
Skipping: "Done." found in /home/avshmelev/diploma_yandex_graphs/results_grid/tolokers/logs_base/GT_1L_split4.log
