Loading data...

============================================================
Training tolokers GT 4L h=256 lr=3e-05 split=6
============================================================
Training for 5000 steps
Step    1 | loss 0.6477 | val_acc=0.7819 val_roc_auc=0.4541 val_loss=0.5417 val_metric_name=roc_auc val_metric=0.4541
Step   50 | loss 0.4674 | val_acc=0.7809 val_roc_auc=0.7317 val_loss=0.4621 val_metric_name=roc_auc val_metric=0.7317
Step  100 | loss 0.4420 | val_acc=0.7833 val_roc_auc=0.7504 val_loss=0.4499 val_metric_name=roc_auc val_metric=0.7504
Step  150 | loss 0.4317 | val_acc=0.7894 val_roc_auc=0.7666 val_loss=0.4419 val_metric_name=roc_auc val_metric=0.7666
Step  200 | loss 0.4176 | val_acc=0.7890 val_roc_auc=0.7905 val_loss=0.4309 val_metric_name=roc_auc val_metric=0.7905
Step  250 | loss 0.4089 | val_acc=0.7921 val_roc_auc=0.8106 val_loss=0.4300 val_metric_name=roc_auc val_metric=0.8106
Step  300 | loss 0.3995 | val_acc=0.8020 val_roc_auc=0.8233 val_loss=0.4084 val_metric_name=roc_auc val_metric=0.8233
Step  350 | loss 0.3962 | val_acc=0.7993 val_roc_auc=0.8300 val_loss=0.4032 val_metric_name=roc_auc val_metric=0.8300
Step  400 | loss 0.3868 | val_acc=0.7928 val_roc_auc=0.8326 val_loss=0.4082 val_metric_name=roc_auc val_metric=0.8326
Step  450 | loss 0.3800 | val_acc=0.7717 val_roc_auc=0.8308 val_loss=0.4424 val_metric_name=roc_auc val_metric=0.8308
Step  500 | loss 0.3772 | val_acc=0.7727 val_roc_auc=0.8297 val_loss=0.4421 val_metric_name=roc_auc val_metric=0.8297
Step  550 | loss 0.3680 | val_acc=0.7424 val_roc_auc=0.8276 val_loss=0.4810 val_metric_name=roc_auc val_metric=0.8276
Step  600 | loss 0.3702 | val_acc=0.7598 val_roc_auc=0.8295 val_loss=0.4653 val_metric_name=roc_auc val_metric=0.8295
Step  650 | loss 0.3713 | val_acc=0.7332 val_roc_auc=0.8266 val_loss=0.4983 val_metric_name=roc_auc val_metric=0.8266
Step  700 | loss 0.3675 | val_acc=0.7516 val_roc_auc=0.8304 val_loss=0.4818 val_metric_name=roc_auc val_metric=0.8304
Step  750 | loss 0.3664 | val_acc=0.7622 val_roc_auc=0.8333 val_loss=0.4587 val_metric_name=roc_auc val_metric=0.8333
Step  800 | loss 0.3605 | val_acc=0.7445 val_roc_auc=0.8303 val_loss=0.4889 val_metric_name=roc_auc val_metric=0.8303
Step  850 | loss 0.3614 | val_acc=0.7948 val_roc_auc=0.8416 val_loss=0.4156 val_metric_name=roc_auc val_metric=0.8416
Step  900 | loss 0.3638 | val_acc=0.7656 val_roc_auc=0.8380 val_loss=0.4566 val_metric_name=roc_auc val_metric=0.8380
Step  950 | loss 0.3569 | val_acc=0.7860 val_roc_auc=0.8408 val_loss=0.4276 val_metric_name=roc_auc val_metric=0.8408
Step 1000 | loss 0.3524 | val_acc=0.7819 val_roc_auc=0.8412 val_loss=0.4303 val_metric_name=roc_auc val_metric=0.8412
Step 1050 | loss 0.3470 | val_acc=0.7577 val_roc_auc=0.8381 val_loss=0.4637 val_metric_name=roc_auc val_metric=0.8381
Step 1100 | loss 0.3506 | val_acc=0.7669 val_roc_auc=0.8406 val_loss=0.4499 val_metric_name=roc_auc val_metric=0.8406
Step 1150 | loss 0.3492 | val_acc=0.7710 val_roc_auc=0.8405 val_loss=0.4469 val_metric_name=roc_auc val_metric=0.8405
Step 1200 | loss 0.3503 | val_acc=0.7792 val_roc_auc=0.8414 val_loss=0.4385 val_metric_name=roc_auc val_metric=0.8414
Step 1250 | loss 0.3450 | val_acc=0.7795 val_roc_auc=0.8418 val_loss=0.4399 val_metric_name=roc_auc val_metric=0.8418
Step 1300 | loss 0.3462 | val_acc=0.7958 val_roc_auc=0.8433 val_loss=0.4195 val_metric_name=roc_auc val_metric=0.8433
Step 1350 | loss 0.3386 | val_acc=0.7921 val_roc_auc=0.8426 val_loss=0.4236 val_metric_name=roc_auc val_metric=0.8426
Step 1400 | loss 0.3406 | val_acc=0.8016 val_roc_auc=0.8438 val_loss=0.4140 val_metric_name=roc_auc val_metric=0.8438
Step 1450 | loss 0.3412 | val_acc=0.7765 val_roc_auc=0.8409 val_loss=0.4485 val_metric_name=roc_auc val_metric=0.8409
Step 1500 | loss 0.3339 | val_acc=0.7921 val_roc_auc=0.8429 val_loss=0.4286 val_metric_name=roc_auc val_metric=0.8429
Step 1550 | loss 0.3303 | val_acc=0.7853 val_roc_auc=0.8420 val_loss=0.4368 val_metric_name=roc_auc val_metric=0.8420
Step 1600 | loss 0.3221 | val_acc=0.7924 val_roc_auc=0.8428 val_loss=0.4244 val_metric_name=roc_auc val_metric=0.8428
Step 1650 | loss 0.3250 | val_acc=0.7965 val_roc_auc=0.8421 val_loss=0.4310 val_metric_name=roc_auc val_metric=0.8421
Step 1700 | loss 0.3208 | val_acc=0.7935 val_roc_auc=0.8416 val_loss=0.4324 val_metric_name=roc_auc val_metric=0.8416
Early stopping at step 1710

--- Final (best ckpt @ step 1410) ---
  train_acc=0.8467 train_roc_auc=0.8941 train_loss=0.3283 train_metric_name=roc_auc train_metric=0.8941
  val_acc=0.8149 val_roc_auc=0.8450 val_loss=0.4086 val_metric_name=roc_auc val_metric=0.8450
  test_acc=0.7997 test_roc_auc=0.8393 test_loss=0.4170 test_metric_name=roc_auc test_metric=0.8393
  test_roc_auc=0.8393

============================================================
Training tolokers GT 4L h=256 lr=6e-05 split=6
============================================================
Training for 5000 steps
Step    1 | loss 0.6477 | val_acc=0.7819 val_roc_auc=0.4775 val_loss=0.5304 val_metric_name=roc_auc val_metric=0.4775
Step   50 | loss 0.4551 | val_acc=0.7833 val_roc_auc=0.7426 val_loss=0.4525 val_metric_name=roc_auc val_metric=0.7426
Step  100 | loss 0.4271 | val_acc=0.7894 val_roc_auc=0.7686 val_loss=0.4383 val_metric_name=roc_auc val_metric=0.7686
Step  150 | loss 0.4123 | val_acc=0.7928 val_roc_auc=0.8086 val_loss=0.4235 val_metric_name=roc_auc val_metric=0.8086
Step  200 | loss 0.3967 | val_acc=0.8010 val_roc_auc=0.8282 val_loss=0.4001 val_metric_name=roc_auc val_metric=0.8282
Step  250 | loss 0.3859 | val_acc=0.8023 val_roc_auc=0.8339 val_loss=0.4019 val_metric_name=roc_auc val_metric=0.8339
Step  300 | loss 0.3777 | val_acc=0.7724 val_roc_auc=0.8297 val_loss=0.4369 val_metric_name=roc_auc val_metric=0.8297
Step  350 | loss 0.3749 | val_acc=0.7173 val_roc_auc=0.8246 val_loss=0.5093 val_metric_name=roc_auc val_metric=0.8246
Step  400 | loss 0.3684 | val_acc=0.7537 val_roc_auc=0.8320 val_loss=0.4712 val_metric_name=roc_auc val_metric=0.8320
Step  450 | loss 0.3645 | val_acc=0.7601 val_roc_auc=0.8345 val_loss=0.4670 val_metric_name=roc_auc val_metric=0.8345
Step  500 | loss 0.3595 | val_acc=0.7890 val_roc_auc=0.8412 val_loss=0.4212 val_metric_name=roc_auc val_metric=0.8412
Step  550 | loss 0.3501 | val_acc=0.7795 val_roc_auc=0.8405 val_loss=0.4338 val_metric_name=roc_auc val_metric=0.8405
Step  600 | loss 0.3509 | val_acc=0.7731 val_roc_auc=0.8403 val_loss=0.4427 val_metric_name=roc_auc val_metric=0.8403
Step  650 | loss 0.3559 | val_acc=0.7863 val_roc_auc=0.8400 val_loss=0.4367 val_metric_name=roc_auc val_metric=0.8400
Step  700 | loss 0.3454 | val_acc=0.7931 val_roc_auc=0.8419 val_loss=0.4236 val_metric_name=roc_auc val_metric=0.8419
Step  750 | loss 0.3437 | val_acc=0.8067 val_roc_auc=0.8430 val_loss=0.4145 val_metric_name=roc_auc val_metric=0.8430
Step  800 | loss 0.3306 | val_acc=0.7805 val_roc_auc=0.8406 val_loss=0.4384 val_metric_name=roc_auc val_metric=0.8406
Step  850 | loss 0.3338 | val_acc=0.8156 val_roc_auc=0.8432 val_loss=0.4108 val_metric_name=roc_auc val_metric=0.8432
Step  900 | loss 0.3271 | val_acc=0.7836 val_roc_auc=0.8402 val_loss=0.4380 val_metric_name=roc_auc val_metric=0.8402
Step  950 | loss 0.3201 | val_acc=0.8033 val_roc_auc=0.8412 val_loss=0.4321 val_metric_name=roc_auc val_metric=0.8412
Step 1000 | loss 0.3145 | val_acc=0.8050 val_roc_auc=0.8409 val_loss=0.4322 val_metric_name=roc_auc val_metric=0.8409
Step 1050 | loss 0.3102 | val_acc=0.7890 val_roc_auc=0.8379 val_loss=0.4490 val_metric_name=roc_auc val_metric=0.8379
Step 1100 | loss 0.3169 | val_acc=0.7897 val_roc_auc=0.8386 val_loss=0.4595 val_metric_name=roc_auc val_metric=0.8386
Early stopping at step 1135

--- Final (best ckpt @ step 580) ---
  train_acc=0.8219 train_roc_auc=0.8725 train_loss=0.3692 train_metric_name=roc_auc train_metric=0.8725
  val_acc=0.8003 val_roc_auc=0.8440 val_loss=0.4124 val_metric_name=roc_auc val_metric=0.8440
  test_acc=0.7915 test_roc_auc=0.8401 test_loss=0.4199 test_metric_name=roc_auc test_metric=0.8401
  test_roc_auc=0.8401

============================================================
Training tolokers GT 4L h=256 lr=0.0001 split=6
============================================================
Training for 5000 steps
Step    1 | loss 0.6477 | val_acc=0.7819 val_roc_auc=0.5201 val_loss=0.5893 val_metric_name=roc_auc val_metric=0.5201
Step   50 | loss 0.4474 | val_acc=0.7819 val_roc_auc=0.7468 val_loss=0.4479 val_metric_name=roc_auc val_metric=0.7468
Step  100 | loss 0.4169 | val_acc=0.7887 val_roc_auc=0.7910 val_loss=0.4262 val_metric_name=roc_auc val_metric=0.7910
Step  150 | loss 0.3959 | val_acc=0.8020 val_roc_auc=0.8248 val_loss=0.4077 val_metric_name=roc_auc val_metric=0.8248
Step  200 | loss 0.3815 | val_acc=0.7860 val_roc_auc=0.8323 val_loss=0.4157 val_metric_name=roc_auc val_metric=0.8323
Step  250 | loss 0.3736 | val_acc=0.7928 val_roc_auc=0.8361 val_loss=0.4075 val_metric_name=roc_auc val_metric=0.8361
Step  300 | loss 0.3693 | val_acc=0.7890 val_roc_auc=0.8386 val_loss=0.4195 val_metric_name=roc_auc val_metric=0.8386
Step  350 | loss 0.3651 | val_acc=0.7390 val_roc_auc=0.8336 val_loss=0.4874 val_metric_name=roc_auc val_metric=0.8336
Step  400 | loss 0.3565 | val_acc=0.7884 val_roc_auc=0.8398 val_loss=0.4281 val_metric_name=roc_auc val_metric=0.8398
Step  450 | loss 0.3515 | val_acc=0.7829 val_roc_auc=0.8372 val_loss=0.4424 val_metric_name=roc_auc val_metric=0.8372
Step  500 | loss 0.3397 | val_acc=0.7989 val_roc_auc=0.8416 val_loss=0.4168 val_metric_name=roc_auc val_metric=0.8416
Step  550 | loss 0.3315 | val_acc=0.7884 val_roc_auc=0.8367 val_loss=0.4504 val_metric_name=roc_auc val_metric=0.8367
Step  600 | loss 0.3283 | val_acc=0.7863 val_roc_auc=0.8387 val_loss=0.4482 val_metric_name=roc_auc val_metric=0.8387
Step  650 | loss 0.3269 | val_acc=0.7941 val_roc_auc=0.8377 val_loss=0.4420 val_metric_name=roc_auc val_metric=0.8377
Step  700 | loss 0.3063 | val_acc=0.8006 val_roc_auc=0.8376 val_loss=0.4514 val_metric_name=roc_auc val_metric=0.8376
Step  750 | loss 0.3026 | val_acc=0.7873 val_roc_auc=0.8362 val_loss=0.4650 val_metric_name=roc_auc val_metric=0.8362
Early stopping at step 787

--- Final (best ckpt @ step 440) ---
  train_acc=0.8229 train_roc_auc=0.8782 train_loss=0.3667 train_metric_name=roc_auc train_metric=0.8782
  val_acc=0.7945 val_roc_auc=0.8429 val_loss=0.4192 val_metric_name=roc_auc val_metric=0.8429
  test_acc=0.7850 test_roc_auc=0.8386 test_loss=0.4268 test_metric_name=roc_auc test_metric=0.8386
  test_roc_auc=0.8386

============================================================
Training tolokers GT 4L h=256 lr=1e-05 split=6
============================================================
Training for 5000 steps
Step    1 | loss 0.6477 | val_acc=0.7809 val_roc_auc=0.4435 val_loss=0.5911 val_metric_name=roc_auc val_metric=0.4435
Step   50 | loss 0.4952 | val_acc=0.7819 val_roc_auc=0.7139 val_loss=0.4888 val_metric_name=roc_auc val_metric=0.7139
Step  100 | loss 0.4675 | val_acc=0.7816 val_roc_auc=0.7289 val_loss=0.4691 val_metric_name=roc_auc val_metric=0.7289
Step  150 | loss 0.4585 | val_acc=0.7833 val_roc_auc=0.7407 val_loss=0.4599 val_metric_name=roc_auc val_metric=0.7407
Step  200 | loss 0.4488 | val_acc=0.7826 val_roc_auc=0.7471 val_loss=0.4546 val_metric_name=roc_auc val_metric=0.7471
Step  250 | loss 0.4382 | val_acc=0.7833 val_roc_auc=0.7531 val_loss=0.4501 val_metric_name=roc_auc val_metric=0.7531
Step  300 | loss 0.4352 | val_acc=0.7870 val_roc_auc=0.7595 val_loss=0.4465 val_metric_name=roc_auc val_metric=0.7595
Step  350 | loss 0.4299 | val_acc=0.7904 val_roc_auc=0.7663 val_loss=0.4420 val_metric_name=roc_auc val_metric=0.7663
Step  400 | loss 0.4266 | val_acc=0.7914 val_roc_auc=0.7740 val_loss=0.4373 val_metric_name=roc_auc val_metric=0.7740
Step  450 | loss 0.4219 | val_acc=0.7924 val_roc_auc=0.7838 val_loss=0.4317 val_metric_name=roc_auc val_metric=0.7838
Step  500 | loss 0.4181 | val_acc=0.7918 val_roc_auc=0.7922 val_loss=0.4282 val_metric_name=roc_auc val_metric=0.7922
Step  550 | loss 0.4129 | val_acc=0.7935 val_roc_auc=0.8007 val_loss=0.4240 val_metric_name=roc_auc val_metric=0.8007
Step  600 | loss 0.4123 | val_acc=0.7945 val_roc_auc=0.8081 val_loss=0.4232 val_metric_name=roc_auc val_metric=0.8081
Step  650 | loss 0.4085 | val_acc=0.7976 val_roc_auc=0.8149 val_loss=0.4166 val_metric_name=roc_auc val_metric=0.8149
Step  700 | loss 0.4025 | val_acc=0.7979 val_roc_auc=0.8189 val_loss=0.4191 val_metric_name=roc_auc val_metric=0.8189
Step  750 | loss 0.4035 | val_acc=0.8013 val_roc_auc=0.8227 val_loss=0.4102 val_metric_name=roc_auc val_metric=0.8227
Step  800 | loss 0.3984 | val_acc=0.8057 val_roc_auc=0.8259 val_loss=0.4083 val_metric_name=roc_auc val_metric=0.8259
Step  850 | loss 0.3936 | val_acc=0.8057 val_roc_auc=0.8279 val_loss=0.4092 val_metric_name=roc_auc val_metric=0.8279
Step  900 | loss 0.3943 | val_acc=0.7962 val_roc_auc=0.8301 val_loss=0.4055 val_metric_name=roc_auc val_metric=0.8301
Step  950 | loss 0.3892 | val_acc=0.8047 val_roc_auc=0.8315 val_loss=0.4077 val_metric_name=roc_auc val_metric=0.8315
Step 1000 | loss 0.3853 | val_acc=0.7993 val_roc_auc=0.8329 val_loss=0.4062 val_metric_name=roc_auc val_metric=0.8329
Step 1050 | loss 0.3806 | val_acc=0.7945 val_roc_auc=0.8341 val_loss=0.4096 val_metric_name=roc_auc val_metric=0.8341
Step 1100 | loss 0.3802 | val_acc=0.7856 val_roc_auc=0.8339 val_loss=0.4198 val_metric_name=roc_auc val_metric=0.8339
Step 1150 | loss 0.3816 | val_acc=0.7799 val_roc_auc=0.8332 val_loss=0.4321 val_metric_name=roc_auc val_metric=0.8332
Step 1200 | loss 0.3794 | val_acc=0.7632 val_roc_auc=0.8292 val_loss=0.4625 val_metric_name=roc_auc val_metric=0.8292
Step 1250 | loss 0.3802 | val_acc=0.7611 val_roc_auc=0.8294 val_loss=0.4648 val_metric_name=roc_auc val_metric=0.8294
Step 1300 | loss 0.3756 | val_acc=0.7717 val_roc_auc=0.8292 val_loss=0.4511 val_metric_name=roc_auc val_metric=0.8292
Step 1350 | loss 0.3770 | val_acc=0.7489 val_roc_auc=0.8260 val_loss=0.4815 val_metric_name=roc_auc val_metric=0.8260
Early stopping at step 1381

--- Final (best ckpt @ step 1080) ---
  train_acc=0.7933 train_roc_auc=0.8418 train_loss=0.4067 train_metric_name=roc_auc train_metric=0.8418
  val_acc=0.7887 val_roc_auc=0.8348 val_loss=0.4128 val_metric_name=roc_auc val_metric=0.8348
  test_acc=0.7854 test_roc_auc=0.8292 test_loss=0.4249 test_metric_name=roc_auc test_metric=0.8292
  test_roc_auc=0.8292

============================================================
Training tolokers GT 4L h=384 lr=3e-05 split=6
============================================================
Training for 5000 steps
Step    1 | loss 0.6080 | val_acc=0.7819 val_roc_auc=0.6924 val_loss=0.5019 val_metric_name=roc_auc val_metric=0.6924
Step   50 | loss 0.4502 | val_acc=0.7833 val_roc_auc=0.7465 val_loss=0.4560 val_metric_name=roc_auc val_metric=0.7465
Step  100 | loss 0.4261 | val_acc=0.7918 val_roc_auc=0.7678 val_loss=0.4433 val_metric_name=roc_auc val_metric=0.7678
Step  150 | loss 0.4093 | val_acc=0.7914 val_roc_auc=0.8026 val_loss=0.4321 val_metric_name=roc_auc val_metric=0.8026
Step  200 | loss 0.3993 | val_acc=0.7993 val_roc_auc=0.8248 val_loss=0.4106 val_metric_name=roc_auc val_metric=0.8248
Step  250 | loss 0.3883 | val_acc=0.8006 val_roc_auc=0.8338 val_loss=0.4010 val_metric_name=roc_auc val_metric=0.8338
Step  300 | loss 0.3808 | val_acc=0.7761 val_roc_auc=0.8332 val_loss=0.4318 val_metric_name=roc_auc val_metric=0.8332
Step  350 | loss 0.3730 | val_acc=0.7540 val_roc_auc=0.8290 val_loss=0.4664 val_metric_name=roc_auc val_metric=0.8290
Step  400 | loss 0.3760 | val_acc=0.7458 val_roc_auc=0.8269 val_loss=0.4841 val_metric_name=roc_auc val_metric=0.8269
Step  450 | loss 0.3660 | val_acc=0.7465 val_roc_auc=0.8276 val_loss=0.4944 val_metric_name=roc_auc val_metric=0.8276
Step  500 | loss 0.3607 | val_acc=0.7329 val_roc_auc=0.8259 val_loss=0.5293 val_metric_name=roc_auc val_metric=0.8259
Step  550 | loss 0.3594 | val_acc=0.7520 val_roc_auc=0.8291 val_loss=0.5007 val_metric_name=roc_auc val_metric=0.8291
Early stopping at step 575

--- Final (best ckpt @ step 270) ---
  train_acc=0.8046 train_roc_auc=0.8426 train_loss=0.3964 train_metric_name=roc_auc train_metric=0.8426
  val_acc=0.7948 val_roc_auc=0.8368 val_loss=0.4023 val_metric_name=roc_auc val_metric=0.8368
  test_acc=0.7942 test_roc_auc=0.8301 test_loss=0.4165 test_metric_name=roc_auc test_metric=0.8301
  test_roc_auc=0.8301

============================================================
Training tolokers GT 4L h=384 lr=6e-05 split=6
============================================================
Training for 5000 steps
Step    1 | loss 0.6080 | val_acc=0.7819 val_roc_auc=0.6926 val_loss=0.5928 val_metric_name=roc_auc val_metric=0.6926
Step   50 | loss 0.4409 | val_acc=0.7850 val_roc_auc=0.7539 val_loss=0.4477 val_metric_name=roc_auc val_metric=0.7539
Step  100 | loss 0.4081 | val_acc=0.7901 val_roc_auc=0.8023 val_loss=0.4335 val_metric_name=roc_auc val_metric=0.8023
Step  150 | loss 0.3889 | val_acc=0.8013 val_roc_auc=0.8296 val_loss=0.4008 val_metric_name=roc_auc val_metric=0.8296
Step  200 | loss 0.3799 | val_acc=0.7877 val_roc_auc=0.8324 val_loss=0.4181 val_metric_name=roc_auc val_metric=0.8324
Step  250 | loss 0.3692 | val_acc=0.7499 val_roc_auc=0.8297 val_loss=0.4763 val_metric_name=roc_auc val_metric=0.8297
Step  300 | loss 0.3643 | val_acc=0.7632 val_roc_auc=0.8328 val_loss=0.4550 val_metric_name=roc_auc val_metric=0.8328
Step  350 | loss 0.3570 | val_acc=0.7462 val_roc_auc=0.8297 val_loss=0.4978 val_metric_name=roc_auc val_metric=0.8297
Step  400 | loss 0.3508 | val_acc=0.7533 val_roc_auc=0.8336 val_loss=0.4841 val_metric_name=roc_auc val_metric=0.8336
Step  450 | loss 0.3457 | val_acc=0.7656 val_roc_auc=0.8347 val_loss=0.4696 val_metric_name=roc_auc val_metric=0.8347
Step  500 | loss 0.3377 | val_acc=0.7758 val_roc_auc=0.8360 val_loss=0.4542 val_metric_name=roc_auc val_metric=0.8360
Step  550 | loss 0.3289 | val_acc=0.8040 val_roc_auc=0.8405 val_loss=0.4236 val_metric_name=roc_auc val_metric=0.8405
Step  600 | loss 0.3197 | val_acc=0.7809 val_roc_auc=0.8356 val_loss=0.4556 val_metric_name=roc_auc val_metric=0.8356
Step  650 | loss 0.3055 | val_acc=0.7993 val_roc_auc=0.8371 val_loss=0.4402 val_metric_name=roc_auc val_metric=0.8371
Step  700 | loss 0.3063 | val_acc=0.7846 val_roc_auc=0.8348 val_loss=0.4638 val_metric_name=roc_auc val_metric=0.8348
Step  750 | loss 0.2837 | val_acc=0.7894 val_roc_auc=0.8311 val_loss=0.4847 val_metric_name=roc_auc val_metric=0.8311
Step  800 | loss 0.2699 | val_acc=0.7843 val_roc_auc=0.8242 val_loss=0.5133 val_metric_name=roc_auc val_metric=0.8242
Step  850 | loss 0.2582 | val_acc=0.7965 val_roc_auc=0.8223 val_loss=0.5220 val_metric_name=roc_auc val_metric=0.8223
Step  900 | loss 0.2384 | val_acc=0.7802 val_roc_auc=0.8155 val_loss=0.5659 val_metric_name=roc_auc val_metric=0.8155
Early stopping at step 940

--- Final (best ckpt @ step 640) ---
  train_acc=0.8757 train_roc_auc=0.9202 train_loss=0.2847 train_metric_name=roc_auc train_metric=0.9202
  val_acc=0.8156 val_roc_auc=0.8415 val_loss=0.4247 val_metric_name=roc_auc val_metric=0.8415
  test_acc=0.8007 test_roc_auc=0.8339 test_loss=0.4380 test_metric_name=roc_auc test_metric=0.8339
  test_roc_auc=0.8339

============================================================
Training tolokers GT 4L h=384 lr=0.0001 split=6
============================================================
Training for 5000 steps
Step    1 | loss 0.6080 | val_acc=0.7819 val_roc_auc=0.6919 val_loss=0.7907 val_metric_name=roc_auc val_metric=0.6919
Step   50 | loss 0.4383 | val_acc=0.7836 val_roc_auc=0.7551 val_loss=0.4435 val_metric_name=roc_auc val_metric=0.7551
Step  100 | loss 0.3978 | val_acc=0.7938 val_roc_auc=0.8165 val_loss=0.4096 val_metric_name=roc_auc val_metric=0.8165
Step  150 | loss 0.3792 | val_acc=0.8010 val_roc_auc=0.8313 val_loss=0.3999 val_metric_name=roc_auc val_metric=0.8313
Step  200 | loss 0.3706 | val_acc=0.7594 val_roc_auc=0.8294 val_loss=0.4676 val_metric_name=roc_auc val_metric=0.8294
Step  250 | loss 0.3598 | val_acc=0.7894 val_roc_auc=0.8399 val_loss=0.4221 val_metric_name=roc_auc val_metric=0.8399
Step  300 | loss 0.3505 | val_acc=0.7400 val_roc_auc=0.8305 val_loss=0.4824 val_metric_name=roc_auc val_metric=0.8305
Step  350 | loss 0.3355 | val_acc=0.7700 val_roc_auc=0.8384 val_loss=0.4535 val_metric_name=roc_auc val_metric=0.8384
Step  400 | loss 0.3225 | val_acc=0.7799 val_roc_auc=0.8379 val_loss=0.4598 val_metric_name=roc_auc val_metric=0.8379
Step  450 | loss 0.3184 | val_acc=0.7904 val_roc_auc=0.8364 val_loss=0.4450 val_metric_name=roc_auc val_metric=0.8364
Step  500 | loss 0.2874 | val_acc=0.7802 val_roc_auc=0.8290 val_loss=0.4834 val_metric_name=roc_auc val_metric=0.8290
Step  550 | loss 0.2764 | val_acc=0.7958 val_roc_auc=0.8245 val_loss=0.4938 val_metric_name=roc_auc val_metric=0.8245
Step  600 | loss 0.2474 | val_acc=0.7628 val_roc_auc=0.8124 val_loss=0.5776 val_metric_name=roc_auc val_metric=0.8124
Step  650 | loss 0.2216 | val_acc=0.7744 val_roc_auc=0.8059 val_loss=0.5828 val_metric_name=roc_auc val_metric=0.8059
Early stopping at step 690

--- Final (best ckpt @ step 390) ---
  train_acc=0.8522 train_roc_auc=0.9031 train_loss=0.3211 train_metric_name=roc_auc train_metric=0.9031
  val_acc=0.8006 val_roc_auc=0.8428 val_loss=0.4199 val_metric_name=roc_auc val_metric=0.8428
  test_acc=0.7871 test_roc_auc=0.8327 test_loss=0.4352 test_metric_name=roc_auc test_metric=0.8327
  test_roc_auc=0.8327

============================================================
Training tolokers GT 4L h=384 lr=1e-05 split=6
============================================================
Training for 5000 steps
Step    1 | loss 0.6080 | val_acc=0.7819 val_roc_auc=0.6907 val_loss=0.5261 val_metric_name=roc_auc val_metric=0.6907
Step   50 | loss 0.4688 | val_acc=0.7819 val_roc_auc=0.7273 val_loss=0.4726 val_metric_name=roc_auc val_metric=0.7273
Step  100 | loss 0.4499 | val_acc=0.7829 val_roc_auc=0.7467 val_loss=0.4598 val_metric_name=roc_auc val_metric=0.7467
Step  150 | loss 0.4396 | val_acc=0.7853 val_roc_auc=0.7565 val_loss=0.4533 val_metric_name=roc_auc val_metric=0.7565
Step  200 | loss 0.4345 | val_acc=0.7901 val_roc_auc=0.7651 val_loss=0.4479 val_metric_name=roc_auc val_metric=0.7651
Step  250 | loss 0.4260 | val_acc=0.7911 val_roc_auc=0.7764 val_loss=0.4431 val_metric_name=roc_auc val_metric=0.7764
Step  300 | loss 0.4198 | val_acc=0.7901 val_roc_auc=0.7903 val_loss=0.4400 val_metric_name=roc_auc val_metric=0.7903
Step  350 | loss 0.4096 | val_acc=0.7938 val_roc_auc=0.8039 val_loss=0.4395 val_metric_name=roc_auc val_metric=0.8039
Step  400 | loss 0.4079 | val_acc=0.7976 val_roc_auc=0.8154 val_loss=0.4369 val_metric_name=roc_auc val_metric=0.8154
Step  450 | loss 0.3974 | val_acc=0.7972 val_roc_auc=0.8224 val_loss=0.4182 val_metric_name=roc_auc val_metric=0.8224
Step  500 | loss 0.3971 | val_acc=0.8013 val_roc_auc=0.8279 val_loss=0.4106 val_metric_name=roc_auc val_metric=0.8279
Step  550 | loss 0.3912 | val_acc=0.7979 val_roc_auc=0.8315 val_loss=0.4076 val_metric_name=roc_auc val_metric=0.8315
Step  600 | loss 0.3839 | val_acc=0.7931 val_roc_auc=0.8344 val_loss=0.4070 val_metric_name=roc_auc val_metric=0.8344
Step  650 | loss 0.3801 | val_acc=0.7928 val_roc_auc=0.8360 val_loss=0.4081 val_metric_name=roc_auc val_metric=0.8360
Step  700 | loss 0.3826 | val_acc=0.7843 val_roc_auc=0.8354 val_loss=0.4217 val_metric_name=roc_auc val_metric=0.8354
Step  750 | loss 0.3821 | val_acc=0.7669 val_roc_auc=0.8314 val_loss=0.4520 val_metric_name=roc_auc val_metric=0.8314
Step  800 | loss 0.3751 | val_acc=0.7445 val_roc_auc=0.8286 val_loss=0.4793 val_metric_name=roc_auc val_metric=0.8286
Step  850 | loss 0.3737 | val_acc=0.7421 val_roc_auc=0.8265 val_loss=0.4890 val_metric_name=roc_auc val_metric=0.8265
Step  900 | loss 0.3716 | val_acc=0.7077 val_roc_auc=0.8206 val_loss=0.5519 val_metric_name=roc_auc val_metric=0.8206
Step  950 | loss 0.3700 | val_acc=0.7217 val_roc_auc=0.8227 val_loss=0.5348 val_metric_name=roc_auc val_metric=0.8227
Early stopping at step 970

--- Final (best ckpt @ step 670) ---
  train_acc=0.7964 train_roc_auc=0.8430 train_loss=0.4043 train_metric_name=roc_auc train_metric=0.8430
  val_acc=0.7894 val_roc_auc=0.8367 val_loss=0.4099 val_metric_name=roc_auc val_metric=0.8367
  test_acc=0.7884 test_roc_auc=0.8311 test_loss=0.4230 test_metric_name=roc_auc test_metric=0.8311
  test_roc_auc=0.8311

============================================================
Training tolokers GT 4L h=512 lr=3e-05 split=6
============================================================
Training for 5000 steps
Step    1 | loss 0.6564 | val_acc=0.7819 val_roc_auc=0.3528 val_loss=0.5694 val_metric_name=roc_auc val_metric=0.3528
Step   50 | loss 0.4433 | val_acc=0.7856 val_roc_auc=0.7523 val_loss=0.4531 val_metric_name=roc_auc val_metric=0.7523
Step  100 | loss 0.4198 | val_acc=0.7918 val_roc_auc=0.7814 val_loss=0.4353 val_metric_name=roc_auc val_metric=0.7814
Step  150 | loss 0.4000 | val_acc=0.7962 val_roc_auc=0.8184 val_loss=0.4096 val_metric_name=roc_auc val_metric=0.8184
Step  200 | loss 0.3880 | val_acc=0.7877 val_roc_auc=0.8274 val_loss=0.4202 val_metric_name=roc_auc val_metric=0.8274
Step  250 | loss 0.3765 | val_acc=0.7693 val_roc_auc=0.8336 val_loss=0.4411 val_metric_name=roc_auc val_metric=0.8336
Step  300 | loss 0.3697 | val_acc=0.6945 val_roc_auc=0.8258 val_loss=0.5733 val_metric_name=roc_auc val_metric=0.8258
Step  350 | loss 0.3660 | val_acc=0.7149 val_roc_auc=0.8298 val_loss=0.5556 val_metric_name=roc_auc val_metric=0.8298
Step  400 | loss 0.3635 | val_acc=0.7040 val_roc_auc=0.8306 val_loss=0.5842 val_metric_name=roc_auc val_metric=0.8306
Step  450 | loss 0.3540 | val_acc=0.6924 val_roc_auc=0.8237 val_loss=0.6132 val_metric_name=roc_auc val_metric=0.8237
Step  500 | loss 0.3477 | val_acc=0.7104 val_roc_auc=0.8268 val_loss=0.5899 val_metric_name=roc_auc val_metric=0.8268
Step  550 | loss 0.3433 | val_acc=0.7366 val_roc_auc=0.8313 val_loss=0.5440 val_metric_name=roc_auc val_metric=0.8313
Step  600 | loss 0.3349 | val_acc=0.7509 val_roc_auc=0.8328 val_loss=0.5148 val_metric_name=roc_auc val_metric=0.8328
Step  650 | loss 0.3257 | val_acc=0.7373 val_roc_auc=0.8298 val_loss=0.5596 val_metric_name=roc_auc val_metric=0.8298
Step  700 | loss 0.3178 | val_acc=0.7387 val_roc_auc=0.8288 val_loss=0.5588 val_metric_name=roc_auc val_metric=0.8288
Step  750 | loss 0.3116 | val_acc=0.7833 val_roc_auc=0.8356 val_loss=0.4765 val_metric_name=roc_auc val_metric=0.8356
Step  800 | loss 0.3049 | val_acc=0.7771 val_roc_auc=0.8317 val_loss=0.4956 val_metric_name=roc_auc val_metric=0.8317
Step  850 | loss 0.2919 | val_acc=0.7428 val_roc_auc=0.8269 val_loss=0.5603 val_metric_name=roc_auc val_metric=0.8269
Step  900 | loss 0.2839 | val_acc=0.7717 val_roc_auc=0.8263 val_loss=0.5297 val_metric_name=roc_auc val_metric=0.8263
Step  950 | loss 0.2723 | val_acc=0.7805 val_roc_auc=0.8229 val_loss=0.5345 val_metric_name=roc_auc val_metric=0.8229
Step 1000 | loss 0.2629 | val_acc=0.7737 val_roc_auc=0.8202 val_loss=0.5497 val_metric_name=roc_auc val_metric=0.8202
Step 1050 | loss 0.2506 | val_acc=0.7785 val_roc_auc=0.8193 val_loss=0.5656 val_metric_name=roc_auc val_metric=0.8193
Early stopping at step 1050

--- Final (best ckpt @ step 750) ---
  train_acc=0.8452 train_roc_auc=0.9097 train_loss=0.3401 train_metric_name=roc_auc train_metric=0.9097
  val_acc=0.7833 val_roc_auc=0.8356 val_loss=0.4765 val_metric_name=roc_auc val_metric=0.8356
  test_acc=0.7769 test_roc_auc=0.8311 test_loss=0.4966 test_metric_name=roc_auc test_metric=0.8311
  test_roc_auc=0.8311

============================================================
Training tolokers GT 4L h=512 lr=6e-05 split=6
============================================================
Training for 5000 steps
Step    1 | loss 0.6564 | val_acc=0.7819 val_roc_auc=0.4017 val_loss=0.7659 val_metric_name=roc_auc val_metric=0.4017
Step   50 | loss 0.4363 | val_acc=0.7839 val_roc_auc=0.7585 val_loss=0.4424 val_metric_name=roc_auc val_metric=0.7585
Step  100 | loss 0.4046 | val_acc=0.7982 val_roc_auc=0.8142 val_loss=0.4053 val_metric_name=roc_auc val_metric=0.8142
Step  150 | loss 0.3823 | val_acc=0.7795 val_roc_auc=0.8297 val_loss=0.4218 val_metric_name=roc_auc val_metric=0.8297
Step  200 | loss 0.3665 | val_acc=0.7173 val_roc_auc=0.8269 val_loss=0.5283 val_metric_name=roc_auc val_metric=0.8269
Step  250 | loss 0.3591 | val_acc=0.7577 val_roc_auc=0.8341 val_loss=0.4983 val_metric_name=roc_auc val_metric=0.8341
Step  300 | loss 0.3505 | val_acc=0.7366 val_roc_auc=0.8320 val_loss=0.5414 val_metric_name=roc_auc val_metric=0.8320
Step  350 | loss 0.3420 | val_acc=0.7431 val_roc_auc=0.8332 val_loss=0.5180 val_metric_name=roc_auc val_metric=0.8332
Step  400 | loss 0.3406 | val_acc=0.7873 val_roc_auc=0.8380 val_loss=0.4605 val_metric_name=roc_auc val_metric=0.8380
Step  450 | loss 0.3154 | val_acc=0.7516 val_roc_auc=0.8305 val_loss=0.5223 val_metric_name=roc_auc val_metric=0.8305
Step  500 | loss 0.2961 | val_acc=0.7775 val_roc_auc=0.8321 val_loss=0.4972 val_metric_name=roc_auc val_metric=0.8321
Step  550 | loss 0.2815 | val_acc=0.7952 val_roc_auc=0.8322 val_loss=0.4710 val_metric_name=roc_auc val_metric=0.8322
Step  600 | loss 0.2597 | val_acc=0.7986 val_roc_auc=0.8290 val_loss=0.5117 val_metric_name=roc_auc val_metric=0.8290
Step  650 | loss 0.2297 | val_acc=0.7816 val_roc_auc=0.8202 val_loss=0.5677 val_metric_name=roc_auc val_metric=0.8202
Step  700 | loss 0.2143 | val_acc=0.7802 val_roc_auc=0.8138 val_loss=0.6108 val_metric_name=roc_auc val_metric=0.8138
Early stopping at step 718

--- Final (best ckpt @ step 400) ---
  train_acc=0.8377 train_roc_auc=0.8947 train_loss=0.3662 train_metric_name=roc_auc train_metric=0.8947
  val_acc=0.7873 val_roc_auc=0.8380 val_loss=0.4605 val_metric_name=roc_auc val_metric=0.8380
  test_acc=0.7820 test_roc_auc=0.8317 test_loss=0.4809 test_metric_name=roc_auc test_metric=0.8317
  test_roc_auc=0.8317

============================================================
Training tolokers GT 4L h=512 lr=0.0001 split=6
============================================================
Training for 5000 steps
Step    1 | loss 0.6564 | val_acc=0.7819 val_roc_auc=0.4826 val_loss=1.0566 val_metric_name=roc_auc val_metric=0.4826
Step   50 | loss 0.4372 | val_acc=0.7846 val_roc_auc=0.7550 val_loss=0.4438 val_metric_name=roc_auc val_metric=0.7550
Step  100 | loss 0.4007 | val_acc=0.7894 val_roc_auc=0.8135 val_loss=0.4077 val_metric_name=roc_auc val_metric=0.8135
Step  150 | loss 0.3735 | val_acc=0.7472 val_roc_auc=0.8229 val_loss=0.4538 val_metric_name=roc_auc val_metric=0.8229
Step  200 | loss 0.3573 | val_acc=0.7775 val_roc_auc=0.8330 val_loss=0.4577 val_metric_name=roc_auc val_metric=0.8330
Step  250 | loss 0.3477 | val_acc=0.7976 val_roc_auc=0.8381 val_loss=0.4412 val_metric_name=roc_auc val_metric=0.8381
Step  300 | loss 0.3468 | val_acc=0.7935 val_roc_auc=0.8342 val_loss=0.4520 val_metric_name=roc_auc val_metric=0.8342
Step  350 | loss 0.3084 | val_acc=0.7717 val_roc_auc=0.8292 val_loss=0.4879 val_metric_name=roc_auc val_metric=0.8292
Step  400 | loss 0.2916 | val_acc=0.7972 val_roc_auc=0.8235 val_loss=0.5134 val_metric_name=roc_auc val_metric=0.8235
Step  450 | loss 0.2620 | val_acc=0.7778 val_roc_auc=0.8156 val_loss=0.5662 val_metric_name=roc_auc val_metric=0.8156
Step  500 | loss 0.2196 | val_acc=0.7938 val_roc_auc=0.8121 val_loss=0.6022 val_metric_name=roc_auc val_metric=0.8121
Step  550 | loss 0.2002 | val_acc=0.7941 val_roc_auc=0.8102 val_loss=0.6752 val_metric_name=roc_auc val_metric=0.8102
Early stopping at step 551

--- Final (best ckpt @ step 250) ---
  train_acc=0.8233 train_roc_auc=0.8779 train_loss=0.3751 train_metric_name=roc_auc train_metric=0.8779
  val_acc=0.7976 val_roc_auc=0.8381 val_loss=0.4412 val_metric_name=roc_auc val_metric=0.8381
  test_acc=0.7898 test_roc_auc=0.8302 test_loss=0.4617 test_metric_name=roc_auc test_metric=0.8302
  test_roc_auc=0.8302

============================================================
Training tolokers GT 4L h=512 lr=1e-05 split=6
============================================================
Training for 5000 steps
Step    1 | loss 0.6564 | val_acc=0.7819 val_roc_auc=0.3154 val_loss=0.5589 val_metric_name=roc_auc val_metric=0.3154
Step   50 | loss 0.4634 | val_acc=0.7822 val_roc_auc=0.7321 val_loss=0.4683 val_metric_name=roc_auc val_metric=0.7321
Step  100 | loss 0.4428 | val_acc=0.7860 val_roc_auc=0.7538 val_loss=0.4548 val_metric_name=roc_auc val_metric=0.7538
Step  150 | loss 0.4315 | val_acc=0.7911 val_roc_auc=0.7662 val_loss=0.4452 val_metric_name=roc_auc val_metric=0.7662
Step  200 | loss 0.4244 | val_acc=0.7928 val_roc_auc=0.7805 val_loss=0.4398 val_metric_name=roc_auc val_metric=0.7805
Step  250 | loss 0.4115 | val_acc=0.7945 val_roc_auc=0.7981 val_loss=0.4289 val_metric_name=roc_auc val_metric=0.7981
Step  300 | loss 0.4071 | val_acc=0.7993 val_roc_auc=0.8136 val_loss=0.4166 val_metric_name=roc_auc val_metric=0.8136
Step  350 | loss 0.4015 | val_acc=0.8003 val_roc_auc=0.8204 val_loss=0.4174 val_metric_name=roc_auc val_metric=0.8204
Step  400 | loss 0.3954 | val_acc=0.7952 val_roc_auc=0.8253 val_loss=0.4112 val_metric_name=roc_auc val_metric=0.8253
Step  450 | loss 0.3869 | val_acc=0.7955 val_roc_auc=0.8278 val_loss=0.4154 val_metric_name=roc_auc val_metric=0.8278
Step  500 | loss 0.3823 | val_acc=0.7931 val_roc_auc=0.8315 val_loss=0.4156 val_metric_name=roc_auc val_metric=0.8315
Step  550 | loss 0.3814 | val_acc=0.7581 val_roc_auc=0.8327 val_loss=0.4578 val_metric_name=roc_auc val_metric=0.8327
Step  600 | loss 0.3750 | val_acc=0.7070 val_roc_auc=0.8299 val_loss=0.5291 val_metric_name=roc_auc val_metric=0.8299
Step  650 | loss 0.3715 | val_acc=0.6713 val_roc_auc=0.8260 val_loss=0.6063 val_metric_name=roc_auc val_metric=0.8260
Step  700 | loss 0.3699 | val_acc=0.6812 val_roc_auc=0.8249 val_loss=0.6060 val_metric_name=roc_auc val_metric=0.8249
Step  750 | loss 0.3683 | val_acc=0.6594 val_roc_auc=0.8204 val_loss=0.6724 val_metric_name=roc_auc val_metric=0.8204
Step  800 | loss 0.3638 | val_acc=0.6717 val_roc_auc=0.8209 val_loss=0.6527 val_metric_name=roc_auc val_metric=0.8209
Step  850 | loss 0.3623 | val_acc=0.6553 val_roc_auc=0.8172 val_loss=0.7103 val_metric_name=roc_auc val_metric=0.8172
Early stopping at step 860

--- Final (best ckpt @ step 560) ---
  train_acc=0.7564 train_roc_auc=0.8404 train_loss=0.4549 train_metric_name=roc_auc train_metric=0.8404
  val_acc=0.7550 val_roc_auc=0.8332 val_loss=0.4588 val_metric_name=roc_auc val_metric=0.8332
  test_acc=0.7480 test_roc_auc=0.8288 test_loss=0.4751 test_metric_name=roc_auc test_metric=0.8288
  test_roc_auc=0.8288
  >> num_layers=4 hidden_dim=256 lr=3e-05 best_step=1410 val_roc_auc=0.8450 test_roc_auc=0.8393
     val_acc=0.8149 val_loss=0.4086 val_metric=0.8450 val_metric_name=roc_auc val_roc_auc=0.8450
     test_acc=0.7997 test_loss=0.4170 test_metric=0.8393 test_metric_name=roc_auc test_roc_auc=0.8393
  >> num_layers=4 hidden_dim=256 lr=6e-05 best_step=580 val_roc_auc=0.8440 test_roc_auc=0.8401
     val_acc=0.8003 val_loss=0.4124 val_metric=0.8440 val_metric_name=roc_auc val_roc_auc=0.8440
     test_acc=0.7915 test_loss=0.4199 test_metric=0.8401 test_metric_name=roc_auc test_roc_auc=0.8401
  >> num_layers=4 hidden_dim=256 lr=0.0001 best_step=440 val_roc_auc=0.8429 test_roc_auc=0.8386
     val_acc=0.7945 val_loss=0.4192 val_metric=0.8429 val_metric_name=roc_auc val_roc_auc=0.8429
     test_acc=0.7850 test_loss=0.4268 test_metric=0.8386 test_metric_name=roc_auc test_roc_auc=0.8386
  >> num_layers=4 hidden_dim=256 lr=1e-05 best_step=1080 val_roc_auc=0.8348 test_roc_auc=0.8292
     val_acc=0.7887 val_loss=0.4128 val_metric=0.8348 val_metric_name=roc_auc val_roc_auc=0.8348
     test_acc=0.7854 test_loss=0.4249 test_metric=0.8292 test_metric_name=roc_auc test_roc_auc=0.8292
  >> num_layers=4 hidden_dim=384 lr=3e-05 best_step=270 val_roc_auc=0.8368 test_roc_auc=0.8301
     val_acc=0.7948 val_loss=0.4023 val_metric=0.8368 val_metric_name=roc_auc val_roc_auc=0.8368
     test_acc=0.7942 test_loss=0.4165 test_metric=0.8301 test_metric_name=roc_auc test_roc_auc=0.8301
  >> num_layers=4 hidden_dim=384 lr=6e-05 best_step=640 val_roc_auc=0.8415 test_roc_auc=0.8339
     val_acc=0.8156 val_loss=0.4247 val_metric=0.8415 val_metric_name=roc_auc val_roc_auc=0.8415
     test_acc=0.8007 test_loss=0.4380 test_metric=0.8339 test_metric_name=roc_auc test_roc_auc=0.8339
  >> num_layers=4 hidden_dim=384 lr=0.0001 best_step=390 val_roc_auc=0.8428 test_roc_auc=0.8327
     val_acc=0.8006 val_loss=0.4199 val_metric=0.8428 val_metric_name=roc_auc val_roc_auc=0.8428
     test_acc=0.7871 test_loss=0.4352 test_metric=0.8327 test_metric_name=roc_auc test_roc_auc=0.8327
  >> num_layers=4 hidden_dim=384 lr=1e-05 best_step=670 val_roc_auc=0.8367 test_roc_auc=0.8311
     val_acc=0.7894 val_loss=0.4099 val_metric=0.8367 val_metric_name=roc_auc val_roc_auc=0.8367
     test_acc=0.7884 test_loss=0.4230 test_metric=0.8311 test_metric_name=roc_auc test_roc_auc=0.8311
  >> num_layers=4 hidden_dim=512 lr=3e-05 best_step=750 val_roc_auc=0.8356 test_roc_auc=0.8311
     val_acc=0.7833 val_loss=0.4765 val_metric=0.8356 val_metric_name=roc_auc val_roc_auc=0.8356
     test_acc=0.7769 test_loss=0.4966 test_metric=0.8311 test_metric_name=roc_auc test_roc_auc=0.8311
  >> num_layers=4 hidden_dim=512 lr=6e-05 best_step=400 val_roc_auc=0.8380 test_roc_auc=0.8317
     val_acc=0.7873 val_loss=0.4605 val_metric=0.8380 val_metric_name=roc_auc val_roc_auc=0.8380
     test_acc=0.7820 test_loss=0.4809 test_metric=0.8317 test_metric_name=roc_auc test_roc_auc=0.8317
  >> num_layers=4 hidden_dim=512 lr=0.0001 best_step=250 val_roc_auc=0.8381 test_roc_auc=0.8302
     val_acc=0.7976 val_loss=0.4412 val_metric=0.8381 val_metric_name=roc_auc val_roc_auc=0.8381
     test_acc=0.7898 test_loss=0.4617 test_metric=0.8302 test_metric_name=roc_auc test_roc_auc=0.8302
  >> num_layers=4 hidden_dim=512 lr=1e-05 best_step=560 val_roc_auc=0.8332 test_roc_auc=0.8288
     val_acc=0.7550 val_loss=0.4588 val_metric=0.8332 val_metric_name=roc_auc val_roc_auc=0.8332
     test_acc=0.7480 test_loss=0.4751 test_metric=0.8288 test_metric_name=roc_auc test_roc_auc=0.8288
  >> selected best (by val): num_layers=4 hidden_dim=256 lr=3e-05 val_roc_auc=0.8450 test_roc_auc=0.8393
     val_acc=0.8149 val_loss=0.4086 val_metric=0.8450 val_metric_name=roc_auc val_roc_auc=0.8450
     test_acc=0.7997 test_loss=0.4170 test_metric=0.8393 test_metric_name=roc_auc test_roc_auc=0.8393

Done. Results saved to /home/avshmelev/diploma_yandex_graphs/results_grid/tolokers/base.csv, checkpoints in /home/avshmelev/diploma_yandex_graphs/all_checkpoints/tolokers/base/
Skipping: "Done." found in /home/avshmelev/diploma_yandex_graphs/results_grid/tolokers/logs_base/GT_4L_split6.log
