Loading data...

============================================================
Training tolokers ResNet 4L h=256 lr=3e-05 split=8
============================================================
Training for 5000 steps
Step    1 | loss 0.8849 | val_acc=0.2181 val_roc_auc=0.4291 val_loss=0.8016 val_metric_name=roc_auc val_metric=0.4291
Step   50 | loss 0.4949 | val_acc=0.7819 val_roc_auc=0.7001 val_loss=0.4842 val_metric_name=roc_auc val_metric=0.7001
Step  100 | loss 0.4827 | val_acc=0.7819 val_roc_auc=0.7091 val_loss=0.4775 val_metric_name=roc_auc val_metric=0.7091
Step  150 | loss 0.4749 | val_acc=0.7850 val_roc_auc=0.7154 val_loss=0.4655 val_metric_name=roc_auc val_metric=0.7154
Step  200 | loss 0.4701 | val_acc=0.7822 val_roc_auc=0.7208 val_loss=0.4590 val_metric_name=roc_auc val_metric=0.7208
Step  250 | loss 0.4668 | val_acc=0.7822 val_roc_auc=0.7252 val_loss=0.4556 val_metric_name=roc_auc val_metric=0.7252
Step  300 | loss 0.4650 | val_acc=0.7819 val_roc_auc=0.7284 val_loss=0.4532 val_metric_name=roc_auc val_metric=0.7284
Step  350 | loss 0.4593 | val_acc=0.7819 val_roc_auc=0.7292 val_loss=0.4520 val_metric_name=roc_auc val_metric=0.7292
Step  400 | loss 0.4627 | val_acc=0.7822 val_roc_auc=0.7303 val_loss=0.4509 val_metric_name=roc_auc val_metric=0.7303
Step  450 | loss 0.4572 | val_acc=0.7816 val_roc_auc=0.7306 val_loss=0.4503 val_metric_name=roc_auc val_metric=0.7306
Step  500 | loss 0.4535 | val_acc=0.7826 val_roc_auc=0.7310 val_loss=0.4499 val_metric_name=roc_auc val_metric=0.7310
Step  550 | loss 0.4564 | val_acc=0.7826 val_roc_auc=0.7307 val_loss=0.4499 val_metric_name=roc_auc val_metric=0.7307
Step  600 | loss 0.4571 | val_acc=0.7822 val_roc_auc=0.7308 val_loss=0.4496 val_metric_name=roc_auc val_metric=0.7308
Step  650 | loss 0.4561 | val_acc=0.7829 val_roc_auc=0.7311 val_loss=0.4493 val_metric_name=roc_auc val_metric=0.7311
Step  700 | loss 0.4579 | val_acc=0.7826 val_roc_auc=0.7316 val_loss=0.4489 val_metric_name=roc_auc val_metric=0.7316
Step  750 | loss 0.4538 | val_acc=0.7822 val_roc_auc=0.7314 val_loss=0.4488 val_metric_name=roc_auc val_metric=0.7314
Step  800 | loss 0.4547 | val_acc=0.7833 val_roc_auc=0.7317 val_loss=0.4486 val_metric_name=roc_auc val_metric=0.7317
Step  850 | loss 0.4534 | val_acc=0.7836 val_roc_auc=0.7325 val_loss=0.4484 val_metric_name=roc_auc val_metric=0.7325
Step  900 | loss 0.4534 | val_acc=0.7829 val_roc_auc=0.7329 val_loss=0.4481 val_metric_name=roc_auc val_metric=0.7329
Step  950 | loss 0.4516 | val_acc=0.7833 val_roc_auc=0.7338 val_loss=0.4477 val_metric_name=roc_auc val_metric=0.7338
Step 1000 | loss 0.4544 | val_acc=0.7829 val_roc_auc=0.7343 val_loss=0.4475 val_metric_name=roc_auc val_metric=0.7343
Step 1050 | loss 0.4505 | val_acc=0.7836 val_roc_auc=0.7354 val_loss=0.4475 val_metric_name=roc_auc val_metric=0.7354
Step 1100 | loss 0.4529 | val_acc=0.7833 val_roc_auc=0.7353 val_loss=0.4471 val_metric_name=roc_auc val_metric=0.7353
Step 1150 | loss 0.4505 | val_acc=0.7843 val_roc_auc=0.7363 val_loss=0.4471 val_metric_name=roc_auc val_metric=0.7363
Step 1200 | loss 0.4511 | val_acc=0.7839 val_roc_auc=0.7364 val_loss=0.4470 val_metric_name=roc_auc val_metric=0.7364
Step 1250 | loss 0.4520 | val_acc=0.7839 val_roc_auc=0.7366 val_loss=0.4467 val_metric_name=roc_auc val_metric=0.7366
Step 1300 | loss 0.4500 | val_acc=0.7836 val_roc_auc=0.7368 val_loss=0.4469 val_metric_name=roc_auc val_metric=0.7368
Step 1350 | loss 0.4518 | val_acc=0.7839 val_roc_auc=0.7370 val_loss=0.4467 val_metric_name=roc_auc val_metric=0.7370
Step 1400 | loss 0.4494 | val_acc=0.7839 val_roc_auc=0.7372 val_loss=0.4468 val_metric_name=roc_auc val_metric=0.7372
Step 1450 | loss 0.4519 | val_acc=0.7839 val_roc_auc=0.7373 val_loss=0.4471 val_metric_name=roc_auc val_metric=0.7373
Step 1500 | loss 0.4507 | val_acc=0.7839 val_roc_auc=0.7376 val_loss=0.4469 val_metric_name=roc_auc val_metric=0.7376
Step 1550 | loss 0.4495 | val_acc=0.7839 val_roc_auc=0.7381 val_loss=0.4469 val_metric_name=roc_auc val_metric=0.7381
Step 1600 | loss 0.4485 | val_acc=0.7839 val_roc_auc=0.7381 val_loss=0.4470 val_metric_name=roc_auc val_metric=0.7381
Step 1650 | loss 0.4486 | val_acc=0.7846 val_roc_auc=0.7381 val_loss=0.4473 val_metric_name=roc_auc val_metric=0.7381
Step 1700 | loss 0.4491 | val_acc=0.7839 val_roc_auc=0.7383 val_loss=0.4471 val_metric_name=roc_auc val_metric=0.7383
Step 1750 | loss 0.4503 | val_acc=0.7846 val_roc_auc=0.7382 val_loss=0.4477 val_metric_name=roc_auc val_metric=0.7382
Step 1800 | loss 0.4486 | val_acc=0.7839 val_roc_auc=0.7383 val_loss=0.4472 val_metric_name=roc_auc val_metric=0.7383
Step 1850 | loss 0.4463 | val_acc=0.7839 val_roc_auc=0.7385 val_loss=0.4475 val_metric_name=roc_auc val_metric=0.7385
Step 1900 | loss 0.4497 | val_acc=0.7836 val_roc_auc=0.7386 val_loss=0.4476 val_metric_name=roc_auc val_metric=0.7386
Step 1950 | loss 0.4474 | val_acc=0.7839 val_roc_auc=0.7393 val_loss=0.4477 val_metric_name=roc_auc val_metric=0.7393
Step 2000 | loss 0.4477 | val_acc=0.7836 val_roc_auc=0.7387 val_loss=0.4483 val_metric_name=roc_auc val_metric=0.7387
Step 2050 | loss 0.4468 | val_acc=0.7836 val_roc_auc=0.7392 val_loss=0.4483 val_metric_name=roc_auc val_metric=0.7392
Step 2100 | loss 0.4454 | val_acc=0.7839 val_roc_auc=0.7389 val_loss=0.4486 val_metric_name=roc_auc val_metric=0.7389
Step 2150 | loss 0.4468 | val_acc=0.7833 val_roc_auc=0.7392 val_loss=0.4481 val_metric_name=roc_auc val_metric=0.7392
Step 2200 | loss 0.4462 | val_acc=0.7833 val_roc_auc=0.7392 val_loss=0.4485 val_metric_name=roc_auc val_metric=0.7392
Step 2250 | loss 0.4453 | val_acc=0.7833 val_roc_auc=0.7391 val_loss=0.4490 val_metric_name=roc_auc val_metric=0.7391
Step 2300 | loss 0.4465 | val_acc=0.7833 val_roc_auc=0.7389 val_loss=0.4490 val_metric_name=roc_auc val_metric=0.7389
Step 2350 | loss 0.4473 | val_acc=0.7829 val_roc_auc=0.7391 val_loss=0.4494 val_metric_name=roc_auc val_metric=0.7391
Step 2400 | loss 0.4468 | val_acc=0.7822 val_roc_auc=0.7392 val_loss=0.4492 val_metric_name=roc_auc val_metric=0.7392
Step 2450 | loss 0.4468 | val_acc=0.7822 val_roc_auc=0.7395 val_loss=0.4499 val_metric_name=roc_auc val_metric=0.7395
Step 2500 | loss 0.4469 | val_acc=0.7826 val_roc_auc=0.7395 val_loss=0.4497 val_metric_name=roc_auc val_metric=0.7395
Step 2550 | loss 0.4443 | val_acc=0.7822 val_roc_auc=0.7397 val_loss=0.4500 val_metric_name=roc_auc val_metric=0.7397
Step 2600 | loss 0.4453 | val_acc=0.7822 val_roc_auc=0.7396 val_loss=0.4506 val_metric_name=roc_auc val_metric=0.7396
Step 2650 | loss 0.4451 | val_acc=0.7822 val_roc_auc=0.7395 val_loss=0.4505 val_metric_name=roc_auc val_metric=0.7395
Step 2700 | loss 0.4464 | val_acc=0.7822 val_roc_auc=0.7393 val_loss=0.4506 val_metric_name=roc_auc val_metric=0.7393
Step 2750 | loss 0.4451 | val_acc=0.7822 val_roc_auc=0.7392 val_loss=0.4509 val_metric_name=roc_auc val_metric=0.7392
Step 2800 | loss 0.4446 | val_acc=0.7822 val_roc_auc=0.7397 val_loss=0.4511 val_metric_name=roc_auc val_metric=0.7397
Step 2850 | loss 0.4429 | val_acc=0.7822 val_roc_auc=0.7398 val_loss=0.4506 val_metric_name=roc_auc val_metric=0.7398
Step 2900 | loss 0.4463 | val_acc=0.7826 val_roc_auc=0.7398 val_loss=0.4509 val_metric_name=roc_auc val_metric=0.7398
Early stopping at step 2923

--- Final (best ckpt @ step 2620) ---
  train_acc=0.7823 train_roc_auc=0.7528 train_loss=0.4410 train_metric_name=roc_auc train_metric=0.7528
  val_acc=0.7826 val_roc_auc=0.7400 val_loss=0.4499 val_metric_name=roc_auc val_metric=0.7400
  test_acc=0.7806 test_roc_auc=0.7252 test_loss=0.4566 test_metric_name=roc_auc test_metric=0.7252
  test_roc_auc=0.7252

============================================================
Training tolokers ResNet 4L h=256 lr=6e-05 split=8
============================================================
Training for 5000 steps
Step    1 | loss 0.8849 | val_acc=0.4583 val_roc_auc=0.4314 val_loss=0.7209 val_metric_name=roc_auc val_metric=0.4314
Step   50 | loss 0.4803 | val_acc=0.7819 val_roc_auc=0.7060 val_loss=0.4775 val_metric_name=roc_auc val_metric=0.7060
Step  100 | loss 0.4732 | val_acc=0.7850 val_roc_auc=0.7181 val_loss=0.4603 val_metric_name=roc_auc val_metric=0.7181
Step  150 | loss 0.4652 | val_acc=0.7822 val_roc_auc=0.7263 val_loss=0.4543 val_metric_name=roc_auc val_metric=0.7263
Step  200 | loss 0.4615 | val_acc=0.7819 val_roc_auc=0.7288 val_loss=0.4514 val_metric_name=roc_auc val_metric=0.7288
Step  250 | loss 0.4592 | val_acc=0.7819 val_roc_auc=0.7303 val_loss=0.4504 val_metric_name=roc_auc val_metric=0.7303
Step  300 | loss 0.4586 | val_acc=0.7829 val_roc_auc=0.7301 val_loss=0.4499 val_metric_name=roc_auc val_metric=0.7301
Step  350 | loss 0.4548 | val_acc=0.7822 val_roc_auc=0.7309 val_loss=0.4494 val_metric_name=roc_auc val_metric=0.7309
Step  400 | loss 0.4570 | val_acc=0.7822 val_roc_auc=0.7309 val_loss=0.4489 val_metric_name=roc_auc val_metric=0.7309
Step  450 | loss 0.4537 | val_acc=0.7822 val_roc_auc=0.7319 val_loss=0.4482 val_metric_name=roc_auc val_metric=0.7319
Step  500 | loss 0.4501 | val_acc=0.7826 val_roc_auc=0.7338 val_loss=0.4478 val_metric_name=roc_auc val_metric=0.7338
Step  550 | loss 0.4517 | val_acc=0.7846 val_roc_auc=0.7345 val_loss=0.4475 val_metric_name=roc_auc val_metric=0.7345
Step  600 | loss 0.4529 | val_acc=0.7839 val_roc_auc=0.7356 val_loss=0.4473 val_metric_name=roc_auc val_metric=0.7356
Step  650 | loss 0.4517 | val_acc=0.7839 val_roc_auc=0.7365 val_loss=0.4470 val_metric_name=roc_auc val_metric=0.7365
Step  700 | loss 0.4525 | val_acc=0.7839 val_roc_auc=0.7369 val_loss=0.4466 val_metric_name=roc_auc val_metric=0.7369
Step  750 | loss 0.4502 | val_acc=0.7839 val_roc_auc=0.7374 val_loss=0.4466 val_metric_name=roc_auc val_metric=0.7374
Step  800 | loss 0.4498 | val_acc=0.7839 val_roc_auc=0.7374 val_loss=0.4469 val_metric_name=roc_auc val_metric=0.7374
Step  850 | loss 0.4486 | val_acc=0.7836 val_roc_auc=0.7377 val_loss=0.4470 val_metric_name=roc_auc val_metric=0.7377
Step  900 | loss 0.4499 | val_acc=0.7843 val_roc_auc=0.7380 val_loss=0.4471 val_metric_name=roc_auc val_metric=0.7380
Step  950 | loss 0.4476 | val_acc=0.7833 val_roc_auc=0.7383 val_loss=0.4468 val_metric_name=roc_auc val_metric=0.7383
Step 1000 | loss 0.4494 | val_acc=0.7833 val_roc_auc=0.7383 val_loss=0.4473 val_metric_name=roc_auc val_metric=0.7383
Step 1050 | loss 0.4465 | val_acc=0.7846 val_roc_auc=0.7373 val_loss=0.4485 val_metric_name=roc_auc val_metric=0.7373
Step 1100 | loss 0.4474 | val_acc=0.7839 val_roc_auc=0.7377 val_loss=0.4485 val_metric_name=roc_auc val_metric=0.7377
Step 1150 | loss 0.4463 | val_acc=0.7846 val_roc_auc=0.7384 val_loss=0.4491 val_metric_name=roc_auc val_metric=0.7384
Step 1200 | loss 0.4468 | val_acc=0.7833 val_roc_auc=0.7383 val_loss=0.4495 val_metric_name=roc_auc val_metric=0.7383
Step 1250 | loss 0.4465 | val_acc=0.7833 val_roc_auc=0.7388 val_loss=0.4485 val_metric_name=roc_auc val_metric=0.7388
Step 1300 | loss 0.4455 | val_acc=0.7826 val_roc_auc=0.7385 val_loss=0.4498 val_metric_name=roc_auc val_metric=0.7385
Step 1350 | loss 0.4476 | val_acc=0.7822 val_roc_auc=0.7397 val_loss=0.4494 val_metric_name=roc_auc val_metric=0.7397
Step 1400 | loss 0.4459 | val_acc=0.7822 val_roc_auc=0.7394 val_loss=0.4496 val_metric_name=roc_auc val_metric=0.7394
Step 1450 | loss 0.4472 | val_acc=0.7822 val_roc_auc=0.7396 val_loss=0.4502 val_metric_name=roc_auc val_metric=0.7396
Step 1500 | loss 0.4459 | val_acc=0.7822 val_roc_auc=0.7399 val_loss=0.4504 val_metric_name=roc_auc val_metric=0.7399
Step 1550 | loss 0.4454 | val_acc=0.7822 val_roc_auc=0.7397 val_loss=0.4506 val_metric_name=roc_auc val_metric=0.7397
Step 1600 | loss 0.4440 | val_acc=0.7822 val_roc_auc=0.7396 val_loss=0.4505 val_metric_name=roc_auc val_metric=0.7396
Step 1650 | loss 0.4437 | val_acc=0.7819 val_roc_auc=0.7394 val_loss=0.4517 val_metric_name=roc_auc val_metric=0.7394
Step 1700 | loss 0.4445 | val_acc=0.7826 val_roc_auc=0.7402 val_loss=0.4513 val_metric_name=roc_auc val_metric=0.7402
Step 1750 | loss 0.4462 | val_acc=0.7816 val_roc_auc=0.7402 val_loss=0.4518 val_metric_name=roc_auc val_metric=0.7402
Step 1800 | loss 0.4437 | val_acc=0.7822 val_roc_auc=0.7400 val_loss=0.4517 val_metric_name=roc_auc val_metric=0.7400
Step 1850 | loss 0.4418 | val_acc=0.7826 val_roc_auc=0.7409 val_loss=0.4524 val_metric_name=roc_auc val_metric=0.7409
Step 1900 | loss 0.4437 | val_acc=0.7826 val_roc_auc=0.7408 val_loss=0.4523 val_metric_name=roc_auc val_metric=0.7408
Step 1950 | loss 0.4439 | val_acc=0.7833 val_roc_auc=0.7424 val_loss=0.4527 val_metric_name=roc_auc val_metric=0.7424
Step 2000 | loss 0.4419 | val_acc=0.7826 val_roc_auc=0.7412 val_loss=0.4530 val_metric_name=roc_auc val_metric=0.7412
Step 2050 | loss 0.4419 | val_acc=0.7833 val_roc_auc=0.7414 val_loss=0.4529 val_metric_name=roc_auc val_metric=0.7414
Step 2100 | loss 0.4403 | val_acc=0.7826 val_roc_auc=0.7419 val_loss=0.4532 val_metric_name=roc_auc val_metric=0.7419
Step 2150 | loss 0.4419 | val_acc=0.7836 val_roc_auc=0.7417 val_loss=0.4528 val_metric_name=roc_auc val_metric=0.7417
Step 2200 | loss 0.4403 | val_acc=0.7829 val_roc_auc=0.7425 val_loss=0.4526 val_metric_name=roc_auc val_metric=0.7425
Step 2250 | loss 0.4403 | val_acc=0.7833 val_roc_auc=0.7430 val_loss=0.4528 val_metric_name=roc_auc val_metric=0.7430
Step 2300 | loss 0.4398 | val_acc=0.7826 val_roc_auc=0.7431 val_loss=0.4526 val_metric_name=roc_auc val_metric=0.7431
Step 2350 | loss 0.4408 | val_acc=0.7826 val_roc_auc=0.7435 val_loss=0.4528 val_metric_name=roc_auc val_metric=0.7435
Step 2400 | loss 0.4408 | val_acc=0.7826 val_roc_auc=0.7443 val_loss=0.4526 val_metric_name=roc_auc val_metric=0.7443
Step 2450 | loss 0.4406 | val_acc=0.7833 val_roc_auc=0.7458 val_loss=0.4523 val_metric_name=roc_auc val_metric=0.7458
Step 2500 | loss 0.4409 | val_acc=0.7822 val_roc_auc=0.7453 val_loss=0.4528 val_metric_name=roc_auc val_metric=0.7453
Step 2550 | loss 0.4371 | val_acc=0.7829 val_roc_auc=0.7466 val_loss=0.4523 val_metric_name=roc_auc val_metric=0.7466
Step 2600 | loss 0.4398 | val_acc=0.7829 val_roc_auc=0.7466 val_loss=0.4522 val_metric_name=roc_auc val_metric=0.7466
Step 2650 | loss 0.4391 | val_acc=0.7822 val_roc_auc=0.7477 val_loss=0.4517 val_metric_name=roc_auc val_metric=0.7477
Step 2700 | loss 0.4397 | val_acc=0.7816 val_roc_auc=0.7481 val_loss=0.4518 val_metric_name=roc_auc val_metric=0.7481
Step 2750 | loss 0.4401 | val_acc=0.7819 val_roc_auc=0.7479 val_loss=0.4518 val_metric_name=roc_auc val_metric=0.7479
Step 2800 | loss 0.4381 | val_acc=0.7816 val_roc_auc=0.7487 val_loss=0.4513 val_metric_name=roc_auc val_metric=0.7487
Step 2850 | loss 0.4362 | val_acc=0.7809 val_roc_auc=0.7492 val_loss=0.4513 val_metric_name=roc_auc val_metric=0.7492
Step 2900 | loss 0.4386 | val_acc=0.7812 val_roc_auc=0.7492 val_loss=0.4512 val_metric_name=roc_auc val_metric=0.7492
Step 2950 | loss 0.4370 | val_acc=0.7812 val_roc_auc=0.7495 val_loss=0.4517 val_metric_name=roc_auc val_metric=0.7495
Step 3000 | loss 0.4358 | val_acc=0.7802 val_roc_auc=0.7507 val_loss=0.4511 val_metric_name=roc_auc val_metric=0.7507
Step 3050 | loss 0.4374 | val_acc=0.7839 val_roc_auc=0.7509 val_loss=0.4507 val_metric_name=roc_auc val_metric=0.7509
Step 3100 | loss 0.4329 | val_acc=0.7829 val_roc_auc=0.7499 val_loss=0.4513 val_metric_name=roc_auc val_metric=0.7499
Step 3150 | loss 0.4366 | val_acc=0.7839 val_roc_auc=0.7496 val_loss=0.4522 val_metric_name=roc_auc val_metric=0.7496
Step 3200 | loss 0.4343 | val_acc=0.7833 val_roc_auc=0.7503 val_loss=0.4519 val_metric_name=roc_auc val_metric=0.7503
Step 3250 | loss 0.4349 | val_acc=0.7853 val_roc_auc=0.7503 val_loss=0.4516 val_metric_name=roc_auc val_metric=0.7503
Step 3300 | loss 0.4358 | val_acc=0.7833 val_roc_auc=0.7514 val_loss=0.4518 val_metric_name=roc_auc val_metric=0.7514
Step 3350 | loss 0.4347 | val_acc=0.7843 val_roc_auc=0.7517 val_loss=0.4519 val_metric_name=roc_auc val_metric=0.7517
Step 3400 | loss 0.4342 | val_acc=0.7836 val_roc_auc=0.7503 val_loss=0.4523 val_metric_name=roc_auc val_metric=0.7503
Step 3450 | loss 0.4329 | val_acc=0.7853 val_roc_auc=0.7508 val_loss=0.4527 val_metric_name=roc_auc val_metric=0.7508
Step 3500 | loss 0.4343 | val_acc=0.7850 val_roc_auc=0.7506 val_loss=0.4531 val_metric_name=roc_auc val_metric=0.7506
Step 3550 | loss 0.4327 | val_acc=0.7863 val_roc_auc=0.7512 val_loss=0.4524 val_metric_name=roc_auc val_metric=0.7512
Early stopping at step 3596

--- Final (best ckpt @ step 3290) ---
  train_acc=0.7896 train_roc_auc=0.7737 train_loss=0.4290 train_metric_name=roc_auc train_metric=0.7737
  val_acc=0.7826 val_roc_auc=0.7520 val_loss=0.4514 val_metric_name=roc_auc val_metric=0.7520
  test_acc=0.7728 test_roc_auc=0.7276 test_loss=0.4646 test_metric_name=roc_auc test_metric=0.7276
  test_roc_auc=0.7276

============================================================
Training tolokers ResNet 4L h=256 lr=0.0001 split=8
============================================================
Training for 5000 steps
Step    1 | loss 0.8849 | val_acc=0.7486 val_roc_auc=0.4284 val_loss=0.6375 val_metric_name=roc_auc val_metric=0.4284
Step   50 | loss 0.4731 | val_acc=0.7819 val_roc_auc=0.7099 val_loss=0.4670 val_metric_name=roc_auc val_metric=0.7099
Step  100 | loss 0.4670 | val_acc=0.7819 val_roc_auc=0.7268 val_loss=0.4534 val_metric_name=roc_auc val_metric=0.7268
Step  150 | loss 0.4600 | val_acc=0.7819 val_roc_auc=0.7302 val_loss=0.4505 val_metric_name=roc_auc val_metric=0.7302
Step  200 | loss 0.4573 | val_acc=0.7829 val_roc_auc=0.7302 val_loss=0.4495 val_metric_name=roc_auc val_metric=0.7302
Step  250 | loss 0.4553 | val_acc=0.7829 val_roc_auc=0.7309 val_loss=0.4488 val_metric_name=roc_auc val_metric=0.7309
Step  300 | loss 0.4550 | val_acc=0.7829 val_roc_auc=0.7313 val_loss=0.4483 val_metric_name=roc_auc val_metric=0.7313
Step  350 | loss 0.4528 | val_acc=0.7843 val_roc_auc=0.7348 val_loss=0.4475 val_metric_name=roc_auc val_metric=0.7348
Step  400 | loss 0.4538 | val_acc=0.7843 val_roc_auc=0.7353 val_loss=0.4469 val_metric_name=roc_auc val_metric=0.7353
Step  450 | loss 0.4514 | val_acc=0.7839 val_roc_auc=0.7370 val_loss=0.4466 val_metric_name=roc_auc val_metric=0.7370
Step  500 | loss 0.4477 | val_acc=0.7836 val_roc_auc=0.7372 val_loss=0.4469 val_metric_name=roc_auc val_metric=0.7372
Step  550 | loss 0.4489 | val_acc=0.7839 val_roc_auc=0.7380 val_loss=0.4470 val_metric_name=roc_auc val_metric=0.7380
Step  600 | loss 0.4496 | val_acc=0.7836 val_roc_auc=0.7380 val_loss=0.4471 val_metric_name=roc_auc val_metric=0.7380
Step  650 | loss 0.4489 | val_acc=0.7843 val_roc_auc=0.7382 val_loss=0.4477 val_metric_name=roc_auc val_metric=0.7382
Step  700 | loss 0.4492 | val_acc=0.7839 val_roc_auc=0.7392 val_loss=0.4471 val_metric_name=roc_auc val_metric=0.7392
Step  750 | loss 0.4480 | val_acc=0.7839 val_roc_auc=0.7390 val_loss=0.4479 val_metric_name=roc_auc val_metric=0.7390
Step  800 | loss 0.4462 | val_acc=0.7833 val_roc_auc=0.7392 val_loss=0.4484 val_metric_name=roc_auc val_metric=0.7392
Step  850 | loss 0.4448 | val_acc=0.7833 val_roc_auc=0.7385 val_loss=0.4493 val_metric_name=roc_auc val_metric=0.7385
Step  900 | loss 0.4467 | val_acc=0.7826 val_roc_auc=0.7395 val_loss=0.4495 val_metric_name=roc_auc val_metric=0.7395
Step  950 | loss 0.4437 | val_acc=0.7822 val_roc_auc=0.7397 val_loss=0.4496 val_metric_name=roc_auc val_metric=0.7397
Step 1000 | loss 0.4456 | val_acc=0.7822 val_roc_auc=0.7394 val_loss=0.4495 val_metric_name=roc_auc val_metric=0.7394
Step 1050 | loss 0.4432 | val_acc=0.7822 val_roc_auc=0.7385 val_loss=0.4512 val_metric_name=roc_auc val_metric=0.7385
Step 1100 | loss 0.4437 | val_acc=0.7816 val_roc_auc=0.7392 val_loss=0.4527 val_metric_name=roc_auc val_metric=0.7392
Step 1150 | loss 0.4431 | val_acc=0.7819 val_roc_auc=0.7402 val_loss=0.4525 val_metric_name=roc_auc val_metric=0.7402
Step 1200 | loss 0.4436 | val_acc=0.7819 val_roc_auc=0.7406 val_loss=0.4524 val_metric_name=roc_auc val_metric=0.7406
Step 1250 | loss 0.4428 | val_acc=0.7826 val_roc_auc=0.7407 val_loss=0.4529 val_metric_name=roc_auc val_metric=0.7407
Step 1300 | loss 0.4419 | val_acc=0.7829 val_roc_auc=0.7410 val_loss=0.4523 val_metric_name=roc_auc val_metric=0.7410
Step 1350 | loss 0.4439 | val_acc=0.7829 val_roc_auc=0.7411 val_loss=0.4527 val_metric_name=roc_auc val_metric=0.7411
Step 1400 | loss 0.4418 | val_acc=0.7833 val_roc_auc=0.7416 val_loss=0.4531 val_metric_name=roc_auc val_metric=0.7416
Step 1450 | loss 0.4434 | val_acc=0.7836 val_roc_auc=0.7423 val_loss=0.4534 val_metric_name=roc_auc val_metric=0.7423
Step 1500 | loss 0.4413 | val_acc=0.7836 val_roc_auc=0.7432 val_loss=0.4523 val_metric_name=roc_auc val_metric=0.7432
Step 1550 | loss 0.4418 | val_acc=0.7833 val_roc_auc=0.7443 val_loss=0.4525 val_metric_name=roc_auc val_metric=0.7443
Step 1600 | loss 0.4395 | val_acc=0.7826 val_roc_auc=0.7450 val_loss=0.4529 val_metric_name=roc_auc val_metric=0.7450
Step 1650 | loss 0.4404 | val_acc=0.7826 val_roc_auc=0.7458 val_loss=0.4524 val_metric_name=roc_auc val_metric=0.7458
Step 1700 | loss 0.4399 | val_acc=0.7829 val_roc_auc=0.7465 val_loss=0.4519 val_metric_name=roc_auc val_metric=0.7465
Step 1750 | loss 0.4417 | val_acc=0.7833 val_roc_auc=0.7466 val_loss=0.4523 val_metric_name=roc_auc val_metric=0.7466
Step 1800 | loss 0.4385 | val_acc=0.7833 val_roc_auc=0.7478 val_loss=0.4516 val_metric_name=roc_auc val_metric=0.7478
Step 1850 | loss 0.4359 | val_acc=0.7822 val_roc_auc=0.7484 val_loss=0.4518 val_metric_name=roc_auc val_metric=0.7484
Step 1900 | loss 0.4379 | val_acc=0.7826 val_roc_auc=0.7485 val_loss=0.4519 val_metric_name=roc_auc val_metric=0.7485
Step 1950 | loss 0.4385 | val_acc=0.7826 val_roc_auc=0.7493 val_loss=0.4517 val_metric_name=roc_auc val_metric=0.7493
Step 2000 | loss 0.4355 | val_acc=0.7833 val_roc_auc=0.7500 val_loss=0.4516 val_metric_name=roc_auc val_metric=0.7500
Step 2050 | loss 0.4369 | val_acc=0.7836 val_roc_auc=0.7499 val_loss=0.4520 val_metric_name=roc_auc val_metric=0.7499
Step 2100 | loss 0.4335 | val_acc=0.7843 val_roc_auc=0.7502 val_loss=0.4518 val_metric_name=roc_auc val_metric=0.7502
Step 2150 | loss 0.4355 | val_acc=0.7826 val_roc_auc=0.7515 val_loss=0.4506 val_metric_name=roc_auc val_metric=0.7515
Step 2200 | loss 0.4340 | val_acc=0.7839 val_roc_auc=0.7508 val_loss=0.4519 val_metric_name=roc_auc val_metric=0.7508
Step 2250 | loss 0.4348 | val_acc=0.7833 val_roc_auc=0.7513 val_loss=0.4522 val_metric_name=roc_auc val_metric=0.7513
Step 2300 | loss 0.4334 | val_acc=0.7846 val_roc_auc=0.7501 val_loss=0.4531 val_metric_name=roc_auc val_metric=0.7501
Step 2350 | loss 0.4321 | val_acc=0.7829 val_roc_auc=0.7513 val_loss=0.4526 val_metric_name=roc_auc val_metric=0.7513
Step 2400 | loss 0.4332 | val_acc=0.7863 val_roc_auc=0.7505 val_loss=0.4538 val_metric_name=roc_auc val_metric=0.7505
Step 2450 | loss 0.4347 | val_acc=0.7873 val_roc_auc=0.7513 val_loss=0.4531 val_metric_name=roc_auc val_metric=0.7513
Step 2500 | loss 0.4345 | val_acc=0.7860 val_roc_auc=0.7507 val_loss=0.4541 val_metric_name=roc_auc val_metric=0.7507
Step 2550 | loss 0.4307 | val_acc=0.7873 val_roc_auc=0.7502 val_loss=0.4540 val_metric_name=roc_auc val_metric=0.7502
Step 2600 | loss 0.4328 | val_acc=0.7856 val_roc_auc=0.7500 val_loss=0.4559 val_metric_name=roc_auc val_metric=0.7500
Step 2650 | loss 0.4324 | val_acc=0.7873 val_roc_auc=0.7489 val_loss=0.4559 val_metric_name=roc_auc val_metric=0.7489
Early stopping at step 2670

--- Final (best ckpt @ step 2370) ---
  train_acc=0.7904 train_roc_auc=0.7756 train_loss=0.4278 train_metric_name=roc_auc train_metric=0.7756
  val_acc=0.7839 val_roc_auc=0.7523 val_loss=0.4518 val_metric_name=roc_auc val_metric=0.7523
  test_acc=0.7721 test_roc_auc=0.7263 test_loss=0.4666 test_metric_name=roc_auc test_metric=0.7263
  test_roc_auc=0.7263

============================================================
Training tolokers ResNet 4L h=256 lr=1e-05 split=8
============================================================
Training for 5000 steps
Step    1 | loss 0.8849 | val_acc=0.2181 val_roc_auc=0.4273 val_loss=0.8640 val_metric_name=roc_auc val_metric=0.4273
Step   50 | loss 0.5305 | val_acc=0.7819 val_roc_auc=0.6395 val_loss=0.5622 val_metric_name=roc_auc val_metric=0.6395
Step  100 | loss 0.5086 | val_acc=0.7819 val_roc_auc=0.7005 val_loss=0.5156 val_metric_name=roc_auc val_metric=0.7005
Step  150 | loss 0.4978 | val_acc=0.7819 val_roc_auc=0.7035 val_loss=0.4979 val_metric_name=roc_auc val_metric=0.7035
Step  200 | loss 0.4891 | val_acc=0.7819 val_roc_auc=0.7062 val_loss=0.4883 val_metric_name=roc_auc val_metric=0.7062
Step  250 | loss 0.4853 | val_acc=0.7819 val_roc_auc=0.7087 val_loss=0.4821 val_metric_name=roc_auc val_metric=0.7087
Step  300 | loss 0.4800 | val_acc=0.7819 val_roc_auc=0.7115 val_loss=0.4767 val_metric_name=roc_auc val_metric=0.7115
Step  350 | loss 0.4728 | val_acc=0.7819 val_roc_auc=0.7133 val_loss=0.4720 val_metric_name=roc_auc val_metric=0.7133
Step  400 | loss 0.4764 | val_acc=0.7850 val_roc_auc=0.7156 val_loss=0.4677 val_metric_name=roc_auc val_metric=0.7156
Step  450 | loss 0.4690 | val_acc=0.7819 val_roc_auc=0.7177 val_loss=0.4643 val_metric_name=roc_auc val_metric=0.7177
Step  500 | loss 0.4666 | val_acc=0.7853 val_roc_auc=0.7196 val_loss=0.4618 val_metric_name=roc_auc val_metric=0.7196
Step  550 | loss 0.4685 | val_acc=0.7822 val_roc_auc=0.7210 val_loss=0.4599 val_metric_name=roc_auc val_metric=0.7210
Step  600 | loss 0.4674 | val_acc=0.7822 val_roc_auc=0.7227 val_loss=0.4581 val_metric_name=roc_auc val_metric=0.7227
Step  650 | loss 0.4668 | val_acc=0.7822 val_roc_auc=0.7244 val_loss=0.4567 val_metric_name=roc_auc val_metric=0.7244
Step  700 | loss 0.4691 | val_acc=0.7822 val_roc_auc=0.7258 val_loss=0.4554 val_metric_name=roc_auc val_metric=0.7258
Step  750 | loss 0.4646 | val_acc=0.7822 val_roc_auc=0.7272 val_loss=0.4543 val_metric_name=roc_auc val_metric=0.7272
Step  800 | loss 0.4652 | val_acc=0.7819 val_roc_auc=0.7284 val_loss=0.4537 val_metric_name=roc_auc val_metric=0.7284
Step  850 | loss 0.4621 | val_acc=0.7822 val_roc_auc=0.7287 val_loss=0.4531 val_metric_name=roc_auc val_metric=0.7287
Step  900 | loss 0.4612 | val_acc=0.7822 val_roc_auc=0.7291 val_loss=0.4526 val_metric_name=roc_auc val_metric=0.7291
Step  950 | loss 0.4595 | val_acc=0.7822 val_roc_auc=0.7297 val_loss=0.4520 val_metric_name=roc_auc val_metric=0.7297
Step 1000 | loss 0.4646 | val_acc=0.7822 val_roc_auc=0.7298 val_loss=0.4517 val_metric_name=roc_auc val_metric=0.7298
Step 1050 | loss 0.4588 | val_acc=0.7819 val_roc_auc=0.7300 val_loss=0.4513 val_metric_name=roc_auc val_metric=0.7300
Step 1100 | loss 0.4625 | val_acc=0.7822 val_roc_auc=0.7301 val_loss=0.4511 val_metric_name=roc_auc val_metric=0.7301
Step 1150 | loss 0.4590 | val_acc=0.7819 val_roc_auc=0.7304 val_loss=0.4508 val_metric_name=roc_auc val_metric=0.7304
Step 1200 | loss 0.4602 | val_acc=0.7819 val_roc_auc=0.7305 val_loss=0.4506 val_metric_name=roc_auc val_metric=0.7305
Step 1250 | loss 0.4604 | val_acc=0.7826 val_roc_auc=0.7305 val_loss=0.4504 val_metric_name=roc_auc val_metric=0.7305
Step 1300 | loss 0.4580 | val_acc=0.7829 val_roc_auc=0.7303 val_loss=0.4503 val_metric_name=roc_auc val_metric=0.7303
Step 1350 | loss 0.4599 | val_acc=0.7826 val_roc_auc=0.7306 val_loss=0.4501 val_metric_name=roc_auc val_metric=0.7306
Step 1400 | loss 0.4549 | val_acc=0.7829 val_roc_auc=0.7306 val_loss=0.4500 val_metric_name=roc_auc val_metric=0.7306
Step 1450 | loss 0.4591 | val_acc=0.7829 val_roc_auc=0.7304 val_loss=0.4500 val_metric_name=roc_auc val_metric=0.7304
Step 1500 | loss 0.4576 | val_acc=0.7826 val_roc_auc=0.7308 val_loss=0.4498 val_metric_name=roc_auc val_metric=0.7308
Step 1550 | loss 0.4564 | val_acc=0.7826 val_roc_auc=0.7308 val_loss=0.4497 val_metric_name=roc_auc val_metric=0.7308
Step 1600 | loss 0.4557 | val_acc=0.7826 val_roc_auc=0.7308 val_loss=0.4496 val_metric_name=roc_auc val_metric=0.7308
Step 1650 | loss 0.4568 | val_acc=0.7826 val_roc_auc=0.7309 val_loss=0.4494 val_metric_name=roc_auc val_metric=0.7309
Step 1700 | loss 0.4556 | val_acc=0.7829 val_roc_auc=0.7310 val_loss=0.4493 val_metric_name=roc_auc val_metric=0.7310
Step 1750 | loss 0.4566 | val_acc=0.7826 val_roc_auc=0.7307 val_loss=0.4493 val_metric_name=roc_auc val_metric=0.7307
Step 1800 | loss 0.4574 | val_acc=0.7826 val_roc_auc=0.7310 val_loss=0.4492 val_metric_name=roc_auc val_metric=0.7310
Step 1850 | loss 0.4537 | val_acc=0.7822 val_roc_auc=0.7311 val_loss=0.4491 val_metric_name=roc_auc val_metric=0.7311
Step 1900 | loss 0.4568 | val_acc=0.7822 val_roc_auc=0.7310 val_loss=0.4491 val_metric_name=roc_auc val_metric=0.7310
Step 1950 | loss 0.4551 | val_acc=0.7822 val_roc_auc=0.7313 val_loss=0.4489 val_metric_name=roc_auc val_metric=0.7313
Step 2000 | loss 0.4547 | val_acc=0.7822 val_roc_auc=0.7311 val_loss=0.4489 val_metric_name=roc_auc val_metric=0.7311
Step 2050 | loss 0.4531 | val_acc=0.7822 val_roc_auc=0.7317 val_loss=0.4488 val_metric_name=roc_auc val_metric=0.7317
Step 2100 | loss 0.4526 | val_acc=0.7822 val_roc_auc=0.7319 val_loss=0.4487 val_metric_name=roc_auc val_metric=0.7319
Step 2150 | loss 0.4555 | val_acc=0.7826 val_roc_auc=0.7321 val_loss=0.4485 val_metric_name=roc_auc val_metric=0.7321
Step 2200 | loss 0.4543 | val_acc=0.7833 val_roc_auc=0.7324 val_loss=0.4484 val_metric_name=roc_auc val_metric=0.7324
Step 2250 | loss 0.4528 | val_acc=0.7822 val_roc_auc=0.7323 val_loss=0.4482 val_metric_name=roc_auc val_metric=0.7323
Step 2300 | loss 0.4541 | val_acc=0.7829 val_roc_auc=0.7322 val_loss=0.4483 val_metric_name=roc_auc val_metric=0.7322
Step 2350 | loss 0.4529 | val_acc=0.7829 val_roc_auc=0.7328 val_loss=0.4482 val_metric_name=roc_auc val_metric=0.7328
Step 2400 | loss 0.4541 | val_acc=0.7829 val_roc_auc=0.7328 val_loss=0.4480 val_metric_name=roc_auc val_metric=0.7328
Step 2450 | loss 0.4548 | val_acc=0.7826 val_roc_auc=0.7331 val_loss=0.4480 val_metric_name=roc_auc val_metric=0.7331
Step 2500 | loss 0.4535 | val_acc=0.7826 val_roc_auc=0.7333 val_loss=0.4480 val_metric_name=roc_auc val_metric=0.7333
Step 2550 | loss 0.4525 | val_acc=0.7826 val_roc_auc=0.7338 val_loss=0.4478 val_metric_name=roc_auc val_metric=0.7338
Step 2600 | loss 0.4516 | val_acc=0.7836 val_roc_auc=0.7340 val_loss=0.4478 val_metric_name=roc_auc val_metric=0.7340
Step 2650 | loss 0.4511 | val_acc=0.7836 val_roc_auc=0.7347 val_loss=0.4475 val_metric_name=roc_auc val_metric=0.7347
Step 2700 | loss 0.4545 | val_acc=0.7829 val_roc_auc=0.7351 val_loss=0.4475 val_metric_name=roc_auc val_metric=0.7351
Step 2750 | loss 0.4518 | val_acc=0.7836 val_roc_auc=0.7353 val_loss=0.4474 val_metric_name=roc_auc val_metric=0.7353
Step 2800 | loss 0.4528 | val_acc=0.7839 val_roc_auc=0.7357 val_loss=0.4472 val_metric_name=roc_auc val_metric=0.7357
Step 2850 | loss 0.4502 | val_acc=0.7843 val_roc_auc=0.7354 val_loss=0.4472 val_metric_name=roc_auc val_metric=0.7354
Step 2900 | loss 0.4536 | val_acc=0.7839 val_roc_auc=0.7355 val_loss=0.4471 val_metric_name=roc_auc val_metric=0.7355
Step 2950 | loss 0.4504 | val_acc=0.7846 val_roc_auc=0.7360 val_loss=0.4471 val_metric_name=roc_auc val_metric=0.7360
Step 3000 | loss 0.4525 | val_acc=0.7846 val_roc_auc=0.7361 val_loss=0.4471 val_metric_name=roc_auc val_metric=0.7361
Step 3050 | loss 0.4516 | val_acc=0.7846 val_roc_auc=0.7365 val_loss=0.4470 val_metric_name=roc_auc val_metric=0.7365
Step 3100 | loss 0.4500 | val_acc=0.7846 val_roc_auc=0.7366 val_loss=0.4469 val_metric_name=roc_auc val_metric=0.7366
Step 3150 | loss 0.4534 | val_acc=0.7839 val_roc_auc=0.7367 val_loss=0.4470 val_metric_name=roc_auc val_metric=0.7367
Step 3200 | loss 0.4518 | val_acc=0.7843 val_roc_auc=0.7368 val_loss=0.4469 val_metric_name=roc_auc val_metric=0.7368
Step 3250 | loss 0.4524 | val_acc=0.7839 val_roc_auc=0.7368 val_loss=0.4469 val_metric_name=roc_auc val_metric=0.7368
Step 3300 | loss 0.4517 | val_acc=0.7839 val_roc_auc=0.7370 val_loss=0.4469 val_metric_name=roc_auc val_metric=0.7370
Step 3350 | loss 0.4503 | val_acc=0.7836 val_roc_auc=0.7370 val_loss=0.4470 val_metric_name=roc_auc val_metric=0.7370
Step 3400 | loss 0.4512 | val_acc=0.7839 val_roc_auc=0.7370 val_loss=0.4469 val_metric_name=roc_auc val_metric=0.7370
Step 3450 | loss 0.4485 | val_acc=0.7839 val_roc_auc=0.7372 val_loss=0.4469 val_metric_name=roc_auc val_metric=0.7372
Step 3500 | loss 0.4494 | val_acc=0.7839 val_roc_auc=0.7372 val_loss=0.4467 val_metric_name=roc_auc val_metric=0.7372
Step 3550 | loss 0.4503 | val_acc=0.7839 val_roc_auc=0.7370 val_loss=0.4467 val_metric_name=roc_auc val_metric=0.7370
Step 3600 | loss 0.4514 | val_acc=0.7839 val_roc_auc=0.7372 val_loss=0.4468 val_metric_name=roc_auc val_metric=0.7372
Step 3650 | loss 0.4518 | val_acc=0.7839 val_roc_auc=0.7375 val_loss=0.4469 val_metric_name=roc_auc val_metric=0.7375
Step 3700 | loss 0.4486 | val_acc=0.7839 val_roc_auc=0.7376 val_loss=0.4468 val_metric_name=roc_auc val_metric=0.7376
Step 3750 | loss 0.4517 | val_acc=0.7836 val_roc_auc=0.7376 val_loss=0.4470 val_metric_name=roc_auc val_metric=0.7376
Step 3800 | loss 0.4496 | val_acc=0.7839 val_roc_auc=0.7377 val_loss=0.4467 val_metric_name=roc_auc val_metric=0.7377
Step 3850 | loss 0.4498 | val_acc=0.7839 val_roc_auc=0.7378 val_loss=0.4469 val_metric_name=roc_auc val_metric=0.7378
Step 3900 | loss 0.4490 | val_acc=0.7839 val_roc_auc=0.7378 val_loss=0.4468 val_metric_name=roc_auc val_metric=0.7378
Step 3950 | loss 0.4496 | val_acc=0.7839 val_roc_auc=0.7379 val_loss=0.4469 val_metric_name=roc_auc val_metric=0.7379
Step 4000 | loss 0.4501 | val_acc=0.7839 val_roc_auc=0.7380 val_loss=0.4469 val_metric_name=roc_auc val_metric=0.7380
Step 4050 | loss 0.4486 | val_acc=0.7839 val_roc_auc=0.7380 val_loss=0.4469 val_metric_name=roc_auc val_metric=0.7380
Step 4100 | loss 0.4499 | val_acc=0.7839 val_roc_auc=0.7381 val_loss=0.4471 val_metric_name=roc_auc val_metric=0.7381
Step 4150 | loss 0.4512 | val_acc=0.7839 val_roc_auc=0.7382 val_loss=0.4472 val_metric_name=roc_auc val_metric=0.7382
Step 4200 | loss 0.4480 | val_acc=0.7839 val_roc_auc=0.7381 val_loss=0.4469 val_metric_name=roc_auc val_metric=0.7381
Step 4250 | loss 0.4505 | val_acc=0.7839 val_roc_auc=0.7384 val_loss=0.4472 val_metric_name=roc_auc val_metric=0.7384
Step 4300 | loss 0.4499 | val_acc=0.7839 val_roc_auc=0.7383 val_loss=0.4469 val_metric_name=roc_auc val_metric=0.7383
Step 4350 | loss 0.4477 | val_acc=0.7839 val_roc_auc=0.7381 val_loss=0.4471 val_metric_name=roc_auc val_metric=0.7381
Step 4400 | loss 0.4475 | val_acc=0.7839 val_roc_auc=0.7381 val_loss=0.4471 val_metric_name=roc_auc val_metric=0.7381
Step 4450 | loss 0.4470 | val_acc=0.7836 val_roc_auc=0.7384 val_loss=0.4472 val_metric_name=roc_auc val_metric=0.7384
Step 4500 | loss 0.4478 | val_acc=0.7839 val_roc_auc=0.7385 val_loss=0.4474 val_metric_name=roc_auc val_metric=0.7385
Step 4550 | loss 0.4466 | val_acc=0.7839 val_roc_auc=0.7386 val_loss=0.4474 val_metric_name=roc_auc val_metric=0.7386
Step 4600 | loss 0.4479 | val_acc=0.7836 val_roc_auc=0.7387 val_loss=0.4473 val_metric_name=roc_auc val_metric=0.7387
Step 4650 | loss 0.4470 | val_acc=0.7836 val_roc_auc=0.7386 val_loss=0.4473 val_metric_name=roc_auc val_metric=0.7386
Step 4700 | loss 0.4482 | val_acc=0.7836 val_roc_auc=0.7386 val_loss=0.4473 val_metric_name=roc_auc val_metric=0.7386
Step 4750 | loss 0.4464 | val_acc=0.7836 val_roc_auc=0.7387 val_loss=0.4475 val_metric_name=roc_auc val_metric=0.7387
Step 4800 | loss 0.4467 | val_acc=0.7836 val_roc_auc=0.7387 val_loss=0.4476 val_metric_name=roc_auc val_metric=0.7387
Step 4850 | loss 0.4489 | val_acc=0.7836 val_roc_auc=0.7390 val_loss=0.4476 val_metric_name=roc_auc val_metric=0.7390
Step 4900 | loss 0.4464 | val_acc=0.7836 val_roc_auc=0.7391 val_loss=0.4477 val_metric_name=roc_auc val_metric=0.7391
Step 4950 | loss 0.4486 | val_acc=0.7836 val_roc_auc=0.7390 val_loss=0.4478 val_metric_name=roc_auc val_metric=0.7390
Step 5000 | loss 0.4471 | val_acc=0.7836 val_roc_auc=0.7390 val_loss=0.4477 val_metric_name=roc_auc val_metric=0.7390

--- Final (best ckpt @ step 4910) ---
  train_acc=0.7828 train_roc_auc=0.7506 train_loss=0.4433 train_metric_name=roc_auc train_metric=0.7506
  val_acc=0.7836 val_roc_auc=0.7394 val_loss=0.4478 val_metric_name=roc_auc val_metric=0.7394
  test_acc=0.7823 test_roc_auc=0.7237 test_loss=0.4569 test_metric_name=roc_auc test_metric=0.7237
  test_roc_auc=0.7237

============================================================
Training tolokers ResNet 4L h=384 lr=3e-05 split=8
============================================================
Training for 5000 steps
Step    1 | loss 0.6906 | val_acc=0.7833 val_roc_auc=0.4766 val_loss=0.5830 val_metric_name=roc_auc val_metric=0.4766
Step   50 | loss 0.4761 | val_acc=0.7768 val_roc_auc=0.7118 val_loss=0.4695 val_metric_name=roc_auc val_metric=0.7118
Step  100 | loss 0.4720 | val_acc=0.7785 val_roc_auc=0.7238 val_loss=0.4593 val_metric_name=roc_auc val_metric=0.7238
Step  150 | loss 0.4626 | val_acc=0.7785 val_roc_auc=0.7291 val_loss=0.4553 val_metric_name=roc_auc val_metric=0.7291
Step  200 | loss 0.4617 | val_acc=0.7829 val_roc_auc=0.7302 val_loss=0.4535 val_metric_name=roc_auc val_metric=0.7302
Step  250 | loss 0.4606 | val_acc=0.7809 val_roc_auc=0.7315 val_loss=0.4523 val_metric_name=roc_auc val_metric=0.7315
Step  300 | loss 0.4608 | val_acc=0.7829 val_roc_auc=0.7317 val_loss=0.4511 val_metric_name=roc_auc val_metric=0.7317
Step  350 | loss 0.4560 | val_acc=0.7826 val_roc_auc=0.7321 val_loss=0.4507 val_metric_name=roc_auc val_metric=0.7321
Step  400 | loss 0.4572 | val_acc=0.7829 val_roc_auc=0.7312 val_loss=0.4502 val_metric_name=roc_auc val_metric=0.7312
Step  450 | loss 0.4555 | val_acc=0.7829 val_roc_auc=0.7321 val_loss=0.4496 val_metric_name=roc_auc val_metric=0.7321
Step  500 | loss 0.4526 | val_acc=0.7826 val_roc_auc=0.7329 val_loss=0.4493 val_metric_name=roc_auc val_metric=0.7329
Step  550 | loss 0.4525 | val_acc=0.7826 val_roc_auc=0.7344 val_loss=0.4492 val_metric_name=roc_auc val_metric=0.7344
Step  600 | loss 0.4498 | val_acc=0.7822 val_roc_auc=0.7354 val_loss=0.4487 val_metric_name=roc_auc val_metric=0.7354
Step  650 | loss 0.4498 | val_acc=0.7822 val_roc_auc=0.7371 val_loss=0.4483 val_metric_name=roc_auc val_metric=0.7371
Step  700 | loss 0.4518 | val_acc=0.7826 val_roc_auc=0.7368 val_loss=0.4477 val_metric_name=roc_auc val_metric=0.7368
Step  750 | loss 0.4489 | val_acc=0.7819 val_roc_auc=0.7369 val_loss=0.4477 val_metric_name=roc_auc val_metric=0.7369
Step  800 | loss 0.4488 | val_acc=0.7816 val_roc_auc=0.7371 val_loss=0.4478 val_metric_name=roc_auc val_metric=0.7371
Step  850 | loss 0.4512 | val_acc=0.7822 val_roc_auc=0.7375 val_loss=0.4474 val_metric_name=roc_auc val_metric=0.7375
Step  900 | loss 0.4508 | val_acc=0.7822 val_roc_auc=0.7371 val_loss=0.4476 val_metric_name=roc_auc val_metric=0.7371
Step  950 | loss 0.4478 | val_acc=0.7826 val_roc_auc=0.7389 val_loss=0.4481 val_metric_name=roc_auc val_metric=0.7389
Step 1000 | loss 0.4476 | val_acc=0.7836 val_roc_auc=0.7386 val_loss=0.4481 val_metric_name=roc_auc val_metric=0.7386
Step 1050 | loss 0.4467 | val_acc=0.7833 val_roc_auc=0.7383 val_loss=0.4483 val_metric_name=roc_auc val_metric=0.7383
Step 1100 | loss 0.4474 | val_acc=0.7829 val_roc_auc=0.7390 val_loss=0.4484 val_metric_name=roc_auc val_metric=0.7390
Step 1150 | loss 0.4483 | val_acc=0.7843 val_roc_auc=0.7390 val_loss=0.4487 val_metric_name=roc_auc val_metric=0.7390
Step 1200 | loss 0.4459 | val_acc=0.7829 val_roc_auc=0.7400 val_loss=0.4488 val_metric_name=roc_auc val_metric=0.7400
Step 1250 | loss 0.4451 | val_acc=0.7836 val_roc_auc=0.7398 val_loss=0.4493 val_metric_name=roc_auc val_metric=0.7398
Step 1300 | loss 0.4461 | val_acc=0.7826 val_roc_auc=0.7390 val_loss=0.4502 val_metric_name=roc_auc val_metric=0.7390
Step 1350 | loss 0.4458 | val_acc=0.7826 val_roc_auc=0.7399 val_loss=0.4499 val_metric_name=roc_auc val_metric=0.7399
Step 1400 | loss 0.4453 | val_acc=0.7822 val_roc_auc=0.7399 val_loss=0.4506 val_metric_name=roc_auc val_metric=0.7399
Step 1450 | loss 0.4447 | val_acc=0.7819 val_roc_auc=0.7396 val_loss=0.4508 val_metric_name=roc_auc val_metric=0.7396
Step 1500 | loss 0.4449 | val_acc=0.7819 val_roc_auc=0.7394 val_loss=0.4511 val_metric_name=roc_auc val_metric=0.7394
Step 1550 | loss 0.4435 | val_acc=0.7826 val_roc_auc=0.7390 val_loss=0.4517 val_metric_name=roc_auc val_metric=0.7390
Step 1600 | loss 0.4444 | val_acc=0.7826 val_roc_auc=0.7398 val_loss=0.4520 val_metric_name=roc_auc val_metric=0.7398
Step 1650 | loss 0.4421 | val_acc=0.7819 val_roc_auc=0.7385 val_loss=0.4524 val_metric_name=roc_auc val_metric=0.7385
Early stopping at step 1692

--- Final (best ckpt @ step 1390) ---
  train_acc=0.7830 train_roc_auc=0.7522 train_loss=0.4421 train_metric_name=roc_auc train_metric=0.7522
  val_acc=0.7816 val_roc_auc=0.7403 val_loss=0.4505 val_metric_name=roc_auc val_metric=0.7403
  test_acc=0.7793 test_roc_auc=0.7257 test_loss=0.4579 test_metric_name=roc_auc test_metric=0.7257
  test_roc_auc=0.7257

============================================================
Training tolokers ResNet 4L h=384 lr=6e-05 split=8
============================================================
Training for 5000 steps
Step    1 | loss 0.6906 | val_acc=0.7819 val_roc_auc=0.4760 val_loss=0.5368 val_metric_name=roc_auc val_metric=0.4760
Step   50 | loss 0.4684 | val_acc=0.7737 val_roc_auc=0.7198 val_loss=0.4617 val_metric_name=roc_auc val_metric=0.7198
Step  100 | loss 0.4649 | val_acc=0.7836 val_roc_auc=0.7300 val_loss=0.4538 val_metric_name=roc_auc val_metric=0.7300
Step  150 | loss 0.4580 | val_acc=0.7826 val_roc_auc=0.7310 val_loss=0.4519 val_metric_name=roc_auc val_metric=0.7310
Step  200 | loss 0.4564 | val_acc=0.7826 val_roc_auc=0.7311 val_loss=0.4503 val_metric_name=roc_auc val_metric=0.7311
Step  250 | loss 0.4560 | val_acc=0.7826 val_roc_auc=0.7321 val_loss=0.4496 val_metric_name=roc_auc val_metric=0.7321
Step  300 | loss 0.4557 | val_acc=0.7826 val_roc_auc=0.7338 val_loss=0.4487 val_metric_name=roc_auc val_metric=0.7338
Step  350 | loss 0.4513 | val_acc=0.7826 val_roc_auc=0.7367 val_loss=0.4485 val_metric_name=roc_auc val_metric=0.7367
Step  400 | loss 0.4527 | val_acc=0.7822 val_roc_auc=0.7364 val_loss=0.4483 val_metric_name=roc_auc val_metric=0.7364
Step  450 | loss 0.4513 | val_acc=0.7822 val_roc_auc=0.7368 val_loss=0.4475 val_metric_name=roc_auc val_metric=0.7368
Step  500 | loss 0.4481 | val_acc=0.7822 val_roc_auc=0.7373 val_loss=0.4480 val_metric_name=roc_auc val_metric=0.7373
Step  550 | loss 0.4477 | val_acc=0.7836 val_roc_auc=0.7378 val_loss=0.4479 val_metric_name=roc_auc val_metric=0.7378
Step  600 | loss 0.4453 | val_acc=0.7833 val_roc_auc=0.7383 val_loss=0.4485 val_metric_name=roc_auc val_metric=0.7383
Step  650 | loss 0.4456 | val_acc=0.7839 val_roc_auc=0.7396 val_loss=0.4489 val_metric_name=roc_auc val_metric=0.7396
Step  700 | loss 0.4482 | val_acc=0.7833 val_roc_auc=0.7388 val_loss=0.4485 val_metric_name=roc_auc val_metric=0.7388
Step  750 | loss 0.4448 | val_acc=0.7829 val_roc_auc=0.7391 val_loss=0.4494 val_metric_name=roc_auc val_metric=0.7391
Step  800 | loss 0.4444 | val_acc=0.7822 val_roc_auc=0.7387 val_loss=0.4508 val_metric_name=roc_auc val_metric=0.7387
Step  850 | loss 0.4467 | val_acc=0.7822 val_roc_auc=0.7396 val_loss=0.4502 val_metric_name=roc_auc val_metric=0.7396
Step  900 | loss 0.4447 | val_acc=0.7816 val_roc_auc=0.7392 val_loss=0.4516 val_metric_name=roc_auc val_metric=0.7392
Step  950 | loss 0.4438 | val_acc=0.7802 val_roc_auc=0.7397 val_loss=0.4528 val_metric_name=roc_auc val_metric=0.7397
Step 1000 | loss 0.4425 | val_acc=0.7809 val_roc_auc=0.7389 val_loss=0.4535 val_metric_name=roc_auc val_metric=0.7389
Step 1050 | loss 0.4425 | val_acc=0.7826 val_roc_auc=0.7397 val_loss=0.4535 val_metric_name=roc_auc val_metric=0.7397
Step 1100 | loss 0.4426 | val_acc=0.7812 val_roc_auc=0.7400 val_loss=0.4533 val_metric_name=roc_auc val_metric=0.7400
Step 1150 | loss 0.4435 | val_acc=0.7822 val_roc_auc=0.7403 val_loss=0.4539 val_metric_name=roc_auc val_metric=0.7403
Step 1200 | loss 0.4411 | val_acc=0.7822 val_roc_auc=0.7410 val_loss=0.4540 val_metric_name=roc_auc val_metric=0.7410
Step 1250 | loss 0.4399 | val_acc=0.7819 val_roc_auc=0.7416 val_loss=0.4540 val_metric_name=roc_auc val_metric=0.7416
Step 1300 | loss 0.4407 | val_acc=0.7822 val_roc_auc=0.7424 val_loss=0.4537 val_metric_name=roc_auc val_metric=0.7424
Step 1350 | loss 0.4398 | val_acc=0.7829 val_roc_auc=0.7436 val_loss=0.4536 val_metric_name=roc_auc val_metric=0.7436
Step 1400 | loss 0.4393 | val_acc=0.7833 val_roc_auc=0.7449 val_loss=0.4530 val_metric_name=roc_auc val_metric=0.7449
Step 1450 | loss 0.4392 | val_acc=0.7822 val_roc_auc=0.7456 val_loss=0.4530 val_metric_name=roc_auc val_metric=0.7456
Step 1500 | loss 0.4383 | val_acc=0.7805 val_roc_auc=0.7468 val_loss=0.4528 val_metric_name=roc_auc val_metric=0.7468
Step 1550 | loss 0.4375 | val_acc=0.7839 val_roc_auc=0.7474 val_loss=0.4524 val_metric_name=roc_auc val_metric=0.7474
Step 1600 | loss 0.4380 | val_acc=0.7850 val_roc_auc=0.7491 val_loss=0.4521 val_metric_name=roc_auc val_metric=0.7491
Step 1650 | loss 0.4346 | val_acc=0.7850 val_roc_auc=0.7495 val_loss=0.4517 val_metric_name=roc_auc val_metric=0.7495
Step 1700 | loss 0.4395 | val_acc=0.7853 val_roc_auc=0.7509 val_loss=0.4521 val_metric_name=roc_auc val_metric=0.7509
Step 1750 | loss 0.4367 | val_acc=0.7826 val_roc_auc=0.7505 val_loss=0.4526 val_metric_name=roc_auc val_metric=0.7505
Step 1800 | loss 0.4361 | val_acc=0.7853 val_roc_auc=0.7528 val_loss=0.4520 val_metric_name=roc_auc val_metric=0.7528
Step 1850 | loss 0.4372 | val_acc=0.7836 val_roc_auc=0.7517 val_loss=0.4520 val_metric_name=roc_auc val_metric=0.7517
Step 1900 | loss 0.4338 | val_acc=0.7839 val_roc_auc=0.7517 val_loss=0.4522 val_metric_name=roc_auc val_metric=0.7517
Step 1950 | loss 0.4328 | val_acc=0.7846 val_roc_auc=0.7521 val_loss=0.4522 val_metric_name=roc_auc val_metric=0.7521
Step 2000 | loss 0.4351 | val_acc=0.7836 val_roc_auc=0.7509 val_loss=0.4536 val_metric_name=roc_auc val_metric=0.7509
Step 2050 | loss 0.4361 | val_acc=0.7839 val_roc_auc=0.7507 val_loss=0.4535 val_metric_name=roc_auc val_metric=0.7507
Step 2100 | loss 0.4348 | val_acc=0.7829 val_roc_auc=0.7517 val_loss=0.4537 val_metric_name=roc_auc val_metric=0.7517
Step 2150 | loss 0.4349 | val_acc=0.7833 val_roc_auc=0.7510 val_loss=0.4544 val_metric_name=roc_auc val_metric=0.7510
Step 2200 | loss 0.4327 | val_acc=0.7833 val_roc_auc=0.7498 val_loss=0.4547 val_metric_name=roc_auc val_metric=0.7498
Early stopping at step 2241

--- Final (best ckpt @ step 1940) ---
  train_acc=0.7906 train_roc_auc=0.7731 train_loss=0.4292 train_metric_name=roc_auc train_metric=0.7731
  val_acc=0.7846 val_roc_auc=0.7530 val_loss=0.4521 val_metric_name=roc_auc val_metric=0.7530
  test_acc=0.7707 test_roc_auc=0.7206 test_loss=0.4708 test_metric_name=roc_auc test_metric=0.7206
  test_roc_auc=0.7206

============================================================
Training tolokers ResNet 4L h=384 lr=0.0001 split=8
============================================================
Training for 5000 steps
Step    1 | loss 0.6906 | val_acc=0.7819 val_roc_auc=0.4798 val_loss=0.5356 val_metric_name=roc_auc val_metric=0.4798
Step   50 | loss 0.4639 | val_acc=0.7731 val_roc_auc=0.7269 val_loss=0.4579 val_metric_name=roc_auc val_metric=0.7269
Step  100 | loss 0.4610 | val_acc=0.7822 val_roc_auc=0.7319 val_loss=0.4516 val_metric_name=roc_auc val_metric=0.7319
Step  150 | loss 0.4555 | val_acc=0.7822 val_roc_auc=0.7311 val_loss=0.4500 val_metric_name=roc_auc val_metric=0.7311
Step  200 | loss 0.4531 | val_acc=0.7826 val_roc_auc=0.7332 val_loss=0.4488 val_metric_name=roc_auc val_metric=0.7332
Step  250 | loss 0.4530 | val_acc=0.7819 val_roc_auc=0.7370 val_loss=0.4480 val_metric_name=roc_auc val_metric=0.7370
Step  300 | loss 0.4526 | val_acc=0.7822 val_roc_auc=0.7375 val_loss=0.4479 val_metric_name=roc_auc val_metric=0.7375
Step  350 | loss 0.4483 | val_acc=0.7822 val_roc_auc=0.7371 val_loss=0.4481 val_metric_name=roc_auc val_metric=0.7371
Step  400 | loss 0.4494 | val_acc=0.7833 val_roc_auc=0.7377 val_loss=0.4486 val_metric_name=roc_auc val_metric=0.7377
Step  450 | loss 0.4485 | val_acc=0.7819 val_roc_auc=0.7391 val_loss=0.4493 val_metric_name=roc_auc val_metric=0.7391
Step  500 | loss 0.4448 | val_acc=0.7833 val_roc_auc=0.7388 val_loss=0.4503 val_metric_name=roc_auc val_metric=0.7388
Step  550 | loss 0.4451 | val_acc=0.7822 val_roc_auc=0.7393 val_loss=0.4509 val_metric_name=roc_auc val_metric=0.7393
Step  600 | loss 0.4422 | val_acc=0.7826 val_roc_auc=0.7397 val_loss=0.4509 val_metric_name=roc_auc val_metric=0.7397
Step  650 | loss 0.4425 | val_acc=0.7829 val_roc_auc=0.7392 val_loss=0.4528 val_metric_name=roc_auc val_metric=0.7392
Step  700 | loss 0.4451 | val_acc=0.7812 val_roc_auc=0.7396 val_loss=0.4528 val_metric_name=roc_auc val_metric=0.7396
Step  750 | loss 0.4425 | val_acc=0.7816 val_roc_auc=0.7392 val_loss=0.4530 val_metric_name=roc_auc val_metric=0.7392
Step  800 | loss 0.4414 | val_acc=0.7819 val_roc_auc=0.7400 val_loss=0.4541 val_metric_name=roc_auc val_metric=0.7400
Step  850 | loss 0.4431 | val_acc=0.7819 val_roc_auc=0.7409 val_loss=0.4531 val_metric_name=roc_auc val_metric=0.7409
Step  900 | loss 0.4411 | val_acc=0.7816 val_roc_auc=0.7426 val_loss=0.4535 val_metric_name=roc_auc val_metric=0.7426
Step  950 | loss 0.4400 | val_acc=0.7822 val_roc_auc=0.7461 val_loss=0.4532 val_metric_name=roc_auc val_metric=0.7461
Step 1000 | loss 0.4388 | val_acc=0.7822 val_roc_auc=0.7460 val_loss=0.4536 val_metric_name=roc_auc val_metric=0.7460
Step 1050 | loss 0.4381 | val_acc=0.7836 val_roc_auc=0.7487 val_loss=0.4522 val_metric_name=roc_auc val_metric=0.7487
Step 1100 | loss 0.4366 | val_acc=0.7826 val_roc_auc=0.7502 val_loss=0.4518 val_metric_name=roc_auc val_metric=0.7502
Step 1150 | loss 0.4386 | val_acc=0.7822 val_roc_auc=0.7500 val_loss=0.4518 val_metric_name=roc_auc val_metric=0.7500
Step 1200 | loss 0.4356 | val_acc=0.7829 val_roc_auc=0.7503 val_loss=0.4529 val_metric_name=roc_auc val_metric=0.7503
Step 1250 | loss 0.4363 | val_acc=0.7819 val_roc_auc=0.7499 val_loss=0.4527 val_metric_name=roc_auc val_metric=0.7499
Step 1300 | loss 0.4357 | val_acc=0.7826 val_roc_auc=0.7500 val_loss=0.4533 val_metric_name=roc_auc val_metric=0.7500
Step 1350 | loss 0.4350 | val_acc=0.7853 val_roc_auc=0.7505 val_loss=0.4537 val_metric_name=roc_auc val_metric=0.7505
Step 1400 | loss 0.4347 | val_acc=0.7833 val_roc_auc=0.7509 val_loss=0.4539 val_metric_name=roc_auc val_metric=0.7509
Step 1450 | loss 0.4343 | val_acc=0.7846 val_roc_auc=0.7502 val_loss=0.4546 val_metric_name=roc_auc val_metric=0.7502
Step 1500 | loss 0.4331 | val_acc=0.7826 val_roc_auc=0.7496 val_loss=0.4558 val_metric_name=roc_auc val_metric=0.7496
Step 1550 | loss 0.4328 | val_acc=0.7836 val_roc_auc=0.7501 val_loss=0.4570 val_metric_name=roc_auc val_metric=0.7501
Step 1600 | loss 0.4324 | val_acc=0.7826 val_roc_auc=0.7495 val_loss=0.4570 val_metric_name=roc_auc val_metric=0.7495
Step 1650 | loss 0.4291 | val_acc=0.7846 val_roc_auc=0.7479 val_loss=0.4584 val_metric_name=roc_auc val_metric=0.7479
Step 1700 | loss 0.4339 | val_acc=0.7846 val_roc_auc=0.7486 val_loss=0.4599 val_metric_name=roc_auc val_metric=0.7486
Early stopping at step 1722

--- Final (best ckpt @ step 1420) ---
  train_acc=0.7906 train_roc_auc=0.7749 train_loss=0.4282 train_metric_name=roc_auc train_metric=0.7749
  val_acc=0.7843 val_roc_auc=0.7518 val_loss=0.4533 val_metric_name=roc_auc val_metric=0.7518
  test_acc=0.7707 test_roc_auc=0.7216 test_loss=0.4725 test_metric_name=roc_auc test_metric=0.7216
  test_roc_auc=0.7216

============================================================
Training tolokers ResNet 4L h=384 lr=1e-05 split=8
============================================================
Training for 5000 steps
Step    1 | loss 0.6906 | val_acc=0.7169 val_roc_auc=0.4736 val_loss=0.6404 val_metric_name=roc_auc val_metric=0.4736
Step   50 | loss 0.4977 | val_acc=0.7819 val_roc_auc=0.7060 val_loss=0.4807 val_metric_name=roc_auc val_metric=0.7060
Step  100 | loss 0.4861 | val_acc=0.7826 val_roc_auc=0.7103 val_loss=0.4749 val_metric_name=roc_auc val_metric=0.7103
Step  150 | loss 0.4742 | val_acc=0.7792 val_roc_auc=0.7146 val_loss=0.4690 val_metric_name=roc_auc val_metric=0.7146
Step  200 | loss 0.4735 | val_acc=0.7761 val_roc_auc=0.7193 val_loss=0.4640 val_metric_name=roc_auc val_metric=0.7193
Step  250 | loss 0.4718 | val_acc=0.7775 val_roc_auc=0.7231 val_loss=0.4609 val_metric_name=roc_auc val_metric=0.7231
Step  300 | loss 0.4701 | val_acc=0.7778 val_roc_auc=0.7262 val_loss=0.4582 val_metric_name=roc_auc val_metric=0.7262
Step  350 | loss 0.4662 | val_acc=0.7788 val_roc_auc=0.7282 val_loss=0.4566 val_metric_name=roc_auc val_metric=0.7282
Step  400 | loss 0.4657 | val_acc=0.7788 val_roc_auc=0.7292 val_loss=0.4554 val_metric_name=roc_auc val_metric=0.7292
Step  450 | loss 0.4640 | val_acc=0.7792 val_roc_auc=0.7299 val_loss=0.4543 val_metric_name=roc_auc val_metric=0.7299
Step  500 | loss 0.4597 | val_acc=0.7833 val_roc_auc=0.7305 val_loss=0.4535 val_metric_name=roc_auc val_metric=0.7305
Step  550 | loss 0.4619 | val_acc=0.7822 val_roc_auc=0.7304 val_loss=0.4533 val_metric_name=roc_auc val_metric=0.7304
Step  600 | loss 0.4573 | val_acc=0.7812 val_roc_auc=0.7307 val_loss=0.4527 val_metric_name=roc_auc val_metric=0.7307
Step  650 | loss 0.4579 | val_acc=0.7816 val_roc_auc=0.7314 val_loss=0.4522 val_metric_name=roc_auc val_metric=0.7314
Step  700 | loss 0.4598 | val_acc=0.7833 val_roc_auc=0.7311 val_loss=0.4519 val_metric_name=roc_auc val_metric=0.7311
Step  750 | loss 0.4554 | val_acc=0.7829 val_roc_auc=0.7311 val_loss=0.4516 val_metric_name=roc_auc val_metric=0.7311
Step  800 | loss 0.4560 | val_acc=0.7826 val_roc_auc=0.7315 val_loss=0.4511 val_metric_name=roc_auc val_metric=0.7315
Step  850 | loss 0.4589 | val_acc=0.7826 val_roc_auc=0.7313 val_loss=0.4509 val_metric_name=roc_auc val_metric=0.7313
Step  900 | loss 0.4589 | val_acc=0.7826 val_roc_auc=0.7311 val_loss=0.4509 val_metric_name=roc_auc val_metric=0.7311
Step  950 | loss 0.4537 | val_acc=0.7829 val_roc_auc=0.7312 val_loss=0.4507 val_metric_name=roc_auc val_metric=0.7312
Step 1000 | loss 0.4568 | val_acc=0.7826 val_roc_auc=0.7315 val_loss=0.4504 val_metric_name=roc_auc val_metric=0.7315
Step 1050 | loss 0.4530 | val_acc=0.7826 val_roc_auc=0.7312 val_loss=0.4501 val_metric_name=roc_auc val_metric=0.7312
Step 1100 | loss 0.4545 | val_acc=0.7829 val_roc_auc=0.7319 val_loss=0.4500 val_metric_name=roc_auc val_metric=0.7319
Step 1150 | loss 0.4546 | val_acc=0.7829 val_roc_auc=0.7321 val_loss=0.4500 val_metric_name=roc_auc val_metric=0.7321
Step 1200 | loss 0.4538 | val_acc=0.7829 val_roc_auc=0.7330 val_loss=0.4498 val_metric_name=roc_auc val_metric=0.7330
Step 1250 | loss 0.4520 | val_acc=0.7826 val_roc_auc=0.7328 val_loss=0.4498 val_metric_name=roc_auc val_metric=0.7328
Step 1300 | loss 0.4538 | val_acc=0.7822 val_roc_auc=0.7336 val_loss=0.4494 val_metric_name=roc_auc val_metric=0.7336
Step 1350 | loss 0.4534 | val_acc=0.7826 val_roc_auc=0.7342 val_loss=0.4494 val_metric_name=roc_auc val_metric=0.7342
Step 1400 | loss 0.4523 | val_acc=0.7826 val_roc_auc=0.7346 val_loss=0.4492 val_metric_name=roc_auc val_metric=0.7346
Step 1450 | loss 0.4522 | val_acc=0.7822 val_roc_auc=0.7352 val_loss=0.4490 val_metric_name=roc_auc val_metric=0.7352
Step 1500 | loss 0.4523 | val_acc=0.7819 val_roc_auc=0.7354 val_loss=0.4490 val_metric_name=roc_auc val_metric=0.7354
Step 1550 | loss 0.4519 | val_acc=0.7819 val_roc_auc=0.7358 val_loss=0.4489 val_metric_name=roc_auc val_metric=0.7358
Step 1600 | loss 0.4519 | val_acc=0.7822 val_roc_auc=0.7361 val_loss=0.4486 val_metric_name=roc_auc val_metric=0.7361
Step 1650 | loss 0.4508 | val_acc=0.7822 val_roc_auc=0.7365 val_loss=0.4486 val_metric_name=roc_auc val_metric=0.7365
Step 1700 | loss 0.4522 | val_acc=0.7819 val_roc_auc=0.7369 val_loss=0.4483 val_metric_name=roc_auc val_metric=0.7369
Step 1750 | loss 0.4507 | val_acc=0.7822 val_roc_auc=0.7369 val_loss=0.4484 val_metric_name=roc_auc val_metric=0.7369
Step 1800 | loss 0.4497 | val_acc=0.7819 val_roc_auc=0.7371 val_loss=0.4481 val_metric_name=roc_auc val_metric=0.7371
Step 1850 | loss 0.4531 | val_acc=0.7826 val_roc_auc=0.7371 val_loss=0.4478 val_metric_name=roc_auc val_metric=0.7371
Step 1900 | loss 0.4490 | val_acc=0.7822 val_roc_auc=0.7372 val_loss=0.4480 val_metric_name=roc_auc val_metric=0.7372
Step 1950 | loss 0.4514 | val_acc=0.7819 val_roc_auc=0.7372 val_loss=0.4478 val_metric_name=roc_auc val_metric=0.7372
Step 2000 | loss 0.4492 | val_acc=0.7822 val_roc_auc=0.7372 val_loss=0.4477 val_metric_name=roc_auc val_metric=0.7372
Step 2050 | loss 0.4519 | val_acc=0.7822 val_roc_auc=0.7376 val_loss=0.4478 val_metric_name=roc_auc val_metric=0.7376
Step 2100 | loss 0.4516 | val_acc=0.7822 val_roc_auc=0.7372 val_loss=0.4477 val_metric_name=roc_auc val_metric=0.7372
Step 2150 | loss 0.4501 | val_acc=0.7822 val_roc_auc=0.7377 val_loss=0.4476 val_metric_name=roc_auc val_metric=0.7377
Step 2200 | loss 0.4492 | val_acc=0.7822 val_roc_auc=0.7379 val_loss=0.4477 val_metric_name=roc_auc val_metric=0.7379
Step 2250 | loss 0.4494 | val_acc=0.7822 val_roc_auc=0.7379 val_loss=0.4477 val_metric_name=roc_auc val_metric=0.7379
Step 2300 | loss 0.4503 | val_acc=0.7822 val_roc_auc=0.7375 val_loss=0.4475 val_metric_name=roc_auc val_metric=0.7375
Step 2350 | loss 0.4495 | val_acc=0.7819 val_roc_auc=0.7382 val_loss=0.4477 val_metric_name=roc_auc val_metric=0.7382
Step 2400 | loss 0.4489 | val_acc=0.7829 val_roc_auc=0.7388 val_loss=0.4476 val_metric_name=roc_auc val_metric=0.7388
Step 2450 | loss 0.4502 | val_acc=0.7836 val_roc_auc=0.7393 val_loss=0.4477 val_metric_name=roc_auc val_metric=0.7393
Step 2500 | loss 0.4482 | val_acc=0.7836 val_roc_auc=0.7390 val_loss=0.4477 val_metric_name=roc_auc val_metric=0.7390
Step 2550 | loss 0.4479 | val_acc=0.7833 val_roc_auc=0.7390 val_loss=0.4480 val_metric_name=roc_auc val_metric=0.7390
Step 2600 | loss 0.4478 | val_acc=0.7836 val_roc_auc=0.7393 val_loss=0.4481 val_metric_name=roc_auc val_metric=0.7393
Step 2650 | loss 0.4488 | val_acc=0.7836 val_roc_auc=0.7394 val_loss=0.4479 val_metric_name=roc_auc val_metric=0.7394
Step 2700 | loss 0.4472 | val_acc=0.7836 val_roc_auc=0.7394 val_loss=0.4479 val_metric_name=roc_auc val_metric=0.7394
Step 2750 | loss 0.4484 | val_acc=0.7833 val_roc_auc=0.7397 val_loss=0.4481 val_metric_name=roc_auc val_metric=0.7397
Step 2800 | loss 0.4466 | val_acc=0.7829 val_roc_auc=0.7399 val_loss=0.4484 val_metric_name=roc_auc val_metric=0.7399
Step 2850 | loss 0.4454 | val_acc=0.7829 val_roc_auc=0.7395 val_loss=0.4485 val_metric_name=roc_auc val_metric=0.7395
Step 2900 | loss 0.4468 | val_acc=0.7843 val_roc_auc=0.7393 val_loss=0.4486 val_metric_name=roc_auc val_metric=0.7393
Step 2950 | loss 0.4458 | val_acc=0.7836 val_roc_auc=0.7397 val_loss=0.4485 val_metric_name=roc_auc val_metric=0.7397
Step 3000 | loss 0.4456 | val_acc=0.7836 val_roc_auc=0.7396 val_loss=0.4491 val_metric_name=roc_auc val_metric=0.7396
Step 3050 | loss 0.4479 | val_acc=0.7836 val_roc_auc=0.7394 val_loss=0.4491 val_metric_name=roc_auc val_metric=0.7394
Step 3100 | loss 0.4456 | val_acc=0.7836 val_roc_auc=0.7393 val_loss=0.4490 val_metric_name=roc_auc val_metric=0.7393
Step 3150 | loss 0.4469 | val_acc=0.7836 val_roc_auc=0.7393 val_loss=0.4491 val_metric_name=roc_auc val_metric=0.7393
Early stopping at step 3167

--- Final (best ckpt @ step 2790) ---
  train_acc=0.7816 train_roc_auc=0.7505 train_loss=0.4448 train_metric_name=roc_auc train_metric=0.7505
  val_acc=0.7829 val_roc_auc=0.7400 val_loss=0.4483 val_metric_name=roc_auc val_metric=0.7400
  test_acc=0.7806 test_roc_auc=0.7245 test_loss=0.4594 test_metric_name=roc_auc test_metric=0.7245
  test_roc_auc=0.7245

============================================================
Training tolokers ResNet 4L h=512 lr=3e-05 split=8
============================================================
Training for 5000 steps
Step    1 | loss 0.7598 | val_acc=0.7618 val_roc_auc=0.4920 val_loss=0.5935 val_metric_name=roc_auc val_metric=0.4920
Step   50 | loss 0.4749 | val_acc=0.7853 val_roc_auc=0.7132 val_loss=0.4715 val_metric_name=roc_auc val_metric=0.7132
Step  100 | loss 0.4659 | val_acc=0.7805 val_roc_auc=0.7258 val_loss=0.4566 val_metric_name=roc_auc val_metric=0.7258
Step  150 | loss 0.4608 | val_acc=0.7822 val_roc_auc=0.7300 val_loss=0.4520 val_metric_name=roc_auc val_metric=0.7300
Step  200 | loss 0.4570 | val_acc=0.7843 val_roc_auc=0.7315 val_loss=0.4507 val_metric_name=roc_auc val_metric=0.7315
Step  250 | loss 0.4588 | val_acc=0.7853 val_roc_auc=0.7324 val_loss=0.4494 val_metric_name=roc_auc val_metric=0.7324
Step  300 | loss 0.4535 | val_acc=0.7833 val_roc_auc=0.7326 val_loss=0.4487 val_metric_name=roc_auc val_metric=0.7326
Step  350 | loss 0.4543 | val_acc=0.7839 val_roc_auc=0.7341 val_loss=0.4480 val_metric_name=roc_auc val_metric=0.7341
Step  400 | loss 0.4541 | val_acc=0.7839 val_roc_auc=0.7351 val_loss=0.4472 val_metric_name=roc_auc val_metric=0.7351
Step  450 | loss 0.4513 | val_acc=0.7836 val_roc_auc=0.7363 val_loss=0.4468 val_metric_name=roc_auc val_metric=0.7363
Step  500 | loss 0.4523 | val_acc=0.7836 val_roc_auc=0.7373 val_loss=0.4465 val_metric_name=roc_auc val_metric=0.7373
Step  550 | loss 0.4513 | val_acc=0.7836 val_roc_auc=0.7383 val_loss=0.4461 val_metric_name=roc_auc val_metric=0.7383
Step  600 | loss 0.4496 | val_acc=0.7829 val_roc_auc=0.7380 val_loss=0.4463 val_metric_name=roc_auc val_metric=0.7380
Step  650 | loss 0.4486 | val_acc=0.7833 val_roc_auc=0.7384 val_loss=0.4463 val_metric_name=roc_auc val_metric=0.7384
Step  700 | loss 0.4504 | val_acc=0.7836 val_roc_auc=0.7388 val_loss=0.4467 val_metric_name=roc_auc val_metric=0.7388
Step  750 | loss 0.4475 | val_acc=0.7843 val_roc_auc=0.7388 val_loss=0.4464 val_metric_name=roc_auc val_metric=0.7388
Step  800 | loss 0.4486 | val_acc=0.7843 val_roc_auc=0.7402 val_loss=0.4471 val_metric_name=roc_auc val_metric=0.7402
Step  850 | loss 0.4476 | val_acc=0.7839 val_roc_auc=0.7393 val_loss=0.4475 val_metric_name=roc_auc val_metric=0.7393
Step  900 | loss 0.4486 | val_acc=0.7826 val_roc_auc=0.7389 val_loss=0.4485 val_metric_name=roc_auc val_metric=0.7389
Step  950 | loss 0.4472 | val_acc=0.7833 val_roc_auc=0.7384 val_loss=0.4495 val_metric_name=roc_auc val_metric=0.7384
Step 1000 | loss 0.4449 | val_acc=0.7833 val_roc_auc=0.7387 val_loss=0.4500 val_metric_name=roc_auc val_metric=0.7387
Step 1050 | loss 0.4457 | val_acc=0.7833 val_roc_auc=0.7382 val_loss=0.4508 val_metric_name=roc_auc val_metric=0.7382
Step 1100 | loss 0.4458 | val_acc=0.7833 val_roc_auc=0.7379 val_loss=0.4508 val_metric_name=roc_auc val_metric=0.7379
Early stopping at step 1116

--- Final (best ckpt @ step 800) ---
  train_acc=0.7816 train_roc_auc=0.7501 train_loss=0.4452 train_metric_name=roc_auc train_metric=0.7501
  val_acc=0.7843 val_roc_auc=0.7402 val_loss=0.4471 val_metric_name=roc_auc val_metric=0.7402
  test_acc=0.7830 test_roc_auc=0.7239 test_loss=0.4588 test_metric_name=roc_auc test_metric=0.7239
  test_roc_auc=0.7239

============================================================
Training tolokers ResNet 4L h=512 lr=6e-05 split=8
============================================================
Training for 5000 steps
Step    1 | loss 0.7598 | val_acc=0.7816 val_roc_auc=0.4754 val_loss=0.5323 val_metric_name=roc_auc val_metric=0.4754
Step   50 | loss 0.4670 | val_acc=0.7805 val_roc_auc=0.7224 val_loss=0.4589 val_metric_name=roc_auc val_metric=0.7224
Step  100 | loss 0.4598 | val_acc=0.7846 val_roc_auc=0.7295 val_loss=0.4514 val_metric_name=roc_auc val_metric=0.7295
Step  150 | loss 0.4562 | val_acc=0.7856 val_roc_auc=0.7324 val_loss=0.4490 val_metric_name=roc_auc val_metric=0.7324
Step  200 | loss 0.4531 | val_acc=0.7839 val_roc_auc=0.7339 val_loss=0.4478 val_metric_name=roc_auc val_metric=0.7339
Step  250 | loss 0.4542 | val_acc=0.7839 val_roc_auc=0.7358 val_loss=0.4466 val_metric_name=roc_auc val_metric=0.7358
Step  300 | loss 0.4496 | val_acc=0.7829 val_roc_auc=0.7370 val_loss=0.4462 val_metric_name=roc_auc val_metric=0.7370
Step  350 | loss 0.4512 | val_acc=0.7833 val_roc_auc=0.7384 val_loss=0.4463 val_metric_name=roc_auc val_metric=0.7384
Step  400 | loss 0.4497 | val_acc=0.7846 val_roc_auc=0.7396 val_loss=0.4464 val_metric_name=roc_auc val_metric=0.7396
Step  450 | loss 0.4479 | val_acc=0.7836 val_roc_auc=0.7392 val_loss=0.4471 val_metric_name=roc_auc val_metric=0.7392
Step  500 | loss 0.4486 | val_acc=0.7839 val_roc_auc=0.7387 val_loss=0.4481 val_metric_name=roc_auc val_metric=0.7387
Step  550 | loss 0.4475 | val_acc=0.7843 val_roc_auc=0.7386 val_loss=0.4489 val_metric_name=roc_auc val_metric=0.7386
Step  600 | loss 0.4455 | val_acc=0.7839 val_roc_auc=0.7383 val_loss=0.4496 val_metric_name=roc_auc val_metric=0.7383
Step  650 | loss 0.4452 | val_acc=0.7829 val_roc_auc=0.7384 val_loss=0.4504 val_metric_name=roc_auc val_metric=0.7384
Step  700 | loss 0.4463 | val_acc=0.7836 val_roc_auc=0.7383 val_loss=0.4512 val_metric_name=roc_auc val_metric=0.7383
Step  750 | loss 0.4438 | val_acc=0.7833 val_roc_auc=0.7385 val_loss=0.4515 val_metric_name=roc_auc val_metric=0.7385
Step  800 | loss 0.4441 | val_acc=0.7822 val_roc_auc=0.7392 val_loss=0.4533 val_metric_name=roc_auc val_metric=0.7392
Step  850 | loss 0.4433 | val_acc=0.7829 val_roc_auc=0.7389 val_loss=0.4549 val_metric_name=roc_auc val_metric=0.7389
Step  900 | loss 0.4426 | val_acc=0.7816 val_roc_auc=0.7388 val_loss=0.4553 val_metric_name=roc_auc val_metric=0.7388
Step  950 | loss 0.4437 | val_acc=0.7822 val_roc_auc=0.7384 val_loss=0.4560 val_metric_name=roc_auc val_metric=0.7384
Step 1000 | loss 0.4401 | val_acc=0.7822 val_roc_auc=0.7404 val_loss=0.4560 val_metric_name=roc_auc val_metric=0.7404
Step 1050 | loss 0.4407 | val_acc=0.7826 val_roc_auc=0.7404 val_loss=0.4569 val_metric_name=roc_auc val_metric=0.7404
Step 1100 | loss 0.4393 | val_acc=0.7836 val_roc_auc=0.7418 val_loss=0.4567 val_metric_name=roc_auc val_metric=0.7418
Step 1150 | loss 0.4424 | val_acc=0.7809 val_roc_auc=0.7423 val_loss=0.4561 val_metric_name=roc_auc val_metric=0.7423
Step 1200 | loss 0.4396 | val_acc=0.7829 val_roc_auc=0.7424 val_loss=0.4565 val_metric_name=roc_auc val_metric=0.7424
Step 1250 | loss 0.4402 | val_acc=0.7819 val_roc_auc=0.7426 val_loss=0.4571 val_metric_name=roc_auc val_metric=0.7426
Step 1300 | loss 0.4401 | val_acc=0.7819 val_roc_auc=0.7448 val_loss=0.4558 val_metric_name=roc_auc val_metric=0.7448
Step 1350 | loss 0.4386 | val_acc=0.7802 val_roc_auc=0.7465 val_loss=0.4549 val_metric_name=roc_auc val_metric=0.7465
Step 1400 | loss 0.4371 | val_acc=0.7805 val_roc_auc=0.7471 val_loss=0.4550 val_metric_name=roc_auc val_metric=0.7471
Step 1450 | loss 0.4373 | val_acc=0.7802 val_roc_auc=0.7467 val_loss=0.4553 val_metric_name=roc_auc val_metric=0.7467
Step 1500 | loss 0.4376 | val_acc=0.7816 val_roc_auc=0.7477 val_loss=0.4547 val_metric_name=roc_auc val_metric=0.7477
Step 1550 | loss 0.4350 | val_acc=0.7822 val_roc_auc=0.7481 val_loss=0.4560 val_metric_name=roc_auc val_metric=0.7481
Step 1600 | loss 0.4333 | val_acc=0.7843 val_roc_auc=0.7480 val_loss=0.4558 val_metric_name=roc_auc val_metric=0.7480
Step 1650 | loss 0.4349 | val_acc=0.7836 val_roc_auc=0.7461 val_loss=0.4562 val_metric_name=roc_auc val_metric=0.7461
Step 1700 | loss 0.4344 | val_acc=0.7833 val_roc_auc=0.7472 val_loss=0.4560 val_metric_name=roc_auc val_metric=0.7472
Step 1750 | loss 0.4318 | val_acc=0.7839 val_roc_auc=0.7472 val_loss=0.4573 val_metric_name=roc_auc val_metric=0.7472
Step 1800 | loss 0.4338 | val_acc=0.7846 val_roc_auc=0.7488 val_loss=0.4560 val_metric_name=roc_auc val_metric=0.7488
Step 1850 | loss 0.4341 | val_acc=0.7853 val_roc_auc=0.7483 val_loss=0.4572 val_metric_name=roc_auc val_metric=0.7483
Step 1900 | loss 0.4316 | val_acc=0.7853 val_roc_auc=0.7461 val_loss=0.4602 val_metric_name=roc_auc val_metric=0.7461
Step 1950 | loss 0.4317 | val_acc=0.7846 val_roc_auc=0.7467 val_loss=0.4595 val_metric_name=roc_auc val_metric=0.7467
Step 2000 | loss 0.4317 | val_acc=0.7846 val_roc_auc=0.7460 val_loss=0.4592 val_metric_name=roc_auc val_metric=0.7460
Step 2050 | loss 0.4326 | val_acc=0.7860 val_roc_auc=0.7440 val_loss=0.4623 val_metric_name=roc_auc val_metric=0.7440
Step 2100 | loss 0.4299 | val_acc=0.7846 val_roc_auc=0.7431 val_loss=0.4625 val_metric_name=roc_auc val_metric=0.7431
Early stopping at step 2103

--- Final (best ckpt @ step 1580) ---
  train_acc=0.7877 train_roc_auc=0.7694 train_loss=0.4325 train_metric_name=roc_auc train_metric=0.7694
  val_acc=0.7805 val_roc_auc=0.7488 val_loss=0.4550 val_metric_name=roc_auc val_metric=0.7488
  test_acc=0.7738 test_roc_auc=0.7215 test_loss=0.4685 test_metric_name=roc_auc test_metric=0.7215
  test_roc_auc=0.7215

============================================================
Training tolokers ResNet 4L h=512 lr=0.0001 split=8
============================================================
Training for 5000 steps
Step    1 | loss 0.7598 | val_acc=0.7819 val_roc_auc=0.4567 val_loss=0.5746 val_metric_name=roc_auc val_metric=0.4567
Step   50 | loss 0.4628 | val_acc=0.7785 val_roc_auc=0.7254 val_loss=0.4564 val_metric_name=roc_auc val_metric=0.7254
Step  100 | loss 0.4567 | val_acc=0.7856 val_roc_auc=0.7311 val_loss=0.4494 val_metric_name=roc_auc val_metric=0.7311
Step  150 | loss 0.4535 | val_acc=0.7839 val_roc_auc=0.7340 val_loss=0.4473 val_metric_name=roc_auc val_metric=0.7340
Step  200 | loss 0.4505 | val_acc=0.7826 val_roc_auc=0.7371 val_loss=0.4463 val_metric_name=roc_auc val_metric=0.7371
Step  250 | loss 0.4509 | val_acc=0.7836 val_roc_auc=0.7385 val_loss=0.4459 val_metric_name=roc_auc val_metric=0.7385
Step  300 | loss 0.4469 | val_acc=0.7836 val_roc_auc=0.7394 val_loss=0.4464 val_metric_name=roc_auc val_metric=0.7394
Step  350 | loss 0.4486 | val_acc=0.7839 val_roc_auc=0.7393 val_loss=0.4476 val_metric_name=roc_auc val_metric=0.7393
Step  400 | loss 0.4464 | val_acc=0.7839 val_roc_auc=0.7390 val_loss=0.4492 val_metric_name=roc_auc val_metric=0.7390
Step  450 | loss 0.4459 | val_acc=0.7829 val_roc_auc=0.7388 val_loss=0.4499 val_metric_name=roc_auc val_metric=0.7388
Step  500 | loss 0.4450 | val_acc=0.7833 val_roc_auc=0.7385 val_loss=0.4522 val_metric_name=roc_auc val_metric=0.7385
Step  550 | loss 0.4442 | val_acc=0.7829 val_roc_auc=0.7383 val_loss=0.4543 val_metric_name=roc_auc val_metric=0.7383
Step  600 | loss 0.4430 | val_acc=0.7819 val_roc_auc=0.7389 val_loss=0.4538 val_metric_name=roc_auc val_metric=0.7389
Step  650 | loss 0.4428 | val_acc=0.7822 val_roc_auc=0.7394 val_loss=0.4549 val_metric_name=roc_auc val_metric=0.7394
Step  700 | loss 0.4432 | val_acc=0.7812 val_roc_auc=0.7390 val_loss=0.4558 val_metric_name=roc_auc val_metric=0.7390
Step  750 | loss 0.4412 | val_acc=0.7829 val_roc_auc=0.7400 val_loss=0.4562 val_metric_name=roc_auc val_metric=0.7400
Step  800 | loss 0.4404 | val_acc=0.7839 val_roc_auc=0.7425 val_loss=0.4560 val_metric_name=roc_auc val_metric=0.7425
Step  850 | loss 0.4394 | val_acc=0.7816 val_roc_auc=0.7422 val_loss=0.4559 val_metric_name=roc_auc val_metric=0.7422
Step  900 | loss 0.4376 | val_acc=0.7819 val_roc_auc=0.7465 val_loss=0.4549 val_metric_name=roc_auc val_metric=0.7465
Step  950 | loss 0.4399 | val_acc=0.7833 val_roc_auc=0.7457 val_loss=0.4558 val_metric_name=roc_auc val_metric=0.7457
Step 1000 | loss 0.4355 | val_acc=0.7812 val_roc_auc=0.7475 val_loss=0.4546 val_metric_name=roc_auc val_metric=0.7475
Step 1050 | loss 0.4362 | val_acc=0.7816 val_roc_auc=0.7482 val_loss=0.4546 val_metric_name=roc_auc val_metric=0.7482
Step 1100 | loss 0.4345 | val_acc=0.7795 val_roc_auc=0.7480 val_loss=0.4551 val_metric_name=roc_auc val_metric=0.7480
Step 1150 | loss 0.4372 | val_acc=0.7829 val_roc_auc=0.7469 val_loss=0.4559 val_metric_name=roc_auc val_metric=0.7469
Step 1200 | loss 0.4340 | val_acc=0.7829 val_roc_auc=0.7475 val_loss=0.4555 val_metric_name=roc_auc val_metric=0.7475
Step 1250 | loss 0.4347 | val_acc=0.7853 val_roc_auc=0.7462 val_loss=0.4593 val_metric_name=roc_auc val_metric=0.7462
Step 1300 | loss 0.4343 | val_acc=0.7836 val_roc_auc=0.7461 val_loss=0.4588 val_metric_name=roc_auc val_metric=0.7461
Step 1350 | loss 0.4333 | val_acc=0.7867 val_roc_auc=0.7476 val_loss=0.4586 val_metric_name=roc_auc val_metric=0.7476
Step 1400 | loss 0.4304 | val_acc=0.7867 val_roc_auc=0.7459 val_loss=0.4609 val_metric_name=roc_auc val_metric=0.7459
Early stopping at step 1431

--- Final (best ckpt @ step 1130) ---
  train_acc=0.7879 train_roc_auc=0.7708 train_loss=0.4314 train_metric_name=roc_auc train_metric=0.7708
  val_acc=0.7802 val_roc_auc=0.7492 val_loss=0.4549 val_metric_name=roc_auc val_metric=0.7492
  test_acc=0.7738 test_roc_auc=0.7243 test_loss=0.4694 test_metric_name=roc_auc test_metric=0.7243
  test_roc_auc=0.7243

============================================================
Training tolokers ResNet 4L h=512 lr=1e-05 split=8
============================================================
Training for 5000 steps
Step    1 | loss 0.7598 | val_acc=0.4947 val_roc_auc=0.5019 val_loss=0.6974 val_metric_name=roc_auc val_metric=0.5019
Step   50 | loss 0.4921 | val_acc=0.7802 val_roc_auc=0.7035 val_loss=0.4894 val_metric_name=roc_auc val_metric=0.7035
Step  100 | loss 0.4792 | val_acc=0.7822 val_roc_auc=0.7114 val_loss=0.4780 val_metric_name=roc_auc val_metric=0.7114
Step  150 | loss 0.4721 | val_acc=0.7802 val_roc_auc=0.7174 val_loss=0.4674 val_metric_name=roc_auc val_metric=0.7174
Step  200 | loss 0.4678 | val_acc=0.7785 val_roc_auc=0.7225 val_loss=0.4614 val_metric_name=roc_auc val_metric=0.7225
Step  250 | loss 0.4682 | val_acc=0.7805 val_roc_auc=0.7258 val_loss=0.4574 val_metric_name=roc_auc val_metric=0.7258
Step  300 | loss 0.4612 | val_acc=0.7805 val_roc_auc=0.7277 val_loss=0.4552 val_metric_name=roc_auc val_metric=0.7277
Step  350 | loss 0.4594 | val_acc=0.7856 val_roc_auc=0.7290 val_loss=0.4533 val_metric_name=roc_auc val_metric=0.7290
Step  400 | loss 0.4623 | val_acc=0.7836 val_roc_auc=0.7300 val_loss=0.4522 val_metric_name=roc_auc val_metric=0.7300
Step  450 | loss 0.4594 | val_acc=0.7846 val_roc_auc=0.7306 val_loss=0.4516 val_metric_name=roc_auc val_metric=0.7306
Step  500 | loss 0.4587 | val_acc=0.7850 val_roc_auc=0.7315 val_loss=0.4509 val_metric_name=roc_auc val_metric=0.7315
Step  550 | loss 0.4580 | val_acc=0.7850 val_roc_auc=0.7316 val_loss=0.4503 val_metric_name=roc_auc val_metric=0.7316
Step  600 | loss 0.4566 | val_acc=0.7850 val_roc_auc=0.7323 val_loss=0.4498 val_metric_name=roc_auc val_metric=0.7323
Step  650 | loss 0.4568 | val_acc=0.7853 val_roc_auc=0.7329 val_loss=0.4495 val_metric_name=roc_auc val_metric=0.7329
Step  700 | loss 0.4572 | val_acc=0.7856 val_roc_auc=0.7326 val_loss=0.4492 val_metric_name=roc_auc val_metric=0.7326
Step  750 | loss 0.4543 | val_acc=0.7856 val_roc_auc=0.7333 val_loss=0.4487 val_metric_name=roc_auc val_metric=0.7333
Step  800 | loss 0.4551 | val_acc=0.7836 val_roc_auc=0.7337 val_loss=0.4484 val_metric_name=roc_auc val_metric=0.7337
Step  850 | loss 0.4553 | val_acc=0.7836 val_roc_auc=0.7341 val_loss=0.4482 val_metric_name=roc_auc val_metric=0.7341
Step  900 | loss 0.4569 | val_acc=0.7836 val_roc_auc=0.7346 val_loss=0.4480 val_metric_name=roc_auc val_metric=0.7346
Step  950 | loss 0.4545 | val_acc=0.7836 val_roc_auc=0.7347 val_loss=0.4478 val_metric_name=roc_auc val_metric=0.7347
Step 1000 | loss 0.4518 | val_acc=0.7836 val_roc_auc=0.7351 val_loss=0.4476 val_metric_name=roc_auc val_metric=0.7351
Step 1050 | loss 0.4531 | val_acc=0.7839 val_roc_auc=0.7350 val_loss=0.4472 val_metric_name=roc_auc val_metric=0.7350
Step 1100 | loss 0.4541 | val_acc=0.7839 val_roc_auc=0.7359 val_loss=0.4471 val_metric_name=roc_auc val_metric=0.7359
Step 1150 | loss 0.4525 | val_acc=0.7843 val_roc_auc=0.7363 val_loss=0.4470 val_metric_name=roc_auc val_metric=0.7363
Step 1200 | loss 0.4512 | val_acc=0.7843 val_roc_auc=0.7369 val_loss=0.4468 val_metric_name=roc_auc val_metric=0.7369
Step 1250 | loss 0.4529 | val_acc=0.7839 val_roc_auc=0.7368 val_loss=0.4468 val_metric_name=roc_auc val_metric=0.7368
Step 1300 | loss 0.4522 | val_acc=0.7836 val_roc_auc=0.7371 val_loss=0.4467 val_metric_name=roc_auc val_metric=0.7371
Step 1350 | loss 0.4509 | val_acc=0.7836 val_roc_auc=0.7376 val_loss=0.4467 val_metric_name=roc_auc val_metric=0.7376
Step 1400 | loss 0.4512 | val_acc=0.7836 val_roc_auc=0.7380 val_loss=0.4465 val_metric_name=roc_auc val_metric=0.7380
Step 1450 | loss 0.4496 | val_acc=0.7833 val_roc_auc=0.7379 val_loss=0.4465 val_metric_name=roc_auc val_metric=0.7379
Step 1500 | loss 0.4502 | val_acc=0.7836 val_roc_auc=0.7382 val_loss=0.4464 val_metric_name=roc_auc val_metric=0.7382
Step 1550 | loss 0.4490 | val_acc=0.7836 val_roc_auc=0.7379 val_loss=0.4465 val_metric_name=roc_auc val_metric=0.7379
Step 1600 | loss 0.4479 | val_acc=0.7836 val_roc_auc=0.7379 val_loss=0.4464 val_metric_name=roc_auc val_metric=0.7379
Step 1650 | loss 0.4476 | val_acc=0.7836 val_roc_auc=0.7379 val_loss=0.4465 val_metric_name=roc_auc val_metric=0.7379
Step 1700 | loss 0.4489 | val_acc=0.7836 val_roc_auc=0.7379 val_loss=0.4465 val_metric_name=roc_auc val_metric=0.7379
Step 1750 | loss 0.4478 | val_acc=0.7836 val_roc_auc=0.7383 val_loss=0.4466 val_metric_name=roc_auc val_metric=0.7383
Step 1800 | loss 0.4487 | val_acc=0.7836 val_roc_auc=0.7382 val_loss=0.4465 val_metric_name=roc_auc val_metric=0.7382
Step 1850 | loss 0.4479 | val_acc=0.7839 val_roc_auc=0.7385 val_loss=0.4467 val_metric_name=roc_auc val_metric=0.7385
Step 1900 | loss 0.4483 | val_acc=0.7839 val_roc_auc=0.7388 val_loss=0.4469 val_metric_name=roc_auc val_metric=0.7388
Step 1950 | loss 0.4472 | val_acc=0.7843 val_roc_auc=0.7391 val_loss=0.4471 val_metric_name=roc_auc val_metric=0.7391
Step 2000 | loss 0.4469 | val_acc=0.7843 val_roc_auc=0.7392 val_loss=0.4471 val_metric_name=roc_auc val_metric=0.7392
Step 2050 | loss 0.4495 | val_acc=0.7839 val_roc_auc=0.7393 val_loss=0.4474 val_metric_name=roc_auc val_metric=0.7393
Step 2100 | loss 0.4457 | val_acc=0.7836 val_roc_auc=0.7397 val_loss=0.4475 val_metric_name=roc_auc val_metric=0.7397
Step 2150 | loss 0.4461 | val_acc=0.7836 val_roc_auc=0.7398 val_loss=0.4477 val_metric_name=roc_auc val_metric=0.7398
Step 2200 | loss 0.4470 | val_acc=0.7829 val_roc_auc=0.7392 val_loss=0.4481 val_metric_name=roc_auc val_metric=0.7392
Step 2250 | loss 0.4467 | val_acc=0.7829 val_roc_auc=0.7393 val_loss=0.4480 val_metric_name=roc_auc val_metric=0.7393
Step 2300 | loss 0.4463 | val_acc=0.7836 val_roc_auc=0.7390 val_loss=0.4486 val_metric_name=roc_auc val_metric=0.7390
Step 2350 | loss 0.4439 | val_acc=0.7829 val_roc_auc=0.7392 val_loss=0.4489 val_metric_name=roc_auc val_metric=0.7392
Step 2400 | loss 0.4468 | val_acc=0.7833 val_roc_auc=0.7392 val_loss=0.4490 val_metric_name=roc_auc val_metric=0.7392
Step 2450 | loss 0.4469 | val_acc=0.7826 val_roc_auc=0.7393 val_loss=0.4491 val_metric_name=roc_auc val_metric=0.7393
Early stopping at step 2450

--- Final (best ckpt @ step 2150) ---
  train_acc=0.7816 train_roc_auc=0.7491 train_loss=0.4458 train_metric_name=roc_auc train_metric=0.7491
  val_acc=0.7836 val_roc_auc=0.7398 val_loss=0.4477 val_metric_name=roc_auc val_metric=0.7398
  test_acc=0.7827 test_roc_auc=0.7235 test_loss=0.4598 test_metric_name=roc_auc test_metric=0.7235
  test_roc_auc=0.7235
  >> num_layers=4 hidden_dim=256 lr=3e-05 best_step=2620 val_roc_auc=0.7400 test_roc_auc=0.7252
     val_acc=0.7826 val_loss=0.4499 val_metric=0.7400 val_metric_name=roc_auc val_roc_auc=0.7400
     test_acc=0.7806 test_loss=0.4566 test_metric=0.7252 test_metric_name=roc_auc test_roc_auc=0.7252
  >> num_layers=4 hidden_dim=256 lr=6e-05 best_step=3290 val_roc_auc=0.7520 test_roc_auc=0.7276
     val_acc=0.7826 val_loss=0.4514 val_metric=0.7520 val_metric_name=roc_auc val_roc_auc=0.7520
     test_acc=0.7728 test_loss=0.4646 test_metric=0.7276 test_metric_name=roc_auc test_roc_auc=0.7276
  >> num_layers=4 hidden_dim=256 lr=0.0001 best_step=2370 val_roc_auc=0.7523 test_roc_auc=0.7263
     val_acc=0.7839 val_loss=0.4518 val_metric=0.7523 val_metric_name=roc_auc val_roc_auc=0.7523
     test_acc=0.7721 test_loss=0.4666 test_metric=0.7263 test_metric_name=roc_auc test_roc_auc=0.7263
  >> num_layers=4 hidden_dim=256 lr=1e-05 best_step=4910 val_roc_auc=0.7394 test_roc_auc=0.7237
     val_acc=0.7836 val_loss=0.4478 val_metric=0.7394 val_metric_name=roc_auc val_roc_auc=0.7394
     test_acc=0.7823 test_loss=0.4569 test_metric=0.7237 test_metric_name=roc_auc test_roc_auc=0.7237
  >> num_layers=4 hidden_dim=384 lr=3e-05 best_step=1390 val_roc_auc=0.7403 test_roc_auc=0.7257
     val_acc=0.7816 val_loss=0.4505 val_metric=0.7403 val_metric_name=roc_auc val_roc_auc=0.7403
     test_acc=0.7793 test_loss=0.4579 test_metric=0.7257 test_metric_name=roc_auc test_roc_auc=0.7257
  >> num_layers=4 hidden_dim=384 lr=6e-05 best_step=1940 val_roc_auc=0.7530 test_roc_auc=0.7206
     val_acc=0.7846 val_loss=0.4521 val_metric=0.7530 val_metric_name=roc_auc val_roc_auc=0.7530
     test_acc=0.7707 test_loss=0.4708 test_metric=0.7206 test_metric_name=roc_auc test_roc_auc=0.7206
  >> num_layers=4 hidden_dim=384 lr=0.0001 best_step=1420 val_roc_auc=0.7518 test_roc_auc=0.7216
     val_acc=0.7843 val_loss=0.4533 val_metric=0.7518 val_metric_name=roc_auc val_roc_auc=0.7518
     test_acc=0.7707 test_loss=0.4725 test_metric=0.7216 test_metric_name=roc_auc test_roc_auc=0.7216
  >> num_layers=4 hidden_dim=384 lr=1e-05 best_step=2790 val_roc_auc=0.7400 test_roc_auc=0.7245
     val_acc=0.7829 val_loss=0.4483 val_metric=0.7400 val_metric_name=roc_auc val_roc_auc=0.7400
     test_acc=0.7806 test_loss=0.4594 test_metric=0.7245 test_metric_name=roc_auc test_roc_auc=0.7245
  >> num_layers=4 hidden_dim=512 lr=3e-05 best_step=800 val_roc_auc=0.7402 test_roc_auc=0.7239
     val_acc=0.7843 val_loss=0.4471 val_metric=0.7402 val_metric_name=roc_auc val_roc_auc=0.7402
     test_acc=0.7830 test_loss=0.4588 test_metric=0.7239 test_metric_name=roc_auc test_roc_auc=0.7239
  >> num_layers=4 hidden_dim=512 lr=6e-05 best_step=1580 val_roc_auc=0.7488 test_roc_auc=0.7215
     val_acc=0.7805 val_loss=0.4550 val_metric=0.7488 val_metric_name=roc_auc val_roc_auc=0.7488
     test_acc=0.7738 test_loss=0.4685 test_metric=0.7215 test_metric_name=roc_auc test_roc_auc=0.7215
  >> num_layers=4 hidden_dim=512 lr=0.0001 best_step=1130 val_roc_auc=0.7492 test_roc_auc=0.7243
     val_acc=0.7802 val_loss=0.4549 val_metric=0.7492 val_metric_name=roc_auc val_roc_auc=0.7492
     test_acc=0.7738 test_loss=0.4694 test_metric=0.7243 test_metric_name=roc_auc test_roc_auc=0.7243
  >> num_layers=4 hidden_dim=512 lr=1e-05 best_step=2150 val_roc_auc=0.7398 test_roc_auc=0.7235
     val_acc=0.7836 val_loss=0.4477 val_metric=0.7398 val_metric_name=roc_auc val_roc_auc=0.7398
     test_acc=0.7827 test_loss=0.4598 test_metric=0.7235 test_metric_name=roc_auc test_roc_auc=0.7235
  >> selected best (by val): num_layers=4 hidden_dim=384 lr=6e-05 val_roc_auc=0.7530 test_roc_auc=0.7206
     val_acc=0.7846 val_loss=0.4521 val_metric=0.7530 val_metric_name=roc_auc val_roc_auc=0.7530
     test_acc=0.7707 test_loss=0.4708 test_metric=0.7206 test_metric_name=roc_auc test_roc_auc=0.7206

Done. Results saved to /home/avshmelev/diploma_yandex_graphs/results_grid/tolokers/base.csv, checkpoints in /home/avshmelev/diploma_yandex_graphs/all_checkpoints/tolokers/base/
Skipping: "Done." found in /home/avshmelev/diploma_yandex_graphs/results_grid/tolokers/logs_base/ResNet_4L_split8.log
