Loading data...

============================================================
Training tolokers ResNet 3L h=256 lr=3e-05 split=5
============================================================
Training for 5000 steps
Step    1 | loss 0.6954 | val_acc=0.6342 val_roc_auc=0.6531 val_loss=0.6465 val_metric_name=roc_auc val_metric=0.6531
Step   50 | loss 0.4909 | val_acc=0.7799 val_roc_auc=0.7135 val_loss=0.4797 val_metric_name=roc_auc val_metric=0.7135
Step  100 | loss 0.4778 | val_acc=0.7856 val_roc_auc=0.7179 val_loss=0.4669 val_metric_name=roc_auc val_metric=0.7179
Step  150 | loss 0.4698 | val_acc=0.7816 val_roc_auc=0.7212 val_loss=0.4604 val_metric_name=roc_auc val_metric=0.7212
Step  200 | loss 0.4675 | val_acc=0.7805 val_roc_auc=0.7233 val_loss=0.4565 val_metric_name=roc_auc val_metric=0.7233
Step  250 | loss 0.4639 | val_acc=0.7788 val_roc_auc=0.7249 val_loss=0.4547 val_metric_name=roc_auc val_metric=0.7249
Step  300 | loss 0.4608 | val_acc=0.7788 val_roc_auc=0.7259 val_loss=0.4541 val_metric_name=roc_auc val_metric=0.7259
Step  350 | loss 0.4591 | val_acc=0.7778 val_roc_auc=0.7257 val_loss=0.4539 val_metric_name=roc_auc val_metric=0.7257
Step  400 | loss 0.4574 | val_acc=0.7775 val_roc_auc=0.7259 val_loss=0.4538 val_metric_name=roc_auc val_metric=0.7259
Step  450 | loss 0.4582 | val_acc=0.7782 val_roc_auc=0.7257 val_loss=0.4536 val_metric_name=roc_auc val_metric=0.7257
Step  500 | loss 0.4555 | val_acc=0.7782 val_roc_auc=0.7252 val_loss=0.4539 val_metric_name=roc_auc val_metric=0.7252
Step  550 | loss 0.4547 | val_acc=0.7775 val_roc_auc=0.7249 val_loss=0.4539 val_metric_name=roc_auc val_metric=0.7249
Step  600 | loss 0.4559 | val_acc=0.7775 val_roc_auc=0.7248 val_loss=0.4539 val_metric_name=roc_auc val_metric=0.7248
Early stopping at step 632

--- Final (best ckpt @ step 330) ---
  train_acc=0.7848 train_roc_auc=0.7385 train_loss=0.4541 train_metric_name=roc_auc train_metric=0.7385
  val_acc=0.7788 val_roc_auc=0.7265 val_loss=0.4538 val_metric_name=roc_auc val_metric=0.7265
  test_acc=0.7816 test_roc_auc=0.7135 test_loss=0.4603 test_metric_name=roc_auc test_metric=0.7135
  test_roc_auc=0.7135

============================================================
Training tolokers ResNet 3L h=256 lr=6e-05 split=5
============================================================
Training for 5000 steps
Step    1 | loss 0.6954 | val_acc=0.7734 val_roc_auc=0.6544 val_loss=0.5992 val_metric_name=roc_auc val_metric=0.6544
Step   50 | loss 0.4798 | val_acc=0.7799 val_roc_auc=0.7165 val_loss=0.4666 val_metric_name=roc_auc val_metric=0.7165
Step  100 | loss 0.4684 | val_acc=0.7812 val_roc_auc=0.7220 val_loss=0.4579 val_metric_name=roc_auc val_metric=0.7220
Step  150 | loss 0.4617 | val_acc=0.7795 val_roc_auc=0.7256 val_loss=0.4540 val_metric_name=roc_auc val_metric=0.7256
Step  200 | loss 0.4595 | val_acc=0.7782 val_roc_auc=0.7266 val_loss=0.4535 val_metric_name=roc_auc val_metric=0.7266
Step  250 | loss 0.4578 | val_acc=0.7782 val_roc_auc=0.7256 val_loss=0.4537 val_metric_name=roc_auc val_metric=0.7256
Step  300 | loss 0.4562 | val_acc=0.7782 val_roc_auc=0.7250 val_loss=0.4540 val_metric_name=roc_auc val_metric=0.7250
Step  350 | loss 0.4544 | val_acc=0.7775 val_roc_auc=0.7249 val_loss=0.4539 val_metric_name=roc_auc val_metric=0.7249
Step  400 | loss 0.4534 | val_acc=0.7775 val_roc_auc=0.7255 val_loss=0.4535 val_metric_name=roc_auc val_metric=0.7255
Step  450 | loss 0.4542 | val_acc=0.7782 val_roc_auc=0.7257 val_loss=0.4529 val_metric_name=roc_auc val_metric=0.7257
Step  500 | loss 0.4518 | val_acc=0.7778 val_roc_auc=0.7264 val_loss=0.4526 val_metric_name=roc_auc val_metric=0.7264
Early stopping at step 500

--- Final (best ckpt @ step 200) ---
  train_acc=0.7852 train_roc_auc=0.7382 train_loss=0.4538 train_metric_name=roc_auc train_metric=0.7382
  val_acc=0.7782 val_roc_auc=0.7266 val_loss=0.4535 val_metric_name=roc_auc val_metric=0.7266
  test_acc=0.7813 test_roc_auc=0.7129 test_loss=0.4596 test_metric_name=roc_auc test_metric=0.7129
  test_roc_auc=0.7129

============================================================
Training tolokers ResNet 3L h=256 lr=0.0001 split=5
============================================================
Training for 5000 steps
Step    1 | loss 0.6954 | val_acc=0.7809 val_roc_auc=0.6531 val_loss=0.5533 val_metric_name=roc_auc val_metric=0.6531
Step   50 | loss 0.4731 | val_acc=0.7816 val_roc_auc=0.7185 val_loss=0.4622 val_metric_name=roc_auc val_metric=0.7185
Step  100 | loss 0.4627 | val_acc=0.7785 val_roc_auc=0.7254 val_loss=0.4546 val_metric_name=roc_auc val_metric=0.7254
Step  150 | loss 0.4577 | val_acc=0.7775 val_roc_auc=0.7264 val_loss=0.4534 val_metric_name=roc_auc val_metric=0.7264
Step  200 | loss 0.4560 | val_acc=0.7775 val_roc_auc=0.7254 val_loss=0.4534 val_metric_name=roc_auc val_metric=0.7254
Step  250 | loss 0.4548 | val_acc=0.7775 val_roc_auc=0.7256 val_loss=0.4536 val_metric_name=roc_auc val_metric=0.7256
Step  300 | loss 0.4535 | val_acc=0.7782 val_roc_auc=0.7261 val_loss=0.4531 val_metric_name=roc_auc val_metric=0.7261
Step  350 | loss 0.4520 | val_acc=0.7778 val_roc_auc=0.7264 val_loss=0.4525 val_metric_name=roc_auc val_metric=0.7264
Step  400 | loss 0.4511 | val_acc=0.7778 val_roc_auc=0.7279 val_loss=0.4517 val_metric_name=roc_auc val_metric=0.7279
Step  450 | loss 0.4513 | val_acc=0.7782 val_roc_auc=0.7292 val_loss=0.4513 val_metric_name=roc_auc val_metric=0.7292
Step  500 | loss 0.4493 | val_acc=0.7782 val_roc_auc=0.7304 val_loss=0.4509 val_metric_name=roc_auc val_metric=0.7304
Step  550 | loss 0.4482 | val_acc=0.7792 val_roc_auc=0.7310 val_loss=0.4507 val_metric_name=roc_auc val_metric=0.7310
Step  600 | loss 0.4492 | val_acc=0.7788 val_roc_auc=0.7322 val_loss=0.4507 val_metric_name=roc_auc val_metric=0.7322
Step  650 | loss 0.4503 | val_acc=0.7792 val_roc_auc=0.7321 val_loss=0.4510 val_metric_name=roc_auc val_metric=0.7321
Step  700 | loss 0.4462 | val_acc=0.7792 val_roc_auc=0.7343 val_loss=0.4507 val_metric_name=roc_auc val_metric=0.7343
Step  750 | loss 0.4468 | val_acc=0.7782 val_roc_auc=0.7358 val_loss=0.4502 val_metric_name=roc_auc val_metric=0.7358
Step  800 | loss 0.4463 | val_acc=0.7785 val_roc_auc=0.7372 val_loss=0.4497 val_metric_name=roc_auc val_metric=0.7372
Step  850 | loss 0.4454 | val_acc=0.7785 val_roc_auc=0.7386 val_loss=0.4498 val_metric_name=roc_auc val_metric=0.7386
Step  900 | loss 0.4459 | val_acc=0.7788 val_roc_auc=0.7383 val_loss=0.4498 val_metric_name=roc_auc val_metric=0.7383
Step  950 | loss 0.4440 | val_acc=0.7782 val_roc_auc=0.7396 val_loss=0.4494 val_metric_name=roc_auc val_metric=0.7396
Step 1000 | loss 0.4448 | val_acc=0.7782 val_roc_auc=0.7409 val_loss=0.4495 val_metric_name=roc_auc val_metric=0.7409
Step 1050 | loss 0.4440 | val_acc=0.7788 val_roc_auc=0.7412 val_loss=0.4490 val_metric_name=roc_auc val_metric=0.7412
Step 1100 | loss 0.4430 | val_acc=0.7788 val_roc_auc=0.7415 val_loss=0.4486 val_metric_name=roc_auc val_metric=0.7415
Step 1150 | loss 0.4438 | val_acc=0.7785 val_roc_auc=0.7427 val_loss=0.4487 val_metric_name=roc_auc val_metric=0.7427
Step 1200 | loss 0.4437 | val_acc=0.7792 val_roc_auc=0.7437 val_loss=0.4486 val_metric_name=roc_auc val_metric=0.7437
Step 1250 | loss 0.4420 | val_acc=0.7785 val_roc_auc=0.7436 val_loss=0.4486 val_metric_name=roc_auc val_metric=0.7436
Step 1300 | loss 0.4428 | val_acc=0.7775 val_roc_auc=0.7451 val_loss=0.4493 val_metric_name=roc_auc val_metric=0.7451
Step 1350 | loss 0.4417 | val_acc=0.7782 val_roc_auc=0.7450 val_loss=0.4490 val_metric_name=roc_auc val_metric=0.7450
Step 1400 | loss 0.4405 | val_acc=0.7775 val_roc_auc=0.7456 val_loss=0.4491 val_metric_name=roc_auc val_metric=0.7456
Step 1450 | loss 0.4402 | val_acc=0.7771 val_roc_auc=0.7451 val_loss=0.4493 val_metric_name=roc_auc val_metric=0.7451
Step 1500 | loss 0.4420 | val_acc=0.7768 val_roc_auc=0.7471 val_loss=0.4495 val_metric_name=roc_auc val_metric=0.7471
Step 1550 | loss 0.4411 | val_acc=0.7768 val_roc_auc=0.7461 val_loss=0.4500 val_metric_name=roc_auc val_metric=0.7461
Step 1600 | loss 0.4404 | val_acc=0.7771 val_roc_auc=0.7466 val_loss=0.4500 val_metric_name=roc_auc val_metric=0.7466
Step 1650 | loss 0.4403 | val_acc=0.7768 val_roc_auc=0.7475 val_loss=0.4507 val_metric_name=roc_auc val_metric=0.7475
Step 1700 | loss 0.4398 | val_acc=0.7768 val_roc_auc=0.7470 val_loss=0.4502 val_metric_name=roc_auc val_metric=0.7470
Step 1750 | loss 0.4400 | val_acc=0.7765 val_roc_auc=0.7470 val_loss=0.4511 val_metric_name=roc_auc val_metric=0.7470
Step 1800 | loss 0.4388 | val_acc=0.7765 val_roc_auc=0.7470 val_loss=0.4519 val_metric_name=roc_auc val_metric=0.7470
Step 1850 | loss 0.4408 | val_acc=0.7765 val_roc_auc=0.7471 val_loss=0.4518 val_metric_name=roc_auc val_metric=0.7471
Step 1900 | loss 0.4388 | val_acc=0.7761 val_roc_auc=0.7476 val_loss=0.4534 val_metric_name=roc_auc val_metric=0.7476
Step 1950 | loss 0.4371 | val_acc=0.7765 val_roc_auc=0.7477 val_loss=0.4540 val_metric_name=roc_auc val_metric=0.7477
Step 2000 | loss 0.4350 | val_acc=0.7761 val_roc_auc=0.7481 val_loss=0.4530 val_metric_name=roc_auc val_metric=0.7481
Step 2050 | loss 0.4382 | val_acc=0.7761 val_roc_auc=0.7487 val_loss=0.4514 val_metric_name=roc_auc val_metric=0.7487
Step 2100 | loss 0.4371 | val_acc=0.7761 val_roc_auc=0.7485 val_loss=0.4535 val_metric_name=roc_auc val_metric=0.7485
Step 2150 | loss 0.4342 | val_acc=0.7765 val_roc_auc=0.7479 val_loss=0.4530 val_metric_name=roc_auc val_metric=0.7479
Step 2200 | loss 0.4352 | val_acc=0.7761 val_roc_auc=0.7481 val_loss=0.4545 val_metric_name=roc_auc val_metric=0.7481
Step 2250 | loss 0.4364 | val_acc=0.7775 val_roc_auc=0.7469 val_loss=0.4550 val_metric_name=roc_auc val_metric=0.7469
Step 2300 | loss 0.4350 | val_acc=0.7765 val_roc_auc=0.7467 val_loss=0.4550 val_metric_name=roc_auc val_metric=0.7467
Step 2350 | loss 0.4339 | val_acc=0.7768 val_roc_auc=0.7483 val_loss=0.4560 val_metric_name=roc_auc val_metric=0.7483
Step 2400 | loss 0.4332 | val_acc=0.7765 val_roc_auc=0.7483 val_loss=0.4567 val_metric_name=roc_auc val_metric=0.7483
Step 2450 | loss 0.4344 | val_acc=0.7771 val_roc_auc=0.7477 val_loss=0.4552 val_metric_name=roc_auc val_metric=0.7477
Step 2500 | loss 0.4318 | val_acc=0.7765 val_roc_auc=0.7491 val_loss=0.4548 val_metric_name=roc_auc val_metric=0.7491
Step 2550 | loss 0.4313 | val_acc=0.7768 val_roc_auc=0.7472 val_loss=0.4576 val_metric_name=roc_auc val_metric=0.7472
Step 2600 | loss 0.4322 | val_acc=0.7799 val_roc_auc=0.7472 val_loss=0.4567 val_metric_name=roc_auc val_metric=0.7472
Step 2650 | loss 0.4331 | val_acc=0.7792 val_roc_auc=0.7470 val_loss=0.4573 val_metric_name=roc_auc val_metric=0.7470
Step 2700 | loss 0.4314 | val_acc=0.7795 val_roc_auc=0.7478 val_loss=0.4573 val_metric_name=roc_auc val_metric=0.7478
Step 2750 | loss 0.4315 | val_acc=0.7751 val_roc_auc=0.7492 val_loss=0.4590 val_metric_name=roc_auc val_metric=0.7492
Early stopping at step 2797

--- Final (best ckpt @ step 2430) ---
  train_acc=0.7882 train_roc_auc=0.7748 train_loss=0.4273 train_metric_name=roc_auc train_metric=0.7748
  val_acc=0.7768 val_roc_auc=0.7492 val_loss=0.4550 val_metric_name=roc_auc val_metric=0.7492
  test_acc=0.7789 test_roc_auc=0.7313 test_loss=0.4616 test_metric_name=roc_auc test_metric=0.7313
  test_roc_auc=0.7313

============================================================
Training tolokers ResNet 3L h=256 lr=1e-05 split=5
============================================================
Training for 5000 steps
Step    1 | loss 0.6954 | val_acc=0.5614 val_roc_auc=0.6492 val_loss=0.6842 val_metric_name=roc_auc val_metric=0.6492
Step   50 | loss 0.5175 | val_acc=0.7819 val_roc_auc=0.7051 val_loss=0.5205 val_metric_name=roc_auc val_metric=0.7051
Step  100 | loss 0.4990 | val_acc=0.7819 val_roc_auc=0.7128 val_loss=0.4875 val_metric_name=roc_auc val_metric=0.7128
Step  150 | loss 0.4868 | val_acc=0.7819 val_roc_auc=0.7147 val_loss=0.4791 val_metric_name=roc_auc val_metric=0.7147
Step  200 | loss 0.4844 | val_acc=0.7819 val_roc_auc=0.7155 val_loss=0.4738 val_metric_name=roc_auc val_metric=0.7155
Step  250 | loss 0.4797 | val_acc=0.7846 val_roc_auc=0.7173 val_loss=0.4695 val_metric_name=roc_auc val_metric=0.7173
Step  300 | loss 0.4738 | val_acc=0.7853 val_roc_auc=0.7188 val_loss=0.4664 val_metric_name=roc_auc val_metric=0.7188
Step  350 | loss 0.4745 | val_acc=0.7846 val_roc_auc=0.7199 val_loss=0.4637 val_metric_name=roc_auc val_metric=0.7199
Step  400 | loss 0.4708 | val_acc=0.7846 val_roc_auc=0.7210 val_loss=0.4613 val_metric_name=roc_auc val_metric=0.7210
Step  450 | loss 0.4697 | val_acc=0.7809 val_roc_auc=0.7218 val_loss=0.4595 val_metric_name=roc_auc val_metric=0.7218
Step  500 | loss 0.4671 | val_acc=0.7812 val_roc_auc=0.7228 val_loss=0.4580 val_metric_name=roc_auc val_metric=0.7228
Step  550 | loss 0.4667 | val_acc=0.7805 val_roc_auc=0.7230 val_loss=0.4568 val_metric_name=roc_auc val_metric=0.7230
Step  600 | loss 0.4663 | val_acc=0.7802 val_roc_auc=0.7239 val_loss=0.4559 val_metric_name=roc_auc val_metric=0.7239
Step  650 | loss 0.4673 | val_acc=0.7792 val_roc_auc=0.7246 val_loss=0.4553 val_metric_name=roc_auc val_metric=0.7246
Step  700 | loss 0.4609 | val_acc=0.7795 val_roc_auc=0.7252 val_loss=0.4547 val_metric_name=roc_auc val_metric=0.7252
Step  750 | loss 0.4632 | val_acc=0.7792 val_roc_auc=0.7259 val_loss=0.4544 val_metric_name=roc_auc val_metric=0.7259
Step  800 | loss 0.4628 | val_acc=0.7795 val_roc_auc=0.7260 val_loss=0.4540 val_metric_name=roc_auc val_metric=0.7260
Step  850 | loss 0.4614 | val_acc=0.7788 val_roc_auc=0.7262 val_loss=0.4539 val_metric_name=roc_auc val_metric=0.7262
Step  900 | loss 0.4604 | val_acc=0.7788 val_roc_auc=0.7260 val_loss=0.4539 val_metric_name=roc_auc val_metric=0.7260
Step  950 | loss 0.4600 | val_acc=0.7782 val_roc_auc=0.7262 val_loss=0.4538 val_metric_name=roc_auc val_metric=0.7262
Step 1000 | loss 0.4604 | val_acc=0.7775 val_roc_auc=0.7260 val_loss=0.4537 val_metric_name=roc_auc val_metric=0.7260
Step 1050 | loss 0.4591 | val_acc=0.7775 val_roc_auc=0.7260 val_loss=0.4537 val_metric_name=roc_auc val_metric=0.7260
Step 1100 | loss 0.4572 | val_acc=0.7775 val_roc_auc=0.7259 val_loss=0.4538 val_metric_name=roc_auc val_metric=0.7259
Step 1150 | loss 0.4592 | val_acc=0.7778 val_roc_auc=0.7257 val_loss=0.4538 val_metric_name=roc_auc val_metric=0.7257
Step 1200 | loss 0.4592 | val_acc=0.7778 val_roc_auc=0.7253 val_loss=0.4538 val_metric_name=roc_auc val_metric=0.7253
Early stopping at step 1249

--- Final (best ckpt @ step 940) ---
  train_acc=0.7848 train_roc_auc=0.7382 train_loss=0.4542 train_metric_name=roc_auc train_metric=0.7382
  val_acc=0.7782 val_roc_auc=0.7262 val_loss=0.4539 val_metric_name=roc_auc val_metric=0.7262
  test_acc=0.7813 test_roc_auc=0.7130 test_loss=0.4603 test_metric_name=roc_auc test_metric=0.7130
  test_roc_auc=0.7130

============================================================
Training tolokers ResNet 3L h=384 lr=3e-05 split=5
============================================================
Training for 5000 steps
Step    1 | loss 0.7739 | val_acc=0.6924 val_roc_auc=0.4323 val_loss=0.6509 val_metric_name=roc_auc val_metric=0.4323
Step   50 | loss 0.4836 | val_acc=0.7819 val_roc_auc=0.7143 val_loss=0.4856 val_metric_name=roc_auc val_metric=0.7143
Step  100 | loss 0.4712 | val_acc=0.7816 val_roc_auc=0.7200 val_loss=0.4650 val_metric_name=roc_auc val_metric=0.7200
Step  150 | loss 0.4631 | val_acc=0.7805 val_roc_auc=0.7238 val_loss=0.4574 val_metric_name=roc_auc val_metric=0.7238
Step  200 | loss 0.4622 | val_acc=0.7782 val_roc_auc=0.7261 val_loss=0.4547 val_metric_name=roc_auc val_metric=0.7261
Step  250 | loss 0.4604 | val_acc=0.7782 val_roc_auc=0.7263 val_loss=0.4536 val_metric_name=roc_auc val_metric=0.7263
Step  300 | loss 0.4599 | val_acc=0.7771 val_roc_auc=0.7263 val_loss=0.4537 val_metric_name=roc_auc val_metric=0.7263
Step  350 | loss 0.4570 | val_acc=0.7775 val_roc_auc=0.7261 val_loss=0.4539 val_metric_name=roc_auc val_metric=0.7261
Step  400 | loss 0.4565 | val_acc=0.7771 val_roc_auc=0.7261 val_loss=0.4537 val_metric_name=roc_auc val_metric=0.7261
Step  450 | loss 0.4574 | val_acc=0.7775 val_roc_auc=0.7257 val_loss=0.4537 val_metric_name=roc_auc val_metric=0.7257
Step  500 | loss 0.4536 | val_acc=0.7775 val_roc_auc=0.7259 val_loss=0.4534 val_metric_name=roc_auc val_metric=0.7259
Early stopping at step 543

--- Final (best ckpt @ step 240) ---
  train_acc=0.7848 train_roc_auc=0.7378 train_loss=0.4539 train_metric_name=roc_auc train_metric=0.7378
  val_acc=0.7782 val_roc_auc=0.7266 val_loss=0.4536 val_metric_name=roc_auc val_metric=0.7266
  test_acc=0.7820 test_roc_auc=0.7125 test_loss=0.4610 test_metric_name=roc_auc test_metric=0.7125
  test_roc_auc=0.7125

============================================================
Training tolokers ResNet 3L h=384 lr=6e-05 split=5
============================================================
Training for 5000 steps
Step    1 | loss 0.7739 | val_acc=0.7805 val_roc_auc=0.4388 val_loss=0.5794 val_metric_name=roc_auc val_metric=0.4388
Step   50 | loss 0.4747 | val_acc=0.7826 val_roc_auc=0.7176 val_loss=0.4706 val_metric_name=roc_auc val_metric=0.7176
Step  100 | loss 0.4635 | val_acc=0.7785 val_roc_auc=0.7245 val_loss=0.4556 val_metric_name=roc_auc val_metric=0.7245
Step  150 | loss 0.4564 | val_acc=0.7778 val_roc_auc=0.7268 val_loss=0.4533 val_metric_name=roc_auc val_metric=0.7268
Step  200 | loss 0.4570 | val_acc=0.7775 val_roc_auc=0.7257 val_loss=0.4541 val_metric_name=roc_auc val_metric=0.7257
Step  250 | loss 0.4563 | val_acc=0.7771 val_roc_auc=0.7256 val_loss=0.4537 val_metric_name=roc_auc val_metric=0.7256
Step  300 | loss 0.4552 | val_acc=0.7778 val_roc_auc=0.7257 val_loss=0.4535 val_metric_name=roc_auc val_metric=0.7257
Step  350 | loss 0.4525 | val_acc=0.7771 val_roc_auc=0.7265 val_loss=0.4527 val_metric_name=roc_auc val_metric=0.7265
Step  400 | loss 0.4533 | val_acc=0.7771 val_roc_auc=0.7275 val_loss=0.4523 val_metric_name=roc_auc val_metric=0.7275
Step  450 | loss 0.4537 | val_acc=0.7771 val_roc_auc=0.7280 val_loss=0.4521 val_metric_name=roc_auc val_metric=0.7280
Step  500 | loss 0.4498 | val_acc=0.7771 val_roc_auc=0.7290 val_loss=0.4516 val_metric_name=roc_auc val_metric=0.7290
Step  550 | loss 0.4502 | val_acc=0.7775 val_roc_auc=0.7303 val_loss=0.4511 val_metric_name=roc_auc val_metric=0.7303
Step  600 | loss 0.4480 | val_acc=0.7771 val_roc_auc=0.7307 val_loss=0.4513 val_metric_name=roc_auc val_metric=0.7307
Step  650 | loss 0.4488 | val_acc=0.7782 val_roc_auc=0.7310 val_loss=0.4513 val_metric_name=roc_auc val_metric=0.7310
Step  700 | loss 0.4488 | val_acc=0.7778 val_roc_auc=0.7334 val_loss=0.4511 val_metric_name=roc_auc val_metric=0.7334
Step  750 | loss 0.4483 | val_acc=0.7782 val_roc_auc=0.7333 val_loss=0.4513 val_metric_name=roc_auc val_metric=0.7333
Step  800 | loss 0.4478 | val_acc=0.7788 val_roc_auc=0.7345 val_loss=0.4514 val_metric_name=roc_auc val_metric=0.7345
Step  850 | loss 0.4485 | val_acc=0.7785 val_roc_auc=0.7356 val_loss=0.4515 val_metric_name=roc_auc val_metric=0.7356
Step  900 | loss 0.4459 | val_acc=0.7792 val_roc_auc=0.7360 val_loss=0.4516 val_metric_name=roc_auc val_metric=0.7360
Step  950 | loss 0.4464 | val_acc=0.7792 val_roc_auc=0.7370 val_loss=0.4507 val_metric_name=roc_auc val_metric=0.7370
Step 1000 | loss 0.4450 | val_acc=0.7792 val_roc_auc=0.7369 val_loss=0.4512 val_metric_name=roc_auc val_metric=0.7369
Step 1050 | loss 0.4460 | val_acc=0.7782 val_roc_auc=0.7379 val_loss=0.4513 val_metric_name=roc_auc val_metric=0.7379
Step 1100 | loss 0.4435 | val_acc=0.7788 val_roc_auc=0.7394 val_loss=0.4510 val_metric_name=roc_auc val_metric=0.7394
Step 1150 | loss 0.4456 | val_acc=0.7782 val_roc_auc=0.7398 val_loss=0.4517 val_metric_name=roc_auc val_metric=0.7398
Step 1200 | loss 0.4448 | val_acc=0.7778 val_roc_auc=0.7406 val_loss=0.4510 val_metric_name=roc_auc val_metric=0.7406
Step 1250 | loss 0.4465 | val_acc=0.7778 val_roc_auc=0.7411 val_loss=0.4519 val_metric_name=roc_auc val_metric=0.7411
Step 1300 | loss 0.4430 | val_acc=0.7771 val_roc_auc=0.7412 val_loss=0.4519 val_metric_name=roc_auc val_metric=0.7412
Step 1350 | loss 0.4451 | val_acc=0.7775 val_roc_auc=0.7426 val_loss=0.4518 val_metric_name=roc_auc val_metric=0.7426
Step 1400 | loss 0.4429 | val_acc=0.7775 val_roc_auc=0.7424 val_loss=0.4527 val_metric_name=roc_auc val_metric=0.7424
Step 1450 | loss 0.4415 | val_acc=0.7771 val_roc_auc=0.7418 val_loss=0.4527 val_metric_name=roc_auc val_metric=0.7418
Step 1500 | loss 0.4416 | val_acc=0.7771 val_roc_auc=0.7432 val_loss=0.4538 val_metric_name=roc_auc val_metric=0.7432
Step 1550 | loss 0.4413 | val_acc=0.7775 val_roc_auc=0.7432 val_loss=0.4539 val_metric_name=roc_auc val_metric=0.7432
Step 1600 | loss 0.4417 | val_acc=0.7771 val_roc_auc=0.7441 val_loss=0.4533 val_metric_name=roc_auc val_metric=0.7441
Step 1650 | loss 0.4401 | val_acc=0.7775 val_roc_auc=0.7435 val_loss=0.4535 val_metric_name=roc_auc val_metric=0.7435
Step 1700 | loss 0.4410 | val_acc=0.7775 val_roc_auc=0.7443 val_loss=0.4539 val_metric_name=roc_auc val_metric=0.7443
Step 1750 | loss 0.4409 | val_acc=0.7775 val_roc_auc=0.7447 val_loss=0.4522 val_metric_name=roc_auc val_metric=0.7447
Step 1800 | loss 0.4411 | val_acc=0.7765 val_roc_auc=0.7445 val_loss=0.4542 val_metric_name=roc_auc val_metric=0.7445
Step 1850 | loss 0.4391 | val_acc=0.7775 val_roc_auc=0.7454 val_loss=0.4531 val_metric_name=roc_auc val_metric=0.7454
Step 1900 | loss 0.4399 | val_acc=0.7765 val_roc_auc=0.7455 val_loss=0.4543 val_metric_name=roc_auc val_metric=0.7455
Step 1950 | loss 0.4388 | val_acc=0.7765 val_roc_auc=0.7456 val_loss=0.4543 val_metric_name=roc_auc val_metric=0.7456
Step 2000 | loss 0.4395 | val_acc=0.7758 val_roc_auc=0.7457 val_loss=0.4544 val_metric_name=roc_auc val_metric=0.7457
Step 2050 | loss 0.4391 | val_acc=0.7758 val_roc_auc=0.7443 val_loss=0.4557 val_metric_name=roc_auc val_metric=0.7443
Step 2100 | loss 0.4389 | val_acc=0.7758 val_roc_auc=0.7454 val_loss=0.4546 val_metric_name=roc_auc val_metric=0.7454
Step 2150 | loss 0.4393 | val_acc=0.7748 val_roc_auc=0.7465 val_loss=0.4551 val_metric_name=roc_auc val_metric=0.7465
Step 2200 | loss 0.4375 | val_acc=0.7758 val_roc_auc=0.7448 val_loss=0.4564 val_metric_name=roc_auc val_metric=0.7448
Step 2250 | loss 0.4377 | val_acc=0.7754 val_roc_auc=0.7457 val_loss=0.4559 val_metric_name=roc_auc val_metric=0.7457
Step 2300 | loss 0.4372 | val_acc=0.7758 val_roc_auc=0.7457 val_loss=0.4562 val_metric_name=roc_auc val_metric=0.7457
Step 2350 | loss 0.4376 | val_acc=0.7758 val_roc_auc=0.7452 val_loss=0.4564 val_metric_name=roc_auc val_metric=0.7452
Step 2400 | loss 0.4364 | val_acc=0.7785 val_roc_auc=0.7458 val_loss=0.4574 val_metric_name=roc_auc val_metric=0.7458
Step 2450 | loss 0.4356 | val_acc=0.7782 val_roc_auc=0.7460 val_loss=0.4582 val_metric_name=roc_auc val_metric=0.7460
Step 2500 | loss 0.4359 | val_acc=0.7812 val_roc_auc=0.7457 val_loss=0.4591 val_metric_name=roc_auc val_metric=0.7457
Step 2550 | loss 0.4355 | val_acc=0.7778 val_roc_auc=0.7456 val_loss=0.4588 val_metric_name=roc_auc val_metric=0.7456
Step 2600 | loss 0.4338 | val_acc=0.7782 val_roc_auc=0.7466 val_loss=0.4578 val_metric_name=roc_auc val_metric=0.7466
Step 2650 | loss 0.4359 | val_acc=0.7778 val_roc_auc=0.7478 val_loss=0.4599 val_metric_name=roc_auc val_metric=0.7478
Step 2700 | loss 0.4381 | val_acc=0.7812 val_roc_auc=0.7469 val_loss=0.4602 val_metric_name=roc_auc val_metric=0.7469
Step 2750 | loss 0.4330 | val_acc=0.7805 val_roc_auc=0.7480 val_loss=0.4608 val_metric_name=roc_auc val_metric=0.7480
Step 2800 | loss 0.4340 | val_acc=0.7775 val_roc_auc=0.7494 val_loss=0.4620 val_metric_name=roc_auc val_metric=0.7494
Step 2850 | loss 0.4336 | val_acc=0.7809 val_roc_auc=0.7465 val_loss=0.4637 val_metric_name=roc_auc val_metric=0.7465
Step 2900 | loss 0.4332 | val_acc=0.7802 val_roc_auc=0.7484 val_loss=0.4627 val_metric_name=roc_auc val_metric=0.7484
Step 2950 | loss 0.4331 | val_acc=0.7754 val_roc_auc=0.7479 val_loss=0.4645 val_metric_name=roc_auc val_metric=0.7479
Step 3000 | loss 0.4306 | val_acc=0.7809 val_roc_auc=0.7485 val_loss=0.4646 val_metric_name=roc_auc val_metric=0.7485
Step 3050 | loss 0.4338 | val_acc=0.7802 val_roc_auc=0.7489 val_loss=0.4659 val_metric_name=roc_auc val_metric=0.7489
Step 3100 | loss 0.4300 | val_acc=0.7795 val_roc_auc=0.7490 val_loss=0.4666 val_metric_name=roc_auc val_metric=0.7490
Step 3150 | loss 0.4315 | val_acc=0.7802 val_roc_auc=0.7486 val_loss=0.4657 val_metric_name=roc_auc val_metric=0.7486
Step 3200 | loss 0.4302 | val_acc=0.7792 val_roc_auc=0.7476 val_loss=0.4685 val_metric_name=roc_auc val_metric=0.7476
Step 3250 | loss 0.4267 | val_acc=0.7788 val_roc_auc=0.7486 val_loss=0.4687 val_metric_name=roc_auc val_metric=0.7486
Step 3300 | loss 0.4308 | val_acc=0.7792 val_roc_auc=0.7494 val_loss=0.4702 val_metric_name=roc_auc val_metric=0.7494
Step 3350 | loss 0.4295 | val_acc=0.7775 val_roc_auc=0.7497 val_loss=0.4700 val_metric_name=roc_auc val_metric=0.7497
Step 3400 | loss 0.4305 | val_acc=0.7778 val_roc_auc=0.7488 val_loss=0.4718 val_metric_name=roc_auc val_metric=0.7488
Step 3450 | loss 0.4317 | val_acc=0.7771 val_roc_auc=0.7489 val_loss=0.4711 val_metric_name=roc_auc val_metric=0.7489
Step 3500 | loss 0.4274 | val_acc=0.7765 val_roc_auc=0.7506 val_loss=0.4745 val_metric_name=roc_auc val_metric=0.7506
Step 3550 | loss 0.4289 | val_acc=0.7771 val_roc_auc=0.7480 val_loss=0.4732 val_metric_name=roc_auc val_metric=0.7480
Step 3600 | loss 0.4280 | val_acc=0.7775 val_roc_auc=0.7494 val_loss=0.4740 val_metric_name=roc_auc val_metric=0.7494
Step 3650 | loss 0.4285 | val_acc=0.7778 val_roc_auc=0.7498 val_loss=0.4757 val_metric_name=roc_auc val_metric=0.7498
Step 3700 | loss 0.4277 | val_acc=0.7778 val_roc_auc=0.7514 val_loss=0.4771 val_metric_name=roc_auc val_metric=0.7514
Step 3750 | loss 0.4294 | val_acc=0.7775 val_roc_auc=0.7499 val_loss=0.4767 val_metric_name=roc_auc val_metric=0.7499
Step 3800 | loss 0.4264 | val_acc=0.7758 val_roc_auc=0.7499 val_loss=0.4782 val_metric_name=roc_auc val_metric=0.7499
Step 3850 | loss 0.4249 | val_acc=0.7761 val_roc_auc=0.7494 val_loss=0.4763 val_metric_name=roc_auc val_metric=0.7494
Step 3900 | loss 0.4281 | val_acc=0.7765 val_roc_auc=0.7500 val_loss=0.4782 val_metric_name=roc_auc val_metric=0.7500
Step 3950 | loss 0.4247 | val_acc=0.7778 val_roc_auc=0.7492 val_loss=0.4787 val_metric_name=roc_auc val_metric=0.7492
Step 4000 | loss 0.4264 | val_acc=0.7761 val_roc_auc=0.7487 val_loss=0.4794 val_metric_name=roc_auc val_metric=0.7487
Early stopping at step 4010

--- Final (best ckpt @ step 3710) ---
  train_acc=0.7928 train_roc_auc=0.7801 train_loss=0.4233 train_metric_name=roc_auc train_metric=0.7801
  val_acc=0.7771 val_roc_auc=0.7522 val_loss=0.4741 val_metric_name=roc_auc val_metric=0.7522
  test_acc=0.7776 test_roc_auc=0.7321 test_loss=0.4722 test_metric_name=roc_auc test_metric=0.7321
  test_roc_auc=0.7321

============================================================
Training tolokers ResNet 3L h=384 lr=0.0001 split=5
============================================================
Training for 5000 steps
Step    1 | loss 0.7739 | val_acc=0.7819 val_roc_auc=0.4390 val_loss=0.5372 val_metric_name=roc_auc val_metric=0.4390
Step   50 | loss 0.4686 | val_acc=0.7843 val_roc_auc=0.7212 val_loss=0.4578 val_metric_name=roc_auc val_metric=0.7212
Step  100 | loss 0.4591 | val_acc=0.7775 val_roc_auc=0.7264 val_loss=0.4536 val_metric_name=roc_auc val_metric=0.7264
Step  150 | loss 0.4535 | val_acc=0.7775 val_roc_auc=0.7253 val_loss=0.4536 val_metric_name=roc_auc val_metric=0.7253
Step  200 | loss 0.4543 | val_acc=0.7778 val_roc_auc=0.7254 val_loss=0.4538 val_metric_name=roc_auc val_metric=0.7254
Step  250 | loss 0.4538 | val_acc=0.7771 val_roc_auc=0.7265 val_loss=0.4523 val_metric_name=roc_auc val_metric=0.7265
Step  300 | loss 0.4525 | val_acc=0.7771 val_roc_auc=0.7282 val_loss=0.4521 val_metric_name=roc_auc val_metric=0.7282
Step  350 | loss 0.4497 | val_acc=0.7775 val_roc_auc=0.7293 val_loss=0.4512 val_metric_name=roc_auc val_metric=0.7293
Step  400 | loss 0.4507 | val_acc=0.7771 val_roc_auc=0.7303 val_loss=0.4517 val_metric_name=roc_auc val_metric=0.7303
Step  450 | loss 0.4508 | val_acc=0.7775 val_roc_auc=0.7316 val_loss=0.4521 val_metric_name=roc_auc val_metric=0.7316
Step  500 | loss 0.4472 | val_acc=0.7785 val_roc_auc=0.7330 val_loss=0.4518 val_metric_name=roc_auc val_metric=0.7330
Step  550 | loss 0.4477 | val_acc=0.7785 val_roc_auc=0.7354 val_loss=0.4508 val_metric_name=roc_auc val_metric=0.7354
Step  600 | loss 0.4447 | val_acc=0.7785 val_roc_auc=0.7361 val_loss=0.4511 val_metric_name=roc_auc val_metric=0.7361
Step  650 | loss 0.4460 | val_acc=0.7785 val_roc_auc=0.7368 val_loss=0.4514 val_metric_name=roc_auc val_metric=0.7368
Step  700 | loss 0.4453 | val_acc=0.7782 val_roc_auc=0.7390 val_loss=0.4507 val_metric_name=roc_auc val_metric=0.7390
Step  750 | loss 0.4451 | val_acc=0.7782 val_roc_auc=0.7393 val_loss=0.4505 val_metric_name=roc_auc val_metric=0.7393
Step  800 | loss 0.4440 | val_acc=0.7782 val_roc_auc=0.7408 val_loss=0.4512 val_metric_name=roc_auc val_metric=0.7408
Step  850 | loss 0.4450 | val_acc=0.7771 val_roc_auc=0.7410 val_loss=0.4516 val_metric_name=roc_auc val_metric=0.7410
Step  900 | loss 0.4434 | val_acc=0.7771 val_roc_auc=0.7419 val_loss=0.4516 val_metric_name=roc_auc val_metric=0.7419
Step  950 | loss 0.4432 | val_acc=0.7768 val_roc_auc=0.7435 val_loss=0.4512 val_metric_name=roc_auc val_metric=0.7435
Step 1000 | loss 0.4415 | val_acc=0.7768 val_roc_auc=0.7427 val_loss=0.4524 val_metric_name=roc_auc val_metric=0.7427
Step 1050 | loss 0.4428 | val_acc=0.7768 val_roc_auc=0.7432 val_loss=0.4533 val_metric_name=roc_auc val_metric=0.7432
Step 1100 | loss 0.4393 | val_acc=0.7771 val_roc_auc=0.7433 val_loss=0.4540 val_metric_name=roc_auc val_metric=0.7433
Step 1150 | loss 0.4413 | val_acc=0.7761 val_roc_auc=0.7439 val_loss=0.4547 val_metric_name=roc_auc val_metric=0.7439
Step 1200 | loss 0.4413 | val_acc=0.7768 val_roc_auc=0.7447 val_loss=0.4545 val_metric_name=roc_auc val_metric=0.7447
Step 1250 | loss 0.4436 | val_acc=0.7765 val_roc_auc=0.7443 val_loss=0.4551 val_metric_name=roc_auc val_metric=0.7443
Step 1300 | loss 0.4389 | val_acc=0.7768 val_roc_auc=0.7446 val_loss=0.4547 val_metric_name=roc_auc val_metric=0.7446
Step 1350 | loss 0.4413 | val_acc=0.7761 val_roc_auc=0.7443 val_loss=0.4551 val_metric_name=roc_auc val_metric=0.7443
Step 1400 | loss 0.4396 | val_acc=0.7768 val_roc_auc=0.7459 val_loss=0.4557 val_metric_name=roc_auc val_metric=0.7459
Step 1450 | loss 0.4370 | val_acc=0.7751 val_roc_auc=0.7445 val_loss=0.4565 val_metric_name=roc_auc val_metric=0.7445
Step 1500 | loss 0.4371 | val_acc=0.7775 val_roc_auc=0.7441 val_loss=0.4583 val_metric_name=roc_auc val_metric=0.7441
Step 1550 | loss 0.4372 | val_acc=0.7744 val_roc_auc=0.7449 val_loss=0.4575 val_metric_name=roc_auc val_metric=0.7449
Step 1600 | loss 0.4355 | val_acc=0.7754 val_roc_auc=0.7468 val_loss=0.4572 val_metric_name=roc_auc val_metric=0.7468
Step 1650 | loss 0.4361 | val_acc=0.7744 val_roc_auc=0.7468 val_loss=0.4574 val_metric_name=roc_auc val_metric=0.7468
Step 1700 | loss 0.4360 | val_acc=0.7782 val_roc_auc=0.7481 val_loss=0.4577 val_metric_name=roc_auc val_metric=0.7481
Step 1750 | loss 0.4347 | val_acc=0.7751 val_roc_auc=0.7478 val_loss=0.4590 val_metric_name=roc_auc val_metric=0.7478
Step 1800 | loss 0.4355 | val_acc=0.7748 val_roc_auc=0.7477 val_loss=0.4612 val_metric_name=roc_auc val_metric=0.7477
Step 1850 | loss 0.4325 | val_acc=0.7768 val_roc_auc=0.7492 val_loss=0.4602 val_metric_name=roc_auc val_metric=0.7492
Step 1900 | loss 0.4328 | val_acc=0.7775 val_roc_auc=0.7507 val_loss=0.4624 val_metric_name=roc_auc val_metric=0.7507
Step 1950 | loss 0.4321 | val_acc=0.7778 val_roc_auc=0.7505 val_loss=0.4616 val_metric_name=roc_auc val_metric=0.7505
Step 2000 | loss 0.4324 | val_acc=0.7778 val_roc_auc=0.7500 val_loss=0.4650 val_metric_name=roc_auc val_metric=0.7500
Step 2050 | loss 0.4326 | val_acc=0.7792 val_roc_auc=0.7488 val_loss=0.4666 val_metric_name=roc_auc val_metric=0.7488
Step 2100 | loss 0.4304 | val_acc=0.7799 val_roc_auc=0.7501 val_loss=0.4660 val_metric_name=roc_auc val_metric=0.7501
Step 2150 | loss 0.4318 | val_acc=0.7778 val_roc_auc=0.7499 val_loss=0.4690 val_metric_name=roc_auc val_metric=0.7499
Step 2200 | loss 0.4296 | val_acc=0.7782 val_roc_auc=0.7487 val_loss=0.4706 val_metric_name=roc_auc val_metric=0.7487
Step 2250 | loss 0.4288 | val_acc=0.7795 val_roc_auc=0.7503 val_loss=0.4704 val_metric_name=roc_auc val_metric=0.7503
Step 2300 | loss 0.4288 | val_acc=0.7782 val_roc_auc=0.7500 val_loss=0.4706 val_metric_name=roc_auc val_metric=0.7500
Step 2350 | loss 0.4298 | val_acc=0.7771 val_roc_auc=0.7493 val_loss=0.4722 val_metric_name=roc_auc val_metric=0.7493
Step 2400 | loss 0.4282 | val_acc=0.7744 val_roc_auc=0.7478 val_loss=0.4749 val_metric_name=roc_auc val_metric=0.7478
Step 2450 | loss 0.4261 | val_acc=0.7785 val_roc_auc=0.7497 val_loss=0.4748 val_metric_name=roc_auc val_metric=0.7497
Step 2500 | loss 0.4288 | val_acc=0.7778 val_roc_auc=0.7480 val_loss=0.4756 val_metric_name=roc_auc val_metric=0.7480
Step 2550 | loss 0.4284 | val_acc=0.7775 val_roc_auc=0.7489 val_loss=0.4752 val_metric_name=roc_auc val_metric=0.7489
Early stopping at step 2590

--- Final (best ckpt @ step 2290) ---
  train_acc=0.7920 train_roc_auc=0.7789 train_loss=0.4248 train_metric_name=roc_auc train_metric=0.7789
  val_acc=0.7782 val_roc_auc=0.7518 val_loss=0.4695 val_metric_name=roc_auc val_metric=0.7518
  test_acc=0.7789 test_roc_auc=0.7329 test_loss=0.4693 test_metric_name=roc_auc test_metric=0.7329
  test_roc_auc=0.7329

============================================================
Training tolokers ResNet 3L h=384 lr=1e-05 split=5
============================================================
Training for 5000 steps
Step    1 | loss 0.7739 | val_acc=0.3726 val_roc_auc=0.4307 val_loss=0.7198 val_metric_name=roc_auc val_metric=0.4307
Step   50 | loss 0.5066 | val_acc=0.7819 val_roc_auc=0.7031 val_loss=0.5190 val_metric_name=roc_auc val_metric=0.7031
Step  100 | loss 0.4874 | val_acc=0.7819 val_roc_auc=0.7125 val_loss=0.4938 val_metric_name=roc_auc val_metric=0.7125
Step  150 | loss 0.4784 | val_acc=0.7819 val_roc_auc=0.7157 val_loss=0.4827 val_metric_name=roc_auc val_metric=0.7157
Step  200 | loss 0.4766 | val_acc=0.7819 val_roc_auc=0.7182 val_loss=0.4741 val_metric_name=roc_auc val_metric=0.7182
Step  250 | loss 0.4738 | val_acc=0.7826 val_roc_auc=0.7201 val_loss=0.4676 val_metric_name=roc_auc val_metric=0.7201
Step  300 | loss 0.4729 | val_acc=0.7816 val_roc_auc=0.7215 val_loss=0.4633 val_metric_name=roc_auc val_metric=0.7215
Step  350 | loss 0.4670 | val_acc=0.7812 val_roc_auc=0.7232 val_loss=0.4602 val_metric_name=roc_auc val_metric=0.7232
Step  400 | loss 0.4660 | val_acc=0.7805 val_roc_auc=0.7241 val_loss=0.4578 val_metric_name=roc_auc val_metric=0.7241
Step  450 | loss 0.4668 | val_acc=0.7788 val_roc_auc=0.7248 val_loss=0.4564 val_metric_name=roc_auc val_metric=0.7248
Step  500 | loss 0.4620 | val_acc=0.7778 val_roc_auc=0.7260 val_loss=0.4552 val_metric_name=roc_auc val_metric=0.7260
Step  550 | loss 0.4607 | val_acc=0.7785 val_roc_auc=0.7260 val_loss=0.4545 val_metric_name=roc_auc val_metric=0.7260
Step  600 | loss 0.4594 | val_acc=0.7788 val_roc_auc=0.7262 val_loss=0.4540 val_metric_name=roc_auc val_metric=0.7262
Step  650 | loss 0.4590 | val_acc=0.7788 val_roc_auc=0.7262 val_loss=0.4538 val_metric_name=roc_auc val_metric=0.7262
Step  700 | loss 0.4599 | val_acc=0.7775 val_roc_auc=0.7262 val_loss=0.4536 val_metric_name=roc_auc val_metric=0.7262
Step  750 | loss 0.4589 | val_acc=0.7771 val_roc_auc=0.7262 val_loss=0.4538 val_metric_name=roc_auc val_metric=0.7262
Step  800 | loss 0.4592 | val_acc=0.7771 val_roc_auc=0.7264 val_loss=0.4537 val_metric_name=roc_auc val_metric=0.7264
Step  850 | loss 0.4607 | val_acc=0.7768 val_roc_auc=0.7263 val_loss=0.4537 val_metric_name=roc_auc val_metric=0.7263
Step  900 | loss 0.4560 | val_acc=0.7765 val_roc_auc=0.7264 val_loss=0.4538 val_metric_name=roc_auc val_metric=0.7264
Step  950 | loss 0.4574 | val_acc=0.7771 val_roc_auc=0.7260 val_loss=0.4538 val_metric_name=roc_auc val_metric=0.7260
Step 1000 | loss 0.4577 | val_acc=0.7775 val_roc_auc=0.7259 val_loss=0.4537 val_metric_name=roc_auc val_metric=0.7259
Step 1050 | loss 0.4581 | val_acc=0.7771 val_roc_auc=0.7257 val_loss=0.4538 val_metric_name=roc_auc val_metric=0.7257
Step 1100 | loss 0.4561 | val_acc=0.7771 val_roc_auc=0.7258 val_loss=0.4538 val_metric_name=roc_auc val_metric=0.7258
Step 1150 | loss 0.4543 | val_acc=0.7771 val_roc_auc=0.7257 val_loss=0.4536 val_metric_name=roc_auc val_metric=0.7257
Early stopping at step 1180

--- Final (best ckpt @ step 880) ---
  train_acc=0.7845 train_roc_auc=0.7377 train_loss=0.4533 train_metric_name=roc_auc train_metric=0.7377
  val_acc=0.7765 val_roc_auc=0.7265 val_loss=0.4538 val_metric_name=roc_auc val_metric=0.7265
  test_acc=0.7816 test_roc_auc=0.7125 test_loss=0.4599 test_metric_name=roc_auc test_metric=0.7125
  test_roc_auc=0.7125

============================================================
Training tolokers ResNet 3L h=512 lr=3e-05 split=5
============================================================
Training for 5000 steps
Step    1 | loss 0.8679 | val_acc=0.4202 val_roc_auc=0.4340 val_loss=0.7496 val_metric_name=roc_auc val_metric=0.4340
Step   50 | loss 0.4793 | val_acc=0.7816 val_roc_auc=0.7143 val_loss=0.4713 val_metric_name=roc_auc val_metric=0.7143
Step  100 | loss 0.4670 | val_acc=0.7805 val_roc_auc=0.7222 val_loss=0.4649 val_metric_name=roc_auc val_metric=0.7222
Step  150 | loss 0.4619 | val_acc=0.7785 val_roc_auc=0.7256 val_loss=0.4582 val_metric_name=roc_auc val_metric=0.7256
Step  200 | loss 0.4587 | val_acc=0.7795 val_roc_auc=0.7272 val_loss=0.4562 val_metric_name=roc_auc val_metric=0.7272
Step  250 | loss 0.4563 | val_acc=0.7782 val_roc_auc=0.7272 val_loss=0.4555 val_metric_name=roc_auc val_metric=0.7272
Step  300 | loss 0.4576 | val_acc=0.7782 val_roc_auc=0.7267 val_loss=0.4552 val_metric_name=roc_auc val_metric=0.7267
Step  350 | loss 0.4536 | val_acc=0.7785 val_roc_auc=0.7268 val_loss=0.4552 val_metric_name=roc_auc val_metric=0.7268
Step  400 | loss 0.4549 | val_acc=0.7782 val_roc_auc=0.7267 val_loss=0.4552 val_metric_name=roc_auc val_metric=0.7267
Step  450 | loss 0.4514 | val_acc=0.7782 val_roc_auc=0.7266 val_loss=0.4551 val_metric_name=roc_auc val_metric=0.7266
Step  500 | loss 0.4540 | val_acc=0.7778 val_roc_auc=0.7267 val_loss=0.4545 val_metric_name=roc_auc val_metric=0.7267
Early stopping at step 512

--- Final (best ckpt @ step 210) ---
  train_acc=0.7843 train_roc_auc=0.7381 train_loss=0.4564 train_metric_name=roc_auc train_metric=0.7381
  val_acc=0.7792 val_roc_auc=0.7276 val_loss=0.4560 val_metric_name=roc_auc val_metric=0.7276
  test_acc=0.7823 test_roc_auc=0.7147 test_loss=0.4644 test_metric_name=roc_auc test_metric=0.7147
  test_roc_auc=0.7147

============================================================
Training tolokers ResNet 3L h=512 lr=6e-05 split=5
============================================================
Training for 5000 steps
Step    1 | loss 0.8679 | val_acc=0.7700 val_roc_auc=0.4322 val_loss=0.6079 val_metric_name=roc_auc val_metric=0.4322
Step   50 | loss 0.4700 | val_acc=0.7816 val_roc_auc=0.7192 val_loss=0.4623 val_metric_name=roc_auc val_metric=0.7192
Step  100 | loss 0.4609 | val_acc=0.7782 val_roc_auc=0.7270 val_loss=0.4556 val_metric_name=roc_auc val_metric=0.7270
Step  150 | loss 0.4566 | val_acc=0.7782 val_roc_auc=0.7275 val_loss=0.4542 val_metric_name=roc_auc val_metric=0.7275
Step  200 | loss 0.4551 | val_acc=0.7782 val_roc_auc=0.7259 val_loss=0.4557 val_metric_name=roc_auc val_metric=0.7259
Step  250 | loss 0.4526 | val_acc=0.7778 val_roc_auc=0.7265 val_loss=0.4551 val_metric_name=roc_auc val_metric=0.7265
Step  300 | loss 0.4536 | val_acc=0.7775 val_roc_auc=0.7265 val_loss=0.4541 val_metric_name=roc_auc val_metric=0.7265
Step  350 | loss 0.4501 | val_acc=0.7778 val_roc_auc=0.7275 val_loss=0.4532 val_metric_name=roc_auc val_metric=0.7275
Step  400 | loss 0.4516 | val_acc=0.7782 val_roc_auc=0.7279 val_loss=0.4531 val_metric_name=roc_auc val_metric=0.7279
Step  450 | loss 0.4482 | val_acc=0.7778 val_roc_auc=0.7287 val_loss=0.4529 val_metric_name=roc_auc val_metric=0.7287
Step  500 | loss 0.4502 | val_acc=0.7782 val_roc_auc=0.7293 val_loss=0.4522 val_metric_name=roc_auc val_metric=0.7293
Step  550 | loss 0.4475 | val_acc=0.7795 val_roc_auc=0.7305 val_loss=0.4524 val_metric_name=roc_auc val_metric=0.7305
Step  600 | loss 0.4490 | val_acc=0.7795 val_roc_auc=0.7307 val_loss=0.4525 val_metric_name=roc_auc val_metric=0.7307
Step  650 | loss 0.4476 | val_acc=0.7795 val_roc_auc=0.7328 val_loss=0.4521 val_metric_name=roc_auc val_metric=0.7328
Step  700 | loss 0.4469 | val_acc=0.7795 val_roc_auc=0.7328 val_loss=0.4528 val_metric_name=roc_auc val_metric=0.7328
Step  750 | loss 0.4462 | val_acc=0.7795 val_roc_auc=0.7344 val_loss=0.4534 val_metric_name=roc_auc val_metric=0.7344
Step  800 | loss 0.4459 | val_acc=0.7795 val_roc_auc=0.7369 val_loss=0.4530 val_metric_name=roc_auc val_metric=0.7369
Step  850 | loss 0.4450 | val_acc=0.7792 val_roc_auc=0.7363 val_loss=0.4530 val_metric_name=roc_auc val_metric=0.7363
Step  900 | loss 0.4465 | val_acc=0.7795 val_roc_auc=0.7371 val_loss=0.4529 val_metric_name=roc_auc val_metric=0.7371
Step  950 | loss 0.4449 | val_acc=0.7792 val_roc_auc=0.7372 val_loss=0.4537 val_metric_name=roc_auc val_metric=0.7372
Step 1000 | loss 0.4452 | val_acc=0.7792 val_roc_auc=0.7377 val_loss=0.4534 val_metric_name=roc_auc val_metric=0.7377
Step 1050 | loss 0.4429 | val_acc=0.7782 val_roc_auc=0.7393 val_loss=0.4531 val_metric_name=roc_auc val_metric=0.7393
Step 1100 | loss 0.4413 | val_acc=0.7782 val_roc_auc=0.7411 val_loss=0.4533 val_metric_name=roc_auc val_metric=0.7411
Step 1150 | loss 0.4433 | val_acc=0.7778 val_roc_auc=0.7407 val_loss=0.4542 val_metric_name=roc_auc val_metric=0.7407
Step 1200 | loss 0.4433 | val_acc=0.7785 val_roc_auc=0.7406 val_loss=0.4547 val_metric_name=roc_auc val_metric=0.7406
Step 1250 | loss 0.4423 | val_acc=0.7782 val_roc_auc=0.7422 val_loss=0.4540 val_metric_name=roc_auc val_metric=0.7422
Step 1300 | loss 0.4414 | val_acc=0.7775 val_roc_auc=0.7430 val_loss=0.4528 val_metric_name=roc_auc val_metric=0.7430
Step 1350 | loss 0.4439 | val_acc=0.7765 val_roc_auc=0.7443 val_loss=0.4541 val_metric_name=roc_auc val_metric=0.7443
Step 1400 | loss 0.4418 | val_acc=0.7771 val_roc_auc=0.7445 val_loss=0.4545 val_metric_name=roc_auc val_metric=0.7445
Step 1450 | loss 0.4401 | val_acc=0.7768 val_roc_auc=0.7443 val_loss=0.4546 val_metric_name=roc_auc val_metric=0.7443
Step 1500 | loss 0.4398 | val_acc=0.7768 val_roc_auc=0.7465 val_loss=0.4539 val_metric_name=roc_auc val_metric=0.7465
Step 1550 | loss 0.4409 | val_acc=0.7765 val_roc_auc=0.7455 val_loss=0.4552 val_metric_name=roc_auc val_metric=0.7455
Step 1600 | loss 0.4408 | val_acc=0.7761 val_roc_auc=0.7455 val_loss=0.4565 val_metric_name=roc_auc val_metric=0.7455
Step 1650 | loss 0.4383 | val_acc=0.7754 val_roc_auc=0.7459 val_loss=0.4559 val_metric_name=roc_auc val_metric=0.7459
Step 1700 | loss 0.4401 | val_acc=0.7751 val_roc_auc=0.7462 val_loss=0.4563 val_metric_name=roc_auc val_metric=0.7462
Step 1750 | loss 0.4381 | val_acc=0.7758 val_roc_auc=0.7448 val_loss=0.4594 val_metric_name=roc_auc val_metric=0.7448
Step 1800 | loss 0.4382 | val_acc=0.7761 val_roc_auc=0.7454 val_loss=0.4590 val_metric_name=roc_auc val_metric=0.7454
Early stopping at step 1800

--- Final (best ckpt @ step 1500) ---
  train_acc=0.7864 train_roc_auc=0.7594 train_loss=0.4396 train_metric_name=roc_auc train_metric=0.7594
  val_acc=0.7768 val_roc_auc=0.7465 val_loss=0.4539 val_metric_name=roc_auc val_metric=0.7465
  test_acc=0.7793 test_roc_auc=0.7261 test_loss=0.4644 test_metric_name=roc_auc test_metric=0.7261
  test_roc_auc=0.7261

============================================================
Training tolokers ResNet 3L h=512 lr=0.0001 split=5
============================================================
Training for 5000 steps
Step    1 | loss 0.8679 | val_acc=0.7819 val_roc_auc=0.4225 val_loss=0.5414 val_metric_name=roc_auc val_metric=0.4225
Step   50 | loss 0.4648 | val_acc=0.7812 val_roc_auc=0.7227 val_loss=0.4607 val_metric_name=roc_auc val_metric=0.7227
Step  100 | loss 0.4579 | val_acc=0.7785 val_roc_auc=0.7276 val_loss=0.4542 val_metric_name=roc_auc val_metric=0.7276
Step  150 | loss 0.4537 | val_acc=0.7778 val_roc_auc=0.7267 val_loss=0.4546 val_metric_name=roc_auc val_metric=0.7267
Step  200 | loss 0.4533 | val_acc=0.7778 val_roc_auc=0.7260 val_loss=0.4547 val_metric_name=roc_auc val_metric=0.7260
Step  250 | loss 0.4502 | val_acc=0.7782 val_roc_auc=0.7268 val_loss=0.4530 val_metric_name=roc_auc val_metric=0.7268
Step  300 | loss 0.4506 | val_acc=0.7778 val_roc_auc=0.7282 val_loss=0.4521 val_metric_name=roc_auc val_metric=0.7282
Step  350 | loss 0.4478 | val_acc=0.7782 val_roc_auc=0.7299 val_loss=0.4519 val_metric_name=roc_auc val_metric=0.7299
Step  400 | loss 0.4493 | val_acc=0.7785 val_roc_auc=0.7310 val_loss=0.4528 val_metric_name=roc_auc val_metric=0.7310
Step  450 | loss 0.4456 | val_acc=0.7795 val_roc_auc=0.7327 val_loss=0.4528 val_metric_name=roc_auc val_metric=0.7327
Step  500 | loss 0.4471 | val_acc=0.7795 val_roc_auc=0.7349 val_loss=0.4521 val_metric_name=roc_auc val_metric=0.7349
Step  550 | loss 0.4446 | val_acc=0.7792 val_roc_auc=0.7363 val_loss=0.4516 val_metric_name=roc_auc val_metric=0.7363
Step  600 | loss 0.4462 | val_acc=0.7792 val_roc_auc=0.7358 val_loss=0.4519 val_metric_name=roc_auc val_metric=0.7358
Step  650 | loss 0.4445 | val_acc=0.7792 val_roc_auc=0.7386 val_loss=0.4515 val_metric_name=roc_auc val_metric=0.7386
Step  700 | loss 0.4439 | val_acc=0.7785 val_roc_auc=0.7385 val_loss=0.4514 val_metric_name=roc_auc val_metric=0.7385
Step  750 | loss 0.4429 | val_acc=0.7792 val_roc_auc=0.7402 val_loss=0.4522 val_metric_name=roc_auc val_metric=0.7402
Step  800 | loss 0.4427 | val_acc=0.7782 val_roc_auc=0.7428 val_loss=0.4526 val_metric_name=roc_auc val_metric=0.7428
Step  850 | loss 0.4414 | val_acc=0.7785 val_roc_auc=0.7428 val_loss=0.4520 val_metric_name=roc_auc val_metric=0.7428
Step  900 | loss 0.4433 | val_acc=0.7775 val_roc_auc=0.7443 val_loss=0.4540 val_metric_name=roc_auc val_metric=0.7443
Step  950 | loss 0.4416 | val_acc=0.7765 val_roc_auc=0.7443 val_loss=0.4568 val_metric_name=roc_auc val_metric=0.7443
Step 1000 | loss 0.4413 | val_acc=0.7768 val_roc_auc=0.7422 val_loss=0.4563 val_metric_name=roc_auc val_metric=0.7422
Step 1050 | loss 0.4394 | val_acc=0.7761 val_roc_auc=0.7443 val_loss=0.4550 val_metric_name=roc_auc val_metric=0.7443
Step 1100 | loss 0.4375 | val_acc=0.7765 val_roc_auc=0.7446 val_loss=0.4572 val_metric_name=roc_auc val_metric=0.7446
Step 1150 | loss 0.4404 | val_acc=0.7758 val_roc_auc=0.7439 val_loss=0.4583 val_metric_name=roc_auc val_metric=0.7439
Step 1200 | loss 0.4398 | val_acc=0.7765 val_roc_auc=0.7443 val_loss=0.4573 val_metric_name=roc_auc val_metric=0.7443
Step 1250 | loss 0.4376 | val_acc=0.7748 val_roc_auc=0.7442 val_loss=0.4611 val_metric_name=roc_auc val_metric=0.7442
Step 1300 | loss 0.4374 | val_acc=0.7754 val_roc_auc=0.7446 val_loss=0.4586 val_metric_name=roc_auc val_metric=0.7446
Step 1350 | loss 0.4380 | val_acc=0.7768 val_roc_auc=0.7445 val_loss=0.4601 val_metric_name=roc_auc val_metric=0.7445
Step 1400 | loss 0.4367 | val_acc=0.7782 val_roc_auc=0.7467 val_loss=0.4622 val_metric_name=roc_auc val_metric=0.7467
Step 1450 | loss 0.4358 | val_acc=0.7782 val_roc_auc=0.7437 val_loss=0.4641 val_metric_name=roc_auc val_metric=0.7437
Step 1500 | loss 0.4329 | val_acc=0.7782 val_roc_auc=0.7453 val_loss=0.4640 val_metric_name=roc_auc val_metric=0.7453
Step 1550 | loss 0.4347 | val_acc=0.7778 val_roc_auc=0.7458 val_loss=0.4645 val_metric_name=roc_auc val_metric=0.7458
Step 1600 | loss 0.4339 | val_acc=0.7795 val_roc_auc=0.7460 val_loss=0.4654 val_metric_name=roc_auc val_metric=0.7460
Step 1650 | loss 0.4319 | val_acc=0.7768 val_roc_auc=0.7441 val_loss=0.4676 val_metric_name=roc_auc val_metric=0.7441
Step 1700 | loss 0.4326 | val_acc=0.7731 val_roc_auc=0.7452 val_loss=0.4680 val_metric_name=roc_auc val_metric=0.7452
Step 1750 | loss 0.4297 | val_acc=0.7785 val_roc_auc=0.7434 val_loss=0.4734 val_metric_name=roc_auc val_metric=0.7434
Step 1800 | loss 0.4313 | val_acc=0.7788 val_roc_auc=0.7434 val_loss=0.4710 val_metric_name=roc_auc val_metric=0.7434
Step 1850 | loss 0.4320 | val_acc=0.7758 val_roc_auc=0.7456 val_loss=0.4719 val_metric_name=roc_auc val_metric=0.7456
Step 1900 | loss 0.4293 | val_acc=0.7782 val_roc_auc=0.7453 val_loss=0.4728 val_metric_name=roc_auc val_metric=0.7453
Step 1950 | loss 0.4260 | val_acc=0.7744 val_roc_auc=0.7460 val_loss=0.4776 val_metric_name=roc_auc val_metric=0.7460
Step 2000 | loss 0.4295 | val_acc=0.7788 val_roc_auc=0.7467 val_loss=0.4759 val_metric_name=roc_auc val_metric=0.7467
Step 2050 | loss 0.4284 | val_acc=0.7788 val_roc_auc=0.7473 val_loss=0.4779 val_metric_name=roc_auc val_metric=0.7473
Step 2100 | loss 0.4267 | val_acc=0.7775 val_roc_auc=0.7460 val_loss=0.4762 val_metric_name=roc_auc val_metric=0.7460
Step 2150 | loss 0.4246 | val_acc=0.7785 val_roc_auc=0.7473 val_loss=0.4794 val_metric_name=roc_auc val_metric=0.7473
Step 2200 | loss 0.4272 | val_acc=0.7771 val_roc_auc=0.7477 val_loss=0.4820 val_metric_name=roc_auc val_metric=0.7477
Step 2250 | loss 0.4234 | val_acc=0.7788 val_roc_auc=0.7475 val_loss=0.4849 val_metric_name=roc_auc val_metric=0.7475
Step 2300 | loss 0.4232 | val_acc=0.7795 val_roc_auc=0.7476 val_loss=0.4801 val_metric_name=roc_auc val_metric=0.7476
Step 2350 | loss 0.4227 | val_acc=0.7788 val_roc_auc=0.7467 val_loss=0.4837 val_metric_name=roc_auc val_metric=0.7467
Step 2400 | loss 0.4227 | val_acc=0.7782 val_roc_auc=0.7476 val_loss=0.4850 val_metric_name=roc_auc val_metric=0.7476
Step 2450 | loss 0.4258 | val_acc=0.7802 val_roc_auc=0.7476 val_loss=0.4824 val_metric_name=roc_auc val_metric=0.7476
Step 2500 | loss 0.4223 | val_acc=0.7771 val_roc_auc=0.7445 val_loss=0.4914 val_metric_name=roc_auc val_metric=0.7445
Early stopping at step 2524

--- Final (best ckpt @ step 2220) ---
  train_acc=0.7935 train_roc_auc=0.7838 train_loss=0.4209 train_metric_name=roc_auc train_metric=0.7838
  val_acc=0.7792 val_roc_auc=0.7502 val_loss=0.4765 val_metric_name=roc_auc val_metric=0.7502
  test_acc=0.7752 test_roc_auc=0.7265 test_loss=0.4849 test_metric_name=roc_auc test_metric=0.7265
  test_roc_auc=0.7265

============================================================
Training tolokers ResNet 3L h=512 lr=1e-05 split=5
============================================================
Training for 5000 steps
Step    1 | loss 0.8679 | val_acc=0.2225 val_roc_auc=0.4310 val_loss=0.8913 val_metric_name=roc_auc val_metric=0.4310
Step   50 | loss 0.4988 | val_acc=0.7819 val_roc_auc=0.7058 val_loss=0.4910 val_metric_name=roc_auc val_metric=0.7058
Step  100 | loss 0.4817 | val_acc=0.7819 val_roc_auc=0.7133 val_loss=0.4887 val_metric_name=roc_auc val_metric=0.7133
Step  150 | loss 0.4749 | val_acc=0.7826 val_roc_auc=0.7168 val_loss=0.4805 val_metric_name=roc_auc val_metric=0.7168
Step  200 | loss 0.4692 | val_acc=0.7816 val_roc_auc=0.7192 val_loss=0.4739 val_metric_name=roc_auc val_metric=0.7192
Step  250 | loss 0.4670 | val_acc=0.7812 val_roc_auc=0.7218 val_loss=0.4687 val_metric_name=roc_auc val_metric=0.7218
Step  300 | loss 0.4681 | val_acc=0.7805 val_roc_auc=0.7237 val_loss=0.4642 val_metric_name=roc_auc val_metric=0.7237
Step  350 | loss 0.4628 | val_acc=0.7795 val_roc_auc=0.7248 val_loss=0.4619 val_metric_name=roc_auc val_metric=0.7248
Step  400 | loss 0.4617 | val_acc=0.7792 val_roc_auc=0.7254 val_loss=0.4597 val_metric_name=roc_auc val_metric=0.7254
Step  450 | loss 0.4591 | val_acc=0.7782 val_roc_auc=0.7263 val_loss=0.4583 val_metric_name=roc_auc val_metric=0.7263
Step  500 | loss 0.4610 | val_acc=0.7788 val_roc_auc=0.7271 val_loss=0.4571 val_metric_name=roc_auc val_metric=0.7271
Step  550 | loss 0.4600 | val_acc=0.7799 val_roc_auc=0.7275 val_loss=0.4564 val_metric_name=roc_auc val_metric=0.7275
Step  600 | loss 0.4601 | val_acc=0.7792 val_roc_auc=0.7275 val_loss=0.4558 val_metric_name=roc_auc val_metric=0.7275
Step  650 | loss 0.4590 | val_acc=0.7785 val_roc_auc=0.7275 val_loss=0.4556 val_metric_name=roc_auc val_metric=0.7275
Step  700 | loss 0.4568 | val_acc=0.7785 val_roc_auc=0.7272 val_loss=0.4556 val_metric_name=roc_auc val_metric=0.7272
Step  750 | loss 0.4576 | val_acc=0.7782 val_roc_auc=0.7272 val_loss=0.4555 val_metric_name=roc_auc val_metric=0.7272
Step  800 | loss 0.4544 | val_acc=0.7788 val_roc_auc=0.7274 val_loss=0.4554 val_metric_name=roc_auc val_metric=0.7274
Step  850 | loss 0.4587 | val_acc=0.7788 val_roc_auc=0.7272 val_loss=0.4552 val_metric_name=roc_auc val_metric=0.7272
Early stopping at step 883

--- Final (best ckpt @ step 580) ---
  train_acc=0.7847 train_roc_auc=0.7382 train_loss=0.4568 train_metric_name=roc_auc train_metric=0.7382
  val_acc=0.7788 val_roc_auc=0.7277 val_loss=0.4558 val_metric_name=roc_auc val_metric=0.7277
  test_acc=0.7813 test_roc_auc=0.7148 test_loss=0.4644 test_metric_name=roc_auc test_metric=0.7148
  test_roc_auc=0.7148
  >> num_layers=3 hidden_dim=256 lr=3e-05 best_step=330 val_roc_auc=0.7265 test_roc_auc=0.7135
     val_acc=0.7788 val_loss=0.4538 val_metric=0.7265 val_metric_name=roc_auc val_roc_auc=0.7265
     test_acc=0.7816 test_loss=0.4603 test_metric=0.7135 test_metric_name=roc_auc test_roc_auc=0.7135
  >> num_layers=3 hidden_dim=256 lr=6e-05 best_step=200 val_roc_auc=0.7266 test_roc_auc=0.7129
     val_acc=0.7782 val_loss=0.4535 val_metric=0.7266 val_metric_name=roc_auc val_roc_auc=0.7266
     test_acc=0.7813 test_loss=0.4596 test_metric=0.7129 test_metric_name=roc_auc test_roc_auc=0.7129
  >> num_layers=3 hidden_dim=256 lr=0.0001 best_step=2430 val_roc_auc=0.7492 test_roc_auc=0.7313
     val_acc=0.7768 val_loss=0.4550 val_metric=0.7492 val_metric_name=roc_auc val_roc_auc=0.7492
     test_acc=0.7789 test_loss=0.4616 test_metric=0.7313 test_metric_name=roc_auc test_roc_auc=0.7313
  >> num_layers=3 hidden_dim=256 lr=1e-05 best_step=940 val_roc_auc=0.7262 test_roc_auc=0.7130
     val_acc=0.7782 val_loss=0.4539 val_metric=0.7262 val_metric_name=roc_auc val_roc_auc=0.7262
     test_acc=0.7813 test_loss=0.4603 test_metric=0.7130 test_metric_name=roc_auc test_roc_auc=0.7130
  >> num_layers=3 hidden_dim=384 lr=3e-05 best_step=240 val_roc_auc=0.7266 test_roc_auc=0.7125
     val_acc=0.7782 val_loss=0.4536 val_metric=0.7266 val_metric_name=roc_auc val_roc_auc=0.7266
     test_acc=0.7820 test_loss=0.4610 test_metric=0.7125 test_metric_name=roc_auc test_roc_auc=0.7125
  >> num_layers=3 hidden_dim=384 lr=6e-05 best_step=3710 val_roc_auc=0.7522 test_roc_auc=0.7321
     val_acc=0.7771 val_loss=0.4741 val_metric=0.7522 val_metric_name=roc_auc val_roc_auc=0.7522
     test_acc=0.7776 test_loss=0.4722 test_metric=0.7321 test_metric_name=roc_auc test_roc_auc=0.7321
  >> num_layers=3 hidden_dim=384 lr=0.0001 best_step=2290 val_roc_auc=0.7518 test_roc_auc=0.7329
     val_acc=0.7782 val_loss=0.4695 val_metric=0.7518 val_metric_name=roc_auc val_roc_auc=0.7518
     test_acc=0.7789 test_loss=0.4693 test_metric=0.7329 test_metric_name=roc_auc test_roc_auc=0.7329
  >> num_layers=3 hidden_dim=384 lr=1e-05 best_step=880 val_roc_auc=0.7265 test_roc_auc=0.7125
     val_acc=0.7765 val_loss=0.4538 val_metric=0.7265 val_metric_name=roc_auc val_roc_auc=0.7265
     test_acc=0.7816 test_loss=0.4599 test_metric=0.7125 test_metric_name=roc_auc test_roc_auc=0.7125
  >> num_layers=3 hidden_dim=512 lr=3e-05 best_step=210 val_roc_auc=0.7276 test_roc_auc=0.7147
     val_acc=0.7792 val_loss=0.4560 val_metric=0.7276 val_metric_name=roc_auc val_roc_auc=0.7276
     test_acc=0.7823 test_loss=0.4644 test_metric=0.7147 test_metric_name=roc_auc test_roc_auc=0.7147
  >> num_layers=3 hidden_dim=512 lr=6e-05 best_step=1500 val_roc_auc=0.7465 test_roc_auc=0.7261
     val_acc=0.7768 val_loss=0.4539 val_metric=0.7465 val_metric_name=roc_auc val_roc_auc=0.7465
     test_acc=0.7793 test_loss=0.4644 test_metric=0.7261 test_metric_name=roc_auc test_roc_auc=0.7261
  >> num_layers=3 hidden_dim=512 lr=0.0001 best_step=2220 val_roc_auc=0.7502 test_roc_auc=0.7265
     val_acc=0.7792 val_loss=0.4765 val_metric=0.7502 val_metric_name=roc_auc val_roc_auc=0.7502
     test_acc=0.7752 test_loss=0.4849 test_metric=0.7265 test_metric_name=roc_auc test_roc_auc=0.7265
  >> num_layers=3 hidden_dim=512 lr=1e-05 best_step=580 val_roc_auc=0.7277 test_roc_auc=0.7148
     val_acc=0.7788 val_loss=0.4558 val_metric=0.7277 val_metric_name=roc_auc val_roc_auc=0.7277
     test_acc=0.7813 test_loss=0.4644 test_metric=0.7148 test_metric_name=roc_auc test_roc_auc=0.7148
  >> selected best (by val): num_layers=3 hidden_dim=384 lr=6e-05 val_roc_auc=0.7522 test_roc_auc=0.7321
     val_acc=0.7771 val_loss=0.4741 val_metric=0.7522 val_metric_name=roc_auc val_roc_auc=0.7522
     test_acc=0.7776 test_loss=0.4722 test_metric=0.7321 test_metric_name=roc_auc test_roc_auc=0.7321

Done. Results saved to /home/avshmelev/diploma_yandex_graphs/results_grid/tolokers/base.csv, checkpoints in /home/avshmelev/diploma_yandex_graphs/all_checkpoints/tolokers/base/
Skipping: "Done." found in /home/avshmelev/diploma_yandex_graphs/results_grid/tolokers/logs_base/ResNet_3L_split5.log
