Loading data...

============================================================
Training tolokers ResNet 4L h=256 lr=3e-05 split=3
============================================================
Training for 5000 steps
Step    1 | loss 0.6844 | val_acc=0.7264 val_roc_auc=0.3653 val_loss=0.6160 val_metric_name=roc_auc val_metric=0.3653
Step   50 | loss 0.4899 | val_acc=0.7819 val_roc_auc=0.7034 val_loss=0.4891 val_metric_name=roc_auc val_metric=0.7034
Step  100 | loss 0.4753 | val_acc=0.7812 val_roc_auc=0.7177 val_loss=0.4699 val_metric_name=roc_auc val_metric=0.7177
Step  150 | loss 0.4673 | val_acc=0.7792 val_roc_auc=0.7230 val_loss=0.4651 val_metric_name=roc_auc val_metric=0.7230
Step  200 | loss 0.4642 | val_acc=0.7805 val_roc_auc=0.7259 val_loss=0.4639 val_metric_name=roc_auc val_metric=0.7259
Step  250 | loss 0.4587 | val_acc=0.7809 val_roc_auc=0.7274 val_loss=0.4629 val_metric_name=roc_auc val_metric=0.7274
Step  300 | loss 0.4625 | val_acc=0.7805 val_roc_auc=0.7293 val_loss=0.4626 val_metric_name=roc_auc val_metric=0.7293
Step  350 | loss 0.4622 | val_acc=0.7805 val_roc_auc=0.7299 val_loss=0.4624 val_metric_name=roc_auc val_metric=0.7299
Step  400 | loss 0.4593 | val_acc=0.7812 val_roc_auc=0.7284 val_loss=0.4612 val_metric_name=roc_auc val_metric=0.7284
Step  450 | loss 0.4579 | val_acc=0.7826 val_roc_auc=0.7286 val_loss=0.4607 val_metric_name=roc_auc val_metric=0.7286
Step  500 | loss 0.4557 | val_acc=0.7836 val_roc_auc=0.7275 val_loss=0.4601 val_metric_name=roc_auc val_metric=0.7275
Step  550 | loss 0.4554 | val_acc=0.7833 val_roc_auc=0.7283 val_loss=0.4597 val_metric_name=roc_auc val_metric=0.7283
Step  600 | loss 0.4569 | val_acc=0.7836 val_roc_auc=0.7286 val_loss=0.4587 val_metric_name=roc_auc val_metric=0.7286
Early stopping at step 643

--- Final (best ckpt @ step 340) ---
  train_acc=0.7823 train_roc_auc=0.7358 train_loss=0.4554 train_metric_name=roc_auc train_metric=0.7358
  val_acc=0.7805 val_roc_auc=0.7300 val_loss=0.4624 val_metric_name=roc_auc val_metric=0.7300
  test_acc=0.7816 test_roc_auc=0.7338 test_loss=0.4634 test_metric_name=roc_auc test_metric=0.7338
  test_roc_auc=0.7338

============================================================
Training tolokers ResNet 4L h=256 lr=6e-05 split=3
============================================================
Training for 5000 steps
Step    1 | loss 0.6844 | val_acc=0.7819 val_roc_auc=0.3687 val_loss=0.5825 val_metric_name=roc_auc val_metric=0.3687
Step   50 | loss 0.4782 | val_acc=0.7816 val_roc_auc=0.7156 val_loss=0.4692 val_metric_name=roc_auc val_metric=0.7156
Step  100 | loss 0.4661 | val_acc=0.7792 val_roc_auc=0.7256 val_loss=0.4625 val_metric_name=roc_auc val_metric=0.7256
Step  150 | loss 0.4599 | val_acc=0.7805 val_roc_auc=0.7291 val_loss=0.4621 val_metric_name=roc_auc val_metric=0.7291
Step  200 | loss 0.4578 | val_acc=0.7816 val_roc_auc=0.7302 val_loss=0.4616 val_metric_name=roc_auc val_metric=0.7302
Step  250 | loss 0.4545 | val_acc=0.7833 val_roc_auc=0.7280 val_loss=0.4605 val_metric_name=roc_auc val_metric=0.7280
Step  300 | loss 0.4572 | val_acc=0.7839 val_roc_auc=0.7283 val_loss=0.4591 val_metric_name=roc_auc val_metric=0.7283
Step  350 | loss 0.4580 | val_acc=0.7836 val_roc_auc=0.7275 val_loss=0.4579 val_metric_name=roc_auc val_metric=0.7275
Step  400 | loss 0.4552 | val_acc=0.7836 val_roc_auc=0.7269 val_loss=0.4567 val_metric_name=roc_auc val_metric=0.7269
Step  450 | loss 0.4540 | val_acc=0.7836 val_roc_auc=0.7277 val_loss=0.4562 val_metric_name=roc_auc val_metric=0.7277
Early stopping at step 499

--- Final (best ckpt @ step 190) ---
  train_acc=0.7828 train_roc_auc=0.7361 train_loss=0.4549 train_metric_name=roc_auc train_metric=0.7361
  val_acc=0.7812 val_roc_auc=0.7304 val_loss=0.4618 val_metric_name=roc_auc val_metric=0.7304
  test_acc=0.7830 test_roc_auc=0.7337 test_loss=0.4629 test_metric_name=roc_auc test_metric=0.7337
  test_roc_auc=0.7337

============================================================
Training tolokers ResNet 4L h=256 lr=0.0001 split=3
============================================================
Training for 5000 steps
Step    1 | loss 0.6844 | val_acc=0.7819 val_roc_auc=0.3727 val_loss=0.5567 val_metric_name=roc_auc val_metric=0.3727
Step   50 | loss 0.4714 | val_acc=0.7799 val_roc_auc=0.7201 val_loss=0.4650 val_metric_name=roc_auc val_metric=0.7201
Step  100 | loss 0.4614 | val_acc=0.7809 val_roc_auc=0.7293 val_loss=0.4618 val_metric_name=roc_auc val_metric=0.7293
Step  150 | loss 0.4567 | val_acc=0.7836 val_roc_auc=0.7288 val_loss=0.4603 val_metric_name=roc_auc val_metric=0.7288
Step  200 | loss 0.4546 | val_acc=0.7843 val_roc_auc=0.7284 val_loss=0.4581 val_metric_name=roc_auc val_metric=0.7284
Step  250 | loss 0.4521 | val_acc=0.7839 val_roc_auc=0.7270 val_loss=0.4570 val_metric_name=roc_auc val_metric=0.7270
Step  300 | loss 0.4545 | val_acc=0.7839 val_roc_auc=0.7273 val_loss=0.4563 val_metric_name=roc_auc val_metric=0.7273
Step  350 | loss 0.4555 | val_acc=0.7839 val_roc_auc=0.7271 val_loss=0.4552 val_metric_name=roc_auc val_metric=0.7271
Step  400 | loss 0.4529 | val_acc=0.7843 val_roc_auc=0.7275 val_loss=0.4543 val_metric_name=roc_auc val_metric=0.7275
Early stopping at step 440

--- Final (best ckpt @ step 140) ---
  train_acc=0.7821 train_roc_auc=0.7364 train_loss=0.4541 train_metric_name=roc_auc train_metric=0.7364
  val_acc=0.7833 val_roc_auc=0.7306 val_loss=0.4602 val_metric_name=roc_auc val_metric=0.7306
  test_acc=0.7816 test_roc_auc=0.7357 test_loss=0.4613 test_metric_name=roc_auc test_metric=0.7357
  test_roc_auc=0.7357

============================================================
Training tolokers ResNet 4L h=256 lr=1e-05 split=3
============================================================
Training for 5000 steps
Step    1 | loss 0.6844 | val_acc=0.6669 val_roc_auc=0.3639 val_loss=0.6458 val_metric_name=roc_auc val_metric=0.3639
Step   50 | loss 0.5219 | val_acc=0.7819 val_roc_auc=0.6663 val_loss=0.5194 val_metric_name=roc_auc val_metric=0.6663
Step  100 | loss 0.4989 | val_acc=0.7819 val_roc_auc=0.6950 val_loss=0.4939 val_metric_name=roc_auc val_metric=0.6950
Step  150 | loss 0.4876 | val_acc=0.7819 val_roc_auc=0.7078 val_loss=0.4837 val_metric_name=roc_auc val_metric=0.7078
Step  200 | loss 0.4819 | val_acc=0.7819 val_roc_auc=0.7130 val_loss=0.4771 val_metric_name=roc_auc val_metric=0.7130
Step  250 | loss 0.4734 | val_acc=0.7816 val_roc_auc=0.7161 val_loss=0.4731 val_metric_name=roc_auc val_metric=0.7161
Step  300 | loss 0.4764 | val_acc=0.7795 val_roc_auc=0.7188 val_loss=0.4701 val_metric_name=roc_auc val_metric=0.7188
Step  350 | loss 0.4740 | val_acc=0.7792 val_roc_auc=0.7206 val_loss=0.4681 val_metric_name=roc_auc val_metric=0.7206
Step  400 | loss 0.4710 | val_acc=0.7792 val_roc_auc=0.7227 val_loss=0.4664 val_metric_name=roc_auc val_metric=0.7227
Step  450 | loss 0.4697 | val_acc=0.7792 val_roc_auc=0.7243 val_loss=0.4656 val_metric_name=roc_auc val_metric=0.7243
Step  500 | loss 0.4645 | val_acc=0.7795 val_roc_auc=0.7251 val_loss=0.4646 val_metric_name=roc_auc val_metric=0.7251
Step  550 | loss 0.4644 | val_acc=0.7802 val_roc_auc=0.7257 val_loss=0.4642 val_metric_name=roc_auc val_metric=0.7257
Step  600 | loss 0.4668 | val_acc=0.7805 val_roc_auc=0.7267 val_loss=0.4640 val_metric_name=roc_auc val_metric=0.7267
Step  650 | loss 0.4636 | val_acc=0.7805 val_roc_auc=0.7273 val_loss=0.4635 val_metric_name=roc_auc val_metric=0.7273
Step  700 | loss 0.4610 | val_acc=0.7809 val_roc_auc=0.7281 val_loss=0.4635 val_metric_name=roc_auc val_metric=0.7281
Step  750 | loss 0.4598 | val_acc=0.7805 val_roc_auc=0.7288 val_loss=0.4633 val_metric_name=roc_auc val_metric=0.7288
Step  800 | loss 0.4552 | val_acc=0.7805 val_roc_auc=0.7294 val_loss=0.4630 val_metric_name=roc_auc val_metric=0.7294
Step  850 | loss 0.4618 | val_acc=0.7809 val_roc_auc=0.7297 val_loss=0.4630 val_metric_name=roc_auc val_metric=0.7297
Step  900 | loss 0.4591 | val_acc=0.7809 val_roc_auc=0.7302 val_loss=0.4627 val_metric_name=roc_auc val_metric=0.7302
Step  950 | loss 0.4577 | val_acc=0.7812 val_roc_auc=0.7302 val_loss=0.4624 val_metric_name=roc_auc val_metric=0.7302
Step 1000 | loss 0.4591 | val_acc=0.7816 val_roc_auc=0.7298 val_loss=0.4621 val_metric_name=roc_auc val_metric=0.7298
Step 1050 | loss 0.4590 | val_acc=0.7819 val_roc_auc=0.7299 val_loss=0.4617 val_metric_name=roc_auc val_metric=0.7299
Step 1100 | loss 0.4588 | val_acc=0.7822 val_roc_auc=0.7292 val_loss=0.4619 val_metric_name=roc_auc val_metric=0.7292
Step 1150 | loss 0.4558 | val_acc=0.7822 val_roc_auc=0.7287 val_loss=0.4617 val_metric_name=roc_auc val_metric=0.7287
Early stopping at step 1190

--- Final (best ckpt @ step 890) ---
  train_acc=0.7823 train_roc_auc=0.7359 train_loss=0.4556 train_metric_name=roc_auc train_metric=0.7359
  val_acc=0.7805 val_roc_auc=0.7302 val_loss=0.4626 val_metric_name=roc_auc val_metric=0.7302
  test_acc=0.7813 test_roc_auc=0.7340 test_loss=0.4635 test_metric_name=roc_auc test_metric=0.7340
  test_roc_auc=0.7340

============================================================
Training tolokers ResNet 4L h=384 lr=3e-05 split=3
============================================================
Training for 5000 steps
Step    1 | loss 0.6037 | val_acc=0.7819 val_roc_auc=0.5603 val_loss=0.5228 val_metric_name=roc_auc val_metric=0.5603
Step   50 | loss 0.4786 | val_acc=0.7819 val_roc_auc=0.7166 val_loss=0.4734 val_metric_name=roc_auc val_metric=0.7166
Step  100 | loss 0.4645 | val_acc=0.7795 val_roc_auc=0.7264 val_loss=0.4622 val_metric_name=roc_auc val_metric=0.7264
Step  150 | loss 0.4613 | val_acc=0.7802 val_roc_auc=0.7315 val_loss=0.4608 val_metric_name=roc_auc val_metric=0.7315
Step  200 | loss 0.4593 | val_acc=0.7819 val_roc_auc=0.7305 val_loss=0.4607 val_metric_name=roc_auc val_metric=0.7305
Step  250 | loss 0.4561 | val_acc=0.7829 val_roc_auc=0.7285 val_loss=0.4603 val_metric_name=roc_auc val_metric=0.7285
Step  300 | loss 0.4550 | val_acc=0.7833 val_roc_auc=0.7298 val_loss=0.4596 val_metric_name=roc_auc val_metric=0.7298
Step  350 | loss 0.4546 | val_acc=0.7836 val_roc_auc=0.7290 val_loss=0.4591 val_metric_name=roc_auc val_metric=0.7290
Step  400 | loss 0.4536 | val_acc=0.7836 val_roc_auc=0.7307 val_loss=0.4580 val_metric_name=roc_auc val_metric=0.7307
Step  450 | loss 0.4549 | val_acc=0.7839 val_roc_auc=0.7306 val_loss=0.4571 val_metric_name=roc_auc val_metric=0.7306
Early stopping at step 466

--- Final (best ckpt @ step 160) ---
  train_acc=0.7816 train_roc_auc=0.7368 train_loss=0.4533 train_metric_name=roc_auc train_metric=0.7368
  val_acc=0.7802 val_roc_auc=0.7319 val_loss=0.4605 val_metric_name=roc_auc val_metric=0.7319
  test_acc=0.7823 test_roc_auc=0.7322 test_loss=0.4619 test_metric_name=roc_auc test_metric=0.7322
  test_roc_auc=0.7322

============================================================
Training tolokers ResNet 4L h=384 lr=6e-05 split=3
============================================================
Training for 5000 steps
Step    1 | loss 0.6037 | val_acc=0.7819 val_roc_auc=0.5643 val_loss=0.5204 val_metric_name=roc_auc val_metric=0.5643
Step   50 | loss 0.4709 | val_acc=0.7816 val_roc_auc=0.7244 val_loss=0.4633 val_metric_name=roc_auc val_metric=0.7244
Step  100 | loss 0.4590 | val_acc=0.7809 val_roc_auc=0.7312 val_loss=0.4607 val_metric_name=roc_auc val_metric=0.7312
Step  150 | loss 0.4566 | val_acc=0.7836 val_roc_auc=0.7279 val_loss=0.4605 val_metric_name=roc_auc val_metric=0.7279
Step  200 | loss 0.4551 | val_acc=0.7833 val_roc_auc=0.7299 val_loss=0.4582 val_metric_name=roc_auc val_metric=0.7299
Step  250 | loss 0.4530 | val_acc=0.7839 val_roc_auc=0.7296 val_loss=0.4572 val_metric_name=roc_auc val_metric=0.7296
Step  300 | loss 0.4519 | val_acc=0.7843 val_roc_auc=0.7315 val_loss=0.4561 val_metric_name=roc_auc val_metric=0.7315
Step  350 | loss 0.4507 | val_acc=0.7839 val_roc_auc=0.7301 val_loss=0.4554 val_metric_name=roc_auc val_metric=0.7301
Step  400 | loss 0.4510 | val_acc=0.7839 val_roc_auc=0.7323 val_loss=0.4542 val_metric_name=roc_auc val_metric=0.7323
Step  450 | loss 0.4514 | val_acc=0.7836 val_roc_auc=0.7324 val_loss=0.4538 val_metric_name=roc_auc val_metric=0.7324
Step  500 | loss 0.4507 | val_acc=0.7826 val_roc_auc=0.7319 val_loss=0.4537 val_metric_name=roc_auc val_metric=0.7319
Step  550 | loss 0.4482 | val_acc=0.7822 val_roc_auc=0.7311 val_loss=0.4536 val_metric_name=roc_auc val_metric=0.7311
Step  600 | loss 0.4482 | val_acc=0.7826 val_roc_auc=0.7317 val_loss=0.4532 val_metric_name=roc_auc val_metric=0.7317
Step  650 | loss 0.4472 | val_acc=0.7822 val_roc_auc=0.7320 val_loss=0.4530 val_metric_name=roc_auc val_metric=0.7320
Step  700 | loss 0.4478 | val_acc=0.7822 val_roc_auc=0.7326 val_loss=0.4530 val_metric_name=roc_auc val_metric=0.7326
Step  750 | loss 0.4465 | val_acc=0.7822 val_roc_auc=0.7326 val_loss=0.4529 val_metric_name=roc_auc val_metric=0.7326
Step  800 | loss 0.4455 | val_acc=0.7819 val_roc_auc=0.7338 val_loss=0.4531 val_metric_name=roc_auc val_metric=0.7338
Step  850 | loss 0.4478 | val_acc=0.7809 val_roc_auc=0.7331 val_loss=0.4533 val_metric_name=roc_auc val_metric=0.7331
Step  900 | loss 0.4440 | val_acc=0.7799 val_roc_auc=0.7337 val_loss=0.4532 val_metric_name=roc_auc val_metric=0.7337
Step  950 | loss 0.4433 | val_acc=0.7802 val_roc_auc=0.7348 val_loss=0.4536 val_metric_name=roc_auc val_metric=0.7348
Step 1000 | loss 0.4437 | val_acc=0.7802 val_roc_auc=0.7350 val_loss=0.4543 val_metric_name=roc_auc val_metric=0.7350
Step 1050 | loss 0.4442 | val_acc=0.7792 val_roc_auc=0.7353 val_loss=0.4548 val_metric_name=roc_auc val_metric=0.7353
Step 1100 | loss 0.4429 | val_acc=0.7795 val_roc_auc=0.7358 val_loss=0.4553 val_metric_name=roc_auc val_metric=0.7358
Step 1150 | loss 0.4426 | val_acc=0.7788 val_roc_auc=0.7367 val_loss=0.4569 val_metric_name=roc_auc val_metric=0.7367
Step 1200 | loss 0.4441 | val_acc=0.7795 val_roc_auc=0.7374 val_loss=0.4563 val_metric_name=roc_auc val_metric=0.7374
Step 1250 | loss 0.4429 | val_acc=0.7795 val_roc_auc=0.7381 val_loss=0.4559 val_metric_name=roc_auc val_metric=0.7381
Step 1300 | loss 0.4415 | val_acc=0.7795 val_roc_auc=0.7385 val_loss=0.4565 val_metric_name=roc_auc val_metric=0.7385
Step 1350 | loss 0.4418 | val_acc=0.7785 val_roc_auc=0.7382 val_loss=0.4569 val_metric_name=roc_auc val_metric=0.7382
Step 1400 | loss 0.4393 | val_acc=0.7792 val_roc_auc=0.7390 val_loss=0.4584 val_metric_name=roc_auc val_metric=0.7390
Step 1450 | loss 0.4395 | val_acc=0.7782 val_roc_auc=0.7394 val_loss=0.4596 val_metric_name=roc_auc val_metric=0.7394
Step 1500 | loss 0.4370 | val_acc=0.7792 val_roc_auc=0.7376 val_loss=0.4613 val_metric_name=roc_auc val_metric=0.7376
Step 1550 | loss 0.4380 | val_acc=0.7799 val_roc_auc=0.7392 val_loss=0.4615 val_metric_name=roc_auc val_metric=0.7392
Step 1600 | loss 0.4375 | val_acc=0.7765 val_roc_auc=0.7407 val_loss=0.4624 val_metric_name=roc_auc val_metric=0.7407
Step 1650 | loss 0.4363 | val_acc=0.7788 val_roc_auc=0.7395 val_loss=0.4656 val_metric_name=roc_auc val_metric=0.7395
Step 1700 | loss 0.4353 | val_acc=0.7795 val_roc_auc=0.7398 val_loss=0.4659 val_metric_name=roc_auc val_metric=0.7398
Step 1750 | loss 0.4351 | val_acc=0.7768 val_roc_auc=0.7399 val_loss=0.4666 val_metric_name=roc_auc val_metric=0.7399
Step 1800 | loss 0.4372 | val_acc=0.7802 val_roc_auc=0.7407 val_loss=0.4656 val_metric_name=roc_auc val_metric=0.7407
Step 1850 | loss 0.4356 | val_acc=0.7778 val_roc_auc=0.7406 val_loss=0.4670 val_metric_name=roc_auc val_metric=0.7406
Step 1900 | loss 0.4309 | val_acc=0.7792 val_roc_auc=0.7416 val_loss=0.4681 val_metric_name=roc_auc val_metric=0.7416
Step 1950 | loss 0.4351 | val_acc=0.7768 val_roc_auc=0.7415 val_loss=0.4701 val_metric_name=roc_auc val_metric=0.7415
Step 2000 | loss 0.4321 | val_acc=0.7775 val_roc_auc=0.7410 val_loss=0.4714 val_metric_name=roc_auc val_metric=0.7410
Step 2050 | loss 0.4322 | val_acc=0.7782 val_roc_auc=0.7424 val_loss=0.4714 val_metric_name=roc_auc val_metric=0.7424
Step 2100 | loss 0.4339 | val_acc=0.7795 val_roc_auc=0.7420 val_loss=0.4716 val_metric_name=roc_auc val_metric=0.7420
Step 2150 | loss 0.4297 | val_acc=0.7788 val_roc_auc=0.7418 val_loss=0.4722 val_metric_name=roc_auc val_metric=0.7418
Step 2200 | loss 0.4307 | val_acc=0.7775 val_roc_auc=0.7427 val_loss=0.4735 val_metric_name=roc_auc val_metric=0.7427
Step 2250 | loss 0.4310 | val_acc=0.7788 val_roc_auc=0.7431 val_loss=0.4744 val_metric_name=roc_auc val_metric=0.7431
Step 2300 | loss 0.4283 | val_acc=0.7792 val_roc_auc=0.7406 val_loss=0.4766 val_metric_name=roc_auc val_metric=0.7406
Step 2350 | loss 0.4297 | val_acc=0.7788 val_roc_auc=0.7419 val_loss=0.4777 val_metric_name=roc_auc val_metric=0.7419
Step 2400 | loss 0.4278 | val_acc=0.7795 val_roc_auc=0.7422 val_loss=0.4770 val_metric_name=roc_auc val_metric=0.7422
Step 2450 | loss 0.4277 | val_acc=0.7788 val_roc_auc=0.7407 val_loss=0.4801 val_metric_name=roc_auc val_metric=0.7407
Step 2500 | loss 0.4297 | val_acc=0.7792 val_roc_auc=0.7405 val_loss=0.4815 val_metric_name=roc_auc val_metric=0.7405
Step 2550 | loss 0.4286 | val_acc=0.7788 val_roc_auc=0.7392 val_loss=0.4808 val_metric_name=roc_auc val_metric=0.7392
Early stopping at step 2578

--- Final (best ckpt @ step 2170) ---
  train_acc=0.7877 train_roc_auc=0.7770 train_loss=0.4233 train_metric_name=roc_auc train_metric=0.7770
  val_acc=0.7782 val_roc_auc=0.7434 val_loss=0.4716 val_metric_name=roc_auc val_metric=0.7434
  test_acc=0.7816 test_roc_auc=0.7429 test_loss=0.4701 test_metric_name=roc_auc test_metric=0.7429
  test_roc_auc=0.7429

============================================================
Training tolokers ResNet 4L h=384 lr=0.0001 split=3
============================================================
Training for 5000 steps
Step    1 | loss 0.6037 | val_acc=0.7819 val_roc_auc=0.5778 val_loss=0.5591 val_metric_name=roc_auc val_metric=0.5778
Step   50 | loss 0.4661 | val_acc=0.7799 val_roc_auc=0.7289 val_loss=0.4599 val_metric_name=roc_auc val_metric=0.7289
Step  100 | loss 0.4562 | val_acc=0.7829 val_roc_auc=0.7280 val_loss=0.4600 val_metric_name=roc_auc val_metric=0.7280
Step  150 | loss 0.4543 | val_acc=0.7833 val_roc_auc=0.7297 val_loss=0.4577 val_metric_name=roc_auc val_metric=0.7297
Step  200 | loss 0.4527 | val_acc=0.7843 val_roc_auc=0.7308 val_loss=0.4556 val_metric_name=roc_auc val_metric=0.7308
Step  250 | loss 0.4512 | val_acc=0.7839 val_roc_auc=0.7311 val_loss=0.4545 val_metric_name=roc_auc val_metric=0.7311
Step  300 | loss 0.4501 | val_acc=0.7833 val_roc_auc=0.7320 val_loss=0.4539 val_metric_name=roc_auc val_metric=0.7320
Step  350 | loss 0.4483 | val_acc=0.7822 val_roc_auc=0.7298 val_loss=0.4539 val_metric_name=roc_auc val_metric=0.7298
Step  400 | loss 0.4494 | val_acc=0.7833 val_roc_auc=0.7334 val_loss=0.4524 val_metric_name=roc_auc val_metric=0.7334
Step  450 | loss 0.4488 | val_acc=0.7826 val_roc_auc=0.7320 val_loss=0.4531 val_metric_name=roc_auc val_metric=0.7320
Step  500 | loss 0.4484 | val_acc=0.7822 val_roc_auc=0.7341 val_loss=0.4527 val_metric_name=roc_auc val_metric=0.7341
Step  550 | loss 0.4460 | val_acc=0.7816 val_roc_auc=0.7334 val_loss=0.4524 val_metric_name=roc_auc val_metric=0.7334
Step  600 | loss 0.4454 | val_acc=0.7809 val_roc_auc=0.7337 val_loss=0.4530 val_metric_name=roc_auc val_metric=0.7337
Step  650 | loss 0.4436 | val_acc=0.7792 val_roc_auc=0.7333 val_loss=0.4540 val_metric_name=roc_auc val_metric=0.7333
Step  700 | loss 0.4444 | val_acc=0.7799 val_roc_auc=0.7341 val_loss=0.4544 val_metric_name=roc_auc val_metric=0.7341
Step  750 | loss 0.4428 | val_acc=0.7788 val_roc_auc=0.7358 val_loss=0.4556 val_metric_name=roc_auc val_metric=0.7358
Step  800 | loss 0.4416 | val_acc=0.7792 val_roc_auc=0.7374 val_loss=0.4568 val_metric_name=roc_auc val_metric=0.7374
Step  850 | loss 0.4423 | val_acc=0.7785 val_roc_auc=0.7372 val_loss=0.4555 val_metric_name=roc_auc val_metric=0.7372
Step  900 | loss 0.4392 | val_acc=0.7799 val_roc_auc=0.7397 val_loss=0.4567 val_metric_name=roc_auc val_metric=0.7397
Step  950 | loss 0.4381 | val_acc=0.7778 val_roc_auc=0.7371 val_loss=0.4589 val_metric_name=roc_auc val_metric=0.7371
Step 1000 | loss 0.4384 | val_acc=0.7799 val_roc_auc=0.7384 val_loss=0.4591 val_metric_name=roc_auc val_metric=0.7384
Step 1050 | loss 0.4379 | val_acc=0.7799 val_roc_auc=0.7394 val_loss=0.4611 val_metric_name=roc_auc val_metric=0.7394
Step 1100 | loss 0.4359 | val_acc=0.7802 val_roc_auc=0.7399 val_loss=0.4633 val_metric_name=roc_auc val_metric=0.7399
Step 1150 | loss 0.4366 | val_acc=0.7792 val_roc_auc=0.7405 val_loss=0.4661 val_metric_name=roc_auc val_metric=0.7405
Step 1200 | loss 0.4363 | val_acc=0.7778 val_roc_auc=0.7396 val_loss=0.4682 val_metric_name=roc_auc val_metric=0.7396
Step 1250 | loss 0.4350 | val_acc=0.7785 val_roc_auc=0.7405 val_loss=0.4686 val_metric_name=roc_auc val_metric=0.7405
Step 1300 | loss 0.4333 | val_acc=0.7785 val_roc_auc=0.7424 val_loss=0.4682 val_metric_name=roc_auc val_metric=0.7424
Step 1350 | loss 0.4328 | val_acc=0.7765 val_roc_auc=0.7410 val_loss=0.4715 val_metric_name=roc_auc val_metric=0.7410
Step 1400 | loss 0.4311 | val_acc=0.7782 val_roc_auc=0.7417 val_loss=0.4711 val_metric_name=roc_auc val_metric=0.7417
Step 1450 | loss 0.4324 | val_acc=0.7775 val_roc_auc=0.7421 val_loss=0.4744 val_metric_name=roc_auc val_metric=0.7421
Step 1500 | loss 0.4303 | val_acc=0.7775 val_roc_auc=0.7410 val_loss=0.4751 val_metric_name=roc_auc val_metric=0.7410
Step 1550 | loss 0.4296 | val_acc=0.7778 val_roc_auc=0.7407 val_loss=0.4751 val_metric_name=roc_auc val_metric=0.7407
Step 1600 | loss 0.4300 | val_acc=0.7775 val_roc_auc=0.7411 val_loss=0.4775 val_metric_name=roc_auc val_metric=0.7411
Early stopping at step 1620

--- Final (best ckpt @ step 1320) ---
  train_acc=0.7882 train_roc_auc=0.7734 train_loss=0.4255 train_metric_name=roc_auc train_metric=0.7734
  val_acc=0.7778 val_roc_auc=0.7431 val_loss=0.4707 val_metric_name=roc_auc val_metric=0.7431
  test_acc=0.7823 test_roc_auc=0.7409 test_loss=0.4684 test_metric_name=roc_auc test_metric=0.7409
  test_roc_auc=0.7409

============================================================
Training tolokers ResNet 4L h=384 lr=1e-05 split=3
============================================================
Training for 5000 steps
Step    1 | loss 0.6037 | val_acc=0.7809 val_roc_auc=0.5558 val_loss=0.5449 val_metric_name=roc_auc val_metric=0.5558
Step   50 | loss 0.4947 | val_acc=0.7819 val_roc_auc=0.6969 val_loss=0.4959 val_metric_name=roc_auc val_metric=0.6969
Step  100 | loss 0.4773 | val_acc=0.7819 val_roc_auc=0.7129 val_loss=0.4804 val_metric_name=roc_auc val_metric=0.7129
Step  150 | loss 0.4744 | val_acc=0.7819 val_roc_auc=0.7185 val_loss=0.4714 val_metric_name=roc_auc val_metric=0.7185
Step  200 | loss 0.4698 | val_acc=0.7809 val_roc_auc=0.7233 val_loss=0.4659 val_metric_name=roc_auc val_metric=0.7233
Step  250 | loss 0.4658 | val_acc=0.7795 val_roc_auc=0.7260 val_loss=0.4628 val_metric_name=roc_auc val_metric=0.7260
Step  300 | loss 0.4631 | val_acc=0.7805 val_roc_auc=0.7278 val_loss=0.4611 val_metric_name=roc_auc val_metric=0.7278
Step  350 | loss 0.4630 | val_acc=0.7805 val_roc_auc=0.7298 val_loss=0.4607 val_metric_name=roc_auc val_metric=0.7298
Step  400 | loss 0.4600 | val_acc=0.7802 val_roc_auc=0.7314 val_loss=0.4606 val_metric_name=roc_auc val_metric=0.7314
Step  450 | loss 0.4625 | val_acc=0.7802 val_roc_auc=0.7316 val_loss=0.4607 val_metric_name=roc_auc val_metric=0.7316
Step  500 | loss 0.4595 | val_acc=0.7819 val_roc_auc=0.7308 val_loss=0.4609 val_metric_name=roc_auc val_metric=0.7308
Step  550 | loss 0.4558 | val_acc=0.7836 val_roc_auc=0.7282 val_loss=0.4607 val_metric_name=roc_auc val_metric=0.7282
Step  600 | loss 0.4574 | val_acc=0.7836 val_roc_auc=0.7287 val_loss=0.4608 val_metric_name=roc_auc val_metric=0.7287
Step  650 | loss 0.4559 | val_acc=0.7836 val_roc_auc=0.7290 val_loss=0.4606 val_metric_name=roc_auc val_metric=0.7290
Step  700 | loss 0.4564 | val_acc=0.7839 val_roc_auc=0.7287 val_loss=0.4606 val_metric_name=roc_auc val_metric=0.7287
Early stopping at step 720

--- Final (best ckpt @ step 420) ---
  train_acc=0.7816 train_roc_auc=0.7364 train_loss=0.4533 train_metric_name=roc_auc train_metric=0.7364
  val_acc=0.7802 val_roc_auc=0.7319 val_loss=0.4606 val_metric_name=roc_auc val_metric=0.7319
  test_acc=0.7823 test_roc_auc=0.7320 test_loss=0.4621 test_metric_name=roc_auc test_metric=0.7320
  test_roc_auc=0.7320

============================================================
Training tolokers ResNet 4L h=512 lr=3e-05 split=3
============================================================
Training for 5000 steps
Step    1 | loss 0.7892 | val_acc=0.6894 val_roc_auc=0.3384 val_loss=0.6378 val_metric_name=roc_auc val_metric=0.3384
Step   50 | loss 0.4742 | val_acc=0.7812 val_roc_auc=0.7121 val_loss=0.4729 val_metric_name=roc_auc val_metric=0.7121
Step  100 | loss 0.4680 | val_acc=0.7795 val_roc_auc=0.7267 val_loss=0.4619 val_metric_name=roc_auc val_metric=0.7267
Step  150 | loss 0.4600 | val_acc=0.7802 val_roc_auc=0.7309 val_loss=0.4613 val_metric_name=roc_auc val_metric=0.7309
Step  200 | loss 0.4609 | val_acc=0.7805 val_roc_auc=0.7310 val_loss=0.4615 val_metric_name=roc_auc val_metric=0.7310
Step  250 | loss 0.4594 | val_acc=0.7833 val_roc_auc=0.7312 val_loss=0.4614 val_metric_name=roc_auc val_metric=0.7312
Step  300 | loss 0.4545 | val_acc=0.7839 val_roc_auc=0.7302 val_loss=0.4608 val_metric_name=roc_auc val_metric=0.7302
Step  350 | loss 0.4550 | val_acc=0.7843 val_roc_auc=0.7295 val_loss=0.4595 val_metric_name=roc_auc val_metric=0.7295
Step  400 | loss 0.4559 | val_acc=0.7843 val_roc_auc=0.7291 val_loss=0.4592 val_metric_name=roc_auc val_metric=0.7291
Step  450 | loss 0.4528 | val_acc=0.7839 val_roc_auc=0.7288 val_loss=0.4579 val_metric_name=roc_auc val_metric=0.7288
Step  500 | loss 0.4516 | val_acc=0.7839 val_roc_auc=0.7284 val_loss=0.4574 val_metric_name=roc_auc val_metric=0.7284
Step  550 | loss 0.4525 | val_acc=0.7843 val_roc_auc=0.7283 val_loss=0.4566 val_metric_name=roc_auc val_metric=0.7283
Early stopping at step 551

--- Final (best ckpt @ step 250) ---
  train_acc=0.7831 train_roc_auc=0.7376 train_loss=0.4538 train_metric_name=roc_auc train_metric=0.7376
  val_acc=0.7833 val_roc_auc=0.7312 val_loss=0.4614 val_metric_name=roc_auc val_metric=0.7312
  test_acc=0.7830 test_roc_auc=0.7364 test_loss=0.4626 test_metric_name=roc_auc test_metric=0.7364
  test_roc_auc=0.7364

============================================================
Training tolokers ResNet 4L h=512 lr=6e-05 split=3
============================================================
Training for 5000 steps
Step    1 | loss 0.7892 | val_acc=0.7819 val_roc_auc=0.3418 val_loss=0.5508 val_metric_name=roc_auc val_metric=0.3418
Step   50 | loss 0.4653 | val_acc=0.7795 val_roc_auc=0.7219 val_loss=0.4627 val_metric_name=roc_auc val_metric=0.7219
Step  100 | loss 0.4623 | val_acc=0.7795 val_roc_auc=0.7314 val_loss=0.4608 val_metric_name=roc_auc val_metric=0.7314
Step  150 | loss 0.4557 | val_acc=0.7836 val_roc_auc=0.7304 val_loss=0.4608 val_metric_name=roc_auc val_metric=0.7304
Step  200 | loss 0.4567 | val_acc=0.7836 val_roc_auc=0.7294 val_loss=0.4584 val_metric_name=roc_auc val_metric=0.7294
Step  250 | loss 0.4557 | val_acc=0.7839 val_roc_auc=0.7294 val_loss=0.4577 val_metric_name=roc_auc val_metric=0.7294
Step  300 | loss 0.4515 | val_acc=0.7843 val_roc_auc=0.7280 val_loss=0.4564 val_metric_name=roc_auc val_metric=0.7280
Step  350 | loss 0.4516 | val_acc=0.7839 val_roc_auc=0.7277 val_loss=0.4556 val_metric_name=roc_auc val_metric=0.7277
Step  400 | loss 0.4521 | val_acc=0.7843 val_roc_auc=0.7283 val_loss=0.4545 val_metric_name=roc_auc val_metric=0.7283
Early stopping at step 401

--- Final (best ckpt @ step 100) ---
  train_acc=0.7824 train_roc_auc=0.7350 train_loss=0.4540 train_metric_name=roc_auc train_metric=0.7350
  val_acc=0.7795 val_roc_auc=0.7314 val_loss=0.4608 val_metric_name=roc_auc val_metric=0.7314
  test_acc=0.7813 test_roc_auc=0.7340 test_loss=0.4601 test_metric_name=roc_auc test_metric=0.7340
  test_roc_auc=0.7340

============================================================
Training tolokers ResNet 4L h=512 lr=0.0001 split=3
============================================================
Training for 5000 steps
Step    1 | loss 0.7892 | val_acc=0.7819 val_roc_auc=0.3797 val_loss=0.5792 val_metric_name=roc_auc val_metric=0.3797
Step   50 | loss 0.4612 | val_acc=0.7802 val_roc_auc=0.7286 val_loss=0.4608 val_metric_name=roc_auc val_metric=0.7286
Step  100 | loss 0.4595 | val_acc=0.7839 val_roc_auc=0.7308 val_loss=0.4600 val_metric_name=roc_auc val_metric=0.7308
Step  150 | loss 0.4534 | val_acc=0.7836 val_roc_auc=0.7287 val_loss=0.4578 val_metric_name=roc_auc val_metric=0.7287
Step  200 | loss 0.4540 | val_acc=0.7839 val_roc_auc=0.7294 val_loss=0.4548 val_metric_name=roc_auc val_metric=0.7294
Step  250 | loss 0.4535 | val_acc=0.7839 val_roc_auc=0.7303 val_loss=0.4547 val_metric_name=roc_auc val_metric=0.7303
Step  300 | loss 0.4500 | val_acc=0.7839 val_roc_auc=0.7296 val_loss=0.4536 val_metric_name=roc_auc val_metric=0.7296
Step  350 | loss 0.4496 | val_acc=0.7833 val_roc_auc=0.7291 val_loss=0.4532 val_metric_name=roc_auc val_metric=0.7291
Step  400 | loss 0.4496 | val_acc=0.7829 val_roc_auc=0.7295 val_loss=0.4522 val_metric_name=roc_auc val_metric=0.7295
Step  450 | loss 0.4489 | val_acc=0.7829 val_roc_auc=0.7301 val_loss=0.4524 val_metric_name=roc_auc val_metric=0.7301
Step  500 | loss 0.4483 | val_acc=0.7816 val_roc_auc=0.7307 val_loss=0.4525 val_metric_name=roc_auc val_metric=0.7307
Step  550 | loss 0.4469 | val_acc=0.7822 val_roc_auc=0.7322 val_loss=0.4520 val_metric_name=roc_auc val_metric=0.7322
Step  600 | loss 0.4460 | val_acc=0.7826 val_roc_auc=0.7327 val_loss=0.4527 val_metric_name=roc_auc val_metric=0.7327
Step  650 | loss 0.4450 | val_acc=0.7816 val_roc_auc=0.7313 val_loss=0.4546 val_metric_name=roc_auc val_metric=0.7313
Step  700 | loss 0.4457 | val_acc=0.7812 val_roc_auc=0.7332 val_loss=0.4544 val_metric_name=roc_auc val_metric=0.7332
Step  750 | loss 0.4435 | val_acc=0.7802 val_roc_auc=0.7348 val_loss=0.4570 val_metric_name=roc_auc val_metric=0.7348
Step  800 | loss 0.4407 | val_acc=0.7795 val_roc_auc=0.7358 val_loss=0.4606 val_metric_name=roc_auc val_metric=0.7358
Step  850 | loss 0.4403 | val_acc=0.7775 val_roc_auc=0.7351 val_loss=0.4630 val_metric_name=roc_auc val_metric=0.7351
Step  900 | loss 0.4392 | val_acc=0.7785 val_roc_auc=0.7362 val_loss=0.4647 val_metric_name=roc_auc val_metric=0.7362
Step  950 | loss 0.4379 | val_acc=0.7788 val_roc_auc=0.7371 val_loss=0.4683 val_metric_name=roc_auc val_metric=0.7371
Step 1000 | loss 0.4375 | val_acc=0.7788 val_roc_auc=0.7380 val_loss=0.4677 val_metric_name=roc_auc val_metric=0.7380
Step 1050 | loss 0.4360 | val_acc=0.7788 val_roc_auc=0.7375 val_loss=0.4716 val_metric_name=roc_auc val_metric=0.7375
Step 1100 | loss 0.4389 | val_acc=0.7778 val_roc_auc=0.7364 val_loss=0.4742 val_metric_name=roc_auc val_metric=0.7364
Step 1150 | loss 0.4362 | val_acc=0.7761 val_roc_auc=0.7358 val_loss=0.4779 val_metric_name=roc_auc val_metric=0.7358
Step 1200 | loss 0.4341 | val_acc=0.7775 val_roc_auc=0.7364 val_loss=0.4809 val_metric_name=roc_auc val_metric=0.7364
Step 1250 | loss 0.4348 | val_acc=0.7782 val_roc_auc=0.7376 val_loss=0.4835 val_metric_name=roc_auc val_metric=0.7376
Step 1300 | loss 0.4336 | val_acc=0.7795 val_roc_auc=0.7387 val_loss=0.4827 val_metric_name=roc_auc val_metric=0.7387
Step 1350 | loss 0.4315 | val_acc=0.7785 val_roc_auc=0.7377 val_loss=0.4887 val_metric_name=roc_auc val_metric=0.7377
Step 1400 | loss 0.4293 | val_acc=0.7761 val_roc_auc=0.7381 val_loss=0.4897 val_metric_name=roc_auc val_metric=0.7381
Step 1450 | loss 0.4302 | val_acc=0.7778 val_roc_auc=0.7389 val_loss=0.4918 val_metric_name=roc_auc val_metric=0.7389
Step 1500 | loss 0.4316 | val_acc=0.7778 val_roc_auc=0.7377 val_loss=0.4911 val_metric_name=roc_auc val_metric=0.7377
Step 1550 | loss 0.4306 | val_acc=0.7754 val_roc_auc=0.7385 val_loss=0.4960 val_metric_name=roc_auc val_metric=0.7385
Step 1600 | loss 0.4300 | val_acc=0.7771 val_roc_auc=0.7384 val_loss=0.4922 val_metric_name=roc_auc val_metric=0.7384
Step 1650 | loss 0.4262 | val_acc=0.7792 val_roc_auc=0.7390 val_loss=0.4958 val_metric_name=roc_auc val_metric=0.7390
Step 1700 | loss 0.4274 | val_acc=0.7775 val_roc_auc=0.7382 val_loss=0.4973 val_metric_name=roc_auc val_metric=0.7382
Step 1750 | loss 0.4261 | val_acc=0.7775 val_roc_auc=0.7364 val_loss=0.5006 val_metric_name=roc_auc val_metric=0.7364
Early stopping at step 1790

--- Final (best ckpt @ step 1490) ---
  train_acc=0.7884 train_roc_auc=0.7757 train_loss=0.4238 train_metric_name=roc_auc train_metric=0.7757
  val_acc=0.7799 val_roc_auc=0.7405 val_loss=0.4910 val_metric_name=roc_auc val_metric=0.7405
  test_acc=0.7796 test_roc_auc=0.7379 test_loss=0.4903 test_metric_name=roc_auc test_metric=0.7379
  test_roc_auc=0.7379

============================================================
Training tolokers ResNet 4L h=512 lr=1e-05 split=3
============================================================
Training for 5000 steps
Step    1 | loss 0.7892 | val_acc=0.2902 val_roc_auc=0.3407 val_loss=0.7647 val_metric_name=roc_auc val_metric=0.3407
Step   50 | loss 0.4969 | val_acc=0.7802 val_roc_auc=0.6977 val_loss=0.4902 val_metric_name=roc_auc val_metric=0.6977
Step  100 | loss 0.4830 | val_acc=0.7812 val_roc_auc=0.7101 val_loss=0.4791 val_metric_name=roc_auc val_metric=0.7101
Step  150 | loss 0.4731 | val_acc=0.7839 val_roc_auc=0.7165 val_loss=0.4701 val_metric_name=roc_auc val_metric=0.7165
Step  200 | loss 0.4714 | val_acc=0.7833 val_roc_auc=0.7223 val_loss=0.4653 val_metric_name=roc_auc val_metric=0.7223
Step  250 | loss 0.4674 | val_acc=0.7795 val_roc_auc=0.7262 val_loss=0.4633 val_metric_name=roc_auc val_metric=0.7262
Step  300 | loss 0.4622 | val_acc=0.7809 val_roc_auc=0.7284 val_loss=0.4624 val_metric_name=roc_auc val_metric=0.7284
Step  350 | loss 0.4622 | val_acc=0.7809 val_roc_auc=0.7302 val_loss=0.4622 val_metric_name=roc_auc val_metric=0.7302
Step  400 | loss 0.4640 | val_acc=0.7802 val_roc_auc=0.7312 val_loss=0.4624 val_metric_name=roc_auc val_metric=0.7312
Step  450 | loss 0.4581 | val_acc=0.7809 val_roc_auc=0.7313 val_loss=0.4623 val_metric_name=roc_auc val_metric=0.7313
Step  500 | loss 0.4569 | val_acc=0.7809 val_roc_auc=0.7311 val_loss=0.4625 val_metric_name=roc_auc val_metric=0.7311
Step  550 | loss 0.4579 | val_acc=0.7812 val_roc_auc=0.7313 val_loss=0.4623 val_metric_name=roc_auc val_metric=0.7313
Step  600 | loss 0.4561 | val_acc=0.7816 val_roc_auc=0.7313 val_loss=0.4622 val_metric_name=roc_auc val_metric=0.7313
Step  650 | loss 0.4554 | val_acc=0.7822 val_roc_auc=0.7307 val_loss=0.4619 val_metric_name=roc_auc val_metric=0.7307
Step  700 | loss 0.4578 | val_acc=0.7833 val_roc_auc=0.7309 val_loss=0.4618 val_metric_name=roc_auc val_metric=0.7309
Step  750 | loss 0.4556 | val_acc=0.7833 val_roc_auc=0.7306 val_loss=0.4616 val_metric_name=roc_auc val_metric=0.7306
Step  800 | loss 0.4543 | val_acc=0.7839 val_roc_auc=0.7301 val_loss=0.4611 val_metric_name=roc_auc val_metric=0.7301
Step  850 | loss 0.4545 | val_acc=0.7843 val_roc_auc=0.7303 val_loss=0.4606 val_metric_name=roc_auc val_metric=0.7303
Step  900 | loss 0.4536 | val_acc=0.7843 val_roc_auc=0.7298 val_loss=0.4604 val_metric_name=roc_auc val_metric=0.7298
Early stopping at step 914

--- Final (best ckpt @ step 610) ---
  train_acc=0.7831 train_roc_auc=0.7372 train_loss=0.4547 train_metric_name=roc_auc train_metric=0.7372
  val_acc=0.7816 val_roc_auc=0.7315 val_loss=0.4623 val_metric_name=roc_auc val_metric=0.7315
  test_acc=0.7827 test_roc_auc=0.7364 test_loss=0.4632 test_metric_name=roc_auc test_metric=0.7364
  test_roc_auc=0.7364
  >> num_layers=4 hidden_dim=256 lr=3e-05 best_step=340 val_roc_auc=0.7300 test_roc_auc=0.7338
     val_acc=0.7805 val_loss=0.4624 val_metric=0.7300 val_metric_name=roc_auc val_roc_auc=0.7300
     test_acc=0.7816 test_loss=0.4634 test_metric=0.7338 test_metric_name=roc_auc test_roc_auc=0.7338
  >> num_layers=4 hidden_dim=256 lr=6e-05 best_step=190 val_roc_auc=0.7304 test_roc_auc=0.7337
     val_acc=0.7812 val_loss=0.4618 val_metric=0.7304 val_metric_name=roc_auc val_roc_auc=0.7304
     test_acc=0.7830 test_loss=0.4629 test_metric=0.7337 test_metric_name=roc_auc test_roc_auc=0.7337
  >> num_layers=4 hidden_dim=256 lr=0.0001 best_step=140 val_roc_auc=0.7306 test_roc_auc=0.7357
     val_acc=0.7833 val_loss=0.4602 val_metric=0.7306 val_metric_name=roc_auc val_roc_auc=0.7306
     test_acc=0.7816 test_loss=0.4613 test_metric=0.7357 test_metric_name=roc_auc test_roc_auc=0.7357
  >> num_layers=4 hidden_dim=256 lr=1e-05 best_step=890 val_roc_auc=0.7302 test_roc_auc=0.7340
     val_acc=0.7805 val_loss=0.4626 val_metric=0.7302 val_metric_name=roc_auc val_roc_auc=0.7302
     test_acc=0.7813 test_loss=0.4635 test_metric=0.7340 test_metric_name=roc_auc test_roc_auc=0.7340
  >> num_layers=4 hidden_dim=384 lr=3e-05 best_step=160 val_roc_auc=0.7319 test_roc_auc=0.7322
     val_acc=0.7802 val_loss=0.4605 val_metric=0.7319 val_metric_name=roc_auc val_roc_auc=0.7319
     test_acc=0.7823 test_loss=0.4619 test_metric=0.7322 test_metric_name=roc_auc test_roc_auc=0.7322
  >> num_layers=4 hidden_dim=384 lr=6e-05 best_step=2170 val_roc_auc=0.7434 test_roc_auc=0.7429
     val_acc=0.7782 val_loss=0.4716 val_metric=0.7434 val_metric_name=roc_auc val_roc_auc=0.7434
     test_acc=0.7816 test_loss=0.4701 test_metric=0.7429 test_metric_name=roc_auc test_roc_auc=0.7429
  >> num_layers=4 hidden_dim=384 lr=0.0001 best_step=1320 val_roc_auc=0.7431 test_roc_auc=0.7409
     val_acc=0.7778 val_loss=0.4707 val_metric=0.7431 val_metric_name=roc_auc val_roc_auc=0.7431
     test_acc=0.7823 test_loss=0.4684 test_metric=0.7409 test_metric_name=roc_auc test_roc_auc=0.7409
  >> num_layers=4 hidden_dim=384 lr=1e-05 best_step=420 val_roc_auc=0.7319 test_roc_auc=0.7320
     val_acc=0.7802 val_loss=0.4606 val_metric=0.7319 val_metric_name=roc_auc val_roc_auc=0.7319
     test_acc=0.7823 test_loss=0.4621 test_metric=0.7320 test_metric_name=roc_auc test_roc_auc=0.7320
  >> num_layers=4 hidden_dim=512 lr=3e-05 best_step=250 val_roc_auc=0.7312 test_roc_auc=0.7364
     val_acc=0.7833 val_loss=0.4614 val_metric=0.7312 val_metric_name=roc_auc val_roc_auc=0.7312
     test_acc=0.7830 test_loss=0.4626 test_metric=0.7364 test_metric_name=roc_auc test_roc_auc=0.7364
  >> num_layers=4 hidden_dim=512 lr=6e-05 best_step=100 val_roc_auc=0.7314 test_roc_auc=0.7340
     val_acc=0.7795 val_loss=0.4608 val_metric=0.7314 val_metric_name=roc_auc val_roc_auc=0.7314
     test_acc=0.7813 test_loss=0.4601 test_metric=0.7340 test_metric_name=roc_auc test_roc_auc=0.7340
  >> num_layers=4 hidden_dim=512 lr=0.0001 best_step=1490 val_roc_auc=0.7405 test_roc_auc=0.7379
     val_acc=0.7799 val_loss=0.4910 val_metric=0.7405 val_metric_name=roc_auc val_roc_auc=0.7405
     test_acc=0.7796 test_loss=0.4903 test_metric=0.7379 test_metric_name=roc_auc test_roc_auc=0.7379
  >> num_layers=4 hidden_dim=512 lr=1e-05 best_step=610 val_roc_auc=0.7315 test_roc_auc=0.7364
     val_acc=0.7816 val_loss=0.4623 val_metric=0.7315 val_metric_name=roc_auc val_roc_auc=0.7315
     test_acc=0.7827 test_loss=0.4632 test_metric=0.7364 test_metric_name=roc_auc test_roc_auc=0.7364
  >> selected best (by val): num_layers=4 hidden_dim=384 lr=6e-05 val_roc_auc=0.7434 test_roc_auc=0.7429
     val_acc=0.7782 val_loss=0.4716 val_metric=0.7434 val_metric_name=roc_auc val_roc_auc=0.7434
     test_acc=0.7816 test_loss=0.4701 test_metric=0.7429 test_metric_name=roc_auc test_roc_auc=0.7429

Done. Results saved to /home/avshmelev/diploma_yandex_graphs/results_grid/tolokers/base.csv, checkpoints in /home/avshmelev/diploma_yandex_graphs/all_checkpoints/tolokers/base/
Skipping: "Done." found in /home/avshmelev/diploma_yandex_graphs/results_grid/tolokers/logs_base/ResNet_4L_split3.log
