Loading data...

============================================================
Training tolokers ResNet 5L h=256 lr=3e-05 split=2
============================================================
Training for 5000 steps
Step    1 | loss 0.7344 | val_acc=0.6941 val_roc_auc=0.6190 val_loss=0.6296 val_metric_name=roc_auc val_metric=0.6190
Step   50 | loss 0.4872 | val_acc=0.7819 val_roc_auc=0.7088 val_loss=0.4872 val_metric_name=roc_auc val_metric=0.7088
Step  100 | loss 0.4747 | val_acc=0.7819 val_roc_auc=0.7219 val_loss=0.4644 val_metric_name=roc_auc val_metric=0.7219
Step  150 | loss 0.4722 | val_acc=0.7819 val_roc_auc=0.7272 val_loss=0.4599 val_metric_name=roc_auc val_metric=0.7272
Step  200 | loss 0.4684 | val_acc=0.7819 val_roc_auc=0.7291 val_loss=0.4598 val_metric_name=roc_auc val_metric=0.7291
Step  250 | loss 0.4651 | val_acc=0.7819 val_roc_auc=0.7291 val_loss=0.4615 val_metric_name=roc_auc val_metric=0.7291
Step  300 | loss 0.4596 | val_acc=0.7819 val_roc_auc=0.7296 val_loss=0.4630 val_metric_name=roc_auc val_metric=0.7296
Step  350 | loss 0.4604 | val_acc=0.7826 val_roc_auc=0.7293 val_loss=0.4638 val_metric_name=roc_auc val_metric=0.7293
Step  400 | loss 0.4610 | val_acc=0.7819 val_roc_auc=0.7289 val_loss=0.4643 val_metric_name=roc_auc val_metric=0.7289
Step  450 | loss 0.4577 | val_acc=0.7816 val_roc_auc=0.7288 val_loss=0.4641 val_metric_name=roc_auc val_metric=0.7288
Step  500 | loss 0.4596 | val_acc=0.7816 val_roc_auc=0.7286 val_loss=0.4636 val_metric_name=roc_auc val_metric=0.7286
Step  550 | loss 0.4554 | val_acc=0.7812 val_roc_auc=0.7273 val_loss=0.4635 val_metric_name=roc_auc val_metric=0.7273
Step  600 | loss 0.4576 | val_acc=0.7812 val_roc_auc=0.7273 val_loss=0.4633 val_metric_name=roc_auc val_metric=0.7273
Early stopping at step 635

--- Final (best ckpt @ step 330) ---
  train_acc=0.7824 train_roc_auc=0.7327 train_loss=0.4551 train_metric_name=roc_auc train_metric=0.7327
  val_acc=0.7822 val_roc_auc=0.7300 val_loss=0.4637 val_metric_name=roc_auc val_metric=0.7300
  test_acc=0.7827 test_roc_auc=0.7414 test_loss=0.4460 test_metric_name=roc_auc test_metric=0.7414
  test_roc_auc=0.7414

============================================================
Training tolokers ResNet 5L h=256 lr=6e-05 split=2
============================================================
Training for 5000 steps
Step    1 | loss 0.7344 | val_acc=0.7608 val_roc_auc=0.6104 val_loss=0.5726 val_metric_name=roc_auc val_metric=0.6104
Step   50 | loss 0.4768 | val_acc=0.7846 val_roc_auc=0.7205 val_loss=0.4642 val_metric_name=roc_auc val_metric=0.7205
Step  100 | loss 0.4655 | val_acc=0.7819 val_roc_auc=0.7288 val_loss=0.4593 val_metric_name=roc_auc val_metric=0.7288
Step  150 | loss 0.4638 | val_acc=0.7816 val_roc_auc=0.7303 val_loss=0.4620 val_metric_name=roc_auc val_metric=0.7303
Step  200 | loss 0.4609 | val_acc=0.7822 val_roc_auc=0.7298 val_loss=0.4644 val_metric_name=roc_auc val_metric=0.7298
Step  250 | loss 0.4573 | val_acc=0.7816 val_roc_auc=0.7291 val_loss=0.4647 val_metric_name=roc_auc val_metric=0.7291
Step  300 | loss 0.4539 | val_acc=0.7812 val_roc_auc=0.7275 val_loss=0.4633 val_metric_name=roc_auc val_metric=0.7275
Step  350 | loss 0.4546 | val_acc=0.7816 val_roc_auc=0.7275 val_loss=0.4624 val_metric_name=roc_auc val_metric=0.7275
Step  400 | loss 0.4548 | val_acc=0.7816 val_roc_auc=0.7267 val_loss=0.4621 val_metric_name=roc_auc val_metric=0.7267
Step  450 | loss 0.4538 | val_acc=0.7809 val_roc_auc=0.7292 val_loss=0.4618 val_metric_name=roc_auc val_metric=0.7292
Early stopping at step 450

--- Final (best ckpt @ step 150) ---
  train_acc=0.7819 train_roc_auc=0.7292 train_loss=0.4556 train_metric_name=roc_auc train_metric=0.7292
  val_acc=0.7816 val_roc_auc=0.7303 val_loss=0.4620 val_metric_name=roc_auc val_metric=0.7303
  test_acc=0.7827 test_roc_auc=0.7400 test_loss=0.4463 test_metric_name=roc_auc test_metric=0.7400
  test_roc_auc=0.7400

============================================================
Training tolokers ResNet 5L h=256 lr=0.0001 split=2
============================================================
Training for 5000 steps
Step    1 | loss 0.7344 | val_acc=0.7775 val_roc_auc=0.6043 val_loss=0.5273 val_metric_name=roc_auc val_metric=0.6043
Step   50 | loss 0.4700 | val_acc=0.7833 val_roc_auc=0.7251 val_loss=0.4607 val_metric_name=roc_auc val_metric=0.7251
Step  100 | loss 0.4603 | val_acc=0.7816 val_roc_auc=0.7291 val_loss=0.4623 val_metric_name=roc_auc val_metric=0.7291
Step  150 | loss 0.4594 | val_acc=0.7819 val_roc_auc=0.7291 val_loss=0.4640 val_metric_name=roc_auc val_metric=0.7291
Step  200 | loss 0.4570 | val_acc=0.7812 val_roc_auc=0.7293 val_loss=0.4635 val_metric_name=roc_auc val_metric=0.7293
Step  250 | loss 0.4531 | val_acc=0.7816 val_roc_auc=0.7278 val_loss=0.4629 val_metric_name=roc_auc val_metric=0.7278
Step  300 | loss 0.4511 | val_acc=0.7812 val_roc_auc=0.7287 val_loss=0.4615 val_metric_name=roc_auc val_metric=0.7287
Step  350 | loss 0.4514 | val_acc=0.7812 val_roc_auc=0.7288 val_loss=0.4609 val_metric_name=roc_auc val_metric=0.7288
Step  400 | loss 0.4515 | val_acc=0.7805 val_roc_auc=0.7281 val_loss=0.4608 val_metric_name=roc_auc val_metric=0.7281
Step  450 | loss 0.4514 | val_acc=0.7809 val_roc_auc=0.7310 val_loss=0.4604 val_metric_name=roc_auc val_metric=0.7310
Step  500 | loss 0.4510 | val_acc=0.7812 val_roc_auc=0.7309 val_loss=0.4597 val_metric_name=roc_auc val_metric=0.7309
Step  550 | loss 0.4477 | val_acc=0.7805 val_roc_auc=0.7298 val_loss=0.4594 val_metric_name=roc_auc val_metric=0.7298
Step  600 | loss 0.4490 | val_acc=0.7805 val_roc_auc=0.7303 val_loss=0.4598 val_metric_name=roc_auc val_metric=0.7303
Step  650 | loss 0.4473 | val_acc=0.7795 val_roc_auc=0.7314 val_loss=0.4591 val_metric_name=roc_auc val_metric=0.7314
Step  700 | loss 0.4463 | val_acc=0.7795 val_roc_auc=0.7305 val_loss=0.4591 val_metric_name=roc_auc val_metric=0.7305
Step  750 | loss 0.4461 | val_acc=0.7792 val_roc_auc=0.7303 val_loss=0.4593 val_metric_name=roc_auc val_metric=0.7303
Step  800 | loss 0.4450 | val_acc=0.7792 val_roc_auc=0.7298 val_loss=0.4594 val_metric_name=roc_auc val_metric=0.7298
Step  850 | loss 0.4437 | val_acc=0.7792 val_roc_auc=0.7291 val_loss=0.4594 val_metric_name=roc_auc val_metric=0.7291
Step  900 | loss 0.4440 | val_acc=0.7795 val_roc_auc=0.7286 val_loss=0.4590 val_metric_name=roc_auc val_metric=0.7286
Step  950 | loss 0.4460 | val_acc=0.7795 val_roc_auc=0.7294 val_loss=0.4583 val_metric_name=roc_auc val_metric=0.7294
Step 1000 | loss 0.4455 | val_acc=0.7802 val_roc_auc=0.7303 val_loss=0.4585 val_metric_name=roc_auc val_metric=0.7303
Step 1050 | loss 0.4402 | val_acc=0.7802 val_roc_auc=0.7302 val_loss=0.4580 val_metric_name=roc_auc val_metric=0.7302
Step 1100 | loss 0.4423 | val_acc=0.7802 val_roc_auc=0.7289 val_loss=0.4590 val_metric_name=roc_auc val_metric=0.7289
Step 1150 | loss 0.4411 | val_acc=0.7805 val_roc_auc=0.7286 val_loss=0.4590 val_metric_name=roc_auc val_metric=0.7286
Step 1200 | loss 0.4402 | val_acc=0.7788 val_roc_auc=0.7270 val_loss=0.4594 val_metric_name=roc_auc val_metric=0.7270
Step 1250 | loss 0.4412 | val_acc=0.7785 val_roc_auc=0.7265 val_loss=0.4610 val_metric_name=roc_auc val_metric=0.7265
Step 1300 | loss 0.4418 | val_acc=0.7792 val_roc_auc=0.7271 val_loss=0.4597 val_metric_name=roc_auc val_metric=0.7271
Early stopping at step 1347

--- Final (best ckpt @ step 650) ---
  train_acc=0.7852 train_roc_auc=0.7496 train_loss=0.4423 train_metric_name=roc_auc train_metric=0.7496
  val_acc=0.7795 val_roc_auc=0.7314 val_loss=0.4591 val_metric_name=roc_auc val_metric=0.7314
  test_acc=0.7844 test_roc_auc=0.7463 test_loss=0.4396 test_metric_name=roc_auc test_metric=0.7463
  test_roc_auc=0.7463

============================================================
Training tolokers ResNet 5L h=256 lr=1e-05 split=2
============================================================
Training for 5000 steps
Step    1 | loss 0.7344 | val_acc=0.4767 val_roc_auc=0.6230 val_loss=0.6796 val_metric_name=roc_auc val_metric=0.6230
Step   50 | loss 0.5123 | val_acc=0.7819 val_roc_auc=0.6783 val_loss=0.5407 val_metric_name=roc_auc val_metric=0.6783
Step  100 | loss 0.4945 | val_acc=0.7819 val_roc_auc=0.6992 val_loss=0.4969 val_metric_name=roc_auc val_metric=0.6992
Step  150 | loss 0.4888 | val_acc=0.7819 val_roc_auc=0.7120 val_loss=0.4831 val_metric_name=roc_auc val_metric=0.7120
Step  200 | loss 0.4847 | val_acc=0.7819 val_roc_auc=0.7173 val_loss=0.4740 val_metric_name=roc_auc val_metric=0.7173
Step  250 | loss 0.4822 | val_acc=0.7819 val_roc_auc=0.7208 val_loss=0.4682 val_metric_name=roc_auc val_metric=0.7208
Step  300 | loss 0.4741 | val_acc=0.7819 val_roc_auc=0.7235 val_loss=0.4643 val_metric_name=roc_auc val_metric=0.7235
Step  350 | loss 0.4743 | val_acc=0.7819 val_roc_auc=0.7253 val_loss=0.4618 val_metric_name=roc_auc val_metric=0.7253
Step  400 | loss 0.4747 | val_acc=0.7819 val_roc_auc=0.7271 val_loss=0.4602 val_metric_name=roc_auc val_metric=0.7271
Step  450 | loss 0.4692 | val_acc=0.7819 val_roc_auc=0.7284 val_loss=0.4597 val_metric_name=roc_auc val_metric=0.7284
Step  500 | loss 0.4704 | val_acc=0.7819 val_roc_auc=0.7292 val_loss=0.4596 val_metric_name=roc_auc val_metric=0.7292
Step  550 | loss 0.4655 | val_acc=0.7819 val_roc_auc=0.7295 val_loss=0.4597 val_metric_name=roc_auc val_metric=0.7295
Step  600 | loss 0.4684 | val_acc=0.7819 val_roc_auc=0.7293 val_loss=0.4604 val_metric_name=roc_auc val_metric=0.7293
Step  650 | loss 0.4674 | val_acc=0.7819 val_roc_auc=0.7291 val_loss=0.4609 val_metric_name=roc_auc val_metric=0.7291
Step  700 | loss 0.4657 | val_acc=0.7819 val_roc_auc=0.7293 val_loss=0.4613 val_metric_name=roc_auc val_metric=0.7293
Step  750 | loss 0.4634 | val_acc=0.7816 val_roc_auc=0.7293 val_loss=0.4621 val_metric_name=roc_auc val_metric=0.7293
Step  800 | loss 0.4603 | val_acc=0.7816 val_roc_auc=0.7294 val_loss=0.4626 val_metric_name=roc_auc val_metric=0.7294
Step  850 | loss 0.4643 | val_acc=0.7816 val_roc_auc=0.7295 val_loss=0.4631 val_metric_name=roc_auc val_metric=0.7295
Step  900 | loss 0.4626 | val_acc=0.7822 val_roc_auc=0.7296 val_loss=0.4635 val_metric_name=roc_auc val_metric=0.7296
Step  950 | loss 0.4621 | val_acc=0.7826 val_roc_auc=0.7293 val_loss=0.4640 val_metric_name=roc_auc val_metric=0.7293
Step 1000 | loss 0.4639 | val_acc=0.7822 val_roc_auc=0.7292 val_loss=0.4642 val_metric_name=roc_auc val_metric=0.7292
Step 1050 | loss 0.4599 | val_acc=0.7822 val_roc_auc=0.7292 val_loss=0.4643 val_metric_name=roc_auc val_metric=0.7292
Step 1100 | loss 0.4595 | val_acc=0.7819 val_roc_auc=0.7287 val_loss=0.4643 val_metric_name=roc_auc val_metric=0.7287
Step 1150 | loss 0.4599 | val_acc=0.7819 val_roc_auc=0.7286 val_loss=0.4643 val_metric_name=roc_auc val_metric=0.7286
Step 1200 | loss 0.4575 | val_acc=0.7819 val_roc_auc=0.7282 val_loss=0.4644 val_metric_name=roc_auc val_metric=0.7282
Early stopping at step 1225

--- Final (best ckpt @ step 870) ---
  train_acc=0.7821 train_roc_auc=0.7322 train_loss=0.4550 train_metric_name=roc_auc train_metric=0.7322
  val_acc=0.7816 val_roc_auc=0.7296 val_loss=0.4632 val_metric_name=roc_auc val_metric=0.7296
  test_acc=0.7823 test_roc_auc=0.7406 test_loss=0.4457 test_metric_name=roc_auc test_metric=0.7406
  test_roc_auc=0.7406

============================================================
Training tolokers ResNet 5L h=384 lr=3e-05 split=2
============================================================
Training for 5000 steps
Step    1 | loss 0.6559 | val_acc=0.7819 val_roc_auc=0.4447 val_loss=0.5366 val_metric_name=roc_auc val_metric=0.4447
Step   50 | loss 0.4794 | val_acc=0.7829 val_roc_auc=0.7205 val_loss=0.4742 val_metric_name=roc_auc val_metric=0.7205
Step  100 | loss 0.4699 | val_acc=0.7836 val_roc_auc=0.7283 val_loss=0.4618 val_metric_name=roc_auc val_metric=0.7283
Step  150 | loss 0.4637 | val_acc=0.7812 val_roc_auc=0.7300 val_loss=0.4625 val_metric_name=roc_auc val_metric=0.7300
Step  200 | loss 0.4616 | val_acc=0.7822 val_roc_auc=0.7306 val_loss=0.4648 val_metric_name=roc_auc val_metric=0.7306
Step  250 | loss 0.4584 | val_acc=0.7812 val_roc_auc=0.7287 val_loss=0.4664 val_metric_name=roc_auc val_metric=0.7287
Step  300 | loss 0.4583 | val_acc=0.7816 val_roc_auc=0.7282 val_loss=0.4668 val_metric_name=roc_auc val_metric=0.7282
Step  350 | loss 0.4579 | val_acc=0.7809 val_roc_auc=0.7275 val_loss=0.4667 val_metric_name=roc_auc val_metric=0.7275
Step  400 | loss 0.4564 | val_acc=0.7812 val_roc_auc=0.7268 val_loss=0.4657 val_metric_name=roc_auc val_metric=0.7268
Step  450 | loss 0.4560 | val_acc=0.7809 val_roc_auc=0.7274 val_loss=0.4655 val_metric_name=roc_auc val_metric=0.7274
Step  500 | loss 0.4526 | val_acc=0.7809 val_roc_auc=0.7291 val_loss=0.4646 val_metric_name=roc_auc val_metric=0.7291
Early stopping at step 530

--- Final (best ckpt @ step 230) ---
  train_acc=0.7823 train_roc_auc=0.7310 train_loss=0.4572 train_metric_name=roc_auc train_metric=0.7310
  val_acc=0.7819 val_roc_auc=0.7312 val_loss=0.4661 val_metric_name=roc_auc val_metric=0.7312
  test_acc=0.7830 test_roc_auc=0.7430 test_loss=0.4458 test_metric_name=roc_auc test_metric=0.7430
  test_roc_auc=0.7430

============================================================
Training tolokers ResNet 5L h=384 lr=6e-05 split=2
============================================================
Training for 5000 steps
Step    1 | loss 0.6559 | val_acc=0.7819 val_roc_auc=0.4473 val_loss=0.5378 val_metric_name=roc_auc val_metric=0.4473
Step   50 | loss 0.4719 | val_acc=0.7829 val_roc_auc=0.7269 val_loss=0.4626 val_metric_name=roc_auc val_metric=0.7269
Step  100 | loss 0.4629 | val_acc=0.7816 val_roc_auc=0.7300 val_loss=0.4632 val_metric_name=roc_auc val_metric=0.7300
Step  150 | loss 0.4583 | val_acc=0.7816 val_roc_auc=0.7292 val_loss=0.4665 val_metric_name=roc_auc val_metric=0.7292
Step  200 | loss 0.4565 | val_acc=0.7816 val_roc_auc=0.7286 val_loss=0.4662 val_metric_name=roc_auc val_metric=0.7286
Step  250 | loss 0.4541 | val_acc=0.7809 val_roc_auc=0.7266 val_loss=0.4650 val_metric_name=roc_auc val_metric=0.7266
Step  300 | loss 0.4539 | val_acc=0.7812 val_roc_auc=0.7286 val_loss=0.4633 val_metric_name=roc_auc val_metric=0.7286
Step  350 | loss 0.4533 | val_acc=0.7809 val_roc_auc=0.7296 val_loss=0.4631 val_metric_name=roc_auc val_metric=0.7296
Step  400 | loss 0.4520 | val_acc=0.7809 val_roc_auc=0.7307 val_loss=0.4622 val_metric_name=roc_auc val_metric=0.7307
Step  450 | loss 0.4510 | val_acc=0.7819 val_roc_auc=0.7288 val_loss=0.4616 val_metric_name=roc_auc val_metric=0.7288
Step  500 | loss 0.4484 | val_acc=0.7819 val_roc_auc=0.7317 val_loss=0.4608 val_metric_name=roc_auc val_metric=0.7317
Step  550 | loss 0.4506 | val_acc=0.7809 val_roc_auc=0.7304 val_loss=0.4604 val_metric_name=roc_auc val_metric=0.7304
Step  600 | loss 0.4476 | val_acc=0.7822 val_roc_auc=0.7304 val_loss=0.4595 val_metric_name=roc_auc val_metric=0.7304
Step  650 | loss 0.4507 | val_acc=0.7805 val_roc_auc=0.7302 val_loss=0.4599 val_metric_name=roc_auc val_metric=0.7302
Step  700 | loss 0.4485 | val_acc=0.7812 val_roc_auc=0.7293 val_loss=0.4590 val_metric_name=roc_auc val_metric=0.7293
Step  750 | loss 0.4464 | val_acc=0.7812 val_roc_auc=0.7296 val_loss=0.4593 val_metric_name=roc_auc val_metric=0.7296
Step  800 | loss 0.4455 | val_acc=0.7812 val_roc_auc=0.7300 val_loss=0.4592 val_metric_name=roc_auc val_metric=0.7300
Early stopping at step 800

--- Final (best ckpt @ step 500) ---
  train_acc=0.7845 train_roc_auc=0.7474 train_loss=0.4454 train_metric_name=roc_auc train_metric=0.7474
  val_acc=0.7819 val_roc_auc=0.7317 val_loss=0.4608 val_metric_name=roc_auc val_metric=0.7317
  test_acc=0.7847 test_roc_auc=0.7487 test_loss=0.4397 test_metric_name=roc_auc test_metric=0.7487
  test_roc_auc=0.7487

============================================================
Training tolokers ResNet 5L h=384 lr=0.0001 split=2
============================================================
Training for 5000 steps
Step    1 | loss 0.6559 | val_acc=0.7819 val_roc_auc=0.4683 val_loss=0.6044 val_metric_name=roc_auc val_metric=0.4683
Step   50 | loss 0.4663 | val_acc=0.7819 val_roc_auc=0.7300 val_loss=0.4593 val_metric_name=roc_auc val_metric=0.7300
Step  100 | loss 0.4593 | val_acc=0.7819 val_roc_auc=0.7302 val_loss=0.4661 val_metric_name=roc_auc val_metric=0.7302
Step  150 | loss 0.4551 | val_acc=0.7812 val_roc_auc=0.7274 val_loss=0.4651 val_metric_name=roc_auc val_metric=0.7274
Step  200 | loss 0.4534 | val_acc=0.7809 val_roc_auc=0.7291 val_loss=0.4630 val_metric_name=roc_auc val_metric=0.7291
Step  250 | loss 0.4513 | val_acc=0.7805 val_roc_auc=0.7303 val_loss=0.4615 val_metric_name=roc_auc val_metric=0.7303
Step  300 | loss 0.4515 | val_acc=0.7809 val_roc_auc=0.7316 val_loss=0.4606 val_metric_name=roc_auc val_metric=0.7316
Step  350 | loss 0.4500 | val_acc=0.7805 val_roc_auc=0.7304 val_loss=0.4606 val_metric_name=roc_auc val_metric=0.7304
Step  400 | loss 0.4490 | val_acc=0.7809 val_roc_auc=0.7304 val_loss=0.4595 val_metric_name=roc_auc val_metric=0.7304
Step  450 | loss 0.4477 | val_acc=0.7816 val_roc_auc=0.7294 val_loss=0.4591 val_metric_name=roc_auc val_metric=0.7294
Step  500 | loss 0.4456 | val_acc=0.7809 val_roc_auc=0.7307 val_loss=0.4593 val_metric_name=roc_auc val_metric=0.7307
Step  550 | loss 0.4474 | val_acc=0.7816 val_roc_auc=0.7291 val_loss=0.4594 val_metric_name=roc_auc val_metric=0.7291
Step  600 | loss 0.4437 | val_acc=0.7826 val_roc_auc=0.7320 val_loss=0.4589 val_metric_name=roc_auc val_metric=0.7320
Step  650 | loss 0.4472 | val_acc=0.7819 val_roc_auc=0.7308 val_loss=0.4595 val_metric_name=roc_auc val_metric=0.7308
Step  700 | loss 0.4446 | val_acc=0.7822 val_roc_auc=0.7325 val_loss=0.4574 val_metric_name=roc_auc val_metric=0.7325
Step  750 | loss 0.4432 | val_acc=0.7809 val_roc_auc=0.7301 val_loss=0.4593 val_metric_name=roc_auc val_metric=0.7301
Step  800 | loss 0.4418 | val_acc=0.7819 val_roc_auc=0.7301 val_loss=0.4598 val_metric_name=roc_auc val_metric=0.7301
Step  850 | loss 0.4403 | val_acc=0.7819 val_roc_auc=0.7306 val_loss=0.4620 val_metric_name=roc_auc val_metric=0.7306
Step  900 | loss 0.4410 | val_acc=0.7822 val_roc_auc=0.7303 val_loss=0.4597 val_metric_name=roc_auc val_metric=0.7303
Step  950 | loss 0.4384 | val_acc=0.7819 val_roc_auc=0.7310 val_loss=0.4600 val_metric_name=roc_auc val_metric=0.7310
Step 1000 | loss 0.4387 | val_acc=0.7816 val_roc_auc=0.7310 val_loss=0.4610 val_metric_name=roc_auc val_metric=0.7310
Early stopping at step 1030

--- Final (best ckpt @ step 730) ---
  train_acc=0.7857 train_roc_auc=0.7554 train_loss=0.4378 train_metric_name=roc_auc train_metric=0.7554
  val_acc=0.7822 val_roc_auc=0.7326 val_loss=0.4592 val_metric_name=roc_auc val_metric=0.7326
  test_acc=0.7844 test_roc_auc=0.7431 test_loss=0.4405 test_metric_name=roc_auc test_metric=0.7431
  test_roc_auc=0.7431

============================================================
Training tolokers ResNet 5L h=384 lr=1e-05 split=2
============================================================
Training for 5000 steps
Step    1 | loss 0.6559 | val_acc=0.7819 val_roc_auc=0.4514 val_loss=0.5717 val_metric_name=roc_auc val_metric=0.4514
Step   50 | loss 0.4945 | val_acc=0.7819 val_roc_auc=0.7059 val_loss=0.4999 val_metric_name=roc_auc val_metric=0.7059
Step  100 | loss 0.4844 | val_acc=0.7819 val_roc_auc=0.7172 val_loss=0.4798 val_metric_name=roc_auc val_metric=0.7172
Step  150 | loss 0.4779 | val_acc=0.7833 val_roc_auc=0.7224 val_loss=0.4698 val_metric_name=roc_auc val_metric=0.7224
Step  200 | loss 0.4751 | val_acc=0.7836 val_roc_auc=0.7260 val_loss=0.4649 val_metric_name=roc_auc val_metric=0.7260
Step  250 | loss 0.4699 | val_acc=0.7836 val_roc_auc=0.7285 val_loss=0.4628 val_metric_name=roc_auc val_metric=0.7285
Step  300 | loss 0.4684 | val_acc=0.7833 val_roc_auc=0.7295 val_loss=0.4620 val_metric_name=roc_auc val_metric=0.7295
Step  350 | loss 0.4675 | val_acc=0.7833 val_roc_auc=0.7298 val_loss=0.4625 val_metric_name=roc_auc val_metric=0.7298
Step  400 | loss 0.4643 | val_acc=0.7816 val_roc_auc=0.7305 val_loss=0.4631 val_metric_name=roc_auc val_metric=0.7305
Step  450 | loss 0.4650 | val_acc=0.7816 val_roc_auc=0.7301 val_loss=0.4640 val_metric_name=roc_auc val_metric=0.7301
Step  500 | loss 0.4622 | val_acc=0.7822 val_roc_auc=0.7302 val_loss=0.4650 val_metric_name=roc_auc val_metric=0.7302
Step  550 | loss 0.4628 | val_acc=0.7822 val_roc_auc=0.7300 val_loss=0.4657 val_metric_name=roc_auc val_metric=0.7300
Step  600 | loss 0.4613 | val_acc=0.7819 val_roc_auc=0.7304 val_loss=0.4663 val_metric_name=roc_auc val_metric=0.7304
Step  650 | loss 0.4613 | val_acc=0.7816 val_roc_auc=0.7298 val_loss=0.4668 val_metric_name=roc_auc val_metric=0.7298
Early stopping at step 695

--- Final (best ckpt @ step 390) ---
  train_acc=0.7833 train_roc_auc=0.7261 train_loss=0.4578 train_metric_name=roc_auc train_metric=0.7261
  val_acc=0.7819 val_roc_auc=0.7306 val_loss=0.4630 val_metric_name=roc_auc val_metric=0.7306
  test_acc=0.7844 test_roc_auc=0.7389 test_loss=0.4466 test_metric_name=roc_auc test_metric=0.7389
  test_roc_auc=0.7389

============================================================
Training tolokers ResNet 5L h=512 lr=3e-05 split=2
============================================================
Training for 5000 steps
Step    1 | loss 0.7729 | val_acc=0.7363 val_roc_auc=0.3007 val_loss=0.5914 val_metric_name=roc_auc val_metric=0.3007
Step   50 | loss 0.4799 | val_acc=0.7829 val_roc_auc=0.7204 val_loss=0.4698 val_metric_name=roc_auc val_metric=0.7204
Step  100 | loss 0.4675 | val_acc=0.7836 val_roc_auc=0.7298 val_loss=0.4605 val_metric_name=roc_auc val_metric=0.7298
Step  150 | loss 0.4615 | val_acc=0.7822 val_roc_auc=0.7308 val_loss=0.4620 val_metric_name=roc_auc val_metric=0.7308
Step  200 | loss 0.4625 | val_acc=0.7812 val_roc_auc=0.7289 val_loss=0.4645 val_metric_name=roc_auc val_metric=0.7289
Step  250 | loss 0.4597 | val_acc=0.7812 val_roc_auc=0.7276 val_loss=0.4660 val_metric_name=roc_auc val_metric=0.7276
Step  300 | loss 0.4560 | val_acc=0.7809 val_roc_auc=0.7271 val_loss=0.4656 val_metric_name=roc_auc val_metric=0.7271
Step  350 | loss 0.4555 | val_acc=0.7809 val_roc_auc=0.7277 val_loss=0.4663 val_metric_name=roc_auc val_metric=0.7277
Step  400 | loss 0.4555 | val_acc=0.7809 val_roc_auc=0.7283 val_loss=0.4652 val_metric_name=roc_auc val_metric=0.7283
Step  450 | loss 0.4513 | val_acc=0.7809 val_roc_auc=0.7283 val_loss=0.4647 val_metric_name=roc_auc val_metric=0.7283
Early stopping at step 459

--- Final (best ckpt @ step 150) ---
  train_acc=0.7838 train_roc_auc=0.7287 train_loss=0.4559 train_metric_name=roc_auc train_metric=0.7287
  val_acc=0.7822 val_roc_auc=0.7308 val_loss=0.4620 val_metric_name=roc_auc val_metric=0.7308
  test_acc=0.7840 test_roc_auc=0.7422 test_loss=0.4449 test_metric_name=roc_auc test_metric=0.7422
  test_roc_auc=0.7422

============================================================
Training tolokers ResNet 5L h=512 lr=6e-05 split=2
============================================================
Training for 5000 steps
Step    1 | loss 0.7729 | val_acc=0.7819 val_roc_auc=0.3127 val_loss=0.5695 val_metric_name=roc_auc val_metric=0.3127
Step   50 | loss 0.4715 | val_acc=0.7829 val_roc_auc=0.7278 val_loss=0.4604 val_metric_name=roc_auc val_metric=0.7278
Step  100 | loss 0.4614 | val_acc=0.7802 val_roc_auc=0.7297 val_loss=0.4630 val_metric_name=roc_auc val_metric=0.7297
Step  150 | loss 0.4570 | val_acc=0.7809 val_roc_auc=0.7283 val_loss=0.4646 val_metric_name=roc_auc val_metric=0.7283
Step  200 | loss 0.4576 | val_acc=0.7812 val_roc_auc=0.7269 val_loss=0.4650 val_metric_name=roc_auc val_metric=0.7269
Step  250 | loss 0.4556 | val_acc=0.7809 val_roc_auc=0.7276 val_loss=0.4638 val_metric_name=roc_auc val_metric=0.7276
Step  300 | loss 0.4516 | val_acc=0.7812 val_roc_auc=0.7277 val_loss=0.4627 val_metric_name=roc_auc val_metric=0.7277
Step  350 | loss 0.4515 | val_acc=0.7809 val_roc_auc=0.7303 val_loss=0.4622 val_metric_name=roc_auc val_metric=0.7303
Step  400 | loss 0.4509 | val_acc=0.7816 val_roc_auc=0.7291 val_loss=0.4613 val_metric_name=roc_auc val_metric=0.7291
Step  450 | loss 0.4480 | val_acc=0.7816 val_roc_auc=0.7280 val_loss=0.4617 val_metric_name=roc_auc val_metric=0.7280
Step  500 | loss 0.4493 | val_acc=0.7809 val_roc_auc=0.7304 val_loss=0.4605 val_metric_name=roc_auc val_metric=0.7304
Step  550 | loss 0.4467 | val_acc=0.7819 val_roc_auc=0.7296 val_loss=0.4608 val_metric_name=roc_auc val_metric=0.7296
Step  600 | loss 0.4496 | val_acc=0.7812 val_roc_auc=0.7281 val_loss=0.4610 val_metric_name=roc_auc val_metric=0.7281
Step  650 | loss 0.4452 | val_acc=0.7812 val_roc_auc=0.7277 val_loss=0.4603 val_metric_name=roc_auc val_metric=0.7277
Step  700 | loss 0.4458 | val_acc=0.7812 val_roc_auc=0.7280 val_loss=0.4601 val_metric_name=roc_auc val_metric=0.7280
Step  750 | loss 0.4468 | val_acc=0.7816 val_roc_auc=0.7286 val_loss=0.4610 val_metric_name=roc_auc val_metric=0.7286
Step  800 | loss 0.4454 | val_acc=0.7816 val_roc_auc=0.7301 val_loss=0.4610 val_metric_name=roc_auc val_metric=0.7301
Step  850 | loss 0.4438 | val_acc=0.7809 val_roc_auc=0.7301 val_loss=0.4614 val_metric_name=roc_auc val_metric=0.7301
Step  900 | loss 0.4410 | val_acc=0.7822 val_roc_auc=0.7303 val_loss=0.4614 val_metric_name=roc_auc val_metric=0.7303
Step  950 | loss 0.4434 | val_acc=0.7819 val_roc_auc=0.7302 val_loss=0.4610 val_metric_name=roc_auc val_metric=0.7302
Step 1000 | loss 0.4412 | val_acc=0.7816 val_roc_auc=0.7283 val_loss=0.4622 val_metric_name=roc_auc val_metric=0.7283
Step 1050 | loss 0.4400 | val_acc=0.7805 val_roc_auc=0.7267 val_loss=0.4639 val_metric_name=roc_auc val_metric=0.7267
Step 1100 | loss 0.4392 | val_acc=0.7802 val_roc_auc=0.7264 val_loss=0.4634 val_metric_name=roc_auc val_metric=0.7264
Step 1150 | loss 0.4408 | val_acc=0.7788 val_roc_auc=0.7259 val_loss=0.4650 val_metric_name=roc_auc val_metric=0.7259
Early stopping at step 1190

--- Final (best ckpt @ step 890) ---
  train_acc=0.7845 train_roc_auc=0.7552 train_loss=0.4400 train_metric_name=roc_auc train_metric=0.7552
  val_acc=0.7812 val_roc_auc=0.7324 val_loss=0.4611 val_metric_name=roc_auc val_metric=0.7324
  test_acc=0.7827 test_roc_auc=0.7426 test_loss=0.4436 test_metric_name=roc_auc test_metric=0.7426
  test_roc_auc=0.7426

============================================================
Training tolokers ResNet 5L h=512 lr=0.0001 split=2
============================================================
Training for 5000 steps
Step    1 | loss 0.7729 | val_acc=0.7819 val_roc_auc=0.3369 val_loss=0.6619 val_metric_name=roc_auc val_metric=0.3369
Step   50 | loss 0.4663 | val_acc=0.7819 val_roc_auc=0.7289 val_loss=0.4584 val_metric_name=roc_auc val_metric=0.7289
Step  100 | loss 0.4581 | val_acc=0.7816 val_roc_auc=0.7282 val_loss=0.4646 val_metric_name=roc_auc val_metric=0.7282
Step  150 | loss 0.4545 | val_acc=0.7812 val_roc_auc=0.7282 val_loss=0.4633 val_metric_name=roc_auc val_metric=0.7282
Step  200 | loss 0.4547 | val_acc=0.7809 val_roc_auc=0.7271 val_loss=0.4624 val_metric_name=roc_auc val_metric=0.7271
Step  250 | loss 0.4527 | val_acc=0.7809 val_roc_auc=0.7271 val_loss=0.4614 val_metric_name=roc_auc val_metric=0.7271
Step  300 | loss 0.4482 | val_acc=0.7819 val_roc_auc=0.7305 val_loss=0.4613 val_metric_name=roc_auc val_metric=0.7305
Step  350 | loss 0.4492 | val_acc=0.7816 val_roc_auc=0.7311 val_loss=0.4604 val_metric_name=roc_auc val_metric=0.7311
Step  400 | loss 0.4474 | val_acc=0.7816 val_roc_auc=0.7286 val_loss=0.4600 val_metric_name=roc_auc val_metric=0.7286
Step  450 | loss 0.4459 | val_acc=0.7822 val_roc_auc=0.7278 val_loss=0.4598 val_metric_name=roc_auc val_metric=0.7278
Step  500 | loss 0.4456 | val_acc=0.7822 val_roc_auc=0.7298 val_loss=0.4592 val_metric_name=roc_auc val_metric=0.7298
Step  550 | loss 0.4433 | val_acc=0.7819 val_roc_auc=0.7308 val_loss=0.4596 val_metric_name=roc_auc val_metric=0.7308
Step  600 | loss 0.4458 | val_acc=0.7812 val_roc_auc=0.7300 val_loss=0.4604 val_metric_name=roc_auc val_metric=0.7300
Step  650 | loss 0.4411 | val_acc=0.7816 val_roc_auc=0.7300 val_loss=0.4602 val_metric_name=roc_auc val_metric=0.7300
Step  700 | loss 0.4417 | val_acc=0.7816 val_roc_auc=0.7290 val_loss=0.4626 val_metric_name=roc_auc val_metric=0.7290
Step  750 | loss 0.4416 | val_acc=0.7799 val_roc_auc=0.7278 val_loss=0.4645 val_metric_name=roc_auc val_metric=0.7278
Step  800 | loss 0.4406 | val_acc=0.7802 val_roc_auc=0.7268 val_loss=0.4654 val_metric_name=roc_auc val_metric=0.7268
Step  850 | loss 0.4384 | val_acc=0.7792 val_roc_auc=0.7282 val_loss=0.4659 val_metric_name=roc_auc val_metric=0.7282
Step  900 | loss 0.4367 | val_acc=0.7805 val_roc_auc=0.7277 val_loss=0.4673 val_metric_name=roc_auc val_metric=0.7277
Early stopping at step 940

--- Final (best ckpt @ step 640) ---
  train_acc=0.7855 train_roc_auc=0.7569 train_loss=0.4391 train_metric_name=roc_auc train_metric=0.7569
  val_acc=0.7816 val_roc_auc=0.7317 val_loss=0.4611 val_metric_name=roc_auc val_metric=0.7317
  test_acc=0.7837 test_roc_auc=0.7420 test_loss=0.4456 test_metric_name=roc_auc test_metric=0.7420
  test_roc_auc=0.7420

============================================================
Training tolokers ResNet 5L h=512 lr=1e-05 split=2
============================================================
Training for 5000 steps
Step    1 | loss 0.7729 | val_acc=0.6182 val_roc_auc=0.2984 val_loss=0.6797 val_metric_name=roc_auc val_metric=0.2984
Step   50 | loss 0.4992 | val_acc=0.7819 val_roc_auc=0.7026 val_loss=0.5038 val_metric_name=roc_auc val_metric=0.7026
Step  100 | loss 0.4814 | val_acc=0.7819 val_roc_auc=0.7174 val_loss=0.4767 val_metric_name=roc_auc val_metric=0.7174
Step  150 | loss 0.4732 | val_acc=0.7829 val_roc_auc=0.7241 val_loss=0.4675 val_metric_name=roc_auc val_metric=0.7241
Step  200 | loss 0.4742 | val_acc=0.7833 val_roc_auc=0.7285 val_loss=0.4633 val_metric_name=roc_auc val_metric=0.7285
Step  250 | loss 0.4694 | val_acc=0.7829 val_roc_auc=0.7302 val_loss=0.4619 val_metric_name=roc_auc val_metric=0.7302
Step  300 | loss 0.4657 | val_acc=0.7829 val_roc_auc=0.7307 val_loss=0.4617 val_metric_name=roc_auc val_metric=0.7307
Step  350 | loss 0.4644 | val_acc=0.7839 val_roc_auc=0.7309 val_loss=0.4628 val_metric_name=roc_auc val_metric=0.7309
Step  400 | loss 0.4636 | val_acc=0.7802 val_roc_auc=0.7307 val_loss=0.4637 val_metric_name=roc_auc val_metric=0.7307
Step  450 | loss 0.4588 | val_acc=0.7802 val_roc_auc=0.7294 val_loss=0.4645 val_metric_name=roc_auc val_metric=0.7294
Step  500 | loss 0.4614 | val_acc=0.7802 val_roc_auc=0.7288 val_loss=0.4651 val_metric_name=roc_auc val_metric=0.7288
Step  550 | loss 0.4571 | val_acc=0.7802 val_roc_auc=0.7282 val_loss=0.4657 val_metric_name=roc_auc val_metric=0.7282
Step  600 | loss 0.4617 | val_acc=0.7809 val_roc_auc=0.7280 val_loss=0.4663 val_metric_name=roc_auc val_metric=0.7280
Step  650 | loss 0.4578 | val_acc=0.7809 val_roc_auc=0.7267 val_loss=0.4666 val_metric_name=roc_auc val_metric=0.7267
Early stopping at step 685

--- Final (best ckpt @ step 340) ---
  train_acc=0.7836 train_roc_auc=0.7285 train_loss=0.4574 train_metric_name=roc_auc train_metric=0.7285
  val_acc=0.7833 val_roc_auc=0.7309 val_loss=0.4626 val_metric_name=roc_auc val_metric=0.7309
  test_acc=0.7837 test_roc_auc=0.7406 test_loss=0.4460 test_metric_name=roc_auc test_metric=0.7406
  test_roc_auc=0.7406
  >> num_layers=5 hidden_dim=256 lr=3e-05 best_step=330 val_roc_auc=0.7300 test_roc_auc=0.7414
     val_acc=0.7822 val_loss=0.4637 val_metric=0.7300 val_metric_name=roc_auc val_roc_auc=0.7300
     test_acc=0.7827 test_loss=0.4460 test_metric=0.7414 test_metric_name=roc_auc test_roc_auc=0.7414
  >> num_layers=5 hidden_dim=256 lr=6e-05 best_step=150 val_roc_auc=0.7303 test_roc_auc=0.7400
     val_acc=0.7816 val_loss=0.4620 val_metric=0.7303 val_metric_name=roc_auc val_roc_auc=0.7303
     test_acc=0.7827 test_loss=0.4463 test_metric=0.7400 test_metric_name=roc_auc test_roc_auc=0.7400
  >> num_layers=5 hidden_dim=256 lr=0.0001 best_step=650 val_roc_auc=0.7314 test_roc_auc=0.7463
     val_acc=0.7795 val_loss=0.4591 val_metric=0.7314 val_metric_name=roc_auc val_roc_auc=0.7314
     test_acc=0.7844 test_loss=0.4396 test_metric=0.7463 test_metric_name=roc_auc test_roc_auc=0.7463
  >> num_layers=5 hidden_dim=256 lr=1e-05 best_step=870 val_roc_auc=0.7296 test_roc_auc=0.7406
     val_acc=0.7816 val_loss=0.4632 val_metric=0.7296 val_metric_name=roc_auc val_roc_auc=0.7296
     test_acc=0.7823 test_loss=0.4457 test_metric=0.7406 test_metric_name=roc_auc test_roc_auc=0.7406
  >> num_layers=5 hidden_dim=384 lr=3e-05 best_step=230 val_roc_auc=0.7312 test_roc_auc=0.7430
     val_acc=0.7819 val_loss=0.4661 val_metric=0.7312 val_metric_name=roc_auc val_roc_auc=0.7312
     test_acc=0.7830 test_loss=0.4458 test_metric=0.7430 test_metric_name=roc_auc test_roc_auc=0.7430
  >> num_layers=5 hidden_dim=384 lr=6e-05 best_step=500 val_roc_auc=0.7317 test_roc_auc=0.7487
     val_acc=0.7819 val_loss=0.4608 val_metric=0.7317 val_metric_name=roc_auc val_roc_auc=0.7317
     test_acc=0.7847 test_loss=0.4397 test_metric=0.7487 test_metric_name=roc_auc test_roc_auc=0.7487
  >> num_layers=5 hidden_dim=384 lr=0.0001 best_step=730 val_roc_auc=0.7326 test_roc_auc=0.7431
     val_acc=0.7822 val_loss=0.4592 val_metric=0.7326 val_metric_name=roc_auc val_roc_auc=0.7326
     test_acc=0.7844 test_loss=0.4405 test_metric=0.7431 test_metric_name=roc_auc test_roc_auc=0.7431
  >> num_layers=5 hidden_dim=384 lr=1e-05 best_step=390 val_roc_auc=0.7306 test_roc_auc=0.7389
     val_acc=0.7819 val_loss=0.4630 val_metric=0.7306 val_metric_name=roc_auc val_roc_auc=0.7306
     test_acc=0.7844 test_loss=0.4466 test_metric=0.7389 test_metric_name=roc_auc test_roc_auc=0.7389
  >> num_layers=5 hidden_dim=512 lr=3e-05 best_step=150 val_roc_auc=0.7308 test_roc_auc=0.7422
     val_acc=0.7822 val_loss=0.4620 val_metric=0.7308 val_metric_name=roc_auc val_roc_auc=0.7308
     test_acc=0.7840 test_loss=0.4449 test_metric=0.7422 test_metric_name=roc_auc test_roc_auc=0.7422
  >> num_layers=5 hidden_dim=512 lr=6e-05 best_step=890 val_roc_auc=0.7324 test_roc_auc=0.7426
     val_acc=0.7812 val_loss=0.4611 val_metric=0.7324 val_metric_name=roc_auc val_roc_auc=0.7324
     test_acc=0.7827 test_loss=0.4436 test_metric=0.7426 test_metric_name=roc_auc test_roc_auc=0.7426
  >> num_layers=5 hidden_dim=512 lr=0.0001 best_step=640 val_roc_auc=0.7317 test_roc_auc=0.7420
     val_acc=0.7816 val_loss=0.4611 val_metric=0.7317 val_metric_name=roc_auc val_roc_auc=0.7317
     test_acc=0.7837 test_loss=0.4456 test_metric=0.7420 test_metric_name=roc_auc test_roc_auc=0.7420
  >> num_layers=5 hidden_dim=512 lr=1e-05 best_step=340 val_roc_auc=0.7309 test_roc_auc=0.7406
     val_acc=0.7833 val_loss=0.4626 val_metric=0.7309 val_metric_name=roc_auc val_roc_auc=0.7309
     test_acc=0.7837 test_loss=0.4460 test_metric=0.7406 test_metric_name=roc_auc test_roc_auc=0.7406
  >> selected best (by val): num_layers=5 hidden_dim=384 lr=0.0001 val_roc_auc=0.7326 test_roc_auc=0.7431
     val_acc=0.7822 val_loss=0.4592 val_metric=0.7326 val_metric_name=roc_auc val_roc_auc=0.7326
     test_acc=0.7844 test_loss=0.4405 test_metric=0.7431 test_metric_name=roc_auc test_roc_auc=0.7431

Done. Results saved to /home/avshmelev/diploma_yandex_graphs/results_grid/tolokers/base.csv, checkpoints in /home/avshmelev/diploma_yandex_graphs/all_checkpoints/tolokers/base/
Skipping: "Done." found in /home/avshmelev/diploma_yandex_graphs/results_grid/tolokers/logs_base/ResNet_5L_split2.log
