Loading data...

============================================================
Training tolokers TAG 5L h=256 lr=3e-05 split=4
============================================================
Training for 5000 steps
Step    1 | loss 0.5713 | val_acc=0.7819 val_roc_auc=0.4913 val_loss=0.5346 val_metric_name=roc_auc val_metric=0.4913
Step   50 | loss 0.4474 | val_acc=0.7863 val_roc_auc=0.7727 val_loss=0.4409 val_metric_name=roc_auc val_metric=0.7727
Step  100 | loss 0.4214 | val_acc=0.7928 val_roc_auc=0.7883 val_loss=0.4261 val_metric_name=roc_auc val_metric=0.7883
Step  150 | loss 0.4031 | val_acc=0.7945 val_roc_auc=0.8028 val_loss=0.4224 val_metric_name=roc_auc val_metric=0.8028
Step  200 | loss 0.3913 | val_acc=0.7948 val_roc_auc=0.8066 val_loss=0.4257 val_metric_name=roc_auc val_metric=0.8066
Step  250 | loss 0.3871 | val_acc=0.7972 val_roc_auc=0.8095 val_loss=0.4328 val_metric_name=roc_auc val_metric=0.8095
Step  300 | loss 0.3829 | val_acc=0.8013 val_roc_auc=0.8129 val_loss=0.4243 val_metric_name=roc_auc val_metric=0.8129
Step  350 | loss 0.3762 | val_acc=0.8044 val_roc_auc=0.8143 val_loss=0.4406 val_metric_name=roc_auc val_metric=0.8143
Step  400 | loss 0.3719 | val_acc=0.8061 val_roc_auc=0.8180 val_loss=0.4385 val_metric_name=roc_auc val_metric=0.8180
Step  450 | loss 0.3667 | val_acc=0.8067 val_roc_auc=0.8211 val_loss=0.4436 val_metric_name=roc_auc val_metric=0.8211
Step  500 | loss 0.3631 | val_acc=0.8064 val_roc_auc=0.8236 val_loss=0.4572 val_metric_name=roc_auc val_metric=0.8236
Step  550 | loss 0.3627 | val_acc=0.8078 val_roc_auc=0.8276 val_loss=0.4458 val_metric_name=roc_auc val_metric=0.8276
Step  600 | loss 0.3591 | val_acc=0.8081 val_roc_auc=0.8294 val_loss=0.4461 val_metric_name=roc_auc val_metric=0.8294
Step  650 | loss 0.3531 | val_acc=0.8101 val_roc_auc=0.8332 val_loss=0.4348 val_metric_name=roc_auc val_metric=0.8332
Step  700 | loss 0.3524 | val_acc=0.8108 val_roc_auc=0.8336 val_loss=0.4426 val_metric_name=roc_auc val_metric=0.8336
Step  750 | loss 0.3513 | val_acc=0.8135 val_roc_auc=0.8362 val_loss=0.4291 val_metric_name=roc_auc val_metric=0.8362
Step  800 | loss 0.3561 | val_acc=0.8108 val_roc_auc=0.8363 val_loss=0.4382 val_metric_name=roc_auc val_metric=0.8363
Step  850 | loss 0.3478 | val_acc=0.8105 val_roc_auc=0.8369 val_loss=0.4482 val_metric_name=roc_auc val_metric=0.8369
Step  900 | loss 0.3478 | val_acc=0.8146 val_roc_auc=0.8379 val_loss=0.4410 val_metric_name=roc_auc val_metric=0.8379
Step  950 | loss 0.3446 | val_acc=0.8146 val_roc_auc=0.8392 val_loss=0.4299 val_metric_name=roc_auc val_metric=0.8392
Step 1000 | loss 0.3473 | val_acc=0.8135 val_roc_auc=0.8388 val_loss=0.4386 val_metric_name=roc_auc val_metric=0.8388
Step 1050 | loss 0.3398 | val_acc=0.8159 val_roc_auc=0.8400 val_loss=0.4273 val_metric_name=roc_auc val_metric=0.8400
Step 1100 | loss 0.3434 | val_acc=0.8122 val_roc_auc=0.8401 val_loss=0.4325 val_metric_name=roc_auc val_metric=0.8401
Step 1150 | loss 0.3412 | val_acc=0.8122 val_roc_auc=0.8398 val_loss=0.4351 val_metric_name=roc_auc val_metric=0.8398
Step 1200 | loss 0.3380 | val_acc=0.8112 val_roc_auc=0.8405 val_loss=0.4311 val_metric_name=roc_auc val_metric=0.8405
Step 1250 | loss 0.3393 | val_acc=0.8115 val_roc_auc=0.8395 val_loss=0.4345 val_metric_name=roc_auc val_metric=0.8395
Step 1300 | loss 0.3347 | val_acc=0.8105 val_roc_auc=0.8384 val_loss=0.4419 val_metric_name=roc_auc val_metric=0.8384
Step 1350 | loss 0.3330 | val_acc=0.8142 val_roc_auc=0.8405 val_loss=0.4237 val_metric_name=roc_auc val_metric=0.8405
Step 1400 | loss 0.3353 | val_acc=0.8108 val_roc_auc=0.8384 val_loss=0.4415 val_metric_name=roc_auc val_metric=0.8384
Step 1450 | loss 0.3311 | val_acc=0.8122 val_roc_auc=0.8383 val_loss=0.4476 val_metric_name=roc_auc val_metric=0.8383
Step 1500 | loss 0.3271 | val_acc=0.8129 val_roc_auc=0.8388 val_loss=0.4325 val_metric_name=roc_auc val_metric=0.8388
Step 1550 | loss 0.3265 | val_acc=0.8098 val_roc_auc=0.8373 val_loss=0.4461 val_metric_name=roc_auc val_metric=0.8373
Step 1600 | loss 0.3240 | val_acc=0.8142 val_roc_auc=0.8378 val_loss=0.4462 val_metric_name=roc_auc val_metric=0.8378
Step 1650 | loss 0.3237 | val_acc=0.8125 val_roc_auc=0.8388 val_loss=0.4390 val_metric_name=roc_auc val_metric=0.8388
Early stopping at step 1657

--- Final (best ckpt @ step 1080) ---
  train_acc=0.8394 train_roc_auc=0.8839 train_loss=0.3457 train_metric_name=roc_auc train_metric=0.8839
  val_acc=0.8146 val_roc_auc=0.8407 val_loss=0.4163 val_metric_name=roc_auc val_metric=0.8407
  test_acc=0.8255 test_roc_auc=0.8628 test_loss=0.3949 test_metric_name=roc_auc test_metric=0.8628
  test_roc_auc=0.8628

============================================================
Training tolokers TAG 5L h=256 lr=6e-05 split=4
============================================================
Training for 5000 steps
Step    1 | loss 0.5713 | val_acc=0.7819 val_roc_auc=0.4903 val_loss=0.5698 val_metric_name=roc_auc val_metric=0.4903
Step   50 | loss 0.4334 | val_acc=0.7877 val_roc_auc=0.7813 val_loss=0.4332 val_metric_name=roc_auc val_metric=0.7813
Step  100 | loss 0.4043 | val_acc=0.7945 val_roc_auc=0.8050 val_loss=0.4150 val_metric_name=roc_auc val_metric=0.8050
Step  150 | loss 0.3890 | val_acc=0.7958 val_roc_auc=0.8095 val_loss=0.4205 val_metric_name=roc_auc val_metric=0.8095
Step  200 | loss 0.3782 | val_acc=0.8047 val_roc_auc=0.8137 val_loss=0.4228 val_metric_name=roc_auc val_metric=0.8137
Step  250 | loss 0.3716 | val_acc=0.8054 val_roc_auc=0.8182 val_loss=0.4423 val_metric_name=roc_auc val_metric=0.8182
Step  300 | loss 0.3686 | val_acc=0.8084 val_roc_auc=0.8254 val_loss=0.4150 val_metric_name=roc_auc val_metric=0.8254
Step  350 | loss 0.3644 | val_acc=0.8091 val_roc_auc=0.8299 val_loss=0.4239 val_metric_name=roc_auc val_metric=0.8299
Step  400 | loss 0.3548 | val_acc=0.8105 val_roc_auc=0.8334 val_loss=0.4264 val_metric_name=roc_auc val_metric=0.8334
Step  450 | loss 0.3523 | val_acc=0.8098 val_roc_auc=0.8349 val_loss=0.4218 val_metric_name=roc_auc val_metric=0.8349
Step  500 | loss 0.3480 | val_acc=0.8125 val_roc_auc=0.8380 val_loss=0.4259 val_metric_name=roc_auc val_metric=0.8380
Step  550 | loss 0.3452 | val_acc=0.8101 val_roc_auc=0.8395 val_loss=0.4251 val_metric_name=roc_auc val_metric=0.8395
Step  600 | loss 0.3416 | val_acc=0.8108 val_roc_auc=0.8391 val_loss=0.4250 val_metric_name=roc_auc val_metric=0.8391
Step  650 | loss 0.3366 | val_acc=0.8139 val_roc_auc=0.8416 val_loss=0.4225 val_metric_name=roc_auc val_metric=0.8416
Step  700 | loss 0.3335 | val_acc=0.8112 val_roc_auc=0.8407 val_loss=0.4312 val_metric_name=roc_auc val_metric=0.8407
Step  750 | loss 0.3321 | val_acc=0.8115 val_roc_auc=0.8405 val_loss=0.4279 val_metric_name=roc_auc val_metric=0.8405
Step  800 | loss 0.3341 | val_acc=0.8146 val_roc_auc=0.8398 val_loss=0.4207 val_metric_name=roc_auc val_metric=0.8398
Step  850 | loss 0.3272 | val_acc=0.8129 val_roc_auc=0.8376 val_loss=0.4383 val_metric_name=roc_auc val_metric=0.8376
Step  900 | loss 0.3256 | val_acc=0.8149 val_roc_auc=0.8399 val_loss=0.4403 val_metric_name=roc_auc val_metric=0.8399
Step  950 | loss 0.3214 | val_acc=0.8139 val_roc_auc=0.8377 val_loss=0.4419 val_metric_name=roc_auc val_metric=0.8377
Step 1000 | loss 0.3215 | val_acc=0.8105 val_roc_auc=0.8352 val_loss=0.4413 val_metric_name=roc_auc val_metric=0.8352
Step 1050 | loss 0.3134 | val_acc=0.8084 val_roc_auc=0.8356 val_loss=0.4420 val_metric_name=roc_auc val_metric=0.8356
Step 1100 | loss 0.3188 | val_acc=0.8139 val_roc_auc=0.8379 val_loss=0.4429 val_metric_name=roc_auc val_metric=0.8379
Early stopping at step 1120

--- Final (best ckpt @ step 820) ---
  train_acc=0.8449 train_roc_auc=0.8936 train_loss=0.3315 train_metric_name=roc_auc train_metric=0.8936
  val_acc=0.8159 val_roc_auc=0.8427 val_loss=0.4233 val_metric_name=roc_auc val_metric=0.8427
  test_acc=0.8259 test_roc_auc=0.8621 test_loss=0.4040 test_metric_name=roc_auc test_metric=0.8621
  test_roc_auc=0.8621

============================================================
Training tolokers TAG 5L h=256 lr=0.0001 split=4
============================================================
Training for 5000 steps
Step    1 | loss 0.5713 | val_acc=0.7819 val_roc_auc=0.5016 val_loss=0.6462 val_metric_name=roc_auc val_metric=0.5016
Step   50 | loss 0.4245 | val_acc=0.7907 val_roc_auc=0.7859 val_loss=0.4250 val_metric_name=roc_auc val_metric=0.7859
Step  100 | loss 0.3991 | val_acc=0.7982 val_roc_auc=0.8084 val_loss=0.4247 val_metric_name=roc_auc val_metric=0.8084
Step  150 | loss 0.3798 | val_acc=0.8016 val_roc_auc=0.8128 val_loss=0.4189 val_metric_name=roc_auc val_metric=0.8128
Step  200 | loss 0.3682 | val_acc=0.8044 val_roc_auc=0.8217 val_loss=0.4175 val_metric_name=roc_auc val_metric=0.8217
Step  250 | loss 0.3628 | val_acc=0.8074 val_roc_auc=0.8282 val_loss=0.4265 val_metric_name=roc_auc val_metric=0.8282
Step  300 | loss 0.3593 | val_acc=0.8152 val_roc_auc=0.8353 val_loss=0.4131 val_metric_name=roc_auc val_metric=0.8353
Step  350 | loss 0.3462 | val_acc=0.8118 val_roc_auc=0.8382 val_loss=0.4153 val_metric_name=roc_auc val_metric=0.8382
Step  400 | loss 0.3417 | val_acc=0.8139 val_roc_auc=0.8405 val_loss=0.4118 val_metric_name=roc_auc val_metric=0.8405
Step  450 | loss 0.3378 | val_acc=0.8146 val_roc_auc=0.8406 val_loss=0.4171 val_metric_name=roc_auc val_metric=0.8406
Step  500 | loss 0.3340 | val_acc=0.8139 val_roc_auc=0.8402 val_loss=0.4148 val_metric_name=roc_auc val_metric=0.8402
Step  550 | loss 0.3300 | val_acc=0.8180 val_roc_auc=0.8420 val_loss=0.4212 val_metric_name=roc_auc val_metric=0.8420
Step  600 | loss 0.3252 | val_acc=0.8152 val_roc_auc=0.8399 val_loss=0.4224 val_metric_name=roc_auc val_metric=0.8399
Step  650 | loss 0.3189 | val_acc=0.8135 val_roc_auc=0.8397 val_loss=0.4235 val_metric_name=roc_auc val_metric=0.8397
Step  700 | loss 0.3139 | val_acc=0.8142 val_roc_auc=0.8396 val_loss=0.4273 val_metric_name=roc_auc val_metric=0.8396
Step  750 | loss 0.3121 | val_acc=0.8088 val_roc_auc=0.8349 val_loss=0.4356 val_metric_name=roc_auc val_metric=0.8349
Step  800 | loss 0.3093 | val_acc=0.8122 val_roc_auc=0.8353 val_loss=0.4508 val_metric_name=roc_auc val_metric=0.8353
Step  850 | loss 0.3010 | val_acc=0.8129 val_roc_auc=0.8367 val_loss=0.4541 val_metric_name=roc_auc val_metric=0.8367
Step  900 | loss 0.2946 | val_acc=0.8050 val_roc_auc=0.8323 val_loss=0.4704 val_metric_name=roc_auc val_metric=0.8323
Step  950 | loss 0.2905 | val_acc=0.8050 val_roc_auc=0.8319 val_loss=0.4749 val_metric_name=roc_auc val_metric=0.8319
Step 1000 | loss 0.2849 | val_acc=0.8030 val_roc_auc=0.8266 val_loss=0.4881 val_metric_name=roc_auc val_metric=0.8266
Early stopping at step 1013

--- Final (best ckpt @ step 550) ---
  train_acc=0.8471 train_roc_auc=0.8935 train_loss=0.3311 train_metric_name=roc_auc train_metric=0.8935
  val_acc=0.8180 val_roc_auc=0.8420 val_loss=0.4212 val_metric_name=roc_auc val_metric=0.8420
  test_acc=0.8245 test_roc_auc=0.8633 test_loss=0.3972 test_metric_name=roc_auc test_metric=0.8633
  test_roc_auc=0.8633

============================================================
Training tolokers TAG 5L h=256 lr=1e-05 split=4
============================================================
Training for 5000 steps
Step    1 | loss 0.5713 | val_acc=0.7819 val_roc_auc=0.4961 val_loss=0.5318 val_metric_name=roc_auc val_metric=0.4961
Step   50 | loss 0.4723 | val_acc=0.7822 val_roc_auc=0.7428 val_loss=0.4680 val_metric_name=roc_auc val_metric=0.7428
Step  100 | loss 0.4535 | val_acc=0.7839 val_roc_auc=0.7682 val_loss=0.4490 val_metric_name=roc_auc val_metric=0.7682
Step  150 | loss 0.4386 | val_acc=0.7897 val_roc_auc=0.7785 val_loss=0.4373 val_metric_name=roc_auc val_metric=0.7785
Step  200 | loss 0.4269 | val_acc=0.7907 val_roc_auc=0.7845 val_loss=0.4296 val_metric_name=roc_auc val_metric=0.7845
Step  250 | loss 0.4214 | val_acc=0.7928 val_roc_auc=0.7907 val_loss=0.4238 val_metric_name=roc_auc val_metric=0.7907
Step  300 | loss 0.4116 | val_acc=0.7931 val_roc_auc=0.7958 val_loss=0.4266 val_metric_name=roc_auc val_metric=0.7958
Step  350 | loss 0.4031 | val_acc=0.7955 val_roc_auc=0.8024 val_loss=0.4221 val_metric_name=roc_auc val_metric=0.8024
Step  400 | loss 0.3990 | val_acc=0.7955 val_roc_auc=0.8053 val_loss=0.4227 val_metric_name=roc_auc val_metric=0.8053
Step  450 | loss 0.3934 | val_acc=0.7945 val_roc_auc=0.8062 val_loss=0.4245 val_metric_name=roc_auc val_metric=0.8062
Step  500 | loss 0.3887 | val_acc=0.7962 val_roc_auc=0.8068 val_loss=0.4254 val_metric_name=roc_auc val_metric=0.8068
Step  550 | loss 0.3892 | val_acc=0.7976 val_roc_auc=0.8078 val_loss=0.4294 val_metric_name=roc_auc val_metric=0.8078
Step  600 | loss 0.3849 | val_acc=0.7976 val_roc_auc=0.8086 val_loss=0.4330 val_metric_name=roc_auc val_metric=0.8086
Step  650 | loss 0.3801 | val_acc=0.7979 val_roc_auc=0.8098 val_loss=0.4346 val_metric_name=roc_auc val_metric=0.8098
Step  700 | loss 0.3798 | val_acc=0.8010 val_roc_auc=0.8110 val_loss=0.4330 val_metric_name=roc_auc val_metric=0.8110
Step  750 | loss 0.3795 | val_acc=0.8037 val_roc_auc=0.8113 val_loss=0.4408 val_metric_name=roc_auc val_metric=0.8113
Step  800 | loss 0.3803 | val_acc=0.8047 val_roc_auc=0.8120 val_loss=0.4413 val_metric_name=roc_auc val_metric=0.8120
Step  850 | loss 0.3753 | val_acc=0.8044 val_roc_auc=0.8133 val_loss=0.4478 val_metric_name=roc_auc val_metric=0.8133
Step  900 | loss 0.3736 | val_acc=0.8064 val_roc_auc=0.8144 val_loss=0.4507 val_metric_name=roc_auc val_metric=0.8144
Step  950 | loss 0.3741 | val_acc=0.8047 val_roc_auc=0.8163 val_loss=0.4434 val_metric_name=roc_auc val_metric=0.8163
Step 1000 | loss 0.3752 | val_acc=0.8067 val_roc_auc=0.8174 val_loss=0.4463 val_metric_name=roc_auc val_metric=0.8174
Step 1050 | loss 0.3693 | val_acc=0.8064 val_roc_auc=0.8186 val_loss=0.4509 val_metric_name=roc_auc val_metric=0.8186
Step 1100 | loss 0.3709 | val_acc=0.8047 val_roc_auc=0.8197 val_loss=0.4606 val_metric_name=roc_auc val_metric=0.8197
Step 1150 | loss 0.3693 | val_acc=0.8054 val_roc_auc=0.8206 val_loss=0.4558 val_metric_name=roc_auc val_metric=0.8206
Step 1200 | loss 0.3674 | val_acc=0.8061 val_roc_auc=0.8222 val_loss=0.4532 val_metric_name=roc_auc val_metric=0.8222
Step 1250 | loss 0.3671 | val_acc=0.8061 val_roc_auc=0.8230 val_loss=0.4533 val_metric_name=roc_auc val_metric=0.8230
Step 1300 | loss 0.3624 | val_acc=0.8061 val_roc_auc=0.8230 val_loss=0.4703 val_metric_name=roc_auc val_metric=0.8230
Step 1350 | loss 0.3638 | val_acc=0.8088 val_roc_auc=0.8249 val_loss=0.4575 val_metric_name=roc_auc val_metric=0.8249
Step 1400 | loss 0.3655 | val_acc=0.8033 val_roc_auc=0.8247 val_loss=0.4805 val_metric_name=roc_auc val_metric=0.8247
Step 1450 | loss 0.3599 | val_acc=0.8064 val_roc_auc=0.8256 val_loss=0.4782 val_metric_name=roc_auc val_metric=0.8256
Step 1500 | loss 0.3598 | val_acc=0.8071 val_roc_auc=0.8263 val_loss=0.4737 val_metric_name=roc_auc val_metric=0.8263
Step 1550 | loss 0.3586 | val_acc=0.8054 val_roc_auc=0.8263 val_loss=0.4835 val_metric_name=roc_auc val_metric=0.8263
Step 1600 | loss 0.3594 | val_acc=0.8061 val_roc_auc=0.8278 val_loss=0.4781 val_metric_name=roc_auc val_metric=0.8278
Step 1650 | loss 0.3583 | val_acc=0.8088 val_roc_auc=0.8287 val_loss=0.4717 val_metric_name=roc_auc val_metric=0.8287
Step 1700 | loss 0.3553 | val_acc=0.8047 val_roc_auc=0.8268 val_loss=0.4967 val_metric_name=roc_auc val_metric=0.8268
Step 1750 | loss 0.3562 | val_acc=0.8078 val_roc_auc=0.8296 val_loss=0.4781 val_metric_name=roc_auc val_metric=0.8296
Step 1800 | loss 0.3527 | val_acc=0.8078 val_roc_auc=0.8302 val_loss=0.4790 val_metric_name=roc_auc val_metric=0.8302
Step 1850 | loss 0.3524 | val_acc=0.8078 val_roc_auc=0.8308 val_loss=0.4732 val_metric_name=roc_auc val_metric=0.8308
Step 1900 | loss 0.3558 | val_acc=0.8088 val_roc_auc=0.8309 val_loss=0.4720 val_metric_name=roc_auc val_metric=0.8309
Step 1950 | loss 0.3533 | val_acc=0.8064 val_roc_auc=0.8294 val_loss=0.5024 val_metric_name=roc_auc val_metric=0.8294
Step 2000 | loss 0.3535 | val_acc=0.8078 val_roc_auc=0.8312 val_loss=0.4845 val_metric_name=roc_auc val_metric=0.8312
Step 2050 | loss 0.3534 | val_acc=0.8088 val_roc_auc=0.8337 val_loss=0.4609 val_metric_name=roc_auc val_metric=0.8337
Step 2100 | loss 0.3499 | val_acc=0.8084 val_roc_auc=0.8335 val_loss=0.4666 val_metric_name=roc_auc val_metric=0.8335
Step 2150 | loss 0.3512 | val_acc=0.8088 val_roc_auc=0.8337 val_loss=0.4742 val_metric_name=roc_auc val_metric=0.8337
Step 2200 | loss 0.3513 | val_acc=0.8084 val_roc_auc=0.8334 val_loss=0.4709 val_metric_name=roc_auc val_metric=0.8334
Step 2250 | loss 0.3470 | val_acc=0.8098 val_roc_auc=0.8346 val_loss=0.4626 val_metric_name=roc_auc val_metric=0.8346
Step 2300 | loss 0.3484 | val_acc=0.8078 val_roc_auc=0.8345 val_loss=0.4722 val_metric_name=roc_auc val_metric=0.8345
Step 2350 | loss 0.3488 | val_acc=0.8112 val_roc_auc=0.8358 val_loss=0.4557 val_metric_name=roc_auc val_metric=0.8358
Step 2400 | loss 0.3508 | val_acc=0.8074 val_roc_auc=0.8340 val_loss=0.4816 val_metric_name=roc_auc val_metric=0.8340
Step 2450 | loss 0.3430 | val_acc=0.8101 val_roc_auc=0.8361 val_loss=0.4595 val_metric_name=roc_auc val_metric=0.8361
Step 2500 | loss 0.3464 | val_acc=0.8112 val_roc_auc=0.8353 val_loss=0.4717 val_metric_name=roc_auc val_metric=0.8353
Step 2550 | loss 0.3442 | val_acc=0.8118 val_roc_auc=0.8364 val_loss=0.4672 val_metric_name=roc_auc val_metric=0.8364
Step 2600 | loss 0.3471 | val_acc=0.8095 val_roc_auc=0.8359 val_loss=0.4721 val_metric_name=roc_auc val_metric=0.8359
Step 2650 | loss 0.3455 | val_acc=0.8118 val_roc_auc=0.8375 val_loss=0.4533 val_metric_name=roc_auc val_metric=0.8375
Step 2700 | loss 0.3424 | val_acc=0.8118 val_roc_auc=0.8366 val_loss=0.4681 val_metric_name=roc_auc val_metric=0.8366
Step 2750 | loss 0.3414 | val_acc=0.8095 val_roc_auc=0.8360 val_loss=0.4813 val_metric_name=roc_auc val_metric=0.8360
Step 2800 | loss 0.3412 | val_acc=0.8125 val_roc_auc=0.8381 val_loss=0.4528 val_metric_name=roc_auc val_metric=0.8381
Step 2850 | loss 0.3434 | val_acc=0.8125 val_roc_auc=0.8378 val_loss=0.4647 val_metric_name=roc_auc val_metric=0.8378
Step 2900 | loss 0.3424 | val_acc=0.8149 val_roc_auc=0.8392 val_loss=0.4457 val_metric_name=roc_auc val_metric=0.8392
Step 2950 | loss 0.3430 | val_acc=0.8101 val_roc_auc=0.8374 val_loss=0.4694 val_metric_name=roc_auc val_metric=0.8374
Step 3000 | loss 0.3400 | val_acc=0.8112 val_roc_auc=0.8373 val_loss=0.4691 val_metric_name=roc_auc val_metric=0.8373
Step 3050 | loss 0.3397 | val_acc=0.8108 val_roc_auc=0.8374 val_loss=0.4694 val_metric_name=roc_auc val_metric=0.8374
Step 3100 | loss 0.3398 | val_acc=0.8132 val_roc_auc=0.8398 val_loss=0.4431 val_metric_name=roc_auc val_metric=0.8398
Step 3150 | loss 0.3432 | val_acc=0.8135 val_roc_auc=0.8391 val_loss=0.4552 val_metric_name=roc_auc val_metric=0.8391
Step 3200 | loss 0.3393 | val_acc=0.8129 val_roc_auc=0.8371 val_loss=0.4741 val_metric_name=roc_auc val_metric=0.8371
Step 3250 | loss 0.3353 | val_acc=0.8129 val_roc_auc=0.8396 val_loss=0.4496 val_metric_name=roc_auc val_metric=0.8396
Step 3300 | loss 0.3399 | val_acc=0.8105 val_roc_auc=0.8382 val_loss=0.4702 val_metric_name=roc_auc val_metric=0.8382
Step 3350 | loss 0.3378 | val_acc=0.8105 val_roc_auc=0.8376 val_loss=0.4726 val_metric_name=roc_auc val_metric=0.8376
Step 3400 | loss 0.3323 | val_acc=0.8125 val_roc_auc=0.8400 val_loss=0.4541 val_metric_name=roc_auc val_metric=0.8400
Step 3450 | loss 0.3358 | val_acc=0.8122 val_roc_auc=0.8389 val_loss=0.4664 val_metric_name=roc_auc val_metric=0.8389
Step 3500 | loss 0.3382 | val_acc=0.8118 val_roc_auc=0.8389 val_loss=0.4615 val_metric_name=roc_auc val_metric=0.8389
Step 3550 | loss 0.3308 | val_acc=0.8112 val_roc_auc=0.8390 val_loss=0.4641 val_metric_name=roc_auc val_metric=0.8390
Step 3600 | loss 0.3329 | val_acc=0.8132 val_roc_auc=0.8392 val_loss=0.4557 val_metric_name=roc_auc val_metric=0.8392
Step 3650 | loss 0.3280 | val_acc=0.8118 val_roc_auc=0.8390 val_loss=0.4603 val_metric_name=roc_auc val_metric=0.8390
Step 3700 | loss 0.3342 | val_acc=0.8125 val_roc_auc=0.8382 val_loss=0.4683 val_metric_name=roc_auc val_metric=0.8382
Step 3750 | loss 0.3299 | val_acc=0.8125 val_roc_auc=0.8388 val_loss=0.4637 val_metric_name=roc_auc val_metric=0.8388
Step 3800 | loss 0.3330 | val_acc=0.8132 val_roc_auc=0.8391 val_loss=0.4633 val_metric_name=roc_auc val_metric=0.8391
Step 3850 | loss 0.3331 | val_acc=0.8125 val_roc_auc=0.8385 val_loss=0.4642 val_metric_name=roc_auc val_metric=0.8385
Step 3900 | loss 0.3302 | val_acc=0.8112 val_roc_auc=0.8386 val_loss=0.4674 val_metric_name=roc_auc val_metric=0.8386
Step 3950 | loss 0.3331 | val_acc=0.8095 val_roc_auc=0.8380 val_loss=0.4655 val_metric_name=roc_auc val_metric=0.8380
Step 4000 | loss 0.3315 | val_acc=0.8101 val_roc_auc=0.8381 val_loss=0.4649 val_metric_name=roc_auc val_metric=0.8381
Step 4050 | loss 0.3293 | val_acc=0.8091 val_roc_auc=0.8380 val_loss=0.4625 val_metric_name=roc_auc val_metric=0.8380
Step 4100 | loss 0.3246 | val_acc=0.8108 val_roc_auc=0.8372 val_loss=0.4673 val_metric_name=roc_auc val_metric=0.8372
Step 4150 | loss 0.3283 | val_acc=0.8101 val_roc_auc=0.8382 val_loss=0.4541 val_metric_name=roc_auc val_metric=0.8382
Step 4200 | loss 0.3280 | val_acc=0.8129 val_roc_auc=0.8377 val_loss=0.4629 val_metric_name=roc_auc val_metric=0.8377
Step 4250 | loss 0.3358 | val_acc=0.8112 val_roc_auc=0.8383 val_loss=0.4499 val_metric_name=roc_auc val_metric=0.8383
Step 4300 | loss 0.3243 | val_acc=0.8122 val_roc_auc=0.8385 val_loss=0.4591 val_metric_name=roc_auc val_metric=0.8385
Early stopping at step 4338

--- Final (best ckpt @ step 3400) ---
  train_acc=0.8360 train_roc_auc=0.8814 train_loss=0.3778 train_metric_name=roc_auc train_metric=0.8814
  val_acc=0.8125 val_roc_auc=0.8400 val_loss=0.4541 val_metric_name=roc_auc val_metric=0.8400
  test_acc=0.8241 test_roc_auc=0.8596 test_loss=0.4348 test_metric_name=roc_auc test_metric=0.8596
  test_roc_auc=0.8596

============================================================
Training tolokers TAG 5L h=384 lr=3e-05 split=4
============================================================
Training for 5000 steps
Step    1 | loss 0.8434 | val_acc=0.7268 val_roc_auc=0.3121 val_loss=0.6184 val_metric_name=roc_auc val_metric=0.3121
Step   50 | loss 0.4493 | val_acc=0.7833 val_roc_auc=0.7638 val_loss=0.4487 val_metric_name=roc_auc val_metric=0.7638
Step  100 | loss 0.4231 | val_acc=0.7897 val_roc_auc=0.7863 val_loss=0.4317 val_metric_name=roc_auc val_metric=0.7863
Step  150 | loss 0.4004 | val_acc=0.7958 val_roc_auc=0.8010 val_loss=0.4332 val_metric_name=roc_auc val_metric=0.8010
Step  200 | loss 0.3914 | val_acc=0.7935 val_roc_auc=0.8072 val_loss=0.4330 val_metric_name=roc_auc val_metric=0.8072
Step  250 | loss 0.3881 | val_acc=0.7969 val_roc_auc=0.8127 val_loss=0.4222 val_metric_name=roc_auc val_metric=0.8127
Step  300 | loss 0.3750 | val_acc=0.7993 val_roc_auc=0.8146 val_loss=0.4334 val_metric_name=roc_auc val_metric=0.8146
Step  350 | loss 0.3730 | val_acc=0.8016 val_roc_auc=0.8165 val_loss=0.4367 val_metric_name=roc_auc val_metric=0.8165
Step  400 | loss 0.3708 | val_acc=0.8013 val_roc_auc=0.8206 val_loss=0.4618 val_metric_name=roc_auc val_metric=0.8206
Step  450 | loss 0.3651 | val_acc=0.8057 val_roc_auc=0.8233 val_loss=0.4504 val_metric_name=roc_auc val_metric=0.8233
Step  500 | loss 0.3596 | val_acc=0.8071 val_roc_auc=0.8269 val_loss=0.4507 val_metric_name=roc_auc val_metric=0.8269
Step  550 | loss 0.3556 | val_acc=0.8095 val_roc_auc=0.8297 val_loss=0.4627 val_metric_name=roc_auc val_metric=0.8297
Step  600 | loss 0.3499 | val_acc=0.8071 val_roc_auc=0.8307 val_loss=0.4838 val_metric_name=roc_auc val_metric=0.8307
Step  650 | loss 0.3498 | val_acc=0.8108 val_roc_auc=0.8339 val_loss=0.4627 val_metric_name=roc_auc val_metric=0.8339
Step  700 | loss 0.3448 | val_acc=0.8108 val_roc_auc=0.8344 val_loss=0.4617 val_metric_name=roc_auc val_metric=0.8344
Step  750 | loss 0.3426 | val_acc=0.8098 val_roc_auc=0.8344 val_loss=0.4744 val_metric_name=roc_auc val_metric=0.8344
Step  800 | loss 0.3430 | val_acc=0.8105 val_roc_auc=0.8344 val_loss=0.4759 val_metric_name=roc_auc val_metric=0.8344
Step  850 | loss 0.3400 | val_acc=0.8122 val_roc_auc=0.8357 val_loss=0.4724 val_metric_name=roc_auc val_metric=0.8357
Step  900 | loss 0.3410 | val_acc=0.8118 val_roc_auc=0.8352 val_loss=0.4718 val_metric_name=roc_auc val_metric=0.8352
Step  950 | loss 0.3293 | val_acc=0.8115 val_roc_auc=0.8333 val_loss=0.4942 val_metric_name=roc_auc val_metric=0.8333
Step 1000 | loss 0.3338 | val_acc=0.8095 val_roc_auc=0.8343 val_loss=0.4957 val_metric_name=roc_auc val_metric=0.8343
Step 1050 | loss 0.3293 | val_acc=0.8084 val_roc_auc=0.8365 val_loss=0.4581 val_metric_name=roc_auc val_metric=0.8365
Step 1100 | loss 0.3300 | val_acc=0.8108 val_roc_auc=0.8363 val_loss=0.4687 val_metric_name=roc_auc val_metric=0.8363
Step 1150 | loss 0.3217 | val_acc=0.8095 val_roc_auc=0.8353 val_loss=0.4736 val_metric_name=roc_auc val_metric=0.8353
Step 1200 | loss 0.3277 | val_acc=0.8105 val_roc_auc=0.8350 val_loss=0.4834 val_metric_name=roc_auc val_metric=0.8350
Step 1250 | loss 0.3196 | val_acc=0.8112 val_roc_auc=0.8347 val_loss=0.4805 val_metric_name=roc_auc val_metric=0.8347
Step 1300 | loss 0.3188 | val_acc=0.8081 val_roc_auc=0.8345 val_loss=0.4701 val_metric_name=roc_auc val_metric=0.8345
Early stopping at step 1321

--- Final (best ckpt @ step 960) ---
  train_acc=0.8325 train_roc_auc=0.8861 train_loss=0.3796 train_metric_name=roc_auc train_metric=0.8861
  val_acc=0.8118 val_roc_auc=0.8373 val_loss=0.4682 val_metric_name=roc_auc val_metric=0.8373
  test_acc=0.8241 test_roc_auc=0.8606 test_loss=0.4395 test_metric_name=roc_auc test_metric=0.8606
  test_roc_auc=0.8606

============================================================
Training tolokers TAG 5L h=384 lr=6e-05 split=4
============================================================
Training for 5000 steps
Step    1 | loss 0.8434 | val_acc=0.7819 val_roc_auc=0.3326 val_loss=0.5718 val_metric_name=roc_auc val_metric=0.3326
Step   50 | loss 0.4380 | val_acc=0.7839 val_roc_auc=0.7729 val_loss=0.4433 val_metric_name=roc_auc val_metric=0.7729
Step  100 | loss 0.4046 | val_acc=0.7945 val_roc_auc=0.8001 val_loss=0.4247 val_metric_name=roc_auc val_metric=0.8001
Step  150 | loss 0.3871 | val_acc=0.7972 val_roc_auc=0.8101 val_loss=0.4264 val_metric_name=roc_auc val_metric=0.8101
Step  200 | loss 0.3784 | val_acc=0.7999 val_roc_auc=0.8131 val_loss=0.4293 val_metric_name=roc_auc val_metric=0.8131
Step  250 | loss 0.3754 | val_acc=0.8054 val_roc_auc=0.8191 val_loss=0.4176 val_metric_name=roc_auc val_metric=0.8191
Step  300 | loss 0.3686 | val_acc=0.8054 val_roc_auc=0.8262 val_loss=0.4350 val_metric_name=roc_auc val_metric=0.8262
Step  350 | loss 0.3551 | val_acc=0.8091 val_roc_auc=0.8312 val_loss=0.4426 val_metric_name=roc_auc val_metric=0.8312
Step  400 | loss 0.3561 | val_acc=0.8112 val_roc_auc=0.8348 val_loss=0.4469 val_metric_name=roc_auc val_metric=0.8348
Step  450 | loss 0.3492 | val_acc=0.8122 val_roc_auc=0.8359 val_loss=0.4449 val_metric_name=roc_auc val_metric=0.8359
Step  500 | loss 0.3372 | val_acc=0.8142 val_roc_auc=0.8367 val_loss=0.4527 val_metric_name=roc_auc val_metric=0.8367
Step  550 | loss 0.3343 | val_acc=0.8135 val_roc_auc=0.8377 val_loss=0.4558 val_metric_name=roc_auc val_metric=0.8377
Step  600 | loss 0.3291 | val_acc=0.8122 val_roc_auc=0.8361 val_loss=0.4647 val_metric_name=roc_auc val_metric=0.8361
Step  650 | loss 0.3247 | val_acc=0.8105 val_roc_auc=0.8363 val_loss=0.4546 val_metric_name=roc_auc val_metric=0.8363
Step  700 | loss 0.3220 | val_acc=0.8105 val_roc_auc=0.8363 val_loss=0.4645 val_metric_name=roc_auc val_metric=0.8363
Step  750 | loss 0.3173 | val_acc=0.8078 val_roc_auc=0.8351 val_loss=0.4567 val_metric_name=roc_auc val_metric=0.8351
Step  800 | loss 0.3140 | val_acc=0.8091 val_roc_auc=0.8343 val_loss=0.4620 val_metric_name=roc_auc val_metric=0.8343
Step  850 | loss 0.3107 | val_acc=0.8129 val_roc_auc=0.8336 val_loss=0.4562 val_metric_name=roc_auc val_metric=0.8336
Step  900 | loss 0.3080 | val_acc=0.8105 val_roc_auc=0.8311 val_loss=0.4883 val_metric_name=roc_auc val_metric=0.8311
Step  950 | loss 0.2966 | val_acc=0.8091 val_roc_auc=0.8308 val_loss=0.4862 val_metric_name=roc_auc val_metric=0.8308
Early stopping at step 985

--- Final (best ckpt @ step 570) ---
  train_acc=0.8430 train_roc_auc=0.8894 train_loss=0.3392 train_metric_name=roc_auc train_metric=0.8894
  val_acc=0.8159 val_roc_auc=0.8387 val_loss=0.4287 val_metric_name=roc_auc val_metric=0.8387
  test_acc=0.8289 test_roc_auc=0.8624 test_loss=0.3989 test_metric_name=roc_auc test_metric=0.8624
  test_roc_auc=0.8624

============================================================
Training tolokers TAG 5L h=384 lr=0.0001 split=4
============================================================
Training for 5000 steps
Step    1 | loss 0.8434 | val_acc=0.7819 val_roc_auc=0.3577 val_loss=0.6689 val_metric_name=roc_auc val_metric=0.3577
Step   50 | loss 0.4320 | val_acc=0.7870 val_roc_auc=0.7759 val_loss=0.4365 val_metric_name=roc_auc val_metric=0.7759
Step  100 | loss 0.3952 | val_acc=0.7945 val_roc_auc=0.8042 val_loss=0.4303 val_metric_name=roc_auc val_metric=0.8042
Step  150 | loss 0.3801 | val_acc=0.7979 val_roc_auc=0.8126 val_loss=0.4254 val_metric_name=roc_auc val_metric=0.8126
Step  200 | loss 0.3677 | val_acc=0.8040 val_roc_auc=0.8206 val_loss=0.4387 val_metric_name=roc_auc val_metric=0.8206
Step  250 | loss 0.3603 | val_acc=0.8108 val_roc_auc=0.8303 val_loss=0.4176 val_metric_name=roc_auc val_metric=0.8303
Step  300 | loss 0.3498 | val_acc=0.8132 val_roc_auc=0.8347 val_loss=0.4344 val_metric_name=roc_auc val_metric=0.8347
Step  350 | loss 0.3380 | val_acc=0.8142 val_roc_auc=0.8365 val_loss=0.4385 val_metric_name=roc_auc val_metric=0.8365
Step  400 | loss 0.3383 | val_acc=0.8129 val_roc_auc=0.8379 val_loss=0.4362 val_metric_name=roc_auc val_metric=0.8379
Step  450 | loss 0.3296 | val_acc=0.8129 val_roc_auc=0.8379 val_loss=0.4420 val_metric_name=roc_auc val_metric=0.8379
Step  500 | loss 0.3233 | val_acc=0.8095 val_roc_auc=0.8357 val_loss=0.4383 val_metric_name=roc_auc val_metric=0.8357
Step  550 | loss 0.3186 | val_acc=0.8118 val_roc_auc=0.8359 val_loss=0.4580 val_metric_name=roc_auc val_metric=0.8359
Step  600 | loss 0.3088 | val_acc=0.8125 val_roc_auc=0.8327 val_loss=0.4824 val_metric_name=roc_auc val_metric=0.8327
Step  650 | loss 0.3015 | val_acc=0.8071 val_roc_auc=0.8307 val_loss=0.4804 val_metric_name=roc_auc val_metric=0.8307
Step  700 | loss 0.2956 | val_acc=0.8084 val_roc_auc=0.8260 val_loss=0.5057 val_metric_name=roc_auc val_metric=0.8260
Step  750 | loss 0.2842 | val_acc=0.8105 val_roc_auc=0.8258 val_loss=0.5259 val_metric_name=roc_auc val_metric=0.8258
Early stopping at step 757

--- Final (best ckpt @ step 400) ---
  train_acc=0.8379 train_roc_auc=0.8884 train_loss=0.3472 train_metric_name=roc_auc train_metric=0.8884
  val_acc=0.8129 val_roc_auc=0.8379 val_loss=0.4362 val_metric_name=roc_auc val_metric=0.8379
  test_acc=0.8279 test_roc_auc=0.8620 test_loss=0.4072 test_metric_name=roc_auc test_metric=0.8620
  test_roc_auc=0.8620

============================================================
Training tolokers TAG 5L h=384 lr=1e-05 split=4
============================================================
Training for 5000 steps
Step    1 | loss 0.8434 | val_acc=0.3348 val_roc_auc=0.2972 val_loss=0.7555 val_metric_name=roc_auc val_metric=0.2972
Step   50 | loss 0.4795 | val_acc=0.7819 val_roc_auc=0.7303 val_loss=0.4833 val_metric_name=roc_auc val_metric=0.7303
Step  100 | loss 0.4537 | val_acc=0.7833 val_roc_auc=0.7643 val_loss=0.4541 val_metric_name=roc_auc val_metric=0.7643
Step  150 | loss 0.4376 | val_acc=0.7850 val_roc_auc=0.7772 val_loss=0.4445 val_metric_name=roc_auc val_metric=0.7772
Step  200 | loss 0.4269 | val_acc=0.7887 val_roc_auc=0.7850 val_loss=0.4385 val_metric_name=roc_auc val_metric=0.7850
Step  250 | loss 0.4196 | val_acc=0.7918 val_roc_auc=0.7927 val_loss=0.4299 val_metric_name=roc_auc val_metric=0.7927
Step  300 | loss 0.4039 | val_acc=0.7924 val_roc_auc=0.7985 val_loss=0.4320 val_metric_name=roc_auc val_metric=0.7985
Step  350 | loss 0.4020 | val_acc=0.7969 val_roc_auc=0.8032 val_loss=0.4326 val_metric_name=roc_auc val_metric=0.8032
Step  400 | loss 0.3976 | val_acc=0.7924 val_roc_auc=0.8076 val_loss=0.4268 val_metric_name=roc_auc val_metric=0.8076
Step  450 | loss 0.3942 | val_acc=0.7935 val_roc_auc=0.8076 val_loss=0.4346 val_metric_name=roc_auc val_metric=0.8076
Step  500 | loss 0.3885 | val_acc=0.7924 val_roc_auc=0.8097 val_loss=0.4345 val_metric_name=roc_auc val_metric=0.8097
Step  550 | loss 0.3851 | val_acc=0.7979 val_roc_auc=0.8112 val_loss=0.4332 val_metric_name=roc_auc val_metric=0.8112
Step  600 | loss 0.3817 | val_acc=0.7979 val_roc_auc=0.8117 val_loss=0.4409 val_metric_name=roc_auc val_metric=0.8117
Step  650 | loss 0.3789 | val_acc=0.7969 val_roc_auc=0.8123 val_loss=0.4396 val_metric_name=roc_auc val_metric=0.8123
Step  700 | loss 0.3768 | val_acc=0.7986 val_roc_auc=0.8139 val_loss=0.4396 val_metric_name=roc_auc val_metric=0.8139
Step  750 | loss 0.3764 | val_acc=0.8003 val_roc_auc=0.8147 val_loss=0.4442 val_metric_name=roc_auc val_metric=0.8147
Step  800 | loss 0.3744 | val_acc=0.8044 val_roc_auc=0.8165 val_loss=0.4383 val_metric_name=roc_auc val_metric=0.8165
Step  850 | loss 0.3715 | val_acc=0.8054 val_roc_auc=0.8176 val_loss=0.4458 val_metric_name=roc_auc val_metric=0.8176
Step  900 | loss 0.3739 | val_acc=0.8040 val_roc_auc=0.8182 val_loss=0.4526 val_metric_name=roc_auc val_metric=0.8182
Step  950 | loss 0.3665 | val_acc=0.8037 val_roc_auc=0.8195 val_loss=0.4649 val_metric_name=roc_auc val_metric=0.8195
Step 1000 | loss 0.3681 | val_acc=0.8027 val_roc_auc=0.8196 val_loss=0.4975 val_metric_name=roc_auc val_metric=0.8196
Step 1050 | loss 0.3642 | val_acc=0.8027 val_roc_auc=0.8232 val_loss=0.4663 val_metric_name=roc_auc val_metric=0.8232
Step 1100 | loss 0.3640 | val_acc=0.8023 val_roc_auc=0.8234 val_loss=0.4735 val_metric_name=roc_auc val_metric=0.8234
Step 1150 | loss 0.3602 | val_acc=0.8027 val_roc_auc=0.8242 val_loss=0.4801 val_metric_name=roc_auc val_metric=0.8242
Step 1200 | loss 0.3630 | val_acc=0.8037 val_roc_auc=0.8250 val_loss=0.4875 val_metric_name=roc_auc val_metric=0.8250
Step 1250 | loss 0.3583 | val_acc=0.8030 val_roc_auc=0.8242 val_loss=0.5151 val_metric_name=roc_auc val_metric=0.8242
Step 1300 | loss 0.3582 | val_acc=0.8040 val_roc_auc=0.8254 val_loss=0.5136 val_metric_name=roc_auc val_metric=0.8254
Step 1350 | loss 0.3569 | val_acc=0.8061 val_roc_auc=0.8265 val_loss=0.4974 val_metric_name=roc_auc val_metric=0.8265
Step 1400 | loss 0.3515 | val_acc=0.8061 val_roc_auc=0.8290 val_loss=0.4910 val_metric_name=roc_auc val_metric=0.8290
Step 1450 | loss 0.3543 | val_acc=0.8047 val_roc_auc=0.8273 val_loss=0.5210 val_metric_name=roc_auc val_metric=0.8273
Step 1500 | loss 0.3522 | val_acc=0.8050 val_roc_auc=0.8274 val_loss=0.5167 val_metric_name=roc_auc val_metric=0.8274
Step 1550 | loss 0.3513 | val_acc=0.8071 val_roc_auc=0.8294 val_loss=0.5041 val_metric_name=roc_auc val_metric=0.8294
Step 1600 | loss 0.3461 | val_acc=0.8054 val_roc_auc=0.8272 val_loss=0.5297 val_metric_name=roc_auc val_metric=0.8272
Step 1650 | loss 0.3516 | val_acc=0.8074 val_roc_auc=0.8299 val_loss=0.5061 val_metric_name=roc_auc val_metric=0.8299
Step 1700 | loss 0.3493 | val_acc=0.8071 val_roc_auc=0.8268 val_loss=0.5558 val_metric_name=roc_auc val_metric=0.8268
Step 1750 | loss 0.3461 | val_acc=0.8071 val_roc_auc=0.8287 val_loss=0.5422 val_metric_name=roc_auc val_metric=0.8287
Step 1800 | loss 0.3444 | val_acc=0.8071 val_roc_auc=0.8291 val_loss=0.5408 val_metric_name=roc_auc val_metric=0.8291
Step 1850 | loss 0.3462 | val_acc=0.8078 val_roc_auc=0.8286 val_loss=0.5415 val_metric_name=roc_auc val_metric=0.8286
Step 1900 | loss 0.3433 | val_acc=0.8078 val_roc_auc=0.8293 val_loss=0.5407 val_metric_name=roc_auc val_metric=0.8293
Step 1950 | loss 0.3422 | val_acc=0.8071 val_roc_auc=0.8285 val_loss=0.5573 val_metric_name=roc_auc val_metric=0.8285
Step 2000 | loss 0.3399 | val_acc=0.8088 val_roc_auc=0.8298 val_loss=0.5430 val_metric_name=roc_auc val_metric=0.8298
Step 2050 | loss 0.3405 | val_acc=0.8098 val_roc_auc=0.8299 val_loss=0.5402 val_metric_name=roc_auc val_metric=0.8299
Step 2100 | loss 0.3378 | val_acc=0.8098 val_roc_auc=0.8329 val_loss=0.5102 val_metric_name=roc_auc val_metric=0.8329
Step 2150 | loss 0.3400 | val_acc=0.8098 val_roc_auc=0.8340 val_loss=0.4999 val_metric_name=roc_auc val_metric=0.8340
Step 2200 | loss 0.3359 | val_acc=0.8108 val_roc_auc=0.8342 val_loss=0.5122 val_metric_name=roc_auc val_metric=0.8342
Step 2250 | loss 0.3368 | val_acc=0.8074 val_roc_auc=0.8346 val_loss=0.5087 val_metric_name=roc_auc val_metric=0.8346
Step 2300 | loss 0.3366 | val_acc=0.8084 val_roc_auc=0.8329 val_loss=0.5313 val_metric_name=roc_auc val_metric=0.8329
Step 2350 | loss 0.3383 | val_acc=0.8081 val_roc_auc=0.8318 val_loss=0.5369 val_metric_name=roc_auc val_metric=0.8318
Step 2400 | loss 0.3335 | val_acc=0.8088 val_roc_auc=0.8324 val_loss=0.5385 val_metric_name=roc_auc val_metric=0.8324
Step 2450 | loss 0.3323 | val_acc=0.8074 val_roc_auc=0.8334 val_loss=0.5269 val_metric_name=roc_auc val_metric=0.8334
Step 2500 | loss 0.3314 | val_acc=0.8091 val_roc_auc=0.8332 val_loss=0.5204 val_metric_name=roc_auc val_metric=0.8332
Step 2550 | loss 0.3346 | val_acc=0.8088 val_roc_auc=0.8324 val_loss=0.5251 val_metric_name=roc_auc val_metric=0.8324
Step 2600 | loss 0.3257 | val_acc=0.8064 val_roc_auc=0.8340 val_loss=0.5192 val_metric_name=roc_auc val_metric=0.8340
Step 2650 | loss 0.3304 | val_acc=0.8071 val_roc_auc=0.8335 val_loss=0.5250 val_metric_name=roc_auc val_metric=0.8335
Step 2700 | loss 0.3277 | val_acc=0.8078 val_roc_auc=0.8329 val_loss=0.5266 val_metric_name=roc_auc val_metric=0.8329
Step 2750 | loss 0.3264 | val_acc=0.8091 val_roc_auc=0.8341 val_loss=0.5202 val_metric_name=roc_auc val_metric=0.8341
Step 2800 | loss 0.3256 | val_acc=0.8101 val_roc_auc=0.8343 val_loss=0.5203 val_metric_name=roc_auc val_metric=0.8343
Step 2850 | loss 0.3261 | val_acc=0.8088 val_roc_auc=0.8337 val_loss=0.5268 val_metric_name=roc_auc val_metric=0.8337
Step 2900 | loss 0.3286 | val_acc=0.8084 val_roc_auc=0.8351 val_loss=0.4997 val_metric_name=roc_auc val_metric=0.8351
Step 2950 | loss 0.3251 | val_acc=0.8071 val_roc_auc=0.8349 val_loss=0.5064 val_metric_name=roc_auc val_metric=0.8349
Step 3000 | loss 0.3264 | val_acc=0.8078 val_roc_auc=0.8340 val_loss=0.5145 val_metric_name=roc_auc val_metric=0.8340
Step 3050 | loss 0.3217 | val_acc=0.8078 val_roc_auc=0.8342 val_loss=0.5078 val_metric_name=roc_auc val_metric=0.8342
Step 3100 | loss 0.3228 | val_acc=0.8091 val_roc_auc=0.8347 val_loss=0.4976 val_metric_name=roc_auc val_metric=0.8347
Step 3150 | loss 0.3217 | val_acc=0.8084 val_roc_auc=0.8347 val_loss=0.5025 val_metric_name=roc_auc val_metric=0.8347
Step 3200 | loss 0.3168 | val_acc=0.8074 val_roc_auc=0.8343 val_loss=0.5122 val_metric_name=roc_auc val_metric=0.8343
Step 3250 | loss 0.3194 | val_acc=0.8091 val_roc_auc=0.8344 val_loss=0.5056 val_metric_name=roc_auc val_metric=0.8344
Step 3300 | loss 0.3236 | val_acc=0.8101 val_roc_auc=0.8344 val_loss=0.4987 val_metric_name=roc_auc val_metric=0.8344
Early stopping at step 3305

--- Final (best ckpt @ step 2940) ---
  train_acc=0.8370 train_roc_auc=0.8877 train_loss=0.3851 train_metric_name=roc_auc train_metric=0.8877
  val_acc=0.8078 val_roc_auc=0.8362 val_loss=0.4885 val_metric_name=roc_auc val_metric=0.8362
  test_acc=0.8235 test_roc_auc=0.8606 test_loss=0.4535 test_metric_name=roc_auc test_metric=0.8606
  test_roc_auc=0.8606

============================================================
Training tolokers TAG 5L h=512 lr=3e-05 split=4
============================================================
Training for 5000 steps
Step    1 | loss 0.7519 | val_acc=0.7819 val_roc_auc=0.5139 val_loss=0.5308 val_metric_name=roc_auc val_metric=0.5139
Step   50 | loss 0.4397 | val_acc=0.7850 val_roc_auc=0.7774 val_loss=0.4390 val_metric_name=roc_auc val_metric=0.7774
Step  100 | loss 0.4076 | val_acc=0.7952 val_roc_auc=0.8012 val_loss=0.4244 val_metric_name=roc_auc val_metric=0.8012
Step  150 | loss 0.3924 | val_acc=0.7989 val_roc_auc=0.8083 val_loss=0.4234 val_metric_name=roc_auc val_metric=0.8083
Step  200 | loss 0.3802 | val_acc=0.7962 val_roc_auc=0.8115 val_loss=0.4264 val_metric_name=roc_auc val_metric=0.8115
Step  250 | loss 0.3765 | val_acc=0.8020 val_roc_auc=0.8146 val_loss=0.4249 val_metric_name=roc_auc val_metric=0.8146
Step  300 | loss 0.3682 | val_acc=0.8033 val_roc_auc=0.8185 val_loss=0.4581 val_metric_name=roc_auc val_metric=0.8185
Step  350 | loss 0.3654 | val_acc=0.8054 val_roc_auc=0.8238 val_loss=0.4651 val_metric_name=roc_auc val_metric=0.8238
Step  400 | loss 0.3593 | val_acc=0.8115 val_roc_auc=0.8262 val_loss=0.4561 val_metric_name=roc_auc val_metric=0.8262
Step  450 | loss 0.3518 | val_acc=0.8166 val_roc_auc=0.8300 val_loss=0.4393 val_metric_name=roc_auc val_metric=0.8300
Step  500 | loss 0.3510 | val_acc=0.8173 val_roc_auc=0.8310 val_loss=0.4456 val_metric_name=roc_auc val_metric=0.8310
Step  550 | loss 0.3483 | val_acc=0.8132 val_roc_auc=0.8336 val_loss=0.4493 val_metric_name=roc_auc val_metric=0.8336
Step  600 | loss 0.3423 | val_acc=0.8156 val_roc_auc=0.8364 val_loss=0.4461 val_metric_name=roc_auc val_metric=0.8364
Step  650 | loss 0.3385 | val_acc=0.8118 val_roc_auc=0.8334 val_loss=0.4818 val_metric_name=roc_auc val_metric=0.8334
Step  700 | loss 0.3369 | val_acc=0.8159 val_roc_auc=0.8358 val_loss=0.4611 val_metric_name=roc_auc val_metric=0.8358
Step  750 | loss 0.3340 | val_acc=0.8095 val_roc_auc=0.8345 val_loss=0.4920 val_metric_name=roc_auc val_metric=0.8345
Step  800 | loss 0.3284 | val_acc=0.8163 val_roc_auc=0.8355 val_loss=0.4652 val_metric_name=roc_auc val_metric=0.8355
Step  850 | loss 0.3236 | val_acc=0.8115 val_roc_auc=0.8348 val_loss=0.4813 val_metric_name=roc_auc val_metric=0.8348
Step  900 | loss 0.3224 | val_acc=0.8159 val_roc_auc=0.8343 val_loss=0.4841 val_metric_name=roc_auc val_metric=0.8343
Step  950 | loss 0.3154 | val_acc=0.8146 val_roc_auc=0.8349 val_loss=0.4672 val_metric_name=roc_auc val_metric=0.8349
Step 1000 | loss 0.3148 | val_acc=0.8115 val_roc_auc=0.8339 val_loss=0.4733 val_metric_name=roc_auc val_metric=0.8339
Step 1050 | loss 0.3089 | val_acc=0.8088 val_roc_auc=0.8332 val_loss=0.4880 val_metric_name=roc_auc val_metric=0.8332
Step 1100 | loss 0.3108 | val_acc=0.8122 val_roc_auc=0.8318 val_loss=0.4757 val_metric_name=roc_auc val_metric=0.8318
Early stopping at step 1146

--- Final (best ckpt @ step 720) ---
  train_acc=0.8391 train_roc_auc=0.8870 train_loss=0.3682 train_metric_name=roc_auc train_metric=0.8870
  val_acc=0.8142 val_roc_auc=0.8368 val_loss=0.4600 val_metric_name=roc_auc val_metric=0.8368
  test_acc=0.8245 test_roc_auc=0.8575 test_loss=0.4353 test_metric_name=roc_auc test_metric=0.8575
  test_roc_auc=0.8575

============================================================
Training tolokers TAG 5L h=512 lr=6e-05 split=4
============================================================
Training for 5000 steps
Step    1 | loss 0.7519 | val_acc=0.7819 val_roc_auc=0.4643 val_loss=0.6653 val_metric_name=roc_auc val_metric=0.4643
Step   50 | loss 0.4295 | val_acc=0.7884 val_roc_auc=0.7838 val_loss=0.4297 val_metric_name=roc_auc val_metric=0.7838
Step  100 | loss 0.3923 | val_acc=0.7979 val_roc_auc=0.8067 val_loss=0.4294 val_metric_name=roc_auc val_metric=0.8067
Step  150 | loss 0.3871 | val_acc=0.7982 val_roc_auc=0.8134 val_loss=0.4215 val_metric_name=roc_auc val_metric=0.8134
Step  200 | loss 0.3680 | val_acc=0.8054 val_roc_auc=0.8161 val_loss=0.4172 val_metric_name=roc_auc val_metric=0.8161
Step  250 | loss 0.3627 | val_acc=0.8074 val_roc_auc=0.8284 val_loss=0.4289 val_metric_name=roc_auc val_metric=0.8284
Step  300 | loss 0.3511 | val_acc=0.8163 val_roc_auc=0.8325 val_loss=0.4373 val_metric_name=roc_auc val_metric=0.8325
Step  350 | loss 0.3423 | val_acc=0.8139 val_roc_auc=0.8351 val_loss=0.4471 val_metric_name=roc_auc val_metric=0.8351
Step  400 | loss 0.3382 | val_acc=0.8129 val_roc_auc=0.8366 val_loss=0.4287 val_metric_name=roc_auc val_metric=0.8366
Step  450 | loss 0.3301 | val_acc=0.8163 val_roc_auc=0.8361 val_loss=0.4415 val_metric_name=roc_auc val_metric=0.8361
Step  500 | loss 0.3290 | val_acc=0.8169 val_roc_auc=0.8363 val_loss=0.4450 val_metric_name=roc_auc val_metric=0.8363
Step  550 | loss 0.3212 | val_acc=0.8078 val_roc_auc=0.8343 val_loss=0.4511 val_metric_name=roc_auc val_metric=0.8343
Step  600 | loss 0.3155 | val_acc=0.8122 val_roc_auc=0.8346 val_loss=0.4797 val_metric_name=roc_auc val_metric=0.8346
Step  650 | loss 0.3089 | val_acc=0.8122 val_roc_auc=0.8300 val_loss=0.4709 val_metric_name=roc_auc val_metric=0.8300
Step  700 | loss 0.3048 | val_acc=0.8105 val_roc_auc=0.8310 val_loss=0.4709 val_metric_name=roc_auc val_metric=0.8310
Step  750 | loss 0.2983 | val_acc=0.8091 val_roc_auc=0.8212 val_loss=0.4760 val_metric_name=roc_auc val_metric=0.8212
Step  800 | loss 0.2896 | val_acc=0.8091 val_roc_auc=0.8267 val_loss=0.4938 val_metric_name=roc_auc val_metric=0.8267
Step  850 | loss 0.2813 | val_acc=0.8088 val_roc_auc=0.8211 val_loss=0.5215 val_metric_name=roc_auc val_metric=0.8211
Early stopping at step 860

--- Final (best ckpt @ step 560) ---
  train_acc=0.8556 train_roc_auc=0.9018 train_loss=0.3124 train_metric_name=roc_auc train_metric=0.9018
  val_acc=0.8146 val_roc_auc=0.8384 val_loss=0.4343 val_metric_name=roc_auc val_metric=0.8384
  test_acc=0.8252 test_roc_auc=0.8618 test_loss=0.3992 test_metric_name=roc_auc test_metric=0.8618
  test_roc_auc=0.8618

============================================================
Training tolokers TAG 5L h=512 lr=0.0001 split=4
============================================================
Training for 5000 steps
Step    1 | loss 0.7519 | val_acc=0.7819 val_roc_auc=0.4488 val_loss=0.9459 val_metric_name=roc_auc val_metric=0.4488
Step   50 | loss 0.4304 | val_acc=0.7884 val_roc_auc=0.7805 val_loss=0.4361 val_metric_name=roc_auc val_metric=0.7805
Step  100 | loss 0.3889 | val_acc=0.7948 val_roc_auc=0.8061 val_loss=0.4290 val_metric_name=roc_auc val_metric=0.8061
Step  150 | loss 0.3750 | val_acc=0.7986 val_roc_auc=0.8161 val_loss=0.4342 val_metric_name=roc_auc val_metric=0.8161
Step  200 | loss 0.3656 | val_acc=0.8105 val_roc_auc=0.8193 val_loss=0.4173 val_metric_name=roc_auc val_metric=0.8193
Step  250 | loss 0.3510 | val_acc=0.8112 val_roc_auc=0.8326 val_loss=0.4380 val_metric_name=roc_auc val_metric=0.8326
Step  300 | loss 0.3407 | val_acc=0.8129 val_roc_auc=0.8358 val_loss=0.4312 val_metric_name=roc_auc val_metric=0.8358
Step  350 | loss 0.3322 | val_acc=0.8122 val_roc_auc=0.8358 val_loss=0.4331 val_metric_name=roc_auc val_metric=0.8358
Step  400 | loss 0.3248 | val_acc=0.8081 val_roc_auc=0.8363 val_loss=0.4351 val_metric_name=roc_auc val_metric=0.8363
Step  450 | loss 0.3155 | val_acc=0.8098 val_roc_auc=0.8353 val_loss=0.4383 val_metric_name=roc_auc val_metric=0.8353
Step  500 | loss 0.3095 | val_acc=0.8088 val_roc_auc=0.8322 val_loss=0.4566 val_metric_name=roc_auc val_metric=0.8322
Step  550 | loss 0.2952 | val_acc=0.8129 val_roc_auc=0.8277 val_loss=0.4755 val_metric_name=roc_auc val_metric=0.8277
Step  600 | loss 0.2856 | val_acc=0.8081 val_roc_auc=0.8272 val_loss=0.5166 val_metric_name=roc_auc val_metric=0.8272
Step  650 | loss 0.2905 | val_acc=0.7999 val_roc_auc=0.8142 val_loss=0.4925 val_metric_name=roc_auc val_metric=0.8142
Early stopping at step 680

--- Final (best ckpt @ step 380) ---
  train_acc=0.8466 train_roc_auc=0.8955 train_loss=0.3298 train_metric_name=roc_auc train_metric=0.8955
  val_acc=0.8149 val_roc_auc=0.8372 val_loss=0.4337 val_metric_name=roc_auc val_metric=0.8372
  test_acc=0.8269 test_roc_auc=0.8616 test_loss=0.4025 test_metric_name=roc_auc test_metric=0.8616
  test_roc_auc=0.8616

============================================================
Training tolokers TAG 5L h=512 lr=1e-05 split=4
============================================================
Training for 5000 steps
Step    1 | loss 0.7519 | val_acc=0.7584 val_roc_auc=0.6035 val_loss=0.6308 val_metric_name=roc_auc val_metric=0.6035
Step   50 | loss 0.4614 | val_acc=0.7846 val_roc_auc=0.7560 val_loss=0.4601 val_metric_name=roc_auc val_metric=0.7560
Step  100 | loss 0.4377 | val_acc=0.7863 val_roc_auc=0.7791 val_loss=0.4450 val_metric_name=roc_auc val_metric=0.7791
Step  150 | loss 0.4230 | val_acc=0.7911 val_roc_auc=0.7909 val_loss=0.4329 val_metric_name=roc_auc val_metric=0.7909
Step  200 | loss 0.4083 | val_acc=0.7941 val_roc_auc=0.8006 val_loss=0.4281 val_metric_name=roc_auc val_metric=0.8006
Step  250 | loss 0.4022 | val_acc=0.7962 val_roc_auc=0.8071 val_loss=0.4267 val_metric_name=roc_auc val_metric=0.8071
Step  300 | loss 0.3925 | val_acc=0.7965 val_roc_auc=0.8089 val_loss=0.4276 val_metric_name=roc_auc val_metric=0.8089
Step  350 | loss 0.3887 | val_acc=0.7969 val_roc_auc=0.8099 val_loss=0.4283 val_metric_name=roc_auc val_metric=0.8099
Step  400 | loss 0.3864 | val_acc=0.7993 val_roc_auc=0.8107 val_loss=0.4346 val_metric_name=roc_auc val_metric=0.8107
Step  450 | loss 0.3817 | val_acc=0.7972 val_roc_auc=0.8121 val_loss=0.4295 val_metric_name=roc_auc val_metric=0.8121
Step  500 | loss 0.3806 | val_acc=0.7996 val_roc_auc=0.8129 val_loss=0.4300 val_metric_name=roc_auc val_metric=0.8129
Step  550 | loss 0.3788 | val_acc=0.8027 val_roc_auc=0.8142 val_loss=0.4445 val_metric_name=roc_auc val_metric=0.8142
Step  600 | loss 0.3730 | val_acc=0.8054 val_roc_auc=0.8156 val_loss=0.4425 val_metric_name=roc_auc val_metric=0.8156
Step  650 | loss 0.3693 | val_acc=0.8071 val_roc_auc=0.8166 val_loss=0.4442 val_metric_name=roc_auc val_metric=0.8166
Step  700 | loss 0.3689 | val_acc=0.8084 val_roc_auc=0.8185 val_loss=0.4522 val_metric_name=roc_auc val_metric=0.8185
Step  750 | loss 0.3669 | val_acc=0.8067 val_roc_auc=0.8193 val_loss=0.4740 val_metric_name=roc_auc val_metric=0.8193
Step  800 | loss 0.3617 | val_acc=0.8098 val_roc_auc=0.8216 val_loss=0.4476 val_metric_name=roc_auc val_metric=0.8216
Step  850 | loss 0.3596 | val_acc=0.8084 val_roc_auc=0.8215 val_loss=0.4824 val_metric_name=roc_auc val_metric=0.8215
Step  900 | loss 0.3625 | val_acc=0.8044 val_roc_auc=0.8204 val_loss=0.5252 val_metric_name=roc_auc val_metric=0.8204
Step  950 | loss 0.3577 | val_acc=0.8101 val_roc_auc=0.8245 val_loss=0.4747 val_metric_name=roc_auc val_metric=0.8245
Step 1000 | loss 0.3545 | val_acc=0.8074 val_roc_auc=0.8213 val_loss=0.5233 val_metric_name=roc_auc val_metric=0.8213
Step 1050 | loss 0.3536 | val_acc=0.8095 val_roc_auc=0.8249 val_loss=0.4898 val_metric_name=roc_auc val_metric=0.8249
Step 1100 | loss 0.3521 | val_acc=0.8057 val_roc_auc=0.8232 val_loss=0.5267 val_metric_name=roc_auc val_metric=0.8232
Step 1150 | loss 0.3477 | val_acc=0.8050 val_roc_auc=0.8243 val_loss=0.5209 val_metric_name=roc_auc val_metric=0.8243
Step 1200 | loss 0.3489 | val_acc=0.8047 val_roc_auc=0.8274 val_loss=0.5240 val_metric_name=roc_auc val_metric=0.8274
Step 1250 | loss 0.3480 | val_acc=0.8091 val_roc_auc=0.8282 val_loss=0.4992 val_metric_name=roc_auc val_metric=0.8282
Step 1300 | loss 0.3456 | val_acc=0.8071 val_roc_auc=0.8256 val_loss=0.5281 val_metric_name=roc_auc val_metric=0.8256
Step 1350 | loss 0.3456 | val_acc=0.8098 val_roc_auc=0.8307 val_loss=0.4878 val_metric_name=roc_auc val_metric=0.8307
Step 1400 | loss 0.3463 | val_acc=0.8067 val_roc_auc=0.8288 val_loss=0.5234 val_metric_name=roc_auc val_metric=0.8288
Step 1450 | loss 0.3406 | val_acc=0.8088 val_roc_auc=0.8297 val_loss=0.5156 val_metric_name=roc_auc val_metric=0.8297
Step 1500 | loss 0.3387 | val_acc=0.8067 val_roc_auc=0.8269 val_loss=0.5445 val_metric_name=roc_auc val_metric=0.8269
Step 1550 | loss 0.3360 | val_acc=0.8122 val_roc_auc=0.8327 val_loss=0.4755 val_metric_name=roc_auc val_metric=0.8327
Step 1600 | loss 0.3349 | val_acc=0.8078 val_roc_auc=0.8294 val_loss=0.5377 val_metric_name=roc_auc val_metric=0.8294
Step 1650 | loss 0.3381 | val_acc=0.8101 val_roc_auc=0.8317 val_loss=0.5092 val_metric_name=roc_auc val_metric=0.8317
Step 1700 | loss 0.3358 | val_acc=0.8105 val_roc_auc=0.8311 val_loss=0.5150 val_metric_name=roc_auc val_metric=0.8311
Step 1750 | loss 0.3365 | val_acc=0.8108 val_roc_auc=0.8325 val_loss=0.5035 val_metric_name=roc_auc val_metric=0.8325
Step 1800 | loss 0.3369 | val_acc=0.8098 val_roc_auc=0.8323 val_loss=0.5243 val_metric_name=roc_auc val_metric=0.8323
Step 1850 | loss 0.3309 | val_acc=0.8091 val_roc_auc=0.8331 val_loss=0.5008 val_metric_name=roc_auc val_metric=0.8331
Step 1900 | loss 0.3301 | val_acc=0.8101 val_roc_auc=0.8325 val_loss=0.5187 val_metric_name=roc_auc val_metric=0.8325
Step 1950 | loss 0.3296 | val_acc=0.8081 val_roc_auc=0.8308 val_loss=0.5378 val_metric_name=roc_auc val_metric=0.8308
Step 2000 | loss 0.3321 | val_acc=0.8098 val_roc_auc=0.8320 val_loss=0.5270 val_metric_name=roc_auc val_metric=0.8320
Step 2050 | loss 0.3267 | val_acc=0.8088 val_roc_auc=0.8328 val_loss=0.5179 val_metric_name=roc_auc val_metric=0.8328
Step 2100 | loss 0.3256 | val_acc=0.8112 val_roc_auc=0.8309 val_loss=0.5434 val_metric_name=roc_auc val_metric=0.8309
Early stopping at step 2134

--- Final (best ckpt @ step 1820) ---
  train_acc=0.8376 train_roc_auc=0.8815 train_loss=0.4019 train_metric_name=roc_auc train_metric=0.8815
  val_acc=0.8101 val_roc_auc=0.8346 val_loss=0.4916 val_metric_name=roc_auc val_metric=0.8346
  test_acc=0.8201 test_roc_auc=0.8562 test_loss=0.4673 test_metric_name=roc_auc test_metric=0.8562
  test_roc_auc=0.8562
  >> num_layers=5 hidden_dim=256 lr=3e-05 best_step=1080 val_roc_auc=0.8407 test_roc_auc=0.8628
     val_acc=0.8146 val_loss=0.4163 val_metric=0.8407 val_metric_name=roc_auc val_roc_auc=0.8407
     test_acc=0.8255 test_loss=0.3949 test_metric=0.8628 test_metric_name=roc_auc test_roc_auc=0.8628
  >> num_layers=5 hidden_dim=256 lr=6e-05 best_step=820 val_roc_auc=0.8427 test_roc_auc=0.8621
     val_acc=0.8159 val_loss=0.4233 val_metric=0.8427 val_metric_name=roc_auc val_roc_auc=0.8427
     test_acc=0.8259 test_loss=0.4040 test_metric=0.8621 test_metric_name=roc_auc test_roc_auc=0.8621
  >> num_layers=5 hidden_dim=256 lr=0.0001 best_step=550 val_roc_auc=0.8420 test_roc_auc=0.8633
     val_acc=0.8180 val_loss=0.4212 val_metric=0.8420 val_metric_name=roc_auc val_roc_auc=0.8420
     test_acc=0.8245 test_loss=0.3972 test_metric=0.8633 test_metric_name=roc_auc test_roc_auc=0.8633
  >> num_layers=5 hidden_dim=256 lr=1e-05 best_step=3400 val_roc_auc=0.8400 test_roc_auc=0.8596
     val_acc=0.8125 val_loss=0.4541 val_metric=0.8400 val_metric_name=roc_auc val_roc_auc=0.8400
     test_acc=0.8241 test_loss=0.4348 test_metric=0.8596 test_metric_name=roc_auc test_roc_auc=0.8596
  >> num_layers=5 hidden_dim=384 lr=3e-05 best_step=960 val_roc_auc=0.8373 test_roc_auc=0.8606
     val_acc=0.8118 val_loss=0.4682 val_metric=0.8373 val_metric_name=roc_auc val_roc_auc=0.8373
     test_acc=0.8241 test_loss=0.4395 test_metric=0.8606 test_metric_name=roc_auc test_roc_auc=0.8606
  >> num_layers=5 hidden_dim=384 lr=6e-05 best_step=570 val_roc_auc=0.8387 test_roc_auc=0.8624
     val_acc=0.8159 val_loss=0.4287 val_metric=0.8387 val_metric_name=roc_auc val_roc_auc=0.8387
     test_acc=0.8289 test_loss=0.3989 test_metric=0.8624 test_metric_name=roc_auc test_roc_auc=0.8624
  >> num_layers=5 hidden_dim=384 lr=0.0001 best_step=400 val_roc_auc=0.8379 test_roc_auc=0.8620
     val_acc=0.8129 val_loss=0.4362 val_metric=0.8379 val_metric_name=roc_auc val_roc_auc=0.8379
     test_acc=0.8279 test_loss=0.4072 test_metric=0.8620 test_metric_name=roc_auc test_roc_auc=0.8620
  >> num_layers=5 hidden_dim=384 lr=1e-05 best_step=2940 val_roc_auc=0.8362 test_roc_auc=0.8606
     val_acc=0.8078 val_loss=0.4885 val_metric=0.8362 val_metric_name=roc_auc val_roc_auc=0.8362
     test_acc=0.8235 test_loss=0.4535 test_metric=0.8606 test_metric_name=roc_auc test_roc_auc=0.8606
  >> num_layers=5 hidden_dim=512 lr=3e-05 best_step=720 val_roc_auc=0.8368 test_roc_auc=0.8575
     val_acc=0.8142 val_loss=0.4600 val_metric=0.8368 val_metric_name=roc_auc val_roc_auc=0.8368
     test_acc=0.8245 test_loss=0.4353 test_metric=0.8575 test_metric_name=roc_auc test_roc_auc=0.8575
  >> num_layers=5 hidden_dim=512 lr=6e-05 best_step=560 val_roc_auc=0.8384 test_roc_auc=0.8618
     val_acc=0.8146 val_loss=0.4343 val_metric=0.8384 val_metric_name=roc_auc val_roc_auc=0.8384
     test_acc=0.8252 test_loss=0.3992 test_metric=0.8618 test_metric_name=roc_auc test_roc_auc=0.8618
  >> num_layers=5 hidden_dim=512 lr=0.0001 best_step=380 val_roc_auc=0.8372 test_roc_auc=0.8616
     val_acc=0.8149 val_loss=0.4337 val_metric=0.8372 val_metric_name=roc_auc val_roc_auc=0.8372
     test_acc=0.8269 test_loss=0.4025 test_metric=0.8616 test_metric_name=roc_auc test_roc_auc=0.8616
  >> num_layers=5 hidden_dim=512 lr=1e-05 best_step=1820 val_roc_auc=0.8346 test_roc_auc=0.8562
     val_acc=0.8101 val_loss=0.4916 val_metric=0.8346 val_metric_name=roc_auc val_roc_auc=0.8346
     test_acc=0.8201 test_loss=0.4673 test_metric=0.8562 test_metric_name=roc_auc test_roc_auc=0.8562
  >> selected best (by val): num_layers=5 hidden_dim=256 lr=6e-05 val_roc_auc=0.8427 test_roc_auc=0.8621
     val_acc=0.8159 val_loss=0.4233 val_metric=0.8427 val_metric_name=roc_auc val_roc_auc=0.8427
     test_acc=0.8259 test_loss=0.4040 test_metric=0.8621 test_metric_name=roc_auc test_roc_auc=0.8621

Done. Results saved to /home/avshmelev/diploma_yandex_graphs/results_grid/tolokers/base.csv, checkpoints in /home/avshmelev/diploma_yandex_graphs/all_checkpoints/tolokers/base/
Skipping: "Done." found in /home/avshmelev/diploma_yandex_graphs/results_grid/tolokers/logs_base/TAG_5L_split4.log
