Loading data...

============================================================
Training tolokers TAG 4L h=256 lr=3e-05 split=1
============================================================
Training for 5000 steps
Step    1 | loss 0.7938 | val_acc=0.5179 val_roc_auc=0.6822 val_loss=0.6876 val_metric_name=roc_auc val_metric=0.6822
Step   50 | loss 0.4615 | val_acc=0.7928 val_roc_auc=0.7672 val_loss=0.4463 val_metric_name=roc_auc val_metric=0.7672
Step  100 | loss 0.4402 | val_acc=0.7955 val_roc_auc=0.7965 val_loss=0.4284 val_metric_name=roc_auc val_metric=0.7965
Step  150 | loss 0.4231 | val_acc=0.8010 val_roc_auc=0.8107 val_loss=0.4140 val_metric_name=roc_auc val_metric=0.8107
Step  200 | loss 0.4129 | val_acc=0.7999 val_roc_auc=0.8231 val_loss=0.4084 val_metric_name=roc_auc val_metric=0.8231
Step  250 | loss 0.4075 | val_acc=0.8010 val_roc_auc=0.8289 val_loss=0.4073 val_metric_name=roc_auc val_metric=0.8289
Step  300 | loss 0.4000 | val_acc=0.8074 val_roc_auc=0.8302 val_loss=0.4031 val_metric_name=roc_auc val_metric=0.8302
Step  350 | loss 0.3952 | val_acc=0.8091 val_roc_auc=0.8314 val_loss=0.4062 val_metric_name=roc_auc val_metric=0.8314
Step  400 | loss 0.3909 | val_acc=0.8142 val_roc_auc=0.8332 val_loss=0.3993 val_metric_name=roc_auc val_metric=0.8332
Step  450 | loss 0.3858 | val_acc=0.8149 val_roc_auc=0.8355 val_loss=0.3988 val_metric_name=roc_auc val_metric=0.8355
Step  500 | loss 0.3842 | val_acc=0.8118 val_roc_auc=0.8368 val_loss=0.4036 val_metric_name=roc_auc val_metric=0.8368
Step  550 | loss 0.3828 | val_acc=0.8115 val_roc_auc=0.8373 val_loss=0.3900 val_metric_name=roc_auc val_metric=0.8373
Step  600 | loss 0.3795 | val_acc=0.8169 val_roc_auc=0.8421 val_loss=0.3930 val_metric_name=roc_auc val_metric=0.8421
Step  650 | loss 0.3791 | val_acc=0.8214 val_roc_auc=0.8444 val_loss=0.3885 val_metric_name=roc_auc val_metric=0.8444
Step  700 | loss 0.3723 | val_acc=0.8135 val_roc_auc=0.8436 val_loss=0.4038 val_metric_name=roc_auc val_metric=0.8436
Step  750 | loss 0.3710 | val_acc=0.8190 val_roc_auc=0.8478 val_loss=0.3874 val_metric_name=roc_auc val_metric=0.8478
Step  800 | loss 0.3650 | val_acc=0.8142 val_roc_auc=0.8464 val_loss=0.4034 val_metric_name=roc_auc val_metric=0.8464
Step  850 | loss 0.3667 | val_acc=0.8176 val_roc_auc=0.8492 val_loss=0.3889 val_metric_name=roc_auc val_metric=0.8492
Step  900 | loss 0.3631 | val_acc=0.8176 val_roc_auc=0.8487 val_loss=0.3915 val_metric_name=roc_auc val_metric=0.8487
Step  950 | loss 0.3665 | val_acc=0.8176 val_roc_auc=0.8484 val_loss=0.4021 val_metric_name=roc_auc val_metric=0.8484
Step 1000 | loss 0.3616 | val_acc=0.8173 val_roc_auc=0.8497 val_loss=0.3893 val_metric_name=roc_auc val_metric=0.8497
Step 1050 | loss 0.3599 | val_acc=0.8217 val_roc_auc=0.8490 val_loss=0.3966 val_metric_name=roc_auc val_metric=0.8490
Step 1100 | loss 0.3603 | val_acc=0.8231 val_roc_auc=0.8499 val_loss=0.3955 val_metric_name=roc_auc val_metric=0.8499
Step 1150 | loss 0.3615 | val_acc=0.8217 val_roc_auc=0.8474 val_loss=0.4147 val_metric_name=roc_auc val_metric=0.8474
Step 1200 | loss 0.3552 | val_acc=0.8210 val_roc_auc=0.8476 val_loss=0.4108 val_metric_name=roc_auc val_metric=0.8476
Step 1250 | loss 0.3517 | val_acc=0.8220 val_roc_auc=0.8473 val_loss=0.4065 val_metric_name=roc_auc val_metric=0.8473
Step 1300 | loss 0.3549 | val_acc=0.8210 val_roc_auc=0.8473 val_loss=0.4065 val_metric_name=roc_auc val_metric=0.8473
Step 1350 | loss 0.3471 | val_acc=0.8193 val_roc_auc=0.8471 val_loss=0.4044 val_metric_name=roc_auc val_metric=0.8471
Step 1400 | loss 0.3494 | val_acc=0.8217 val_roc_auc=0.8475 val_loss=0.4060 val_metric_name=roc_auc val_metric=0.8475
Early stopping at step 1438

--- Final (best ckpt @ step 1020) ---
  train_acc=0.8285 train_roc_auc=0.8658 train_loss=0.3595 train_metric_name=roc_auc train_metric=0.8658
  val_acc=0.8231 val_roc_auc=0.8508 val_loss=0.3884 val_metric_name=roc_auc val_metric=0.8508
  test_acc=0.8184 test_roc_auc=0.8468 test_loss=0.3877 test_metric_name=roc_auc test_metric=0.8468
  test_roc_auc=0.8468

============================================================
Training tolokers TAG 4L h=256 lr=6e-05 split=1
============================================================
Training for 5000 steps
Step    1 | loss 0.7938 | val_acc=0.7533 val_roc_auc=0.6844 val_loss=0.5745 val_metric_name=roc_auc val_metric=0.6844
Step   50 | loss 0.4482 | val_acc=0.7945 val_roc_auc=0.7843 val_loss=0.4347 val_metric_name=roc_auc val_metric=0.7843
Step  100 | loss 0.4230 | val_acc=0.8013 val_roc_auc=0.8110 val_loss=0.4130 val_metric_name=roc_auc val_metric=0.8110
Step  150 | loss 0.4056 | val_acc=0.8013 val_roc_auc=0.8268 val_loss=0.4067 val_metric_name=roc_auc val_metric=0.8268
Step  200 | loss 0.3980 | val_acc=0.8057 val_roc_auc=0.8297 val_loss=0.4044 val_metric_name=roc_auc val_metric=0.8297
Step  250 | loss 0.3937 | val_acc=0.8129 val_roc_auc=0.8309 val_loss=0.3969 val_metric_name=roc_auc val_metric=0.8309
Step  300 | loss 0.3850 | val_acc=0.8122 val_roc_auc=0.8354 val_loss=0.3953 val_metric_name=roc_auc val_metric=0.8354
Step  350 | loss 0.3781 | val_acc=0.8176 val_roc_auc=0.8408 val_loss=0.3894 val_metric_name=roc_auc val_metric=0.8408
Step  400 | loss 0.3744 | val_acc=0.8169 val_roc_auc=0.8439 val_loss=0.3897 val_metric_name=roc_auc val_metric=0.8439
Step  450 | loss 0.3673 | val_acc=0.8149 val_roc_auc=0.8457 val_loss=0.4054 val_metric_name=roc_auc val_metric=0.8457
Step  500 | loss 0.3637 | val_acc=0.8207 val_roc_auc=0.8500 val_loss=0.3865 val_metric_name=roc_auc val_metric=0.8500
Step  550 | loss 0.3626 | val_acc=0.8203 val_roc_auc=0.8508 val_loss=0.3869 val_metric_name=roc_auc val_metric=0.8508
Step  600 | loss 0.3586 | val_acc=0.8176 val_roc_auc=0.8471 val_loss=0.3877 val_metric_name=roc_auc val_metric=0.8471
Step  650 | loss 0.3585 | val_acc=0.8251 val_roc_auc=0.8490 val_loss=0.3970 val_metric_name=roc_auc val_metric=0.8490
Step  700 | loss 0.3540 | val_acc=0.8231 val_roc_auc=0.8479 val_loss=0.4085 val_metric_name=roc_auc val_metric=0.8479
Step  750 | loss 0.3502 | val_acc=0.8224 val_roc_auc=0.8487 val_loss=0.4102 val_metric_name=roc_auc val_metric=0.8487
Step  800 | loss 0.3461 | val_acc=0.8183 val_roc_auc=0.8466 val_loss=0.4242 val_metric_name=roc_auc val_metric=0.8466
Step  850 | loss 0.3452 | val_acc=0.8203 val_roc_auc=0.8465 val_loss=0.4090 val_metric_name=roc_auc val_metric=0.8465
Step  900 | loss 0.3419 | val_acc=0.8210 val_roc_auc=0.8456 val_loss=0.4128 val_metric_name=roc_auc val_metric=0.8456
Early stopping at step 911

--- Final (best ckpt @ step 610) ---
  train_acc=0.8318 train_roc_auc=0.8689 train_loss=0.3546 train_metric_name=roc_auc train_metric=0.8689
  val_acc=0.8203 val_roc_auc=0.8520 val_loss=0.3848 val_metric_name=roc_auc val_metric=0.8520
  test_acc=0.8197 test_roc_auc=0.8484 test_loss=0.3837 test_metric_name=roc_auc test_metric=0.8484
  test_roc_auc=0.8484

============================================================
Training tolokers TAG 4L h=256 lr=0.0001 split=1
============================================================
Training for 5000 steps
Step    1 | loss 0.7938 | val_acc=0.7819 val_roc_auc=0.6589 val_loss=0.5070 val_metric_name=roc_auc val_metric=0.6589
Step   50 | loss 0.4406 | val_acc=0.7924 val_roc_auc=0.7915 val_loss=0.4256 val_metric_name=roc_auc val_metric=0.7915
Step  100 | loss 0.4118 | val_acc=0.7989 val_roc_auc=0.8220 val_loss=0.4095 val_metric_name=roc_auc val_metric=0.8220
Step  150 | loss 0.3970 | val_acc=0.8095 val_roc_auc=0.8303 val_loss=0.4005 val_metric_name=roc_auc val_metric=0.8303
Step  200 | loss 0.3890 | val_acc=0.8105 val_roc_auc=0.8349 val_loss=0.4047 val_metric_name=roc_auc val_metric=0.8349
Step  250 | loss 0.3829 | val_acc=0.8173 val_roc_auc=0.8409 val_loss=0.3927 val_metric_name=roc_auc val_metric=0.8409
Step  300 | loss 0.3728 | val_acc=0.8193 val_roc_auc=0.8468 val_loss=0.3915 val_metric_name=roc_auc val_metric=0.8468
Step  350 | loss 0.3646 | val_acc=0.8173 val_roc_auc=0.8488 val_loss=0.3809 val_metric_name=roc_auc val_metric=0.8488
Step  400 | loss 0.3611 | val_acc=0.8214 val_roc_auc=0.8502 val_loss=0.3953 val_metric_name=roc_auc val_metric=0.8502
Step  450 | loss 0.3561 | val_acc=0.8241 val_roc_auc=0.8510 val_loss=0.3887 val_metric_name=roc_auc val_metric=0.8510
Step  500 | loss 0.3478 | val_acc=0.8207 val_roc_auc=0.8493 val_loss=0.4019 val_metric_name=roc_auc val_metric=0.8493
Step  550 | loss 0.3478 | val_acc=0.8268 val_roc_auc=0.8499 val_loss=0.3978 val_metric_name=roc_auc val_metric=0.8499
Step  600 | loss 0.3404 | val_acc=0.8217 val_roc_auc=0.8458 val_loss=0.4220 val_metric_name=roc_auc val_metric=0.8458
Step  650 | loss 0.3394 | val_acc=0.8244 val_roc_auc=0.8466 val_loss=0.4160 val_metric_name=roc_auc val_metric=0.8466
Step  700 | loss 0.3342 | val_acc=0.8244 val_roc_auc=0.8447 val_loss=0.4156 val_metric_name=roc_auc val_metric=0.8447
Step  750 | loss 0.3342 | val_acc=0.8197 val_roc_auc=0.8459 val_loss=0.4123 val_metric_name=roc_auc val_metric=0.8459
Step  800 | loss 0.3253 | val_acc=0.8241 val_roc_auc=0.8424 val_loss=0.4345 val_metric_name=roc_auc val_metric=0.8424
Early stopping at step 803

--- Final (best ckpt @ step 380) ---
  train_acc=0.8287 train_roc_auc=0.8659 train_loss=0.3616 train_metric_name=roc_auc train_metric=0.8659
  val_acc=0.8220 val_roc_auc=0.8517 val_loss=0.3892 val_metric_name=roc_auc val_metric=0.8517
  test_acc=0.8201 test_roc_auc=0.8481 test_loss=0.3873 test_metric_name=roc_auc test_metric=0.8481
  test_roc_auc=0.8481

============================================================
Training tolokers TAG 4L h=256 lr=1e-05 split=1
============================================================
Training for 5000 steps
Step    1 | loss 0.7938 | val_acc=0.4488 val_roc_auc=0.6798 val_loss=0.7935 val_metric_name=roc_auc val_metric=0.6798
Step   50 | loss 0.4895 | val_acc=0.7880 val_roc_auc=0.7254 val_loss=0.4751 val_metric_name=roc_auc val_metric=0.7254
Step  100 | loss 0.4662 | val_acc=0.7918 val_roc_auc=0.7614 val_loss=0.4570 val_metric_name=roc_auc val_metric=0.7614
Step  150 | loss 0.4525 | val_acc=0.7921 val_roc_auc=0.7819 val_loss=0.4433 val_metric_name=roc_auc val_metric=0.7819
Step  200 | loss 0.4445 | val_acc=0.7911 val_roc_auc=0.7928 val_loss=0.4330 val_metric_name=roc_auc val_metric=0.7928
Step  250 | loss 0.4379 | val_acc=0.7972 val_roc_auc=0.8002 val_loss=0.4242 val_metric_name=roc_auc val_metric=0.8002
Step  300 | loss 0.4294 | val_acc=0.7979 val_roc_auc=0.8062 val_loss=0.4180 val_metric_name=roc_auc val_metric=0.8062
Step  350 | loss 0.4221 | val_acc=0.8016 val_roc_auc=0.8114 val_loss=0.4138 val_metric_name=roc_auc val_metric=0.8114
Step  400 | loss 0.4184 | val_acc=0.8027 val_roc_auc=0.8160 val_loss=0.4120 val_metric_name=roc_auc val_metric=0.8160
Step  450 | loss 0.4123 | val_acc=0.8023 val_roc_auc=0.8214 val_loss=0.4098 val_metric_name=roc_auc val_metric=0.8214
Step  500 | loss 0.4115 | val_acc=0.8030 val_roc_auc=0.8259 val_loss=0.4073 val_metric_name=roc_auc val_metric=0.8259
Step  550 | loss 0.4100 | val_acc=0.8027 val_roc_auc=0.8288 val_loss=0.4061 val_metric_name=roc_auc val_metric=0.8288
Step  600 | loss 0.4050 | val_acc=0.8037 val_roc_auc=0.8300 val_loss=0.4050 val_metric_name=roc_auc val_metric=0.8300
Step  650 | loss 0.4078 | val_acc=0.8057 val_roc_auc=0.8309 val_loss=0.4033 val_metric_name=roc_auc val_metric=0.8309
Step  700 | loss 0.4005 | val_acc=0.8040 val_roc_auc=0.8309 val_loss=0.4064 val_metric_name=roc_auc val_metric=0.8309
Step  750 | loss 0.4007 | val_acc=0.8074 val_roc_auc=0.8312 val_loss=0.4032 val_metric_name=roc_auc val_metric=0.8312
Step  800 | loss 0.3983 | val_acc=0.8118 val_roc_auc=0.8313 val_loss=0.4009 val_metric_name=roc_auc val_metric=0.8313
Step  850 | loss 0.3935 | val_acc=0.8146 val_roc_auc=0.8321 val_loss=0.4016 val_metric_name=roc_auc val_metric=0.8321
Step  900 | loss 0.3939 | val_acc=0.8142 val_roc_auc=0.8318 val_loss=0.4018 val_metric_name=roc_auc val_metric=0.8318
Step  950 | loss 0.3922 | val_acc=0.8152 val_roc_auc=0.8326 val_loss=0.4011 val_metric_name=roc_auc val_metric=0.8326
Step 1000 | loss 0.3924 | val_acc=0.8152 val_roc_auc=0.8337 val_loss=0.4026 val_metric_name=roc_auc val_metric=0.8337
Step 1050 | loss 0.3879 | val_acc=0.8149 val_roc_auc=0.8336 val_loss=0.4011 val_metric_name=roc_auc val_metric=0.8336
Step 1100 | loss 0.3900 | val_acc=0.8125 val_roc_auc=0.8349 val_loss=0.4005 val_metric_name=roc_auc val_metric=0.8349
Step 1150 | loss 0.3901 | val_acc=0.8118 val_roc_auc=0.8357 val_loss=0.3980 val_metric_name=roc_auc val_metric=0.8357
Step 1200 | loss 0.3874 | val_acc=0.8118 val_roc_auc=0.8368 val_loss=0.3983 val_metric_name=roc_auc val_metric=0.8368
Step 1250 | loss 0.3847 | val_acc=0.8132 val_roc_auc=0.8376 val_loss=0.3965 val_metric_name=roc_auc val_metric=0.8376
Step 1300 | loss 0.3840 | val_acc=0.8139 val_roc_auc=0.8388 val_loss=0.3962 val_metric_name=roc_auc val_metric=0.8388
Step 1350 | loss 0.3797 | val_acc=0.8169 val_roc_auc=0.8398 val_loss=0.3943 val_metric_name=roc_auc val_metric=0.8398
Step 1400 | loss 0.3786 | val_acc=0.8152 val_roc_auc=0.8408 val_loss=0.3949 val_metric_name=roc_auc val_metric=0.8408
Step 1450 | loss 0.3790 | val_acc=0.8152 val_roc_auc=0.8416 val_loss=0.3939 val_metric_name=roc_auc val_metric=0.8416
Step 1500 | loss 0.3803 | val_acc=0.8173 val_roc_auc=0.8422 val_loss=0.3949 val_metric_name=roc_auc val_metric=0.8422
Step 1550 | loss 0.3797 | val_acc=0.8173 val_roc_auc=0.8439 val_loss=0.3883 val_metric_name=roc_auc val_metric=0.8439
Step 1600 | loss 0.3799 | val_acc=0.8190 val_roc_auc=0.8447 val_loss=0.3909 val_metric_name=roc_auc val_metric=0.8447
Step 1650 | loss 0.3730 | val_acc=0.8180 val_roc_auc=0.8453 val_loss=0.3909 val_metric_name=roc_auc val_metric=0.8453
Step 1700 | loss 0.3775 | val_acc=0.8176 val_roc_auc=0.8460 val_loss=0.3884 val_metric_name=roc_auc val_metric=0.8460
Step 1750 | loss 0.3712 | val_acc=0.8169 val_roc_auc=0.8468 val_loss=0.3884 val_metric_name=roc_auc val_metric=0.8468
Step 1800 | loss 0.3735 | val_acc=0.8159 val_roc_auc=0.8474 val_loss=0.3878 val_metric_name=roc_auc val_metric=0.8474
Step 1850 | loss 0.3690 | val_acc=0.8142 val_roc_auc=0.8457 val_loss=0.3988 val_metric_name=roc_auc val_metric=0.8457
Step 1900 | loss 0.3720 | val_acc=0.8142 val_roc_auc=0.8467 val_loss=0.3982 val_metric_name=roc_auc val_metric=0.8467
Step 1950 | loss 0.3670 | val_acc=0.8132 val_roc_auc=0.8465 val_loss=0.4005 val_metric_name=roc_auc val_metric=0.8465
Step 2000 | loss 0.3692 | val_acc=0.8159 val_roc_auc=0.8490 val_loss=0.3837 val_metric_name=roc_auc val_metric=0.8490
Step 2050 | loss 0.3664 | val_acc=0.8214 val_roc_auc=0.8496 val_loss=0.3866 val_metric_name=roc_auc val_metric=0.8496
Step 2100 | loss 0.3708 | val_acc=0.8166 val_roc_auc=0.8476 val_loss=0.3958 val_metric_name=roc_auc val_metric=0.8476
Step 2150 | loss 0.3672 | val_acc=0.8166 val_roc_auc=0.8494 val_loss=0.3859 val_metric_name=roc_auc val_metric=0.8494
Step 2200 | loss 0.3647 | val_acc=0.8197 val_roc_auc=0.8479 val_loss=0.3970 val_metric_name=roc_auc val_metric=0.8479
Step 2250 | loss 0.3611 | val_acc=0.8190 val_roc_auc=0.8495 val_loss=0.3890 val_metric_name=roc_auc val_metric=0.8495
Step 2300 | loss 0.3633 | val_acc=0.8197 val_roc_auc=0.8493 val_loss=0.3908 val_metric_name=roc_auc val_metric=0.8493
Step 2350 | loss 0.3644 | val_acc=0.8166 val_roc_auc=0.8477 val_loss=0.3998 val_metric_name=roc_auc val_metric=0.8477
Step 2400 | loss 0.3608 | val_acc=0.8197 val_roc_auc=0.8488 val_loss=0.3943 val_metric_name=roc_auc val_metric=0.8488
Step 2450 | loss 0.3631 | val_acc=0.8210 val_roc_auc=0.8494 val_loss=0.3907 val_metric_name=roc_auc val_metric=0.8494
Step 2500 | loss 0.3574 | val_acc=0.8190 val_roc_auc=0.8488 val_loss=0.3950 val_metric_name=roc_auc val_metric=0.8488
Step 2550 | loss 0.3599 | val_acc=0.8186 val_roc_auc=0.8483 val_loss=0.4016 val_metric_name=roc_auc val_metric=0.8483
Step 2600 | loss 0.3593 | val_acc=0.8193 val_roc_auc=0.8488 val_loss=0.3974 val_metric_name=roc_auc val_metric=0.8488
Step 2650 | loss 0.3626 | val_acc=0.8207 val_roc_auc=0.8491 val_loss=0.3951 val_metric_name=roc_auc val_metric=0.8491
Step 2700 | loss 0.3593 | val_acc=0.8214 val_roc_auc=0.8497 val_loss=0.3939 val_metric_name=roc_auc val_metric=0.8497
Step 2750 | loss 0.3540 | val_acc=0.8214 val_roc_auc=0.8494 val_loss=0.3947 val_metric_name=roc_auc val_metric=0.8494
Step 2800 | loss 0.3615 | val_acc=0.8231 val_roc_auc=0.8506 val_loss=0.3873 val_metric_name=roc_auc val_metric=0.8506
Step 2850 | loss 0.3568 | val_acc=0.8217 val_roc_auc=0.8504 val_loss=0.3877 val_metric_name=roc_auc val_metric=0.8504
Step 2900 | loss 0.3562 | val_acc=0.8237 val_roc_auc=0.8506 val_loss=0.3916 val_metric_name=roc_auc val_metric=0.8506
Step 2950 | loss 0.3560 | val_acc=0.8248 val_roc_auc=0.8487 val_loss=0.4040 val_metric_name=roc_auc val_metric=0.8487
Step 3000 | loss 0.3549 | val_acc=0.8237 val_roc_auc=0.8480 val_loss=0.4055 val_metric_name=roc_auc val_metric=0.8480
Step 3050 | loss 0.3529 | val_acc=0.8237 val_roc_auc=0.8473 val_loss=0.4076 val_metric_name=roc_auc val_metric=0.8473
Step 3100 | loss 0.3554 | val_acc=0.8231 val_roc_auc=0.8490 val_loss=0.4011 val_metric_name=roc_auc val_metric=0.8490
Step 3150 | loss 0.3531 | val_acc=0.8231 val_roc_auc=0.8485 val_loss=0.3994 val_metric_name=roc_auc val_metric=0.8485
Step 3200 | loss 0.3511 | val_acc=0.8217 val_roc_auc=0.8487 val_loss=0.4000 val_metric_name=roc_auc val_metric=0.8487
Step 3250 | loss 0.3539 | val_acc=0.8227 val_roc_auc=0.8458 val_loss=0.4163 val_metric_name=roc_auc val_metric=0.8458
Early stopping at step 3282

--- Final (best ckpt @ step 2800) ---
  train_acc=0.8318 train_roc_auc=0.8690 train_loss=0.3547 train_metric_name=roc_auc train_metric=0.8690
  val_acc=0.8231 val_roc_auc=0.8506 val_loss=0.3873 val_metric_name=roc_auc val_metric=0.8506
  test_acc=0.8197 test_roc_auc=0.8488 test_loss=0.3841 test_metric_name=roc_auc test_metric=0.8488
  test_roc_auc=0.8488

============================================================
Training tolokers TAG 4L h=384 lr=3e-05 split=1
============================================================
Training for 5000 steps
Step    1 | loss 0.6876 | val_acc=0.7819 val_roc_auc=0.5699 val_loss=0.5253 val_metric_name=roc_auc val_metric=0.5699
Step   50 | loss 0.4453 | val_acc=0.7965 val_roc_auc=0.7859 val_loss=0.4416 val_metric_name=roc_auc val_metric=0.7859
Step  100 | loss 0.4235 | val_acc=0.8013 val_roc_auc=0.8083 val_loss=0.4168 val_metric_name=roc_auc val_metric=0.8083
Step  150 | loss 0.4077 | val_acc=0.8016 val_roc_auc=0.8223 val_loss=0.4148 val_metric_name=roc_auc val_metric=0.8223
Step  200 | loss 0.4013 | val_acc=0.8037 val_roc_auc=0.8308 val_loss=0.4060 val_metric_name=roc_auc val_metric=0.8308
Step  250 | loss 0.3955 | val_acc=0.8135 val_roc_auc=0.8356 val_loss=0.3989 val_metric_name=roc_auc val_metric=0.8356
Step  300 | loss 0.3858 | val_acc=0.8101 val_roc_auc=0.8370 val_loss=0.3977 val_metric_name=roc_auc val_metric=0.8370
Step  350 | loss 0.3806 | val_acc=0.8186 val_roc_auc=0.8398 val_loss=0.3965 val_metric_name=roc_auc val_metric=0.8398
Step  400 | loss 0.3772 | val_acc=0.8169 val_roc_auc=0.8433 val_loss=0.4006 val_metric_name=roc_auc val_metric=0.8433
Step  450 | loss 0.3728 | val_acc=0.8237 val_roc_auc=0.8464 val_loss=0.3898 val_metric_name=roc_auc val_metric=0.8464
Step  500 | loss 0.3701 | val_acc=0.8234 val_roc_auc=0.8486 val_loss=0.3961 val_metric_name=roc_auc val_metric=0.8486
Step  550 | loss 0.3659 | val_acc=0.8261 val_roc_auc=0.8497 val_loss=0.3983 val_metric_name=roc_auc val_metric=0.8497
Step  600 | loss 0.3663 | val_acc=0.8295 val_roc_auc=0.8536 val_loss=0.3838 val_metric_name=roc_auc val_metric=0.8536
Step  650 | loss 0.3613 | val_acc=0.8302 val_roc_auc=0.8555 val_loss=0.3805 val_metric_name=roc_auc val_metric=0.8555
Step  700 | loss 0.3555 | val_acc=0.8234 val_roc_auc=0.8544 val_loss=0.3957 val_metric_name=roc_auc val_metric=0.8544
Step  750 | loss 0.3536 | val_acc=0.8220 val_roc_auc=0.8532 val_loss=0.4068 val_metric_name=roc_auc val_metric=0.8532
Step  800 | loss 0.3519 | val_acc=0.8255 val_roc_auc=0.8545 val_loss=0.3957 val_metric_name=roc_auc val_metric=0.8545
Step  850 | loss 0.3496 | val_acc=0.8265 val_roc_auc=0.8555 val_loss=0.3884 val_metric_name=roc_auc val_metric=0.8555
Step  900 | loss 0.3461 | val_acc=0.8231 val_roc_auc=0.8524 val_loss=0.4083 val_metric_name=roc_auc val_metric=0.8524
Step  950 | loss 0.3459 | val_acc=0.8251 val_roc_auc=0.8528 val_loss=0.3999 val_metric_name=roc_auc val_metric=0.8528
Step 1000 | loss 0.3421 | val_acc=0.8261 val_roc_auc=0.8519 val_loss=0.4054 val_metric_name=roc_auc val_metric=0.8519
Step 1050 | loss 0.3380 | val_acc=0.8251 val_roc_auc=0.8509 val_loss=0.4149 val_metric_name=roc_auc val_metric=0.8509
Early stopping at step 1070

--- Final (best ckpt @ step 770) ---
  train_acc=0.8376 train_roc_auc=0.8754 train_loss=0.3460 train_metric_name=roc_auc train_metric=0.8754
  val_acc=0.8302 val_roc_auc=0.8567 val_loss=0.3797 val_metric_name=roc_auc val_metric=0.8567
  test_acc=0.8269 test_roc_auc=0.8531 test_loss=0.3825 test_metric_name=roc_auc test_metric=0.8531
  test_roc_auc=0.8531

============================================================
Training tolokers TAG 4L h=384 lr=6e-05 split=1
============================================================
Training for 5000 steps
Step    1 | loss 0.6876 | val_acc=0.7819 val_roc_auc=0.5223 val_loss=0.5490 val_metric_name=roc_auc val_metric=0.5223
Step   50 | loss 0.4349 | val_acc=0.7962 val_roc_auc=0.7950 val_loss=0.4262 val_metric_name=roc_auc val_metric=0.7950
Step  100 | loss 0.4071 | val_acc=0.7999 val_roc_auc=0.8216 val_loss=0.4134 val_metric_name=roc_auc val_metric=0.8216
Step  150 | loss 0.3932 | val_acc=0.8050 val_roc_auc=0.8333 val_loss=0.4039 val_metric_name=roc_auc val_metric=0.8333
Step  200 | loss 0.3885 | val_acc=0.8132 val_roc_auc=0.8368 val_loss=0.4008 val_metric_name=roc_auc val_metric=0.8368
Step  250 | loss 0.3798 | val_acc=0.8149 val_roc_auc=0.8430 val_loss=0.4010 val_metric_name=roc_auc val_metric=0.8430
Step  300 | loss 0.3700 | val_acc=0.8251 val_roc_auc=0.8474 val_loss=0.3859 val_metric_name=roc_auc val_metric=0.8474
Step  350 | loss 0.3644 | val_acc=0.8261 val_roc_auc=0.8526 val_loss=0.3836 val_metric_name=roc_auc val_metric=0.8526
Step  400 | loss 0.3580 | val_acc=0.8261 val_roc_auc=0.8548 val_loss=0.3846 val_metric_name=roc_auc val_metric=0.8548
Step  450 | loss 0.3551 | val_acc=0.8329 val_roc_auc=0.8568 val_loss=0.3819 val_metric_name=roc_auc val_metric=0.8568
Step  500 | loss 0.3498 | val_acc=0.8289 val_roc_auc=0.8552 val_loss=0.3996 val_metric_name=roc_auc val_metric=0.8552
Step  550 | loss 0.3461 | val_acc=0.8261 val_roc_auc=0.8540 val_loss=0.3952 val_metric_name=roc_auc val_metric=0.8540
Step  600 | loss 0.3380 | val_acc=0.8265 val_roc_auc=0.8534 val_loss=0.3912 val_metric_name=roc_auc val_metric=0.8534
Step  650 | loss 0.3370 | val_acc=0.8244 val_roc_auc=0.8520 val_loss=0.4070 val_metric_name=roc_auc val_metric=0.8520
Step  700 | loss 0.3296 | val_acc=0.8237 val_roc_auc=0.8490 val_loss=0.4188 val_metric_name=roc_auc val_metric=0.8490
Step  750 | loss 0.3262 | val_acc=0.8231 val_roc_auc=0.8475 val_loss=0.4202 val_metric_name=roc_auc val_metric=0.8475
Early stopping at step 750

--- Final (best ckpt @ step 450) ---
  train_acc=0.8365 train_roc_auc=0.8746 train_loss=0.3482 train_metric_name=roc_auc train_metric=0.8746
  val_acc=0.8329 val_roc_auc=0.8568 val_loss=0.3819 val_metric_name=roc_auc val_metric=0.8568
  test_acc=0.8262 test_roc_auc=0.8516 test_loss=0.3856 test_metric_name=roc_auc test_metric=0.8516
  test_roc_auc=0.8516

============================================================
Training tolokers TAG 4L h=384 lr=0.0001 split=1
============================================================
Training for 5000 steps
Step    1 | loss 0.6876 | val_acc=0.7819 val_roc_auc=0.4983 val_loss=0.6734 val_metric_name=roc_auc val_metric=0.4983
Step   50 | loss 0.4289 | val_acc=0.7945 val_roc_auc=0.7965 val_loss=0.4256 val_metric_name=roc_auc val_metric=0.7965
Step  100 | loss 0.3993 | val_acc=0.8016 val_roc_auc=0.8264 val_loss=0.4082 val_metric_name=roc_auc val_metric=0.8264
Step  150 | loss 0.3860 | val_acc=0.8095 val_roc_auc=0.8354 val_loss=0.3964 val_metric_name=roc_auc val_metric=0.8354
Step  200 | loss 0.3797 | val_acc=0.8122 val_roc_auc=0.8425 val_loss=0.4150 val_metric_name=roc_auc val_metric=0.8425
Step  250 | loss 0.3684 | val_acc=0.8220 val_roc_auc=0.8507 val_loss=0.3834 val_metric_name=roc_auc val_metric=0.8507
Step  300 | loss 0.3569 | val_acc=0.8268 val_roc_auc=0.8545 val_loss=0.3967 val_metric_name=roc_auc val_metric=0.8545
Step  350 | loss 0.3535 | val_acc=0.8207 val_roc_auc=0.8509 val_loss=0.3848 val_metric_name=roc_auc val_metric=0.8509
Step  400 | loss 0.3437 | val_acc=0.8316 val_roc_auc=0.8556 val_loss=0.3916 val_metric_name=roc_auc val_metric=0.8556
Step  450 | loss 0.3365 | val_acc=0.8282 val_roc_auc=0.8531 val_loss=0.3950 val_metric_name=roc_auc val_metric=0.8531
Step  500 | loss 0.3298 | val_acc=0.8261 val_roc_auc=0.8506 val_loss=0.4085 val_metric_name=roc_auc val_metric=0.8506
Step  550 | loss 0.3251 | val_acc=0.8302 val_roc_auc=0.8464 val_loss=0.4158 val_metric_name=roc_auc val_metric=0.8464
Step  600 | loss 0.3166 | val_acc=0.8193 val_roc_auc=0.8443 val_loss=0.4291 val_metric_name=roc_auc val_metric=0.8443
Step  650 | loss 0.3120 | val_acc=0.8234 val_roc_auc=0.8392 val_loss=0.4518 val_metric_name=roc_auc val_metric=0.8392
Early stopping at step 680

--- Final (best ckpt @ step 380) ---
  train_acc=0.8406 train_roc_auc=0.8814 train_loss=0.3397 train_metric_name=roc_auc train_metric=0.8814
  val_acc=0.8333 val_roc_auc=0.8568 val_loss=0.3848 val_metric_name=roc_auc val_metric=0.8568
  test_acc=0.8286 test_roc_auc=0.8531 test_loss=0.3882 test_metric_name=roc_auc test_metric=0.8531
  test_roc_auc=0.8531

============================================================
Training tolokers TAG 4L h=384 lr=1e-05 split=1
============================================================
Training for 5000 steps
Step    1 | loss 0.6876 | val_acc=0.7819 val_roc_auc=0.6180 val_loss=0.5871 val_metric_name=roc_auc val_metric=0.6180
Step   50 | loss 0.4667 | val_acc=0.7890 val_roc_auc=0.7536 val_loss=0.4601 val_metric_name=roc_auc val_metric=0.7536
Step  100 | loss 0.4477 | val_acc=0.7938 val_roc_auc=0.7845 val_loss=0.4429 val_metric_name=roc_auc val_metric=0.7845
Step  150 | loss 0.4401 | val_acc=0.7962 val_roc_auc=0.7979 val_loss=0.4298 val_metric_name=roc_auc val_metric=0.7979
Step  200 | loss 0.4281 | val_acc=0.7993 val_roc_auc=0.8068 val_loss=0.4212 val_metric_name=roc_auc val_metric=0.8068
Step  250 | loss 0.4237 | val_acc=0.8050 val_roc_auc=0.8128 val_loss=0.4169 val_metric_name=roc_auc val_metric=0.8128
Step  300 | loss 0.4102 | val_acc=0.8040 val_roc_auc=0.8189 val_loss=0.4139 val_metric_name=roc_auc val_metric=0.8189
Step  350 | loss 0.4059 | val_acc=0.8033 val_roc_auc=0.8236 val_loss=0.4157 val_metric_name=roc_auc val_metric=0.8236
Step  400 | loss 0.4039 | val_acc=0.8033 val_roc_auc=0.8282 val_loss=0.4123 val_metric_name=roc_auc val_metric=0.8282
Step  450 | loss 0.3994 | val_acc=0.8054 val_roc_auc=0.8312 val_loss=0.4139 val_metric_name=roc_auc val_metric=0.8312
Step  500 | loss 0.3975 | val_acc=0.8071 val_roc_auc=0.8337 val_loss=0.4047 val_metric_name=roc_auc val_metric=0.8337
Step  550 | loss 0.3947 | val_acc=0.8095 val_roc_auc=0.8348 val_loss=0.4038 val_metric_name=roc_auc val_metric=0.8348
Step  600 | loss 0.3938 | val_acc=0.8135 val_roc_auc=0.8365 val_loss=0.4023 val_metric_name=roc_auc val_metric=0.8365
Step  650 | loss 0.3890 | val_acc=0.8152 val_roc_auc=0.8377 val_loss=0.4008 val_metric_name=roc_auc val_metric=0.8377
Step  700 | loss 0.3873 | val_acc=0.8146 val_roc_auc=0.8387 val_loss=0.4011 val_metric_name=roc_auc val_metric=0.8387
Step  750 | loss 0.3868 | val_acc=0.8176 val_roc_auc=0.8397 val_loss=0.4000 val_metric_name=roc_auc val_metric=0.8397
Step  800 | loss 0.3848 | val_acc=0.8163 val_roc_auc=0.8405 val_loss=0.3992 val_metric_name=roc_auc val_metric=0.8405
Step  850 | loss 0.3832 | val_acc=0.8180 val_roc_auc=0.8416 val_loss=0.3981 val_metric_name=roc_auc val_metric=0.8416
Step  900 | loss 0.3783 | val_acc=0.8224 val_roc_auc=0.8429 val_loss=0.3966 val_metric_name=roc_auc val_metric=0.8429
Step  950 | loss 0.3792 | val_acc=0.8214 val_roc_auc=0.8443 val_loss=0.3959 val_metric_name=roc_auc val_metric=0.8443
Step 1000 | loss 0.3768 | val_acc=0.8255 val_roc_auc=0.8458 val_loss=0.3899 val_metric_name=roc_auc val_metric=0.8458
Step 1050 | loss 0.3744 | val_acc=0.8231 val_roc_auc=0.8468 val_loss=0.3920 val_metric_name=roc_auc val_metric=0.8468
Step 1100 | loss 0.3735 | val_acc=0.8248 val_roc_auc=0.8471 val_loss=0.3977 val_metric_name=roc_auc val_metric=0.8471
Step 1150 | loss 0.3712 | val_acc=0.8248 val_roc_auc=0.8485 val_loss=0.3964 val_metric_name=roc_auc val_metric=0.8485
Step 1200 | loss 0.3663 | val_acc=0.8258 val_roc_auc=0.8491 val_loss=0.3958 val_metric_name=roc_auc val_metric=0.8491
Step 1250 | loss 0.3652 | val_acc=0.8258 val_roc_auc=0.8496 val_loss=0.3930 val_metric_name=roc_auc val_metric=0.8496
Step 1300 | loss 0.3639 | val_acc=0.8248 val_roc_auc=0.8509 val_loss=0.3924 val_metric_name=roc_auc val_metric=0.8509
Step 1350 | loss 0.3652 | val_acc=0.8251 val_roc_auc=0.8503 val_loss=0.4060 val_metric_name=roc_auc val_metric=0.8503
Step 1400 | loss 0.3627 | val_acc=0.8261 val_roc_auc=0.8508 val_loss=0.4005 val_metric_name=roc_auc val_metric=0.8508
Step 1450 | loss 0.3612 | val_acc=0.8251 val_roc_auc=0.8514 val_loss=0.3974 val_metric_name=roc_auc val_metric=0.8514
Step 1500 | loss 0.3603 | val_acc=0.8282 val_roc_auc=0.8542 val_loss=0.3844 val_metric_name=roc_auc val_metric=0.8542
Step 1550 | loss 0.3647 | val_acc=0.8258 val_roc_auc=0.8511 val_loss=0.4141 val_metric_name=roc_auc val_metric=0.8511
Step 1600 | loss 0.3604 | val_acc=0.8234 val_roc_auc=0.8522 val_loss=0.4014 val_metric_name=roc_auc val_metric=0.8522
Step 1650 | loss 0.3579 | val_acc=0.8244 val_roc_auc=0.8509 val_loss=0.4171 val_metric_name=roc_auc val_metric=0.8509
Step 1700 | loss 0.3554 | val_acc=0.8248 val_roc_auc=0.8548 val_loss=0.3903 val_metric_name=roc_auc val_metric=0.8548
Step 1750 | loss 0.3582 | val_acc=0.8234 val_roc_auc=0.8533 val_loss=0.4023 val_metric_name=roc_auc val_metric=0.8533
Step 1800 | loss 0.3576 | val_acc=0.8241 val_roc_auc=0.8546 val_loss=0.3924 val_metric_name=roc_auc val_metric=0.8546
Step 1850 | loss 0.3553 | val_acc=0.8214 val_roc_auc=0.8520 val_loss=0.4160 val_metric_name=roc_auc val_metric=0.8520
Step 1900 | loss 0.3514 | val_acc=0.8237 val_roc_auc=0.8546 val_loss=0.3925 val_metric_name=roc_auc val_metric=0.8546
Step 1950 | loss 0.3552 | val_acc=0.8224 val_roc_auc=0.8547 val_loss=0.3960 val_metric_name=roc_auc val_metric=0.8547
Step 2000 | loss 0.3483 | val_acc=0.8234 val_roc_auc=0.8522 val_loss=0.4102 val_metric_name=roc_auc val_metric=0.8522
Step 2050 | loss 0.3562 | val_acc=0.8217 val_roc_auc=0.8518 val_loss=0.4141 val_metric_name=roc_auc val_metric=0.8518
Early stopping at step 2080

--- Final (best ckpt @ step 1780) ---
  train_acc=0.8338 train_roc_auc=0.8710 train_loss=0.3554 train_metric_name=roc_auc train_metric=0.8710
  val_acc=0.8251 val_roc_auc=0.8556 val_loss=0.3854 val_metric_name=roc_auc val_metric=0.8556
  test_acc=0.8272 test_roc_auc=0.8529 test_loss=0.3856 test_metric_name=roc_auc test_metric=0.8529
  test_roc_auc=0.8529

============================================================
Training tolokers TAG 4L h=512 lr=3e-05 split=1
============================================================
Training for 5000 steps
Step    1 | loss 0.6301 | val_acc=0.7819 val_roc_auc=0.4450 val_loss=0.5840 val_metric_name=roc_auc val_metric=0.4450
Step   50 | loss 0.4404 | val_acc=0.7962 val_roc_auc=0.7983 val_loss=0.4316 val_metric_name=roc_auc val_metric=0.7983
Step  100 | loss 0.4108 | val_acc=0.8033 val_roc_auc=0.8248 val_loss=0.4132 val_metric_name=roc_auc val_metric=0.8248
Step  150 | loss 0.4017 | val_acc=0.8098 val_roc_auc=0.8330 val_loss=0.4067 val_metric_name=roc_auc val_metric=0.8330
Step  200 | loss 0.3894 | val_acc=0.8122 val_roc_auc=0.8350 val_loss=0.4185 val_metric_name=roc_auc val_metric=0.8350
Step  250 | loss 0.3854 | val_acc=0.8152 val_roc_auc=0.8380 val_loss=0.4030 val_metric_name=roc_auc val_metric=0.8380
Step  300 | loss 0.3800 | val_acc=0.8122 val_roc_auc=0.8403 val_loss=0.4128 val_metric_name=roc_auc val_metric=0.8403
Step  350 | loss 0.3738 | val_acc=0.8152 val_roc_auc=0.8409 val_loss=0.4334 val_metric_name=roc_auc val_metric=0.8409
Step  400 | loss 0.3669 | val_acc=0.8186 val_roc_auc=0.8435 val_loss=0.4270 val_metric_name=roc_auc val_metric=0.8435
Step  450 | loss 0.3612 | val_acc=0.8227 val_roc_auc=0.8421 val_loss=0.4428 val_metric_name=roc_auc val_metric=0.8421
Step  500 | loss 0.3563 | val_acc=0.8234 val_roc_auc=0.8430 val_loss=0.4387 val_metric_name=roc_auc val_metric=0.8430
Step  550 | loss 0.3553 | val_acc=0.8180 val_roc_auc=0.8434 val_loss=0.4602 val_metric_name=roc_auc val_metric=0.8434
Step  600 | loss 0.3548 | val_acc=0.8237 val_roc_auc=0.8475 val_loss=0.4333 val_metric_name=roc_auc val_metric=0.8475
Step  650 | loss 0.3466 | val_acc=0.8207 val_roc_auc=0.8442 val_loss=0.4510 val_metric_name=roc_auc val_metric=0.8442
Step  700 | loss 0.3478 | val_acc=0.8237 val_roc_auc=0.8466 val_loss=0.4347 val_metric_name=roc_auc val_metric=0.8466
Step  750 | loss 0.3415 | val_acc=0.8224 val_roc_auc=0.8456 val_loss=0.4370 val_metric_name=roc_auc val_metric=0.8456
Step  800 | loss 0.3427 | val_acc=0.8156 val_roc_auc=0.8439 val_loss=0.4599 val_metric_name=roc_auc val_metric=0.8439
Step  850 | loss 0.3403 | val_acc=0.8207 val_roc_auc=0.8425 val_loss=0.4555 val_metric_name=roc_auc val_metric=0.8425
Step  900 | loss 0.3368 | val_acc=0.8176 val_roc_auc=0.8402 val_loss=0.4802 val_metric_name=roc_auc val_metric=0.8402
Step  950 | loss 0.3300 | val_acc=0.8220 val_roc_auc=0.8436 val_loss=0.4545 val_metric_name=roc_auc val_metric=0.8436
Early stopping at step 980

--- Final (best ckpt @ step 680) ---
  train_acc=0.8353 train_roc_auc=0.8710 train_loss=0.3673 train_metric_name=roc_auc train_metric=0.8710
  val_acc=0.8255 val_roc_auc=0.8492 val_loss=0.4166 val_metric_name=roc_auc val_metric=0.8492
  test_acc=0.8235 test_roc_auc=0.8460 test_loss=0.4165 test_metric_name=roc_auc test_metric=0.8460
  test_roc_auc=0.8460

============================================================
Training tolokers TAG 4L h=512 lr=6e-05 split=1
============================================================
Training for 5000 steps
Step    1 | loss 0.6301 | val_acc=0.7819 val_roc_auc=0.4591 val_loss=0.7384 val_metric_name=roc_auc val_metric=0.4591
Step   50 | loss 0.4329 | val_acc=0.7982 val_roc_auc=0.8029 val_loss=0.4178 val_metric_name=roc_auc val_metric=0.8029
Step  100 | loss 0.3994 | val_acc=0.8010 val_roc_auc=0.8304 val_loss=0.4117 val_metric_name=roc_auc val_metric=0.8304
Step  150 | loss 0.3917 | val_acc=0.8098 val_roc_auc=0.8350 val_loss=0.4222 val_metric_name=roc_auc val_metric=0.8350
Step  200 | loss 0.3811 | val_acc=0.8064 val_roc_auc=0.8380 val_loss=0.4502 val_metric_name=roc_auc val_metric=0.8380
Step  250 | loss 0.3717 | val_acc=0.8214 val_roc_auc=0.8461 val_loss=0.3993 val_metric_name=roc_auc val_metric=0.8461
Step  300 | loss 0.3635 | val_acc=0.8207 val_roc_auc=0.8481 val_loss=0.4140 val_metric_name=roc_auc val_metric=0.8481
Step  350 | loss 0.3577 | val_acc=0.8268 val_roc_auc=0.8493 val_loss=0.4148 val_metric_name=roc_auc val_metric=0.8493
Step  400 | loss 0.3501 | val_acc=0.8244 val_roc_auc=0.8504 val_loss=0.4087 val_metric_name=roc_auc val_metric=0.8504
Step  450 | loss 0.3425 | val_acc=0.8183 val_roc_auc=0.8480 val_loss=0.4293 val_metric_name=roc_auc val_metric=0.8480
Step  500 | loss 0.3347 | val_acc=0.8237 val_roc_auc=0.8430 val_loss=0.4457 val_metric_name=roc_auc val_metric=0.8430
Step  550 | loss 0.3336 | val_acc=0.8190 val_roc_auc=0.8434 val_loss=0.4579 val_metric_name=roc_auc val_metric=0.8434
Step  600 | loss 0.3303 | val_acc=0.8197 val_roc_auc=0.8436 val_loss=0.4405 val_metric_name=roc_auc val_metric=0.8436
Step  650 | loss 0.3226 | val_acc=0.8210 val_roc_auc=0.8409 val_loss=0.4608 val_metric_name=roc_auc val_metric=0.8409
Early stopping at step 654

--- Final (best ckpt @ step 320) ---
  train_acc=0.8265 train_roc_auc=0.8627 train_loss=0.3762 train_metric_name=roc_auc train_metric=0.8627
  val_acc=0.8265 val_roc_auc=0.8521 val_loss=0.4066 val_metric_name=roc_auc val_metric=0.8521
  test_acc=0.8235 test_roc_auc=0.8458 test_loss=0.4077 test_metric_name=roc_auc test_metric=0.8458
  test_roc_auc=0.8458

============================================================
Training tolokers TAG 4L h=512 lr=0.0001 split=1
============================================================
Training for 5000 steps
Step    1 | loss 0.6301 | val_acc=0.7819 val_roc_auc=0.4738 val_loss=0.9672 val_metric_name=roc_auc val_metric=0.4738
Step   50 | loss 0.4333 | val_acc=0.7986 val_roc_auc=0.7982 val_loss=0.4206 val_metric_name=roc_auc val_metric=0.7982
Step  100 | loss 0.3961 | val_acc=0.8006 val_roc_auc=0.8303 val_loss=0.4141 val_metric_name=roc_auc val_metric=0.8303
Step  150 | loss 0.3848 | val_acc=0.8105 val_roc_auc=0.8368 val_loss=0.4068 val_metric_name=roc_auc val_metric=0.8368
Step  200 | loss 0.3718 | val_acc=0.8200 val_roc_auc=0.8454 val_loss=0.3938 val_metric_name=roc_auc val_metric=0.8454
Step  250 | loss 0.3689 | val_acc=0.8163 val_roc_auc=0.8508 val_loss=0.4177 val_metric_name=roc_auc val_metric=0.8508
Step  300 | loss 0.3526 | val_acc=0.8190 val_roc_auc=0.8509 val_loss=0.4173 val_metric_name=roc_auc val_metric=0.8509
Step  350 | loss 0.3435 | val_acc=0.8234 val_roc_auc=0.8455 val_loss=0.4284 val_metric_name=roc_auc val_metric=0.8455
Step  400 | loss 0.3342 | val_acc=0.8255 val_roc_auc=0.8474 val_loss=0.4218 val_metric_name=roc_auc val_metric=0.8474
Step  450 | loss 0.3204 | val_acc=0.8248 val_roc_auc=0.8419 val_loss=0.4341 val_metric_name=roc_auc val_metric=0.8419
Step  500 | loss 0.3186 | val_acc=0.8200 val_roc_auc=0.8330 val_loss=0.4614 val_metric_name=roc_auc val_metric=0.8330
Step  550 | loss 0.3056 | val_acc=0.8217 val_roc_auc=0.8320 val_loss=0.4919 val_metric_name=roc_auc val_metric=0.8320
Step  600 | loss 0.2991 | val_acc=0.8244 val_roc_auc=0.8316 val_loss=0.4869 val_metric_name=roc_auc val_metric=0.8316
Early stopping at step 640

--- Final (best ckpt @ step 340) ---
  train_acc=0.8379 train_roc_auc=0.8816 train_loss=0.3470 train_metric_name=roc_auc train_metric=0.8816
  val_acc=0.8214 val_roc_auc=0.8530 val_loss=0.4040 val_metric_name=roc_auc val_metric=0.8530
  test_acc=0.8235 test_roc_auc=0.8504 test_loss=0.4006 test_metric_name=roc_auc test_metric=0.8504
  test_roc_auc=0.8504

============================================================
Training tolokers TAG 4L h=512 lr=1e-05 split=1
============================================================
Training for 5000 steps
Step    1 | loss 0.6301 | val_acc=0.7782 val_roc_auc=0.4311 val_loss=0.5554 val_metric_name=roc_auc val_metric=0.4311
Step   50 | loss 0.4583 | val_acc=0.7955 val_roc_auc=0.7744 val_loss=0.4501 val_metric_name=roc_auc val_metric=0.7744
Step  100 | loss 0.4375 | val_acc=0.7955 val_roc_auc=0.7996 val_loss=0.4292 val_metric_name=roc_auc val_metric=0.7996
Step  150 | loss 0.4270 | val_acc=0.8027 val_roc_auc=0.8139 val_loss=0.4182 val_metric_name=roc_auc val_metric=0.8139
Step  200 | loss 0.4115 | val_acc=0.8050 val_roc_auc=0.8250 val_loss=0.4087 val_metric_name=roc_auc val_metric=0.8250
Step  250 | loss 0.4042 | val_acc=0.8054 val_roc_auc=0.8321 val_loss=0.4083 val_metric_name=roc_auc val_metric=0.8321
Step  300 | loss 0.4032 | val_acc=0.8088 val_roc_auc=0.8336 val_loss=0.4112 val_metric_name=roc_auc val_metric=0.8336
Step  350 | loss 0.3970 | val_acc=0.8108 val_roc_auc=0.8337 val_loss=0.4151 val_metric_name=roc_auc val_metric=0.8337
Step  400 | loss 0.3926 | val_acc=0.8139 val_roc_auc=0.8345 val_loss=0.4143 val_metric_name=roc_auc val_metric=0.8345
Step  450 | loss 0.3892 | val_acc=0.8146 val_roc_auc=0.8351 val_loss=0.4127 val_metric_name=roc_auc val_metric=0.8351
Step  500 | loss 0.3835 | val_acc=0.8159 val_roc_auc=0.8358 val_loss=0.4124 val_metric_name=roc_auc val_metric=0.8358
Step  550 | loss 0.3833 | val_acc=0.8159 val_roc_auc=0.8381 val_loss=0.4130 val_metric_name=roc_auc val_metric=0.8381
Step  600 | loss 0.3812 | val_acc=0.8149 val_roc_auc=0.8379 val_loss=0.4195 val_metric_name=roc_auc val_metric=0.8379
Step  650 | loss 0.3759 | val_acc=0.8142 val_roc_auc=0.8372 val_loss=0.4296 val_metric_name=roc_auc val_metric=0.8372
Step  700 | loss 0.3760 | val_acc=0.8132 val_roc_auc=0.8394 val_loss=0.4159 val_metric_name=roc_auc val_metric=0.8394
Step  750 | loss 0.3729 | val_acc=0.8159 val_roc_auc=0.8422 val_loss=0.4057 val_metric_name=roc_auc val_metric=0.8422
Step  800 | loss 0.3714 | val_acc=0.8183 val_roc_auc=0.8373 val_loss=0.4367 val_metric_name=roc_auc val_metric=0.8373
Step  850 | loss 0.3706 | val_acc=0.8214 val_roc_auc=0.8407 val_loss=0.4270 val_metric_name=roc_auc val_metric=0.8407
Step  900 | loss 0.3714 | val_acc=0.8227 val_roc_auc=0.8416 val_loss=0.4304 val_metric_name=roc_auc val_metric=0.8416
Step  950 | loss 0.3658 | val_acc=0.8234 val_roc_auc=0.8401 val_loss=0.4425 val_metric_name=roc_auc val_metric=0.8401
Step 1000 | loss 0.3651 | val_acc=0.8237 val_roc_auc=0.8387 val_loss=0.4489 val_metric_name=roc_auc val_metric=0.8387
Step 1050 | loss 0.3595 | val_acc=0.8224 val_roc_auc=0.8349 val_loss=0.4738 val_metric_name=roc_auc val_metric=0.8349
Step 1100 | loss 0.3586 | val_acc=0.8217 val_roc_auc=0.8375 val_loss=0.4705 val_metric_name=roc_auc val_metric=0.8375
Step 1150 | loss 0.3588 | val_acc=0.8217 val_roc_auc=0.8357 val_loss=0.4867 val_metric_name=roc_auc val_metric=0.8357
Step 1200 | loss 0.3591 | val_acc=0.8203 val_roc_auc=0.8361 val_loss=0.4822 val_metric_name=roc_auc val_metric=0.8361
Step 1250 | loss 0.3559 | val_acc=0.8234 val_roc_auc=0.8369 val_loss=0.4770 val_metric_name=roc_auc val_metric=0.8369
Step 1300 | loss 0.3560 | val_acc=0.8210 val_roc_auc=0.8389 val_loss=0.4673 val_metric_name=roc_auc val_metric=0.8389
Step 1350 | loss 0.3535 | val_acc=0.8224 val_roc_auc=0.8375 val_loss=0.4743 val_metric_name=roc_auc val_metric=0.8375
Step 1400 | loss 0.3514 | val_acc=0.8231 val_roc_auc=0.8386 val_loss=0.4724 val_metric_name=roc_auc val_metric=0.8386
Step 1450 | loss 0.3535 | val_acc=0.8203 val_roc_auc=0.8379 val_loss=0.4792 val_metric_name=roc_auc val_metric=0.8379
Early stopping at step 1462

--- Final (best ckpt @ step 990) ---
  train_acc=0.8222 train_roc_auc=0.8493 train_loss=0.4038 train_metric_name=roc_auc train_metric=0.8493
  val_acc=0.8200 val_roc_auc=0.8434 val_loss=0.4225 val_metric_name=roc_auc val_metric=0.8434
  test_acc=0.8197 test_roc_auc=0.8393 test_loss=0.4237 test_metric_name=roc_auc test_metric=0.8393
  test_roc_auc=0.8393
  >> num_layers=4 hidden_dim=256 lr=3e-05 best_step=1020 val_roc_auc=0.8508 test_roc_auc=0.8468
     val_acc=0.8231 val_loss=0.3884 val_metric=0.8508 val_metric_name=roc_auc val_roc_auc=0.8508
     test_acc=0.8184 test_loss=0.3877 test_metric=0.8468 test_metric_name=roc_auc test_roc_auc=0.8468
  >> num_layers=4 hidden_dim=256 lr=6e-05 best_step=610 val_roc_auc=0.8520 test_roc_auc=0.8484
     val_acc=0.8203 val_loss=0.3848 val_metric=0.8520 val_metric_name=roc_auc val_roc_auc=0.8520
     test_acc=0.8197 test_loss=0.3837 test_metric=0.8484 test_metric_name=roc_auc test_roc_auc=0.8484
  >> num_layers=4 hidden_dim=256 lr=0.0001 best_step=380 val_roc_auc=0.8517 test_roc_auc=0.8481
     val_acc=0.8220 val_loss=0.3892 val_metric=0.8517 val_metric_name=roc_auc val_roc_auc=0.8517
     test_acc=0.8201 test_loss=0.3873 test_metric=0.8481 test_metric_name=roc_auc test_roc_auc=0.8481
  >> num_layers=4 hidden_dim=256 lr=1e-05 best_step=2800 val_roc_auc=0.8506 test_roc_auc=0.8488
     val_acc=0.8231 val_loss=0.3873 val_metric=0.8506 val_metric_name=roc_auc val_roc_auc=0.8506
     test_acc=0.8197 test_loss=0.3841 test_metric=0.8488 test_metric_name=roc_auc test_roc_auc=0.8488
  >> num_layers=4 hidden_dim=384 lr=3e-05 best_step=770 val_roc_auc=0.8567 test_roc_auc=0.8531
     val_acc=0.8302 val_loss=0.3797 val_metric=0.8567 val_metric_name=roc_auc val_roc_auc=0.8567
     test_acc=0.8269 test_loss=0.3825 test_metric=0.8531 test_metric_name=roc_auc test_roc_auc=0.8531
  >> num_layers=4 hidden_dim=384 lr=6e-05 best_step=450 val_roc_auc=0.8568 test_roc_auc=0.8516
     val_acc=0.8329 val_loss=0.3819 val_metric=0.8568 val_metric_name=roc_auc val_roc_auc=0.8568
     test_acc=0.8262 test_loss=0.3856 test_metric=0.8516 test_metric_name=roc_auc test_roc_auc=0.8516
  >> num_layers=4 hidden_dim=384 lr=0.0001 best_step=380 val_roc_auc=0.8568 test_roc_auc=0.8531
     val_acc=0.8333 val_loss=0.3848 val_metric=0.8568 val_metric_name=roc_auc val_roc_auc=0.8568
     test_acc=0.8286 test_loss=0.3882 test_metric=0.8531 test_metric_name=roc_auc test_roc_auc=0.8531
  >> num_layers=4 hidden_dim=384 lr=1e-05 best_step=1780 val_roc_auc=0.8556 test_roc_auc=0.8529
     val_acc=0.8251 val_loss=0.3854 val_metric=0.8556 val_metric_name=roc_auc val_roc_auc=0.8556
     test_acc=0.8272 test_loss=0.3856 test_metric=0.8529 test_metric_name=roc_auc test_roc_auc=0.8529
  >> num_layers=4 hidden_dim=512 lr=3e-05 best_step=680 val_roc_auc=0.8492 test_roc_auc=0.8460
     val_acc=0.8255 val_loss=0.4166 val_metric=0.8492 val_metric_name=roc_auc val_roc_auc=0.8492
     test_acc=0.8235 test_loss=0.4165 test_metric=0.8460 test_metric_name=roc_auc test_roc_auc=0.8460
  >> num_layers=4 hidden_dim=512 lr=6e-05 best_step=320 val_roc_auc=0.8521 test_roc_auc=0.8458
     val_acc=0.8265 val_loss=0.4066 val_metric=0.8521 val_metric_name=roc_auc val_roc_auc=0.8521
     test_acc=0.8235 test_loss=0.4077 test_metric=0.8458 test_metric_name=roc_auc test_roc_auc=0.8458
  >> num_layers=4 hidden_dim=512 lr=0.0001 best_step=340 val_roc_auc=0.8530 test_roc_auc=0.8504
     val_acc=0.8214 val_loss=0.4040 val_metric=0.8530 val_metric_name=roc_auc val_roc_auc=0.8530
     test_acc=0.8235 test_loss=0.4006 test_metric=0.8504 test_metric_name=roc_auc test_roc_auc=0.8504
  >> num_layers=4 hidden_dim=512 lr=1e-05 best_step=990 val_roc_auc=0.8434 test_roc_auc=0.8393
     val_acc=0.8200 val_loss=0.4225 val_metric=0.8434 val_metric_name=roc_auc val_roc_auc=0.8434
     test_acc=0.8197 test_loss=0.4237 test_metric=0.8393 test_metric_name=roc_auc test_roc_auc=0.8393
  >> selected best (by val): num_layers=4 hidden_dim=384 lr=6e-05 val_roc_auc=0.8568 test_roc_auc=0.8516
     val_acc=0.8329 val_loss=0.3819 val_metric=0.8568 val_metric_name=roc_auc val_roc_auc=0.8568
     test_acc=0.8262 test_loss=0.3856 test_metric=0.8516 test_metric_name=roc_auc test_roc_auc=0.8516

Done. Results saved to /home/avshmelev/diploma_yandex_graphs/results_grid/tolokers/base.csv, checkpoints in /home/avshmelev/diploma_yandex_graphs/all_checkpoints/tolokers/base/
Skipping: "Done." found in /home/avshmelev/diploma_yandex_graphs/results_grid/tolokers/logs_base/TAG_4L_split1.log
