Loading data...

============================================================
Training minesweeper GAT-sep 2L h=256 lr=3e-05 split=4
============================================================
Training for 5000 steps
Step    1 | loss 0.8417 | val_acc=0.2160 val_roc_auc=0.6610 val_loss=0.8282 val_metric_name=roc_auc val_metric=0.6610
Step   50 | loss 0.4607 | val_acc=0.8000 val_roc_auc=0.7975 val_loss=0.4438 val_metric_name=roc_auc val_metric=0.7975
Step  100 | loss 0.3859 | val_acc=0.8220 val_roc_auc=0.8350 val_loss=0.3972 val_metric_name=roc_auc val_metric=0.8350
Step  150 | loss 0.3503 | val_acc=0.8312 val_roc_auc=0.8703 val_loss=0.3527 val_metric_name=roc_auc val_metric=0.8703
Step  200 | loss 0.3255 | val_acc=0.8384 val_roc_auc=0.8901 val_loss=0.3283 val_metric_name=roc_auc val_metric=0.8901
Step  250 | loss 0.3197 | val_acc=0.8472 val_roc_auc=0.8979 val_loss=0.3205 val_metric_name=roc_auc val_metric=0.8979
Step  300 | loss 0.3099 | val_acc=0.8516 val_roc_auc=0.9008 val_loss=0.3181 val_metric_name=roc_auc val_metric=0.9008
Step  350 | loss 0.3041 | val_acc=0.8496 val_roc_auc=0.9027 val_loss=0.3150 val_metric_name=roc_auc val_metric=0.9027
Step  400 | loss 0.3020 | val_acc=0.8516 val_roc_auc=0.9036 val_loss=0.3126 val_metric_name=roc_auc val_metric=0.9036
Step  450 | loss 0.3017 | val_acc=0.8516 val_roc_auc=0.9043 val_loss=0.3126 val_metric_name=roc_auc val_metric=0.9043
Step  500 | loss 0.3003 | val_acc=0.8548 val_roc_auc=0.9052 val_loss=0.3111 val_metric_name=roc_auc val_metric=0.9052
Step  550 | loss 0.2980 | val_acc=0.8516 val_roc_auc=0.9057 val_loss=0.3107 val_metric_name=roc_auc val_metric=0.9057
Step  600 | loss 0.2963 | val_acc=0.8524 val_roc_auc=0.9057 val_loss=0.3118 val_metric_name=roc_auc val_metric=0.9057
Step  650 | loss 0.2951 | val_acc=0.8536 val_roc_auc=0.9059 val_loss=0.3107 val_metric_name=roc_auc val_metric=0.9059
Step  700 | loss 0.2932 | val_acc=0.8528 val_roc_auc=0.9060 val_loss=0.3106 val_metric_name=roc_auc val_metric=0.9060
Step  750 | loss 0.2920 | val_acc=0.8532 val_roc_auc=0.9062 val_loss=0.3101 val_metric_name=roc_auc val_metric=0.9062
Step  800 | loss 0.2923 | val_acc=0.8508 val_roc_auc=0.9060 val_loss=0.3108 val_metric_name=roc_auc val_metric=0.9060
Step  850 | loss 0.2867 | val_acc=0.8500 val_roc_auc=0.9060 val_loss=0.3120 val_metric_name=roc_auc val_metric=0.9060
Step  900 | loss 0.2902 | val_acc=0.8516 val_roc_auc=0.9063 val_loss=0.3095 val_metric_name=roc_auc val_metric=0.9063
Step  950 | loss 0.2898 | val_acc=0.8528 val_roc_auc=0.9065 val_loss=0.3096 val_metric_name=roc_auc val_metric=0.9065
Step 1000 | loss 0.2875 | val_acc=0.8552 val_roc_auc=0.9067 val_loss=0.3084 val_metric_name=roc_auc val_metric=0.9067
Step 1050 | loss 0.2849 | val_acc=0.8492 val_roc_auc=0.9064 val_loss=0.3110 val_metric_name=roc_auc val_metric=0.9064
Step 1100 | loss 0.2811 | val_acc=0.8544 val_roc_auc=0.9063 val_loss=0.3090 val_metric_name=roc_auc val_metric=0.9063
Step 1150 | loss 0.2864 | val_acc=0.8520 val_roc_auc=0.9066 val_loss=0.3079 val_metric_name=roc_auc val_metric=0.9066
Step 1200 | loss 0.2860 | val_acc=0.8520 val_roc_auc=0.9062 val_loss=0.3097 val_metric_name=roc_auc val_metric=0.9062
Step 1250 | loss 0.2826 | val_acc=0.8516 val_roc_auc=0.9060 val_loss=0.3106 val_metric_name=roc_auc val_metric=0.9060
Step 1300 | loss 0.2803 | val_acc=0.8516 val_roc_auc=0.9061 val_loss=0.3105 val_metric_name=roc_auc val_metric=0.9061
Step 1350 | loss 0.2834 | val_acc=0.8504 val_roc_auc=0.9061 val_loss=0.3097 val_metric_name=roc_auc val_metric=0.9061
Step 1400 | loss 0.2842 | val_acc=0.8516 val_roc_auc=0.9060 val_loss=0.3109 val_metric_name=roc_auc val_metric=0.9060
Early stopping at step 1437

--- Final (best ckpt @ step 970) ---
  train_acc=0.8574 train_roc_auc=0.9197 train_loss=0.2834 train_metric_name=roc_auc train_metric=0.9197
  val_acc=0.8520 val_roc_auc=0.9067 val_loss=0.3087 val_metric_name=roc_auc val_metric=0.9067
  test_acc=0.8468 test_roc_auc=0.9017 test_loss=0.3202 test_metric_name=roc_auc test_metric=0.9017
  test_roc_auc=0.9017

============================================================
Training minesweeper GAT-sep 2L h=256 lr=6e-05 split=4
============================================================
Training for 5000 steps
Step    1 | loss 0.8417 | val_acc=0.2244 val_roc_auc=0.6665 val_loss=0.7271 val_metric_name=roc_auc val_metric=0.6665
Step   50 | loss 0.4089 | val_acc=0.8180 val_roc_auc=0.8143 val_loss=0.3983 val_metric_name=roc_auc val_metric=0.8143
Step  100 | loss 0.3370 | val_acc=0.8364 val_roc_auc=0.8811 val_loss=0.3360 val_metric_name=roc_auc val_metric=0.8811
Step  150 | loss 0.3143 | val_acc=0.8500 val_roc_auc=0.8990 val_loss=0.3183 val_metric_name=roc_auc val_metric=0.8990
Step  200 | loss 0.3040 | val_acc=0.8512 val_roc_auc=0.9029 val_loss=0.3134 val_metric_name=roc_auc val_metric=0.9029
Step  250 | loss 0.3030 | val_acc=0.8572 val_roc_auc=0.9042 val_loss=0.3103 val_metric_name=roc_auc val_metric=0.9042
Step  300 | loss 0.2961 | val_acc=0.8544 val_roc_auc=0.9052 val_loss=0.3121 val_metric_name=roc_auc val_metric=0.9052
Step  350 | loss 0.2925 | val_acc=0.8540 val_roc_auc=0.9060 val_loss=0.3108 val_metric_name=roc_auc val_metric=0.9060
Step  400 | loss 0.2937 | val_acc=0.8528 val_roc_auc=0.9059 val_loss=0.3091 val_metric_name=roc_auc val_metric=0.9059
Step  450 | loss 0.2919 | val_acc=0.8540 val_roc_auc=0.9059 val_loss=0.3096 val_metric_name=roc_auc val_metric=0.9059
Step  500 | loss 0.2908 | val_acc=0.8556 val_roc_auc=0.9063 val_loss=0.3084 val_metric_name=roc_auc val_metric=0.9063
Step  550 | loss 0.2897 | val_acc=0.8544 val_roc_auc=0.9064 val_loss=0.3071 val_metric_name=roc_auc val_metric=0.9064
Step  600 | loss 0.2874 | val_acc=0.8488 val_roc_auc=0.9065 val_loss=0.3108 val_metric_name=roc_auc val_metric=0.9065
Step  650 | loss 0.2840 | val_acc=0.8528 val_roc_auc=0.9066 val_loss=0.3083 val_metric_name=roc_auc val_metric=0.9066
Step  700 | loss 0.2840 | val_acc=0.8548 val_roc_auc=0.9066 val_loss=0.3077 val_metric_name=roc_auc val_metric=0.9066
Step  750 | loss 0.2816 | val_acc=0.8512 val_roc_auc=0.9055 val_loss=0.3111 val_metric_name=roc_auc val_metric=0.9055
Step  800 | loss 0.2820 | val_acc=0.8504 val_roc_auc=0.9056 val_loss=0.3120 val_metric_name=roc_auc val_metric=0.9056
Step  850 | loss 0.2745 | val_acc=0.8508 val_roc_auc=0.9051 val_loss=0.3127 val_metric_name=roc_auc val_metric=0.9051
Step  900 | loss 0.2770 | val_acc=0.8528 val_roc_auc=0.9053 val_loss=0.3108 val_metric_name=roc_auc val_metric=0.9053
Step  950 | loss 0.2767 | val_acc=0.8512 val_roc_auc=0.9047 val_loss=0.3124 val_metric_name=roc_auc val_metric=0.9047
Step 1000 | loss 0.2731 | val_acc=0.8496 val_roc_auc=0.9047 val_loss=0.3132 val_metric_name=roc_auc val_metric=0.9047
Early stopping at step 1004

--- Final (best ckpt @ step 680) ---
  train_acc=0.8630 train_roc_auc=0.9220 train_loss=0.2779 train_metric_name=roc_auc train_metric=0.9220
  val_acc=0.8516 val_roc_auc=0.9068 val_loss=0.3086 val_metric_name=roc_auc val_metric=0.9068
  test_acc=0.8444 test_roc_auc=0.9005 test_loss=0.3249 test_metric_name=roc_auc test_metric=0.9005
  test_roc_auc=0.9005

============================================================
Training minesweeper GAT-sep 2L h=256 lr=0.0001 split=4
============================================================
Training for 5000 steps
Step    1 | loss 0.8417 | val_acc=0.7964 val_roc_auc=0.6585 val_loss=0.6213 val_metric_name=roc_auc val_metric=0.6585
Step   50 | loss 0.3673 | val_acc=0.8236 val_roc_auc=0.8501 val_loss=0.3894 val_metric_name=roc_auc val_metric=0.8501
Step  100 | loss 0.3146 | val_acc=0.8500 val_roc_auc=0.8991 val_loss=0.3166 val_metric_name=roc_auc val_metric=0.8991
Step  150 | loss 0.3027 | val_acc=0.8504 val_roc_auc=0.9041 val_loss=0.3114 val_metric_name=roc_auc val_metric=0.9041
Step  200 | loss 0.2958 | val_acc=0.8552 val_roc_auc=0.9051 val_loss=0.3099 val_metric_name=roc_auc val_metric=0.9051
Step  250 | loss 0.2947 | val_acc=0.8560 val_roc_auc=0.9057 val_loss=0.3081 val_metric_name=roc_auc val_metric=0.9057
Step  300 | loss 0.2896 | val_acc=0.8520 val_roc_auc=0.9060 val_loss=0.3096 val_metric_name=roc_auc val_metric=0.9060
Step  350 | loss 0.2865 | val_acc=0.8488 val_roc_auc=0.9066 val_loss=0.3098 val_metric_name=roc_auc val_metric=0.9066
Step  400 | loss 0.2877 | val_acc=0.8524 val_roc_auc=0.9066 val_loss=0.3075 val_metric_name=roc_auc val_metric=0.9066
Step  450 | loss 0.2839 | val_acc=0.8492 val_roc_auc=0.9060 val_loss=0.3082 val_metric_name=roc_auc val_metric=0.9060
Step  500 | loss 0.2833 | val_acc=0.8536 val_roc_auc=0.9058 val_loss=0.3096 val_metric_name=roc_auc val_metric=0.9058
Step  550 | loss 0.2828 | val_acc=0.8540 val_roc_auc=0.9059 val_loss=0.3085 val_metric_name=roc_auc val_metric=0.9059
Step  600 | loss 0.2788 | val_acc=0.8484 val_roc_auc=0.9054 val_loss=0.3116 val_metric_name=roc_auc val_metric=0.9054
Step  650 | loss 0.2736 | val_acc=0.8464 val_roc_auc=0.9044 val_loss=0.3147 val_metric_name=roc_auc val_metric=0.9044
Early stopping at step 699

--- Final (best ckpt @ step 350) ---
  train_acc=0.8566 train_roc_auc=0.9192 train_loss=0.2846 train_metric_name=roc_auc train_metric=0.9192
  val_acc=0.8488 val_roc_auc=0.9066 val_loss=0.3098 val_metric_name=roc_auc val_metric=0.9066
  test_acc=0.8464 test_roc_auc=0.9008 test_loss=0.3229 test_metric_name=roc_auc test_metric=0.9008
  test_roc_auc=0.9008

============================================================
Training minesweeper GAT-sep 2L h=256 lr=1e-05 split=4
============================================================
Training for 5000 steps
Step    1 | loss 0.8417 | val_acc=0.2140 val_roc_auc=0.6505 val_loss=0.9054 val_metric_name=roc_auc val_metric=0.6505
Step   50 | loss 0.4944 | val_acc=0.8000 val_roc_auc=0.7792 val_loss=0.5065 val_metric_name=roc_auc val_metric=0.7792
Step  100 | loss 0.4733 | val_acc=0.8000 val_roc_auc=0.8084 val_loss=0.4663 val_metric_name=roc_auc val_metric=0.8084
Step  150 | loss 0.4465 | val_acc=0.8012 val_roc_auc=0.8042 val_loss=0.4327 val_metric_name=roc_auc val_metric=0.8042
Step  200 | loss 0.4135 | val_acc=0.8148 val_roc_auc=0.8154 val_loss=0.4072 val_metric_name=roc_auc val_metric=0.8154
Step  250 | loss 0.3937 | val_acc=0.8212 val_roc_auc=0.8344 val_loss=0.3961 val_metric_name=roc_auc val_metric=0.8344
Step  300 | loss 0.3764 | val_acc=0.8220 val_roc_auc=0.8502 val_loss=0.3842 val_metric_name=roc_auc val_metric=0.8502
Step  350 | loss 0.3603 | val_acc=0.8292 val_roc_auc=0.8609 val_loss=0.3692 val_metric_name=roc_auc val_metric=0.8609
Step  400 | loss 0.3452 | val_acc=0.8336 val_roc_auc=0.8697 val_loss=0.3552 val_metric_name=roc_auc val_metric=0.8697
Step  450 | loss 0.3416 | val_acc=0.8352 val_roc_auc=0.8782 val_loss=0.3437 val_metric_name=roc_auc val_metric=0.8782
Step  500 | loss 0.3321 | val_acc=0.8376 val_roc_auc=0.8850 val_loss=0.3353 val_metric_name=roc_auc val_metric=0.8850
Step  550 | loss 0.3265 | val_acc=0.8364 val_roc_auc=0.8900 val_loss=0.3296 val_metric_name=roc_auc val_metric=0.8900
Step  600 | loss 0.3231 | val_acc=0.8392 val_roc_auc=0.8938 val_loss=0.3266 val_metric_name=roc_auc val_metric=0.8938
Step  650 | loss 0.3197 | val_acc=0.8424 val_roc_auc=0.8959 val_loss=0.3249 val_metric_name=roc_auc val_metric=0.8959
Step  700 | loss 0.3141 | val_acc=0.8464 val_roc_auc=0.8979 val_loss=0.3228 val_metric_name=roc_auc val_metric=0.8979
Step  750 | loss 0.3118 | val_acc=0.8504 val_roc_auc=0.8990 val_loss=0.3213 val_metric_name=roc_auc val_metric=0.8990
Step  800 | loss 0.3119 | val_acc=0.8496 val_roc_auc=0.8999 val_loss=0.3211 val_metric_name=roc_auc val_metric=0.8999
Step  850 | loss 0.3052 | val_acc=0.8512 val_roc_auc=0.9010 val_loss=0.3186 val_metric_name=roc_auc val_metric=0.9010
Step  900 | loss 0.3091 | val_acc=0.8508 val_roc_auc=0.9015 val_loss=0.3175 val_metric_name=roc_auc val_metric=0.9015
Step  950 | loss 0.3067 | val_acc=0.8512 val_roc_auc=0.9022 val_loss=0.3164 val_metric_name=roc_auc val_metric=0.9022
Step 1000 | loss 0.3044 | val_acc=0.8512 val_roc_auc=0.9028 val_loss=0.3151 val_metric_name=roc_auc val_metric=0.9028
Step 1050 | loss 0.3024 | val_acc=0.8508 val_roc_auc=0.9030 val_loss=0.3152 val_metric_name=roc_auc val_metric=0.9030
Step 1100 | loss 0.2974 | val_acc=0.8524 val_roc_auc=0.9037 val_loss=0.3139 val_metric_name=roc_auc val_metric=0.9037
Step 1150 | loss 0.3030 | val_acc=0.8500 val_roc_auc=0.9040 val_loss=0.3137 val_metric_name=roc_auc val_metric=0.9040
Step 1200 | loss 0.3005 | val_acc=0.8500 val_roc_auc=0.9043 val_loss=0.3129 val_metric_name=roc_auc val_metric=0.9043
Step 1250 | loss 0.2995 | val_acc=0.8516 val_roc_auc=0.9046 val_loss=0.3120 val_metric_name=roc_auc val_metric=0.9046
Step 1300 | loss 0.2984 | val_acc=0.8520 val_roc_auc=0.9046 val_loss=0.3126 val_metric_name=roc_auc val_metric=0.9046
Step 1350 | loss 0.2990 | val_acc=0.8532 val_roc_auc=0.9050 val_loss=0.3114 val_metric_name=roc_auc val_metric=0.9050
Step 1400 | loss 0.3007 | val_acc=0.8532 val_roc_auc=0.9051 val_loss=0.3109 val_metric_name=roc_auc val_metric=0.9051
Step 1450 | loss 0.2989 | val_acc=0.8520 val_roc_auc=0.9054 val_loss=0.3111 val_metric_name=roc_auc val_metric=0.9054
Step 1500 | loss 0.2982 | val_acc=0.8524 val_roc_auc=0.9054 val_loss=0.3114 val_metric_name=roc_auc val_metric=0.9054
Step 1550 | loss 0.2957 | val_acc=0.8512 val_roc_auc=0.9055 val_loss=0.3114 val_metric_name=roc_auc val_metric=0.9055
Step 1600 | loss 0.3013 | val_acc=0.8520 val_roc_auc=0.9057 val_loss=0.3112 val_metric_name=roc_auc val_metric=0.9057
Step 1650 | loss 0.2938 | val_acc=0.8540 val_roc_auc=0.9058 val_loss=0.3098 val_metric_name=roc_auc val_metric=0.9058
Step 1700 | loss 0.2970 | val_acc=0.8540 val_roc_auc=0.9059 val_loss=0.3099 val_metric_name=roc_auc val_metric=0.9059
Step 1750 | loss 0.2950 | val_acc=0.8552 val_roc_auc=0.9059 val_loss=0.3104 val_metric_name=roc_auc val_metric=0.9059
Step 1800 | loss 0.2959 | val_acc=0.8540 val_roc_auc=0.9061 val_loss=0.3102 val_metric_name=roc_auc val_metric=0.9061
Step 1850 | loss 0.2907 | val_acc=0.8556 val_roc_auc=0.9059 val_loss=0.3107 val_metric_name=roc_auc val_metric=0.9059
Step 1900 | loss 0.2959 | val_acc=0.8520 val_roc_auc=0.9062 val_loss=0.3103 val_metric_name=roc_auc val_metric=0.9062
Step 1950 | loss 0.2957 | val_acc=0.8528 val_roc_auc=0.9063 val_loss=0.3106 val_metric_name=roc_auc val_metric=0.9063
Step 2000 | loss 0.2937 | val_acc=0.8520 val_roc_auc=0.9066 val_loss=0.3093 val_metric_name=roc_auc val_metric=0.9066
Step 2050 | loss 0.2907 | val_acc=0.8504 val_roc_auc=0.9065 val_loss=0.3096 val_metric_name=roc_auc val_metric=0.9065
Step 2100 | loss 0.2904 | val_acc=0.8524 val_roc_auc=0.9062 val_loss=0.3099 val_metric_name=roc_auc val_metric=0.9062
Step 2150 | loss 0.2918 | val_acc=0.8500 val_roc_auc=0.9064 val_loss=0.3101 val_metric_name=roc_auc val_metric=0.9064
Step 2200 | loss 0.2918 | val_acc=0.8532 val_roc_auc=0.9064 val_loss=0.3095 val_metric_name=roc_auc val_metric=0.9064
Step 2250 | loss 0.2908 | val_acc=0.8508 val_roc_auc=0.9065 val_loss=0.3096 val_metric_name=roc_auc val_metric=0.9065
Step 2300 | loss 0.2906 | val_acc=0.8500 val_roc_auc=0.9066 val_loss=0.3094 val_metric_name=roc_auc val_metric=0.9066
Early stopping at step 2301

--- Final (best ckpt @ step 2000) ---
  train_acc=0.8574 train_roc_auc=0.9173 train_loss=0.2876 train_metric_name=roc_auc train_metric=0.9173
  val_acc=0.8520 val_roc_auc=0.9066 val_loss=0.3093 val_metric_name=roc_auc val_metric=0.9066
  test_acc=0.8492 test_roc_auc=0.9019 test_loss=0.3194 test_metric_name=roc_auc test_metric=0.9019
  test_roc_auc=0.9019

============================================================
Training minesweeper GAT-sep 2L h=384 lr=3e-05 split=4
============================================================
Training for 5000 steps
Step    1 | loss 0.7124 | val_acc=0.7356 val_roc_auc=0.4517 val_loss=0.5801 val_metric_name=roc_auc val_metric=0.4517
Step   50 | loss 0.4077 | val_acc=0.8060 val_roc_auc=0.8201 val_loss=0.4016 val_metric_name=roc_auc val_metric=0.8201
Step  100 | loss 0.3395 | val_acc=0.8348 val_roc_auc=0.8726 val_loss=0.3440 val_metric_name=roc_auc val_metric=0.8726
Step  150 | loss 0.3076 | val_acc=0.8520 val_roc_auc=0.8968 val_loss=0.3251 val_metric_name=roc_auc val_metric=0.8968
Step  200 | loss 0.3020 | val_acc=0.8556 val_roc_auc=0.9006 val_loss=0.3212 val_metric_name=roc_auc val_metric=0.9006
Step  250 | loss 0.2964 | val_acc=0.8528 val_roc_auc=0.9024 val_loss=0.3194 val_metric_name=roc_auc val_metric=0.9024
Step  300 | loss 0.2959 | val_acc=0.8532 val_roc_auc=0.9034 val_loss=0.3176 val_metric_name=roc_auc val_metric=0.9034
Step  350 | loss 0.2959 | val_acc=0.8544 val_roc_auc=0.9046 val_loss=0.3148 val_metric_name=roc_auc val_metric=0.9046
Step  400 | loss 0.2932 | val_acc=0.8540 val_roc_auc=0.9056 val_loss=0.3146 val_metric_name=roc_auc val_metric=0.9056
Step  450 | loss 0.2897 | val_acc=0.8500 val_roc_auc=0.9059 val_loss=0.3138 val_metric_name=roc_auc val_metric=0.9059
Step  500 | loss 0.2854 | val_acc=0.8512 val_roc_auc=0.9060 val_loss=0.3123 val_metric_name=roc_auc val_metric=0.9060
Step  550 | loss 0.2859 | val_acc=0.8532 val_roc_auc=0.9062 val_loss=0.3132 val_metric_name=roc_auc val_metric=0.9062
Step  600 | loss 0.2873 | val_acc=0.8524 val_roc_auc=0.9063 val_loss=0.3130 val_metric_name=roc_auc val_metric=0.9063
Step  650 | loss 0.2872 | val_acc=0.8512 val_roc_auc=0.9065 val_loss=0.3124 val_metric_name=roc_auc val_metric=0.9065
Step  700 | loss 0.2836 | val_acc=0.8524 val_roc_auc=0.9065 val_loss=0.3113 val_metric_name=roc_auc val_metric=0.9065
Step  750 | loss 0.2846 | val_acc=0.8528 val_roc_auc=0.9063 val_loss=0.3125 val_metric_name=roc_auc val_metric=0.9063
Step  800 | loss 0.2852 | val_acc=0.8516 val_roc_auc=0.9061 val_loss=0.3145 val_metric_name=roc_auc val_metric=0.9061
Step  850 | loss 0.2788 | val_acc=0.8544 val_roc_auc=0.9064 val_loss=0.3146 val_metric_name=roc_auc val_metric=0.9064
Step  900 | loss 0.2788 | val_acc=0.8528 val_roc_auc=0.9060 val_loss=0.3160 val_metric_name=roc_auc val_metric=0.9060
Step  950 | loss 0.2785 | val_acc=0.8524 val_roc_auc=0.9058 val_loss=0.3139 val_metric_name=roc_auc val_metric=0.9058
Step 1000 | loss 0.2770 | val_acc=0.8528 val_roc_auc=0.9059 val_loss=0.3141 val_metric_name=roc_auc val_metric=0.9059
Step 1050 | loss 0.2717 | val_acc=0.8564 val_roc_auc=0.9056 val_loss=0.3170 val_metric_name=roc_auc val_metric=0.9056
Early stopping at step 1073

--- Final (best ckpt @ step 710) ---
  train_acc=0.8640 train_roc_auc=0.9213 train_loss=0.2794 train_metric_name=roc_auc train_metric=0.9213
  val_acc=0.8520 val_roc_auc=0.9067 val_loss=0.3111 val_metric_name=roc_auc val_metric=0.9067
  test_acc=0.8468 test_roc_auc=0.9006 test_loss=0.3285 test_metric_name=roc_auc test_metric=0.9006
  test_roc_auc=0.9006

============================================================
Training minesweeper GAT-sep 2L h=384 lr=6e-05 split=4
============================================================
Training for 5000 steps
Step    1 | loss 0.7124 | val_acc=0.8000 val_roc_auc=0.4742 val_loss=0.5195 val_metric_name=roc_auc val_metric=0.4742
Step   50 | loss 0.3553 | val_acc=0.8248 val_roc_auc=0.8558 val_loss=0.3778 val_metric_name=roc_auc val_metric=0.8558
Step  100 | loss 0.3113 | val_acc=0.8520 val_roc_auc=0.8968 val_loss=0.3287 val_metric_name=roc_auc val_metric=0.8968
Step  150 | loss 0.2954 | val_acc=0.8536 val_roc_auc=0.9032 val_loss=0.3148 val_metric_name=roc_auc val_metric=0.9032
Step  200 | loss 0.2930 | val_acc=0.8548 val_roc_auc=0.9044 val_loss=0.3141 val_metric_name=roc_auc val_metric=0.9044
Step  250 | loss 0.2885 | val_acc=0.8508 val_roc_auc=0.9061 val_loss=0.3124 val_metric_name=roc_auc val_metric=0.9061
Step  300 | loss 0.2879 | val_acc=0.8544 val_roc_auc=0.9062 val_loss=0.3134 val_metric_name=roc_auc val_metric=0.9062
Step  350 | loss 0.2863 | val_acc=0.8552 val_roc_auc=0.9063 val_loss=0.3116 val_metric_name=roc_auc val_metric=0.9063
Step  400 | loss 0.2828 | val_acc=0.8568 val_roc_auc=0.9066 val_loss=0.3103 val_metric_name=roc_auc val_metric=0.9066
Step  450 | loss 0.2806 | val_acc=0.8540 val_roc_auc=0.9066 val_loss=0.3105 val_metric_name=roc_auc val_metric=0.9066
Step  500 | loss 0.2748 | val_acc=0.8548 val_roc_auc=0.9064 val_loss=0.3145 val_metric_name=roc_auc val_metric=0.9064
Step  550 | loss 0.2782 | val_acc=0.8536 val_roc_auc=0.9057 val_loss=0.3175 val_metric_name=roc_auc val_metric=0.9057
Step  600 | loss 0.2762 | val_acc=0.8528 val_roc_auc=0.9052 val_loss=0.3192 val_metric_name=roc_auc val_metric=0.9052
Step  650 | loss 0.2710 | val_acc=0.8572 val_roc_auc=0.9049 val_loss=0.3196 val_metric_name=roc_auc val_metric=0.9049
Early stopping at step 690

--- Final (best ckpt @ step 390) ---
  train_acc=0.8606 train_roc_auc=0.9203 train_loss=0.2834 train_metric_name=roc_auc train_metric=0.9203
  val_acc=0.8512 val_roc_auc=0.9069 val_loss=0.3131 val_metric_name=roc_auc val_metric=0.9069
  test_acc=0.8448 test_roc_auc=0.9004 test_loss=0.3308 test_metric_name=roc_auc test_metric=0.9004
  test_roc_auc=0.9004

============================================================
Training minesweeper GAT-sep 2L h=384 lr=0.0001 split=4
============================================================
Training for 5000 steps
Step    1 | loss 0.7124 | val_acc=0.8000 val_roc_auc=0.5038 val_loss=0.5169 val_metric_name=roc_auc val_metric=0.5038
Step   50 | loss 0.3323 | val_acc=0.8440 val_roc_auc=0.8839 val_loss=0.3238 val_metric_name=roc_auc val_metric=0.8839
Step  100 | loss 0.3023 | val_acc=0.8540 val_roc_auc=0.9024 val_loss=0.3156 val_metric_name=roc_auc val_metric=0.9024
Step  150 | loss 0.2899 | val_acc=0.8556 val_roc_auc=0.9054 val_loss=0.3101 val_metric_name=roc_auc val_metric=0.9054
Step  200 | loss 0.2881 | val_acc=0.8536 val_roc_auc=0.9055 val_loss=0.3128 val_metric_name=roc_auc val_metric=0.9055
Step  250 | loss 0.2833 | val_acc=0.8528 val_roc_auc=0.9069 val_loss=0.3100 val_metric_name=roc_auc val_metric=0.9069
Step  300 | loss 0.2818 | val_acc=0.8552 val_roc_auc=0.9066 val_loss=0.3144 val_metric_name=roc_auc val_metric=0.9066
Step  350 | loss 0.2772 | val_acc=0.8520 val_roc_auc=0.9057 val_loss=0.3136 val_metric_name=roc_auc val_metric=0.9057
Step  400 | loss 0.2734 | val_acc=0.8536 val_roc_auc=0.9052 val_loss=0.3172 val_metric_name=roc_auc val_metric=0.9052
Step  450 | loss 0.2671 | val_acc=0.8516 val_roc_auc=0.9044 val_loss=0.3226 val_metric_name=roc_auc val_metric=0.9044
Step  500 | loss 0.2615 | val_acc=0.8500 val_roc_auc=0.9026 val_loss=0.3293 val_metric_name=roc_auc val_metric=0.9026
Early stopping at step 540

--- Final (best ckpt @ step 240) ---
  train_acc=0.8620 train_roc_auc=0.9193 train_loss=0.2819 train_metric_name=roc_auc train_metric=0.9193
  val_acc=0.8512 val_roc_auc=0.9071 val_loss=0.3093 val_metric_name=roc_auc val_metric=0.9071
  test_acc=0.8480 test_roc_auc=0.8995 test_loss=0.3263 test_metric_name=roc_auc test_metric=0.8995
  test_roc_auc=0.8995

============================================================
Training minesweeper GAT-sep 2L h=384 lr=1e-05 split=4
============================================================
Training for 5000 steps
Step    1 | loss 0.7124 | val_acc=0.6224 val_roc_auc=0.4351 val_loss=0.6569 val_metric_name=roc_auc val_metric=0.4351
Step   50 | loss 0.4799 | val_acc=0.8000 val_roc_auc=0.7819 val_loss=0.4772 val_metric_name=roc_auc val_metric=0.7819
Step  100 | loss 0.4289 | val_acc=0.7996 val_roc_auc=0.8121 val_loss=0.4256 val_metric_name=roc_auc val_metric=0.8121
Step  150 | loss 0.3728 | val_acc=0.8196 val_roc_auc=0.8408 val_loss=0.3916 val_metric_name=roc_auc val_metric=0.8408
Step  200 | loss 0.3475 | val_acc=0.8284 val_roc_auc=0.8588 val_loss=0.3678 val_metric_name=roc_auc val_metric=0.8588
Step  250 | loss 0.3307 | val_acc=0.8356 val_roc_auc=0.8743 val_loss=0.3458 val_metric_name=roc_auc val_metric=0.8743
Step  300 | loss 0.3237 | val_acc=0.8424 val_roc_auc=0.8870 val_loss=0.3303 val_metric_name=roc_auc val_metric=0.8870
Step  350 | loss 0.3192 | val_acc=0.8448 val_roc_auc=0.8939 val_loss=0.3264 val_metric_name=roc_auc val_metric=0.8939
Step  400 | loss 0.3161 | val_acc=0.8520 val_roc_auc=0.8971 val_loss=0.3267 val_metric_name=roc_auc val_metric=0.8971
Step  450 | loss 0.3034 | val_acc=0.8520 val_roc_auc=0.8988 val_loss=0.3255 val_metric_name=roc_auc val_metric=0.8988
Step  500 | loss 0.3044 | val_acc=0.8548 val_roc_auc=0.9002 val_loss=0.3233 val_metric_name=roc_auc val_metric=0.9002
Step  550 | loss 0.3021 | val_acc=0.8556 val_roc_auc=0.9007 val_loss=0.3234 val_metric_name=roc_auc val_metric=0.9007
Step  600 | loss 0.3021 | val_acc=0.8560 val_roc_auc=0.9016 val_loss=0.3217 val_metric_name=roc_auc val_metric=0.9016
Step  650 | loss 0.3035 | val_acc=0.8540 val_roc_auc=0.9021 val_loss=0.3200 val_metric_name=roc_auc val_metric=0.9021
Step  700 | loss 0.3001 | val_acc=0.8564 val_roc_auc=0.9027 val_loss=0.3196 val_metric_name=roc_auc val_metric=0.9027
Step  750 | loss 0.2996 | val_acc=0.8568 val_roc_auc=0.9032 val_loss=0.3187 val_metric_name=roc_auc val_metric=0.9032
Step  800 | loss 0.3029 | val_acc=0.8556 val_roc_auc=0.9034 val_loss=0.3183 val_metric_name=roc_auc val_metric=0.9034
Step  850 | loss 0.2933 | val_acc=0.8548 val_roc_auc=0.9041 val_loss=0.3172 val_metric_name=roc_auc val_metric=0.9041
Step  900 | loss 0.2953 | val_acc=0.8540 val_roc_auc=0.9044 val_loss=0.3156 val_metric_name=roc_auc val_metric=0.9044
Step  950 | loss 0.2971 | val_acc=0.8528 val_roc_auc=0.9048 val_loss=0.3160 val_metric_name=roc_auc val_metric=0.9048
Step 1000 | loss 0.2960 | val_acc=0.8564 val_roc_auc=0.9052 val_loss=0.3141 val_metric_name=roc_auc val_metric=0.9052
Step 1050 | loss 0.2906 | val_acc=0.8528 val_roc_auc=0.9055 val_loss=0.3140 val_metric_name=roc_auc val_metric=0.9055
Step 1100 | loss 0.2936 | val_acc=0.8528 val_roc_auc=0.9055 val_loss=0.3146 val_metric_name=roc_auc val_metric=0.9055
Step 1150 | loss 0.2925 | val_acc=0.8532 val_roc_auc=0.9059 val_loss=0.3139 val_metric_name=roc_auc val_metric=0.9059
Step 1200 | loss 0.2944 | val_acc=0.8512 val_roc_auc=0.9059 val_loss=0.3134 val_metric_name=roc_auc val_metric=0.9059
Step 1250 | loss 0.2943 | val_acc=0.8520 val_roc_auc=0.9062 val_loss=0.3134 val_metric_name=roc_auc val_metric=0.9062
Step 1300 | loss 0.2896 | val_acc=0.8524 val_roc_auc=0.9062 val_loss=0.3135 val_metric_name=roc_auc val_metric=0.9062
Step 1350 | loss 0.2889 | val_acc=0.8516 val_roc_auc=0.9064 val_loss=0.3135 val_metric_name=roc_auc val_metric=0.9064
Step 1400 | loss 0.2908 | val_acc=0.8520 val_roc_auc=0.9068 val_loss=0.3132 val_metric_name=roc_auc val_metric=0.9068
Step 1450 | loss 0.2881 | val_acc=0.8532 val_roc_auc=0.9066 val_loss=0.3132 val_metric_name=roc_auc val_metric=0.9066
Step 1500 | loss 0.2861 | val_acc=0.8508 val_roc_auc=0.9066 val_loss=0.3132 val_metric_name=roc_auc val_metric=0.9066
Step 1550 | loss 0.2898 | val_acc=0.8528 val_roc_auc=0.9066 val_loss=0.3127 val_metric_name=roc_auc val_metric=0.9066
Step 1600 | loss 0.2860 | val_acc=0.8532 val_roc_auc=0.9067 val_loss=0.3125 val_metric_name=roc_auc val_metric=0.9067
Step 1650 | loss 0.2859 | val_acc=0.8520 val_roc_auc=0.9065 val_loss=0.3128 val_metric_name=roc_auc val_metric=0.9065
Step 1700 | loss 0.2861 | val_acc=0.8532 val_roc_auc=0.9068 val_loss=0.3124 val_metric_name=roc_auc val_metric=0.9068
Early stopping at step 1704

--- Final (best ckpt @ step 1400) ---
  train_acc=0.8606 train_roc_auc=0.9183 train_loss=0.2869 train_metric_name=roc_auc train_metric=0.9183
  val_acc=0.8520 val_roc_auc=0.9068 val_loss=0.3132 val_metric_name=roc_auc val_metric=0.9068
  test_acc=0.8460 test_roc_auc=0.9011 test_loss=0.3276 test_metric_name=roc_auc test_metric=0.9011
  test_roc_auc=0.9011

============================================================
Training minesweeper GAT-sep 2L h=512 lr=3e-05 split=4
============================================================
Training for 5000 steps
Step    1 | loss 0.6221 | val_acc=0.8000 val_roc_auc=0.5637 val_loss=0.5021 val_metric_name=roc_auc val_metric=0.5637
Step   50 | loss 0.3632 | val_acc=0.8236 val_roc_auc=0.8489 val_loss=0.3933 val_metric_name=roc_auc val_metric=0.8489
Step  100 | loss 0.3181 | val_acc=0.8384 val_roc_auc=0.8921 val_loss=0.3356 val_metric_name=roc_auc val_metric=0.8921
Step  150 | loss 0.2993 | val_acc=0.8480 val_roc_auc=0.9000 val_loss=0.3279 val_metric_name=roc_auc val_metric=0.9000
Step  200 | loss 0.2994 | val_acc=0.8500 val_roc_auc=0.9030 val_loss=0.3222 val_metric_name=roc_auc val_metric=0.9030
Step  250 | loss 0.3012 | val_acc=0.8508 val_roc_auc=0.9047 val_loss=0.3180 val_metric_name=roc_auc val_metric=0.9047
Step  300 | loss 0.2972 | val_acc=0.8508 val_roc_auc=0.9058 val_loss=0.3161 val_metric_name=roc_auc val_metric=0.9058
Step  350 | loss 0.2909 | val_acc=0.8460 val_roc_auc=0.9061 val_loss=0.3188 val_metric_name=roc_auc val_metric=0.9061
Step  400 | loss 0.2851 | val_acc=0.8500 val_roc_auc=0.9067 val_loss=0.3152 val_metric_name=roc_auc val_metric=0.9067
Step  450 | loss 0.2857 | val_acc=0.8504 val_roc_auc=0.9070 val_loss=0.3147 val_metric_name=roc_auc val_metric=0.9070
Step  500 | loss 0.2885 | val_acc=0.8528 val_roc_auc=0.9068 val_loss=0.3131 val_metric_name=roc_auc val_metric=0.9068
Step  550 | loss 0.2830 | val_acc=0.8532 val_roc_auc=0.9066 val_loss=0.3138 val_metric_name=roc_auc val_metric=0.9066
Step  600 | loss 0.2820 | val_acc=0.8524 val_roc_auc=0.9064 val_loss=0.3130 val_metric_name=roc_auc val_metric=0.9064
Step  650 | loss 0.2786 | val_acc=0.8516 val_roc_auc=0.9056 val_loss=0.3129 val_metric_name=roc_auc val_metric=0.9056
Step  700 | loss 0.2759 | val_acc=0.8492 val_roc_auc=0.9054 val_loss=0.3142 val_metric_name=roc_auc val_metric=0.9054
Early stopping at step 743

--- Final (best ckpt @ step 440) ---
  train_acc=0.8568 train_roc_auc=0.9189 train_loss=0.2858 train_metric_name=roc_auc train_metric=0.9189
  val_acc=0.8560 val_roc_auc=0.9071 val_loss=0.3112 val_metric_name=roc_auc val_metric=0.9071
  test_acc=0.8444 test_roc_auc=0.9006 test_loss=0.3276 test_metric_name=roc_auc test_metric=0.9006
  test_roc_auc=0.9006

============================================================
Training minesweeper GAT-sep 2L h=512 lr=6e-05 split=4
============================================================
Training for 5000 steps
Step    1 | loss 0.6221 | val_acc=0.8000 val_roc_auc=0.5847 val_loss=0.5444 val_metric_name=roc_auc val_metric=0.5847
Step   50 | loss 0.3291 | val_acc=0.8372 val_roc_auc=0.8806 val_loss=0.3366 val_metric_name=roc_auc val_metric=0.8806
Step  100 | loss 0.3029 | val_acc=0.8512 val_roc_auc=0.9012 val_loss=0.3219 val_metric_name=roc_auc val_metric=0.9012
Step  150 | loss 0.2909 | val_acc=0.8508 val_roc_auc=0.9048 val_loss=0.3162 val_metric_name=roc_auc val_metric=0.9048
Step  200 | loss 0.2920 | val_acc=0.8552 val_roc_auc=0.9066 val_loss=0.3104 val_metric_name=roc_auc val_metric=0.9066
Step  250 | loss 0.2908 | val_acc=0.8532 val_roc_auc=0.9072 val_loss=0.3117 val_metric_name=roc_auc val_metric=0.9072
Step  300 | loss 0.2878 | val_acc=0.8528 val_roc_auc=0.9069 val_loss=0.3119 val_metric_name=roc_auc val_metric=0.9069
Step  350 | loss 0.2828 | val_acc=0.8516 val_roc_auc=0.9066 val_loss=0.3161 val_metric_name=roc_auc val_metric=0.9066
Step  400 | loss 0.2752 | val_acc=0.8480 val_roc_auc=0.9053 val_loss=0.3148 val_metric_name=roc_auc val_metric=0.9053
Step  450 | loss 0.2731 | val_acc=0.8520 val_roc_auc=0.9046 val_loss=0.3176 val_metric_name=roc_auc val_metric=0.9046
Step  500 | loss 0.2742 | val_acc=0.8504 val_roc_auc=0.9036 val_loss=0.3219 val_metric_name=roc_auc val_metric=0.9036
Step  550 | loss 0.2647 | val_acc=0.8508 val_roc_auc=0.9021 val_loss=0.3289 val_metric_name=roc_auc val_metric=0.9021
Early stopping at step 593

--- Final (best ckpt @ step 290) ---
  train_acc=0.8594 train_roc_auc=0.9201 train_loss=0.2826 train_metric_name=roc_auc train_metric=0.9201
  val_acc=0.8560 val_roc_auc=0.9074 val_loss=0.3104 val_metric_name=roc_auc val_metric=0.9074
  test_acc=0.8444 test_roc_auc=0.9002 test_loss=0.3283 test_metric_name=roc_auc test_metric=0.9002
  test_roc_auc=0.9002

============================================================
Training minesweeper GAT-sep 2L h=512 lr=0.0001 split=4
============================================================
Training for 5000 steps
Step    1 | loss 0.6221 | val_acc=0.8000 val_roc_auc=0.6020 val_loss=0.6724 val_metric_name=roc_auc val_metric=0.6020
Step   50 | loss 0.3135 | val_acc=0.8440 val_roc_auc=0.8934 val_loss=0.3285 val_metric_name=roc_auc val_metric=0.8934
Step  100 | loss 0.2961 | val_acc=0.8536 val_roc_auc=0.9038 val_loss=0.3130 val_metric_name=roc_auc val_metric=0.9038
Step  150 | loss 0.2859 | val_acc=0.8560 val_roc_auc=0.9065 val_loss=0.3095 val_metric_name=roc_auc val_metric=0.9065
Step  200 | loss 0.2866 | val_acc=0.8580 val_roc_auc=0.9074 val_loss=0.3102 val_metric_name=roc_auc val_metric=0.9074
Step  250 | loss 0.2825 | val_acc=0.8516 val_roc_auc=0.9058 val_loss=0.3129 val_metric_name=roc_auc val_metric=0.9058
Step  300 | loss 0.2797 | val_acc=0.8540 val_roc_auc=0.9050 val_loss=0.3157 val_metric_name=roc_auc val_metric=0.9050
Step  350 | loss 0.2721 | val_acc=0.8504 val_roc_auc=0.9041 val_loss=0.3275 val_metric_name=roc_auc val_metric=0.9041
Step  400 | loss 0.2628 | val_acc=0.8452 val_roc_auc=0.9011 val_loss=0.3311 val_metric_name=roc_auc val_metric=0.9011
Step  450 | loss 0.2547 | val_acc=0.8476 val_roc_auc=0.8998 val_loss=0.3531 val_metric_name=roc_auc val_metric=0.8998
Step  500 | loss 0.2501 | val_acc=0.8492 val_roc_auc=0.8973 val_loss=0.3601 val_metric_name=roc_auc val_metric=0.8973
Early stopping at step 500

--- Final (best ckpt @ step 200) ---
  train_acc=0.8572 train_roc_auc=0.9197 train_loss=0.2847 train_metric_name=roc_auc train_metric=0.9197
  val_acc=0.8580 val_roc_auc=0.9074 val_loss=0.3102 val_metric_name=roc_auc val_metric=0.9074
  test_acc=0.8408 test_roc_auc=0.8995 test_loss=0.3295 test_metric_name=roc_auc test_metric=0.8995
  test_roc_auc=0.8995

============================================================
Training minesweeper GAT-sep 2L h=512 lr=1e-05 split=4
============================================================
Training for 5000 steps
Step    1 | loss 0.6221 | val_acc=0.8000 val_roc_auc=0.5423 val_loss=0.5288 val_metric_name=roc_auc val_metric=0.5423
Step   50 | loss 0.4410 | val_acc=0.8000 val_roc_auc=0.7852 val_loss=0.4534 val_metric_name=roc_auc val_metric=0.7852
Step  100 | loss 0.3781 | val_acc=0.8224 val_roc_auc=0.8386 val_loss=0.4010 val_metric_name=roc_auc val_metric=0.8386
Step  150 | loss 0.3411 | val_acc=0.8316 val_roc_auc=0.8652 val_loss=0.3620 val_metric_name=roc_auc val_metric=0.8652
Step  200 | loss 0.3268 | val_acc=0.8364 val_roc_auc=0.8844 val_loss=0.3391 val_metric_name=roc_auc val_metric=0.8844
Step  250 | loss 0.3222 | val_acc=0.8416 val_roc_auc=0.8945 val_loss=0.3335 val_metric_name=roc_auc val_metric=0.8945
Step  300 | loss 0.3142 | val_acc=0.8492 val_roc_auc=0.8987 val_loss=0.3317 val_metric_name=roc_auc val_metric=0.8987
Step  350 | loss 0.3050 | val_acc=0.8476 val_roc_auc=0.8998 val_loss=0.3313 val_metric_name=roc_auc val_metric=0.8998
Step  400 | loss 0.3019 | val_acc=0.8484 val_roc_auc=0.9011 val_loss=0.3286 val_metric_name=roc_auc val_metric=0.9011
Step  450 | loss 0.3024 | val_acc=0.8496 val_roc_auc=0.9020 val_loss=0.3251 val_metric_name=roc_auc val_metric=0.9020
Step  500 | loss 0.3034 | val_acc=0.8488 val_roc_auc=0.9028 val_loss=0.3245 val_metric_name=roc_auc val_metric=0.9028
Step  550 | loss 0.2987 | val_acc=0.8500 val_roc_auc=0.9038 val_loss=0.3221 val_metric_name=roc_auc val_metric=0.9038
Step  600 | loss 0.2961 | val_acc=0.8496 val_roc_auc=0.9045 val_loss=0.3235 val_metric_name=roc_auc val_metric=0.9045
Step  650 | loss 0.2942 | val_acc=0.8492 val_roc_auc=0.9048 val_loss=0.3200 val_metric_name=roc_auc val_metric=0.9048
Step  700 | loss 0.2914 | val_acc=0.8488 val_roc_auc=0.9053 val_loss=0.3193 val_metric_name=roc_auc val_metric=0.9053
Step  750 | loss 0.2931 | val_acc=0.8496 val_roc_auc=0.9058 val_loss=0.3164 val_metric_name=roc_auc val_metric=0.9058
Step  800 | loss 0.2915 | val_acc=0.8488 val_roc_auc=0.9063 val_loss=0.3163 val_metric_name=roc_auc val_metric=0.9063
Step  850 | loss 0.2921 | val_acc=0.8516 val_roc_auc=0.9065 val_loss=0.3154 val_metric_name=roc_auc val_metric=0.9065
Step  900 | loss 0.2961 | val_acc=0.8496 val_roc_auc=0.9066 val_loss=0.3165 val_metric_name=roc_auc val_metric=0.9066
Step  950 | loss 0.2914 | val_acc=0.8508 val_roc_auc=0.9067 val_loss=0.3156 val_metric_name=roc_auc val_metric=0.9067
Step 1000 | loss 0.2880 | val_acc=0.8492 val_roc_auc=0.9066 val_loss=0.3164 val_metric_name=roc_auc val_metric=0.9066
Step 1050 | loss 0.2875 | val_acc=0.8504 val_roc_auc=0.9070 val_loss=0.3150 val_metric_name=roc_auc val_metric=0.9070
Step 1100 | loss 0.2846 | val_acc=0.8512 val_roc_auc=0.9068 val_loss=0.3147 val_metric_name=roc_auc val_metric=0.9068
Step 1150 | loss 0.2856 | val_acc=0.8484 val_roc_auc=0.9071 val_loss=0.3148 val_metric_name=roc_auc val_metric=0.9071
Step 1200 | loss 0.2866 | val_acc=0.8484 val_roc_auc=0.9070 val_loss=0.3149 val_metric_name=roc_auc val_metric=0.9070
Step 1250 | loss 0.2847 | val_acc=0.8492 val_roc_auc=0.9070 val_loss=0.3147 val_metric_name=roc_auc val_metric=0.9070
Step 1300 | loss 0.2845 | val_acc=0.8496 val_roc_auc=0.9070 val_loss=0.3144 val_metric_name=roc_auc val_metric=0.9070
Step 1350 | loss 0.2852 | val_acc=0.8500 val_roc_auc=0.9069 val_loss=0.3161 val_metric_name=roc_auc val_metric=0.9069
Step 1400 | loss 0.2810 | val_acc=0.8520 val_roc_auc=0.9070 val_loss=0.3133 val_metric_name=roc_auc val_metric=0.9070
Step 1450 | loss 0.2826 | val_acc=0.8504 val_roc_auc=0.9070 val_loss=0.3146 val_metric_name=roc_auc val_metric=0.9070
Early stopping at step 1481

--- Final (best ckpt @ step 1130) ---
  train_acc=0.8562 train_roc_auc=0.9188 train_loss=0.2879 train_metric_name=roc_auc train_metric=0.9188
  val_acc=0.8504 val_roc_auc=0.9071 val_loss=0.3132 val_metric_name=roc_auc val_metric=0.9071
  test_acc=0.8428 test_roc_auc=0.8996 test_loss=0.3324 test_metric_name=roc_auc test_metric=0.8996
  test_roc_auc=0.8996
  >> num_layers=2 hidden_dim=256 lr=3e-05 best_step=970 val_roc_auc=0.9067 test_roc_auc=0.9017
     val_acc=0.8520 val_loss=0.3087 val_metric=0.9067 val_metric_name=roc_auc val_roc_auc=0.9067
     test_acc=0.8468 test_loss=0.3202 test_metric=0.9017 test_metric_name=roc_auc test_roc_auc=0.9017
  >> num_layers=2 hidden_dim=256 lr=6e-05 best_step=680 val_roc_auc=0.9068 test_roc_auc=0.9005
     val_acc=0.8516 val_loss=0.3086 val_metric=0.9068 val_metric_name=roc_auc val_roc_auc=0.9068
     test_acc=0.8444 test_loss=0.3249 test_metric=0.9005 test_metric_name=roc_auc test_roc_auc=0.9005
  >> num_layers=2 hidden_dim=256 lr=0.0001 best_step=350 val_roc_auc=0.9066 test_roc_auc=0.9008
     val_acc=0.8488 val_loss=0.3098 val_metric=0.9066 val_metric_name=roc_auc val_roc_auc=0.9066
     test_acc=0.8464 test_loss=0.3229 test_metric=0.9008 test_metric_name=roc_auc test_roc_auc=0.9008
  >> num_layers=2 hidden_dim=256 lr=1e-05 best_step=2000 val_roc_auc=0.9066 test_roc_auc=0.9019
     val_acc=0.8520 val_loss=0.3093 val_metric=0.9066 val_metric_name=roc_auc val_roc_auc=0.9066
     test_acc=0.8492 test_loss=0.3194 test_metric=0.9019 test_metric_name=roc_auc test_roc_auc=0.9019
  >> num_layers=2 hidden_dim=384 lr=3e-05 best_step=710 val_roc_auc=0.9067 test_roc_auc=0.9006
     val_acc=0.8520 val_loss=0.3111 val_metric=0.9067 val_metric_name=roc_auc val_roc_auc=0.9067
     test_acc=0.8468 test_loss=0.3285 test_metric=0.9006 test_metric_name=roc_auc test_roc_auc=0.9006
  >> num_layers=2 hidden_dim=384 lr=6e-05 best_step=390 val_roc_auc=0.9069 test_roc_auc=0.9004
     val_acc=0.8512 val_loss=0.3131 val_metric=0.9069 val_metric_name=roc_auc val_roc_auc=0.9069
     test_acc=0.8448 test_loss=0.3308 test_metric=0.9004 test_metric_name=roc_auc test_roc_auc=0.9004
  >> num_layers=2 hidden_dim=384 lr=0.0001 best_step=240 val_roc_auc=0.9071 test_roc_auc=0.8995
     val_acc=0.8512 val_loss=0.3093 val_metric=0.9071 val_metric_name=roc_auc val_roc_auc=0.9071
     test_acc=0.8480 test_loss=0.3263 test_metric=0.8995 test_metric_name=roc_auc test_roc_auc=0.8995
  >> num_layers=2 hidden_dim=384 lr=1e-05 best_step=1400 val_roc_auc=0.9068 test_roc_auc=0.9011
     val_acc=0.8520 val_loss=0.3132 val_metric=0.9068 val_metric_name=roc_auc val_roc_auc=0.9068
     test_acc=0.8460 test_loss=0.3276 test_metric=0.9011 test_metric_name=roc_auc test_roc_auc=0.9011
  >> num_layers=2 hidden_dim=512 lr=3e-05 best_step=440 val_roc_auc=0.9071 test_roc_auc=0.9006
     val_acc=0.8560 val_loss=0.3112 val_metric=0.9071 val_metric_name=roc_auc val_roc_auc=0.9071
     test_acc=0.8444 test_loss=0.3276 test_metric=0.9006 test_metric_name=roc_auc test_roc_auc=0.9006
  >> num_layers=2 hidden_dim=512 lr=6e-05 best_step=290 val_roc_auc=0.9074 test_roc_auc=0.9002
     val_acc=0.8560 val_loss=0.3104 val_metric=0.9074 val_metric_name=roc_auc val_roc_auc=0.9074
     test_acc=0.8444 test_loss=0.3283 test_metric=0.9002 test_metric_name=roc_auc test_roc_auc=0.9002
  >> num_layers=2 hidden_dim=512 lr=0.0001 best_step=200 val_roc_auc=0.9074 test_roc_auc=0.8995
     val_acc=0.8580 val_loss=0.3102 val_metric=0.9074 val_metric_name=roc_auc val_roc_auc=0.9074
     test_acc=0.8408 test_loss=0.3295 test_metric=0.8995 test_metric_name=roc_auc test_roc_auc=0.8995
  >> num_layers=2 hidden_dim=512 lr=1e-05 best_step=1130 val_roc_auc=0.9071 test_roc_auc=0.8996
     val_acc=0.8504 val_loss=0.3132 val_metric=0.9071 val_metric_name=roc_auc val_roc_auc=0.9071
     test_acc=0.8428 test_loss=0.3324 test_metric=0.8996 test_metric_name=roc_auc test_roc_auc=0.8996
  >> selected best (by val): num_layers=2 hidden_dim=512 lr=6e-05 val_roc_auc=0.9074 test_roc_auc=0.9002
     val_acc=0.8560 val_loss=0.3104 val_metric=0.9074 val_metric_name=roc_auc val_roc_auc=0.9074
     test_acc=0.8444 test_loss=0.3283 test_metric=0.9002 test_metric_name=roc_auc test_roc_auc=0.9002

Done. Results saved to /home/avshmelev/diploma_yandex_graphs/results_grid/minesweeper/base.csv, checkpoints in /home/avshmelev/diploma_yandex_graphs/all_checkpoints/minesweeper/base/
