Loading data...

============================================================
Training minesweeper GAT-sep 1L h=256 lr=3e-05 split=7
============================================================
Training for 5000 steps
Step    1 | loss 0.8030 | val_acc=0.3040 val_roc_auc=0.4310 val_loss=0.7832 val_metric_name=roc_auc val_metric=0.4310
Step   50 | loss 0.4911 | val_acc=0.8000 val_roc_auc=0.7115 val_loss=0.4870 val_metric_name=roc_auc val_metric=0.7115
Step  100 | loss 0.4451 | val_acc=0.8016 val_roc_auc=0.8115 val_loss=0.4261 val_metric_name=roc_auc val_metric=0.8115
Step  150 | loss 0.3879 | val_acc=0.8228 val_roc_auc=0.8441 val_loss=0.3760 val_metric_name=roc_auc val_metric=0.8441
Step  200 | loss 0.3694 | val_acc=0.8292 val_roc_auc=0.8638 val_loss=0.3512 val_metric_name=roc_auc val_metric=0.8638
Step  250 | loss 0.3577 | val_acc=0.8340 val_roc_auc=0.8733 val_loss=0.3377 val_metric_name=roc_auc val_metric=0.8733
Step  300 | loss 0.3521 | val_acc=0.8372 val_roc_auc=0.8770 val_loss=0.3311 val_metric_name=roc_auc val_metric=0.8770
Step  350 | loss 0.3477 | val_acc=0.8376 val_roc_auc=0.8790 val_loss=0.3287 val_metric_name=roc_auc val_metric=0.8790
Step  400 | loss 0.3396 | val_acc=0.8376 val_roc_auc=0.8794 val_loss=0.3272 val_metric_name=roc_auc val_metric=0.8794
Step  450 | loss 0.3384 | val_acc=0.8384 val_roc_auc=0.8798 val_loss=0.3264 val_metric_name=roc_auc val_metric=0.8798
Step  500 | loss 0.3327 | val_acc=0.8384 val_roc_auc=0.8799 val_loss=0.3265 val_metric_name=roc_auc val_metric=0.8799
Step  550 | loss 0.3323 | val_acc=0.8380 val_roc_auc=0.8800 val_loss=0.3267 val_metric_name=roc_auc val_metric=0.8800
Step  600 | loss 0.3284 | val_acc=0.8368 val_roc_auc=0.8801 val_loss=0.3265 val_metric_name=roc_auc val_metric=0.8801
Step  650 | loss 0.3284 | val_acc=0.8372 val_roc_auc=0.8803 val_loss=0.3264 val_metric_name=roc_auc val_metric=0.8803
Step  700 | loss 0.3275 | val_acc=0.8372 val_roc_auc=0.8800 val_loss=0.3268 val_metric_name=roc_auc val_metric=0.8800
Step  750 | loss 0.3293 | val_acc=0.8372 val_roc_auc=0.8800 val_loss=0.3272 val_metric_name=roc_auc val_metric=0.8800
Step  800 | loss 0.3267 | val_acc=0.8376 val_roc_auc=0.8797 val_loss=0.3269 val_metric_name=roc_auc val_metric=0.8797
Step  850 | loss 0.3283 | val_acc=0.8372 val_roc_auc=0.8798 val_loss=0.3269 val_metric_name=roc_auc val_metric=0.8798
Step  900 | loss 0.3226 | val_acc=0.8368 val_roc_auc=0.8797 val_loss=0.3271 val_metric_name=roc_auc val_metric=0.8797
Step  950 | loss 0.3259 | val_acc=0.8372 val_roc_auc=0.8796 val_loss=0.3278 val_metric_name=roc_auc val_metric=0.8796
Early stopping at step 950

--- Final (best ckpt @ step 650) ---
  train_acc=0.8418 train_roc_auc=0.8834 train_loss=0.3205 train_metric_name=roc_auc train_metric=0.8834
  val_acc=0.8372 val_roc_auc=0.8803 val_loss=0.3264 val_metric_name=roc_auc val_metric=0.8803
  test_acc=0.8496 test_roc_auc=0.8913 test_loss=0.3160 test_metric_name=roc_auc test_metric=0.8913
  test_roc_auc=0.8913

============================================================
Training minesweeper GAT-sep 1L h=256 lr=6e-05 split=7
============================================================
Training for 5000 steps
Step    1 | loss 0.8030 | val_acc=0.3100 val_roc_auc=0.4393 val_loss=0.7298 val_metric_name=roc_auc val_metric=0.4393
Step   50 | loss 0.4625 | val_acc=0.8000 val_roc_auc=0.7945 val_loss=0.4534 val_metric_name=roc_auc val_metric=0.7945
Step  100 | loss 0.3830 | val_acc=0.8240 val_roc_auc=0.8521 val_loss=0.3662 val_metric_name=roc_auc val_metric=0.8521
Step  150 | loss 0.3506 | val_acc=0.8368 val_roc_auc=0.8755 val_loss=0.3347 val_metric_name=roc_auc val_metric=0.8755
Step  200 | loss 0.3422 | val_acc=0.8380 val_roc_auc=0.8792 val_loss=0.3276 val_metric_name=roc_auc val_metric=0.8792
Step  250 | loss 0.3369 | val_acc=0.8384 val_roc_auc=0.8796 val_loss=0.3267 val_metric_name=roc_auc val_metric=0.8796
Step  300 | loss 0.3349 | val_acc=0.8376 val_roc_auc=0.8800 val_loss=0.3263 val_metric_name=roc_auc val_metric=0.8800
Step  350 | loss 0.3332 | val_acc=0.8368 val_roc_auc=0.8801 val_loss=0.3269 val_metric_name=roc_auc val_metric=0.8801
Step  400 | loss 0.3284 | val_acc=0.8376 val_roc_auc=0.8800 val_loss=0.3266 val_metric_name=roc_auc val_metric=0.8800
Step  450 | loss 0.3279 | val_acc=0.8380 val_roc_auc=0.8797 val_loss=0.3266 val_metric_name=roc_auc val_metric=0.8797
Step  500 | loss 0.3248 | val_acc=0.8384 val_roc_auc=0.8793 val_loss=0.3270 val_metric_name=roc_auc val_metric=0.8793
Step  550 | loss 0.3241 | val_acc=0.8376 val_roc_auc=0.8793 val_loss=0.3278 val_metric_name=roc_auc val_metric=0.8793
Step  600 | loss 0.3225 | val_acc=0.8372 val_roc_auc=0.8794 val_loss=0.3272 val_metric_name=roc_auc val_metric=0.8794
Step  650 | loss 0.3220 | val_acc=0.8364 val_roc_auc=0.8791 val_loss=0.3282 val_metric_name=roc_auc val_metric=0.8791
Step  700 | loss 0.3215 | val_acc=0.8364 val_roc_auc=0.8790 val_loss=0.3278 val_metric_name=roc_auc val_metric=0.8790
Early stopping at step 707

--- Final (best ckpt @ step 330) ---
  train_acc=0.8406 train_roc_auc=0.8833 train_loss=0.3207 train_metric_name=roc_auc train_metric=0.8833
  val_acc=0.8376 val_roc_auc=0.8801 val_loss=0.3263 val_metric_name=roc_auc val_metric=0.8801
  test_acc=0.8496 test_roc_auc=0.8913 test_loss=0.3160 test_metric_name=roc_auc test_metric=0.8913
  test_roc_auc=0.8913

============================================================
Training minesweeper GAT-sep 1L h=256 lr=0.0001 split=7
============================================================
Training for 5000 steps
Step    1 | loss 0.8030 | val_acc=0.5100 val_roc_auc=0.4530 val_loss=0.6681 val_metric_name=roc_auc val_metric=0.4530
Step   50 | loss 0.4218 | val_acc=0.8048 val_roc_auc=0.8232 val_loss=0.3944 val_metric_name=roc_auc val_metric=0.8232
Step  100 | loss 0.3590 | val_acc=0.8348 val_roc_auc=0.8744 val_loss=0.3353 val_metric_name=roc_auc val_metric=0.8744
Step  150 | loss 0.3381 | val_acc=0.8384 val_roc_auc=0.8797 val_loss=0.3269 val_metric_name=roc_auc val_metric=0.8797
Step  200 | loss 0.3322 | val_acc=0.8380 val_roc_auc=0.8801 val_loss=0.3258 val_metric_name=roc_auc val_metric=0.8801
Step  250 | loss 0.3291 | val_acc=0.8372 val_roc_auc=0.8797 val_loss=0.3272 val_metric_name=roc_auc val_metric=0.8797
Step  300 | loss 0.3286 | val_acc=0.8376 val_roc_auc=0.8798 val_loss=0.3264 val_metric_name=roc_auc val_metric=0.8798
Step  350 | loss 0.3269 | val_acc=0.8376 val_roc_auc=0.8794 val_loss=0.3270 val_metric_name=roc_auc val_metric=0.8794
Step  400 | loss 0.3236 | val_acc=0.8388 val_roc_auc=0.8794 val_loss=0.3264 val_metric_name=roc_auc val_metric=0.8794
Step  450 | loss 0.3234 | val_acc=0.8376 val_roc_auc=0.8795 val_loss=0.3275 val_metric_name=roc_auc val_metric=0.8795
Step  500 | loss 0.3217 | val_acc=0.8380 val_roc_auc=0.8789 val_loss=0.3270 val_metric_name=roc_auc val_metric=0.8789
Early stopping at step 530

--- Final (best ckpt @ step 230) ---
  train_acc=0.8410 train_roc_auc=0.8833 train_loss=0.3207 train_metric_name=roc_auc train_metric=0.8833
  val_acc=0.8372 val_roc_auc=0.8804 val_loss=0.3260 val_metric_name=roc_auc val_metric=0.8804
  test_acc=0.8488 test_roc_auc=0.8916 test_loss=0.3164 test_metric_name=roc_auc test_metric=0.8916
  test_roc_auc=0.8916

============================================================
Training minesweeper GAT-sep 1L h=256 lr=1e-05 split=7
============================================================
Training for 5000 steps
Step    1 | loss 0.8030 | val_acc=0.3044 val_roc_auc=0.4295 val_loss=0.8221 val_metric_name=roc_auc val_metric=0.4295
Step   50 | loss 0.5162 | val_acc=0.8000 val_roc_auc=0.5379 val_loss=0.5023 val_metric_name=roc_auc val_metric=0.5379
Step  100 | loss 0.4989 | val_acc=0.8000 val_roc_auc=0.6469 val_loss=0.5011 val_metric_name=roc_auc val_metric=0.6469
Step  150 | loss 0.4841 | val_acc=0.8000 val_roc_auc=0.7315 val_loss=0.4830 val_metric_name=roc_auc val_metric=0.7315
Step  200 | loss 0.4717 | val_acc=0.8000 val_roc_auc=0.7821 val_loss=0.4617 val_metric_name=roc_auc val_metric=0.7821
Step  250 | loss 0.4509 | val_acc=0.8008 val_roc_auc=0.8089 val_loss=0.4348 val_metric_name=roc_auc val_metric=0.8089
Step  300 | loss 0.4307 | val_acc=0.8012 val_roc_auc=0.8252 val_loss=0.4081 val_metric_name=roc_auc val_metric=0.8252
Step  350 | loss 0.4082 | val_acc=0.8108 val_roc_auc=0.8364 val_loss=0.3883 val_metric_name=roc_auc val_metric=0.8364
Step  400 | loss 0.3928 | val_acc=0.8216 val_roc_auc=0.8461 val_loss=0.3747 val_metric_name=roc_auc val_metric=0.8461
Step  450 | loss 0.3846 | val_acc=0.8244 val_roc_auc=0.8538 val_loss=0.3653 val_metric_name=roc_auc val_metric=0.8538
Step  500 | loss 0.3737 | val_acc=0.8276 val_roc_auc=0.8595 val_loss=0.3578 val_metric_name=roc_auc val_metric=0.8595
Step  550 | loss 0.3689 | val_acc=0.8304 val_roc_auc=0.8647 val_loss=0.3512 val_metric_name=roc_auc val_metric=0.8647
Step  600 | loss 0.3594 | val_acc=0.8308 val_roc_auc=0.8685 val_loss=0.3461 val_metric_name=roc_auc val_metric=0.8685
Step  650 | loss 0.3574 | val_acc=0.8332 val_roc_auc=0.8714 val_loss=0.3412 val_metric_name=roc_auc val_metric=0.8714
Step  700 | loss 0.3526 | val_acc=0.8356 val_roc_auc=0.8736 val_loss=0.3376 val_metric_name=roc_auc val_metric=0.8736
Step  750 | loss 0.3541 | val_acc=0.8368 val_roc_auc=0.8752 val_loss=0.3352 val_metric_name=roc_auc val_metric=0.8752
Step  800 | loss 0.3505 | val_acc=0.8380 val_roc_auc=0.8764 val_loss=0.3329 val_metric_name=roc_auc val_metric=0.8764
Step  850 | loss 0.3487 | val_acc=0.8384 val_roc_auc=0.8775 val_loss=0.3314 val_metric_name=roc_auc val_metric=0.8775
Step  900 | loss 0.3437 | val_acc=0.8376 val_roc_auc=0.8782 val_loss=0.3301 val_metric_name=roc_auc val_metric=0.8782
Step  950 | loss 0.3424 | val_acc=0.8372 val_roc_auc=0.8787 val_loss=0.3289 val_metric_name=roc_auc val_metric=0.8787
Step 1000 | loss 0.3441 | val_acc=0.8372 val_roc_auc=0.8789 val_loss=0.3286 val_metric_name=roc_auc val_metric=0.8789
Step 1050 | loss 0.3392 | val_acc=0.8372 val_roc_auc=0.8791 val_loss=0.3280 val_metric_name=roc_auc val_metric=0.8791
Step 1100 | loss 0.3378 | val_acc=0.8368 val_roc_auc=0.8792 val_loss=0.3278 val_metric_name=roc_auc val_metric=0.8792
Step 1150 | loss 0.3379 | val_acc=0.8384 val_roc_auc=0.8794 val_loss=0.3276 val_metric_name=roc_auc val_metric=0.8794
Step 1200 | loss 0.3396 | val_acc=0.8380 val_roc_auc=0.8795 val_loss=0.3273 val_metric_name=roc_auc val_metric=0.8795
Step 1250 | loss 0.3343 | val_acc=0.8380 val_roc_auc=0.8795 val_loss=0.3271 val_metric_name=roc_auc val_metric=0.8795
Step 1300 | loss 0.3364 | val_acc=0.8380 val_roc_auc=0.8797 val_loss=0.3270 val_metric_name=roc_auc val_metric=0.8797
Step 1350 | loss 0.3373 | val_acc=0.8384 val_roc_auc=0.8797 val_loss=0.3270 val_metric_name=roc_auc val_metric=0.8797
Step 1400 | loss 0.3363 | val_acc=0.8384 val_roc_auc=0.8796 val_loss=0.3270 val_metric_name=roc_auc val_metric=0.8796
Step 1450 | loss 0.3351 | val_acc=0.8376 val_roc_auc=0.8796 val_loss=0.3270 val_metric_name=roc_auc val_metric=0.8796
Step 1500 | loss 0.3362 | val_acc=0.8372 val_roc_auc=0.8800 val_loss=0.3269 val_metric_name=roc_auc val_metric=0.8800
Step 1550 | loss 0.3290 | val_acc=0.8372 val_roc_auc=0.8800 val_loss=0.3271 val_metric_name=roc_auc val_metric=0.8800
Step 1600 | loss 0.3335 | val_acc=0.8372 val_roc_auc=0.8799 val_loss=0.3270 val_metric_name=roc_auc val_metric=0.8799
Step 1650 | loss 0.3315 | val_acc=0.8380 val_roc_auc=0.8800 val_loss=0.3271 val_metric_name=roc_auc val_metric=0.8800
Step 1700 | loss 0.3301 | val_acc=0.8380 val_roc_auc=0.8799 val_loss=0.3271 val_metric_name=roc_auc val_metric=0.8799
Step 1750 | loss 0.3325 | val_acc=0.8380 val_roc_auc=0.8801 val_loss=0.3270 val_metric_name=roc_auc val_metric=0.8801
Step 1800 | loss 0.3291 | val_acc=0.8368 val_roc_auc=0.8799 val_loss=0.3271 val_metric_name=roc_auc val_metric=0.8799
Step 1850 | loss 0.3278 | val_acc=0.8380 val_roc_auc=0.8799 val_loss=0.3271 val_metric_name=roc_auc val_metric=0.8799
Step 1900 | loss 0.3339 | val_acc=0.8372 val_roc_auc=0.8799 val_loss=0.3270 val_metric_name=roc_auc val_metric=0.8799
Step 1950 | loss 0.3295 | val_acc=0.8372 val_roc_auc=0.8797 val_loss=0.3272 val_metric_name=roc_auc val_metric=0.8797
Step 2000 | loss 0.3291 | val_acc=0.8376 val_roc_auc=0.8800 val_loss=0.3271 val_metric_name=roc_auc val_metric=0.8800
Step 2050 | loss 0.3243 | val_acc=0.8372 val_roc_auc=0.8799 val_loss=0.3273 val_metric_name=roc_auc val_metric=0.8799
Step 2100 | loss 0.3295 | val_acc=0.8372 val_roc_auc=0.8797 val_loss=0.3274 val_metric_name=roc_auc val_metric=0.8797
Step 2150 | loss 0.3269 | val_acc=0.8376 val_roc_auc=0.8800 val_loss=0.3271 val_metric_name=roc_auc val_metric=0.8800
Step 2200 | loss 0.3294 | val_acc=0.8368 val_roc_auc=0.8796 val_loss=0.3273 val_metric_name=roc_auc val_metric=0.8796
Step 2250 | loss 0.3291 | val_acc=0.8372 val_roc_auc=0.8798 val_loss=0.3271 val_metric_name=roc_auc val_metric=0.8798
Step 2300 | loss 0.3229 | val_acc=0.8368 val_roc_auc=0.8797 val_loss=0.3275 val_metric_name=roc_auc val_metric=0.8797
Step 2350 | loss 0.3256 | val_acc=0.8360 val_roc_auc=0.8796 val_loss=0.3272 val_metric_name=roc_auc val_metric=0.8796
Step 2400 | loss 0.3258 | val_acc=0.8360 val_roc_auc=0.8797 val_loss=0.3275 val_metric_name=roc_auc val_metric=0.8797
Early stopping at step 2442

--- Final (best ckpt @ step 2140) ---
  train_acc=0.8416 train_roc_auc=0.8840 train_loss=0.3202 train_metric_name=roc_auc train_metric=0.8840
  val_acc=0.8368 val_roc_auc=0.8801 val_loss=0.3271 val_metric_name=roc_auc val_metric=0.8801
  test_acc=0.8488 test_roc_auc=0.8915 test_loss=0.3169 test_metric_name=roc_auc test_metric=0.8915
  test_roc_auc=0.8915

============================================================
Training minesweeper GAT-sep 1L h=384 lr=3e-05 split=7
============================================================
Training for 5000 steps
Step    1 | loss 0.7283 | val_acc=0.8000 val_roc_auc=0.6716 val_loss=0.6257 val_metric_name=roc_auc val_metric=0.6716
Step   50 | loss 0.4587 | val_acc=0.8000 val_roc_auc=0.8125 val_loss=0.4522 val_metric_name=roc_auc val_metric=0.8125
Step  100 | loss 0.3749 | val_acc=0.8280 val_roc_auc=0.8555 val_loss=0.3601 val_metric_name=roc_auc val_metric=0.8555
Step  150 | loss 0.3527 | val_acc=0.8376 val_roc_auc=0.8759 val_loss=0.3341 val_metric_name=roc_auc val_metric=0.8759
Step  200 | loss 0.3413 | val_acc=0.8388 val_roc_auc=0.8799 val_loss=0.3281 val_metric_name=roc_auc val_metric=0.8799
Step  250 | loss 0.3377 | val_acc=0.8396 val_roc_auc=0.8806 val_loss=0.3259 val_metric_name=roc_auc val_metric=0.8806
Step  300 | loss 0.3298 | val_acc=0.8404 val_roc_auc=0.8809 val_loss=0.3252 val_metric_name=roc_auc val_metric=0.8809
Step  350 | loss 0.3318 | val_acc=0.8396 val_roc_auc=0.8808 val_loss=0.3251 val_metric_name=roc_auc val_metric=0.8808
Step  400 | loss 0.3255 | val_acc=0.8388 val_roc_auc=0.8809 val_loss=0.3249 val_metric_name=roc_auc val_metric=0.8809
Step  450 | loss 0.3254 | val_acc=0.8388 val_roc_auc=0.8807 val_loss=0.3251 val_metric_name=roc_auc val_metric=0.8807
Step  500 | loss 0.3270 | val_acc=0.8380 val_roc_auc=0.8808 val_loss=0.3252 val_metric_name=roc_auc val_metric=0.8808
Step  550 | loss 0.3252 | val_acc=0.8372 val_roc_auc=0.8804 val_loss=0.3255 val_metric_name=roc_auc val_metric=0.8804
Step  600 | loss 0.3238 | val_acc=0.8368 val_roc_auc=0.8803 val_loss=0.3255 val_metric_name=roc_auc val_metric=0.8803
Step  650 | loss 0.3257 | val_acc=0.8376 val_roc_auc=0.8802 val_loss=0.3255 val_metric_name=roc_auc val_metric=0.8802
Early stopping at step 660

--- Final (best ckpt @ step 360) ---
  train_acc=0.8390 train_roc_auc=0.8827 train_loss=0.3216 train_metric_name=roc_auc train_metric=0.8827
  val_acc=0.8392 val_roc_auc=0.8809 val_loss=0.3249 val_metric_name=roc_auc val_metric=0.8809
  test_acc=0.8516 test_roc_auc=0.8920 test_loss=0.3142 test_metric_name=roc_auc test_metric=0.8920
  test_roc_auc=0.8920

============================================================
Training minesweeper GAT-sep 1L h=384 lr=6e-05 split=7
============================================================
Training for 5000 steps
Step    1 | loss 0.7283 | val_acc=0.8000 val_roc_auc=0.6757 val_loss=0.5603 val_metric_name=roc_auc val_metric=0.6757
Step   50 | loss 0.4008 | val_acc=0.8200 val_roc_auc=0.8369 val_loss=0.3858 val_metric_name=roc_auc val_metric=0.8369
Step  100 | loss 0.3462 | val_acc=0.8364 val_roc_auc=0.8779 val_loss=0.3316 val_metric_name=roc_auc val_metric=0.8779
Step  150 | loss 0.3383 | val_acc=0.8396 val_roc_auc=0.8806 val_loss=0.3255 val_metric_name=roc_auc val_metric=0.8806
Step  200 | loss 0.3309 | val_acc=0.8396 val_roc_auc=0.8808 val_loss=0.3250 val_metric_name=roc_auc val_metric=0.8808
Step  250 | loss 0.3287 | val_acc=0.8380 val_roc_auc=0.8808 val_loss=0.3251 val_metric_name=roc_auc val_metric=0.8808
Step  300 | loss 0.3225 | val_acc=0.8380 val_roc_auc=0.8804 val_loss=0.3253 val_metric_name=roc_auc val_metric=0.8804
Step  350 | loss 0.3246 | val_acc=0.8380 val_roc_auc=0.8802 val_loss=0.3255 val_metric_name=roc_auc val_metric=0.8802
Step  400 | loss 0.3198 | val_acc=0.8384 val_roc_auc=0.8803 val_loss=0.3258 val_metric_name=roc_auc val_metric=0.8803
Step  450 | loss 0.3209 | val_acc=0.8372 val_roc_auc=0.8801 val_loss=0.3261 val_metric_name=roc_auc val_metric=0.8801
Step  500 | loss 0.3209 | val_acc=0.8376 val_roc_auc=0.8800 val_loss=0.3264 val_metric_name=roc_auc val_metric=0.8800
Early stopping at step 523

--- Final (best ckpt @ step 220) ---
  train_acc=0.8388 train_roc_auc=0.8828 train_loss=0.3214 train_metric_name=roc_auc train_metric=0.8828
  val_acc=0.8392 val_roc_auc=0.8811 val_loss=0.3248 val_metric_name=roc_auc val_metric=0.8811
  test_acc=0.8520 test_roc_auc=0.8921 test_loss=0.3143 test_metric_name=roc_auc test_metric=0.8921
  test_roc_auc=0.8921

============================================================
Training minesweeper GAT-sep 1L h=384 lr=0.0001 split=7
============================================================
Training for 5000 steps
Step    1 | loss 0.7283 | val_acc=0.8000 val_roc_auc=0.6603 val_loss=0.5094 val_metric_name=roc_auc val_metric=0.6603
Step   50 | loss 0.3696 | val_acc=0.8252 val_roc_auc=0.8563 val_loss=0.3611 val_metric_name=roc_auc val_metric=0.8563
Step  100 | loss 0.3365 | val_acc=0.8400 val_roc_auc=0.8797 val_loss=0.3268 val_metric_name=roc_auc val_metric=0.8797
Step  150 | loss 0.3317 | val_acc=0.8380 val_roc_auc=0.8810 val_loss=0.3250 val_metric_name=roc_auc val_metric=0.8810
Step  200 | loss 0.3257 | val_acc=0.8372 val_roc_auc=0.8804 val_loss=0.3259 val_metric_name=roc_auc val_metric=0.8804
Step  250 | loss 0.3250 | val_acc=0.8380 val_roc_auc=0.8801 val_loss=0.3260 val_metric_name=roc_auc val_metric=0.8801
Step  300 | loss 0.3188 | val_acc=0.8384 val_roc_auc=0.8799 val_loss=0.3261 val_metric_name=roc_auc val_metric=0.8799
Step  350 | loss 0.3211 | val_acc=0.8368 val_roc_auc=0.8797 val_loss=0.3266 val_metric_name=roc_auc val_metric=0.8797
Step  400 | loss 0.3171 | val_acc=0.8368 val_roc_auc=0.8802 val_loss=0.3271 val_metric_name=roc_auc val_metric=0.8802
Step  450 | loss 0.3181 | val_acc=0.8356 val_roc_auc=0.8800 val_loss=0.3261 val_metric_name=roc_auc val_metric=0.8800
Early stopping at step 450

--- Final (best ckpt @ step 150) ---
  train_acc=0.8402 train_roc_auc=0.8827 train_loss=0.3213 train_metric_name=roc_auc train_metric=0.8827
  val_acc=0.8380 val_roc_auc=0.8810 val_loss=0.3250 val_metric_name=roc_auc val_metric=0.8810
  test_acc=0.8528 test_roc_auc=0.8918 test_loss=0.3146 test_metric_name=roc_auc test_metric=0.8918
  test_roc_auc=0.8918

============================================================
Training minesweeper GAT-sep 1L h=384 lr=1e-05 split=7
============================================================
Training for 5000 steps
Step    1 | loss 0.7283 | val_acc=0.5840 val_roc_auc=0.6676 val_loss=0.6835 val_metric_name=roc_auc val_metric=0.6676
Step   50 | loss 0.4955 | val_acc=0.8000 val_roc_auc=0.8008 val_loss=0.5070 val_metric_name=roc_auc val_metric=0.8008
Step  100 | loss 0.4720 | val_acc=0.8000 val_roc_auc=0.8125 val_loss=0.4650 val_metric_name=roc_auc val_metric=0.8125
Step  150 | loss 0.4364 | val_acc=0.8000 val_roc_auc=0.8273 val_loss=0.4159 val_metric_name=roc_auc val_metric=0.8273
Step  200 | loss 0.3965 | val_acc=0.8204 val_roc_auc=0.8448 val_loss=0.3769 val_metric_name=roc_auc val_metric=0.8448
Step  250 | loss 0.3751 | val_acc=0.8284 val_roc_auc=0.8583 val_loss=0.3565 val_metric_name=roc_auc val_metric=0.8583
Step  300 | loss 0.3579 | val_acc=0.8308 val_roc_auc=0.8678 val_loss=0.3453 val_metric_name=roc_auc val_metric=0.8678
Step  350 | loss 0.3541 | val_acc=0.8348 val_roc_auc=0.8729 val_loss=0.3387 val_metric_name=roc_auc val_metric=0.8729
Step  400 | loss 0.3467 | val_acc=0.8384 val_roc_auc=0.8762 val_loss=0.3336 val_metric_name=roc_auc val_metric=0.8762
Step  450 | loss 0.3418 | val_acc=0.8380 val_roc_auc=0.8781 val_loss=0.3311 val_metric_name=roc_auc val_metric=0.8781
Step  500 | loss 0.3446 | val_acc=0.8384 val_roc_auc=0.8796 val_loss=0.3289 val_metric_name=roc_auc val_metric=0.8796
Step  550 | loss 0.3401 | val_acc=0.8380 val_roc_auc=0.8800 val_loss=0.3277 val_metric_name=roc_auc val_metric=0.8800
Step  600 | loss 0.3355 | val_acc=0.8392 val_roc_auc=0.8803 val_loss=0.3270 val_metric_name=roc_auc val_metric=0.8803
Step  650 | loss 0.3390 | val_acc=0.8392 val_roc_auc=0.8805 val_loss=0.3263 val_metric_name=roc_auc val_metric=0.8805
Step  700 | loss 0.3385 | val_acc=0.8412 val_roc_auc=0.8807 val_loss=0.3259 val_metric_name=roc_auc val_metric=0.8807
Step  750 | loss 0.3329 | val_acc=0.8396 val_roc_auc=0.8807 val_loss=0.3258 val_metric_name=roc_auc val_metric=0.8807
Step  800 | loss 0.3364 | val_acc=0.8392 val_roc_auc=0.8807 val_loss=0.3254 val_metric_name=roc_auc val_metric=0.8807
Step  850 | loss 0.3343 | val_acc=0.8396 val_roc_auc=0.8808 val_loss=0.3251 val_metric_name=roc_auc val_metric=0.8808
Step  900 | loss 0.3309 | val_acc=0.8396 val_roc_auc=0.8810 val_loss=0.3252 val_metric_name=roc_auc val_metric=0.8810
Step  950 | loss 0.3299 | val_acc=0.8392 val_roc_auc=0.8810 val_loss=0.3251 val_metric_name=roc_auc val_metric=0.8810
Step 1000 | loss 0.3274 | val_acc=0.8388 val_roc_auc=0.8809 val_loss=0.3252 val_metric_name=roc_auc val_metric=0.8809
Step 1050 | loss 0.3305 | val_acc=0.8384 val_roc_auc=0.8807 val_loss=0.3251 val_metric_name=roc_auc val_metric=0.8807
Step 1100 | loss 0.3293 | val_acc=0.8380 val_roc_auc=0.8808 val_loss=0.3254 val_metric_name=roc_auc val_metric=0.8808
Step 1150 | loss 0.3290 | val_acc=0.8380 val_roc_auc=0.8807 val_loss=0.3253 val_metric_name=roc_auc val_metric=0.8807
Step 1200 | loss 0.3303 | val_acc=0.8384 val_roc_auc=0.8806 val_loss=0.3251 val_metric_name=roc_auc val_metric=0.8806
Step 1250 | loss 0.3260 | val_acc=0.8384 val_roc_auc=0.8807 val_loss=0.3254 val_metric_name=roc_auc val_metric=0.8807
Early stopping at step 1260

--- Final (best ckpt @ step 960) ---
  train_acc=0.8390 train_roc_auc=0.8827 train_loss=0.3220 train_metric_name=roc_auc train_metric=0.8827
  val_acc=0.8392 val_roc_auc=0.8811 val_loss=0.3251 val_metric_name=roc_auc val_metric=0.8811
  test_acc=0.8516 test_roc_auc=0.8921 test_loss=0.3143 test_metric_name=roc_auc test_metric=0.8921
  test_roc_auc=0.8921

============================================================
Training minesweeper GAT-sep 1L h=512 lr=3e-05 split=7
============================================================
Training for 5000 steps
Step    1 | loss 0.9671 | val_acc=0.3084 val_roc_auc=0.4234 val_loss=0.8186 val_metric_name=roc_auc val_metric=0.4234
Step   50 | loss 0.4717 | val_acc=0.8000 val_roc_auc=0.7905 val_loss=0.4806 val_metric_name=roc_auc val_metric=0.7905
Step  100 | loss 0.3798 | val_acc=0.8300 val_roc_auc=0.8571 val_loss=0.3629 val_metric_name=roc_auc val_metric=0.8571
Step  150 | loss 0.3491 | val_acc=0.8364 val_roc_auc=0.8776 val_loss=0.3320 val_metric_name=roc_auc val_metric=0.8776
Step  200 | loss 0.3379 | val_acc=0.8404 val_roc_auc=0.8811 val_loss=0.3255 val_metric_name=roc_auc val_metric=0.8811
Step  250 | loss 0.3343 | val_acc=0.8416 val_roc_auc=0.8813 val_loss=0.3246 val_metric_name=roc_auc val_metric=0.8813
Step  300 | loss 0.3323 | val_acc=0.8408 val_roc_auc=0.8813 val_loss=0.3250 val_metric_name=roc_auc val_metric=0.8813
Step  350 | loss 0.3289 | val_acc=0.8404 val_roc_auc=0.8807 val_loss=0.3257 val_metric_name=roc_auc val_metric=0.8807
Step  400 | loss 0.3263 | val_acc=0.8396 val_roc_auc=0.8801 val_loss=0.3261 val_metric_name=roc_auc val_metric=0.8801
Step  450 | loss 0.3275 | val_acc=0.8392 val_roc_auc=0.8802 val_loss=0.3266 val_metric_name=roc_auc val_metric=0.8802
Step  500 | loss 0.3235 | val_acc=0.8400 val_roc_auc=0.8798 val_loss=0.3269 val_metric_name=roc_auc val_metric=0.8798
Early stopping at step 536

--- Final (best ckpt @ step 230) ---
  train_acc=0.8394 train_roc_auc=0.8810 train_loss=0.3255 train_metric_name=roc_auc train_metric=0.8810
  val_acc=0.8420 val_roc_auc=0.8817 val_loss=0.3241 val_metric_name=roc_auc val_metric=0.8817
  test_acc=0.8468 test_roc_auc=0.8918 test_loss=0.3173 test_metric_name=roc_auc test_metric=0.8918
  test_roc_auc=0.8918

============================================================
Training minesweeper GAT-sep 1L h=512 lr=6e-05 split=7
============================================================
Training for 5000 steps
Step    1 | loss 0.9671 | val_acc=0.4772 val_roc_auc=0.4299 val_loss=0.6744 val_metric_name=roc_auc val_metric=0.4299
Step   50 | loss 0.4143 | val_acc=0.8108 val_roc_auc=0.8314 val_loss=0.3972 val_metric_name=roc_auc val_metric=0.8314
Step  100 | loss 0.3461 | val_acc=0.8364 val_roc_auc=0.8787 val_loss=0.3293 val_metric_name=roc_auc val_metric=0.8787
Step  150 | loss 0.3341 | val_acc=0.8424 val_roc_auc=0.8809 val_loss=0.3245 val_metric_name=roc_auc val_metric=0.8809
Step  200 | loss 0.3287 | val_acc=0.8404 val_roc_auc=0.8802 val_loss=0.3257 val_metric_name=roc_auc val_metric=0.8802
Step  250 | loss 0.3266 | val_acc=0.8372 val_roc_auc=0.8799 val_loss=0.3267 val_metric_name=roc_auc val_metric=0.8799
Step  300 | loss 0.3271 | val_acc=0.8392 val_roc_auc=0.8794 val_loss=0.3273 val_metric_name=roc_auc val_metric=0.8794
Step  350 | loss 0.3237 | val_acc=0.8388 val_roc_auc=0.8792 val_loss=0.3280 val_metric_name=roc_auc val_metric=0.8792
Step  400 | loss 0.3209 | val_acc=0.8380 val_roc_auc=0.8790 val_loss=0.3281 val_metric_name=roc_auc val_metric=0.8790
Early stopping at step 420

--- Final (best ckpt @ step 120) ---
  train_acc=0.8394 train_roc_auc=0.8791 train_loss=0.3281 train_metric_name=roc_auc train_metric=0.8791
  val_acc=0.8384 val_roc_auc=0.8812 val_loss=0.3250 val_metric_name=roc_auc val_metric=0.8812
  test_acc=0.8456 test_roc_auc=0.8905 test_loss=0.3184 test_metric_name=roc_auc test_metric=0.8905
  test_roc_auc=0.8905

============================================================
Training minesweeper GAT-sep 1L h=512 lr=0.0001 split=7
============================================================
Training for 5000 steps
Step    1 | loss 0.9671 | val_acc=0.8000 val_roc_auc=0.4395 val_loss=0.5557 val_metric_name=roc_auc val_metric=0.4395
Step   50 | loss 0.3759 | val_acc=0.8232 val_roc_auc=0.8517 val_loss=0.3693 val_metric_name=roc_auc val_metric=0.8517
Step  100 | loss 0.3353 | val_acc=0.8412 val_roc_auc=0.8808 val_loss=0.3244 val_metric_name=roc_auc val_metric=0.8808
Step  150 | loss 0.3285 | val_acc=0.8392 val_roc_auc=0.8799 val_loss=0.3254 val_metric_name=roc_auc val_metric=0.8799
Step  200 | loss 0.3242 | val_acc=0.8396 val_roc_auc=0.8793 val_loss=0.3270 val_metric_name=roc_auc val_metric=0.8793
Step  250 | loss 0.3228 | val_acc=0.8368 val_roc_auc=0.8796 val_loss=0.3278 val_metric_name=roc_auc val_metric=0.8796
Step  300 | loss 0.3241 | val_acc=0.8368 val_roc_auc=0.8791 val_loss=0.3277 val_metric_name=roc_auc val_metric=0.8791
Step  350 | loss 0.3207 | val_acc=0.8368 val_roc_auc=0.8789 val_loss=0.3276 val_metric_name=roc_auc val_metric=0.8789
Step  400 | loss 0.3180 | val_acc=0.8368 val_roc_auc=0.8788 val_loss=0.3275 val_metric_name=roc_auc val_metric=0.8788
Early stopping at step 401

--- Final (best ckpt @ step 100) ---
  train_acc=0.8394 train_roc_auc=0.8805 train_loss=0.3249 train_metric_name=roc_auc train_metric=0.8805
  val_acc=0.8412 val_roc_auc=0.8808 val_loss=0.3244 val_metric_name=roc_auc val_metric=0.8808
  test_acc=0.8484 test_roc_auc=0.8909 test_loss=0.3163 test_metric_name=roc_auc test_metric=0.8909
  test_roc_auc=0.8909

============================================================
Training minesweeper GAT-sep 1L h=512 lr=1e-05 split=7
============================================================
Training for 5000 steps
Step    1 | loss 0.9671 | val_acc=0.2004 val_roc_auc=0.4195 val_loss=0.9410 val_metric_name=roc_auc val_metric=0.4195
Step   50 | loss 0.5036 | val_acc=0.8000 val_roc_auc=0.7038 val_loss=0.5317 val_metric_name=roc_auc val_metric=0.7038
Step  100 | loss 0.4810 | val_acc=0.8000 val_roc_auc=0.7825 val_loss=0.4860 val_metric_name=roc_auc val_metric=0.7825
Step  150 | loss 0.4475 | val_acc=0.8004 val_roc_auc=0.8230 val_loss=0.4303 val_metric_name=roc_auc val_metric=0.8230
Step  200 | loss 0.3958 | val_acc=0.8156 val_roc_auc=0.8495 val_loss=0.3781 val_metric_name=roc_auc val_metric=0.8495
Step  250 | loss 0.3707 | val_acc=0.8332 val_roc_auc=0.8632 val_loss=0.3555 val_metric_name=roc_auc val_metric=0.8632
Step  300 | loss 0.3580 | val_acc=0.8360 val_roc_auc=0.8714 val_loss=0.3432 val_metric_name=roc_auc val_metric=0.8714
Step  350 | loss 0.3478 | val_acc=0.8376 val_roc_auc=0.8760 val_loss=0.3359 val_metric_name=roc_auc val_metric=0.8760
Step  400 | loss 0.3442 | val_acc=0.8364 val_roc_auc=0.8788 val_loss=0.3311 val_metric_name=roc_auc val_metric=0.8788
Step  450 | loss 0.3408 | val_acc=0.8384 val_roc_auc=0.8801 val_loss=0.3282 val_metric_name=roc_auc val_metric=0.8801
Step  500 | loss 0.3371 | val_acc=0.8404 val_roc_auc=0.8812 val_loss=0.3272 val_metric_name=roc_auc val_metric=0.8812
Step  550 | loss 0.3401 | val_acc=0.8412 val_roc_auc=0.8814 val_loss=0.3265 val_metric_name=roc_auc val_metric=0.8814
Step  600 | loss 0.3353 | val_acc=0.8412 val_roc_auc=0.8815 val_loss=0.3253 val_metric_name=roc_auc val_metric=0.8815
Step  650 | loss 0.3339 | val_acc=0.8412 val_roc_auc=0.8813 val_loss=0.3258 val_metric_name=roc_auc val_metric=0.8813
Step  700 | loss 0.3324 | val_acc=0.8416 val_roc_auc=0.8815 val_loss=0.3251 val_metric_name=roc_auc val_metric=0.8815
Step  750 | loss 0.3339 | val_acc=0.8416 val_roc_auc=0.8812 val_loss=0.3257 val_metric_name=roc_auc val_metric=0.8812
Step  800 | loss 0.3312 | val_acc=0.8420 val_roc_auc=0.8809 val_loss=0.3256 val_metric_name=roc_auc val_metric=0.8809
Step  850 | loss 0.3310 | val_acc=0.8408 val_roc_auc=0.8808 val_loss=0.3260 val_metric_name=roc_auc val_metric=0.8808
Step  900 | loss 0.3298 | val_acc=0.8404 val_roc_auc=0.8808 val_loss=0.3260 val_metric_name=roc_auc val_metric=0.8808
Step  950 | loss 0.3297 | val_acc=0.8400 val_roc_auc=0.8807 val_loss=0.3261 val_metric_name=roc_auc val_metric=0.8807
Step 1000 | loss 0.3264 | val_acc=0.8396 val_roc_auc=0.8804 val_loss=0.3265 val_metric_name=roc_auc val_metric=0.8804
Early stopping at step 1005

--- Final (best ckpt @ step 610) ---
  train_acc=0.8406 train_roc_auc=0.8814 train_loss=0.3271 train_metric_name=roc_auc train_metric=0.8814
  val_acc=0.8416 val_roc_auc=0.8815 val_loss=0.3260 val_metric_name=roc_auc val_metric=0.8815
  test_acc=0.8456 test_roc_auc=0.8918 test_loss=0.3195 test_metric_name=roc_auc test_metric=0.8918
  test_roc_auc=0.8918
  >> num_layers=1 hidden_dim=256 lr=3e-05 best_step=650 val_roc_auc=0.8803 test_roc_auc=0.8913
     val_acc=0.8372 val_loss=0.3264 val_metric=0.8803 val_metric_name=roc_auc val_roc_auc=0.8803
     test_acc=0.8496 test_loss=0.3160 test_metric=0.8913 test_metric_name=roc_auc test_roc_auc=0.8913
  >> num_layers=1 hidden_dim=256 lr=6e-05 best_step=330 val_roc_auc=0.8801 test_roc_auc=0.8913
     val_acc=0.8376 val_loss=0.3263 val_metric=0.8801 val_metric_name=roc_auc val_roc_auc=0.8801
     test_acc=0.8496 test_loss=0.3160 test_metric=0.8913 test_metric_name=roc_auc test_roc_auc=0.8913
  >> num_layers=1 hidden_dim=256 lr=0.0001 best_step=230 val_roc_auc=0.8804 test_roc_auc=0.8916
     val_acc=0.8372 val_loss=0.3260 val_metric=0.8804 val_metric_name=roc_auc val_roc_auc=0.8804
     test_acc=0.8488 test_loss=0.3164 test_metric=0.8916 test_metric_name=roc_auc test_roc_auc=0.8916
  >> num_layers=1 hidden_dim=256 lr=1e-05 best_step=2140 val_roc_auc=0.8801 test_roc_auc=0.8915
     val_acc=0.8368 val_loss=0.3271 val_metric=0.8801 val_metric_name=roc_auc val_roc_auc=0.8801
     test_acc=0.8488 test_loss=0.3169 test_metric=0.8915 test_metric_name=roc_auc test_roc_auc=0.8915
  >> num_layers=1 hidden_dim=384 lr=3e-05 best_step=360 val_roc_auc=0.8809 test_roc_auc=0.8920
     val_acc=0.8392 val_loss=0.3249 val_metric=0.8809 val_metric_name=roc_auc val_roc_auc=0.8809
     test_acc=0.8516 test_loss=0.3142 test_metric=0.8920 test_metric_name=roc_auc test_roc_auc=0.8920
  >> num_layers=1 hidden_dim=384 lr=6e-05 best_step=220 val_roc_auc=0.8811 test_roc_auc=0.8921
     val_acc=0.8392 val_loss=0.3248 val_metric=0.8811 val_metric_name=roc_auc val_roc_auc=0.8811
     test_acc=0.8520 test_loss=0.3143 test_metric=0.8921 test_metric_name=roc_auc test_roc_auc=0.8921
  >> num_layers=1 hidden_dim=384 lr=0.0001 best_step=150 val_roc_auc=0.8810 test_roc_auc=0.8918
     val_acc=0.8380 val_loss=0.3250 val_metric=0.8810 val_metric_name=roc_auc val_roc_auc=0.8810
     test_acc=0.8528 test_loss=0.3146 test_metric=0.8918 test_metric_name=roc_auc test_roc_auc=0.8918
  >> num_layers=1 hidden_dim=384 lr=1e-05 best_step=960 val_roc_auc=0.8811 test_roc_auc=0.8921
     val_acc=0.8392 val_loss=0.3251 val_metric=0.8811 val_metric_name=roc_auc val_roc_auc=0.8811
     test_acc=0.8516 test_loss=0.3143 test_metric=0.8921 test_metric_name=roc_auc test_roc_auc=0.8921
  >> num_layers=1 hidden_dim=512 lr=3e-05 best_step=230 val_roc_auc=0.8817 test_roc_auc=0.8918
     val_acc=0.8420 val_loss=0.3241 val_metric=0.8817 val_metric_name=roc_auc val_roc_auc=0.8817
     test_acc=0.8468 test_loss=0.3173 test_metric=0.8918 test_metric_name=roc_auc test_roc_auc=0.8918
  >> num_layers=1 hidden_dim=512 lr=6e-05 best_step=120 val_roc_auc=0.8812 test_roc_auc=0.8905
     val_acc=0.8384 val_loss=0.3250 val_metric=0.8812 val_metric_name=roc_auc val_roc_auc=0.8812
     test_acc=0.8456 test_loss=0.3184 test_metric=0.8905 test_metric_name=roc_auc test_roc_auc=0.8905
  >> num_layers=1 hidden_dim=512 lr=0.0001 best_step=100 val_roc_auc=0.8808 test_roc_auc=0.8909
     val_acc=0.8412 val_loss=0.3244 val_metric=0.8808 val_metric_name=roc_auc val_roc_auc=0.8808
     test_acc=0.8484 test_loss=0.3163 test_metric=0.8909 test_metric_name=roc_auc test_roc_auc=0.8909
  >> num_layers=1 hidden_dim=512 lr=1e-05 best_step=610 val_roc_auc=0.8815 test_roc_auc=0.8918
     val_acc=0.8416 val_loss=0.3260 val_metric=0.8815 val_metric_name=roc_auc val_roc_auc=0.8815
     test_acc=0.8456 test_loss=0.3195 test_metric=0.8918 test_metric_name=roc_auc test_roc_auc=0.8918
  >> selected best (by val): num_layers=1 hidden_dim=512 lr=3e-05 val_roc_auc=0.8817 test_roc_auc=0.8918
     val_acc=0.8420 val_loss=0.3241 val_metric=0.8817 val_metric_name=roc_auc val_roc_auc=0.8817
     test_acc=0.8468 test_loss=0.3173 test_metric=0.8918 test_metric_name=roc_auc test_roc_auc=0.8918

Done. Results saved to /home/avshmelev/diploma_yandex_graphs/results_grid/minesweeper/base.csv, checkpoints in /home/avshmelev/diploma_yandex_graphs/all_checkpoints/minesweeper/base/
Skipping: "Done." found in /home/avshmelev/diploma_yandex_graphs/results_grid/minesweeper/logs_base/GAT-sep_1L_split7.log
