Loading data...

============================================================
Training minesweeper GAT-sep 4L h=256 lr=3e-05 split=9
============================================================
Training for 5000 steps
Step    1 | loss 0.8632 | val_acc=0.5808 val_roc_auc=0.5279 val_loss=0.7262 val_metric_name=roc_auc val_metric=0.5279
Step   50 | loss 0.4537 | val_acc=0.8004 val_roc_auc=0.7744 val_loss=0.4552 val_metric_name=roc_auc val_metric=0.7744
Step  100 | loss 0.3804 | val_acc=0.8232 val_roc_auc=0.8589 val_loss=0.3862 val_metric_name=roc_auc val_metric=0.8589
Step  150 | loss 0.3380 | val_acc=0.8348 val_roc_auc=0.8891 val_loss=0.3305 val_metric_name=roc_auc val_metric=0.8891
Step  200 | loss 0.3182 | val_acc=0.8412 val_roc_auc=0.8934 val_loss=0.3329 val_metric_name=roc_auc val_metric=0.8934
Step  250 | loss 0.3085 | val_acc=0.8452 val_roc_auc=0.8970 val_loss=0.3285 val_metric_name=roc_auc val_metric=0.8970
Step  300 | loss 0.3060 | val_acc=0.8456 val_roc_auc=0.8996 val_loss=0.3240 val_metric_name=roc_auc val_metric=0.8996
Step  350 | loss 0.2971 | val_acc=0.8424 val_roc_auc=0.9010 val_loss=0.3254 val_metric_name=roc_auc val_metric=0.9010
Step  400 | loss 0.2944 | val_acc=0.8548 val_roc_auc=0.9045 val_loss=0.3143 val_metric_name=roc_auc val_metric=0.9045
Step  450 | loss 0.2881 | val_acc=0.8624 val_roc_auc=0.9099 val_loss=0.3025 val_metric_name=roc_auc val_metric=0.9099
Step  500 | loss 0.2795 | val_acc=0.8680 val_roc_auc=0.9143 val_loss=0.2953 val_metric_name=roc_auc val_metric=0.9143
Step  550 | loss 0.2747 | val_acc=0.8680 val_roc_auc=0.9183 val_loss=0.2961 val_metric_name=roc_auc val_metric=0.9183
Step  600 | loss 0.2692 | val_acc=0.8728 val_roc_auc=0.9215 val_loss=0.2881 val_metric_name=roc_auc val_metric=0.9215
Step  650 | loss 0.2595 | val_acc=0.8732 val_roc_auc=0.9226 val_loss=0.2915 val_metric_name=roc_auc val_metric=0.9226
Step  700 | loss 0.2534 | val_acc=0.8740 val_roc_auc=0.9243 val_loss=0.2930 val_metric_name=roc_auc val_metric=0.9243
Step  750 | loss 0.2482 | val_acc=0.8768 val_roc_auc=0.9260 val_loss=0.2856 val_metric_name=roc_auc val_metric=0.9260
Step  800 | loss 0.2422 | val_acc=0.8744 val_roc_auc=0.9244 val_loss=0.2988 val_metric_name=roc_auc val_metric=0.9244
Step  850 | loss 0.2364 | val_acc=0.8768 val_roc_auc=0.9251 val_loss=0.2969 val_metric_name=roc_auc val_metric=0.9251
Step  900 | loss 0.2367 | val_acc=0.8748 val_roc_auc=0.9249 val_loss=0.2986 val_metric_name=roc_auc val_metric=0.9249
Step  950 | loss 0.2353 | val_acc=0.8744 val_roc_auc=0.9235 val_loss=0.3054 val_metric_name=roc_auc val_metric=0.9235
Step 1000 | loss 0.2329 | val_acc=0.8776 val_roc_auc=0.9242 val_loss=0.3061 val_metric_name=roc_auc val_metric=0.9242
Step 1050 | loss 0.2293 | val_acc=0.8764 val_roc_auc=0.9240 val_loss=0.3095 val_metric_name=roc_auc val_metric=0.9240
Step 1100 | loss 0.2256 | val_acc=0.8752 val_roc_auc=0.9227 val_loss=0.3131 val_metric_name=roc_auc val_metric=0.9227
Step 1150 | loss 0.2261 | val_acc=0.8756 val_roc_auc=0.9231 val_loss=0.3166 val_metric_name=roc_auc val_metric=0.9231
Step 1200 | loss 0.2221 | val_acc=0.8756 val_roc_auc=0.9224 val_loss=0.3176 val_metric_name=roc_auc val_metric=0.9224
Early stopping at step 1226

--- Final (best ckpt @ step 750) ---
  train_acc=0.8998 train_roc_auc=0.9509 train_loss=0.2237 train_metric_name=roc_auc train_metric=0.9509
  val_acc=0.8768 val_roc_auc=0.9260 val_loss=0.2856 val_metric_name=roc_auc val_metric=0.9260
  test_acc=0.8872 test_roc_auc=0.9392 test_loss=0.2524 test_metric_name=roc_auc test_metric=0.9392
  test_roc_auc=0.9392

============================================================
Training minesweeper GAT-sep 4L h=256 lr=6e-05 split=9
============================================================
Training for 5000 steps
Step    1 | loss 0.8632 | val_acc=0.6852 val_roc_auc=0.5363 val_loss=0.5858 val_metric_name=roc_auc val_metric=0.5363
Step   50 | loss 0.4108 | val_acc=0.8248 val_roc_auc=0.8191 val_loss=0.4146 val_metric_name=roc_auc val_metric=0.8191
Step  100 | loss 0.3270 | val_acc=0.8372 val_roc_auc=0.8908 val_loss=0.3332 val_metric_name=roc_auc val_metric=0.8908
Step  150 | loss 0.3104 | val_acc=0.8456 val_roc_auc=0.8966 val_loss=0.3261 val_metric_name=roc_auc val_metric=0.8966
Step  200 | loss 0.2984 | val_acc=0.8472 val_roc_auc=0.9018 val_loss=0.3203 val_metric_name=roc_auc val_metric=0.9018
Step  250 | loss 0.2875 | val_acc=0.8604 val_roc_auc=0.9076 val_loss=0.3084 val_metric_name=roc_auc val_metric=0.9076
Step  300 | loss 0.2806 | val_acc=0.8676 val_roc_auc=0.9159 val_loss=0.2937 val_metric_name=roc_auc val_metric=0.9159
Step  350 | loss 0.2627 | val_acc=0.8680 val_roc_auc=0.9215 val_loss=0.2939 val_metric_name=roc_auc val_metric=0.9215
Step  400 | loss 0.2558 | val_acc=0.8740 val_roc_auc=0.9246 val_loss=0.2861 val_metric_name=roc_auc val_metric=0.9246
Step  450 | loss 0.2435 | val_acc=0.8788 val_roc_auc=0.9261 val_loss=0.2867 val_metric_name=roc_auc val_metric=0.9261
Step  500 | loss 0.2381 | val_acc=0.8796 val_roc_auc=0.9266 val_loss=0.2927 val_metric_name=roc_auc val_metric=0.9266
Step  550 | loss 0.2321 | val_acc=0.8748 val_roc_auc=0.9241 val_loss=0.3053 val_metric_name=roc_auc val_metric=0.9241
Step  600 | loss 0.2288 | val_acc=0.8764 val_roc_auc=0.9243 val_loss=0.3040 val_metric_name=roc_auc val_metric=0.9243
Step  650 | loss 0.2231 | val_acc=0.8752 val_roc_auc=0.9238 val_loss=0.3122 val_metric_name=roc_auc val_metric=0.9238
Step  700 | loss 0.2196 | val_acc=0.8716 val_roc_auc=0.9226 val_loss=0.3222 val_metric_name=roc_auc val_metric=0.9226
Step  750 | loss 0.2135 | val_acc=0.8756 val_roc_auc=0.9230 val_loss=0.3188 val_metric_name=roc_auc val_metric=0.9230
Step  800 | loss 0.2101 | val_acc=0.8752 val_roc_auc=0.9221 val_loss=0.3298 val_metric_name=roc_auc val_metric=0.9221
Step  850 | loss 0.2047 | val_acc=0.8748 val_roc_auc=0.9231 val_loss=0.3267 val_metric_name=roc_auc val_metric=0.9231
Early stopping at step 866

--- Final (best ckpt @ step 500) ---
  train_acc=0.9064 train_roc_auc=0.9556 train_loss=0.2129 train_metric_name=roc_auc train_metric=0.9556
  val_acc=0.8796 val_roc_auc=0.9266 val_loss=0.2927 val_metric_name=roc_auc val_metric=0.9266
  test_acc=0.8908 test_roc_auc=0.9391 test_loss=0.2579 test_metric_name=roc_auc test_metric=0.9391
  test_roc_auc=0.9391

============================================================
Training minesweeper GAT-sep 4L h=256 lr=0.0001 split=9
============================================================
Training for 5000 steps
Step    1 | loss 0.8632 | val_acc=0.8000 val_roc_auc=0.5437 val_loss=0.5108 val_metric_name=roc_auc val_metric=0.5437
Step   50 | loss 0.3702 | val_acc=0.8252 val_roc_auc=0.8647 val_loss=0.3798 val_metric_name=roc_auc val_metric=0.8647
Step  100 | loss 0.3099 | val_acc=0.8428 val_roc_auc=0.8949 val_loss=0.3273 val_metric_name=roc_auc val_metric=0.8949
Step  150 | loss 0.2970 | val_acc=0.8488 val_roc_auc=0.9026 val_loss=0.3142 val_metric_name=roc_auc val_metric=0.9026
Step  200 | loss 0.2815 | val_acc=0.8656 val_roc_auc=0.9138 val_loss=0.2956 val_metric_name=roc_auc val_metric=0.9138
Step  250 | loss 0.2631 | val_acc=0.8760 val_roc_auc=0.9237 val_loss=0.2837 val_metric_name=roc_auc val_metric=0.9237
Step  300 | loss 0.2522 | val_acc=0.8736 val_roc_auc=0.9225 val_loss=0.2986 val_metric_name=roc_auc val_metric=0.9225
Step  350 | loss 0.2342 | val_acc=0.8796 val_roc_auc=0.9255 val_loss=0.2943 val_metric_name=roc_auc val_metric=0.9255
Step  400 | loss 0.2289 | val_acc=0.8756 val_roc_auc=0.9245 val_loss=0.3083 val_metric_name=roc_auc val_metric=0.9245
Step  450 | loss 0.2206 | val_acc=0.8760 val_roc_auc=0.9258 val_loss=0.3033 val_metric_name=roc_auc val_metric=0.9258
Step  500 | loss 0.2149 | val_acc=0.8756 val_roc_auc=0.9234 val_loss=0.3185 val_metric_name=roc_auc val_metric=0.9234
Step  550 | loss 0.2097 | val_acc=0.8724 val_roc_auc=0.9226 val_loss=0.3262 val_metric_name=roc_auc val_metric=0.9226
Step  600 | loss 0.2018 | val_acc=0.8708 val_roc_auc=0.9214 val_loss=0.3306 val_metric_name=roc_auc val_metric=0.9214
Step  650 | loss 0.1982 | val_acc=0.8680 val_roc_auc=0.9217 val_loss=0.3333 val_metric_name=roc_auc val_metric=0.9217
Early stopping at step 670

--- Final (best ckpt @ step 370) ---
  train_acc=0.9108 train_roc_auc=0.9587 train_loss=0.2063 train_metric_name=roc_auc train_metric=0.9587
  val_acc=0.8812 val_roc_auc=0.9280 val_loss=0.2919 val_metric_name=roc_auc val_metric=0.9280
  test_acc=0.8884 test_roc_auc=0.9394 test_loss=0.2579 test_metric_name=roc_auc test_metric=0.9394
  test_roc_auc=0.9394

============================================================
Training minesweeper GAT-sep 4L h=256 lr=1e-05 split=9
============================================================
Training for 5000 steps
Step    1 | loss 0.8632 | val_acc=0.2496 val_roc_auc=0.5215 val_loss=0.8647 val_metric_name=roc_auc val_metric=0.5215
Step   50 | loss 0.4907 | val_acc=0.8000 val_roc_auc=0.7250 val_loss=0.5137 val_metric_name=roc_auc val_metric=0.7250
Step  100 | loss 0.4653 | val_acc=0.8008 val_roc_auc=0.7639 val_loss=0.4729 val_metric_name=roc_auc val_metric=0.7639
Step  150 | loss 0.4380 | val_acc=0.8184 val_roc_auc=0.7960 val_loss=0.4420 val_metric_name=roc_auc val_metric=0.7960
Step  200 | loss 0.4024 | val_acc=0.8240 val_roc_auc=0.8349 val_loss=0.4156 val_metric_name=roc_auc val_metric=0.8349
Step  250 | loss 0.3738 | val_acc=0.8228 val_roc_auc=0.8618 val_loss=0.3808 val_metric_name=roc_auc val_metric=0.8618
Step  300 | loss 0.3575 | val_acc=0.8268 val_roc_auc=0.8759 val_loss=0.3520 val_metric_name=roc_auc val_metric=0.8759
Step  350 | loss 0.3446 | val_acc=0.8288 val_roc_auc=0.8856 val_loss=0.3359 val_metric_name=roc_auc val_metric=0.8856
Step  400 | loss 0.3355 | val_acc=0.8344 val_roc_auc=0.8905 val_loss=0.3298 val_metric_name=roc_auc val_metric=0.8905
Step  450 | loss 0.3316 | val_acc=0.8388 val_roc_auc=0.8925 val_loss=0.3309 val_metric_name=roc_auc val_metric=0.8925
Step  500 | loss 0.3214 | val_acc=0.8404 val_roc_auc=0.8937 val_loss=0.3307 val_metric_name=roc_auc val_metric=0.8937
Step  550 | loss 0.3199 | val_acc=0.8424 val_roc_auc=0.8949 val_loss=0.3307 val_metric_name=roc_auc val_metric=0.8949
Step  600 | loss 0.3136 | val_acc=0.8424 val_roc_auc=0.8959 val_loss=0.3302 val_metric_name=roc_auc val_metric=0.8959
Step  650 | loss 0.3125 | val_acc=0.8460 val_roc_auc=0.8966 val_loss=0.3287 val_metric_name=roc_auc val_metric=0.8966
Step  700 | loss 0.3071 | val_acc=0.8460 val_roc_auc=0.8978 val_loss=0.3266 val_metric_name=roc_auc val_metric=0.8978
Step  750 | loss 0.3058 | val_acc=0.8428 val_roc_auc=0.8985 val_loss=0.3271 val_metric_name=roc_auc val_metric=0.8985
Step  800 | loss 0.3009 | val_acc=0.8452 val_roc_auc=0.8994 val_loss=0.3261 val_metric_name=roc_auc val_metric=0.8994
Step  850 | loss 0.2955 | val_acc=0.8440 val_roc_auc=0.9004 val_loss=0.3243 val_metric_name=roc_auc val_metric=0.9004
Step  900 | loss 0.2946 | val_acc=0.8472 val_roc_auc=0.9013 val_loss=0.3235 val_metric_name=roc_auc val_metric=0.9013
Step  950 | loss 0.2935 | val_acc=0.8508 val_roc_auc=0.9025 val_loss=0.3211 val_metric_name=roc_auc val_metric=0.9025
Step 1000 | loss 0.2924 | val_acc=0.8500 val_roc_auc=0.9040 val_loss=0.3184 val_metric_name=roc_auc val_metric=0.9040
Step 1050 | loss 0.2935 | val_acc=0.8544 val_roc_auc=0.9052 val_loss=0.3155 val_metric_name=roc_auc val_metric=0.9052
Step 1100 | loss 0.2889 | val_acc=0.8576 val_roc_auc=0.9064 val_loss=0.3115 val_metric_name=roc_auc val_metric=0.9064
Step 1150 | loss 0.2881 | val_acc=0.8588 val_roc_auc=0.9083 val_loss=0.3077 val_metric_name=roc_auc val_metric=0.9083
Step 1200 | loss 0.2861 | val_acc=0.8632 val_roc_auc=0.9103 val_loss=0.3024 val_metric_name=roc_auc val_metric=0.9103
Step 1250 | loss 0.2818 | val_acc=0.8644 val_roc_auc=0.9120 val_loss=0.2992 val_metric_name=roc_auc val_metric=0.9120
Step 1300 | loss 0.2804 | val_acc=0.8692 val_roc_auc=0.9138 val_loss=0.2967 val_metric_name=roc_auc val_metric=0.9138
Step 1350 | loss 0.2746 | val_acc=0.8668 val_roc_auc=0.9153 val_loss=0.2955 val_metric_name=roc_auc val_metric=0.9153
Step 1400 | loss 0.2744 | val_acc=0.8688 val_roc_auc=0.9165 val_loss=0.2954 val_metric_name=roc_auc val_metric=0.9165
Step 1450 | loss 0.2729 | val_acc=0.8696 val_roc_auc=0.9177 val_loss=0.2949 val_metric_name=roc_auc val_metric=0.9177
Step 1500 | loss 0.2729 | val_acc=0.8708 val_roc_auc=0.9193 val_loss=0.2946 val_metric_name=roc_auc val_metric=0.9193
Step 1550 | loss 0.2676 | val_acc=0.8720 val_roc_auc=0.9203 val_loss=0.2925 val_metric_name=roc_auc val_metric=0.9203
Step 1600 | loss 0.2675 | val_acc=0.8708 val_roc_auc=0.9215 val_loss=0.2934 val_metric_name=roc_auc val_metric=0.9215
Step 1650 | loss 0.2641 | val_acc=0.8716 val_roc_auc=0.9222 val_loss=0.2910 val_metric_name=roc_auc val_metric=0.9222
Step 1700 | loss 0.2627 | val_acc=0.8708 val_roc_auc=0.9226 val_loss=0.2940 val_metric_name=roc_auc val_metric=0.9226
Step 1750 | loss 0.2625 | val_acc=0.8736 val_roc_auc=0.9239 val_loss=0.2908 val_metric_name=roc_auc val_metric=0.9239
Step 1800 | loss 0.2578 | val_acc=0.8748 val_roc_auc=0.9239 val_loss=0.2912 val_metric_name=roc_auc val_metric=0.9239
Step 1850 | loss 0.2541 | val_acc=0.8768 val_roc_auc=0.9253 val_loss=0.2875 val_metric_name=roc_auc val_metric=0.9253
Step 1900 | loss 0.2575 | val_acc=0.8740 val_roc_auc=0.9244 val_loss=0.2945 val_metric_name=roc_auc val_metric=0.9244
Step 1950 | loss 0.2518 | val_acc=0.8776 val_roc_auc=0.9255 val_loss=0.2895 val_metric_name=roc_auc val_metric=0.9255
Step 2000 | loss 0.2492 | val_acc=0.8760 val_roc_auc=0.9252 val_loss=0.2941 val_metric_name=roc_auc val_metric=0.9252
Step 2050 | loss 0.2412 | val_acc=0.8744 val_roc_auc=0.9248 val_loss=0.2971 val_metric_name=roc_auc val_metric=0.9248
Step 2100 | loss 0.2434 | val_acc=0.8756 val_roc_auc=0.9250 val_loss=0.2954 val_metric_name=roc_auc val_metric=0.9250
Step 2150 | loss 0.2500 | val_acc=0.8760 val_roc_auc=0.9254 val_loss=0.2958 val_metric_name=roc_auc val_metric=0.9254
Step 2200 | loss 0.2441 | val_acc=0.8752 val_roc_auc=0.9252 val_loss=0.2965 val_metric_name=roc_auc val_metric=0.9252
Step 2250 | loss 0.2453 | val_acc=0.8752 val_roc_auc=0.9252 val_loss=0.2984 val_metric_name=roc_auc val_metric=0.9252
Step 2300 | loss 0.2385 | val_acc=0.8768 val_roc_auc=0.9258 val_loss=0.2951 val_metric_name=roc_auc val_metric=0.9258
Step 2350 | loss 0.2433 | val_acc=0.8768 val_roc_auc=0.9259 val_loss=0.2949 val_metric_name=roc_auc val_metric=0.9259
Step 2400 | loss 0.2390 | val_acc=0.8760 val_roc_auc=0.9246 val_loss=0.3019 val_metric_name=roc_auc val_metric=0.9246
Step 2450 | loss 0.2293 | val_acc=0.8760 val_roc_auc=0.9257 val_loss=0.2975 val_metric_name=roc_auc val_metric=0.9257
Step 2500 | loss 0.2356 | val_acc=0.8748 val_roc_auc=0.9248 val_loss=0.3016 val_metric_name=roc_auc val_metric=0.9248
Step 2550 | loss 0.2380 | val_acc=0.8788 val_roc_auc=0.9256 val_loss=0.3002 val_metric_name=roc_auc val_metric=0.9256
Step 2600 | loss 0.2348 | val_acc=0.8796 val_roc_auc=0.9250 val_loss=0.3025 val_metric_name=roc_auc val_metric=0.9250
Step 2650 | loss 0.2325 | val_acc=0.8780 val_roc_auc=0.9247 val_loss=0.3049 val_metric_name=roc_auc val_metric=0.9247
Step 2700 | loss 0.2322 | val_acc=0.8768 val_roc_auc=0.9251 val_loss=0.3048 val_metric_name=roc_auc val_metric=0.9251
Step 2750 | loss 0.2325 | val_acc=0.8772 val_roc_auc=0.9247 val_loss=0.3052 val_metric_name=roc_auc val_metric=0.9247
Step 2800 | loss 0.2281 | val_acc=0.8776 val_roc_auc=0.9248 val_loss=0.3058 val_metric_name=roc_auc val_metric=0.9248
Early stopping at step 2834

--- Final (best ckpt @ step 2350) ---
  train_acc=0.9038 train_roc_auc=0.9548 train_loss=0.2160 train_metric_name=roc_auc train_metric=0.9548
  val_acc=0.8768 val_roc_auc=0.9259 val_loss=0.2949 val_metric_name=roc_auc val_metric=0.9259
  test_acc=0.8900 test_roc_auc=0.9388 test_loss=0.2591 test_metric_name=roc_auc test_metric=0.9388
  test_roc_auc=0.9388

============================================================
Training minesweeper GAT-sep 4L h=384 lr=3e-05 split=9
============================================================
Training for 5000 steps
Step    1 | loss 0.6787 | val_acc=0.8000 val_roc_auc=0.5443 val_loss=0.5265 val_metric_name=roc_auc val_metric=0.5443
Step   50 | loss 0.3914 | val_acc=0.8152 val_roc_auc=0.8444 val_loss=0.3937 val_metric_name=roc_auc val_metric=0.8444
Step  100 | loss 0.3184 | val_acc=0.8308 val_roc_auc=0.8867 val_loss=0.3558 val_metric_name=roc_auc val_metric=0.8867
Step  150 | loss 0.3046 | val_acc=0.8412 val_roc_auc=0.8965 val_loss=0.3364 val_metric_name=roc_auc val_metric=0.8965
Step  200 | loss 0.2990 | val_acc=0.8480 val_roc_auc=0.9009 val_loss=0.3228 val_metric_name=roc_auc val_metric=0.9009
Step  250 | loss 0.2843 | val_acc=0.8504 val_roc_auc=0.9039 val_loss=0.3174 val_metric_name=roc_auc val_metric=0.9039
Step  300 | loss 0.2827 | val_acc=0.8528 val_roc_auc=0.9073 val_loss=0.3096 val_metric_name=roc_auc val_metric=0.9073
Step  350 | loss 0.2720 | val_acc=0.8632 val_roc_auc=0.9110 val_loss=0.3048 val_metric_name=roc_auc val_metric=0.9110
Step  400 | loss 0.2653 | val_acc=0.8696 val_roc_auc=0.9153 val_loss=0.3023 val_metric_name=roc_auc val_metric=0.9153
Step  450 | loss 0.2577 | val_acc=0.8756 val_roc_auc=0.9195 val_loss=0.2945 val_metric_name=roc_auc val_metric=0.9195
Step  500 | loss 0.2433 | val_acc=0.8816 val_roc_auc=0.9240 val_loss=0.2895 val_metric_name=roc_auc val_metric=0.9240
Step  550 | loss 0.2391 | val_acc=0.8816 val_roc_auc=0.9271 val_loss=0.2881 val_metric_name=roc_auc val_metric=0.9271
Step  600 | loss 0.2364 | val_acc=0.8824 val_roc_auc=0.9285 val_loss=0.2880 val_metric_name=roc_auc val_metric=0.9285
Step  650 | loss 0.2273 | val_acc=0.8832 val_roc_auc=0.9280 val_loss=0.2950 val_metric_name=roc_auc val_metric=0.9280
Step  700 | loss 0.2270 | val_acc=0.8804 val_roc_auc=0.9289 val_loss=0.2983 val_metric_name=roc_auc val_metric=0.9289
Step  750 | loss 0.2231 | val_acc=0.8832 val_roc_auc=0.9291 val_loss=0.3004 val_metric_name=roc_auc val_metric=0.9291
Step  800 | loss 0.2152 | val_acc=0.8812 val_roc_auc=0.9282 val_loss=0.3112 val_metric_name=roc_auc val_metric=0.9282
Step  850 | loss 0.2061 | val_acc=0.8820 val_roc_auc=0.9269 val_loss=0.3189 val_metric_name=roc_auc val_metric=0.9269
Step  900 | loss 0.2054 | val_acc=0.8824 val_roc_auc=0.9265 val_loss=0.3252 val_metric_name=roc_auc val_metric=0.9265
Step  950 | loss 0.1984 | val_acc=0.8840 val_roc_auc=0.9262 val_loss=0.3311 val_metric_name=roc_auc val_metric=0.9262
Early stopping at step 985

--- Final (best ckpt @ step 620) ---
  train_acc=0.9114 train_roc_auc=0.9618 train_loss=0.1951 train_metric_name=roc_auc train_metric=0.9618
  val_acc=0.8864 val_roc_auc=0.9297 val_loss=0.2839 val_metric_name=roc_auc val_metric=0.9297
  test_acc=0.8876 test_roc_auc=0.9380 test_loss=0.2601 test_metric_name=roc_auc test_metric=0.9380
  test_roc_auc=0.9380

============================================================
Training minesweeper GAT-sep 4L h=384 lr=6e-05 split=9
============================================================
Training for 5000 steps
Step    1 | loss 0.6787 | val_acc=0.8000 val_roc_auc=0.5546 val_loss=0.5127 val_metric_name=roc_auc val_metric=0.5546
Step   50 | loss 0.3380 | val_acc=0.8244 val_roc_auc=0.8826 val_loss=0.3391 val_metric_name=roc_auc val_metric=0.8826
Step  100 | loss 0.3016 | val_acc=0.8452 val_roc_auc=0.8973 val_loss=0.3287 val_metric_name=roc_auc val_metric=0.8973
Step  150 | loss 0.2878 | val_acc=0.8448 val_roc_auc=0.9044 val_loss=0.3225 val_metric_name=roc_auc val_metric=0.9044
Step  200 | loss 0.2780 | val_acc=0.8600 val_roc_auc=0.9100 val_loss=0.3065 val_metric_name=roc_auc val_metric=0.9100
Step  250 | loss 0.2562 | val_acc=0.8756 val_roc_auc=0.9161 val_loss=0.3002 val_metric_name=roc_auc val_metric=0.9161
Step  300 | loss 0.2480 | val_acc=0.8776 val_roc_auc=0.9225 val_loss=0.2933 val_metric_name=roc_auc val_metric=0.9225
Step  350 | loss 0.2357 | val_acc=0.8832 val_roc_auc=0.9273 val_loss=0.2905 val_metric_name=roc_auc val_metric=0.9273
Step  400 | loss 0.2236 | val_acc=0.8824 val_roc_auc=0.9281 val_loss=0.2968 val_metric_name=roc_auc val_metric=0.9281
Step  450 | loss 0.2231 | val_acc=0.8828 val_roc_auc=0.9284 val_loss=0.3032 val_metric_name=roc_auc val_metric=0.9284
Step  500 | loss 0.2083 | val_acc=0.8812 val_roc_auc=0.9293 val_loss=0.3090 val_metric_name=roc_auc val_metric=0.9293
Step  550 | loss 0.1985 | val_acc=0.8784 val_roc_auc=0.9263 val_loss=0.3291 val_metric_name=roc_auc val_metric=0.9263
Step  600 | loss 0.1963 | val_acc=0.8784 val_roc_auc=0.9254 val_loss=0.3385 val_metric_name=roc_auc val_metric=0.9254
Step  650 | loss 0.1837 | val_acc=0.8748 val_roc_auc=0.9219 val_loss=0.3610 val_metric_name=roc_auc val_metric=0.9219
Step  700 | loss 0.1797 | val_acc=0.8708 val_roc_auc=0.9196 val_loss=0.3814 val_metric_name=roc_auc val_metric=0.9196
Early stopping at step 716

--- Final (best ckpt @ step 390) ---
  train_acc=0.9138 train_roc_auc=0.9630 train_loss=0.1922 train_metric_name=roc_auc train_metric=0.9630
  val_acc=0.8824 val_roc_auc=0.9298 val_loss=0.2888 val_metric_name=roc_auc val_metric=0.9298
  test_acc=0.8856 test_roc_auc=0.9376 test_loss=0.2651 test_metric_name=roc_auc test_metric=0.9376
  test_roc_auc=0.9376

============================================================
Training minesweeper GAT-sep 4L h=384 lr=0.0001 split=9
============================================================
Training for 5000 steps
Step    1 | loss 0.6787 | val_acc=0.8000 val_roc_auc=0.5618 val_loss=0.6032 val_metric_name=roc_auc val_metric=0.5618
Step   50 | loss 0.3196 | val_acc=0.8356 val_roc_auc=0.8842 val_loss=0.3482 val_metric_name=roc_auc val_metric=0.8842
Step  100 | loss 0.2904 | val_acc=0.8528 val_roc_auc=0.9037 val_loss=0.3127 val_metric_name=roc_auc val_metric=0.9037
Step  150 | loss 0.2734 | val_acc=0.8632 val_roc_auc=0.9132 val_loss=0.3010 val_metric_name=roc_auc val_metric=0.9132
Step  200 | loss 0.2535 | val_acc=0.8732 val_roc_auc=0.9200 val_loss=0.2958 val_metric_name=roc_auc val_metric=0.9200
Step  250 | loss 0.2304 | val_acc=0.8876 val_roc_auc=0.9299 val_loss=0.2850 val_metric_name=roc_auc val_metric=0.9299
Step  300 | loss 0.2243 | val_acc=0.8824 val_roc_auc=0.9289 val_loss=0.2963 val_metric_name=roc_auc val_metric=0.9289
Step  350 | loss 0.2125 | val_acc=0.8828 val_roc_auc=0.9291 val_loss=0.3080 val_metric_name=roc_auc val_metric=0.9291
Step  400 | loss 0.1927 | val_acc=0.8748 val_roc_auc=0.9257 val_loss=0.3313 val_metric_name=roc_auc val_metric=0.9257
Step  450 | loss 0.1853 | val_acc=0.8724 val_roc_auc=0.9223 val_loss=0.3634 val_metric_name=roc_auc val_metric=0.9223
Step  500 | loss 0.1708 | val_acc=0.8720 val_roc_auc=0.9183 val_loss=0.3913 val_metric_name=roc_auc val_metric=0.9183
Step  550 | loss 0.1524 | val_acc=0.8620 val_roc_auc=0.9140 val_loss=0.4328 val_metric_name=roc_auc val_metric=0.9140
Step  600 | loss 0.1439 | val_acc=0.8600 val_roc_auc=0.9107 val_loss=0.4694 val_metric_name=roc_auc val_metric=0.9107
Early stopping at step 616

--- Final (best ckpt @ step 280) ---
  train_acc=0.9136 train_roc_auc=0.9635 train_loss=0.1962 train_metric_name=roc_auc train_metric=0.9635
  val_acc=0.8816 val_roc_auc=0.9303 val_loss=0.2912 val_metric_name=roc_auc val_metric=0.9303
  test_acc=0.8852 test_roc_auc=0.9386 test_loss=0.2705 test_metric_name=roc_auc test_metric=0.9386
  test_roc_auc=0.9386

============================================================
Training minesweeper GAT-sep 4L h=384 lr=1e-05 split=9
============================================================
Training for 5000 steps
Step    1 | loss 0.6787 | val_acc=0.7036 val_roc_auc=0.5324 val_loss=0.6087 val_metric_name=roc_auc val_metric=0.5324
Step   50 | loss 0.4668 | val_acc=0.8000 val_roc_auc=0.8057 val_loss=0.4664 val_metric_name=roc_auc val_metric=0.8057
Step  100 | loss 0.4002 | val_acc=0.8164 val_roc_auc=0.8339 val_loss=0.3984 val_metric_name=roc_auc val_metric=0.8339
Step  150 | loss 0.3590 | val_acc=0.8176 val_roc_auc=0.8658 val_loss=0.3721 val_metric_name=roc_auc val_metric=0.8658
Step  200 | loss 0.3349 | val_acc=0.8220 val_roc_auc=0.8834 val_loss=0.3524 val_metric_name=roc_auc val_metric=0.8834
Step  250 | loss 0.3186 | val_acc=0.8304 val_roc_auc=0.8883 val_loss=0.3546 val_metric_name=roc_auc val_metric=0.8883
Step  300 | loss 0.3156 | val_acc=0.8336 val_roc_auc=0.8923 val_loss=0.3459 val_metric_name=roc_auc val_metric=0.8923
Step  350 | loss 0.3068 | val_acc=0.8396 val_roc_auc=0.8954 val_loss=0.3392 val_metric_name=roc_auc val_metric=0.8954
Step  400 | loss 0.3053 | val_acc=0.8440 val_roc_auc=0.8974 val_loss=0.3344 val_metric_name=roc_auc val_metric=0.8974
Step  450 | loss 0.3012 | val_acc=0.8452 val_roc_auc=0.8988 val_loss=0.3341 val_metric_name=roc_auc val_metric=0.8988
Step  500 | loss 0.2945 | val_acc=0.8472 val_roc_auc=0.9000 val_loss=0.3314 val_metric_name=roc_auc val_metric=0.9000
Step  550 | loss 0.2931 | val_acc=0.8468 val_roc_auc=0.9017 val_loss=0.3264 val_metric_name=roc_auc val_metric=0.9017
Step  600 | loss 0.2907 | val_acc=0.8500 val_roc_auc=0.9029 val_loss=0.3228 val_metric_name=roc_auc val_metric=0.9029
Step  650 | loss 0.2902 | val_acc=0.8524 val_roc_auc=0.9043 val_loss=0.3176 val_metric_name=roc_auc val_metric=0.9043
Step  700 | loss 0.2900 | val_acc=0.8516 val_roc_auc=0.9063 val_loss=0.3152 val_metric_name=roc_auc val_metric=0.9063
Step  750 | loss 0.2821 | val_acc=0.8584 val_roc_auc=0.9072 val_loss=0.3118 val_metric_name=roc_auc val_metric=0.9072
Step  800 | loss 0.2784 | val_acc=0.8600 val_roc_auc=0.9084 val_loss=0.3083 val_metric_name=roc_auc val_metric=0.9084
Step  850 | loss 0.2743 | val_acc=0.8624 val_roc_auc=0.9095 val_loss=0.3074 val_metric_name=roc_auc val_metric=0.9095
Step  900 | loss 0.2712 | val_acc=0.8652 val_roc_auc=0.9113 val_loss=0.3050 val_metric_name=roc_auc val_metric=0.9113
Step  950 | loss 0.2685 | val_acc=0.8676 val_roc_auc=0.9126 val_loss=0.3036 val_metric_name=roc_auc val_metric=0.9126
Step 1000 | loss 0.2655 | val_acc=0.8724 val_roc_auc=0.9142 val_loss=0.3028 val_metric_name=roc_auc val_metric=0.9142
Step 1050 | loss 0.2667 | val_acc=0.8736 val_roc_auc=0.9155 val_loss=0.3025 val_metric_name=roc_auc val_metric=0.9155
Step 1100 | loss 0.2561 | val_acc=0.8764 val_roc_auc=0.9174 val_loss=0.2998 val_metric_name=roc_auc val_metric=0.9174
Step 1150 | loss 0.2532 | val_acc=0.8764 val_roc_auc=0.9199 val_loss=0.2951 val_metric_name=roc_auc val_metric=0.9199
Step 1200 | loss 0.2532 | val_acc=0.8804 val_roc_auc=0.9219 val_loss=0.2926 val_metric_name=roc_auc val_metric=0.9219
Step 1250 | loss 0.2496 | val_acc=0.8804 val_roc_auc=0.9240 val_loss=0.2880 val_metric_name=roc_auc val_metric=0.9240
Step 1300 | loss 0.2477 | val_acc=0.8796 val_roc_auc=0.9242 val_loss=0.2879 val_metric_name=roc_auc val_metric=0.9242
Step 1350 | loss 0.2396 | val_acc=0.8776 val_roc_auc=0.9259 val_loss=0.2872 val_metric_name=roc_auc val_metric=0.9259
Step 1400 | loss 0.2404 | val_acc=0.8772 val_roc_auc=0.9266 val_loss=0.2852 val_metric_name=roc_auc val_metric=0.9266
Step 1450 | loss 0.2421 | val_acc=0.8776 val_roc_auc=0.9272 val_loss=0.2854 val_metric_name=roc_auc val_metric=0.9272
Step 1500 | loss 0.2358 | val_acc=0.8780 val_roc_auc=0.9277 val_loss=0.2876 val_metric_name=roc_auc val_metric=0.9277
Step 1550 | loss 0.2345 | val_acc=0.8796 val_roc_auc=0.9281 val_loss=0.2877 val_metric_name=roc_auc val_metric=0.9281
Step 1600 | loss 0.2292 | val_acc=0.8792 val_roc_auc=0.9287 val_loss=0.2902 val_metric_name=roc_auc val_metric=0.9287
Step 1650 | loss 0.2280 | val_acc=0.8804 val_roc_auc=0.9289 val_loss=0.2901 val_metric_name=roc_auc val_metric=0.9289
Step 1700 | loss 0.2277 | val_acc=0.8804 val_roc_auc=0.9290 val_loss=0.2919 val_metric_name=roc_auc val_metric=0.9290
Step 1750 | loss 0.2236 | val_acc=0.8792 val_roc_auc=0.9292 val_loss=0.2942 val_metric_name=roc_auc val_metric=0.9292
Step 1800 | loss 0.2249 | val_acc=0.8820 val_roc_auc=0.9293 val_loss=0.2959 val_metric_name=roc_auc val_metric=0.9293
Step 1850 | loss 0.2201 | val_acc=0.8816 val_roc_auc=0.9288 val_loss=0.3001 val_metric_name=roc_auc val_metric=0.9288
Step 1900 | loss 0.2183 | val_acc=0.8812 val_roc_auc=0.9285 val_loss=0.3006 val_metric_name=roc_auc val_metric=0.9285
Step 1950 | loss 0.2136 | val_acc=0.8820 val_roc_auc=0.9286 val_loss=0.3029 val_metric_name=roc_auc val_metric=0.9286
Step 2000 | loss 0.2156 | val_acc=0.8848 val_roc_auc=0.9286 val_loss=0.3046 val_metric_name=roc_auc val_metric=0.9286
Step 2050 | loss 0.2183 | val_acc=0.8828 val_roc_auc=0.9288 val_loss=0.3059 val_metric_name=roc_auc val_metric=0.9288
Step 2100 | loss 0.2121 | val_acc=0.8824 val_roc_auc=0.9287 val_loss=0.3083 val_metric_name=roc_auc val_metric=0.9287
Early stopping at step 2110

--- Final (best ckpt @ step 1810) ---
  train_acc=0.9154 train_roc_auc=0.9654 train_loss=0.1868 train_metric_name=roc_auc train_metric=0.9654
  val_acc=0.8828 val_roc_auc=0.9297 val_loss=0.2925 val_metric_name=roc_auc val_metric=0.9297
  test_acc=0.8852 test_roc_auc=0.9366 test_loss=0.2701 test_metric_name=roc_auc test_metric=0.9366
  test_roc_auc=0.9366

============================================================
Training minesweeper GAT-sep 4L h=512 lr=3e-05 split=9
============================================================
Training for 5000 steps
Step    1 | loss 0.7044 | val_acc=0.8000 val_roc_auc=0.4445 val_loss=0.5172 val_metric_name=roc_auc val_metric=0.4445
Step   50 | loss 0.3710 | val_acc=0.8248 val_roc_auc=0.8597 val_loss=0.3921 val_metric_name=roc_auc val_metric=0.8597
Step  100 | loss 0.3164 | val_acc=0.8364 val_roc_auc=0.8905 val_loss=0.3416 val_metric_name=roc_auc val_metric=0.8905
Step  150 | loss 0.3019 | val_acc=0.8484 val_roc_auc=0.8975 val_loss=0.3295 val_metric_name=roc_auc val_metric=0.8975
Step  200 | loss 0.2939 | val_acc=0.8548 val_roc_auc=0.9029 val_loss=0.3201 val_metric_name=roc_auc val_metric=0.9029
Step  250 | loss 0.2797 | val_acc=0.8564 val_roc_auc=0.9077 val_loss=0.3100 val_metric_name=roc_auc val_metric=0.9077
Step  300 | loss 0.2710 | val_acc=0.8636 val_roc_auc=0.9143 val_loss=0.3078 val_metric_name=roc_auc val_metric=0.9143
Step  350 | loss 0.2514 | val_acc=0.8732 val_roc_auc=0.9199 val_loss=0.3128 val_metric_name=roc_auc val_metric=0.9199
Step  400 | loss 0.2437 | val_acc=0.8728 val_roc_auc=0.9232 val_loss=0.3135 val_metric_name=roc_auc val_metric=0.9232
Step  450 | loss 0.2315 | val_acc=0.8744 val_roc_auc=0.9241 val_loss=0.3129 val_metric_name=roc_auc val_metric=0.9241
Step  500 | loss 0.2269 | val_acc=0.8712 val_roc_auc=0.9234 val_loss=0.3242 val_metric_name=roc_auc val_metric=0.9234
Step  550 | loss 0.2211 | val_acc=0.8720 val_roc_auc=0.9236 val_loss=0.3294 val_metric_name=roc_auc val_metric=0.9236
Step  600 | loss 0.2172 | val_acc=0.8716 val_roc_auc=0.9218 val_loss=0.3429 val_metric_name=roc_auc val_metric=0.9218
Step  650 | loss 0.2092 | val_acc=0.8716 val_roc_auc=0.9223 val_loss=0.3464 val_metric_name=roc_auc val_metric=0.9223
Step  700 | loss 0.2029 | val_acc=0.8668 val_roc_auc=0.9194 val_loss=0.3632 val_metric_name=roc_auc val_metric=0.9194
Step  750 | loss 0.1935 | val_acc=0.8700 val_roc_auc=0.9180 val_loss=0.3747 val_metric_name=roc_auc val_metric=0.9180
Step  800 | loss 0.1923 | val_acc=0.8696 val_roc_auc=0.9166 val_loss=0.3875 val_metric_name=roc_auc val_metric=0.9166
Early stopping at step 821

--- Final (best ckpt @ step 520) ---
  train_acc=0.9124 train_roc_auc=0.9609 train_loss=0.2027 train_metric_name=roc_auc train_metric=0.9609
  val_acc=0.8752 val_roc_auc=0.9255 val_loss=0.3171 val_metric_name=roc_auc val_metric=0.9255
  test_acc=0.8852 test_roc_auc=0.9329 test_loss=0.2901 test_metric_name=roc_auc test_metric=0.9329
  test_roc_auc=0.9329

============================================================
Training minesweeper GAT-sep 4L h=512 lr=6e-05 split=9
============================================================
Training for 5000 steps
Step    1 | loss 0.7044 | val_acc=0.8000 val_roc_auc=0.4850 val_loss=0.6488 val_metric_name=roc_auc val_metric=0.4850
Step   50 | loss 0.3323 | val_acc=0.8308 val_roc_auc=0.8829 val_loss=0.3397 val_metric_name=roc_auc val_metric=0.8829
Step  100 | loss 0.3005 | val_acc=0.8472 val_roc_auc=0.8979 val_loss=0.3236 val_metric_name=roc_auc val_metric=0.8979
Step  150 | loss 0.2855 | val_acc=0.8556 val_roc_auc=0.9053 val_loss=0.3160 val_metric_name=roc_auc val_metric=0.9053
Step  200 | loss 0.2673 | val_acc=0.8676 val_roc_auc=0.9149 val_loss=0.3120 val_metric_name=roc_auc val_metric=0.9149
Step  250 | loss 0.2424 | val_acc=0.8748 val_roc_auc=0.9230 val_loss=0.3059 val_metric_name=roc_auc val_metric=0.9230
Step  300 | loss 0.2294 | val_acc=0.8700 val_roc_auc=0.9238 val_loss=0.3160 val_metric_name=roc_auc val_metric=0.9238
Step  350 | loss 0.2158 | val_acc=0.8744 val_roc_auc=0.9236 val_loss=0.3263 val_metric_name=roc_auc val_metric=0.9236
Step  400 | loss 0.2092 | val_acc=0.8732 val_roc_auc=0.9206 val_loss=0.3526 val_metric_name=roc_auc val_metric=0.9206
Step  450 | loss 0.1965 | val_acc=0.8764 val_roc_auc=0.9206 val_loss=0.3573 val_metric_name=roc_auc val_metric=0.9206
Step  500 | loss 0.1877 | val_acc=0.8680 val_roc_auc=0.9150 val_loss=0.4005 val_metric_name=roc_auc val_metric=0.9150
Step  550 | loss 0.1753 | val_acc=0.8688 val_roc_auc=0.9113 val_loss=0.4234 val_metric_name=roc_auc val_metric=0.9113
Step  600 | loss 0.1649 | val_acc=0.8652 val_roc_auc=0.9074 val_loss=0.4651 val_metric_name=roc_auc val_metric=0.9074
Early stopping at step 610

--- Final (best ckpt @ step 310) ---
  train_acc=0.9112 train_roc_auc=0.9599 train_loss=0.2039 train_metric_name=roc_auc train_metric=0.9599
  val_acc=0.8744 val_roc_auc=0.9257 val_loss=0.3127 val_metric_name=roc_auc val_metric=0.9257
  test_acc=0.8868 test_roc_auc=0.9345 test_loss=0.2835 test_metric_name=roc_auc test_metric=0.9345
  test_roc_auc=0.9345

============================================================
Training minesweeper GAT-sep 4L h=512 lr=0.0001 split=9
============================================================
Training for 5000 steps
Step    1 | loss 0.7044 | val_acc=0.8000 val_roc_auc=0.5228 val_loss=0.8874 val_metric_name=roc_auc val_metric=0.5228
Step   50 | loss 0.3242 | val_acc=0.8360 val_roc_auc=0.8810 val_loss=0.3416 val_metric_name=roc_auc val_metric=0.8810
Step  100 | loss 0.2929 | val_acc=0.8544 val_roc_auc=0.9012 val_loss=0.3130 val_metric_name=roc_auc val_metric=0.9012
Step  150 | loss 0.2724 | val_acc=0.8616 val_roc_auc=0.9103 val_loss=0.3083 val_metric_name=roc_auc val_metric=0.9103
Step  200 | loss 0.2437 | val_acc=0.8776 val_roc_auc=0.9239 val_loss=0.2998 val_metric_name=roc_auc val_metric=0.9239
Step  250 | loss 0.2218 | val_acc=0.8772 val_roc_auc=0.9258 val_loss=0.3170 val_metric_name=roc_auc val_metric=0.9258
Step  300 | loss 0.2076 | val_acc=0.8728 val_roc_auc=0.9227 val_loss=0.3489 val_metric_name=roc_auc val_metric=0.9227
Step  350 | loss 0.1906 | val_acc=0.8684 val_roc_auc=0.9162 val_loss=0.3787 val_metric_name=roc_auc val_metric=0.9162
Step  400 | loss 0.1703 | val_acc=0.8648 val_roc_auc=0.9134 val_loss=0.4125 val_metric_name=roc_auc val_metric=0.9134
Step  450 | loss 0.1546 | val_acc=0.8620 val_roc_auc=0.9082 val_loss=0.4716 val_metric_name=roc_auc val_metric=0.9082
Step  500 | loss 0.1457 | val_acc=0.8472 val_roc_auc=0.9001 val_loss=0.5410 val_metric_name=roc_auc val_metric=0.9001
Step  550 | loss 0.1225 | val_acc=0.8516 val_roc_auc=0.8979 val_loss=0.5872 val_metric_name=roc_auc val_metric=0.8979
Early stopping at step 558

--- Final (best ckpt @ step 220) ---
  train_acc=0.9092 train_roc_auc=0.9574 train_loss=0.2093 train_metric_name=roc_auc train_metric=0.9574
  val_acc=0.8788 val_roc_auc=0.9271 val_loss=0.2986 val_metric_name=roc_auc val_metric=0.9271
  test_acc=0.8904 test_roc_auc=0.9347 test_loss=0.2792 test_metric_name=roc_auc test_metric=0.9347
  test_roc_auc=0.9347

============================================================
Training minesweeper GAT-sep 4L h=512 lr=1e-05 split=9
============================================================
Training for 5000 steps
Step    1 | loss 0.7044 | val_acc=0.8000 val_roc_auc=0.4248 val_loss=0.5589 val_metric_name=roc_auc val_metric=0.4248
Step   50 | loss 0.4527 | val_acc=0.8004 val_roc_auc=0.8015 val_loss=0.4443 val_metric_name=roc_auc val_metric=0.8015
Step  100 | loss 0.3816 | val_acc=0.8252 val_roc_auc=0.8530 val_loss=0.3979 val_metric_name=roc_auc val_metric=0.8530
Step  150 | loss 0.3411 | val_acc=0.8344 val_roc_auc=0.8820 val_loss=0.3493 val_metric_name=roc_auc val_metric=0.8820
Step  200 | loss 0.3223 | val_acc=0.8404 val_roc_auc=0.8875 val_loss=0.3494 val_metric_name=roc_auc val_metric=0.8875
Step  250 | loss 0.3134 | val_acc=0.8396 val_roc_auc=0.8924 val_loss=0.3413 val_metric_name=roc_auc val_metric=0.8924
Step  300 | loss 0.3062 | val_acc=0.8456 val_roc_auc=0.8954 val_loss=0.3359 val_metric_name=roc_auc val_metric=0.8954
Step  350 | loss 0.2999 | val_acc=0.8476 val_roc_auc=0.8975 val_loss=0.3294 val_metric_name=roc_auc val_metric=0.8975
Step  400 | loss 0.3020 | val_acc=0.8500 val_roc_auc=0.9001 val_loss=0.3252 val_metric_name=roc_auc val_metric=0.9001
Step  450 | loss 0.2918 | val_acc=0.8536 val_roc_auc=0.9018 val_loss=0.3230 val_metric_name=roc_auc val_metric=0.9018
Step  500 | loss 0.2894 | val_acc=0.8540 val_roc_auc=0.9045 val_loss=0.3179 val_metric_name=roc_auc val_metric=0.9045
Step  550 | loss 0.2827 | val_acc=0.8572 val_roc_auc=0.9069 val_loss=0.3144 val_metric_name=roc_auc val_metric=0.9069
Step  600 | loss 0.2790 | val_acc=0.8612 val_roc_auc=0.9102 val_loss=0.3072 val_metric_name=roc_auc val_metric=0.9102
Step  650 | loss 0.2720 | val_acc=0.8664 val_roc_auc=0.9132 val_loss=0.3084 val_metric_name=roc_auc val_metric=0.9132
Step  700 | loss 0.2690 | val_acc=0.8664 val_roc_auc=0.9158 val_loss=0.3117 val_metric_name=roc_auc val_metric=0.9158
Step  750 | loss 0.2576 | val_acc=0.8688 val_roc_auc=0.9174 val_loss=0.3204 val_metric_name=roc_auc val_metric=0.9174
Step  800 | loss 0.2582 | val_acc=0.8724 val_roc_auc=0.9191 val_loss=0.3166 val_metric_name=roc_auc val_metric=0.9191
Step  850 | loss 0.2572 | val_acc=0.8736 val_roc_auc=0.9198 val_loss=0.3220 val_metric_name=roc_auc val_metric=0.9198
Step  900 | loss 0.2489 | val_acc=0.8708 val_roc_auc=0.9203 val_loss=0.3206 val_metric_name=roc_auc val_metric=0.9203
Step  950 | loss 0.2410 | val_acc=0.8692 val_roc_auc=0.9214 val_loss=0.3129 val_metric_name=roc_auc val_metric=0.9214
Step 1000 | loss 0.2357 | val_acc=0.8716 val_roc_auc=0.9222 val_loss=0.3164 val_metric_name=roc_auc val_metric=0.9222
Step 1050 | loss 0.2374 | val_acc=0.8700 val_roc_auc=0.9220 val_loss=0.3217 val_metric_name=roc_auc val_metric=0.9220
Step 1100 | loss 0.2345 | val_acc=0.8704 val_roc_auc=0.9216 val_loss=0.3306 val_metric_name=roc_auc val_metric=0.9216
Step 1150 | loss 0.2302 | val_acc=0.8704 val_roc_auc=0.9217 val_loss=0.3276 val_metric_name=roc_auc val_metric=0.9217
Step 1200 | loss 0.2270 | val_acc=0.8708 val_roc_auc=0.9227 val_loss=0.3253 val_metric_name=roc_auc val_metric=0.9227
Step 1250 | loss 0.2271 | val_acc=0.8716 val_roc_auc=0.9224 val_loss=0.3288 val_metric_name=roc_auc val_metric=0.9224
Step 1300 | loss 0.2202 | val_acc=0.8712 val_roc_auc=0.9213 val_loss=0.3405 val_metric_name=roc_auc val_metric=0.9213
Step 1350 | loss 0.2187 | val_acc=0.8716 val_roc_auc=0.9220 val_loss=0.3366 val_metric_name=roc_auc val_metric=0.9220
Step 1400 | loss 0.2155 | val_acc=0.8720 val_roc_auc=0.9221 val_loss=0.3352 val_metric_name=roc_auc val_metric=0.9221
Step 1450 | loss 0.2140 | val_acc=0.8700 val_roc_auc=0.9209 val_loss=0.3468 val_metric_name=roc_auc val_metric=0.9209
Early stopping at step 1468

--- Final (best ckpt @ step 1130) ---
  train_acc=0.9024 train_roc_auc=0.9546 train_loss=0.2278 train_metric_name=roc_auc train_metric=0.9546
  val_acc=0.8704 val_roc_auc=0.9230 val_loss=0.3241 val_metric_name=roc_auc val_metric=0.9230
  test_acc=0.8860 test_roc_auc=0.9314 test_loss=0.2948 test_metric_name=roc_auc test_metric=0.9314
  test_roc_auc=0.9314
  >> num_layers=4 hidden_dim=256 lr=3e-05 best_step=750 val_roc_auc=0.9260 test_roc_auc=0.9392
     val_acc=0.8768 val_loss=0.2856 val_metric=0.9260 val_metric_name=roc_auc val_roc_auc=0.9260
     test_acc=0.8872 test_loss=0.2524 test_metric=0.9392 test_metric_name=roc_auc test_roc_auc=0.9392
  >> num_layers=4 hidden_dim=256 lr=6e-05 best_step=500 val_roc_auc=0.9266 test_roc_auc=0.9391
     val_acc=0.8796 val_loss=0.2927 val_metric=0.9266 val_metric_name=roc_auc val_roc_auc=0.9266
     test_acc=0.8908 test_loss=0.2579 test_metric=0.9391 test_metric_name=roc_auc test_roc_auc=0.9391
  >> num_layers=4 hidden_dim=256 lr=0.0001 best_step=370 val_roc_auc=0.9280 test_roc_auc=0.9394
     val_acc=0.8812 val_loss=0.2919 val_metric=0.9280 val_metric_name=roc_auc val_roc_auc=0.9280
     test_acc=0.8884 test_loss=0.2579 test_metric=0.9394 test_metric_name=roc_auc test_roc_auc=0.9394
  >> num_layers=4 hidden_dim=256 lr=1e-05 best_step=2350 val_roc_auc=0.9259 test_roc_auc=0.9388
     val_acc=0.8768 val_loss=0.2949 val_metric=0.9259 val_metric_name=roc_auc val_roc_auc=0.9259
     test_acc=0.8900 test_loss=0.2591 test_metric=0.9388 test_metric_name=roc_auc test_roc_auc=0.9388
  >> num_layers=4 hidden_dim=384 lr=3e-05 best_step=620 val_roc_auc=0.9297 test_roc_auc=0.9380
     val_acc=0.8864 val_loss=0.2839 val_metric=0.9297 val_metric_name=roc_auc val_roc_auc=0.9297
     test_acc=0.8876 test_loss=0.2601 test_metric=0.9380 test_metric_name=roc_auc test_roc_auc=0.9380
  >> num_layers=4 hidden_dim=384 lr=6e-05 best_step=390 val_roc_auc=0.9298 test_roc_auc=0.9376
     val_acc=0.8824 val_loss=0.2888 val_metric=0.9298 val_metric_name=roc_auc val_roc_auc=0.9298
     test_acc=0.8856 test_loss=0.2651 test_metric=0.9376 test_metric_name=roc_auc test_roc_auc=0.9376
  >> num_layers=4 hidden_dim=384 lr=0.0001 best_step=280 val_roc_auc=0.9303 test_roc_auc=0.9386
     val_acc=0.8816 val_loss=0.2912 val_metric=0.9303 val_metric_name=roc_auc val_roc_auc=0.9303
     test_acc=0.8852 test_loss=0.2705 test_metric=0.9386 test_metric_name=roc_auc test_roc_auc=0.9386
  >> num_layers=4 hidden_dim=384 lr=1e-05 best_step=1810 val_roc_auc=0.9297 test_roc_auc=0.9366
     val_acc=0.8828 val_loss=0.2925 val_metric=0.9297 val_metric_name=roc_auc val_roc_auc=0.9297
     test_acc=0.8852 test_loss=0.2701 test_metric=0.9366 test_metric_name=roc_auc test_roc_auc=0.9366
  >> num_layers=4 hidden_dim=512 lr=3e-05 best_step=520 val_roc_auc=0.9255 test_roc_auc=0.9329
     val_acc=0.8752 val_loss=0.3171 val_metric=0.9255 val_metric_name=roc_auc val_roc_auc=0.9255
     test_acc=0.8852 test_loss=0.2901 test_metric=0.9329 test_metric_name=roc_auc test_roc_auc=0.9329
  >> num_layers=4 hidden_dim=512 lr=6e-05 best_step=310 val_roc_auc=0.9257 test_roc_auc=0.9345
     val_acc=0.8744 val_loss=0.3127 val_metric=0.9257 val_metric_name=roc_auc val_roc_auc=0.9257
     test_acc=0.8868 test_loss=0.2835 test_metric=0.9345 test_metric_name=roc_auc test_roc_auc=0.9345
  >> num_layers=4 hidden_dim=512 lr=0.0001 best_step=220 val_roc_auc=0.9271 test_roc_auc=0.9347
     val_acc=0.8788 val_loss=0.2986 val_metric=0.9271 val_metric_name=roc_auc val_roc_auc=0.9271
     test_acc=0.8904 test_loss=0.2792 test_metric=0.9347 test_metric_name=roc_auc test_roc_auc=0.9347
  >> num_layers=4 hidden_dim=512 lr=1e-05 best_step=1130 val_roc_auc=0.9230 test_roc_auc=0.9314
     val_acc=0.8704 val_loss=0.3241 val_metric=0.9230 val_metric_name=roc_auc val_roc_auc=0.9230
     test_acc=0.8860 test_loss=0.2948 test_metric=0.9314 test_metric_name=roc_auc test_roc_auc=0.9314
  >> selected best (by val): num_layers=4 hidden_dim=384 lr=0.0001 val_roc_auc=0.9303 test_roc_auc=0.9386
     val_acc=0.8816 val_loss=0.2912 val_metric=0.9303 val_metric_name=roc_auc val_roc_auc=0.9303
     test_acc=0.8852 test_loss=0.2705 test_metric=0.9386 test_metric_name=roc_auc test_roc_auc=0.9386

Done. Results saved to /home/avshmelev/diploma_yandex_graphs/results_grid/minesweeper/base.csv, checkpoints in /home/avshmelev/diploma_yandex_graphs/all_checkpoints/minesweeper/base/
