Loading data...

============================================================
Training minesweeper GAT 4L h=256 lr=3e-05 split=5
============================================================
Training for 5000 steps
Step    1 | loss 0.6432 | val_acc=0.7992 val_roc_auc=0.6541 val_loss=0.5215 val_metric_name=roc_auc val_metric=0.6541
Step   50 | loss 0.4476 | val_acc=0.8044 val_roc_auc=0.7643 val_loss=0.4480 val_metric_name=roc_auc val_metric=0.7643
Step  100 | loss 0.4232 | val_acc=0.8064 val_roc_auc=0.8161 val_loss=0.4107 val_metric_name=roc_auc val_metric=0.8161
Step  150 | loss 0.3788 | val_acc=0.8264 val_roc_auc=0.8782 val_loss=0.3560 val_metric_name=roc_auc val_metric=0.8782
Step  200 | loss 0.3539 | val_acc=0.8424 val_roc_auc=0.8872 val_loss=0.3280 val_metric_name=roc_auc val_metric=0.8872
Step  250 | loss 0.3364 | val_acc=0.8420 val_roc_auc=0.8912 val_loss=0.3158 val_metric_name=roc_auc val_metric=0.8912
Step  300 | loss 0.3311 | val_acc=0.8496 val_roc_auc=0.8947 val_loss=0.3114 val_metric_name=roc_auc val_metric=0.8947
Step  350 | loss 0.3154 | val_acc=0.8540 val_roc_auc=0.8998 val_loss=0.3038 val_metric_name=roc_auc val_metric=0.8998
Step  400 | loss 0.3079 | val_acc=0.8564 val_roc_auc=0.9039 val_loss=0.2972 val_metric_name=roc_auc val_metric=0.9039
Step  450 | loss 0.3023 | val_acc=0.8584 val_roc_auc=0.9088 val_loss=0.2897 val_metric_name=roc_auc val_metric=0.9088
Step  500 | loss 0.2964 | val_acc=0.8648 val_roc_auc=0.9136 val_loss=0.2825 val_metric_name=roc_auc val_metric=0.9136
Step  550 | loss 0.2934 | val_acc=0.8700 val_roc_auc=0.9163 val_loss=0.2784 val_metric_name=roc_auc val_metric=0.9163
Step  600 | loss 0.2869 | val_acc=0.8712 val_roc_auc=0.9170 val_loss=0.2768 val_metric_name=roc_auc val_metric=0.9170
Step  650 | loss 0.2741 | val_acc=0.8708 val_roc_auc=0.9184 val_loss=0.2803 val_metric_name=roc_auc val_metric=0.9184
Step  700 | loss 0.2727 | val_acc=0.8720 val_roc_auc=0.9198 val_loss=0.2779 val_metric_name=roc_auc val_metric=0.9198
Step  750 | loss 0.2737 | val_acc=0.8720 val_roc_auc=0.9209 val_loss=0.2742 val_metric_name=roc_auc val_metric=0.9209
Step  800 | loss 0.2686 | val_acc=0.8712 val_roc_auc=0.9211 val_loss=0.2768 val_metric_name=roc_auc val_metric=0.9211
Step  850 | loss 0.2683 | val_acc=0.8696 val_roc_auc=0.9206 val_loss=0.2791 val_metric_name=roc_auc val_metric=0.9206
Step  900 | loss 0.2664 | val_acc=0.8728 val_roc_auc=0.9224 val_loss=0.2725 val_metric_name=roc_auc val_metric=0.9224
Step  950 | loss 0.2599 | val_acc=0.8712 val_roc_auc=0.9223 val_loss=0.2775 val_metric_name=roc_auc val_metric=0.9223
Step 1000 | loss 0.2556 | val_acc=0.8720 val_roc_auc=0.9223 val_loss=0.2754 val_metric_name=roc_auc val_metric=0.9223
Step 1050 | loss 0.2534 | val_acc=0.8712 val_roc_auc=0.9206 val_loss=0.2831 val_metric_name=roc_auc val_metric=0.9206
Step 1100 | loss 0.2549 | val_acc=0.8720 val_roc_auc=0.9210 val_loss=0.2841 val_metric_name=roc_auc val_metric=0.9210
Step 1150 | loss 0.2501 | val_acc=0.8692 val_roc_auc=0.9213 val_loss=0.2846 val_metric_name=roc_auc val_metric=0.9213
Step 1200 | loss 0.2452 | val_acc=0.8672 val_roc_auc=0.9213 val_loss=0.2821 val_metric_name=roc_auc val_metric=0.9213
Early stopping at step 1210

--- Final (best ckpt @ step 910) ---
  train_acc=0.8948 train_roc_auc=0.9521 train_loss=0.2218 train_metric_name=roc_auc train_metric=0.9521
  val_acc=0.8720 val_roc_auc=0.9225 val_loss=0.2762 val_metric_name=roc_auc val_metric=0.9225
  test_acc=0.8732 test_roc_auc=0.9252 test_loss=0.2701 test_metric_name=roc_auc test_metric=0.9252
  test_roc_auc=0.9252

============================================================
Training minesweeper GAT 4L h=256 lr=6e-05 split=5
============================================================
Training for 5000 steps
Step    1 | loss 0.6432 | val_acc=0.8000 val_roc_auc=0.6545 val_loss=0.4859 val_metric_name=roc_auc val_metric=0.6545
Step   50 | loss 0.4297 | val_acc=0.8048 val_roc_auc=0.7934 val_loss=0.4292 val_metric_name=roc_auc val_metric=0.7934
Step  100 | loss 0.3719 | val_acc=0.8340 val_roc_auc=0.8811 val_loss=0.3400 val_metric_name=roc_auc val_metric=0.8811
Step  150 | loss 0.3339 | val_acc=0.8452 val_roc_auc=0.8918 val_loss=0.3167 val_metric_name=roc_auc val_metric=0.8918
Step  200 | loss 0.3204 | val_acc=0.8500 val_roc_auc=0.8987 val_loss=0.3054 val_metric_name=roc_auc val_metric=0.8987
Step  250 | loss 0.3031 | val_acc=0.8624 val_roc_auc=0.9059 val_loss=0.2939 val_metric_name=roc_auc val_metric=0.9059
Step  300 | loss 0.2976 | val_acc=0.8684 val_roc_auc=0.9131 val_loss=0.2833 val_metric_name=roc_auc val_metric=0.9131
Step  350 | loss 0.2813 | val_acc=0.8692 val_roc_auc=0.9171 val_loss=0.2818 val_metric_name=roc_auc val_metric=0.9171
Step  400 | loss 0.2740 | val_acc=0.8712 val_roc_auc=0.9186 val_loss=0.2798 val_metric_name=roc_auc val_metric=0.9186
Step  450 | loss 0.2709 | val_acc=0.8708 val_roc_auc=0.9204 val_loss=0.2761 val_metric_name=roc_auc val_metric=0.9204
Step  500 | loss 0.2637 | val_acc=0.8696 val_roc_auc=0.9233 val_loss=0.2717 val_metric_name=roc_auc val_metric=0.9233
Step  550 | loss 0.2617 | val_acc=0.8688 val_roc_auc=0.9208 val_loss=0.2839 val_metric_name=roc_auc val_metric=0.9208
Step  600 | loss 0.2559 | val_acc=0.8688 val_roc_auc=0.9205 val_loss=0.2800 val_metric_name=roc_auc val_metric=0.9205
Step  650 | loss 0.2453 | val_acc=0.8712 val_roc_auc=0.9202 val_loss=0.2870 val_metric_name=roc_auc val_metric=0.9202
Step  700 | loss 0.2379 | val_acc=0.8708 val_roc_auc=0.9195 val_loss=0.2967 val_metric_name=roc_auc val_metric=0.9195
Step  750 | loss 0.2415 | val_acc=0.8692 val_roc_auc=0.9200 val_loss=0.2945 val_metric_name=roc_auc val_metric=0.9200
Step  800 | loss 0.2366 | val_acc=0.8700 val_roc_auc=0.9199 val_loss=0.2897 val_metric_name=roc_auc val_metric=0.9199
Early stopping at step 840

--- Final (best ckpt @ step 540) ---
  train_acc=0.8990 train_roc_auc=0.9541 train_loss=0.2160 train_metric_name=roc_auc train_metric=0.9541
  val_acc=0.8696 val_roc_auc=0.9234 val_loss=0.2730 val_metric_name=roc_auc val_metric=0.9234
  test_acc=0.8760 test_roc_auc=0.9276 test_loss=0.2648 test_metric_name=roc_auc test_metric=0.9276
  test_roc_auc=0.9276

============================================================
Training minesweeper GAT 4L h=256 lr=0.0001 split=5
============================================================
Training for 5000 steps
Step    1 | loss 0.6432 | val_acc=0.8000 val_roc_auc=0.6534 val_loss=0.4904 val_metric_name=roc_auc val_metric=0.6534
Step   50 | loss 0.4060 | val_acc=0.8084 val_roc_auc=0.8450 val_loss=0.3839 val_metric_name=roc_auc val_metric=0.8450
Step  100 | loss 0.3431 | val_acc=0.8440 val_roc_auc=0.8903 val_loss=0.3203 val_metric_name=roc_auc val_metric=0.8903
Step  150 | loss 0.3156 | val_acc=0.8484 val_roc_auc=0.9002 val_loss=0.3066 val_metric_name=roc_auc val_metric=0.9002
Step  200 | loss 0.2985 | val_acc=0.8664 val_roc_auc=0.9115 val_loss=0.2866 val_metric_name=roc_auc val_metric=0.9115
Step  250 | loss 0.2810 | val_acc=0.8704 val_roc_auc=0.9173 val_loss=0.2787 val_metric_name=roc_auc val_metric=0.9173
Step  300 | loss 0.2744 | val_acc=0.8692 val_roc_auc=0.9187 val_loss=0.2813 val_metric_name=roc_auc val_metric=0.9187
Step  350 | loss 0.2600 | val_acc=0.8684 val_roc_auc=0.9209 val_loss=0.2831 val_metric_name=roc_auc val_metric=0.9209
Step  400 | loss 0.2527 | val_acc=0.8692 val_roc_auc=0.9202 val_loss=0.2856 val_metric_name=roc_auc val_metric=0.9202
Step  450 | loss 0.2515 | val_acc=0.8660 val_roc_auc=0.9179 val_loss=0.2917 val_metric_name=roc_auc val_metric=0.9179
Step  500 | loss 0.2417 | val_acc=0.8696 val_roc_auc=0.9199 val_loss=0.2837 val_metric_name=roc_auc val_metric=0.9199
Step  550 | loss 0.2409 | val_acc=0.8712 val_roc_auc=0.9166 val_loss=0.2970 val_metric_name=roc_auc val_metric=0.9166
Step  600 | loss 0.2364 | val_acc=0.8632 val_roc_auc=0.9133 val_loss=0.3203 val_metric_name=roc_auc val_metric=0.9133
Step  650 | loss 0.2199 | val_acc=0.8696 val_roc_auc=0.9136 val_loss=0.3168 val_metric_name=roc_auc val_metric=0.9136
Step  700 | loss 0.2127 | val_acc=0.8668 val_roc_auc=0.9126 val_loss=0.3223 val_metric_name=roc_auc val_metric=0.9126
Early stopping at step 742

--- Final (best ckpt @ step 380) ---
  train_acc=0.8970 train_roc_auc=0.9545 train_loss=0.2170 train_metric_name=roc_auc train_metric=0.9545
  val_acc=0.8680 val_roc_auc=0.9216 val_loss=0.2807 val_metric_name=roc_auc val_metric=0.9216
  test_acc=0.8696 test_roc_auc=0.9254 test_loss=0.2726 test_metric_name=roc_auc test_metric=0.9254
  test_roc_auc=0.9254

============================================================
Training minesweeper GAT 4L h=256 lr=1e-05 split=5
============================================================
Training for 5000 steps
Step    1 | loss 0.6432 | val_acc=0.7780 val_roc_auc=0.6531 val_loss=0.5684 val_metric_name=roc_auc val_metric=0.6531
Step   50 | loss 0.4766 | val_acc=0.8000 val_roc_auc=0.7401 val_loss=0.4720 val_metric_name=roc_auc val_metric=0.7401
Step  100 | loss 0.4593 | val_acc=0.8008 val_roc_auc=0.7568 val_loss=0.4574 val_metric_name=roc_auc val_metric=0.7568
Step  150 | loss 0.4408 | val_acc=0.8016 val_roc_auc=0.7716 val_loss=0.4480 val_metric_name=roc_auc val_metric=0.7716
Step  200 | loss 0.4279 | val_acc=0.8040 val_roc_auc=0.7907 val_loss=0.4347 val_metric_name=roc_auc val_metric=0.7907
Step  250 | loss 0.4197 | val_acc=0.8036 val_roc_auc=0.8145 val_loss=0.4182 val_metric_name=roc_auc val_metric=0.8145
Step  300 | loss 0.4091 | val_acc=0.8052 val_roc_auc=0.8446 val_loss=0.3983 val_metric_name=roc_auc val_metric=0.8446
Step  350 | loss 0.3902 | val_acc=0.8152 val_roc_auc=0.8709 val_loss=0.3721 val_metric_name=roc_auc val_metric=0.8709
Step  400 | loss 0.3757 | val_acc=0.8272 val_roc_auc=0.8802 val_loss=0.3521 val_metric_name=roc_auc val_metric=0.8802
Step  450 | loss 0.3628 | val_acc=0.8328 val_roc_auc=0.8834 val_loss=0.3404 val_metric_name=roc_auc val_metric=0.8834
Step  500 | loss 0.3591 | val_acc=0.8396 val_roc_auc=0.8859 val_loss=0.3321 val_metric_name=roc_auc val_metric=0.8859
Step  550 | loss 0.3483 | val_acc=0.8420 val_roc_auc=0.8882 val_loss=0.3235 val_metric_name=roc_auc val_metric=0.8882
Step  600 | loss 0.3425 | val_acc=0.8424 val_roc_auc=0.8904 val_loss=0.3201 val_metric_name=roc_auc val_metric=0.8904
Step  650 | loss 0.3354 | val_acc=0.8432 val_roc_auc=0.8912 val_loss=0.3178 val_metric_name=roc_auc val_metric=0.8912
Step  700 | loss 0.3323 | val_acc=0.8452 val_roc_auc=0.8930 val_loss=0.3152 val_metric_name=roc_auc val_metric=0.8930
Step  750 | loss 0.3279 | val_acc=0.8472 val_roc_auc=0.8945 val_loss=0.3126 val_metric_name=roc_auc val_metric=0.8945
Step  800 | loss 0.3283 | val_acc=0.8504 val_roc_auc=0.8957 val_loss=0.3102 val_metric_name=roc_auc val_metric=0.8957
Step  850 | loss 0.3217 | val_acc=0.8512 val_roc_auc=0.8972 val_loss=0.3075 val_metric_name=roc_auc val_metric=0.8972
Step  900 | loss 0.3220 | val_acc=0.8492 val_roc_auc=0.8984 val_loss=0.3058 val_metric_name=roc_auc val_metric=0.8984
Step  950 | loss 0.3183 | val_acc=0.8532 val_roc_auc=0.9005 val_loss=0.3026 val_metric_name=roc_auc val_metric=0.9005
Step 1000 | loss 0.3124 | val_acc=0.8564 val_roc_auc=0.9017 val_loss=0.3008 val_metric_name=roc_auc val_metric=0.9017
Step 1050 | loss 0.3087 | val_acc=0.8580 val_roc_auc=0.9046 val_loss=0.2969 val_metric_name=roc_auc val_metric=0.9046
Step 1100 | loss 0.3095 | val_acc=0.8572 val_roc_auc=0.9060 val_loss=0.2954 val_metric_name=roc_auc val_metric=0.9060
Step 1150 | loss 0.3032 | val_acc=0.8596 val_roc_auc=0.9084 val_loss=0.2912 val_metric_name=roc_auc val_metric=0.9084
Step 1200 | loss 0.3025 | val_acc=0.8588 val_roc_auc=0.9095 val_loss=0.2903 val_metric_name=roc_auc val_metric=0.9095
Step 1250 | loss 0.2994 | val_acc=0.8592 val_roc_auc=0.9104 val_loss=0.2874 val_metric_name=roc_auc val_metric=0.9104
Step 1300 | loss 0.2898 | val_acc=0.8656 val_roc_auc=0.9122 val_loss=0.2862 val_metric_name=roc_auc val_metric=0.9122
Step 1350 | loss 0.2962 | val_acc=0.8676 val_roc_auc=0.9132 val_loss=0.2824 val_metric_name=roc_auc val_metric=0.9132
Step 1400 | loss 0.2872 | val_acc=0.8672 val_roc_auc=0.9140 val_loss=0.2823 val_metric_name=roc_auc val_metric=0.9140
Step 1450 | loss 0.2909 | val_acc=0.8712 val_roc_auc=0.9148 val_loss=0.2813 val_metric_name=roc_auc val_metric=0.9148
Step 1500 | loss 0.2874 | val_acc=0.8704 val_roc_auc=0.9155 val_loss=0.2809 val_metric_name=roc_auc val_metric=0.9155
Step 1550 | loss 0.2832 | val_acc=0.8728 val_roc_auc=0.9163 val_loss=0.2791 val_metric_name=roc_auc val_metric=0.9163
Step 1600 | loss 0.2891 | val_acc=0.8732 val_roc_auc=0.9171 val_loss=0.2793 val_metric_name=roc_auc val_metric=0.9171
Step 1650 | loss 0.2844 | val_acc=0.8708 val_roc_auc=0.9177 val_loss=0.2789 val_metric_name=roc_auc val_metric=0.9177
Step 1700 | loss 0.2868 | val_acc=0.8704 val_roc_auc=0.9181 val_loss=0.2770 val_metric_name=roc_auc val_metric=0.9181
Step 1750 | loss 0.2802 | val_acc=0.8712 val_roc_auc=0.9182 val_loss=0.2763 val_metric_name=roc_auc val_metric=0.9182
Step 1800 | loss 0.2790 | val_acc=0.8720 val_roc_auc=0.9193 val_loss=0.2760 val_metric_name=roc_auc val_metric=0.9193
Step 1850 | loss 0.2767 | val_acc=0.8696 val_roc_auc=0.9200 val_loss=0.2756 val_metric_name=roc_auc val_metric=0.9200
Step 1900 | loss 0.2769 | val_acc=0.8720 val_roc_auc=0.9198 val_loss=0.2777 val_metric_name=roc_auc val_metric=0.9198
Step 1950 | loss 0.2677 | val_acc=0.8708 val_roc_auc=0.9206 val_loss=0.2754 val_metric_name=roc_auc val_metric=0.9206
Step 2000 | loss 0.2730 | val_acc=0.8704 val_roc_auc=0.9203 val_loss=0.2768 val_metric_name=roc_auc val_metric=0.9203
Step 2050 | loss 0.2704 | val_acc=0.8708 val_roc_auc=0.9209 val_loss=0.2748 val_metric_name=roc_auc val_metric=0.9209
Step 2100 | loss 0.2665 | val_acc=0.8720 val_roc_auc=0.9210 val_loss=0.2770 val_metric_name=roc_auc val_metric=0.9210
Step 2150 | loss 0.2676 | val_acc=0.8696 val_roc_auc=0.9215 val_loss=0.2742 val_metric_name=roc_auc val_metric=0.9215
Step 2200 | loss 0.2676 | val_acc=0.8728 val_roc_auc=0.9216 val_loss=0.2766 val_metric_name=roc_auc val_metric=0.9216
Step 2250 | loss 0.2703 | val_acc=0.8732 val_roc_auc=0.9213 val_loss=0.2768 val_metric_name=roc_auc val_metric=0.9213
Step 2300 | loss 0.2700 | val_acc=0.8720 val_roc_auc=0.9215 val_loss=0.2774 val_metric_name=roc_auc val_metric=0.9215
Step 2350 | loss 0.2603 | val_acc=0.8720 val_roc_auc=0.9216 val_loss=0.2790 val_metric_name=roc_auc val_metric=0.9216
Step 2400 | loss 0.2658 | val_acc=0.8712 val_roc_auc=0.9221 val_loss=0.2755 val_metric_name=roc_auc val_metric=0.9221
Step 2450 | loss 0.2618 | val_acc=0.8720 val_roc_auc=0.9226 val_loss=0.2757 val_metric_name=roc_auc val_metric=0.9226
Step 2500 | loss 0.2590 | val_acc=0.8732 val_roc_auc=0.9229 val_loss=0.2737 val_metric_name=roc_auc val_metric=0.9229
Step 2550 | loss 0.2585 | val_acc=0.8708 val_roc_auc=0.9219 val_loss=0.2778 val_metric_name=roc_auc val_metric=0.9219
Step 2600 | loss 0.2588 | val_acc=0.8708 val_roc_auc=0.9215 val_loss=0.2791 val_metric_name=roc_auc val_metric=0.9215
Step 2650 | loss 0.2562 | val_acc=0.8704 val_roc_auc=0.9215 val_loss=0.2795 val_metric_name=roc_auc val_metric=0.9215
Step 2700 | loss 0.2583 | val_acc=0.8712 val_roc_auc=0.9218 val_loss=0.2784 val_metric_name=roc_auc val_metric=0.9218
Step 2750 | loss 0.2583 | val_acc=0.8696 val_roc_auc=0.9218 val_loss=0.2792 val_metric_name=roc_auc val_metric=0.9218
Step 2800 | loss 0.2551 | val_acc=0.8704 val_roc_auc=0.9207 val_loss=0.2829 val_metric_name=roc_auc val_metric=0.9207
Early stopping at step 2805

--- Final (best ckpt @ step 2500) ---
  train_acc=0.8998 train_roc_auc=0.9532 train_loss=0.2177 train_metric_name=roc_auc train_metric=0.9532
  val_acc=0.8732 val_roc_auc=0.9229 val_loss=0.2737 val_metric_name=roc_auc val_metric=0.9229
  test_acc=0.8728 test_roc_auc=0.9255 test_loss=0.2674 test_metric_name=roc_auc test_metric=0.9255
  test_roc_auc=0.9255

============================================================
Training minesweeper GAT 4L h=384 lr=3e-05 split=5
============================================================
Training for 5000 steps
Step    1 | loss 0.6172 | val_acc=0.8000 val_roc_auc=0.5852 val_loss=0.4940 val_metric_name=roc_auc val_metric=0.5852
Step   50 | loss 0.4098 | val_acc=0.8136 val_roc_auc=0.8280 val_loss=0.4012 val_metric_name=roc_auc val_metric=0.8280
Step  100 | loss 0.3521 | val_acc=0.8384 val_roc_auc=0.8829 val_loss=0.3346 val_metric_name=roc_auc val_metric=0.8829
Step  150 | loss 0.3287 | val_acc=0.8392 val_roc_auc=0.8877 val_loss=0.3241 val_metric_name=roc_auc val_metric=0.8877
Step  200 | loss 0.3170 | val_acc=0.8408 val_roc_auc=0.8921 val_loss=0.3173 val_metric_name=roc_auc val_metric=0.8921
Step  250 | loss 0.3029 | val_acc=0.8504 val_roc_auc=0.8962 val_loss=0.3108 val_metric_name=roc_auc val_metric=0.8962
Step  300 | loss 0.2951 | val_acc=0.8572 val_roc_auc=0.9041 val_loss=0.2989 val_metric_name=roc_auc val_metric=0.9041
Step  350 | loss 0.2825 | val_acc=0.8664 val_roc_auc=0.9110 val_loss=0.2923 val_metric_name=roc_auc val_metric=0.9110
Step  400 | loss 0.2760 | val_acc=0.8712 val_roc_auc=0.9144 val_loss=0.2932 val_metric_name=roc_auc val_metric=0.9144
Step  450 | loss 0.2732 | val_acc=0.8660 val_roc_auc=0.9176 val_loss=0.2947 val_metric_name=roc_auc val_metric=0.9176
Step  500 | loss 0.2636 | val_acc=0.8680 val_roc_auc=0.9178 val_loss=0.2905 val_metric_name=roc_auc val_metric=0.9178
Step  550 | loss 0.2613 | val_acc=0.8700 val_roc_auc=0.9186 val_loss=0.2911 val_metric_name=roc_auc val_metric=0.9186
Step  600 | loss 0.2521 | val_acc=0.8708 val_roc_auc=0.9202 val_loss=0.2899 val_metric_name=roc_auc val_metric=0.9202
Step  650 | loss 0.2541 | val_acc=0.8692 val_roc_auc=0.9192 val_loss=0.2947 val_metric_name=roc_auc val_metric=0.9192
Step  700 | loss 0.2467 | val_acc=0.8668 val_roc_auc=0.9176 val_loss=0.3104 val_metric_name=roc_auc val_metric=0.9176
Step  750 | loss 0.2406 | val_acc=0.8660 val_roc_auc=0.9166 val_loss=0.3025 val_metric_name=roc_auc val_metric=0.9166
Step  800 | loss 0.2377 | val_acc=0.8668 val_roc_auc=0.9173 val_loss=0.3083 val_metric_name=roc_auc val_metric=0.9173
Step  850 | loss 0.2382 | val_acc=0.8640 val_roc_auc=0.9158 val_loss=0.3109 val_metric_name=roc_auc val_metric=0.9158
Step  900 | loss 0.2278 | val_acc=0.8644 val_roc_auc=0.9144 val_loss=0.3189 val_metric_name=roc_auc val_metric=0.9144
Step  950 | loss 0.2316 | val_acc=0.8624 val_roc_auc=0.9127 val_loss=0.3220 val_metric_name=roc_auc val_metric=0.9127
Early stopping at step 983

--- Final (best ckpt @ step 680) ---
  train_acc=0.9010 train_roc_auc=0.9578 train_loss=0.2101 train_metric_name=roc_auc train_metric=0.9578
  val_acc=0.8696 val_roc_auc=0.9202 val_loss=0.2875 val_metric_name=roc_auc val_metric=0.9202
  test_acc=0.8780 test_roc_auc=0.9276 test_loss=0.2719 test_metric_name=roc_auc test_metric=0.9276
  test_roc_auc=0.9276

============================================================
Training minesweeper GAT 4L h=384 lr=6e-05 split=5
============================================================
Training for 5000 steps
Step    1 | loss 0.6172 | val_acc=0.8000 val_roc_auc=0.6225 val_loss=0.5292 val_metric_name=roc_auc val_metric=0.6225
Step   50 | loss 0.3710 | val_acc=0.8332 val_roc_auc=0.8795 val_loss=0.3431 val_metric_name=roc_auc val_metric=0.8795
Step  100 | loss 0.3243 | val_acc=0.8432 val_roc_auc=0.8890 val_loss=0.3231 val_metric_name=roc_auc val_metric=0.8890
Step  150 | loss 0.3012 | val_acc=0.8504 val_roc_auc=0.8977 val_loss=0.3079 val_metric_name=roc_auc val_metric=0.8977
Step  200 | loss 0.2937 | val_acc=0.8640 val_roc_auc=0.9082 val_loss=0.2944 val_metric_name=roc_auc val_metric=0.9082
Step  250 | loss 0.2756 | val_acc=0.8664 val_roc_auc=0.9144 val_loss=0.2978 val_metric_name=roc_auc val_metric=0.9144
Step  300 | loss 0.2636 | val_acc=0.8696 val_roc_auc=0.9165 val_loss=0.2937 val_metric_name=roc_auc val_metric=0.9165
Step  350 | loss 0.2516 | val_acc=0.8696 val_roc_auc=0.9203 val_loss=0.2911 val_metric_name=roc_auc val_metric=0.9203
Step  400 | loss 0.2446 | val_acc=0.8684 val_roc_auc=0.9184 val_loss=0.3009 val_metric_name=roc_auc val_metric=0.9184
Step  450 | loss 0.2428 | val_acc=0.8676 val_roc_auc=0.9188 val_loss=0.2994 val_metric_name=roc_auc val_metric=0.9188
Step  500 | loss 0.2327 | val_acc=0.8664 val_roc_auc=0.9178 val_loss=0.3054 val_metric_name=roc_auc val_metric=0.9178
Step  550 | loss 0.2255 | val_acc=0.8664 val_roc_auc=0.9135 val_loss=0.3157 val_metric_name=roc_auc val_metric=0.9135
Step  600 | loss 0.2166 | val_acc=0.8620 val_roc_auc=0.9109 val_loss=0.3371 val_metric_name=roc_auc val_metric=0.9109
Step  650 | loss 0.2130 | val_acc=0.8616 val_roc_auc=0.9091 val_loss=0.3422 val_metric_name=roc_auc val_metric=0.9091
Early stopping at step 690

--- Final (best ckpt @ step 390) ---
  train_acc=0.9010 train_roc_auc=0.9586 train_loss=0.2155 train_metric_name=roc_auc train_metric=0.9586
  val_acc=0.8692 val_roc_auc=0.9214 val_loss=0.2932 val_metric_name=roc_auc val_metric=0.9214
  test_acc=0.8684 test_roc_auc=0.9271 test_loss=0.2814 test_metric_name=roc_auc test_metric=0.9271
  test_roc_auc=0.9271

============================================================
Training minesweeper GAT 4L h=384 lr=0.0001 split=5
============================================================
Training for 5000 steps
Step    1 | loss 0.6172 | val_acc=0.8000 val_roc_auc=0.6650 val_loss=0.6387 val_metric_name=roc_auc val_metric=0.6650
Step   50 | loss 0.3504 | val_acc=0.8424 val_roc_auc=0.8868 val_loss=0.3328 val_metric_name=roc_auc val_metric=0.8868
Step  100 | loss 0.3089 | val_acc=0.8528 val_roc_auc=0.8963 val_loss=0.3095 val_metric_name=roc_auc val_metric=0.8963
Step  150 | loss 0.2835 | val_acc=0.8612 val_roc_auc=0.9106 val_loss=0.2952 val_metric_name=roc_auc val_metric=0.9106
Step  200 | loss 0.2717 | val_acc=0.8700 val_roc_auc=0.9144 val_loss=0.2970 val_metric_name=roc_auc val_metric=0.9144
Step  250 | loss 0.2543 | val_acc=0.8692 val_roc_auc=0.9149 val_loss=0.2920 val_metric_name=roc_auc val_metric=0.9149
Step  300 | loss 0.2427 | val_acc=0.8692 val_roc_auc=0.9199 val_loss=0.3003 val_metric_name=roc_auc val_metric=0.9199
Step  350 | loss 0.2297 | val_acc=0.8696 val_roc_auc=0.9179 val_loss=0.3083 val_metric_name=roc_auc val_metric=0.9179
Step  400 | loss 0.2185 | val_acc=0.8716 val_roc_auc=0.9162 val_loss=0.3129 val_metric_name=roc_auc val_metric=0.9162
Step  450 | loss 0.2192 | val_acc=0.8636 val_roc_auc=0.9095 val_loss=0.3440 val_metric_name=roc_auc val_metric=0.9095
Step  500 | loss 0.2012 | val_acc=0.8596 val_roc_auc=0.9049 val_loss=0.3670 val_metric_name=roc_auc val_metric=0.9049
Step  550 | loss 0.1884 | val_acc=0.8544 val_roc_auc=0.9015 val_loss=0.3854 val_metric_name=roc_auc val_metric=0.9015
Step  600 | loss 0.1785 | val_acc=0.8476 val_roc_auc=0.8924 val_loss=0.4154 val_metric_name=roc_auc val_metric=0.8924
Early stopping at step 601

--- Final (best ckpt @ step 300) ---
  train_acc=0.9022 train_roc_auc=0.9609 train_loss=0.2095 train_metric_name=roc_auc train_metric=0.9609
  val_acc=0.8692 val_roc_auc=0.9199 val_loss=0.3003 val_metric_name=roc_auc val_metric=0.9199
  test_acc=0.8736 test_roc_auc=0.9266 test_loss=0.2848 test_metric_name=roc_auc test_metric=0.9266
  test_roc_auc=0.9266

============================================================
Training minesweeper GAT 4L h=384 lr=1e-05 split=5
============================================================
Training for 5000 steps
Step    1 | loss 0.6172 | val_acc=0.8000 val_roc_auc=0.5601 val_loss=0.5212 val_metric_name=roc_auc val_metric=0.5601
Step   50 | loss 0.4516 | val_acc=0.8004 val_roc_auc=0.7929 val_loss=0.4550 val_metric_name=roc_auc val_metric=0.7929
Step  100 | loss 0.4162 | val_acc=0.8080 val_roc_auc=0.8123 val_loss=0.4153 val_metric_name=roc_auc val_metric=0.8123
Step  150 | loss 0.3932 | val_acc=0.8196 val_roc_auc=0.8589 val_loss=0.3734 val_metric_name=roc_auc val_metric=0.8589
Step  200 | loss 0.3695 | val_acc=0.8344 val_roc_auc=0.8817 val_loss=0.3408 val_metric_name=roc_auc val_metric=0.8817
Step  250 | loss 0.3497 | val_acc=0.8396 val_roc_auc=0.8842 val_loss=0.3326 val_metric_name=roc_auc val_metric=0.8842
Step  300 | loss 0.3421 | val_acc=0.8396 val_roc_auc=0.8863 val_loss=0.3272 val_metric_name=roc_auc val_metric=0.8863
Step  350 | loss 0.3318 | val_acc=0.8404 val_roc_auc=0.8875 val_loss=0.3243 val_metric_name=roc_auc val_metric=0.8875
Step  400 | loss 0.3265 | val_acc=0.8404 val_roc_auc=0.8869 val_loss=0.3274 val_metric_name=roc_auc val_metric=0.8869
Step  450 | loss 0.3220 | val_acc=0.8424 val_roc_auc=0.8889 val_loss=0.3239 val_metric_name=roc_auc val_metric=0.8889
Step  500 | loss 0.3153 | val_acc=0.8408 val_roc_auc=0.8904 val_loss=0.3215 val_metric_name=roc_auc val_metric=0.8904
Step  550 | loss 0.3108 | val_acc=0.8472 val_roc_auc=0.8924 val_loss=0.3191 val_metric_name=roc_auc val_metric=0.8924
Step  600 | loss 0.3078 | val_acc=0.8476 val_roc_auc=0.8942 val_loss=0.3155 val_metric_name=roc_auc val_metric=0.8942
Step  650 | loss 0.3057 | val_acc=0.8516 val_roc_auc=0.8980 val_loss=0.3086 val_metric_name=roc_auc val_metric=0.8980
Step  700 | loss 0.2984 | val_acc=0.8540 val_roc_auc=0.9001 val_loss=0.3052 val_metric_name=roc_auc val_metric=0.9001
Step  750 | loss 0.2978 | val_acc=0.8576 val_roc_auc=0.9031 val_loss=0.2992 val_metric_name=roc_auc val_metric=0.9031
Step  800 | loss 0.2931 | val_acc=0.8600 val_roc_auc=0.9061 val_loss=0.2948 val_metric_name=roc_auc val_metric=0.9061
Step  850 | loss 0.2937 | val_acc=0.8636 val_roc_auc=0.9085 val_loss=0.2915 val_metric_name=roc_auc val_metric=0.9085
Step  900 | loss 0.2838 | val_acc=0.8672 val_roc_auc=0.9106 val_loss=0.2895 val_metric_name=roc_auc val_metric=0.9106
Step  950 | loss 0.2826 | val_acc=0.8684 val_roc_auc=0.9127 val_loss=0.2918 val_metric_name=roc_auc val_metric=0.9127
Step 1000 | loss 0.2809 | val_acc=0.8696 val_roc_auc=0.9138 val_loss=0.2898 val_metric_name=roc_auc val_metric=0.9138
Step 1050 | loss 0.2762 | val_acc=0.8696 val_roc_auc=0.9156 val_loss=0.2903 val_metric_name=roc_auc val_metric=0.9156
Step 1100 | loss 0.2751 | val_acc=0.8712 val_roc_auc=0.9170 val_loss=0.2891 val_metric_name=roc_auc val_metric=0.9170
Step 1150 | loss 0.2740 | val_acc=0.8716 val_roc_auc=0.9173 val_loss=0.2890 val_metric_name=roc_auc val_metric=0.9173
Step 1200 | loss 0.2671 | val_acc=0.8720 val_roc_auc=0.9177 val_loss=0.2876 val_metric_name=roc_auc val_metric=0.9177
Step 1250 | loss 0.2669 | val_acc=0.8724 val_roc_auc=0.9180 val_loss=0.2879 val_metric_name=roc_auc val_metric=0.9180
Step 1300 | loss 0.2674 | val_acc=0.8728 val_roc_auc=0.9190 val_loss=0.2870 val_metric_name=roc_auc val_metric=0.9190
Step 1350 | loss 0.2646 | val_acc=0.8716 val_roc_auc=0.9187 val_loss=0.2920 val_metric_name=roc_auc val_metric=0.9187
Step 1400 | loss 0.2584 | val_acc=0.8732 val_roc_auc=0.9189 val_loss=0.2902 val_metric_name=roc_auc val_metric=0.9189
Step 1450 | loss 0.2617 | val_acc=0.8720 val_roc_auc=0.9187 val_loss=0.2912 val_metric_name=roc_auc val_metric=0.9187
Step 1500 | loss 0.2573 | val_acc=0.8732 val_roc_auc=0.9189 val_loss=0.2884 val_metric_name=roc_auc val_metric=0.9189
Step 1550 | loss 0.2550 | val_acc=0.8708 val_roc_auc=0.9188 val_loss=0.2886 val_metric_name=roc_auc val_metric=0.9188
Step 1600 | loss 0.2465 | val_acc=0.8720 val_roc_auc=0.9195 val_loss=0.2890 val_metric_name=roc_auc val_metric=0.9195
Step 1650 | loss 0.2469 | val_acc=0.8720 val_roc_auc=0.9196 val_loss=0.2903 val_metric_name=roc_auc val_metric=0.9196
Step 1700 | loss 0.2469 | val_acc=0.8700 val_roc_auc=0.9194 val_loss=0.2907 val_metric_name=roc_auc val_metric=0.9194
Step 1750 | loss 0.2493 | val_acc=0.8708 val_roc_auc=0.9194 val_loss=0.2912 val_metric_name=roc_auc val_metric=0.9194
Step 1800 | loss 0.2500 | val_acc=0.8712 val_roc_auc=0.9190 val_loss=0.2977 val_metric_name=roc_auc val_metric=0.9190
Step 1850 | loss 0.2482 | val_acc=0.8700 val_roc_auc=0.9192 val_loss=0.2959 val_metric_name=roc_auc val_metric=0.9192
Early stopping at step 1863

--- Final (best ckpt @ step 1560) ---
  train_acc=0.8976 train_roc_auc=0.9552 train_loss=0.2175 train_metric_name=roc_auc train_metric=0.9552
  val_acc=0.8720 val_roc_auc=0.9200 val_loss=0.2870 val_metric_name=roc_auc val_metric=0.9200
  test_acc=0.8736 test_roc_auc=0.9276 test_loss=0.2719 test_metric_name=roc_auc test_metric=0.9276
  test_roc_auc=0.9276

============================================================
Training minesweeper GAT 4L h=512 lr=3e-05 split=5
============================================================
Training for 5000 steps
Step    1 | loss 0.6837 | val_acc=0.8000 val_roc_auc=0.5655 val_loss=0.4964 val_metric_name=roc_auc val_metric=0.5655
Step   50 | loss 0.4191 | val_acc=0.8084 val_roc_auc=0.8096 val_loss=0.4137 val_metric_name=roc_auc val_metric=0.8096
Step  100 | loss 0.3573 | val_acc=0.8348 val_roc_auc=0.8818 val_loss=0.3335 val_metric_name=roc_auc val_metric=0.8818
Step  150 | loss 0.3282 | val_acc=0.8432 val_roc_auc=0.8905 val_loss=0.3218 val_metric_name=roc_auc val_metric=0.8905
Step  200 | loss 0.3092 | val_acc=0.8500 val_roc_auc=0.8971 val_loss=0.3114 val_metric_name=roc_auc val_metric=0.8971
Step  250 | loss 0.3002 | val_acc=0.8576 val_roc_auc=0.9026 val_loss=0.3028 val_metric_name=roc_auc val_metric=0.9026
Step  300 | loss 0.2915 | val_acc=0.8588 val_roc_auc=0.9074 val_loss=0.2983 val_metric_name=roc_auc val_metric=0.9074
Step  350 | loss 0.2842 | val_acc=0.8580 val_roc_auc=0.9100 val_loss=0.3092 val_metric_name=roc_auc val_metric=0.9100
Step  400 | loss 0.2694 | val_acc=0.8600 val_roc_auc=0.9111 val_loss=0.2990 val_metric_name=roc_auc val_metric=0.9111
Step  450 | loss 0.2630 | val_acc=0.8628 val_roc_auc=0.9131 val_loss=0.2993 val_metric_name=roc_auc val_metric=0.9131
Step  500 | loss 0.2583 | val_acc=0.8664 val_roc_auc=0.9135 val_loss=0.3000 val_metric_name=roc_auc val_metric=0.9135
Step  550 | loss 0.2551 | val_acc=0.8612 val_roc_auc=0.9121 val_loss=0.3195 val_metric_name=roc_auc val_metric=0.9121
Step  600 | loss 0.2515 | val_acc=0.8660 val_roc_auc=0.9106 val_loss=0.3171 val_metric_name=roc_auc val_metric=0.9106
Step  650 | loss 0.2408 | val_acc=0.8652 val_roc_auc=0.9082 val_loss=0.3248 val_metric_name=roc_auc val_metric=0.9082
Step  700 | loss 0.2296 | val_acc=0.8632 val_roc_auc=0.9089 val_loss=0.3219 val_metric_name=roc_auc val_metric=0.9089
Step  750 | loss 0.2277 | val_acc=0.8588 val_roc_auc=0.9048 val_loss=0.3435 val_metric_name=roc_auc val_metric=0.9048
Early stopping at step 790

--- Final (best ckpt @ step 490) ---
  train_acc=0.8960 train_roc_auc=0.9514 train_loss=0.2289 train_metric_name=roc_auc train_metric=0.9514
  val_acc=0.8652 val_roc_auc=0.9156 val_loss=0.3016 val_metric_name=roc_auc val_metric=0.9156
  test_acc=0.8724 test_roc_auc=0.9230 test_loss=0.2878 test_metric_name=roc_auc test_metric=0.9230
  test_roc_auc=0.9230

============================================================
Training minesweeper GAT 4L h=512 lr=6e-05 split=5
============================================================
Training for 5000 steps
Step    1 | loss 0.6837 | val_acc=0.8000 val_roc_auc=0.5834 val_loss=0.5807 val_metric_name=roc_auc val_metric=0.5834
Step   50 | loss 0.3811 | val_acc=0.8304 val_roc_auc=0.8654 val_loss=0.3517 val_metric_name=roc_auc val_metric=0.8654
Step  100 | loss 0.3214 | val_acc=0.8444 val_roc_auc=0.8906 val_loss=0.3186 val_metric_name=roc_auc val_metric=0.8906
Step  150 | loss 0.3078 | val_acc=0.8540 val_roc_auc=0.9005 val_loss=0.3043 val_metric_name=roc_auc val_metric=0.9005
Step  200 | loss 0.2834 | val_acc=0.8584 val_roc_auc=0.9086 val_loss=0.3087 val_metric_name=roc_auc val_metric=0.9086
Step  250 | loss 0.2702 | val_acc=0.8592 val_roc_auc=0.9110 val_loss=0.3058 val_metric_name=roc_auc val_metric=0.9110
Step  300 | loss 0.2578 | val_acc=0.8644 val_roc_auc=0.9133 val_loss=0.3005 val_metric_name=roc_auc val_metric=0.9133
Step  350 | loss 0.2509 | val_acc=0.8616 val_roc_auc=0.9132 val_loss=0.3083 val_metric_name=roc_auc val_metric=0.9132
Step  400 | loss 0.2362 | val_acc=0.8584 val_roc_auc=0.9094 val_loss=0.3242 val_metric_name=roc_auc val_metric=0.9094
Step  450 | loss 0.2257 | val_acc=0.8612 val_roc_auc=0.9099 val_loss=0.3236 val_metric_name=roc_auc val_metric=0.9099
Step  500 | loss 0.2199 | val_acc=0.8608 val_roc_auc=0.9027 val_loss=0.3563 val_metric_name=roc_auc val_metric=0.9027
Step  550 | loss 0.2124 | val_acc=0.8548 val_roc_auc=0.9001 val_loss=0.3638 val_metric_name=roc_auc val_metric=0.9001
Step  600 | loss 0.2088 | val_acc=0.8488 val_roc_auc=0.8964 val_loss=0.3668 val_metric_name=roc_auc val_metric=0.8964
Step  650 | loss 0.1952 | val_acc=0.8500 val_roc_auc=0.8972 val_loss=0.3820 val_metric_name=roc_auc val_metric=0.8972
Early stopping at step 669

--- Final (best ckpt @ step 340) ---
  train_acc=0.9018 train_roc_auc=0.9568 train_loss=0.2131 train_metric_name=roc_auc train_metric=0.9568
  val_acc=0.8620 val_roc_auc=0.9144 val_loss=0.2996 val_metric_name=roc_auc val_metric=0.9144
  test_acc=0.8712 test_roc_auc=0.9238 test_loss=0.2817 test_metric_name=roc_auc test_metric=0.9238
  test_roc_auc=0.9238

============================================================
Training minesweeper GAT 4L h=512 lr=0.0001 split=5
============================================================
Training for 5000 steps
Step    1 | loss 0.6837 | val_acc=0.8000 val_roc_auc=0.6079 val_loss=0.7998 val_metric_name=roc_auc val_metric=0.6079
Step   50 | loss 0.3611 | val_acc=0.8332 val_roc_auc=0.8784 val_loss=0.3329 val_metric_name=roc_auc val_metric=0.8784
Step  100 | loss 0.3102 | val_acc=0.8508 val_roc_auc=0.8958 val_loss=0.3092 val_metric_name=roc_auc val_metric=0.8958
Step  150 | loss 0.2959 | val_acc=0.8564 val_roc_auc=0.9068 val_loss=0.2989 val_metric_name=roc_auc val_metric=0.9068
Step  200 | loss 0.2643 | val_acc=0.8632 val_roc_auc=0.9133 val_loss=0.2960 val_metric_name=roc_auc val_metric=0.9133
Step  250 | loss 0.2535 | val_acc=0.8692 val_roc_auc=0.9154 val_loss=0.2984 val_metric_name=roc_auc val_metric=0.9154
Step  300 | loss 0.2348 | val_acc=0.8616 val_roc_auc=0.9094 val_loss=0.3139 val_metric_name=roc_auc val_metric=0.9094
Step  350 | loss 0.2265 | val_acc=0.8620 val_roc_auc=0.9081 val_loss=0.3263 val_metric_name=roc_auc val_metric=0.9081
Step  400 | loss 0.2097 | val_acc=0.8588 val_roc_auc=0.9019 val_loss=0.3523 val_metric_name=roc_auc val_metric=0.9019
Step  450 | loss 0.1977 | val_acc=0.8564 val_roc_auc=0.8976 val_loss=0.3764 val_metric_name=roc_auc val_metric=0.8976
Step  500 | loss 0.1845 | val_acc=0.8524 val_roc_auc=0.8920 val_loss=0.4156 val_metric_name=roc_auc val_metric=0.8920
Step  550 | loss 0.1676 | val_acc=0.8420 val_roc_auc=0.8834 val_loss=0.4542 val_metric_name=roc_auc val_metric=0.8834
Early stopping at step 550

--- Final (best ckpt @ step 250) ---
  train_acc=0.9030 train_roc_auc=0.9548 train_loss=0.2165 train_metric_name=roc_auc train_metric=0.9548
  val_acc=0.8692 val_roc_auc=0.9154 val_loss=0.2984 val_metric_name=roc_auc val_metric=0.9154
  test_acc=0.8740 test_roc_auc=0.9238 test_loss=0.2818 test_metric_name=roc_auc test_metric=0.9238
  test_roc_auc=0.9238

============================================================
Training minesweeper GAT 4L h=512 lr=1e-05 split=5
============================================================
Training for 5000 steps
Step    1 | loss 0.6837 | val_acc=0.8004 val_roc_auc=0.5537 val_loss=0.5704 val_metric_name=roc_auc val_metric=0.5537
Step   50 | loss 0.4533 | val_acc=0.8024 val_roc_auc=0.7646 val_loss=0.4407 val_metric_name=roc_auc val_metric=0.7646
Step  100 | loss 0.4258 | val_acc=0.8088 val_roc_auc=0.7969 val_loss=0.4251 val_metric_name=roc_auc val_metric=0.7969
Step  150 | loss 0.3990 | val_acc=0.8200 val_roc_auc=0.8514 val_loss=0.3764 val_metric_name=roc_auc val_metric=0.8514
Step  200 | loss 0.3689 | val_acc=0.8336 val_roc_auc=0.8750 val_loss=0.3437 val_metric_name=roc_auc val_metric=0.8750
Step  250 | loss 0.3470 | val_acc=0.8372 val_roc_auc=0.8858 val_loss=0.3320 val_metric_name=roc_auc val_metric=0.8858
Step  300 | loss 0.3347 | val_acc=0.8412 val_roc_auc=0.8880 val_loss=0.3264 val_metric_name=roc_auc val_metric=0.8880
Step  350 | loss 0.3266 | val_acc=0.8416 val_roc_auc=0.8902 val_loss=0.3221 val_metric_name=roc_auc val_metric=0.8902
Step  400 | loss 0.3189 | val_acc=0.8420 val_roc_auc=0.8928 val_loss=0.3191 val_metric_name=roc_auc val_metric=0.8928
Step  450 | loss 0.3139 | val_acc=0.8476 val_roc_auc=0.8959 val_loss=0.3141 val_metric_name=roc_auc val_metric=0.8959
Step  500 | loss 0.3098 | val_acc=0.8544 val_roc_auc=0.8990 val_loss=0.3090 val_metric_name=roc_auc val_metric=0.8990
Step  550 | loss 0.3063 | val_acc=0.8556 val_roc_auc=0.9006 val_loss=0.3071 val_metric_name=roc_auc val_metric=0.9006
Step  600 | loss 0.3004 | val_acc=0.8572 val_roc_auc=0.9029 val_loss=0.3047 val_metric_name=roc_auc val_metric=0.9029
Step  650 | loss 0.2936 | val_acc=0.8624 val_roc_auc=0.9052 val_loss=0.3005 val_metric_name=roc_auc val_metric=0.9052
Step  700 | loss 0.2929 | val_acc=0.8588 val_roc_auc=0.9064 val_loss=0.3010 val_metric_name=roc_auc val_metric=0.9064
Step  750 | loss 0.2837 | val_acc=0.8596 val_roc_auc=0.9075 val_loss=0.3018 val_metric_name=roc_auc val_metric=0.9075
Step  800 | loss 0.2820 | val_acc=0.8568 val_roc_auc=0.9084 val_loss=0.3042 val_metric_name=roc_auc val_metric=0.9084
Step  850 | loss 0.2790 | val_acc=0.8608 val_roc_auc=0.9105 val_loss=0.2999 val_metric_name=roc_auc val_metric=0.9105
Step  900 | loss 0.2737 | val_acc=0.8596 val_roc_auc=0.9103 val_loss=0.3070 val_metric_name=roc_auc val_metric=0.9103
Step  950 | loss 0.2731 | val_acc=0.8620 val_roc_auc=0.9111 val_loss=0.3041 val_metric_name=roc_auc val_metric=0.9111
Step 1000 | loss 0.2668 | val_acc=0.8616 val_roc_auc=0.9119 val_loss=0.2994 val_metric_name=roc_auc val_metric=0.9119
Step 1050 | loss 0.2695 | val_acc=0.8596 val_roc_auc=0.9124 val_loss=0.2998 val_metric_name=roc_auc val_metric=0.9124
Step 1100 | loss 0.2619 | val_acc=0.8616 val_roc_auc=0.9128 val_loss=0.3020 val_metric_name=roc_auc val_metric=0.9128
Step 1150 | loss 0.2592 | val_acc=0.8632 val_roc_auc=0.9138 val_loss=0.3021 val_metric_name=roc_auc val_metric=0.9138
Step 1200 | loss 0.2603 | val_acc=0.8616 val_roc_auc=0.9134 val_loss=0.3082 val_metric_name=roc_auc val_metric=0.9134
Step 1250 | loss 0.2561 | val_acc=0.8620 val_roc_auc=0.9124 val_loss=0.3090 val_metric_name=roc_auc val_metric=0.9124
Step 1300 | loss 0.2576 | val_acc=0.8620 val_roc_auc=0.9128 val_loss=0.3110 val_metric_name=roc_auc val_metric=0.9128
Step 1350 | loss 0.2478 | val_acc=0.8620 val_roc_auc=0.9120 val_loss=0.3106 val_metric_name=roc_auc val_metric=0.9120
Step 1400 | loss 0.2518 | val_acc=0.8604 val_roc_auc=0.9122 val_loss=0.3161 val_metric_name=roc_auc val_metric=0.9122
Early stopping at step 1448

--- Final (best ckpt @ step 1130) ---
  train_acc=0.8950 train_roc_auc=0.9487 train_loss=0.2305 train_metric_name=roc_auc train_metric=0.9487
  val_acc=0.8636 val_roc_auc=0.9140 val_loss=0.2993 val_metric_name=roc_auc val_metric=0.9140
  test_acc=0.8688 test_roc_auc=0.9219 test_loss=0.2844 test_metric_name=roc_auc test_metric=0.9219
  test_roc_auc=0.9219
  >> num_layers=4 hidden_dim=256 lr=3e-05 best_step=910 val_roc_auc=0.9225 test_roc_auc=0.9252
     val_acc=0.8720 val_loss=0.2762 val_metric=0.9225 val_metric_name=roc_auc val_roc_auc=0.9225
     test_acc=0.8732 test_loss=0.2701 test_metric=0.9252 test_metric_name=roc_auc test_roc_auc=0.9252
  >> num_layers=4 hidden_dim=256 lr=6e-05 best_step=540 val_roc_auc=0.9234 test_roc_auc=0.9276
     val_acc=0.8696 val_loss=0.2730 val_metric=0.9234 val_metric_name=roc_auc val_roc_auc=0.9234
     test_acc=0.8760 test_loss=0.2648 test_metric=0.9276 test_metric_name=roc_auc test_roc_auc=0.9276
  >> num_layers=4 hidden_dim=256 lr=0.0001 best_step=380 val_roc_auc=0.9216 test_roc_auc=0.9254
     val_acc=0.8680 val_loss=0.2807 val_metric=0.9216 val_metric_name=roc_auc val_roc_auc=0.9216
     test_acc=0.8696 test_loss=0.2726 test_metric=0.9254 test_metric_name=roc_auc test_roc_auc=0.9254
  >> num_layers=4 hidden_dim=256 lr=1e-05 best_step=2500 val_roc_auc=0.9229 test_roc_auc=0.9255
     val_acc=0.8732 val_loss=0.2737 val_metric=0.9229 val_metric_name=roc_auc val_roc_auc=0.9229
     test_acc=0.8728 test_loss=0.2674 test_metric=0.9255 test_metric_name=roc_auc test_roc_auc=0.9255
  >> num_layers=4 hidden_dim=384 lr=3e-05 best_step=680 val_roc_auc=0.9202 test_roc_auc=0.9276
     val_acc=0.8696 val_loss=0.2875 val_metric=0.9202 val_metric_name=roc_auc val_roc_auc=0.9202
     test_acc=0.8780 test_loss=0.2719 test_metric=0.9276 test_metric_name=roc_auc test_roc_auc=0.9276
  >> num_layers=4 hidden_dim=384 lr=6e-05 best_step=390 val_roc_auc=0.9214 test_roc_auc=0.9271
     val_acc=0.8692 val_loss=0.2932 val_metric=0.9214 val_metric_name=roc_auc val_roc_auc=0.9214
     test_acc=0.8684 test_loss=0.2814 test_metric=0.9271 test_metric_name=roc_auc test_roc_auc=0.9271
  >> num_layers=4 hidden_dim=384 lr=0.0001 best_step=300 val_roc_auc=0.9199 test_roc_auc=0.9266
     val_acc=0.8692 val_loss=0.3003 val_metric=0.9199 val_metric_name=roc_auc val_roc_auc=0.9199
     test_acc=0.8736 test_loss=0.2848 test_metric=0.9266 test_metric_name=roc_auc test_roc_auc=0.9266
  >> num_layers=4 hidden_dim=384 lr=1e-05 best_step=1560 val_roc_auc=0.9200 test_roc_auc=0.9276
     val_acc=0.8720 val_loss=0.2870 val_metric=0.9200 val_metric_name=roc_auc val_roc_auc=0.9200
     test_acc=0.8736 test_loss=0.2719 test_metric=0.9276 test_metric_name=roc_auc test_roc_auc=0.9276
  >> num_layers=4 hidden_dim=512 lr=3e-05 best_step=490 val_roc_auc=0.9156 test_roc_auc=0.9230
     val_acc=0.8652 val_loss=0.3016 val_metric=0.9156 val_metric_name=roc_auc val_roc_auc=0.9156
     test_acc=0.8724 test_loss=0.2878 test_metric=0.9230 test_metric_name=roc_auc test_roc_auc=0.9230
  >> num_layers=4 hidden_dim=512 lr=6e-05 best_step=340 val_roc_auc=0.9144 test_roc_auc=0.9238
     val_acc=0.8620 val_loss=0.2996 val_metric=0.9144 val_metric_name=roc_auc val_roc_auc=0.9144
     test_acc=0.8712 test_loss=0.2817 test_metric=0.9238 test_metric_name=roc_auc test_roc_auc=0.9238
  >> num_layers=4 hidden_dim=512 lr=0.0001 best_step=250 val_roc_auc=0.9154 test_roc_auc=0.9238
     val_acc=0.8692 val_loss=0.2984 val_metric=0.9154 val_metric_name=roc_auc val_roc_auc=0.9154
     test_acc=0.8740 test_loss=0.2818 test_metric=0.9238 test_metric_name=roc_auc test_roc_auc=0.9238
  >> num_layers=4 hidden_dim=512 lr=1e-05 best_step=1130 val_roc_auc=0.9140 test_roc_auc=0.9219
     val_acc=0.8636 val_loss=0.2993 val_metric=0.9140 val_metric_name=roc_auc val_roc_auc=0.9140
     test_acc=0.8688 test_loss=0.2844 test_metric=0.9219 test_metric_name=roc_auc test_roc_auc=0.9219
  >> selected best (by val): num_layers=4 hidden_dim=256 lr=6e-05 val_roc_auc=0.9234 test_roc_auc=0.9276
     val_acc=0.8696 val_loss=0.2730 val_metric=0.9234 val_metric_name=roc_auc val_roc_auc=0.9234
     test_acc=0.8760 test_loss=0.2648 test_metric=0.9276 test_metric_name=roc_auc test_roc_auc=0.9276

Done. Results saved to /home/avshmelev/diploma_yandex_graphs/results_grid/minesweeper/base.csv, checkpoints in /home/avshmelev/diploma_yandex_graphs/all_checkpoints/minesweeper/base/
Skipping: "Done." found in /home/avshmelev/diploma_yandex_graphs/results_grid/minesweeper/logs_base/GAT_4L_split5.log
