Loading data...

============================================================
Training minesweeper GAT 2L h=256 lr=3e-05 split=2
============================================================
Training for 5000 steps
Step    1 | loss 0.6297 | val_acc=0.7968 val_roc_auc=0.4653 val_loss=0.5577 val_metric_name=roc_auc val_metric=0.4653
Step   50 | loss 0.4539 | val_acc=0.8000 val_roc_auc=0.7488 val_loss=0.4555 val_metric_name=roc_auc val_metric=0.7488
Step  100 | loss 0.4167 | val_acc=0.8108 val_roc_auc=0.8034 val_loss=0.4141 val_metric_name=roc_auc val_metric=0.8034
Step  150 | loss 0.3809 | val_acc=0.8288 val_roc_auc=0.8624 val_loss=0.3570 val_metric_name=roc_auc val_metric=0.8624
Step  200 | loss 0.3463 | val_acc=0.8360 val_roc_auc=0.8841 val_loss=0.3292 val_metric_name=roc_auc val_metric=0.8841
Step  250 | loss 0.3365 | val_acc=0.8448 val_roc_auc=0.8880 val_loss=0.3224 val_metric_name=roc_auc val_metric=0.8880
Step  300 | loss 0.3288 | val_acc=0.8444 val_roc_auc=0.8883 val_loss=0.3219 val_metric_name=roc_auc val_metric=0.8883
Step  350 | loss 0.3206 | val_acc=0.8456 val_roc_auc=0.8897 val_loss=0.3201 val_metric_name=roc_auc val_metric=0.8897
Step  400 | loss 0.3177 | val_acc=0.8460 val_roc_auc=0.8903 val_loss=0.3189 val_metric_name=roc_auc val_metric=0.8903
Step  450 | loss 0.3161 | val_acc=0.8464 val_roc_auc=0.8919 val_loss=0.3163 val_metric_name=roc_auc val_metric=0.8919
Step  500 | loss 0.3116 | val_acc=0.8476 val_roc_auc=0.8925 val_loss=0.3158 val_metric_name=roc_auc val_metric=0.8925
Step  550 | loss 0.3084 | val_acc=0.8476 val_roc_auc=0.8929 val_loss=0.3157 val_metric_name=roc_auc val_metric=0.8929
Step  600 | loss 0.3022 | val_acc=0.8468 val_roc_auc=0.8933 val_loss=0.3167 val_metric_name=roc_auc val_metric=0.8933
Step  650 | loss 0.3092 | val_acc=0.8464 val_roc_auc=0.8940 val_loss=0.3143 val_metric_name=roc_auc val_metric=0.8940
Step  700 | loss 0.3016 | val_acc=0.8456 val_roc_auc=0.8944 val_loss=0.3134 val_metric_name=roc_auc val_metric=0.8944
Step  750 | loss 0.3043 | val_acc=0.8460 val_roc_auc=0.8944 val_loss=0.3145 val_metric_name=roc_auc val_metric=0.8944
Step  800 | loss 0.3001 | val_acc=0.8460 val_roc_auc=0.8949 val_loss=0.3131 val_metric_name=roc_auc val_metric=0.8949
Step  850 | loss 0.3009 | val_acc=0.8464 val_roc_auc=0.8949 val_loss=0.3142 val_metric_name=roc_auc val_metric=0.8949
Step  900 | loss 0.2991 | val_acc=0.8460 val_roc_auc=0.8952 val_loss=0.3139 val_metric_name=roc_auc val_metric=0.8952
Step  950 | loss 0.2951 | val_acc=0.8456 val_roc_auc=0.8957 val_loss=0.3139 val_metric_name=roc_auc val_metric=0.8957
Step 1000 | loss 0.2927 | val_acc=0.8476 val_roc_auc=0.8952 val_loss=0.3157 val_metric_name=roc_auc val_metric=0.8952
Step 1050 | loss 0.2948 | val_acc=0.8452 val_roc_auc=0.8960 val_loss=0.3139 val_metric_name=roc_auc val_metric=0.8960
Step 1100 | loss 0.2912 | val_acc=0.8440 val_roc_auc=0.8956 val_loss=0.3160 val_metric_name=roc_auc val_metric=0.8956
Step 1150 | loss 0.2910 | val_acc=0.8444 val_roc_auc=0.8957 val_loss=0.3167 val_metric_name=roc_auc val_metric=0.8957
Step 1200 | loss 0.2921 | val_acc=0.8452 val_roc_auc=0.8955 val_loss=0.3158 val_metric_name=roc_auc val_metric=0.8955
Step 1250 | loss 0.2868 | val_acc=0.8448 val_roc_auc=0.8964 val_loss=0.3140 val_metric_name=roc_auc val_metric=0.8964
Step 1300 | loss 0.2867 | val_acc=0.8432 val_roc_auc=0.8960 val_loss=0.3168 val_metric_name=roc_auc val_metric=0.8960
Step 1350 | loss 0.2907 | val_acc=0.8452 val_roc_auc=0.8951 val_loss=0.3194 val_metric_name=roc_auc val_metric=0.8951
Step 1400 | loss 0.2887 | val_acc=0.8456 val_roc_auc=0.8958 val_loss=0.3184 val_metric_name=roc_auc val_metric=0.8958
Step 1450 | loss 0.2908 | val_acc=0.8456 val_roc_auc=0.8959 val_loss=0.3180 val_metric_name=roc_auc val_metric=0.8959
Step 1500 | loss 0.2853 | val_acc=0.8456 val_roc_auc=0.8956 val_loss=0.3192 val_metric_name=roc_auc val_metric=0.8956
Step 1550 | loss 0.2879 | val_acc=0.8428 val_roc_auc=0.8955 val_loss=0.3201 val_metric_name=roc_auc val_metric=0.8955
Early stopping at step 1550

--- Final (best ckpt @ step 1250) ---
  train_acc=0.8620 train_roc_auc=0.9181 train_loss=0.2783 train_metric_name=roc_auc train_metric=0.9181
  val_acc=0.8448 val_roc_auc=0.8964 val_loss=0.3140 val_metric_name=roc_auc val_metric=0.8964
  test_acc=0.8544 test_roc_auc=0.9035 test_loss=0.3026 test_metric_name=roc_auc test_metric=0.9035
  test_roc_auc=0.9035

============================================================
Training minesweeper GAT 2L h=256 lr=6e-05 split=2
============================================================
Training for 5000 steps
Step    1 | loss 0.6297 | val_acc=0.8000 val_roc_auc=0.4714 val_loss=0.5283 val_metric_name=roc_auc val_metric=0.4714
Step   50 | loss 0.4283 | val_acc=0.8096 val_roc_auc=0.7835 val_loss=0.4325 val_metric_name=roc_auc val_metric=0.7835
Step  100 | loss 0.3640 | val_acc=0.8312 val_roc_auc=0.8766 val_loss=0.3387 val_metric_name=roc_auc val_metric=0.8766
Step  150 | loss 0.3352 | val_acc=0.8476 val_roc_auc=0.8889 val_loss=0.3227 val_metric_name=roc_auc val_metric=0.8889
Step  200 | loss 0.3150 | val_acc=0.8440 val_roc_auc=0.8904 val_loss=0.3182 val_metric_name=roc_auc val_metric=0.8904
Step  250 | loss 0.3121 | val_acc=0.8464 val_roc_auc=0.8909 val_loss=0.3188 val_metric_name=roc_auc val_metric=0.8909
Step  300 | loss 0.3099 | val_acc=0.8480 val_roc_auc=0.8931 val_loss=0.3150 val_metric_name=roc_auc val_metric=0.8931
Step  350 | loss 0.3031 | val_acc=0.8472 val_roc_auc=0.8945 val_loss=0.3129 val_metric_name=roc_auc val_metric=0.8945
Step  400 | loss 0.3015 | val_acc=0.8452 val_roc_auc=0.8946 val_loss=0.3137 val_metric_name=roc_auc val_metric=0.8946
Step  450 | loss 0.3023 | val_acc=0.8464 val_roc_auc=0.8950 val_loss=0.3125 val_metric_name=roc_auc val_metric=0.8950
Step  500 | loss 0.2961 | val_acc=0.8456 val_roc_auc=0.8950 val_loss=0.3131 val_metric_name=roc_auc val_metric=0.8950
Step  550 | loss 0.2954 | val_acc=0.8444 val_roc_auc=0.8947 val_loss=0.3150 val_metric_name=roc_auc val_metric=0.8947
Step  600 | loss 0.2892 | val_acc=0.8456 val_roc_auc=0.8952 val_loss=0.3150 val_metric_name=roc_auc val_metric=0.8952
Step  650 | loss 0.2948 | val_acc=0.8428 val_roc_auc=0.8961 val_loss=0.3143 val_metric_name=roc_auc val_metric=0.8961
Step  700 | loss 0.2889 | val_acc=0.8424 val_roc_auc=0.8951 val_loss=0.3161 val_metric_name=roc_auc val_metric=0.8951
Step  750 | loss 0.2928 | val_acc=0.8420 val_roc_auc=0.8951 val_loss=0.3192 val_metric_name=roc_auc val_metric=0.8951
Step  800 | loss 0.2874 | val_acc=0.8428 val_roc_auc=0.8951 val_loss=0.3186 val_metric_name=roc_auc val_metric=0.8951
Step  850 | loss 0.2865 | val_acc=0.8424 val_roc_auc=0.8951 val_loss=0.3184 val_metric_name=roc_auc val_metric=0.8951
Step  900 | loss 0.2840 | val_acc=0.8400 val_roc_auc=0.8948 val_loss=0.3216 val_metric_name=roc_auc val_metric=0.8948
Step  950 | loss 0.2824 | val_acc=0.8432 val_roc_auc=0.8949 val_loss=0.3242 val_metric_name=roc_auc val_metric=0.8949
Early stopping at step 950

--- Final (best ckpt @ step 650) ---
  train_acc=0.8616 train_roc_auc=0.9174 train_loss=0.2796 train_metric_name=roc_auc train_metric=0.9174
  val_acc=0.8428 val_roc_auc=0.8961 val_loss=0.3143 val_metric_name=roc_auc val_metric=0.8961
  test_acc=0.8564 test_roc_auc=0.9037 test_loss=0.3022 test_metric_name=roc_auc test_metric=0.9037
  test_roc_auc=0.9037

============================================================
Training minesweeper GAT 2L h=256 lr=0.0001 split=2
============================================================
Training for 5000 steps
Step    1 | loss 0.6297 | val_acc=0.8000 val_roc_auc=0.4795 val_loss=0.5121 val_metric_name=roc_auc val_metric=0.4795
Step   50 | loss 0.4020 | val_acc=0.8148 val_roc_auc=0.8322 val_loss=0.3919 val_metric_name=roc_auc val_metric=0.8322
Step  100 | loss 0.3341 | val_acc=0.8460 val_roc_auc=0.8900 val_loss=0.3192 val_metric_name=roc_auc val_metric=0.8900
Step  150 | loss 0.3178 | val_acc=0.8468 val_roc_auc=0.8911 val_loss=0.3175 val_metric_name=roc_auc val_metric=0.8911
Step  200 | loss 0.3032 | val_acc=0.8472 val_roc_auc=0.8945 val_loss=0.3119 val_metric_name=roc_auc val_metric=0.8945
Step  250 | loss 0.3018 | val_acc=0.8468 val_roc_auc=0.8938 val_loss=0.3154 val_metric_name=roc_auc val_metric=0.8938
Step  300 | loss 0.2998 | val_acc=0.8464 val_roc_auc=0.8947 val_loss=0.3127 val_metric_name=roc_auc val_metric=0.8947
Step  350 | loss 0.2949 | val_acc=0.8412 val_roc_auc=0.8954 val_loss=0.3128 val_metric_name=roc_auc val_metric=0.8954
Step  400 | loss 0.2926 | val_acc=0.8424 val_roc_auc=0.8948 val_loss=0.3158 val_metric_name=roc_auc val_metric=0.8948
Step  450 | loss 0.2928 | val_acc=0.8456 val_roc_auc=0.8957 val_loss=0.3130 val_metric_name=roc_auc val_metric=0.8957
Step  500 | loss 0.2878 | val_acc=0.8432 val_roc_auc=0.8949 val_loss=0.3159 val_metric_name=roc_auc val_metric=0.8949
Step  550 | loss 0.2867 | val_acc=0.8436 val_roc_auc=0.8948 val_loss=0.3169 val_metric_name=roc_auc val_metric=0.8948
Step  600 | loss 0.2814 | val_acc=0.8424 val_roc_auc=0.8946 val_loss=0.3192 val_metric_name=roc_auc val_metric=0.8946
Step  650 | loss 0.2868 | val_acc=0.8412 val_roc_auc=0.8951 val_loss=0.3233 val_metric_name=roc_auc val_metric=0.8951
Step  700 | loss 0.2796 | val_acc=0.8460 val_roc_auc=0.8943 val_loss=0.3222 val_metric_name=roc_auc val_metric=0.8943
Early stopping at step 742

--- Final (best ckpt @ step 440) ---
  train_acc=0.8614 train_roc_auc=0.9176 train_loss=0.2790 train_metric_name=roc_auc train_metric=0.9176
  val_acc=0.8464 val_roc_auc=0.8962 val_loss=0.3132 val_metric_name=roc_auc val_metric=0.8962
  test_acc=0.8568 test_roc_auc=0.9046 test_loss=0.3006 test_metric_name=roc_auc test_metric=0.9046
  test_roc_auc=0.9046

============================================================
Training minesweeper GAT 2L h=256 lr=1e-05 split=2
============================================================
Training for 5000 steps
Step    1 | loss 0.6297 | val_acc=0.7732 val_roc_auc=0.4612 val_loss=0.5869 val_metric_name=roc_auc val_metric=0.4612
Step   50 | loss 0.4928 | val_acc=0.8000 val_roc_auc=0.6596 val_loss=0.4968 val_metric_name=roc_auc val_metric=0.6596
Step  100 | loss 0.4660 | val_acc=0.7992 val_roc_auc=0.7345 val_loss=0.4658 val_metric_name=roc_auc val_metric=0.7345
Step  150 | loss 0.4458 | val_acc=0.8024 val_roc_auc=0.7586 val_loss=0.4510 val_metric_name=roc_auc val_metric=0.7586
Step  200 | loss 0.4320 | val_acc=0.8060 val_roc_auc=0.7796 val_loss=0.4374 val_metric_name=roc_auc val_metric=0.7796
Step  250 | loss 0.4203 | val_acc=0.8100 val_roc_auc=0.8017 val_loss=0.4187 val_metric_name=roc_auc val_metric=0.8017
Step  300 | loss 0.4058 | val_acc=0.8120 val_roc_auc=0.8242 val_loss=0.3980 val_metric_name=roc_auc val_metric=0.8242
Step  350 | loss 0.3895 | val_acc=0.8176 val_roc_auc=0.8466 val_loss=0.3754 val_metric_name=roc_auc val_metric=0.8466
Step  400 | loss 0.3795 | val_acc=0.8284 val_roc_auc=0.8648 val_loss=0.3547 val_metric_name=roc_auc val_metric=0.8648
Step  450 | loss 0.3673 | val_acc=0.8308 val_roc_auc=0.8759 val_loss=0.3399 val_metric_name=roc_auc val_metric=0.8759
Step  500 | loss 0.3612 | val_acc=0.8344 val_roc_auc=0.8815 val_loss=0.3327 val_metric_name=roc_auc val_metric=0.8815
Step  550 | loss 0.3486 | val_acc=0.8352 val_roc_auc=0.8849 val_loss=0.3279 val_metric_name=roc_auc val_metric=0.8849
Step  600 | loss 0.3445 | val_acc=0.8408 val_roc_auc=0.8872 val_loss=0.3245 val_metric_name=roc_auc val_metric=0.8872
Step  650 | loss 0.3436 | val_acc=0.8420 val_roc_auc=0.8881 val_loss=0.3221 val_metric_name=roc_auc val_metric=0.8881
Step  700 | loss 0.3325 | val_acc=0.8432 val_roc_auc=0.8883 val_loss=0.3220 val_metric_name=roc_auc val_metric=0.8883
Step  750 | loss 0.3336 | val_acc=0.8428 val_roc_auc=0.8888 val_loss=0.3217 val_metric_name=roc_auc val_metric=0.8888
Step  800 | loss 0.3301 | val_acc=0.8444 val_roc_auc=0.8887 val_loss=0.3212 val_metric_name=roc_auc val_metric=0.8887
Step  850 | loss 0.3302 | val_acc=0.8444 val_roc_auc=0.8889 val_loss=0.3216 val_metric_name=roc_auc val_metric=0.8889
Step  900 | loss 0.3290 | val_acc=0.8464 val_roc_auc=0.8892 val_loss=0.3206 val_metric_name=roc_auc val_metric=0.8892
Step  950 | loss 0.3225 | val_acc=0.8464 val_roc_auc=0.8897 val_loss=0.3198 val_metric_name=roc_auc val_metric=0.8897
Step 1000 | loss 0.3185 | val_acc=0.8452 val_roc_auc=0.8898 val_loss=0.3200 val_metric_name=roc_auc val_metric=0.8898
Step 1050 | loss 0.3193 | val_acc=0.8480 val_roc_auc=0.8900 val_loss=0.3198 val_metric_name=roc_auc val_metric=0.8900
Step 1100 | loss 0.3163 | val_acc=0.8484 val_roc_auc=0.8901 val_loss=0.3196 val_metric_name=roc_auc val_metric=0.8901
Step 1150 | loss 0.3163 | val_acc=0.8496 val_roc_auc=0.8906 val_loss=0.3191 val_metric_name=roc_auc val_metric=0.8906
Step 1200 | loss 0.3129 | val_acc=0.8476 val_roc_auc=0.8910 val_loss=0.3183 val_metric_name=roc_auc val_metric=0.8910
Step 1250 | loss 0.3127 | val_acc=0.8488 val_roc_auc=0.8916 val_loss=0.3172 val_metric_name=roc_auc val_metric=0.8916
Step 1300 | loss 0.3096 | val_acc=0.8480 val_roc_auc=0.8918 val_loss=0.3168 val_metric_name=roc_auc val_metric=0.8918
Step 1350 | loss 0.3132 | val_acc=0.8484 val_roc_auc=0.8918 val_loss=0.3172 val_metric_name=roc_auc val_metric=0.8918
Step 1400 | loss 0.3160 | val_acc=0.8484 val_roc_auc=0.8924 val_loss=0.3161 val_metric_name=roc_auc val_metric=0.8924
Step 1450 | loss 0.3123 | val_acc=0.8484 val_roc_auc=0.8925 val_loss=0.3153 val_metric_name=roc_auc val_metric=0.8925
Step 1500 | loss 0.3067 | val_acc=0.8476 val_roc_auc=0.8925 val_loss=0.3160 val_metric_name=roc_auc val_metric=0.8925
Step 1550 | loss 0.3081 | val_acc=0.8492 val_roc_auc=0.8932 val_loss=0.3145 val_metric_name=roc_auc val_metric=0.8932
Step 1600 | loss 0.3087 | val_acc=0.8480 val_roc_auc=0.8929 val_loss=0.3157 val_metric_name=roc_auc val_metric=0.8929
Step 1650 | loss 0.3054 | val_acc=0.8464 val_roc_auc=0.8931 val_loss=0.3146 val_metric_name=roc_auc val_metric=0.8931
Step 1700 | loss 0.3069 | val_acc=0.8480 val_roc_auc=0.8934 val_loss=0.3142 val_metric_name=roc_auc val_metric=0.8934
Step 1750 | loss 0.3043 | val_acc=0.8484 val_roc_auc=0.8934 val_loss=0.3148 val_metric_name=roc_auc val_metric=0.8934
Step 1800 | loss 0.3003 | val_acc=0.8472 val_roc_auc=0.8934 val_loss=0.3152 val_metric_name=roc_auc val_metric=0.8934
Step 1850 | loss 0.2995 | val_acc=0.8468 val_roc_auc=0.8936 val_loss=0.3146 val_metric_name=roc_auc val_metric=0.8936
Step 1900 | loss 0.3019 | val_acc=0.8468 val_roc_auc=0.8937 val_loss=0.3143 val_metric_name=roc_auc val_metric=0.8937
Step 1950 | loss 0.3024 | val_acc=0.8460 val_roc_auc=0.8937 val_loss=0.3149 val_metric_name=roc_auc val_metric=0.8937
Step 2000 | loss 0.3026 | val_acc=0.8464 val_roc_auc=0.8940 val_loss=0.3147 val_metric_name=roc_auc val_metric=0.8940
Step 2050 | loss 0.3055 | val_acc=0.8460 val_roc_auc=0.8940 val_loss=0.3150 val_metric_name=roc_auc val_metric=0.8940
Step 2100 | loss 0.2993 | val_acc=0.8476 val_roc_auc=0.8942 val_loss=0.3145 val_metric_name=roc_auc val_metric=0.8942
Step 2150 | loss 0.2983 | val_acc=0.8460 val_roc_auc=0.8944 val_loss=0.3141 val_metric_name=roc_auc val_metric=0.8944
Step 2200 | loss 0.2955 | val_acc=0.8464 val_roc_auc=0.8946 val_loss=0.3143 val_metric_name=roc_auc val_metric=0.8946
Step 2250 | loss 0.3015 | val_acc=0.8468 val_roc_auc=0.8946 val_loss=0.3137 val_metric_name=roc_auc val_metric=0.8946
Step 2300 | loss 0.2964 | val_acc=0.8468 val_roc_auc=0.8946 val_loss=0.3141 val_metric_name=roc_auc val_metric=0.8946
Step 2350 | loss 0.2968 | val_acc=0.8468 val_roc_auc=0.8948 val_loss=0.3145 val_metric_name=roc_auc val_metric=0.8948
Step 2400 | loss 0.2939 | val_acc=0.8468 val_roc_auc=0.8949 val_loss=0.3146 val_metric_name=roc_auc val_metric=0.8949
Step 2450 | loss 0.2931 | val_acc=0.8476 val_roc_auc=0.8949 val_loss=0.3143 val_metric_name=roc_auc val_metric=0.8949
Step 2500 | loss 0.2953 | val_acc=0.8460 val_roc_auc=0.8953 val_loss=0.3139 val_metric_name=roc_auc val_metric=0.8953
Step 2550 | loss 0.2988 | val_acc=0.8472 val_roc_auc=0.8951 val_loss=0.3138 val_metric_name=roc_auc val_metric=0.8951
Step 2600 | loss 0.2942 | val_acc=0.8468 val_roc_auc=0.8954 val_loss=0.3132 val_metric_name=roc_auc val_metric=0.8954
Step 2650 | loss 0.2965 | val_acc=0.8472 val_roc_auc=0.8953 val_loss=0.3144 val_metric_name=roc_auc val_metric=0.8953
Step 2700 | loss 0.2970 | val_acc=0.8460 val_roc_auc=0.8950 val_loss=0.3150 val_metric_name=roc_auc val_metric=0.8950
Step 2750 | loss 0.2924 | val_acc=0.8464 val_roc_auc=0.8951 val_loss=0.3154 val_metric_name=roc_auc val_metric=0.8951
Step 2800 | loss 0.2969 | val_acc=0.8472 val_roc_auc=0.8954 val_loss=0.3146 val_metric_name=roc_auc val_metric=0.8954
Step 2850 | loss 0.2917 | val_acc=0.8468 val_roc_auc=0.8957 val_loss=0.3144 val_metric_name=roc_auc val_metric=0.8957
Step 2900 | loss 0.2947 | val_acc=0.8472 val_roc_auc=0.8956 val_loss=0.3147 val_metric_name=roc_auc val_metric=0.8956
Step 2950 | loss 0.2920 | val_acc=0.8456 val_roc_auc=0.8953 val_loss=0.3155 val_metric_name=roc_auc val_metric=0.8953
Step 3000 | loss 0.2951 | val_acc=0.8464 val_roc_auc=0.8955 val_loss=0.3145 val_metric_name=roc_auc val_metric=0.8955
Step 3050 | loss 0.2922 | val_acc=0.8464 val_roc_auc=0.8957 val_loss=0.3144 val_metric_name=roc_auc val_metric=0.8957
Step 3100 | loss 0.2927 | val_acc=0.8464 val_roc_auc=0.8953 val_loss=0.3159 val_metric_name=roc_auc val_metric=0.8953
Step 3150 | loss 0.2917 | val_acc=0.8464 val_roc_auc=0.8956 val_loss=0.3155 val_metric_name=roc_auc val_metric=0.8956
Step 3200 | loss 0.2852 | val_acc=0.8444 val_roc_auc=0.8953 val_loss=0.3166 val_metric_name=roc_auc val_metric=0.8953
Step 3250 | loss 0.2916 | val_acc=0.8456 val_roc_auc=0.8954 val_loss=0.3163 val_metric_name=roc_auc val_metric=0.8954
Step 3300 | loss 0.2894 | val_acc=0.8448 val_roc_auc=0.8955 val_loss=0.3163 val_metric_name=roc_auc val_metric=0.8955
Step 3350 | loss 0.2915 | val_acc=0.8468 val_roc_auc=0.8956 val_loss=0.3159 val_metric_name=roc_auc val_metric=0.8956
Early stopping at step 3350

--- Final (best ckpt @ step 3050) ---
  train_acc=0.8624 train_roc_auc=0.9169 train_loss=0.2801 train_metric_name=roc_auc train_metric=0.9169
  val_acc=0.8464 val_roc_auc=0.8957 val_loss=0.3144 val_metric_name=roc_auc val_metric=0.8957
  test_acc=0.8548 test_roc_auc=0.9032 test_loss=0.3030 test_metric_name=roc_auc test_metric=0.9032
  test_roc_auc=0.9032

============================================================
Training minesweeper GAT 2L h=384 lr=3e-05 split=2
============================================================
Training for 5000 steps
Step    1 | loss 0.6193 | val_acc=0.8000 val_roc_auc=0.7215 val_loss=0.5151 val_metric_name=roc_auc val_metric=0.7215
Step   50 | loss 0.4156 | val_acc=0.8068 val_roc_auc=0.7977 val_loss=0.4228 val_metric_name=roc_auc val_metric=0.7977
Step  100 | loss 0.3725 | val_acc=0.8312 val_roc_auc=0.8630 val_loss=0.3545 val_metric_name=roc_auc val_metric=0.8630
Step  150 | loss 0.3445 | val_acc=0.8412 val_roc_auc=0.8863 val_loss=0.3263 val_metric_name=roc_auc val_metric=0.8863
Step  200 | loss 0.3277 | val_acc=0.8484 val_roc_auc=0.8929 val_loss=0.3138 val_metric_name=roc_auc val_metric=0.8929
Step  250 | loss 0.3144 | val_acc=0.8488 val_roc_auc=0.8939 val_loss=0.3143 val_metric_name=roc_auc val_metric=0.8939
Step  300 | loss 0.3106 | val_acc=0.8500 val_roc_auc=0.8946 val_loss=0.3153 val_metric_name=roc_auc val_metric=0.8946
Step  350 | loss 0.3100 | val_acc=0.8504 val_roc_auc=0.8949 val_loss=0.3150 val_metric_name=roc_auc val_metric=0.8949
Step  400 | loss 0.3032 | val_acc=0.8464 val_roc_auc=0.8957 val_loss=0.3147 val_metric_name=roc_auc val_metric=0.8957
Step  450 | loss 0.2940 | val_acc=0.8468 val_roc_auc=0.8964 val_loss=0.3142 val_metric_name=roc_auc val_metric=0.8964
Step  500 | loss 0.2995 | val_acc=0.8476 val_roc_auc=0.8970 val_loss=0.3132 val_metric_name=roc_auc val_metric=0.8970
Step  550 | loss 0.2930 | val_acc=0.8480 val_roc_auc=0.8965 val_loss=0.3151 val_metric_name=roc_auc val_metric=0.8965
Step  600 | loss 0.2946 | val_acc=0.8460 val_roc_auc=0.8973 val_loss=0.3131 val_metric_name=roc_auc val_metric=0.8973
Step  650 | loss 0.2958 | val_acc=0.8468 val_roc_auc=0.8970 val_loss=0.3137 val_metric_name=roc_auc val_metric=0.8970
Step  700 | loss 0.2898 | val_acc=0.8452 val_roc_auc=0.8966 val_loss=0.3162 val_metric_name=roc_auc val_metric=0.8966
Step  750 | loss 0.2900 | val_acc=0.8428 val_roc_auc=0.8964 val_loss=0.3156 val_metric_name=roc_auc val_metric=0.8964
Step  800 | loss 0.2878 | val_acc=0.8428 val_roc_auc=0.8959 val_loss=0.3173 val_metric_name=roc_auc val_metric=0.8959
Step  850 | loss 0.2866 | val_acc=0.8412 val_roc_auc=0.8955 val_loss=0.3198 val_metric_name=roc_auc val_metric=0.8955
Step  900 | loss 0.2871 | val_acc=0.8432 val_roc_auc=0.8958 val_loss=0.3177 val_metric_name=roc_auc val_metric=0.8958
Early stopping at step 900

--- Final (best ckpt @ step 600) ---
  train_acc=0.8646 train_roc_auc=0.9156 train_loss=0.2818 train_metric_name=roc_auc train_metric=0.9156
  val_acc=0.8460 val_roc_auc=0.8973 val_loss=0.3131 val_metric_name=roc_auc val_metric=0.8973
  test_acc=0.8620 test_roc_auc=0.9046 test_loss=0.3016 test_metric_name=roc_auc test_metric=0.9046
  test_roc_auc=0.9046

============================================================
Training minesweeper GAT 2L h=384 lr=6e-05 split=2
============================================================
Training for 5000 steps
Step    1 | loss 0.6193 | val_acc=0.8000 val_roc_auc=0.7296 val_loss=0.4825 val_metric_name=roc_auc val_metric=0.7296
Step   50 | loss 0.3878 | val_acc=0.8236 val_roc_auc=0.8427 val_loss=0.3772 val_metric_name=roc_auc val_metric=0.8427
Step  100 | loss 0.3417 | val_acc=0.8472 val_roc_auc=0.8890 val_loss=0.3211 val_metric_name=roc_auc val_metric=0.8890
Step  150 | loss 0.3139 | val_acc=0.8492 val_roc_auc=0.8944 val_loss=0.3134 val_metric_name=roc_auc val_metric=0.8944
Step  200 | loss 0.3057 | val_acc=0.8500 val_roc_auc=0.8950 val_loss=0.3137 val_metric_name=roc_auc val_metric=0.8950
Step  250 | loss 0.2996 | val_acc=0.8460 val_roc_auc=0.8959 val_loss=0.3145 val_metric_name=roc_auc val_metric=0.8959
Step  300 | loss 0.2980 | val_acc=0.8452 val_roc_auc=0.8959 val_loss=0.3151 val_metric_name=roc_auc val_metric=0.8959
Step  350 | loss 0.2975 | val_acc=0.8452 val_roc_auc=0.8958 val_loss=0.3158 val_metric_name=roc_auc val_metric=0.8958
Step  400 | loss 0.2916 | val_acc=0.8444 val_roc_auc=0.8967 val_loss=0.3161 val_metric_name=roc_auc val_metric=0.8967
Step  450 | loss 0.2836 | val_acc=0.8464 val_roc_auc=0.8962 val_loss=0.3155 val_metric_name=roc_auc val_metric=0.8962
Step  500 | loss 0.2883 | val_acc=0.8464 val_roc_auc=0.8963 val_loss=0.3178 val_metric_name=roc_auc val_metric=0.8963
Step  550 | loss 0.2801 | val_acc=0.8428 val_roc_auc=0.8949 val_loss=0.3216 val_metric_name=roc_auc val_metric=0.8949
Step  600 | loss 0.2829 | val_acc=0.8388 val_roc_auc=0.8935 val_loss=0.3239 val_metric_name=roc_auc val_metric=0.8935
Step  650 | loss 0.2814 | val_acc=0.8368 val_roc_auc=0.8932 val_loss=0.3280 val_metric_name=roc_auc val_metric=0.8932
Step  700 | loss 0.2753 | val_acc=0.8380 val_roc_auc=0.8919 val_loss=0.3313 val_metric_name=roc_auc val_metric=0.8919
Early stopping at step 741

--- Final (best ckpt @ step 400) ---
  train_acc=0.8626 train_roc_auc=0.9173 train_loss=0.2802 train_metric_name=roc_auc train_metric=0.9173
  val_acc=0.8444 val_roc_auc=0.8967 val_loss=0.3161 val_metric_name=roc_auc val_metric=0.8967
  test_acc=0.8580 test_roc_auc=0.9048 test_loss=0.3023 test_metric_name=roc_auc test_metric=0.9048
  test_roc_auc=0.9048

============================================================
Training minesweeper GAT 2L h=384 lr=0.0001 split=2
============================================================
Training for 5000 steps
Step    1 | loss 0.6193 | val_acc=0.8000 val_roc_auc=0.7374 val_loss=0.4913 val_metric_name=roc_auc val_metric=0.7374
Step   50 | loss 0.3655 | val_acc=0.8332 val_roc_auc=0.8694 val_loss=0.3457 val_metric_name=roc_auc val_metric=0.8694
Step  100 | loss 0.3219 | val_acc=0.8492 val_roc_auc=0.8934 val_loss=0.3134 val_metric_name=roc_auc val_metric=0.8934
Step  150 | loss 0.3043 | val_acc=0.8460 val_roc_auc=0.8957 val_loss=0.3126 val_metric_name=roc_auc val_metric=0.8957
Step  200 | loss 0.2977 | val_acc=0.8452 val_roc_auc=0.8957 val_loss=0.3160 val_metric_name=roc_auc val_metric=0.8957
Step  250 | loss 0.2918 | val_acc=0.8436 val_roc_auc=0.8958 val_loss=0.3178 val_metric_name=roc_auc val_metric=0.8958
Step  300 | loss 0.2906 | val_acc=0.8468 val_roc_auc=0.8950 val_loss=0.3165 val_metric_name=roc_auc val_metric=0.8950
Step  350 | loss 0.2893 | val_acc=0.8476 val_roc_auc=0.8944 val_loss=0.3210 val_metric_name=roc_auc val_metric=0.8944
Step  400 | loss 0.2830 | val_acc=0.8392 val_roc_auc=0.8933 val_loss=0.3244 val_metric_name=roc_auc val_metric=0.8933
Step  450 | loss 0.2757 | val_acc=0.8348 val_roc_auc=0.8918 val_loss=0.3316 val_metric_name=roc_auc val_metric=0.8918
Step  500 | loss 0.2781 | val_acc=0.8360 val_roc_auc=0.8919 val_loss=0.3330 val_metric_name=roc_auc val_metric=0.8919
Step  550 | loss 0.2685 | val_acc=0.8372 val_roc_auc=0.8880 val_loss=0.3398 val_metric_name=roc_auc val_metric=0.8880
Early stopping at step 558

--- Final (best ckpt @ step 170) ---
  train_acc=0.8614 train_roc_auc=0.9110 train_loss=0.2891 train_metric_name=roc_auc train_metric=0.9110
  val_acc=0.8476 val_roc_auc=0.8963 val_loss=0.3131 val_metric_name=roc_auc val_metric=0.8963
  test_acc=0.8584 test_roc_auc=0.9011 test_loss=0.3051 test_metric_name=roc_auc test_metric=0.9011
  test_roc_auc=0.9011

============================================================
Training minesweeper GAT 2L h=384 lr=1e-05 split=2
============================================================
Training for 5000 steps
Step    1 | loss 0.6193 | val_acc=0.7992 val_roc_auc=0.7147 val_loss=0.5612 val_metric_name=roc_auc val_metric=0.7147
Step   50 | loss 0.4557 | val_acc=0.7996 val_roc_auc=0.7788 val_loss=0.4412 val_metric_name=roc_auc val_metric=0.7788
Step  100 | loss 0.4230 | val_acc=0.8088 val_roc_auc=0.7891 val_loss=0.4237 val_metric_name=roc_auc val_metric=0.7891
Step  150 | loss 0.4066 | val_acc=0.8120 val_roc_auc=0.8114 val_loss=0.4074 val_metric_name=roc_auc val_metric=0.8114
Step  200 | loss 0.3900 | val_acc=0.8196 val_roc_auc=0.8402 val_loss=0.3782 val_metric_name=roc_auc val_metric=0.8402
Step  250 | loss 0.3698 | val_acc=0.8308 val_roc_auc=0.8641 val_loss=0.3524 val_metric_name=roc_auc val_metric=0.8641
Step  300 | loss 0.3620 | val_acc=0.8308 val_roc_auc=0.8751 val_loss=0.3414 val_metric_name=roc_auc val_metric=0.8751
Step  350 | loss 0.3545 | val_acc=0.8372 val_roc_auc=0.8832 val_loss=0.3303 val_metric_name=roc_auc val_metric=0.8832
Step  400 | loss 0.3428 | val_acc=0.8436 val_roc_auc=0.8881 val_loss=0.3238 val_metric_name=roc_auc val_metric=0.8881
Step  450 | loss 0.3294 | val_acc=0.8480 val_roc_auc=0.8915 val_loss=0.3184 val_metric_name=roc_auc val_metric=0.8915
Step  500 | loss 0.3305 | val_acc=0.8468 val_roc_auc=0.8932 val_loss=0.3152 val_metric_name=roc_auc val_metric=0.8932
Step  550 | loss 0.3191 | val_acc=0.8452 val_roc_auc=0.8936 val_loss=0.3148 val_metric_name=roc_auc val_metric=0.8936
Step  600 | loss 0.3195 | val_acc=0.8488 val_roc_auc=0.8937 val_loss=0.3150 val_metric_name=roc_auc val_metric=0.8937
Step  650 | loss 0.3188 | val_acc=0.8488 val_roc_auc=0.8939 val_loss=0.3146 val_metric_name=roc_auc val_metric=0.8939
Step  700 | loss 0.3120 | val_acc=0.8488 val_roc_auc=0.8944 val_loss=0.3147 val_metric_name=roc_auc val_metric=0.8944
Step  750 | loss 0.3091 | val_acc=0.8484 val_roc_auc=0.8949 val_loss=0.3137 val_metric_name=roc_auc val_metric=0.8949
Step  800 | loss 0.3113 | val_acc=0.8504 val_roc_auc=0.8950 val_loss=0.3143 val_metric_name=roc_auc val_metric=0.8950
Step  850 | loss 0.3089 | val_acc=0.8480 val_roc_auc=0.8952 val_loss=0.3148 val_metric_name=roc_auc val_metric=0.8952
Step  900 | loss 0.3094 | val_acc=0.8484 val_roc_auc=0.8957 val_loss=0.3139 val_metric_name=roc_auc val_metric=0.8957
Step  950 | loss 0.3062 | val_acc=0.8492 val_roc_auc=0.8959 val_loss=0.3135 val_metric_name=roc_auc val_metric=0.8959
Step 1000 | loss 0.3075 | val_acc=0.8484 val_roc_auc=0.8964 val_loss=0.3132 val_metric_name=roc_auc val_metric=0.8964
Step 1050 | loss 0.3035 | val_acc=0.8476 val_roc_auc=0.8964 val_loss=0.3135 val_metric_name=roc_auc val_metric=0.8964
Step 1100 | loss 0.2998 | val_acc=0.8480 val_roc_auc=0.8964 val_loss=0.3136 val_metric_name=roc_auc val_metric=0.8964
Step 1150 | loss 0.2990 | val_acc=0.8472 val_roc_auc=0.8965 val_loss=0.3137 val_metric_name=roc_auc val_metric=0.8965
Step 1200 | loss 0.2997 | val_acc=0.8480 val_roc_auc=0.8966 val_loss=0.3134 val_metric_name=roc_auc val_metric=0.8966
Step 1250 | loss 0.2989 | val_acc=0.8484 val_roc_auc=0.8968 val_loss=0.3133 val_metric_name=roc_auc val_metric=0.8968
Step 1300 | loss 0.2981 | val_acc=0.8480 val_roc_auc=0.8967 val_loss=0.3145 val_metric_name=roc_auc val_metric=0.8967
Step 1350 | loss 0.2964 | val_acc=0.8484 val_roc_auc=0.8971 val_loss=0.3124 val_metric_name=roc_auc val_metric=0.8971
Step 1400 | loss 0.2936 | val_acc=0.8472 val_roc_auc=0.8968 val_loss=0.3144 val_metric_name=roc_auc val_metric=0.8968
Step 1450 | loss 0.2972 | val_acc=0.8472 val_roc_auc=0.8971 val_loss=0.3133 val_metric_name=roc_auc val_metric=0.8971
Step 1500 | loss 0.2954 | val_acc=0.8460 val_roc_auc=0.8969 val_loss=0.3143 val_metric_name=roc_auc val_metric=0.8969
Step 1550 | loss 0.2922 | val_acc=0.8460 val_roc_auc=0.8969 val_loss=0.3150 val_metric_name=roc_auc val_metric=0.8969
Step 1600 | loss 0.2938 | val_acc=0.8468 val_roc_auc=0.8971 val_loss=0.3141 val_metric_name=roc_auc val_metric=0.8971
Step 1650 | loss 0.2920 | val_acc=0.8456 val_roc_auc=0.8971 val_loss=0.3146 val_metric_name=roc_auc val_metric=0.8971
Step 1700 | loss 0.2912 | val_acc=0.8460 val_roc_auc=0.8971 val_loss=0.3143 val_metric_name=roc_auc val_metric=0.8971
Step 1750 | loss 0.2913 | val_acc=0.8456 val_roc_auc=0.8967 val_loss=0.3155 val_metric_name=roc_auc val_metric=0.8967
Step 1800 | loss 0.2914 | val_acc=0.8452 val_roc_auc=0.8971 val_loss=0.3144 val_metric_name=roc_auc val_metric=0.8971
Step 1850 | loss 0.2918 | val_acc=0.8460 val_roc_auc=0.8970 val_loss=0.3152 val_metric_name=roc_auc val_metric=0.8970
Step 1900 | loss 0.2906 | val_acc=0.8476 val_roc_auc=0.8967 val_loss=0.3157 val_metric_name=roc_auc val_metric=0.8967
Step 1950 | loss 0.2878 | val_acc=0.8464 val_roc_auc=0.8967 val_loss=0.3158 val_metric_name=roc_auc val_metric=0.8967
Early stopping at step 1969

--- Final (best ckpt @ step 1630) ---
  train_acc=0.8636 train_roc_auc=0.9152 train_loss=0.2827 train_metric_name=roc_auc train_metric=0.9152
  val_acc=0.8464 val_roc_auc=0.8974 val_loss=0.3137 val_metric_name=roc_auc val_metric=0.8974
  test_acc=0.8592 test_roc_auc=0.9037 test_loss=0.3036 test_metric_name=roc_auc test_metric=0.9037
  test_roc_auc=0.9037

============================================================
Training minesweeper GAT 2L h=512 lr=3e-05 split=2
============================================================
Training for 5000 steps
Step    1 | loss 0.7559 | val_acc=0.7880 val_roc_auc=0.5595 val_loss=0.5822 val_metric_name=roc_auc val_metric=0.5595
Step   50 | loss 0.4195 | val_acc=0.8096 val_roc_auc=0.7899 val_loss=0.4300 val_metric_name=roc_auc val_metric=0.7899
Step  100 | loss 0.3634 | val_acc=0.8264 val_roc_auc=0.8668 val_loss=0.3486 val_metric_name=roc_auc val_metric=0.8668
Step  150 | loss 0.3341 | val_acc=0.8416 val_roc_auc=0.8847 val_loss=0.3306 val_metric_name=roc_auc val_metric=0.8847
Step  200 | loss 0.3244 | val_acc=0.8440 val_roc_auc=0.8870 val_loss=0.3256 val_metric_name=roc_auc val_metric=0.8870
Step  250 | loss 0.3159 | val_acc=0.8464 val_roc_auc=0.8887 val_loss=0.3241 val_metric_name=roc_auc val_metric=0.8887
Step  300 | loss 0.3069 | val_acc=0.8452 val_roc_auc=0.8906 val_loss=0.3222 val_metric_name=roc_auc val_metric=0.8906
Step  350 | loss 0.3038 | val_acc=0.8420 val_roc_auc=0.8917 val_loss=0.3220 val_metric_name=roc_auc val_metric=0.8917
Step  400 | loss 0.3030 | val_acc=0.8436 val_roc_auc=0.8936 val_loss=0.3203 val_metric_name=roc_auc val_metric=0.8936
Step  450 | loss 0.2991 | val_acc=0.8476 val_roc_auc=0.8937 val_loss=0.3215 val_metric_name=roc_auc val_metric=0.8937
Step  500 | loss 0.2979 | val_acc=0.8456 val_roc_auc=0.8947 val_loss=0.3198 val_metric_name=roc_auc val_metric=0.8947
Step  550 | loss 0.2946 | val_acc=0.8432 val_roc_auc=0.8946 val_loss=0.3210 val_metric_name=roc_auc val_metric=0.8946
Step  600 | loss 0.2911 | val_acc=0.8416 val_roc_auc=0.8946 val_loss=0.3223 val_metric_name=roc_auc val_metric=0.8946
Step  650 | loss 0.2938 | val_acc=0.8428 val_roc_auc=0.8947 val_loss=0.3201 val_metric_name=roc_auc val_metric=0.8947
Step  700 | loss 0.2903 | val_acc=0.8440 val_roc_auc=0.8943 val_loss=0.3208 val_metric_name=roc_auc val_metric=0.8943
Step  750 | loss 0.2927 | val_acc=0.8424 val_roc_auc=0.8945 val_loss=0.3218 val_metric_name=roc_auc val_metric=0.8945
Step  800 | loss 0.2854 | val_acc=0.8412 val_roc_auc=0.8937 val_loss=0.3238 val_metric_name=roc_auc val_metric=0.8937
Step  850 | loss 0.2841 | val_acc=0.8444 val_roc_auc=0.8942 val_loss=0.3232 val_metric_name=roc_auc val_metric=0.8942
Step  900 | loss 0.2806 | val_acc=0.8444 val_roc_auc=0.8924 val_loss=0.3284 val_metric_name=roc_auc val_metric=0.8924
Step  950 | loss 0.2823 | val_acc=0.8428 val_roc_auc=0.8929 val_loss=0.3285 val_metric_name=roc_auc val_metric=0.8929
Step 1000 | loss 0.2809 | val_acc=0.8428 val_roc_auc=0.8923 val_loss=0.3279 val_metric_name=roc_auc val_metric=0.8923
Step 1050 | loss 0.2791 | val_acc=0.8452 val_roc_auc=0.8919 val_loss=0.3317 val_metric_name=roc_auc val_metric=0.8919
Early stopping at step 1054

--- Final (best ckpt @ step 660) ---
  train_acc=0.8658 train_roc_auc=0.9173 train_loss=0.2799 train_metric_name=roc_auc train_metric=0.9173
  val_acc=0.8456 val_roc_auc=0.8949 val_loss=0.3215 val_metric_name=roc_auc val_metric=0.8949
  test_acc=0.8588 test_roc_auc=0.9037 test_loss=0.3052 test_metric_name=roc_auc test_metric=0.9037
  test_roc_auc=0.9037

============================================================
Training minesweeper GAT 2L h=512 lr=6e-05 split=2
============================================================
Training for 5000 steps
Step    1 | loss 0.7559 | val_acc=0.8000 val_roc_auc=0.5669 val_loss=0.5033 val_metric_name=roc_auc val_metric=0.5669
Step   50 | loss 0.3855 | val_acc=0.8224 val_roc_auc=0.8448 val_loss=0.3740 val_metric_name=roc_auc val_metric=0.8448
Step  100 | loss 0.3262 | val_acc=0.8408 val_roc_auc=0.8856 val_loss=0.3278 val_metric_name=roc_auc val_metric=0.8856
Step  150 | loss 0.3131 | val_acc=0.8472 val_roc_auc=0.8899 val_loss=0.3212 val_metric_name=roc_auc val_metric=0.8899
Step  200 | loss 0.3092 | val_acc=0.8488 val_roc_auc=0.8915 val_loss=0.3228 val_metric_name=roc_auc val_metric=0.8915
Step  250 | loss 0.3040 | val_acc=0.8468 val_roc_auc=0.8934 val_loss=0.3215 val_metric_name=roc_auc val_metric=0.8934
Step  300 | loss 0.2955 | val_acc=0.8460 val_roc_auc=0.8938 val_loss=0.3204 val_metric_name=roc_auc val_metric=0.8938
Step  350 | loss 0.2918 | val_acc=0.8448 val_roc_auc=0.8936 val_loss=0.3219 val_metric_name=roc_auc val_metric=0.8936
Step  400 | loss 0.2915 | val_acc=0.8428 val_roc_auc=0.8943 val_loss=0.3207 val_metric_name=roc_auc val_metric=0.8943
Step  450 | loss 0.2862 | val_acc=0.8420 val_roc_auc=0.8933 val_loss=0.3236 val_metric_name=roc_auc val_metric=0.8933
Step  500 | loss 0.2878 | val_acc=0.8404 val_roc_auc=0.8926 val_loss=0.3271 val_metric_name=roc_auc val_metric=0.8926
Step  550 | loss 0.2811 | val_acc=0.8384 val_roc_auc=0.8912 val_loss=0.3326 val_metric_name=roc_auc val_metric=0.8912
Step  600 | loss 0.2786 | val_acc=0.8400 val_roc_auc=0.8910 val_loss=0.3357 val_metric_name=roc_auc val_metric=0.8910
Step  650 | loss 0.2767 | val_acc=0.8408 val_roc_auc=0.8908 val_loss=0.3374 val_metric_name=roc_auc val_metric=0.8908
Step  700 | loss 0.2735 | val_acc=0.8416 val_roc_auc=0.8894 val_loss=0.3403 val_metric_name=roc_auc val_metric=0.8894
Early stopping at step 700

--- Final (best ckpt @ step 400) ---
  train_acc=0.8686 train_roc_auc=0.9187 train_loss=0.2768 train_metric_name=roc_auc train_metric=0.9187
  val_acc=0.8428 val_roc_auc=0.8943 val_loss=0.3207 val_metric_name=roc_auc val_metric=0.8943
  test_acc=0.8568 test_roc_auc=0.9033 test_loss=0.3048 test_metric_name=roc_auc test_metric=0.9033
  test_roc_auc=0.9033

============================================================
Training minesweeper GAT 2L h=512 lr=0.0001 split=2
============================================================
Training for 5000 steps
Step    1 | loss 0.7559 | val_acc=0.8000 val_roc_auc=0.5729 val_loss=0.5221 val_metric_name=roc_auc val_metric=0.5729
Step   50 | loss 0.3579 | val_acc=0.8312 val_roc_auc=0.8737 val_loss=0.3391 val_metric_name=roc_auc val_metric=0.8737
Step  100 | loss 0.3136 | val_acc=0.8476 val_roc_auc=0.8892 val_loss=0.3197 val_metric_name=roc_auc val_metric=0.8892
Step  150 | loss 0.3030 | val_acc=0.8472 val_roc_auc=0.8920 val_loss=0.3204 val_metric_name=roc_auc val_metric=0.8920
Step  200 | loss 0.3023 | val_acc=0.8468 val_roc_auc=0.8934 val_loss=0.3203 val_metric_name=roc_auc val_metric=0.8934
Step  250 | loss 0.2966 | val_acc=0.8472 val_roc_auc=0.8944 val_loss=0.3202 val_metric_name=roc_auc val_metric=0.8944
Step  300 | loss 0.2887 | val_acc=0.8432 val_roc_auc=0.8940 val_loss=0.3221 val_metric_name=roc_auc val_metric=0.8940
Step  350 | loss 0.2857 | val_acc=0.8412 val_roc_auc=0.8921 val_loss=0.3253 val_metric_name=roc_auc val_metric=0.8921
Step  400 | loss 0.2805 | val_acc=0.8420 val_roc_auc=0.8913 val_loss=0.3293 val_metric_name=roc_auc val_metric=0.8913
Step  450 | loss 0.2747 | val_acc=0.8404 val_roc_auc=0.8919 val_loss=0.3335 val_metric_name=roc_auc val_metric=0.8919
Step  500 | loss 0.2749 | val_acc=0.8444 val_roc_auc=0.8898 val_loss=0.3390 val_metric_name=roc_auc val_metric=0.8898
Step  550 | loss 0.2652 | val_acc=0.8384 val_roc_auc=0.8880 val_loss=0.3481 val_metric_name=roc_auc val_metric=0.8880
Early stopping at step 570

--- Final (best ckpt @ step 270) ---
  train_acc=0.8718 train_roc_auc=0.9190 train_loss=0.2763 train_metric_name=roc_auc train_metric=0.9190
  val_acc=0.8444 val_roc_auc=0.8953 val_loss=0.3184 val_metric_name=roc_auc val_metric=0.8953
  test_acc=0.8596 test_roc_auc=0.9039 test_loss=0.3035 test_metric_name=roc_auc test_metric=0.9039
  test_roc_auc=0.9039

============================================================
Training minesweeper GAT 2L h=512 lr=1e-05 split=2
============================================================
Training for 5000 steps
Step    1 | loss 0.7559 | val_acc=0.5836 val_roc_auc=0.5534 val_loss=0.6946 val_metric_name=roc_auc val_metric=0.5534
Step   50 | loss 0.4684 | val_acc=0.8004 val_roc_auc=0.7406 val_loss=0.4570 val_metric_name=roc_auc val_metric=0.7406
Step  100 | loss 0.4274 | val_acc=0.8068 val_roc_auc=0.7775 val_loss=0.4315 val_metric_name=roc_auc val_metric=0.7775
Step  150 | loss 0.4059 | val_acc=0.8104 val_roc_auc=0.8082 val_loss=0.4106 val_metric_name=roc_auc val_metric=0.8082
Step  200 | loss 0.3859 | val_acc=0.8220 val_roc_auc=0.8499 val_loss=0.3692 val_metric_name=roc_auc val_metric=0.8499
Step  250 | loss 0.3595 | val_acc=0.8264 val_roc_auc=0.8729 val_loss=0.3457 val_metric_name=roc_auc val_metric=0.8729
Step  300 | loss 0.3450 | val_acc=0.8376 val_roc_auc=0.8802 val_loss=0.3375 val_metric_name=roc_auc val_metric=0.8802
Step  350 | loss 0.3393 | val_acc=0.8380 val_roc_auc=0.8837 val_loss=0.3330 val_metric_name=roc_auc val_metric=0.8837
Step  400 | loss 0.3308 | val_acc=0.8384 val_roc_auc=0.8850 val_loss=0.3310 val_metric_name=roc_auc val_metric=0.8850
Step  450 | loss 0.3300 | val_acc=0.8420 val_roc_auc=0.8862 val_loss=0.3262 val_metric_name=roc_auc val_metric=0.8862
Step  500 | loss 0.3231 | val_acc=0.8428 val_roc_auc=0.8868 val_loss=0.3262 val_metric_name=roc_auc val_metric=0.8868
Step  550 | loss 0.3209 | val_acc=0.8444 val_roc_auc=0.8874 val_loss=0.3256 val_metric_name=roc_auc val_metric=0.8874
Step  600 | loss 0.3145 | val_acc=0.8456 val_roc_auc=0.8882 val_loss=0.3251 val_metric_name=roc_auc val_metric=0.8882
Step  650 | loss 0.3165 | val_acc=0.8456 val_roc_auc=0.8889 val_loss=0.3241 val_metric_name=roc_auc val_metric=0.8889
Step  700 | loss 0.3133 | val_acc=0.8452 val_roc_auc=0.8897 val_loss=0.3242 val_metric_name=roc_auc val_metric=0.8897
Step  750 | loss 0.3165 | val_acc=0.8468 val_roc_auc=0.8907 val_loss=0.3230 val_metric_name=roc_auc val_metric=0.8907
Step  800 | loss 0.3085 | val_acc=0.8460 val_roc_auc=0.8914 val_loss=0.3231 val_metric_name=roc_auc val_metric=0.8914
Step  850 | loss 0.3053 | val_acc=0.8472 val_roc_auc=0.8919 val_loss=0.3216 val_metric_name=roc_auc val_metric=0.8919
Step  900 | loss 0.3032 | val_acc=0.8480 val_roc_auc=0.8923 val_loss=0.3218 val_metric_name=roc_auc val_metric=0.8923
Step  950 | loss 0.3070 | val_acc=0.8468 val_roc_auc=0.8930 val_loss=0.3211 val_metric_name=roc_auc val_metric=0.8930
Step 1000 | loss 0.3023 | val_acc=0.8468 val_roc_auc=0.8934 val_loss=0.3210 val_metric_name=roc_auc val_metric=0.8934
Step 1050 | loss 0.3023 | val_acc=0.8452 val_roc_auc=0.8938 val_loss=0.3199 val_metric_name=roc_auc val_metric=0.8938
Step 1100 | loss 0.2976 | val_acc=0.8456 val_roc_auc=0.8943 val_loss=0.3186 val_metric_name=roc_auc val_metric=0.8943
Step 1150 | loss 0.2947 | val_acc=0.8448 val_roc_auc=0.8943 val_loss=0.3198 val_metric_name=roc_auc val_metric=0.8943
Step 1200 | loss 0.3001 | val_acc=0.8432 val_roc_auc=0.8945 val_loss=0.3203 val_metric_name=roc_auc val_metric=0.8945
Step 1250 | loss 0.2969 | val_acc=0.8436 val_roc_auc=0.8945 val_loss=0.3206 val_metric_name=roc_auc val_metric=0.8945
Step 1300 | loss 0.2930 | val_acc=0.8440 val_roc_auc=0.8945 val_loss=0.3200 val_metric_name=roc_auc val_metric=0.8945
Step 1350 | loss 0.2945 | val_acc=0.8416 val_roc_auc=0.8945 val_loss=0.3204 val_metric_name=roc_auc val_metric=0.8945
Step 1400 | loss 0.2923 | val_acc=0.8424 val_roc_auc=0.8948 val_loss=0.3198 val_metric_name=roc_auc val_metric=0.8948
Step 1450 | loss 0.2889 | val_acc=0.8424 val_roc_auc=0.8949 val_loss=0.3188 val_metric_name=roc_auc val_metric=0.8949
Step 1500 | loss 0.2951 | val_acc=0.8416 val_roc_auc=0.8948 val_loss=0.3194 val_metric_name=roc_auc val_metric=0.8948
Step 1550 | loss 0.2956 | val_acc=0.8416 val_roc_auc=0.8949 val_loss=0.3197 val_metric_name=roc_auc val_metric=0.8949
Step 1600 | loss 0.2907 | val_acc=0.8428 val_roc_auc=0.8949 val_loss=0.3192 val_metric_name=roc_auc val_metric=0.8949
Step 1650 | loss 0.2916 | val_acc=0.8436 val_roc_auc=0.8948 val_loss=0.3208 val_metric_name=roc_auc val_metric=0.8948
Step 1700 | loss 0.2906 | val_acc=0.8416 val_roc_auc=0.8949 val_loss=0.3205 val_metric_name=roc_auc val_metric=0.8949
Step 1750 | loss 0.2854 | val_acc=0.8424 val_roc_auc=0.8949 val_loss=0.3207 val_metric_name=roc_auc val_metric=0.8949
Step 1800 | loss 0.2859 | val_acc=0.8416 val_roc_auc=0.8946 val_loss=0.3222 val_metric_name=roc_auc val_metric=0.8946
Step 1850 | loss 0.2835 | val_acc=0.8420 val_roc_auc=0.8947 val_loss=0.3217 val_metric_name=roc_auc val_metric=0.8947
Step 1900 | loss 0.2849 | val_acc=0.8412 val_roc_auc=0.8947 val_loss=0.3208 val_metric_name=roc_auc val_metric=0.8947
Step 1950 | loss 0.2888 | val_acc=0.8428 val_roc_auc=0.8946 val_loss=0.3212 val_metric_name=roc_auc val_metric=0.8946
Early stopping at step 1971

--- Final (best ckpt @ step 1670) ---
  train_acc=0.8682 train_roc_auc=0.9177 train_loss=0.2785 train_metric_name=roc_auc train_metric=0.9177
  val_acc=0.8416 val_roc_auc=0.8952 val_loss=0.3197 val_metric_name=roc_auc val_metric=0.8952
  test_acc=0.8564 test_roc_auc=0.9037 test_loss=0.3043 test_metric_name=roc_auc test_metric=0.9037
  test_roc_auc=0.9037
  >> num_layers=2 hidden_dim=256 lr=3e-05 best_step=1250 val_roc_auc=0.8964 test_roc_auc=0.9035
     val_acc=0.8448 val_loss=0.3140 val_metric=0.8964 val_metric_name=roc_auc val_roc_auc=0.8964
     test_acc=0.8544 test_loss=0.3026 test_metric=0.9035 test_metric_name=roc_auc test_roc_auc=0.9035
  >> num_layers=2 hidden_dim=256 lr=6e-05 best_step=650 val_roc_auc=0.8961 test_roc_auc=0.9037
     val_acc=0.8428 val_loss=0.3143 val_metric=0.8961 val_metric_name=roc_auc val_roc_auc=0.8961
     test_acc=0.8564 test_loss=0.3022 test_metric=0.9037 test_metric_name=roc_auc test_roc_auc=0.9037
  >> num_layers=2 hidden_dim=256 lr=0.0001 best_step=440 val_roc_auc=0.8962 test_roc_auc=0.9046
     val_acc=0.8464 val_loss=0.3132 val_metric=0.8962 val_metric_name=roc_auc val_roc_auc=0.8962
     test_acc=0.8568 test_loss=0.3006 test_metric=0.9046 test_metric_name=roc_auc test_roc_auc=0.9046
  >> num_layers=2 hidden_dim=256 lr=1e-05 best_step=3050 val_roc_auc=0.8957 test_roc_auc=0.9032
     val_acc=0.8464 val_loss=0.3144 val_metric=0.8957 val_metric_name=roc_auc val_roc_auc=0.8957
     test_acc=0.8548 test_loss=0.3030 test_metric=0.9032 test_metric_name=roc_auc test_roc_auc=0.9032
  >> num_layers=2 hidden_dim=384 lr=3e-05 best_step=600 val_roc_auc=0.8973 test_roc_auc=0.9046
     val_acc=0.8460 val_loss=0.3131 val_metric=0.8973 val_metric_name=roc_auc val_roc_auc=0.8973
     test_acc=0.8620 test_loss=0.3016 test_metric=0.9046 test_metric_name=roc_auc test_roc_auc=0.9046
  >> num_layers=2 hidden_dim=384 lr=6e-05 best_step=400 val_roc_auc=0.8967 test_roc_auc=0.9048
     val_acc=0.8444 val_loss=0.3161 val_metric=0.8967 val_metric_name=roc_auc val_roc_auc=0.8967
     test_acc=0.8580 test_loss=0.3023 test_metric=0.9048 test_metric_name=roc_auc test_roc_auc=0.9048
  >> num_layers=2 hidden_dim=384 lr=0.0001 best_step=170 val_roc_auc=0.8963 test_roc_auc=0.9011
     val_acc=0.8476 val_loss=0.3131 val_metric=0.8963 val_metric_name=roc_auc val_roc_auc=0.8963
     test_acc=0.8584 test_loss=0.3051 test_metric=0.9011 test_metric_name=roc_auc test_roc_auc=0.9011
  >> num_layers=2 hidden_dim=384 lr=1e-05 best_step=1630 val_roc_auc=0.8974 test_roc_auc=0.9037
     val_acc=0.8464 val_loss=0.3137 val_metric=0.8974 val_metric_name=roc_auc val_roc_auc=0.8974
     test_acc=0.8592 test_loss=0.3036 test_metric=0.9037 test_metric_name=roc_auc test_roc_auc=0.9037
  >> num_layers=2 hidden_dim=512 lr=3e-05 best_step=660 val_roc_auc=0.8949 test_roc_auc=0.9037
     val_acc=0.8456 val_loss=0.3215 val_metric=0.8949 val_metric_name=roc_auc val_roc_auc=0.8949
     test_acc=0.8588 test_loss=0.3052 test_metric=0.9037 test_metric_name=roc_auc test_roc_auc=0.9037
  >> num_layers=2 hidden_dim=512 lr=6e-05 best_step=400 val_roc_auc=0.8943 test_roc_auc=0.9033
     val_acc=0.8428 val_loss=0.3207 val_metric=0.8943 val_metric_name=roc_auc val_roc_auc=0.8943
     test_acc=0.8568 test_loss=0.3048 test_metric=0.9033 test_metric_name=roc_auc test_roc_auc=0.9033
  >> num_layers=2 hidden_dim=512 lr=0.0001 best_step=270 val_roc_auc=0.8953 test_roc_auc=0.9039
     val_acc=0.8444 val_loss=0.3184 val_metric=0.8953 val_metric_name=roc_auc val_roc_auc=0.8953
     test_acc=0.8596 test_loss=0.3035 test_metric=0.9039 test_metric_name=roc_auc test_roc_auc=0.9039
  >> num_layers=2 hidden_dim=512 lr=1e-05 best_step=1670 val_roc_auc=0.8952 test_roc_auc=0.9037
     val_acc=0.8416 val_loss=0.3197 val_metric=0.8952 val_metric_name=roc_auc val_roc_auc=0.8952
     test_acc=0.8564 test_loss=0.3043 test_metric=0.9037 test_metric_name=roc_auc test_roc_auc=0.9037
  >> selected best (by val): num_layers=2 hidden_dim=384 lr=1e-05 val_roc_auc=0.8974 test_roc_auc=0.9037
     val_acc=0.8464 val_loss=0.3137 val_metric=0.8974 val_metric_name=roc_auc val_roc_auc=0.8974
     test_acc=0.8592 test_loss=0.3036 test_metric=0.9037 test_metric_name=roc_auc test_roc_auc=0.9037

Done. Results saved to /home/avshmelev/diploma_yandex_graphs/results_grid/minesweeper/base.csv, checkpoints in /home/avshmelev/diploma_yandex_graphs/all_checkpoints/minesweeper/base/
Skipping: "Done." found in /home/avshmelev/diploma_yandex_graphs/results_grid/minesweeper/logs_base/GAT_2L_split2.log
