Loading data...

============================================================
Training minesweeper GT-sep 1L h=256 lr=3e-05 split=4
============================================================
Training for 5000 steps
Step    1 | loss 0.6051 | val_acc=0.8000 val_roc_auc=0.4229 val_loss=0.5447 val_metric_name=roc_auc val_metric=0.4229
Step   50 | loss 0.4759 | val_acc=0.8000 val_roc_auc=0.7454 val_loss=0.4757 val_metric_name=roc_auc val_metric=0.7454
Step  100 | loss 0.4074 | val_acc=0.8128 val_roc_auc=0.8103 val_loss=0.4051 val_metric_name=roc_auc val_metric=0.8103
Step  150 | loss 0.3623 | val_acc=0.8264 val_roc_auc=0.8607 val_loss=0.3567 val_metric_name=roc_auc val_metric=0.8607
Step  200 | loss 0.3411 | val_acc=0.8332 val_roc_auc=0.8731 val_loss=0.3399 val_metric_name=roc_auc val_metric=0.8731
Step  250 | loss 0.3351 | val_acc=0.8360 val_roc_auc=0.8783 val_loss=0.3321 val_metric_name=roc_auc val_metric=0.8783
Step  300 | loss 0.3325 | val_acc=0.8380 val_roc_auc=0.8797 val_loss=0.3290 val_metric_name=roc_auc val_metric=0.8797
Step  350 | loss 0.3304 | val_acc=0.8372 val_roc_auc=0.8813 val_loss=0.3261 val_metric_name=roc_auc val_metric=0.8813
Step  400 | loss 0.3260 | val_acc=0.8376 val_roc_auc=0.8825 val_loss=0.3248 val_metric_name=roc_auc val_metric=0.8825
Step  450 | loss 0.3304 | val_acc=0.8372 val_roc_auc=0.8824 val_loss=0.3247 val_metric_name=roc_auc val_metric=0.8824
Step  500 | loss 0.3256 | val_acc=0.8392 val_roc_auc=0.8837 val_loss=0.3220 val_metric_name=roc_auc val_metric=0.8837
Step  550 | loss 0.3244 | val_acc=0.8400 val_roc_auc=0.8840 val_loss=0.3216 val_metric_name=roc_auc val_metric=0.8840
Step  600 | loss 0.3245 | val_acc=0.8400 val_roc_auc=0.8837 val_loss=0.3216 val_metric_name=roc_auc val_metric=0.8837
Step  650 | loss 0.3213 | val_acc=0.8424 val_roc_auc=0.8848 val_loss=0.3197 val_metric_name=roc_auc val_metric=0.8848
Step  700 | loss 0.3233 | val_acc=0.8420 val_roc_auc=0.8845 val_loss=0.3199 val_metric_name=roc_auc val_metric=0.8845
Step  750 | loss 0.3192 | val_acc=0.8420 val_roc_auc=0.8849 val_loss=0.3193 val_metric_name=roc_auc val_metric=0.8849
Step  800 | loss 0.3221 | val_acc=0.8436 val_roc_auc=0.8849 val_loss=0.3194 val_metric_name=roc_auc val_metric=0.8849
Step  850 | loss 0.3224 | val_acc=0.8436 val_roc_auc=0.8855 val_loss=0.3184 val_metric_name=roc_auc val_metric=0.8855
Step  900 | loss 0.3176 | val_acc=0.8428 val_roc_auc=0.8851 val_loss=0.3192 val_metric_name=roc_auc val_metric=0.8851
Step  950 | loss 0.3174 | val_acc=0.8428 val_roc_auc=0.8854 val_loss=0.3185 val_metric_name=roc_auc val_metric=0.8854
Step 1000 | loss 0.3185 | val_acc=0.8444 val_roc_auc=0.8855 val_loss=0.3183 val_metric_name=roc_auc val_metric=0.8855
Step 1050 | loss 0.3190 | val_acc=0.8432 val_roc_auc=0.8856 val_loss=0.3180 val_metric_name=roc_auc val_metric=0.8856
Step 1100 | loss 0.3212 | val_acc=0.8436 val_roc_auc=0.8859 val_loss=0.3178 val_metric_name=roc_auc val_metric=0.8859
Step 1150 | loss 0.3180 | val_acc=0.8432 val_roc_auc=0.8858 val_loss=0.3187 val_metric_name=roc_auc val_metric=0.8858
Step 1200 | loss 0.3196 | val_acc=0.8444 val_roc_auc=0.8854 val_loss=0.3189 val_metric_name=roc_auc val_metric=0.8854
Step 1250 | loss 0.3192 | val_acc=0.8416 val_roc_auc=0.8851 val_loss=0.3197 val_metric_name=roc_auc val_metric=0.8851
Step 1300 | loss 0.3174 | val_acc=0.8436 val_roc_auc=0.8856 val_loss=0.3190 val_metric_name=roc_auc val_metric=0.8856
Step 1350 | loss 0.3188 | val_acc=0.8444 val_roc_auc=0.8863 val_loss=0.3179 val_metric_name=roc_auc val_metric=0.8863
Step 1400 | loss 0.3183 | val_acc=0.8428 val_roc_auc=0.8857 val_loss=0.3183 val_metric_name=roc_auc val_metric=0.8857
Step 1450 | loss 0.3158 | val_acc=0.8428 val_roc_auc=0.8862 val_loss=0.3180 val_metric_name=roc_auc val_metric=0.8862
Step 1500 | loss 0.3186 | val_acc=0.8428 val_roc_auc=0.8852 val_loss=0.3195 val_metric_name=roc_auc val_metric=0.8852
Step 1550 | loss 0.3171 | val_acc=0.8436 val_roc_auc=0.8855 val_loss=0.3192 val_metric_name=roc_auc val_metric=0.8855
Step 1600 | loss 0.3169 | val_acc=0.8408 val_roc_auc=0.8856 val_loss=0.3190 val_metric_name=roc_auc val_metric=0.8856
Step 1650 | loss 0.3139 | val_acc=0.8424 val_roc_auc=0.8857 val_loss=0.3192 val_metric_name=roc_auc val_metric=0.8857
Early stopping at step 1684

--- Final (best ckpt @ step 1370) ---
  train_acc=0.8408 train_roc_auc=0.8902 train_loss=0.3128 train_metric_name=roc_auc train_metric=0.8902
  val_acc=0.8428 val_roc_auc=0.8863 val_loss=0.3176 val_metric_name=roc_auc val_metric=0.8863
  test_acc=0.8352 test_roc_auc=0.8793 test_loss=0.3278 test_metric_name=roc_auc test_metric=0.8793
  test_roc_auc=0.8793

============================================================
Training minesweeper GT-sep 1L h=256 lr=6e-05 split=4
============================================================
Training for 5000 steps
Step    1 | loss 0.6051 | val_acc=0.8000 val_roc_auc=0.4230 val_loss=0.5233 val_metric_name=roc_auc val_metric=0.4230
Step   50 | loss 0.4311 | val_acc=0.7996 val_roc_auc=0.7923 val_loss=0.4250 val_metric_name=roc_auc val_metric=0.7923
Step  100 | loss 0.3477 | val_acc=0.8284 val_roc_auc=0.8676 val_loss=0.3447 val_metric_name=roc_auc val_metric=0.8676
Step  150 | loss 0.3364 | val_acc=0.8356 val_roc_auc=0.8784 val_loss=0.3309 val_metric_name=roc_auc val_metric=0.8784
Step  200 | loss 0.3284 | val_acc=0.8364 val_roc_auc=0.8810 val_loss=0.3263 val_metric_name=roc_auc val_metric=0.8810
Step  250 | loss 0.3268 | val_acc=0.8404 val_roc_auc=0.8835 val_loss=0.3218 val_metric_name=roc_auc val_metric=0.8835
Step  300 | loss 0.3253 | val_acc=0.8424 val_roc_auc=0.8841 val_loss=0.3209 val_metric_name=roc_auc val_metric=0.8841
Step  350 | loss 0.3251 | val_acc=0.8408 val_roc_auc=0.8845 val_loss=0.3196 val_metric_name=roc_auc val_metric=0.8845
Step  400 | loss 0.3209 | val_acc=0.8448 val_roc_auc=0.8845 val_loss=0.3198 val_metric_name=roc_auc val_metric=0.8845
Step  450 | loss 0.3249 | val_acc=0.8424 val_roc_auc=0.8850 val_loss=0.3189 val_metric_name=roc_auc val_metric=0.8850
Step  500 | loss 0.3219 | val_acc=0.8432 val_roc_auc=0.8859 val_loss=0.3175 val_metric_name=roc_auc val_metric=0.8859
Step  550 | loss 0.3199 | val_acc=0.8436 val_roc_auc=0.8857 val_loss=0.3179 val_metric_name=roc_auc val_metric=0.8857
Step  600 | loss 0.3197 | val_acc=0.8436 val_roc_auc=0.8853 val_loss=0.3186 val_metric_name=roc_auc val_metric=0.8853
Step  650 | loss 0.3172 | val_acc=0.8436 val_roc_auc=0.8862 val_loss=0.3172 val_metric_name=roc_auc val_metric=0.8862
Step  700 | loss 0.3182 | val_acc=0.8416 val_roc_auc=0.8852 val_loss=0.3191 val_metric_name=roc_auc val_metric=0.8852
Step  750 | loss 0.3149 | val_acc=0.8432 val_roc_auc=0.8858 val_loss=0.3180 val_metric_name=roc_auc val_metric=0.8858
Step  800 | loss 0.3180 | val_acc=0.8428 val_roc_auc=0.8851 val_loss=0.3191 val_metric_name=roc_auc val_metric=0.8851
Step  850 | loss 0.3187 | val_acc=0.8440 val_roc_auc=0.8858 val_loss=0.3186 val_metric_name=roc_auc val_metric=0.8858
Step  900 | loss 0.3146 | val_acc=0.8432 val_roc_auc=0.8851 val_loss=0.3200 val_metric_name=roc_auc val_metric=0.8851
Step  950 | loss 0.3138 | val_acc=0.8432 val_roc_auc=0.8858 val_loss=0.3181 val_metric_name=roc_auc val_metric=0.8858
Step 1000 | loss 0.3146 | val_acc=0.8424 val_roc_auc=0.8852 val_loss=0.3200 val_metric_name=roc_auc val_metric=0.8852
Step 1050 | loss 0.3152 | val_acc=0.8396 val_roc_auc=0.8849 val_loss=0.3204 val_metric_name=roc_auc val_metric=0.8849
Step 1100 | loss 0.3160 | val_acc=0.8412 val_roc_auc=0.8851 val_loss=0.3201 val_metric_name=roc_auc val_metric=0.8851
Step 1150 | loss 0.3134 | val_acc=0.8424 val_roc_auc=0.8851 val_loss=0.3197 val_metric_name=roc_auc val_metric=0.8851
Step 1200 | loss 0.3166 | val_acc=0.8408 val_roc_auc=0.8839 val_loss=0.3219 val_metric_name=roc_auc val_metric=0.8839
Step 1250 | loss 0.3153 | val_acc=0.8404 val_roc_auc=0.8845 val_loss=0.3207 val_metric_name=roc_auc val_metric=0.8845
Step 1300 | loss 0.3134 | val_acc=0.8392 val_roc_auc=0.8839 val_loss=0.3218 val_metric_name=roc_auc val_metric=0.8839
Early stopping at step 1344

--- Final (best ckpt @ step 650) ---
  train_acc=0.8412 train_roc_auc=0.8897 train_loss=0.3130 train_metric_name=roc_auc train_metric=0.8897
  val_acc=0.8436 val_roc_auc=0.8862 val_loss=0.3172 val_metric_name=roc_auc val_metric=0.8862
  test_acc=0.8356 test_roc_auc=0.8797 test_loss=0.3269 test_metric_name=roc_auc test_metric=0.8797
  test_roc_auc=0.8797

============================================================
Training minesweeper GT-sep 1L h=256 lr=0.0001 split=4
============================================================
Training for 5000 steps
Step    1 | loss 0.6051 | val_acc=0.8000 val_roc_auc=0.4350 val_loss=0.5146 val_metric_name=roc_auc val_metric=0.4350
Step   50 | loss 0.3845 | val_acc=0.8180 val_roc_auc=0.8276 val_loss=0.3948 val_metric_name=roc_auc val_metric=0.8276
Step  100 | loss 0.3326 | val_acc=0.8352 val_roc_auc=0.8778 val_loss=0.3303 val_metric_name=roc_auc val_metric=0.8778
Step  150 | loss 0.3303 | val_acc=0.8364 val_roc_auc=0.8815 val_loss=0.3246 val_metric_name=roc_auc val_metric=0.8815
Step  200 | loss 0.3246 | val_acc=0.8408 val_roc_auc=0.8837 val_loss=0.3214 val_metric_name=roc_auc val_metric=0.8837
Step  250 | loss 0.3230 | val_acc=0.8432 val_roc_auc=0.8854 val_loss=0.3184 val_metric_name=roc_auc val_metric=0.8854
Step  300 | loss 0.3217 | val_acc=0.8440 val_roc_auc=0.8850 val_loss=0.3190 val_metric_name=roc_auc val_metric=0.8850
Step  350 | loss 0.3226 | val_acc=0.8432 val_roc_auc=0.8854 val_loss=0.3180 val_metric_name=roc_auc val_metric=0.8854
Step  400 | loss 0.3187 | val_acc=0.8444 val_roc_auc=0.8853 val_loss=0.3184 val_metric_name=roc_auc val_metric=0.8853
Step  450 | loss 0.3220 | val_acc=0.8432 val_roc_auc=0.8857 val_loss=0.3183 val_metric_name=roc_auc val_metric=0.8857
Step  500 | loss 0.3197 | val_acc=0.8412 val_roc_auc=0.8863 val_loss=0.3168 val_metric_name=roc_auc val_metric=0.8863
Step  550 | loss 0.3168 | val_acc=0.8424 val_roc_auc=0.8861 val_loss=0.3176 val_metric_name=roc_auc val_metric=0.8861
Step  600 | loss 0.3168 | val_acc=0.8428 val_roc_auc=0.8862 val_loss=0.3173 val_metric_name=roc_auc val_metric=0.8862
Step  650 | loss 0.3153 | val_acc=0.8432 val_roc_auc=0.8855 val_loss=0.3188 val_metric_name=roc_auc val_metric=0.8855
Step  700 | loss 0.3151 | val_acc=0.8408 val_roc_auc=0.8848 val_loss=0.3198 val_metric_name=roc_auc val_metric=0.8848
Step  750 | loss 0.3130 | val_acc=0.8420 val_roc_auc=0.8842 val_loss=0.3207 val_metric_name=roc_auc val_metric=0.8842
Step  800 | loss 0.3155 | val_acc=0.8396 val_roc_auc=0.8843 val_loss=0.3210 val_metric_name=roc_auc val_metric=0.8843
Step  850 | loss 0.3170 | val_acc=0.8412 val_roc_auc=0.8848 val_loss=0.3182 val_metric_name=roc_auc val_metric=0.8848
Step  900 | loss 0.3128 | val_acc=0.8404 val_roc_auc=0.8833 val_loss=0.3237 val_metric_name=roc_auc val_metric=0.8833
Early stopping at step 944

--- Final (best ckpt @ step 510) ---
  train_acc=0.8408 train_roc_auc=0.8903 train_loss=0.3118 train_metric_name=roc_auc train_metric=0.8903
  val_acc=0.8428 val_roc_auc=0.8865 val_loss=0.3169 val_metric_name=roc_auc val_metric=0.8865
  test_acc=0.8364 test_roc_auc=0.8795 test_loss=0.3260 test_metric_name=roc_auc test_metric=0.8795
  test_roc_auc=0.8795

============================================================
Training minesweeper GT-sep 1L h=256 lr=1e-05 split=4
============================================================
Training for 5000 steps
Step    1 | loss 0.6051 | val_acc=0.7988 val_roc_auc=0.4204 val_loss=0.5671 val_metric_name=roc_auc val_metric=0.4204
Step   50 | loss 0.5001 | val_acc=0.8000 val_roc_auc=0.5813 val_loss=0.5070 val_metric_name=roc_auc val_metric=0.5813
Step  100 | loss 0.4918 | val_acc=0.8000 val_roc_auc=0.7189 val_loss=0.4903 val_metric_name=roc_auc val_metric=0.7189
Step  150 | loss 0.4754 | val_acc=0.8000 val_roc_auc=0.7685 val_loss=0.4651 val_metric_name=roc_auc val_metric=0.7685
Step  200 | loss 0.4417 | val_acc=0.7992 val_roc_auc=0.7940 val_loss=0.4304 val_metric_name=roc_auc val_metric=0.7940
Step  250 | loss 0.4064 | val_acc=0.8116 val_roc_auc=0.8162 val_loss=0.4015 val_metric_name=roc_auc val_metric=0.8162
Step  300 | loss 0.3837 | val_acc=0.8216 val_roc_auc=0.8401 val_loss=0.3813 val_metric_name=roc_auc val_metric=0.8401
Step  350 | loss 0.3672 | val_acc=0.8236 val_roc_auc=0.8543 val_loss=0.3655 val_metric_name=roc_auc val_metric=0.8543
Step  400 | loss 0.3536 | val_acc=0.8248 val_roc_auc=0.8623 val_loss=0.3553 val_metric_name=roc_auc val_metric=0.8623
Step  450 | loss 0.3544 | val_acc=0.8284 val_roc_auc=0.8673 val_loss=0.3480 val_metric_name=roc_auc val_metric=0.8673
Step  500 | loss 0.3426 | val_acc=0.8312 val_roc_auc=0.8717 val_loss=0.3424 val_metric_name=roc_auc val_metric=0.8717
Step  550 | loss 0.3392 | val_acc=0.8364 val_roc_auc=0.8740 val_loss=0.3392 val_metric_name=roc_auc val_metric=0.8740
Step  600 | loss 0.3382 | val_acc=0.8348 val_roc_auc=0.8757 val_loss=0.3364 val_metric_name=roc_auc val_metric=0.8757
Step  650 | loss 0.3340 | val_acc=0.8364 val_roc_auc=0.8773 val_loss=0.3344 val_metric_name=roc_auc val_metric=0.8773
Step  700 | loss 0.3352 | val_acc=0.8360 val_roc_auc=0.8783 val_loss=0.3331 val_metric_name=roc_auc val_metric=0.8783
Step  750 | loss 0.3320 | val_acc=0.8368 val_roc_auc=0.8790 val_loss=0.3319 val_metric_name=roc_auc val_metric=0.8790
Step  800 | loss 0.3331 | val_acc=0.8364 val_roc_auc=0.8797 val_loss=0.3303 val_metric_name=roc_auc val_metric=0.8797
Step  850 | loss 0.3322 | val_acc=0.8364 val_roc_auc=0.8804 val_loss=0.3297 val_metric_name=roc_auc val_metric=0.8804
Step  900 | loss 0.3246 | val_acc=0.8372 val_roc_auc=0.8806 val_loss=0.3289 val_metric_name=roc_auc val_metric=0.8806
Step  950 | loss 0.3267 | val_acc=0.8368 val_roc_auc=0.8812 val_loss=0.3275 val_metric_name=roc_auc val_metric=0.8812
Step 1000 | loss 0.3271 | val_acc=0.8360 val_roc_auc=0.8816 val_loss=0.3268 val_metric_name=roc_auc val_metric=0.8816
Step 1050 | loss 0.3282 | val_acc=0.8368 val_roc_auc=0.8820 val_loss=0.3262 val_metric_name=roc_auc val_metric=0.8820
Step 1100 | loss 0.3319 | val_acc=0.8368 val_roc_auc=0.8823 val_loss=0.3258 val_metric_name=roc_auc val_metric=0.8823
Step 1150 | loss 0.3265 | val_acc=0.8380 val_roc_auc=0.8826 val_loss=0.3249 val_metric_name=roc_auc val_metric=0.8826
Step 1200 | loss 0.3273 | val_acc=0.8380 val_roc_auc=0.8828 val_loss=0.3250 val_metric_name=roc_auc val_metric=0.8828
Step 1250 | loss 0.3283 | val_acc=0.8376 val_roc_auc=0.8829 val_loss=0.3243 val_metric_name=roc_auc val_metric=0.8829
Step 1300 | loss 0.3263 | val_acc=0.8384 val_roc_auc=0.8830 val_loss=0.3244 val_metric_name=roc_auc val_metric=0.8830
Step 1350 | loss 0.3259 | val_acc=0.8392 val_roc_auc=0.8835 val_loss=0.3235 val_metric_name=roc_auc val_metric=0.8835
Step 1400 | loss 0.3259 | val_acc=0.8392 val_roc_auc=0.8835 val_loss=0.3233 val_metric_name=roc_auc val_metric=0.8835
Step 1450 | loss 0.3235 | val_acc=0.8388 val_roc_auc=0.8837 val_loss=0.3225 val_metric_name=roc_auc val_metric=0.8837
Step 1500 | loss 0.3276 | val_acc=0.8392 val_roc_auc=0.8839 val_loss=0.3222 val_metric_name=roc_auc val_metric=0.8839
Step 1550 | loss 0.3246 | val_acc=0.8388 val_roc_auc=0.8839 val_loss=0.3224 val_metric_name=roc_auc val_metric=0.8839
Step 1600 | loss 0.3229 | val_acc=0.8400 val_roc_auc=0.8841 val_loss=0.3215 val_metric_name=roc_auc val_metric=0.8841
Step 1650 | loss 0.3211 | val_acc=0.8404 val_roc_auc=0.8844 val_loss=0.3214 val_metric_name=roc_auc val_metric=0.8844
Step 1700 | loss 0.3248 | val_acc=0.8404 val_roc_auc=0.8844 val_loss=0.3207 val_metric_name=roc_auc val_metric=0.8844
Step 1750 | loss 0.3216 | val_acc=0.8404 val_roc_auc=0.8842 val_loss=0.3212 val_metric_name=roc_auc val_metric=0.8842
Step 1800 | loss 0.3244 | val_acc=0.8400 val_roc_auc=0.8845 val_loss=0.3212 val_metric_name=roc_auc val_metric=0.8845
Step 1850 | loss 0.3219 | val_acc=0.8416 val_roc_auc=0.8846 val_loss=0.3206 val_metric_name=roc_auc val_metric=0.8846
Step 1900 | loss 0.3235 | val_acc=0.8420 val_roc_auc=0.8848 val_loss=0.3202 val_metric_name=roc_auc val_metric=0.8848
Step 1950 | loss 0.3205 | val_acc=0.8416 val_roc_auc=0.8847 val_loss=0.3200 val_metric_name=roc_auc val_metric=0.8847
Step 2000 | loss 0.3210 | val_acc=0.8404 val_roc_auc=0.8845 val_loss=0.3204 val_metric_name=roc_auc val_metric=0.8845
Step 2050 | loss 0.3226 | val_acc=0.8412 val_roc_auc=0.8849 val_loss=0.3199 val_metric_name=roc_auc val_metric=0.8849
Step 2100 | loss 0.3202 | val_acc=0.8424 val_roc_auc=0.8851 val_loss=0.3197 val_metric_name=roc_auc val_metric=0.8851
Step 2150 | loss 0.3214 | val_acc=0.8424 val_roc_auc=0.8852 val_loss=0.3196 val_metric_name=roc_auc val_metric=0.8852
Step 2200 | loss 0.3193 | val_acc=0.8424 val_roc_auc=0.8851 val_loss=0.3195 val_metric_name=roc_auc val_metric=0.8851
Step 2250 | loss 0.3202 | val_acc=0.8416 val_roc_auc=0.8850 val_loss=0.3197 val_metric_name=roc_auc val_metric=0.8850
Step 2300 | loss 0.3193 | val_acc=0.8424 val_roc_auc=0.8850 val_loss=0.3192 val_metric_name=roc_auc val_metric=0.8850
Step 2350 | loss 0.3203 | val_acc=0.8428 val_roc_auc=0.8849 val_loss=0.3193 val_metric_name=roc_auc val_metric=0.8849
Step 2400 | loss 0.3193 | val_acc=0.8428 val_roc_auc=0.8853 val_loss=0.3191 val_metric_name=roc_auc val_metric=0.8853
Step 2450 | loss 0.3208 | val_acc=0.8424 val_roc_auc=0.8853 val_loss=0.3187 val_metric_name=roc_auc val_metric=0.8853
Step 2500 | loss 0.3196 | val_acc=0.8428 val_roc_auc=0.8855 val_loss=0.3185 val_metric_name=roc_auc val_metric=0.8855
Step 2550 | loss 0.3205 | val_acc=0.8424 val_roc_auc=0.8852 val_loss=0.3191 val_metric_name=roc_auc val_metric=0.8852
Step 2600 | loss 0.3198 | val_acc=0.8424 val_roc_auc=0.8853 val_loss=0.3190 val_metric_name=roc_auc val_metric=0.8853
Step 2650 | loss 0.3204 | val_acc=0.8424 val_roc_auc=0.8854 val_loss=0.3188 val_metric_name=roc_auc val_metric=0.8854
Step 2700 | loss 0.3192 | val_acc=0.8424 val_roc_auc=0.8854 val_loss=0.3188 val_metric_name=roc_auc val_metric=0.8854
Step 2750 | loss 0.3205 | val_acc=0.8424 val_roc_auc=0.8856 val_loss=0.3184 val_metric_name=roc_auc val_metric=0.8856
Step 2800 | loss 0.3209 | val_acc=0.8444 val_roc_auc=0.8853 val_loss=0.3188 val_metric_name=roc_auc val_metric=0.8853
Step 2850 | loss 0.3205 | val_acc=0.8424 val_roc_auc=0.8852 val_loss=0.3189 val_metric_name=roc_auc val_metric=0.8852
Step 2900 | loss 0.3202 | val_acc=0.8428 val_roc_auc=0.8854 val_loss=0.3191 val_metric_name=roc_auc val_metric=0.8854
Step 2950 | loss 0.3191 | val_acc=0.8424 val_roc_auc=0.8853 val_loss=0.3191 val_metric_name=roc_auc val_metric=0.8853
Step 3000 | loss 0.3207 | val_acc=0.8424 val_roc_auc=0.8854 val_loss=0.3191 val_metric_name=roc_auc val_metric=0.8854
Step 3050 | loss 0.3197 | val_acc=0.8432 val_roc_auc=0.8856 val_loss=0.3186 val_metric_name=roc_auc val_metric=0.8856
Step 3100 | loss 0.3183 | val_acc=0.8424 val_roc_auc=0.8855 val_loss=0.3193 val_metric_name=roc_auc val_metric=0.8855
Step 3150 | loss 0.3198 | val_acc=0.8424 val_roc_auc=0.8855 val_loss=0.3189 val_metric_name=roc_auc val_metric=0.8855
Step 3200 | loss 0.3193 | val_acc=0.8432 val_roc_auc=0.8859 val_loss=0.3181 val_metric_name=roc_auc val_metric=0.8859
Step 3250 | loss 0.3192 | val_acc=0.8424 val_roc_auc=0.8856 val_loss=0.3189 val_metric_name=roc_auc val_metric=0.8856
Step 3300 | loss 0.3203 | val_acc=0.8424 val_roc_auc=0.8856 val_loss=0.3187 val_metric_name=roc_auc val_metric=0.8856
Step 3350 | loss 0.3192 | val_acc=0.8436 val_roc_auc=0.8856 val_loss=0.3186 val_metric_name=roc_auc val_metric=0.8856
Step 3400 | loss 0.3179 | val_acc=0.8420 val_roc_auc=0.8857 val_loss=0.3184 val_metric_name=roc_auc val_metric=0.8857
Step 3450 | loss 0.3180 | val_acc=0.8428 val_roc_auc=0.8858 val_loss=0.3184 val_metric_name=roc_auc val_metric=0.8858
Step 3500 | loss 0.3158 | val_acc=0.8428 val_roc_auc=0.8858 val_loss=0.3189 val_metric_name=roc_auc val_metric=0.8858
Step 3550 | loss 0.3182 | val_acc=0.8424 val_roc_auc=0.8855 val_loss=0.3189 val_metric_name=roc_auc val_metric=0.8855
Step 3600 | loss 0.3165 | val_acc=0.8428 val_roc_auc=0.8858 val_loss=0.3185 val_metric_name=roc_auc val_metric=0.8858
Step 3650 | loss 0.3174 | val_acc=0.8432 val_roc_auc=0.8855 val_loss=0.3185 val_metric_name=roc_auc val_metric=0.8855
Step 3700 | loss 0.3164 | val_acc=0.8436 val_roc_auc=0.8857 val_loss=0.3187 val_metric_name=roc_auc val_metric=0.8857
Step 3750 | loss 0.3177 | val_acc=0.8428 val_roc_auc=0.8860 val_loss=0.3182 val_metric_name=roc_auc val_metric=0.8860
Step 3800 | loss 0.3177 | val_acc=0.8416 val_roc_auc=0.8855 val_loss=0.3191 val_metric_name=roc_auc val_metric=0.8855
Step 3850 | loss 0.3184 | val_acc=0.8424 val_roc_auc=0.8859 val_loss=0.3185 val_metric_name=roc_auc val_metric=0.8859
Step 3900 | loss 0.3160 | val_acc=0.8424 val_roc_auc=0.8854 val_loss=0.3193 val_metric_name=roc_auc val_metric=0.8854
Step 3950 | loss 0.3173 | val_acc=0.8424 val_roc_auc=0.8859 val_loss=0.3187 val_metric_name=roc_auc val_metric=0.8859
Step 4000 | loss 0.3176 | val_acc=0.8428 val_roc_auc=0.8856 val_loss=0.3189 val_metric_name=roc_auc val_metric=0.8856
Step 4050 | loss 0.3167 | val_acc=0.8424 val_roc_auc=0.8855 val_loss=0.3194 val_metric_name=roc_auc val_metric=0.8855
Step 4100 | loss 0.3171 | val_acc=0.8412 val_roc_auc=0.8856 val_loss=0.3193 val_metric_name=roc_auc val_metric=0.8856
Step 4150 | loss 0.3156 | val_acc=0.8420 val_roc_auc=0.8856 val_loss=0.3192 val_metric_name=roc_auc val_metric=0.8856
Step 4200 | loss 0.3190 | val_acc=0.8412 val_roc_auc=0.8856 val_loss=0.3191 val_metric_name=roc_auc val_metric=0.8856
Step 4250 | loss 0.3168 | val_acc=0.8420 val_roc_auc=0.8859 val_loss=0.3184 val_metric_name=roc_auc val_metric=0.8859
Step 4300 | loss 0.3174 | val_acc=0.8420 val_roc_auc=0.8855 val_loss=0.3197 val_metric_name=roc_auc val_metric=0.8855
Step 4350 | loss 0.3149 | val_acc=0.8412 val_roc_auc=0.8851 val_loss=0.3203 val_metric_name=roc_auc val_metric=0.8851
Step 4400 | loss 0.3167 | val_acc=0.8404 val_roc_auc=0.8854 val_loss=0.3194 val_metric_name=roc_auc val_metric=0.8854
Step 4450 | loss 0.3152 | val_acc=0.8420 val_roc_auc=0.8859 val_loss=0.3187 val_metric_name=roc_auc val_metric=0.8859
Step 4500 | loss 0.3163 | val_acc=0.8416 val_roc_auc=0.8857 val_loss=0.3195 val_metric_name=roc_auc val_metric=0.8857
Step 4550 | loss 0.3147 | val_acc=0.8420 val_roc_auc=0.8858 val_loss=0.3186 val_metric_name=roc_auc val_metric=0.8858
Early stopping at step 4561

--- Final (best ckpt @ step 4260) ---
  train_acc=0.8402 train_roc_auc=0.8904 train_loss=0.3124 train_metric_name=roc_auc train_metric=0.8904
  val_acc=0.8420 val_roc_auc=0.8862 val_loss=0.3181 val_metric_name=roc_auc val_metric=0.8862
  test_acc=0.8348 test_roc_auc=0.8789 test_loss=0.3291 test_metric_name=roc_auc test_metric=0.8789
  test_roc_auc=0.8789

============================================================
Training minesweeper GT-sep 1L h=384 lr=3e-05 split=4
============================================================
Training for 5000 steps
Step    1 | loss 0.6839 | val_acc=0.8000 val_roc_auc=0.5517 val_loss=0.5681 val_metric_name=roc_auc val_metric=0.5517
Step   50 | loss 0.4455 | val_acc=0.8000 val_roc_auc=0.8121 val_loss=0.4316 val_metric_name=roc_auc val_metric=0.8121
Step  100 | loss 0.3567 | val_acc=0.8220 val_roc_auc=0.8540 val_loss=0.3623 val_metric_name=roc_auc val_metric=0.8540
Step  150 | loss 0.3459 | val_acc=0.8312 val_roc_auc=0.8720 val_loss=0.3380 val_metric_name=roc_auc val_metric=0.8720
Step  200 | loss 0.3345 | val_acc=0.8352 val_roc_auc=0.8773 val_loss=0.3310 val_metric_name=roc_auc val_metric=0.8773
Step  250 | loss 0.3296 | val_acc=0.8404 val_roc_auc=0.8798 val_loss=0.3281 val_metric_name=roc_auc val_metric=0.8798
Step  300 | loss 0.3272 | val_acc=0.8412 val_roc_auc=0.8808 val_loss=0.3263 val_metric_name=roc_auc val_metric=0.8808
Step  350 | loss 0.3250 | val_acc=0.8416 val_roc_auc=0.8822 val_loss=0.3246 val_metric_name=roc_auc val_metric=0.8822
Step  400 | loss 0.3242 | val_acc=0.8440 val_roc_auc=0.8829 val_loss=0.3231 val_metric_name=roc_auc val_metric=0.8829
Step  450 | loss 0.3233 | val_acc=0.8436 val_roc_auc=0.8832 val_loss=0.3229 val_metric_name=roc_auc val_metric=0.8832
Step  500 | loss 0.3215 | val_acc=0.8420 val_roc_auc=0.8838 val_loss=0.3220 val_metric_name=roc_auc val_metric=0.8838
Step  550 | loss 0.3207 | val_acc=0.8440 val_roc_auc=0.8843 val_loss=0.3207 val_metric_name=roc_auc val_metric=0.8843
Step  600 | loss 0.3207 | val_acc=0.8428 val_roc_auc=0.8839 val_loss=0.3220 val_metric_name=roc_auc val_metric=0.8839
Step  650 | loss 0.3191 | val_acc=0.8448 val_roc_auc=0.8844 val_loss=0.3214 val_metric_name=roc_auc val_metric=0.8844
Step  700 | loss 0.3181 | val_acc=0.8436 val_roc_auc=0.8839 val_loss=0.3216 val_metric_name=roc_auc val_metric=0.8839
Step  750 | loss 0.3209 | val_acc=0.8448 val_roc_auc=0.8847 val_loss=0.3205 val_metric_name=roc_auc val_metric=0.8847
Step  800 | loss 0.3180 | val_acc=0.8448 val_roc_auc=0.8847 val_loss=0.3204 val_metric_name=roc_auc val_metric=0.8847
Step  850 | loss 0.3180 | val_acc=0.8448 val_roc_auc=0.8850 val_loss=0.3202 val_metric_name=roc_auc val_metric=0.8850
Step  900 | loss 0.3186 | val_acc=0.8452 val_roc_auc=0.8849 val_loss=0.3202 val_metric_name=roc_auc val_metric=0.8849
Step  950 | loss 0.3181 | val_acc=0.8444 val_roc_auc=0.8848 val_loss=0.3199 val_metric_name=roc_auc val_metric=0.8848
Step 1000 | loss 0.3196 | val_acc=0.8436 val_roc_auc=0.8845 val_loss=0.3209 val_metric_name=roc_auc val_metric=0.8845
Step 1050 | loss 0.3178 | val_acc=0.8428 val_roc_auc=0.8842 val_loss=0.3211 val_metric_name=roc_auc val_metric=0.8842
Step 1100 | loss 0.3172 | val_acc=0.8444 val_roc_auc=0.8845 val_loss=0.3206 val_metric_name=roc_auc val_metric=0.8845
Step 1150 | loss 0.3158 | val_acc=0.8432 val_roc_auc=0.8843 val_loss=0.3210 val_metric_name=roc_auc val_metric=0.8843
Step 1200 | loss 0.3162 | val_acc=0.8428 val_roc_auc=0.8841 val_loss=0.3213 val_metric_name=roc_auc val_metric=0.8841
Step 1250 | loss 0.3148 | val_acc=0.8440 val_roc_auc=0.8845 val_loss=0.3211 val_metric_name=roc_auc val_metric=0.8845
Step 1300 | loss 0.3149 | val_acc=0.8424 val_roc_auc=0.8840 val_loss=0.3214 val_metric_name=roc_auc val_metric=0.8840
Step 1350 | loss 0.3178 | val_acc=0.8416 val_roc_auc=0.8843 val_loss=0.3216 val_metric_name=roc_auc val_metric=0.8843
Step 1400 | loss 0.3159 | val_acc=0.8432 val_roc_auc=0.8842 val_loss=0.3208 val_metric_name=roc_auc val_metric=0.8842
Step 1450 | loss 0.3168 | val_acc=0.8432 val_roc_auc=0.8851 val_loss=0.3196 val_metric_name=roc_auc val_metric=0.8851
Step 1500 | loss 0.3149 | val_acc=0.8420 val_roc_auc=0.8841 val_loss=0.3218 val_metric_name=roc_auc val_metric=0.8841
Step 1550 | loss 0.3159 | val_acc=0.8416 val_roc_auc=0.8845 val_loss=0.3209 val_metric_name=roc_auc val_metric=0.8845
Step 1600 | loss 0.3162 | val_acc=0.8412 val_roc_auc=0.8841 val_loss=0.3217 val_metric_name=roc_auc val_metric=0.8841
Step 1650 | loss 0.3147 | val_acc=0.8404 val_roc_auc=0.8841 val_loss=0.3216 val_metric_name=roc_auc val_metric=0.8841
Step 1700 | loss 0.3142 | val_acc=0.8408 val_roc_auc=0.8844 val_loss=0.3219 val_metric_name=roc_auc val_metric=0.8844
Step 1750 | loss 0.3131 | val_acc=0.8404 val_roc_auc=0.8832 val_loss=0.3234 val_metric_name=roc_auc val_metric=0.8832
Step 1800 | loss 0.3117 | val_acc=0.8396 val_roc_auc=0.8829 val_loss=0.3243 val_metric_name=roc_auc val_metric=0.8829
Early stopping at step 1837

--- Final (best ckpt @ step 1410) ---
  train_acc=0.8426 train_roc_auc=0.8909 train_loss=0.3105 train_metric_name=roc_auc train_metric=0.8909
  val_acc=0.8420 val_roc_auc=0.8851 val_loss=0.3202 val_metric_name=roc_auc val_metric=0.8851
  test_acc=0.8372 test_roc_auc=0.8788 test_loss=0.3299 test_metric_name=roc_auc test_metric=0.8788
  test_roc_auc=0.8788

============================================================
Training minesweeper GT-sep 1L h=384 lr=6e-05 split=4
============================================================
Training for 5000 steps
Step    1 | loss 0.6839 | val_acc=0.8000 val_roc_auc=0.5690 val_loss=0.5159 val_metric_name=roc_auc val_metric=0.5690
Step   50 | loss 0.3773 | val_acc=0.8168 val_roc_auc=0.8356 val_loss=0.3796 val_metric_name=roc_auc val_metric=0.8356
Step  100 | loss 0.3370 | val_acc=0.8352 val_roc_auc=0.8734 val_loss=0.3351 val_metric_name=roc_auc val_metric=0.8734
Step  150 | loss 0.3334 | val_acc=0.8420 val_roc_auc=0.8805 val_loss=0.3253 val_metric_name=roc_auc val_metric=0.8805
Step  200 | loss 0.3273 | val_acc=0.8428 val_roc_auc=0.8818 val_loss=0.3240 val_metric_name=roc_auc val_metric=0.8818
Step  250 | loss 0.3244 | val_acc=0.8452 val_roc_auc=0.8838 val_loss=0.3212 val_metric_name=roc_auc val_metric=0.8838
Step  300 | loss 0.3220 | val_acc=0.8436 val_roc_auc=0.8828 val_loss=0.3230 val_metric_name=roc_auc val_metric=0.8828
Step  350 | loss 0.3210 | val_acc=0.8424 val_roc_auc=0.8840 val_loss=0.3213 val_metric_name=roc_auc val_metric=0.8840
Step  400 | loss 0.3204 | val_acc=0.8444 val_roc_auc=0.8848 val_loss=0.3200 val_metric_name=roc_auc val_metric=0.8848
Step  450 | loss 0.3198 | val_acc=0.8432 val_roc_auc=0.8841 val_loss=0.3212 val_metric_name=roc_auc val_metric=0.8841
Step  500 | loss 0.3175 | val_acc=0.8440 val_roc_auc=0.8848 val_loss=0.3195 val_metric_name=roc_auc val_metric=0.8848
Step  550 | loss 0.3173 | val_acc=0.8436 val_roc_auc=0.8845 val_loss=0.3208 val_metric_name=roc_auc val_metric=0.8845
Step  600 | loss 0.3174 | val_acc=0.8420 val_roc_auc=0.8841 val_loss=0.3216 val_metric_name=roc_auc val_metric=0.8841
Step  650 | loss 0.3166 | val_acc=0.8440 val_roc_auc=0.8846 val_loss=0.3205 val_metric_name=roc_auc val_metric=0.8846
Step  700 | loss 0.3140 | val_acc=0.8444 val_roc_auc=0.8852 val_loss=0.3198 val_metric_name=roc_auc val_metric=0.8852
Step  750 | loss 0.3172 | val_acc=0.8436 val_roc_auc=0.8846 val_loss=0.3209 val_metric_name=roc_auc val_metric=0.8846
Step  800 | loss 0.3143 | val_acc=0.8428 val_roc_auc=0.8847 val_loss=0.3208 val_metric_name=roc_auc val_metric=0.8847
Step  850 | loss 0.3144 | val_acc=0.8420 val_roc_auc=0.8850 val_loss=0.3204 val_metric_name=roc_auc val_metric=0.8850
Step  900 | loss 0.3148 | val_acc=0.8424 val_roc_auc=0.8843 val_loss=0.3220 val_metric_name=roc_auc val_metric=0.8843
Step  950 | loss 0.3148 | val_acc=0.8420 val_roc_auc=0.8849 val_loss=0.3198 val_metric_name=roc_auc val_metric=0.8849
Step 1000 | loss 0.3154 | val_acc=0.8408 val_roc_auc=0.8837 val_loss=0.3228 val_metric_name=roc_auc val_metric=0.8837
Step 1050 | loss 0.3139 | val_acc=0.8420 val_roc_auc=0.8823 val_loss=0.3256 val_metric_name=roc_auc val_metric=0.8823
Step 1100 | loss 0.3127 | val_acc=0.8412 val_roc_auc=0.8846 val_loss=0.3207 val_metric_name=roc_auc val_metric=0.8846
Early stopping at step 1148

--- Final (best ckpt @ step 590) ---
  train_acc=0.8402 train_roc_auc=0.8900 train_loss=0.3126 train_metric_name=roc_auc train_metric=0.8900
  val_acc=0.8432 val_roc_auc=0.8853 val_loss=0.3196 val_metric_name=roc_auc val_metric=0.8853
  test_acc=0.8360 test_roc_auc=0.8792 test_loss=0.3287 test_metric_name=roc_auc test_metric=0.8792
  test_roc_auc=0.8792

============================================================
Training minesweeper GT-sep 1L h=384 lr=0.0001 split=4
============================================================
Training for 5000 steps
Step    1 | loss 0.6839 | val_acc=0.8000 val_roc_auc=0.5698 val_loss=0.4994 val_metric_name=roc_auc val_metric=0.5698
Step   50 | loss 0.3540 | val_acc=0.8228 val_roc_auc=0.8592 val_loss=0.3538 val_metric_name=roc_auc val_metric=0.8592
Step  100 | loss 0.3287 | val_acc=0.8372 val_roc_auc=0.8782 val_loss=0.3278 val_metric_name=roc_auc val_metric=0.8782
Step  150 | loss 0.3289 | val_acc=0.8436 val_roc_auc=0.8828 val_loss=0.3211 val_metric_name=roc_auc val_metric=0.8828
Step  200 | loss 0.3239 | val_acc=0.8416 val_roc_auc=0.8827 val_loss=0.3222 val_metric_name=roc_auc val_metric=0.8827
Step  250 | loss 0.3218 | val_acc=0.8432 val_roc_auc=0.8843 val_loss=0.3204 val_metric_name=roc_auc val_metric=0.8843
Step  300 | loss 0.3191 | val_acc=0.8412 val_roc_auc=0.8837 val_loss=0.3215 val_metric_name=roc_auc val_metric=0.8837
Step  350 | loss 0.3188 | val_acc=0.8436 val_roc_auc=0.8842 val_loss=0.3204 val_metric_name=roc_auc val_metric=0.8842
Step  400 | loss 0.3182 | val_acc=0.8428 val_roc_auc=0.8845 val_loss=0.3204 val_metric_name=roc_auc val_metric=0.8845
Step  450 | loss 0.3175 | val_acc=0.8424 val_roc_auc=0.8843 val_loss=0.3212 val_metric_name=roc_auc val_metric=0.8843
Step  500 | loss 0.3151 | val_acc=0.8440 val_roc_auc=0.8843 val_loss=0.3205 val_metric_name=roc_auc val_metric=0.8843
Step  550 | loss 0.3155 | val_acc=0.8444 val_roc_auc=0.8849 val_loss=0.3199 val_metric_name=roc_auc val_metric=0.8849
Step  600 | loss 0.3150 | val_acc=0.8432 val_roc_auc=0.8846 val_loss=0.3205 val_metric_name=roc_auc val_metric=0.8846
Step  650 | loss 0.3148 | val_acc=0.8424 val_roc_auc=0.8840 val_loss=0.3228 val_metric_name=roc_auc val_metric=0.8840
Step  700 | loss 0.3109 | val_acc=0.8412 val_roc_auc=0.8846 val_loss=0.3209 val_metric_name=roc_auc val_metric=0.8846
Step  750 | loss 0.3146 | val_acc=0.8396 val_roc_auc=0.8832 val_loss=0.3229 val_metric_name=roc_auc val_metric=0.8832
Step  800 | loss 0.3122 | val_acc=0.8396 val_roc_auc=0.8830 val_loss=0.3251 val_metric_name=roc_auc val_metric=0.8830
Step  850 | loss 0.3120 | val_acc=0.8412 val_roc_auc=0.8836 val_loss=0.3232 val_metric_name=roc_auc val_metric=0.8836
Step  900 | loss 0.3124 | val_acc=0.8428 val_roc_auc=0.8839 val_loss=0.3245 val_metric_name=roc_auc val_metric=0.8839
Step  950 | loss 0.3127 | val_acc=0.8408 val_roc_auc=0.8832 val_loss=0.3261 val_metric_name=roc_auc val_metric=0.8832
Step 1000 | loss 0.3125 | val_acc=0.8404 val_roc_auc=0.8807 val_loss=0.3322 val_metric_name=roc_auc val_metric=0.8807
Step 1050 | loss 0.3116 | val_acc=0.8416 val_roc_auc=0.8805 val_loss=0.3326 val_metric_name=roc_auc val_metric=0.8805
Step 1100 | loss 0.3095 | val_acc=0.8412 val_roc_auc=0.8820 val_loss=0.3293 val_metric_name=roc_auc val_metric=0.8820
Early stopping at step 1105

--- Final (best ckpt @ step 710) ---
  train_acc=0.8434 train_roc_auc=0.8917 train_loss=0.3083 train_metric_name=roc_auc train_metric=0.8917
  val_acc=0.8416 val_roc_auc=0.8852 val_loss=0.3187 val_metric_name=roc_auc val_metric=0.8852
  test_acc=0.8380 test_roc_auc=0.8784 test_loss=0.3306 test_metric_name=roc_auc test_metric=0.8784
  test_roc_auc=0.8784

============================================================
Training minesweeper GT-sep 1L h=384 lr=1e-05 split=4
============================================================
Training for 5000 steps
Step    1 | loss 0.6839 | val_acc=0.7916 val_roc_auc=0.5448 val_loss=0.6259 val_metric_name=roc_auc val_metric=0.5448
Step   50 | loss 0.4916 | val_acc=0.8000 val_roc_auc=0.7172 val_loss=0.4893 val_metric_name=roc_auc val_metric=0.7172
Step  100 | loss 0.4635 | val_acc=0.8000 val_roc_auc=0.8017 val_loss=0.4591 val_metric_name=roc_auc val_metric=0.8017
Step  150 | loss 0.4196 | val_acc=0.8000 val_roc_auc=0.8285 val_loss=0.4031 val_metric_name=roc_auc val_metric=0.8285
Step  200 | loss 0.3747 | val_acc=0.8220 val_roc_auc=0.8425 val_loss=0.3744 val_metric_name=roc_auc val_metric=0.8425
Step  250 | loss 0.3583 | val_acc=0.8236 val_roc_auc=0.8552 val_loss=0.3611 val_metric_name=roc_auc val_metric=0.8552
Step  300 | loss 0.3504 | val_acc=0.8284 val_roc_auc=0.8638 val_loss=0.3505 val_metric_name=roc_auc val_metric=0.8638
Step  350 | loss 0.3447 | val_acc=0.8304 val_roc_auc=0.8695 val_loss=0.3433 val_metric_name=roc_auc val_metric=0.8695
Step  400 | loss 0.3400 | val_acc=0.8352 val_roc_auc=0.8736 val_loss=0.3379 val_metric_name=roc_auc val_metric=0.8736
Step  450 | loss 0.3360 | val_acc=0.8356 val_roc_auc=0.8766 val_loss=0.3338 val_metric_name=roc_auc val_metric=0.8766
Step  500 | loss 0.3334 | val_acc=0.8360 val_roc_auc=0.8776 val_loss=0.3318 val_metric_name=roc_auc val_metric=0.8776
Step  550 | loss 0.3294 | val_acc=0.8364 val_roc_auc=0.8788 val_loss=0.3302 val_metric_name=roc_auc val_metric=0.8788
Step  600 | loss 0.3321 | val_acc=0.8364 val_roc_auc=0.8795 val_loss=0.3293 val_metric_name=roc_auc val_metric=0.8795
Step  650 | loss 0.3271 | val_acc=0.8396 val_roc_auc=0.8801 val_loss=0.3284 val_metric_name=roc_auc val_metric=0.8801
Step  700 | loss 0.3258 | val_acc=0.8412 val_roc_auc=0.8806 val_loss=0.3274 val_metric_name=roc_auc val_metric=0.8806
Step  750 | loss 0.3283 | val_acc=0.8412 val_roc_auc=0.8811 val_loss=0.3269 val_metric_name=roc_auc val_metric=0.8811
Step  800 | loss 0.3254 | val_acc=0.8420 val_roc_auc=0.8819 val_loss=0.3254 val_metric_name=roc_auc val_metric=0.8819
Step  850 | loss 0.3260 | val_acc=0.8416 val_roc_auc=0.8825 val_loss=0.3244 val_metric_name=roc_auc val_metric=0.8825
Step  900 | loss 0.3248 | val_acc=0.8424 val_roc_auc=0.8825 val_loss=0.3242 val_metric_name=roc_auc val_metric=0.8825
Step  950 | loss 0.3254 | val_acc=0.8424 val_roc_auc=0.8827 val_loss=0.3236 val_metric_name=roc_auc val_metric=0.8827
Step 1000 | loss 0.3266 | val_acc=0.8428 val_roc_auc=0.8826 val_loss=0.3242 val_metric_name=roc_auc val_metric=0.8826
Step 1050 | loss 0.3246 | val_acc=0.8432 val_roc_auc=0.8832 val_loss=0.3230 val_metric_name=roc_auc val_metric=0.8832
Step 1100 | loss 0.3236 | val_acc=0.8432 val_roc_auc=0.8831 val_loss=0.3232 val_metric_name=roc_auc val_metric=0.8831
Step 1150 | loss 0.3225 | val_acc=0.8420 val_roc_auc=0.8836 val_loss=0.3223 val_metric_name=roc_auc val_metric=0.8836
Step 1200 | loss 0.3219 | val_acc=0.8436 val_roc_auc=0.8838 val_loss=0.3219 val_metric_name=roc_auc val_metric=0.8838
Step 1250 | loss 0.3218 | val_acc=0.8432 val_roc_auc=0.8841 val_loss=0.3218 val_metric_name=roc_auc val_metric=0.8841
Step 1300 | loss 0.3219 | val_acc=0.8444 val_roc_auc=0.8842 val_loss=0.3213 val_metric_name=roc_auc val_metric=0.8842
Step 1350 | loss 0.3235 | val_acc=0.8416 val_roc_auc=0.8840 val_loss=0.3217 val_metric_name=roc_auc val_metric=0.8840
Step 1400 | loss 0.3207 | val_acc=0.8460 val_roc_auc=0.8841 val_loss=0.3213 val_metric_name=roc_auc val_metric=0.8841
Step 1450 | loss 0.3239 | val_acc=0.8464 val_roc_auc=0.8845 val_loss=0.3209 val_metric_name=roc_auc val_metric=0.8845
Step 1500 | loss 0.3218 | val_acc=0.8460 val_roc_auc=0.8843 val_loss=0.3212 val_metric_name=roc_auc val_metric=0.8843
Step 1550 | loss 0.3214 | val_acc=0.8448 val_roc_auc=0.8841 val_loss=0.3215 val_metric_name=roc_auc val_metric=0.8841
Step 1600 | loss 0.3240 | val_acc=0.8460 val_roc_auc=0.8845 val_loss=0.3211 val_metric_name=roc_auc val_metric=0.8845
Step 1650 | loss 0.3204 | val_acc=0.8468 val_roc_auc=0.8848 val_loss=0.3205 val_metric_name=roc_auc val_metric=0.8848
Step 1700 | loss 0.3212 | val_acc=0.8464 val_roc_auc=0.8844 val_loss=0.3212 val_metric_name=roc_auc val_metric=0.8844
Step 1750 | loss 0.3190 | val_acc=0.8452 val_roc_auc=0.8845 val_loss=0.3209 val_metric_name=roc_auc val_metric=0.8845
Step 1800 | loss 0.3173 | val_acc=0.8460 val_roc_auc=0.8846 val_loss=0.3205 val_metric_name=roc_auc val_metric=0.8846
Step 1850 | loss 0.3191 | val_acc=0.8440 val_roc_auc=0.8847 val_loss=0.3203 val_metric_name=roc_auc val_metric=0.8847
Step 1900 | loss 0.3198 | val_acc=0.8444 val_roc_auc=0.8851 val_loss=0.3203 val_metric_name=roc_auc val_metric=0.8851
Step 1950 | loss 0.3172 | val_acc=0.8452 val_roc_auc=0.8847 val_loss=0.3205 val_metric_name=roc_auc val_metric=0.8847
Step 2000 | loss 0.3183 | val_acc=0.8440 val_roc_auc=0.8843 val_loss=0.3209 val_metric_name=roc_auc val_metric=0.8843
Step 2050 | loss 0.3219 | val_acc=0.8448 val_roc_auc=0.8848 val_loss=0.3205 val_metric_name=roc_auc val_metric=0.8848
Step 2100 | loss 0.3194 | val_acc=0.8444 val_roc_auc=0.8846 val_loss=0.3209 val_metric_name=roc_auc val_metric=0.8846
Step 2150 | loss 0.3184 | val_acc=0.8452 val_roc_auc=0.8847 val_loss=0.3207 val_metric_name=roc_auc val_metric=0.8847
Step 2200 | loss 0.3203 | val_acc=0.8444 val_roc_auc=0.8848 val_loss=0.3199 val_metric_name=roc_auc val_metric=0.8848
Early stopping at step 2203

--- Final (best ckpt @ step 1900) ---
  train_acc=0.8420 train_roc_auc=0.8891 train_loss=0.3145 train_metric_name=roc_auc train_metric=0.8891
  val_acc=0.8444 val_roc_auc=0.8851 val_loss=0.3203 val_metric_name=roc_auc val_metric=0.8851
  test_acc=0.8380 test_roc_auc=0.8796 test_loss=0.3288 test_metric_name=roc_auc test_metric=0.8796
  test_roc_auc=0.8796

============================================================
Training minesweeper GT-sep 1L h=512 lr=3e-05 split=4
============================================================
Training for 5000 steps
Step    1 | loss 1.0192 | val_acc=0.2812 val_roc_auc=0.4666 val_loss=0.7967 val_metric_name=roc_auc val_metric=0.4666
Step   50 | loss 0.4399 | val_acc=0.8000 val_roc_auc=0.8080 val_loss=0.4292 val_metric_name=roc_auc val_metric=0.8080
Step  100 | loss 0.3530 | val_acc=0.8228 val_roc_auc=0.8567 val_loss=0.3620 val_metric_name=roc_auc val_metric=0.8567
Step  150 | loss 0.3347 | val_acc=0.8400 val_roc_auc=0.8748 val_loss=0.3368 val_metric_name=roc_auc val_metric=0.8748
Step  200 | loss 0.3297 | val_acc=0.8376 val_roc_auc=0.8784 val_loss=0.3320 val_metric_name=roc_auc val_metric=0.8784
Step  250 | loss 0.3292 | val_acc=0.8408 val_roc_auc=0.8808 val_loss=0.3289 val_metric_name=roc_auc val_metric=0.8808
Step  300 | loss 0.3237 | val_acc=0.8424 val_roc_auc=0.8821 val_loss=0.3263 val_metric_name=roc_auc val_metric=0.8821
Step  350 | loss 0.3237 | val_acc=0.8428 val_roc_auc=0.8833 val_loss=0.3241 val_metric_name=roc_auc val_metric=0.8833
Step  400 | loss 0.3220 | val_acc=0.8448 val_roc_auc=0.8843 val_loss=0.3227 val_metric_name=roc_auc val_metric=0.8843
Step  450 | loss 0.3223 | val_acc=0.8452 val_roc_auc=0.8846 val_loss=0.3219 val_metric_name=roc_auc val_metric=0.8846
Step  500 | loss 0.3220 | val_acc=0.8428 val_roc_auc=0.8845 val_loss=0.3217 val_metric_name=roc_auc val_metric=0.8845
Step  550 | loss 0.3205 | val_acc=0.8448 val_roc_auc=0.8842 val_loss=0.3231 val_metric_name=roc_auc val_metric=0.8842
Step  600 | loss 0.3189 | val_acc=0.8444 val_roc_auc=0.8844 val_loss=0.3220 val_metric_name=roc_auc val_metric=0.8844
Step  650 | loss 0.3219 | val_acc=0.8456 val_roc_auc=0.8852 val_loss=0.3204 val_metric_name=roc_auc val_metric=0.8852
Step  700 | loss 0.3179 | val_acc=0.8436 val_roc_auc=0.8845 val_loss=0.3215 val_metric_name=roc_auc val_metric=0.8845
Step  750 | loss 0.3182 | val_acc=0.8440 val_roc_auc=0.8848 val_loss=0.3207 val_metric_name=roc_auc val_metric=0.8848
Step  800 | loss 0.3175 | val_acc=0.8420 val_roc_auc=0.8842 val_loss=0.3223 val_metric_name=roc_auc val_metric=0.8842
Step  850 | loss 0.3181 | val_acc=0.8448 val_roc_auc=0.8848 val_loss=0.3209 val_metric_name=roc_auc val_metric=0.8848
Step  900 | loss 0.3183 | val_acc=0.8436 val_roc_auc=0.8843 val_loss=0.3219 val_metric_name=roc_auc val_metric=0.8843
Step  950 | loss 0.3169 | val_acc=0.8432 val_roc_auc=0.8845 val_loss=0.3212 val_metric_name=roc_auc val_metric=0.8845
Step 1000 | loss 0.3177 | val_acc=0.8424 val_roc_auc=0.8843 val_loss=0.3217 val_metric_name=roc_auc val_metric=0.8843
Step 1050 | loss 0.3173 | val_acc=0.8424 val_roc_auc=0.8848 val_loss=0.3209 val_metric_name=roc_auc val_metric=0.8848
Early stopping at step 1088

--- Final (best ckpt @ step 650) ---
  train_acc=0.8408 train_roc_auc=0.8896 train_loss=0.3135 train_metric_name=roc_auc train_metric=0.8896
  val_acc=0.8456 val_roc_auc=0.8852 val_loss=0.3204 val_metric_name=roc_auc val_metric=0.8852
  test_acc=0.8376 test_roc_auc=0.8793 test_loss=0.3284 test_metric_name=roc_auc test_metric=0.8793
  test_roc_auc=0.8793

============================================================
Training minesweeper GT-sep 1L h=512 lr=6e-05 split=4
============================================================
Training for 5000 steps
Step    1 | loss 1.0192 | val_acc=0.7968 val_roc_auc=0.4770 val_loss=0.6008 val_metric_name=roc_auc val_metric=0.4770
Step   50 | loss 0.3745 | val_acc=0.8172 val_roc_auc=0.8354 val_loss=0.3887 val_metric_name=roc_auc val_metric=0.8354
Step  100 | loss 0.3355 | val_acc=0.8392 val_roc_auc=0.8754 val_loss=0.3337 val_metric_name=roc_auc val_metric=0.8754
Step  150 | loss 0.3264 | val_acc=0.8412 val_roc_auc=0.8816 val_loss=0.3267 val_metric_name=roc_auc val_metric=0.8816
Step  200 | loss 0.3233 | val_acc=0.8424 val_roc_auc=0.8834 val_loss=0.3234 val_metric_name=roc_auc val_metric=0.8834
Step  250 | loss 0.3235 | val_acc=0.8436 val_roc_auc=0.8838 val_loss=0.3233 val_metric_name=roc_auc val_metric=0.8838
Step  300 | loss 0.3197 | val_acc=0.8440 val_roc_auc=0.8843 val_loss=0.3221 val_metric_name=roc_auc val_metric=0.8843
Step  350 | loss 0.3198 | val_acc=0.8444 val_roc_auc=0.8843 val_loss=0.3215 val_metric_name=roc_auc val_metric=0.8843
Step  400 | loss 0.3183 | val_acc=0.8424 val_roc_auc=0.8846 val_loss=0.3208 val_metric_name=roc_auc val_metric=0.8846
Step  450 | loss 0.3196 | val_acc=0.8412 val_roc_auc=0.8840 val_loss=0.3226 val_metric_name=roc_auc val_metric=0.8840
Step  500 | loss 0.3182 | val_acc=0.8420 val_roc_auc=0.8843 val_loss=0.3211 val_metric_name=roc_auc val_metric=0.8843
Step  550 | loss 0.3178 | val_acc=0.8408 val_roc_auc=0.8838 val_loss=0.3233 val_metric_name=roc_auc val_metric=0.8838
Step  600 | loss 0.3155 | val_acc=0.8436 val_roc_auc=0.8839 val_loss=0.3222 val_metric_name=roc_auc val_metric=0.8839
Step  650 | loss 0.3191 | val_acc=0.8448 val_roc_auc=0.8845 val_loss=0.3208 val_metric_name=roc_auc val_metric=0.8845
Step  700 | loss 0.3143 | val_acc=0.8444 val_roc_auc=0.8837 val_loss=0.3217 val_metric_name=roc_auc val_metric=0.8837
Step  750 | loss 0.3153 | val_acc=0.8436 val_roc_auc=0.8836 val_loss=0.3222 val_metric_name=roc_auc val_metric=0.8836
Step  800 | loss 0.3145 | val_acc=0.8416 val_roc_auc=0.8839 val_loss=0.3213 val_metric_name=roc_auc val_metric=0.8839
Step  850 | loss 0.3150 | val_acc=0.8420 val_roc_auc=0.8842 val_loss=0.3210 val_metric_name=roc_auc val_metric=0.8842
Early stopping at step 873

--- Final (best ckpt @ step 510) ---
  train_acc=0.8404 train_roc_auc=0.8903 train_loss=0.3116 train_metric_name=roc_auc train_metric=0.8903
  val_acc=0.8444 val_roc_auc=0.8849 val_loss=0.3202 val_metric_name=roc_auc val_metric=0.8849
  test_acc=0.8388 test_roc_auc=0.8796 test_loss=0.3271 test_metric_name=roc_auc test_metric=0.8796
  test_roc_auc=0.8796

============================================================
Training minesweeper GT-sep 1L h=512 lr=0.0001 split=4
============================================================
Training for 5000 steps
Step    1 | loss 1.0192 | val_acc=0.8000 val_roc_auc=0.5013 val_loss=0.5052 val_metric_name=roc_auc val_metric=0.5013
Step   50 | loss 0.3533 | val_acc=0.8244 val_roc_auc=0.8542 val_loss=0.3706 val_metric_name=roc_auc val_metric=0.8542
Step  100 | loss 0.3309 | val_acc=0.8400 val_roc_auc=0.8793 val_loss=0.3275 val_metric_name=roc_auc val_metric=0.8793
Step  150 | loss 0.3227 | val_acc=0.8408 val_roc_auc=0.8824 val_loss=0.3245 val_metric_name=roc_auc val_metric=0.8824
Step  200 | loss 0.3200 | val_acc=0.8432 val_roc_auc=0.8829 val_loss=0.3228 val_metric_name=roc_auc val_metric=0.8829
Step  250 | loss 0.3206 | val_acc=0.8440 val_roc_auc=0.8844 val_loss=0.3209 val_metric_name=roc_auc val_metric=0.8844
Step  300 | loss 0.3179 | val_acc=0.8428 val_roc_auc=0.8846 val_loss=0.3213 val_metric_name=roc_auc val_metric=0.8846
Step  350 | loss 0.3181 | val_acc=0.8416 val_roc_auc=0.8836 val_loss=0.3227 val_metric_name=roc_auc val_metric=0.8836
Step  400 | loss 0.3165 | val_acc=0.8416 val_roc_auc=0.8842 val_loss=0.3211 val_metric_name=roc_auc val_metric=0.8842
Step  450 | loss 0.3180 | val_acc=0.8432 val_roc_auc=0.8838 val_loss=0.3217 val_metric_name=roc_auc val_metric=0.8838
Step  500 | loss 0.3156 | val_acc=0.8432 val_roc_auc=0.8843 val_loss=0.3208 val_metric_name=roc_auc val_metric=0.8843
Step  550 | loss 0.3164 | val_acc=0.8424 val_roc_auc=0.8841 val_loss=0.3218 val_metric_name=roc_auc val_metric=0.8841
Step  600 | loss 0.3144 | val_acc=0.8424 val_roc_auc=0.8839 val_loss=0.3222 val_metric_name=roc_auc val_metric=0.8839
Early stopping at step 614

--- Final (best ckpt @ step 290) ---
  train_acc=0.8412 train_roc_auc=0.8900 train_loss=0.3130 train_metric_name=roc_auc train_metric=0.8900
  val_acc=0.8464 val_roc_auc=0.8852 val_loss=0.3204 val_metric_name=roc_auc val_metric=0.8852
  test_acc=0.8360 test_roc_auc=0.8791 test_loss=0.3291 test_metric_name=roc_auc test_metric=0.8791
  test_roc_auc=0.8791

============================================================
Training minesweeper GT-sep 1L h=512 lr=1e-05 split=4
============================================================
Training for 5000 steps
Step    1 | loss 1.0192 | val_acc=0.2000 val_roc_auc=0.4675 val_loss=0.9904 val_metric_name=roc_auc val_metric=0.4675
Step   50 | loss 0.4943 | val_acc=0.8000 val_roc_auc=0.6995 val_loss=0.4919 val_metric_name=roc_auc val_metric=0.6995
Step  100 | loss 0.4548 | val_acc=0.8000 val_roc_auc=0.7973 val_loss=0.4553 val_metric_name=roc_auc val_metric=0.7973
Step  150 | loss 0.3971 | val_acc=0.8004 val_roc_auc=0.8295 val_loss=0.4005 val_metric_name=roc_auc val_metric=0.8295
Step  200 | loss 0.3649 | val_acc=0.8232 val_roc_auc=0.8480 val_loss=0.3760 val_metric_name=roc_auc val_metric=0.8480
Step  250 | loss 0.3523 | val_acc=0.8296 val_roc_auc=0.8606 val_loss=0.3579 val_metric_name=roc_auc val_metric=0.8606
Step  300 | loss 0.3420 | val_acc=0.8312 val_roc_auc=0.8682 val_loss=0.3471 val_metric_name=roc_auc val_metric=0.8682
Step  350 | loss 0.3371 | val_acc=0.8384 val_roc_auc=0.8737 val_loss=0.3398 val_metric_name=roc_auc val_metric=0.8737
Step  400 | loss 0.3329 | val_acc=0.8392 val_roc_auc=0.8764 val_loss=0.3366 val_metric_name=roc_auc val_metric=0.8764
Step  450 | loss 0.3313 | val_acc=0.8372 val_roc_auc=0.8774 val_loss=0.3351 val_metric_name=roc_auc val_metric=0.8774
Step  500 | loss 0.3312 | val_acc=0.8396 val_roc_auc=0.8795 val_loss=0.3318 val_metric_name=roc_auc val_metric=0.8795
Step  550 | loss 0.3292 | val_acc=0.8396 val_roc_auc=0.8798 val_loss=0.3313 val_metric_name=roc_auc val_metric=0.8798
Step  600 | loss 0.3282 | val_acc=0.8404 val_roc_auc=0.8810 val_loss=0.3296 val_metric_name=roc_auc val_metric=0.8810
Step  650 | loss 0.3294 | val_acc=0.8404 val_roc_auc=0.8816 val_loss=0.3284 val_metric_name=roc_auc val_metric=0.8816
Step  700 | loss 0.3257 | val_acc=0.8416 val_roc_auc=0.8823 val_loss=0.3268 val_metric_name=roc_auc val_metric=0.8823
Step  750 | loss 0.3257 | val_acc=0.8416 val_roc_auc=0.8826 val_loss=0.3257 val_metric_name=roc_auc val_metric=0.8826
Step  800 | loss 0.3257 | val_acc=0.8440 val_roc_auc=0.8835 val_loss=0.3245 val_metric_name=roc_auc val_metric=0.8835
Step  850 | loss 0.3240 | val_acc=0.8424 val_roc_auc=0.8837 val_loss=0.3243 val_metric_name=roc_auc val_metric=0.8837
Step  900 | loss 0.3245 | val_acc=0.8440 val_roc_auc=0.8837 val_loss=0.3242 val_metric_name=roc_auc val_metric=0.8837
Step  950 | loss 0.3235 | val_acc=0.8444 val_roc_auc=0.8837 val_loss=0.3240 val_metric_name=roc_auc val_metric=0.8837
Step 1000 | loss 0.3241 | val_acc=0.8424 val_roc_auc=0.8839 val_loss=0.3231 val_metric_name=roc_auc val_metric=0.8839
Step 1050 | loss 0.3251 | val_acc=0.8440 val_roc_auc=0.8841 val_loss=0.3229 val_metric_name=roc_auc val_metric=0.8841
Step 1100 | loss 0.3210 | val_acc=0.8452 val_roc_auc=0.8845 val_loss=0.3222 val_metric_name=roc_auc val_metric=0.8845
Step 1150 | loss 0.3214 | val_acc=0.8456 val_roc_auc=0.8848 val_loss=0.3221 val_metric_name=roc_auc val_metric=0.8848
Step 1200 | loss 0.3235 | val_acc=0.8456 val_roc_auc=0.8846 val_loss=0.3219 val_metric_name=roc_auc val_metric=0.8846
Step 1250 | loss 0.3261 | val_acc=0.8456 val_roc_auc=0.8849 val_loss=0.3218 val_metric_name=roc_auc val_metric=0.8849
Step 1300 | loss 0.3236 | val_acc=0.8448 val_roc_auc=0.8848 val_loss=0.3215 val_metric_name=roc_auc val_metric=0.8848
Step 1350 | loss 0.3200 | val_acc=0.8452 val_roc_auc=0.8849 val_loss=0.3218 val_metric_name=roc_auc val_metric=0.8849
Step 1400 | loss 0.3185 | val_acc=0.8456 val_roc_auc=0.8854 val_loss=0.3210 val_metric_name=roc_auc val_metric=0.8854
Step 1450 | loss 0.3210 | val_acc=0.8440 val_roc_auc=0.8849 val_loss=0.3215 val_metric_name=roc_auc val_metric=0.8849
Step 1500 | loss 0.3204 | val_acc=0.8428 val_roc_auc=0.8852 val_loss=0.3213 val_metric_name=roc_auc val_metric=0.8852
Step 1550 | loss 0.3204 | val_acc=0.8440 val_roc_auc=0.8853 val_loss=0.3209 val_metric_name=roc_auc val_metric=0.8853
Step 1600 | loss 0.3225 | val_acc=0.8424 val_roc_auc=0.8852 val_loss=0.3212 val_metric_name=roc_auc val_metric=0.8852
Step 1650 | loss 0.3184 | val_acc=0.8440 val_roc_auc=0.8852 val_loss=0.3207 val_metric_name=roc_auc val_metric=0.8852
Step 1700 | loss 0.3197 | val_acc=0.8444 val_roc_auc=0.8854 val_loss=0.3205 val_metric_name=roc_auc val_metric=0.8854
Step 1750 | loss 0.3189 | val_acc=0.8436 val_roc_auc=0.8850 val_loss=0.3212 val_metric_name=roc_auc val_metric=0.8850
Step 1800 | loss 0.3188 | val_acc=0.8432 val_roc_auc=0.8852 val_loss=0.3208 val_metric_name=roc_auc val_metric=0.8852
Step 1850 | loss 0.3193 | val_acc=0.8428 val_roc_auc=0.8850 val_loss=0.3213 val_metric_name=roc_auc val_metric=0.8850
Early stopping at step 1872

--- Final (best ckpt @ step 1570) ---
  train_acc=0.8412 train_roc_auc=0.8892 train_loss=0.3141 train_metric_name=roc_auc train_metric=0.8892
  val_acc=0.8440 val_roc_auc=0.8855 val_loss=0.3205 val_metric_name=roc_auc val_metric=0.8855
  test_acc=0.8392 test_roc_auc=0.8792 test_loss=0.3293 test_metric_name=roc_auc test_metric=0.8792
  test_roc_auc=0.8792
  >> num_layers=1 hidden_dim=256 lr=3e-05 best_step=1370 val_roc_auc=0.8863 test_roc_auc=0.8793
     val_acc=0.8428 val_loss=0.3176 val_metric=0.8863 val_metric_name=roc_auc val_roc_auc=0.8863
     test_acc=0.8352 test_loss=0.3278 test_metric=0.8793 test_metric_name=roc_auc test_roc_auc=0.8793
  >> num_layers=1 hidden_dim=256 lr=6e-05 best_step=650 val_roc_auc=0.8862 test_roc_auc=0.8797
     val_acc=0.8436 val_loss=0.3172 val_metric=0.8862 val_metric_name=roc_auc val_roc_auc=0.8862
     test_acc=0.8356 test_loss=0.3269 test_metric=0.8797 test_metric_name=roc_auc test_roc_auc=0.8797
  >> num_layers=1 hidden_dim=256 lr=0.0001 best_step=510 val_roc_auc=0.8865 test_roc_auc=0.8795
     val_acc=0.8428 val_loss=0.3169 val_metric=0.8865 val_metric_name=roc_auc val_roc_auc=0.8865
     test_acc=0.8364 test_loss=0.3260 test_metric=0.8795 test_metric_name=roc_auc test_roc_auc=0.8795
  >> num_layers=1 hidden_dim=256 lr=1e-05 best_step=4260 val_roc_auc=0.8862 test_roc_auc=0.8789
     val_acc=0.8420 val_loss=0.3181 val_metric=0.8862 val_metric_name=roc_auc val_roc_auc=0.8862
     test_acc=0.8348 test_loss=0.3291 test_metric=0.8789 test_metric_name=roc_auc test_roc_auc=0.8789
  >> num_layers=1 hidden_dim=384 lr=3e-05 best_step=1410 val_roc_auc=0.8851 test_roc_auc=0.8788
     val_acc=0.8420 val_loss=0.3202 val_metric=0.8851 val_metric_name=roc_auc val_roc_auc=0.8851
     test_acc=0.8372 test_loss=0.3299 test_metric=0.8788 test_metric_name=roc_auc test_roc_auc=0.8788
  >> num_layers=1 hidden_dim=384 lr=6e-05 best_step=590 val_roc_auc=0.8853 test_roc_auc=0.8792
     val_acc=0.8432 val_loss=0.3196 val_metric=0.8853 val_metric_name=roc_auc val_roc_auc=0.8853
     test_acc=0.8360 test_loss=0.3287 test_metric=0.8792 test_metric_name=roc_auc test_roc_auc=0.8792
  >> num_layers=1 hidden_dim=384 lr=0.0001 best_step=710 val_roc_auc=0.8852 test_roc_auc=0.8784
     val_acc=0.8416 val_loss=0.3187 val_metric=0.8852 val_metric_name=roc_auc val_roc_auc=0.8852
     test_acc=0.8380 test_loss=0.3306 test_metric=0.8784 test_metric_name=roc_auc test_roc_auc=0.8784
  >> num_layers=1 hidden_dim=384 lr=1e-05 best_step=1900 val_roc_auc=0.8851 test_roc_auc=0.8796
     val_acc=0.8444 val_loss=0.3203 val_metric=0.8851 val_metric_name=roc_auc val_roc_auc=0.8851
     test_acc=0.8380 test_loss=0.3288 test_metric=0.8796 test_metric_name=roc_auc test_roc_auc=0.8796
  >> num_layers=1 hidden_dim=512 lr=3e-05 best_step=650 val_roc_auc=0.8852 test_roc_auc=0.8793
     val_acc=0.8456 val_loss=0.3204 val_metric=0.8852 val_metric_name=roc_auc val_roc_auc=0.8852
     test_acc=0.8376 test_loss=0.3284 test_metric=0.8793 test_metric_name=roc_auc test_roc_auc=0.8793
  >> num_layers=1 hidden_dim=512 lr=6e-05 best_step=510 val_roc_auc=0.8849 test_roc_auc=0.8796
     val_acc=0.8444 val_loss=0.3202 val_metric=0.8849 val_metric_name=roc_auc val_roc_auc=0.8849
     test_acc=0.8388 test_loss=0.3271 test_metric=0.8796 test_metric_name=roc_auc test_roc_auc=0.8796
  >> num_layers=1 hidden_dim=512 lr=0.0001 best_step=290 val_roc_auc=0.8852 test_roc_auc=0.8791
     val_acc=0.8464 val_loss=0.3204 val_metric=0.8852 val_metric_name=roc_auc val_roc_auc=0.8852
     test_acc=0.8360 test_loss=0.3291 test_metric=0.8791 test_metric_name=roc_auc test_roc_auc=0.8791
  >> num_layers=1 hidden_dim=512 lr=1e-05 best_step=1570 val_roc_auc=0.8855 test_roc_auc=0.8792
     val_acc=0.8440 val_loss=0.3205 val_metric=0.8855 val_metric_name=roc_auc val_roc_auc=0.8855
     test_acc=0.8392 test_loss=0.3293 test_metric=0.8792 test_metric_name=roc_auc test_roc_auc=0.8792
  >> selected best (by val): num_layers=1 hidden_dim=256 lr=0.0001 val_roc_auc=0.8865 test_roc_auc=0.8795
     val_acc=0.8428 val_loss=0.3169 val_metric=0.8865 val_metric_name=roc_auc val_roc_auc=0.8865
     test_acc=0.8364 test_loss=0.3260 test_metric=0.8795 test_metric_name=roc_auc test_roc_auc=0.8795

Done. Results saved to /home/avshmelev/diploma_yandex_graphs/results_grid/minesweeper/base.csv, checkpoints in /home/avshmelev/diploma_yandex_graphs/all_checkpoints/minesweeper/base/
Skipping: "Done." found in /home/avshmelev/diploma_yandex_graphs/results_grid/minesweeper/logs_base/GT-sep_1L_split4.log
