Loading data...

============================================================
Training minesweeper GT-sep 1L h=256 lr=3e-05 split=8
============================================================
Training for 5000 steps
Step    1 | loss 0.5963 | val_acc=0.8000 val_roc_auc=0.5200 val_loss=0.5349 val_metric_name=roc_auc val_metric=0.5200
Step   50 | loss 0.4695 | val_acc=0.8000 val_roc_auc=0.8152 val_loss=0.4589 val_metric_name=roc_auc val_metric=0.8152
Step  100 | loss 0.3886 | val_acc=0.8136 val_roc_auc=0.8526 val_loss=0.3613 val_metric_name=roc_auc val_metric=0.8526
Step  150 | loss 0.3543 | val_acc=0.8276 val_roc_auc=0.8686 val_loss=0.3399 val_metric_name=roc_auc val_metric=0.8686
Step  200 | loss 0.3426 | val_acc=0.8380 val_roc_auc=0.8724 val_loss=0.3367 val_metric_name=roc_auc val_metric=0.8724
Step  250 | loss 0.3390 | val_acc=0.8428 val_roc_auc=0.8745 val_loss=0.3364 val_metric_name=roc_auc val_metric=0.8745
Step  300 | loss 0.3327 | val_acc=0.8440 val_roc_auc=0.8754 val_loss=0.3360 val_metric_name=roc_auc val_metric=0.8754
Step  350 | loss 0.3337 | val_acc=0.8436 val_roc_auc=0.8755 val_loss=0.3366 val_metric_name=roc_auc val_metric=0.8755
Step  400 | loss 0.3287 | val_acc=0.8448 val_roc_auc=0.8761 val_loss=0.3348 val_metric_name=roc_auc val_metric=0.8761
Step  450 | loss 0.3268 | val_acc=0.8456 val_roc_auc=0.8765 val_loss=0.3340 val_metric_name=roc_auc val_metric=0.8765
Step  500 | loss 0.3301 | val_acc=0.8456 val_roc_auc=0.8767 val_loss=0.3318 val_metric_name=roc_auc val_metric=0.8767
Step  550 | loss 0.3292 | val_acc=0.8444 val_roc_auc=0.8772 val_loss=0.3310 val_metric_name=roc_auc val_metric=0.8772
Step  600 | loss 0.3285 | val_acc=0.8448 val_roc_auc=0.8774 val_loss=0.3309 val_metric_name=roc_auc val_metric=0.8774
Step  650 | loss 0.3280 | val_acc=0.8440 val_roc_auc=0.8778 val_loss=0.3301 val_metric_name=roc_auc val_metric=0.8778
Step  700 | loss 0.3263 | val_acc=0.8440 val_roc_auc=0.8776 val_loss=0.3299 val_metric_name=roc_auc val_metric=0.8776
Step  750 | loss 0.3214 | val_acc=0.8444 val_roc_auc=0.8780 val_loss=0.3290 val_metric_name=roc_auc val_metric=0.8780
Step  800 | loss 0.3243 | val_acc=0.8424 val_roc_auc=0.8776 val_loss=0.3298 val_metric_name=roc_auc val_metric=0.8776
Step  850 | loss 0.3248 | val_acc=0.8440 val_roc_auc=0.8779 val_loss=0.3288 val_metric_name=roc_auc val_metric=0.8779
Step  900 | loss 0.3240 | val_acc=0.8448 val_roc_auc=0.8789 val_loss=0.3271 val_metric_name=roc_auc val_metric=0.8789
Step  950 | loss 0.3242 | val_acc=0.8444 val_roc_auc=0.8782 val_loss=0.3285 val_metric_name=roc_auc val_metric=0.8782
Step 1000 | loss 0.3234 | val_acc=0.8448 val_roc_auc=0.8790 val_loss=0.3269 val_metric_name=roc_auc val_metric=0.8790
Step 1050 | loss 0.3241 | val_acc=0.8424 val_roc_auc=0.8789 val_loss=0.3274 val_metric_name=roc_auc val_metric=0.8789
Step 1100 | loss 0.3237 | val_acc=0.8424 val_roc_auc=0.8786 val_loss=0.3283 val_metric_name=roc_auc val_metric=0.8786
Step 1150 | loss 0.3230 | val_acc=0.8424 val_roc_auc=0.8790 val_loss=0.3270 val_metric_name=roc_auc val_metric=0.8790
Step 1200 | loss 0.3229 | val_acc=0.8420 val_roc_auc=0.8789 val_loss=0.3269 val_metric_name=roc_auc val_metric=0.8789
Step 1250 | loss 0.3203 | val_acc=0.8424 val_roc_auc=0.8784 val_loss=0.3280 val_metric_name=roc_auc val_metric=0.8784
Step 1300 | loss 0.3186 | val_acc=0.8424 val_roc_auc=0.8793 val_loss=0.3275 val_metric_name=roc_auc val_metric=0.8793
Step 1350 | loss 0.3199 | val_acc=0.8428 val_roc_auc=0.8786 val_loss=0.3274 val_metric_name=roc_auc val_metric=0.8786
Step 1400 | loss 0.3198 | val_acc=0.8420 val_roc_auc=0.8797 val_loss=0.3270 val_metric_name=roc_auc val_metric=0.8797
Step 1450 | loss 0.3226 | val_acc=0.8428 val_roc_auc=0.8791 val_loss=0.3269 val_metric_name=roc_auc val_metric=0.8791
Step 1500 | loss 0.3226 | val_acc=0.8428 val_roc_auc=0.8800 val_loss=0.3267 val_metric_name=roc_auc val_metric=0.8800
Step 1550 | loss 0.3207 | val_acc=0.8428 val_roc_auc=0.8801 val_loss=0.3272 val_metric_name=roc_auc val_metric=0.8801
Step 1600 | loss 0.3221 | val_acc=0.8424 val_roc_auc=0.8796 val_loss=0.3277 val_metric_name=roc_auc val_metric=0.8796
Step 1650 | loss 0.3177 | val_acc=0.8424 val_roc_auc=0.8806 val_loss=0.3268 val_metric_name=roc_auc val_metric=0.8806
Step 1700 | loss 0.3206 | val_acc=0.8424 val_roc_auc=0.8798 val_loss=0.3282 val_metric_name=roc_auc val_metric=0.8798
Step 1750 | loss 0.3195 | val_acc=0.8420 val_roc_auc=0.8796 val_loss=0.3281 val_metric_name=roc_auc val_metric=0.8796
Step 1800 | loss 0.3172 | val_acc=0.8428 val_roc_auc=0.8806 val_loss=0.3280 val_metric_name=roc_auc val_metric=0.8806
Step 1850 | loss 0.3191 | val_acc=0.8420 val_roc_auc=0.8791 val_loss=0.3299 val_metric_name=roc_auc val_metric=0.8791
Step 1900 | loss 0.3218 | val_acc=0.8420 val_roc_auc=0.8798 val_loss=0.3291 val_metric_name=roc_auc val_metric=0.8798
Step 1950 | loss 0.3185 | val_acc=0.8428 val_roc_auc=0.8805 val_loss=0.3281 val_metric_name=roc_auc val_metric=0.8805
Step 2000 | loss 0.3198 | val_acc=0.8428 val_roc_auc=0.8807 val_loss=0.3276 val_metric_name=roc_auc val_metric=0.8807
Step 2050 | loss 0.3170 | val_acc=0.8424 val_roc_auc=0.8804 val_loss=0.3292 val_metric_name=roc_auc val_metric=0.8804
Step 2100 | loss 0.3199 | val_acc=0.8420 val_roc_auc=0.8809 val_loss=0.3283 val_metric_name=roc_auc val_metric=0.8809
Step 2150 | loss 0.3180 | val_acc=0.8424 val_roc_auc=0.8793 val_loss=0.3303 val_metric_name=roc_auc val_metric=0.8793
Early stopping at step 2171

--- Final (best ckpt @ step 1870) ---
  train_acc=0.8426 train_roc_auc=0.8851 train_loss=0.3132 train_metric_name=roc_auc train_metric=0.8851
  val_acc=0.8416 val_roc_auc=0.8818 val_loss=0.3255 val_metric_name=roc_auc val_metric=0.8818
  test_acc=0.8508 test_roc_auc=0.8942 test_loss=0.3078 test_metric_name=roc_auc test_metric=0.8942
  test_roc_auc=0.8942

============================================================
Training minesweeper GT-sep 1L h=256 lr=6e-05 split=8
============================================================
Training for 5000 steps
Step    1 | loss 0.5963 | val_acc=0.8000 val_roc_auc=0.5249 val_loss=0.5181 val_metric_name=roc_auc val_metric=0.5249
Step   50 | loss 0.4095 | val_acc=0.8084 val_roc_auc=0.8420 val_loss=0.3809 val_metric_name=roc_auc val_metric=0.8420
Step  100 | loss 0.3498 | val_acc=0.8332 val_roc_auc=0.8707 val_loss=0.3368 val_metric_name=roc_auc val_metric=0.8707
Step  150 | loss 0.3338 | val_acc=0.8440 val_roc_auc=0.8744 val_loss=0.3369 val_metric_name=roc_auc val_metric=0.8744
Step  200 | loss 0.3312 | val_acc=0.8440 val_roc_auc=0.8756 val_loss=0.3357 val_metric_name=roc_auc val_metric=0.8756
Step  250 | loss 0.3314 | val_acc=0.8452 val_roc_auc=0.8765 val_loss=0.3332 val_metric_name=roc_auc val_metric=0.8765
Step  300 | loss 0.3272 | val_acc=0.8448 val_roc_auc=0.8771 val_loss=0.3306 val_metric_name=roc_auc val_metric=0.8771
Step  350 | loss 0.3290 | val_acc=0.8448 val_roc_auc=0.8772 val_loss=0.3315 val_metric_name=roc_auc val_metric=0.8772
Step  400 | loss 0.3247 | val_acc=0.8424 val_roc_auc=0.8779 val_loss=0.3294 val_metric_name=roc_auc val_metric=0.8779
Step  450 | loss 0.3217 | val_acc=0.8428 val_roc_auc=0.8773 val_loss=0.3301 val_metric_name=roc_auc val_metric=0.8773
Step  500 | loss 0.3257 | val_acc=0.8436 val_roc_auc=0.8786 val_loss=0.3274 val_metric_name=roc_auc val_metric=0.8786
Step  550 | loss 0.3247 | val_acc=0.8420 val_roc_auc=0.8778 val_loss=0.3287 val_metric_name=roc_auc val_metric=0.8778
Step  600 | loss 0.3231 | val_acc=0.8440 val_roc_auc=0.8788 val_loss=0.3264 val_metric_name=roc_auc val_metric=0.8788
Step  650 | loss 0.3226 | val_acc=0.8436 val_roc_auc=0.8794 val_loss=0.3264 val_metric_name=roc_auc val_metric=0.8794
Step  700 | loss 0.3225 | val_acc=0.8432 val_roc_auc=0.8786 val_loss=0.3278 val_metric_name=roc_auc val_metric=0.8786
Step  750 | loss 0.3189 | val_acc=0.8420 val_roc_auc=0.8801 val_loss=0.3267 val_metric_name=roc_auc val_metric=0.8801
Step  800 | loss 0.3198 | val_acc=0.8440 val_roc_auc=0.8786 val_loss=0.3288 val_metric_name=roc_auc val_metric=0.8786
Step  850 | loss 0.3225 | val_acc=0.8420 val_roc_auc=0.8809 val_loss=0.3259 val_metric_name=roc_auc val_metric=0.8809
Step  900 | loss 0.3199 | val_acc=0.8416 val_roc_auc=0.8814 val_loss=0.3259 val_metric_name=roc_auc val_metric=0.8814
Step  950 | loss 0.3199 | val_acc=0.8428 val_roc_auc=0.8807 val_loss=0.3275 val_metric_name=roc_auc val_metric=0.8807
Step 1000 | loss 0.3201 | val_acc=0.8416 val_roc_auc=0.8805 val_loss=0.3276 val_metric_name=roc_auc val_metric=0.8805
Step 1050 | loss 0.3199 | val_acc=0.8420 val_roc_auc=0.8805 val_loss=0.3295 val_metric_name=roc_auc val_metric=0.8805
Step 1100 | loss 0.3191 | val_acc=0.8412 val_roc_auc=0.8796 val_loss=0.3293 val_metric_name=roc_auc val_metric=0.8796
Step 1150 | loss 0.3196 | val_acc=0.8416 val_roc_auc=0.8783 val_loss=0.3311 val_metric_name=roc_auc val_metric=0.8783
Step 1200 | loss 0.3199 | val_acc=0.8420 val_roc_auc=0.8802 val_loss=0.3301 val_metric_name=roc_auc val_metric=0.8802
Step 1250 | loss 0.3175 | val_acc=0.8432 val_roc_auc=0.8784 val_loss=0.3329 val_metric_name=roc_auc val_metric=0.8784
Step 1300 | loss 0.3143 | val_acc=0.8428 val_roc_auc=0.8795 val_loss=0.3332 val_metric_name=roc_auc val_metric=0.8795
Step 1350 | loss 0.3170 | val_acc=0.8420 val_roc_auc=0.8809 val_loss=0.3304 val_metric_name=roc_auc val_metric=0.8809
Step 1400 | loss 0.3167 | val_acc=0.8416 val_roc_auc=0.8805 val_loss=0.3313 val_metric_name=roc_auc val_metric=0.8805
Step 1450 | loss 0.3189 | val_acc=0.8412 val_roc_auc=0.8798 val_loss=0.3313 val_metric_name=roc_auc val_metric=0.8798
Step 1500 | loss 0.3192 | val_acc=0.8424 val_roc_auc=0.8792 val_loss=0.3332 val_metric_name=roc_auc val_metric=0.8792
Step 1550 | loss 0.3162 | val_acc=0.8420 val_roc_auc=0.8812 val_loss=0.3308 val_metric_name=roc_auc val_metric=0.8812
Early stopping at step 1582

--- Final (best ckpt @ step 1280) ---
  train_acc=0.8424 train_roc_auc=0.8859 train_loss=0.3123 train_metric_name=roc_auc train_metric=0.8859
  val_acc=0.8416 val_roc_auc=0.8822 val_loss=0.3278 val_metric_name=roc_auc val_metric=0.8822
  test_acc=0.8496 test_roc_auc=0.8940 test_loss=0.3097 test_metric_name=roc_auc test_metric=0.8940
  test_roc_auc=0.8940

============================================================
Training minesweeper GT-sep 1L h=256 lr=0.0001 split=8
============================================================
Training for 5000 steps
Step    1 | loss 0.5963 | val_acc=0.8000 val_roc_auc=0.5321 val_loss=0.5098 val_metric_name=roc_auc val_metric=0.5321
Step   50 | loss 0.3664 | val_acc=0.8192 val_roc_auc=0.8606 val_loss=0.3489 val_metric_name=roc_auc val_metric=0.8606
Step  100 | loss 0.3381 | val_acc=0.8452 val_roc_auc=0.8738 val_loss=0.3365 val_metric_name=roc_auc val_metric=0.8738
Step  150 | loss 0.3278 | val_acc=0.8448 val_roc_auc=0.8759 val_loss=0.3340 val_metric_name=roc_auc val_metric=0.8759
Step  200 | loss 0.3277 | val_acc=0.8460 val_roc_auc=0.8768 val_loss=0.3307 val_metric_name=roc_auc val_metric=0.8768
Step  250 | loss 0.3282 | val_acc=0.8452 val_roc_auc=0.8777 val_loss=0.3293 val_metric_name=roc_auc val_metric=0.8777
Step  300 | loss 0.3239 | val_acc=0.8416 val_roc_auc=0.8773 val_loss=0.3293 val_metric_name=roc_auc val_metric=0.8773
Step  350 | loss 0.3266 | val_acc=0.8432 val_roc_auc=0.8782 val_loss=0.3282 val_metric_name=roc_auc val_metric=0.8782
Step  400 | loss 0.3226 | val_acc=0.8440 val_roc_auc=0.8785 val_loss=0.3282 val_metric_name=roc_auc val_metric=0.8785
Step  450 | loss 0.3188 | val_acc=0.8420 val_roc_auc=0.8782 val_loss=0.3294 val_metric_name=roc_auc val_metric=0.8782
Step  500 | loss 0.3224 | val_acc=0.8424 val_roc_auc=0.8795 val_loss=0.3262 val_metric_name=roc_auc val_metric=0.8795
Step  550 | loss 0.3213 | val_acc=0.8432 val_roc_auc=0.8795 val_loss=0.3272 val_metric_name=roc_auc val_metric=0.8795
Step  600 | loss 0.3196 | val_acc=0.8436 val_roc_auc=0.8799 val_loss=0.3268 val_metric_name=roc_auc val_metric=0.8799
Step  650 | loss 0.3187 | val_acc=0.8440 val_roc_auc=0.8809 val_loss=0.3264 val_metric_name=roc_auc val_metric=0.8809
Step  700 | loss 0.3199 | val_acc=0.8424 val_roc_auc=0.8805 val_loss=0.3275 val_metric_name=roc_auc val_metric=0.8805
Step  750 | loss 0.3175 | val_acc=0.8440 val_roc_auc=0.8819 val_loss=0.3278 val_metric_name=roc_auc val_metric=0.8819
Step  800 | loss 0.3172 | val_acc=0.8440 val_roc_auc=0.8793 val_loss=0.3307 val_metric_name=roc_auc val_metric=0.8793
Step  850 | loss 0.3209 | val_acc=0.8440 val_roc_auc=0.8821 val_loss=0.3278 val_metric_name=roc_auc val_metric=0.8821
Step  900 | loss 0.3162 | val_acc=0.8412 val_roc_auc=0.8819 val_loss=0.3288 val_metric_name=roc_auc val_metric=0.8819
Step  950 | loss 0.3171 | val_acc=0.8416 val_roc_auc=0.8799 val_loss=0.3325 val_metric_name=roc_auc val_metric=0.8799
Step 1000 | loss 0.3176 | val_acc=0.8404 val_roc_auc=0.8797 val_loss=0.3346 val_metric_name=roc_auc val_metric=0.8797
Step 1050 | loss 0.3178 | val_acc=0.8404 val_roc_auc=0.8790 val_loss=0.3362 val_metric_name=roc_auc val_metric=0.8790
Step 1100 | loss 0.3163 | val_acc=0.8424 val_roc_auc=0.8781 val_loss=0.3356 val_metric_name=roc_auc val_metric=0.8781
Step 1150 | loss 0.3182 | val_acc=0.8416 val_roc_auc=0.8760 val_loss=0.3381 val_metric_name=roc_auc val_metric=0.8760
Step 1200 | loss 0.3172 | val_acc=0.8408 val_roc_auc=0.8787 val_loss=0.3371 val_metric_name=roc_auc val_metric=0.8787
Early stopping at step 1246

--- Final (best ckpt @ step 760) ---
  train_acc=0.8414 train_roc_auc=0.8854 train_loss=0.3124 train_metric_name=roc_auc train_metric=0.8854
  val_acc=0.8400 val_roc_auc=0.8822 val_loss=0.3260 val_metric_name=roc_auc val_metric=0.8822
  test_acc=0.8504 test_roc_auc=0.8943 test_loss=0.3075 test_metric_name=roc_auc test_metric=0.8943
  test_roc_auc=0.8943

============================================================
Training minesweeper GT-sep 1L h=256 lr=1e-05 split=8
============================================================
Training for 5000 steps
Step    1 | loss 0.5963 | val_acc=0.8000 val_roc_auc=0.5167 val_loss=0.5516 val_metric_name=roc_auc val_metric=0.5167
Step   50 | loss 0.4972 | val_acc=0.8000 val_roc_auc=0.7444 val_loss=0.4993 val_metric_name=roc_auc val_metric=0.7444
Step  100 | loss 0.4850 | val_acc=0.8000 val_roc_auc=0.7876 val_loss=0.4795 val_metric_name=roc_auc val_metric=0.7876
Step  150 | loss 0.4581 | val_acc=0.8000 val_roc_auc=0.8283 val_loss=0.4423 val_metric_name=roc_auc val_metric=0.8283
Step  200 | loss 0.4186 | val_acc=0.8060 val_roc_auc=0.8449 val_loss=0.3918 val_metric_name=roc_auc val_metric=0.8449
Step  250 | loss 0.3916 | val_acc=0.8156 val_roc_auc=0.8533 val_loss=0.3606 val_metric_name=roc_auc val_metric=0.8533
Step  300 | loss 0.3699 | val_acc=0.8192 val_roc_auc=0.8607 val_loss=0.3479 val_metric_name=roc_auc val_metric=0.8607
Step  350 | loss 0.3610 | val_acc=0.8256 val_roc_auc=0.8663 val_loss=0.3421 val_metric_name=roc_auc val_metric=0.8663
Step  400 | loss 0.3508 | val_acc=0.8256 val_roc_auc=0.8695 val_loss=0.3388 val_metric_name=roc_auc val_metric=0.8695
Step  450 | loss 0.3463 | val_acc=0.8288 val_roc_auc=0.8708 val_loss=0.3371 val_metric_name=roc_auc val_metric=0.8708
Step  500 | loss 0.3464 | val_acc=0.8344 val_roc_auc=0.8718 val_loss=0.3365 val_metric_name=roc_auc val_metric=0.8718
Step  550 | loss 0.3416 | val_acc=0.8380 val_roc_auc=0.8730 val_loss=0.3365 val_metric_name=roc_auc val_metric=0.8730
Step  600 | loss 0.3414 | val_acc=0.8392 val_roc_auc=0.8736 val_loss=0.3372 val_metric_name=roc_auc val_metric=0.8736
Step  650 | loss 0.3412 | val_acc=0.8400 val_roc_auc=0.8739 val_loss=0.3376 val_metric_name=roc_auc val_metric=0.8739
Step  700 | loss 0.3354 | val_acc=0.8416 val_roc_auc=0.8745 val_loss=0.3374 val_metric_name=roc_auc val_metric=0.8745
Step  750 | loss 0.3291 | val_acc=0.8424 val_roc_auc=0.8749 val_loss=0.3372 val_metric_name=roc_auc val_metric=0.8749
Step  800 | loss 0.3332 | val_acc=0.8428 val_roc_auc=0.8750 val_loss=0.3378 val_metric_name=roc_auc val_metric=0.8750
Step  850 | loss 0.3341 | val_acc=0.8436 val_roc_auc=0.8754 val_loss=0.3376 val_metric_name=roc_auc val_metric=0.8754
Step  900 | loss 0.3319 | val_acc=0.8444 val_roc_auc=0.8756 val_loss=0.3369 val_metric_name=roc_auc val_metric=0.8756
Step  950 | loss 0.3318 | val_acc=0.8432 val_roc_auc=0.8755 val_loss=0.3366 val_metric_name=roc_auc val_metric=0.8755
Step 1000 | loss 0.3314 | val_acc=0.8432 val_roc_auc=0.8761 val_loss=0.3359 val_metric_name=roc_auc val_metric=0.8761
Step 1050 | loss 0.3321 | val_acc=0.8440 val_roc_auc=0.8760 val_loss=0.3352 val_metric_name=roc_auc val_metric=0.8760
Step 1100 | loss 0.3313 | val_acc=0.8436 val_roc_auc=0.8760 val_loss=0.3352 val_metric_name=roc_auc val_metric=0.8760
Step 1150 | loss 0.3313 | val_acc=0.8448 val_roc_auc=0.8761 val_loss=0.3341 val_metric_name=roc_auc val_metric=0.8761
Step 1200 | loss 0.3295 | val_acc=0.8444 val_roc_auc=0.8766 val_loss=0.3331 val_metric_name=roc_auc val_metric=0.8766
Step 1250 | loss 0.3282 | val_acc=0.8448 val_roc_auc=0.8762 val_loss=0.3344 val_metric_name=roc_auc val_metric=0.8762
Step 1300 | loss 0.3256 | val_acc=0.8444 val_roc_auc=0.8768 val_loss=0.3331 val_metric_name=roc_auc val_metric=0.8768
Step 1350 | loss 0.3265 | val_acc=0.8448 val_roc_auc=0.8768 val_loss=0.3329 val_metric_name=roc_auc val_metric=0.8768
Step 1400 | loss 0.3255 | val_acc=0.8444 val_roc_auc=0.8771 val_loss=0.3324 val_metric_name=roc_auc val_metric=0.8771
Step 1450 | loss 0.3308 | val_acc=0.8456 val_roc_auc=0.8773 val_loss=0.3318 val_metric_name=roc_auc val_metric=0.8773
Step 1500 | loss 0.3308 | val_acc=0.8452 val_roc_auc=0.8770 val_loss=0.3321 val_metric_name=roc_auc val_metric=0.8770
Step 1550 | loss 0.3272 | val_acc=0.8440 val_roc_auc=0.8774 val_loss=0.3315 val_metric_name=roc_auc val_metric=0.8774
Step 1600 | loss 0.3285 | val_acc=0.8452 val_roc_auc=0.8771 val_loss=0.3319 val_metric_name=roc_auc val_metric=0.8771
Step 1650 | loss 0.3247 | val_acc=0.8436 val_roc_auc=0.8776 val_loss=0.3309 val_metric_name=roc_auc val_metric=0.8776
Step 1700 | loss 0.3279 | val_acc=0.8448 val_roc_auc=0.8773 val_loss=0.3314 val_metric_name=roc_auc val_metric=0.8773
Step 1750 | loss 0.3242 | val_acc=0.8444 val_roc_auc=0.8778 val_loss=0.3308 val_metric_name=roc_auc val_metric=0.8778
Step 1800 | loss 0.3244 | val_acc=0.8436 val_roc_auc=0.8779 val_loss=0.3301 val_metric_name=roc_auc val_metric=0.8779
Step 1850 | loss 0.3263 | val_acc=0.8440 val_roc_auc=0.8778 val_loss=0.3307 val_metric_name=roc_auc val_metric=0.8778
Step 1900 | loss 0.3299 | val_acc=0.8440 val_roc_auc=0.8779 val_loss=0.3301 val_metric_name=roc_auc val_metric=0.8779
Step 1950 | loss 0.3252 | val_acc=0.8452 val_roc_auc=0.8781 val_loss=0.3299 val_metric_name=roc_auc val_metric=0.8781
Step 2000 | loss 0.3274 | val_acc=0.8460 val_roc_auc=0.8782 val_loss=0.3293 val_metric_name=roc_auc val_metric=0.8782
Step 2050 | loss 0.3252 | val_acc=0.8428 val_roc_auc=0.8777 val_loss=0.3300 val_metric_name=roc_auc val_metric=0.8777
Step 2100 | loss 0.3265 | val_acc=0.8448 val_roc_auc=0.8781 val_loss=0.3291 val_metric_name=roc_auc val_metric=0.8781
Step 2150 | loss 0.3255 | val_acc=0.8436 val_roc_auc=0.8783 val_loss=0.3292 val_metric_name=roc_auc val_metric=0.8783
Step 2200 | loss 0.3246 | val_acc=0.8444 val_roc_auc=0.8785 val_loss=0.3286 val_metric_name=roc_auc val_metric=0.8785
Step 2250 | loss 0.3250 | val_acc=0.8452 val_roc_auc=0.8788 val_loss=0.3280 val_metric_name=roc_auc val_metric=0.8788
Step 2300 | loss 0.3259 | val_acc=0.8440 val_roc_auc=0.8786 val_loss=0.3283 val_metric_name=roc_auc val_metric=0.8786
Step 2350 | loss 0.3239 | val_acc=0.8444 val_roc_auc=0.8788 val_loss=0.3281 val_metric_name=roc_auc val_metric=0.8788
Step 2400 | loss 0.3267 | val_acc=0.8440 val_roc_auc=0.8789 val_loss=0.3278 val_metric_name=roc_auc val_metric=0.8789
Step 2450 | loss 0.3231 | val_acc=0.8448 val_roc_auc=0.8792 val_loss=0.3270 val_metric_name=roc_auc val_metric=0.8792
Step 2500 | loss 0.3213 | val_acc=0.8452 val_roc_auc=0.8785 val_loss=0.3283 val_metric_name=roc_auc val_metric=0.8785
Step 2550 | loss 0.3261 | val_acc=0.8452 val_roc_auc=0.8784 val_loss=0.3284 val_metric_name=roc_auc val_metric=0.8784
Step 2600 | loss 0.3222 | val_acc=0.8452 val_roc_auc=0.8789 val_loss=0.3277 val_metric_name=roc_auc val_metric=0.8789
Step 2650 | loss 0.3252 | val_acc=0.8456 val_roc_auc=0.8787 val_loss=0.3278 val_metric_name=roc_auc val_metric=0.8787
Step 2700 | loss 0.3236 | val_acc=0.8456 val_roc_auc=0.8790 val_loss=0.3273 val_metric_name=roc_auc val_metric=0.8790
Step 2750 | loss 0.3224 | val_acc=0.8448 val_roc_auc=0.8791 val_loss=0.3274 val_metric_name=roc_auc val_metric=0.8791
Step 2800 | loss 0.3230 | val_acc=0.8448 val_roc_auc=0.8790 val_loss=0.3279 val_metric_name=roc_auc val_metric=0.8790
Step 2850 | loss 0.3212 | val_acc=0.8440 val_roc_auc=0.8789 val_loss=0.3277 val_metric_name=roc_auc val_metric=0.8789
Step 2900 | loss 0.3240 | val_acc=0.8440 val_roc_auc=0.8792 val_loss=0.3273 val_metric_name=roc_auc val_metric=0.8792
Step 2950 | loss 0.3239 | val_acc=0.8440 val_roc_auc=0.8793 val_loss=0.3273 val_metric_name=roc_auc val_metric=0.8793
Step 3000 | loss 0.3241 | val_acc=0.8448 val_roc_auc=0.8794 val_loss=0.3270 val_metric_name=roc_auc val_metric=0.8794
Step 3050 | loss 0.3235 | val_acc=0.8440 val_roc_auc=0.8800 val_loss=0.3270 val_metric_name=roc_auc val_metric=0.8800
Step 3100 | loss 0.3225 | val_acc=0.8432 val_roc_auc=0.8799 val_loss=0.3265 val_metric_name=roc_auc val_metric=0.8799
Step 3150 | loss 0.3202 | val_acc=0.8432 val_roc_auc=0.8796 val_loss=0.3267 val_metric_name=roc_auc val_metric=0.8796
Step 3200 | loss 0.3204 | val_acc=0.8440 val_roc_auc=0.8800 val_loss=0.3263 val_metric_name=roc_auc val_metric=0.8800
Step 3250 | loss 0.3207 | val_acc=0.8448 val_roc_auc=0.8798 val_loss=0.3268 val_metric_name=roc_auc val_metric=0.8798
Step 3300 | loss 0.3236 | val_acc=0.8432 val_roc_auc=0.8798 val_loss=0.3268 val_metric_name=roc_auc val_metric=0.8798
Step 3350 | loss 0.3200 | val_acc=0.8428 val_roc_auc=0.8800 val_loss=0.3267 val_metric_name=roc_auc val_metric=0.8800
Step 3400 | loss 0.3196 | val_acc=0.8432 val_roc_auc=0.8798 val_loss=0.3266 val_metric_name=roc_auc val_metric=0.8798
Step 3450 | loss 0.3207 | val_acc=0.8424 val_roc_auc=0.8803 val_loss=0.3265 val_metric_name=roc_auc val_metric=0.8803
Step 3500 | loss 0.3242 | val_acc=0.8428 val_roc_auc=0.8800 val_loss=0.3265 val_metric_name=roc_auc val_metric=0.8800
Step 3550 | loss 0.3206 | val_acc=0.8432 val_roc_auc=0.8808 val_loss=0.3258 val_metric_name=roc_auc val_metric=0.8808
Step 3600 | loss 0.3222 | val_acc=0.8428 val_roc_auc=0.8797 val_loss=0.3277 val_metric_name=roc_auc val_metric=0.8797
Step 3650 | loss 0.3206 | val_acc=0.8432 val_roc_auc=0.8803 val_loss=0.3265 val_metric_name=roc_auc val_metric=0.8803
Step 3700 | loss 0.3226 | val_acc=0.8432 val_roc_auc=0.8802 val_loss=0.3264 val_metric_name=roc_auc val_metric=0.8802
Step 3750 | loss 0.3195 | val_acc=0.8432 val_roc_auc=0.8804 val_loss=0.3265 val_metric_name=roc_auc val_metric=0.8804
Step 3800 | loss 0.3232 | val_acc=0.8432 val_roc_auc=0.8802 val_loss=0.3266 val_metric_name=roc_auc val_metric=0.8802
Step 3850 | loss 0.3234 | val_acc=0.8428 val_roc_auc=0.8806 val_loss=0.3263 val_metric_name=roc_auc val_metric=0.8806
Early stopping at step 3850

--- Final (best ckpt @ step 3550) ---
  train_acc=0.8400 train_roc_auc=0.8833 train_loss=0.3162 train_metric_name=roc_auc train_metric=0.8833
  val_acc=0.8432 val_roc_auc=0.8808 val_loss=0.3258 val_metric_name=roc_auc val_metric=0.8808
  test_acc=0.8516 test_roc_auc=0.8948 test_loss=0.3078 test_metric_name=roc_auc test_metric=0.8948
  test_roc_auc=0.8948

============================================================
Training minesweeper GT-sep 1L h=384 lr=3e-05 split=8
============================================================
Training for 5000 steps
Step    1 | loss 0.5842 | val_acc=0.8000 val_roc_auc=0.5023 val_loss=0.5106 val_metric_name=roc_auc val_metric=0.5023
Step   50 | loss 0.4377 | val_acc=0.8000 val_roc_auc=0.8381 val_loss=0.4099 val_metric_name=roc_auc val_metric=0.8381
Step  100 | loss 0.3542 | val_acc=0.8312 val_roc_auc=0.8700 val_loss=0.3397 val_metric_name=roc_auc val_metric=0.8700
Step  150 | loss 0.3385 | val_acc=0.8420 val_roc_auc=0.8735 val_loss=0.3376 val_metric_name=roc_auc val_metric=0.8735
Step  200 | loss 0.3298 | val_acc=0.8448 val_roc_auc=0.8745 val_loss=0.3391 val_metric_name=roc_auc val_metric=0.8745
Step  250 | loss 0.3303 | val_acc=0.8440 val_roc_auc=0.8758 val_loss=0.3382 val_metric_name=roc_auc val_metric=0.8758
Step  300 | loss 0.3288 | val_acc=0.8424 val_roc_auc=0.8766 val_loss=0.3352 val_metric_name=roc_auc val_metric=0.8766
Step  350 | loss 0.3287 | val_acc=0.8408 val_roc_auc=0.8766 val_loss=0.3344 val_metric_name=roc_auc val_metric=0.8766
Step  400 | loss 0.3241 | val_acc=0.8416 val_roc_auc=0.8773 val_loss=0.3326 val_metric_name=roc_auc val_metric=0.8773
Step  450 | loss 0.3245 | val_acc=0.8416 val_roc_auc=0.8778 val_loss=0.3311 val_metric_name=roc_auc val_metric=0.8778
Step  500 | loss 0.3244 | val_acc=0.8412 val_roc_auc=0.8774 val_loss=0.3317 val_metric_name=roc_auc val_metric=0.8774
Step  550 | loss 0.3234 | val_acc=0.8412 val_roc_auc=0.8771 val_loss=0.3325 val_metric_name=roc_auc val_metric=0.8771
Step  600 | loss 0.3237 | val_acc=0.8416 val_roc_auc=0.8773 val_loss=0.3315 val_metric_name=roc_auc val_metric=0.8773
Step  650 | loss 0.3228 | val_acc=0.8412 val_roc_auc=0.8777 val_loss=0.3309 val_metric_name=roc_auc val_metric=0.8777
Step  700 | loss 0.3211 | val_acc=0.8408 val_roc_auc=0.8784 val_loss=0.3287 val_metric_name=roc_auc val_metric=0.8784
Step  750 | loss 0.3229 | val_acc=0.8408 val_roc_auc=0.8767 val_loss=0.3329 val_metric_name=roc_auc val_metric=0.8767
Step  800 | loss 0.3240 | val_acc=0.8400 val_roc_auc=0.8775 val_loss=0.3304 val_metric_name=roc_auc val_metric=0.8775
Step  850 | loss 0.3229 | val_acc=0.8420 val_roc_auc=0.8783 val_loss=0.3294 val_metric_name=roc_auc val_metric=0.8783
Step  900 | loss 0.3187 | val_acc=0.8416 val_roc_auc=0.8778 val_loss=0.3300 val_metric_name=roc_auc val_metric=0.8778
Step  950 | loss 0.3175 | val_acc=0.8396 val_roc_auc=0.8779 val_loss=0.3298 val_metric_name=roc_auc val_metric=0.8779
Step 1000 | loss 0.3190 | val_acc=0.8416 val_roc_auc=0.8778 val_loss=0.3302 val_metric_name=roc_auc val_metric=0.8778
Step 1050 | loss 0.3218 | val_acc=0.8396 val_roc_auc=0.8775 val_loss=0.3306 val_metric_name=roc_auc val_metric=0.8775
Step 1100 | loss 0.3210 | val_acc=0.8416 val_roc_auc=0.8777 val_loss=0.3300 val_metric_name=roc_auc val_metric=0.8777
Step 1150 | loss 0.3192 | val_acc=0.8404 val_roc_auc=0.8782 val_loss=0.3308 val_metric_name=roc_auc val_metric=0.8782
Step 1200 | loss 0.3192 | val_acc=0.8436 val_roc_auc=0.8792 val_loss=0.3295 val_metric_name=roc_auc val_metric=0.8792
Step 1250 | loss 0.3180 | val_acc=0.8392 val_roc_auc=0.8774 val_loss=0.3328 val_metric_name=roc_auc val_metric=0.8774
Step 1300 | loss 0.3168 | val_acc=0.8412 val_roc_auc=0.8786 val_loss=0.3302 val_metric_name=roc_auc val_metric=0.8786
Step 1350 | loss 0.3210 | val_acc=0.8408 val_roc_auc=0.8797 val_loss=0.3291 val_metric_name=roc_auc val_metric=0.8797
Step 1400 | loss 0.3180 | val_acc=0.8412 val_roc_auc=0.8789 val_loss=0.3306 val_metric_name=roc_auc val_metric=0.8789
Step 1450 | loss 0.3207 | val_acc=0.8428 val_roc_auc=0.8797 val_loss=0.3293 val_metric_name=roc_auc val_metric=0.8797
Step 1500 | loss 0.3174 | val_acc=0.8412 val_roc_auc=0.8784 val_loss=0.3325 val_metric_name=roc_auc val_metric=0.8784
Step 1550 | loss 0.3161 | val_acc=0.8420 val_roc_auc=0.8803 val_loss=0.3296 val_metric_name=roc_auc val_metric=0.8803
Step 1600 | loss 0.3167 | val_acc=0.8408 val_roc_auc=0.8801 val_loss=0.3293 val_metric_name=roc_auc val_metric=0.8801
Step 1650 | loss 0.3173 | val_acc=0.8404 val_roc_auc=0.8769 val_loss=0.3357 val_metric_name=roc_auc val_metric=0.8769
Step 1700 | loss 0.3172 | val_acc=0.8404 val_roc_auc=0.8794 val_loss=0.3313 val_metric_name=roc_auc val_metric=0.8794
Step 1750 | loss 0.3192 | val_acc=0.8396 val_roc_auc=0.8794 val_loss=0.3314 val_metric_name=roc_auc val_metric=0.8794
Step 1800 | loss 0.3152 | val_acc=0.8416 val_roc_auc=0.8804 val_loss=0.3294 val_metric_name=roc_auc val_metric=0.8804
Step 1850 | loss 0.3182 | val_acc=0.8412 val_roc_auc=0.8801 val_loss=0.3318 val_metric_name=roc_auc val_metric=0.8801
Step 1900 | loss 0.3202 | val_acc=0.8396 val_roc_auc=0.8798 val_loss=0.3333 val_metric_name=roc_auc val_metric=0.8798
Step 1950 | loss 0.3141 | val_acc=0.8408 val_roc_auc=0.8785 val_loss=0.3337 val_metric_name=roc_auc val_metric=0.8785
Step 2000 | loss 0.3153 | val_acc=0.8400 val_roc_auc=0.8796 val_loss=0.3330 val_metric_name=roc_auc val_metric=0.8796
Step 2050 | loss 0.3182 | val_acc=0.8392 val_roc_auc=0.8788 val_loss=0.3361 val_metric_name=roc_auc val_metric=0.8788
Step 2100 | loss 0.3152 | val_acc=0.8400 val_roc_auc=0.8782 val_loss=0.3356 val_metric_name=roc_auc val_metric=0.8782
Early stopping at step 2130

--- Final (best ckpt @ step 1830) ---
  train_acc=0.8430 train_roc_auc=0.8862 train_loss=0.3106 train_metric_name=roc_auc train_metric=0.8862
  val_acc=0.8408 val_roc_auc=0.8805 val_loss=0.3309 val_metric_name=roc_auc val_metric=0.8805
  test_acc=0.8480 test_roc_auc=0.8924 test_loss=0.3142 test_metric_name=roc_auc test_metric=0.8924
  test_roc_auc=0.8924

============================================================
Training minesweeper GT-sep 1L h=384 lr=6e-05 split=8
============================================================
Training for 5000 steps
Step    1 | loss 0.5842 | val_acc=0.8000 val_roc_auc=0.5135 val_loss=0.5073 val_metric_name=roc_auc val_metric=0.5135
Step   50 | loss 0.3719 | val_acc=0.8288 val_roc_auc=0.8625 val_loss=0.3525 val_metric_name=roc_auc val_metric=0.8625
Step  100 | loss 0.3382 | val_acc=0.8416 val_roc_auc=0.8733 val_loss=0.3389 val_metric_name=roc_auc val_metric=0.8733
Step  150 | loss 0.3304 | val_acc=0.8448 val_roc_auc=0.8757 val_loss=0.3353 val_metric_name=roc_auc val_metric=0.8757
Step  200 | loss 0.3252 | val_acc=0.8428 val_roc_auc=0.8758 val_loss=0.3360 val_metric_name=roc_auc val_metric=0.8758
Step  250 | loss 0.3262 | val_acc=0.8412 val_roc_auc=0.8765 val_loss=0.3348 val_metric_name=roc_auc val_metric=0.8765
Step  300 | loss 0.3244 | val_acc=0.8404 val_roc_auc=0.8762 val_loss=0.3340 val_metric_name=roc_auc val_metric=0.8762
Step  350 | loss 0.3252 | val_acc=0.8428 val_roc_auc=0.8777 val_loss=0.3297 val_metric_name=roc_auc val_metric=0.8777
Step  400 | loss 0.3205 | val_acc=0.8412 val_roc_auc=0.8778 val_loss=0.3298 val_metric_name=roc_auc val_metric=0.8778
Step  450 | loss 0.3214 | val_acc=0.8424 val_roc_auc=0.8786 val_loss=0.3293 val_metric_name=roc_auc val_metric=0.8786
Step  500 | loss 0.3214 | val_acc=0.8412 val_roc_auc=0.8776 val_loss=0.3303 val_metric_name=roc_auc val_metric=0.8776
Step  550 | loss 0.3200 | val_acc=0.8432 val_roc_auc=0.8786 val_loss=0.3279 val_metric_name=roc_auc val_metric=0.8786
Step  600 | loss 0.3200 | val_acc=0.8424 val_roc_auc=0.8777 val_loss=0.3288 val_metric_name=roc_auc val_metric=0.8777
Step  650 | loss 0.3199 | val_acc=0.8412 val_roc_auc=0.8782 val_loss=0.3305 val_metric_name=roc_auc val_metric=0.8782
Step  700 | loss 0.3177 | val_acc=0.8416 val_roc_auc=0.8785 val_loss=0.3295 val_metric_name=roc_auc val_metric=0.8785
Step  750 | loss 0.3196 | val_acc=0.8412 val_roc_auc=0.8790 val_loss=0.3290 val_metric_name=roc_auc val_metric=0.8790
Step  800 | loss 0.3205 | val_acc=0.8396 val_roc_auc=0.8771 val_loss=0.3335 val_metric_name=roc_auc val_metric=0.8771
Step  850 | loss 0.3197 | val_acc=0.8428 val_roc_auc=0.8794 val_loss=0.3299 val_metric_name=roc_auc val_metric=0.8794
Step  900 | loss 0.3149 | val_acc=0.8412 val_roc_auc=0.8784 val_loss=0.3321 val_metric_name=roc_auc val_metric=0.8784
Step  950 | loss 0.3147 | val_acc=0.8392 val_roc_auc=0.8801 val_loss=0.3292 val_metric_name=roc_auc val_metric=0.8801
Step 1000 | loss 0.3160 | val_acc=0.8388 val_roc_auc=0.8785 val_loss=0.3326 val_metric_name=roc_auc val_metric=0.8785
Step 1050 | loss 0.3181 | val_acc=0.8412 val_roc_auc=0.8803 val_loss=0.3290 val_metric_name=roc_auc val_metric=0.8803
Step 1100 | loss 0.3180 | val_acc=0.8412 val_roc_auc=0.8785 val_loss=0.3333 val_metric_name=roc_auc val_metric=0.8785
Step 1150 | loss 0.3156 | val_acc=0.8400 val_roc_auc=0.8787 val_loss=0.3368 val_metric_name=roc_auc val_metric=0.8787
Step 1200 | loss 0.3162 | val_acc=0.8396 val_roc_auc=0.8791 val_loss=0.3344 val_metric_name=roc_auc val_metric=0.8791
Step 1250 | loss 0.3155 | val_acc=0.8384 val_roc_auc=0.8754 val_loss=0.3412 val_metric_name=roc_auc val_metric=0.8754
Step 1300 | loss 0.3137 | val_acc=0.8384 val_roc_auc=0.8782 val_loss=0.3353 val_metric_name=roc_auc val_metric=0.8782
Step 1350 | loss 0.3181 | val_acc=0.8400 val_roc_auc=0.8786 val_loss=0.3375 val_metric_name=roc_auc val_metric=0.8786
Step 1400 | loss 0.3145 | val_acc=0.8408 val_roc_auc=0.8767 val_loss=0.3382 val_metric_name=roc_auc val_metric=0.8767
Step 1450 | loss 0.3164 | val_acc=0.8368 val_roc_auc=0.8768 val_loss=0.3412 val_metric_name=roc_auc val_metric=0.8768
Step 1500 | loss 0.3147 | val_acc=0.8388 val_roc_auc=0.8769 val_loss=0.3404 val_metric_name=roc_auc val_metric=0.8769
Step 1550 | loss 0.3127 | val_acc=0.8372 val_roc_auc=0.8790 val_loss=0.3350 val_metric_name=roc_auc val_metric=0.8790
Step 1600 | loss 0.3141 | val_acc=0.8368 val_roc_auc=0.8779 val_loss=0.3388 val_metric_name=roc_auc val_metric=0.8779
Step 1650 | loss 0.3145 | val_acc=0.8352 val_roc_auc=0.8748 val_loss=0.3451 val_metric_name=roc_auc val_metric=0.8748
Early stopping at step 1669

--- Final (best ckpt @ step 1130) ---
  train_acc=0.8436 train_roc_auc=0.8865 train_loss=0.3100 train_metric_name=roc_auc train_metric=0.8865
  val_acc=0.8408 val_roc_auc=0.8805 val_loss=0.3297 val_metric_name=roc_auc val_metric=0.8805
  test_acc=0.8480 test_roc_auc=0.8925 test_loss=0.3142 test_metric_name=roc_auc test_metric=0.8925
  test_roc_auc=0.8925

============================================================
Training minesweeper GT-sep 1L h=384 lr=0.0001 split=8
============================================================
Training for 5000 steps
Step    1 | loss 0.5842 | val_acc=0.8000 val_roc_auc=0.5336 val_loss=0.5402 val_metric_name=roc_auc val_metric=0.5336
Step   50 | loss 0.3506 | val_acc=0.8316 val_roc_auc=0.8698 val_loss=0.3389 val_metric_name=roc_auc val_metric=0.8698
Step  100 | loss 0.3331 | val_acc=0.8432 val_roc_auc=0.8748 val_loss=0.3359 val_metric_name=roc_auc val_metric=0.8748
Step  150 | loss 0.3275 | val_acc=0.8440 val_roc_auc=0.8771 val_loss=0.3307 val_metric_name=roc_auc val_metric=0.8771
Step  200 | loss 0.3228 | val_acc=0.8400 val_roc_auc=0.8768 val_loss=0.3325 val_metric_name=roc_auc val_metric=0.8768
Step  250 | loss 0.3243 | val_acc=0.8424 val_roc_auc=0.8771 val_loss=0.3316 val_metric_name=roc_auc val_metric=0.8771
Step  300 | loss 0.3223 | val_acc=0.8396 val_roc_auc=0.8764 val_loss=0.3329 val_metric_name=roc_auc val_metric=0.8764
Step  350 | loss 0.3232 | val_acc=0.8424 val_roc_auc=0.8784 val_loss=0.3286 val_metric_name=roc_auc val_metric=0.8784
Step  400 | loss 0.3182 | val_acc=0.8408 val_roc_auc=0.8780 val_loss=0.3285 val_metric_name=roc_auc val_metric=0.8780
Step  450 | loss 0.3187 | val_acc=0.8428 val_roc_auc=0.8793 val_loss=0.3291 val_metric_name=roc_auc val_metric=0.8793
Step  500 | loss 0.3188 | val_acc=0.8412 val_roc_auc=0.8776 val_loss=0.3298 val_metric_name=roc_auc val_metric=0.8776
Step  550 | loss 0.3180 | val_acc=0.8436 val_roc_auc=0.8799 val_loss=0.3293 val_metric_name=roc_auc val_metric=0.8799
Step  600 | loss 0.3181 | val_acc=0.8376 val_roc_auc=0.8785 val_loss=0.3313 val_metric_name=roc_auc val_metric=0.8785
Step  650 | loss 0.3173 | val_acc=0.8416 val_roc_auc=0.8786 val_loss=0.3331 val_metric_name=roc_auc val_metric=0.8786
Step  700 | loss 0.3156 | val_acc=0.8420 val_roc_auc=0.8784 val_loss=0.3347 val_metric_name=roc_auc val_metric=0.8784
Step  750 | loss 0.3182 | val_acc=0.8416 val_roc_auc=0.8801 val_loss=0.3306 val_metric_name=roc_auc val_metric=0.8801
Step  800 | loss 0.3200 | val_acc=0.8388 val_roc_auc=0.8763 val_loss=0.3377 val_metric_name=roc_auc val_metric=0.8763
Step  850 | loss 0.3177 | val_acc=0.8408 val_roc_auc=0.8792 val_loss=0.3332 val_metric_name=roc_auc val_metric=0.8792
Step  900 | loss 0.3121 | val_acc=0.8388 val_roc_auc=0.8771 val_loss=0.3393 val_metric_name=roc_auc val_metric=0.8771
Step  950 | loss 0.3128 | val_acc=0.8376 val_roc_auc=0.8786 val_loss=0.3355 val_metric_name=roc_auc val_metric=0.8786
Step 1000 | loss 0.3139 | val_acc=0.8348 val_roc_auc=0.8759 val_loss=0.3392 val_metric_name=roc_auc val_metric=0.8759
Step 1050 | loss 0.3153 | val_acc=0.8356 val_roc_auc=0.8754 val_loss=0.3397 val_metric_name=roc_auc val_metric=0.8754
Early stopping at step 1060

--- Final (best ckpt @ step 760) ---
  train_acc=0.8448 train_roc_auc=0.8865 train_loss=0.3104 train_metric_name=roc_auc train_metric=0.8865
  val_acc=0.8408 val_roc_auc=0.8806 val_loss=0.3291 val_metric_name=roc_auc val_metric=0.8806
  test_acc=0.8460 test_roc_auc=0.8926 test_loss=0.3133 test_metric_name=roc_auc test_metric=0.8926
  test_roc_auc=0.8926

============================================================
Training minesweeper GT-sep 1L h=384 lr=1e-05 split=8
============================================================
Training for 5000 steps
Step    1 | loss 0.5842 | val_acc=0.8000 val_roc_auc=0.4940 val_loss=0.5308 val_metric_name=roc_auc val_metric=0.4940
Step   50 | loss 0.4927 | val_acc=0.8000 val_roc_auc=0.7434 val_loss=0.4915 val_metric_name=roc_auc val_metric=0.7434
Step  100 | loss 0.4561 | val_acc=0.8000 val_roc_auc=0.8225 val_loss=0.4402 val_metric_name=roc_auc val_metric=0.8225
Step  150 | loss 0.3979 | val_acc=0.8132 val_roc_auc=0.8560 val_loss=0.3677 val_metric_name=roc_auc val_metric=0.8560
Step  200 | loss 0.3608 | val_acc=0.8304 val_roc_auc=0.8659 val_loss=0.3455 val_metric_name=roc_auc val_metric=0.8659
Step  250 | loss 0.3520 | val_acc=0.8304 val_roc_auc=0.8704 val_loss=0.3390 val_metric_name=roc_auc val_metric=0.8704
Step  300 | loss 0.3474 | val_acc=0.8376 val_roc_auc=0.8726 val_loss=0.3375 val_metric_name=roc_auc val_metric=0.8726
Step  350 | loss 0.3417 | val_acc=0.8432 val_roc_auc=0.8733 val_loss=0.3386 val_metric_name=roc_auc val_metric=0.8733
Step  400 | loss 0.3352 | val_acc=0.8420 val_roc_auc=0.8736 val_loss=0.3393 val_metric_name=roc_auc val_metric=0.8736
Step  450 | loss 0.3342 | val_acc=0.8424 val_roc_auc=0.8741 val_loss=0.3396 val_metric_name=roc_auc val_metric=0.8741
Step  500 | loss 0.3323 | val_acc=0.8424 val_roc_auc=0.8740 val_loss=0.3410 val_metric_name=roc_auc val_metric=0.8740
Step  550 | loss 0.3315 | val_acc=0.8440 val_roc_auc=0.8748 val_loss=0.3400 val_metric_name=roc_auc val_metric=0.8748
Step  600 | loss 0.3308 | val_acc=0.8448 val_roc_auc=0.8758 val_loss=0.3384 val_metric_name=roc_auc val_metric=0.8758
Step  650 | loss 0.3291 | val_acc=0.8424 val_roc_auc=0.8759 val_loss=0.3382 val_metric_name=roc_auc val_metric=0.8759
Step  700 | loss 0.3284 | val_acc=0.8448 val_roc_auc=0.8765 val_loss=0.3367 val_metric_name=roc_auc val_metric=0.8765
Step  750 | loss 0.3294 | val_acc=0.8452 val_roc_auc=0.8766 val_loss=0.3366 val_metric_name=roc_auc val_metric=0.8766
Step  800 | loss 0.3305 | val_acc=0.8416 val_roc_auc=0.8765 val_loss=0.3367 val_metric_name=roc_auc val_metric=0.8765
Step  850 | loss 0.3300 | val_acc=0.8416 val_roc_auc=0.8762 val_loss=0.3367 val_metric_name=roc_auc val_metric=0.8762
Step  900 | loss 0.3254 | val_acc=0.8416 val_roc_auc=0.8766 val_loss=0.3358 val_metric_name=roc_auc val_metric=0.8766
Step  950 | loss 0.3231 | val_acc=0.8424 val_roc_auc=0.8766 val_loss=0.3358 val_metric_name=roc_auc val_metric=0.8766
Step 1000 | loss 0.3248 | val_acc=0.8428 val_roc_auc=0.8771 val_loss=0.3337 val_metric_name=roc_auc val_metric=0.8771
Step 1050 | loss 0.3278 | val_acc=0.8420 val_roc_auc=0.8772 val_loss=0.3340 val_metric_name=roc_auc val_metric=0.8772
Step 1100 | loss 0.3272 | val_acc=0.8420 val_roc_auc=0.8770 val_loss=0.3331 val_metric_name=roc_auc val_metric=0.8770
Step 1150 | loss 0.3263 | val_acc=0.8412 val_roc_auc=0.8774 val_loss=0.3335 val_metric_name=roc_auc val_metric=0.8774
Step 1200 | loss 0.3246 | val_acc=0.8412 val_roc_auc=0.8771 val_loss=0.3335 val_metric_name=roc_auc val_metric=0.8771
Step 1250 | loss 0.3244 | val_acc=0.8412 val_roc_auc=0.8772 val_loss=0.3331 val_metric_name=roc_auc val_metric=0.8772
Step 1300 | loss 0.3231 | val_acc=0.8412 val_roc_auc=0.8774 val_loss=0.3334 val_metric_name=roc_auc val_metric=0.8774
Step 1350 | loss 0.3264 | val_acc=0.8416 val_roc_auc=0.8775 val_loss=0.3326 val_metric_name=roc_auc val_metric=0.8775
Step 1400 | loss 0.3252 | val_acc=0.8416 val_roc_auc=0.8777 val_loss=0.3309 val_metric_name=roc_auc val_metric=0.8777
Step 1450 | loss 0.3276 | val_acc=0.8420 val_roc_auc=0.8778 val_loss=0.3304 val_metric_name=roc_auc val_metric=0.8778
Step 1500 | loss 0.3228 | val_acc=0.8416 val_roc_auc=0.8773 val_loss=0.3315 val_metric_name=roc_auc val_metric=0.8773
Step 1550 | loss 0.3223 | val_acc=0.8416 val_roc_auc=0.8776 val_loss=0.3317 val_metric_name=roc_auc val_metric=0.8776
Step 1600 | loss 0.3221 | val_acc=0.8408 val_roc_auc=0.8779 val_loss=0.3304 val_metric_name=roc_auc val_metric=0.8779
Step 1650 | loss 0.3231 | val_acc=0.8412 val_roc_auc=0.8780 val_loss=0.3304 val_metric_name=roc_auc val_metric=0.8780
Step 1700 | loss 0.3232 | val_acc=0.8404 val_roc_auc=0.8776 val_loss=0.3313 val_metric_name=roc_auc val_metric=0.8776
Step 1750 | loss 0.3250 | val_acc=0.8404 val_roc_auc=0.8776 val_loss=0.3311 val_metric_name=roc_auc val_metric=0.8776
Step 1800 | loss 0.3223 | val_acc=0.8408 val_roc_auc=0.8779 val_loss=0.3305 val_metric_name=roc_auc val_metric=0.8779
Step 1850 | loss 0.3232 | val_acc=0.8416 val_roc_auc=0.8782 val_loss=0.3299 val_metric_name=roc_auc val_metric=0.8782
Step 1900 | loss 0.3273 | val_acc=0.8408 val_roc_auc=0.8779 val_loss=0.3303 val_metric_name=roc_auc val_metric=0.8779
Step 1950 | loss 0.3190 | val_acc=0.8404 val_roc_auc=0.8780 val_loss=0.3304 val_metric_name=roc_auc val_metric=0.8780
Step 2000 | loss 0.3221 | val_acc=0.8408 val_roc_auc=0.8778 val_loss=0.3303 val_metric_name=roc_auc val_metric=0.8778
Step 2050 | loss 0.3224 | val_acc=0.8420 val_roc_auc=0.8785 val_loss=0.3293 val_metric_name=roc_auc val_metric=0.8785
Step 2100 | loss 0.3224 | val_acc=0.8424 val_roc_auc=0.8783 val_loss=0.3298 val_metric_name=roc_auc val_metric=0.8783
Step 2150 | loss 0.3234 | val_acc=0.8424 val_roc_auc=0.8779 val_loss=0.3301 val_metric_name=roc_auc val_metric=0.8779
Step 2200 | loss 0.3221 | val_acc=0.8400 val_roc_auc=0.8779 val_loss=0.3301 val_metric_name=roc_auc val_metric=0.8779
Step 2250 | loss 0.3228 | val_acc=0.8400 val_roc_auc=0.8779 val_loss=0.3308 val_metric_name=roc_auc val_metric=0.8779
Step 2300 | loss 0.3209 | val_acc=0.8404 val_roc_auc=0.8777 val_loss=0.3310 val_metric_name=roc_auc val_metric=0.8777
Step 2350 | loss 0.3221 | val_acc=0.8424 val_roc_auc=0.8781 val_loss=0.3303 val_metric_name=roc_auc val_metric=0.8781
Step 2400 | loss 0.3173 | val_acc=0.8400 val_roc_auc=0.8779 val_loss=0.3299 val_metric_name=roc_auc val_metric=0.8779
Step 2450 | loss 0.3201 | val_acc=0.8400 val_roc_auc=0.8782 val_loss=0.3306 val_metric_name=roc_auc val_metric=0.8782
Step 2500 | loss 0.3197 | val_acc=0.8416 val_roc_auc=0.8779 val_loss=0.3306 val_metric_name=roc_auc val_metric=0.8779
Step 2550 | loss 0.3217 | val_acc=0.8416 val_roc_auc=0.8778 val_loss=0.3306 val_metric_name=roc_auc val_metric=0.8778
Step 2600 | loss 0.3195 | val_acc=0.8396 val_roc_auc=0.8777 val_loss=0.3315 val_metric_name=roc_auc val_metric=0.8777
Step 2650 | loss 0.3182 | val_acc=0.8416 val_roc_auc=0.8781 val_loss=0.3300 val_metric_name=roc_auc val_metric=0.8781
Step 2700 | loss 0.3217 | val_acc=0.8416 val_roc_auc=0.8782 val_loss=0.3299 val_metric_name=roc_auc val_metric=0.8782
Step 2750 | loss 0.3209 | val_acc=0.8416 val_roc_auc=0.8777 val_loss=0.3312 val_metric_name=roc_auc val_metric=0.8777
Step 2800 | loss 0.3220 | val_acc=0.8420 val_roc_auc=0.8777 val_loss=0.3311 val_metric_name=roc_auc val_metric=0.8777
Step 2850 | loss 0.3196 | val_acc=0.8412 val_roc_auc=0.8778 val_loss=0.3305 val_metric_name=roc_auc val_metric=0.8778
Step 2900 | loss 0.3206 | val_acc=0.8416 val_roc_auc=0.8786 val_loss=0.3302 val_metric_name=roc_auc val_metric=0.8786
Step 2950 | loss 0.3176 | val_acc=0.8416 val_roc_auc=0.8787 val_loss=0.3300 val_metric_name=roc_auc val_metric=0.8787
Step 3000 | loss 0.3202 | val_acc=0.8416 val_roc_auc=0.8787 val_loss=0.3309 val_metric_name=roc_auc val_metric=0.8787
Step 3050 | loss 0.3175 | val_acc=0.8420 val_roc_auc=0.8787 val_loss=0.3305 val_metric_name=roc_auc val_metric=0.8787
Step 3100 | loss 0.3197 | val_acc=0.8412 val_roc_auc=0.8784 val_loss=0.3313 val_metric_name=roc_auc val_metric=0.8784
Step 3150 | loss 0.3190 | val_acc=0.8416 val_roc_auc=0.8790 val_loss=0.3299 val_metric_name=roc_auc val_metric=0.8790
Step 3200 | loss 0.3181 | val_acc=0.8416 val_roc_auc=0.8791 val_loss=0.3307 val_metric_name=roc_auc val_metric=0.8791
Step 3250 | loss 0.3181 | val_acc=0.8416 val_roc_auc=0.8798 val_loss=0.3301 val_metric_name=roc_auc val_metric=0.8798
Step 3300 | loss 0.3206 | val_acc=0.8416 val_roc_auc=0.8794 val_loss=0.3301 val_metric_name=roc_auc val_metric=0.8794
Step 3350 | loss 0.3157 | val_acc=0.8416 val_roc_auc=0.8784 val_loss=0.3317 val_metric_name=roc_auc val_metric=0.8784
Step 3400 | loss 0.3168 | val_acc=0.8420 val_roc_auc=0.8790 val_loss=0.3309 val_metric_name=roc_auc val_metric=0.8790
Step 3450 | loss 0.3178 | val_acc=0.8416 val_roc_auc=0.8793 val_loss=0.3305 val_metric_name=roc_auc val_metric=0.8793
Step 3500 | loss 0.3178 | val_acc=0.8420 val_roc_auc=0.8786 val_loss=0.3316 val_metric_name=roc_auc val_metric=0.8786
Step 3550 | loss 0.3185 | val_acc=0.8420 val_roc_auc=0.8786 val_loss=0.3318 val_metric_name=roc_auc val_metric=0.8786
Step 3600 | loss 0.3170 | val_acc=0.8416 val_roc_auc=0.8791 val_loss=0.3314 val_metric_name=roc_auc val_metric=0.8791
Step 3650 | loss 0.3176 | val_acc=0.8420 val_roc_auc=0.8786 val_loss=0.3325 val_metric_name=roc_auc val_metric=0.8786
Step 3700 | loss 0.3188 | val_acc=0.8416 val_roc_auc=0.8784 val_loss=0.3321 val_metric_name=roc_auc val_metric=0.8784
Step 3750 | loss 0.3197 | val_acc=0.8412 val_roc_auc=0.8786 val_loss=0.3318 val_metric_name=roc_auc val_metric=0.8786
Step 3800 | loss 0.3154 | val_acc=0.8396 val_roc_auc=0.8787 val_loss=0.3321 val_metric_name=roc_auc val_metric=0.8787
Step 3850 | loss 0.3161 | val_acc=0.8420 val_roc_auc=0.8789 val_loss=0.3320 val_metric_name=roc_auc val_metric=0.8789
Step 3900 | loss 0.3165 | val_acc=0.8416 val_roc_auc=0.8795 val_loss=0.3305 val_metric_name=roc_auc val_metric=0.8795
Step 3950 | loss 0.3167 | val_acc=0.8416 val_roc_auc=0.8798 val_loss=0.3304 val_metric_name=roc_auc val_metric=0.8798
Step 4000 | loss 0.3193 | val_acc=0.8420 val_roc_auc=0.8790 val_loss=0.3317 val_metric_name=roc_auc val_metric=0.8790
Early stopping at step 4012

--- Final (best ckpt @ step 3580) ---
  train_acc=0.8412 train_roc_auc=0.8851 train_loss=0.3129 train_metric_name=roc_auc train_metric=0.8851
  val_acc=0.8420 val_roc_auc=0.8800 val_loss=0.3295 val_metric_name=roc_auc val_metric=0.8800
  test_acc=0.8492 test_roc_auc=0.8928 test_loss=0.3121 test_metric_name=roc_auc test_metric=0.8928
  test_roc_auc=0.8928

============================================================
Training minesweeper GT-sep 1L h=512 lr=3e-05 split=8
============================================================
Training for 5000 steps
Step    1 | loss 0.7377 | val_acc=0.7912 val_roc_auc=0.4742 val_loss=0.5750 val_metric_name=roc_auc val_metric=0.4742
Step   50 | loss 0.4263 | val_acc=0.8000 val_roc_auc=0.8410 val_loss=0.4066 val_metric_name=roc_auc val_metric=0.8410
Step  100 | loss 0.3537 | val_acc=0.8340 val_roc_auc=0.8709 val_loss=0.3361 val_metric_name=roc_auc val_metric=0.8709
Step  150 | loss 0.3353 | val_acc=0.8432 val_roc_auc=0.8754 val_loss=0.3349 val_metric_name=roc_auc val_metric=0.8754
Step  200 | loss 0.3325 | val_acc=0.8432 val_roc_auc=0.8759 val_loss=0.3372 val_metric_name=roc_auc val_metric=0.8759
Step  250 | loss 0.3285 | val_acc=0.8436 val_roc_auc=0.8762 val_loss=0.3356 val_metric_name=roc_auc val_metric=0.8762
Step  300 | loss 0.3272 | val_acc=0.8424 val_roc_auc=0.8762 val_loss=0.3360 val_metric_name=roc_auc val_metric=0.8762
Step  350 | loss 0.3251 | val_acc=0.8428 val_roc_auc=0.8761 val_loss=0.3359 val_metric_name=roc_auc val_metric=0.8761
Step  400 | loss 0.3264 | val_acc=0.8420 val_roc_auc=0.8765 val_loss=0.3344 val_metric_name=roc_auc val_metric=0.8765
Step  450 | loss 0.3270 | val_acc=0.8452 val_roc_auc=0.8771 val_loss=0.3333 val_metric_name=roc_auc val_metric=0.8771
Step  500 | loss 0.3272 | val_acc=0.8428 val_roc_auc=0.8765 val_loss=0.3343 val_metric_name=roc_auc val_metric=0.8765
Step  550 | loss 0.3227 | val_acc=0.8448 val_roc_auc=0.8772 val_loss=0.3316 val_metric_name=roc_auc val_metric=0.8772
Step  600 | loss 0.3220 | val_acc=0.8420 val_roc_auc=0.8770 val_loss=0.3323 val_metric_name=roc_auc val_metric=0.8770
Step  650 | loss 0.3205 | val_acc=0.8432 val_roc_auc=0.8769 val_loss=0.3327 val_metric_name=roc_auc val_metric=0.8769
Step  700 | loss 0.3185 | val_acc=0.8420 val_roc_auc=0.8775 val_loss=0.3308 val_metric_name=roc_auc val_metric=0.8775
Step  750 | loss 0.3245 | val_acc=0.8440 val_roc_auc=0.8793 val_loss=0.3287 val_metric_name=roc_auc val_metric=0.8793
Step  800 | loss 0.3213 | val_acc=0.8424 val_roc_auc=0.8789 val_loss=0.3284 val_metric_name=roc_auc val_metric=0.8789
Step  850 | loss 0.3223 | val_acc=0.8424 val_roc_auc=0.8786 val_loss=0.3294 val_metric_name=roc_auc val_metric=0.8786
Step  900 | loss 0.3200 | val_acc=0.8432 val_roc_auc=0.8790 val_loss=0.3285 val_metric_name=roc_auc val_metric=0.8790
Step  950 | loss 0.3200 | val_acc=0.8420 val_roc_auc=0.8795 val_loss=0.3285 val_metric_name=roc_auc val_metric=0.8795
Step 1000 | loss 0.3208 | val_acc=0.8412 val_roc_auc=0.8782 val_loss=0.3307 val_metric_name=roc_auc val_metric=0.8782
Step 1050 | loss 0.3209 | val_acc=0.8412 val_roc_auc=0.8793 val_loss=0.3299 val_metric_name=roc_auc val_metric=0.8793
Step 1100 | loss 0.3196 | val_acc=0.8408 val_roc_auc=0.8790 val_loss=0.3297 val_metric_name=roc_auc val_metric=0.8790
Step 1150 | loss 0.3182 | val_acc=0.8420 val_roc_auc=0.8792 val_loss=0.3313 val_metric_name=roc_auc val_metric=0.8792
Step 1200 | loss 0.3211 | val_acc=0.8428 val_roc_auc=0.8803 val_loss=0.3302 val_metric_name=roc_auc val_metric=0.8803
Step 1250 | loss 0.3167 | val_acc=0.8404 val_roc_auc=0.8801 val_loss=0.3321 val_metric_name=roc_auc val_metric=0.8801
Step 1300 | loss 0.3197 | val_acc=0.8428 val_roc_auc=0.8799 val_loss=0.3305 val_metric_name=roc_auc val_metric=0.8799
Step 1350 | loss 0.3179 | val_acc=0.8424 val_roc_auc=0.8796 val_loss=0.3329 val_metric_name=roc_auc val_metric=0.8796
Step 1400 | loss 0.3164 | val_acc=0.8416 val_roc_auc=0.8801 val_loss=0.3315 val_metric_name=roc_auc val_metric=0.8801
Step 1450 | loss 0.3174 | val_acc=0.8396 val_roc_auc=0.8794 val_loss=0.3344 val_metric_name=roc_auc val_metric=0.8794
Step 1500 | loss 0.3151 | val_acc=0.8376 val_roc_auc=0.8792 val_loss=0.3350 val_metric_name=roc_auc val_metric=0.8792
Early stopping at step 1543

--- Final (best ckpt @ step 1190) ---
  train_acc=0.8418 train_roc_auc=0.8851 train_loss=0.3128 train_metric_name=roc_auc train_metric=0.8851
  val_acc=0.8428 val_roc_auc=0.8809 val_loss=0.3279 val_metric_name=roc_auc val_metric=0.8809
  test_acc=0.8496 test_roc_auc=0.8934 test_loss=0.3111 test_metric_name=roc_auc test_metric=0.8934
  test_roc_auc=0.8934

============================================================
Training minesweeper GT-sep 1L h=512 lr=6e-05 split=8
============================================================
Training for 5000 steps
Step    1 | loss 0.7377 | val_acc=0.8000 val_roc_auc=0.4794 val_loss=0.5159 val_metric_name=roc_auc val_metric=0.4794
Step   50 | loss 0.3693 | val_acc=0.8216 val_roc_auc=0.8624 val_loss=0.3522 val_metric_name=roc_auc val_metric=0.8624
Step  100 | loss 0.3384 | val_acc=0.8428 val_roc_auc=0.8753 val_loss=0.3327 val_metric_name=roc_auc val_metric=0.8753
Step  150 | loss 0.3275 | val_acc=0.8424 val_roc_auc=0.8757 val_loss=0.3364 val_metric_name=roc_auc val_metric=0.8757
Step  200 | loss 0.3265 | val_acc=0.8420 val_roc_auc=0.8760 val_loss=0.3353 val_metric_name=roc_auc val_metric=0.8760
Step  250 | loss 0.3240 | val_acc=0.8424 val_roc_auc=0.8759 val_loss=0.3347 val_metric_name=roc_auc val_metric=0.8759
Step  300 | loss 0.3229 | val_acc=0.8428 val_roc_auc=0.8767 val_loss=0.3331 val_metric_name=roc_auc val_metric=0.8767
Step  350 | loss 0.3217 | val_acc=0.8432 val_roc_auc=0.8770 val_loss=0.3311 val_metric_name=roc_auc val_metric=0.8770
Step  400 | loss 0.3227 | val_acc=0.8416 val_roc_auc=0.8777 val_loss=0.3305 val_metric_name=roc_auc val_metric=0.8777
Step  450 | loss 0.3231 | val_acc=0.8408 val_roc_auc=0.8789 val_loss=0.3280 val_metric_name=roc_auc val_metric=0.8789
Step  500 | loss 0.3244 | val_acc=0.8412 val_roc_auc=0.8782 val_loss=0.3290 val_metric_name=roc_auc val_metric=0.8782
Step  550 | loss 0.3189 | val_acc=0.8408 val_roc_auc=0.8782 val_loss=0.3307 val_metric_name=roc_auc val_metric=0.8782
Step  600 | loss 0.3175 | val_acc=0.8408 val_roc_auc=0.8796 val_loss=0.3288 val_metric_name=roc_auc val_metric=0.8796
Step  650 | loss 0.3180 | val_acc=0.8400 val_roc_auc=0.8786 val_loss=0.3316 val_metric_name=roc_auc val_metric=0.8786
Step  700 | loss 0.3146 | val_acc=0.8424 val_roc_auc=0.8787 val_loss=0.3319 val_metric_name=roc_auc val_metric=0.8787
Step  750 | loss 0.3210 | val_acc=0.8400 val_roc_auc=0.8807 val_loss=0.3282 val_metric_name=roc_auc val_metric=0.8807
Step  800 | loss 0.3176 | val_acc=0.8412 val_roc_auc=0.8803 val_loss=0.3291 val_metric_name=roc_auc val_metric=0.8803
Step  850 | loss 0.3180 | val_acc=0.8404 val_roc_auc=0.8795 val_loss=0.3334 val_metric_name=roc_auc val_metric=0.8795
Step  900 | loss 0.3155 | val_acc=0.8400 val_roc_auc=0.8802 val_loss=0.3316 val_metric_name=roc_auc val_metric=0.8802
Step  950 | loss 0.3167 | val_acc=0.8380 val_roc_auc=0.8801 val_loss=0.3306 val_metric_name=roc_auc val_metric=0.8801
Step 1000 | loss 0.3174 | val_acc=0.8392 val_roc_auc=0.8770 val_loss=0.3368 val_metric_name=roc_auc val_metric=0.8770
Step 1050 | loss 0.3165 | val_acc=0.8404 val_roc_auc=0.8796 val_loss=0.3359 val_metric_name=roc_auc val_metric=0.8796
Step 1100 | loss 0.3150 | val_acc=0.8368 val_roc_auc=0.8782 val_loss=0.3370 val_metric_name=roc_auc val_metric=0.8782
Step 1150 | loss 0.3145 | val_acc=0.8384 val_roc_auc=0.8789 val_loss=0.3358 val_metric_name=roc_auc val_metric=0.8789
Step 1200 | loss 0.3159 | val_acc=0.8368 val_roc_auc=0.8787 val_loss=0.3367 val_metric_name=roc_auc val_metric=0.8787
Early stopping at step 1205

--- Final (best ckpt @ step 860) ---
  train_acc=0.8442 train_roc_auc=0.8864 train_loss=0.3107 train_metric_name=roc_auc train_metric=0.8864
  val_acc=0.8412 val_roc_auc=0.8808 val_loss=0.3289 val_metric_name=roc_auc val_metric=0.8808
  test_acc=0.8472 test_roc_auc=0.8930 test_loss=0.3122 test_metric_name=roc_auc test_metric=0.8930
  test_roc_auc=0.8930

============================================================
Training minesweeper GT-sep 1L h=512 lr=0.0001 split=8
============================================================
Training for 5000 steps
Step    1 | loss 0.7377 | val_acc=0.8000 val_roc_auc=0.4924 val_loss=0.5415 val_metric_name=roc_auc val_metric=0.4924
Step   50 | loss 0.3514 | val_acc=0.8324 val_roc_auc=0.8668 val_loss=0.3428 val_metric_name=roc_auc val_metric=0.8668
Step  100 | loss 0.3334 | val_acc=0.8428 val_roc_auc=0.8757 val_loss=0.3336 val_metric_name=roc_auc val_metric=0.8757
Step  150 | loss 0.3241 | val_acc=0.8416 val_roc_auc=0.8757 val_loss=0.3355 val_metric_name=roc_auc val_metric=0.8757
Step  200 | loss 0.3242 | val_acc=0.8412 val_roc_auc=0.8764 val_loss=0.3319 val_metric_name=roc_auc val_metric=0.8764
Step  250 | loss 0.3216 | val_acc=0.8396 val_roc_auc=0.8755 val_loss=0.3346 val_metric_name=roc_auc val_metric=0.8755
Step  300 | loss 0.3201 | val_acc=0.8384 val_roc_auc=0.8757 val_loss=0.3344 val_metric_name=roc_auc val_metric=0.8757
Step  350 | loss 0.3195 | val_acc=0.8404 val_roc_auc=0.8783 val_loss=0.3279 val_metric_name=roc_auc val_metric=0.8783
Step  400 | loss 0.3197 | val_acc=0.8424 val_roc_auc=0.8798 val_loss=0.3291 val_metric_name=roc_auc val_metric=0.8798
Step  450 | loss 0.3202 | val_acc=0.8408 val_roc_auc=0.8789 val_loss=0.3294 val_metric_name=roc_auc val_metric=0.8789
Step  500 | loss 0.3216 | val_acc=0.8424 val_roc_auc=0.8803 val_loss=0.3270 val_metric_name=roc_auc val_metric=0.8803
Step  550 | loss 0.3162 | val_acc=0.8408 val_roc_auc=0.8806 val_loss=0.3301 val_metric_name=roc_auc val_metric=0.8806
Step  600 | loss 0.3140 | val_acc=0.8404 val_roc_auc=0.8811 val_loss=0.3289 val_metric_name=roc_auc val_metric=0.8811
Step  650 | loss 0.3155 | val_acc=0.8404 val_roc_auc=0.8803 val_loss=0.3317 val_metric_name=roc_auc val_metric=0.8803
Step  700 | loss 0.3126 | val_acc=0.8376 val_roc_auc=0.8786 val_loss=0.3364 val_metric_name=roc_auc val_metric=0.8786
Step  750 | loss 0.3183 | val_acc=0.8396 val_roc_auc=0.8809 val_loss=0.3303 val_metric_name=roc_auc val_metric=0.8809
Step  800 | loss 0.3155 | val_acc=0.8364 val_roc_auc=0.8786 val_loss=0.3351 val_metric_name=roc_auc val_metric=0.8786
Step  850 | loss 0.3158 | val_acc=0.8404 val_roc_auc=0.8795 val_loss=0.3355 val_metric_name=roc_auc val_metric=0.8795
Step  900 | loss 0.3124 | val_acc=0.8396 val_roc_auc=0.8792 val_loss=0.3371 val_metric_name=roc_auc val_metric=0.8792
Step  950 | loss 0.3141 | val_acc=0.8376 val_roc_auc=0.8779 val_loss=0.3393 val_metric_name=roc_auc val_metric=0.8779
Step 1000 | loss 0.3149 | val_acc=0.8360 val_roc_auc=0.8752 val_loss=0.3454 val_metric_name=roc_auc val_metric=0.8752
Step 1050 | loss 0.3134 | val_acc=0.8360 val_roc_auc=0.8779 val_loss=0.3448 val_metric_name=roc_auc val_metric=0.8779
Early stopping at step 1057

--- Final (best ckpt @ step 590) ---
  train_acc=0.8434 train_roc_auc=0.8859 train_loss=0.3108 train_metric_name=roc_auc train_metric=0.8859
  val_acc=0.8400 val_roc_auc=0.8811 val_loss=0.3282 val_metric_name=roc_auc val_metric=0.8811
  test_acc=0.8488 test_roc_auc=0.8928 test_loss=0.3127 test_metric_name=roc_auc test_metric=0.8928
  test_roc_auc=0.8928

============================================================
Training minesweeper GT-sep 1L h=512 lr=1e-05 split=8
============================================================
Training for 5000 steps
Step    1 | loss 0.7377 | val_acc=0.6344 val_roc_auc=0.4691 val_loss=0.6659 val_metric_name=roc_auc val_metric=0.4691
Step   50 | loss 0.4940 | val_acc=0.8000 val_roc_auc=0.7418 val_loss=0.4907 val_metric_name=roc_auc val_metric=0.7418
Step  100 | loss 0.4447 | val_acc=0.8000 val_roc_auc=0.8360 val_loss=0.4251 val_metric_name=roc_auc val_metric=0.8360
Step  150 | loss 0.3831 | val_acc=0.8140 val_roc_auc=0.8548 val_loss=0.3620 val_metric_name=roc_auc val_metric=0.8548
Step  200 | loss 0.3618 | val_acc=0.8288 val_roc_auc=0.8662 val_loss=0.3439 val_metric_name=roc_auc val_metric=0.8662
Step  250 | loss 0.3485 | val_acc=0.8372 val_roc_auc=0.8719 val_loss=0.3361 val_metric_name=roc_auc val_metric=0.8719
Step  300 | loss 0.3437 | val_acc=0.8428 val_roc_auc=0.8742 val_loss=0.3340 val_metric_name=roc_auc val_metric=0.8742
Step  350 | loss 0.3382 | val_acc=0.8424 val_roc_auc=0.8754 val_loss=0.3342 val_metric_name=roc_auc val_metric=0.8754
Step  400 | loss 0.3390 | val_acc=0.8424 val_roc_auc=0.8757 val_loss=0.3356 val_metric_name=roc_auc val_metric=0.8757
Step  450 | loss 0.3357 | val_acc=0.8440 val_roc_auc=0.8757 val_loss=0.3374 val_metric_name=roc_auc val_metric=0.8757
Step  500 | loss 0.3348 | val_acc=0.8444 val_roc_auc=0.8759 val_loss=0.3379 val_metric_name=roc_auc val_metric=0.8759
Step  550 | loss 0.3305 | val_acc=0.8444 val_roc_auc=0.8758 val_loss=0.3384 val_metric_name=roc_auc val_metric=0.8758
Step  600 | loss 0.3292 | val_acc=0.8444 val_roc_auc=0.8757 val_loss=0.3387 val_metric_name=roc_auc val_metric=0.8757
Step  650 | loss 0.3257 | val_acc=0.8440 val_roc_auc=0.8757 val_loss=0.3383 val_metric_name=roc_auc val_metric=0.8757
Step  700 | loss 0.3245 | val_acc=0.8444 val_roc_auc=0.8762 val_loss=0.3372 val_metric_name=roc_auc val_metric=0.8762
Step  750 | loss 0.3313 | val_acc=0.8436 val_roc_auc=0.8763 val_loss=0.3366 val_metric_name=roc_auc val_metric=0.8763
Step  800 | loss 0.3273 | val_acc=0.8440 val_roc_auc=0.8761 val_loss=0.3372 val_metric_name=roc_auc val_metric=0.8761
Step  850 | loss 0.3279 | val_acc=0.8436 val_roc_auc=0.8764 val_loss=0.3362 val_metric_name=roc_auc val_metric=0.8764
Step  900 | loss 0.3265 | val_acc=0.8428 val_roc_auc=0.8763 val_loss=0.3367 val_metric_name=roc_auc val_metric=0.8763
Step  950 | loss 0.3250 | val_acc=0.8424 val_roc_auc=0.8766 val_loss=0.3355 val_metric_name=roc_auc val_metric=0.8766
Step 1000 | loss 0.3268 | val_acc=0.8416 val_roc_auc=0.8765 val_loss=0.3359 val_metric_name=roc_auc val_metric=0.8765
Step 1050 | loss 0.3270 | val_acc=0.8416 val_roc_auc=0.8766 val_loss=0.3352 val_metric_name=roc_auc val_metric=0.8766
Step 1100 | loss 0.3260 | val_acc=0.8424 val_roc_auc=0.8765 val_loss=0.3357 val_metric_name=roc_auc val_metric=0.8765
Step 1150 | loss 0.3237 | val_acc=0.8432 val_roc_auc=0.8769 val_loss=0.3341 val_metric_name=roc_auc val_metric=0.8769
Step 1200 | loss 0.3268 | val_acc=0.8428 val_roc_auc=0.8771 val_loss=0.3331 val_metric_name=roc_auc val_metric=0.8771
Step 1250 | loss 0.3229 | val_acc=0.8444 val_roc_auc=0.8771 val_loss=0.3331 val_metric_name=roc_auc val_metric=0.8771
Step 1300 | loss 0.3250 | val_acc=0.8448 val_roc_auc=0.8771 val_loss=0.3328 val_metric_name=roc_auc val_metric=0.8771
Step 1350 | loss 0.3247 | val_acc=0.8420 val_roc_auc=0.8769 val_loss=0.3341 val_metric_name=roc_auc val_metric=0.8769
Step 1400 | loss 0.3231 | val_acc=0.8452 val_roc_auc=0.8771 val_loss=0.3323 val_metric_name=roc_auc val_metric=0.8771
Step 1450 | loss 0.3217 | val_acc=0.8432 val_roc_auc=0.8771 val_loss=0.3321 val_metric_name=roc_auc val_metric=0.8771
Step 1500 | loss 0.3234 | val_acc=0.8432 val_roc_auc=0.8773 val_loss=0.3314 val_metric_name=roc_auc val_metric=0.8773
Step 1550 | loss 0.3239 | val_acc=0.8444 val_roc_auc=0.8772 val_loss=0.3319 val_metric_name=roc_auc val_metric=0.8772
Step 1600 | loss 0.3250 | val_acc=0.8448 val_roc_auc=0.8775 val_loss=0.3317 val_metric_name=roc_auc val_metric=0.8775
Step 1650 | loss 0.3214 | val_acc=0.8444 val_roc_auc=0.8774 val_loss=0.3308 val_metric_name=roc_auc val_metric=0.8774
Step 1700 | loss 0.3232 | val_acc=0.8448 val_roc_auc=0.8769 val_loss=0.3326 val_metric_name=roc_auc val_metric=0.8769
Step 1750 | loss 0.3202 | val_acc=0.8432 val_roc_auc=0.8776 val_loss=0.3311 val_metric_name=roc_auc val_metric=0.8776
Step 1800 | loss 0.3197 | val_acc=0.8420 val_roc_auc=0.8778 val_loss=0.3305 val_metric_name=roc_auc val_metric=0.8778
Step 1850 | loss 0.3206 | val_acc=0.8424 val_roc_auc=0.8775 val_loss=0.3314 val_metric_name=roc_auc val_metric=0.8775
Step 1900 | loss 0.3187 | val_acc=0.8420 val_roc_auc=0.8778 val_loss=0.3311 val_metric_name=roc_auc val_metric=0.8778
Step 1950 | loss 0.3210 | val_acc=0.8424 val_roc_auc=0.8781 val_loss=0.3301 val_metric_name=roc_auc val_metric=0.8781
Step 2000 | loss 0.3239 | val_acc=0.8436 val_roc_auc=0.8781 val_loss=0.3300 val_metric_name=roc_auc val_metric=0.8781
Step 2050 | loss 0.3205 | val_acc=0.8424 val_roc_auc=0.8782 val_loss=0.3300 val_metric_name=roc_auc val_metric=0.8782
Step 2100 | loss 0.3210 | val_acc=0.8420 val_roc_auc=0.8787 val_loss=0.3294 val_metric_name=roc_auc val_metric=0.8787
Step 2150 | loss 0.3218 | val_acc=0.8424 val_roc_auc=0.8787 val_loss=0.3294 val_metric_name=roc_auc val_metric=0.8787
Step 2200 | loss 0.3217 | val_acc=0.8420 val_roc_auc=0.8789 val_loss=0.3297 val_metric_name=roc_auc val_metric=0.8789
Step 2250 | loss 0.3218 | val_acc=0.8420 val_roc_auc=0.8787 val_loss=0.3294 val_metric_name=roc_auc val_metric=0.8787
Step 2300 | loss 0.3203 | val_acc=0.8432 val_roc_auc=0.8793 val_loss=0.3287 val_metric_name=roc_auc val_metric=0.8793
Step 2350 | loss 0.3215 | val_acc=0.8436 val_roc_auc=0.8787 val_loss=0.3311 val_metric_name=roc_auc val_metric=0.8787
Step 2400 | loss 0.3203 | val_acc=0.8436 val_roc_auc=0.8792 val_loss=0.3297 val_metric_name=roc_auc val_metric=0.8792
Step 2450 | loss 0.3173 | val_acc=0.8424 val_roc_auc=0.8789 val_loss=0.3312 val_metric_name=roc_auc val_metric=0.8789
Step 2500 | loss 0.3186 | val_acc=0.8436 val_roc_auc=0.8799 val_loss=0.3298 val_metric_name=roc_auc val_metric=0.8799
Step 2550 | loss 0.3194 | val_acc=0.8436 val_roc_auc=0.8793 val_loss=0.3306 val_metric_name=roc_auc val_metric=0.8793
Step 2600 | loss 0.3205 | val_acc=0.8424 val_roc_auc=0.8797 val_loss=0.3294 val_metric_name=roc_auc val_metric=0.8797
Step 2650 | loss 0.3198 | val_acc=0.8432 val_roc_auc=0.8801 val_loss=0.3293 val_metric_name=roc_auc val_metric=0.8801
Step 2700 | loss 0.3167 | val_acc=0.8424 val_roc_auc=0.8794 val_loss=0.3307 val_metric_name=roc_auc val_metric=0.8794
Step 2750 | loss 0.3179 | val_acc=0.8420 val_roc_auc=0.8794 val_loss=0.3308 val_metric_name=roc_auc val_metric=0.8794
Step 2800 | loss 0.3178 | val_acc=0.8420 val_roc_auc=0.8801 val_loss=0.3298 val_metric_name=roc_auc val_metric=0.8801
Step 2850 | loss 0.3188 | val_acc=0.8420 val_roc_auc=0.8806 val_loss=0.3292 val_metric_name=roc_auc val_metric=0.8806
Step 2900 | loss 0.3193 | val_acc=0.8412 val_roc_auc=0.8803 val_loss=0.3299 val_metric_name=roc_auc val_metric=0.8803
Step 2950 | loss 0.3192 | val_acc=0.8416 val_roc_auc=0.8804 val_loss=0.3311 val_metric_name=roc_auc val_metric=0.8804
Step 3000 | loss 0.3180 | val_acc=0.8428 val_roc_auc=0.8806 val_loss=0.3310 val_metric_name=roc_auc val_metric=0.8806
Step 3050 | loss 0.3196 | val_acc=0.8412 val_roc_auc=0.8803 val_loss=0.3300 val_metric_name=roc_auc val_metric=0.8803
Step 3100 | loss 0.3166 | val_acc=0.8400 val_roc_auc=0.8802 val_loss=0.3302 val_metric_name=roc_auc val_metric=0.8802
Step 3150 | loss 0.3182 | val_acc=0.8416 val_roc_auc=0.8803 val_loss=0.3304 val_metric_name=roc_auc val_metric=0.8803
Step 3200 | loss 0.3173 | val_acc=0.8408 val_roc_auc=0.8803 val_loss=0.3317 val_metric_name=roc_auc val_metric=0.8803
Step 3250 | loss 0.3166 | val_acc=0.8420 val_roc_auc=0.8804 val_loss=0.3311 val_metric_name=roc_auc val_metric=0.8804
Step 3300 | loss 0.3197 | val_acc=0.8404 val_roc_auc=0.8806 val_loss=0.3298 val_metric_name=roc_auc val_metric=0.8806
Step 3350 | loss 0.3155 | val_acc=0.8408 val_roc_auc=0.8805 val_loss=0.3309 val_metric_name=roc_auc val_metric=0.8805
Step 3400 | loss 0.3176 | val_acc=0.8404 val_roc_auc=0.8798 val_loss=0.3323 val_metric_name=roc_auc val_metric=0.8798
Step 3450 | loss 0.3170 | val_acc=0.8408 val_roc_auc=0.8804 val_loss=0.3315 val_metric_name=roc_auc val_metric=0.8804
Step 3500 | loss 0.3163 | val_acc=0.8408 val_roc_auc=0.8800 val_loss=0.3324 val_metric_name=roc_auc val_metric=0.8800
Step 3550 | loss 0.3163 | val_acc=0.8412 val_roc_auc=0.8802 val_loss=0.3328 val_metric_name=roc_auc val_metric=0.8802
Early stopping at step 3581

--- Final (best ckpt @ step 3280) ---
  train_acc=0.8442 train_roc_auc=0.8861 train_loss=0.3118 train_metric_name=roc_auc train_metric=0.8861
  val_acc=0.8416 val_roc_auc=0.8811 val_loss=0.3302 val_metric_name=roc_auc val_metric=0.8811
  test_acc=0.8484 test_roc_auc=0.8929 test_loss=0.3145 test_metric_name=roc_auc test_metric=0.8929
  test_roc_auc=0.8929
  >> num_layers=1 hidden_dim=256 lr=3e-05 best_step=1870 val_roc_auc=0.8818 test_roc_auc=0.8942
     val_acc=0.8416 val_loss=0.3255 val_metric=0.8818 val_metric_name=roc_auc val_roc_auc=0.8818
     test_acc=0.8508 test_loss=0.3078 test_metric=0.8942 test_metric_name=roc_auc test_roc_auc=0.8942
  >> num_layers=1 hidden_dim=256 lr=6e-05 best_step=1280 val_roc_auc=0.8822 test_roc_auc=0.8940
     val_acc=0.8416 val_loss=0.3278 val_metric=0.8822 val_metric_name=roc_auc val_roc_auc=0.8822
     test_acc=0.8496 test_loss=0.3097 test_metric=0.8940 test_metric_name=roc_auc test_roc_auc=0.8940
  >> num_layers=1 hidden_dim=256 lr=0.0001 best_step=760 val_roc_auc=0.8822 test_roc_auc=0.8943
     val_acc=0.8400 val_loss=0.3260 val_metric=0.8822 val_metric_name=roc_auc val_roc_auc=0.8822
     test_acc=0.8504 test_loss=0.3075 test_metric=0.8943 test_metric_name=roc_auc test_roc_auc=0.8943
  >> num_layers=1 hidden_dim=256 lr=1e-05 best_step=3550 val_roc_auc=0.8808 test_roc_auc=0.8948
     val_acc=0.8432 val_loss=0.3258 val_metric=0.8808 val_metric_name=roc_auc val_roc_auc=0.8808
     test_acc=0.8516 test_loss=0.3078 test_metric=0.8948 test_metric_name=roc_auc test_roc_auc=0.8948
  >> num_layers=1 hidden_dim=384 lr=3e-05 best_step=1830 val_roc_auc=0.8805 test_roc_auc=0.8924
     val_acc=0.8408 val_loss=0.3309 val_metric=0.8805 val_metric_name=roc_auc val_roc_auc=0.8805
     test_acc=0.8480 test_loss=0.3142 test_metric=0.8924 test_metric_name=roc_auc test_roc_auc=0.8924
  >> num_layers=1 hidden_dim=384 lr=6e-05 best_step=1130 val_roc_auc=0.8805 test_roc_auc=0.8925
     val_acc=0.8408 val_loss=0.3297 val_metric=0.8805 val_metric_name=roc_auc val_roc_auc=0.8805
     test_acc=0.8480 test_loss=0.3142 test_metric=0.8925 test_metric_name=roc_auc test_roc_auc=0.8925
  >> num_layers=1 hidden_dim=384 lr=0.0001 best_step=760 val_roc_auc=0.8806 test_roc_auc=0.8926
     val_acc=0.8408 val_loss=0.3291 val_metric=0.8806 val_metric_name=roc_auc val_roc_auc=0.8806
     test_acc=0.8460 test_loss=0.3133 test_metric=0.8926 test_metric_name=roc_auc test_roc_auc=0.8926
  >> num_layers=1 hidden_dim=384 lr=1e-05 best_step=3580 val_roc_auc=0.8800 test_roc_auc=0.8928
     val_acc=0.8420 val_loss=0.3295 val_metric=0.8800 val_metric_name=roc_auc val_roc_auc=0.8800
     test_acc=0.8492 test_loss=0.3121 test_metric=0.8928 test_metric_name=roc_auc test_roc_auc=0.8928
  >> num_layers=1 hidden_dim=512 lr=3e-05 best_step=1190 val_roc_auc=0.8809 test_roc_auc=0.8934
     val_acc=0.8428 val_loss=0.3279 val_metric=0.8809 val_metric_name=roc_auc val_roc_auc=0.8809
     test_acc=0.8496 test_loss=0.3111 test_metric=0.8934 test_metric_name=roc_auc test_roc_auc=0.8934
  >> num_layers=1 hidden_dim=512 lr=6e-05 best_step=860 val_roc_auc=0.8808 test_roc_auc=0.8930
     val_acc=0.8412 val_loss=0.3289 val_metric=0.8808 val_metric_name=roc_auc val_roc_auc=0.8808
     test_acc=0.8472 test_loss=0.3122 test_metric=0.8930 test_metric_name=roc_auc test_roc_auc=0.8930
  >> num_layers=1 hidden_dim=512 lr=0.0001 best_step=590 val_roc_auc=0.8811 test_roc_auc=0.8928
     val_acc=0.8400 val_loss=0.3282 val_metric=0.8811 val_metric_name=roc_auc val_roc_auc=0.8811
     test_acc=0.8488 test_loss=0.3127 test_metric=0.8928 test_metric_name=roc_auc test_roc_auc=0.8928
  >> num_layers=1 hidden_dim=512 lr=1e-05 best_step=3280 val_roc_auc=0.8811 test_roc_auc=0.8929
     val_acc=0.8416 val_loss=0.3302 val_metric=0.8811 val_metric_name=roc_auc val_roc_auc=0.8811
     test_acc=0.8484 test_loss=0.3145 test_metric=0.8929 test_metric_name=roc_auc test_roc_auc=0.8929
  >> selected best (by val): num_layers=1 hidden_dim=256 lr=0.0001 val_roc_auc=0.8822 test_roc_auc=0.8943
     val_acc=0.8400 val_loss=0.3260 val_metric=0.8822 val_metric_name=roc_auc val_roc_auc=0.8822
     test_acc=0.8504 test_loss=0.3075 test_metric=0.8943 test_metric_name=roc_auc test_roc_auc=0.8943

Done. Results saved to /home/avshmelev/diploma_yandex_graphs/results_grid/minesweeper/base.csv, checkpoints in /home/avshmelev/diploma_yandex_graphs/all_checkpoints/minesweeper/base/
Skipping: "Done." found in /home/avshmelev/diploma_yandex_graphs/results_grid/minesweeper/logs_base/GT-sep_1L_split8.log
