Loading data...

============================================================
Training minesweeper GT-sep 4L h=256 lr=3e-05 split=9
============================================================
Training for 5000 steps
Step    1 | loss 0.7146 | val_acc=0.8000 val_roc_auc=0.4412 val_loss=0.5648 val_metric_name=roc_auc val_metric=0.4412
Step   50 | loss 0.4606 | val_acc=0.8000 val_roc_auc=0.8160 val_loss=0.4385 val_metric_name=roc_auc val_metric=0.8160
Step  100 | loss 0.3639 | val_acc=0.8228 val_roc_auc=0.8707 val_loss=0.3632 val_metric_name=roc_auc val_metric=0.8707
Step  150 | loss 0.3239 | val_acc=0.8376 val_roc_auc=0.8880 val_loss=0.3314 val_metric_name=roc_auc val_metric=0.8880
Step  200 | loss 0.3166 | val_acc=0.8372 val_roc_auc=0.8911 val_loss=0.3360 val_metric_name=roc_auc val_metric=0.8911
Step  250 | loss 0.3025 | val_acc=0.8372 val_roc_auc=0.8926 val_loss=0.3319 val_metric_name=roc_auc val_metric=0.8926
Step  300 | loss 0.2986 | val_acc=0.8360 val_roc_auc=0.8937 val_loss=0.3310 val_metric_name=roc_auc val_metric=0.8937
Step  350 | loss 0.2987 | val_acc=0.8376 val_roc_auc=0.8945 val_loss=0.3298 val_metric_name=roc_auc val_metric=0.8945
Step  400 | loss 0.2941 | val_acc=0.8400 val_roc_auc=0.8957 val_loss=0.3276 val_metric_name=roc_auc val_metric=0.8957
Step  450 | loss 0.2906 | val_acc=0.8380 val_roc_auc=0.8964 val_loss=0.3298 val_metric_name=roc_auc val_metric=0.8964
Step  500 | loss 0.2908 | val_acc=0.8444 val_roc_auc=0.8973 val_loss=0.3280 val_metric_name=roc_auc val_metric=0.8973
Step  550 | loss 0.2843 | val_acc=0.8520 val_roc_auc=0.8997 val_loss=0.3237 val_metric_name=roc_auc val_metric=0.8997
Step  600 | loss 0.2822 | val_acc=0.8540 val_roc_auc=0.9026 val_loss=0.3188 val_metric_name=roc_auc val_metric=0.9026
Step  650 | loss 0.2771 | val_acc=0.8592 val_roc_auc=0.9066 val_loss=0.3154 val_metric_name=roc_auc val_metric=0.9066
Step  700 | loss 0.2690 | val_acc=0.8564 val_roc_auc=0.9082 val_loss=0.3140 val_metric_name=roc_auc val_metric=0.9082
Step  750 | loss 0.2695 | val_acc=0.8588 val_roc_auc=0.9096 val_loss=0.3141 val_metric_name=roc_auc val_metric=0.9096
Step  800 | loss 0.2623 | val_acc=0.8628 val_roc_auc=0.9102 val_loss=0.3164 val_metric_name=roc_auc val_metric=0.9102
Step  850 | loss 0.2588 | val_acc=0.8644 val_roc_auc=0.9113 val_loss=0.3162 val_metric_name=roc_auc val_metric=0.9113
Step  900 | loss 0.2486 | val_acc=0.8620 val_roc_auc=0.9135 val_loss=0.3150 val_metric_name=roc_auc val_metric=0.9135
Step  950 | loss 0.2433 | val_acc=0.8660 val_roc_auc=0.9157 val_loss=0.3172 val_metric_name=roc_auc val_metric=0.9157
Step 1000 | loss 0.2379 | val_acc=0.8680 val_roc_auc=0.9181 val_loss=0.3098 val_metric_name=roc_auc val_metric=0.9181
Step 1050 | loss 0.2316 | val_acc=0.8712 val_roc_auc=0.9192 val_loss=0.3142 val_metric_name=roc_auc val_metric=0.9192
Step 1100 | loss 0.2237 | val_acc=0.8732 val_roc_auc=0.9205 val_loss=0.3117 val_metric_name=roc_auc val_metric=0.9205
Step 1150 | loss 0.2224 | val_acc=0.8724 val_roc_auc=0.9205 val_loss=0.3141 val_metric_name=roc_auc val_metric=0.9205
Step 1200 | loss 0.2165 | val_acc=0.8724 val_roc_auc=0.9217 val_loss=0.3137 val_metric_name=roc_auc val_metric=0.9217
Step 1250 | loss 0.2189 | val_acc=0.8724 val_roc_auc=0.9216 val_loss=0.3161 val_metric_name=roc_auc val_metric=0.9216
Step 1300 | loss 0.2111 | val_acc=0.8760 val_roc_auc=0.9222 val_loss=0.3169 val_metric_name=roc_auc val_metric=0.9222
Step 1350 | loss 0.2093 | val_acc=0.8736 val_roc_auc=0.9223 val_loss=0.3161 val_metric_name=roc_auc val_metric=0.9223
Step 1400 | loss 0.2086 | val_acc=0.8740 val_roc_auc=0.9225 val_loss=0.3187 val_metric_name=roc_auc val_metric=0.9225
Step 1450 | loss 0.2076 | val_acc=0.8752 val_roc_auc=0.9221 val_loss=0.3224 val_metric_name=roc_auc val_metric=0.9221
Step 1500 | loss 0.2044 | val_acc=0.8764 val_roc_auc=0.9229 val_loss=0.3219 val_metric_name=roc_auc val_metric=0.9229
Step 1550 | loss 0.1950 | val_acc=0.8708 val_roc_auc=0.9215 val_loss=0.3333 val_metric_name=roc_auc val_metric=0.9215
Step 1600 | loss 0.1933 | val_acc=0.8784 val_roc_auc=0.9223 val_loss=0.3289 val_metric_name=roc_auc val_metric=0.9223
Step 1650 | loss 0.1982 | val_acc=0.8756 val_roc_auc=0.9213 val_loss=0.3360 val_metric_name=roc_auc val_metric=0.9213
Step 1700 | loss 0.1932 | val_acc=0.8760 val_roc_auc=0.9206 val_loss=0.3421 val_metric_name=roc_auc val_metric=0.9206
Step 1750 | loss 0.1837 | val_acc=0.8724 val_roc_auc=0.9202 val_loss=0.3463 val_metric_name=roc_auc val_metric=0.9202
Step 1800 | loss 0.1857 | val_acc=0.8748 val_roc_auc=0.9205 val_loss=0.3427 val_metric_name=roc_auc val_metric=0.9205
Early stopping at step 1803

--- Final (best ckpt @ step 1500) ---
  train_acc=0.9310 train_roc_auc=0.9738 train_loss=0.1606 train_metric_name=roc_auc train_metric=0.9738
  val_acc=0.8764 val_roc_auc=0.9229 val_loss=0.3219 val_metric_name=roc_auc val_metric=0.9229
  test_acc=0.8820 test_roc_auc=0.9290 test_loss=0.2985 test_metric_name=roc_auc test_metric=0.9290
  test_roc_auc=0.9290

============================================================
Training minesweeper GT-sep 4L h=256 lr=6e-05 split=9
============================================================
Training for 5000 steps
Step    1 | loss 0.7146 | val_acc=0.8000 val_roc_auc=0.4539 val_loss=0.5092 val_metric_name=roc_auc val_metric=0.4539
Step   50 | loss 0.3942 | val_acc=0.8252 val_roc_auc=0.8470 val_loss=0.3754 val_metric_name=roc_auc val_metric=0.8470
Step  100 | loss 0.3196 | val_acc=0.8428 val_roc_auc=0.8898 val_loss=0.3304 val_metric_name=roc_auc val_metric=0.8898
Step  150 | loss 0.3045 | val_acc=0.8336 val_roc_auc=0.8920 val_loss=0.3309 val_metric_name=roc_auc val_metric=0.8920
Step  200 | loss 0.3025 | val_acc=0.8388 val_roc_auc=0.8942 val_loss=0.3288 val_metric_name=roc_auc val_metric=0.8942
Step  250 | loss 0.2903 | val_acc=0.8436 val_roc_auc=0.8955 val_loss=0.3275 val_metric_name=roc_auc val_metric=0.8955
Step  300 | loss 0.2840 | val_acc=0.8464 val_roc_auc=0.8975 val_loss=0.3269 val_metric_name=roc_auc val_metric=0.8975
Step  350 | loss 0.2789 | val_acc=0.8520 val_roc_auc=0.9023 val_loss=0.3193 val_metric_name=roc_auc val_metric=0.9023
Step  400 | loss 0.2725 | val_acc=0.8600 val_roc_auc=0.9067 val_loss=0.3156 val_metric_name=roc_auc val_metric=0.9067
Step  450 | loss 0.2658 | val_acc=0.8604 val_roc_auc=0.9086 val_loss=0.3153 val_metric_name=roc_auc val_metric=0.9086
Step  500 | loss 0.2583 | val_acc=0.8628 val_roc_auc=0.9107 val_loss=0.3168 val_metric_name=roc_auc val_metric=0.9107
Step  550 | loss 0.2478 | val_acc=0.8660 val_roc_auc=0.9136 val_loss=0.3161 val_metric_name=roc_auc val_metric=0.9136
Step  600 | loss 0.2360 | val_acc=0.8656 val_roc_auc=0.9174 val_loss=0.3153 val_metric_name=roc_auc val_metric=0.9174
Step  650 | loss 0.2308 | val_acc=0.8740 val_roc_auc=0.9213 val_loss=0.3054 val_metric_name=roc_auc val_metric=0.9213
Step  700 | loss 0.2171 | val_acc=0.8752 val_roc_auc=0.9207 val_loss=0.3146 val_metric_name=roc_auc val_metric=0.9207
Step  750 | loss 0.2175 | val_acc=0.8736 val_roc_auc=0.9209 val_loss=0.3213 val_metric_name=roc_auc val_metric=0.9209
Step  800 | loss 0.2061 | val_acc=0.8716 val_roc_auc=0.9192 val_loss=0.3300 val_metric_name=roc_auc val_metric=0.9192
Step  850 | loss 0.2011 | val_acc=0.8720 val_roc_auc=0.9193 val_loss=0.3311 val_metric_name=roc_auc val_metric=0.9193
Step  900 | loss 0.1918 | val_acc=0.8696 val_roc_auc=0.9192 val_loss=0.3377 val_metric_name=roc_auc val_metric=0.9192
Step  950 | loss 0.1831 | val_acc=0.8696 val_roc_auc=0.9180 val_loss=0.3439 val_metric_name=roc_auc val_metric=0.9180
Step 1000 | loss 0.1803 | val_acc=0.8684 val_roc_auc=0.9172 val_loss=0.3524 val_metric_name=roc_auc val_metric=0.9172
Step 1050 | loss 0.1744 | val_acc=0.8680 val_roc_auc=0.9151 val_loss=0.3640 val_metric_name=roc_auc val_metric=0.9151
Step 1100 | loss 0.1705 | val_acc=0.8684 val_roc_auc=0.9128 val_loss=0.3777 val_metric_name=roc_auc val_metric=0.9128
Early stopping at step 1106

--- Final (best ckpt @ step 670) ---
  train_acc=0.9154 train_roc_auc=0.9612 train_loss=0.1961 train_metric_name=roc_auc train_metric=0.9612
  val_acc=0.8756 val_roc_auc=0.9216 val_loss=0.3067 val_metric_name=roc_auc val_metric=0.9216
  test_acc=0.8828 test_roc_auc=0.9335 test_loss=0.2721 test_metric_name=roc_auc test_metric=0.9335
  test_roc_auc=0.9335

============================================================
Training minesweeper GT-sep 4L h=256 lr=0.0001 split=9
============================================================
Training for 5000 steps
Step    1 | loss 0.7146 | val_acc=0.8000 val_roc_auc=0.4822 val_loss=0.5217 val_metric_name=roc_auc val_metric=0.4822
Step   50 | loss 0.3492 | val_acc=0.8224 val_roc_auc=0.8751 val_loss=0.3569 val_metric_name=roc_auc val_metric=0.8751
Step  100 | loss 0.3069 | val_acc=0.8352 val_roc_auc=0.8915 val_loss=0.3293 val_metric_name=roc_auc val_metric=0.8915
Step  150 | loss 0.2947 | val_acc=0.8380 val_roc_auc=0.8939 val_loss=0.3264 val_metric_name=roc_auc val_metric=0.8939
Step  200 | loss 0.2923 | val_acc=0.8472 val_roc_auc=0.8966 val_loss=0.3235 val_metric_name=roc_auc val_metric=0.8966
Step  250 | loss 0.2772 | val_acc=0.8492 val_roc_auc=0.9013 val_loss=0.3237 val_metric_name=roc_auc val_metric=0.9013
Step  300 | loss 0.2645 | val_acc=0.8572 val_roc_auc=0.9074 val_loss=0.3164 val_metric_name=roc_auc val_metric=0.9074
Step  350 | loss 0.2577 | val_acc=0.8616 val_roc_auc=0.9101 val_loss=0.3202 val_metric_name=roc_auc val_metric=0.9101
Step  400 | loss 0.2451 | val_acc=0.8648 val_roc_auc=0.9144 val_loss=0.3142 val_metric_name=roc_auc val_metric=0.9144
Step  450 | loss 0.2298 | val_acc=0.8652 val_roc_auc=0.9168 val_loss=0.3172 val_metric_name=roc_auc val_metric=0.9168
Step  500 | loss 0.2174 | val_acc=0.8696 val_roc_auc=0.9199 val_loss=0.3161 val_metric_name=roc_auc val_metric=0.9199
Step  550 | loss 0.2067 | val_acc=0.8744 val_roc_auc=0.9210 val_loss=0.3206 val_metric_name=roc_auc val_metric=0.9210
Step  600 | loss 0.1993 | val_acc=0.8728 val_roc_auc=0.9214 val_loss=0.3220 val_metric_name=roc_auc val_metric=0.9214
Step  650 | loss 0.1919 | val_acc=0.8704 val_roc_auc=0.9181 val_loss=0.3392 val_metric_name=roc_auc val_metric=0.9181
Step  700 | loss 0.1787 | val_acc=0.8688 val_roc_auc=0.9131 val_loss=0.3726 val_metric_name=roc_auc val_metric=0.9131
Step  750 | loss 0.1772 | val_acc=0.8656 val_roc_auc=0.9125 val_loss=0.3814 val_metric_name=roc_auc val_metric=0.9125
Step  800 | loss 0.1659 | val_acc=0.8624 val_roc_auc=0.9099 val_loss=0.3956 val_metric_name=roc_auc val_metric=0.9099
Step  850 | loss 0.1524 | val_acc=0.8564 val_roc_auc=0.9041 val_loss=0.4313 val_metric_name=roc_auc val_metric=0.9041
Early stopping at step 866

--- Final (best ckpt @ step 510) ---
  train_acc=0.9212 train_roc_auc=0.9662 train_loss=0.1833 train_metric_name=roc_auc train_metric=0.9662
  val_acc=0.8748 val_roc_auc=0.9219 val_loss=0.3083 val_metric_name=roc_auc val_metric=0.9219
  test_acc=0.8844 test_roc_auc=0.9308 test_loss=0.2809 test_metric_name=roc_auc test_metric=0.9308
  test_roc_auc=0.9308

============================================================
Training minesweeper GT-sep 4L h=256 lr=1e-05 split=9
============================================================
Training for 5000 steps
Step    1 | loss 0.7146 | val_acc=0.6164 val_roc_auc=0.4369 val_loss=0.6460 val_metric_name=roc_auc val_metric=0.4369
Step   50 | loss 0.4966 | val_acc=0.8000 val_roc_auc=0.7357 val_loss=0.4971 val_metric_name=roc_auc val_metric=0.7357
Step  100 | loss 0.4717 | val_acc=0.8000 val_roc_auc=0.8028 val_loss=0.4679 val_metric_name=roc_auc val_metric=0.8028
Step  150 | loss 0.4294 | val_acc=0.8084 val_roc_auc=0.8288 val_loss=0.4039 val_metric_name=roc_auc val_metric=0.8288
Step  200 | loss 0.3913 | val_acc=0.8252 val_roc_auc=0.8544 val_loss=0.3811 val_metric_name=roc_auc val_metric=0.8544
Step  250 | loss 0.3506 | val_acc=0.8252 val_roc_auc=0.8729 val_loss=0.3554 val_metric_name=roc_auc val_metric=0.8729
Step  300 | loss 0.3365 | val_acc=0.8232 val_roc_auc=0.8806 val_loss=0.3423 val_metric_name=roc_auc val_metric=0.8806
Step  350 | loss 0.3317 | val_acc=0.8332 val_roc_auc=0.8859 val_loss=0.3342 val_metric_name=roc_auc val_metric=0.8859
Step  400 | loss 0.3192 | val_acc=0.8368 val_roc_auc=0.8892 val_loss=0.3341 val_metric_name=roc_auc val_metric=0.8892
Step  450 | loss 0.3112 | val_acc=0.8372 val_roc_auc=0.8909 val_loss=0.3343 val_metric_name=roc_auc val_metric=0.8909
Step  500 | loss 0.3155 | val_acc=0.8344 val_roc_auc=0.8914 val_loss=0.3347 val_metric_name=roc_auc val_metric=0.8914
Step  550 | loss 0.3090 | val_acc=0.8372 val_roc_auc=0.8921 val_loss=0.3339 val_metric_name=roc_auc val_metric=0.8921
Step  600 | loss 0.3125 | val_acc=0.8360 val_roc_auc=0.8924 val_loss=0.3332 val_metric_name=roc_auc val_metric=0.8924
Step  650 | loss 0.3083 | val_acc=0.8352 val_roc_auc=0.8930 val_loss=0.3319 val_metric_name=roc_auc val_metric=0.8930
Step  700 | loss 0.3044 | val_acc=0.8360 val_roc_auc=0.8934 val_loss=0.3311 val_metric_name=roc_auc val_metric=0.8934
Step  750 | loss 0.3058 | val_acc=0.8356 val_roc_auc=0.8938 val_loss=0.3303 val_metric_name=roc_auc val_metric=0.8938
Step  800 | loss 0.3009 | val_acc=0.8364 val_roc_auc=0.8944 val_loss=0.3288 val_metric_name=roc_auc val_metric=0.8944
Step  850 | loss 0.3006 | val_acc=0.8372 val_roc_auc=0.8946 val_loss=0.3286 val_metric_name=roc_auc val_metric=0.8946
Step  900 | loss 0.3000 | val_acc=0.8380 val_roc_auc=0.8948 val_loss=0.3285 val_metric_name=roc_auc val_metric=0.8948
Step  950 | loss 0.2983 | val_acc=0.8388 val_roc_auc=0.8952 val_loss=0.3282 val_metric_name=roc_auc val_metric=0.8952
Step 1000 | loss 0.2976 | val_acc=0.8404 val_roc_auc=0.8956 val_loss=0.3280 val_metric_name=roc_auc val_metric=0.8956
Step 1050 | loss 0.2962 | val_acc=0.8424 val_roc_auc=0.8959 val_loss=0.3273 val_metric_name=roc_auc val_metric=0.8959
Step 1100 | loss 0.2931 | val_acc=0.8420 val_roc_auc=0.8961 val_loss=0.3279 val_metric_name=roc_auc val_metric=0.8961
Step 1150 | loss 0.2912 | val_acc=0.8436 val_roc_auc=0.8963 val_loss=0.3273 val_metric_name=roc_auc val_metric=0.8963
Step 1200 | loss 0.2920 | val_acc=0.8436 val_roc_auc=0.8968 val_loss=0.3281 val_metric_name=roc_auc val_metric=0.8968
Step 1250 | loss 0.2913 | val_acc=0.8448 val_roc_auc=0.8972 val_loss=0.3271 val_metric_name=roc_auc val_metric=0.8972
Step 1300 | loss 0.2889 | val_acc=0.8460 val_roc_auc=0.8977 val_loss=0.3278 val_metric_name=roc_auc val_metric=0.8977
Step 1350 | loss 0.2843 | val_acc=0.8492 val_roc_auc=0.8983 val_loss=0.3261 val_metric_name=roc_auc val_metric=0.8983
Step 1400 | loss 0.2872 | val_acc=0.8488 val_roc_auc=0.8988 val_loss=0.3266 val_metric_name=roc_auc val_metric=0.8988
Step 1450 | loss 0.2832 | val_acc=0.8516 val_roc_auc=0.8998 val_loss=0.3253 val_metric_name=roc_auc val_metric=0.8998
Step 1500 | loss 0.2858 | val_acc=0.8508 val_roc_auc=0.9008 val_loss=0.3227 val_metric_name=roc_auc val_metric=0.9008
Step 1550 | loss 0.2833 | val_acc=0.8532 val_roc_auc=0.9019 val_loss=0.3228 val_metric_name=roc_auc val_metric=0.9019
Step 1600 | loss 0.2810 | val_acc=0.8556 val_roc_auc=0.9032 val_loss=0.3212 val_metric_name=roc_auc val_metric=0.9032
Step 1650 | loss 0.2782 | val_acc=0.8572 val_roc_auc=0.9045 val_loss=0.3193 val_metric_name=roc_auc val_metric=0.9045
Step 1700 | loss 0.2780 | val_acc=0.8576 val_roc_auc=0.9059 val_loss=0.3176 val_metric_name=roc_auc val_metric=0.9059
Step 1750 | loss 0.2686 | val_acc=0.8596 val_roc_auc=0.9068 val_loss=0.3156 val_metric_name=roc_auc val_metric=0.9068
Step 1800 | loss 0.2742 | val_acc=0.8572 val_roc_auc=0.9076 val_loss=0.3150 val_metric_name=roc_auc val_metric=0.9076
Step 1850 | loss 0.2736 | val_acc=0.8560 val_roc_auc=0.9080 val_loss=0.3160 val_metric_name=roc_auc val_metric=0.9080
Step 1900 | loss 0.2683 | val_acc=0.8588 val_roc_auc=0.9090 val_loss=0.3146 val_metric_name=roc_auc val_metric=0.9090
Step 1950 | loss 0.2658 | val_acc=0.8584 val_roc_auc=0.9093 val_loss=0.3158 val_metric_name=roc_auc val_metric=0.9093
Step 2000 | loss 0.2642 | val_acc=0.8600 val_roc_auc=0.9096 val_loss=0.3158 val_metric_name=roc_auc val_metric=0.9096
Step 2050 | loss 0.2625 | val_acc=0.8620 val_roc_auc=0.9104 val_loss=0.3138 val_metric_name=roc_auc val_metric=0.9104
Step 2100 | loss 0.2632 | val_acc=0.8636 val_roc_auc=0.9107 val_loss=0.3158 val_metric_name=roc_auc val_metric=0.9107
Step 2150 | loss 0.2602 | val_acc=0.8636 val_roc_auc=0.9114 val_loss=0.3140 val_metric_name=roc_auc val_metric=0.9114
Step 2200 | loss 0.2537 | val_acc=0.8608 val_roc_auc=0.9118 val_loss=0.3162 val_metric_name=roc_auc val_metric=0.9118
Step 2250 | loss 0.2538 | val_acc=0.8604 val_roc_auc=0.9128 val_loss=0.3163 val_metric_name=roc_auc val_metric=0.9128
Step 2300 | loss 0.2492 | val_acc=0.8600 val_roc_auc=0.9132 val_loss=0.3172 val_metric_name=roc_auc val_metric=0.9132
Step 2350 | loss 0.2462 | val_acc=0.8672 val_roc_auc=0.9148 val_loss=0.3155 val_metric_name=roc_auc val_metric=0.9148
Step 2400 | loss 0.2517 | val_acc=0.8616 val_roc_auc=0.9158 val_loss=0.3122 val_metric_name=roc_auc val_metric=0.9158
Step 2450 | loss 0.2443 | val_acc=0.8644 val_roc_auc=0.9161 val_loss=0.3134 val_metric_name=roc_auc val_metric=0.9161
Step 2500 | loss 0.2428 | val_acc=0.8668 val_roc_auc=0.9160 val_loss=0.3165 val_metric_name=roc_auc val_metric=0.9160
Step 2550 | loss 0.2381 | val_acc=0.8668 val_roc_auc=0.9171 val_loss=0.3139 val_metric_name=roc_auc val_metric=0.9171
Step 2600 | loss 0.2346 | val_acc=0.8668 val_roc_auc=0.9174 val_loss=0.3142 val_metric_name=roc_auc val_metric=0.9174
Step 2650 | loss 0.2364 | val_acc=0.8684 val_roc_auc=0.9180 val_loss=0.3148 val_metric_name=roc_auc val_metric=0.9180
Step 2700 | loss 0.2328 | val_acc=0.8692 val_roc_auc=0.9186 val_loss=0.3136 val_metric_name=roc_auc val_metric=0.9186
Step 2750 | loss 0.2395 | val_acc=0.8708 val_roc_auc=0.9193 val_loss=0.3144 val_metric_name=roc_auc val_metric=0.9193
Step 2800 | loss 0.2274 | val_acc=0.8696 val_roc_auc=0.9199 val_loss=0.3127 val_metric_name=roc_auc val_metric=0.9199
Step 2850 | loss 0.2236 | val_acc=0.8724 val_roc_auc=0.9206 val_loss=0.3124 val_metric_name=roc_auc val_metric=0.9206
Step 2900 | loss 0.2230 | val_acc=0.8700 val_roc_auc=0.9199 val_loss=0.3142 val_metric_name=roc_auc val_metric=0.9199
Step 2950 | loss 0.2283 | val_acc=0.8724 val_roc_auc=0.9209 val_loss=0.3128 val_metric_name=roc_auc val_metric=0.9209
Step 3000 | loss 0.2212 | val_acc=0.8720 val_roc_auc=0.9210 val_loss=0.3138 val_metric_name=roc_auc val_metric=0.9210
Step 3050 | loss 0.2261 | val_acc=0.8740 val_roc_auc=0.9211 val_loss=0.3138 val_metric_name=roc_auc val_metric=0.9211
Step 3100 | loss 0.2197 | val_acc=0.8724 val_roc_auc=0.9212 val_loss=0.3141 val_metric_name=roc_auc val_metric=0.9212
Step 3150 | loss 0.2161 | val_acc=0.8728 val_roc_auc=0.9213 val_loss=0.3157 val_metric_name=roc_auc val_metric=0.9213
Step 3200 | loss 0.2220 | val_acc=0.8748 val_roc_auc=0.9211 val_loss=0.3145 val_metric_name=roc_auc val_metric=0.9211
Step 3250 | loss 0.2160 | val_acc=0.8752 val_roc_auc=0.9212 val_loss=0.3168 val_metric_name=roc_auc val_metric=0.9212
Step 3300 | loss 0.2172 | val_acc=0.8756 val_roc_auc=0.9219 val_loss=0.3123 val_metric_name=roc_auc val_metric=0.9219
Step 3350 | loss 0.2140 | val_acc=0.8764 val_roc_auc=0.9218 val_loss=0.3146 val_metric_name=roc_auc val_metric=0.9218
Step 3400 | loss 0.2151 | val_acc=0.8744 val_roc_auc=0.9218 val_loss=0.3147 val_metric_name=roc_auc val_metric=0.9218
Step 3450 | loss 0.2135 | val_acc=0.8748 val_roc_auc=0.9220 val_loss=0.3157 val_metric_name=roc_auc val_metric=0.9220
Step 3500 | loss 0.2120 | val_acc=0.8736 val_roc_auc=0.9220 val_loss=0.3145 val_metric_name=roc_auc val_metric=0.9220
Step 3550 | loss 0.2111 | val_acc=0.8744 val_roc_auc=0.9223 val_loss=0.3162 val_metric_name=roc_auc val_metric=0.9223
Step 3600 | loss 0.2108 | val_acc=0.8732 val_roc_auc=0.9219 val_loss=0.3182 val_metric_name=roc_auc val_metric=0.9219
Step 3650 | loss 0.2042 | val_acc=0.8748 val_roc_auc=0.9219 val_loss=0.3158 val_metric_name=roc_auc val_metric=0.9219
Step 3700 | loss 0.2082 | val_acc=0.8748 val_roc_auc=0.9222 val_loss=0.3180 val_metric_name=roc_auc val_metric=0.9222
Step 3750 | loss 0.2095 | val_acc=0.8744 val_roc_auc=0.9218 val_loss=0.3190 val_metric_name=roc_auc val_metric=0.9218
Step 3800 | loss 0.2081 | val_acc=0.8732 val_roc_auc=0.9220 val_loss=0.3181 val_metric_name=roc_auc val_metric=0.9220
Step 3850 | loss 0.2032 | val_acc=0.8724 val_roc_auc=0.9215 val_loss=0.3222 val_metric_name=roc_auc val_metric=0.9215
Early stopping at step 3890

--- Final (best ckpt @ step 3590) ---
  train_acc=0.9240 train_roc_auc=0.9683 train_loss=0.1776 train_metric_name=roc_auc train_metric=0.9683
  val_acc=0.8728 val_roc_auc=0.9225 val_loss=0.3160 val_metric_name=roc_auc val_metric=0.9225
  test_acc=0.8852 test_roc_auc=0.9332 test_loss=0.2824 test_metric_name=roc_auc test_metric=0.9332
  test_roc_auc=0.9332

============================================================
Training minesweeper GT-sep 4L h=384 lr=3e-05 split=9
============================================================
Training for 5000 steps
Step    1 | loss 0.5844 | val_acc=0.8000 val_roc_auc=0.6175 val_loss=0.5222 val_metric_name=roc_auc val_metric=0.6175
Step   50 | loss 0.3682 | val_acc=0.8232 val_roc_auc=0.8605 val_loss=0.3860 val_metric_name=roc_auc val_metric=0.8605
Step  100 | loss 0.3147 | val_acc=0.8380 val_roc_auc=0.8894 val_loss=0.3341 val_metric_name=roc_auc val_metric=0.8894
Step  150 | loss 0.3061 | val_acc=0.8368 val_roc_auc=0.8931 val_loss=0.3395 val_metric_name=roc_auc val_metric=0.8931
Step  200 | loss 0.2985 | val_acc=0.8396 val_roc_auc=0.8950 val_loss=0.3312 val_metric_name=roc_auc val_metric=0.8950
Step  250 | loss 0.2967 | val_acc=0.8416 val_roc_auc=0.8969 val_loss=0.3297 val_metric_name=roc_auc val_metric=0.8969
Step  300 | loss 0.2898 | val_acc=0.8448 val_roc_auc=0.8982 val_loss=0.3244 val_metric_name=roc_auc val_metric=0.8982
Step  350 | loss 0.2880 | val_acc=0.8452 val_roc_auc=0.8992 val_loss=0.3273 val_metric_name=roc_auc val_metric=0.8992
Step  400 | loss 0.2781 | val_acc=0.8520 val_roc_auc=0.9012 val_loss=0.3247 val_metric_name=roc_auc val_metric=0.9012
Step  450 | loss 0.2686 | val_acc=0.8540 val_roc_auc=0.9034 val_loss=0.3269 val_metric_name=roc_auc val_metric=0.9034
Step  500 | loss 0.2683 | val_acc=0.8564 val_roc_auc=0.9054 val_loss=0.3263 val_metric_name=roc_auc val_metric=0.9054
Step  550 | loss 0.2601 | val_acc=0.8588 val_roc_auc=0.9061 val_loss=0.3286 val_metric_name=roc_auc val_metric=0.9061
Step  600 | loss 0.2546 | val_acc=0.8592 val_roc_auc=0.9084 val_loss=0.3247 val_metric_name=roc_auc val_metric=0.9084
Step  650 | loss 0.2543 | val_acc=0.8632 val_roc_auc=0.9096 val_loss=0.3264 val_metric_name=roc_auc val_metric=0.9096
Step  700 | loss 0.2445 | val_acc=0.8680 val_roc_auc=0.9109 val_loss=0.3263 val_metric_name=roc_auc val_metric=0.9109
Step  750 | loss 0.2339 | val_acc=0.8680 val_roc_auc=0.9136 val_loss=0.3264 val_metric_name=roc_auc val_metric=0.9136
Step  800 | loss 0.2246 | val_acc=0.8668 val_roc_auc=0.9142 val_loss=0.3294 val_metric_name=roc_auc val_metric=0.9142
Step  850 | loss 0.2208 | val_acc=0.8680 val_roc_auc=0.9167 val_loss=0.3289 val_metric_name=roc_auc val_metric=0.9167
Step  900 | loss 0.2122 | val_acc=0.8692 val_roc_auc=0.9162 val_loss=0.3337 val_metric_name=roc_auc val_metric=0.9162
Step  950 | loss 0.2025 | val_acc=0.8676 val_roc_auc=0.9182 val_loss=0.3293 val_metric_name=roc_auc val_metric=0.9182
Step 1000 | loss 0.2009 | val_acc=0.8688 val_roc_auc=0.9177 val_loss=0.3400 val_metric_name=roc_auc val_metric=0.9177
Step 1050 | loss 0.1945 | val_acc=0.8688 val_roc_auc=0.9175 val_loss=0.3449 val_metric_name=roc_auc val_metric=0.9175
Step 1100 | loss 0.1873 | val_acc=0.8644 val_roc_auc=0.9168 val_loss=0.3495 val_metric_name=roc_auc val_metric=0.9168
Step 1150 | loss 0.1884 | val_acc=0.8656 val_roc_auc=0.9160 val_loss=0.3544 val_metric_name=roc_auc val_metric=0.9160
Step 1200 | loss 0.1831 | val_acc=0.8644 val_roc_auc=0.9136 val_loss=0.3712 val_metric_name=roc_auc val_metric=0.9136
Step 1250 | loss 0.1778 | val_acc=0.8664 val_roc_auc=0.9136 val_loss=0.3712 val_metric_name=roc_auc val_metric=0.9136
Step 1300 | loss 0.1706 | val_acc=0.8640 val_roc_auc=0.9121 val_loss=0.3851 val_metric_name=roc_auc val_metric=0.9121
Step 1350 | loss 0.1663 | val_acc=0.8616 val_roc_auc=0.9114 val_loss=0.3962 val_metric_name=roc_auc val_metric=0.9114
Early stopping at step 1353

--- Final (best ckpt @ step 990) ---
  train_acc=0.9284 train_roc_auc=0.9718 train_loss=0.1672 train_metric_name=roc_auc train_metric=0.9718
  val_acc=0.8704 val_roc_auc=0.9188 val_loss=0.3349 val_metric_name=roc_auc val_metric=0.9188
  test_acc=0.8736 test_roc_auc=0.9269 test_loss=0.3099 test_metric_name=roc_auc test_metric=0.9269
  test_roc_auc=0.9269

============================================================
Training minesweeper GT-sep 4L h=384 lr=6e-05 split=9
============================================================
Training for 5000 steps
Step    1 | loss 0.5844 | val_acc=0.8000 val_roc_auc=0.5946 val_loss=0.6626 val_metric_name=roc_auc val_metric=0.5946
Step   50 | loss 0.3256 | val_acc=0.8296 val_roc_auc=0.8792 val_loss=0.3327 val_metric_name=roc_auc val_metric=0.8792
Step  100 | loss 0.3021 | val_acc=0.8348 val_roc_auc=0.8924 val_loss=0.3344 val_metric_name=roc_auc val_metric=0.8924
Step  150 | loss 0.2955 | val_acc=0.8380 val_roc_auc=0.8960 val_loss=0.3281 val_metric_name=roc_auc val_metric=0.8960
Step  200 | loss 0.2871 | val_acc=0.8456 val_roc_auc=0.8983 val_loss=0.3226 val_metric_name=roc_auc val_metric=0.8983
Step  250 | loss 0.2798 | val_acc=0.8480 val_roc_auc=0.9006 val_loss=0.3271 val_metric_name=roc_auc val_metric=0.9006
Step  300 | loss 0.2702 | val_acc=0.8580 val_roc_auc=0.9043 val_loss=0.3279 val_metric_name=roc_auc val_metric=0.9043
Step  350 | loss 0.2612 | val_acc=0.8612 val_roc_auc=0.9069 val_loss=0.3252 val_metric_name=roc_auc val_metric=0.9069
Step  400 | loss 0.2524 | val_acc=0.8636 val_roc_auc=0.9084 val_loss=0.3276 val_metric_name=roc_auc val_metric=0.9084
Step  450 | loss 0.2359 | val_acc=0.8668 val_roc_auc=0.9115 val_loss=0.3241 val_metric_name=roc_auc val_metric=0.9115
Step  500 | loss 0.2249 | val_acc=0.8676 val_roc_auc=0.9133 val_loss=0.3333 val_metric_name=roc_auc val_metric=0.9133
Step  550 | loss 0.2088 | val_acc=0.8708 val_roc_auc=0.9152 val_loss=0.3327 val_metric_name=roc_auc val_metric=0.9152
Step  600 | loss 0.2012 | val_acc=0.8652 val_roc_auc=0.9165 val_loss=0.3395 val_metric_name=roc_auc val_metric=0.9165
Step  650 | loss 0.2007 | val_acc=0.8660 val_roc_auc=0.9134 val_loss=0.3546 val_metric_name=roc_auc val_metric=0.9134
Step  700 | loss 0.1837 | val_acc=0.8664 val_roc_auc=0.9135 val_loss=0.3700 val_metric_name=roc_auc val_metric=0.9135
Step  750 | loss 0.1770 | val_acc=0.8648 val_roc_auc=0.9128 val_loss=0.3804 val_metric_name=roc_auc val_metric=0.9128
Step  800 | loss 0.1657 | val_acc=0.8652 val_roc_auc=0.9092 val_loss=0.4010 val_metric_name=roc_auc val_metric=0.9092
Step  850 | loss 0.1575 | val_acc=0.8628 val_roc_auc=0.9072 val_loss=0.4154 val_metric_name=roc_auc val_metric=0.9072
Step  900 | loss 0.1427 | val_acc=0.8632 val_roc_auc=0.9061 val_loss=0.4415 val_metric_name=roc_auc val_metric=0.9061
Early stopping at step 923

--- Final (best ckpt @ step 560) ---
  train_acc=0.9240 train_roc_auc=0.9678 train_loss=0.1790 train_metric_name=roc_auc train_metric=0.9678
  val_acc=0.8736 val_roc_auc=0.9175 val_loss=0.3295 val_metric_name=roc_auc val_metric=0.9175
  test_acc=0.8800 test_roc_auc=0.9282 test_loss=0.2990 test_metric_name=roc_auc test_metric=0.9282
  test_roc_auc=0.9282

============================================================
Training minesweeper GT-sep 4L h=384 lr=0.0001 split=9
============================================================
Training for 5000 steps
Step    1 | loss 0.5844 | val_acc=0.8000 val_roc_auc=0.5874 val_loss=0.8851 val_metric_name=roc_auc val_metric=0.5874
Step   50 | loss 0.3125 | val_acc=0.8412 val_roc_auc=0.8850 val_loss=0.3349 val_metric_name=roc_auc val_metric=0.8850
Step  100 | loss 0.2960 | val_acc=0.8364 val_roc_auc=0.8937 val_loss=0.3301 val_metric_name=roc_auc val_metric=0.8937
Step  150 | loss 0.2858 | val_acc=0.8436 val_roc_auc=0.8974 val_loss=0.3269 val_metric_name=roc_auc val_metric=0.8974
Step  200 | loss 0.2749 | val_acc=0.8500 val_roc_auc=0.9014 val_loss=0.3277 val_metric_name=roc_auc val_metric=0.9014
Step  250 | loss 0.2635 | val_acc=0.8596 val_roc_auc=0.9052 val_loss=0.3290 val_metric_name=roc_auc val_metric=0.9052
Step  300 | loss 0.2522 | val_acc=0.8612 val_roc_auc=0.9067 val_loss=0.3292 val_metric_name=roc_auc val_metric=0.9067
Step  350 | loss 0.2328 | val_acc=0.8628 val_roc_auc=0.9094 val_loss=0.3383 val_metric_name=roc_auc val_metric=0.9094
Step  400 | loss 0.2135 | val_acc=0.8664 val_roc_auc=0.9107 val_loss=0.3473 val_metric_name=roc_auc val_metric=0.9107
Step  450 | loss 0.1929 | val_acc=0.8652 val_roc_auc=0.9112 val_loss=0.3606 val_metric_name=roc_auc val_metric=0.9112
Step  500 | loss 0.1818 | val_acc=0.8632 val_roc_auc=0.9102 val_loss=0.3819 val_metric_name=roc_auc val_metric=0.9102
Step  550 | loss 0.1627 | val_acc=0.8596 val_roc_auc=0.9064 val_loss=0.4115 val_metric_name=roc_auc val_metric=0.9064
Step  600 | loss 0.1577 | val_acc=0.8580 val_roc_auc=0.9047 val_loss=0.4296 val_metric_name=roc_auc val_metric=0.9047
Step  650 | loss 0.1534 | val_acc=0.8588 val_roc_auc=0.9023 val_loss=0.4532 val_metric_name=roc_auc val_metric=0.9023
Step  700 | loss 0.1305 | val_acc=0.8548 val_roc_auc=0.8988 val_loss=0.4945 val_metric_name=roc_auc val_metric=0.8988
Step  750 | loss 0.1250 | val_acc=0.8508 val_roc_auc=0.8965 val_loss=0.5252 val_metric_name=roc_auc val_metric=0.8965
Early stopping at step 760

--- Final (best ckpt @ step 460) ---
  train_acc=0.9370 train_roc_auc=0.9782 train_loss=0.1472 train_metric_name=roc_auc train_metric=0.9782
  val_acc=0.8640 val_roc_auc=0.9139 val_loss=0.3539 val_metric_name=roc_auc val_metric=0.9139
  test_acc=0.8772 test_roc_auc=0.9267 test_loss=0.3182 test_metric_name=roc_auc test_metric=0.9267
  test_roc_auc=0.9267

============================================================
Training minesweeper GT-sep 4L h=384 lr=1e-05 split=9
============================================================
Training for 5000 steps
Step    1 | loss 0.5844 | val_acc=0.8000 val_roc_auc=0.6023 val_loss=0.4993 val_metric_name=roc_auc val_metric=0.6023
Step   50 | loss 0.4515 | val_acc=0.8000 val_roc_auc=0.8112 val_loss=0.4450 val_metric_name=roc_auc val_metric=0.8112
Step  100 | loss 0.3842 | val_acc=0.8244 val_roc_auc=0.8528 val_loss=0.3814 val_metric_name=roc_auc val_metric=0.8528
Step  150 | loss 0.3495 | val_acc=0.8276 val_roc_auc=0.8772 val_loss=0.3432 val_metric_name=roc_auc val_metric=0.8772
Step  200 | loss 0.3250 | val_acc=0.8288 val_roc_auc=0.8867 val_loss=0.3326 val_metric_name=roc_auc val_metric=0.8867
Step  250 | loss 0.3185 | val_acc=0.8376 val_roc_auc=0.8912 val_loss=0.3368 val_metric_name=roc_auc val_metric=0.8912
Step  300 | loss 0.3095 | val_acc=0.8348 val_roc_auc=0.8925 val_loss=0.3404 val_metric_name=roc_auc val_metric=0.8925
Step  350 | loss 0.3100 | val_acc=0.8352 val_roc_auc=0.8935 val_loss=0.3400 val_metric_name=roc_auc val_metric=0.8935
Step  400 | loss 0.3013 | val_acc=0.8360 val_roc_auc=0.8943 val_loss=0.3385 val_metric_name=roc_auc val_metric=0.8943
Step  450 | loss 0.2966 | val_acc=0.8384 val_roc_auc=0.8951 val_loss=0.3347 val_metric_name=roc_auc val_metric=0.8951
Step  500 | loss 0.2973 | val_acc=0.8392 val_roc_auc=0.8958 val_loss=0.3321 val_metric_name=roc_auc val_metric=0.8958
Step  550 | loss 0.2976 | val_acc=0.8424 val_roc_auc=0.8964 val_loss=0.3307 val_metric_name=roc_auc val_metric=0.8964
Step  600 | loss 0.2933 | val_acc=0.8432 val_roc_auc=0.8971 val_loss=0.3307 val_metric_name=roc_auc val_metric=0.8971
Step  650 | loss 0.2955 | val_acc=0.8420 val_roc_auc=0.8975 val_loss=0.3291 val_metric_name=roc_auc val_metric=0.8975
Step  700 | loss 0.2918 | val_acc=0.8424 val_roc_auc=0.8978 val_loss=0.3294 val_metric_name=roc_auc val_metric=0.8978
Step  750 | loss 0.2897 | val_acc=0.8464 val_roc_auc=0.8986 val_loss=0.3267 val_metric_name=roc_auc val_metric=0.8986
Step  800 | loss 0.2851 | val_acc=0.8456 val_roc_auc=0.8994 val_loss=0.3271 val_metric_name=roc_auc val_metric=0.8994
Step  850 | loss 0.2828 | val_acc=0.8452 val_roc_auc=0.8995 val_loss=0.3289 val_metric_name=roc_auc val_metric=0.8995
Step  900 | loss 0.2817 | val_acc=0.8512 val_roc_auc=0.9007 val_loss=0.3260 val_metric_name=roc_auc val_metric=0.9007
Step  950 | loss 0.2769 | val_acc=0.8532 val_roc_auc=0.9016 val_loss=0.3253 val_metric_name=roc_auc val_metric=0.9016
Step 1000 | loss 0.2783 | val_acc=0.8540 val_roc_auc=0.9028 val_loss=0.3256 val_metric_name=roc_auc val_metric=0.9028
Step 1050 | loss 0.2737 | val_acc=0.8556 val_roc_auc=0.9042 val_loss=0.3244 val_metric_name=roc_auc val_metric=0.9042
Step 1100 | loss 0.2693 | val_acc=0.8568 val_roc_auc=0.9049 val_loss=0.3253 val_metric_name=roc_auc val_metric=0.9049
Step 1150 | loss 0.2707 | val_acc=0.8544 val_roc_auc=0.9057 val_loss=0.3239 val_metric_name=roc_auc val_metric=0.9057
Step 1200 | loss 0.2687 | val_acc=0.8572 val_roc_auc=0.9060 val_loss=0.3253 val_metric_name=roc_auc val_metric=0.9060
Step 1250 | loss 0.2643 | val_acc=0.8580 val_roc_auc=0.9065 val_loss=0.3252 val_metric_name=roc_auc val_metric=0.9065
Step 1300 | loss 0.2606 | val_acc=0.8596 val_roc_auc=0.9069 val_loss=0.3254 val_metric_name=roc_auc val_metric=0.9069
Step 1350 | loss 0.2597 | val_acc=0.8604 val_roc_auc=0.9074 val_loss=0.3259 val_metric_name=roc_auc val_metric=0.9074
Step 1400 | loss 0.2576 | val_acc=0.8608 val_roc_auc=0.9083 val_loss=0.3256 val_metric_name=roc_auc val_metric=0.9083
Step 1450 | loss 0.2518 | val_acc=0.8616 val_roc_auc=0.9088 val_loss=0.3261 val_metric_name=roc_auc val_metric=0.9088
Step 1500 | loss 0.2526 | val_acc=0.8616 val_roc_auc=0.9097 val_loss=0.3249 val_metric_name=roc_auc val_metric=0.9097
Step 1550 | loss 0.2493 | val_acc=0.8632 val_roc_auc=0.9108 val_loss=0.3233 val_metric_name=roc_auc val_metric=0.9108
Step 1600 | loss 0.2482 | val_acc=0.8640 val_roc_auc=0.9119 val_loss=0.3223 val_metric_name=roc_auc val_metric=0.9119
Step 1650 | loss 0.2422 | val_acc=0.8688 val_roc_auc=0.9131 val_loss=0.3211 val_metric_name=roc_auc val_metric=0.9131
Step 1700 | loss 0.2439 | val_acc=0.8692 val_roc_auc=0.9144 val_loss=0.3192 val_metric_name=roc_auc val_metric=0.9144
Step 1750 | loss 0.2363 | val_acc=0.8668 val_roc_auc=0.9146 val_loss=0.3222 val_metric_name=roc_auc val_metric=0.9146
Step 1800 | loss 0.2287 | val_acc=0.8660 val_roc_auc=0.9152 val_loss=0.3250 val_metric_name=roc_auc val_metric=0.9152
Step 1850 | loss 0.2264 | val_acc=0.8692 val_roc_auc=0.9144 val_loss=0.3290 val_metric_name=roc_auc val_metric=0.9144
Step 1900 | loss 0.2243 | val_acc=0.8672 val_roc_auc=0.9161 val_loss=0.3244 val_metric_name=roc_auc val_metric=0.9161
Step 1950 | loss 0.2260 | val_acc=0.8680 val_roc_auc=0.9164 val_loss=0.3260 val_metric_name=roc_auc val_metric=0.9164
Step 2000 | loss 0.2215 | val_acc=0.8680 val_roc_auc=0.9168 val_loss=0.3259 val_metric_name=roc_auc val_metric=0.9168
Step 2050 | loss 0.2203 | val_acc=0.8672 val_roc_auc=0.9172 val_loss=0.3255 val_metric_name=roc_auc val_metric=0.9172
Step 2100 | loss 0.2126 | val_acc=0.8664 val_roc_auc=0.9176 val_loss=0.3275 val_metric_name=roc_auc val_metric=0.9176
Step 2150 | loss 0.2077 | val_acc=0.8640 val_roc_auc=0.9170 val_loss=0.3309 val_metric_name=roc_auc val_metric=0.9170
Step 2200 | loss 0.2089 | val_acc=0.8668 val_roc_auc=0.9184 val_loss=0.3298 val_metric_name=roc_auc val_metric=0.9184
Step 2250 | loss 0.2085 | val_acc=0.8652 val_roc_auc=0.9181 val_loss=0.3283 val_metric_name=roc_auc val_metric=0.9181
Step 2300 | loss 0.2042 | val_acc=0.8652 val_roc_auc=0.9181 val_loss=0.3321 val_metric_name=roc_auc val_metric=0.9181
Step 2350 | loss 0.2027 | val_acc=0.8652 val_roc_auc=0.9186 val_loss=0.3322 val_metric_name=roc_auc val_metric=0.9186
Step 2400 | loss 0.2068 | val_acc=0.8656 val_roc_auc=0.9188 val_loss=0.3315 val_metric_name=roc_auc val_metric=0.9188
Step 2450 | loss 0.2020 | val_acc=0.8652 val_roc_auc=0.9174 val_loss=0.3357 val_metric_name=roc_auc val_metric=0.9174
Step 2500 | loss 0.1998 | val_acc=0.8652 val_roc_auc=0.9176 val_loss=0.3408 val_metric_name=roc_auc val_metric=0.9176
Step 2550 | loss 0.1979 | val_acc=0.8684 val_roc_auc=0.9184 val_loss=0.3379 val_metric_name=roc_auc val_metric=0.9184
Step 2600 | loss 0.1974 | val_acc=0.8648 val_roc_auc=0.9181 val_loss=0.3404 val_metric_name=roc_auc val_metric=0.9181
Step 2650 | loss 0.1895 | val_acc=0.8660 val_roc_auc=0.9177 val_loss=0.3469 val_metric_name=roc_auc val_metric=0.9177
Early stopping at step 2693

--- Final (best ckpt @ step 2370) ---
  train_acc=0.9226 train_roc_auc=0.9687 train_loss=0.1762 train_metric_name=roc_auc train_metric=0.9687
  val_acc=0.8660 val_roc_auc=0.9192 val_loss=0.3287 val_metric_name=roc_auc val_metric=0.9192
  test_acc=0.8796 test_roc_auc=0.9278 test_loss=0.3024 test_metric_name=roc_auc test_metric=0.9278
  test_roc_auc=0.9278

============================================================
Training minesweeper GT-sep 4L h=512 lr=3e-05 split=9
============================================================
Training for 5000 steps
Step    1 | loss 0.7130 | val_acc=0.8000 val_roc_auc=0.4699 val_loss=0.5231 val_metric_name=roc_auc val_metric=0.4699
Step   50 | loss 0.3629 | val_acc=0.8224 val_roc_auc=0.8642 val_loss=0.3808 val_metric_name=roc_auc val_metric=0.8642
Step  100 | loss 0.3119 | val_acc=0.8392 val_roc_auc=0.8884 val_loss=0.3390 val_metric_name=roc_auc val_metric=0.8884
Step  150 | loss 0.3005 | val_acc=0.8456 val_roc_auc=0.8926 val_loss=0.3360 val_metric_name=roc_auc val_metric=0.8926
Step  200 | loss 0.2978 | val_acc=0.8420 val_roc_auc=0.8943 val_loss=0.3333 val_metric_name=roc_auc val_metric=0.8943
Step  250 | loss 0.2865 | val_acc=0.8476 val_roc_auc=0.8963 val_loss=0.3322 val_metric_name=roc_auc val_metric=0.8963
Step  300 | loss 0.2799 | val_acc=0.8512 val_roc_auc=0.8991 val_loss=0.3324 val_metric_name=roc_auc val_metric=0.8991
Step  350 | loss 0.2766 | val_acc=0.8512 val_roc_auc=0.9018 val_loss=0.3321 val_metric_name=roc_auc val_metric=0.9018
Step  400 | loss 0.2633 | val_acc=0.8524 val_roc_auc=0.9024 val_loss=0.3400 val_metric_name=roc_auc val_metric=0.9024
Step  450 | loss 0.2567 | val_acc=0.8536 val_roc_auc=0.9037 val_loss=0.3437 val_metric_name=roc_auc val_metric=0.9037
Step  500 | loss 0.2487 | val_acc=0.8568 val_roc_auc=0.9074 val_loss=0.3390 val_metric_name=roc_auc val_metric=0.9074
Step  550 | loss 0.2415 | val_acc=0.8620 val_roc_auc=0.9084 val_loss=0.3407 val_metric_name=roc_auc val_metric=0.9084
Step  600 | loss 0.2328 | val_acc=0.8612 val_roc_auc=0.9102 val_loss=0.3479 val_metric_name=roc_auc val_metric=0.9102
Step  650 | loss 0.2169 | val_acc=0.8604 val_roc_auc=0.9105 val_loss=0.3536 val_metric_name=roc_auc val_metric=0.9105
Step  700 | loss 0.2082 | val_acc=0.8652 val_roc_auc=0.9123 val_loss=0.3564 val_metric_name=roc_auc val_metric=0.9123
Step  750 | loss 0.2031 | val_acc=0.8684 val_roc_auc=0.9135 val_loss=0.3645 val_metric_name=roc_auc val_metric=0.9135
Step  800 | loss 0.1947 | val_acc=0.8636 val_roc_auc=0.9136 val_loss=0.3619 val_metric_name=roc_auc val_metric=0.9136
Step  850 | loss 0.1857 | val_acc=0.8684 val_roc_auc=0.9131 val_loss=0.3754 val_metric_name=roc_auc val_metric=0.9131
Step  900 | loss 0.1831 | val_acc=0.8664 val_roc_auc=0.9114 val_loss=0.3942 val_metric_name=roc_auc val_metric=0.9114
Step  950 | loss 0.1739 | val_acc=0.8644 val_roc_auc=0.9119 val_loss=0.4028 val_metric_name=roc_auc val_metric=0.9119
Step 1000 | loss 0.1707 | val_acc=0.8652 val_roc_auc=0.9127 val_loss=0.4107 val_metric_name=roc_auc val_metric=0.9127
Step 1050 | loss 0.1654 | val_acc=0.8644 val_roc_auc=0.9119 val_loss=0.4161 val_metric_name=roc_auc val_metric=0.9119
Step 1100 | loss 0.1503 | val_acc=0.8688 val_roc_auc=0.9106 val_loss=0.4349 val_metric_name=roc_auc val_metric=0.9106
Step 1150 | loss 0.1524 | val_acc=0.8600 val_roc_auc=0.9089 val_loss=0.4475 val_metric_name=roc_auc val_metric=0.9089
Early stopping at step 1184

--- Final (best ckpt @ step 810) ---
  train_acc=0.9282 train_roc_auc=0.9735 train_loss=0.1661 train_metric_name=roc_auc train_metric=0.9735
  val_acc=0.8684 val_roc_auc=0.9144 val_loss=0.3671 val_metric_name=roc_auc val_metric=0.9144
  test_acc=0.8748 test_roc_auc=0.9201 test_loss=0.3436 test_metric_name=roc_auc test_metric=0.9201
  test_roc_auc=0.9201

============================================================
Training minesweeper GT-sep 4L h=512 lr=6e-05 split=9
============================================================
Training for 5000 steps
Step    1 | loss 0.7130 | val_acc=0.8000 val_roc_auc=0.4771 val_loss=0.7106 val_metric_name=roc_auc val_metric=0.4771
Step   50 | loss 0.3273 | val_acc=0.8340 val_roc_auc=0.8799 val_loss=0.3326 val_metric_name=roc_auc val_metric=0.8799
Step  100 | loss 0.3015 | val_acc=0.8428 val_roc_auc=0.8914 val_loss=0.3322 val_metric_name=roc_auc val_metric=0.8914
Step  150 | loss 0.2907 | val_acc=0.8452 val_roc_auc=0.8949 val_loss=0.3328 val_metric_name=roc_auc val_metric=0.8949
Step  200 | loss 0.2826 | val_acc=0.8536 val_roc_auc=0.8990 val_loss=0.3295 val_metric_name=roc_auc val_metric=0.8990
Step  250 | loss 0.2656 | val_acc=0.8524 val_roc_auc=0.9011 val_loss=0.3353 val_metric_name=roc_auc val_metric=0.9011
Step  300 | loss 0.2543 | val_acc=0.8572 val_roc_auc=0.9050 val_loss=0.3370 val_metric_name=roc_auc val_metric=0.9050
Step  350 | loss 0.2482 | val_acc=0.8612 val_roc_auc=0.9065 val_loss=0.3372 val_metric_name=roc_auc val_metric=0.9065
Step  400 | loss 0.2250 | val_acc=0.8644 val_roc_auc=0.9086 val_loss=0.3468 val_metric_name=roc_auc val_metric=0.9086
Step  450 | loss 0.2110 | val_acc=0.8636 val_roc_auc=0.9092 val_loss=0.3616 val_metric_name=roc_auc val_metric=0.9092
Step  500 | loss 0.1908 | val_acc=0.8656 val_roc_auc=0.9118 val_loss=0.3703 val_metric_name=roc_auc val_metric=0.9118
Step  550 | loss 0.1892 | val_acc=0.8608 val_roc_auc=0.9125 val_loss=0.3915 val_metric_name=roc_auc val_metric=0.9125
Step  600 | loss 0.1693 | val_acc=0.8544 val_roc_auc=0.9072 val_loss=0.4286 val_metric_name=roc_auc val_metric=0.9072
Step  650 | loss 0.1608 | val_acc=0.8612 val_roc_auc=0.9102 val_loss=0.4361 val_metric_name=roc_auc val_metric=0.9102
Step  700 | loss 0.1382 | val_acc=0.8584 val_roc_auc=0.9079 val_loss=0.4542 val_metric_name=roc_auc val_metric=0.9079
Step  750 | loss 0.1336 | val_acc=0.8560 val_roc_auc=0.9057 val_loss=0.4837 val_metric_name=roc_auc val_metric=0.9057
Step  800 | loss 0.1215 | val_acc=0.8564 val_roc_auc=0.9048 val_loss=0.4993 val_metric_name=roc_auc val_metric=0.9048
Early stopping at step 849

--- Final (best ckpt @ step 480) ---
  train_acc=0.9282 train_roc_auc=0.9712 train_loss=0.1693 train_metric_name=roc_auc train_metric=0.9712
  val_acc=0.8668 val_roc_auc=0.9127 val_loss=0.3574 val_metric_name=roc_auc val_metric=0.9127
  test_acc=0.8728 test_roc_auc=0.9200 test_loss=0.3308 test_metric_name=roc_auc test_metric=0.9200
  test_roc_auc=0.9200

============================================================
Training minesweeper GT-sep 4L h=512 lr=0.0001 split=9
============================================================
Training for 5000 steps
Step    1 | loss 0.7130 | val_acc=0.8000 val_roc_auc=0.4808 val_loss=1.0225 val_metric_name=roc_auc val_metric=0.4808
Step   50 | loss 0.3212 | val_acc=0.8352 val_roc_auc=0.8829 val_loss=0.3275 val_metric_name=roc_auc val_metric=0.8829
Step  100 | loss 0.2969 | val_acc=0.8424 val_roc_auc=0.8926 val_loss=0.3267 val_metric_name=roc_auc val_metric=0.8926
Step  150 | loss 0.2823 | val_acc=0.8468 val_roc_auc=0.8965 val_loss=0.3276 val_metric_name=roc_auc val_metric=0.8965
Step  200 | loss 0.2701 | val_acc=0.8488 val_roc_auc=0.8991 val_loss=0.3347 val_metric_name=roc_auc val_metric=0.8991
Step  250 | loss 0.2484 | val_acc=0.8544 val_roc_auc=0.9014 val_loss=0.3461 val_metric_name=roc_auc val_metric=0.9014
Step  300 | loss 0.2315 | val_acc=0.8612 val_roc_auc=0.9032 val_loss=0.3595 val_metric_name=roc_auc val_metric=0.9032
Step  350 | loss 0.2093 | val_acc=0.8604 val_roc_auc=0.9067 val_loss=0.3660 val_metric_name=roc_auc val_metric=0.9067
Step  400 | loss 0.1856 | val_acc=0.8620 val_roc_auc=0.9065 val_loss=0.3875 val_metric_name=roc_auc val_metric=0.9065
Step  450 | loss 0.1625 | val_acc=0.8572 val_roc_auc=0.9048 val_loss=0.4285 val_metric_name=roc_auc val_metric=0.9048
Step  500 | loss 0.1433 | val_acc=0.8520 val_roc_auc=0.9032 val_loss=0.4609 val_metric_name=roc_auc val_metric=0.9032
Step  550 | loss 0.1375 | val_acc=0.8508 val_roc_auc=0.8989 val_loss=0.4877 val_metric_name=roc_auc val_metric=0.8989
Step  600 | loss 0.1135 | val_acc=0.8500 val_roc_auc=0.8960 val_loss=0.5453 val_metric_name=roc_auc val_metric=0.8960
Step  650 | loss 0.0994 | val_acc=0.8472 val_roc_auc=0.8937 val_loss=0.5960 val_metric_name=roc_auc val_metric=0.8937
Early stopping at step 690

--- Final (best ckpt @ step 390) ---
  train_acc=0.9412 train_roc_auc=0.9782 train_loss=0.1470 train_metric_name=roc_auc train_metric=0.9782
  val_acc=0.8616 val_roc_auc=0.9102 val_loss=0.3786 val_metric_name=roc_auc val_metric=0.9102
  test_acc=0.8668 test_roc_auc=0.9147 test_loss=0.3599 test_metric_name=roc_auc test_metric=0.9147
  test_roc_auc=0.9147

============================================================
Training minesweeper GT-sep 4L h=512 lr=1e-05 split=9
============================================================
Training for 5000 steps
Step    1 | loss 0.7130 | val_acc=0.7716 val_roc_auc=0.4640 val_loss=0.5779 val_metric_name=roc_auc val_metric=0.4640
Step   50 | loss 0.4583 | val_acc=0.8000 val_roc_auc=0.8191 val_loss=0.4402 val_metric_name=roc_auc val_metric=0.8191
Step  100 | loss 0.3728 | val_acc=0.8208 val_roc_auc=0.8602 val_loss=0.3815 val_metric_name=roc_auc val_metric=0.8602
Step  150 | loss 0.3344 | val_acc=0.8264 val_roc_auc=0.8778 val_loss=0.3510 val_metric_name=roc_auc val_metric=0.8778
Step  200 | loss 0.3223 | val_acc=0.8360 val_roc_auc=0.8874 val_loss=0.3412 val_metric_name=roc_auc val_metric=0.8874
Step  250 | loss 0.3073 | val_acc=0.8380 val_roc_auc=0.8898 val_loss=0.3440 val_metric_name=roc_auc val_metric=0.8898
Step  300 | loss 0.3043 | val_acc=0.8384 val_roc_auc=0.8919 val_loss=0.3430 val_metric_name=roc_auc val_metric=0.8919
Step  350 | loss 0.3042 | val_acc=0.8448 val_roc_auc=0.8928 val_loss=0.3394 val_metric_name=roc_auc val_metric=0.8928
Step  400 | loss 0.2968 | val_acc=0.8472 val_roc_auc=0.8939 val_loss=0.3375 val_metric_name=roc_auc val_metric=0.8939
Step  450 | loss 0.2935 | val_acc=0.8444 val_roc_auc=0.8950 val_loss=0.3370 val_metric_name=roc_auc val_metric=0.8950
Step  500 | loss 0.2913 | val_acc=0.8424 val_roc_auc=0.8956 val_loss=0.3347 val_metric_name=roc_auc val_metric=0.8956
Step  550 | loss 0.2897 | val_acc=0.8448 val_roc_auc=0.8968 val_loss=0.3337 val_metric_name=roc_auc val_metric=0.8968
Step  600 | loss 0.2893 | val_acc=0.8456 val_roc_auc=0.8975 val_loss=0.3338 val_metric_name=roc_auc val_metric=0.8975
Step  650 | loss 0.2838 | val_acc=0.8500 val_roc_auc=0.8981 val_loss=0.3334 val_metric_name=roc_auc val_metric=0.8981
Step  700 | loss 0.2809 | val_acc=0.8520 val_roc_auc=0.8994 val_loss=0.3337 val_metric_name=roc_auc val_metric=0.8994
Step  750 | loss 0.2815 | val_acc=0.8512 val_roc_auc=0.9007 val_loss=0.3321 val_metric_name=roc_auc val_metric=0.9007
Step  800 | loss 0.2745 | val_acc=0.8504 val_roc_auc=0.9017 val_loss=0.3343 val_metric_name=roc_auc val_metric=0.9017
Step  850 | loss 0.2707 | val_acc=0.8516 val_roc_auc=0.9029 val_loss=0.3346 val_metric_name=roc_auc val_metric=0.9029
Step  900 | loss 0.2663 | val_acc=0.8540 val_roc_auc=0.9033 val_loss=0.3376 val_metric_name=roc_auc val_metric=0.9033
Step  950 | loss 0.2649 | val_acc=0.8552 val_roc_auc=0.9040 val_loss=0.3380 val_metric_name=roc_auc val_metric=0.9040
Step 1000 | loss 0.2631 | val_acc=0.8556 val_roc_auc=0.9047 val_loss=0.3415 val_metric_name=roc_auc val_metric=0.9047
Step 1050 | loss 0.2626 | val_acc=0.8580 val_roc_auc=0.9057 val_loss=0.3382 val_metric_name=roc_auc val_metric=0.9057
Step 1100 | loss 0.2556 | val_acc=0.8584 val_roc_auc=0.9063 val_loss=0.3412 val_metric_name=roc_auc val_metric=0.9063
Step 1150 | loss 0.2570 | val_acc=0.8592 val_roc_auc=0.9073 val_loss=0.3428 val_metric_name=roc_auc val_metric=0.9073
Step 1200 | loss 0.2499 | val_acc=0.8568 val_roc_auc=0.9077 val_loss=0.3435 val_metric_name=roc_auc val_metric=0.9077
Step 1250 | loss 0.2490 | val_acc=0.8620 val_roc_auc=0.9082 val_loss=0.3435 val_metric_name=roc_auc val_metric=0.9082
Step 1300 | loss 0.2455 | val_acc=0.8628 val_roc_auc=0.9086 val_loss=0.3480 val_metric_name=roc_auc val_metric=0.9086
Step 1350 | loss 0.2398 | val_acc=0.8616 val_roc_auc=0.9099 val_loss=0.3438 val_metric_name=roc_auc val_metric=0.9099
Step 1400 | loss 0.2357 | val_acc=0.8612 val_roc_auc=0.9098 val_loss=0.3496 val_metric_name=roc_auc val_metric=0.9098
Step 1450 | loss 0.2301 | val_acc=0.8588 val_roc_auc=0.9095 val_loss=0.3575 val_metric_name=roc_auc val_metric=0.9095
Step 1500 | loss 0.2268 | val_acc=0.8584 val_roc_auc=0.9094 val_loss=0.3575 val_metric_name=roc_auc val_metric=0.9094
Step 1550 | loss 0.2282 | val_acc=0.8592 val_roc_auc=0.9109 val_loss=0.3555 val_metric_name=roc_auc val_metric=0.9109
Step 1600 | loss 0.2139 | val_acc=0.8616 val_roc_auc=0.9115 val_loss=0.3537 val_metric_name=roc_auc val_metric=0.9115
Step 1650 | loss 0.2135 | val_acc=0.8648 val_roc_auc=0.9121 val_loss=0.3529 val_metric_name=roc_auc val_metric=0.9121
Step 1700 | loss 0.2115 | val_acc=0.8632 val_roc_auc=0.9118 val_loss=0.3590 val_metric_name=roc_auc val_metric=0.9118
Step 1750 | loss 0.2078 | val_acc=0.8656 val_roc_auc=0.9124 val_loss=0.3593 val_metric_name=roc_auc val_metric=0.9124
Step 1800 | loss 0.2059 | val_acc=0.8652 val_roc_auc=0.9125 val_loss=0.3593 val_metric_name=roc_auc val_metric=0.9125
Step 1850 | loss 0.2040 | val_acc=0.8684 val_roc_auc=0.9138 val_loss=0.3573 val_metric_name=roc_auc val_metric=0.9138
Step 1900 | loss 0.2044 | val_acc=0.8704 val_roc_auc=0.9134 val_loss=0.3595 val_metric_name=roc_auc val_metric=0.9134
Step 1950 | loss 0.2007 | val_acc=0.8688 val_roc_auc=0.9137 val_loss=0.3638 val_metric_name=roc_auc val_metric=0.9137
Step 2000 | loss 0.1908 | val_acc=0.8712 val_roc_auc=0.9142 val_loss=0.3671 val_metric_name=roc_auc val_metric=0.9142
Step 2050 | loss 0.1996 | val_acc=0.8676 val_roc_auc=0.9131 val_loss=0.3691 val_metric_name=roc_auc val_metric=0.9131
Step 2100 | loss 0.1905 | val_acc=0.8660 val_roc_auc=0.9135 val_loss=0.3744 val_metric_name=roc_auc val_metric=0.9135
Step 2150 | loss 0.1871 | val_acc=0.8684 val_roc_auc=0.9130 val_loss=0.3828 val_metric_name=roc_auc val_metric=0.9130
Step 2200 | loss 0.1852 | val_acc=0.8688 val_roc_auc=0.9132 val_loss=0.3835 val_metric_name=roc_auc val_metric=0.9132
Step 2250 | loss 0.1811 | val_acc=0.8652 val_roc_auc=0.9130 val_loss=0.3867 val_metric_name=roc_auc val_metric=0.9130
Step 2300 | loss 0.1850 | val_acc=0.8652 val_roc_auc=0.9127 val_loss=0.3919 val_metric_name=roc_auc val_metric=0.9127
Step 2350 | loss 0.1768 | val_acc=0.8656 val_roc_auc=0.9121 val_loss=0.3969 val_metric_name=roc_auc val_metric=0.9121
Step 2400 | loss 0.1785 | val_acc=0.8668 val_roc_auc=0.9123 val_loss=0.3981 val_metric_name=roc_auc val_metric=0.9123
Step 2450 | loss 0.1740 | val_acc=0.8648 val_roc_auc=0.9127 val_loss=0.4033 val_metric_name=roc_auc val_metric=0.9127
Step 2500 | loss 0.1656 | val_acc=0.8668 val_roc_auc=0.9127 val_loss=0.4053 val_metric_name=roc_auc val_metric=0.9127
Early stopping at step 2521

--- Final (best ckpt @ step 2220) ---
  train_acc=0.9372 train_roc_auc=0.9776 train_loss=0.1509 train_metric_name=roc_auc train_metric=0.9776
  val_acc=0.8688 val_roc_auc=0.9145 val_loss=0.3783 val_metric_name=roc_auc val_metric=0.9145
  test_acc=0.8720 test_roc_auc=0.9199 test_loss=0.3548 test_metric_name=roc_auc test_metric=0.9199
  test_roc_auc=0.9199
  >> num_layers=4 hidden_dim=256 lr=3e-05 best_step=1500 val_roc_auc=0.9229 test_roc_auc=0.9290
     val_acc=0.8764 val_loss=0.3219 val_metric=0.9229 val_metric_name=roc_auc val_roc_auc=0.9229
     test_acc=0.8820 test_loss=0.2985 test_metric=0.9290 test_metric_name=roc_auc test_roc_auc=0.9290
  >> num_layers=4 hidden_dim=256 lr=6e-05 best_step=670 val_roc_auc=0.9216 test_roc_auc=0.9335
     val_acc=0.8756 val_loss=0.3067 val_metric=0.9216 val_metric_name=roc_auc val_roc_auc=0.9216
     test_acc=0.8828 test_loss=0.2721 test_metric=0.9335 test_metric_name=roc_auc test_roc_auc=0.9335
  >> num_layers=4 hidden_dim=256 lr=0.0001 best_step=510 val_roc_auc=0.9219 test_roc_auc=0.9308
     val_acc=0.8748 val_loss=0.3083 val_metric=0.9219 val_metric_name=roc_auc val_roc_auc=0.9219
     test_acc=0.8844 test_loss=0.2809 test_metric=0.9308 test_metric_name=roc_auc test_roc_auc=0.9308
  >> num_layers=4 hidden_dim=256 lr=1e-05 best_step=3590 val_roc_auc=0.9225 test_roc_auc=0.9332
     val_acc=0.8728 val_loss=0.3160 val_metric=0.9225 val_metric_name=roc_auc val_roc_auc=0.9225
     test_acc=0.8852 test_loss=0.2824 test_metric=0.9332 test_metric_name=roc_auc test_roc_auc=0.9332
  >> num_layers=4 hidden_dim=384 lr=3e-05 best_step=990 val_roc_auc=0.9188 test_roc_auc=0.9269
     val_acc=0.8704 val_loss=0.3349 val_metric=0.9188 val_metric_name=roc_auc val_roc_auc=0.9188
     test_acc=0.8736 test_loss=0.3099 test_metric=0.9269 test_metric_name=roc_auc test_roc_auc=0.9269
  >> num_layers=4 hidden_dim=384 lr=6e-05 best_step=560 val_roc_auc=0.9175 test_roc_auc=0.9282
     val_acc=0.8736 val_loss=0.3295 val_metric=0.9175 val_metric_name=roc_auc val_roc_auc=0.9175
     test_acc=0.8800 test_loss=0.2990 test_metric=0.9282 test_metric_name=roc_auc test_roc_auc=0.9282
  >> num_layers=4 hidden_dim=384 lr=0.0001 best_step=460 val_roc_auc=0.9139 test_roc_auc=0.9267
     val_acc=0.8640 val_loss=0.3539 val_metric=0.9139 val_metric_name=roc_auc val_roc_auc=0.9139
     test_acc=0.8772 test_loss=0.3182 test_metric=0.9267 test_metric_name=roc_auc test_roc_auc=0.9267
  >> num_layers=4 hidden_dim=384 lr=1e-05 best_step=2370 val_roc_auc=0.9192 test_roc_auc=0.9278
     val_acc=0.8660 val_loss=0.3287 val_metric=0.9192 val_metric_name=roc_auc val_roc_auc=0.9192
     test_acc=0.8796 test_loss=0.3024 test_metric=0.9278 test_metric_name=roc_auc test_roc_auc=0.9278
  >> num_layers=4 hidden_dim=512 lr=3e-05 best_step=810 val_roc_auc=0.9144 test_roc_auc=0.9201
     val_acc=0.8684 val_loss=0.3671 val_metric=0.9144 val_metric_name=roc_auc val_roc_auc=0.9144
     test_acc=0.8748 test_loss=0.3436 test_metric=0.9201 test_metric_name=roc_auc test_roc_auc=0.9201
  >> num_layers=4 hidden_dim=512 lr=6e-05 best_step=480 val_roc_auc=0.9127 test_roc_auc=0.9200
     val_acc=0.8668 val_loss=0.3574 val_metric=0.9127 val_metric_name=roc_auc val_roc_auc=0.9127
     test_acc=0.8728 test_loss=0.3308 test_metric=0.9200 test_metric_name=roc_auc test_roc_auc=0.9200
  >> num_layers=4 hidden_dim=512 lr=0.0001 best_step=390 val_roc_auc=0.9102 test_roc_auc=0.9147
     val_acc=0.8616 val_loss=0.3786 val_metric=0.9102 val_metric_name=roc_auc val_roc_auc=0.9102
     test_acc=0.8668 test_loss=0.3599 test_metric=0.9147 test_metric_name=roc_auc test_roc_auc=0.9147
  >> num_layers=4 hidden_dim=512 lr=1e-05 best_step=2220 val_roc_auc=0.9145 test_roc_auc=0.9199
     val_acc=0.8688 val_loss=0.3783 val_metric=0.9145 val_metric_name=roc_auc val_roc_auc=0.9145
     test_acc=0.8720 test_loss=0.3548 test_metric=0.9199 test_metric_name=roc_auc test_roc_auc=0.9199
  >> selected best (by val): num_layers=4 hidden_dim=256 lr=3e-05 val_roc_auc=0.9229 test_roc_auc=0.9290
     val_acc=0.8764 val_loss=0.3219 val_metric=0.9229 val_metric_name=roc_auc val_roc_auc=0.9229
     test_acc=0.8820 test_loss=0.2985 test_metric=0.9290 test_metric_name=roc_auc test_roc_auc=0.9290

Done. Results saved to /home/avshmelev/diploma_yandex_graphs/results_grid/minesweeper/base.csv, checkpoints in /home/avshmelev/diploma_yandex_graphs/all_checkpoints/minesweeper/base/
