Loading data...

============================================================
Training minesweeper GT-sep 4L h=256 lr=3e-05 split=3
============================================================
Training for 5000 steps
Step    1 | loss 0.5966 | val_acc=0.8000 val_roc_auc=0.5326 val_loss=0.5070 val_metric_name=roc_auc val_metric=0.5326
Step   50 | loss 0.4098 | val_acc=0.8136 val_roc_auc=0.8033 val_loss=0.4165 val_metric_name=roc_auc val_metric=0.8033
Step  100 | loss 0.3382 | val_acc=0.8184 val_roc_auc=0.8614 val_loss=0.3648 val_metric_name=roc_auc val_metric=0.8614
Step  150 | loss 0.3109 | val_acc=0.8296 val_roc_auc=0.8795 val_loss=0.3482 val_metric_name=roc_auc val_metric=0.8795
Step  200 | loss 0.2981 | val_acc=0.8404 val_roc_auc=0.8860 val_loss=0.3415 val_metric_name=roc_auc val_metric=0.8860
Step  250 | loss 0.2979 | val_acc=0.8416 val_roc_auc=0.8894 val_loss=0.3371 val_metric_name=roc_auc val_metric=0.8894
Step  300 | loss 0.2885 | val_acc=0.8492 val_roc_auc=0.8925 val_loss=0.3324 val_metric_name=roc_auc val_metric=0.8925
Step  350 | loss 0.2871 | val_acc=0.8500 val_roc_auc=0.8951 val_loss=0.3261 val_metric_name=roc_auc val_metric=0.8951
Step  400 | loss 0.2791 | val_acc=0.8528 val_roc_auc=0.8954 val_loss=0.3278 val_metric_name=roc_auc val_metric=0.8954
Step  450 | loss 0.2782 | val_acc=0.8552 val_roc_auc=0.8957 val_loss=0.3294 val_metric_name=roc_auc val_metric=0.8957
Step  500 | loss 0.2713 | val_acc=0.8544 val_roc_auc=0.8965 val_loss=0.3281 val_metric_name=roc_auc val_metric=0.8965
Step  550 | loss 0.2724 | val_acc=0.8524 val_roc_auc=0.8977 val_loss=0.3284 val_metric_name=roc_auc val_metric=0.8977
Step  600 | loss 0.2681 | val_acc=0.8552 val_roc_auc=0.9006 val_loss=0.3237 val_metric_name=roc_auc val_metric=0.9006
Step  650 | loss 0.2608 | val_acc=0.8556 val_roc_auc=0.9022 val_loss=0.3207 val_metric_name=roc_auc val_metric=0.9022
Step  700 | loss 0.2591 | val_acc=0.8584 val_roc_auc=0.9051 val_loss=0.3147 val_metric_name=roc_auc val_metric=0.9051
Step  750 | loss 0.2545 | val_acc=0.8584 val_roc_auc=0.9044 val_loss=0.3188 val_metric_name=roc_auc val_metric=0.9044
Step  800 | loss 0.2507 | val_acc=0.8608 val_roc_auc=0.9055 val_loss=0.3174 val_metric_name=roc_auc val_metric=0.9055
Step  850 | loss 0.2477 | val_acc=0.8652 val_roc_auc=0.9070 val_loss=0.3191 val_metric_name=roc_auc val_metric=0.9070
Step  900 | loss 0.2408 | val_acc=0.8652 val_roc_auc=0.9102 val_loss=0.3145 val_metric_name=roc_auc val_metric=0.9102
Step  950 | loss 0.2328 | val_acc=0.8668 val_roc_auc=0.9122 val_loss=0.3145 val_metric_name=roc_auc val_metric=0.9122
Step 1000 | loss 0.2360 | val_acc=0.8684 val_roc_auc=0.9147 val_loss=0.3167 val_metric_name=roc_auc val_metric=0.9147
Step 1050 | loss 0.2236 | val_acc=0.8716 val_roc_auc=0.9181 val_loss=0.3109 val_metric_name=roc_auc val_metric=0.9181
Step 1100 | loss 0.2213 | val_acc=0.8716 val_roc_auc=0.9194 val_loss=0.3119 val_metric_name=roc_auc val_metric=0.9194
Step 1150 | loss 0.2119 | val_acc=0.8744 val_roc_auc=0.9202 val_loss=0.3123 val_metric_name=roc_auc val_metric=0.9202
Step 1200 | loss 0.2075 | val_acc=0.8744 val_roc_auc=0.9200 val_loss=0.3115 val_metric_name=roc_auc val_metric=0.9200
Step 1250 | loss 0.2052 | val_acc=0.8716 val_roc_auc=0.9188 val_loss=0.3172 val_metric_name=roc_auc val_metric=0.9188
Step 1300 | loss 0.2070 | val_acc=0.8712 val_roc_auc=0.9177 val_loss=0.3216 val_metric_name=roc_auc val_metric=0.9177
Step 1350 | loss 0.2053 | val_acc=0.8700 val_roc_auc=0.9166 val_loss=0.3338 val_metric_name=roc_auc val_metric=0.9166
Step 1400 | loss 0.1937 | val_acc=0.8692 val_roc_auc=0.9166 val_loss=0.3323 val_metric_name=roc_auc val_metric=0.9166
Step 1450 | loss 0.1955 | val_acc=0.8708 val_roc_auc=0.9161 val_loss=0.3376 val_metric_name=roc_auc val_metric=0.9161
Step 1500 | loss 0.1926 | val_acc=0.8660 val_roc_auc=0.9153 val_loss=0.3444 val_metric_name=roc_auc val_metric=0.9153
Early stopping at step 1520

--- Final (best ckpt @ step 1220) ---
  train_acc=0.9222 train_roc_auc=0.9688 train_loss=0.1762 train_metric_name=roc_auc train_metric=0.9688
  val_acc=0.8736 val_roc_auc=0.9204 val_loss=0.3144 val_metric_name=roc_auc val_metric=0.9204
  test_acc=0.8784 test_roc_auc=0.9251 test_loss=0.2957 test_metric_name=roc_auc test_metric=0.9251
  test_roc_auc=0.9251

============================================================
Training minesweeper GT-sep 4L h=256 lr=6e-05 split=3
============================================================
Training for 5000 steps
Step    1 | loss 0.5966 | val_acc=0.8000 val_roc_auc=0.5418 val_loss=0.5098 val_metric_name=roc_auc val_metric=0.5418
Step   50 | loss 0.3617 | val_acc=0.8168 val_roc_auc=0.8472 val_loss=0.4101 val_metric_name=roc_auc val_metric=0.8472
Step  100 | loss 0.3061 | val_acc=0.8392 val_roc_auc=0.8836 val_loss=0.3396 val_metric_name=roc_auc val_metric=0.8836
Step  150 | loss 0.2951 | val_acc=0.8436 val_roc_auc=0.8890 val_loss=0.3346 val_metric_name=roc_auc val_metric=0.8890
Step  200 | loss 0.2857 | val_acc=0.8484 val_roc_auc=0.8927 val_loss=0.3318 val_metric_name=roc_auc val_metric=0.8927
Step  250 | loss 0.2812 | val_acc=0.8536 val_roc_auc=0.8954 val_loss=0.3284 val_metric_name=roc_auc val_metric=0.8954
Step  300 | loss 0.2699 | val_acc=0.8540 val_roc_auc=0.8971 val_loss=0.3289 val_metric_name=roc_auc val_metric=0.8971
Step  350 | loss 0.2685 | val_acc=0.8532 val_roc_auc=0.9004 val_loss=0.3266 val_metric_name=roc_auc val_metric=0.9004
Step  400 | loss 0.2564 | val_acc=0.8556 val_roc_auc=0.9029 val_loss=0.3224 val_metric_name=roc_auc val_metric=0.9029
Step  450 | loss 0.2548 | val_acc=0.8572 val_roc_auc=0.9022 val_loss=0.3237 val_metric_name=roc_auc val_metric=0.9022
Step  500 | loss 0.2454 | val_acc=0.8636 val_roc_auc=0.9082 val_loss=0.3170 val_metric_name=roc_auc val_metric=0.9082
Step  550 | loss 0.2424 | val_acc=0.8628 val_roc_auc=0.9102 val_loss=0.3164 val_metric_name=roc_auc val_metric=0.9102
Step  600 | loss 0.2273 | val_acc=0.8664 val_roc_auc=0.9154 val_loss=0.3141 val_metric_name=roc_auc val_metric=0.9154
Step  650 | loss 0.2131 | val_acc=0.8736 val_roc_auc=0.9186 val_loss=0.3130 val_metric_name=roc_auc val_metric=0.9186
Step  700 | loss 0.2133 | val_acc=0.8736 val_roc_auc=0.9189 val_loss=0.3155 val_metric_name=roc_auc val_metric=0.9189
Step  750 | loss 0.2010 | val_acc=0.8700 val_roc_auc=0.9175 val_loss=0.3211 val_metric_name=roc_auc val_metric=0.9175
Step  800 | loss 0.1955 | val_acc=0.8704 val_roc_auc=0.9167 val_loss=0.3326 val_metric_name=roc_auc val_metric=0.9167
Step  850 | loss 0.1893 | val_acc=0.8684 val_roc_auc=0.9146 val_loss=0.3393 val_metric_name=roc_auc val_metric=0.9146
Step  900 | loss 0.1823 | val_acc=0.8644 val_roc_auc=0.9144 val_loss=0.3479 val_metric_name=roc_auc val_metric=0.9144
Step  950 | loss 0.1777 | val_acc=0.8628 val_roc_auc=0.9125 val_loss=0.3671 val_metric_name=roc_auc val_metric=0.9125
Early stopping at step 966

--- Final (best ckpt @ step 660) ---
  train_acc=0.9154 train_roc_auc=0.9652 train_loss=0.1873 train_metric_name=roc_auc train_metric=0.9652
  val_acc=0.8708 val_roc_auc=0.9201 val_loss=0.3119 val_metric_name=roc_auc val_metric=0.9201
  test_acc=0.8768 test_roc_auc=0.9245 test_loss=0.2923 test_metric_name=roc_auc test_metric=0.9245
  test_roc_auc=0.9245

============================================================
Training minesweeper GT-sep 4L h=256 lr=0.0001 split=3
============================================================
Training for 5000 steps
Step    1 | loss 0.5966 | val_acc=0.8000 val_roc_auc=0.5566 val_loss=0.5789 val_metric_name=roc_auc val_metric=0.5566
Step   50 | loss 0.3291 | val_acc=0.8240 val_roc_auc=0.8651 val_loss=0.3460 val_metric_name=roc_auc val_metric=0.8651
Step  100 | loss 0.2960 | val_acc=0.8436 val_roc_auc=0.8885 val_loss=0.3337 val_metric_name=roc_auc val_metric=0.8885
Step  150 | loss 0.2847 | val_acc=0.8496 val_roc_auc=0.8930 val_loss=0.3281 val_metric_name=roc_auc val_metric=0.8930
Step  200 | loss 0.2753 | val_acc=0.8548 val_roc_auc=0.8952 val_loss=0.3309 val_metric_name=roc_auc val_metric=0.8952
Step  250 | loss 0.2656 | val_acc=0.8516 val_roc_auc=0.8987 val_loss=0.3312 val_metric_name=roc_auc val_metric=0.8987
Step  300 | loss 0.2531 | val_acc=0.8556 val_roc_auc=0.9041 val_loss=0.3188 val_metric_name=roc_auc val_metric=0.9041
Step  350 | loss 0.2468 | val_acc=0.8612 val_roc_auc=0.9065 val_loss=0.3180 val_metric_name=roc_auc val_metric=0.9065
Step  400 | loss 0.2313 | val_acc=0.8676 val_roc_auc=0.9123 val_loss=0.3175 val_metric_name=roc_auc val_metric=0.9123
Step  450 | loss 0.2168 | val_acc=0.8668 val_roc_auc=0.9172 val_loss=0.3206 val_metric_name=roc_auc val_metric=0.9172
Step  500 | loss 0.2013 | val_acc=0.8692 val_roc_auc=0.9182 val_loss=0.3213 val_metric_name=roc_auc val_metric=0.9182
Step  550 | loss 0.2010 | val_acc=0.8692 val_roc_auc=0.9155 val_loss=0.3398 val_metric_name=roc_auc val_metric=0.9155
Step  600 | loss 0.1856 | val_acc=0.8616 val_roc_auc=0.9133 val_loss=0.3549 val_metric_name=roc_auc val_metric=0.9133
Step  650 | loss 0.1700 | val_acc=0.8584 val_roc_auc=0.9108 val_loss=0.3638 val_metric_name=roc_auc val_metric=0.9108
Step  700 | loss 0.1715 | val_acc=0.8616 val_roc_auc=0.9075 val_loss=0.3927 val_metric_name=roc_auc val_metric=0.9075
Step  750 | loss 0.1519 | val_acc=0.8588 val_roc_auc=0.9064 val_loss=0.4058 val_metric_name=roc_auc val_metric=0.9064
Early stopping at step 780

--- Final (best ckpt @ step 480) ---
  train_acc=0.9210 train_roc_auc=0.9693 train_loss=0.1746 train_metric_name=roc_auc train_metric=0.9693
  val_acc=0.8712 val_roc_auc=0.9189 val_loss=0.3205 val_metric_name=roc_auc val_metric=0.9189
  test_acc=0.8720 test_roc_auc=0.9227 test_loss=0.3050 test_metric_name=roc_auc test_metric=0.9227
  test_roc_auc=0.9227

============================================================
Training minesweeper GT-sep 4L h=256 lr=1e-05 split=3
============================================================
Training for 5000 steps
Step    1 | loss 0.5966 | val_acc=0.8000 val_roc_auc=0.5231 val_loss=0.5433 val_metric_name=roc_auc val_metric=0.5231
Step   50 | loss 0.4778 | val_acc=0.8000 val_roc_auc=0.7574 val_loss=0.4782 val_metric_name=roc_auc val_metric=0.7574
Step  100 | loss 0.4262 | val_acc=0.8072 val_roc_auc=0.7953 val_loss=0.4204 val_metric_name=roc_auc val_metric=0.7953
Step  150 | loss 0.3835 | val_acc=0.8124 val_roc_auc=0.8265 val_loss=0.4268 val_metric_name=roc_auc val_metric=0.8265
Step  200 | loss 0.3545 | val_acc=0.8164 val_roc_auc=0.8507 val_loss=0.3913 val_metric_name=roc_auc val_metric=0.8507
Step  250 | loss 0.3418 | val_acc=0.8164 val_roc_auc=0.8634 val_loss=0.3664 val_metric_name=roc_auc val_metric=0.8634
Step  300 | loss 0.3221 | val_acc=0.8260 val_roc_auc=0.8725 val_loss=0.3535 val_metric_name=roc_auc val_metric=0.8725
Step  350 | loss 0.3148 | val_acc=0.8288 val_roc_auc=0.8782 val_loss=0.3500 val_metric_name=roc_auc val_metric=0.8782
Step  400 | loss 0.3090 | val_acc=0.8336 val_roc_auc=0.8818 val_loss=0.3468 val_metric_name=roc_auc val_metric=0.8818
Step  450 | loss 0.3066 | val_acc=0.8364 val_roc_auc=0.8841 val_loss=0.3438 val_metric_name=roc_auc val_metric=0.8841
Step  500 | loss 0.2997 | val_acc=0.8392 val_roc_auc=0.8854 val_loss=0.3430 val_metric_name=roc_auc val_metric=0.8854
Step  550 | loss 0.3003 | val_acc=0.8400 val_roc_auc=0.8867 val_loss=0.3416 val_metric_name=roc_auc val_metric=0.8867
Step  600 | loss 0.2954 | val_acc=0.8408 val_roc_auc=0.8883 val_loss=0.3381 val_metric_name=roc_auc val_metric=0.8883
Step  650 | loss 0.2953 | val_acc=0.8416 val_roc_auc=0.8896 val_loss=0.3365 val_metric_name=roc_auc val_metric=0.8896
Step  700 | loss 0.2956 | val_acc=0.8444 val_roc_auc=0.8903 val_loss=0.3357 val_metric_name=roc_auc val_metric=0.8903
Step  750 | loss 0.2926 | val_acc=0.8468 val_roc_auc=0.8917 val_loss=0.3340 val_metric_name=roc_auc val_metric=0.8917
Step  800 | loss 0.2885 | val_acc=0.8460 val_roc_auc=0.8927 val_loss=0.3306 val_metric_name=roc_auc val_metric=0.8927
Step  850 | loss 0.2872 | val_acc=0.8476 val_roc_auc=0.8933 val_loss=0.3316 val_metric_name=roc_auc val_metric=0.8933
Step  900 | loss 0.2887 | val_acc=0.8492 val_roc_auc=0.8942 val_loss=0.3307 val_metric_name=roc_auc val_metric=0.8942
Step  950 | loss 0.2868 | val_acc=0.8528 val_roc_auc=0.8952 val_loss=0.3283 val_metric_name=roc_auc val_metric=0.8952
Step 1000 | loss 0.2846 | val_acc=0.8520 val_roc_auc=0.8955 val_loss=0.3286 val_metric_name=roc_auc val_metric=0.8955
Step 1050 | loss 0.2803 | val_acc=0.8536 val_roc_auc=0.8967 val_loss=0.3263 val_metric_name=roc_auc val_metric=0.8967
Step 1100 | loss 0.2805 | val_acc=0.8588 val_roc_auc=0.8968 val_loss=0.3260 val_metric_name=roc_auc val_metric=0.8968
Step 1150 | loss 0.2782 | val_acc=0.8560 val_roc_auc=0.8972 val_loss=0.3274 val_metric_name=roc_auc val_metric=0.8972
Step 1200 | loss 0.2763 | val_acc=0.8540 val_roc_auc=0.8972 val_loss=0.3269 val_metric_name=roc_auc val_metric=0.8972
Step 1250 | loss 0.2746 | val_acc=0.8524 val_roc_auc=0.8974 val_loss=0.3279 val_metric_name=roc_auc val_metric=0.8974
Step 1300 | loss 0.2736 | val_acc=0.8524 val_roc_auc=0.8985 val_loss=0.3266 val_metric_name=roc_auc val_metric=0.8985
Step 1350 | loss 0.2737 | val_acc=0.8544 val_roc_auc=0.8988 val_loss=0.3264 val_metric_name=roc_auc val_metric=0.8988
Step 1400 | loss 0.2712 | val_acc=0.8532 val_roc_auc=0.8985 val_loss=0.3281 val_metric_name=roc_auc val_metric=0.8985
Step 1450 | loss 0.2702 | val_acc=0.8528 val_roc_auc=0.8991 val_loss=0.3273 val_metric_name=roc_auc val_metric=0.8991
Step 1500 | loss 0.2685 | val_acc=0.8564 val_roc_auc=0.9000 val_loss=0.3249 val_metric_name=roc_auc val_metric=0.9000
Step 1550 | loss 0.2651 | val_acc=0.8560 val_roc_auc=0.9014 val_loss=0.3241 val_metric_name=roc_auc val_metric=0.9014
Step 1600 | loss 0.2682 | val_acc=0.8584 val_roc_auc=0.9023 val_loss=0.3220 val_metric_name=roc_auc val_metric=0.9023
Step 1650 | loss 0.2680 | val_acc=0.8580 val_roc_auc=0.9024 val_loss=0.3209 val_metric_name=roc_auc val_metric=0.9024
Step 1700 | loss 0.2640 | val_acc=0.8592 val_roc_auc=0.9038 val_loss=0.3191 val_metric_name=roc_auc val_metric=0.9038
Step 1750 | loss 0.2573 | val_acc=0.8568 val_roc_auc=0.9037 val_loss=0.3197 val_metric_name=roc_auc val_metric=0.9037
Step 1800 | loss 0.2581 | val_acc=0.8620 val_roc_auc=0.9051 val_loss=0.3170 val_metric_name=roc_auc val_metric=0.9051
Step 1850 | loss 0.2577 | val_acc=0.8588 val_roc_auc=0.9049 val_loss=0.3181 val_metric_name=roc_auc val_metric=0.9049
Step 1900 | loss 0.2563 | val_acc=0.8592 val_roc_auc=0.9056 val_loss=0.3160 val_metric_name=roc_auc val_metric=0.9056
Step 1950 | loss 0.2539 | val_acc=0.8580 val_roc_auc=0.9063 val_loss=0.3166 val_metric_name=roc_auc val_metric=0.9063
Step 2000 | loss 0.2586 | val_acc=0.8596 val_roc_auc=0.9068 val_loss=0.3147 val_metric_name=roc_auc val_metric=0.9068
Step 2050 | loss 0.2518 | val_acc=0.8608 val_roc_auc=0.9073 val_loss=0.3154 val_metric_name=roc_auc val_metric=0.9073
Step 2100 | loss 0.2508 | val_acc=0.8612 val_roc_auc=0.9077 val_loss=0.3148 val_metric_name=roc_auc val_metric=0.9077
Step 2150 | loss 0.2459 | val_acc=0.8624 val_roc_auc=0.9085 val_loss=0.3137 val_metric_name=roc_auc val_metric=0.9085
Step 2200 | loss 0.2479 | val_acc=0.8644 val_roc_auc=0.9096 val_loss=0.3131 val_metric_name=roc_auc val_metric=0.9096
Step 2250 | loss 0.2396 | val_acc=0.8640 val_roc_auc=0.9093 val_loss=0.3159 val_metric_name=roc_auc val_metric=0.9093
Step 2300 | loss 0.2410 | val_acc=0.8620 val_roc_auc=0.9106 val_loss=0.3134 val_metric_name=roc_auc val_metric=0.9106
Step 2350 | loss 0.2432 | val_acc=0.8644 val_roc_auc=0.9110 val_loss=0.3136 val_metric_name=roc_auc val_metric=0.9110
Step 2400 | loss 0.2343 | val_acc=0.8676 val_roc_auc=0.9127 val_loss=0.3108 val_metric_name=roc_auc val_metric=0.9127
Step 2450 | loss 0.2359 | val_acc=0.8680 val_roc_auc=0.9133 val_loss=0.3129 val_metric_name=roc_auc val_metric=0.9133
Step 2500 | loss 0.2369 | val_acc=0.8704 val_roc_auc=0.9157 val_loss=0.3094 val_metric_name=roc_auc val_metric=0.9157
Step 2550 | loss 0.2349 | val_acc=0.8724 val_roc_auc=0.9169 val_loss=0.3085 val_metric_name=roc_auc val_metric=0.9169
Step 2600 | loss 0.2347 | val_acc=0.8756 val_roc_auc=0.9186 val_loss=0.3075 val_metric_name=roc_auc val_metric=0.9186
Step 2650 | loss 0.2334 | val_acc=0.8748 val_roc_auc=0.9191 val_loss=0.3068 val_metric_name=roc_auc val_metric=0.9191
Step 2700 | loss 0.2281 | val_acc=0.8764 val_roc_auc=0.9202 val_loss=0.3057 val_metric_name=roc_auc val_metric=0.9202
Step 2750 | loss 0.2234 | val_acc=0.8792 val_roc_auc=0.9205 val_loss=0.3062 val_metric_name=roc_auc val_metric=0.9205
Step 2800 | loss 0.2239 | val_acc=0.8780 val_roc_auc=0.9212 val_loss=0.3059 val_metric_name=roc_auc val_metric=0.9212
Step 2850 | loss 0.2214 | val_acc=0.8744 val_roc_auc=0.9216 val_loss=0.3048 val_metric_name=roc_auc val_metric=0.9216
Step 2900 | loss 0.2195 | val_acc=0.8748 val_roc_auc=0.9211 val_loss=0.3068 val_metric_name=roc_auc val_metric=0.9211
Step 2950 | loss 0.2137 | val_acc=0.8732 val_roc_auc=0.9214 val_loss=0.3070 val_metric_name=roc_auc val_metric=0.9214
Step 3000 | loss 0.2135 | val_acc=0.8752 val_roc_auc=0.9212 val_loss=0.3077 val_metric_name=roc_auc val_metric=0.9212
Step 3050 | loss 0.2088 | val_acc=0.8752 val_roc_auc=0.9214 val_loss=0.3072 val_metric_name=roc_auc val_metric=0.9214
Step 3100 | loss 0.2126 | val_acc=0.8768 val_roc_auc=0.9214 val_loss=0.3095 val_metric_name=roc_auc val_metric=0.9214
Step 3150 | loss 0.2065 | val_acc=0.8748 val_roc_auc=0.9211 val_loss=0.3120 val_metric_name=roc_auc val_metric=0.9211
Step 3200 | loss 0.2099 | val_acc=0.8756 val_roc_auc=0.9207 val_loss=0.3104 val_metric_name=roc_auc val_metric=0.9207
Step 3250 | loss 0.2088 | val_acc=0.8756 val_roc_auc=0.9207 val_loss=0.3121 val_metric_name=roc_auc val_metric=0.9207
Step 3300 | loss 0.2098 | val_acc=0.8752 val_roc_auc=0.9206 val_loss=0.3127 val_metric_name=roc_auc val_metric=0.9206
Early stopping at step 3347

--- Final (best ckpt @ step 3030) ---
  train_acc=0.9172 train_roc_auc=0.9653 train_loss=0.1859 train_metric_name=roc_auc train_metric=0.9653
  val_acc=0.8764 val_roc_auc=0.9216 val_loss=0.3062 val_metric_name=roc_auc val_metric=0.9216
  test_acc=0.8780 test_roc_auc=0.9271 test_loss=0.2870 test_metric_name=roc_auc test_metric=0.9271
  test_roc_auc=0.9271

============================================================
Training minesweeper GT-sep 4L h=384 lr=3e-05 split=3
============================================================
Training for 5000 steps
Step    1 | loss 0.8581 | val_acc=0.8000 val_roc_auc=0.4048 val_loss=0.5538 val_metric_name=roc_auc val_metric=0.4048
Step   50 | loss 0.4304 | val_acc=0.8004 val_roc_auc=0.8057 val_loss=0.4331 val_metric_name=roc_auc val_metric=0.8057
Step  100 | loss 0.3296 | val_acc=0.8236 val_roc_auc=0.8645 val_loss=0.3627 val_metric_name=roc_auc val_metric=0.8645
Step  150 | loss 0.3077 | val_acc=0.8368 val_roc_auc=0.8836 val_loss=0.3496 val_metric_name=roc_auc val_metric=0.8836
Step  200 | loss 0.2963 | val_acc=0.8400 val_roc_auc=0.8896 val_loss=0.3428 val_metric_name=roc_auc val_metric=0.8896
Step  250 | loss 0.2881 | val_acc=0.8428 val_roc_auc=0.8919 val_loss=0.3394 val_metric_name=roc_auc val_metric=0.8919
Step  300 | loss 0.2853 | val_acc=0.8476 val_roc_auc=0.8943 val_loss=0.3363 val_metric_name=roc_auc val_metric=0.8943
Step  350 | loss 0.2796 | val_acc=0.8488 val_roc_auc=0.8949 val_loss=0.3352 val_metric_name=roc_auc val_metric=0.8949
Step  400 | loss 0.2790 | val_acc=0.8512 val_roc_auc=0.8951 val_loss=0.3383 val_metric_name=roc_auc val_metric=0.8951
Step  450 | loss 0.2726 | val_acc=0.8480 val_roc_auc=0.8967 val_loss=0.3384 val_metric_name=roc_auc val_metric=0.8967
Step  500 | loss 0.2672 | val_acc=0.8500 val_roc_auc=0.8984 val_loss=0.3368 val_metric_name=roc_auc val_metric=0.8984
Step  550 | loss 0.2597 | val_acc=0.8508 val_roc_auc=0.8989 val_loss=0.3348 val_metric_name=roc_auc val_metric=0.8989
Step  600 | loss 0.2549 | val_acc=0.8524 val_roc_auc=0.9015 val_loss=0.3349 val_metric_name=roc_auc val_metric=0.9015
Step  650 | loss 0.2521 | val_acc=0.8604 val_roc_auc=0.9049 val_loss=0.3293 val_metric_name=roc_auc val_metric=0.9049
Step  700 | loss 0.2472 | val_acc=0.8636 val_roc_auc=0.9080 val_loss=0.3209 val_metric_name=roc_auc val_metric=0.9080
Step  750 | loss 0.2411 | val_acc=0.8620 val_roc_auc=0.9073 val_loss=0.3275 val_metric_name=roc_auc val_metric=0.9073
Step  800 | loss 0.2398 | val_acc=0.8608 val_roc_auc=0.9073 val_loss=0.3346 val_metric_name=roc_auc val_metric=0.9073
Step  850 | loss 0.2342 | val_acc=0.8668 val_roc_auc=0.9110 val_loss=0.3270 val_metric_name=roc_auc val_metric=0.9110
Step  900 | loss 0.2220 | val_acc=0.8704 val_roc_auc=0.9144 val_loss=0.3207 val_metric_name=roc_auc val_metric=0.9144
Step  950 | loss 0.2161 | val_acc=0.8728 val_roc_auc=0.9162 val_loss=0.3138 val_metric_name=roc_auc val_metric=0.9162
Step 1000 | loss 0.2103 | val_acc=0.8724 val_roc_auc=0.9179 val_loss=0.3200 val_metric_name=roc_auc val_metric=0.9179
Step 1050 | loss 0.2078 | val_acc=0.8732 val_roc_auc=0.9165 val_loss=0.3245 val_metric_name=roc_auc val_metric=0.9165
Step 1100 | loss 0.2023 | val_acc=0.8700 val_roc_auc=0.9134 val_loss=0.3393 val_metric_name=roc_auc val_metric=0.9134
Step 1150 | loss 0.1927 | val_acc=0.8680 val_roc_auc=0.9122 val_loss=0.3506 val_metric_name=roc_auc val_metric=0.9122
Step 1200 | loss 0.1855 | val_acc=0.8660 val_roc_auc=0.9091 val_loss=0.3681 val_metric_name=roc_auc val_metric=0.9091
Step 1250 | loss 0.1862 | val_acc=0.8664 val_roc_auc=0.9080 val_loss=0.3744 val_metric_name=roc_auc val_metric=0.9080
Step 1300 | loss 0.1788 | val_acc=0.8632 val_roc_auc=0.9054 val_loss=0.3872 val_metric_name=roc_auc val_metric=0.9054
Early stopping at step 1300

--- Final (best ckpt @ step 1000) ---
  train_acc=0.9202 train_roc_auc=0.9679 train_loss=0.1801 train_metric_name=roc_auc train_metric=0.9679
  val_acc=0.8724 val_roc_auc=0.9179 val_loss=0.3200 val_metric_name=roc_auc val_metric=0.9179
  test_acc=0.8728 test_roc_auc=0.9196 test_loss=0.3131 test_metric_name=roc_auc test_metric=0.9196
  test_roc_auc=0.9196

============================================================
Training minesweeper GT-sep 4L h=384 lr=6e-05 split=3
============================================================
Training for 5000 steps
Step    1 | loss 0.8581 | val_acc=0.8000 val_roc_auc=0.4176 val_loss=0.5468 val_metric_name=roc_auc val_metric=0.4176
Step   50 | loss 0.3577 | val_acc=0.8148 val_roc_auc=0.8418 val_loss=0.4206 val_metric_name=roc_auc val_metric=0.8418
Step  100 | loss 0.3014 | val_acc=0.8368 val_roc_auc=0.8855 val_loss=0.3391 val_metric_name=roc_auc val_metric=0.8855
Step  150 | loss 0.2924 | val_acc=0.8440 val_roc_auc=0.8920 val_loss=0.3356 val_metric_name=roc_auc val_metric=0.8920
Step  200 | loss 0.2822 | val_acc=0.8480 val_roc_auc=0.8948 val_loss=0.3320 val_metric_name=roc_auc val_metric=0.8948
Step  250 | loss 0.2746 | val_acc=0.8504 val_roc_auc=0.8956 val_loss=0.3341 val_metric_name=roc_auc val_metric=0.8956
Step  300 | loss 0.2669 | val_acc=0.8432 val_roc_auc=0.8970 val_loss=0.3381 val_metric_name=roc_auc val_metric=0.8970
Step  350 | loss 0.2600 | val_acc=0.8484 val_roc_auc=0.8981 val_loss=0.3338 val_metric_name=roc_auc val_metric=0.8981
Step  400 | loss 0.2541 | val_acc=0.8548 val_roc_auc=0.9011 val_loss=0.3320 val_metric_name=roc_auc val_metric=0.9011
Step  450 | loss 0.2446 | val_acc=0.8592 val_roc_auc=0.9056 val_loss=0.3330 val_metric_name=roc_auc val_metric=0.9056
Step  500 | loss 0.2349 | val_acc=0.8612 val_roc_auc=0.9106 val_loss=0.3201 val_metric_name=roc_auc val_metric=0.9106
Step  550 | loss 0.2182 | val_acc=0.8692 val_roc_auc=0.9131 val_loss=0.3246 val_metric_name=roc_auc val_metric=0.9131
Step  600 | loss 0.2080 | val_acc=0.8672 val_roc_auc=0.9111 val_loss=0.3415 val_metric_name=roc_auc val_metric=0.9111
Step  650 | loss 0.2003 | val_acc=0.8744 val_roc_auc=0.9150 val_loss=0.3379 val_metric_name=roc_auc val_metric=0.9150
Step  700 | loss 0.1893 | val_acc=0.8676 val_roc_auc=0.9090 val_loss=0.3613 val_metric_name=roc_auc val_metric=0.9090
Step  750 | loss 0.1798 | val_acc=0.8624 val_roc_auc=0.9036 val_loss=0.3911 val_metric_name=roc_auc val_metric=0.9036
Step  800 | loss 0.1718 | val_acc=0.8640 val_roc_auc=0.9027 val_loss=0.4140 val_metric_name=roc_auc val_metric=0.9027
Step  850 | loss 0.1658 | val_acc=0.8568 val_roc_auc=0.8982 val_loss=0.4327 val_metric_name=roc_auc val_metric=0.8982
Step  900 | loss 0.1534 | val_acc=0.8508 val_roc_auc=0.8932 val_loss=0.4509 val_metric_name=roc_auc val_metric=0.8932
Early stopping at step 920

--- Final (best ckpt @ step 620) ---
  train_acc=0.9282 train_roc_auc=0.9714 train_loss=0.1686 train_metric_name=roc_auc train_metric=0.9714
  val_acc=0.8680 val_roc_auc=0.9152 val_loss=0.3305 val_metric_name=roc_auc val_metric=0.9152
  test_acc=0.8668 test_roc_auc=0.9162 test_loss=0.3222 test_metric_name=roc_auc test_metric=0.9162
  test_roc_auc=0.9162

============================================================
Training minesweeper GT-sep 4L h=384 lr=0.0001 split=3
============================================================
Training for 5000 steps
Step    1 | loss 0.8581 | val_acc=0.8000 val_roc_auc=0.4243 val_loss=0.7156 val_metric_name=roc_auc val_metric=0.4243
Step   50 | loss 0.3329 | val_acc=0.8144 val_roc_auc=0.8583 val_loss=0.3776 val_metric_name=roc_auc val_metric=0.8583
Step  100 | loss 0.2919 | val_acc=0.8460 val_roc_auc=0.8908 val_loss=0.3314 val_metric_name=roc_auc val_metric=0.8908
Step  150 | loss 0.2832 | val_acc=0.8508 val_roc_auc=0.8949 val_loss=0.3295 val_metric_name=roc_auc val_metric=0.8949
Step  200 | loss 0.2726 | val_acc=0.8468 val_roc_auc=0.8973 val_loss=0.3280 val_metric_name=roc_auc val_metric=0.8973
Step  250 | loss 0.2622 | val_acc=0.8432 val_roc_auc=0.8955 val_loss=0.3368 val_metric_name=roc_auc val_metric=0.8955
Step  300 | loss 0.2518 | val_acc=0.8516 val_roc_auc=0.9002 val_loss=0.3320 val_metric_name=roc_auc val_metric=0.9002
Step  350 | loss 0.2375 | val_acc=0.8624 val_roc_auc=0.9043 val_loss=0.3334 val_metric_name=roc_auc val_metric=0.9043
Step  400 | loss 0.2231 | val_acc=0.8632 val_roc_auc=0.9101 val_loss=0.3266 val_metric_name=roc_auc val_metric=0.9101
Step  450 | loss 0.2069 | val_acc=0.8680 val_roc_auc=0.9120 val_loss=0.3449 val_metric_name=roc_auc val_metric=0.9120
Step  500 | loss 0.1866 | val_acc=0.8632 val_roc_auc=0.9087 val_loss=0.3627 val_metric_name=roc_auc val_metric=0.9087
Step  550 | loss 0.1728 | val_acc=0.8616 val_roc_auc=0.9020 val_loss=0.3940 val_metric_name=roc_auc val_metric=0.9020
Step  600 | loss 0.1611 | val_acc=0.8508 val_roc_auc=0.8960 val_loss=0.4446 val_metric_name=roc_auc val_metric=0.8960
Step  650 | loss 0.1417 | val_acc=0.8572 val_roc_auc=0.8968 val_loss=0.4702 val_metric_name=roc_auc val_metric=0.8968
Step  700 | loss 0.1292 | val_acc=0.8468 val_roc_auc=0.8885 val_loss=0.5184 val_metric_name=roc_auc val_metric=0.8885
Early stopping at step 744

--- Final (best ckpt @ step 420) ---
  train_acc=0.9208 train_roc_auc=0.9654 train_loss=0.1857 train_metric_name=roc_auc train_metric=0.9654
  val_acc=0.8684 val_roc_auc=0.9126 val_loss=0.3269 val_metric_name=roc_auc val_metric=0.9126
  test_acc=0.8676 test_roc_auc=0.9146 test_loss=0.3197 test_metric_name=roc_auc test_metric=0.9146
  test_roc_auc=0.9146

============================================================
Training minesweeper GT-sep 4L h=384 lr=1e-05 split=3
============================================================
Training for 5000 steps
Step    1 | loss 0.8581 | val_acc=0.5016 val_roc_auc=0.3907 val_loss=0.7193 val_metric_name=roc_auc val_metric=0.3907
Step   50 | loss 0.4901 | val_acc=0.8000 val_roc_auc=0.7275 val_loss=0.5174 val_metric_name=roc_auc val_metric=0.7275
Step  100 | loss 0.4376 | val_acc=0.8000 val_roc_auc=0.7999 val_loss=0.4465 val_metric_name=roc_auc val_metric=0.7999
Step  150 | loss 0.3735 | val_acc=0.8136 val_roc_auc=0.8373 val_loss=0.4222 val_metric_name=roc_auc val_metric=0.8373
Step  200 | loss 0.3448 | val_acc=0.8160 val_roc_auc=0.8565 val_loss=0.3888 val_metric_name=roc_auc val_metric=0.8565
Step  250 | loss 0.3225 | val_acc=0.8320 val_roc_auc=0.8688 val_loss=0.3686 val_metric_name=roc_auc val_metric=0.8688
Step  300 | loss 0.3121 | val_acc=0.8336 val_roc_auc=0.8769 val_loss=0.3586 val_metric_name=roc_auc val_metric=0.8769
Step  350 | loss 0.3046 | val_acc=0.8344 val_roc_auc=0.8821 val_loss=0.3527 val_metric_name=roc_auc val_metric=0.8821
Step  400 | loss 0.3066 | val_acc=0.8364 val_roc_auc=0.8845 val_loss=0.3514 val_metric_name=roc_auc val_metric=0.8845
Step  450 | loss 0.2992 | val_acc=0.8388 val_roc_auc=0.8869 val_loss=0.3494 val_metric_name=roc_auc val_metric=0.8869
Step  500 | loss 0.2938 | val_acc=0.8388 val_roc_auc=0.8891 val_loss=0.3461 val_metric_name=roc_auc val_metric=0.8891
Step  550 | loss 0.2929 | val_acc=0.8416 val_roc_auc=0.8907 val_loss=0.3434 val_metric_name=roc_auc val_metric=0.8907
Step  600 | loss 0.2890 | val_acc=0.8436 val_roc_auc=0.8919 val_loss=0.3405 val_metric_name=roc_auc val_metric=0.8919
Step  650 | loss 0.2894 | val_acc=0.8440 val_roc_auc=0.8926 val_loss=0.3415 val_metric_name=roc_auc val_metric=0.8926
Step  700 | loss 0.2853 | val_acc=0.8444 val_roc_auc=0.8937 val_loss=0.3396 val_metric_name=roc_auc val_metric=0.8937
Step  750 | loss 0.2793 | val_acc=0.8472 val_roc_auc=0.8944 val_loss=0.3371 val_metric_name=roc_auc val_metric=0.8944
Step  800 | loss 0.2883 | val_acc=0.8444 val_roc_auc=0.8947 val_loss=0.3386 val_metric_name=roc_auc val_metric=0.8947
Step  850 | loss 0.2834 | val_acc=0.8476 val_roc_auc=0.8950 val_loss=0.3377 val_metric_name=roc_auc val_metric=0.8950
Step  900 | loss 0.2761 | val_acc=0.8496 val_roc_auc=0.8956 val_loss=0.3374 val_metric_name=roc_auc val_metric=0.8956
Step  950 | loss 0.2771 | val_acc=0.8520 val_roc_auc=0.8957 val_loss=0.3376 val_metric_name=roc_auc val_metric=0.8957
Step 1000 | loss 0.2737 | val_acc=0.8512 val_roc_auc=0.8954 val_loss=0.3384 val_metric_name=roc_auc val_metric=0.8954
Step 1050 | loss 0.2752 | val_acc=0.8520 val_roc_auc=0.8963 val_loss=0.3386 val_metric_name=roc_auc val_metric=0.8963
Step 1100 | loss 0.2721 | val_acc=0.8512 val_roc_auc=0.8977 val_loss=0.3372 val_metric_name=roc_auc val_metric=0.8977
Step 1150 | loss 0.2695 | val_acc=0.8496 val_roc_auc=0.8978 val_loss=0.3368 val_metric_name=roc_auc val_metric=0.8978
Step 1200 | loss 0.2693 | val_acc=0.8520 val_roc_auc=0.8984 val_loss=0.3365 val_metric_name=roc_auc val_metric=0.8984
Step 1250 | loss 0.2659 | val_acc=0.8508 val_roc_auc=0.8986 val_loss=0.3357 val_metric_name=roc_auc val_metric=0.8986
Step 1300 | loss 0.2647 | val_acc=0.8504 val_roc_auc=0.9001 val_loss=0.3335 val_metric_name=roc_auc val_metric=0.9001
Step 1350 | loss 0.2641 | val_acc=0.8524 val_roc_auc=0.9011 val_loss=0.3321 val_metric_name=roc_auc val_metric=0.9011
Step 1400 | loss 0.2598 | val_acc=0.8548 val_roc_auc=0.9027 val_loss=0.3295 val_metric_name=roc_auc val_metric=0.9027
Step 1450 | loss 0.2570 | val_acc=0.8560 val_roc_auc=0.9028 val_loss=0.3289 val_metric_name=roc_auc val_metric=0.9028
Step 1500 | loss 0.2548 | val_acc=0.8560 val_roc_auc=0.9040 val_loss=0.3268 val_metric_name=roc_auc val_metric=0.9040
Step 1550 | loss 0.2537 | val_acc=0.8600 val_roc_auc=0.9045 val_loss=0.3275 val_metric_name=roc_auc val_metric=0.9045
Step 1600 | loss 0.2515 | val_acc=0.8628 val_roc_auc=0.9063 val_loss=0.3251 val_metric_name=roc_auc val_metric=0.9063
Step 1650 | loss 0.2484 | val_acc=0.8612 val_roc_auc=0.9068 val_loss=0.3258 val_metric_name=roc_auc val_metric=0.9068
Step 1700 | loss 0.2450 | val_acc=0.8620 val_roc_auc=0.9072 val_loss=0.3264 val_metric_name=roc_auc val_metric=0.9072
Step 1750 | loss 0.2455 | val_acc=0.8620 val_roc_auc=0.9080 val_loss=0.3246 val_metric_name=roc_auc val_metric=0.9080
Step 1800 | loss 0.2414 | val_acc=0.8624 val_roc_auc=0.9083 val_loss=0.3269 val_metric_name=roc_auc val_metric=0.9083
Step 1850 | loss 0.2459 | val_acc=0.8596 val_roc_auc=0.9087 val_loss=0.3296 val_metric_name=roc_auc val_metric=0.9087
Step 1900 | loss 0.2412 | val_acc=0.8652 val_roc_auc=0.9102 val_loss=0.3252 val_metric_name=roc_auc val_metric=0.9102
Step 1950 | loss 0.2316 | val_acc=0.8644 val_roc_auc=0.9108 val_loss=0.3255 val_metric_name=roc_auc val_metric=0.9108
Step 2000 | loss 0.2361 | val_acc=0.8644 val_roc_auc=0.9111 val_loss=0.3242 val_metric_name=roc_auc val_metric=0.9111
Step 2050 | loss 0.2309 | val_acc=0.8652 val_roc_auc=0.9125 val_loss=0.3245 val_metric_name=roc_auc val_metric=0.9125
Step 2100 | loss 0.2249 | val_acc=0.8692 val_roc_auc=0.9137 val_loss=0.3215 val_metric_name=roc_auc val_metric=0.9137
Step 2150 | loss 0.2237 | val_acc=0.8704 val_roc_auc=0.9146 val_loss=0.3195 val_metric_name=roc_auc val_metric=0.9146
Step 2200 | loss 0.2245 | val_acc=0.8712 val_roc_auc=0.9156 val_loss=0.3178 val_metric_name=roc_auc val_metric=0.9156
Step 2250 | loss 0.2190 | val_acc=0.8756 val_roc_auc=0.9165 val_loss=0.3195 val_metric_name=roc_auc val_metric=0.9165
Step 2300 | loss 0.2165 | val_acc=0.8732 val_roc_auc=0.9176 val_loss=0.3187 val_metric_name=roc_auc val_metric=0.9176
Step 2350 | loss 0.2162 | val_acc=0.8712 val_roc_auc=0.9182 val_loss=0.3183 val_metric_name=roc_auc val_metric=0.9182
Step 2400 | loss 0.2130 | val_acc=0.8748 val_roc_auc=0.9175 val_loss=0.3220 val_metric_name=roc_auc val_metric=0.9175
Step 2450 | loss 0.2133 | val_acc=0.8752 val_roc_auc=0.9183 val_loss=0.3224 val_metric_name=roc_auc val_metric=0.9183
Step 2500 | loss 0.2060 | val_acc=0.8720 val_roc_auc=0.9179 val_loss=0.3235 val_metric_name=roc_auc val_metric=0.9179
Step 2550 | loss 0.2056 | val_acc=0.8712 val_roc_auc=0.9175 val_loss=0.3293 val_metric_name=roc_auc val_metric=0.9175
Step 2600 | loss 0.2071 | val_acc=0.8732 val_roc_auc=0.9178 val_loss=0.3296 val_metric_name=roc_auc val_metric=0.9178
Step 2650 | loss 0.2043 | val_acc=0.8700 val_roc_auc=0.9168 val_loss=0.3347 val_metric_name=roc_auc val_metric=0.9168
Step 2700 | loss 0.2013 | val_acc=0.8708 val_roc_auc=0.9166 val_loss=0.3390 val_metric_name=roc_auc val_metric=0.9166
Step 2750 | loss 0.2006 | val_acc=0.8716 val_roc_auc=0.9161 val_loss=0.3412 val_metric_name=roc_auc val_metric=0.9161
Step 2800 | loss 0.1968 | val_acc=0.8720 val_roc_auc=0.9153 val_loss=0.3439 val_metric_name=roc_auc val_metric=0.9153
Step 2850 | loss 0.1904 | val_acc=0.8724 val_roc_auc=0.9142 val_loss=0.3487 val_metric_name=roc_auc val_metric=0.9142
Early stopping at step 2877

--- Final (best ckpt @ step 2360) ---
  train_acc=0.9176 train_roc_auc=0.9650 train_loss=0.1875 train_metric_name=roc_auc train_metric=0.9650
  val_acc=0.8744 val_roc_auc=0.9185 val_loss=0.3181 val_metric_name=roc_auc val_metric=0.9185
  test_acc=0.8772 test_roc_auc=0.9218 test_loss=0.3058 test_metric_name=roc_auc test_metric=0.9218
  test_roc_auc=0.9218

============================================================
Training minesweeper GT-sep 4L h=512 lr=3e-05 split=3
============================================================
Training for 5000 steps
Step    1 | loss 0.5856 | val_acc=0.8000 val_roc_auc=0.5158 val_loss=0.5764 val_metric_name=roc_auc val_metric=0.5158
Step   50 | loss 0.3348 | val_acc=0.8196 val_roc_auc=0.8587 val_loss=0.3678 val_metric_name=roc_auc val_metric=0.8587
Step  100 | loss 0.2938 | val_acc=0.8360 val_roc_auc=0.8836 val_loss=0.3509 val_metric_name=roc_auc val_metric=0.8836
Step  150 | loss 0.2887 | val_acc=0.8448 val_roc_auc=0.8912 val_loss=0.3364 val_metric_name=roc_auc val_metric=0.8912
Step  200 | loss 0.2826 | val_acc=0.8496 val_roc_auc=0.8944 val_loss=0.3321 val_metric_name=roc_auc val_metric=0.8944
Step  250 | loss 0.2790 | val_acc=0.8508 val_roc_auc=0.8964 val_loss=0.3329 val_metric_name=roc_auc val_metric=0.8964
Step  300 | loss 0.2704 | val_acc=0.8476 val_roc_auc=0.8967 val_loss=0.3394 val_metric_name=roc_auc val_metric=0.8967
Step  350 | loss 0.2643 | val_acc=0.8448 val_roc_auc=0.8971 val_loss=0.3442 val_metric_name=roc_auc val_metric=0.8971
Step  400 | loss 0.2575 | val_acc=0.8516 val_roc_auc=0.9017 val_loss=0.3322 val_metric_name=roc_auc val_metric=0.9017
Step  450 | loss 0.2475 | val_acc=0.8600 val_roc_auc=0.9035 val_loss=0.3330 val_metric_name=roc_auc val_metric=0.9035
Step  500 | loss 0.2433 | val_acc=0.8604 val_roc_auc=0.9038 val_loss=0.3337 val_metric_name=roc_auc val_metric=0.9038
Step  550 | loss 0.2344 | val_acc=0.8552 val_roc_auc=0.9050 val_loss=0.3420 val_metric_name=roc_auc val_metric=0.9050
Step  600 | loss 0.2247 | val_acc=0.8572 val_roc_auc=0.9068 val_loss=0.3474 val_metric_name=roc_auc val_metric=0.9068
Step  650 | loss 0.2166 | val_acc=0.8640 val_roc_auc=0.9109 val_loss=0.3417 val_metric_name=roc_auc val_metric=0.9109
Step  700 | loss 0.2075 | val_acc=0.8668 val_roc_auc=0.9125 val_loss=0.3474 val_metric_name=roc_auc val_metric=0.9125
Step  750 | loss 0.1942 | val_acc=0.8652 val_roc_auc=0.9124 val_loss=0.3560 val_metric_name=roc_auc val_metric=0.9124
Step  800 | loss 0.1901 | val_acc=0.8640 val_roc_auc=0.9105 val_loss=0.3698 val_metric_name=roc_auc val_metric=0.9105
Step  850 | loss 0.1918 | val_acc=0.8604 val_roc_auc=0.9067 val_loss=0.3885 val_metric_name=roc_auc val_metric=0.9067
Step  900 | loss 0.1738 | val_acc=0.8600 val_roc_auc=0.9054 val_loss=0.3985 val_metric_name=roc_auc val_metric=0.9054
Step  950 | loss 0.1678 | val_acc=0.8560 val_roc_auc=0.9034 val_loss=0.4151 val_metric_name=roc_auc val_metric=0.9034
Step 1000 | loss 0.1584 | val_acc=0.8532 val_roc_auc=0.9025 val_loss=0.4367 val_metric_name=roc_auc val_metric=0.9025
Early stopping at step 1020

--- Final (best ckpt @ step 720) ---
  train_acc=0.9220 train_roc_auc=0.9684 train_loss=0.1787 train_metric_name=roc_auc train_metric=0.9684
  val_acc=0.8700 val_roc_auc=0.9132 val_loss=0.3519 val_metric_name=roc_auc val_metric=0.9132
  test_acc=0.8696 test_roc_auc=0.9142 test_loss=0.3439 test_metric_name=roc_auc test_metric=0.9142
  test_roc_auc=0.9142

============================================================
Training minesweeper GT-sep 4L h=512 lr=6e-05 split=3
============================================================
Training for 5000 steps
Step    1 | loss 0.5856 | val_acc=0.8000 val_roc_auc=0.5530 val_loss=0.8030 val_metric_name=roc_auc val_metric=0.5530
Step   50 | loss 0.3094 | val_acc=0.8396 val_roc_auc=0.8743 val_loss=0.3489 val_metric_name=roc_auc val_metric=0.8743
Step  100 | loss 0.2846 | val_acc=0.8444 val_roc_auc=0.8917 val_loss=0.3328 val_metric_name=roc_auc val_metric=0.8917
Step  150 | loss 0.2776 | val_acc=0.8476 val_roc_auc=0.8938 val_loss=0.3321 val_metric_name=roc_auc val_metric=0.8938
Step  200 | loss 0.2684 | val_acc=0.8476 val_roc_auc=0.8955 val_loss=0.3343 val_metric_name=roc_auc val_metric=0.8955
Step  250 | loss 0.2617 | val_acc=0.8500 val_roc_auc=0.8991 val_loss=0.3375 val_metric_name=roc_auc val_metric=0.8991
Step  300 | loss 0.2506 | val_acc=0.8552 val_roc_auc=0.9015 val_loss=0.3356 val_metric_name=roc_auc val_metric=0.9015
Step  350 | loss 0.2363 | val_acc=0.8564 val_roc_auc=0.9007 val_loss=0.3448 val_metric_name=roc_auc val_metric=0.9007
Step  400 | loss 0.2238 | val_acc=0.8564 val_roc_auc=0.9028 val_loss=0.3424 val_metric_name=roc_auc val_metric=0.9028
Step  450 | loss 0.2083 | val_acc=0.8652 val_roc_auc=0.9078 val_loss=0.3538 val_metric_name=roc_auc val_metric=0.9078
Step  500 | loss 0.2010 | val_acc=0.8640 val_roc_auc=0.9082 val_loss=0.3645 val_metric_name=roc_auc val_metric=0.9082
Step  550 | loss 0.1812 | val_acc=0.8580 val_roc_auc=0.9024 val_loss=0.3955 val_metric_name=roc_auc val_metric=0.9024
Step  600 | loss 0.1664 | val_acc=0.8544 val_roc_auc=0.9011 val_loss=0.4272 val_metric_name=roc_auc val_metric=0.9011
Step  650 | loss 0.1538 | val_acc=0.8508 val_roc_auc=0.8957 val_loss=0.4654 val_metric_name=roc_auc val_metric=0.8957
Step  700 | loss 0.1480 | val_acc=0.8500 val_roc_auc=0.8955 val_loss=0.4852 val_metric_name=roc_auc val_metric=0.8955
Step  750 | loss 0.1275 | val_acc=0.8512 val_roc_auc=0.8939 val_loss=0.5204 val_metric_name=roc_auc val_metric=0.8939
Early stopping at step 760

--- Final (best ckpt @ step 460) ---
  train_acc=0.9200 train_roc_auc=0.9668 train_loss=0.1800 train_metric_name=roc_auc train_metric=0.9668
  val_acc=0.8652 val_roc_auc=0.9087 val_loss=0.3440 val_metric_name=roc_auc val_metric=0.9087
  test_acc=0.8640 test_roc_auc=0.9073 test_loss=0.3440 test_metric_name=roc_auc test_metric=0.9073
  test_roc_auc=0.9073

============================================================
Training minesweeper GT-sep 4L h=512 lr=0.0001 split=3
============================================================
Training for 5000 steps
Step    1 | loss 0.5856 | val_acc=0.8000 val_roc_auc=0.5855 val_loss=1.0937 val_metric_name=roc_auc val_metric=0.5855
Step   50 | loss 0.3020 | val_acc=0.8424 val_roc_auc=0.8823 val_loss=0.3418 val_metric_name=roc_auc val_metric=0.8823
Step  100 | loss 0.2793 | val_acc=0.8452 val_roc_auc=0.8924 val_loss=0.3301 val_metric_name=roc_auc val_metric=0.8924
Step  150 | loss 0.2698 | val_acc=0.8468 val_roc_auc=0.8957 val_loss=0.3330 val_metric_name=roc_auc val_metric=0.8957
Step  200 | loss 0.2600 | val_acc=0.8444 val_roc_auc=0.8982 val_loss=0.3435 val_metric_name=roc_auc val_metric=0.8982
Step  250 | loss 0.2453 | val_acc=0.8556 val_roc_auc=0.9012 val_loss=0.3378 val_metric_name=roc_auc val_metric=0.9012
Step  300 | loss 0.2295 | val_acc=0.8528 val_roc_auc=0.9005 val_loss=0.3503 val_metric_name=roc_auc val_metric=0.9005
Step  350 | loss 0.2101 | val_acc=0.8472 val_roc_auc=0.8978 val_loss=0.3774 val_metric_name=roc_auc val_metric=0.8978
Step  400 | loss 0.1866 | val_acc=0.8488 val_roc_auc=0.8910 val_loss=0.4218 val_metric_name=roc_auc val_metric=0.8910
Step  450 | loss 0.1685 | val_acc=0.8456 val_roc_auc=0.8894 val_loss=0.4694 val_metric_name=roc_auc val_metric=0.8894
Step  500 | loss 0.1563 | val_acc=0.8392 val_roc_auc=0.8860 val_loss=0.5093 val_metric_name=roc_auc val_metric=0.8860
Step  550 | loss 0.1307 | val_acc=0.8432 val_roc_auc=0.8861 val_loss=0.5447 val_metric_name=roc_auc val_metric=0.8861
Early stopping at step 569

--- Final (best ckpt @ step 250) ---
  train_acc=0.8918 train_roc_auc=0.9460 train_loss=0.2301 train_metric_name=roc_auc train_metric=0.9460
  val_acc=0.8556 val_roc_auc=0.9012 val_loss=0.3378 val_metric_name=roc_auc val_metric=0.9012
  test_acc=0.8580 test_roc_auc=0.9058 test_loss=0.3247 test_metric_name=roc_auc test_metric=0.9058
  test_roc_auc=0.9058

============================================================
Training minesweeper GT-sep 4L h=512 lr=1e-05 split=3
============================================================
Training for 5000 steps
Step    1 | loss 0.5856 | val_acc=0.8000 val_roc_auc=0.4915 val_loss=0.5046 val_metric_name=roc_auc val_metric=0.4915
Step   50 | loss 0.4156 | val_acc=0.7984 val_roc_auc=0.8177 val_loss=0.4149 val_metric_name=roc_auc val_metric=0.8177
Step  100 | loss 0.3357 | val_acc=0.8204 val_roc_auc=0.8566 val_loss=0.3780 val_metric_name=roc_auc val_metric=0.8566
Step  150 | loss 0.3147 | val_acc=0.8364 val_roc_auc=0.8731 val_loss=0.3564 val_metric_name=roc_auc val_metric=0.8731
Step  200 | loss 0.3042 | val_acc=0.8352 val_roc_auc=0.8821 val_loss=0.3502 val_metric_name=roc_auc val_metric=0.8821
Step  250 | loss 0.2985 | val_acc=0.8400 val_roc_auc=0.8874 val_loss=0.3442 val_metric_name=roc_auc val_metric=0.8874
Step  300 | loss 0.2955 | val_acc=0.8448 val_roc_auc=0.8903 val_loss=0.3439 val_metric_name=roc_auc val_metric=0.8903
Step  350 | loss 0.2914 | val_acc=0.8444 val_roc_auc=0.8921 val_loss=0.3395 val_metric_name=roc_auc val_metric=0.8921
Step  400 | loss 0.2882 | val_acc=0.8480 val_roc_auc=0.8939 val_loss=0.3345 val_metric_name=roc_auc val_metric=0.8939
Step  450 | loss 0.2843 | val_acc=0.8480 val_roc_auc=0.8947 val_loss=0.3367 val_metric_name=roc_auc val_metric=0.8947
Step  500 | loss 0.2805 | val_acc=0.8504 val_roc_auc=0.8952 val_loss=0.3350 val_metric_name=roc_auc val_metric=0.8952
Step  550 | loss 0.2806 | val_acc=0.8484 val_roc_auc=0.8953 val_loss=0.3379 val_metric_name=roc_auc val_metric=0.8953
Step  600 | loss 0.2748 | val_acc=0.8508 val_roc_auc=0.8956 val_loss=0.3381 val_metric_name=roc_auc val_metric=0.8956
Step  650 | loss 0.2727 | val_acc=0.8500 val_roc_auc=0.8961 val_loss=0.3367 val_metric_name=roc_auc val_metric=0.8961
Step  700 | loss 0.2692 | val_acc=0.8504 val_roc_auc=0.8972 val_loss=0.3361 val_metric_name=roc_auc val_metric=0.8972
Step  750 | loss 0.2676 | val_acc=0.8460 val_roc_auc=0.8970 val_loss=0.3429 val_metric_name=roc_auc val_metric=0.8970
Step  800 | loss 0.2607 | val_acc=0.8460 val_roc_auc=0.8975 val_loss=0.3408 val_metric_name=roc_auc val_metric=0.8975
Step  850 | loss 0.2655 | val_acc=0.8492 val_roc_auc=0.8986 val_loss=0.3393 val_metric_name=roc_auc val_metric=0.8986
Step  900 | loss 0.2614 | val_acc=0.8544 val_roc_auc=0.9010 val_loss=0.3347 val_metric_name=roc_auc val_metric=0.9010
Step  950 | loss 0.2545 | val_acc=0.8560 val_roc_auc=0.9021 val_loss=0.3323 val_metric_name=roc_auc val_metric=0.9021
Step 1000 | loss 0.2565 | val_acc=0.8592 val_roc_auc=0.9038 val_loss=0.3299 val_metric_name=roc_auc val_metric=0.9038
Step 1050 | loss 0.2506 | val_acc=0.8588 val_roc_auc=0.9038 val_loss=0.3324 val_metric_name=roc_auc val_metric=0.9038
Step 1100 | loss 0.2455 | val_acc=0.8604 val_roc_auc=0.9048 val_loss=0.3328 val_metric_name=roc_auc val_metric=0.9048
Step 1150 | loss 0.2471 | val_acc=0.8608 val_roc_auc=0.9059 val_loss=0.3326 val_metric_name=roc_auc val_metric=0.9059
Step 1200 | loss 0.2426 | val_acc=0.8600 val_roc_auc=0.9066 val_loss=0.3324 val_metric_name=roc_auc val_metric=0.9066
Step 1250 | loss 0.2376 | val_acc=0.8584 val_roc_auc=0.9072 val_loss=0.3336 val_metric_name=roc_auc val_metric=0.9072
Step 1300 | loss 0.2358 | val_acc=0.8596 val_roc_auc=0.9083 val_loss=0.3347 val_metric_name=roc_auc val_metric=0.9083
Step 1350 | loss 0.2321 | val_acc=0.8636 val_roc_auc=0.9098 val_loss=0.3344 val_metric_name=roc_auc val_metric=0.9098
Step 1400 | loss 0.2257 | val_acc=0.8652 val_roc_auc=0.9117 val_loss=0.3344 val_metric_name=roc_auc val_metric=0.9117
Step 1450 | loss 0.2163 | val_acc=0.8660 val_roc_auc=0.9139 val_loss=0.3352 val_metric_name=roc_auc val_metric=0.9139
Step 1500 | loss 0.2119 | val_acc=0.8652 val_roc_auc=0.9143 val_loss=0.3361 val_metric_name=roc_auc val_metric=0.9143
Step 1550 | loss 0.2095 | val_acc=0.8720 val_roc_auc=0.9159 val_loss=0.3386 val_metric_name=roc_auc val_metric=0.9159
Step 1600 | loss 0.2065 | val_acc=0.8676 val_roc_auc=0.9149 val_loss=0.3455 val_metric_name=roc_auc val_metric=0.9149
Step 1650 | loss 0.2056 | val_acc=0.8684 val_roc_auc=0.9143 val_loss=0.3452 val_metric_name=roc_auc val_metric=0.9143
Step 1700 | loss 0.2009 | val_acc=0.8696 val_roc_auc=0.9145 val_loss=0.3505 val_metric_name=roc_auc val_metric=0.9145
Step 1750 | loss 0.1982 | val_acc=0.8664 val_roc_auc=0.9134 val_loss=0.3576 val_metric_name=roc_auc val_metric=0.9134
Step 1800 | loss 0.1977 | val_acc=0.8684 val_roc_auc=0.9127 val_loss=0.3578 val_metric_name=roc_auc val_metric=0.9127
Step 1850 | loss 0.1952 | val_acc=0.8664 val_roc_auc=0.9119 val_loss=0.3670 val_metric_name=roc_auc val_metric=0.9119
Early stopping at step 1850

--- Final (best ckpt @ step 1550) ---
  train_acc=0.9140 train_roc_auc=0.9628 train_loss=0.1961 train_metric_name=roc_auc train_metric=0.9628
  val_acc=0.8720 val_roc_auc=0.9159 val_loss=0.3386 val_metric_name=roc_auc val_metric=0.9159
  test_acc=0.8720 test_roc_auc=0.9166 test_loss=0.3346 test_metric_name=roc_auc test_metric=0.9166
  test_roc_auc=0.9166
  >> num_layers=4 hidden_dim=256 lr=3e-05 best_step=1220 val_roc_auc=0.9204 test_roc_auc=0.9251
     val_acc=0.8736 val_loss=0.3144 val_metric=0.9204 val_metric_name=roc_auc val_roc_auc=0.9204
     test_acc=0.8784 test_loss=0.2957 test_metric=0.9251 test_metric_name=roc_auc test_roc_auc=0.9251
  >> num_layers=4 hidden_dim=256 lr=6e-05 best_step=660 val_roc_auc=0.9201 test_roc_auc=0.9245
     val_acc=0.8708 val_loss=0.3119 val_metric=0.9201 val_metric_name=roc_auc val_roc_auc=0.9201
     test_acc=0.8768 test_loss=0.2923 test_metric=0.9245 test_metric_name=roc_auc test_roc_auc=0.9245
  >> num_layers=4 hidden_dim=256 lr=0.0001 best_step=480 val_roc_auc=0.9189 test_roc_auc=0.9227
     val_acc=0.8712 val_loss=0.3205 val_metric=0.9189 val_metric_name=roc_auc val_roc_auc=0.9189
     test_acc=0.8720 test_loss=0.3050 test_metric=0.9227 test_metric_name=roc_auc test_roc_auc=0.9227
  >> num_layers=4 hidden_dim=256 lr=1e-05 best_step=3030 val_roc_auc=0.9216 test_roc_auc=0.9271
     val_acc=0.8764 val_loss=0.3062 val_metric=0.9216 val_metric_name=roc_auc val_roc_auc=0.9216
     test_acc=0.8780 test_loss=0.2870 test_metric=0.9271 test_metric_name=roc_auc test_roc_auc=0.9271
  >> num_layers=4 hidden_dim=384 lr=3e-05 best_step=1000 val_roc_auc=0.9179 test_roc_auc=0.9196
     val_acc=0.8724 val_loss=0.3200 val_metric=0.9179 val_metric_name=roc_auc val_roc_auc=0.9179
     test_acc=0.8728 test_loss=0.3131 test_metric=0.9196 test_metric_name=roc_auc test_roc_auc=0.9196
  >> num_layers=4 hidden_dim=384 lr=6e-05 best_step=620 val_roc_auc=0.9152 test_roc_auc=0.9162
     val_acc=0.8680 val_loss=0.3305 val_metric=0.9152 val_metric_name=roc_auc val_roc_auc=0.9152
     test_acc=0.8668 test_loss=0.3222 test_metric=0.9162 test_metric_name=roc_auc test_roc_auc=0.9162
  >> num_layers=4 hidden_dim=384 lr=0.0001 best_step=420 val_roc_auc=0.9126 test_roc_auc=0.9146
     val_acc=0.8684 val_loss=0.3269 val_metric=0.9126 val_metric_name=roc_auc val_roc_auc=0.9126
     test_acc=0.8676 test_loss=0.3197 test_metric=0.9146 test_metric_name=roc_auc test_roc_auc=0.9146
  >> num_layers=4 hidden_dim=384 lr=1e-05 best_step=2360 val_roc_auc=0.9185 test_roc_auc=0.9218
     val_acc=0.8744 val_loss=0.3181 val_metric=0.9185 val_metric_name=roc_auc val_roc_auc=0.9185
     test_acc=0.8772 test_loss=0.3058 test_metric=0.9218 test_metric_name=roc_auc test_roc_auc=0.9218
  >> num_layers=4 hidden_dim=512 lr=3e-05 best_step=720 val_roc_auc=0.9132 test_roc_auc=0.9142
     val_acc=0.8700 val_loss=0.3519 val_metric=0.9132 val_metric_name=roc_auc val_roc_auc=0.9132
     test_acc=0.8696 test_loss=0.3439 test_metric=0.9142 test_metric_name=roc_auc test_roc_auc=0.9142
  >> num_layers=4 hidden_dim=512 lr=6e-05 best_step=460 val_roc_auc=0.9087 test_roc_auc=0.9073
     val_acc=0.8652 val_loss=0.3440 val_metric=0.9087 val_metric_name=roc_auc val_roc_auc=0.9087
     test_acc=0.8640 test_loss=0.3440 test_metric=0.9073 test_metric_name=roc_auc test_roc_auc=0.9073
  >> num_layers=4 hidden_dim=512 lr=0.0001 best_step=250 val_roc_auc=0.9012 test_roc_auc=0.9058
     val_acc=0.8556 val_loss=0.3378 val_metric=0.9012 val_metric_name=roc_auc val_roc_auc=0.9012
     test_acc=0.8580 test_loss=0.3247 test_metric=0.9058 test_metric_name=roc_auc test_roc_auc=0.9058
  >> num_layers=4 hidden_dim=512 lr=1e-05 best_step=1550 val_roc_auc=0.9159 test_roc_auc=0.9166
     val_acc=0.8720 val_loss=0.3386 val_metric=0.9159 val_metric_name=roc_auc val_roc_auc=0.9159
     test_acc=0.8720 test_loss=0.3346 test_metric=0.9166 test_metric_name=roc_auc test_roc_auc=0.9166
  >> selected best (by val): num_layers=4 hidden_dim=256 lr=1e-05 val_roc_auc=0.9216 test_roc_auc=0.9271
     val_acc=0.8764 val_loss=0.3062 val_metric=0.9216 val_metric_name=roc_auc val_roc_auc=0.9216
     test_acc=0.8780 test_loss=0.2870 test_metric=0.9271 test_metric_name=roc_auc test_roc_auc=0.9271

Done. Results saved to /home/avshmelev/diploma_yandex_graphs/results_grid/minesweeper/base.csv, checkpoints in /home/avshmelev/diploma_yandex_graphs/all_checkpoints/minesweeper/base/
Skipping: "Done." found in /home/avshmelev/diploma_yandex_graphs/results_grid/minesweeper/logs_base/GT-sep_4L_split3.log
