Loading data...

============================================================
Training minesweeper GT-sep 4L h=256 lr=3e-05 split=2
============================================================
Training for 5000 steps
Step    1 | loss 0.8356 | val_acc=0.7840 val_roc_auc=0.4703 val_loss=0.6051 val_metric_name=roc_auc val_metric=0.4703
Step   50 | loss 0.4483 | val_acc=0.8000 val_roc_auc=0.7983 val_loss=0.4412 val_metric_name=roc_auc val_metric=0.7983
Step  100 | loss 0.3613 | val_acc=0.8264 val_roc_auc=0.8595 val_loss=0.3823 val_metric_name=roc_auc val_metric=0.8595
Step  150 | loss 0.3260 | val_acc=0.8336 val_roc_auc=0.8824 val_loss=0.3327 val_metric_name=roc_auc val_metric=0.8824
Step  200 | loss 0.3130 | val_acc=0.8440 val_roc_auc=0.8944 val_loss=0.3237 val_metric_name=roc_auc val_metric=0.8944
Step  250 | loss 0.3068 | val_acc=0.8448 val_roc_auc=0.8976 val_loss=0.3207 val_metric_name=roc_auc val_metric=0.8976
Step  300 | loss 0.2957 | val_acc=0.8436 val_roc_auc=0.8987 val_loss=0.3206 val_metric_name=roc_auc val_metric=0.8987
Step  350 | loss 0.2986 | val_acc=0.8456 val_roc_auc=0.9000 val_loss=0.3177 val_metric_name=roc_auc val_metric=0.9000
Step  400 | loss 0.2974 | val_acc=0.8460 val_roc_auc=0.9010 val_loss=0.3179 val_metric_name=roc_auc val_metric=0.9010
Step  450 | loss 0.2924 | val_acc=0.8476 val_roc_auc=0.9023 val_loss=0.3177 val_metric_name=roc_auc val_metric=0.9023
Step  500 | loss 0.2872 | val_acc=0.8472 val_roc_auc=0.9033 val_loss=0.3158 val_metric_name=roc_auc val_metric=0.9033
Step  550 | loss 0.2857 | val_acc=0.8504 val_roc_auc=0.9049 val_loss=0.3139 val_metric_name=roc_auc val_metric=0.9049
Step  600 | loss 0.2786 | val_acc=0.8532 val_roc_auc=0.9074 val_loss=0.3100 val_metric_name=roc_auc val_metric=0.9074
Step  650 | loss 0.2820 | val_acc=0.8584 val_roc_auc=0.9103 val_loss=0.3044 val_metric_name=roc_auc val_metric=0.9103
Step  700 | loss 0.2739 | val_acc=0.8624 val_roc_auc=0.9134 val_loss=0.2988 val_metric_name=roc_auc val_metric=0.9134
Step  750 | loss 0.2700 | val_acc=0.8664 val_roc_auc=0.9163 val_loss=0.2937 val_metric_name=roc_auc val_metric=0.9163
Step  800 | loss 0.2673 | val_acc=0.8724 val_roc_auc=0.9183 val_loss=0.2906 val_metric_name=roc_auc val_metric=0.9183
Step  850 | loss 0.2643 | val_acc=0.8744 val_roc_auc=0.9194 val_loss=0.2870 val_metric_name=roc_auc val_metric=0.9194
Step  900 | loss 0.2562 | val_acc=0.8776 val_roc_auc=0.9197 val_loss=0.2890 val_metric_name=roc_auc val_metric=0.9197
Step  950 | loss 0.2587 | val_acc=0.8788 val_roc_auc=0.9192 val_loss=0.2939 val_metric_name=roc_auc val_metric=0.9192
Step 1000 | loss 0.2476 | val_acc=0.8780 val_roc_auc=0.9210 val_loss=0.2931 val_metric_name=roc_auc val_metric=0.9210
Step 1050 | loss 0.2388 | val_acc=0.8788 val_roc_auc=0.9222 val_loss=0.2961 val_metric_name=roc_auc val_metric=0.9222
Step 1100 | loss 0.2402 | val_acc=0.8764 val_roc_auc=0.9224 val_loss=0.3003 val_metric_name=roc_auc val_metric=0.9224
Step 1150 | loss 0.2301 | val_acc=0.8760 val_roc_auc=0.9239 val_loss=0.2971 val_metric_name=roc_auc val_metric=0.9239
Step 1200 | loss 0.2261 | val_acc=0.8792 val_roc_auc=0.9242 val_loss=0.2971 val_metric_name=roc_auc val_metric=0.9242
Step 1250 | loss 0.2185 | val_acc=0.8824 val_roc_auc=0.9240 val_loss=0.3008 val_metric_name=roc_auc val_metric=0.9240
Step 1300 | loss 0.2206 | val_acc=0.8848 val_roc_auc=0.9235 val_loss=0.3044 val_metric_name=roc_auc val_metric=0.9235
Step 1350 | loss 0.2179 | val_acc=0.8808 val_roc_auc=0.9235 val_loss=0.3046 val_metric_name=roc_auc val_metric=0.9235
Step 1400 | loss 0.2095 | val_acc=0.8784 val_roc_auc=0.9229 val_loss=0.3091 val_metric_name=roc_auc val_metric=0.9229
Step 1450 | loss 0.2044 | val_acc=0.8756 val_roc_auc=0.9217 val_loss=0.3128 val_metric_name=roc_auc val_metric=0.9217
Step 1500 | loss 0.2081 | val_acc=0.8760 val_roc_auc=0.9215 val_loss=0.3187 val_metric_name=roc_auc val_metric=0.9215
Step 1550 | loss 0.2029 | val_acc=0.8740 val_roc_auc=0.9212 val_loss=0.3203 val_metric_name=roc_auc val_metric=0.9212
Early stopping at step 1584

--- Final (best ckpt @ step 1240) ---
  train_acc=0.9138 train_roc_auc=0.9613 train_loss=0.1973 train_metric_name=roc_auc train_metric=0.9613
  val_acc=0.8812 val_roc_auc=0.9248 val_loss=0.2978 val_metric_name=roc_auc val_metric=0.9248
  test_acc=0.8712 test_roc_auc=0.9211 test_loss=0.2983 test_metric_name=roc_auc test_metric=0.9211
  test_roc_auc=0.9211

============================================================
Training minesweeper GT-sep 4L h=256 lr=6e-05 split=2
============================================================
Training for 5000 steps
Step    1 | loss 0.8356 | val_acc=0.8000 val_roc_auc=0.4835 val_loss=0.5161 val_metric_name=roc_auc val_metric=0.4835
Step   50 | loss 0.3870 | val_acc=0.8192 val_roc_auc=0.8319 val_loss=0.3977 val_metric_name=roc_auc val_metric=0.8319
Step  100 | loss 0.3187 | val_acc=0.8328 val_roc_auc=0.8864 val_loss=0.3293 val_metric_name=roc_auc val_metric=0.8864
Step  150 | loss 0.3022 | val_acc=0.8472 val_roc_auc=0.8981 val_loss=0.3202 val_metric_name=roc_auc val_metric=0.8981
Step  200 | loss 0.2978 | val_acc=0.8472 val_roc_auc=0.8998 val_loss=0.3173 val_metric_name=roc_auc val_metric=0.8998
Step  250 | loss 0.2939 | val_acc=0.8496 val_roc_auc=0.9014 val_loss=0.3159 val_metric_name=roc_auc val_metric=0.9014
Step  300 | loss 0.2854 | val_acc=0.8468 val_roc_auc=0.9033 val_loss=0.3149 val_metric_name=roc_auc val_metric=0.9033
Step  350 | loss 0.2826 | val_acc=0.8516 val_roc_auc=0.9071 val_loss=0.3102 val_metric_name=roc_auc val_metric=0.9071
Step  400 | loss 0.2787 | val_acc=0.8600 val_roc_auc=0.9120 val_loss=0.3046 val_metric_name=roc_auc val_metric=0.9120
Step  450 | loss 0.2706 | val_acc=0.8680 val_roc_auc=0.9170 val_loss=0.2937 val_metric_name=roc_auc val_metric=0.9170
Step  500 | loss 0.2614 | val_acc=0.8740 val_roc_auc=0.9187 val_loss=0.2914 val_metric_name=roc_auc val_metric=0.9187
Step  550 | loss 0.2566 | val_acc=0.8760 val_roc_auc=0.9188 val_loss=0.2945 val_metric_name=roc_auc val_metric=0.9188
Step  600 | loss 0.2468 | val_acc=0.8772 val_roc_auc=0.9194 val_loss=0.2960 val_metric_name=roc_auc val_metric=0.9194
Step  650 | loss 0.2377 | val_acc=0.8784 val_roc_auc=0.9204 val_loss=0.3031 val_metric_name=roc_auc val_metric=0.9204
Step  700 | loss 0.2306 | val_acc=0.8784 val_roc_auc=0.9224 val_loss=0.3008 val_metric_name=roc_auc val_metric=0.9224
Step  750 | loss 0.2210 | val_acc=0.8836 val_roc_auc=0.9233 val_loss=0.3054 val_metric_name=roc_auc val_metric=0.9233
Step  800 | loss 0.2164 | val_acc=0.8808 val_roc_auc=0.9210 val_loss=0.3197 val_metric_name=roc_auc val_metric=0.9210
Step  850 | loss 0.2073 | val_acc=0.8792 val_roc_auc=0.9208 val_loss=0.3170 val_metric_name=roc_auc val_metric=0.9208
Step  900 | loss 0.1973 | val_acc=0.8792 val_roc_auc=0.9203 val_loss=0.3273 val_metric_name=roc_auc val_metric=0.9203
Step  950 | loss 0.2000 | val_acc=0.8760 val_roc_auc=0.9177 val_loss=0.3400 val_metric_name=roc_auc val_metric=0.9177
Step 1000 | loss 0.1883 | val_acc=0.8764 val_roc_auc=0.9157 val_loss=0.3503 val_metric_name=roc_auc val_metric=0.9157
Early stopping at step 1030

--- Final (best ckpt @ step 730) ---
  train_acc=0.9160 train_roc_auc=0.9623 train_loss=0.1942 train_metric_name=roc_auc train_metric=0.9623
  val_acc=0.8836 val_roc_auc=0.9236 val_loss=0.3004 val_metric_name=roc_auc val_metric=0.9236
  test_acc=0.8692 test_roc_auc=0.9204 test_loss=0.2982 test_metric_name=roc_auc test_metric=0.9204
  test_roc_auc=0.9204

============================================================
Training minesweeper GT-sep 4L h=256 lr=0.0001 split=2
============================================================
Training for 5000 steps
Step    1 | loss 0.8356 | val_acc=0.8000 val_roc_auc=0.4996 val_loss=0.5139 val_metric_name=roc_auc val_metric=0.4996
Step   50 | loss 0.3464 | val_acc=0.8212 val_roc_auc=0.8676 val_loss=0.3598 val_metric_name=roc_auc val_metric=0.8676
Step  100 | loss 0.3041 | val_acc=0.8428 val_roc_auc=0.8967 val_loss=0.3217 val_metric_name=roc_auc val_metric=0.8967
Step  150 | loss 0.2934 | val_acc=0.8484 val_roc_auc=0.9004 val_loss=0.3145 val_metric_name=roc_auc val_metric=0.9004
Step  200 | loss 0.2884 | val_acc=0.8504 val_roc_auc=0.9030 val_loss=0.3132 val_metric_name=roc_auc val_metric=0.9030
Step  250 | loss 0.2822 | val_acc=0.8484 val_roc_auc=0.9075 val_loss=0.3119 val_metric_name=roc_auc val_metric=0.9075
Step  300 | loss 0.2721 | val_acc=0.8688 val_roc_auc=0.9139 val_loss=0.2946 val_metric_name=roc_auc val_metric=0.9139
Step  350 | loss 0.2637 | val_acc=0.8728 val_roc_auc=0.9175 val_loss=0.2926 val_metric_name=roc_auc val_metric=0.9175
Step  400 | loss 0.2566 | val_acc=0.8756 val_roc_auc=0.9170 val_loss=0.2995 val_metric_name=roc_auc val_metric=0.9170
Step  450 | loss 0.2427 | val_acc=0.8776 val_roc_auc=0.9179 val_loss=0.3025 val_metric_name=roc_auc val_metric=0.9179
Step  500 | loss 0.2265 | val_acc=0.8796 val_roc_auc=0.9209 val_loss=0.3071 val_metric_name=roc_auc val_metric=0.9209
Step  550 | loss 0.2135 | val_acc=0.8836 val_roc_auc=0.9216 val_loss=0.3108 val_metric_name=roc_auc val_metric=0.9216
Step  600 | loss 0.2059 | val_acc=0.8768 val_roc_auc=0.9196 val_loss=0.3204 val_metric_name=roc_auc val_metric=0.9196
Step  650 | loss 0.1988 | val_acc=0.8704 val_roc_auc=0.9165 val_loss=0.3308 val_metric_name=roc_auc val_metric=0.9165
Step  700 | loss 0.1915 | val_acc=0.8720 val_roc_auc=0.9153 val_loss=0.3543 val_metric_name=roc_auc val_metric=0.9153
Step  750 | loss 0.1825 | val_acc=0.8700 val_roc_auc=0.9149 val_loss=0.3573 val_metric_name=roc_auc val_metric=0.9149
Step  800 | loss 0.1780 | val_acc=0.8676 val_roc_auc=0.9138 val_loss=0.3740 val_metric_name=roc_auc val_metric=0.9138
Step  850 | loss 0.1612 | val_acc=0.8620 val_roc_auc=0.9117 val_loss=0.3870 val_metric_name=roc_auc val_metric=0.9117
Early stopping at step 850

--- Final (best ckpt @ step 550) ---
  train_acc=0.9210 train_roc_auc=0.9669 train_loss=0.1829 train_metric_name=roc_auc train_metric=0.9669
  val_acc=0.8836 val_roc_auc=0.9216 val_loss=0.3108 val_metric_name=roc_auc val_metric=0.9216
  test_acc=0.8712 test_roc_auc=0.9179 test_loss=0.3088 test_metric_name=roc_auc test_metric=0.9179
  test_roc_auc=0.9179

============================================================
Training minesweeper GT-sep 4L h=256 lr=1e-05 split=2
============================================================
Training for 5000 steps
Step    1 | loss 0.8356 | val_acc=0.3800 val_roc_auc=0.4614 val_loss=0.7218 val_metric_name=roc_auc val_metric=0.4614
Step   50 | loss 0.4914 | val_acc=0.8000 val_roc_auc=0.7036 val_loss=0.5054 val_metric_name=roc_auc val_metric=0.7036
Step  100 | loss 0.4620 | val_acc=0.8000 val_roc_auc=0.7842 val_loss=0.4771 val_metric_name=roc_auc val_metric=0.7842
Step  150 | loss 0.4201 | val_acc=0.8068 val_roc_auc=0.8112 val_loss=0.4363 val_metric_name=roc_auc val_metric=0.8112
Step  200 | loss 0.3854 | val_acc=0.8264 val_roc_auc=0.8384 val_loss=0.4144 val_metric_name=roc_auc val_metric=0.8384
Step  250 | loss 0.3615 | val_acc=0.8280 val_roc_auc=0.8614 val_loss=0.3794 val_metric_name=roc_auc val_metric=0.8614
Step  300 | loss 0.3396 | val_acc=0.8284 val_roc_auc=0.8715 val_loss=0.3515 val_metric_name=roc_auc val_metric=0.8715
Step  350 | loss 0.3323 | val_acc=0.8308 val_roc_auc=0.8790 val_loss=0.3374 val_metric_name=roc_auc val_metric=0.8790
Step  400 | loss 0.3290 | val_acc=0.8348 val_roc_auc=0.8855 val_loss=0.3301 val_metric_name=roc_auc val_metric=0.8855
Step  450 | loss 0.3200 | val_acc=0.8392 val_roc_auc=0.8900 val_loss=0.3263 val_metric_name=roc_auc val_metric=0.8900
Step  500 | loss 0.3121 | val_acc=0.8436 val_roc_auc=0.8935 val_loss=0.3250 val_metric_name=roc_auc val_metric=0.8935
Step  550 | loss 0.3127 | val_acc=0.8440 val_roc_auc=0.8957 val_loss=0.3240 val_metric_name=roc_auc val_metric=0.8957
Step  600 | loss 0.3036 | val_acc=0.8452 val_roc_auc=0.8969 val_loss=0.3225 val_metric_name=roc_auc val_metric=0.8969
Step  650 | loss 0.3083 | val_acc=0.8448 val_roc_auc=0.8980 val_loss=0.3215 val_metric_name=roc_auc val_metric=0.8980
Step  700 | loss 0.3015 | val_acc=0.8468 val_roc_auc=0.8985 val_loss=0.3204 val_metric_name=roc_auc val_metric=0.8985
Step  750 | loss 0.3018 | val_acc=0.8460 val_roc_auc=0.8987 val_loss=0.3205 val_metric_name=roc_auc val_metric=0.8987
Step  800 | loss 0.3012 | val_acc=0.8440 val_roc_auc=0.8991 val_loss=0.3198 val_metric_name=roc_auc val_metric=0.8991
Step  850 | loss 0.2998 | val_acc=0.8460 val_roc_auc=0.8996 val_loss=0.3186 val_metric_name=roc_auc val_metric=0.8996
Step  900 | loss 0.2949 | val_acc=0.8452 val_roc_auc=0.9000 val_loss=0.3187 val_metric_name=roc_auc val_metric=0.9000
Step  950 | loss 0.2999 | val_acc=0.8452 val_roc_auc=0.9004 val_loss=0.3179 val_metric_name=roc_auc val_metric=0.9004
Step 1000 | loss 0.2957 | val_acc=0.8480 val_roc_auc=0.9010 val_loss=0.3169 val_metric_name=roc_auc val_metric=0.9010
Step 1050 | loss 0.2914 | val_acc=0.8468 val_roc_auc=0.9012 val_loss=0.3175 val_metric_name=roc_auc val_metric=0.9012
Step 1100 | loss 0.2940 | val_acc=0.8492 val_roc_auc=0.9020 val_loss=0.3162 val_metric_name=roc_auc val_metric=0.9020
Step 1150 | loss 0.2898 | val_acc=0.8488 val_roc_auc=0.9025 val_loss=0.3154 val_metric_name=roc_auc val_metric=0.9025
Step 1200 | loss 0.2913 | val_acc=0.8504 val_roc_auc=0.9030 val_loss=0.3152 val_metric_name=roc_auc val_metric=0.9030
Step 1250 | loss 0.2878 | val_acc=0.8492 val_roc_auc=0.9037 val_loss=0.3134 val_metric_name=roc_auc val_metric=0.9037
Step 1300 | loss 0.2898 | val_acc=0.8480 val_roc_auc=0.9044 val_loss=0.3133 val_metric_name=roc_auc val_metric=0.9044
Step 1350 | loss 0.2909 | val_acc=0.8508 val_roc_auc=0.9046 val_loss=0.3136 val_metric_name=roc_auc val_metric=0.9046
Step 1400 | loss 0.2873 | val_acc=0.8508 val_roc_auc=0.9055 val_loss=0.3125 val_metric_name=roc_auc val_metric=0.9055
Step 1450 | loss 0.2848 | val_acc=0.8528 val_roc_auc=0.9063 val_loss=0.3105 val_metric_name=roc_auc val_metric=0.9063
Step 1500 | loss 0.2823 | val_acc=0.8544 val_roc_auc=0.9073 val_loss=0.3095 val_metric_name=roc_auc val_metric=0.9073
Step 1550 | loss 0.2835 | val_acc=0.8544 val_roc_auc=0.9084 val_loss=0.3080 val_metric_name=roc_auc val_metric=0.9084
Step 1600 | loss 0.2846 | val_acc=0.8568 val_roc_auc=0.9103 val_loss=0.3063 val_metric_name=roc_auc val_metric=0.9103
Step 1650 | loss 0.2798 | val_acc=0.8592 val_roc_auc=0.9105 val_loss=0.3049 val_metric_name=roc_auc val_metric=0.9105
Step 1700 | loss 0.2805 | val_acc=0.8600 val_roc_auc=0.9116 val_loss=0.3036 val_metric_name=roc_auc val_metric=0.9116
Step 1750 | loss 0.2760 | val_acc=0.8648 val_roc_auc=0.9134 val_loss=0.3002 val_metric_name=roc_auc val_metric=0.9134
Step 1800 | loss 0.2771 | val_acc=0.8660 val_roc_auc=0.9144 val_loss=0.2972 val_metric_name=roc_auc val_metric=0.9144
Step 1850 | loss 0.2721 | val_acc=0.8684 val_roc_auc=0.9159 val_loss=0.2941 val_metric_name=roc_auc val_metric=0.9159
Step 1900 | loss 0.2735 | val_acc=0.8664 val_roc_auc=0.9170 val_loss=0.2933 val_metric_name=roc_auc val_metric=0.9170
Step 1950 | loss 0.2688 | val_acc=0.8676 val_roc_auc=0.9183 val_loss=0.2899 val_metric_name=roc_auc val_metric=0.9183
Step 2000 | loss 0.2680 | val_acc=0.8708 val_roc_auc=0.9185 val_loss=0.2896 val_metric_name=roc_auc val_metric=0.9185
Step 2050 | loss 0.2711 | val_acc=0.8728 val_roc_auc=0.9193 val_loss=0.2880 val_metric_name=roc_auc val_metric=0.9193
Step 2100 | loss 0.2683 | val_acc=0.8784 val_roc_auc=0.9197 val_loss=0.2865 val_metric_name=roc_auc val_metric=0.9197
Step 2150 | loss 0.2625 | val_acc=0.8828 val_roc_auc=0.9198 val_loss=0.2870 val_metric_name=roc_auc val_metric=0.9198
Step 2200 | loss 0.2601 | val_acc=0.8820 val_roc_auc=0.9197 val_loss=0.2882 val_metric_name=roc_auc val_metric=0.9197
Step 2250 | loss 0.2615 | val_acc=0.8824 val_roc_auc=0.9199 val_loss=0.2885 val_metric_name=roc_auc val_metric=0.9199
Step 2300 | loss 0.2601 | val_acc=0.8804 val_roc_auc=0.9201 val_loss=0.2887 val_metric_name=roc_auc val_metric=0.9201
Step 2350 | loss 0.2522 | val_acc=0.8796 val_roc_auc=0.9207 val_loss=0.2884 val_metric_name=roc_auc val_metric=0.9207
Step 2400 | loss 0.2486 | val_acc=0.8792 val_roc_auc=0.9214 val_loss=0.2892 val_metric_name=roc_auc val_metric=0.9214
Step 2450 | loss 0.2498 | val_acc=0.8784 val_roc_auc=0.9216 val_loss=0.2921 val_metric_name=roc_auc val_metric=0.9216
Step 2500 | loss 0.2476 | val_acc=0.8800 val_roc_auc=0.9218 val_loss=0.2941 val_metric_name=roc_auc val_metric=0.9218
Step 2550 | loss 0.2470 | val_acc=0.8784 val_roc_auc=0.9227 val_loss=0.2927 val_metric_name=roc_auc val_metric=0.9227
Step 2600 | loss 0.2400 | val_acc=0.8768 val_roc_auc=0.9236 val_loss=0.2929 val_metric_name=roc_auc val_metric=0.9236
Step 2650 | loss 0.2425 | val_acc=0.8760 val_roc_auc=0.9229 val_loss=0.2965 val_metric_name=roc_auc val_metric=0.9229
Step 2700 | loss 0.2404 | val_acc=0.8764 val_roc_auc=0.9241 val_loss=0.2951 val_metric_name=roc_auc val_metric=0.9241
Step 2750 | loss 0.2370 | val_acc=0.8812 val_roc_auc=0.9253 val_loss=0.2939 val_metric_name=roc_auc val_metric=0.9253
Step 2800 | loss 0.2312 | val_acc=0.8808 val_roc_auc=0.9250 val_loss=0.2943 val_metric_name=roc_auc val_metric=0.9250
Step 2850 | loss 0.2275 | val_acc=0.8800 val_roc_auc=0.9254 val_loss=0.2950 val_metric_name=roc_auc val_metric=0.9254
Step 2900 | loss 0.2256 | val_acc=0.8800 val_roc_auc=0.9252 val_loss=0.2942 val_metric_name=roc_auc val_metric=0.9252
Step 2950 | loss 0.2258 | val_acc=0.8836 val_roc_auc=0.9251 val_loss=0.2949 val_metric_name=roc_auc val_metric=0.9251
Step 3000 | loss 0.2205 | val_acc=0.8824 val_roc_auc=0.9251 val_loss=0.2962 val_metric_name=roc_auc val_metric=0.9251
Step 3050 | loss 0.2219 | val_acc=0.8816 val_roc_auc=0.9248 val_loss=0.2986 val_metric_name=roc_auc val_metric=0.9248
Step 3100 | loss 0.2269 | val_acc=0.8832 val_roc_auc=0.9253 val_loss=0.2966 val_metric_name=roc_auc val_metric=0.9253
Step 3150 | loss 0.2244 | val_acc=0.8836 val_roc_auc=0.9251 val_loss=0.2967 val_metric_name=roc_auc val_metric=0.9251
Early stopping at step 3190

--- Final (best ckpt @ step 2890) ---
  train_acc=0.9080 train_roc_auc=0.9562 train_loss=0.2111 train_metric_name=roc_auc train_metric=0.9562
  val_acc=0.8832 val_roc_auc=0.9257 val_loss=0.2946 val_metric_name=roc_auc val_metric=0.9257
  test_acc=0.8752 test_roc_auc=0.9225 test_loss=0.2929 test_metric_name=roc_auc test_metric=0.9225
  test_roc_auc=0.9225

============================================================
Training minesweeper GT-sep 4L h=384 lr=3e-05 split=2
============================================================
Training for 5000 steps
Step    1 | loss 0.6799 | val_acc=0.8000 val_roc_auc=0.5289 val_loss=0.5035 val_metric_name=roc_auc val_metric=0.5289
Step   50 | loss 0.3692 | val_acc=0.8236 val_roc_auc=0.8499 val_loss=0.3911 val_metric_name=roc_auc val_metric=0.8499
Step  100 | loss 0.3161 | val_acc=0.8376 val_roc_auc=0.8834 val_loss=0.3415 val_metric_name=roc_auc val_metric=0.8834
Step  150 | loss 0.3058 | val_acc=0.8444 val_roc_auc=0.8941 val_loss=0.3301 val_metric_name=roc_auc val_metric=0.8941
Step  200 | loss 0.2981 | val_acc=0.8468 val_roc_auc=0.8966 val_loss=0.3247 val_metric_name=roc_auc val_metric=0.8966
Step  250 | loss 0.2954 | val_acc=0.8472 val_roc_auc=0.8988 val_loss=0.3213 val_metric_name=roc_auc val_metric=0.8988
Step  300 | loss 0.2878 | val_acc=0.8456 val_roc_auc=0.9017 val_loss=0.3172 val_metric_name=roc_auc val_metric=0.9017
Step  350 | loss 0.2851 | val_acc=0.8532 val_roc_auc=0.9043 val_loss=0.3131 val_metric_name=roc_auc val_metric=0.9043
Step  400 | loss 0.2784 | val_acc=0.8620 val_roc_auc=0.9101 val_loss=0.3033 val_metric_name=roc_auc val_metric=0.9101
Step  450 | loss 0.2732 | val_acc=0.8672 val_roc_auc=0.9158 val_loss=0.2943 val_metric_name=roc_auc val_metric=0.9158
Step  500 | loss 0.2634 | val_acc=0.8740 val_roc_auc=0.9196 val_loss=0.2893 val_metric_name=roc_auc val_metric=0.9196
Step  550 | loss 0.2597 | val_acc=0.8728 val_roc_auc=0.9180 val_loss=0.2960 val_metric_name=roc_auc val_metric=0.9180
Step  600 | loss 0.2530 | val_acc=0.8728 val_roc_auc=0.9177 val_loss=0.2993 val_metric_name=roc_auc val_metric=0.9177
Step  650 | loss 0.2519 | val_acc=0.8752 val_roc_auc=0.9180 val_loss=0.2976 val_metric_name=roc_auc val_metric=0.9180
Step  700 | loss 0.2436 | val_acc=0.8736 val_roc_auc=0.9169 val_loss=0.3061 val_metric_name=roc_auc val_metric=0.9169
Step  750 | loss 0.2438 | val_acc=0.8732 val_roc_auc=0.9184 val_loss=0.3034 val_metric_name=roc_auc val_metric=0.9184
Step  800 | loss 0.2272 | val_acc=0.8776 val_roc_auc=0.9193 val_loss=0.3068 val_metric_name=roc_auc val_metric=0.9193
Step  850 | loss 0.2263 | val_acc=0.8800 val_roc_auc=0.9207 val_loss=0.3090 val_metric_name=roc_auc val_metric=0.9207
Step  900 | loss 0.2200 | val_acc=0.8772 val_roc_auc=0.9210 val_loss=0.3109 val_metric_name=roc_auc val_metric=0.9210
Step  950 | loss 0.2124 | val_acc=0.8776 val_roc_auc=0.9200 val_loss=0.3157 val_metric_name=roc_auc val_metric=0.9200
Step 1000 | loss 0.2030 | val_acc=0.8740 val_roc_auc=0.9190 val_loss=0.3275 val_metric_name=roc_auc val_metric=0.9190
Step 1050 | loss 0.2053 | val_acc=0.8664 val_roc_auc=0.9159 val_loss=0.3421 val_metric_name=roc_auc val_metric=0.9159
Step 1100 | loss 0.1928 | val_acc=0.8620 val_roc_auc=0.9152 val_loss=0.3570 val_metric_name=roc_auc val_metric=0.9152
Step 1150 | loss 0.1954 | val_acc=0.8628 val_roc_auc=0.9128 val_loss=0.3663 val_metric_name=roc_auc val_metric=0.9128
Step 1200 | loss 0.1854 | val_acc=0.8640 val_roc_auc=0.9124 val_loss=0.3698 val_metric_name=roc_auc val_metric=0.9124
Early stopping at step 1244

--- Final (best ckpt @ step 900) ---
  train_acc=0.9192 train_roc_auc=0.9647 train_loss=0.1866 train_metric_name=roc_auc train_metric=0.9647
  val_acc=0.8772 val_roc_auc=0.9210 val_loss=0.3109 val_metric_name=roc_auc val_metric=0.9210
  test_acc=0.8648 test_roc_auc=0.9166 test_loss=0.3110 test_metric_name=roc_auc test_metric=0.9166
  test_roc_auc=0.9166

============================================================
Training minesweeper GT-sep 4L h=384 lr=6e-05 split=2
============================================================
Training for 5000 steps
Step    1 | loss 0.6799 | val_acc=0.8000 val_roc_auc=0.5395 val_loss=0.5743 val_metric_name=roc_auc val_metric=0.5395
Step   50 | loss 0.3259 | val_acc=0.8280 val_roc_auc=0.8744 val_loss=0.3405 val_metric_name=roc_auc val_metric=0.8744
Step  100 | loss 0.3003 | val_acc=0.8440 val_roc_auc=0.8937 val_loss=0.3269 val_metric_name=roc_auc val_metric=0.8937
Step  150 | loss 0.2940 | val_acc=0.8480 val_roc_auc=0.8979 val_loss=0.3214 val_metric_name=roc_auc val_metric=0.8979
Step  200 | loss 0.2855 | val_acc=0.8508 val_roc_auc=0.9025 val_loss=0.3155 val_metric_name=roc_auc val_metric=0.9025
Step  250 | loss 0.2798 | val_acc=0.8636 val_roc_auc=0.9113 val_loss=0.3036 val_metric_name=roc_auc val_metric=0.9113
Step  300 | loss 0.2660 | val_acc=0.8736 val_roc_auc=0.9189 val_loss=0.2888 val_metric_name=roc_auc val_metric=0.9189
Step  350 | loss 0.2550 | val_acc=0.8740 val_roc_auc=0.9176 val_loss=0.2936 val_metric_name=roc_auc val_metric=0.9176
Step  400 | loss 0.2478 | val_acc=0.8732 val_roc_auc=0.9167 val_loss=0.2993 val_metric_name=roc_auc val_metric=0.9167
Step  450 | loss 0.2407 | val_acc=0.8724 val_roc_auc=0.9159 val_loss=0.3076 val_metric_name=roc_auc val_metric=0.9159
Step  500 | loss 0.2284 | val_acc=0.8752 val_roc_auc=0.9179 val_loss=0.3108 val_metric_name=roc_auc val_metric=0.9179
Step  550 | loss 0.2142 | val_acc=0.8724 val_roc_auc=0.9180 val_loss=0.3150 val_metric_name=roc_auc val_metric=0.9180
Step  600 | loss 0.2053 | val_acc=0.8716 val_roc_auc=0.9168 val_loss=0.3306 val_metric_name=roc_auc val_metric=0.9168
Step  650 | loss 0.2010 | val_acc=0.8608 val_roc_auc=0.9121 val_loss=0.3546 val_metric_name=roc_auc val_metric=0.9121
Step  700 | loss 0.1860 | val_acc=0.8572 val_roc_auc=0.9107 val_loss=0.3697 val_metric_name=roc_auc val_metric=0.9107
Step  750 | loss 0.1862 | val_acc=0.8612 val_roc_auc=0.9090 val_loss=0.3869 val_metric_name=roc_auc val_metric=0.9090
Step  800 | loss 0.1658 | val_acc=0.8572 val_roc_auc=0.9051 val_loss=0.4151 val_metric_name=roc_auc val_metric=0.9051
Step  850 | loss 0.1680 | val_acc=0.8608 val_roc_auc=0.9050 val_loss=0.4186 val_metric_name=roc_auc val_metric=0.9050
Early stopping at step 881

--- Final (best ckpt @ step 310) ---
  train_acc=0.8806 train_roc_auc=0.9329 train_loss=0.2545 train_metric_name=roc_auc train_metric=0.9329
  val_acc=0.8748 val_roc_auc=0.9196 val_loss=0.2878 val_metric_name=roc_auc val_metric=0.9196
  test_acc=0.8684 test_roc_auc=0.9131 test_loss=0.2946 test_metric_name=roc_auc test_metric=0.9131
  test_roc_auc=0.9131

============================================================
Training minesweeper GT-sep 4L h=384 lr=0.0001 split=2
============================================================
Training for 5000 steps
Step    1 | loss 0.6799 | val_acc=0.8000 val_roc_auc=0.5438 val_loss=0.7563 val_metric_name=roc_auc val_metric=0.5438
Step   50 | loss 0.3123 | val_acc=0.8300 val_roc_auc=0.8824 val_loss=0.3333 val_metric_name=roc_auc val_metric=0.8824
Step  100 | loss 0.2938 | val_acc=0.8436 val_roc_auc=0.8960 val_loss=0.3214 val_metric_name=roc_auc val_metric=0.8960
Step  150 | loss 0.2852 | val_acc=0.8488 val_roc_auc=0.9015 val_loss=0.3163 val_metric_name=roc_auc val_metric=0.9015
Step  200 | loss 0.2724 | val_acc=0.8664 val_roc_auc=0.9127 val_loss=0.2963 val_metric_name=roc_auc val_metric=0.9127
Step  250 | loss 0.2631 | val_acc=0.8756 val_roc_auc=0.9167 val_loss=0.2924 val_metric_name=roc_auc val_metric=0.9167
Step  300 | loss 0.2460 | val_acc=0.8708 val_roc_auc=0.9145 val_loss=0.3048 val_metric_name=roc_auc val_metric=0.9145
Step  350 | loss 0.2308 | val_acc=0.8740 val_roc_auc=0.9156 val_loss=0.3130 val_metric_name=roc_auc val_metric=0.9156
Step  400 | loss 0.2152 | val_acc=0.8660 val_roc_auc=0.9160 val_loss=0.3182 val_metric_name=roc_auc val_metric=0.9160
Step  450 | loss 0.2016 | val_acc=0.8672 val_roc_auc=0.9137 val_loss=0.3404 val_metric_name=roc_auc val_metric=0.9137
Step  500 | loss 0.1841 | val_acc=0.8688 val_roc_auc=0.9109 val_loss=0.3788 val_metric_name=roc_auc val_metric=0.9109
Step  550 | loss 0.1676 | val_acc=0.8620 val_roc_auc=0.9093 val_loss=0.3830 val_metric_name=roc_auc val_metric=0.9093
Step  600 | loss 0.1583 | val_acc=0.8584 val_roc_auc=0.9070 val_loss=0.4234 val_metric_name=roc_auc val_metric=0.9070
Step  650 | loss 0.1461 | val_acc=0.8536 val_roc_auc=0.9024 val_loss=0.4414 val_metric_name=roc_auc val_metric=0.9024
Step  700 | loss 0.1291 | val_acc=0.8492 val_roc_auc=0.9044 val_loss=0.4869 val_metric_name=roc_auc val_metric=0.9044
Early stopping at step 711

--- Final (best ckpt @ step 220) ---
  train_acc=0.8800 train_roc_auc=0.9318 train_loss=0.2557 train_metric_name=roc_auc train_metric=0.9318
  val_acc=0.8744 val_roc_auc=0.9183 val_loss=0.2890 val_metric_name=roc_auc val_metric=0.9183
  test_acc=0.8696 test_roc_auc=0.9117 test_loss=0.2956 test_metric_name=roc_auc test_metric=0.9117
  test_roc_auc=0.9117

============================================================
Training minesweeper GT-sep 4L h=384 lr=1e-05 split=2
============================================================
Training for 5000 steps
Step    1 | loss 0.6799 | val_acc=0.8000 val_roc_auc=0.5384 val_loss=0.5532 val_metric_name=roc_auc val_metric=0.5384
Step   50 | loss 0.4589 | val_acc=0.8000 val_roc_auc=0.8116 val_loss=0.4622 val_metric_name=roc_auc val_metric=0.8116
Step  100 | loss 0.3897 | val_acc=0.8208 val_roc_auc=0.8420 val_loss=0.3895 val_metric_name=roc_auc val_metric=0.8420
Step  150 | loss 0.3542 | val_acc=0.8232 val_roc_auc=0.8663 val_loss=0.3605 val_metric_name=roc_auc val_metric=0.8663
Step  200 | loss 0.3319 | val_acc=0.8264 val_roc_auc=0.8784 val_loss=0.3433 val_metric_name=roc_auc val_metric=0.8784
Step  250 | loss 0.3195 | val_acc=0.8352 val_roc_auc=0.8871 val_loss=0.3365 val_metric_name=roc_auc val_metric=0.8871
Step  300 | loss 0.3090 | val_acc=0.8392 val_roc_auc=0.8920 val_loss=0.3327 val_metric_name=roc_auc val_metric=0.8920
Step  350 | loss 0.3082 | val_acc=0.8408 val_roc_auc=0.8943 val_loss=0.3315 val_metric_name=roc_auc val_metric=0.8943
Step  400 | loss 0.3016 | val_acc=0.8436 val_roc_auc=0.8955 val_loss=0.3307 val_metric_name=roc_auc val_metric=0.8955
Step  450 | loss 0.3007 | val_acc=0.8448 val_roc_auc=0.8965 val_loss=0.3276 val_metric_name=roc_auc val_metric=0.8965
Step  500 | loss 0.2969 | val_acc=0.8456 val_roc_auc=0.8973 val_loss=0.3267 val_metric_name=roc_auc val_metric=0.8973
Step  550 | loss 0.2945 | val_acc=0.8464 val_roc_auc=0.8981 val_loss=0.3238 val_metric_name=roc_auc val_metric=0.8981
Step  600 | loss 0.2925 | val_acc=0.8480 val_roc_auc=0.8991 val_loss=0.3219 val_metric_name=roc_auc val_metric=0.8991
Step  650 | loss 0.2909 | val_acc=0.8464 val_roc_auc=0.9002 val_loss=0.3205 val_metric_name=roc_auc val_metric=0.9002
Step  700 | loss 0.2915 | val_acc=0.8500 val_roc_auc=0.9013 val_loss=0.3176 val_metric_name=roc_auc val_metric=0.9013
Step  750 | loss 0.2922 | val_acc=0.8516 val_roc_auc=0.9025 val_loss=0.3160 val_metric_name=roc_auc val_metric=0.9025
Step  800 | loss 0.2836 | val_acc=0.8524 val_roc_auc=0.9039 val_loss=0.3135 val_metric_name=roc_auc val_metric=0.9039
Step  850 | loss 0.2882 | val_acc=0.8536 val_roc_auc=0.9049 val_loss=0.3123 val_metric_name=roc_auc val_metric=0.9049
Step  900 | loss 0.2817 | val_acc=0.8536 val_roc_auc=0.9067 val_loss=0.3101 val_metric_name=roc_auc val_metric=0.9067
Step  950 | loss 0.2765 | val_acc=0.8580 val_roc_auc=0.9094 val_loss=0.3058 val_metric_name=roc_auc val_metric=0.9094
Step 1000 | loss 0.2783 | val_acc=0.8604 val_roc_auc=0.9115 val_loss=0.3038 val_metric_name=roc_auc val_metric=0.9115
Step 1050 | loss 0.2791 | val_acc=0.8644 val_roc_auc=0.9137 val_loss=0.2993 val_metric_name=roc_auc val_metric=0.9137
Step 1100 | loss 0.2736 | val_acc=0.8664 val_roc_auc=0.9159 val_loss=0.2958 val_metric_name=roc_auc val_metric=0.9159
Step 1150 | loss 0.2729 | val_acc=0.8704 val_roc_auc=0.9181 val_loss=0.2911 val_metric_name=roc_auc val_metric=0.9181
Step 1200 | loss 0.2692 | val_acc=0.8732 val_roc_auc=0.9197 val_loss=0.2880 val_metric_name=roc_auc val_metric=0.9197
Step 1250 | loss 0.2648 | val_acc=0.8748 val_roc_auc=0.9198 val_loss=0.2883 val_metric_name=roc_auc val_metric=0.9198
Step 1300 | loss 0.2664 | val_acc=0.8776 val_roc_auc=0.9200 val_loss=0.2896 val_metric_name=roc_auc val_metric=0.9200
Step 1350 | loss 0.2651 | val_acc=0.8768 val_roc_auc=0.9195 val_loss=0.2912 val_metric_name=roc_auc val_metric=0.9195
Step 1400 | loss 0.2624 | val_acc=0.8756 val_roc_auc=0.9190 val_loss=0.2930 val_metric_name=roc_auc val_metric=0.9190
Step 1450 | loss 0.2578 | val_acc=0.8748 val_roc_auc=0.9190 val_loss=0.2954 val_metric_name=roc_auc val_metric=0.9190
Step 1500 | loss 0.2582 | val_acc=0.8748 val_roc_auc=0.9189 val_loss=0.2988 val_metric_name=roc_auc val_metric=0.9189
Step 1550 | loss 0.2524 | val_acc=0.8744 val_roc_auc=0.9184 val_loss=0.2986 val_metric_name=roc_auc val_metric=0.9184
Early stopping at step 1573

--- Final (best ckpt @ step 1270) ---
  train_acc=0.8802 train_roc_auc=0.9325 train_loss=0.2572 train_metric_name=roc_auc train_metric=0.9325
  val_acc=0.8776 val_roc_auc=0.9208 val_loss=0.2876 val_metric_name=roc_auc val_metric=0.9208
  test_acc=0.8712 test_roc_auc=0.9159 test_loss=0.2911 test_metric_name=roc_auc test_metric=0.9159
  test_roc_auc=0.9159

============================================================
Training minesweeper GT-sep 4L h=512 lr=3e-05 split=2
============================================================
Training for 5000 steps
Step    1 | loss 0.7819 | val_acc=0.8000 val_roc_auc=0.5579 val_loss=0.5156 val_metric_name=roc_auc val_metric=0.5579
Step   50 | loss 0.3571 | val_acc=0.8248 val_roc_auc=0.8609 val_loss=0.3812 val_metric_name=roc_auc val_metric=0.8609
Step  100 | loss 0.3110 | val_acc=0.8408 val_roc_auc=0.8902 val_loss=0.3347 val_metric_name=roc_auc val_metric=0.8902
Step  150 | loss 0.2977 | val_acc=0.8476 val_roc_auc=0.8967 val_loss=0.3277 val_metric_name=roc_auc val_metric=0.8967
Step  200 | loss 0.2984 | val_acc=0.8444 val_roc_auc=0.8981 val_loss=0.3286 val_metric_name=roc_auc val_metric=0.8981
Step  250 | loss 0.2882 | val_acc=0.8476 val_roc_auc=0.8999 val_loss=0.3249 val_metric_name=roc_auc val_metric=0.8999
Step  300 | loss 0.2853 | val_acc=0.8492 val_roc_auc=0.9020 val_loss=0.3231 val_metric_name=roc_auc val_metric=0.9020
Step  350 | loss 0.2788 | val_acc=0.8528 val_roc_auc=0.9063 val_loss=0.3200 val_metric_name=roc_auc val_metric=0.9063
Step  400 | loss 0.2728 | val_acc=0.8680 val_roc_auc=0.9104 val_loss=0.3120 val_metric_name=roc_auc val_metric=0.9104
Step  450 | loss 0.2675 | val_acc=0.8708 val_roc_auc=0.9130 val_loss=0.3061 val_metric_name=roc_auc val_metric=0.9130
Step  500 | loss 0.2580 | val_acc=0.8740 val_roc_auc=0.9123 val_loss=0.3102 val_metric_name=roc_auc val_metric=0.9123
Step  550 | loss 0.2536 | val_acc=0.8736 val_roc_auc=0.9124 val_loss=0.3150 val_metric_name=roc_auc val_metric=0.9124
Step  600 | loss 0.2449 | val_acc=0.8728 val_roc_auc=0.9125 val_loss=0.3208 val_metric_name=roc_auc val_metric=0.9125
Step  650 | loss 0.2423 | val_acc=0.8736 val_roc_auc=0.9122 val_loss=0.3255 val_metric_name=roc_auc val_metric=0.9122
Step  700 | loss 0.2293 | val_acc=0.8712 val_roc_auc=0.9121 val_loss=0.3333 val_metric_name=roc_auc val_metric=0.9121
Step  750 | loss 0.2214 | val_acc=0.8692 val_roc_auc=0.9126 val_loss=0.3374 val_metric_name=roc_auc val_metric=0.9126
Step  800 | loss 0.2134 | val_acc=0.8676 val_roc_auc=0.9121 val_loss=0.3457 val_metric_name=roc_auc val_metric=0.9121
Step  850 | loss 0.2087 | val_acc=0.8684 val_roc_auc=0.9122 val_loss=0.3479 val_metric_name=roc_auc val_metric=0.9122
Step  900 | loss 0.1933 | val_acc=0.8632 val_roc_auc=0.9109 val_loss=0.3650 val_metric_name=roc_auc val_metric=0.9109
Step  950 | loss 0.1925 | val_acc=0.8584 val_roc_auc=0.9078 val_loss=0.3758 val_metric_name=roc_auc val_metric=0.9078
Step 1000 | loss 0.1781 | val_acc=0.8584 val_roc_auc=0.9077 val_loss=0.3928 val_metric_name=roc_auc val_metric=0.9077
Step 1050 | loss 0.1691 | val_acc=0.8580 val_roc_auc=0.9059 val_loss=0.4088 val_metric_name=roc_auc val_metric=0.9059
Early stopping at step 1073

--- Final (best ckpt @ step 660) ---
  train_acc=0.9030 train_roc_auc=0.9485 train_loss=0.2262 train_metric_name=roc_auc train_metric=0.9485
  val_acc=0.8728 val_roc_auc=0.9135 val_loss=0.3214 val_metric_name=roc_auc val_metric=0.9135
  test_acc=0.8624 test_roc_auc=0.9085 test_loss=0.3231 test_metric_name=roc_auc test_metric=0.9085
  test_roc_auc=0.9085

============================================================
Training minesweeper GT-sep 4L h=512 lr=6e-05 split=2
============================================================
Training for 5000 steps
Step    1 | loss 0.7819 | val_acc=0.8000 val_roc_auc=0.5846 val_loss=0.6875 val_metric_name=roc_auc val_metric=0.5846
Step   50 | loss 0.3218 | val_acc=0.8308 val_roc_auc=0.8767 val_loss=0.3351 val_metric_name=roc_auc val_metric=0.8767
Step  100 | loss 0.2997 | val_acc=0.8432 val_roc_auc=0.8962 val_loss=0.3246 val_metric_name=roc_auc val_metric=0.8962
Step  150 | loss 0.2875 | val_acc=0.8452 val_roc_auc=0.8986 val_loss=0.3253 val_metric_name=roc_auc val_metric=0.8986
Step  200 | loss 0.2851 | val_acc=0.8500 val_roc_auc=0.9024 val_loss=0.3206 val_metric_name=roc_auc val_metric=0.9024
Step  250 | loss 0.2709 | val_acc=0.8632 val_roc_auc=0.9088 val_loss=0.3127 val_metric_name=roc_auc val_metric=0.9088
Step  300 | loss 0.2626 | val_acc=0.8680 val_roc_auc=0.9112 val_loss=0.3079 val_metric_name=roc_auc val_metric=0.9112
Step  350 | loss 0.2515 | val_acc=0.8672 val_roc_auc=0.9115 val_loss=0.3143 val_metric_name=roc_auc val_metric=0.9115
Step  400 | loss 0.2426 | val_acc=0.8648 val_roc_auc=0.9066 val_loss=0.3383 val_metric_name=roc_auc val_metric=0.9066
Step  450 | loss 0.2302 | val_acc=0.8684 val_roc_auc=0.9098 val_loss=0.3382 val_metric_name=roc_auc val_metric=0.9098
Step  500 | loss 0.2101 | val_acc=0.8680 val_roc_auc=0.9055 val_loss=0.3639 val_metric_name=roc_auc val_metric=0.9055
Step  550 | loss 0.2015 | val_acc=0.8564 val_roc_auc=0.9029 val_loss=0.3779 val_metric_name=roc_auc val_metric=0.9029
Step  600 | loss 0.1798 | val_acc=0.8576 val_roc_auc=0.9030 val_loss=0.3992 val_metric_name=roc_auc val_metric=0.9030
Step  650 | loss 0.1761 | val_acc=0.8552 val_roc_auc=0.9009 val_loss=0.4251 val_metric_name=roc_auc val_metric=0.9009
Early stopping at step 665

--- Final (best ckpt @ step 320) ---
  train_acc=0.8870 train_roc_auc=0.9372 train_loss=0.2472 train_metric_name=roc_auc train_metric=0.9372
  val_acc=0.8684 val_roc_auc=0.9117 val_loss=0.3095 val_metric_name=roc_auc val_metric=0.9117
  test_acc=0.8592 test_roc_auc=0.9072 test_loss=0.3125 test_metric_name=roc_auc test_metric=0.9072
  test_roc_auc=0.9072

============================================================
Training minesweeper GT-sep 4L h=512 lr=0.0001 split=2
============================================================
Training for 5000 steps
Step    1 | loss 0.7819 | val_acc=0.8000 val_roc_auc=0.5868 val_loss=0.9924 val_metric_name=roc_auc val_metric=0.5868
Step   50 | loss 0.3172 | val_acc=0.8292 val_roc_auc=0.8802 val_loss=0.3330 val_metric_name=roc_auc val_metric=0.8802
Step  100 | loss 0.2952 | val_acc=0.8492 val_roc_auc=0.8977 val_loss=0.3195 val_metric_name=roc_auc val_metric=0.8977
Step  150 | loss 0.2805 | val_acc=0.8492 val_roc_auc=0.9009 val_loss=0.3180 val_metric_name=roc_auc val_metric=0.9009
Step  200 | loss 0.2717 | val_acc=0.8624 val_roc_auc=0.9072 val_loss=0.3111 val_metric_name=roc_auc val_metric=0.9072
Step  250 | loss 0.2549 | val_acc=0.8648 val_roc_auc=0.9087 val_loss=0.3197 val_metric_name=roc_auc val_metric=0.9087
Step  300 | loss 0.2454 | val_acc=0.8636 val_roc_auc=0.9079 val_loss=0.3327 val_metric_name=roc_auc val_metric=0.9079
Step  350 | loss 0.2260 | val_acc=0.8592 val_roc_auc=0.9078 val_loss=0.3576 val_metric_name=roc_auc val_metric=0.9078
Step  400 | loss 0.2098 | val_acc=0.8564 val_roc_auc=0.9042 val_loss=0.3783 val_metric_name=roc_auc val_metric=0.9042
Step  450 | loss 0.1848 | val_acc=0.8576 val_roc_auc=0.9036 val_loss=0.3945 val_metric_name=roc_auc val_metric=0.9036
Step  500 | loss 0.1645 | val_acc=0.8556 val_roc_auc=0.8986 val_loss=0.4315 val_metric_name=roc_auc val_metric=0.8986
Step  550 | loss 0.1407 | val_acc=0.8480 val_roc_auc=0.8970 val_loss=0.4771 val_metric_name=roc_auc val_metric=0.8970
Early stopping at step 562

--- Final (best ckpt @ step 260) ---
  train_acc=0.8894 train_roc_auc=0.9407 train_loss=0.2390 train_metric_name=roc_auc train_metric=0.9407
  val_acc=0.8672 val_roc_auc=0.9105 val_loss=0.3127 val_metric_name=roc_auc val_metric=0.9105
  test_acc=0.8584 test_roc_auc=0.9072 test_loss=0.3122 test_metric_name=roc_auc test_metric=0.9072
  test_roc_auc=0.9072

============================================================
Training minesweeper GT-sep 4L h=512 lr=1e-05 split=2
============================================================
Training for 5000 steps
Step    1 | loss 0.7819 | val_acc=0.7448 val_roc_auc=0.5140 val_loss=0.5920 val_metric_name=roc_auc val_metric=0.5140
Step   50 | loss 0.4507 | val_acc=0.8000 val_roc_auc=0.8227 val_loss=0.4370 val_metric_name=roc_auc val_metric=0.8227
Step  100 | loss 0.3661 | val_acc=0.8264 val_roc_auc=0.8565 val_loss=0.3827 val_metric_name=roc_auc val_metric=0.8565
Step  150 | loss 0.3325 | val_acc=0.8284 val_roc_auc=0.8746 val_loss=0.3474 val_metric_name=roc_auc val_metric=0.8746
Step  200 | loss 0.3217 | val_acc=0.8368 val_roc_auc=0.8869 val_loss=0.3389 val_metric_name=roc_auc val_metric=0.8869
Step  250 | loss 0.3078 | val_acc=0.8400 val_roc_auc=0.8929 val_loss=0.3368 val_metric_name=roc_auc val_metric=0.8929
Step  300 | loss 0.3049 | val_acc=0.8468 val_roc_auc=0.8953 val_loss=0.3340 val_metric_name=roc_auc val_metric=0.8953
Step  350 | loss 0.3051 | val_acc=0.8468 val_roc_auc=0.8963 val_loss=0.3338 val_metric_name=roc_auc val_metric=0.8963
Step  400 | loss 0.2981 | val_acc=0.8452 val_roc_auc=0.8975 val_loss=0.3334 val_metric_name=roc_auc val_metric=0.8975
Step  450 | loss 0.2978 | val_acc=0.8464 val_roc_auc=0.8987 val_loss=0.3310 val_metric_name=roc_auc val_metric=0.8987
Step  500 | loss 0.2958 | val_acc=0.8464 val_roc_auc=0.8992 val_loss=0.3290 val_metric_name=roc_auc val_metric=0.8992
Step  550 | loss 0.2947 | val_acc=0.8452 val_roc_auc=0.9001 val_loss=0.3285 val_metric_name=roc_auc val_metric=0.9001
Step  600 | loss 0.2896 | val_acc=0.8484 val_roc_auc=0.9007 val_loss=0.3269 val_metric_name=roc_auc val_metric=0.9007
Step  650 | loss 0.2869 | val_acc=0.8492 val_roc_auc=0.9012 val_loss=0.3266 val_metric_name=roc_auc val_metric=0.9012
Step  700 | loss 0.2852 | val_acc=0.8496 val_roc_auc=0.9025 val_loss=0.3246 val_metric_name=roc_auc val_metric=0.9025
Step  750 | loss 0.2842 | val_acc=0.8508 val_roc_auc=0.9040 val_loss=0.3235 val_metric_name=roc_auc val_metric=0.9040
Step  800 | loss 0.2815 | val_acc=0.8496 val_roc_auc=0.9056 val_loss=0.3218 val_metric_name=roc_auc val_metric=0.9056
Step  850 | loss 0.2778 | val_acc=0.8552 val_roc_auc=0.9076 val_loss=0.3192 val_metric_name=roc_auc val_metric=0.9076
Step  900 | loss 0.2742 | val_acc=0.8600 val_roc_auc=0.9102 val_loss=0.3133 val_metric_name=roc_auc val_metric=0.9102
Step  950 | loss 0.2751 | val_acc=0.8696 val_roc_auc=0.9124 val_loss=0.3082 val_metric_name=roc_auc val_metric=0.9124
Step 1000 | loss 0.2676 | val_acc=0.8704 val_roc_auc=0.9140 val_loss=0.3038 val_metric_name=roc_auc val_metric=0.9140
Step 1050 | loss 0.2639 | val_acc=0.8724 val_roc_auc=0.9148 val_loss=0.3023 val_metric_name=roc_auc val_metric=0.9148
Step 1100 | loss 0.2645 | val_acc=0.8740 val_roc_auc=0.9149 val_loss=0.3031 val_metric_name=roc_auc val_metric=0.9149
Step 1150 | loss 0.2619 | val_acc=0.8744 val_roc_auc=0.9146 val_loss=0.3057 val_metric_name=roc_auc val_metric=0.9146
Step 1200 | loss 0.2579 | val_acc=0.8744 val_roc_auc=0.9146 val_loss=0.3058 val_metric_name=roc_auc val_metric=0.9146
Step 1250 | loss 0.2584 | val_acc=0.8748 val_roc_auc=0.9141 val_loss=0.3095 val_metric_name=roc_auc val_metric=0.9141
Step 1300 | loss 0.2500 | val_acc=0.8740 val_roc_auc=0.9137 val_loss=0.3124 val_metric_name=roc_auc val_metric=0.9137
Step 1350 | loss 0.2503 | val_acc=0.8760 val_roc_auc=0.9143 val_loss=0.3113 val_metric_name=roc_auc val_metric=0.9143
Early stopping at step 1390

--- Final (best ckpt @ step 1090) ---
  train_acc=0.8806 train_roc_auc=0.9321 train_loss=0.2587 train_metric_name=roc_auc train_metric=0.9321
  val_acc=0.8748 val_roc_auc=0.9152 val_loss=0.3020 val_metric_name=roc_auc val_metric=0.9152
  test_acc=0.8668 test_roc_auc=0.9112 test_loss=0.3032 test_metric_name=roc_auc test_metric=0.9112
  test_roc_auc=0.9112
  >> num_layers=4 hidden_dim=256 lr=3e-05 best_step=1240 val_roc_auc=0.9248 test_roc_auc=0.9211
     val_acc=0.8812 val_loss=0.2978 val_metric=0.9248 val_metric_name=roc_auc val_roc_auc=0.9248
     test_acc=0.8712 test_loss=0.2983 test_metric=0.9211 test_metric_name=roc_auc test_roc_auc=0.9211
  >> num_layers=4 hidden_dim=256 lr=6e-05 best_step=730 val_roc_auc=0.9236 test_roc_auc=0.9204
     val_acc=0.8836 val_loss=0.3004 val_metric=0.9236 val_metric_name=roc_auc val_roc_auc=0.9236
     test_acc=0.8692 test_loss=0.2982 test_metric=0.9204 test_metric_name=roc_auc test_roc_auc=0.9204
  >> num_layers=4 hidden_dim=256 lr=0.0001 best_step=550 val_roc_auc=0.9216 test_roc_auc=0.9179
     val_acc=0.8836 val_loss=0.3108 val_metric=0.9216 val_metric_name=roc_auc val_roc_auc=0.9216
     test_acc=0.8712 test_loss=0.3088 test_metric=0.9179 test_metric_name=roc_auc test_roc_auc=0.9179
  >> num_layers=4 hidden_dim=256 lr=1e-05 best_step=2890 val_roc_auc=0.9257 test_roc_auc=0.9225
     val_acc=0.8832 val_loss=0.2946 val_metric=0.9257 val_metric_name=roc_auc val_roc_auc=0.9257
     test_acc=0.8752 test_loss=0.2929 test_metric=0.9225 test_metric_name=roc_auc test_roc_auc=0.9225
  >> num_layers=4 hidden_dim=384 lr=3e-05 best_step=900 val_roc_auc=0.9210 test_roc_auc=0.9166
     val_acc=0.8772 val_loss=0.3109 val_metric=0.9210 val_metric_name=roc_auc val_roc_auc=0.9210
     test_acc=0.8648 test_loss=0.3110 test_metric=0.9166 test_metric_name=roc_auc test_roc_auc=0.9166
  >> num_layers=4 hidden_dim=384 lr=6e-05 best_step=310 val_roc_auc=0.9196 test_roc_auc=0.9131
     val_acc=0.8748 val_loss=0.2878 val_metric=0.9196 val_metric_name=roc_auc val_roc_auc=0.9196
     test_acc=0.8684 test_loss=0.2946 test_metric=0.9131 test_metric_name=roc_auc test_roc_auc=0.9131
  >> num_layers=4 hidden_dim=384 lr=0.0001 best_step=220 val_roc_auc=0.9183 test_roc_auc=0.9117
     val_acc=0.8744 val_loss=0.2890 val_metric=0.9183 val_metric_name=roc_auc val_roc_auc=0.9183
     test_acc=0.8696 test_loss=0.2956 test_metric=0.9117 test_metric_name=roc_auc test_roc_auc=0.9117
  >> num_layers=4 hidden_dim=384 lr=1e-05 best_step=1270 val_roc_auc=0.9208 test_roc_auc=0.9159
     val_acc=0.8776 val_loss=0.2876 val_metric=0.9208 val_metric_name=roc_auc val_roc_auc=0.9208
     test_acc=0.8712 test_loss=0.2911 test_metric=0.9159 test_metric_name=roc_auc test_roc_auc=0.9159
  >> num_layers=4 hidden_dim=512 lr=3e-05 best_step=660 val_roc_auc=0.9135 test_roc_auc=0.9085
     val_acc=0.8728 val_loss=0.3214 val_metric=0.9135 val_metric_name=roc_auc val_roc_auc=0.9135
     test_acc=0.8624 test_loss=0.3231 test_metric=0.9085 test_metric_name=roc_auc test_roc_auc=0.9085
  >> num_layers=4 hidden_dim=512 lr=6e-05 best_step=320 val_roc_auc=0.9117 test_roc_auc=0.9072
     val_acc=0.8684 val_loss=0.3095 val_metric=0.9117 val_metric_name=roc_auc val_roc_auc=0.9117
     test_acc=0.8592 test_loss=0.3125 test_metric=0.9072 test_metric_name=roc_auc test_roc_auc=0.9072
  >> num_layers=4 hidden_dim=512 lr=0.0001 best_step=260 val_roc_auc=0.9105 test_roc_auc=0.9072
     val_acc=0.8672 val_loss=0.3127 val_metric=0.9105 val_metric_name=roc_auc val_roc_auc=0.9105
     test_acc=0.8584 test_loss=0.3122 test_metric=0.9072 test_metric_name=roc_auc test_roc_auc=0.9072
  >> num_layers=4 hidden_dim=512 lr=1e-05 best_step=1090 val_roc_auc=0.9152 test_roc_auc=0.9112
     val_acc=0.8748 val_loss=0.3020 val_metric=0.9152 val_metric_name=roc_auc val_roc_auc=0.9152
     test_acc=0.8668 test_loss=0.3032 test_metric=0.9112 test_metric_name=roc_auc test_roc_auc=0.9112
  >> selected best (by val): num_layers=4 hidden_dim=256 lr=1e-05 val_roc_auc=0.9257 test_roc_auc=0.9225
     val_acc=0.8832 val_loss=0.2946 val_metric=0.9257 val_metric_name=roc_auc val_roc_auc=0.9257
     test_acc=0.8752 test_loss=0.2929 test_metric=0.9225 test_metric_name=roc_auc test_roc_auc=0.9225

Done. Results saved to /home/avshmelev/diploma_yandex_graphs/results_grid/minesweeper/base.csv, checkpoints in /home/avshmelev/diploma_yandex_graphs/all_checkpoints/minesweeper/base/
Skipping: "Done." found in /home/avshmelev/diploma_yandex_graphs/results_grid/minesweeper/logs_base/GT-sep_4L_split2.log
