Loading data...

============================================================
Training minesweeper GT-sep 4L h=256 lr=3e-05 split=6
============================================================
Training for 5000 steps
Step    1 | loss 0.7343 | val_acc=0.7672 val_roc_auc=0.5258 val_loss=0.5786 val_metric_name=roc_auc val_metric=0.5258
Step   50 | loss 0.4257 | val_acc=0.8016 val_roc_auc=0.8427 val_loss=0.3948 val_metric_name=roc_auc val_metric=0.8427
Step  100 | loss 0.3530 | val_acc=0.8352 val_roc_auc=0.8830 val_loss=0.3253 val_metric_name=roc_auc val_metric=0.8830
Step  150 | loss 0.3326 | val_acc=0.8508 val_roc_auc=0.9012 val_loss=0.3030 val_metric_name=roc_auc val_metric=0.9012
Step  200 | loss 0.3151 | val_acc=0.8524 val_roc_auc=0.9098 val_loss=0.2959 val_metric_name=roc_auc val_metric=0.9098
Step  250 | loss 0.3128 | val_acc=0.8496 val_roc_auc=0.9135 val_loss=0.2913 val_metric_name=roc_auc val_metric=0.9135
Step  300 | loss 0.3097 | val_acc=0.8576 val_roc_auc=0.9163 val_loss=0.2856 val_metric_name=roc_auc val_metric=0.9163
Step  350 | loss 0.3054 | val_acc=0.8584 val_roc_auc=0.9179 val_loss=0.2821 val_metric_name=roc_auc val_metric=0.9179
Step  400 | loss 0.2992 | val_acc=0.8592 val_roc_auc=0.9199 val_loss=0.2797 val_metric_name=roc_auc val_metric=0.9199
Step  450 | loss 0.2966 | val_acc=0.8608 val_roc_auc=0.9207 val_loss=0.2772 val_metric_name=roc_auc val_metric=0.9207
Step  500 | loss 0.2962 | val_acc=0.8624 val_roc_auc=0.9224 val_loss=0.2746 val_metric_name=roc_auc val_metric=0.9224
Step  550 | loss 0.2902 | val_acc=0.8648 val_roc_auc=0.9241 val_loss=0.2712 val_metric_name=roc_auc val_metric=0.9241
Step  600 | loss 0.2871 | val_acc=0.8676 val_roc_auc=0.9257 val_loss=0.2704 val_metric_name=roc_auc val_metric=0.9257
Step  650 | loss 0.2782 | val_acc=0.8700 val_roc_auc=0.9265 val_loss=0.2672 val_metric_name=roc_auc val_metric=0.9265
Step  700 | loss 0.2780 | val_acc=0.8744 val_roc_auc=0.9281 val_loss=0.2634 val_metric_name=roc_auc val_metric=0.9281
Step  750 | loss 0.2701 | val_acc=0.8752 val_roc_auc=0.9283 val_loss=0.2633 val_metric_name=roc_auc val_metric=0.9283
Step  800 | loss 0.2658 | val_acc=0.8756 val_roc_auc=0.9287 val_loss=0.2636 val_metric_name=roc_auc val_metric=0.9287
Step  850 | loss 0.2645 | val_acc=0.8776 val_roc_auc=0.9289 val_loss=0.2645 val_metric_name=roc_auc val_metric=0.9289
Step  900 | loss 0.2564 | val_acc=0.8800 val_roc_auc=0.9286 val_loss=0.2671 val_metric_name=roc_auc val_metric=0.9286
Step  950 | loss 0.2574 | val_acc=0.8808 val_roc_auc=0.9290 val_loss=0.2673 val_metric_name=roc_auc val_metric=0.9290
Step 1000 | loss 0.2520 | val_acc=0.8812 val_roc_auc=0.9292 val_loss=0.2702 val_metric_name=roc_auc val_metric=0.9292
Step 1050 | loss 0.2408 | val_acc=0.8820 val_roc_auc=0.9308 val_loss=0.2691 val_metric_name=roc_auc val_metric=0.9308
Step 1100 | loss 0.2364 | val_acc=0.8796 val_roc_auc=0.9316 val_loss=0.2707 val_metric_name=roc_auc val_metric=0.9316
Step 1150 | loss 0.2302 | val_acc=0.8824 val_roc_auc=0.9334 val_loss=0.2726 val_metric_name=roc_auc val_metric=0.9334
Step 1200 | loss 0.2315 | val_acc=0.8844 val_roc_auc=0.9337 val_loss=0.2728 val_metric_name=roc_auc val_metric=0.9337
Step 1250 | loss 0.2188 | val_acc=0.8828 val_roc_auc=0.9328 val_loss=0.2777 val_metric_name=roc_auc val_metric=0.9328
Step 1300 | loss 0.2134 | val_acc=0.8868 val_roc_auc=0.9314 val_loss=0.2819 val_metric_name=roc_auc val_metric=0.9314
Step 1350 | loss 0.2109 | val_acc=0.8824 val_roc_auc=0.9305 val_loss=0.2897 val_metric_name=roc_auc val_metric=0.9305
Step 1400 | loss 0.2106 | val_acc=0.8816 val_roc_auc=0.9308 val_loss=0.2911 val_metric_name=roc_auc val_metric=0.9308
Step 1450 | loss 0.1998 | val_acc=0.8848 val_roc_auc=0.9291 val_loss=0.2964 val_metric_name=roc_auc val_metric=0.9291
Step 1500 | loss 0.2043 | val_acc=0.8856 val_roc_auc=0.9298 val_loss=0.2962 val_metric_name=roc_auc val_metric=0.9298
Early stopping at step 1500

--- Final (best ckpt @ step 1200) ---
  train_acc=0.9124 train_roc_auc=0.9607 train_loss=0.1985 train_metric_name=roc_auc train_metric=0.9607
  val_acc=0.8844 val_roc_auc=0.9337 val_loss=0.2728 val_metric_name=roc_auc val_metric=0.9337
  test_acc=0.8624 test_roc_auc=0.9138 test_loss=0.3229 test_metric_name=roc_auc test_metric=0.9138
  test_roc_auc=0.9138

============================================================
Training minesweeper GT-sep 4L h=256 lr=6e-05 split=6
============================================================
Training for 5000 steps
Step    1 | loss 0.7343 | val_acc=0.8000 val_roc_auc=0.5575 val_loss=0.5070 val_metric_name=roc_auc val_metric=0.5575
Step   50 | loss 0.3708 | val_acc=0.8324 val_roc_auc=0.8718 val_loss=0.3559 val_metric_name=roc_auc val_metric=0.8718
Step  100 | loss 0.3232 | val_acc=0.8516 val_roc_auc=0.9046 val_loss=0.3013 val_metric_name=roc_auc val_metric=0.9046
Step  150 | loss 0.3140 | val_acc=0.8508 val_roc_auc=0.9137 val_loss=0.2898 val_metric_name=roc_auc val_metric=0.9137
Step  200 | loss 0.3007 | val_acc=0.8556 val_roc_auc=0.9174 val_loss=0.2839 val_metric_name=roc_auc val_metric=0.9174
Step  250 | loss 0.3001 | val_acc=0.8580 val_roc_auc=0.9201 val_loss=0.2785 val_metric_name=roc_auc val_metric=0.9201
Step  300 | loss 0.2935 | val_acc=0.8624 val_roc_auc=0.9232 val_loss=0.2721 val_metric_name=roc_auc val_metric=0.9232
Step  350 | loss 0.2846 | val_acc=0.8656 val_roc_auc=0.9260 val_loss=0.2686 val_metric_name=roc_auc val_metric=0.9260
Step  400 | loss 0.2749 | val_acc=0.8716 val_roc_auc=0.9270 val_loss=0.2659 val_metric_name=roc_auc val_metric=0.9270
Step  450 | loss 0.2671 | val_acc=0.8732 val_roc_auc=0.9272 val_loss=0.2662 val_metric_name=roc_auc val_metric=0.9272
Step  500 | loss 0.2636 | val_acc=0.8772 val_roc_auc=0.9279 val_loss=0.2666 val_metric_name=roc_auc val_metric=0.9279
Step  550 | loss 0.2549 | val_acc=0.8776 val_roc_auc=0.9287 val_loss=0.2685 val_metric_name=roc_auc val_metric=0.9287
Step  600 | loss 0.2469 | val_acc=0.8760 val_roc_auc=0.9286 val_loss=0.2728 val_metric_name=roc_auc val_metric=0.9286
Step  650 | loss 0.2352 | val_acc=0.8740 val_roc_auc=0.9305 val_loss=0.2759 val_metric_name=roc_auc val_metric=0.9305
Step  700 | loss 0.2312 | val_acc=0.8820 val_roc_auc=0.9312 val_loss=0.2769 val_metric_name=roc_auc val_metric=0.9312
Step  750 | loss 0.2166 | val_acc=0.8796 val_roc_auc=0.9298 val_loss=0.2872 val_metric_name=roc_auc val_metric=0.9298
Step  800 | loss 0.2119 | val_acc=0.8772 val_roc_auc=0.9285 val_loss=0.2949 val_metric_name=roc_auc val_metric=0.9285
Step  850 | loss 0.2029 | val_acc=0.8772 val_roc_auc=0.9260 val_loss=0.3091 val_metric_name=roc_auc val_metric=0.9260
Step  900 | loss 0.1956 | val_acc=0.8780 val_roc_auc=0.9238 val_loss=0.3151 val_metric_name=roc_auc val_metric=0.9238
Step  950 | loss 0.1898 | val_acc=0.8728 val_roc_auc=0.9240 val_loss=0.3181 val_metric_name=roc_auc val_metric=0.9240
Step 1000 | loss 0.1862 | val_acc=0.8672 val_roc_auc=0.9218 val_loss=0.3354 val_metric_name=roc_auc val_metric=0.9218
Early stopping at step 1027

--- Final (best ckpt @ step 700) ---
  train_acc=0.9126 train_roc_auc=0.9612 train_loss=0.1967 train_metric_name=roc_auc train_metric=0.9612
  val_acc=0.8820 val_roc_auc=0.9312 val_loss=0.2769 val_metric_name=roc_auc val_metric=0.9312
  test_acc=0.8640 test_roc_auc=0.9136 test_loss=0.3223 test_metric_name=roc_auc test_metric=0.9136
  test_roc_auc=0.9136

============================================================
Training minesweeper GT-sep 4L h=256 lr=0.0001 split=6
============================================================
Training for 5000 steps
Step    1 | loss 0.7343 | val_acc=0.8000 val_roc_auc=0.5777 val_loss=0.5265 val_metric_name=roc_auc val_metric=0.5777
Step   50 | loss 0.3408 | val_acc=0.8416 val_roc_auc=0.8901 val_loss=0.3136 val_metric_name=roc_auc val_metric=0.8901
Step  100 | loss 0.3132 | val_acc=0.8528 val_roc_auc=0.9137 val_loss=0.2884 val_metric_name=roc_auc val_metric=0.9137
Step  150 | loss 0.3049 | val_acc=0.8568 val_roc_auc=0.9174 val_loss=0.2832 val_metric_name=roc_auc val_metric=0.9174
Step  200 | loss 0.2897 | val_acc=0.8600 val_roc_auc=0.9221 val_loss=0.2749 val_metric_name=roc_auc val_metric=0.9221
Step  250 | loss 0.2850 | val_acc=0.8620 val_roc_auc=0.9247 val_loss=0.2707 val_metric_name=roc_auc val_metric=0.9247
Step  300 | loss 0.2721 | val_acc=0.8768 val_roc_auc=0.9273 val_loss=0.2654 val_metric_name=roc_auc val_metric=0.9273
Step  350 | loss 0.2620 | val_acc=0.8744 val_roc_auc=0.9282 val_loss=0.2655 val_metric_name=roc_auc val_metric=0.9282
Step  400 | loss 0.2515 | val_acc=0.8800 val_roc_auc=0.9288 val_loss=0.2700 val_metric_name=roc_auc val_metric=0.9288
Step  450 | loss 0.2399 | val_acc=0.8824 val_roc_auc=0.9289 val_loss=0.2744 val_metric_name=roc_auc val_metric=0.9289
Step  500 | loss 0.2260 | val_acc=0.8776 val_roc_auc=0.9281 val_loss=0.2913 val_metric_name=roc_auc val_metric=0.9281
Step  550 | loss 0.2100 | val_acc=0.8792 val_roc_auc=0.9284 val_loss=0.2948 val_metric_name=roc_auc val_metric=0.9284
Step  600 | loss 0.1981 | val_acc=0.8712 val_roc_auc=0.9248 val_loss=0.3135 val_metric_name=roc_auc val_metric=0.9248
Step  650 | loss 0.1902 | val_acc=0.8728 val_roc_auc=0.9253 val_loss=0.3188 val_metric_name=roc_auc val_metric=0.9253
Step  700 | loss 0.1875 | val_acc=0.8692 val_roc_auc=0.9219 val_loss=0.3348 val_metric_name=roc_auc val_metric=0.9219
Step  750 | loss 0.1695 | val_acc=0.8664 val_roc_auc=0.9196 val_loss=0.3518 val_metric_name=roc_auc val_metric=0.9196
Early stopping at step 773

--- Final (best ckpt @ step 470) ---
  train_acc=0.9104 train_roc_auc=0.9590 train_loss=0.2020 train_metric_name=roc_auc train_metric=0.9590
  val_acc=0.8828 val_roc_auc=0.9309 val_loss=0.2763 val_metric_name=roc_auc val_metric=0.9309
  test_acc=0.8600 test_roc_auc=0.9123 test_loss=0.3222 test_metric_name=roc_auc test_metric=0.9123
  test_roc_auc=0.9123

============================================================
Training minesweeper GT-sep 4L h=256 lr=1e-05 split=6
============================================================
Training for 5000 steps
Step    1 | loss 0.7343 | val_acc=0.4868 val_roc_auc=0.5085 val_loss=0.6859 val_metric_name=roc_auc val_metric=0.5085
Step   50 | loss 0.4820 | val_acc=0.8000 val_roc_auc=0.7958 val_loss=0.4688 val_metric_name=roc_auc val_metric=0.7958
Step  100 | loss 0.4426 | val_acc=0.8008 val_roc_auc=0.8309 val_loss=0.4152 val_metric_name=roc_auc val_metric=0.8309
Step  150 | loss 0.4054 | val_acc=0.8216 val_roc_auc=0.8573 val_loss=0.3676 val_metric_name=roc_auc val_metric=0.8573
Step  200 | loss 0.3705 | val_acc=0.8288 val_roc_auc=0.8723 val_loss=0.3461 val_metric_name=roc_auc val_metric=0.8723
Step  250 | loss 0.3524 | val_acc=0.8380 val_roc_auc=0.8847 val_loss=0.3240 val_metric_name=roc_auc val_metric=0.8847
Step  300 | loss 0.3414 | val_acc=0.8424 val_roc_auc=0.8940 val_loss=0.3106 val_metric_name=roc_auc val_metric=0.8940
Step  350 | loss 0.3343 | val_acc=0.8464 val_roc_auc=0.8995 val_loss=0.3047 val_metric_name=roc_auc val_metric=0.8995
Step  400 | loss 0.3249 | val_acc=0.8484 val_roc_auc=0.9038 val_loss=0.3013 val_metric_name=roc_auc val_metric=0.9038
Step  450 | loss 0.3202 | val_acc=0.8504 val_roc_auc=0.9064 val_loss=0.2998 val_metric_name=roc_auc val_metric=0.9064
Step  500 | loss 0.3233 | val_acc=0.8500 val_roc_auc=0.9086 val_loss=0.2977 val_metric_name=roc_auc val_metric=0.9086
Step  550 | loss 0.3149 | val_acc=0.8520 val_roc_auc=0.9109 val_loss=0.2946 val_metric_name=roc_auc val_metric=0.9109
Step  600 | loss 0.3186 | val_acc=0.8524 val_roc_auc=0.9124 val_loss=0.2929 val_metric_name=roc_auc val_metric=0.9124
Step  650 | loss 0.3129 | val_acc=0.8524 val_roc_auc=0.9134 val_loss=0.2921 val_metric_name=roc_auc val_metric=0.9134
Step  700 | loss 0.3118 | val_acc=0.8500 val_roc_auc=0.9140 val_loss=0.2907 val_metric_name=roc_auc val_metric=0.9140
Step  750 | loss 0.3103 | val_acc=0.8532 val_roc_auc=0.9152 val_loss=0.2880 val_metric_name=roc_auc val_metric=0.9152
Step  800 | loss 0.3120 | val_acc=0.8560 val_roc_auc=0.9155 val_loss=0.2867 val_metric_name=roc_auc val_metric=0.9155
Step  850 | loss 0.3077 | val_acc=0.8552 val_roc_auc=0.9162 val_loss=0.2869 val_metric_name=roc_auc val_metric=0.9162
Step  900 | loss 0.3029 | val_acc=0.8572 val_roc_auc=0.9171 val_loss=0.2846 val_metric_name=roc_auc val_metric=0.9171
Step  950 | loss 0.2999 | val_acc=0.8564 val_roc_auc=0.9175 val_loss=0.2837 val_metric_name=roc_auc val_metric=0.9175
Step 1000 | loss 0.3031 | val_acc=0.8568 val_roc_auc=0.9187 val_loss=0.2817 val_metric_name=roc_auc val_metric=0.9187
Step 1050 | loss 0.3059 | val_acc=0.8572 val_roc_auc=0.9194 val_loss=0.2814 val_metric_name=roc_auc val_metric=0.9194
Step 1100 | loss 0.3025 | val_acc=0.8588 val_roc_auc=0.9200 val_loss=0.2801 val_metric_name=roc_auc val_metric=0.9200
Step 1150 | loss 0.2957 | val_acc=0.8592 val_roc_auc=0.9210 val_loss=0.2788 val_metric_name=roc_auc val_metric=0.9210
Step 1200 | loss 0.2957 | val_acc=0.8608 val_roc_auc=0.9213 val_loss=0.2776 val_metric_name=roc_auc val_metric=0.9213
Step 1250 | loss 0.2950 | val_acc=0.8632 val_roc_auc=0.9221 val_loss=0.2760 val_metric_name=roc_auc val_metric=0.9221
Step 1300 | loss 0.2923 | val_acc=0.8644 val_roc_auc=0.9232 val_loss=0.2733 val_metric_name=roc_auc val_metric=0.9232
Step 1350 | loss 0.2922 | val_acc=0.8620 val_roc_auc=0.9241 val_loss=0.2728 val_metric_name=roc_auc val_metric=0.9241
Step 1400 | loss 0.2890 | val_acc=0.8632 val_roc_auc=0.9247 val_loss=0.2723 val_metric_name=roc_auc val_metric=0.9247
Step 1450 | loss 0.2849 | val_acc=0.8660 val_roc_auc=0.9252 val_loss=0.2715 val_metric_name=roc_auc val_metric=0.9252
Step 1500 | loss 0.2863 | val_acc=0.8680 val_roc_auc=0.9254 val_loss=0.2702 val_metric_name=roc_auc val_metric=0.9254
Step 1550 | loss 0.2830 | val_acc=0.8672 val_roc_auc=0.9261 val_loss=0.2693 val_metric_name=roc_auc val_metric=0.9261
Step 1600 | loss 0.2828 | val_acc=0.8672 val_roc_auc=0.9265 val_loss=0.2683 val_metric_name=roc_auc val_metric=0.9265
Step 1650 | loss 0.2796 | val_acc=0.8692 val_roc_auc=0.9268 val_loss=0.2672 val_metric_name=roc_auc val_metric=0.9268
Step 1700 | loss 0.2761 | val_acc=0.8744 val_roc_auc=0.9277 val_loss=0.2648 val_metric_name=roc_auc val_metric=0.9277
Step 1750 | loss 0.2751 | val_acc=0.8744 val_roc_auc=0.9276 val_loss=0.2652 val_metric_name=roc_auc val_metric=0.9276
Step 1800 | loss 0.2727 | val_acc=0.8780 val_roc_auc=0.9286 val_loss=0.2630 val_metric_name=roc_auc val_metric=0.9286
Step 1850 | loss 0.2702 | val_acc=0.8776 val_roc_auc=0.9288 val_loss=0.2624 val_metric_name=roc_auc val_metric=0.9288
Step 1900 | loss 0.2700 | val_acc=0.8764 val_roc_auc=0.9285 val_loss=0.2632 val_metric_name=roc_auc val_metric=0.9285
Step 1950 | loss 0.2691 | val_acc=0.8788 val_roc_auc=0.9287 val_loss=0.2631 val_metric_name=roc_auc val_metric=0.9287
Step 2000 | loss 0.2674 | val_acc=0.8780 val_roc_auc=0.9292 val_loss=0.2625 val_metric_name=roc_auc val_metric=0.9292
Step 2050 | loss 0.2670 | val_acc=0.8764 val_roc_auc=0.9291 val_loss=0.2627 val_metric_name=roc_auc val_metric=0.9291
Step 2100 | loss 0.2625 | val_acc=0.8792 val_roc_auc=0.9291 val_loss=0.2634 val_metric_name=roc_auc val_metric=0.9291
Step 2150 | loss 0.2635 | val_acc=0.8804 val_roc_auc=0.9294 val_loss=0.2640 val_metric_name=roc_auc val_metric=0.9294
Step 2200 | loss 0.2603 | val_acc=0.8812 val_roc_auc=0.9296 val_loss=0.2641 val_metric_name=roc_auc val_metric=0.9296
Step 2250 | loss 0.2577 | val_acc=0.8824 val_roc_auc=0.9299 val_loss=0.2632 val_metric_name=roc_auc val_metric=0.9299
Step 2300 | loss 0.2574 | val_acc=0.8824 val_roc_auc=0.9304 val_loss=0.2636 val_metric_name=roc_auc val_metric=0.9304
Step 2350 | loss 0.2508 | val_acc=0.8820 val_roc_auc=0.9306 val_loss=0.2642 val_metric_name=roc_auc val_metric=0.9306
Step 2400 | loss 0.2528 | val_acc=0.8800 val_roc_auc=0.9306 val_loss=0.2643 val_metric_name=roc_auc val_metric=0.9306
Step 2450 | loss 0.2526 | val_acc=0.8832 val_roc_auc=0.9302 val_loss=0.2673 val_metric_name=roc_auc val_metric=0.9302
Step 2500 | loss 0.2483 | val_acc=0.8832 val_roc_auc=0.9311 val_loss=0.2665 val_metric_name=roc_auc val_metric=0.9311
Step 2550 | loss 0.2505 | val_acc=0.8836 val_roc_auc=0.9315 val_loss=0.2671 val_metric_name=roc_auc val_metric=0.9315
Step 2600 | loss 0.2411 | val_acc=0.8816 val_roc_auc=0.9322 val_loss=0.2672 val_metric_name=roc_auc val_metric=0.9322
Step 2650 | loss 0.2410 | val_acc=0.8848 val_roc_auc=0.9332 val_loss=0.2674 val_metric_name=roc_auc val_metric=0.9332
Step 2700 | loss 0.2401 | val_acc=0.8852 val_roc_auc=0.9334 val_loss=0.2681 val_metric_name=roc_auc val_metric=0.9334
Step 2750 | loss 0.2352 | val_acc=0.8848 val_roc_auc=0.9337 val_loss=0.2680 val_metric_name=roc_auc val_metric=0.9337
Step 2800 | loss 0.2367 | val_acc=0.8852 val_roc_auc=0.9347 val_loss=0.2661 val_metric_name=roc_auc val_metric=0.9347
Step 2850 | loss 0.2312 | val_acc=0.8876 val_roc_auc=0.9347 val_loss=0.2675 val_metric_name=roc_auc val_metric=0.9347
Step 2900 | loss 0.2285 | val_acc=0.8880 val_roc_auc=0.9354 val_loss=0.2668 val_metric_name=roc_auc val_metric=0.9354
Step 2950 | loss 0.2289 | val_acc=0.8900 val_roc_auc=0.9351 val_loss=0.2676 val_metric_name=roc_auc val_metric=0.9351
Step 3000 | loss 0.2276 | val_acc=0.8908 val_roc_auc=0.9358 val_loss=0.2673 val_metric_name=roc_auc val_metric=0.9358
Step 3050 | loss 0.2241 | val_acc=0.8896 val_roc_auc=0.9352 val_loss=0.2689 val_metric_name=roc_auc val_metric=0.9352
Step 3100 | loss 0.2215 | val_acc=0.8880 val_roc_auc=0.9354 val_loss=0.2703 val_metric_name=roc_auc val_metric=0.9354
Step 3150 | loss 0.2239 | val_acc=0.8884 val_roc_auc=0.9357 val_loss=0.2706 val_metric_name=roc_auc val_metric=0.9357
Step 3200 | loss 0.2222 | val_acc=0.8892 val_roc_auc=0.9348 val_loss=0.2739 val_metric_name=roc_auc val_metric=0.9348
Step 3250 | loss 0.2288 | val_acc=0.8868 val_roc_auc=0.9347 val_loss=0.2751 val_metric_name=roc_auc val_metric=0.9347
Early stopping at step 3280

--- Final (best ckpt @ step 2980) ---
  train_acc=0.9070 train_roc_auc=0.9590 train_loss=0.2043 train_metric_name=roc_auc train_metric=0.9590
  val_acc=0.8916 val_roc_auc=0.9363 val_loss=0.2659 val_metric_name=roc_auc val_metric=0.9363
  test_acc=0.8612 test_roc_auc=0.9164 test_loss=0.3158 test_metric_name=roc_auc test_metric=0.9164
  test_roc_auc=0.9164

============================================================
Training minesweeper GT-sep 4L h=384 lr=3e-05 split=6
============================================================
Training for 5000 steps
Step    1 | loss 0.8132 | val_acc=0.8000 val_roc_auc=0.4541 val_loss=0.5288 val_metric_name=roc_auc val_metric=0.4541
Step   50 | loss 0.4087 | val_acc=0.8196 val_roc_auc=0.8604 val_loss=0.3715 val_metric_name=roc_auc val_metric=0.8604
Step  100 | loss 0.3306 | val_acc=0.8452 val_roc_auc=0.8982 val_loss=0.3094 val_metric_name=roc_auc val_metric=0.8982
Step  150 | loss 0.3173 | val_acc=0.8504 val_roc_auc=0.9117 val_loss=0.3035 val_metric_name=roc_auc val_metric=0.9117
Step  200 | loss 0.3128 | val_acc=0.8492 val_roc_auc=0.9145 val_loss=0.2998 val_metric_name=roc_auc val_metric=0.9145
Step  250 | loss 0.3054 | val_acc=0.8552 val_roc_auc=0.9163 val_loss=0.2944 val_metric_name=roc_auc val_metric=0.9163
Step  300 | loss 0.2991 | val_acc=0.8580 val_roc_auc=0.9182 val_loss=0.2915 val_metric_name=roc_auc val_metric=0.9182
Step  350 | loss 0.2952 | val_acc=0.8620 val_roc_auc=0.9211 val_loss=0.2840 val_metric_name=roc_auc val_metric=0.9211
Step  400 | loss 0.2909 | val_acc=0.8616 val_roc_auc=0.9241 val_loss=0.2805 val_metric_name=roc_auc val_metric=0.9241
Step  450 | loss 0.2870 | val_acc=0.8596 val_roc_auc=0.9255 val_loss=0.2812 val_metric_name=roc_auc val_metric=0.9255
Step  500 | loss 0.2825 | val_acc=0.8608 val_roc_auc=0.9249 val_loss=0.2797 val_metric_name=roc_auc val_metric=0.9249
Step  550 | loss 0.2717 | val_acc=0.8696 val_roc_auc=0.9264 val_loss=0.2732 val_metric_name=roc_auc val_metric=0.9264
Step  600 | loss 0.2623 | val_acc=0.8812 val_roc_auc=0.9276 val_loss=0.2694 val_metric_name=roc_auc val_metric=0.9276
Step  650 | loss 0.2550 | val_acc=0.8808 val_roc_auc=0.9305 val_loss=0.2697 val_metric_name=roc_auc val_metric=0.9305
Step  700 | loss 0.2390 | val_acc=0.8816 val_roc_auc=0.9320 val_loss=0.2721 val_metric_name=roc_auc val_metric=0.9320
Step  750 | loss 0.2284 | val_acc=0.8860 val_roc_auc=0.9325 val_loss=0.2789 val_metric_name=roc_auc val_metric=0.9325
Step  800 | loss 0.2264 | val_acc=0.8832 val_roc_auc=0.9321 val_loss=0.2848 val_metric_name=roc_auc val_metric=0.9321
Step  850 | loss 0.2139 | val_acc=0.8828 val_roc_auc=0.9311 val_loss=0.2894 val_metric_name=roc_auc val_metric=0.9311
Step  900 | loss 0.2119 | val_acc=0.8792 val_roc_auc=0.9310 val_loss=0.2924 val_metric_name=roc_auc val_metric=0.9310
Step  950 | loss 0.2072 | val_acc=0.8808 val_roc_auc=0.9290 val_loss=0.3021 val_metric_name=roc_auc val_metric=0.9290
Step 1000 | loss 0.2008 | val_acc=0.8804 val_roc_auc=0.9303 val_loss=0.3060 val_metric_name=roc_auc val_metric=0.9303
Step 1050 | loss 0.1955 | val_acc=0.8772 val_roc_auc=0.9281 val_loss=0.3129 val_metric_name=roc_auc val_metric=0.9281
Early stopping at step 1091

--- Final (best ckpt @ step 680) ---
  train_acc=0.8986 train_roc_auc=0.9463 train_loss=0.2321 train_metric_name=roc_auc train_metric=0.9463
  val_acc=0.8840 val_roc_auc=0.9332 val_loss=0.2646 val_metric_name=roc_auc val_metric=0.9332
  test_acc=0.8656 test_roc_auc=0.9116 test_loss=0.3113 test_metric_name=roc_auc test_metric=0.9116
  test_roc_auc=0.9116

============================================================
Training minesweeper GT-sep 4L h=384 lr=6e-05 split=6
============================================================
Training for 5000 steps
Step    1 | loss 0.8132 | val_acc=0.8000 val_roc_auc=0.4959 val_loss=0.5284 val_metric_name=roc_auc val_metric=0.4959
Step   50 | loss 0.3509 | val_acc=0.8360 val_roc_auc=0.8874 val_loss=0.3296 val_metric_name=roc_auc val_metric=0.8874
Step  100 | loss 0.3124 | val_acc=0.8492 val_roc_auc=0.9133 val_loss=0.2989 val_metric_name=roc_auc val_metric=0.9133
Step  150 | loss 0.3052 | val_acc=0.8580 val_roc_auc=0.9168 val_loss=0.2922 val_metric_name=roc_auc val_metric=0.9168
Step  200 | loss 0.3008 | val_acc=0.8628 val_roc_auc=0.9203 val_loss=0.2870 val_metric_name=roc_auc val_metric=0.9203
Step  250 | loss 0.2918 | val_acc=0.8620 val_roc_auc=0.9241 val_loss=0.2759 val_metric_name=roc_auc val_metric=0.9241
Step  300 | loss 0.2800 | val_acc=0.8536 val_roc_auc=0.9258 val_loss=0.2862 val_metric_name=roc_auc val_metric=0.9258
Step  350 | loss 0.2679 | val_acc=0.8712 val_roc_auc=0.9258 val_loss=0.2733 val_metric_name=roc_auc val_metric=0.9258
Step  400 | loss 0.2555 | val_acc=0.8812 val_roc_auc=0.9261 val_loss=0.2756 val_metric_name=roc_auc val_metric=0.9261
Step  450 | loss 0.2345 | val_acc=0.8832 val_roc_auc=0.9298 val_loss=0.2870 val_metric_name=roc_auc val_metric=0.9298
Step  500 | loss 0.2235 | val_acc=0.8812 val_roc_auc=0.9305 val_loss=0.2901 val_metric_name=roc_auc val_metric=0.9305
Step  550 | loss 0.2147 | val_acc=0.8756 val_roc_auc=0.9294 val_loss=0.2973 val_metric_name=roc_auc val_metric=0.9294
Step  600 | loss 0.1967 | val_acc=0.8736 val_roc_auc=0.9252 val_loss=0.3225 val_metric_name=roc_auc val_metric=0.9252
Step  650 | loss 0.1972 | val_acc=0.8752 val_roc_auc=0.9228 val_loss=0.3300 val_metric_name=roc_auc val_metric=0.9228
Step  700 | loss 0.1810 | val_acc=0.8688 val_roc_auc=0.9229 val_loss=0.3368 val_metric_name=roc_auc val_metric=0.9229
Step  750 | loss 0.1745 | val_acc=0.8700 val_roc_auc=0.9195 val_loss=0.3652 val_metric_name=roc_auc val_metric=0.9195
Early stopping at step 790

--- Final (best ckpt @ step 490) ---
  train_acc=0.9118 train_roc_auc=0.9605 train_loss=0.2007 train_metric_name=roc_auc train_metric=0.9605
  val_acc=0.8808 val_roc_auc=0.9322 val_loss=0.2815 val_metric_name=roc_auc val_metric=0.9322
  test_acc=0.8588 test_roc_auc=0.9117 test_loss=0.3379 test_metric_name=roc_auc test_metric=0.9117
  test_roc_auc=0.9117

============================================================
Training minesweeper GT-sep 4L h=384 lr=0.0001 split=6
============================================================
Training for 5000 steps
Step    1 | loss 0.8132 | val_acc=0.8000 val_roc_auc=0.5156 val_loss=0.6955 val_metric_name=roc_auc val_metric=0.5156
Step   50 | loss 0.3333 | val_acc=0.8444 val_roc_auc=0.8961 val_loss=0.3070 val_metric_name=roc_auc val_metric=0.8961
Step  100 | loss 0.3060 | val_acc=0.8564 val_roc_auc=0.9160 val_loss=0.2901 val_metric_name=roc_auc val_metric=0.9160
Step  150 | loss 0.2968 | val_acc=0.8616 val_roc_auc=0.9204 val_loss=0.2819 val_metric_name=roc_auc val_metric=0.9204
Step  200 | loss 0.2877 | val_acc=0.8580 val_roc_auc=0.9261 val_loss=0.2793 val_metric_name=roc_auc val_metric=0.9261
Step  250 | loss 0.2769 | val_acc=0.8632 val_roc_auc=0.9242 val_loss=0.2762 val_metric_name=roc_auc val_metric=0.9242
Step  300 | loss 0.2557 | val_acc=0.8812 val_roc_auc=0.9291 val_loss=0.2688 val_metric_name=roc_auc val_metric=0.9291
Step  350 | loss 0.2322 | val_acc=0.8796 val_roc_auc=0.9290 val_loss=0.2818 val_metric_name=roc_auc val_metric=0.9290
Step  400 | loss 0.2121 | val_acc=0.8832 val_roc_auc=0.9256 val_loss=0.3013 val_metric_name=roc_auc val_metric=0.9256
Step  450 | loss 0.1962 | val_acc=0.8724 val_roc_auc=0.9192 val_loss=0.3337 val_metric_name=roc_auc val_metric=0.9192
Step  500 | loss 0.1858 | val_acc=0.8660 val_roc_auc=0.9154 val_loss=0.3636 val_metric_name=roc_auc val_metric=0.9154
Step  550 | loss 0.1676 | val_acc=0.8644 val_roc_auc=0.9125 val_loss=0.3889 val_metric_name=roc_auc val_metric=0.9125
Step  600 | loss 0.1507 | val_acc=0.8604 val_roc_auc=0.9105 val_loss=0.4195 val_metric_name=roc_auc val_metric=0.9105
Step  650 | loss 0.1430 | val_acc=0.8588 val_roc_auc=0.9084 val_loss=0.4355 val_metric_name=roc_auc val_metric=0.9084
Early stopping at step 683

--- Final (best ckpt @ step 320) ---
  train_acc=0.8996 train_roc_auc=0.9484 train_loss=0.2280 train_metric_name=roc_auc train_metric=0.9484
  val_acc=0.8820 val_roc_auc=0.9296 val_loss=0.2756 val_metric_name=roc_auc val_metric=0.9296
  test_acc=0.8612 test_roc_auc=0.9074 test_loss=0.3249 test_metric_name=roc_auc test_metric=0.9074
  test_roc_auc=0.9074

============================================================
Training minesweeper GT-sep 4L h=384 lr=1e-05 split=6
============================================================
Training for 5000 steps
Step    1 | loss 0.8132 | val_acc=0.4616 val_roc_auc=0.4534 val_loss=0.6871 val_metric_name=roc_auc val_metric=0.4534
Step   50 | loss 0.4828 | val_acc=0.8000 val_roc_auc=0.8076 val_loss=0.4962 val_metric_name=roc_auc val_metric=0.8076
Step  100 | loss 0.4194 | val_acc=0.8052 val_roc_auc=0.8526 val_loss=0.3953 val_metric_name=roc_auc val_metric=0.8526
Step  150 | loss 0.3718 | val_acc=0.8324 val_roc_auc=0.8767 val_loss=0.3472 val_metric_name=roc_auc val_metric=0.8767
Step  200 | loss 0.3472 | val_acc=0.8380 val_roc_auc=0.8927 val_loss=0.3161 val_metric_name=roc_auc val_metric=0.8927
Step  250 | loss 0.3301 | val_acc=0.8472 val_roc_auc=0.9009 val_loss=0.3071 val_metric_name=roc_auc val_metric=0.9009
Step  300 | loss 0.3194 | val_acc=0.8492 val_roc_auc=0.9075 val_loss=0.3045 val_metric_name=roc_auc val_metric=0.9075
Step  350 | loss 0.3158 | val_acc=0.8512 val_roc_auc=0.9109 val_loss=0.3045 val_metric_name=roc_auc val_metric=0.9109
Step  400 | loss 0.3123 | val_acc=0.8496 val_roc_auc=0.9130 val_loss=0.3030 val_metric_name=roc_auc val_metric=0.9130
Step  450 | loss 0.3115 | val_acc=0.8488 val_roc_auc=0.9140 val_loss=0.3009 val_metric_name=roc_auc val_metric=0.9140
Step  500 | loss 0.3127 | val_acc=0.8532 val_roc_auc=0.9153 val_loss=0.2991 val_metric_name=roc_auc val_metric=0.9153
Step  550 | loss 0.3049 | val_acc=0.8520 val_roc_auc=0.9158 val_loss=0.2978 val_metric_name=roc_auc val_metric=0.9158
Step  600 | loss 0.3028 | val_acc=0.8540 val_roc_auc=0.9169 val_loss=0.2951 val_metric_name=roc_auc val_metric=0.9169
Step  650 | loss 0.3039 | val_acc=0.8556 val_roc_auc=0.9176 val_loss=0.2940 val_metric_name=roc_auc val_metric=0.9176
Step  700 | loss 0.2988 | val_acc=0.8536 val_roc_auc=0.9179 val_loss=0.2933 val_metric_name=roc_auc val_metric=0.9179
Step  750 | loss 0.2974 | val_acc=0.8572 val_roc_auc=0.9185 val_loss=0.2924 val_metric_name=roc_auc val_metric=0.9185
Step  800 | loss 0.2972 | val_acc=0.8588 val_roc_auc=0.9195 val_loss=0.2888 val_metric_name=roc_auc val_metric=0.9195
Step  850 | loss 0.2920 | val_acc=0.8600 val_roc_auc=0.9207 val_loss=0.2871 val_metric_name=roc_auc val_metric=0.9207
Step  900 | loss 0.2931 | val_acc=0.8628 val_roc_auc=0.9215 val_loss=0.2853 val_metric_name=roc_auc val_metric=0.9215
Step  950 | loss 0.2957 | val_acc=0.8616 val_roc_auc=0.9227 val_loss=0.2833 val_metric_name=roc_auc val_metric=0.9227
Step 1000 | loss 0.2912 | val_acc=0.8580 val_roc_auc=0.9235 val_loss=0.2841 val_metric_name=roc_auc val_metric=0.9235
Step 1050 | loss 0.2851 | val_acc=0.8604 val_roc_auc=0.9238 val_loss=0.2814 val_metric_name=roc_auc val_metric=0.9238
Step 1100 | loss 0.2846 | val_acc=0.8592 val_roc_auc=0.9251 val_loss=0.2778 val_metric_name=roc_auc val_metric=0.9251
Step 1150 | loss 0.2813 | val_acc=0.8592 val_roc_auc=0.9259 val_loss=0.2800 val_metric_name=roc_auc val_metric=0.9259
Step 1200 | loss 0.2817 | val_acc=0.8604 val_roc_auc=0.9254 val_loss=0.2815 val_metric_name=roc_auc val_metric=0.9254
Step 1250 | loss 0.2768 | val_acc=0.8616 val_roc_auc=0.9268 val_loss=0.2761 val_metric_name=roc_auc val_metric=0.9268
Step 1300 | loss 0.2727 | val_acc=0.8652 val_roc_auc=0.9266 val_loss=0.2732 val_metric_name=roc_auc val_metric=0.9266
Step 1350 | loss 0.2743 | val_acc=0.8728 val_roc_auc=0.9266 val_loss=0.2710 val_metric_name=roc_auc val_metric=0.9266
Step 1400 | loss 0.2695 | val_acc=0.8736 val_roc_auc=0.9270 val_loss=0.2717 val_metric_name=roc_auc val_metric=0.9270
Step 1450 | loss 0.2629 | val_acc=0.8768 val_roc_auc=0.9278 val_loss=0.2700 val_metric_name=roc_auc val_metric=0.9278
Step 1500 | loss 0.2596 | val_acc=0.8812 val_roc_auc=0.9291 val_loss=0.2684 val_metric_name=roc_auc val_metric=0.9291
Step 1550 | loss 0.2532 | val_acc=0.8812 val_roc_auc=0.9294 val_loss=0.2694 val_metric_name=roc_auc val_metric=0.9294
Step 1600 | loss 0.2565 | val_acc=0.8832 val_roc_auc=0.9308 val_loss=0.2696 val_metric_name=roc_auc val_metric=0.9308
Step 1650 | loss 0.2448 | val_acc=0.8848 val_roc_auc=0.9315 val_loss=0.2711 val_metric_name=roc_auc val_metric=0.9315
Step 1700 | loss 0.2462 | val_acc=0.8880 val_roc_auc=0.9319 val_loss=0.2737 val_metric_name=roc_auc val_metric=0.9319
Step 1750 | loss 0.2377 | val_acc=0.8872 val_roc_auc=0.9321 val_loss=0.2752 val_metric_name=roc_auc val_metric=0.9321
Step 1800 | loss 0.2345 | val_acc=0.8864 val_roc_auc=0.9322 val_loss=0.2787 val_metric_name=roc_auc val_metric=0.9322
Step 1850 | loss 0.2308 | val_acc=0.8908 val_roc_auc=0.9314 val_loss=0.2856 val_metric_name=roc_auc val_metric=0.9314
Step 1900 | loss 0.2261 | val_acc=0.8864 val_roc_auc=0.9329 val_loss=0.2806 val_metric_name=roc_auc val_metric=0.9329
Step 1950 | loss 0.2259 | val_acc=0.8856 val_roc_auc=0.9335 val_loss=0.2799 val_metric_name=roc_auc val_metric=0.9335
Step 2000 | loss 0.2203 | val_acc=0.8864 val_roc_auc=0.9327 val_loss=0.2844 val_metric_name=roc_auc val_metric=0.9327
Step 2050 | loss 0.2242 | val_acc=0.8868 val_roc_auc=0.9329 val_loss=0.2834 val_metric_name=roc_auc val_metric=0.9329
Step 2100 | loss 0.2213 | val_acc=0.8848 val_roc_auc=0.9327 val_loss=0.2867 val_metric_name=roc_auc val_metric=0.9327
Step 2150 | loss 0.2159 | val_acc=0.8852 val_roc_auc=0.9322 val_loss=0.2900 val_metric_name=roc_auc val_metric=0.9322
Step 2200 | loss 0.2158 | val_acc=0.8844 val_roc_auc=0.9329 val_loss=0.2868 val_metric_name=roc_auc val_metric=0.9329
Step 2250 | loss 0.2132 | val_acc=0.8852 val_roc_auc=0.9319 val_loss=0.2918 val_metric_name=roc_auc val_metric=0.9319
Early stopping at step 2262

--- Final (best ckpt @ step 1950) ---
  train_acc=0.9060 train_roc_auc=0.9569 train_loss=0.2128 train_metric_name=roc_auc train_metric=0.9569
  val_acc=0.8856 val_roc_auc=0.9335 val_loss=0.2799 val_metric_name=roc_auc val_metric=0.9335
  test_acc=0.8600 test_roc_auc=0.9154 test_loss=0.3298 test_metric_name=roc_auc test_metric=0.9154
  test_roc_auc=0.9154

============================================================
Training minesweeper GT-sep 4L h=512 lr=3e-05 split=6
============================================================
Training for 5000 steps
Step    1 | loss 0.6550 | val_acc=0.8000 val_roc_auc=0.5729 val_loss=0.5326 val_metric_name=roc_auc val_metric=0.5729
Step   50 | loss 0.3540 | val_acc=0.8332 val_roc_auc=0.8818 val_loss=0.3447 val_metric_name=roc_auc val_metric=0.8818
Step  100 | loss 0.3093 | val_acc=0.8480 val_roc_auc=0.9078 val_loss=0.3089 val_metric_name=roc_auc val_metric=0.9078
Step  150 | loss 0.3075 | val_acc=0.8520 val_roc_auc=0.9148 val_loss=0.2961 val_metric_name=roc_auc val_metric=0.9148
Step  200 | loss 0.2985 | val_acc=0.8592 val_roc_auc=0.9191 val_loss=0.2921 val_metric_name=roc_auc val_metric=0.9191
Step  250 | loss 0.2920 | val_acc=0.8628 val_roc_auc=0.9222 val_loss=0.2815 val_metric_name=roc_auc val_metric=0.9222
Step  300 | loss 0.2849 | val_acc=0.8620 val_roc_auc=0.9269 val_loss=0.2766 val_metric_name=roc_auc val_metric=0.9269
Step  350 | loss 0.2734 | val_acc=0.8692 val_roc_auc=0.9277 val_loss=0.2698 val_metric_name=roc_auc val_metric=0.9277
Step  400 | loss 0.2681 | val_acc=0.8740 val_roc_auc=0.9280 val_loss=0.2672 val_metric_name=roc_auc val_metric=0.9280
Step  450 | loss 0.2595 | val_acc=0.8780 val_roc_auc=0.9280 val_loss=0.2687 val_metric_name=roc_auc val_metric=0.9280
Step  500 | loss 0.2507 | val_acc=0.8836 val_roc_auc=0.9274 val_loss=0.2738 val_metric_name=roc_auc val_metric=0.9274
Step  550 | loss 0.2427 | val_acc=0.8808 val_roc_auc=0.9257 val_loss=0.2839 val_metric_name=roc_auc val_metric=0.9257
Step  600 | loss 0.2341 | val_acc=0.8836 val_roc_auc=0.9254 val_loss=0.2909 val_metric_name=roc_auc val_metric=0.9254
Step  650 | loss 0.2239 | val_acc=0.8792 val_roc_auc=0.9240 val_loss=0.3032 val_metric_name=roc_auc val_metric=0.9240
Step  700 | loss 0.2115 | val_acc=0.8768 val_roc_auc=0.9208 val_loss=0.3227 val_metric_name=roc_auc val_metric=0.9208
Step  750 | loss 0.1985 | val_acc=0.8720 val_roc_auc=0.9209 val_loss=0.3285 val_metric_name=roc_auc val_metric=0.9209
Step  800 | loss 0.1953 | val_acc=0.8708 val_roc_auc=0.9211 val_loss=0.3409 val_metric_name=roc_auc val_metric=0.9211
Early stopping at step 821

--- Final (best ckpt @ step 430) ---
  train_acc=0.8818 train_roc_auc=0.9354 train_loss=0.2543 train_metric_name=roc_auc train_metric=0.9354
  val_acc=0.8784 val_roc_auc=0.9286 val_loss=0.2687 val_metric_name=roc_auc val_metric=0.9286
  test_acc=0.8524 test_roc_auc=0.9061 test_loss=0.3154 test_metric_name=roc_auc test_metric=0.9061
  test_roc_auc=0.9061

============================================================
Training minesweeper GT-sep 4L h=512 lr=6e-05 split=6
============================================================
Training for 5000 steps
Step    1 | loss 0.6550 | val_acc=0.8000 val_roc_auc=0.5964 val_loss=0.7267 val_metric_name=roc_auc val_metric=0.5964
Step   50 | loss 0.3267 | val_acc=0.8432 val_roc_auc=0.8924 val_loss=0.3171 val_metric_name=roc_auc val_metric=0.8924
Step  100 | loss 0.2997 | val_acc=0.8544 val_roc_auc=0.9155 val_loss=0.2941 val_metric_name=roc_auc val_metric=0.9155
Step  150 | loss 0.2963 | val_acc=0.8600 val_roc_auc=0.9218 val_loss=0.2796 val_metric_name=roc_auc val_metric=0.9218
Step  200 | loss 0.2798 | val_acc=0.8628 val_roc_auc=0.9267 val_loss=0.2747 val_metric_name=roc_auc val_metric=0.9267
Step  250 | loss 0.2676 | val_acc=0.8736 val_roc_auc=0.9269 val_loss=0.2679 val_metric_name=roc_auc val_metric=0.9269
Step  300 | loss 0.2563 | val_acc=0.8784 val_roc_auc=0.9280 val_loss=0.2703 val_metric_name=roc_auc val_metric=0.9280
Step  350 | loss 0.2407 | val_acc=0.8828 val_roc_auc=0.9273 val_loss=0.2794 val_metric_name=roc_auc val_metric=0.9273
Step  400 | loss 0.2277 | val_acc=0.8772 val_roc_auc=0.9257 val_loss=0.2970 val_metric_name=roc_auc val_metric=0.9257
Step  450 | loss 0.2130 | val_acc=0.8736 val_roc_auc=0.9214 val_loss=0.3201 val_metric_name=roc_auc val_metric=0.9214
Step  500 | loss 0.1923 | val_acc=0.8628 val_roc_auc=0.9199 val_loss=0.3481 val_metric_name=roc_auc val_metric=0.9199
Step  550 | loss 0.1783 | val_acc=0.8688 val_roc_auc=0.9139 val_loss=0.3669 val_metric_name=roc_auc val_metric=0.9139
Step  600 | loss 0.1686 | val_acc=0.8616 val_roc_auc=0.9120 val_loss=0.3944 val_metric_name=roc_auc val_metric=0.9120
Early stopping at step 641

--- Final (best ckpt @ step 300) ---
  train_acc=0.8872 train_roc_auc=0.9391 train_loss=0.2448 train_metric_name=roc_auc train_metric=0.9391
  val_acc=0.8784 val_roc_auc=0.9280 val_loss=0.2703 val_metric_name=roc_auc val_metric=0.9280
  test_acc=0.8532 test_roc_auc=0.9045 test_loss=0.3184 test_metric_name=roc_auc test_metric=0.9045
  test_roc_auc=0.9045

============================================================
Training minesweeper GT-sep 4L h=512 lr=0.0001 split=6
============================================================
Training for 5000 steps
Step    1 | loss 0.6550 | val_acc=0.8000 val_roc_auc=0.5952 val_loss=1.0240 val_metric_name=roc_auc val_metric=0.5952
Step   50 | loss 0.3197 | val_acc=0.8436 val_roc_auc=0.8986 val_loss=0.3118 val_metric_name=roc_auc val_metric=0.8986
Step  100 | loss 0.2946 | val_acc=0.8592 val_roc_auc=0.9184 val_loss=0.2839 val_metric_name=roc_auc val_metric=0.9184
Step  150 | loss 0.2869 | val_acc=0.8584 val_roc_auc=0.9262 val_loss=0.2755 val_metric_name=roc_auc val_metric=0.9262
Step  200 | loss 0.2680 | val_acc=0.8756 val_roc_auc=0.9258 val_loss=0.2701 val_metric_name=roc_auc val_metric=0.9258
Step  250 | loss 0.2512 | val_acc=0.8736 val_roc_auc=0.9244 val_loss=0.2804 val_metric_name=roc_auc val_metric=0.9244
Step  300 | loss 0.2334 | val_acc=0.8772 val_roc_auc=0.9217 val_loss=0.2931 val_metric_name=roc_auc val_metric=0.9217
Step  350 | loss 0.2089 | val_acc=0.8668 val_roc_auc=0.9194 val_loss=0.3342 val_metric_name=roc_auc val_metric=0.9194
Step  400 | loss 0.1963 | val_acc=0.8620 val_roc_auc=0.9133 val_loss=0.3689 val_metric_name=roc_auc val_metric=0.9133
Step  450 | loss 0.1737 | val_acc=0.8592 val_roc_auc=0.9084 val_loss=0.3981 val_metric_name=roc_auc val_metric=0.9084
Early stopping at step 480

--- Final (best ckpt @ step 180) ---
  train_acc=0.8774 train_roc_auc=0.9285 train_loss=0.2626 train_metric_name=roc_auc train_metric=0.9285
  val_acc=0.8704 val_roc_auc=0.9267 val_loss=0.2652 val_metric_name=roc_auc val_metric=0.9267
  test_acc=0.8564 test_roc_auc=0.9037 test_loss=0.3088 test_metric_name=roc_auc test_metric=0.9037
  test_roc_auc=0.9037

============================================================
Training minesweeper GT-sep 4L h=512 lr=1e-05 split=6
============================================================
Training for 5000 steps
Step    1 | loss 0.6550 | val_acc=0.8000 val_roc_auc=0.5457 val_loss=0.5415 val_metric_name=roc_auc val_metric=0.5457
Step   50 | loss 0.4388 | val_acc=0.8012 val_roc_auc=0.8404 val_loss=0.4137 val_metric_name=roc_auc val_metric=0.8404
Step  100 | loss 0.3628 | val_acc=0.8320 val_roc_auc=0.8778 val_loss=0.3474 val_metric_name=roc_auc val_metric=0.8778
Step  150 | loss 0.3374 | val_acc=0.8440 val_roc_auc=0.8939 val_loss=0.3173 val_metric_name=roc_auc val_metric=0.8939
Step  200 | loss 0.3170 | val_acc=0.8444 val_roc_auc=0.9038 val_loss=0.3122 val_metric_name=roc_auc val_metric=0.9038
Step  250 | loss 0.3125 | val_acc=0.8492 val_roc_auc=0.9104 val_loss=0.3075 val_metric_name=roc_auc val_metric=0.9104
Step  300 | loss 0.3097 | val_acc=0.8516 val_roc_auc=0.9135 val_loss=0.3009 val_metric_name=roc_auc val_metric=0.9135
Step  350 | loss 0.3055 | val_acc=0.8508 val_roc_auc=0.9141 val_loss=0.3001 val_metric_name=roc_auc val_metric=0.9141
Step  400 | loss 0.3042 | val_acc=0.8544 val_roc_auc=0.9166 val_loss=0.2941 val_metric_name=roc_auc val_metric=0.9166
Step  450 | loss 0.2991 | val_acc=0.8556 val_roc_auc=0.9171 val_loss=0.2942 val_metric_name=roc_auc val_metric=0.9171
Step  500 | loss 0.2966 | val_acc=0.8584 val_roc_auc=0.9190 val_loss=0.2886 val_metric_name=roc_auc val_metric=0.9190
Step  550 | loss 0.2952 | val_acc=0.8592 val_roc_auc=0.9207 val_loss=0.2864 val_metric_name=roc_auc val_metric=0.9207
Step  600 | loss 0.2930 | val_acc=0.8620 val_roc_auc=0.9226 val_loss=0.2838 val_metric_name=roc_auc val_metric=0.9226
Step  650 | loss 0.2862 | val_acc=0.8632 val_roc_auc=0.9244 val_loss=0.2781 val_metric_name=roc_auc val_metric=0.9244
Step  700 | loss 0.2842 | val_acc=0.8608 val_roc_auc=0.9258 val_loss=0.2787 val_metric_name=roc_auc val_metric=0.9258
Step  750 | loss 0.2812 | val_acc=0.8644 val_roc_auc=0.9274 val_loss=0.2727 val_metric_name=roc_auc val_metric=0.9274
Step  800 | loss 0.2722 | val_acc=0.8668 val_roc_auc=0.9280 val_loss=0.2695 val_metric_name=roc_auc val_metric=0.9280
Step  850 | loss 0.2758 | val_acc=0.8740 val_roc_auc=0.9281 val_loss=0.2665 val_metric_name=roc_auc val_metric=0.9281
Step  900 | loss 0.2696 | val_acc=0.8772 val_roc_auc=0.9282 val_loss=0.2664 val_metric_name=roc_auc val_metric=0.9282
Step  950 | loss 0.2646 | val_acc=0.8796 val_roc_auc=0.9280 val_loss=0.2675 val_metric_name=roc_auc val_metric=0.9280
Step 1000 | loss 0.2601 | val_acc=0.8796 val_roc_auc=0.9280 val_loss=0.2691 val_metric_name=roc_auc val_metric=0.9280
Step 1050 | loss 0.2616 | val_acc=0.8788 val_roc_auc=0.9282 val_loss=0.2700 val_metric_name=roc_auc val_metric=0.9282
Step 1100 | loss 0.2591 | val_acc=0.8836 val_roc_auc=0.9286 val_loss=0.2700 val_metric_name=roc_auc val_metric=0.9286
Step 1150 | loss 0.2532 | val_acc=0.8828 val_roc_auc=0.9288 val_loss=0.2707 val_metric_name=roc_auc val_metric=0.9288
Step 1200 | loss 0.2520 | val_acc=0.8832 val_roc_auc=0.9287 val_loss=0.2720 val_metric_name=roc_auc val_metric=0.9287
Step 1250 | loss 0.2453 | val_acc=0.8828 val_roc_auc=0.9283 val_loss=0.2773 val_metric_name=roc_auc val_metric=0.9283
Step 1300 | loss 0.2418 | val_acc=0.8852 val_roc_auc=0.9292 val_loss=0.2766 val_metric_name=roc_auc val_metric=0.9292
Step 1350 | loss 0.2353 | val_acc=0.8864 val_roc_auc=0.9275 val_loss=0.2835 val_metric_name=roc_auc val_metric=0.9275
Step 1400 | loss 0.2335 | val_acc=0.8852 val_roc_auc=0.9264 val_loss=0.2887 val_metric_name=roc_auc val_metric=0.9264
Step 1450 | loss 0.2280 | val_acc=0.8808 val_roc_auc=0.9274 val_loss=0.2938 val_metric_name=roc_auc val_metric=0.9274
Step 1500 | loss 0.2246 | val_acc=0.8808 val_roc_auc=0.9262 val_loss=0.2985 val_metric_name=roc_auc val_metric=0.9262
Step 1550 | loss 0.2190 | val_acc=0.8764 val_roc_auc=0.9248 val_loss=0.3068 val_metric_name=roc_auc val_metric=0.9248
Step 1600 | loss 0.2157 | val_acc=0.8796 val_roc_auc=0.9263 val_loss=0.3066 val_metric_name=roc_auc val_metric=0.9263
Early stopping at step 1618

--- Final (best ckpt @ step 1280) ---
  train_acc=0.8966 train_roc_auc=0.9468 train_loss=0.2328 train_metric_name=roc_auc train_metric=0.9468
  val_acc=0.8840 val_roc_auc=0.9293 val_loss=0.2749 val_metric_name=roc_auc val_metric=0.9293
  test_acc=0.8568 test_roc_auc=0.9078 test_loss=0.3233 test_metric_name=roc_auc test_metric=0.9078
  test_roc_auc=0.9078
  >> num_layers=4 hidden_dim=256 lr=3e-05 best_step=1200 val_roc_auc=0.9337 test_roc_auc=0.9138
     val_acc=0.8844 val_loss=0.2728 val_metric=0.9337 val_metric_name=roc_auc val_roc_auc=0.9337
     test_acc=0.8624 test_loss=0.3229 test_metric=0.9138 test_metric_name=roc_auc test_roc_auc=0.9138
  >> num_layers=4 hidden_dim=256 lr=6e-05 best_step=700 val_roc_auc=0.9312 test_roc_auc=0.9136
     val_acc=0.8820 val_loss=0.2769 val_metric=0.9312 val_metric_name=roc_auc val_roc_auc=0.9312
     test_acc=0.8640 test_loss=0.3223 test_metric=0.9136 test_metric_name=roc_auc test_roc_auc=0.9136
  >> num_layers=4 hidden_dim=256 lr=0.0001 best_step=470 val_roc_auc=0.9309 test_roc_auc=0.9123
     val_acc=0.8828 val_loss=0.2763 val_metric=0.9309 val_metric_name=roc_auc val_roc_auc=0.9309
     test_acc=0.8600 test_loss=0.3222 test_metric=0.9123 test_metric_name=roc_auc test_roc_auc=0.9123
  >> num_layers=4 hidden_dim=256 lr=1e-05 best_step=2980 val_roc_auc=0.9363 test_roc_auc=0.9164
     val_acc=0.8916 val_loss=0.2659 val_metric=0.9363 val_metric_name=roc_auc val_roc_auc=0.9363
     test_acc=0.8612 test_loss=0.3158 test_metric=0.9164 test_metric_name=roc_auc test_roc_auc=0.9164
  >> num_layers=4 hidden_dim=384 lr=3e-05 best_step=680 val_roc_auc=0.9332 test_roc_auc=0.9116
     val_acc=0.8840 val_loss=0.2646 val_metric=0.9332 val_metric_name=roc_auc val_roc_auc=0.9332
     test_acc=0.8656 test_loss=0.3113 test_metric=0.9116 test_metric_name=roc_auc test_roc_auc=0.9116
  >> num_layers=4 hidden_dim=384 lr=6e-05 best_step=490 val_roc_auc=0.9322 test_roc_auc=0.9117
     val_acc=0.8808 val_loss=0.2815 val_metric=0.9322 val_metric_name=roc_auc val_roc_auc=0.9322
     test_acc=0.8588 test_loss=0.3379 test_metric=0.9117 test_metric_name=roc_auc test_roc_auc=0.9117
  >> num_layers=4 hidden_dim=384 lr=0.0001 best_step=320 val_roc_auc=0.9296 test_roc_auc=0.9074
     val_acc=0.8820 val_loss=0.2756 val_metric=0.9296 val_metric_name=roc_auc val_roc_auc=0.9296
     test_acc=0.8612 test_loss=0.3249 test_metric=0.9074 test_metric_name=roc_auc test_roc_auc=0.9074
  >> num_layers=4 hidden_dim=384 lr=1e-05 best_step=1950 val_roc_auc=0.9335 test_roc_auc=0.9154
     val_acc=0.8856 val_loss=0.2799 val_metric=0.9335 val_metric_name=roc_auc val_roc_auc=0.9335
     test_acc=0.8600 test_loss=0.3298 test_metric=0.9154 test_metric_name=roc_auc test_roc_auc=0.9154
  >> num_layers=4 hidden_dim=512 lr=3e-05 best_step=430 val_roc_auc=0.9286 test_roc_auc=0.9061
     val_acc=0.8784 val_loss=0.2687 val_metric=0.9286 val_metric_name=roc_auc val_roc_auc=0.9286
     test_acc=0.8524 test_loss=0.3154 test_metric=0.9061 test_metric_name=roc_auc test_roc_auc=0.9061
  >> num_layers=4 hidden_dim=512 lr=6e-05 best_step=300 val_roc_auc=0.9280 test_roc_auc=0.9045
     val_acc=0.8784 val_loss=0.2703 val_metric=0.9280 val_metric_name=roc_auc val_roc_auc=0.9280
     test_acc=0.8532 test_loss=0.3184 test_metric=0.9045 test_metric_name=roc_auc test_roc_auc=0.9045
  >> num_layers=4 hidden_dim=512 lr=0.0001 best_step=180 val_roc_auc=0.9267 test_roc_auc=0.9037
     val_acc=0.8704 val_loss=0.2652 val_metric=0.9267 val_metric_name=roc_auc val_roc_auc=0.9267
     test_acc=0.8564 test_loss=0.3088 test_metric=0.9037 test_metric_name=roc_auc test_roc_auc=0.9037
  >> num_layers=4 hidden_dim=512 lr=1e-05 best_step=1280 val_roc_auc=0.9293 test_roc_auc=0.9078
     val_acc=0.8840 val_loss=0.2749 val_metric=0.9293 val_metric_name=roc_auc val_roc_auc=0.9293
     test_acc=0.8568 test_loss=0.3233 test_metric=0.9078 test_metric_name=roc_auc test_roc_auc=0.9078
  >> selected best (by val): num_layers=4 hidden_dim=256 lr=1e-05 val_roc_auc=0.9363 test_roc_auc=0.9164
     val_acc=0.8916 val_loss=0.2659 val_metric=0.9363 val_metric_name=roc_auc val_roc_auc=0.9363
     test_acc=0.8612 test_loss=0.3158 test_metric=0.9164 test_metric_name=roc_auc test_roc_auc=0.9164

Done. Results saved to /home/avshmelev/diploma_yandex_graphs/results_grid/minesweeper/base.csv, checkpoints in /home/avshmelev/diploma_yandex_graphs/all_checkpoints/minesweeper/base/
