Loading data...

============================================================
Training minesweeper GT 3L h=256 lr=3e-05 split=4
============================================================
Training for 5000 steps
Step    1 | loss 0.8837 | val_acc=0.5236 val_roc_auc=0.4910 val_loss=0.7293 val_metric_name=roc_auc val_metric=0.4910
Step   50 | loss 0.4498 | val_acc=0.8000 val_roc_auc=0.8137 val_loss=0.4441 val_metric_name=roc_auc val_metric=0.8137
Step  100 | loss 0.3742 | val_acc=0.8240 val_roc_auc=0.8579 val_loss=0.3817 val_metric_name=roc_auc val_metric=0.8579
Step  150 | loss 0.3348 | val_acc=0.8332 val_roc_auc=0.8786 val_loss=0.3452 val_metric_name=roc_auc val_metric=0.8786
Step  200 | loss 0.3166 | val_acc=0.8380 val_roc_auc=0.8929 val_loss=0.3322 val_metric_name=roc_auc val_metric=0.8929
Step  250 | loss 0.3070 | val_acc=0.8392 val_roc_auc=0.8973 val_loss=0.3279 val_metric_name=roc_auc val_metric=0.8973
Step  300 | loss 0.3055 | val_acc=0.8392 val_roc_auc=0.8984 val_loss=0.3276 val_metric_name=roc_auc val_metric=0.8984
Step  350 | loss 0.3000 | val_acc=0.8420 val_roc_auc=0.8995 val_loss=0.3235 val_metric_name=roc_auc val_metric=0.8995
Step  400 | loss 0.2958 | val_acc=0.8492 val_roc_auc=0.9018 val_loss=0.3179 val_metric_name=roc_auc val_metric=0.9018
Step  450 | loss 0.2908 | val_acc=0.8468 val_roc_auc=0.9024 val_loss=0.3179 val_metric_name=roc_auc val_metric=0.9024
Step  500 | loss 0.2869 | val_acc=0.8524 val_roc_auc=0.9048 val_loss=0.3137 val_metric_name=roc_auc val_metric=0.9048
Step  550 | loss 0.2807 | val_acc=0.8528 val_roc_auc=0.9073 val_loss=0.3084 val_metric_name=roc_auc val_metric=0.9073
Step  600 | loss 0.2788 | val_acc=0.8588 val_roc_auc=0.9102 val_loss=0.3029 val_metric_name=roc_auc val_metric=0.9102
Step  650 | loss 0.2722 | val_acc=0.8620 val_roc_auc=0.9120 val_loss=0.2993 val_metric_name=roc_auc val_metric=0.9120
Step  700 | loss 0.2659 | val_acc=0.8648 val_roc_auc=0.9147 val_loss=0.2960 val_metric_name=roc_auc val_metric=0.9147
Step  750 | loss 0.2630 | val_acc=0.8648 val_roc_auc=0.9143 val_loss=0.2971 val_metric_name=roc_auc val_metric=0.9143
Step  800 | loss 0.2586 | val_acc=0.8680 val_roc_auc=0.9157 val_loss=0.2949 val_metric_name=roc_auc val_metric=0.9157
Step  850 | loss 0.2582 | val_acc=0.8700 val_roc_auc=0.9158 val_loss=0.2981 val_metric_name=roc_auc val_metric=0.9158
Step  900 | loss 0.2532 | val_acc=0.8732 val_roc_auc=0.9165 val_loss=0.2959 val_metric_name=roc_auc val_metric=0.9165
Step  950 | loss 0.2562 | val_acc=0.8720 val_roc_auc=0.9164 val_loss=0.2978 val_metric_name=roc_auc val_metric=0.9164
Step 1000 | loss 0.2520 | val_acc=0.8740 val_roc_auc=0.9174 val_loss=0.2941 val_metric_name=roc_auc val_metric=0.9174
Step 1050 | loss 0.2559 | val_acc=0.8740 val_roc_auc=0.9184 val_loss=0.2913 val_metric_name=roc_auc val_metric=0.9184
Step 1100 | loss 0.2485 | val_acc=0.8744 val_roc_auc=0.9188 val_loss=0.2929 val_metric_name=roc_auc val_metric=0.9188
Step 1150 | loss 0.2440 | val_acc=0.8756 val_roc_auc=0.9184 val_loss=0.2964 val_metric_name=roc_auc val_metric=0.9184
Step 1200 | loss 0.2461 | val_acc=0.8744 val_roc_auc=0.9175 val_loss=0.2980 val_metric_name=roc_auc val_metric=0.9175
Step 1250 | loss 0.2433 | val_acc=0.8720 val_roc_auc=0.9172 val_loss=0.2975 val_metric_name=roc_auc val_metric=0.9172
Step 1300 | loss 0.2402 | val_acc=0.8712 val_roc_auc=0.9170 val_loss=0.3013 val_metric_name=roc_auc val_metric=0.9170
Step 1350 | loss 0.2394 | val_acc=0.8728 val_roc_auc=0.9172 val_loss=0.2998 val_metric_name=roc_auc val_metric=0.9172
Step 1400 | loss 0.2420 | val_acc=0.8724 val_roc_auc=0.9162 val_loss=0.3044 val_metric_name=roc_auc val_metric=0.9162
Early stopping at step 1400

--- Final (best ckpt @ step 1100) ---
  train_acc=0.8954 train_roc_auc=0.9459 train_loss=0.2316 train_metric_name=roc_auc train_metric=0.9459
  val_acc=0.8744 val_roc_auc=0.9188 val_loss=0.2929 val_metric_name=roc_auc val_metric=0.9188
  test_acc=0.8656 test_roc_auc=0.9161 test_loss=0.3028 test_metric_name=roc_auc test_metric=0.9161
  test_roc_auc=0.9161

============================================================
Training minesweeper GT 3L h=256 lr=6e-05 split=4
============================================================
Training for 5000 steps
Step    1 | loss 0.8837 | val_acc=0.7528 val_roc_auc=0.5024 val_loss=0.5963 val_metric_name=roc_auc val_metric=0.5024
Step   50 | loss 0.3923 | val_acc=0.8200 val_roc_auc=0.8388 val_loss=0.3888 val_metric_name=roc_auc val_metric=0.8388
Step  100 | loss 0.3309 | val_acc=0.8308 val_roc_auc=0.8823 val_loss=0.3422 val_metric_name=roc_auc val_metric=0.8823
Step  150 | loss 0.3091 | val_acc=0.8416 val_roc_auc=0.8978 val_loss=0.3260 val_metric_name=roc_auc val_metric=0.8978
Step  200 | loss 0.2993 | val_acc=0.8412 val_roc_auc=0.8992 val_loss=0.3236 val_metric_name=roc_auc val_metric=0.8992
Step  250 | loss 0.2933 | val_acc=0.8484 val_roc_auc=0.9032 val_loss=0.3156 val_metric_name=roc_auc val_metric=0.9032
Step  300 | loss 0.2880 | val_acc=0.8516 val_roc_auc=0.9051 val_loss=0.3122 val_metric_name=roc_auc val_metric=0.9051
Step  350 | loss 0.2776 | val_acc=0.8600 val_roc_auc=0.9100 val_loss=0.3009 val_metric_name=roc_auc val_metric=0.9100
Step  400 | loss 0.2723 | val_acc=0.8640 val_roc_auc=0.9138 val_loss=0.2934 val_metric_name=roc_auc val_metric=0.9138
Step  450 | loss 0.2642 | val_acc=0.8680 val_roc_auc=0.9153 val_loss=0.2939 val_metric_name=roc_auc val_metric=0.9153
Step  500 | loss 0.2600 | val_acc=0.8692 val_roc_auc=0.9160 val_loss=0.2937 val_metric_name=roc_auc val_metric=0.9160
Step  550 | loss 0.2544 | val_acc=0.8740 val_roc_auc=0.9174 val_loss=0.2949 val_metric_name=roc_auc val_metric=0.9174
Step  600 | loss 0.2557 | val_acc=0.8728 val_roc_auc=0.9174 val_loss=0.2943 val_metric_name=roc_auc val_metric=0.9174
Step  650 | loss 0.2450 | val_acc=0.8760 val_roc_auc=0.9180 val_loss=0.2972 val_metric_name=roc_auc val_metric=0.9180
Step  700 | loss 0.2427 | val_acc=0.8712 val_roc_auc=0.9182 val_loss=0.2971 val_metric_name=roc_auc val_metric=0.9182
Step  750 | loss 0.2384 | val_acc=0.8716 val_roc_auc=0.9177 val_loss=0.2982 val_metric_name=roc_auc val_metric=0.9177
Step  800 | loss 0.2311 | val_acc=0.8700 val_roc_auc=0.9174 val_loss=0.3018 val_metric_name=roc_auc val_metric=0.9174
Step  850 | loss 0.2302 | val_acc=0.8708 val_roc_auc=0.9158 val_loss=0.3064 val_metric_name=roc_auc val_metric=0.9158
Step  900 | loss 0.2241 | val_acc=0.8752 val_roc_auc=0.9151 val_loss=0.3095 val_metric_name=roc_auc val_metric=0.9151
Step  950 | loss 0.2274 | val_acc=0.8708 val_roc_auc=0.9133 val_loss=0.3175 val_metric_name=roc_auc val_metric=0.9133
Step 1000 | loss 0.2247 | val_acc=0.8740 val_roc_auc=0.9128 val_loss=0.3191 val_metric_name=roc_auc val_metric=0.9128
Early stopping at step 1022

--- Final (best ckpt @ step 680) ---
  train_acc=0.8962 train_roc_auc=0.9486 train_loss=0.2274 train_metric_name=roc_auc train_metric=0.9486
  val_acc=0.8744 val_roc_auc=0.9189 val_loss=0.2940 val_metric_name=roc_auc val_metric=0.9189
  test_acc=0.8648 test_roc_auc=0.9152 test_loss=0.3051 test_metric_name=roc_auc test_metric=0.9152
  test_roc_auc=0.9152

============================================================
Training minesweeper GT 3L h=256 lr=0.0001 split=4
============================================================
Training for 5000 steps
Step    1 | loss 0.8837 | val_acc=0.8000 val_roc_auc=0.5177 val_loss=0.5119 val_metric_name=roc_auc val_metric=0.5177
Step   50 | loss 0.3555 | val_acc=0.8272 val_roc_auc=0.8640 val_loss=0.3765 val_metric_name=roc_auc val_metric=0.8640
Step  100 | loss 0.3132 | val_acc=0.8420 val_roc_auc=0.8970 val_loss=0.3235 val_metric_name=roc_auc val_metric=0.8970
Step  150 | loss 0.2985 | val_acc=0.8452 val_roc_auc=0.9004 val_loss=0.3187 val_metric_name=roc_auc val_metric=0.9004
Step  200 | loss 0.2867 | val_acc=0.8540 val_roc_auc=0.9049 val_loss=0.3098 val_metric_name=roc_auc val_metric=0.9049
Step  250 | loss 0.2783 | val_acc=0.8640 val_roc_auc=0.9128 val_loss=0.2929 val_metric_name=roc_auc val_metric=0.9128
Step  300 | loss 0.2700 | val_acc=0.8656 val_roc_auc=0.9151 val_loss=0.2980 val_metric_name=roc_auc val_metric=0.9151
Step  350 | loss 0.2595 | val_acc=0.8716 val_roc_auc=0.9176 val_loss=0.2881 val_metric_name=roc_auc val_metric=0.9176
Step  400 | loss 0.2565 | val_acc=0.8720 val_roc_auc=0.9174 val_loss=0.2910 val_metric_name=roc_auc val_metric=0.9174
Step  450 | loss 0.2480 | val_acc=0.8760 val_roc_auc=0.9191 val_loss=0.2903 val_metric_name=roc_auc val_metric=0.9191
Step  500 | loss 0.2415 | val_acc=0.8736 val_roc_auc=0.9189 val_loss=0.2952 val_metric_name=roc_auc val_metric=0.9189
Step  550 | loss 0.2367 | val_acc=0.8756 val_roc_auc=0.9168 val_loss=0.3018 val_metric_name=roc_auc val_metric=0.9168
Step  600 | loss 0.2342 | val_acc=0.8696 val_roc_auc=0.9156 val_loss=0.3102 val_metric_name=roc_auc val_metric=0.9156
Step  650 | loss 0.2218 | val_acc=0.8744 val_roc_auc=0.9138 val_loss=0.3196 val_metric_name=roc_auc val_metric=0.9138
Step  700 | loss 0.2194 | val_acc=0.8716 val_roc_auc=0.9113 val_loss=0.3301 val_metric_name=roc_auc val_metric=0.9113
Step  750 | loss 0.2130 | val_acc=0.8648 val_roc_auc=0.9105 val_loss=0.3334 val_metric_name=roc_auc val_metric=0.9105
Early stopping at step 750

--- Final (best ckpt @ step 450) ---
  train_acc=0.8976 train_roc_auc=0.9487 train_loss=0.2243 train_metric_name=roc_auc train_metric=0.9487
  val_acc=0.8760 val_roc_auc=0.9191 val_loss=0.2903 val_metric_name=roc_auc val_metric=0.9191
  test_acc=0.8644 test_roc_auc=0.9135 test_loss=0.3057 test_metric_name=roc_auc test_metric=0.9135
  test_roc_auc=0.9135

============================================================
Training minesweeper GT 3L h=256 lr=1e-05 split=4
============================================================
Training for 5000 steps
Step    1 | loss 0.8837 | val_acc=0.2176 val_roc_auc=0.4834 val_loss=0.8535 val_metric_name=roc_auc val_metric=0.4834
Step   50 | loss 0.4916 | val_acc=0.8000 val_roc_auc=0.7599 val_loss=0.4993 val_metric_name=roc_auc val_metric=0.7599
Step  100 | loss 0.4666 | val_acc=0.8000 val_roc_auc=0.8095 val_loss=0.4573 val_metric_name=roc_auc val_metric=0.8095
Step  150 | loss 0.4273 | val_acc=0.8040 val_roc_auc=0.8218 val_loss=0.4109 val_metric_name=roc_auc val_metric=0.8218
Step  200 | loss 0.3895 | val_acc=0.8272 val_roc_auc=0.8422 val_loss=0.3912 val_metric_name=roc_auc val_metric=0.8422
Step  250 | loss 0.3661 | val_acc=0.8276 val_roc_auc=0.8592 val_loss=0.3778 val_metric_name=roc_auc val_metric=0.8592
Step  300 | loss 0.3538 | val_acc=0.8312 val_roc_auc=0.8688 val_loss=0.3596 val_metric_name=roc_auc val_metric=0.8688
Step  350 | loss 0.3403 | val_acc=0.8328 val_roc_auc=0.8762 val_loss=0.3495 val_metric_name=roc_auc val_metric=0.8762
Step  400 | loss 0.3324 | val_acc=0.8328 val_roc_auc=0.8826 val_loss=0.3422 val_metric_name=roc_auc val_metric=0.8826
Step  450 | loss 0.3247 | val_acc=0.8352 val_roc_auc=0.8877 val_loss=0.3380 val_metric_name=roc_auc val_metric=0.8877
Step  500 | loss 0.3172 | val_acc=0.8360 val_roc_auc=0.8916 val_loss=0.3347 val_metric_name=roc_auc val_metric=0.8916
Step  550 | loss 0.3170 | val_acc=0.8348 val_roc_auc=0.8944 val_loss=0.3330 val_metric_name=roc_auc val_metric=0.8944
Step  600 | loss 0.3117 | val_acc=0.8344 val_roc_auc=0.8955 val_loss=0.3319 val_metric_name=roc_auc val_metric=0.8955
Step  650 | loss 0.3060 | val_acc=0.8384 val_roc_auc=0.8960 val_loss=0.3324 val_metric_name=roc_auc val_metric=0.8960
Step  700 | loss 0.3034 | val_acc=0.8396 val_roc_auc=0.8973 val_loss=0.3301 val_metric_name=roc_auc val_metric=0.8973
Step  750 | loss 0.3054 | val_acc=0.8392 val_roc_auc=0.8979 val_loss=0.3273 val_metric_name=roc_auc val_metric=0.8979
Step  800 | loss 0.2984 | val_acc=0.8396 val_roc_auc=0.8981 val_loss=0.3282 val_metric_name=roc_auc val_metric=0.8981
Step  850 | loss 0.3024 | val_acc=0.8392 val_roc_auc=0.8985 val_loss=0.3277 val_metric_name=roc_auc val_metric=0.8985
Step  900 | loss 0.2962 | val_acc=0.8400 val_roc_auc=0.8988 val_loss=0.3263 val_metric_name=roc_auc val_metric=0.8988
Step  950 | loss 0.2963 | val_acc=0.8404 val_roc_auc=0.8998 val_loss=0.3246 val_metric_name=roc_auc val_metric=0.8998
Step 1000 | loss 0.2950 | val_acc=0.8432 val_roc_auc=0.9006 val_loss=0.3222 val_metric_name=roc_auc val_metric=0.9006
Step 1050 | loss 0.2982 | val_acc=0.8436 val_roc_auc=0.9015 val_loss=0.3218 val_metric_name=roc_auc val_metric=0.9015
Step 1100 | loss 0.2943 | val_acc=0.8468 val_roc_auc=0.9018 val_loss=0.3203 val_metric_name=roc_auc val_metric=0.9018
Step 1150 | loss 0.2908 | val_acc=0.8472 val_roc_auc=0.9023 val_loss=0.3207 val_metric_name=roc_auc val_metric=0.9023
Step 1200 | loss 0.2951 | val_acc=0.8496 val_roc_auc=0.9029 val_loss=0.3185 val_metric_name=roc_auc val_metric=0.9029
Step 1250 | loss 0.2866 | val_acc=0.8508 val_roc_auc=0.9037 val_loss=0.3168 val_metric_name=roc_auc val_metric=0.9037
Step 1300 | loss 0.2845 | val_acc=0.8500 val_roc_auc=0.9042 val_loss=0.3166 val_metric_name=roc_auc val_metric=0.9042
Step 1350 | loss 0.2822 | val_acc=0.8496 val_roc_auc=0.9054 val_loss=0.3144 val_metric_name=roc_auc val_metric=0.9054
Step 1400 | loss 0.2825 | val_acc=0.8512 val_roc_auc=0.9064 val_loss=0.3122 val_metric_name=roc_auc val_metric=0.9064
Step 1450 | loss 0.2831 | val_acc=0.8532 val_roc_auc=0.9076 val_loss=0.3092 val_metric_name=roc_auc val_metric=0.9076
Step 1500 | loss 0.2748 | val_acc=0.8552 val_roc_auc=0.9088 val_loss=0.3059 val_metric_name=roc_auc val_metric=0.9088
Step 1550 | loss 0.2707 | val_acc=0.8600 val_roc_auc=0.9104 val_loss=0.3022 val_metric_name=roc_auc val_metric=0.9104
Step 1600 | loss 0.2771 | val_acc=0.8624 val_roc_auc=0.9118 val_loss=0.2995 val_metric_name=roc_auc val_metric=0.9118
Step 1650 | loss 0.2743 | val_acc=0.8644 val_roc_auc=0.9124 val_loss=0.2982 val_metric_name=roc_auc val_metric=0.9124
Step 1700 | loss 0.2733 | val_acc=0.8624 val_roc_auc=0.9128 val_loss=0.2985 val_metric_name=roc_auc val_metric=0.9128
Step 1750 | loss 0.2704 | val_acc=0.8624 val_roc_auc=0.9136 val_loss=0.2968 val_metric_name=roc_auc val_metric=0.9136
Step 1800 | loss 0.2711 | val_acc=0.8612 val_roc_auc=0.9143 val_loss=0.2961 val_metric_name=roc_auc val_metric=0.9143
Step 1850 | loss 0.2671 | val_acc=0.8636 val_roc_auc=0.9142 val_loss=0.2962 val_metric_name=roc_auc val_metric=0.9142
Step 1900 | loss 0.2697 | val_acc=0.8652 val_roc_auc=0.9151 val_loss=0.2943 val_metric_name=roc_auc val_metric=0.9151
Step 1950 | loss 0.2654 | val_acc=0.8652 val_roc_auc=0.9151 val_loss=0.2977 val_metric_name=roc_auc val_metric=0.9151
Step 2000 | loss 0.2597 | val_acc=0.8660 val_roc_auc=0.9152 val_loss=0.2959 val_metric_name=roc_auc val_metric=0.9152
Step 2050 | loss 0.2663 | val_acc=0.8660 val_roc_auc=0.9154 val_loss=0.2982 val_metric_name=roc_auc val_metric=0.9154
Step 2100 | loss 0.2657 | val_acc=0.8672 val_roc_auc=0.9159 val_loss=0.2951 val_metric_name=roc_auc val_metric=0.9159
Step 2150 | loss 0.2627 | val_acc=0.8680 val_roc_auc=0.9166 val_loss=0.2936 val_metric_name=roc_auc val_metric=0.9166
Step 2200 | loss 0.2611 | val_acc=0.8700 val_roc_auc=0.9160 val_loss=0.2963 val_metric_name=roc_auc val_metric=0.9160
Step 2250 | loss 0.2612 | val_acc=0.8696 val_roc_auc=0.9164 val_loss=0.2954 val_metric_name=roc_auc val_metric=0.9164
Step 2300 | loss 0.2579 | val_acc=0.8704 val_roc_auc=0.9165 val_loss=0.2953 val_metric_name=roc_auc val_metric=0.9165
Step 2350 | loss 0.2613 | val_acc=0.8720 val_roc_auc=0.9168 val_loss=0.2949 val_metric_name=roc_auc val_metric=0.9168
Step 2400 | loss 0.2540 | val_acc=0.8728 val_roc_auc=0.9168 val_loss=0.2948 val_metric_name=roc_auc val_metric=0.9168
Step 2450 | loss 0.2532 | val_acc=0.8716 val_roc_auc=0.9173 val_loss=0.2924 val_metric_name=roc_auc val_metric=0.9173
Step 2500 | loss 0.2546 | val_acc=0.8724 val_roc_auc=0.9175 val_loss=0.2937 val_metric_name=roc_auc val_metric=0.9175
Step 2550 | loss 0.2538 | val_acc=0.8720 val_roc_auc=0.9174 val_loss=0.2929 val_metric_name=roc_auc val_metric=0.9174
Step 2600 | loss 0.2530 | val_acc=0.8728 val_roc_auc=0.9177 val_loss=0.2919 val_metric_name=roc_auc val_metric=0.9177
Step 2650 | loss 0.2517 | val_acc=0.8712 val_roc_auc=0.9175 val_loss=0.2933 val_metric_name=roc_auc val_metric=0.9175
Step 2700 | loss 0.2467 | val_acc=0.8716 val_roc_auc=0.9173 val_loss=0.2949 val_metric_name=roc_auc val_metric=0.9173
Step 2750 | loss 0.2537 | val_acc=0.8716 val_roc_auc=0.9177 val_loss=0.2935 val_metric_name=roc_auc val_metric=0.9177
Step 2800 | loss 0.2546 | val_acc=0.8752 val_roc_auc=0.9177 val_loss=0.2955 val_metric_name=roc_auc val_metric=0.9177
Step 2850 | loss 0.2501 | val_acc=0.8728 val_roc_auc=0.9175 val_loss=0.2966 val_metric_name=roc_auc val_metric=0.9175
Step 2900 | loss 0.2495 | val_acc=0.8744 val_roc_auc=0.9182 val_loss=0.2950 val_metric_name=roc_auc val_metric=0.9182
Step 2950 | loss 0.2484 | val_acc=0.8760 val_roc_auc=0.9179 val_loss=0.2953 val_metric_name=roc_auc val_metric=0.9179
Step 3000 | loss 0.2473 | val_acc=0.8760 val_roc_auc=0.9181 val_loss=0.2967 val_metric_name=roc_auc val_metric=0.9181
Step 3050 | loss 0.2475 | val_acc=0.8744 val_roc_auc=0.9178 val_loss=0.2953 val_metric_name=roc_auc val_metric=0.9178
Step 3100 | loss 0.2455 | val_acc=0.8732 val_roc_auc=0.9181 val_loss=0.2959 val_metric_name=roc_auc val_metric=0.9181
Step 3150 | loss 0.2428 | val_acc=0.8752 val_roc_auc=0.9182 val_loss=0.2961 val_metric_name=roc_auc val_metric=0.9182
Step 3200 | loss 0.2443 | val_acc=0.8736 val_roc_auc=0.9180 val_loss=0.2951 val_metric_name=roc_auc val_metric=0.9180
Step 3250 | loss 0.2455 | val_acc=0.8760 val_roc_auc=0.9180 val_loss=0.2973 val_metric_name=roc_auc val_metric=0.9180
Step 3300 | loss 0.2428 | val_acc=0.8728 val_roc_auc=0.9176 val_loss=0.2967 val_metric_name=roc_auc val_metric=0.9176
Step 3350 | loss 0.2435 | val_acc=0.8748 val_roc_auc=0.9179 val_loss=0.2975 val_metric_name=roc_auc val_metric=0.9179
Early stopping at step 3380

--- Final (best ckpt @ step 3080) ---
  train_acc=0.8958 train_roc_auc=0.9470 train_loss=0.2294 train_metric_name=roc_auc train_metric=0.9470
  val_acc=0.8752 val_roc_auc=0.9188 val_loss=0.2930 val_metric_name=roc_auc val_metric=0.9188
  test_acc=0.8660 test_roc_auc=0.9164 test_loss=0.3026 test_metric_name=roc_auc test_metric=0.9164
  test_roc_auc=0.9164

============================================================
Training minesweeper GT 3L h=384 lr=3e-05 split=4
============================================================
Training for 5000 steps
Step    1 | loss 0.7292 | val_acc=0.8000 val_roc_auc=0.5460 val_loss=0.5332 val_metric_name=roc_auc val_metric=0.5460
Step   50 | loss 0.3879 | val_acc=0.8156 val_roc_auc=0.8302 val_loss=0.4040 val_metric_name=roc_auc val_metric=0.8302
Step  100 | loss 0.3262 | val_acc=0.8316 val_roc_auc=0.8833 val_loss=0.3391 val_metric_name=roc_auc val_metric=0.8833
Step  150 | loss 0.3037 | val_acc=0.8452 val_roc_auc=0.8977 val_loss=0.3302 val_metric_name=roc_auc val_metric=0.8977
Step  200 | loss 0.2949 | val_acc=0.8444 val_roc_auc=0.8997 val_loss=0.3291 val_metric_name=roc_auc val_metric=0.8997
Step  250 | loss 0.2941 | val_acc=0.8492 val_roc_auc=0.9027 val_loss=0.3217 val_metric_name=roc_auc val_metric=0.9027
Step  300 | loss 0.2868 | val_acc=0.8536 val_roc_auc=0.9051 val_loss=0.3189 val_metric_name=roc_auc val_metric=0.9051
Step  350 | loss 0.2773 | val_acc=0.8580 val_roc_auc=0.9090 val_loss=0.3121 val_metric_name=roc_auc val_metric=0.9090
Step  400 | loss 0.2684 | val_acc=0.8640 val_roc_auc=0.9136 val_loss=0.2982 val_metric_name=roc_auc val_metric=0.9136
Step  450 | loss 0.2620 | val_acc=0.8652 val_roc_auc=0.9150 val_loss=0.2967 val_metric_name=roc_auc val_metric=0.9150
Step  500 | loss 0.2609 | val_acc=0.8680 val_roc_auc=0.9153 val_loss=0.2999 val_metric_name=roc_auc val_metric=0.9153
Step  550 | loss 0.2596 | val_acc=0.8676 val_roc_auc=0.9163 val_loss=0.2982 val_metric_name=roc_auc val_metric=0.9163
Step  600 | loss 0.2553 | val_acc=0.8708 val_roc_auc=0.9152 val_loss=0.3034 val_metric_name=roc_auc val_metric=0.9152
Step  650 | loss 0.2475 | val_acc=0.8716 val_roc_auc=0.9162 val_loss=0.2999 val_metric_name=roc_auc val_metric=0.9162
Step  700 | loss 0.2428 | val_acc=0.8712 val_roc_auc=0.9152 val_loss=0.3056 val_metric_name=roc_auc val_metric=0.9152
Step  750 | loss 0.2434 | val_acc=0.8716 val_roc_auc=0.9162 val_loss=0.3059 val_metric_name=roc_auc val_metric=0.9162
Step  800 | loss 0.2415 | val_acc=0.8712 val_roc_auc=0.9158 val_loss=0.3055 val_metric_name=roc_auc val_metric=0.9158
Step  850 | loss 0.2321 | val_acc=0.8688 val_roc_auc=0.9163 val_loss=0.3071 val_metric_name=roc_auc val_metric=0.9163
Step  900 | loss 0.2367 | val_acc=0.8692 val_roc_auc=0.9142 val_loss=0.3127 val_metric_name=roc_auc val_metric=0.9142
Step  950 | loss 0.2298 | val_acc=0.8700 val_roc_auc=0.9146 val_loss=0.3129 val_metric_name=roc_auc val_metric=0.9146
Step 1000 | loss 0.2242 | val_acc=0.8692 val_roc_auc=0.9144 val_loss=0.3173 val_metric_name=roc_auc val_metric=0.9144
Early stopping at step 1013

--- Final (best ckpt @ step 660) ---
  train_acc=0.8914 train_roc_auc=0.9438 train_loss=0.2355 train_metric_name=roc_auc train_metric=0.9438
  val_acc=0.8728 val_roc_auc=0.9171 val_loss=0.2994 val_metric_name=roc_auc val_metric=0.9171
  test_acc=0.8664 test_roc_auc=0.9175 test_loss=0.3018 test_metric_name=roc_auc test_metric=0.9175
  test_roc_auc=0.9175

============================================================
Training minesweeper GT 3L h=384 lr=6e-05 split=4
============================================================
Training for 5000 steps
Step    1 | loss 0.7292 | val_acc=0.8000 val_roc_auc=0.5608 val_loss=0.5071 val_metric_name=roc_auc val_metric=0.5608
Step   50 | loss 0.3446 | val_acc=0.8240 val_roc_auc=0.8691 val_loss=0.3470 val_metric_name=roc_auc val_metric=0.8691
Step  100 | loss 0.3070 | val_acc=0.8452 val_roc_auc=0.8988 val_loss=0.3271 val_metric_name=roc_auc val_metric=0.8988
Step  150 | loss 0.2896 | val_acc=0.8480 val_roc_auc=0.9026 val_loss=0.3206 val_metric_name=roc_auc val_metric=0.9026
Step  200 | loss 0.2774 | val_acc=0.8512 val_roc_auc=0.9064 val_loss=0.3176 val_metric_name=roc_auc val_metric=0.9064
Step  250 | loss 0.2700 | val_acc=0.8648 val_roc_auc=0.9134 val_loss=0.2965 val_metric_name=roc_auc val_metric=0.9134
Step  300 | loss 0.2638 | val_acc=0.8684 val_roc_auc=0.9148 val_loss=0.3003 val_metric_name=roc_auc val_metric=0.9148
Step  350 | loss 0.2502 | val_acc=0.8668 val_roc_auc=0.9151 val_loss=0.3033 val_metric_name=roc_auc val_metric=0.9151
Step  400 | loss 0.2498 | val_acc=0.8720 val_roc_auc=0.9158 val_loss=0.3003 val_metric_name=roc_auc val_metric=0.9158
Step  450 | loss 0.2423 | val_acc=0.8684 val_roc_auc=0.9153 val_loss=0.3058 val_metric_name=roc_auc val_metric=0.9153
Step  500 | loss 0.2396 | val_acc=0.8696 val_roc_auc=0.9161 val_loss=0.3075 val_metric_name=roc_auc val_metric=0.9161
Step  550 | loss 0.2330 | val_acc=0.8652 val_roc_auc=0.9120 val_loss=0.3234 val_metric_name=roc_auc val_metric=0.9120
Step  600 | loss 0.2263 | val_acc=0.8704 val_roc_auc=0.9111 val_loss=0.3281 val_metric_name=roc_auc val_metric=0.9111
Step  650 | loss 0.2146 | val_acc=0.8632 val_roc_auc=0.9086 val_loss=0.3400 val_metric_name=roc_auc val_metric=0.9086
Step  700 | loss 0.2061 | val_acc=0.8648 val_roc_auc=0.9071 val_loss=0.3535 val_metric_name=roc_auc val_metric=0.9071
Step  750 | loss 0.2043 | val_acc=0.8616 val_roc_auc=0.9060 val_loss=0.3548 val_metric_name=roc_auc val_metric=0.9060
Early stopping at step 756

--- Final (best ckpt @ step 440) ---
  train_acc=0.8974 train_roc_auc=0.9479 train_loss=0.2280 train_metric_name=roc_auc train_metric=0.9479
  val_acc=0.8696 val_roc_auc=0.9178 val_loss=0.3010 val_metric_name=roc_auc val_metric=0.9178
  test_acc=0.8648 test_roc_auc=0.9152 test_loss=0.3099 test_metric_name=roc_auc test_metric=0.9152
  test_roc_auc=0.9152

============================================================
Training minesweeper GT 3L h=384 lr=0.0001 split=4
============================================================
Training for 5000 steps
Step    1 | loss 0.7292 | val_acc=0.8000 val_roc_auc=0.5939 val_loss=0.6097 val_metric_name=roc_auc val_metric=0.5939
Step   50 | loss 0.3263 | val_acc=0.8460 val_roc_auc=0.8827 val_loss=0.3247 val_metric_name=roc_auc val_metric=0.8827
Step  100 | loss 0.2991 | val_acc=0.8516 val_roc_auc=0.9024 val_loss=0.3140 val_metric_name=roc_auc val_metric=0.9024
Step  150 | loss 0.2786 | val_acc=0.8528 val_roc_auc=0.9086 val_loss=0.3099 val_metric_name=roc_auc val_metric=0.9086
Step  200 | loss 0.2627 | val_acc=0.8660 val_roc_auc=0.9122 val_loss=0.3022 val_metric_name=roc_auc val_metric=0.9122
Step  250 | loss 0.2537 | val_acc=0.8660 val_roc_auc=0.9143 val_loss=0.3015 val_metric_name=roc_auc val_metric=0.9143
Step  300 | loss 0.2513 | val_acc=0.8712 val_roc_auc=0.9163 val_loss=0.3018 val_metric_name=roc_auc val_metric=0.9163
Step  350 | loss 0.2327 | val_acc=0.8712 val_roc_auc=0.9153 val_loss=0.3103 val_metric_name=roc_auc val_metric=0.9153
Step  400 | loss 0.2311 | val_acc=0.8700 val_roc_auc=0.9114 val_loss=0.3223 val_metric_name=roc_auc val_metric=0.9114
Step  450 | loss 0.2196 | val_acc=0.8652 val_roc_auc=0.9110 val_loss=0.3263 val_metric_name=roc_auc val_metric=0.9110
Step  500 | loss 0.2119 | val_acc=0.8604 val_roc_auc=0.9047 val_loss=0.3514 val_metric_name=roc_auc val_metric=0.9047
Step  550 | loss 0.1956 | val_acc=0.8580 val_roc_auc=0.9016 val_loss=0.3801 val_metric_name=roc_auc val_metric=0.9016
Step  600 | loss 0.1919 | val_acc=0.8532 val_roc_auc=0.8985 val_loss=0.3891 val_metric_name=roc_auc val_metric=0.8985
Early stopping at step 637

--- Final (best ckpt @ step 300) ---
  train_acc=0.8960 train_roc_auc=0.9460 train_loss=0.2318 train_metric_name=roc_auc train_metric=0.9460
  val_acc=0.8712 val_roc_auc=0.9163 val_loss=0.3018 val_metric_name=roc_auc val_metric=0.9163
  test_acc=0.8632 test_roc_auc=0.9145 test_loss=0.3082 test_metric_name=roc_auc test_metric=0.9145
  test_roc_auc=0.9145

============================================================
Training minesweeper GT 3L h=384 lr=1e-05 split=4
============================================================
Training for 5000 steps
Step    1 | loss 0.7292 | val_acc=0.6812 val_roc_auc=0.5371 val_loss=0.6427 val_metric_name=roc_auc val_metric=0.5371
Step   50 | loss 0.4625 | val_acc=0.8000 val_roc_auc=0.7713 val_loss=0.4692 val_metric_name=roc_auc val_metric=0.7713
Step  100 | loss 0.3975 | val_acc=0.8124 val_roc_auc=0.8199 val_loss=0.4124 val_metric_name=roc_auc val_metric=0.8199
Step  150 | loss 0.3637 | val_acc=0.8264 val_roc_auc=0.8569 val_loss=0.3763 val_metric_name=roc_auc val_metric=0.8569
Step  200 | loss 0.3371 | val_acc=0.8308 val_roc_auc=0.8760 val_loss=0.3444 val_metric_name=roc_auc val_metric=0.8760
Step  250 | loss 0.3258 | val_acc=0.8292 val_roc_auc=0.8864 val_loss=0.3423 val_metric_name=roc_auc val_metric=0.8864
Step  300 | loss 0.3135 | val_acc=0.8368 val_roc_auc=0.8926 val_loss=0.3414 val_metric_name=roc_auc val_metric=0.8926
Step  350 | loss 0.3070 | val_acc=0.8404 val_roc_auc=0.8961 val_loss=0.3392 val_metric_name=roc_auc val_metric=0.8961
Step  400 | loss 0.3019 | val_acc=0.8424 val_roc_auc=0.8974 val_loss=0.3377 val_metric_name=roc_auc val_metric=0.8974
Step  450 | loss 0.3017 | val_acc=0.8436 val_roc_auc=0.8991 val_loss=0.3343 val_metric_name=roc_auc val_metric=0.8991
Step  500 | loss 0.2949 | val_acc=0.8436 val_roc_auc=0.9003 val_loss=0.3308 val_metric_name=roc_auc val_metric=0.9003
Step  550 | loss 0.2966 | val_acc=0.8456 val_roc_auc=0.9011 val_loss=0.3288 val_metric_name=roc_auc val_metric=0.9011
Step  600 | loss 0.2940 | val_acc=0.8492 val_roc_auc=0.9023 val_loss=0.3263 val_metric_name=roc_auc val_metric=0.9023
Step  650 | loss 0.2903 | val_acc=0.8536 val_roc_auc=0.9036 val_loss=0.3230 val_metric_name=roc_auc val_metric=0.9036
Step  700 | loss 0.2861 | val_acc=0.8532 val_roc_auc=0.9048 val_loss=0.3215 val_metric_name=roc_auc val_metric=0.9048
Step  750 | loss 0.2831 | val_acc=0.8560 val_roc_auc=0.9062 val_loss=0.3195 val_metric_name=roc_auc val_metric=0.9062
Step  800 | loss 0.2805 | val_acc=0.8560 val_roc_auc=0.9071 val_loss=0.3183 val_metric_name=roc_auc val_metric=0.9071
Step  850 | loss 0.2782 | val_acc=0.8564 val_roc_auc=0.9090 val_loss=0.3140 val_metric_name=roc_auc val_metric=0.9090
Step  900 | loss 0.2774 | val_acc=0.8568 val_roc_auc=0.9104 val_loss=0.3080 val_metric_name=roc_auc val_metric=0.9104
Step  950 | loss 0.2717 | val_acc=0.8604 val_roc_auc=0.9125 val_loss=0.3018 val_metric_name=roc_auc val_metric=0.9125
Step 1000 | loss 0.2698 | val_acc=0.8640 val_roc_auc=0.9139 val_loss=0.2989 val_metric_name=roc_auc val_metric=0.9139
Step 1050 | loss 0.2671 | val_acc=0.8668 val_roc_auc=0.9142 val_loss=0.2980 val_metric_name=roc_auc val_metric=0.9142
Step 1100 | loss 0.2642 | val_acc=0.8664 val_roc_auc=0.9144 val_loss=0.2997 val_metric_name=roc_auc val_metric=0.9144
Step 1150 | loss 0.2644 | val_acc=0.8656 val_roc_auc=0.9139 val_loss=0.3016 val_metric_name=roc_auc val_metric=0.9139
Step 1200 | loss 0.2597 | val_acc=0.8664 val_roc_auc=0.9149 val_loss=0.3006 val_metric_name=roc_auc val_metric=0.9149
Step 1250 | loss 0.2572 | val_acc=0.8660 val_roc_auc=0.9144 val_loss=0.3011 val_metric_name=roc_auc val_metric=0.9144
Step 1300 | loss 0.2595 | val_acc=0.8672 val_roc_auc=0.9151 val_loss=0.3014 val_metric_name=roc_auc val_metric=0.9151
Step 1350 | loss 0.2574 | val_acc=0.8684 val_roc_auc=0.9148 val_loss=0.3000 val_metric_name=roc_auc val_metric=0.9148
Step 1400 | loss 0.2551 | val_acc=0.8676 val_roc_auc=0.9155 val_loss=0.3010 val_metric_name=roc_auc val_metric=0.9155
Step 1450 | loss 0.2556 | val_acc=0.8700 val_roc_auc=0.9153 val_loss=0.3022 val_metric_name=roc_auc val_metric=0.9153
Step 1500 | loss 0.2522 | val_acc=0.8716 val_roc_auc=0.9158 val_loss=0.3012 val_metric_name=roc_auc val_metric=0.9158
Step 1550 | loss 0.2517 | val_acc=0.8696 val_roc_auc=0.9153 val_loss=0.3026 val_metric_name=roc_auc val_metric=0.9153
Step 1600 | loss 0.2464 | val_acc=0.8716 val_roc_auc=0.9166 val_loss=0.2989 val_metric_name=roc_auc val_metric=0.9166
Step 1650 | loss 0.2469 | val_acc=0.8756 val_roc_auc=0.9165 val_loss=0.2994 val_metric_name=roc_auc val_metric=0.9165
Step 1700 | loss 0.2499 | val_acc=0.8744 val_roc_auc=0.9163 val_loss=0.3004 val_metric_name=roc_auc val_metric=0.9163
Step 1750 | loss 0.2468 | val_acc=0.8736 val_roc_auc=0.9160 val_loss=0.3014 val_metric_name=roc_auc val_metric=0.9160
Step 1800 | loss 0.2500 | val_acc=0.8732 val_roc_auc=0.9171 val_loss=0.2999 val_metric_name=roc_auc val_metric=0.9171
Step 1850 | loss 0.2476 | val_acc=0.8728 val_roc_auc=0.9166 val_loss=0.3007 val_metric_name=roc_auc val_metric=0.9166
Step 1900 | loss 0.2458 | val_acc=0.8728 val_roc_auc=0.9172 val_loss=0.3009 val_metric_name=roc_auc val_metric=0.9172
Step 1950 | loss 0.2375 | val_acc=0.8732 val_roc_auc=0.9166 val_loss=0.3033 val_metric_name=roc_auc val_metric=0.9166
Step 2000 | loss 0.2392 | val_acc=0.8748 val_roc_auc=0.9173 val_loss=0.3015 val_metric_name=roc_auc val_metric=0.9173
Step 2050 | loss 0.2363 | val_acc=0.8720 val_roc_auc=0.9173 val_loss=0.3019 val_metric_name=roc_auc val_metric=0.9173
Step 2100 | loss 0.2422 | val_acc=0.8716 val_roc_auc=0.9170 val_loss=0.3043 val_metric_name=roc_auc val_metric=0.9170
Step 2150 | loss 0.2361 | val_acc=0.8716 val_roc_auc=0.9167 val_loss=0.3056 val_metric_name=roc_auc val_metric=0.9167
Step 2200 | loss 0.2380 | val_acc=0.8696 val_roc_auc=0.9170 val_loss=0.3056 val_metric_name=roc_auc val_metric=0.9170
Step 2250 | loss 0.2378 | val_acc=0.8716 val_roc_auc=0.9164 val_loss=0.3086 val_metric_name=roc_auc val_metric=0.9164
Step 2300 | loss 0.2369 | val_acc=0.8712 val_roc_auc=0.9168 val_loss=0.3060 val_metric_name=roc_auc val_metric=0.9168
Step 2350 | loss 0.2300 | val_acc=0.8700 val_roc_auc=0.9163 val_loss=0.3088 val_metric_name=roc_auc val_metric=0.9163
Step 2400 | loss 0.2312 | val_acc=0.8692 val_roc_auc=0.9158 val_loss=0.3125 val_metric_name=roc_auc val_metric=0.9158
Step 2450 | loss 0.2307 | val_acc=0.8708 val_roc_auc=0.9165 val_loss=0.3103 val_metric_name=roc_auc val_metric=0.9165
Early stopping at step 2473

--- Final (best ckpt @ step 2020) ---
  train_acc=0.8968 train_roc_auc=0.9492 train_loss=0.2241 train_metric_name=roc_auc train_metric=0.9492
  val_acc=0.8712 val_roc_auc=0.9179 val_loss=0.3007 val_metric_name=roc_auc val_metric=0.9179
  test_acc=0.8656 test_roc_auc=0.9165 test_loss=0.3080 test_metric_name=roc_auc test_metric=0.9165
  test_roc_auc=0.9165

============================================================
Training minesweeper GT 3L h=512 lr=3e-05 split=4
============================================================
Training for 5000 steps
Step    1 | loss 0.7263 | val_acc=0.8000 val_roc_auc=0.6298 val_loss=0.4879 val_metric_name=roc_auc val_metric=0.6298
Step   50 | loss 0.3545 | val_acc=0.8252 val_roc_auc=0.8633 val_loss=0.3780 val_metric_name=roc_auc val_metric=0.8633
Step  100 | loss 0.3132 | val_acc=0.8464 val_roc_auc=0.8937 val_loss=0.3355 val_metric_name=roc_auc val_metric=0.8937
Step  150 | loss 0.2971 | val_acc=0.8492 val_roc_auc=0.9001 val_loss=0.3316 val_metric_name=roc_auc val_metric=0.9001
Step  200 | loss 0.2903 | val_acc=0.8504 val_roc_auc=0.9017 val_loss=0.3272 val_metric_name=roc_auc val_metric=0.9017
Step  250 | loss 0.2845 | val_acc=0.8492 val_roc_auc=0.9046 val_loss=0.3212 val_metric_name=roc_auc val_metric=0.9046
Step  300 | loss 0.2789 | val_acc=0.8540 val_roc_auc=0.9074 val_loss=0.3152 val_metric_name=roc_auc val_metric=0.9074
Step  350 | loss 0.2684 | val_acc=0.8648 val_roc_auc=0.9137 val_loss=0.2996 val_metric_name=roc_auc val_metric=0.9137
Step  400 | loss 0.2600 | val_acc=0.8632 val_roc_auc=0.9149 val_loss=0.3040 val_metric_name=roc_auc val_metric=0.9149
Step  450 | loss 0.2528 | val_acc=0.8652 val_roc_auc=0.9152 val_loss=0.3058 val_metric_name=roc_auc val_metric=0.9152
Step  500 | loss 0.2472 | val_acc=0.8668 val_roc_auc=0.9146 val_loss=0.3065 val_metric_name=roc_auc val_metric=0.9146
Step  550 | loss 0.2466 | val_acc=0.8640 val_roc_auc=0.9157 val_loss=0.3075 val_metric_name=roc_auc val_metric=0.9157
Step  600 | loss 0.2437 | val_acc=0.8656 val_roc_auc=0.9148 val_loss=0.3130 val_metric_name=roc_auc val_metric=0.9148
Step  650 | loss 0.2369 | val_acc=0.8680 val_roc_auc=0.9148 val_loss=0.3159 val_metric_name=roc_auc val_metric=0.9148
Step  700 | loss 0.2349 | val_acc=0.8692 val_roc_auc=0.9143 val_loss=0.3188 val_metric_name=roc_auc val_metric=0.9143
Step  750 | loss 0.2277 | val_acc=0.8684 val_roc_auc=0.9119 val_loss=0.3321 val_metric_name=roc_auc val_metric=0.9119
Step  800 | loss 0.2256 | val_acc=0.8656 val_roc_auc=0.9104 val_loss=0.3439 val_metric_name=roc_auc val_metric=0.9104
Step  850 | loss 0.2151 | val_acc=0.8672 val_roc_auc=0.9096 val_loss=0.3474 val_metric_name=roc_auc val_metric=0.9096
Early stopping at step 894

--- Final (best ckpt @ step 480) ---
  train_acc=0.8938 train_roc_auc=0.9439 train_loss=0.2344 train_metric_name=roc_auc train_metric=0.9439
  val_acc=0.8660 val_roc_auc=0.9167 val_loss=0.2978 val_metric_name=roc_auc val_metric=0.9167
  test_acc=0.8636 test_roc_auc=0.9147 test_loss=0.3088 test_metric_name=roc_auc test_metric=0.9147
  test_roc_auc=0.9147

============================================================
Training minesweeper GT 3L h=512 lr=6e-05 split=4
============================================================
Training for 5000 steps
Step    1 | loss 0.7263 | val_acc=0.8000 val_roc_auc=0.6533 val_loss=0.5754 val_metric_name=roc_auc val_metric=0.6533
Step   50 | loss 0.3223 | val_acc=0.8432 val_roc_auc=0.8821 val_loss=0.3309 val_metric_name=roc_auc val_metric=0.8821
Step  100 | loss 0.3006 | val_acc=0.8500 val_roc_auc=0.9005 val_loss=0.3223 val_metric_name=roc_auc val_metric=0.9005
Step  150 | loss 0.2852 | val_acc=0.8492 val_roc_auc=0.9049 val_loss=0.3203 val_metric_name=roc_auc val_metric=0.9049
Step  200 | loss 0.2713 | val_acc=0.8536 val_roc_auc=0.9064 val_loss=0.3164 val_metric_name=roc_auc val_metric=0.9064
Step  250 | loss 0.2603 | val_acc=0.8656 val_roc_auc=0.9134 val_loss=0.3027 val_metric_name=roc_auc val_metric=0.9134
Step  300 | loss 0.2536 | val_acc=0.8692 val_roc_auc=0.9159 val_loss=0.3002 val_metric_name=roc_auc val_metric=0.9159
Step  350 | loss 0.2439 | val_acc=0.8664 val_roc_auc=0.9146 val_loss=0.3074 val_metric_name=roc_auc val_metric=0.9146
Step  400 | loss 0.2334 | val_acc=0.8652 val_roc_auc=0.9132 val_loss=0.3272 val_metric_name=roc_auc val_metric=0.9132
Step  450 | loss 0.2236 | val_acc=0.8652 val_roc_auc=0.9099 val_loss=0.3406 val_metric_name=roc_auc val_metric=0.9099
Step  500 | loss 0.2132 | val_acc=0.8624 val_roc_auc=0.9065 val_loss=0.3548 val_metric_name=roc_auc val_metric=0.9065
Step  550 | loss 0.2100 | val_acc=0.8576 val_roc_auc=0.9049 val_loss=0.3616 val_metric_name=roc_auc val_metric=0.9049
Step  600 | loss 0.1997 | val_acc=0.8516 val_roc_auc=0.9003 val_loss=0.4017 val_metric_name=roc_auc val_metric=0.9003
Early stopping at step 635

--- Final (best ckpt @ step 290) ---
  train_acc=0.8910 train_roc_auc=0.9434 train_loss=0.2371 train_metric_name=roc_auc train_metric=0.9434
  val_acc=0.8668 val_roc_auc=0.9162 val_loss=0.2999 val_metric_name=roc_auc val_metric=0.9162
  test_acc=0.8668 test_roc_auc=0.9140 test_loss=0.3100 test_metric_name=roc_auc test_metric=0.9140
  test_roc_auc=0.9140

============================================================
Training minesweeper GT 3L h=512 lr=0.0001 split=4
============================================================
Training for 5000 steps
Step    1 | loss 0.7263 | val_acc=0.8000 val_roc_auc=0.6599 val_loss=0.8186 val_metric_name=roc_auc val_metric=0.6599
Step   50 | loss 0.3145 | val_acc=0.8420 val_roc_auc=0.8902 val_loss=0.3234 val_metric_name=roc_auc val_metric=0.8902
Step  100 | loss 0.2939 | val_acc=0.8520 val_roc_auc=0.9030 val_loss=0.3149 val_metric_name=roc_auc val_metric=0.9030
Step  150 | loss 0.2750 | val_acc=0.8512 val_roc_auc=0.9064 val_loss=0.3147 val_metric_name=roc_auc val_metric=0.9064
Step  200 | loss 0.2551 | val_acc=0.8660 val_roc_auc=0.9119 val_loss=0.3048 val_metric_name=roc_auc val_metric=0.9119
Step  250 | loss 0.2470 | val_acc=0.8652 val_roc_auc=0.9106 val_loss=0.3147 val_metric_name=roc_auc val_metric=0.9106
Step  300 | loss 0.2348 | val_acc=0.8632 val_roc_auc=0.9103 val_loss=0.3210 val_metric_name=roc_auc val_metric=0.9103
Step  350 | loss 0.2296 | val_acc=0.8632 val_roc_auc=0.9067 val_loss=0.3490 val_metric_name=roc_auc val_metric=0.9067
Step  400 | loss 0.2050 | val_acc=0.8608 val_roc_auc=0.9044 val_loss=0.3726 val_metric_name=roc_auc val_metric=0.9044
Step  450 | loss 0.1872 | val_acc=0.8576 val_roc_auc=0.8977 val_loss=0.4033 val_metric_name=roc_auc val_metric=0.8977
Step  500 | loss 0.1721 | val_acc=0.8540 val_roc_auc=0.8907 val_loss=0.4508 val_metric_name=roc_auc val_metric=0.8907
Early stopping at step 510

--- Final (best ckpt @ step 210) ---
  train_acc=0.8916 train_roc_auc=0.9427 train_loss=0.2372 train_metric_name=roc_auc train_metric=0.9427
  val_acc=0.8640 val_roc_auc=0.9148 val_loss=0.2996 val_metric_name=roc_auc val_metric=0.9148
  test_acc=0.8636 test_roc_auc=0.9119 test_loss=0.3122 test_metric_name=roc_auc test_metric=0.9119
  test_roc_auc=0.9119

============================================================
Training minesweeper GT 3L h=512 lr=1e-05 split=4
============================================================
Training for 5000 steps
Step    1 | loss 0.7263 | val_acc=0.7516 val_roc_auc=0.6127 val_loss=0.5986 val_metric_name=roc_auc val_metric=0.6127
Step   50 | loss 0.4272 | val_acc=0.8032 val_roc_auc=0.8070 val_loss=0.4160 val_metric_name=roc_auc val_metric=0.8070
Step  100 | loss 0.3651 | val_acc=0.8256 val_roc_auc=0.8567 val_loss=0.3828 val_metric_name=roc_auc val_metric=0.8567
Step  150 | loss 0.3316 | val_acc=0.8352 val_roc_auc=0.8790 val_loss=0.3456 val_metric_name=roc_auc val_metric=0.8790
Step  200 | loss 0.3166 | val_acc=0.8384 val_roc_auc=0.8892 val_loss=0.3456 val_metric_name=roc_auc val_metric=0.8892
Step  250 | loss 0.3078 | val_acc=0.8452 val_roc_auc=0.8958 val_loss=0.3415 val_metric_name=roc_auc val_metric=0.8958
Step  300 | loss 0.3040 | val_acc=0.8464 val_roc_auc=0.8979 val_loss=0.3387 val_metric_name=roc_auc val_metric=0.8979
Step  350 | loss 0.3004 | val_acc=0.8468 val_roc_auc=0.8997 val_loss=0.3354 val_metric_name=roc_auc val_metric=0.8997
Step  400 | loss 0.2992 | val_acc=0.8476 val_roc_auc=0.9007 val_loss=0.3347 val_metric_name=roc_auc val_metric=0.9007
Step  450 | loss 0.2876 | val_acc=0.8452 val_roc_auc=0.9013 val_loss=0.3322 val_metric_name=roc_auc val_metric=0.9013
Step  500 | loss 0.2885 | val_acc=0.8460 val_roc_auc=0.9025 val_loss=0.3300 val_metric_name=roc_auc val_metric=0.9025
Step  550 | loss 0.2896 | val_acc=0.8524 val_roc_auc=0.9033 val_loss=0.3277 val_metric_name=roc_auc val_metric=0.9033
Step  600 | loss 0.2832 | val_acc=0.8532 val_roc_auc=0.9053 val_loss=0.3247 val_metric_name=roc_auc val_metric=0.9053
Step  650 | loss 0.2827 | val_acc=0.8540 val_roc_auc=0.9057 val_loss=0.3234 val_metric_name=roc_auc val_metric=0.9057
Step  700 | loss 0.2788 | val_acc=0.8588 val_roc_auc=0.9076 val_loss=0.3173 val_metric_name=roc_auc val_metric=0.9076
Step  750 | loss 0.2748 | val_acc=0.8628 val_roc_auc=0.9110 val_loss=0.3094 val_metric_name=roc_auc val_metric=0.9110
Step  800 | loss 0.2676 | val_acc=0.8660 val_roc_auc=0.9136 val_loss=0.3027 val_metric_name=roc_auc val_metric=0.9136
Step  850 | loss 0.2642 | val_acc=0.8664 val_roc_auc=0.9148 val_loss=0.3028 val_metric_name=roc_auc val_metric=0.9148
Step  900 | loss 0.2597 | val_acc=0.8648 val_roc_auc=0.9163 val_loss=0.2996 val_metric_name=roc_auc val_metric=0.9163
Step  950 | loss 0.2600 | val_acc=0.8676 val_roc_auc=0.9162 val_loss=0.3018 val_metric_name=roc_auc val_metric=0.9162
Step 1000 | loss 0.2595 | val_acc=0.8652 val_roc_auc=0.9165 val_loss=0.3020 val_metric_name=roc_auc val_metric=0.9165
Step 1050 | loss 0.2576 | val_acc=0.8652 val_roc_auc=0.9151 val_loss=0.3083 val_metric_name=roc_auc val_metric=0.9151
Step 1100 | loss 0.2547 | val_acc=0.8672 val_roc_auc=0.9154 val_loss=0.3033 val_metric_name=roc_auc val_metric=0.9154
Step 1150 | loss 0.2542 | val_acc=0.8664 val_roc_auc=0.9153 val_loss=0.3045 val_metric_name=roc_auc val_metric=0.9153
Step 1200 | loss 0.2484 | val_acc=0.8652 val_roc_auc=0.9151 val_loss=0.3040 val_metric_name=roc_auc val_metric=0.9151
Early stopping at step 1230

--- Final (best ckpt @ step 930) ---
  train_acc=0.8848 train_roc_auc=0.9373 train_loss=0.2496 train_metric_name=roc_auc train_metric=0.9373
  val_acc=0.8676 val_roc_auc=0.9173 val_loss=0.2966 val_metric_name=roc_auc val_metric=0.9173
  test_acc=0.8656 test_roc_auc=0.9157 test_loss=0.3050 test_metric_name=roc_auc test_metric=0.9157
  test_roc_auc=0.9157
  >> num_layers=3 hidden_dim=256 lr=3e-05 best_step=1100 val_roc_auc=0.9188 test_roc_auc=0.9161
     val_acc=0.8744 val_loss=0.2929 val_metric=0.9188 val_metric_name=roc_auc val_roc_auc=0.9188
     test_acc=0.8656 test_loss=0.3028 test_metric=0.9161 test_metric_name=roc_auc test_roc_auc=0.9161
  >> num_layers=3 hidden_dim=256 lr=6e-05 best_step=680 val_roc_auc=0.9189 test_roc_auc=0.9152
     val_acc=0.8744 val_loss=0.2940 val_metric=0.9189 val_metric_name=roc_auc val_roc_auc=0.9189
     test_acc=0.8648 test_loss=0.3051 test_metric=0.9152 test_metric_name=roc_auc test_roc_auc=0.9152
  >> num_layers=3 hidden_dim=256 lr=0.0001 best_step=450 val_roc_auc=0.9191 test_roc_auc=0.9135
     val_acc=0.8760 val_loss=0.2903 val_metric=0.9191 val_metric_name=roc_auc val_roc_auc=0.9191
     test_acc=0.8644 test_loss=0.3057 test_metric=0.9135 test_metric_name=roc_auc test_roc_auc=0.9135
  >> num_layers=3 hidden_dim=256 lr=1e-05 best_step=3080 val_roc_auc=0.9188 test_roc_auc=0.9164
     val_acc=0.8752 val_loss=0.2930 val_metric=0.9188 val_metric_name=roc_auc val_roc_auc=0.9188
     test_acc=0.8660 test_loss=0.3026 test_metric=0.9164 test_metric_name=roc_auc test_roc_auc=0.9164
  >> num_layers=3 hidden_dim=384 lr=3e-05 best_step=660 val_roc_auc=0.9171 test_roc_auc=0.9175
     val_acc=0.8728 val_loss=0.2994 val_metric=0.9171 val_metric_name=roc_auc val_roc_auc=0.9171
     test_acc=0.8664 test_loss=0.3018 test_metric=0.9175 test_metric_name=roc_auc test_roc_auc=0.9175
  >> num_layers=3 hidden_dim=384 lr=6e-05 best_step=440 val_roc_auc=0.9178 test_roc_auc=0.9152
     val_acc=0.8696 val_loss=0.3010 val_metric=0.9178 val_metric_name=roc_auc val_roc_auc=0.9178
     test_acc=0.8648 test_loss=0.3099 test_metric=0.9152 test_metric_name=roc_auc test_roc_auc=0.9152
  >> num_layers=3 hidden_dim=384 lr=0.0001 best_step=300 val_roc_auc=0.9163 test_roc_auc=0.9145
     val_acc=0.8712 val_loss=0.3018 val_metric=0.9163 val_metric_name=roc_auc val_roc_auc=0.9163
     test_acc=0.8632 test_loss=0.3082 test_metric=0.9145 test_metric_name=roc_auc test_roc_auc=0.9145
  >> num_layers=3 hidden_dim=384 lr=1e-05 best_step=2020 val_roc_auc=0.9179 test_roc_auc=0.9165
     val_acc=0.8712 val_loss=0.3007 val_metric=0.9179 val_metric_name=roc_auc val_roc_auc=0.9179
     test_acc=0.8656 test_loss=0.3080 test_metric=0.9165 test_metric_name=roc_auc test_roc_auc=0.9165
  >> num_layers=3 hidden_dim=512 lr=3e-05 best_step=480 val_roc_auc=0.9167 test_roc_auc=0.9147
     val_acc=0.8660 val_loss=0.2978 val_metric=0.9167 val_metric_name=roc_auc val_roc_auc=0.9167
     test_acc=0.8636 test_loss=0.3088 test_metric=0.9147 test_metric_name=roc_auc test_roc_auc=0.9147
  >> num_layers=3 hidden_dim=512 lr=6e-05 best_step=290 val_roc_auc=0.9162 test_roc_auc=0.9140
     val_acc=0.8668 val_loss=0.2999 val_metric=0.9162 val_metric_name=roc_auc val_roc_auc=0.9162
     test_acc=0.8668 test_loss=0.3100 test_metric=0.9140 test_metric_name=roc_auc test_roc_auc=0.9140
  >> num_layers=3 hidden_dim=512 lr=0.0001 best_step=210 val_roc_auc=0.9148 test_roc_auc=0.9119
     val_acc=0.8640 val_loss=0.2996 val_metric=0.9148 val_metric_name=roc_auc val_roc_auc=0.9148
     test_acc=0.8636 test_loss=0.3122 test_metric=0.9119 test_metric_name=roc_auc test_roc_auc=0.9119
  >> num_layers=3 hidden_dim=512 lr=1e-05 best_step=930 val_roc_auc=0.9173 test_roc_auc=0.9157
     val_acc=0.8676 val_loss=0.2966 val_metric=0.9173 val_metric_name=roc_auc val_roc_auc=0.9173
     test_acc=0.8656 test_loss=0.3050 test_metric=0.9157 test_metric_name=roc_auc test_roc_auc=0.9157
  >> selected best (by val): num_layers=3 hidden_dim=256 lr=0.0001 val_roc_auc=0.9191 test_roc_auc=0.9135
     val_acc=0.8760 val_loss=0.2903 val_metric=0.9191 val_metric_name=roc_auc val_roc_auc=0.9191
     test_acc=0.8644 test_loss=0.3057 test_metric=0.9135 test_metric_name=roc_auc test_roc_auc=0.9135

Done. Results saved to /home/avshmelev/diploma_yandex_graphs/results_grid/minesweeper/base.csv, checkpoints in /home/avshmelev/diploma_yandex_graphs/all_checkpoints/minesweeper/base/
