Loading data...

============================================================
Training minesweeper GT 5L h=256 lr=3e-05 split=1
============================================================
Training for 5000 steps
Step    1 | loss 0.6199 | val_acc=0.8000 val_roc_auc=0.5099 val_loss=0.5043 val_metric_name=roc_auc val_metric=0.5099
Step   50 | loss 0.4065 | val_acc=0.8248 val_roc_auc=0.8364 val_loss=0.3865 val_metric_name=roc_auc val_metric=0.8364
Step  100 | loss 0.3367 | val_acc=0.8468 val_roc_auc=0.8935 val_loss=0.3153 val_metric_name=roc_auc val_metric=0.8935
Step  150 | loss 0.3140 | val_acc=0.8508 val_roc_auc=0.9020 val_loss=0.3050 val_metric_name=roc_auc val_metric=0.9020
Step  200 | loss 0.3092 | val_acc=0.8548 val_roc_auc=0.9065 val_loss=0.2988 val_metric_name=roc_auc val_metric=0.9065
Step  250 | loss 0.2927 | val_acc=0.8592 val_roc_auc=0.9108 val_loss=0.2926 val_metric_name=roc_auc val_metric=0.9108
Step  300 | loss 0.2925 | val_acc=0.8632 val_roc_auc=0.9142 val_loss=0.2867 val_metric_name=roc_auc val_metric=0.9142
Step  350 | loss 0.2826 | val_acc=0.8656 val_roc_auc=0.9172 val_loss=0.2829 val_metric_name=roc_auc val_metric=0.9172
Step  400 | loss 0.2752 | val_acc=0.8728 val_roc_auc=0.9217 val_loss=0.2777 val_metric_name=roc_auc val_metric=0.9217
Step  450 | loss 0.2737 | val_acc=0.8740 val_roc_auc=0.9241 val_loss=0.2752 val_metric_name=roc_auc val_metric=0.9241
Step  500 | loss 0.2593 | val_acc=0.8732 val_roc_auc=0.9267 val_loss=0.2738 val_metric_name=roc_auc val_metric=0.9267
Step  550 | loss 0.2499 | val_acc=0.8768 val_roc_auc=0.9301 val_loss=0.2674 val_metric_name=roc_auc val_metric=0.9301
Step  600 | loss 0.2445 | val_acc=0.8772 val_roc_auc=0.9317 val_loss=0.2686 val_metric_name=roc_auc val_metric=0.9317
Step  650 | loss 0.2441 | val_acc=0.8804 val_roc_auc=0.9318 val_loss=0.2687 val_metric_name=roc_auc val_metric=0.9318
Step  700 | loss 0.2338 | val_acc=0.8820 val_roc_auc=0.9320 val_loss=0.2686 val_metric_name=roc_auc val_metric=0.9320
Step  750 | loss 0.2242 | val_acc=0.8836 val_roc_auc=0.9333 val_loss=0.2701 val_metric_name=roc_auc val_metric=0.9333
Step  800 | loss 0.2246 | val_acc=0.8848 val_roc_auc=0.9325 val_loss=0.2721 val_metric_name=roc_auc val_metric=0.9325
Step  850 | loss 0.2169 | val_acc=0.8832 val_roc_auc=0.9320 val_loss=0.2751 val_metric_name=roc_auc val_metric=0.9320
Step  900 | loss 0.2177 | val_acc=0.8816 val_roc_auc=0.9316 val_loss=0.2792 val_metric_name=roc_auc val_metric=0.9316
Step  950 | loss 0.2142 | val_acc=0.8836 val_roc_auc=0.9302 val_loss=0.2857 val_metric_name=roc_auc val_metric=0.9302
Step 1000 | loss 0.2076 | val_acc=0.8804 val_roc_auc=0.9291 val_loss=0.2930 val_metric_name=roc_auc val_metric=0.9291
Step 1050 | loss 0.2019 | val_acc=0.8800 val_roc_auc=0.9287 val_loss=0.2963 val_metric_name=roc_auc val_metric=0.9287
Step 1100 | loss 0.2000 | val_acc=0.8804 val_roc_auc=0.9285 val_loss=0.2994 val_metric_name=roc_auc val_metric=0.9285
Early stopping at step 1122

--- Final (best ckpt @ step 750) ---
  train_acc=0.9126 train_roc_auc=0.9573 train_loss=0.2066 train_metric_name=roc_auc train_metric=0.9573
  val_acc=0.8836 val_roc_auc=0.9333 val_loss=0.2701 val_metric_name=roc_auc val_metric=0.9333
  test_acc=0.8812 test_roc_auc=0.9334 test_loss=0.2728 test_metric_name=roc_auc test_metric=0.9334
  test_roc_auc=0.9334

============================================================
Training minesweeper GT 5L h=256 lr=6e-05 split=1
============================================================
Training for 5000 steps
Step    1 | loss 0.6199 | val_acc=0.8000 val_roc_auc=0.5221 val_loss=0.5240 val_metric_name=roc_auc val_metric=0.5221
Step   50 | loss 0.3563 | val_acc=0.8396 val_roc_auc=0.8818 val_loss=0.3307 val_metric_name=roc_auc val_metric=0.8818
Step  100 | loss 0.3113 | val_acc=0.8516 val_roc_auc=0.9041 val_loss=0.3009 val_metric_name=roc_auc val_metric=0.9041
Step  150 | loss 0.2956 | val_acc=0.8644 val_roc_auc=0.9106 val_loss=0.2911 val_metric_name=roc_auc val_metric=0.9106
Step  200 | loss 0.2879 | val_acc=0.8668 val_roc_auc=0.9158 val_loss=0.2840 val_metric_name=roc_auc val_metric=0.9158
Step  250 | loss 0.2704 | val_acc=0.8724 val_roc_auc=0.9220 val_loss=0.2762 val_metric_name=roc_auc val_metric=0.9220
Step  300 | loss 0.2613 | val_acc=0.8768 val_roc_auc=0.9272 val_loss=0.2719 val_metric_name=roc_auc val_metric=0.9272
Step  350 | loss 0.2454 | val_acc=0.8776 val_roc_auc=0.9318 val_loss=0.2653 val_metric_name=roc_auc val_metric=0.9318
Step  400 | loss 0.2335 | val_acc=0.8832 val_roc_auc=0.9323 val_loss=0.2658 val_metric_name=roc_auc val_metric=0.9323
Step  450 | loss 0.2262 | val_acc=0.8800 val_roc_auc=0.9308 val_loss=0.2739 val_metric_name=roc_auc val_metric=0.9308
Step  500 | loss 0.2176 | val_acc=0.8804 val_roc_auc=0.9315 val_loss=0.2813 val_metric_name=roc_auc val_metric=0.9315
Step  550 | loss 0.2064 | val_acc=0.8788 val_roc_auc=0.9293 val_loss=0.2904 val_metric_name=roc_auc val_metric=0.9293
Step  600 | loss 0.2007 | val_acc=0.8792 val_roc_auc=0.9271 val_loss=0.2981 val_metric_name=roc_auc val_metric=0.9271
Step  650 | loss 0.2001 | val_acc=0.8760 val_roc_auc=0.9242 val_loss=0.3171 val_metric_name=roc_auc val_metric=0.9242
Step  700 | loss 0.1893 | val_acc=0.8684 val_roc_auc=0.9220 val_loss=0.3289 val_metric_name=roc_auc val_metric=0.9220
Step  750 | loss 0.1764 | val_acc=0.8712 val_roc_auc=0.9201 val_loss=0.3415 val_metric_name=roc_auc val_metric=0.9201
Early stopping at step 760

--- Final (best ckpt @ step 460) ---
  train_acc=0.9142 train_roc_auc=0.9604 train_loss=0.1969 train_metric_name=roc_auc train_metric=0.9604
  val_acc=0.8828 val_roc_auc=0.9330 val_loss=0.2685 val_metric_name=roc_auc val_metric=0.9330
  test_acc=0.8832 test_roc_auc=0.9346 test_loss=0.2665 test_metric_name=roc_auc test_metric=0.9346
  test_roc_auc=0.9346

============================================================
Training minesweeper GT 5L h=256 lr=0.0001 split=1
============================================================
Training for 5000 steps
Step    1 | loss 0.6199 | val_acc=0.8000 val_roc_auc=0.5381 val_loss=0.6135 val_metric_name=roc_auc val_metric=0.5381
Step   50 | loss 0.3277 | val_acc=0.8468 val_roc_auc=0.8881 val_loss=0.3200 val_metric_name=roc_auc val_metric=0.8881
Step  100 | loss 0.2998 | val_acc=0.8616 val_roc_auc=0.9091 val_loss=0.2933 val_metric_name=roc_auc val_metric=0.9091
Step  150 | loss 0.2814 | val_acc=0.8696 val_roc_auc=0.9165 val_loss=0.2828 val_metric_name=roc_auc val_metric=0.9165
Step  200 | loss 0.2675 | val_acc=0.8680 val_roc_auc=0.9245 val_loss=0.2743 val_metric_name=roc_auc val_metric=0.9245
Step  250 | loss 0.2418 | val_acc=0.8796 val_roc_auc=0.9314 val_loss=0.2644 val_metric_name=roc_auc val_metric=0.9314
Step  300 | loss 0.2279 | val_acc=0.8828 val_roc_auc=0.9318 val_loss=0.2694 val_metric_name=roc_auc val_metric=0.9318
Step  350 | loss 0.2191 | val_acc=0.8820 val_roc_auc=0.9306 val_loss=0.2798 val_metric_name=roc_auc val_metric=0.9306
Step  400 | loss 0.2048 | val_acc=0.8780 val_roc_auc=0.9281 val_loss=0.2918 val_metric_name=roc_auc val_metric=0.9281
Step  450 | loss 0.1916 | val_acc=0.8744 val_roc_auc=0.9254 val_loss=0.3151 val_metric_name=roc_auc val_metric=0.9254
Step  500 | loss 0.1847 | val_acc=0.8732 val_roc_auc=0.9209 val_loss=0.3439 val_metric_name=roc_auc val_metric=0.9209
Step  550 | loss 0.1675 | val_acc=0.8700 val_roc_auc=0.9156 val_loss=0.3712 val_metric_name=roc_auc val_metric=0.9156
Step  600 | loss 0.1551 | val_acc=0.8664 val_roc_auc=0.9156 val_loss=0.3891 val_metric_name=roc_auc val_metric=0.9156
Early stopping at step 641

--- Final (best ckpt @ step 300) ---
  train_acc=0.9118 train_roc_auc=0.9582 train_loss=0.2032 train_metric_name=roc_auc train_metric=0.9582
  val_acc=0.8828 val_roc_auc=0.9318 val_loss=0.2694 val_metric_name=roc_auc val_metric=0.9318
  test_acc=0.8804 test_roc_auc=0.9327 test_loss=0.2698 test_metric_name=roc_auc test_metric=0.9327
  test_roc_auc=0.9327

============================================================
Training minesweeper GT 5L h=256 lr=1e-05 split=1
============================================================
Training for 5000 steps
Step    1 | loss 0.6199 | val_acc=0.8000 val_roc_auc=0.5013 val_loss=0.5380 val_metric_name=roc_auc val_metric=0.5013
Step   50 | loss 0.4716 | val_acc=0.8000 val_roc_auc=0.7949 val_loss=0.4654 val_metric_name=roc_auc val_metric=0.7949
Step  100 | loss 0.4210 | val_acc=0.8136 val_roc_auc=0.8244 val_loss=0.3972 val_metric_name=roc_auc val_metric=0.8244
Step  150 | loss 0.3849 | val_acc=0.8340 val_roc_auc=0.8621 val_loss=0.3628 val_metric_name=roc_auc val_metric=0.8621
Step  200 | loss 0.3568 | val_acc=0.8396 val_roc_auc=0.8854 val_loss=0.3261 val_metric_name=roc_auc val_metric=0.8854
Step  250 | loss 0.3365 | val_acc=0.8464 val_roc_auc=0.8955 val_loss=0.3135 val_metric_name=roc_auc val_metric=0.8955
Step  300 | loss 0.3283 | val_acc=0.8452 val_roc_auc=0.8984 val_loss=0.3124 val_metric_name=roc_auc val_metric=0.8984
Step  350 | loss 0.3197 | val_acc=0.8484 val_roc_auc=0.9008 val_loss=0.3089 val_metric_name=roc_auc val_metric=0.9008
Step  400 | loss 0.3110 | val_acc=0.8500 val_roc_auc=0.9037 val_loss=0.3046 val_metric_name=roc_auc val_metric=0.9037
Step  450 | loss 0.3110 | val_acc=0.8516 val_roc_auc=0.9060 val_loss=0.3017 val_metric_name=roc_auc val_metric=0.9060
Step  500 | loss 0.3027 | val_acc=0.8520 val_roc_auc=0.9074 val_loss=0.2990 val_metric_name=roc_auc val_metric=0.9074
Step  550 | loss 0.2990 | val_acc=0.8580 val_roc_auc=0.9090 val_loss=0.2957 val_metric_name=roc_auc val_metric=0.9090
Step  600 | loss 0.2989 | val_acc=0.8580 val_roc_auc=0.9103 val_loss=0.2932 val_metric_name=roc_auc val_metric=0.9103
Step  650 | loss 0.3016 | val_acc=0.8608 val_roc_auc=0.9112 val_loss=0.2923 val_metric_name=roc_auc val_metric=0.9112
Step  700 | loss 0.2965 | val_acc=0.8620 val_roc_auc=0.9124 val_loss=0.2895 val_metric_name=roc_auc val_metric=0.9124
Step  750 | loss 0.2873 | val_acc=0.8632 val_roc_auc=0.9137 val_loss=0.2873 val_metric_name=roc_auc val_metric=0.9137
Step  800 | loss 0.2909 | val_acc=0.8668 val_roc_auc=0.9150 val_loss=0.2862 val_metric_name=roc_auc val_metric=0.9150
Step  850 | loss 0.2858 | val_acc=0.8680 val_roc_auc=0.9168 val_loss=0.2832 val_metric_name=roc_auc val_metric=0.9168
Step  900 | loss 0.2819 | val_acc=0.8692 val_roc_auc=0.9186 val_loss=0.2810 val_metric_name=roc_auc val_metric=0.9186
Step  950 | loss 0.2792 | val_acc=0.8700 val_roc_auc=0.9198 val_loss=0.2792 val_metric_name=roc_auc val_metric=0.9198
Step 1000 | loss 0.2776 | val_acc=0.8736 val_roc_auc=0.9216 val_loss=0.2776 val_metric_name=roc_auc val_metric=0.9216
Step 1050 | loss 0.2749 | val_acc=0.8732 val_roc_auc=0.9229 val_loss=0.2765 val_metric_name=roc_auc val_metric=0.9229
Step 1100 | loss 0.2698 | val_acc=0.8728 val_roc_auc=0.9244 val_loss=0.2751 val_metric_name=roc_auc val_metric=0.9244
Step 1150 | loss 0.2694 | val_acc=0.8720 val_roc_auc=0.9253 val_loss=0.2747 val_metric_name=roc_auc val_metric=0.9253
Step 1200 | loss 0.2635 | val_acc=0.8748 val_roc_auc=0.9263 val_loss=0.2735 val_metric_name=roc_auc val_metric=0.9263
Step 1250 | loss 0.2608 | val_acc=0.8728 val_roc_auc=0.9274 val_loss=0.2730 val_metric_name=roc_auc val_metric=0.9274
Step 1300 | loss 0.2657 | val_acc=0.8724 val_roc_auc=0.9283 val_loss=0.2742 val_metric_name=roc_auc val_metric=0.9283
Step 1350 | loss 0.2564 | val_acc=0.8748 val_roc_auc=0.9301 val_loss=0.2714 val_metric_name=roc_auc val_metric=0.9301
Step 1400 | loss 0.2510 | val_acc=0.8724 val_roc_auc=0.9306 val_loss=0.2721 val_metric_name=roc_auc val_metric=0.9306
Step 1450 | loss 0.2470 | val_acc=0.8724 val_roc_auc=0.9314 val_loss=0.2705 val_metric_name=roc_auc val_metric=0.9314
Step 1500 | loss 0.2493 | val_acc=0.8740 val_roc_auc=0.9318 val_loss=0.2681 val_metric_name=roc_auc val_metric=0.9318
Step 1550 | loss 0.2429 | val_acc=0.8768 val_roc_auc=0.9327 val_loss=0.2677 val_metric_name=roc_auc val_metric=0.9327
Step 1600 | loss 0.2432 | val_acc=0.8796 val_roc_auc=0.9329 val_loss=0.2670 val_metric_name=roc_auc val_metric=0.9329
Step 1650 | loss 0.2370 | val_acc=0.8804 val_roc_auc=0.9320 val_loss=0.2682 val_metric_name=roc_auc val_metric=0.9320
Step 1700 | loss 0.2396 | val_acc=0.8812 val_roc_auc=0.9333 val_loss=0.2648 val_metric_name=roc_auc val_metric=0.9333
Step 1750 | loss 0.2354 | val_acc=0.8836 val_roc_auc=0.9330 val_loss=0.2651 val_metric_name=roc_auc val_metric=0.9330
Step 1800 | loss 0.2348 | val_acc=0.8824 val_roc_auc=0.9326 val_loss=0.2679 val_metric_name=roc_auc val_metric=0.9326
Step 1850 | loss 0.2308 | val_acc=0.8820 val_roc_auc=0.9330 val_loss=0.2670 val_metric_name=roc_auc val_metric=0.9330
Step 1900 | loss 0.2293 | val_acc=0.8848 val_roc_auc=0.9331 val_loss=0.2677 val_metric_name=roc_auc val_metric=0.9331
Step 1950 | loss 0.2245 | val_acc=0.8836 val_roc_auc=0.9330 val_loss=0.2679 val_metric_name=roc_auc val_metric=0.9330
Step 2000 | loss 0.2249 | val_acc=0.8836 val_roc_auc=0.9336 val_loss=0.2670 val_metric_name=roc_auc val_metric=0.9336
Step 2050 | loss 0.2221 | val_acc=0.8844 val_roc_auc=0.9333 val_loss=0.2694 val_metric_name=roc_auc val_metric=0.9333
Step 2100 | loss 0.2209 | val_acc=0.8856 val_roc_auc=0.9332 val_loss=0.2706 val_metric_name=roc_auc val_metric=0.9332
Step 2150 | loss 0.2208 | val_acc=0.8856 val_roc_auc=0.9336 val_loss=0.2703 val_metric_name=roc_auc val_metric=0.9336
Step 2200 | loss 0.2147 | val_acc=0.8840 val_roc_auc=0.9335 val_loss=0.2720 val_metric_name=roc_auc val_metric=0.9335
Step 2250 | loss 0.2195 | val_acc=0.8820 val_roc_auc=0.9330 val_loss=0.2727 val_metric_name=roc_auc val_metric=0.9330
Step 2300 | loss 0.2124 | val_acc=0.8836 val_roc_auc=0.9327 val_loss=0.2781 val_metric_name=roc_auc val_metric=0.9327
Early stopping at step 2346

--- Final (best ckpt @ step 2030) ---
  train_acc=0.9116 train_roc_auc=0.9576 train_loss=0.2043 train_metric_name=roc_auc train_metric=0.9576
  val_acc=0.8856 val_roc_auc=0.9339 val_loss=0.2667 val_metric_name=roc_auc val_metric=0.9339
  test_acc=0.8820 test_roc_auc=0.9345 test_loss=0.2678 test_metric_name=roc_auc test_metric=0.9345
  test_roc_auc=0.9345

============================================================
Training minesweeper GT 5L h=384 lr=3e-05 split=1
============================================================
Training for 5000 steps
Step    1 | loss 0.6429 | val_acc=0.8000 val_roc_auc=0.6062 val_loss=0.4999 val_metric_name=roc_auc val_metric=0.6062
Step   50 | loss 0.3708 | val_acc=0.8332 val_roc_auc=0.8676 val_loss=0.3560 val_metric_name=roc_auc val_metric=0.8676
Step  100 | loss 0.3150 | val_acc=0.8476 val_roc_auc=0.8972 val_loss=0.3162 val_metric_name=roc_auc val_metric=0.8972
Step  150 | loss 0.3010 | val_acc=0.8552 val_roc_auc=0.9067 val_loss=0.3062 val_metric_name=roc_auc val_metric=0.9067
Step  200 | loss 0.2939 | val_acc=0.8596 val_roc_auc=0.9096 val_loss=0.3002 val_metric_name=roc_auc val_metric=0.9096
Step  250 | loss 0.2852 | val_acc=0.8664 val_roc_auc=0.9133 val_loss=0.2952 val_metric_name=roc_auc val_metric=0.9133
Step  300 | loss 0.2761 | val_acc=0.8668 val_roc_auc=0.9167 val_loss=0.2874 val_metric_name=roc_auc val_metric=0.9167
Step  350 | loss 0.2662 | val_acc=0.8720 val_roc_auc=0.9204 val_loss=0.2809 val_metric_name=roc_auc val_metric=0.9204
Step  400 | loss 0.2621 | val_acc=0.8764 val_roc_auc=0.9222 val_loss=0.2824 val_metric_name=roc_auc val_metric=0.9222
Step  450 | loss 0.2520 | val_acc=0.8780 val_roc_auc=0.9231 val_loss=0.2839 val_metric_name=roc_auc val_metric=0.9231
Step  500 | loss 0.2399 | val_acc=0.8844 val_roc_auc=0.9261 val_loss=0.2851 val_metric_name=roc_auc val_metric=0.9261
Step  550 | loss 0.2305 | val_acc=0.8800 val_roc_auc=0.9290 val_loss=0.2887 val_metric_name=roc_auc val_metric=0.9290
Step  600 | loss 0.2231 | val_acc=0.8764 val_roc_auc=0.9294 val_loss=0.2933 val_metric_name=roc_auc val_metric=0.9294
Step  650 | loss 0.2159 | val_acc=0.8796 val_roc_auc=0.9283 val_loss=0.3013 val_metric_name=roc_auc val_metric=0.9283
Step  700 | loss 0.2005 | val_acc=0.8760 val_roc_auc=0.9268 val_loss=0.3118 val_metric_name=roc_auc val_metric=0.9268
Step  750 | loss 0.1911 | val_acc=0.8748 val_roc_auc=0.9225 val_loss=0.3252 val_metric_name=roc_auc val_metric=0.9225
Step  800 | loss 0.1916 | val_acc=0.8704 val_roc_auc=0.9218 val_loss=0.3342 val_metric_name=roc_auc val_metric=0.9218
Step  850 | loss 0.1835 | val_acc=0.8704 val_roc_auc=0.9201 val_loss=0.3479 val_metric_name=roc_auc val_metric=0.9201
Early stopping at step 874

--- Final (best ckpt @ step 570) ---
  train_acc=0.9114 train_roc_auc=0.9582 train_loss=0.2100 train_metric_name=roc_auc train_metric=0.9582
  val_acc=0.8812 val_roc_auc=0.9307 val_loss=0.2853 val_metric_name=roc_auc val_metric=0.9307
  test_acc=0.8788 test_roc_auc=0.9303 test_loss=0.2848 test_metric_name=roc_auc test_metric=0.9303
  test_roc_auc=0.9303

============================================================
Training minesweeper GT 5L h=384 lr=6e-05 split=1
============================================================
Training for 5000 steps
Step    1 | loss 0.6429 | val_acc=0.8000 val_roc_auc=0.6331 val_loss=0.6210 val_metric_name=roc_auc val_metric=0.6331
Step   50 | loss 0.3328 | val_acc=0.8448 val_roc_auc=0.8892 val_loss=0.3178 val_metric_name=roc_auc val_metric=0.8892
Step  100 | loss 0.2989 | val_acc=0.8564 val_roc_auc=0.9061 val_loss=0.3054 val_metric_name=roc_auc val_metric=0.9061
Step  150 | loss 0.2836 | val_acc=0.8636 val_roc_auc=0.9112 val_loss=0.2983 val_metric_name=roc_auc val_metric=0.9112
Step  200 | loss 0.2690 | val_acc=0.8688 val_roc_auc=0.9180 val_loss=0.2847 val_metric_name=roc_auc val_metric=0.9180
Step  250 | loss 0.2607 | val_acc=0.8768 val_roc_auc=0.9211 val_loss=0.2812 val_metric_name=roc_auc val_metric=0.9211
Step  300 | loss 0.2420 | val_acc=0.8784 val_roc_auc=0.9239 val_loss=0.2881 val_metric_name=roc_auc val_metric=0.9239
Step  350 | loss 0.2267 | val_acc=0.8816 val_roc_auc=0.9273 val_loss=0.2926 val_metric_name=roc_auc val_metric=0.9273
Step  400 | loss 0.2150 | val_acc=0.8804 val_roc_auc=0.9277 val_loss=0.2975 val_metric_name=roc_auc val_metric=0.9277
Step  450 | loss 0.1996 | val_acc=0.8756 val_roc_auc=0.9230 val_loss=0.3235 val_metric_name=roc_auc val_metric=0.9230
Step  500 | loss 0.1799 | val_acc=0.8732 val_roc_auc=0.9199 val_loss=0.3471 val_metric_name=roc_auc val_metric=0.9199
Step  550 | loss 0.1742 | val_acc=0.8668 val_roc_auc=0.9166 val_loss=0.3711 val_metric_name=roc_auc val_metric=0.9166
Step  600 | loss 0.1550 | val_acc=0.8680 val_roc_auc=0.9126 val_loss=0.4066 val_metric_name=roc_auc val_metric=0.9126
Step  650 | loss 0.1442 | val_acc=0.8628 val_roc_auc=0.9098 val_loss=0.4257 val_metric_name=roc_auc val_metric=0.9098
Early stopping at step 696

--- Final (best ckpt @ step 360) ---
  train_acc=0.9160 train_roc_auc=0.9610 train_loss=0.1994 train_metric_name=roc_auc train_metric=0.9610
  val_acc=0.8828 val_roc_auc=0.9300 val_loss=0.2900 val_metric_name=roc_auc val_metric=0.9300
  test_acc=0.8772 test_roc_auc=0.9270 test_loss=0.2949 test_metric_name=roc_auc test_metric=0.9270
  test_roc_auc=0.9270

============================================================
Training minesweeper GT 5L h=384 lr=0.0001 split=1
============================================================
Training for 5000 steps
Step    1 | loss 0.6429 | val_acc=0.8000 val_roc_auc=0.6321 val_loss=0.8315 val_metric_name=roc_auc val_metric=0.6321
Step   50 | loss 0.3240 | val_acc=0.8468 val_roc_auc=0.8922 val_loss=0.3175 val_metric_name=roc_auc val_metric=0.8922
Step  100 | loss 0.2899 | val_acc=0.8608 val_roc_auc=0.9086 val_loss=0.2998 val_metric_name=roc_auc val_metric=0.9086
Step  150 | loss 0.2702 | val_acc=0.8672 val_roc_auc=0.9168 val_loss=0.2867 val_metric_name=roc_auc val_metric=0.9168
Step  200 | loss 0.2502 | val_acc=0.8712 val_roc_auc=0.9193 val_loss=0.2868 val_metric_name=roc_auc val_metric=0.9193
Step  250 | loss 0.2320 | val_acc=0.8788 val_roc_auc=0.9269 val_loss=0.2944 val_metric_name=roc_auc val_metric=0.9269
Step  300 | loss 0.2095 | val_acc=0.8768 val_roc_auc=0.9249 val_loss=0.3171 val_metric_name=roc_auc val_metric=0.9249
Step  350 | loss 0.1899 | val_acc=0.8700 val_roc_auc=0.9191 val_loss=0.3357 val_metric_name=roc_auc val_metric=0.9191
Step  400 | loss 0.1757 | val_acc=0.8688 val_roc_auc=0.9149 val_loss=0.3797 val_metric_name=roc_auc val_metric=0.9149
Step  450 | loss 0.1530 | val_acc=0.8628 val_roc_auc=0.9106 val_loss=0.4214 val_metric_name=roc_auc val_metric=0.9106
Step  500 | loss 0.1248 | val_acc=0.8552 val_roc_auc=0.9063 val_loss=0.4581 val_metric_name=roc_auc val_metric=0.9063
Step  550 | loss 0.1169 | val_acc=0.8592 val_roc_auc=0.9058 val_loss=0.4934 val_metric_name=roc_auc val_metric=0.9058
Early stopping at step 594

--- Final (best ckpt @ step 270) ---
  train_acc=0.9174 train_roc_auc=0.9617 train_loss=0.1972 train_metric_name=roc_auc train_metric=0.9617
  val_acc=0.8816 val_roc_auc=0.9271 val_loss=0.2987 val_metric_name=roc_auc val_metric=0.9271
  test_acc=0.8732 test_roc_auc=0.9245 test_loss=0.3042 test_metric_name=roc_auc test_metric=0.9245
  test_roc_auc=0.9245

============================================================
Training minesweeper GT 5L h=384 lr=1e-05 split=1
============================================================
Training for 5000 steps
Step    1 | loss 0.6429 | val_acc=0.8000 val_roc_auc=0.5800 val_loss=0.5196 val_metric_name=roc_auc val_metric=0.5800
Step   50 | loss 0.4394 | val_acc=0.7984 val_roc_auc=0.8052 val_loss=0.4248 val_metric_name=roc_auc val_metric=0.8052
Step  100 | loss 0.3790 | val_acc=0.8324 val_roc_auc=0.8573 val_loss=0.3751 val_metric_name=roc_auc val_metric=0.8573
Step  150 | loss 0.3437 | val_acc=0.8408 val_roc_auc=0.8863 val_loss=0.3228 val_metric_name=roc_auc val_metric=0.8863
Step  200 | loss 0.3264 | val_acc=0.8480 val_roc_auc=0.8959 val_loss=0.3148 val_metric_name=roc_auc val_metric=0.8959
Step  250 | loss 0.3151 | val_acc=0.8508 val_roc_auc=0.9017 val_loss=0.3114 val_metric_name=roc_auc val_metric=0.9017
Step  300 | loss 0.3092 | val_acc=0.8520 val_roc_auc=0.9049 val_loss=0.3074 val_metric_name=roc_auc val_metric=0.9049
Step  350 | loss 0.3037 | val_acc=0.8580 val_roc_auc=0.9070 val_loss=0.3038 val_metric_name=roc_auc val_metric=0.9070
Step  400 | loss 0.2991 | val_acc=0.8604 val_roc_auc=0.9077 val_loss=0.3034 val_metric_name=roc_auc val_metric=0.9077
Step  450 | loss 0.2957 | val_acc=0.8604 val_roc_auc=0.9091 val_loss=0.3027 val_metric_name=roc_auc val_metric=0.9091
Step  500 | loss 0.2919 | val_acc=0.8632 val_roc_auc=0.9105 val_loss=0.2975 val_metric_name=roc_auc val_metric=0.9105
Step  550 | loss 0.2858 | val_acc=0.8664 val_roc_auc=0.9117 val_loss=0.2956 val_metric_name=roc_auc val_metric=0.9117
Step  600 | loss 0.2825 | val_acc=0.8676 val_roc_auc=0.9137 val_loss=0.2943 val_metric_name=roc_auc val_metric=0.9137
Step  650 | loss 0.2846 | val_acc=0.8652 val_roc_auc=0.9150 val_loss=0.2915 val_metric_name=roc_auc val_metric=0.9150
Step  700 | loss 0.2754 | val_acc=0.8672 val_roc_auc=0.9172 val_loss=0.2878 val_metric_name=roc_auc val_metric=0.9172
Step  750 | loss 0.2741 | val_acc=0.8712 val_roc_auc=0.9189 val_loss=0.2839 val_metric_name=roc_auc val_metric=0.9189
Step  800 | loss 0.2669 | val_acc=0.8724 val_roc_auc=0.9202 val_loss=0.2809 val_metric_name=roc_auc val_metric=0.9202
Step  850 | loss 0.2677 | val_acc=0.8740 val_roc_auc=0.9209 val_loss=0.2804 val_metric_name=roc_auc val_metric=0.9209
Step  900 | loss 0.2647 | val_acc=0.8768 val_roc_auc=0.9218 val_loss=0.2794 val_metric_name=roc_auc val_metric=0.9218
Step  950 | loss 0.2603 | val_acc=0.8808 val_roc_auc=0.9226 val_loss=0.2785 val_metric_name=roc_auc val_metric=0.9226
Step 1000 | loss 0.2593 | val_acc=0.8780 val_roc_auc=0.9229 val_loss=0.2805 val_metric_name=roc_auc val_metric=0.9229
Step 1050 | loss 0.2554 | val_acc=0.8824 val_roc_auc=0.9242 val_loss=0.2782 val_metric_name=roc_auc val_metric=0.9242
Step 1100 | loss 0.2501 | val_acc=0.8836 val_roc_auc=0.9246 val_loss=0.2796 val_metric_name=roc_auc val_metric=0.9246
Step 1150 | loss 0.2442 | val_acc=0.8864 val_roc_auc=0.9265 val_loss=0.2784 val_metric_name=roc_auc val_metric=0.9265
Step 1200 | loss 0.2435 | val_acc=0.8864 val_roc_auc=0.9279 val_loss=0.2804 val_metric_name=roc_auc val_metric=0.9279
Step 1250 | loss 0.2372 | val_acc=0.8856 val_roc_auc=0.9298 val_loss=0.2758 val_metric_name=roc_auc val_metric=0.9298
Step 1300 | loss 0.2365 | val_acc=0.8844 val_roc_auc=0.9302 val_loss=0.2806 val_metric_name=roc_auc val_metric=0.9302
Step 1350 | loss 0.2307 | val_acc=0.8840 val_roc_auc=0.9311 val_loss=0.2819 val_metric_name=roc_auc val_metric=0.9311
Step 1400 | loss 0.2254 | val_acc=0.8828 val_roc_auc=0.9311 val_loss=0.2837 val_metric_name=roc_auc val_metric=0.9311
Step 1450 | loss 0.2221 | val_acc=0.8764 val_roc_auc=0.9312 val_loss=0.2875 val_metric_name=roc_auc val_metric=0.9312
Step 1500 | loss 0.2179 | val_acc=0.8800 val_roc_auc=0.9309 val_loss=0.2879 val_metric_name=roc_auc val_metric=0.9309
Step 1550 | loss 0.2157 | val_acc=0.8796 val_roc_auc=0.9305 val_loss=0.2919 val_metric_name=roc_auc val_metric=0.9305
Step 1600 | loss 0.2137 | val_acc=0.8808 val_roc_auc=0.9291 val_loss=0.2937 val_metric_name=roc_auc val_metric=0.9291
Step 1650 | loss 0.2125 | val_acc=0.8784 val_roc_auc=0.9283 val_loss=0.2996 val_metric_name=roc_auc val_metric=0.9283
Early stopping at step 1672

--- Final (best ckpt @ step 1370) ---
  train_acc=0.9124 train_roc_auc=0.9575 train_loss=0.2087 train_metric_name=roc_auc train_metric=0.9575
  val_acc=0.8836 val_roc_auc=0.9317 val_loss=0.2775 val_metric_name=roc_auc val_metric=0.9317
  test_acc=0.8848 test_roc_auc=0.9327 test_loss=0.2726 test_metric_name=roc_auc test_metric=0.9327
  test_roc_auc=0.9327

============================================================
Training minesweeper GT 5L h=512 lr=3e-05 split=1
============================================================
Training for 5000 steps
Step    1 | loss 0.7849 | val_acc=0.8000 val_roc_auc=0.5281 val_loss=0.5074 val_metric_name=roc_auc val_metric=0.5281
Step   50 | loss 0.3553 | val_acc=0.8384 val_roc_auc=0.8792 val_loss=0.3480 val_metric_name=roc_auc val_metric=0.8792
Step  100 | loss 0.3139 | val_acc=0.8460 val_roc_auc=0.9026 val_loss=0.3100 val_metric_name=roc_auc val_metric=0.9026
Step  150 | loss 0.2960 | val_acc=0.8600 val_roc_auc=0.9069 val_loss=0.3044 val_metric_name=roc_auc val_metric=0.9069
Step  200 | loss 0.2854 | val_acc=0.8608 val_roc_auc=0.9086 val_loss=0.3049 val_metric_name=roc_auc val_metric=0.9086
Step  250 | loss 0.2784 | val_acc=0.8616 val_roc_auc=0.9129 val_loss=0.2969 val_metric_name=roc_auc val_metric=0.9129
Step  300 | loss 0.2707 | val_acc=0.8672 val_roc_auc=0.9163 val_loss=0.2931 val_metric_name=roc_auc val_metric=0.9163
Step  350 | loss 0.2591 | val_acc=0.8680 val_roc_auc=0.9186 val_loss=0.2944 val_metric_name=roc_auc val_metric=0.9186
Step  400 | loss 0.2468 | val_acc=0.8732 val_roc_auc=0.9201 val_loss=0.2942 val_metric_name=roc_auc val_metric=0.9201
Step  450 | loss 0.2356 | val_acc=0.8736 val_roc_auc=0.9222 val_loss=0.3095 val_metric_name=roc_auc val_metric=0.9222
Step  500 | loss 0.2265 | val_acc=0.8788 val_roc_auc=0.9264 val_loss=0.2991 val_metric_name=roc_auc val_metric=0.9264
Step  550 | loss 0.2063 | val_acc=0.8764 val_roc_auc=0.9249 val_loss=0.3024 val_metric_name=roc_auc val_metric=0.9249
Step  600 | loss 0.2077 | val_acc=0.8740 val_roc_auc=0.9229 val_loss=0.3274 val_metric_name=roc_auc val_metric=0.9229
Step  650 | loss 0.1865 | val_acc=0.8716 val_roc_auc=0.9198 val_loss=0.3430 val_metric_name=roc_auc val_metric=0.9198
Step  700 | loss 0.1777 | val_acc=0.8680 val_roc_auc=0.9185 val_loss=0.3650 val_metric_name=roc_auc val_metric=0.9185
Step  750 | loss 0.1724 | val_acc=0.8676 val_roc_auc=0.9146 val_loss=0.3819 val_metric_name=roc_auc val_metric=0.9146
Step  800 | loss 0.1623 | val_acc=0.8608 val_roc_auc=0.9120 val_loss=0.4114 val_metric_name=roc_auc val_metric=0.9120
Step  850 | loss 0.1440 | val_acc=0.8636 val_roc_auc=0.9090 val_loss=0.4376 val_metric_name=roc_auc val_metric=0.9090
Early stopping at step 856

--- Final (best ckpt @ step 490) ---
  train_acc=0.9056 train_roc_auc=0.9560 train_loss=0.2215 train_metric_name=roc_auc train_metric=0.9560
  val_acc=0.8792 val_roc_auc=0.9269 val_loss=0.2960 val_metric_name=roc_auc val_metric=0.9269
  test_acc=0.8756 test_roc_auc=0.9220 test_loss=0.3088 test_metric_name=roc_auc test_metric=0.9220
  test_roc_auc=0.9220

============================================================
Training minesweeper GT 5L h=512 lr=6e-05 split=1
============================================================
Training for 5000 steps
Step    1 | loss 0.7849 | val_acc=0.8000 val_roc_auc=0.5490 val_loss=0.7181 val_metric_name=roc_auc val_metric=0.5490
Step   50 | loss 0.3231 | val_acc=0.8460 val_roc_auc=0.8846 val_loss=0.3285 val_metric_name=roc_auc val_metric=0.8846
Step  100 | loss 0.2971 | val_acc=0.8572 val_roc_auc=0.9065 val_loss=0.3045 val_metric_name=roc_auc val_metric=0.9065
Step  150 | loss 0.2785 | val_acc=0.8588 val_roc_auc=0.9097 val_loss=0.3017 val_metric_name=roc_auc val_metric=0.9097
Step  200 | loss 0.2659 | val_acc=0.8660 val_roc_auc=0.9152 val_loss=0.2943 val_metric_name=roc_auc val_metric=0.9152
Step  250 | loss 0.2539 | val_acc=0.8716 val_roc_auc=0.9190 val_loss=0.2898 val_metric_name=roc_auc val_metric=0.9190
Step  300 | loss 0.2341 | val_acc=0.8764 val_roc_auc=0.9219 val_loss=0.3003 val_metric_name=roc_auc val_metric=0.9219
Step  350 | loss 0.2107 | val_acc=0.8776 val_roc_auc=0.9256 val_loss=0.3118 val_metric_name=roc_auc val_metric=0.9256
Step  400 | loss 0.1895 | val_acc=0.8704 val_roc_auc=0.9213 val_loss=0.3378 val_metric_name=roc_auc val_metric=0.9213
Step  450 | loss 0.1699 | val_acc=0.8644 val_roc_auc=0.9153 val_loss=0.3736 val_metric_name=roc_auc val_metric=0.9153
Step  500 | loss 0.1540 | val_acc=0.8624 val_roc_auc=0.9113 val_loss=0.4133 val_metric_name=roc_auc val_metric=0.9113
Step  550 | loss 0.1281 | val_acc=0.8540 val_roc_auc=0.9086 val_loss=0.4543 val_metric_name=roc_auc val_metric=0.9086
Step  600 | loss 0.1188 | val_acc=0.8500 val_roc_auc=0.9057 val_loss=0.5051 val_metric_name=roc_auc val_metric=0.9057
Step  650 | loss 0.1006 | val_acc=0.8520 val_roc_auc=0.9044 val_loss=0.5359 val_metric_name=roc_auc val_metric=0.9044
Early stopping at step 650

--- Final (best ckpt @ step 350) ---
  train_acc=0.9214 train_roc_auc=0.9654 train_loss=0.1885 train_metric_name=roc_auc train_metric=0.9654
  val_acc=0.8776 val_roc_auc=0.9256 val_loss=0.3118 val_metric_name=roc_auc val_metric=0.9256
  test_acc=0.8720 test_roc_auc=0.9205 test_loss=0.3203 test_metric_name=roc_auc test_metric=0.9205
  test_roc_auc=0.9205

============================================================
Training minesweeper GT 5L h=512 lr=0.0001 split=1
============================================================
Training for 5000 steps
Step    1 | loss 0.7849 | val_acc=0.8000 val_roc_auc=0.5643 val_loss=1.0370 val_metric_name=roc_auc val_metric=0.5643
Step   50 | loss 0.3197 | val_acc=0.8480 val_roc_auc=0.8881 val_loss=0.3232 val_metric_name=roc_auc val_metric=0.8881
Step  100 | loss 0.2884 | val_acc=0.8592 val_roc_auc=0.9070 val_loss=0.3008 val_metric_name=roc_auc val_metric=0.9070
Step  150 | loss 0.2677 | val_acc=0.8620 val_roc_auc=0.9125 val_loss=0.2978 val_metric_name=roc_auc val_metric=0.9125
Step  200 | loss 0.2492 | val_acc=0.8692 val_roc_auc=0.9156 val_loss=0.2946 val_metric_name=roc_auc val_metric=0.9156
Step  250 | loss 0.2280 | val_acc=0.8728 val_roc_auc=0.9167 val_loss=0.3151 val_metric_name=roc_auc val_metric=0.9167
Step  300 | loss 0.1977 | val_acc=0.8692 val_roc_auc=0.9189 val_loss=0.3404 val_metric_name=roc_auc val_metric=0.9189
Step  350 | loss 0.1720 | val_acc=0.8616 val_roc_auc=0.9099 val_loss=0.4081 val_metric_name=roc_auc val_metric=0.9099
Step  400 | loss 0.1362 | val_acc=0.8584 val_roc_auc=0.9055 val_loss=0.4532 val_metric_name=roc_auc val_metric=0.9055
Step  450 | loss 0.1149 | val_acc=0.8600 val_roc_auc=0.9016 val_loss=0.5023 val_metric_name=roc_auc val_metric=0.9016
Step  500 | loss 0.1021 | val_acc=0.8520 val_roc_auc=0.8986 val_loss=0.5636 val_metric_name=roc_auc val_metric=0.8986
Step  550 | loss 0.0729 | val_acc=0.8468 val_roc_auc=0.8978 val_loss=0.6287 val_metric_name=roc_auc val_metric=0.8978
Early stopping at step 560

--- Final (best ckpt @ step 260) ---
  train_acc=0.9208 train_roc_auc=0.9642 train_loss=0.1871 train_metric_name=roc_auc train_metric=0.9642
  val_acc=0.8776 val_roc_auc=0.9217 val_loss=0.3098 val_metric_name=roc_auc val_metric=0.9217
  test_acc=0.8708 test_roc_auc=0.9160 test_loss=0.3280 test_metric_name=roc_auc test_metric=0.9160
  test_roc_auc=0.9160

============================================================
Training minesweeper GT 5L h=512 lr=1e-05 split=1
============================================================
Training for 5000 steps
Step    1 | loss 0.7849 | val_acc=0.7680 val_roc_auc=0.4996 val_loss=0.6111 val_metric_name=roc_auc val_metric=0.4996
Step   50 | loss 0.4322 | val_acc=0.8036 val_roc_auc=0.8135 val_loss=0.4139 val_metric_name=roc_auc val_metric=0.8135
Step  100 | loss 0.3692 | val_acc=0.8384 val_roc_auc=0.8733 val_loss=0.3587 val_metric_name=roc_auc val_metric=0.8733
Step  150 | loss 0.3297 | val_acc=0.8432 val_roc_auc=0.8957 val_loss=0.3230 val_metric_name=roc_auc val_metric=0.8957
Step  200 | loss 0.3129 | val_acc=0.8488 val_roc_auc=0.9005 val_loss=0.3184 val_metric_name=roc_auc val_metric=0.9005
Step  250 | loss 0.3069 | val_acc=0.8448 val_roc_auc=0.9038 val_loss=0.3131 val_metric_name=roc_auc val_metric=0.9038
Step  300 | loss 0.3034 | val_acc=0.8528 val_roc_auc=0.9055 val_loss=0.3085 val_metric_name=roc_auc val_metric=0.9055
Step  350 | loss 0.2970 | val_acc=0.8588 val_roc_auc=0.9073 val_loss=0.3058 val_metric_name=roc_auc val_metric=0.9073
Step  400 | loss 0.2906 | val_acc=0.8600 val_roc_auc=0.9086 val_loss=0.3028 val_metric_name=roc_auc val_metric=0.9086
Step  450 | loss 0.2888 | val_acc=0.8596 val_roc_auc=0.9099 val_loss=0.3002 val_metric_name=roc_auc val_metric=0.9099
Step  500 | loss 0.2881 | val_acc=0.8588 val_roc_auc=0.9106 val_loss=0.3010 val_metric_name=roc_auc val_metric=0.9106
Step  550 | loss 0.2809 | val_acc=0.8612 val_roc_auc=0.9126 val_loss=0.2975 val_metric_name=roc_auc val_metric=0.9126
Step  600 | loss 0.2771 | val_acc=0.8620 val_roc_auc=0.9141 val_loss=0.2960 val_metric_name=roc_auc val_metric=0.9141
Step  650 | loss 0.2667 | val_acc=0.8652 val_roc_auc=0.9163 val_loss=0.2934 val_metric_name=roc_auc val_metric=0.9163
Step  700 | loss 0.2676 | val_acc=0.8668 val_roc_auc=0.9175 val_loss=0.2931 val_metric_name=roc_auc val_metric=0.9175
Step  750 | loss 0.2656 | val_acc=0.8652 val_roc_auc=0.9189 val_loss=0.2919 val_metric_name=roc_auc val_metric=0.9189
Step  800 | loss 0.2636 | val_acc=0.8688 val_roc_auc=0.9199 val_loss=0.2934 val_metric_name=roc_auc val_metric=0.9199
Step  850 | loss 0.2563 | val_acc=0.8712 val_roc_auc=0.9207 val_loss=0.2933 val_metric_name=roc_auc val_metric=0.9207
Step  900 | loss 0.2517 | val_acc=0.8712 val_roc_auc=0.9205 val_loss=0.2984 val_metric_name=roc_auc val_metric=0.9205
Step  950 | loss 0.2438 | val_acc=0.8732 val_roc_auc=0.9218 val_loss=0.3056 val_metric_name=roc_auc val_metric=0.9218
Step 1000 | loss 0.2412 | val_acc=0.8756 val_roc_auc=0.9229 val_loss=0.3061 val_metric_name=roc_auc val_metric=0.9229
Step 1050 | loss 0.2339 | val_acc=0.8772 val_roc_auc=0.9234 val_loss=0.3037 val_metric_name=roc_auc val_metric=0.9234
Step 1100 | loss 0.2221 | val_acc=0.8788 val_roc_auc=0.9256 val_loss=0.3051 val_metric_name=roc_auc val_metric=0.9256
Step 1150 | loss 0.2252 | val_acc=0.8764 val_roc_auc=0.9256 val_loss=0.3029 val_metric_name=roc_auc val_metric=0.9256
Step 1200 | loss 0.2199 | val_acc=0.8808 val_roc_auc=0.9275 val_loss=0.2995 val_metric_name=roc_auc val_metric=0.9275
Step 1250 | loss 0.2179 | val_acc=0.8772 val_roc_auc=0.9253 val_loss=0.3090 val_metric_name=roc_auc val_metric=0.9253
Step 1300 | loss 0.2088 | val_acc=0.8772 val_roc_auc=0.9265 val_loss=0.3070 val_metric_name=roc_auc val_metric=0.9265
Step 1350 | loss 0.2047 | val_acc=0.8776 val_roc_auc=0.9243 val_loss=0.3111 val_metric_name=roc_auc val_metric=0.9243
Step 1400 | loss 0.2067 | val_acc=0.8744 val_roc_auc=0.9248 val_loss=0.3151 val_metric_name=roc_auc val_metric=0.9248
Step 1450 | loss 0.2036 | val_acc=0.8760 val_roc_auc=0.9233 val_loss=0.3226 val_metric_name=roc_auc val_metric=0.9233
Step 1500 | loss 0.1978 | val_acc=0.8760 val_roc_auc=0.9246 val_loss=0.3251 val_metric_name=roc_auc val_metric=0.9246
Early stopping at step 1500

--- Final (best ckpt @ step 1200) ---
  train_acc=0.9106 train_roc_auc=0.9583 train_loss=0.2143 train_metric_name=roc_auc train_metric=0.9583
  val_acc=0.8808 val_roc_auc=0.9275 val_loss=0.2995 val_metric_name=roc_auc val_metric=0.9275
  test_acc=0.8788 test_roc_auc=0.9251 test_loss=0.3104 test_metric_name=roc_auc test_metric=0.9251
  test_roc_auc=0.9251
  >> num_layers=5 hidden_dim=256 lr=3e-05 best_step=750 val_roc_auc=0.9333 test_roc_auc=0.9334
     val_acc=0.8836 val_loss=0.2701 val_metric=0.9333 val_metric_name=roc_auc val_roc_auc=0.9333
     test_acc=0.8812 test_loss=0.2728 test_metric=0.9334 test_metric_name=roc_auc test_roc_auc=0.9334
  >> num_layers=5 hidden_dim=256 lr=6e-05 best_step=460 val_roc_auc=0.9330 test_roc_auc=0.9346
     val_acc=0.8828 val_loss=0.2685 val_metric=0.9330 val_metric_name=roc_auc val_roc_auc=0.9330
     test_acc=0.8832 test_loss=0.2665 test_metric=0.9346 test_metric_name=roc_auc test_roc_auc=0.9346
  >> num_layers=5 hidden_dim=256 lr=0.0001 best_step=300 val_roc_auc=0.9318 test_roc_auc=0.9327
     val_acc=0.8828 val_loss=0.2694 val_metric=0.9318 val_metric_name=roc_auc val_roc_auc=0.9318
     test_acc=0.8804 test_loss=0.2698 test_metric=0.9327 test_metric_name=roc_auc test_roc_auc=0.9327
  >> num_layers=5 hidden_dim=256 lr=1e-05 best_step=2030 val_roc_auc=0.9339 test_roc_auc=0.9345
     val_acc=0.8856 val_loss=0.2667 val_metric=0.9339 val_metric_name=roc_auc val_roc_auc=0.9339
     test_acc=0.8820 test_loss=0.2678 test_metric=0.9345 test_metric_name=roc_auc test_roc_auc=0.9345
  >> num_layers=5 hidden_dim=384 lr=3e-05 best_step=570 val_roc_auc=0.9307 test_roc_auc=0.9303
     val_acc=0.8812 val_loss=0.2853 val_metric=0.9307 val_metric_name=roc_auc val_roc_auc=0.9307
     test_acc=0.8788 test_loss=0.2848 test_metric=0.9303 test_metric_name=roc_auc test_roc_auc=0.9303
  >> num_layers=5 hidden_dim=384 lr=6e-05 best_step=360 val_roc_auc=0.9300 test_roc_auc=0.9270
     val_acc=0.8828 val_loss=0.2900 val_metric=0.9300 val_metric_name=roc_auc val_roc_auc=0.9300
     test_acc=0.8772 test_loss=0.2949 test_metric=0.9270 test_metric_name=roc_auc test_roc_auc=0.9270
  >> num_layers=5 hidden_dim=384 lr=0.0001 best_step=270 val_roc_auc=0.9271 test_roc_auc=0.9245
     val_acc=0.8816 val_loss=0.2987 val_metric=0.9271 val_metric_name=roc_auc val_roc_auc=0.9271
     test_acc=0.8732 test_loss=0.3042 test_metric=0.9245 test_metric_name=roc_auc test_roc_auc=0.9245
  >> num_layers=5 hidden_dim=384 lr=1e-05 best_step=1370 val_roc_auc=0.9317 test_roc_auc=0.9327
     val_acc=0.8836 val_loss=0.2775 val_metric=0.9317 val_metric_name=roc_auc val_roc_auc=0.9317
     test_acc=0.8848 test_loss=0.2726 test_metric=0.9327 test_metric_name=roc_auc test_roc_auc=0.9327
  >> num_layers=5 hidden_dim=512 lr=3e-05 best_step=490 val_roc_auc=0.9269 test_roc_auc=0.9220
     val_acc=0.8792 val_loss=0.2960 val_metric=0.9269 val_metric_name=roc_auc val_roc_auc=0.9269
     test_acc=0.8756 test_loss=0.3088 test_metric=0.9220 test_metric_name=roc_auc test_roc_auc=0.9220
  >> num_layers=5 hidden_dim=512 lr=6e-05 best_step=350 val_roc_auc=0.9256 test_roc_auc=0.9205
     val_acc=0.8776 val_loss=0.3118 val_metric=0.9256 val_metric_name=roc_auc val_roc_auc=0.9256
     test_acc=0.8720 test_loss=0.3203 test_metric=0.9205 test_metric_name=roc_auc test_roc_auc=0.9205
  >> num_layers=5 hidden_dim=512 lr=0.0001 best_step=260 val_roc_auc=0.9217 test_roc_auc=0.9160
     val_acc=0.8776 val_loss=0.3098 val_metric=0.9217 val_metric_name=roc_auc val_roc_auc=0.9217
     test_acc=0.8708 test_loss=0.3280 test_metric=0.9160 test_metric_name=roc_auc test_roc_auc=0.9160
  >> num_layers=5 hidden_dim=512 lr=1e-05 best_step=1200 val_roc_auc=0.9275 test_roc_auc=0.9251
     val_acc=0.8808 val_loss=0.2995 val_metric=0.9275 val_metric_name=roc_auc val_roc_auc=0.9275
     test_acc=0.8788 test_loss=0.3104 test_metric=0.9251 test_metric_name=roc_auc test_roc_auc=0.9251
  >> selected best (by val): num_layers=5 hidden_dim=256 lr=1e-05 val_roc_auc=0.9339 test_roc_auc=0.9345
     val_acc=0.8856 val_loss=0.2667 val_metric=0.9339 val_metric_name=roc_auc val_roc_auc=0.9339
     test_acc=0.8820 test_loss=0.2678 test_metric=0.9345 test_metric_name=roc_auc test_roc_auc=0.9345

Done. Results saved to /home/avshmelev/diploma_yandex_graphs/results_grid/minesweeper/base.csv, checkpoints in /home/avshmelev/diploma_yandex_graphs/all_checkpoints/minesweeper/base/
