Loading data...

============================================================
Training minesweeper ResNet 2L h=256 lr=3e-05 split=2
============================================================
Training for 5000 steps
Step    1 | loss 0.7407 | val_acc=0.3580 val_roc_auc=0.4973 val_loss=0.6990 val_metric_name=roc_auc val_metric=0.4973
Step   50 | loss 0.5102 | val_acc=0.8000 val_roc_auc=0.5037 val_loss=0.5230 val_metric_name=roc_auc val_metric=0.5037
Step  100 | loss 0.5109 | val_acc=0.8000 val_roc_auc=0.5037 val_loss=0.5255 val_metric_name=roc_auc val_metric=0.5037
Step  150 | loss 0.5108 | val_acc=0.8000 val_roc_auc=0.5037 val_loss=0.5225 val_metric_name=roc_auc val_metric=0.5037
Step  200 | loss 0.5058 | val_acc=0.8000 val_roc_auc=0.5037 val_loss=0.5191 val_metric_name=roc_auc val_metric=0.5037
Step  250 | loss 0.5051 | val_acc=0.8000 val_roc_auc=0.5037 val_loss=0.5168 val_metric_name=roc_auc val_metric=0.5037
Step  300 | loss 0.5058 | val_acc=0.8000 val_roc_auc=0.5037 val_loss=0.5143 val_metric_name=roc_auc val_metric=0.5037
Early stopping at step 340

--- Final (best ckpt @ step 40) ---
  train_acc=0.8000 train_roc_auc=0.5165 train_loss=0.5394 train_metric_name=roc_auc train_metric=0.5165
  val_acc=0.8000 val_roc_auc=0.5114 val_loss=0.5415 val_metric_name=roc_auc val_metric=0.5114
  test_acc=0.8000 test_roc_auc=0.5276 test_loss=0.5392 test_metric_name=roc_auc test_metric=0.5276
  test_roc_auc=0.5276

============================================================
Training minesweeper ResNet 2L h=256 lr=6e-05 split=2
============================================================
Training for 5000 steps
Step    1 | loss 0.7407 | val_acc=0.6472 val_roc_auc=0.4973 val_loss=0.6502 val_metric_name=roc_auc val_metric=0.4973
Step   50 | loss 0.5076 | val_acc=0.8000 val_roc_auc=0.4899 val_loss=0.5322 val_metric_name=roc_auc val_metric=0.4899
Step  100 | loss 0.5074 | val_acc=0.8000 val_roc_auc=0.5037 val_loss=0.5183 val_metric_name=roc_auc val_metric=0.5037
Step  150 | loss 0.5075 | val_acc=0.8000 val_roc_auc=0.5037 val_loss=0.5145 val_metric_name=roc_auc val_metric=0.5037
Step  200 | loss 0.5030 | val_acc=0.8000 val_roc_auc=0.5052 val_loss=0.5119 val_metric_name=roc_auc val_metric=0.5052
Step  250 | loss 0.5033 | val_acc=0.8000 val_roc_auc=0.5037 val_loss=0.5098 val_metric_name=roc_auc val_metric=0.5037
Step  300 | loss 0.5032 | val_acc=0.8000 val_roc_auc=0.5037 val_loss=0.5083 val_metric_name=roc_auc val_metric=0.5037
Early stopping at step 330

--- Final (best ckpt @ step 30) ---
  train_acc=0.8000 train_roc_auc=0.5193 train_loss=0.5135 train_metric_name=roc_auc train_metric=0.5193
  val_acc=0.8000 val_roc_auc=0.5076 val_loss=0.5151 val_metric_name=roc_auc val_metric=0.5076
  test_acc=0.8000 test_roc_auc=0.5114 test_loss=0.5138 test_metric_name=roc_auc test_metric=0.5114
  test_roc_auc=0.5114

============================================================
Training minesweeper ResNet 2L h=256 lr=0.0001 split=2
============================================================
Training for 5000 steps
Step    1 | loss 0.7407 | val_acc=0.7608 val_roc_auc=0.4973 val_loss=0.5970 val_metric_name=roc_auc val_metric=0.4973
Step   50 | loss 0.5056 | val_acc=0.8000 val_roc_auc=0.5052 val_loss=0.5126 val_metric_name=roc_auc val_metric=0.5052
Step  100 | loss 0.5053 | val_acc=0.8000 val_roc_auc=0.5037 val_loss=0.5131 val_metric_name=roc_auc val_metric=0.5037
Step  150 | loss 0.5054 | val_acc=0.8000 val_roc_auc=0.5037 val_loss=0.5097 val_metric_name=roc_auc val_metric=0.5037
Step  200 | loss 0.5017 | val_acc=0.8000 val_roc_auc=0.5052 val_loss=0.5078 val_metric_name=roc_auc val_metric=0.5052
Step  250 | loss 0.5022 | val_acc=0.8000 val_roc_auc=0.5037 val_loss=0.5067 val_metric_name=roc_auc val_metric=0.5037
Step  300 | loss 0.5019 | val_acc=0.8000 val_roc_auc=0.5037 val_loss=0.5057 val_metric_name=roc_auc val_metric=0.5037
Early stopping at step 320

--- Final (best ckpt @ step 20) ---
  train_acc=0.8000 train_roc_auc=0.5193 train_loss=0.5134 train_metric_name=roc_auc train_metric=0.5193
  val_acc=0.8000 val_roc_auc=0.5076 val_loss=0.5148 val_metric_name=roc_auc val_metric=0.5076
  test_acc=0.8000 test_roc_auc=0.5114 test_loss=0.5135 test_metric_name=roc_auc test_metric=0.5114
  test_roc_auc=0.5114

============================================================
Training minesweeper ResNet 2L h=256 lr=1e-05 split=2
============================================================
Training for 5000 steps
Step    1 | loss 0.7407 | val_acc=0.3580 val_roc_auc=0.4973 val_loss=0.7357 val_metric_name=roc_auc val_metric=0.4973
Step   50 | loss 0.5151 | val_acc=0.8000 val_roc_auc=0.4912 val_loss=0.5256 val_metric_name=roc_auc val_metric=0.4912
Step  100 | loss 0.5160 | val_acc=0.8000 val_roc_auc=0.5090 val_loss=0.5357 val_metric_name=roc_auc val_metric=0.5090
Step  150 | loss 0.5156 | val_acc=0.8000 val_roc_auc=0.5037 val_loss=0.5324 val_metric_name=roc_auc val_metric=0.5037
Step  200 | loss 0.5112 | val_acc=0.8000 val_roc_auc=0.5037 val_loss=0.5306 val_metric_name=roc_auc val_metric=0.5037
Step  250 | loss 0.5091 | val_acc=0.8000 val_roc_auc=0.5037 val_loss=0.5285 val_metric_name=roc_auc val_metric=0.5037
Step  300 | loss 0.5114 | val_acc=0.8000 val_roc_auc=0.5037 val_loss=0.5272 val_metric_name=roc_auc val_metric=0.5037
Step  350 | loss 0.5092 | val_acc=0.8000 val_roc_auc=0.5037 val_loss=0.5256 val_metric_name=roc_auc val_metric=0.5037
Step  400 | loss 0.5080 | val_acc=0.8000 val_roc_auc=0.5037 val_loss=0.5239 val_metric_name=roc_auc val_metric=0.5037
Early stopping at step 400

--- Final (best ckpt @ step 100) ---
  train_acc=0.8000 train_roc_auc=0.5161 train_loss=0.5334 train_metric_name=roc_auc train_metric=0.5161
  val_acc=0.8000 val_roc_auc=0.5090 val_loss=0.5357 val_metric_name=roc_auc val_metric=0.5090
  test_acc=0.8000 test_roc_auc=0.5210 test_loss=0.5333 test_metric_name=roc_auc test_metric=0.5210
  test_roc_auc=0.5210

============================================================
Training minesweeper ResNet 2L h=384 lr=3e-05 split=2
============================================================
Training for 5000 steps
Step    1 | loss 0.6158 | val_acc=0.8000 val_roc_auc=0.4902 val_loss=0.5427 val_metric_name=roc_auc val_metric=0.4902
Step   50 | loss 0.5078 | val_acc=0.8000 val_roc_auc=0.5060 val_loss=0.5190 val_metric_name=roc_auc val_metric=0.5060
Step  100 | loss 0.5055 | val_acc=0.8000 val_roc_auc=0.5060 val_loss=0.5145 val_metric_name=roc_auc val_metric=0.5060
Step  150 | loss 0.5062 | val_acc=0.8000 val_roc_auc=0.5061 val_loss=0.5117 val_metric_name=roc_auc val_metric=0.5061
Step  200 | loss 0.5073 | val_acc=0.8000 val_roc_auc=0.5061 val_loss=0.5102 val_metric_name=roc_auc val_metric=0.5061
Step  250 | loss 0.5055 | val_acc=0.8000 val_roc_auc=0.5060 val_loss=0.5092 val_metric_name=roc_auc val_metric=0.5060
Step  300 | loss 0.5043 | val_acc=0.8000 val_roc_auc=0.5061 val_loss=0.5082 val_metric_name=roc_auc val_metric=0.5061
Step  350 | loss 0.5020 | val_acc=0.8000 val_roc_auc=0.5060 val_loss=0.5071 val_metric_name=roc_auc val_metric=0.5060
Step  400 | loss 0.5034 | val_acc=0.8000 val_roc_auc=0.5061 val_loss=0.5062 val_metric_name=roc_auc val_metric=0.5061
Step  450 | loss 0.5025 | val_acc=0.8000 val_roc_auc=0.5060 val_loss=0.5060 val_metric_name=roc_auc val_metric=0.5060
Early stopping at step 450

--- Final (best ckpt @ step 150) ---
  train_acc=0.8000 train_roc_auc=0.5211 train_loss=0.5094 train_metric_name=roc_auc train_metric=0.5211
  val_acc=0.8000 val_roc_auc=0.5061 val_loss=0.5117 val_metric_name=roc_auc val_metric=0.5061
  test_acc=0.8000 test_roc_auc=0.5155 test_loss=0.5110 test_metric_name=roc_auc test_metric=0.5155
  test_roc_auc=0.5155

============================================================
Training minesweeper ResNet 2L h=384 lr=6e-05 split=2
============================================================
Training for 5000 steps
Step    1 | loss 0.6158 | val_acc=0.8000 val_roc_auc=0.4902 val_loss=0.5147 val_metric_name=roc_auc val_metric=0.4902
Step   50 | loss 0.5053 | val_acc=0.8000 val_roc_auc=0.5060 val_loss=0.5181 val_metric_name=roc_auc val_metric=0.5060
Step  100 | loss 0.5032 | val_acc=0.8000 val_roc_auc=0.5060 val_loss=0.5100 val_metric_name=roc_auc val_metric=0.5060
Step  150 | loss 0.5038 | val_acc=0.8000 val_roc_auc=0.5061 val_loss=0.5078 val_metric_name=roc_auc val_metric=0.5061
Step  200 | loss 0.5049 | val_acc=0.8000 val_roc_auc=0.5061 val_loss=0.5068 val_metric_name=roc_auc val_metric=0.5061
Step  250 | loss 0.5034 | val_acc=0.8000 val_roc_auc=0.5060 val_loss=0.5060 val_metric_name=roc_auc val_metric=0.5060
Step  300 | loss 0.5027 | val_acc=0.8000 val_roc_auc=0.5061 val_loss=0.5055 val_metric_name=roc_auc val_metric=0.5061
Step  350 | loss 0.5006 | val_acc=0.8000 val_roc_auc=0.5060 val_loss=0.5045 val_metric_name=roc_auc val_metric=0.5060
Early stopping at step 360

--- Final (best ckpt @ step 60) ---
  train_acc=0.8000 train_roc_auc=0.5211 train_loss=0.5080 train_metric_name=roc_auc train_metric=0.5211
  val_acc=0.8000 val_roc_auc=0.5061 val_loss=0.5102 val_metric_name=roc_auc val_metric=0.5061
  test_acc=0.8000 test_roc_auc=0.5155 test_loss=0.5094 test_metric_name=roc_auc test_metric=0.5155
  test_roc_auc=0.5155

============================================================
Training minesweeper ResNet 2L h=384 lr=0.0001 split=2
============================================================
Training for 5000 steps
Step    1 | loss 0.6158 | val_acc=0.8000 val_roc_auc=0.4880 val_loss=0.5036 val_metric_name=roc_auc val_metric=0.4880
Step   50 | loss 0.5031 | val_acc=0.8000 val_roc_auc=0.5061 val_loss=0.5077 val_metric_name=roc_auc val_metric=0.5061
Step  100 | loss 0.5017 | val_acc=0.8000 val_roc_auc=0.5061 val_loss=0.5077 val_metric_name=roc_auc val_metric=0.5061
Step  150 | loss 0.5025 | val_acc=0.8000 val_roc_auc=0.5061 val_loss=0.5057 val_metric_name=roc_auc val_metric=0.5061
Step  200 | loss 0.5035 | val_acc=0.8000 val_roc_auc=0.5061 val_loss=0.5049 val_metric_name=roc_auc val_metric=0.5061
Step  250 | loss 0.5021 | val_acc=0.8000 val_roc_auc=0.5060 val_loss=0.5047 val_metric_name=roc_auc val_metric=0.5060
Step  300 | loss 0.5018 | val_acc=0.8000 val_roc_auc=0.5061 val_loss=0.5040 val_metric_name=roc_auc val_metric=0.5061
Early stopping at step 311

--- Final (best ckpt @ step 10) ---
  train_acc=0.8000 train_roc_auc=0.5095 train_loss=0.5089 train_metric_name=roc_auc train_metric=0.5095
  val_acc=0.8000 val_roc_auc=0.5130 val_loss=0.5092 val_metric_name=roc_auc val_metric=0.5130
  test_acc=0.8000 test_roc_auc=0.5239 test_loss=0.5079 test_metric_name=roc_auc test_metric=0.5239
  test_roc_auc=0.5239

============================================================
Training minesweeper ResNet 2L h=384 lr=1e-05 split=2
============================================================
Training for 5000 steps
Step    1 | loss 0.6158 | val_acc=0.8000 val_roc_auc=0.4902 val_loss=0.5723 val_metric_name=roc_auc val_metric=0.4902
Step   50 | loss 0.5111 | val_acc=0.8000 val_roc_auc=0.5057 val_loss=0.5210 val_metric_name=roc_auc val_metric=0.5057
Step  100 | loss 0.5094 | val_acc=0.8000 val_roc_auc=0.5060 val_loss=0.5201 val_metric_name=roc_auc val_metric=0.5060
Step  150 | loss 0.5108 | val_acc=0.8000 val_roc_auc=0.5060 val_loss=0.5183 val_metric_name=roc_auc val_metric=0.5060
Step  200 | loss 0.5120 | val_acc=0.8000 val_roc_auc=0.5060 val_loss=0.5163 val_metric_name=roc_auc val_metric=0.5060
Step  250 | loss 0.5098 | val_acc=0.8000 val_roc_auc=0.5060 val_loss=0.5156 val_metric_name=roc_auc val_metric=0.5060
Step  300 | loss 0.5079 | val_acc=0.8000 val_roc_auc=0.5060 val_loss=0.5144 val_metric_name=roc_auc val_metric=0.5060
Step  350 | loss 0.5051 | val_acc=0.8000 val_roc_auc=0.5060 val_loss=0.5133 val_metric_name=roc_auc val_metric=0.5060
Early stopping at step 390

--- Final (best ckpt @ step 90) ---
  train_acc=0.8000 train_roc_auc=0.5211 train_loss=0.5196 train_metric_name=roc_auc train_metric=0.5211
  val_acc=0.8000 val_roc_auc=0.5060 val_loss=0.5213 val_metric_name=roc_auc val_metric=0.5060
  test_acc=0.8000 test_roc_auc=0.5156 test_loss=0.5202 test_metric_name=roc_auc test_metric=0.5156
  test_roc_auc=0.5156

============================================================
Training minesweeper ResNet 2L h=512 lr=3e-05 split=2
============================================================
Training for 5000 steps
Step    1 | loss 0.6444 | val_acc=0.8000 val_roc_auc=0.4890 val_loss=0.5403 val_metric_name=roc_auc val_metric=0.4890
Step   50 | loss 0.5053 | val_acc=0.8000 val_roc_auc=0.5037 val_loss=0.5198 val_metric_name=roc_auc val_metric=0.5037
Step  100 | loss 0.5068 | val_acc=0.8000 val_roc_auc=0.5037 val_loss=0.5208 val_metric_name=roc_auc val_metric=0.5037
Step  150 | loss 0.5063 | val_acc=0.8000 val_roc_auc=0.5037 val_loss=0.5166 val_metric_name=roc_auc val_metric=0.5037
Step  200 | loss 0.5029 | val_acc=0.8000 val_roc_auc=0.5037 val_loss=0.5137 val_metric_name=roc_auc val_metric=0.5037
Step  250 | loss 0.5041 | val_acc=0.8000 val_roc_auc=0.5037 val_loss=0.5116 val_metric_name=roc_auc val_metric=0.5037
Step  300 | loss 0.5019 | val_acc=0.8000 val_roc_auc=0.5037 val_loss=0.5098 val_metric_name=roc_auc val_metric=0.5037
Early stopping at step 327

--- Final (best ckpt @ step 20) ---
  train_acc=0.8000 train_roc_auc=0.5095 train_loss=0.5216 train_metric_name=roc_auc train_metric=0.5095
  val_acc=0.8000 val_roc_auc=0.5112 val_loss=0.5220 val_metric_name=roc_auc val_metric=0.5112
  test_acc=0.8000 test_roc_auc=0.5155 test_loss=0.5214 test_metric_name=roc_auc test_metric=0.5155
  test_roc_auc=0.5155

============================================================
Training minesweeper ResNet 2L h=512 lr=6e-05 split=2
============================================================
Training for 5000 steps
Step    1 | loss 0.6444 | val_acc=0.8000 val_roc_auc=0.4890 val_loss=0.5161 val_metric_name=roc_auc val_metric=0.4890
Step   50 | loss 0.5033 | val_acc=0.8000 val_roc_auc=0.5037 val_loss=0.5173 val_metric_name=roc_auc val_metric=0.5037
Step  100 | loss 0.5048 | val_acc=0.8000 val_roc_auc=0.5037 val_loss=0.5136 val_metric_name=roc_auc val_metric=0.5037
Step  150 | loss 0.5038 | val_acc=0.8000 val_roc_auc=0.5037 val_loss=0.5096 val_metric_name=roc_auc val_metric=0.5037
Step  200 | loss 0.5015 | val_acc=0.8000 val_roc_auc=0.5037 val_loss=0.5083 val_metric_name=roc_auc val_metric=0.5037
Step  250 | loss 0.5023 | val_acc=0.8000 val_roc_auc=0.5037 val_loss=0.5064 val_metric_name=roc_auc val_metric=0.5037
Step  300 | loss 0.5003 | val_acc=0.8000 val_roc_auc=0.5037 val_loss=0.5055 val_metric_name=roc_auc val_metric=0.5037
Early stopping at step 340

--- Final (best ckpt @ step 40) ---
  train_acc=0.8000 train_roc_auc=0.5161 train_loss=0.5201 train_metric_name=roc_auc train_metric=0.5161
  val_acc=0.8000 val_roc_auc=0.5090 val_loss=0.5219 val_metric_name=roc_auc val_metric=0.5090
  test_acc=0.8000 test_roc_auc=0.5210 test_loss=0.5209 test_metric_name=roc_auc test_metric=0.5210
  test_roc_auc=0.5210

============================================================
Training minesweeper ResNet 2L h=512 lr=0.0001 split=2
============================================================
Training for 5000 steps
Step    1 | loss 0.6444 | val_acc=0.8000 val_roc_auc=0.4890 val_loss=0.5257 val_metric_name=roc_auc val_metric=0.4890
Step   50 | loss 0.5023 | val_acc=0.8000 val_roc_auc=0.5037 val_loss=0.5176 val_metric_name=roc_auc val_metric=0.5037
Step  100 | loss 0.5034 | val_acc=0.8000 val_roc_auc=0.5037 val_loss=0.5090 val_metric_name=roc_auc val_metric=0.5037
Step  150 | loss 0.5023 | val_acc=0.8000 val_roc_auc=0.5037 val_loss=0.5064 val_metric_name=roc_auc val_metric=0.5037
Step  200 | loss 0.5007 | val_acc=0.8000 val_roc_auc=0.5037 val_loss=0.5055 val_metric_name=roc_auc val_metric=0.5037
Step  250 | loss 0.5012 | val_acc=0.8000 val_roc_auc=0.5037 val_loss=0.5043 val_metric_name=roc_auc val_metric=0.5037
Step  300 | loss 0.4996 | val_acc=0.8000 val_roc_auc=0.5037 val_loss=0.5040 val_metric_name=roc_auc val_metric=0.5037
Early stopping at step 329

--- Final (best ckpt @ step 10) ---
  train_acc=0.8000 train_roc_auc=0.5001 train_loss=0.5094 train_metric_name=roc_auc train_metric=0.5001
  val_acc=0.8000 val_roc_auc=0.5115 val_loss=0.5088 val_metric_name=roc_auc val_metric=0.5115
  test_acc=0.8000 test_roc_auc=0.5040 test_loss=0.5099 test_metric_name=roc_auc test_metric=0.5040
  test_roc_auc=0.5040

============================================================
Training minesweeper ResNet 2L h=512 lr=1e-05 split=2
============================================================
Training for 5000 steps
Step    1 | loss 0.6444 | val_acc=0.7608 val_roc_auc=0.4891 val_loss=0.5753 val_metric_name=roc_auc val_metric=0.4891
Step   50 | loss 0.5078 | val_acc=0.8000 val_roc_auc=0.5089 val_loss=0.5279 val_metric_name=roc_auc val_metric=0.5089
Step  100 | loss 0.5097 | val_acc=0.8000 val_roc_auc=0.5037 val_loss=0.5313 val_metric_name=roc_auc val_metric=0.5037
Step  150 | loss 0.5098 | val_acc=0.8000 val_roc_auc=0.5037 val_loss=0.5287 val_metric_name=roc_auc val_metric=0.5037
Step  200 | loss 0.5060 | val_acc=0.8000 val_roc_auc=0.5037 val_loss=0.5259 val_metric_name=roc_auc val_metric=0.5037
Step  250 | loss 0.5072 | val_acc=0.8000 val_roc_auc=0.5037 val_loss=0.5238 val_metric_name=roc_auc val_metric=0.5037
Step  300 | loss 0.5051 | val_acc=0.8000 val_roc_auc=0.5037 val_loss=0.5216 val_metric_name=roc_auc val_metric=0.5037
Early stopping at step 340

--- Final (best ckpt @ step 40) ---
  train_acc=0.8000 train_roc_auc=0.5154 train_loss=0.5366 train_metric_name=roc_auc train_metric=0.5154
  val_acc=0.8000 val_roc_auc=0.5089 val_loss=0.5381 val_metric_name=roc_auc val_metric=0.5089
  test_acc=0.8000 test_roc_auc=0.5212 test_loss=0.5361 test_metric_name=roc_auc test_metric=0.5212
  test_roc_auc=0.5212
  >> num_layers=2 hidden_dim=256 lr=3e-05 best_step=40 val_roc_auc=0.5114 test_roc_auc=0.5276
     val_acc=0.8000 val_loss=0.5415 val_metric=0.5114 val_metric_name=roc_auc val_roc_auc=0.5114
     test_acc=0.8000 test_loss=0.5392 test_metric=0.5276 test_metric_name=roc_auc test_roc_auc=0.5276
  >> num_layers=2 hidden_dim=256 lr=6e-05 best_step=30 val_roc_auc=0.5076 test_roc_auc=0.5114
     val_acc=0.8000 val_loss=0.5151 val_metric=0.5076 val_metric_name=roc_auc val_roc_auc=0.5076
     test_acc=0.8000 test_loss=0.5138 test_metric=0.5114 test_metric_name=roc_auc test_roc_auc=0.5114
  >> num_layers=2 hidden_dim=256 lr=0.0001 best_step=20 val_roc_auc=0.5076 test_roc_auc=0.5114
     val_acc=0.8000 val_loss=0.5148 val_metric=0.5076 val_metric_name=roc_auc val_roc_auc=0.5076
     test_acc=0.8000 test_loss=0.5135 test_metric=0.5114 test_metric_name=roc_auc test_roc_auc=0.5114
  >> num_layers=2 hidden_dim=256 lr=1e-05 best_step=100 val_roc_auc=0.5090 test_roc_auc=0.5210
     val_acc=0.8000 val_loss=0.5357 val_metric=0.5090 val_metric_name=roc_auc val_roc_auc=0.5090
     test_acc=0.8000 test_loss=0.5333 test_metric=0.5210 test_metric_name=roc_auc test_roc_auc=0.5210
  >> num_layers=2 hidden_dim=384 lr=3e-05 best_step=150 val_roc_auc=0.5061 test_roc_auc=0.5155
     val_acc=0.8000 val_loss=0.5117 val_metric=0.5061 val_metric_name=roc_auc val_roc_auc=0.5061
     test_acc=0.8000 test_loss=0.5110 test_metric=0.5155 test_metric_name=roc_auc test_roc_auc=0.5155
  >> num_layers=2 hidden_dim=384 lr=6e-05 best_step=60 val_roc_auc=0.5061 test_roc_auc=0.5155
     val_acc=0.8000 val_loss=0.5102 val_metric=0.5061 val_metric_name=roc_auc val_roc_auc=0.5061
     test_acc=0.8000 test_loss=0.5094 test_metric=0.5155 test_metric_name=roc_auc test_roc_auc=0.5155
  >> num_layers=2 hidden_dim=384 lr=0.0001 best_step=10 val_roc_auc=0.5130 test_roc_auc=0.5239
     val_acc=0.8000 val_loss=0.5092 val_metric=0.5130 val_metric_name=roc_auc val_roc_auc=0.5130
     test_acc=0.8000 test_loss=0.5079 test_metric=0.5239 test_metric_name=roc_auc test_roc_auc=0.5239
  >> num_layers=2 hidden_dim=384 lr=1e-05 best_step=90 val_roc_auc=0.5060 test_roc_auc=0.5156
     val_acc=0.8000 val_loss=0.5213 val_metric=0.5060 val_metric_name=roc_auc val_roc_auc=0.5060
     test_acc=0.8000 test_loss=0.5202 test_metric=0.5156 test_metric_name=roc_auc test_roc_auc=0.5156
  >> num_layers=2 hidden_dim=512 lr=3e-05 best_step=20 val_roc_auc=0.5112 test_roc_auc=0.5155
     val_acc=0.8000 val_loss=0.5220 val_metric=0.5112 val_metric_name=roc_auc val_roc_auc=0.5112
     test_acc=0.8000 test_loss=0.5214 test_metric=0.5155 test_metric_name=roc_auc test_roc_auc=0.5155
  >> num_layers=2 hidden_dim=512 lr=6e-05 best_step=40 val_roc_auc=0.5090 test_roc_auc=0.5210
     val_acc=0.8000 val_loss=0.5219 val_metric=0.5090 val_metric_name=roc_auc val_roc_auc=0.5090
     test_acc=0.8000 test_loss=0.5209 test_metric=0.5210 test_metric_name=roc_auc test_roc_auc=0.5210
  >> num_layers=2 hidden_dim=512 lr=0.0001 best_step=10 val_roc_auc=0.5115 test_roc_auc=0.5040
     val_acc=0.8000 val_loss=0.5088 val_metric=0.5115 val_metric_name=roc_auc val_roc_auc=0.5115
     test_acc=0.8000 test_loss=0.5099 test_metric=0.5040 test_metric_name=roc_auc test_roc_auc=0.5040
  >> num_layers=2 hidden_dim=512 lr=1e-05 best_step=40 val_roc_auc=0.5089 test_roc_auc=0.5212
     val_acc=0.8000 val_loss=0.5381 val_metric=0.5089 val_metric_name=roc_auc val_roc_auc=0.5089
     test_acc=0.8000 test_loss=0.5361 test_metric=0.5212 test_metric_name=roc_auc test_roc_auc=0.5212
  >> selected best (by val): num_layers=2 hidden_dim=384 lr=0.0001 val_roc_auc=0.5130 test_roc_auc=0.5239
     val_acc=0.8000 val_loss=0.5092 val_metric=0.5130 val_metric_name=roc_auc val_roc_auc=0.5130
     test_acc=0.8000 test_loss=0.5079 test_metric=0.5239 test_metric_name=roc_auc test_roc_auc=0.5239

Done. Results saved to /home/avshmelev/diploma_yandex_graphs/results_grid/minesweeper/base.csv, checkpoints in /home/avshmelev/diploma_yandex_graphs/all_checkpoints/minesweeper/base/
