Loading data...

============================================================
Training minesweeper ResNet 4L h=256 lr=3e-05 split=5
============================================================
Training for 5000 steps
Step    1 | loss 0.7461 | val_acc=0.5700 val_roc_auc=0.4892 val_loss=0.6616 val_metric_name=roc_auc val_metric=0.4892
Step   50 | loss 0.5131 | val_acc=0.8000 val_roc_auc=0.5102 val_loss=0.5263 val_metric_name=roc_auc val_metric=0.5102
Step  100 | loss 0.5106 | val_acc=0.8000 val_roc_auc=0.5128 val_loss=0.5249 val_metric_name=roc_auc val_metric=0.5128
Step  150 | loss 0.5054 | val_acc=0.8000 val_roc_auc=0.5128 val_loss=0.5179 val_metric_name=roc_auc val_metric=0.5128
Step  200 | loss 0.5031 | val_acc=0.8000 val_roc_auc=0.5128 val_loss=0.5138 val_metric_name=roc_auc val_metric=0.5128
Step  250 | loss 0.5030 | val_acc=0.8000 val_roc_auc=0.5128 val_loss=0.5111 val_metric_name=roc_auc val_metric=0.5128
Step  300 | loss 0.5043 | val_acc=0.8000 val_roc_auc=0.5128 val_loss=0.5092 val_metric_name=roc_auc val_metric=0.5128
Step  350 | loss 0.5013 | val_acc=0.8000 val_roc_auc=0.5128 val_loss=0.5073 val_metric_name=roc_auc val_metric=0.5128
Early stopping at step 390

--- Final (best ckpt @ step 90) ---
  train_acc=0.8000 train_roc_auc=0.5230 train_loss=0.5232 train_metric_name=roc_auc train_metric=0.5230
  val_acc=0.8000 val_roc_auc=0.5128 val_loss=0.5249 val_metric_name=roc_auc val_metric=0.5128
  test_acc=0.8000 test_roc_auc=0.5010 test_loss=0.5258 test_metric_name=roc_auc test_metric=0.5010
  test_roc_auc=0.5010

============================================================
Training minesweeper ResNet 4L h=256 lr=6e-05 split=5
============================================================
Training for 5000 steps
Step    1 | loss 0.7461 | val_acc=0.8000 val_roc_auc=0.4895 val_loss=0.5993 val_metric_name=roc_auc val_metric=0.4895
Step   50 | loss 0.5090 | val_acc=0.8000 val_roc_auc=0.5107 val_loss=0.5226 val_metric_name=roc_auc val_metric=0.5107
Step  100 | loss 0.5079 | val_acc=0.8000 val_roc_auc=0.5128 val_loss=0.5144 val_metric_name=roc_auc val_metric=0.5128
Step  150 | loss 0.5034 | val_acc=0.8000 val_roc_auc=0.5128 val_loss=0.5091 val_metric_name=roc_auc val_metric=0.5128
Step  200 | loss 0.5014 | val_acc=0.8000 val_roc_auc=0.5128 val_loss=0.5066 val_metric_name=roc_auc val_metric=0.5128
Step  250 | loss 0.5013 | val_acc=0.8000 val_roc_auc=0.4967 val_loss=0.5050 val_metric_name=roc_auc val_metric=0.4967
Step  300 | loss 0.5021 | val_acc=0.8000 val_roc_auc=0.5128 val_loss=0.5042 val_metric_name=roc_auc val_metric=0.5128
Step  350 | loss 0.5000 | val_acc=0.8000 val_roc_auc=0.5128 val_loss=0.5033 val_metric_name=roc_auc val_metric=0.5128
Early stopping at step 360

--- Final (best ckpt @ step 60) ---
  train_acc=0.8000 train_roc_auc=0.5230 train_loss=0.5143 train_metric_name=roc_auc train_metric=0.5230
  val_acc=0.8000 val_roc_auc=0.5128 val_loss=0.5158 val_metric_name=roc_auc val_metric=0.5128
  test_acc=0.8000 test_roc_auc=0.5010 test_loss=0.5167 test_metric_name=roc_auc test_metric=0.5010
  test_roc_auc=0.5010

============================================================
Training minesweeper ResNet 4L h=256 lr=0.0001 split=5
============================================================
Training for 5000 steps
Step    1 | loss 0.7461 | val_acc=0.8000 val_roc_auc=0.4895 val_loss=0.5439 val_metric_name=roc_auc val_metric=0.4895
Step   50 | loss 0.5065 | val_acc=0.8000 val_roc_auc=0.4967 val_loss=0.5138 val_metric_name=roc_auc val_metric=0.4967
Step  100 | loss 0.5062 | val_acc=0.8000 val_roc_auc=0.4967 val_loss=0.5089 val_metric_name=roc_auc val_metric=0.4967
Step  150 | loss 0.5021 | val_acc=0.8000 val_roc_auc=0.5128 val_loss=0.5052 val_metric_name=roc_auc val_metric=0.5128
Step  200 | loss 0.5006 | val_acc=0.8000 val_roc_auc=0.5128 val_loss=0.5038 val_metric_name=roc_auc val_metric=0.5128
Step  250 | loss 0.5005 | val_acc=0.8000 val_roc_auc=0.5128 val_loss=0.5031 val_metric_name=roc_auc val_metric=0.5128
Step  300 | loss 0.5011 | val_acc=0.8000 val_roc_auc=0.5128 val_loss=0.5025 val_metric_name=roc_auc val_metric=0.5128
Step  350 | loss 0.4994 | val_acc=0.8000 val_roc_auc=0.5128 val_loss=0.5020 val_metric_name=roc_auc val_metric=0.5128
Early stopping at step 370

--- Final (best ckpt @ step 70) ---
  train_acc=0.8000 train_roc_auc=0.5230 train_loss=0.5084 train_metric_name=roc_auc train_metric=0.5230
  val_acc=0.8000 val_roc_auc=0.5128 val_loss=0.5099 val_metric_name=roc_auc val_metric=0.5128
  test_acc=0.8000 test_roc_auc=0.5010 test_loss=0.5108 test_metric_name=roc_auc test_metric=0.5010
  test_roc_auc=0.5010

============================================================
Training minesweeper ResNet 4L h=256 lr=1e-05 split=5
============================================================
Training for 5000 steps
Step    1 | loss 0.7461 | val_acc=0.5700 val_roc_auc=0.5045 val_loss=0.7137 val_metric_name=roc_auc val_metric=0.5045
Step   50 | loss 0.5184 | val_acc=0.8000 val_roc_auc=0.4999 val_loss=0.5629 val_metric_name=roc_auc val_metric=0.4999
Step  100 | loss 0.5152 | val_acc=0.8000 val_roc_auc=0.5095 val_loss=0.5416 val_metric_name=roc_auc val_metric=0.5095
Step  150 | loss 0.5092 | val_acc=0.8000 val_roc_auc=0.5101 val_loss=0.5379 val_metric_name=roc_auc val_metric=0.5101
Step  200 | loss 0.5075 | val_acc=0.8000 val_roc_auc=0.5097 val_loss=0.5335 val_metric_name=roc_auc val_metric=0.5097
Step  250 | loss 0.5074 | val_acc=0.8000 val_roc_auc=0.5128 val_loss=0.5299 val_metric_name=roc_auc val_metric=0.5128
Step  300 | loss 0.5093 | val_acc=0.8000 val_roc_auc=0.5128 val_loss=0.5264 val_metric_name=roc_auc val_metric=0.5128
Step  350 | loss 0.5046 | val_acc=0.8000 val_roc_auc=0.5128 val_loss=0.5233 val_metric_name=roc_auc val_metric=0.5128
Early stopping at step 380

--- Final (best ckpt @ step 80) ---
  train_acc=0.8000 train_roc_auc=0.5223 train_loss=0.5451 train_metric_name=roc_auc train_metric=0.5223
  val_acc=0.8000 val_roc_auc=0.5143 val_loss=0.5464 val_metric_name=roc_auc val_metric=0.5143
  test_acc=0.8000 test_roc_auc=0.4930 test_loss=0.5472 test_metric_name=roc_auc test_metric=0.4930
  test_roc_auc=0.4930

============================================================
Training minesweeper ResNet 4L h=384 lr=3e-05 split=5
============================================================
Training for 5000 steps
Step    1 | loss 0.6735 | val_acc=0.8000 val_roc_auc=0.5277 val_loss=0.5784 val_metric_name=roc_auc val_metric=0.5277
Step   50 | loss 0.5075 | val_acc=0.8000 val_roc_auc=0.5171 val_loss=0.5184 val_metric_name=roc_auc val_metric=0.5171
Step  100 | loss 0.5031 | val_acc=0.8000 val_roc_auc=0.5171 val_loss=0.5123 val_metric_name=roc_auc val_metric=0.5171
Step  150 | loss 0.5047 | val_acc=0.8000 val_roc_auc=0.5171 val_loss=0.5086 val_metric_name=roc_auc val_metric=0.5171
Step  200 | loss 0.5033 | val_acc=0.8000 val_roc_auc=0.5171 val_loss=0.5063 val_metric_name=roc_auc val_metric=0.5171
Step  250 | loss 0.5024 | val_acc=0.8000 val_roc_auc=0.5122 val_loss=0.5048 val_metric_name=roc_auc val_metric=0.5122
Step  300 | loss 0.5048 | val_acc=0.8000 val_roc_auc=0.5171 val_loss=0.5037 val_metric_name=roc_auc val_metric=0.5171
Early stopping at step 330

--- Final (best ckpt @ step 30) ---
  train_acc=0.8000 train_roc_auc=0.5223 train_loss=0.5064 train_metric_name=roc_auc train_metric=0.5223
  val_acc=0.8000 val_roc_auc=0.5171 val_loss=0.5064 val_metric_name=roc_auc val_metric=0.5171
  test_acc=0.8000 test_roc_auc=0.4996 test_loss=0.5078 test_metric_name=roc_auc test_metric=0.4996
  test_roc_auc=0.4996

============================================================
Training minesweeper ResNet 4L h=384 lr=6e-05 split=5
============================================================
Training for 5000 steps
Step    1 | loss 0.6735 | val_acc=0.8000 val_roc_auc=0.5277 val_loss=0.5188 val_metric_name=roc_auc val_metric=0.5277
Step   50 | loss 0.5056 | val_acc=0.8000 val_roc_auc=0.5171 val_loss=0.5174 val_metric_name=roc_auc val_metric=0.5171
Step  100 | loss 0.5022 | val_acc=0.8000 val_roc_auc=0.5171 val_loss=0.5062 val_metric_name=roc_auc val_metric=0.5171
Step  150 | loss 0.5028 | val_acc=0.8000 val_roc_auc=0.5122 val_loss=0.5045 val_metric_name=roc_auc val_metric=0.5122
Step  200 | loss 0.5017 | val_acc=0.8000 val_roc_auc=0.5171 val_loss=0.5032 val_metric_name=roc_auc val_metric=0.5171
Step  250 | loss 0.5018 | val_acc=0.8000 val_roc_auc=0.5122 val_loss=0.5025 val_metric_name=roc_auc val_metric=0.5122
Step  300 | loss 0.5029 | val_acc=0.8000 val_roc_auc=0.5171 val_loss=0.5019 val_metric_name=roc_auc val_metric=0.5171
Step  350 | loss 0.5016 | val_acc=0.8000 val_roc_auc=0.5122 val_loss=0.5018 val_metric_name=roc_auc val_metric=0.5122
Step  400 | loss 0.5019 | val_acc=0.8000 val_roc_auc=0.5171 val_loss=0.5014 val_metric_name=roc_auc val_metric=0.5171
Step  450 | loss 0.5000 | val_acc=0.8000 val_roc_auc=0.5171 val_loss=0.5013 val_metric_name=roc_auc val_metric=0.5171
Step  500 | loss 0.5000 | val_acc=0.8000 val_roc_auc=0.5176 val_loss=0.5011 val_metric_name=roc_auc val_metric=0.5176
Step  550 | loss 0.5003 | val_acc=0.8000 val_roc_auc=0.5171 val_loss=0.5012 val_metric_name=roc_auc val_metric=0.5171
Step  600 | loss 0.5003 | val_acc=0.8000 val_roc_auc=0.5171 val_loss=0.5010 val_metric_name=roc_auc val_metric=0.5171
Step  650 | loss 0.5004 | val_acc=0.8000 val_roc_auc=0.5128 val_loss=0.5010 val_metric_name=roc_auc val_metric=0.5128
Step  700 | loss 0.5008 | val_acc=0.8000 val_roc_auc=0.5128 val_loss=0.5010 val_metric_name=roc_auc val_metric=0.5128
Step  750 | loss 0.4995 | val_acc=0.8000 val_roc_auc=0.5118 val_loss=0.5010 val_metric_name=roc_auc val_metric=0.5118
Step  800 | loss 0.4995 | val_acc=0.8000 val_roc_auc=0.5097 val_loss=0.5010 val_metric_name=roc_auc val_metric=0.5097
Step  850 | loss 0.5011 | val_acc=0.8000 val_roc_auc=0.5128 val_loss=0.5009 val_metric_name=roc_auc val_metric=0.5128
Early stopping at step 890

--- Final (best ckpt @ step 590) ---
  train_acc=0.8000 train_roc_auc=0.5229 train_loss=0.5001 train_metric_name=roc_auc train_metric=0.5229
  val_acc=0.8000 val_roc_auc=0.5181 val_loss=0.5011 val_metric_name=roc_auc val_metric=0.5181
  test_acc=0.8000 test_roc_auc=0.5000 test_loss=0.5023 test_metric_name=roc_auc test_metric=0.5000
  test_roc_auc=0.5000

============================================================
Training minesweeper ResNet 4L h=384 lr=0.0001 split=5
============================================================
Training for 5000 steps
Step    1 | loss 0.6735 | val_acc=0.8000 val_roc_auc=0.5130 val_loss=0.5010 val_metric_name=roc_auc val_metric=0.5130
Step   50 | loss 0.5043 | val_acc=0.8000 val_roc_auc=0.5122 val_loss=0.5043 val_metric_name=roc_auc val_metric=0.5122
Step  100 | loss 0.5018 | val_acc=0.8000 val_roc_auc=0.5102 val_loss=0.5038 val_metric_name=roc_auc val_metric=0.5102
Step  150 | loss 0.5018 | val_acc=0.8000 val_roc_auc=0.5118 val_loss=0.5028 val_metric_name=roc_auc val_metric=0.5118
Step  200 | loss 0.5010 | val_acc=0.8000 val_roc_auc=0.5101 val_loss=0.5022 val_metric_name=roc_auc val_metric=0.5101
Step  250 | loss 0.5014 | val_acc=0.8000 val_roc_auc=0.5122 val_loss=0.5017 val_metric_name=roc_auc val_metric=0.5122
Step  300 | loss 0.5020 | val_acc=0.8000 val_roc_auc=0.5122 val_loss=0.5014 val_metric_name=roc_auc val_metric=0.5122
Step  350 | loss 0.5007 | val_acc=0.8000 val_roc_auc=0.5118 val_loss=0.5013 val_metric_name=roc_auc val_metric=0.5118
Step  400 | loss 0.5012 | val_acc=0.8000 val_roc_auc=0.5171 val_loss=0.5009 val_metric_name=roc_auc val_metric=0.5171
Step  450 | loss 0.4999 | val_acc=0.8000 val_roc_auc=0.5122 val_loss=0.5010 val_metric_name=roc_auc val_metric=0.5122
Step  500 | loss 0.4998 | val_acc=0.8000 val_roc_auc=0.5128 val_loss=0.5009 val_metric_name=roc_auc val_metric=0.5128
Step  550 | loss 0.5002 | val_acc=0.8000 val_roc_auc=0.5122 val_loss=0.5009 val_metric_name=roc_auc val_metric=0.5122
Early stopping at step 570

--- Final (best ckpt @ step 270) ---
  train_acc=0.8000 train_roc_auc=0.5229 train_loss=0.5004 train_metric_name=roc_auc train_metric=0.5229
  val_acc=0.8000 val_roc_auc=0.5176 val_loss=0.5015 val_metric_name=roc_auc val_metric=0.5176
  test_acc=0.8000 test_roc_auc=0.5003 test_loss=0.5026 test_metric_name=roc_auc test_metric=0.5003
  test_roc_auc=0.5003

============================================================
Training minesweeper ResNet 4L h=384 lr=1e-05 split=5
============================================================
Training for 5000 steps
Step    1 | loss 0.6735 | val_acc=0.7680 val_roc_auc=0.5277 val_loss=0.6448 val_metric_name=roc_auc val_metric=0.5277
Step   50 | loss 0.5108 | val_acc=0.8000 val_roc_auc=0.5155 val_loss=0.5239 val_metric_name=roc_auc val_metric=0.5155
Step  100 | loss 0.5054 | val_acc=0.8000 val_roc_auc=0.5171 val_loss=0.5235 val_metric_name=roc_auc val_metric=0.5171
Step  150 | loss 0.5089 | val_acc=0.8000 val_roc_auc=0.5171 val_loss=0.5204 val_metric_name=roc_auc val_metric=0.5171
Step  200 | loss 0.5073 | val_acc=0.8000 val_roc_auc=0.5171 val_loss=0.5173 val_metric_name=roc_auc val_metric=0.5171
Step  250 | loss 0.5049 | val_acc=0.8000 val_roc_auc=0.5171 val_loss=0.5147 val_metric_name=roc_auc val_metric=0.5171
Step  300 | loss 0.5090 | val_acc=0.8000 val_roc_auc=0.5171 val_loss=0.5125 val_metric_name=roc_auc val_metric=0.5171
Step  350 | loss 0.5078 | val_acc=0.8000 val_roc_auc=0.5171 val_loss=0.5106 val_metric_name=roc_auc val_metric=0.5171
Early stopping at step 390

--- Final (best ckpt @ step 90) ---
  train_acc=0.8000 train_roc_auc=0.5223 train_loss=0.5255 train_metric_name=roc_auc train_metric=0.5223
  val_acc=0.8000 val_roc_auc=0.5171 val_loss=0.5255 val_metric_name=roc_auc val_metric=0.5171
  test_acc=0.8000 test_roc_auc=0.4996 test_loss=0.5271 test_metric_name=roc_auc test_metric=0.4996
  test_roc_auc=0.4996

============================================================
Training minesweeper ResNet 4L h=512 lr=3e-05 split=5
============================================================
Training for 5000 steps
Step    1 | loss 0.8116 | val_acc=0.7680 val_roc_auc=0.5006 val_loss=0.6006 val_metric_name=roc_auc val_metric=0.5006
Step   50 | loss 0.5090 | val_acc=0.8000 val_roc_auc=0.5065 val_loss=0.5262 val_metric_name=roc_auc val_metric=0.5065
Step  100 | loss 0.5060 | val_acc=0.8000 val_roc_auc=0.5055 val_loss=0.5254 val_metric_name=roc_auc val_metric=0.5055
Step  150 | loss 0.5030 | val_acc=0.8000 val_roc_auc=0.4906 val_loss=0.5174 val_metric_name=roc_auc val_metric=0.4906
Step  200 | loss 0.5028 | val_acc=0.8000 val_roc_auc=0.4932 val_loss=0.5131 val_metric_name=roc_auc val_metric=0.4932
Step  250 | loss 0.4997 | val_acc=0.8000 val_roc_auc=0.4902 val_loss=0.5095 val_metric_name=roc_auc val_metric=0.4902
Step  300 | loss 0.5037 | val_acc=0.8000 val_roc_auc=0.4884 val_loss=0.5077 val_metric_name=roc_auc val_metric=0.4884
Early stopping at step 316

--- Final (best ckpt @ step 10) ---
  train_acc=0.8000 train_roc_auc=0.5218 train_loss=0.7503 train_metric_name=roc_auc train_metric=0.5218
  val_acc=0.8000 val_roc_auc=0.5198 val_loss=0.7518 val_metric_name=roc_auc val_metric=0.5198
  test_acc=0.8000 test_roc_auc=0.4923 test_loss=0.7570 test_metric_name=roc_auc test_metric=0.4923
  test_roc_auc=0.4923

============================================================
Training minesweeper ResNet 4L h=512 lr=6e-05 split=5
============================================================
Training for 5000 steps
Step    1 | loss 0.8116 | val_acc=0.8000 val_roc_auc=0.5019 val_loss=0.5129 val_metric_name=roc_auc val_metric=0.5019
Step   50 | loss 0.5063 | val_acc=0.8000 val_roc_auc=0.5092 val_loss=0.5257 val_metric_name=roc_auc val_metric=0.5092
Step  100 | loss 0.5033 | val_acc=0.8000 val_roc_auc=0.4906 val_loss=0.5150 val_metric_name=roc_auc val_metric=0.4906
Step  150 | loss 0.5015 | val_acc=0.8000 val_roc_auc=0.5066 val_loss=0.5080 val_metric_name=roc_auc val_metric=0.5066
Step  200 | loss 0.5017 | val_acc=0.8000 val_roc_auc=0.5060 val_loss=0.5063 val_metric_name=roc_auc val_metric=0.5060
Step  250 | loss 0.4994 | val_acc=0.8000 val_roc_auc=0.5048 val_loss=0.5045 val_metric_name=roc_auc val_metric=0.5048
Step  300 | loss 0.5020 | val_acc=0.8000 val_roc_auc=0.5050 val_loss=0.5038 val_metric_name=roc_auc val_metric=0.5050
Step  350 | loss 0.5011 | val_acc=0.8000 val_roc_auc=0.5101 val_loss=0.5033 val_metric_name=roc_auc val_metric=0.5101
Step  400 | loss 0.5015 | val_acc=0.8000 val_roc_auc=0.5097 val_loss=0.5028 val_metric_name=roc_auc val_metric=0.5097
Step  450 | loss 0.5006 | val_acc=0.8000 val_roc_auc=0.5118 val_loss=0.5025 val_metric_name=roc_auc val_metric=0.5118
Early stopping at step 497

--- Final (best ckpt @ step 10) ---
  train_acc=0.8000 train_roc_auc=0.5160 train_loss=0.6004 train_metric_name=roc_auc train_metric=0.5160
  val_acc=0.8000 val_roc_auc=0.5141 val_loss=0.6028 val_metric_name=roc_auc val_metric=0.5141
  test_acc=0.8000 test_roc_auc=0.5000 test_loss=0.6065 test_metric_name=roc_auc test_metric=0.5000
  test_roc_auc=0.5000

============================================================
Training minesweeper ResNet 4L h=512 lr=0.0001 split=5
============================================================
Training for 5000 steps
Step    1 | loss 0.8116 | val_acc=0.8000 val_roc_auc=0.5029 val_loss=0.5472 val_metric_name=roc_auc val_metric=0.5029
Step   50 | loss 0.5045 | val_acc=0.8000 val_roc_auc=0.5065 val_loss=0.5133 val_metric_name=roc_auc val_metric=0.5065
Step  100 | loss 0.5021 | val_acc=0.8000 val_roc_auc=0.4906 val_loss=0.5088 val_metric_name=roc_auc val_metric=0.4906
Step  150 | loss 0.5007 | val_acc=0.8000 val_roc_auc=0.5048 val_loss=0.5046 val_metric_name=roc_auc val_metric=0.5048
Step  200 | loss 0.5011 | val_acc=0.8000 val_roc_auc=0.5107 val_loss=0.5037 val_metric_name=roc_auc val_metric=0.5107
Step  250 | loss 0.4996 | val_acc=0.8000 val_roc_auc=0.5048 val_loss=0.5028 val_metric_name=roc_auc val_metric=0.5048
Step  300 | loss 0.5013 | val_acc=0.8000 val_roc_auc=0.5097 val_loss=0.5025 val_metric_name=roc_auc val_metric=0.5097
Step  350 | loss 0.5005 | val_acc=0.8000 val_roc_auc=0.5122 val_loss=0.5020 val_metric_name=roc_auc val_metric=0.5122
Step  400 | loss 0.5010 | val_acc=0.8000 val_roc_auc=0.5097 val_loss=0.5019 val_metric_name=roc_auc val_metric=0.5097
Step  450 | loss 0.5001 | val_acc=0.8000 val_roc_auc=0.5128 val_loss=0.5018 val_metric_name=roc_auc val_metric=0.5128
Early stopping at step 490

--- Final (best ckpt @ step 190) ---
  train_acc=0.8000 train_roc_auc=0.5227 train_loss=0.5025 train_metric_name=roc_auc train_metric=0.5227
  val_acc=0.8000 val_roc_auc=0.5156 val_loss=0.5038 val_metric_name=roc_auc val_metric=0.5156
  test_acc=0.8000 test_roc_auc=0.4941 test_loss=0.5054 test_metric_name=roc_auc test_metric=0.4941
  test_roc_auc=0.4941

============================================================
Training minesweeper ResNet 4L h=512 lr=1e-05 split=5
============================================================
Training for 5000 steps
Step    1 | loss 0.8116 | val_acc=0.4980 val_roc_auc=0.4961 val_loss=0.7370 val_metric_name=roc_auc val_metric=0.4961
Step   50 | loss 0.5134 | val_acc=0.8000 val_roc_auc=0.5134 val_loss=0.5411 val_metric_name=roc_auc val_metric=0.5134
Step  100 | loss 0.5118 | val_acc=0.8000 val_roc_auc=0.5092 val_loss=0.5490 val_metric_name=roc_auc val_metric=0.5092
Step  150 | loss 0.5066 | val_acc=0.8000 val_roc_auc=0.5092 val_loss=0.5416 val_metric_name=roc_auc val_metric=0.5092
Step  200 | loss 0.5067 | val_acc=0.8000 val_roc_auc=0.4932 val_loss=0.5353 val_metric_name=roc_auc val_metric=0.4932
Step  250 | loss 0.5022 | val_acc=0.8000 val_roc_auc=0.4922 val_loss=0.5304 val_metric_name=roc_auc val_metric=0.4922
Step  300 | loss 0.5080 | val_acc=0.8000 val_roc_auc=0.4922 val_loss=0.5262 val_metric_name=roc_auc val_metric=0.4922
Early stopping at step 340

--- Final (best ckpt @ step 40) ---
  train_acc=0.8000 train_roc_auc=0.5185 train_loss=0.5529 train_metric_name=roc_auc train_metric=0.5185
  val_acc=0.8000 val_roc_auc=0.5300 val_loss=0.5545 val_metric_name=roc_auc val_metric=0.5300
  test_acc=0.8000 test_roc_auc=0.4915 test_loss=0.5584 test_metric_name=roc_auc test_metric=0.4915
  test_roc_auc=0.4915
  >> num_layers=4 hidden_dim=256 lr=3e-05 best_step=90 val_roc_auc=0.5128 test_roc_auc=0.5010
     val_acc=0.8000 val_loss=0.5249 val_metric=0.5128 val_metric_name=roc_auc val_roc_auc=0.5128
     test_acc=0.8000 test_loss=0.5258 test_metric=0.5010 test_metric_name=roc_auc test_roc_auc=0.5010
  >> num_layers=4 hidden_dim=256 lr=6e-05 best_step=60 val_roc_auc=0.5128 test_roc_auc=0.5010
     val_acc=0.8000 val_loss=0.5158 val_metric=0.5128 val_metric_name=roc_auc val_roc_auc=0.5128
     test_acc=0.8000 test_loss=0.5167 test_metric=0.5010 test_metric_name=roc_auc test_roc_auc=0.5010
  >> num_layers=4 hidden_dim=256 lr=0.0001 best_step=70 val_roc_auc=0.5128 test_roc_auc=0.5010
     val_acc=0.8000 val_loss=0.5099 val_metric=0.5128 val_metric_name=roc_auc val_roc_auc=0.5128
     test_acc=0.8000 test_loss=0.5108 test_metric=0.5010 test_metric_name=roc_auc test_roc_auc=0.5010
  >> num_layers=4 hidden_dim=256 lr=1e-05 best_step=80 val_roc_auc=0.5143 test_roc_auc=0.4930
     val_acc=0.8000 val_loss=0.5464 val_metric=0.5143 val_metric_name=roc_auc val_roc_auc=0.5143
     test_acc=0.8000 test_loss=0.5472 test_metric=0.4930 test_metric_name=roc_auc test_roc_auc=0.4930
  >> num_layers=4 hidden_dim=384 lr=3e-05 best_step=30 val_roc_auc=0.5171 test_roc_auc=0.4996
     val_acc=0.8000 val_loss=0.5064 val_metric=0.5171 val_metric_name=roc_auc val_roc_auc=0.5171
     test_acc=0.8000 test_loss=0.5078 test_metric=0.4996 test_metric_name=roc_auc test_roc_auc=0.4996
  >> num_layers=4 hidden_dim=384 lr=6e-05 best_step=590 val_roc_auc=0.5181 test_roc_auc=0.5000
     val_acc=0.8000 val_loss=0.5011 val_metric=0.5181 val_metric_name=roc_auc val_roc_auc=0.5181
     test_acc=0.8000 test_loss=0.5023 test_metric=0.5000 test_metric_name=roc_auc test_roc_auc=0.5000
  >> num_layers=4 hidden_dim=384 lr=0.0001 best_step=270 val_roc_auc=0.5176 test_roc_auc=0.5003
     val_acc=0.8000 val_loss=0.5015 val_metric=0.5176 val_metric_name=roc_auc val_roc_auc=0.5176
     test_acc=0.8000 test_loss=0.5026 test_metric=0.5003 test_metric_name=roc_auc test_roc_auc=0.5003
  >> num_layers=4 hidden_dim=384 lr=1e-05 best_step=90 val_roc_auc=0.5171 test_roc_auc=0.4996
     val_acc=0.8000 val_loss=0.5255 val_metric=0.5171 val_metric_name=roc_auc val_roc_auc=0.5171
     test_acc=0.8000 test_loss=0.5271 test_metric=0.4996 test_metric_name=roc_auc test_roc_auc=0.4996
  >> num_layers=4 hidden_dim=512 lr=3e-05 best_step=10 val_roc_auc=0.5198 test_roc_auc=0.4923
     val_acc=0.8000 val_loss=0.7518 val_metric=0.5198 val_metric_name=roc_auc val_roc_auc=0.5198
     test_acc=0.8000 test_loss=0.7570 test_metric=0.4923 test_metric_name=roc_auc test_roc_auc=0.4923
  >> num_layers=4 hidden_dim=512 lr=6e-05 best_step=10 val_roc_auc=0.5141 test_roc_auc=0.5000
     val_acc=0.8000 val_loss=0.6028 val_metric=0.5141 val_metric_name=roc_auc val_roc_auc=0.5141
     test_acc=0.8000 test_loss=0.6065 test_metric=0.5000 test_metric_name=roc_auc test_roc_auc=0.5000
  >> num_layers=4 hidden_dim=512 lr=0.0001 best_step=190 val_roc_auc=0.5156 test_roc_auc=0.4941
     val_acc=0.8000 val_loss=0.5038 val_metric=0.5156 val_metric_name=roc_auc val_roc_auc=0.5156
     test_acc=0.8000 test_loss=0.5054 test_metric=0.4941 test_metric_name=roc_auc test_roc_auc=0.4941
  >> num_layers=4 hidden_dim=512 lr=1e-05 best_step=40 val_roc_auc=0.5300 test_roc_auc=0.4915
     val_acc=0.8000 val_loss=0.5545 val_metric=0.5300 val_metric_name=roc_auc val_roc_auc=0.5300
     test_acc=0.8000 test_loss=0.5584 test_metric=0.4915 test_metric_name=roc_auc test_roc_auc=0.4915
  >> selected best (by val): num_layers=4 hidden_dim=512 lr=1e-05 val_roc_auc=0.5300 test_roc_auc=0.4915
     val_acc=0.8000 val_loss=0.5545 val_metric=0.5300 val_metric_name=roc_auc val_roc_auc=0.5300
     test_acc=0.8000 test_loss=0.5584 test_metric=0.4915 test_metric_name=roc_auc test_roc_auc=0.4915

Done. Results saved to /home/avshmelev/diploma_yandex_graphs/results_grid/minesweeper/base.csv, checkpoints in /home/avshmelev/diploma_yandex_graphs/all_checkpoints/minesweeper/base/
Skipping: "Done." found in /home/avshmelev/diploma_yandex_graphs/results_grid/minesweeper/logs_base/ResNet_4L_split5.log
