Loading data...

============================================================
Training minesweeper ResNet 4L h=256 lr=3e-05 split=9
============================================================
Training for 5000 steps
Step    1 | loss 0.7836 | val_acc=0.5828 val_roc_auc=0.4943 val_loss=0.7144 val_metric_name=roc_auc val_metric=0.4943
Step   50 | loss 0.5126 | val_acc=0.8000 val_roc_auc=0.5148 val_loss=0.5223 val_metric_name=roc_auc val_metric=0.5148
Step  100 | loss 0.5074 | val_acc=0.8000 val_roc_auc=0.5148 val_loss=0.5237 val_metric_name=roc_auc val_metric=0.5148
Step  150 | loss 0.5054 | val_acc=0.8000 val_roc_auc=0.5148 val_loss=0.5171 val_metric_name=roc_auc val_metric=0.5148
Step  200 | loss 0.5079 | val_acc=0.8000 val_roc_auc=0.5148 val_loss=0.5128 val_metric_name=roc_auc val_metric=0.5148
Step  250 | loss 0.5069 | val_acc=0.8000 val_roc_auc=0.5190 val_loss=0.5100 val_metric_name=roc_auc val_metric=0.5190
Step  300 | loss 0.5033 | val_acc=0.8000 val_roc_auc=0.5190 val_loss=0.5077 val_metric_name=roc_auc val_metric=0.5190
Early stopping at step 340

--- Final (best ckpt @ step 40) ---
  train_acc=0.8000 train_roc_auc=0.5178 train_loss=0.5323 train_metric_name=roc_auc train_metric=0.5178
  val_acc=0.8000 val_roc_auc=0.5241 val_loss=0.5323 val_metric_name=roc_auc val_metric=0.5241
  test_acc=0.8000 test_roc_auc=0.5122 test_loss=0.5335 test_metric_name=roc_auc test_metric=0.5122
  test_roc_auc=0.5122

============================================================
Training minesweeper ResNet 4L h=256 lr=6e-05 split=9
============================================================
Training for 5000 steps
Step    1 | loss 0.7836 | val_acc=0.7608 val_roc_auc=0.4943 val_loss=0.6453 val_metric_name=roc_auc val_metric=0.4943
Step   50 | loss 0.5096 | val_acc=0.8000 val_roc_auc=0.5190 val_loss=0.5289 val_metric_name=roc_auc val_metric=0.5190
Step  100 | loss 0.5052 | val_acc=0.8000 val_roc_auc=0.5190 val_loss=0.5123 val_metric_name=roc_auc val_metric=0.5190
Step  150 | loss 0.5032 | val_acc=0.8000 val_roc_auc=0.5190 val_loss=0.5078 val_metric_name=roc_auc val_metric=0.5190
Step  200 | loss 0.5053 | val_acc=0.8000 val_roc_auc=0.5190 val_loss=0.5055 val_metric_name=roc_auc val_metric=0.5190
Step  250 | loss 0.5042 | val_acc=0.8000 val_roc_auc=0.5190 val_loss=0.5044 val_metric_name=roc_auc val_metric=0.5190
Step  300 | loss 0.5015 | val_acc=0.8000 val_roc_auc=0.5202 val_loss=0.5034 val_metric_name=roc_auc val_metric=0.5202
Step  350 | loss 0.5006 | val_acc=0.8000 val_roc_auc=0.5202 val_loss=0.5028 val_metric_name=roc_auc val_metric=0.5202
Step  400 | loss 0.5000 | val_acc=0.8000 val_roc_auc=0.5202 val_loss=0.5024 val_metric_name=roc_auc val_metric=0.5202
Step  450 | loss 0.5006 | val_acc=0.8000 val_roc_auc=0.5202 val_loss=0.5023 val_metric_name=roc_auc val_metric=0.5202
Step  500 | loss 0.5003 | val_acc=0.8000 val_roc_auc=0.5202 val_loss=0.5021 val_metric_name=roc_auc val_metric=0.5202
Early stopping at step 530

--- Final (best ckpt @ step 230) ---
  train_acc=0.8000 train_roc_auc=0.5208 train_loss=0.5040 train_metric_name=roc_auc train_metric=0.5208
  val_acc=0.8000 val_roc_auc=0.5202 val_loss=0.5046 val_metric_name=roc_auc val_metric=0.5202
  test_acc=0.8000 test_roc_auc=0.5018 test_loss=0.5057 test_metric_name=roc_auc test_metric=0.5018
  test_roc_auc=0.5018

============================================================
Training minesweeper ResNet 4L h=256 lr=0.0001 split=9
============================================================
Training for 5000 steps
Step    1 | loss 0.7836 | val_acc=0.7608 val_roc_auc=0.4952 val_loss=0.5768 val_metric_name=roc_auc val_metric=0.4952
Step   50 | loss 0.5078 | val_acc=0.8000 val_roc_auc=0.5148 val_loss=0.5067 val_metric_name=roc_auc val_metric=0.5148
Step  100 | loss 0.5037 | val_acc=0.8000 val_roc_auc=0.5190 val_loss=0.5068 val_metric_name=roc_auc val_metric=0.5190
Step  150 | loss 0.5020 | val_acc=0.8000 val_roc_auc=0.5202 val_loss=0.5041 val_metric_name=roc_auc val_metric=0.5202
Step  200 | loss 0.5037 | val_acc=0.8000 val_roc_auc=0.5202 val_loss=0.5031 val_metric_name=roc_auc val_metric=0.5202
Step  250 | loss 0.5028 | val_acc=0.8000 val_roc_auc=0.5202 val_loss=0.5027 val_metric_name=roc_auc val_metric=0.5202
Step  300 | loss 0.5006 | val_acc=0.8000 val_roc_auc=0.5202 val_loss=0.5021 val_metric_name=roc_auc val_metric=0.5202
Step  350 | loss 0.5000 | val_acc=0.8000 val_roc_auc=0.5202 val_loss=0.5017 val_metric_name=roc_auc val_metric=0.5202
Step  400 | loss 0.4996 | val_acc=0.8000 val_roc_auc=0.5202 val_loss=0.5015 val_metric_name=roc_auc val_metric=0.5202
Early stopping at step 430

--- Final (best ckpt @ step 130) ---
  train_acc=0.8000 train_roc_auc=0.5208 train_loss=0.5043 train_metric_name=roc_auc train_metric=0.5208
  val_acc=0.8000 val_roc_auc=0.5202 val_loss=0.5050 val_metric_name=roc_auc val_metric=0.5202
  test_acc=0.8000 test_roc_auc=0.5018 test_loss=0.5060 test_metric_name=roc_auc test_metric=0.5018
  test_roc_auc=0.5018

============================================================
Training minesweeper ResNet 4L h=256 lr=1e-05 split=9
============================================================
Training for 5000 steps
Step    1 | loss 0.7836 | val_acc=0.2000 val_roc_auc=0.5057 val_loss=0.7692 val_metric_name=roc_auc val_metric=0.5057
Step   50 | loss 0.5165 | val_acc=0.8000 val_roc_auc=0.4952 val_loss=0.5581 val_metric_name=roc_auc val_metric=0.4952
Step  100 | loss 0.5110 | val_acc=0.8000 val_roc_auc=0.5204 val_loss=0.5454 val_metric_name=roc_auc val_metric=0.5204
Step  150 | loss 0.5100 | val_acc=0.8000 val_roc_auc=0.5190 val_loss=0.5400 val_metric_name=roc_auc val_metric=0.5190
Step  200 | loss 0.5128 | val_acc=0.8000 val_roc_auc=0.5190 val_loss=0.5352 val_metric_name=roc_auc val_metric=0.5190
Step  250 | loss 0.5120 | val_acc=0.8000 val_roc_auc=0.5148 val_loss=0.5306 val_metric_name=roc_auc val_metric=0.5148
Step  300 | loss 0.5079 | val_acc=0.8000 val_roc_auc=0.5148 val_loss=0.5264 val_metric_name=roc_auc val_metric=0.5148
Step  350 | loss 0.5057 | val_acc=0.8000 val_roc_auc=0.5148 val_loss=0.5232 val_metric_name=roc_auc val_metric=0.5148
Early stopping at step 380

--- Final (best ckpt @ step 80) ---
  train_acc=0.8000 train_roc_auc=0.5207 train_loss=0.5521 train_metric_name=roc_auc train_metric=0.5207
  val_acc=0.8000 val_roc_auc=0.5204 val_loss=0.5528 val_metric_name=roc_auc val_metric=0.5204
  test_acc=0.8000 test_roc_auc=0.5018 test_loss=0.5538 test_metric_name=roc_auc test_metric=0.5018
  test_roc_auc=0.5018

============================================================
Training minesweeper ResNet 4L h=384 lr=3e-05 split=9
============================================================
Training for 5000 steps
Step    1 | loss 0.6161 | val_acc=0.8000 val_roc_auc=0.4937 val_loss=0.5248 val_metric_name=roc_auc val_metric=0.4937
Step   50 | loss 0.5054 | val_acc=0.8000 val_roc_auc=0.5199 val_loss=0.5142 val_metric_name=roc_auc val_metric=0.5199
Step  100 | loss 0.5048 | val_acc=0.8000 val_roc_auc=0.5199 val_loss=0.5114 val_metric_name=roc_auc val_metric=0.5199
Step  150 | loss 0.5008 | val_acc=0.8000 val_roc_auc=0.5202 val_loss=0.5078 val_metric_name=roc_auc val_metric=0.5202
Step  200 | loss 0.5033 | val_acc=0.8000 val_roc_auc=0.5202 val_loss=0.5056 val_metric_name=roc_auc val_metric=0.5202
Step  250 | loss 0.5039 | val_acc=0.8000 val_roc_auc=0.5202 val_loss=0.5043 val_metric_name=roc_auc val_metric=0.5202
Step  300 | loss 0.5014 | val_acc=0.8000 val_roc_auc=0.5202 val_loss=0.5034 val_metric_name=roc_auc val_metric=0.5202
Step  350 | loss 0.5020 | val_acc=0.8000 val_roc_auc=0.5202 val_loss=0.5026 val_metric_name=roc_auc val_metric=0.5202
Step  400 | loss 0.5009 | val_acc=0.8000 val_roc_auc=0.5202 val_loss=0.5023 val_metric_name=roc_auc val_metric=0.5202
Early stopping at step 440

--- Final (best ckpt @ step 140) ---
  train_acc=0.8000 train_roc_auc=0.5178 train_loss=0.5080 train_metric_name=roc_auc train_metric=0.5178
  val_acc=0.8000 val_roc_auc=0.5241 val_loss=0.5084 val_metric_name=roc_auc val_metric=0.5241
  test_acc=0.8000 test_roc_auc=0.5122 test_loss=0.5097 test_metric_name=roc_auc test_metric=0.5122
  test_roc_auc=0.5122

============================================================
Training minesweeper ResNet 4L h=384 lr=6e-05 split=9
============================================================
Training for 5000 steps
Step    1 | loss 0.6161 | val_acc=0.8000 val_roc_auc=0.4943 val_loss=0.5069 val_metric_name=roc_auc val_metric=0.4943
Step   50 | loss 0.5031 | val_acc=0.8000 val_roc_auc=0.5194 val_loss=0.5077 val_metric_name=roc_auc val_metric=0.5194
Step  100 | loss 0.5030 | val_acc=0.8000 val_roc_auc=0.5241 val_loss=0.5057 val_metric_name=roc_auc val_metric=0.5241
Step  150 | loss 0.5002 | val_acc=0.8000 val_roc_auc=0.5202 val_loss=0.5040 val_metric_name=roc_auc val_metric=0.5202
Step  200 | loss 0.5017 | val_acc=0.8000 val_roc_auc=0.5202 val_loss=0.5028 val_metric_name=roc_auc val_metric=0.5202
Step  250 | loss 0.5025 | val_acc=0.8000 val_roc_auc=0.5202 val_loss=0.5022 val_metric_name=roc_auc val_metric=0.5202
Step  300 | loss 0.5004 | val_acc=0.8000 val_roc_auc=0.5202 val_loss=0.5018 val_metric_name=roc_auc val_metric=0.5202
Early stopping at step 320

--- Final (best ckpt @ step 20) ---
  train_acc=0.8000 train_roc_auc=0.5178 train_loss=0.5290 train_metric_name=roc_auc train_metric=0.5178
  val_acc=0.8000 val_roc_auc=0.5241 val_loss=0.5295 val_metric_name=roc_auc val_metric=0.5241
  test_acc=0.8000 test_roc_auc=0.5122 test_loss=0.5302 test_metric_name=roc_auc test_metric=0.5122
  test_roc_auc=0.5122

============================================================
Training minesweeper ResNet 4L h=384 lr=0.0001 split=9
============================================================
Training for 5000 steps
Step    1 | loss 0.6161 | val_acc=0.8000 val_roc_auc=0.4951 val_loss=0.5298 val_metric_name=roc_auc val_metric=0.4951
Step   50 | loss 0.5021 | val_acc=0.8000 val_roc_auc=0.5202 val_loss=0.5094 val_metric_name=roc_auc val_metric=0.5202
Step  100 | loss 0.5018 | val_acc=0.8000 val_roc_auc=0.5202 val_loss=0.5033 val_metric_name=roc_auc val_metric=0.5202
Step  150 | loss 0.5002 | val_acc=0.8000 val_roc_auc=0.5202 val_loss=0.5025 val_metric_name=roc_auc val_metric=0.5202
Step  200 | loss 0.5011 | val_acc=0.8000 val_roc_auc=0.5202 val_loss=0.5019 val_metric_name=roc_auc val_metric=0.5202
Step  250 | loss 0.5017 | val_acc=0.8000 val_roc_auc=0.5202 val_loss=0.5016 val_metric_name=roc_auc val_metric=0.5202
Step  300 | loss 0.5001 | val_acc=0.8000 val_roc_auc=0.5202 val_loss=0.5013 val_metric_name=roc_auc val_metric=0.5202
Step  350 | loss 0.5006 | val_acc=0.8000 val_roc_auc=0.5202 val_loss=0.5011 val_metric_name=roc_auc val_metric=0.5202
Early stopping at step 360

--- Final (best ckpt @ step 60) ---
  train_acc=0.8000 train_roc_auc=0.5178 train_loss=0.5047 train_metric_name=roc_auc train_metric=0.5178
  val_acc=0.8000 val_roc_auc=0.5241 val_loss=0.5050 val_metric_name=roc_auc val_metric=0.5241
  test_acc=0.8000 test_roc_auc=0.5122 test_loss=0.5063 test_metric_name=roc_auc test_metric=0.5122
  test_roc_auc=0.5122

============================================================
Training minesweeper ResNet 4L h=384 lr=1e-05 split=9
============================================================
Training for 5000 steps
Step    1 | loss 0.6161 | val_acc=0.8000 val_roc_auc=0.4918 val_loss=0.5593 val_metric_name=roc_auc val_metric=0.4918
Step   50 | loss 0.5086 | val_acc=0.8000 val_roc_auc=0.5194 val_loss=0.5233 val_metric_name=roc_auc val_metric=0.5194
Step  100 | loss 0.5081 | val_acc=0.8000 val_roc_auc=0.5194 val_loss=0.5240 val_metric_name=roc_auc val_metric=0.5194
Step  150 | loss 0.5030 | val_acc=0.8000 val_roc_auc=0.5199 val_loss=0.5198 val_metric_name=roc_auc val_metric=0.5199
Step  200 | loss 0.5072 | val_acc=0.8000 val_roc_auc=0.5199 val_loss=0.5160 val_metric_name=roc_auc val_metric=0.5199
Step  250 | loss 0.5070 | val_acc=0.8000 val_roc_auc=0.5199 val_loss=0.5132 val_metric_name=roc_auc val_metric=0.5199
Step  300 | loss 0.5044 | val_acc=0.8000 val_roc_auc=0.5199 val_loss=0.5107 val_metric_name=roc_auc val_metric=0.5199
Early stopping at step 334

--- Final (best ckpt @ step 30) ---
  train_acc=0.8000 train_roc_auc=0.5207 train_loss=0.5523 train_metric_name=roc_auc train_metric=0.5207
  val_acc=0.8000 val_roc_auc=0.5204 val_loss=0.5526 val_metric_name=roc_auc val_metric=0.5204
  test_acc=0.8000 test_roc_auc=0.5018 test_loss=0.5538 test_metric_name=roc_auc test_metric=0.5018
  test_roc_auc=0.5018

============================================================
Training minesweeper ResNet 4L h=512 lr=3e-05 split=9
============================================================
Training for 5000 steps
Step    1 | loss 0.5679 | val_acc=0.8000 val_roc_auc=0.5040 val_loss=0.5267 val_metric_name=roc_auc val_metric=0.5040
Step   50 | loss 0.5085 | val_acc=0.8000 val_roc_auc=0.5075 val_loss=0.5161 val_metric_name=roc_auc val_metric=0.5075
Step  100 | loss 0.5051 | val_acc=0.8000 val_roc_auc=0.5201 val_loss=0.5088 val_metric_name=roc_auc val_metric=0.5201
Step  150 | loss 0.5057 | val_acc=0.8000 val_roc_auc=0.5202 val_loss=0.5056 val_metric_name=roc_auc val_metric=0.5202
Step  200 | loss 0.5032 | val_acc=0.8000 val_roc_auc=0.5202 val_loss=0.5037 val_metric_name=roc_auc val_metric=0.5202
Step  250 | loss 0.5029 | val_acc=0.8000 val_roc_auc=0.5202 val_loss=0.5027 val_metric_name=roc_auc val_metric=0.5202
Step  300 | loss 0.5033 | val_acc=0.8000 val_roc_auc=0.5202 val_loss=0.5024 val_metric_name=roc_auc val_metric=0.5202
Step  350 | loss 0.5010 | val_acc=0.8000 val_roc_auc=0.5202 val_loss=0.5024 val_metric_name=roc_auc val_metric=0.5202
Step  400 | loss 0.5016 | val_acc=0.8000 val_roc_auc=0.5202 val_loss=0.5018 val_metric_name=roc_auc val_metric=0.5202
Step  450 | loss 0.5023 | val_acc=0.8000 val_roc_auc=0.5202 val_loss=0.5017 val_metric_name=roc_auc val_metric=0.5202
Step  500 | loss 0.5014 | val_acc=0.8000 val_roc_auc=0.5202 val_loss=0.5017 val_metric_name=roc_auc val_metric=0.5202
Step  550 | loss 0.5000 | val_acc=0.8000 val_roc_auc=0.5204 val_loss=0.5016 val_metric_name=roc_auc val_metric=0.5204
Step  600 | loss 0.5013 | val_acc=0.8000 val_roc_auc=0.5202 val_loss=0.5015 val_metric_name=roc_auc val_metric=0.5202
Early stopping at step 610

--- Final (best ckpt @ step 310) ---
  train_acc=0.8000 train_roc_auc=0.5207 train_loss=0.5017 train_metric_name=roc_auc train_metric=0.5207
  val_acc=0.8000 val_roc_auc=0.5204 val_loss=0.5026 val_metric_name=roc_auc val_metric=0.5204
  test_acc=0.8000 test_roc_auc=0.5018 test_loss=0.5036 test_metric_name=roc_auc test_metric=0.5018
  test_roc_auc=0.5018

============================================================
Training minesweeper ResNet 4L h=512 lr=6e-05 split=9
============================================================
Training for 5000 steps
Step    1 | loss 0.5679 | val_acc=0.8000 val_roc_auc=0.4925 val_loss=0.5835 val_metric_name=roc_auc val_metric=0.4925
Step   50 | loss 0.5064 | val_acc=0.8000 val_roc_auc=0.5189 val_loss=0.5077 val_metric_name=roc_auc val_metric=0.5189
Step  100 | loss 0.5033 | val_acc=0.8000 val_roc_auc=0.5202 val_loss=0.5042 val_metric_name=roc_auc val_metric=0.5202
Step  150 | loss 0.5041 | val_acc=0.8000 val_roc_auc=0.5202 val_loss=0.5027 val_metric_name=roc_auc val_metric=0.5202
Step  200 | loss 0.5021 | val_acc=0.8000 val_roc_auc=0.5202 val_loss=0.5021 val_metric_name=roc_auc val_metric=0.5202
Step  250 | loss 0.5016 | val_acc=0.8000 val_roc_auc=0.5202 val_loss=0.5017 val_metric_name=roc_auc val_metric=0.5202
Step  300 | loss 0.5020 | val_acc=0.8000 val_roc_auc=0.5202 val_loss=0.5016 val_metric_name=roc_auc val_metric=0.5202
Step  350 | loss 0.5004 | val_acc=0.8000 val_roc_auc=0.5202 val_loss=0.5015 val_metric_name=roc_auc val_metric=0.5202
Step  400 | loss 0.5009 | val_acc=0.8000 val_roc_auc=0.5202 val_loss=0.5012 val_metric_name=roc_auc val_metric=0.5202
Early stopping at step 410

--- Final (best ckpt @ step 110) ---
  train_acc=0.8000 train_roc_auc=0.5207 train_loss=0.5028 train_metric_name=roc_auc train_metric=0.5207
  val_acc=0.8000 val_roc_auc=0.5204 val_loss=0.5037 val_metric_name=roc_auc val_metric=0.5204
  test_acc=0.8000 test_roc_auc=0.5018 test_loss=0.5047 test_metric_name=roc_auc test_metric=0.5018
  test_roc_auc=0.5018

============================================================
Training minesweeper ResNet 4L h=512 lr=0.0001 split=9
============================================================
Training for 5000 steps
Step    1 | loss 0.5679 | val_acc=0.8000 val_roc_auc=0.4895 val_loss=0.7025 val_metric_name=roc_auc val_metric=0.4895
Step   50 | loss 0.5052 | val_acc=0.8000 val_roc_auc=0.5190 val_loss=0.5057 val_metric_name=roc_auc val_metric=0.5190
Step  100 | loss 0.5023 | val_acc=0.8000 val_roc_auc=0.5202 val_loss=0.5026 val_metric_name=roc_auc val_metric=0.5202
Step  150 | loss 0.5031 | val_acc=0.8000 val_roc_auc=0.5202 val_loss=0.5020 val_metric_name=roc_auc val_metric=0.5202
Step  200 | loss 0.5015 | val_acc=0.8000 val_roc_auc=0.5202 val_loss=0.5014 val_metric_name=roc_auc val_metric=0.5202
Step  250 | loss 0.5009 | val_acc=0.8000 val_roc_auc=0.5202 val_loss=0.5012 val_metric_name=roc_auc val_metric=0.5202
Step  300 | loss 0.5014 | val_acc=0.8000 val_roc_auc=0.5202 val_loss=0.5014 val_metric_name=roc_auc val_metric=0.5202
Step  350 | loss 0.5000 | val_acc=0.8000 val_roc_auc=0.5202 val_loss=0.5012 val_metric_name=roc_auc val_metric=0.5202
Early stopping at step 360

--- Final (best ckpt @ step 60) ---
  train_acc=0.8000 train_roc_auc=0.5207 train_loss=0.5047 train_metric_name=roc_auc train_metric=0.5207
  val_acc=0.8000 val_roc_auc=0.5204 val_loss=0.5057 val_metric_name=roc_auc val_metric=0.5204
  test_acc=0.8000 test_roc_auc=0.5018 test_loss=0.5065 test_metric_name=roc_auc test_metric=0.5018
  test_roc_auc=0.5018

============================================================
Training minesweeper ResNet 4L h=512 lr=1e-05 split=9
============================================================
Training for 5000 steps
Step    1 | loss 0.5679 | val_acc=0.8000 val_roc_auc=0.5040 val_loss=0.5197 val_metric_name=roc_auc val_metric=0.5040
Step   50 | loss 0.5124 | val_acc=0.8000 val_roc_auc=0.5075 val_loss=0.5273 val_metric_name=roc_auc val_metric=0.5075
Step  100 | loss 0.5094 | val_acc=0.8000 val_roc_auc=0.5075 val_loss=0.5207 val_metric_name=roc_auc val_metric=0.5075
Step  150 | loss 0.5091 | val_acc=0.8000 val_roc_auc=0.5189 val_loss=0.5154 val_metric_name=roc_auc val_metric=0.5189
Step  200 | loss 0.5063 | val_acc=0.8000 val_roc_auc=0.5188 val_loss=0.5120 val_metric_name=roc_auc val_metric=0.5188
Step  250 | loss 0.5062 | val_acc=0.8000 val_roc_auc=0.5189 val_loss=0.5087 val_metric_name=roc_auc val_metric=0.5189
Step  300 | loss 0.5063 | val_acc=0.8000 val_roc_auc=0.5188 val_loss=0.5072 val_metric_name=roc_auc val_metric=0.5188
Step  350 | loss 0.5026 | val_acc=0.8000 val_roc_auc=0.5188 val_loss=0.5066 val_metric_name=roc_auc val_metric=0.5188
Step  400 | loss 0.5032 | val_acc=0.8000 val_roc_auc=0.5188 val_loss=0.5055 val_metric_name=roc_auc val_metric=0.5188
Step  450 | loss 0.5047 | val_acc=0.8000 val_roc_auc=0.5189 val_loss=0.5048 val_metric_name=roc_auc val_metric=0.5189
Early stopping at step 450

--- Final (best ckpt @ step 150) ---
  train_acc=0.8000 train_roc_auc=0.5203 train_loss=0.5144 train_metric_name=roc_auc train_metric=0.5203
  val_acc=0.8000 val_roc_auc=0.5189 val_loss=0.5154 val_metric_name=roc_auc val_metric=0.5189
  test_acc=0.8000 test_roc_auc=0.4991 test_loss=0.5164 test_metric_name=roc_auc test_metric=0.4991
  test_roc_auc=0.4991
  >> num_layers=4 hidden_dim=256 lr=3e-05 best_step=40 val_roc_auc=0.5241 test_roc_auc=0.5122
     val_acc=0.8000 val_loss=0.5323 val_metric=0.5241 val_metric_name=roc_auc val_roc_auc=0.5241
     test_acc=0.8000 test_loss=0.5335 test_metric=0.5122 test_metric_name=roc_auc test_roc_auc=0.5122
  >> num_layers=4 hidden_dim=256 lr=6e-05 best_step=230 val_roc_auc=0.5202 test_roc_auc=0.5018
     val_acc=0.8000 val_loss=0.5046 val_metric=0.5202 val_metric_name=roc_auc val_roc_auc=0.5202
     test_acc=0.8000 test_loss=0.5057 test_metric=0.5018 test_metric_name=roc_auc test_roc_auc=0.5018
  >> num_layers=4 hidden_dim=256 lr=0.0001 best_step=130 val_roc_auc=0.5202 test_roc_auc=0.5018
     val_acc=0.8000 val_loss=0.5050 val_metric=0.5202 val_metric_name=roc_auc val_roc_auc=0.5202
     test_acc=0.8000 test_loss=0.5060 test_metric=0.5018 test_metric_name=roc_auc test_roc_auc=0.5018
  >> num_layers=4 hidden_dim=256 lr=1e-05 best_step=80 val_roc_auc=0.5204 test_roc_auc=0.5018
     val_acc=0.8000 val_loss=0.5528 val_metric=0.5204 val_metric_name=roc_auc val_roc_auc=0.5204
     test_acc=0.8000 test_loss=0.5538 test_metric=0.5018 test_metric_name=roc_auc test_roc_auc=0.5018
  >> num_layers=4 hidden_dim=384 lr=3e-05 best_step=140 val_roc_auc=0.5241 test_roc_auc=0.5122
     val_acc=0.8000 val_loss=0.5084 val_metric=0.5241 val_metric_name=roc_auc val_roc_auc=0.5241
     test_acc=0.8000 test_loss=0.5097 test_metric=0.5122 test_metric_name=roc_auc test_roc_auc=0.5122
  >> num_layers=4 hidden_dim=384 lr=6e-05 best_step=20 val_roc_auc=0.5241 test_roc_auc=0.5122
     val_acc=0.8000 val_loss=0.5295 val_metric=0.5241 val_metric_name=roc_auc val_roc_auc=0.5241
     test_acc=0.8000 test_loss=0.5302 test_metric=0.5122 test_metric_name=roc_auc test_roc_auc=0.5122
  >> num_layers=4 hidden_dim=384 lr=0.0001 best_step=60 val_roc_auc=0.5241 test_roc_auc=0.5122
     val_acc=0.8000 val_loss=0.5050 val_metric=0.5241 val_metric_name=roc_auc val_roc_auc=0.5241
     test_acc=0.8000 test_loss=0.5063 test_metric=0.5122 test_metric_name=roc_auc test_roc_auc=0.5122
  >> num_layers=4 hidden_dim=384 lr=1e-05 best_step=30 val_roc_auc=0.5204 test_roc_auc=0.5018
     val_acc=0.8000 val_loss=0.5526 val_metric=0.5204 val_metric_name=roc_auc val_roc_auc=0.5204
     test_acc=0.8000 test_loss=0.5538 test_metric=0.5018 test_metric_name=roc_auc test_roc_auc=0.5018
  >> num_layers=4 hidden_dim=512 lr=3e-05 best_step=310 val_roc_auc=0.5204 test_roc_auc=0.5018
     val_acc=0.8000 val_loss=0.5026 val_metric=0.5204 val_metric_name=roc_auc val_roc_auc=0.5204
     test_acc=0.8000 test_loss=0.5036 test_metric=0.5018 test_metric_name=roc_auc test_roc_auc=0.5018
  >> num_layers=4 hidden_dim=512 lr=6e-05 best_step=110 val_roc_auc=0.5204 test_roc_auc=0.5018
     val_acc=0.8000 val_loss=0.5037 val_metric=0.5204 val_metric_name=roc_auc val_roc_auc=0.5204
     test_acc=0.8000 test_loss=0.5047 test_metric=0.5018 test_metric_name=roc_auc test_roc_auc=0.5018
  >> num_layers=4 hidden_dim=512 lr=0.0001 best_step=60 val_roc_auc=0.5204 test_roc_auc=0.5018
     val_acc=0.8000 val_loss=0.5057 val_metric=0.5204 val_metric_name=roc_auc val_roc_auc=0.5204
     test_acc=0.8000 test_loss=0.5065 test_metric=0.5018 test_metric_name=roc_auc test_roc_auc=0.5018
  >> num_layers=4 hidden_dim=512 lr=1e-05 best_step=150 val_roc_auc=0.5189 test_roc_auc=0.4991
     val_acc=0.8000 val_loss=0.5154 val_metric=0.5189 val_metric_name=roc_auc val_roc_auc=0.5189
     test_acc=0.8000 test_loss=0.5164 test_metric=0.4991 test_metric_name=roc_auc test_roc_auc=0.4991
  >> selected best (by val): num_layers=4 hidden_dim=256 lr=3e-05 val_roc_auc=0.5241 test_roc_auc=0.5122
     val_acc=0.8000 val_loss=0.5323 val_metric=0.5241 val_metric_name=roc_auc val_roc_auc=0.5241
     test_acc=0.8000 test_loss=0.5335 test_metric=0.5122 test_metric_name=roc_auc test_roc_auc=0.5122

Done. Results saved to /home/avshmelev/diploma_yandex_graphs/results_grid/minesweeper/base.csv, checkpoints in /home/avshmelev/diploma_yandex_graphs/all_checkpoints/minesweeper/base/
