Loading data...

============================================================
Training minesweeper ResNet 3L h=256 lr=3e-05 split=8
============================================================
Training for 5000 steps
Step    1 | loss 0.9256 | val_acc=0.4620 val_roc_auc=0.5097 val_loss=0.8622 val_metric_name=roc_auc val_metric=0.5097
Step   50 | loss 0.5104 | val_acc=0.8000 val_roc_auc=0.5358 val_loss=0.5458 val_metric_name=roc_auc val_metric=0.5358
Step  100 | loss 0.5066 | val_acc=0.8000 val_roc_auc=0.5358 val_loss=0.5399 val_metric_name=roc_auc val_metric=0.5358
Step  150 | loss 0.5094 | val_acc=0.8000 val_roc_auc=0.5354 val_loss=0.5309 val_metric_name=roc_auc val_metric=0.5354
Step  200 | loss 0.5083 | val_acc=0.8000 val_roc_auc=0.5273 val_loss=0.5241 val_metric_name=roc_auc val_metric=0.5273
Step  250 | loss 0.5060 | val_acc=0.8000 val_roc_auc=0.5241 val_loss=0.5191 val_metric_name=roc_auc val_metric=0.5241
Step  300 | loss 0.5045 | val_acc=0.8000 val_roc_auc=0.5241 val_loss=0.5149 val_metric_name=roc_auc val_metric=0.5241
Step  350 | loss 0.5038 | val_acc=0.8000 val_roc_auc=0.5241 val_loss=0.5125 val_metric_name=roc_auc val_metric=0.5241
Early stopping at step 350

--- Final (best ckpt @ step 50) ---
  train_acc=0.8000 train_roc_auc=0.5205 train_loss=0.5462 train_metric_name=roc_auc train_metric=0.5205
  val_acc=0.8000 val_roc_auc=0.5358 val_loss=0.5458 val_metric_name=roc_auc val_metric=0.5358
  test_acc=0.8000 test_roc_auc=0.4875 test_loss=0.5489 test_metric_name=roc_auc test_metric=0.4875
  test_roc_auc=0.4875

============================================================
Training minesweeper ResNet 3L h=256 lr=6e-05 split=8
============================================================
Training for 5000 steps
Step    1 | loss 0.9256 | val_acc=0.4620 val_roc_auc=0.5258 val_loss=0.7697 val_metric_name=roc_auc val_metric=0.5258
Step   50 | loss 0.5076 | val_acc=0.8000 val_roc_auc=0.5277 val_loss=0.5395 val_metric_name=roc_auc val_metric=0.5277
Step  100 | loss 0.5039 | val_acc=0.8000 val_roc_auc=0.5273 val_loss=0.5216 val_metric_name=roc_auc val_metric=0.5273
Step  150 | loss 0.5065 | val_acc=0.8000 val_roc_auc=0.5273 val_loss=0.5150 val_metric_name=roc_auc val_metric=0.5273
Step  200 | loss 0.5054 | val_acc=0.8000 val_roc_auc=0.5241 val_loss=0.5110 val_metric_name=roc_auc val_metric=0.5241
Step  250 | loss 0.5036 | val_acc=0.8000 val_roc_auc=0.5273 val_loss=0.5081 val_metric_name=roc_auc val_metric=0.5273
Step  300 | loss 0.5025 | val_acc=0.8000 val_roc_auc=0.5241 val_loss=0.5063 val_metric_name=roc_auc val_metric=0.5241
Early stopping at step 330

--- Final (best ckpt @ step 30) ---
  train_acc=0.8000 train_roc_auc=0.5205 train_loss=0.5335 train_metric_name=roc_auc train_metric=0.5205
  val_acc=0.8000 val_roc_auc=0.5358 val_loss=0.5331 val_metric_name=roc_auc val_metric=0.5358
  test_acc=0.8000 test_roc_auc=0.4875 test_loss=0.5359 test_metric_name=roc_auc test_metric=0.4875
  test_roc_auc=0.4875

============================================================
Training minesweeper ResNet 3L h=256 lr=0.0001 split=8
============================================================
Training for 5000 steps
Step    1 | loss 0.9256 | val_acc=0.4620 val_roc_auc=0.5258 val_loss=0.6683 val_metric_name=roc_auc val_metric=0.5258
Step   50 | loss 0.5057 | val_acc=0.8000 val_roc_auc=0.5241 val_loss=0.5205 val_metric_name=roc_auc val_metric=0.5241
Step  100 | loss 0.5024 | val_acc=0.8000 val_roc_auc=0.5273 val_loss=0.5126 val_metric_name=roc_auc val_metric=0.5273
Step  150 | loss 0.5048 | val_acc=0.8000 val_roc_auc=0.5273 val_loss=0.5080 val_metric_name=roc_auc val_metric=0.5273
Step  200 | loss 0.5040 | val_acc=0.8000 val_roc_auc=0.5241 val_loss=0.5058 val_metric_name=roc_auc val_metric=0.5241
Step  250 | loss 0.5024 | val_acc=0.8000 val_roc_auc=0.5273 val_loss=0.5042 val_metric_name=roc_auc val_metric=0.5273
Step  300 | loss 0.5016 | val_acc=0.8000 val_roc_auc=0.5241 val_loss=0.5032 val_metric_name=roc_auc val_metric=0.5241
Early stopping at step 320

--- Final (best ckpt @ step 20) ---
  train_acc=0.8000 train_roc_auc=0.5205 train_loss=0.5367 train_metric_name=roc_auc train_metric=0.5205
  val_acc=0.8000 val_roc_auc=0.5358 val_loss=0.5362 val_metric_name=roc_auc val_metric=0.5358
  test_acc=0.8000 test_roc_auc=0.4875 test_loss=0.5390 test_metric_name=roc_auc test_metric=0.4875
  test_roc_auc=0.4875

============================================================
Training minesweeper ResNet 3L h=256 lr=1e-05 split=8
============================================================
Training for 5000 steps
Step    1 | loss 0.9256 | val_acc=0.4056 val_roc_auc=0.5088 val_loss=0.9311 val_metric_name=roc_auc val_metric=0.5088
Step   50 | loss 0.5183 | val_acc=0.8000 val_roc_auc=0.5243 val_loss=0.5477 val_metric_name=roc_auc val_metric=0.5243
Step  100 | loss 0.5118 | val_acc=0.8000 val_roc_auc=0.5324 val_loss=0.5718 val_metric_name=roc_auc val_metric=0.5324
Step  150 | loss 0.5145 | val_acc=0.8000 val_roc_auc=0.5358 val_loss=0.5619 val_metric_name=roc_auc val_metric=0.5358
Step  200 | loss 0.5145 | val_acc=0.8000 val_roc_auc=0.5358 val_loss=0.5562 val_metric_name=roc_auc val_metric=0.5358
Step  250 | loss 0.5119 | val_acc=0.8000 val_roc_auc=0.5358 val_loss=0.5506 val_metric_name=roc_auc val_metric=0.5358
Step  300 | loss 0.5097 | val_acc=0.8000 val_roc_auc=0.5358 val_loss=0.5453 val_metric_name=roc_auc val_metric=0.5358
Step  350 | loss 0.5090 | val_acc=0.8000 val_roc_auc=0.5358 val_loss=0.5409 val_metric_name=roc_auc val_metric=0.5358
Step  400 | loss 0.5123 | val_acc=0.8000 val_roc_auc=0.5358 val_loss=0.5368 val_metric_name=roc_auc val_metric=0.5358
Step  450 | loss 0.5101 | val_acc=0.8000 val_roc_auc=0.5358 val_loss=0.5329 val_metric_name=roc_auc val_metric=0.5358
Early stopping at step 450

--- Final (best ckpt @ step 150) ---
  train_acc=0.8000 train_roc_auc=0.5205 train_loss=0.5624 train_metric_name=roc_auc train_metric=0.5205
  val_acc=0.8000 val_roc_auc=0.5358 val_loss=0.5619 val_metric_name=roc_auc val_metric=0.5358
  test_acc=0.8000 test_roc_auc=0.4875 test_loss=0.5652 test_metric_name=roc_auc test_metric=0.4875
  test_roc_auc=0.4875

============================================================
Training minesweeper ResNet 3L h=384 lr=3e-05 split=8
============================================================
Training for 5000 steps
Step    1 | loss 0.6245 | val_acc=0.7184 val_roc_auc=0.5051 val_loss=0.5463 val_metric_name=roc_auc val_metric=0.5051
Step   50 | loss 0.5109 | val_acc=0.8000 val_roc_auc=0.5354 val_loss=0.5141 val_metric_name=roc_auc val_metric=0.5354
Step  100 | loss 0.5060 | val_acc=0.8000 val_roc_auc=0.5354 val_loss=0.5128 val_metric_name=roc_auc val_metric=0.5354
Step  150 | loss 0.5046 | val_acc=0.8000 val_roc_auc=0.5273 val_loss=0.5088 val_metric_name=roc_auc val_metric=0.5273
Step  200 | loss 0.5048 | val_acc=0.8000 val_roc_auc=0.5277 val_loss=0.5067 val_metric_name=roc_auc val_metric=0.5277
Step  250 | loss 0.5045 | val_acc=0.8000 val_roc_auc=0.5241 val_loss=0.5050 val_metric_name=roc_auc val_metric=0.5241
Step  300 | loss 0.5022 | val_acc=0.8000 val_roc_auc=0.5273 val_loss=0.5042 val_metric_name=roc_auc val_metric=0.5273
Step  350 | loss 0.5040 | val_acc=0.8000 val_roc_auc=0.5273 val_loss=0.5035 val_metric_name=roc_auc val_metric=0.5273
Early stopping at step 350

--- Final (best ckpt @ step 50) ---
  train_acc=0.8000 train_roc_auc=0.5203 train_loss=0.5147 train_metric_name=roc_auc train_metric=0.5203
  val_acc=0.8000 val_roc_auc=0.5354 val_loss=0.5141 val_metric_name=roc_auc val_metric=0.5354
  test_acc=0.8000 test_roc_auc=0.4869 test_loss=0.5184 test_metric_name=roc_auc test_metric=0.4869
  test_roc_auc=0.4869

============================================================
Training minesweeper ResNet 3L h=384 lr=6e-05 split=8
============================================================
Training for 5000 steps
Step    1 | loss 0.6245 | val_acc=0.8000 val_roc_auc=0.5051 val_loss=0.5296 val_metric_name=roc_auc val_metric=0.5051
Step   50 | loss 0.5071 | val_acc=0.8000 val_roc_auc=0.5277 val_loss=0.5085 val_metric_name=roc_auc val_metric=0.5277
Step  100 | loss 0.5039 | val_acc=0.8000 val_roc_auc=0.5273 val_loss=0.5065 val_metric_name=roc_auc val_metric=0.5273
Step  150 | loss 0.5025 | val_acc=0.8000 val_roc_auc=0.5273 val_loss=0.5043 val_metric_name=roc_auc val_metric=0.5273
Step  200 | loss 0.5033 | val_acc=0.8000 val_roc_auc=0.5273 val_loss=0.5036 val_metric_name=roc_auc val_metric=0.5273
Step  250 | loss 0.5022 | val_acc=0.8000 val_roc_auc=0.5241 val_loss=0.5024 val_metric_name=roc_auc val_metric=0.5241
Step  300 | loss 0.5013 | val_acc=0.8000 val_roc_auc=0.5273 val_loss=0.5019 val_metric_name=roc_auc val_metric=0.5273
Early stopping at step 340

--- Final (best ckpt @ step 40) ---
  train_acc=0.8000 train_roc_auc=0.5205 train_loss=0.5170 train_metric_name=roc_auc train_metric=0.5205
  val_acc=0.8000 val_roc_auc=0.5358 val_loss=0.5165 val_metric_name=roc_auc val_metric=0.5358
  test_acc=0.8000 test_roc_auc=0.4875 test_loss=0.5205 test_metric_name=roc_auc test_metric=0.4875
  test_roc_auc=0.4875

============================================================
Training minesweeper ResNet 3L h=384 lr=0.0001 split=8
============================================================
Training for 5000 steps
Step    1 | loss 0.6245 | val_acc=0.8000 val_roc_auc=0.5051 val_loss=0.5426 val_metric_name=roc_auc val_metric=0.5051
Step   50 | loss 0.5050 | val_acc=0.8000 val_roc_auc=0.5354 val_loss=0.5096 val_metric_name=roc_auc val_metric=0.5354
Step  100 | loss 0.5027 | val_acc=0.8000 val_roc_auc=0.5273 val_loss=0.5040 val_metric_name=roc_auc val_metric=0.5273
Step  150 | loss 0.5015 | val_acc=0.8000 val_roc_auc=0.5273 val_loss=0.5027 val_metric_name=roc_auc val_metric=0.5273
Step  200 | loss 0.5026 | val_acc=0.8000 val_roc_auc=0.5273 val_loss=0.5024 val_metric_name=roc_auc val_metric=0.5273
Step  250 | loss 0.5011 | val_acc=0.8000 val_roc_auc=0.5273 val_loss=0.5014 val_metric_name=roc_auc val_metric=0.5273
Step  300 | loss 0.5010 | val_acc=0.8000 val_roc_auc=0.5273 val_loss=0.5009 val_metric_name=roc_auc val_metric=0.5273
Early stopping at step 330

--- Final (best ckpt @ step 30) ---
  train_acc=0.8000 train_roc_auc=0.5205 train_loss=0.5107 train_metric_name=roc_auc train_metric=0.5205
  val_acc=0.8000 val_roc_auc=0.5358 val_loss=0.5100 val_metric_name=roc_auc val_metric=0.5358
  test_acc=0.8000 test_roc_auc=0.4875 test_loss=0.5139 test_metric_name=roc_auc test_metric=0.4875
  test_roc_auc=0.4875

============================================================
Training minesweeper ResNet 3L h=384 lr=1e-05 split=8
============================================================
Training for 5000 steps
Step    1 | loss 0.6245 | val_acc=0.7184 val_roc_auc=0.5051 val_loss=0.5737 val_metric_name=roc_auc val_metric=0.5051
Step   50 | loss 0.5164 | val_acc=0.8000 val_roc_auc=0.5264 val_loss=0.5226 val_metric_name=roc_auc val_metric=0.5264
Step  100 | loss 0.5103 | val_acc=0.8000 val_roc_auc=0.5341 val_loss=0.5235 val_metric_name=roc_auc val_metric=0.5341
Step  150 | loss 0.5094 | val_acc=0.8000 val_roc_auc=0.5354 val_loss=0.5196 val_metric_name=roc_auc val_metric=0.5354
Step  200 | loss 0.5092 | val_acc=0.8000 val_roc_auc=0.5354 val_loss=0.5164 val_metric_name=roc_auc val_metric=0.5354
Step  250 | loss 0.5090 | val_acc=0.8000 val_roc_auc=0.5273 val_loss=0.5138 val_metric_name=roc_auc val_metric=0.5273
Step  300 | loss 0.5055 | val_acc=0.8000 val_roc_auc=0.5273 val_loss=0.5121 val_metric_name=roc_auc val_metric=0.5273
Step  350 | loss 0.5069 | val_acc=0.8000 val_roc_auc=0.5273 val_loss=0.5107 val_metric_name=roc_auc val_metric=0.5273
Step  400 | loss 0.5065 | val_acc=0.8000 val_roc_auc=0.5241 val_loss=0.5090 val_metric_name=roc_auc val_metric=0.5241
Early stopping at step 420

--- Final (best ckpt @ step 120) ---
  train_acc=0.8000 train_roc_auc=0.5204 train_loss=0.5220 train_metric_name=roc_auc train_metric=0.5204
  val_acc=0.8000 val_roc_auc=0.5354 val_loss=0.5217 val_metric_name=roc_auc val_metric=0.5354
  test_acc=0.8000 test_roc_auc=0.4871 test_loss=0.5255 test_metric_name=roc_auc test_metric=0.4871
  test_roc_auc=0.4871

============================================================
Training minesweeper ResNet 3L h=512 lr=3e-05 split=8
============================================================
Training for 5000 steps
Step    1 | loss 0.7169 | val_acc=0.8000 val_roc_auc=0.4935 val_loss=0.5694 val_metric_name=roc_auc val_metric=0.4935
Step   50 | loss 0.5062 | val_acc=0.8000 val_roc_auc=0.5241 val_loss=0.5181 val_metric_name=roc_auc val_metric=0.5241
Step  100 | loss 0.5075 | val_acc=0.8000 val_roc_auc=0.5273 val_loss=0.5174 val_metric_name=roc_auc val_metric=0.5273
Step  150 | loss 0.5054 | val_acc=0.8000 val_roc_auc=0.5273 val_loss=0.5128 val_metric_name=roc_auc val_metric=0.5273
Step  200 | loss 0.5053 | val_acc=0.8000 val_roc_auc=0.5273 val_loss=0.5092 val_metric_name=roc_auc val_metric=0.5273
Step  250 | loss 0.5032 | val_acc=0.8000 val_roc_auc=0.5273 val_loss=0.5072 val_metric_name=roc_auc val_metric=0.5273
Step  300 | loss 0.5025 | val_acc=0.8000 val_roc_auc=0.5273 val_loss=0.5055 val_metric_name=roc_auc val_metric=0.5273
Early stopping at step 340

--- Final (best ckpt @ step 40) ---
  train_acc=0.8000 train_roc_auc=0.5199 train_loss=0.5390 train_metric_name=roc_auc train_metric=0.5199
  val_acc=0.8000 val_roc_auc=0.5322 val_loss=0.5387 val_metric_name=roc_auc val_metric=0.5322
  test_acc=0.8000 test_roc_auc=0.4865 test_loss=0.5416 test_metric_name=roc_auc test_metric=0.4865
  test_roc_auc=0.4865

============================================================
Training minesweeper ResNet 3L h=512 lr=6e-05 split=8
============================================================
Training for 5000 steps
Step    1 | loss 0.7169 | val_acc=0.8000 val_roc_auc=0.4935 val_loss=0.5136 val_metric_name=roc_auc val_metric=0.4935
Step   50 | loss 0.5040 | val_acc=0.8000 val_roc_auc=0.5273 val_loss=0.5142 val_metric_name=roc_auc val_metric=0.5273
Step  100 | loss 0.5052 | val_acc=0.8000 val_roc_auc=0.5273 val_loss=0.5094 val_metric_name=roc_auc val_metric=0.5273
Step  150 | loss 0.5035 | val_acc=0.8000 val_roc_auc=0.5273 val_loss=0.5060 val_metric_name=roc_auc val_metric=0.5273
Step  200 | loss 0.5036 | val_acc=0.8000 val_roc_auc=0.5273 val_loss=0.5042 val_metric_name=roc_auc val_metric=0.5273
Step  250 | loss 0.5022 | val_acc=0.8000 val_roc_auc=0.5273 val_loss=0.5031 val_metric_name=roc_auc val_metric=0.5273
Step  300 | loss 0.5017 | val_acc=0.8000 val_roc_auc=0.5273 val_loss=0.5023 val_metric_name=roc_auc val_metric=0.5273
Early stopping at step 320

--- Final (best ckpt @ step 20) ---
  train_acc=0.8000 train_roc_auc=0.5203 train_loss=0.5231 train_metric_name=roc_auc train_metric=0.5203
  val_acc=0.8000 val_roc_auc=0.5354 val_loss=0.5227 val_metric_name=roc_auc val_metric=0.5354
  test_acc=0.8000 test_roc_auc=0.4869 test_loss=0.5264 test_metric_name=roc_auc test_metric=0.4869
  test_roc_auc=0.4869

============================================================
Training minesweeper ResNet 3L h=512 lr=0.0001 split=8
============================================================
Training for 5000 steps
Step    1 | loss 0.7169 | val_acc=0.8000 val_roc_auc=0.4935 val_loss=0.5288 val_metric_name=roc_auc val_metric=0.4935
Step   50 | loss 0.5028 | val_acc=0.8000 val_roc_auc=0.5241 val_loss=0.5120 val_metric_name=roc_auc val_metric=0.5241
Step  100 | loss 0.5037 | val_acc=0.8000 val_roc_auc=0.5273 val_loss=0.5051 val_metric_name=roc_auc val_metric=0.5273
Step  150 | loss 0.5025 | val_acc=0.8000 val_roc_auc=0.5273 val_loss=0.5033 val_metric_name=roc_auc val_metric=0.5273
Step  200 | loss 0.5027 | val_acc=0.8000 val_roc_auc=0.5273 val_loss=0.5023 val_metric_name=roc_auc val_metric=0.5273
Step  250 | loss 0.5017 | val_acc=0.8000 val_roc_auc=0.5273 val_loss=0.5016 val_metric_name=roc_auc val_metric=0.5273
Step  300 | loss 0.5013 | val_acc=0.8000 val_roc_auc=0.5273 val_loss=0.5010 val_metric_name=roc_auc val_metric=0.5273
Early stopping at step 345

--- Final (best ckpt @ step 40) ---
  train_acc=0.8000 train_roc_auc=0.5242 train_loss=0.5120 train_metric_name=roc_auc train_metric=0.5242
  val_acc=0.8000 val_roc_auc=0.5273 val_loss=0.5121 val_metric_name=roc_auc val_metric=0.5273
  test_acc=0.8000 test_roc_auc=0.4976 test_loss=0.5143 test_metric_name=roc_auc test_metric=0.4976
  test_roc_auc=0.4976

============================================================
Training minesweeper ResNet 3L h=512 lr=1e-05 split=8
============================================================
Training for 5000 steps
Step    1 | loss 0.7169 | val_acc=0.5852 val_roc_auc=0.4933 val_loss=0.6508 val_metric_name=roc_auc val_metric=0.4933
Step   50 | loss 0.5093 | val_acc=0.8000 val_roc_auc=0.5278 val_loss=0.5278 val_metric_name=roc_auc val_metric=0.5278
Step  100 | loss 0.5117 | val_acc=0.8000 val_roc_auc=0.5245 val_loss=0.5322 val_metric_name=roc_auc val_metric=0.5245
Step  150 | loss 0.5095 | val_acc=0.8000 val_roc_auc=0.5241 val_loss=0.5283 val_metric_name=roc_auc val_metric=0.5241
Step  200 | loss 0.5091 | val_acc=0.8000 val_roc_auc=0.5273 val_loss=0.5239 val_metric_name=roc_auc val_metric=0.5273
Step  250 | loss 0.5052 | val_acc=0.8000 val_roc_auc=0.5273 val_loss=0.5211 val_metric_name=roc_auc val_metric=0.5273
Step  300 | loss 0.5056 | val_acc=0.8000 val_roc_auc=0.5273 val_loss=0.5176 val_metric_name=roc_auc val_metric=0.5273
Early stopping at step 330

--- Final (best ckpt @ step 30) ---
  train_acc=0.8000 train_roc_auc=0.5204 train_loss=0.5791 train_metric_name=roc_auc train_metric=0.5204
  val_acc=0.8000 val_roc_auc=0.5358 val_loss=0.5789 val_metric_name=roc_auc val_metric=0.5358
  test_acc=0.8000 test_roc_auc=0.4872 test_loss=0.5815 test_metric_name=roc_auc test_metric=0.4872
  test_roc_auc=0.4872
  >> num_layers=3 hidden_dim=256 lr=3e-05 best_step=50 val_roc_auc=0.5358 test_roc_auc=0.4875
     val_acc=0.8000 val_loss=0.5458 val_metric=0.5358 val_metric_name=roc_auc val_roc_auc=0.5358
     test_acc=0.8000 test_loss=0.5489 test_metric=0.4875 test_metric_name=roc_auc test_roc_auc=0.4875
  >> num_layers=3 hidden_dim=256 lr=6e-05 best_step=30 val_roc_auc=0.5358 test_roc_auc=0.4875
     val_acc=0.8000 val_loss=0.5331 val_metric=0.5358 val_metric_name=roc_auc val_roc_auc=0.5358
     test_acc=0.8000 test_loss=0.5359 test_metric=0.4875 test_metric_name=roc_auc test_roc_auc=0.4875
  >> num_layers=3 hidden_dim=256 lr=0.0001 best_step=20 val_roc_auc=0.5358 test_roc_auc=0.4875
     val_acc=0.8000 val_loss=0.5362 val_metric=0.5358 val_metric_name=roc_auc val_roc_auc=0.5358
     test_acc=0.8000 test_loss=0.5390 test_metric=0.4875 test_metric_name=roc_auc test_roc_auc=0.4875
  >> num_layers=3 hidden_dim=256 lr=1e-05 best_step=150 val_roc_auc=0.5358 test_roc_auc=0.4875
     val_acc=0.8000 val_loss=0.5619 val_metric=0.5358 val_metric_name=roc_auc val_roc_auc=0.5358
     test_acc=0.8000 test_loss=0.5652 test_metric=0.4875 test_metric_name=roc_auc test_roc_auc=0.4875
  >> num_layers=3 hidden_dim=384 lr=3e-05 best_step=50 val_roc_auc=0.5354 test_roc_auc=0.4869
     val_acc=0.8000 val_loss=0.5141 val_metric=0.5354 val_metric_name=roc_auc val_roc_auc=0.5354
     test_acc=0.8000 test_loss=0.5184 test_metric=0.4869 test_metric_name=roc_auc test_roc_auc=0.4869
  >> num_layers=3 hidden_dim=384 lr=6e-05 best_step=40 val_roc_auc=0.5358 test_roc_auc=0.4875
     val_acc=0.8000 val_loss=0.5165 val_metric=0.5358 val_metric_name=roc_auc val_roc_auc=0.5358
     test_acc=0.8000 test_loss=0.5205 test_metric=0.4875 test_metric_name=roc_auc test_roc_auc=0.4875
  >> num_layers=3 hidden_dim=384 lr=0.0001 best_step=30 val_roc_auc=0.5358 test_roc_auc=0.4875
     val_acc=0.8000 val_loss=0.5100 val_metric=0.5358 val_metric_name=roc_auc val_roc_auc=0.5358
     test_acc=0.8000 test_loss=0.5139 test_metric=0.4875 test_metric_name=roc_auc test_roc_auc=0.4875
  >> num_layers=3 hidden_dim=384 lr=1e-05 best_step=120 val_roc_auc=0.5354 test_roc_auc=0.4871
     val_acc=0.8000 val_loss=0.5217 val_metric=0.5354 val_metric_name=roc_auc val_roc_auc=0.5354
     test_acc=0.8000 test_loss=0.5255 test_metric=0.4871 test_metric_name=roc_auc test_roc_auc=0.4871
  >> num_layers=3 hidden_dim=512 lr=3e-05 best_step=40 val_roc_auc=0.5322 test_roc_auc=0.4865
     val_acc=0.8000 val_loss=0.5387 val_metric=0.5322 val_metric_name=roc_auc val_roc_auc=0.5322
     test_acc=0.8000 test_loss=0.5416 test_metric=0.4865 test_metric_name=roc_auc test_roc_auc=0.4865
  >> num_layers=3 hidden_dim=512 lr=6e-05 best_step=20 val_roc_auc=0.5354 test_roc_auc=0.4869
     val_acc=0.8000 val_loss=0.5227 val_metric=0.5354 val_metric_name=roc_auc val_roc_auc=0.5354
     test_acc=0.8000 test_loss=0.5264 test_metric=0.4869 test_metric_name=roc_auc test_roc_auc=0.4869
  >> num_layers=3 hidden_dim=512 lr=0.0001 best_step=40 val_roc_auc=0.5273 test_roc_auc=0.4976
     val_acc=0.8000 val_loss=0.5121 val_metric=0.5273 val_metric_name=roc_auc val_roc_auc=0.5273
     test_acc=0.8000 test_loss=0.5143 test_metric=0.4976 test_metric_name=roc_auc test_roc_auc=0.4976
  >> num_layers=3 hidden_dim=512 lr=1e-05 best_step=30 val_roc_auc=0.5358 test_roc_auc=0.4872
     val_acc=0.8000 val_loss=0.5789 val_metric=0.5358 val_metric_name=roc_auc val_roc_auc=0.5358
     test_acc=0.8000 test_loss=0.5815 test_metric=0.4872 test_metric_name=roc_auc test_roc_auc=0.4872
  >> selected best (by val): num_layers=3 hidden_dim=512 lr=1e-05 val_roc_auc=0.5358 test_roc_auc=0.4872
     val_acc=0.8000 val_loss=0.5789 val_metric=0.5358 val_metric_name=roc_auc val_roc_auc=0.5358
     test_acc=0.8000 test_loss=0.5815 test_metric=0.4872 test_metric_name=roc_auc test_roc_auc=0.4872

Done. Results saved to /home/avshmelev/diploma_yandex_graphs/results_grid/minesweeper/base.csv, checkpoints in /home/avshmelev/diploma_yandex_graphs/all_checkpoints/minesweeper/base/
Skipping: "Done." found in /home/avshmelev/diploma_yandex_graphs/results_grid/minesweeper/logs_base/ResNet_3L_split8.log
