Loading data...

============================================================
Training minesweeper SAGE 2L h=256 lr=3e-05 split=3
============================================================
Training for 5000 steps
Step    1 | loss 0.5769 | val_acc=0.8000 val_roc_auc=0.5191 val_loss=0.5213 val_metric_name=roc_auc val_metric=0.5191
Step   50 | loss 0.4702 | val_acc=0.8000 val_roc_auc=0.7638 val_loss=0.4585 val_metric_name=roc_auc val_metric=0.7638
Step  100 | loss 0.3947 | val_acc=0.8180 val_roc_auc=0.8122 val_loss=0.4174 val_metric_name=roc_auc val_metric=0.8122
Step  150 | loss 0.3607 | val_acc=0.8232 val_roc_auc=0.8554 val_loss=0.3708 val_metric_name=roc_auc val_metric=0.8554
Step  200 | loss 0.3369 | val_acc=0.8292 val_roc_auc=0.8788 val_loss=0.3442 val_metric_name=roc_auc val_metric=0.8788
Step  250 | loss 0.3231 | val_acc=0.8360 val_roc_auc=0.8905 val_loss=0.3312 val_metric_name=roc_auc val_metric=0.8905
Step  300 | loss 0.3145 | val_acc=0.8444 val_roc_auc=0.8951 val_loss=0.3248 val_metric_name=roc_auc val_metric=0.8951
Step  350 | loss 0.3070 | val_acc=0.8448 val_roc_auc=0.8973 val_loss=0.3235 val_metric_name=roc_auc val_metric=0.8973
Step  400 | loss 0.3044 | val_acc=0.8456 val_roc_auc=0.8983 val_loss=0.3203 val_metric_name=roc_auc val_metric=0.8983
Step  450 | loss 0.2977 | val_acc=0.8468 val_roc_auc=0.8995 val_loss=0.3181 val_metric_name=roc_auc val_metric=0.8995
Step  500 | loss 0.2963 | val_acc=0.8448 val_roc_auc=0.8995 val_loss=0.3208 val_metric_name=roc_auc val_metric=0.8995
Step  550 | loss 0.2942 | val_acc=0.8448 val_roc_auc=0.8998 val_loss=0.3192 val_metric_name=roc_auc val_metric=0.8998
Step  600 | loss 0.2937 | val_acc=0.8444 val_roc_auc=0.9004 val_loss=0.3184 val_metric_name=roc_auc val_metric=0.9004
Step  650 | loss 0.2875 | val_acc=0.8456 val_roc_auc=0.9005 val_loss=0.3199 val_metric_name=roc_auc val_metric=0.9005
Step  700 | loss 0.2893 | val_acc=0.8420 val_roc_auc=0.9004 val_loss=0.3230 val_metric_name=roc_auc val_metric=0.9004
Step  750 | loss 0.2917 | val_acc=0.8444 val_roc_auc=0.9002 val_loss=0.3197 val_metric_name=roc_auc val_metric=0.9002
Step  800 | loss 0.2862 | val_acc=0.8460 val_roc_auc=0.9004 val_loss=0.3218 val_metric_name=roc_auc val_metric=0.9004
Step  850 | loss 0.2874 | val_acc=0.8452 val_roc_auc=0.9003 val_loss=0.3224 val_metric_name=roc_auc val_metric=0.9003
Step  900 | loss 0.2873 | val_acc=0.8440 val_roc_auc=0.9005 val_loss=0.3247 val_metric_name=roc_auc val_metric=0.9005
Step  950 | loss 0.2832 | val_acc=0.8420 val_roc_auc=0.9001 val_loss=0.3229 val_metric_name=roc_auc val_metric=0.9001
Step 1000 | loss 0.2802 | val_acc=0.8456 val_roc_auc=0.9002 val_loss=0.3223 val_metric_name=roc_auc val_metric=0.9002
Step 1050 | loss 0.2826 | val_acc=0.8424 val_roc_auc=0.9001 val_loss=0.3263 val_metric_name=roc_auc val_metric=0.9001
Step 1100 | loss 0.2801 | val_acc=0.8448 val_roc_auc=0.8998 val_loss=0.3242 val_metric_name=roc_auc val_metric=0.8998
Early stopping at step 1127

--- Final (best ckpt @ step 690) ---
  train_acc=0.8576 train_roc_auc=0.9181 train_loss=0.2913 train_metric_name=roc_auc train_metric=0.9181
  val_acc=0.8448 val_roc_auc=0.9008 val_loss=0.3234 val_metric_name=roc_auc val_metric=0.9008
  test_acc=0.8460 test_roc_auc=0.9024 test_loss=0.3163 test_metric_name=roc_auc test_metric=0.9024
  test_roc_auc=0.9024

============================================================
Training minesweeper SAGE 2L h=256 lr=6e-05 split=3
============================================================
Training for 5000 steps
Step    1 | loss 0.5769 | val_acc=0.8000 val_roc_auc=0.5277 val_loss=0.5056 val_metric_name=roc_auc val_metric=0.5277
Step   50 | loss 0.4161 | val_acc=0.8152 val_roc_auc=0.7989 val_loss=0.4101 val_metric_name=roc_auc val_metric=0.7989
Step  100 | loss 0.3496 | val_acc=0.8240 val_roc_auc=0.8664 val_loss=0.3583 val_metric_name=roc_auc val_metric=0.8664
Step  150 | loss 0.3192 | val_acc=0.8364 val_roc_auc=0.8916 val_loss=0.3289 val_metric_name=roc_auc val_metric=0.8916
Step  200 | loss 0.3040 | val_acc=0.8488 val_roc_auc=0.8974 val_loss=0.3202 val_metric_name=roc_auc val_metric=0.8974
Step  250 | loss 0.3008 | val_acc=0.8396 val_roc_auc=0.8988 val_loss=0.3277 val_metric_name=roc_auc val_metric=0.8988
Step  300 | loss 0.2977 | val_acc=0.8416 val_roc_auc=0.9002 val_loss=0.3257 val_metric_name=roc_auc val_metric=0.9002
Step  350 | loss 0.2948 | val_acc=0.8444 val_roc_auc=0.9001 val_loss=0.3227 val_metric_name=roc_auc val_metric=0.9001
Step  400 | loss 0.2929 | val_acc=0.8428 val_roc_auc=0.9005 val_loss=0.3232 val_metric_name=roc_auc val_metric=0.9005
Step  450 | loss 0.2869 | val_acc=0.8444 val_roc_auc=0.9007 val_loss=0.3206 val_metric_name=roc_auc val_metric=0.9007
Step  500 | loss 0.2853 | val_acc=0.8436 val_roc_auc=0.9002 val_loss=0.3233 val_metric_name=roc_auc val_metric=0.9002
Step  550 | loss 0.2861 | val_acc=0.8448 val_roc_auc=0.9000 val_loss=0.3219 val_metric_name=roc_auc val_metric=0.9000
Step  600 | loss 0.2836 | val_acc=0.8448 val_roc_auc=0.8997 val_loss=0.3221 val_metric_name=roc_auc val_metric=0.8997
Step  650 | loss 0.2802 | val_acc=0.8424 val_roc_auc=0.8993 val_loss=0.3212 val_metric_name=roc_auc val_metric=0.8993
Step  700 | loss 0.2817 | val_acc=0.8404 val_roc_auc=0.8996 val_loss=0.3282 val_metric_name=roc_auc val_metric=0.8996
Step  750 | loss 0.2818 | val_acc=0.8424 val_roc_auc=0.8993 val_loss=0.3261 val_metric_name=roc_auc val_metric=0.8993
Early stopping at step 778

--- Final (best ckpt @ step 450) ---
  train_acc=0.8570 train_roc_auc=0.9188 train_loss=0.2872 train_metric_name=roc_auc train_metric=0.9188
  val_acc=0.8444 val_roc_auc=0.9007 val_loss=0.3206 val_metric_name=roc_auc val_metric=0.9007
  test_acc=0.8432 test_roc_auc=0.9021 test_loss=0.3138 test_metric_name=roc_auc test_metric=0.9021
  test_roc_auc=0.9021

============================================================
Training minesweeper SAGE 2L h=256 lr=0.0001 split=3
============================================================
Training for 5000 steps
Step    1 | loss 0.5769 | val_acc=0.8000 val_roc_auc=0.5381 val_loss=0.5085 val_metric_name=roc_auc val_metric=0.5381
Step   50 | loss 0.3826 | val_acc=0.8224 val_roc_auc=0.8199 val_loss=0.4246 val_metric_name=roc_auc val_metric=0.8199
Step  100 | loss 0.3220 | val_acc=0.8472 val_roc_auc=0.8896 val_loss=0.3285 val_metric_name=roc_auc val_metric=0.8896
Step  150 | loss 0.3054 | val_acc=0.8428 val_roc_auc=0.8982 val_loss=0.3234 val_metric_name=roc_auc val_metric=0.8982
Step  200 | loss 0.2947 | val_acc=0.8392 val_roc_auc=0.8998 val_loss=0.3263 val_metric_name=roc_auc val_metric=0.8998
Step  250 | loss 0.2929 | val_acc=0.8360 val_roc_auc=0.9004 val_loss=0.3293 val_metric_name=roc_auc val_metric=0.9004
Step  300 | loss 0.2900 | val_acc=0.8448 val_roc_auc=0.9003 val_loss=0.3222 val_metric_name=roc_auc val_metric=0.9003
Step  350 | loss 0.2882 | val_acc=0.8380 val_roc_auc=0.8998 val_loss=0.3279 val_metric_name=roc_auc val_metric=0.8998
Step  400 | loss 0.2872 | val_acc=0.8432 val_roc_auc=0.8996 val_loss=0.3240 val_metric_name=roc_auc val_metric=0.8996
Step  450 | loss 0.2815 | val_acc=0.8392 val_roc_auc=0.8995 val_loss=0.3284 val_metric_name=roc_auc val_metric=0.8995
Step  500 | loss 0.2792 | val_acc=0.8368 val_roc_auc=0.8985 val_loss=0.3342 val_metric_name=roc_auc val_metric=0.8985
Step  550 | loss 0.2810 | val_acc=0.8436 val_roc_auc=0.8989 val_loss=0.3237 val_metric_name=roc_auc val_metric=0.8989
Step  600 | loss 0.2775 | val_acc=0.8440 val_roc_auc=0.8983 val_loss=0.3276 val_metric_name=roc_auc val_metric=0.8983
Early stopping at step 632

--- Final (best ckpt @ step 260) ---
  train_acc=0.8568 train_roc_auc=0.9178 train_loss=0.2906 train_metric_name=roc_auc train_metric=0.9178
  val_acc=0.8448 val_roc_auc=0.9008 val_loss=0.3224 val_metric_name=roc_auc val_metric=0.9008
  test_acc=0.8456 test_roc_auc=0.9028 test_loss=0.3143 test_metric_name=roc_auc test_metric=0.9028
  test_roc_auc=0.9028

============================================================
Training minesweeper SAGE 2L h=256 lr=1e-05 split=3
============================================================
Training for 5000 steps
Step    1 | loss 0.5769 | val_acc=0.8000 val_roc_auc=0.5150 val_loss=0.5425 val_metric_name=roc_auc val_metric=0.5150
Step   50 | loss 0.4995 | val_acc=0.8000 val_roc_auc=0.6702 val_loss=0.4971 val_metric_name=roc_auc val_metric=0.6702
Step  100 | loss 0.4800 | val_acc=0.8000 val_roc_auc=0.7466 val_loss=0.4758 val_metric_name=roc_auc val_metric=0.7466
Step  150 | loss 0.4547 | val_acc=0.7988 val_roc_auc=0.7806 val_loss=0.4388 val_metric_name=roc_auc val_metric=0.7806
Step  200 | loss 0.4175 | val_acc=0.8148 val_roc_auc=0.7982 val_loss=0.4125 val_metric_name=roc_auc val_metric=0.7982
Step  250 | loss 0.3949 | val_acc=0.8180 val_roc_auc=0.8140 val_loss=0.4102 val_metric_name=roc_auc val_metric=0.8140
Step  300 | loss 0.3879 | val_acc=0.8196 val_roc_auc=0.8302 val_loss=0.4007 val_metric_name=roc_auc val_metric=0.8302
Step  350 | loss 0.3690 | val_acc=0.8204 val_roc_auc=0.8448 val_loss=0.3857 val_metric_name=roc_auc val_metric=0.8448
Step  400 | loss 0.3599 | val_acc=0.8232 val_roc_auc=0.8565 val_loss=0.3711 val_metric_name=roc_auc val_metric=0.8565
Step  450 | loss 0.3484 | val_acc=0.8244 val_roc_auc=0.8665 val_loss=0.3580 val_metric_name=roc_auc val_metric=0.8665
Step  500 | loss 0.3430 | val_acc=0.8292 val_roc_auc=0.8744 val_loss=0.3490 val_metric_name=roc_auc val_metric=0.8744
Step  550 | loss 0.3320 | val_acc=0.8324 val_roc_auc=0.8814 val_loss=0.3394 val_metric_name=roc_auc val_metric=0.8814
Step  600 | loss 0.3294 | val_acc=0.8364 val_roc_auc=0.8863 val_loss=0.3331 val_metric_name=roc_auc val_metric=0.8863
Step  650 | loss 0.3182 | val_acc=0.8388 val_roc_auc=0.8893 val_loss=0.3312 val_metric_name=roc_auc val_metric=0.8893
Step  700 | loss 0.3180 | val_acc=0.8464 val_roc_auc=0.8919 val_loss=0.3253 val_metric_name=roc_auc val_metric=0.8919
Step  750 | loss 0.3200 | val_acc=0.8484 val_roc_auc=0.8938 val_loss=0.3239 val_metric_name=roc_auc val_metric=0.8938
Step  800 | loss 0.3128 | val_acc=0.8452 val_roc_auc=0.8952 val_loss=0.3232 val_metric_name=roc_auc val_metric=0.8952
Step  850 | loss 0.3082 | val_acc=0.8440 val_roc_auc=0.8958 val_loss=0.3234 val_metric_name=roc_auc val_metric=0.8958
Step  900 | loss 0.3094 | val_acc=0.8472 val_roc_auc=0.8968 val_loss=0.3226 val_metric_name=roc_auc val_metric=0.8968
Step  950 | loss 0.3038 | val_acc=0.8456 val_roc_auc=0.8978 val_loss=0.3203 val_metric_name=roc_auc val_metric=0.8978
Step 1000 | loss 0.3041 | val_acc=0.8496 val_roc_auc=0.8980 val_loss=0.3193 val_metric_name=roc_auc val_metric=0.8980
Step 1050 | loss 0.3007 | val_acc=0.8516 val_roc_auc=0.8984 val_loss=0.3180 val_metric_name=roc_auc val_metric=0.8984
Step 1100 | loss 0.3018 | val_acc=0.8488 val_roc_auc=0.8987 val_loss=0.3199 val_metric_name=roc_auc val_metric=0.8987
Step 1150 | loss 0.2999 | val_acc=0.8488 val_roc_auc=0.8992 val_loss=0.3187 val_metric_name=roc_auc val_metric=0.8992
Step 1200 | loss 0.2958 | val_acc=0.8488 val_roc_auc=0.8993 val_loss=0.3178 val_metric_name=roc_auc val_metric=0.8993
Step 1250 | loss 0.2991 | val_acc=0.8472 val_roc_auc=0.8997 val_loss=0.3188 val_metric_name=roc_auc val_metric=0.8997
Step 1300 | loss 0.2994 | val_acc=0.8444 val_roc_auc=0.8998 val_loss=0.3203 val_metric_name=roc_auc val_metric=0.8998
Step 1350 | loss 0.2934 | val_acc=0.8436 val_roc_auc=0.9000 val_loss=0.3200 val_metric_name=roc_auc val_metric=0.9000
Step 1400 | loss 0.2942 | val_acc=0.8456 val_roc_auc=0.8999 val_loss=0.3200 val_metric_name=roc_auc val_metric=0.8999
Step 1450 | loss 0.2966 | val_acc=0.8432 val_roc_auc=0.9002 val_loss=0.3204 val_metric_name=roc_auc val_metric=0.9002
Step 1500 | loss 0.2923 | val_acc=0.8452 val_roc_auc=0.9003 val_loss=0.3188 val_metric_name=roc_auc val_metric=0.9003
Step 1550 | loss 0.2945 | val_acc=0.8428 val_roc_auc=0.9002 val_loss=0.3202 val_metric_name=roc_auc val_metric=0.9002
Step 1600 | loss 0.2939 | val_acc=0.8448 val_roc_auc=0.9001 val_loss=0.3191 val_metric_name=roc_auc val_metric=0.9001
Step 1650 | loss 0.2923 | val_acc=0.8432 val_roc_auc=0.9005 val_loss=0.3204 val_metric_name=roc_auc val_metric=0.9005
Step 1700 | loss 0.2878 | val_acc=0.8440 val_roc_auc=0.9004 val_loss=0.3201 val_metric_name=roc_auc val_metric=0.9004
Step 1750 | loss 0.2913 | val_acc=0.8444 val_roc_auc=0.9005 val_loss=0.3218 val_metric_name=roc_auc val_metric=0.9005
Step 1800 | loss 0.2935 | val_acc=0.8456 val_roc_auc=0.9007 val_loss=0.3224 val_metric_name=roc_auc val_metric=0.9007
Step 1850 | loss 0.2912 | val_acc=0.8452 val_roc_auc=0.9006 val_loss=0.3209 val_metric_name=roc_auc val_metric=0.9006
Step 1900 | loss 0.2866 | val_acc=0.8452 val_roc_auc=0.9007 val_loss=0.3192 val_metric_name=roc_auc val_metric=0.9007
Step 1950 | loss 0.2887 | val_acc=0.8460 val_roc_auc=0.9006 val_loss=0.3217 val_metric_name=roc_auc val_metric=0.9006
Step 2000 | loss 0.2888 | val_acc=0.8436 val_roc_auc=0.9002 val_loss=0.3213 val_metric_name=roc_auc val_metric=0.9002
Step 2050 | loss 0.2882 | val_acc=0.8436 val_roc_auc=0.9005 val_loss=0.3253 val_metric_name=roc_auc val_metric=0.9005
Step 2100 | loss 0.2879 | val_acc=0.8440 val_roc_auc=0.9007 val_loss=0.3226 val_metric_name=roc_auc val_metric=0.9007
Step 2150 | loss 0.2847 | val_acc=0.8456 val_roc_auc=0.9003 val_loss=0.3226 val_metric_name=roc_auc val_metric=0.9003
Step 2200 | loss 0.2868 | val_acc=0.8432 val_roc_auc=0.9001 val_loss=0.3246 val_metric_name=roc_auc val_metric=0.9001
Early stopping at step 2231

--- Final (best ckpt @ step 1930) ---
  train_acc=0.8578 train_roc_auc=0.9185 train_loss=0.2895 train_metric_name=roc_auc train_metric=0.9185
  val_acc=0.8452 val_roc_auc=0.9008 val_loss=0.3222 val_metric_name=roc_auc val_metric=0.9008
  test_acc=0.8460 test_roc_auc=0.9024 test_loss=0.3152 test_metric_name=roc_auc test_metric=0.9024
  test_roc_auc=0.9024

============================================================
Training minesweeper SAGE 2L h=384 lr=3e-05 split=3
============================================================
Training for 5000 steps
Step    1 | loss 0.7786 | val_acc=0.5880 val_roc_auc=0.4553 val_loss=0.6243 val_metric_name=roc_auc val_metric=0.4553
Step   50 | loss 0.4693 | val_acc=0.8000 val_roc_auc=0.7638 val_loss=0.4640 val_metric_name=roc_auc val_metric=0.7638
Step  100 | loss 0.3859 | val_acc=0.8204 val_roc_auc=0.8229 val_loss=0.4082 val_metric_name=roc_auc val_metric=0.8229
Step  150 | loss 0.3528 | val_acc=0.8260 val_roc_auc=0.8612 val_loss=0.3643 val_metric_name=roc_auc val_metric=0.8612
Step  200 | loss 0.3277 | val_acc=0.8348 val_roc_auc=0.8835 val_loss=0.3386 val_metric_name=roc_auc val_metric=0.8835
Step  250 | loss 0.3085 | val_acc=0.8360 val_roc_auc=0.8925 val_loss=0.3338 val_metric_name=roc_auc val_metric=0.8925
Step  300 | loss 0.3014 | val_acc=0.8460 val_roc_auc=0.8964 val_loss=0.3274 val_metric_name=roc_auc val_metric=0.8964
Step  350 | loss 0.2976 | val_acc=0.8452 val_roc_auc=0.8969 val_loss=0.3267 val_metric_name=roc_auc val_metric=0.8969
Step  400 | loss 0.2938 | val_acc=0.8488 val_roc_auc=0.8980 val_loss=0.3233 val_metric_name=roc_auc val_metric=0.8980
Step  450 | loss 0.2896 | val_acc=0.8424 val_roc_auc=0.8982 val_loss=0.3283 val_metric_name=roc_auc val_metric=0.8982
Step  500 | loss 0.2875 | val_acc=0.8336 val_roc_auc=0.8986 val_loss=0.3347 val_metric_name=roc_auc val_metric=0.8986
Step  550 | loss 0.2894 | val_acc=0.8348 val_roc_auc=0.8986 val_loss=0.3336 val_metric_name=roc_auc val_metric=0.8986
Step  600 | loss 0.2896 | val_acc=0.8428 val_roc_auc=0.8988 val_loss=0.3270 val_metric_name=roc_auc val_metric=0.8988
Step  650 | loss 0.2858 | val_acc=0.8368 val_roc_auc=0.8985 val_loss=0.3315 val_metric_name=roc_auc val_metric=0.8985
Step  700 | loss 0.2826 | val_acc=0.8384 val_roc_auc=0.8989 val_loss=0.3312 val_metric_name=roc_auc val_metric=0.8989
Step  750 | loss 0.2827 | val_acc=0.8348 val_roc_auc=0.8983 val_loss=0.3343 val_metric_name=roc_auc val_metric=0.8983
Step  800 | loss 0.2783 | val_acc=0.8316 val_roc_auc=0.8980 val_loss=0.3383 val_metric_name=roc_auc val_metric=0.8980
Early stopping at step 822

--- Final (best ckpt @ step 520) ---
  train_acc=0.8564 train_roc_auc=0.9178 train_loss=0.2947 train_metric_name=roc_auc train_metric=0.9178
  val_acc=0.8384 val_roc_auc=0.8991 val_loss=0.3302 val_metric_name=roc_auc val_metric=0.8991
  test_acc=0.8384 test_roc_auc=0.9027 test_loss=0.3202 test_metric_name=roc_auc test_metric=0.9027
  test_roc_auc=0.9027

============================================================
Training minesweeper SAGE 2L h=384 lr=6e-05 split=3
============================================================
Training for 5000 steps
Step    1 | loss 0.7786 | val_acc=0.8000 val_roc_auc=0.4581 val_loss=0.5404 val_metric_name=roc_auc val_metric=0.4581
Step   50 | loss 0.4257 | val_acc=0.8040 val_roc_auc=0.8019 val_loss=0.4119 val_metric_name=roc_auc val_metric=0.8019
Step  100 | loss 0.3451 | val_acc=0.8264 val_roc_auc=0.8668 val_loss=0.3559 val_metric_name=roc_auc val_metric=0.8668
Step  150 | loss 0.3126 | val_acc=0.8380 val_roc_auc=0.8925 val_loss=0.3306 val_metric_name=roc_auc val_metric=0.8925
Step  200 | loss 0.2997 | val_acc=0.8392 val_roc_auc=0.8971 val_loss=0.3305 val_metric_name=roc_auc val_metric=0.8971
Step  250 | loss 0.2908 | val_acc=0.8340 val_roc_auc=0.8991 val_loss=0.3345 val_metric_name=roc_auc val_metric=0.8991
Step  300 | loss 0.2884 | val_acc=0.8312 val_roc_auc=0.8985 val_loss=0.3355 val_metric_name=roc_auc val_metric=0.8985
Step  350 | loss 0.2866 | val_acc=0.8324 val_roc_auc=0.8984 val_loss=0.3331 val_metric_name=roc_auc val_metric=0.8984
Step  400 | loss 0.2837 | val_acc=0.8364 val_roc_auc=0.8987 val_loss=0.3320 val_metric_name=roc_auc val_metric=0.8987
Step  450 | loss 0.2804 | val_acc=0.8392 val_roc_auc=0.8986 val_loss=0.3287 val_metric_name=roc_auc val_metric=0.8986
Step  500 | loss 0.2794 | val_acc=0.8416 val_roc_auc=0.8982 val_loss=0.3312 val_metric_name=roc_auc val_metric=0.8982
Step  550 | loss 0.2812 | val_acc=0.8384 val_roc_auc=0.8972 val_loss=0.3357 val_metric_name=roc_auc val_metric=0.8972
Step  600 | loss 0.2806 | val_acc=0.8384 val_roc_auc=0.8976 val_loss=0.3358 val_metric_name=roc_auc val_metric=0.8976
Step  650 | loss 0.2758 | val_acc=0.8456 val_roc_auc=0.8969 val_loss=0.3311 val_metric_name=roc_auc val_metric=0.8969
Early stopping at step 683

--- Final (best ckpt @ step 280) ---
  train_acc=0.8550 train_roc_auc=0.9170 train_loss=0.2966 train_metric_name=roc_auc train_metric=0.9170
  val_acc=0.8388 val_roc_auc=0.8993 val_loss=0.3305 val_metric_name=roc_auc val_metric=0.8993
  test_acc=0.8376 test_roc_auc=0.9025 test_loss=0.3205 test_metric_name=roc_auc test_metric=0.9025
  test_roc_auc=0.9025

============================================================
Training minesweeper SAGE 2L h=384 lr=0.0001 split=3
============================================================
Training for 5000 steps
Step    1 | loss 0.7786 | val_acc=0.8000 val_roc_auc=0.4689 val_loss=0.5199 val_metric_name=roc_auc val_metric=0.4689
Step   50 | loss 0.3848 | val_acc=0.8264 val_roc_auc=0.8200 val_loss=0.4112 val_metric_name=roc_auc val_metric=0.8200
Step  100 | loss 0.3194 | val_acc=0.8296 val_roc_auc=0.8902 val_loss=0.3360 val_metric_name=roc_auc val_metric=0.8902
Step  150 | loss 0.2989 | val_acc=0.8396 val_roc_auc=0.8977 val_loss=0.3260 val_metric_name=roc_auc val_metric=0.8977
Step  200 | loss 0.2904 | val_acc=0.8328 val_roc_auc=0.8978 val_loss=0.3339 val_metric_name=roc_auc val_metric=0.8978
Step  250 | loss 0.2857 | val_acc=0.8328 val_roc_auc=0.8994 val_loss=0.3335 val_metric_name=roc_auc val_metric=0.8994
Step  300 | loss 0.2833 | val_acc=0.8320 val_roc_auc=0.8981 val_loss=0.3388 val_metric_name=roc_auc val_metric=0.8981
Step  350 | loss 0.2811 | val_acc=0.8404 val_roc_auc=0.8976 val_loss=0.3290 val_metric_name=roc_auc val_metric=0.8976
Step  400 | loss 0.2771 | val_acc=0.8424 val_roc_auc=0.8974 val_loss=0.3321 val_metric_name=roc_auc val_metric=0.8974
Step  450 | loss 0.2751 | val_acc=0.8404 val_roc_auc=0.8967 val_loss=0.3342 val_metric_name=roc_auc val_metric=0.8967
Step  500 | loss 0.2738 | val_acc=0.8432 val_roc_auc=0.8958 val_loss=0.3363 val_metric_name=roc_auc val_metric=0.8958
Step  550 | loss 0.2742 | val_acc=0.8400 val_roc_auc=0.8953 val_loss=0.3382 val_metric_name=roc_auc val_metric=0.8953
Early stopping at step 550

--- Final (best ckpt @ step 250) ---
  train_acc=0.8510 train_roc_auc=0.9181 train_loss=0.2968 train_metric_name=roc_auc train_metric=0.9181
  val_acc=0.8328 val_roc_auc=0.8994 val_loss=0.3335 val_metric_name=roc_auc val_metric=0.8994
  test_acc=0.8424 test_roc_auc=0.9030 test_loss=0.3218 test_metric_name=roc_auc test_metric=0.9030
  test_roc_auc=0.9030

============================================================
Training minesweeper SAGE 2L h=384 lr=1e-05 split=3
============================================================
Training for 5000 steps
Step    1 | loss 0.7786 | val_acc=0.5796 val_roc_auc=0.4522 val_loss=0.7212 val_metric_name=roc_auc val_metric=0.4522
Step   50 | loss 0.4974 | val_acc=0.8000 val_roc_auc=0.6408 val_loss=0.5099 val_metric_name=roc_auc val_metric=0.6408
Step  100 | loss 0.4770 | val_acc=0.8000 val_roc_auc=0.7486 val_loss=0.4862 val_metric_name=roc_auc val_metric=0.7486
Step  150 | loss 0.4432 | val_acc=0.7984 val_roc_auc=0.7947 val_loss=0.4420 val_metric_name=roc_auc val_metric=0.7947
Step  200 | loss 0.4045 | val_acc=0.8180 val_roc_auc=0.8152 val_loss=0.4098 val_metric_name=roc_auc val_metric=0.8152
Step  250 | loss 0.3813 | val_acc=0.8216 val_roc_auc=0.8304 val_loss=0.4014 val_metric_name=roc_auc val_metric=0.8304
Step  300 | loss 0.3629 | val_acc=0.8224 val_roc_auc=0.8451 val_loss=0.3862 val_metric_name=roc_auc val_metric=0.8451
Step  350 | loss 0.3511 | val_acc=0.8212 val_roc_auc=0.8568 val_loss=0.3723 val_metric_name=roc_auc val_metric=0.8568
Step  400 | loss 0.3425 | val_acc=0.8288 val_roc_auc=0.8666 val_loss=0.3597 val_metric_name=roc_auc val_metric=0.8666
Step  450 | loss 0.3346 | val_acc=0.8292 val_roc_auc=0.8748 val_loss=0.3486 val_metric_name=roc_auc val_metric=0.8748
Step  500 | loss 0.3242 | val_acc=0.8328 val_roc_auc=0.8820 val_loss=0.3408 val_metric_name=roc_auc val_metric=0.8820
Step  550 | loss 0.3195 | val_acc=0.8356 val_roc_auc=0.8869 val_loss=0.3358 val_metric_name=roc_auc val_metric=0.8869
Step  600 | loss 0.3178 | val_acc=0.8380 val_roc_auc=0.8901 val_loss=0.3324 val_metric_name=roc_auc val_metric=0.8901
Step  650 | loss 0.3137 | val_acc=0.8408 val_roc_auc=0.8921 val_loss=0.3300 val_metric_name=roc_auc val_metric=0.8921
Step  700 | loss 0.3052 | val_acc=0.8392 val_roc_auc=0.8942 val_loss=0.3308 val_metric_name=roc_auc val_metric=0.8942
Step  750 | loss 0.3041 | val_acc=0.8408 val_roc_auc=0.8950 val_loss=0.3314 val_metric_name=roc_auc val_metric=0.8950
Step  800 | loss 0.2986 | val_acc=0.8448 val_roc_auc=0.8960 val_loss=0.3283 val_metric_name=roc_auc val_metric=0.8960
Step  850 | loss 0.3005 | val_acc=0.8384 val_roc_auc=0.8967 val_loss=0.3313 val_metric_name=roc_auc val_metric=0.8967
Step  900 | loss 0.2943 | val_acc=0.8428 val_roc_auc=0.8970 val_loss=0.3292 val_metric_name=roc_auc val_metric=0.8970
Step  950 | loss 0.3023 | val_acc=0.8384 val_roc_auc=0.8972 val_loss=0.3318 val_metric_name=roc_auc val_metric=0.8972
Step 1000 | loss 0.2953 | val_acc=0.8392 val_roc_auc=0.8977 val_loss=0.3318 val_metric_name=roc_auc val_metric=0.8977
Step 1050 | loss 0.2960 | val_acc=0.8404 val_roc_auc=0.8980 val_loss=0.3309 val_metric_name=roc_auc val_metric=0.8980
Step 1100 | loss 0.2902 | val_acc=0.8404 val_roc_auc=0.8980 val_loss=0.3305 val_metric_name=roc_auc val_metric=0.8980
Step 1150 | loss 0.2927 | val_acc=0.8396 val_roc_auc=0.8986 val_loss=0.3291 val_metric_name=roc_auc val_metric=0.8986
Step 1200 | loss 0.2938 | val_acc=0.8396 val_roc_auc=0.8983 val_loss=0.3309 val_metric_name=roc_auc val_metric=0.8983
Step 1250 | loss 0.2909 | val_acc=0.8400 val_roc_auc=0.8984 val_loss=0.3299 val_metric_name=roc_auc val_metric=0.8984
Step 1300 | loss 0.2920 | val_acc=0.8396 val_roc_auc=0.8987 val_loss=0.3300 val_metric_name=roc_auc val_metric=0.8987
Step 1350 | loss 0.2880 | val_acc=0.8392 val_roc_auc=0.8985 val_loss=0.3304 val_metric_name=roc_auc val_metric=0.8985
Step 1400 | loss 0.2896 | val_acc=0.8360 val_roc_auc=0.8986 val_loss=0.3335 val_metric_name=roc_auc val_metric=0.8986
Step 1450 | loss 0.2865 | val_acc=0.8392 val_roc_auc=0.8985 val_loss=0.3301 val_metric_name=roc_auc val_metric=0.8985
Step 1500 | loss 0.2863 | val_acc=0.8348 val_roc_auc=0.8987 val_loss=0.3338 val_metric_name=roc_auc val_metric=0.8987
Step 1550 | loss 0.2855 | val_acc=0.8356 val_roc_auc=0.8986 val_loss=0.3315 val_metric_name=roc_auc val_metric=0.8986
Step 1600 | loss 0.2847 | val_acc=0.8316 val_roc_auc=0.8987 val_loss=0.3352 val_metric_name=roc_auc val_metric=0.8987
Step 1650 | loss 0.2855 | val_acc=0.8344 val_roc_auc=0.8984 val_loss=0.3323 val_metric_name=roc_auc val_metric=0.8984
Step 1700 | loss 0.2838 | val_acc=0.8332 val_roc_auc=0.8987 val_loss=0.3351 val_metric_name=roc_auc val_metric=0.8987
Step 1750 | loss 0.2880 | val_acc=0.8336 val_roc_auc=0.8986 val_loss=0.3334 val_metric_name=roc_auc val_metric=0.8986
Step 1800 | loss 0.2848 | val_acc=0.8344 val_roc_auc=0.8986 val_loss=0.3338 val_metric_name=roc_auc val_metric=0.8986
Step 1850 | loss 0.2843 | val_acc=0.8364 val_roc_auc=0.8986 val_loss=0.3316 val_metric_name=roc_auc val_metric=0.8986
Step 1900 | loss 0.2784 | val_acc=0.8340 val_roc_auc=0.8985 val_loss=0.3348 val_metric_name=roc_auc val_metric=0.8985
Step 1950 | loss 0.2824 | val_acc=0.8372 val_roc_auc=0.8985 val_loss=0.3322 val_metric_name=roc_auc val_metric=0.8985
Step 2000 | loss 0.2812 | val_acc=0.8332 val_roc_auc=0.8983 val_loss=0.3358 val_metric_name=roc_auc val_metric=0.8983
Step 2050 | loss 0.2834 | val_acc=0.8376 val_roc_auc=0.8986 val_loss=0.3326 val_metric_name=roc_auc val_metric=0.8986
Early stopping at step 2078

--- Final (best ckpt @ step 1580) ---
  train_acc=0.8546 train_roc_auc=0.9188 train_loss=0.2963 train_metric_name=roc_auc train_metric=0.9188
  val_acc=0.8332 val_roc_auc=0.8990 val_loss=0.3348 val_metric_name=roc_auc val_metric=0.8990
  test_acc=0.8384 test_roc_auc=0.9029 test_loss=0.3235 test_metric_name=roc_auc test_metric=0.9029
  test_roc_auc=0.9029

============================================================
Training minesweeper SAGE 2L h=512 lr=3e-05 split=3
============================================================
Training for 5000 steps
Step    1 | loss 0.8371 | val_acc=0.8000 val_roc_auc=0.4929 val_loss=0.5942 val_metric_name=roc_auc val_metric=0.4929
Step   50 | loss 0.4494 | val_acc=0.8000 val_roc_auc=0.7983 val_loss=0.4625 val_metric_name=roc_auc val_metric=0.7983
Step  100 | loss 0.3644 | val_acc=0.8264 val_roc_auc=0.8445 val_loss=0.3947 val_metric_name=roc_auc val_metric=0.8445
Step  150 | loss 0.3228 | val_acc=0.8368 val_roc_auc=0.8824 val_loss=0.3370 val_metric_name=roc_auc val_metric=0.8824
Step  200 | loss 0.3138 | val_acc=0.8480 val_roc_auc=0.8942 val_loss=0.3248 val_metric_name=roc_auc val_metric=0.8942
Step  250 | loss 0.2968 | val_acc=0.8428 val_roc_auc=0.8986 val_loss=0.3290 val_metric_name=roc_auc val_metric=0.8986
Step  300 | loss 0.2960 | val_acc=0.8376 val_roc_auc=0.8998 val_loss=0.3349 val_metric_name=roc_auc val_metric=0.8998
Step  350 | loss 0.2908 | val_acc=0.8336 val_roc_auc=0.9001 val_loss=0.3364 val_metric_name=roc_auc val_metric=0.9001
Step  400 | loss 0.2882 | val_acc=0.8304 val_roc_auc=0.9001 val_loss=0.3399 val_metric_name=roc_auc val_metric=0.9001
Step  450 | loss 0.2887 | val_acc=0.8280 val_roc_auc=0.8998 val_loss=0.3454 val_metric_name=roc_auc val_metric=0.8998
Step  500 | loss 0.2842 | val_acc=0.8260 val_roc_auc=0.9000 val_loss=0.3434 val_metric_name=roc_auc val_metric=0.9000
Step  550 | loss 0.2806 | val_acc=0.8344 val_roc_auc=0.9002 val_loss=0.3368 val_metric_name=roc_auc val_metric=0.9002
Step  600 | loss 0.2817 | val_acc=0.8284 val_roc_auc=0.8996 val_loss=0.3444 val_metric_name=roc_auc val_metric=0.8996
Step  650 | loss 0.2787 | val_acc=0.8252 val_roc_auc=0.8994 val_loss=0.3452 val_metric_name=roc_auc val_metric=0.8994
Step  700 | loss 0.2762 | val_acc=0.8244 val_roc_auc=0.8991 val_loss=0.3463 val_metric_name=roc_auc val_metric=0.8991
Step  750 | loss 0.2798 | val_acc=0.8312 val_roc_auc=0.8990 val_loss=0.3382 val_metric_name=roc_auc val_metric=0.8990
Step  800 | loss 0.2792 | val_acc=0.8304 val_roc_auc=0.8994 val_loss=0.3405 val_metric_name=roc_auc val_metric=0.8994
Early stopping at step 841

--- Final (best ckpt @ step 540) ---
  train_acc=0.8486 train_roc_auc=0.9192 train_loss=0.2988 train_metric_name=roc_auc train_metric=0.9192
  val_acc=0.8328 val_roc_auc=0.9005 val_loss=0.3374 val_metric_name=roc_auc val_metric=0.9005
  test_acc=0.8388 test_roc_auc=0.9023 test_loss=0.3280 test_metric_name=roc_auc test_metric=0.9023
  test_roc_auc=0.9023

============================================================
Training minesweeper SAGE 2L h=512 lr=6e-05 split=3
============================================================
Training for 5000 steps
Step    1 | loss 0.8371 | val_acc=0.8000 val_roc_auc=0.5126 val_loss=0.5019 val_metric_name=roc_auc val_metric=0.5126
Step   50 | loss 0.3990 | val_acc=0.8140 val_roc_auc=0.8165 val_loss=0.4156 val_metric_name=roc_auc val_metric=0.8165
Step  100 | loss 0.3242 | val_acc=0.8344 val_roc_auc=0.8857 val_loss=0.3337 val_metric_name=roc_auc val_metric=0.8857
Step  150 | loss 0.2979 | val_acc=0.8300 val_roc_auc=0.8971 val_loss=0.3403 val_metric_name=roc_auc val_metric=0.8971
Step  200 | loss 0.2947 | val_acc=0.8336 val_roc_auc=0.8997 val_loss=0.3375 val_metric_name=roc_auc val_metric=0.8997
Step  250 | loss 0.2836 | val_acc=0.8152 val_roc_auc=0.8991 val_loss=0.3671 val_metric_name=roc_auc val_metric=0.8991
Step  300 | loss 0.2855 | val_acc=0.8248 val_roc_auc=0.8996 val_loss=0.3438 val_metric_name=roc_auc val_metric=0.8996
Step  350 | loss 0.2813 | val_acc=0.8204 val_roc_auc=0.8990 val_loss=0.3492 val_metric_name=roc_auc val_metric=0.8990
Step  400 | loss 0.2790 | val_acc=0.8316 val_roc_auc=0.8995 val_loss=0.3356 val_metric_name=roc_auc val_metric=0.8995
Step  450 | loss 0.2807 | val_acc=0.8200 val_roc_auc=0.8983 val_loss=0.3496 val_metric_name=roc_auc val_metric=0.8983
Step  500 | loss 0.2765 | val_acc=0.8276 val_roc_auc=0.8987 val_loss=0.3437 val_metric_name=roc_auc val_metric=0.8987
Step  550 | loss 0.2745 | val_acc=0.8268 val_roc_auc=0.8979 val_loss=0.3446 val_metric_name=roc_auc val_metric=0.8979
Step  600 | loss 0.2733 | val_acc=0.8220 val_roc_auc=0.8973 val_loss=0.3521 val_metric_name=roc_auc val_metric=0.8973
Early stopping at step 645

--- Final (best ckpt @ step 330) ---
  train_acc=0.8430 train_roc_auc=0.9185 train_loss=0.3046 train_metric_name=roc_auc train_metric=0.9185
  val_acc=0.8272 val_roc_auc=0.9001 val_loss=0.3427 val_metric_name=roc_auc val_metric=0.9001
  test_acc=0.8364 test_roc_auc=0.9018 test_loss=0.3327 test_metric_name=roc_auc test_metric=0.9018
  test_roc_auc=0.9018

============================================================
Training minesweeper SAGE 2L h=512 lr=0.0001 split=3
============================================================
Training for 5000 steps
Step    1 | loss 0.8371 | val_acc=0.8000 val_roc_auc=0.5400 val_loss=0.5632 val_metric_name=roc_auc val_metric=0.5400
Step   50 | loss 0.3735 | val_acc=0.8276 val_roc_auc=0.8290 val_loss=0.4076 val_metric_name=roc_auc val_metric=0.8290
Step  100 | loss 0.3054 | val_acc=0.8388 val_roc_auc=0.8966 val_loss=0.3271 val_metric_name=roc_auc val_metric=0.8966
Step  150 | loss 0.2898 | val_acc=0.8216 val_roc_auc=0.8987 val_loss=0.3519 val_metric_name=roc_auc val_metric=0.8987
Step  200 | loss 0.2886 | val_acc=0.8316 val_roc_auc=0.8993 val_loss=0.3365 val_metric_name=roc_auc val_metric=0.8993
Step  250 | loss 0.2773 | val_acc=0.8192 val_roc_auc=0.8991 val_loss=0.3511 val_metric_name=roc_auc val_metric=0.8991
Step  300 | loss 0.2807 | val_acc=0.8424 val_roc_auc=0.8990 val_loss=0.3268 val_metric_name=roc_auc val_metric=0.8990
Step  350 | loss 0.2769 | val_acc=0.8332 val_roc_auc=0.8985 val_loss=0.3355 val_metric_name=roc_auc val_metric=0.8985
Step  400 | loss 0.2742 | val_acc=0.8324 val_roc_auc=0.8985 val_loss=0.3373 val_metric_name=roc_auc val_metric=0.8985
Step  450 | loss 0.2744 | val_acc=0.8236 val_roc_auc=0.8967 val_loss=0.3484 val_metric_name=roc_auc val_metric=0.8967
Step  500 | loss 0.2689 | val_acc=0.8336 val_roc_auc=0.8966 val_loss=0.3446 val_metric_name=roc_auc val_metric=0.8966
Step  550 | loss 0.2685 | val_acc=0.8424 val_roc_auc=0.8945 val_loss=0.3420 val_metric_name=roc_auc val_metric=0.8945
Early stopping at step 560

--- Final (best ckpt @ step 260) ---
  train_acc=0.8580 train_roc_auc=0.9196 train_loss=0.2854 train_metric_name=roc_auc train_metric=0.9196
  val_acc=0.8436 val_roc_auc=0.9002 val_loss=0.3237 val_metric_name=roc_auc val_metric=0.9002
  test_acc=0.8468 test_roc_auc=0.9023 test_loss=0.3147 test_metric_name=roc_auc test_metric=0.9023
  test_roc_auc=0.9023

============================================================
Training minesweeper SAGE 2L h=512 lr=1e-05 split=3
============================================================
Training for 5000 steps
Step    1 | loss 0.8371 | val_acc=0.2572 val_roc_auc=0.4787 val_loss=0.7607 val_metric_name=roc_auc val_metric=0.4787
Step   50 | loss 0.4894 | val_acc=0.8000 val_roc_auc=0.7387 val_loss=0.5039 val_metric_name=roc_auc val_metric=0.7387
Step  100 | loss 0.4549 | val_acc=0.8000 val_roc_auc=0.7985 val_loss=0.4692 val_metric_name=roc_auc val_metric=0.7985
Step  150 | loss 0.4043 | val_acc=0.8068 val_roc_auc=0.8162 val_loss=0.4177 val_metric_name=roc_auc val_metric=0.8162
Step  200 | loss 0.3763 | val_acc=0.8292 val_roc_auc=0.8346 val_loss=0.4065 val_metric_name=roc_auc val_metric=0.8346
Step  250 | loss 0.3581 | val_acc=0.8280 val_roc_auc=0.8541 val_loss=0.3785 val_metric_name=roc_auc val_metric=0.8541
Step  300 | loss 0.3478 | val_acc=0.8304 val_roc_auc=0.8684 val_loss=0.3582 val_metric_name=roc_auc val_metric=0.8684
Step  350 | loss 0.3345 | val_acc=0.8348 val_roc_auc=0.8796 val_loss=0.3420 val_metric_name=roc_auc val_metric=0.8796
Step  400 | loss 0.3247 | val_acc=0.8396 val_roc_auc=0.8868 val_loss=0.3326 val_metric_name=roc_auc val_metric=0.8868
Step  450 | loss 0.3158 | val_acc=0.8472 val_roc_auc=0.8911 val_loss=0.3283 val_metric_name=roc_auc val_metric=0.8911
Step  500 | loss 0.3107 | val_acc=0.8404 val_roc_auc=0.8945 val_loss=0.3273 val_metric_name=roc_auc val_metric=0.8945
Step  550 | loss 0.3028 | val_acc=0.8432 val_roc_auc=0.8967 val_loss=0.3271 val_metric_name=roc_auc val_metric=0.8967
Step  600 | loss 0.3010 | val_acc=0.8424 val_roc_auc=0.8981 val_loss=0.3293 val_metric_name=roc_auc val_metric=0.8981
Step  650 | loss 0.2975 | val_acc=0.8408 val_roc_auc=0.8986 val_loss=0.3315 val_metric_name=roc_auc val_metric=0.8986
Step  700 | loss 0.2925 | val_acc=0.8420 val_roc_auc=0.8993 val_loss=0.3317 val_metric_name=roc_auc val_metric=0.8993
Step  750 | loss 0.2935 | val_acc=0.8392 val_roc_auc=0.8994 val_loss=0.3331 val_metric_name=roc_auc val_metric=0.8994
Step  800 | loss 0.2943 | val_acc=0.8420 val_roc_auc=0.9001 val_loss=0.3319 val_metric_name=roc_auc val_metric=0.9001
Step  850 | loss 0.2906 | val_acc=0.8372 val_roc_auc=0.8999 val_loss=0.3349 val_metric_name=roc_auc val_metric=0.8999
Step  900 | loss 0.2909 | val_acc=0.8348 val_roc_auc=0.9003 val_loss=0.3358 val_metric_name=roc_auc val_metric=0.9003
Step  950 | loss 0.2891 | val_acc=0.8320 val_roc_auc=0.9003 val_loss=0.3424 val_metric_name=roc_auc val_metric=0.9003
Step 1000 | loss 0.2896 | val_acc=0.8352 val_roc_auc=0.9004 val_loss=0.3379 val_metric_name=roc_auc val_metric=0.9004
Step 1050 | loss 0.2849 | val_acc=0.8344 val_roc_auc=0.9006 val_loss=0.3389 val_metric_name=roc_auc val_metric=0.9006
Step 1100 | loss 0.2862 | val_acc=0.8352 val_roc_auc=0.9006 val_loss=0.3378 val_metric_name=roc_auc val_metric=0.9006
Step 1150 | loss 0.2857 | val_acc=0.8304 val_roc_auc=0.9003 val_loss=0.3435 val_metric_name=roc_auc val_metric=0.9003
Step 1200 | loss 0.2898 | val_acc=0.8300 val_roc_auc=0.9003 val_loss=0.3417 val_metric_name=roc_auc val_metric=0.9003
Step 1250 | loss 0.2846 | val_acc=0.8264 val_roc_auc=0.9003 val_loss=0.3474 val_metric_name=roc_auc val_metric=0.9003
Step 1300 | loss 0.2845 | val_acc=0.8284 val_roc_auc=0.9006 val_loss=0.3448 val_metric_name=roc_auc val_metric=0.9006
Early stopping at step 1341

--- Final (best ckpt @ step 1040) ---
  train_acc=0.8466 train_roc_auc=0.9180 train_loss=0.3058 train_metric_name=roc_auc train_metric=0.9180
  val_acc=0.8316 val_roc_auc=0.9007 val_loss=0.3414 val_metric_name=roc_auc val_metric=0.9007
  test_acc=0.8388 test_roc_auc=0.9027 test_loss=0.3322 test_metric_name=roc_auc test_metric=0.9027
  test_roc_auc=0.9027
  >> num_layers=2 hidden_dim=256 lr=3e-05 best_step=690 val_roc_auc=0.9008 test_roc_auc=0.9024
     val_acc=0.8448 val_loss=0.3234 val_metric=0.9008 val_metric_name=roc_auc val_roc_auc=0.9008
     test_acc=0.8460 test_loss=0.3163 test_metric=0.9024 test_metric_name=roc_auc test_roc_auc=0.9024
  >> num_layers=2 hidden_dim=256 lr=6e-05 best_step=450 val_roc_auc=0.9007 test_roc_auc=0.9021
     val_acc=0.8444 val_loss=0.3206 val_metric=0.9007 val_metric_name=roc_auc val_roc_auc=0.9007
     test_acc=0.8432 test_loss=0.3138 test_metric=0.9021 test_metric_name=roc_auc test_roc_auc=0.9021
  >> num_layers=2 hidden_dim=256 lr=0.0001 best_step=260 val_roc_auc=0.9008 test_roc_auc=0.9028
     val_acc=0.8448 val_loss=0.3224 val_metric=0.9008 val_metric_name=roc_auc val_roc_auc=0.9008
     test_acc=0.8456 test_loss=0.3143 test_metric=0.9028 test_metric_name=roc_auc test_roc_auc=0.9028
  >> num_layers=2 hidden_dim=256 lr=1e-05 best_step=1930 val_roc_auc=0.9008 test_roc_auc=0.9024
     val_acc=0.8452 val_loss=0.3222 val_metric=0.9008 val_metric_name=roc_auc val_roc_auc=0.9008
     test_acc=0.8460 test_loss=0.3152 test_metric=0.9024 test_metric_name=roc_auc test_roc_auc=0.9024
  >> num_layers=2 hidden_dim=384 lr=3e-05 best_step=520 val_roc_auc=0.8991 test_roc_auc=0.9027
     val_acc=0.8384 val_loss=0.3302 val_metric=0.8991 val_metric_name=roc_auc val_roc_auc=0.8991
     test_acc=0.8384 test_loss=0.3202 test_metric=0.9027 test_metric_name=roc_auc test_roc_auc=0.9027
  >> num_layers=2 hidden_dim=384 lr=6e-05 best_step=280 val_roc_auc=0.8993 test_roc_auc=0.9025
     val_acc=0.8388 val_loss=0.3305 val_metric=0.8993 val_metric_name=roc_auc val_roc_auc=0.8993
     test_acc=0.8376 test_loss=0.3205 test_metric=0.9025 test_metric_name=roc_auc test_roc_auc=0.9025
  >> num_layers=2 hidden_dim=384 lr=0.0001 best_step=250 val_roc_auc=0.8994 test_roc_auc=0.9030
     val_acc=0.8328 val_loss=0.3335 val_metric=0.8994 val_metric_name=roc_auc val_roc_auc=0.8994
     test_acc=0.8424 test_loss=0.3218 test_metric=0.9030 test_metric_name=roc_auc test_roc_auc=0.9030
  >> num_layers=2 hidden_dim=384 lr=1e-05 best_step=1580 val_roc_auc=0.8990 test_roc_auc=0.9029
     val_acc=0.8332 val_loss=0.3348 val_metric=0.8990 val_metric_name=roc_auc val_roc_auc=0.8990
     test_acc=0.8384 test_loss=0.3235 test_metric=0.9029 test_metric_name=roc_auc test_roc_auc=0.9029
  >> num_layers=2 hidden_dim=512 lr=3e-05 best_step=540 val_roc_auc=0.9005 test_roc_auc=0.9023
     val_acc=0.8328 val_loss=0.3374 val_metric=0.9005 val_metric_name=roc_auc val_roc_auc=0.9005
     test_acc=0.8388 test_loss=0.3280 test_metric=0.9023 test_metric_name=roc_auc test_roc_auc=0.9023
  >> num_layers=2 hidden_dim=512 lr=6e-05 best_step=330 val_roc_auc=0.9001 test_roc_auc=0.9018
     val_acc=0.8272 val_loss=0.3427 val_metric=0.9001 val_metric_name=roc_auc val_roc_auc=0.9001
     test_acc=0.8364 test_loss=0.3327 test_metric=0.9018 test_metric_name=roc_auc test_roc_auc=0.9018
  >> num_layers=2 hidden_dim=512 lr=0.0001 best_step=260 val_roc_auc=0.9002 test_roc_auc=0.9023
     val_acc=0.8436 val_loss=0.3237 val_metric=0.9002 val_metric_name=roc_auc val_roc_auc=0.9002
     test_acc=0.8468 test_loss=0.3147 test_metric=0.9023 test_metric_name=roc_auc test_roc_auc=0.9023
  >> num_layers=2 hidden_dim=512 lr=1e-05 best_step=1040 val_roc_auc=0.9007 test_roc_auc=0.9027
     val_acc=0.8316 val_loss=0.3414 val_metric=0.9007 val_metric_name=roc_auc val_roc_auc=0.9007
     test_acc=0.8388 test_loss=0.3322 test_metric=0.9027 test_metric_name=roc_auc test_roc_auc=0.9027
  >> selected best (by val): num_layers=2 hidden_dim=256 lr=0.0001 val_roc_auc=0.9008 test_roc_auc=0.9028
     val_acc=0.8448 val_loss=0.3224 val_metric=0.9008 val_metric_name=roc_auc val_roc_auc=0.9008
     test_acc=0.8456 test_loss=0.3143 test_metric=0.9028 test_metric_name=roc_auc test_roc_auc=0.9028

Done. Results saved to /home/avshmelev/diploma_yandex_graphs/results_grid/minesweeper/base.csv, checkpoints in /home/avshmelev/diploma_yandex_graphs/all_checkpoints/minesweeper/base/
Skipping: "Done." found in /home/avshmelev/diploma_yandex_graphs/results_grid/minesweeper/logs_base/SAGE_2L_split3.log
