Loading data...

============================================================
Training minesweeper SAGE 4L h=256 lr=3e-05 split=0
============================================================
Training for 5000 steps
Step    1 | loss 0.7194 | val_acc=0.7996 val_roc_auc=0.4789 val_loss=0.5733 val_metric_name=roc_auc val_metric=0.4789
Step   50 | loss 0.4713 | val_acc=0.8000 val_roc_auc=0.7970 val_loss=0.4727 val_metric_name=roc_auc val_metric=0.7970
Step  100 | loss 0.3882 | val_acc=0.8252 val_roc_auc=0.8233 val_loss=0.4178 val_metric_name=roc_auc val_metric=0.8233
Step  150 | loss 0.3529 | val_acc=0.8276 val_roc_auc=0.8650 val_loss=0.3619 val_metric_name=roc_auc val_metric=0.8650
Step  200 | loss 0.3244 | val_acc=0.8268 val_roc_auc=0.8830 val_loss=0.3454 val_metric_name=roc_auc val_metric=0.8830
Step  250 | loss 0.3142 | val_acc=0.8240 val_roc_auc=0.8894 val_loss=0.3397 val_metric_name=roc_auc val_metric=0.8894
Step  300 | loss 0.3059 | val_acc=0.8264 val_roc_auc=0.8930 val_loss=0.3330 val_metric_name=roc_auc val_metric=0.8930
Step  350 | loss 0.2975 | val_acc=0.8308 val_roc_auc=0.8954 val_loss=0.3310 val_metric_name=roc_auc val_metric=0.8954
Step  400 | loss 0.2892 | val_acc=0.8324 val_roc_auc=0.8968 val_loss=0.3288 val_metric_name=roc_auc val_metric=0.8968
Step  450 | loss 0.2827 | val_acc=0.8312 val_roc_auc=0.8986 val_loss=0.3243 val_metric_name=roc_auc val_metric=0.8986
Step  500 | loss 0.2829 | val_acc=0.8320 val_roc_auc=0.9000 val_loss=0.3262 val_metric_name=roc_auc val_metric=0.9000
Step  550 | loss 0.2771 | val_acc=0.8380 val_roc_auc=0.9023 val_loss=0.3167 val_metric_name=roc_auc val_metric=0.9023
Step  600 | loss 0.2738 | val_acc=0.8344 val_roc_auc=0.9034 val_loss=0.3222 val_metric_name=roc_auc val_metric=0.9034
Step  650 | loss 0.2702 | val_acc=0.8328 val_roc_auc=0.9042 val_loss=0.3268 val_metric_name=roc_auc val_metric=0.9042
Step  700 | loss 0.2628 | val_acc=0.8448 val_roc_auc=0.9058 val_loss=0.3081 val_metric_name=roc_auc val_metric=0.9058
Step  750 | loss 0.2613 | val_acc=0.8360 val_roc_auc=0.9062 val_loss=0.3158 val_metric_name=roc_auc val_metric=0.9062
Step  800 | loss 0.2590 | val_acc=0.8384 val_roc_auc=0.9078 val_loss=0.3120 val_metric_name=roc_auc val_metric=0.9078
Step  850 | loss 0.2599 | val_acc=0.8388 val_roc_auc=0.9085 val_loss=0.3157 val_metric_name=roc_auc val_metric=0.9085
Step  900 | loss 0.2593 | val_acc=0.8420 val_roc_auc=0.9108 val_loss=0.3088 val_metric_name=roc_auc val_metric=0.9108
Step  950 | loss 0.2504 | val_acc=0.8532 val_roc_auc=0.9136 val_loss=0.2989 val_metric_name=roc_auc val_metric=0.9136
Step 1000 | loss 0.2477 | val_acc=0.8544 val_roc_auc=0.9167 val_loss=0.2913 val_metric_name=roc_auc val_metric=0.9167
Step 1050 | loss 0.2432 | val_acc=0.8584 val_roc_auc=0.9209 val_loss=0.2828 val_metric_name=roc_auc val_metric=0.9209
Step 1100 | loss 0.2378 | val_acc=0.8588 val_roc_auc=0.9237 val_loss=0.2812 val_metric_name=roc_auc val_metric=0.9237
Step 1150 | loss 0.2349 | val_acc=0.8600 val_roc_auc=0.9257 val_loss=0.2869 val_metric_name=roc_auc val_metric=0.9257
Step 1200 | loss 0.2319 | val_acc=0.8704 val_roc_auc=0.9276 val_loss=0.2698 val_metric_name=roc_auc val_metric=0.9276
Step 1250 | loss 0.2315 | val_acc=0.8692 val_roc_auc=0.9277 val_loss=0.2741 val_metric_name=roc_auc val_metric=0.9277
Step 1300 | loss 0.2241 | val_acc=0.8684 val_roc_auc=0.9273 val_loss=0.2755 val_metric_name=roc_auc val_metric=0.9273
Step 1350 | loss 0.2232 | val_acc=0.8708 val_roc_auc=0.9275 val_loss=0.2756 val_metric_name=roc_auc val_metric=0.9275
Step 1400 | loss 0.2213 | val_acc=0.8708 val_roc_auc=0.9278 val_loss=0.2763 val_metric_name=roc_auc val_metric=0.9278
Step 1450 | loss 0.2169 | val_acc=0.8732 val_roc_auc=0.9271 val_loss=0.2755 val_metric_name=roc_auc val_metric=0.9271
Step 1500 | loss 0.2179 | val_acc=0.8752 val_roc_auc=0.9270 val_loss=0.2760 val_metric_name=roc_auc val_metric=0.9270
Step 1550 | loss 0.2136 | val_acc=0.8768 val_roc_auc=0.9271 val_loss=0.2724 val_metric_name=roc_auc val_metric=0.9271
Step 1600 | loss 0.2152 | val_acc=0.8764 val_roc_auc=0.9268 val_loss=0.2756 val_metric_name=roc_auc val_metric=0.9268
Step 1650 | loss 0.2098 | val_acc=0.8748 val_roc_auc=0.9268 val_loss=0.2773 val_metric_name=roc_auc val_metric=0.9268
Step 1700 | loss 0.2094 | val_acc=0.8740 val_roc_auc=0.9266 val_loss=0.2798 val_metric_name=roc_auc val_metric=0.9266
Step 1750 | loss 0.2039 | val_acc=0.8756 val_roc_auc=0.9264 val_loss=0.2765 val_metric_name=roc_auc val_metric=0.9264
Early stopping at step 1792

--- Final (best ckpt @ step 1270) ---
  train_acc=0.9048 train_roc_auc=0.9553 train_loss=0.2137 train_metric_name=roc_auc train_metric=0.9553
  val_acc=0.8692 val_roc_auc=0.9282 val_loss=0.2702 val_metric_name=roc_auc val_metric=0.9282
  test_acc=0.8908 test_roc_auc=0.9398 test_loss=0.2469 test_metric_name=roc_auc test_metric=0.9398
  test_roc_auc=0.9398

============================================================
Training minesweeper SAGE 4L h=256 lr=6e-05 split=0
============================================================
Training for 5000 steps
Step    1 | loss 0.7194 | val_acc=0.8000 val_roc_auc=0.4948 val_loss=0.5141 val_metric_name=roc_auc val_metric=0.4948
Step   50 | loss 0.4229 | val_acc=0.8080 val_roc_auc=0.8143 val_loss=0.4080 val_metric_name=roc_auc val_metric=0.8143
Step  100 | loss 0.3410 | val_acc=0.8300 val_roc_auc=0.8723 val_loss=0.3526 val_metric_name=roc_auc val_metric=0.8723
Step  150 | loss 0.3115 | val_acc=0.8264 val_roc_auc=0.8899 val_loss=0.3329 val_metric_name=roc_auc val_metric=0.8899
Step  200 | loss 0.2941 | val_acc=0.8308 val_roc_auc=0.8949 val_loss=0.3316 val_metric_name=roc_auc val_metric=0.8949
Step  250 | loss 0.2882 | val_acc=0.8292 val_roc_auc=0.8980 val_loss=0.3293 val_metric_name=roc_auc val_metric=0.8980
Step  300 | loss 0.2809 | val_acc=0.8376 val_roc_auc=0.9014 val_loss=0.3185 val_metric_name=roc_auc val_metric=0.9014
Step  350 | loss 0.2728 | val_acc=0.8420 val_roc_auc=0.9042 val_loss=0.3116 val_metric_name=roc_auc val_metric=0.9042
Step  400 | loss 0.2685 | val_acc=0.8388 val_roc_auc=0.9058 val_loss=0.3149 val_metric_name=roc_auc val_metric=0.9058
Step  450 | loss 0.2597 | val_acc=0.8492 val_roc_auc=0.9083 val_loss=0.3051 val_metric_name=roc_auc val_metric=0.9083
Step  500 | loss 0.2587 | val_acc=0.8464 val_roc_auc=0.9102 val_loss=0.3056 val_metric_name=roc_auc val_metric=0.9102
Step  550 | loss 0.2518 | val_acc=0.8540 val_roc_auc=0.9172 val_loss=0.2880 val_metric_name=roc_auc val_metric=0.9172
Step  600 | loss 0.2426 | val_acc=0.8604 val_roc_auc=0.9236 val_loss=0.2816 val_metric_name=roc_auc val_metric=0.9236
Step  650 | loss 0.2362 | val_acc=0.8644 val_roc_auc=0.9266 val_loss=0.2782 val_metric_name=roc_auc val_metric=0.9266
Step  700 | loss 0.2274 | val_acc=0.8696 val_roc_auc=0.9277 val_loss=0.2732 val_metric_name=roc_auc val_metric=0.9277
Step  750 | loss 0.2217 | val_acc=0.8756 val_roc_auc=0.9284 val_loss=0.2694 val_metric_name=roc_auc val_metric=0.9284
Step  800 | loss 0.2204 | val_acc=0.8724 val_roc_auc=0.9274 val_loss=0.2781 val_metric_name=roc_auc val_metric=0.9274
Step  850 | loss 0.2160 | val_acc=0.8732 val_roc_auc=0.9276 val_loss=0.2798 val_metric_name=roc_auc val_metric=0.9276
Step  900 | loss 0.2137 | val_acc=0.8752 val_roc_auc=0.9268 val_loss=0.2752 val_metric_name=roc_auc val_metric=0.9268
Step  950 | loss 0.2103 | val_acc=0.8740 val_roc_auc=0.9265 val_loss=0.2816 val_metric_name=roc_auc val_metric=0.9265
Step 1000 | loss 0.2062 | val_acc=0.8744 val_roc_auc=0.9260 val_loss=0.2808 val_metric_name=roc_auc val_metric=0.9260
Step 1050 | loss 0.2001 | val_acc=0.8752 val_roc_auc=0.9247 val_loss=0.2839 val_metric_name=roc_auc val_metric=0.9247
Early stopping at step 1075

--- Final (best ckpt @ step 730) ---
  train_acc=0.9060 train_roc_auc=0.9564 train_loss=0.2092 train_metric_name=roc_auc train_metric=0.9564
  val_acc=0.8732 val_roc_auc=0.9285 val_loss=0.2687 val_metric_name=roc_auc val_metric=0.9285
  test_acc=0.8928 test_roc_auc=0.9402 test_loss=0.2448 test_metric_name=roc_auc test_metric=0.9402
  test_roc_auc=0.9402

============================================================
Training minesweeper SAGE 4L h=256 lr=0.0001 split=0
============================================================
Training for 5000 steps
Step    1 | loss 0.7194 | val_acc=0.8000 val_roc_auc=0.5396 val_loss=0.5084 val_metric_name=roc_auc val_metric=0.5396
Step   50 | loss 0.3841 | val_acc=0.8228 val_roc_auc=0.8243 val_loss=0.4100 val_metric_name=roc_auc val_metric=0.8243
Step  100 | loss 0.3150 | val_acc=0.8224 val_roc_auc=0.8882 val_loss=0.3384 val_metric_name=roc_auc val_metric=0.8882
Step  150 | loss 0.2924 | val_acc=0.8364 val_roc_auc=0.8959 val_loss=0.3215 val_metric_name=roc_auc val_metric=0.8959
Step  200 | loss 0.2796 | val_acc=0.8308 val_roc_auc=0.8999 val_loss=0.3283 val_metric_name=roc_auc val_metric=0.8999
Step  250 | loss 0.2721 | val_acc=0.8344 val_roc_auc=0.9029 val_loss=0.3254 val_metric_name=roc_auc val_metric=0.9029
Step  300 | loss 0.2648 | val_acc=0.8364 val_roc_auc=0.9066 val_loss=0.3149 val_metric_name=roc_auc val_metric=0.9066
Step  350 | loss 0.2548 | val_acc=0.8540 val_roc_auc=0.9110 val_loss=0.2977 val_metric_name=roc_auc val_metric=0.9110
Step  400 | loss 0.2451 | val_acc=0.8552 val_roc_auc=0.9209 val_loss=0.2856 val_metric_name=roc_auc val_metric=0.9209
Step  450 | loss 0.2303 | val_acc=0.8676 val_roc_auc=0.9276 val_loss=0.2732 val_metric_name=roc_auc val_metric=0.9276
Step  500 | loss 0.2232 | val_acc=0.8716 val_roc_auc=0.9285 val_loss=0.2706 val_metric_name=roc_auc val_metric=0.9285
Step  550 | loss 0.2229 | val_acc=0.8728 val_roc_auc=0.9297 val_loss=0.2682 val_metric_name=roc_auc val_metric=0.9297
Step  600 | loss 0.2147 | val_acc=0.8732 val_roc_auc=0.9282 val_loss=0.2791 val_metric_name=roc_auc val_metric=0.9282
Step  650 | loss 0.2136 | val_acc=0.8732 val_roc_auc=0.9282 val_loss=0.2741 val_metric_name=roc_auc val_metric=0.9282
Step  700 | loss 0.2078 | val_acc=0.8716 val_roc_auc=0.9272 val_loss=0.2804 val_metric_name=roc_auc val_metric=0.9272
Step  750 | loss 0.2006 | val_acc=0.8772 val_roc_auc=0.9241 val_loss=0.2876 val_metric_name=roc_auc val_metric=0.9241
Step  800 | loss 0.1962 | val_acc=0.8732 val_roc_auc=0.9222 val_loss=0.2969 val_metric_name=roc_auc val_metric=0.9222
Step  850 | loss 0.1957 | val_acc=0.8648 val_roc_auc=0.9213 val_loss=0.3087 val_metric_name=roc_auc val_metric=0.9213
Early stopping at step 850

--- Final (best ckpt @ step 550) ---
  train_acc=0.9102 train_roc_auc=0.9589 train_loss=0.2029 train_metric_name=roc_auc train_metric=0.9589
  val_acc=0.8728 val_roc_auc=0.9297 val_loss=0.2682 val_metric_name=roc_auc val_metric=0.9297
  test_acc=0.8924 test_roc_auc=0.9416 test_loss=0.2419 test_metric_name=roc_auc test_metric=0.9416
  test_roc_auc=0.9416

============================================================
Training minesweeper SAGE 4L h=256 lr=1e-05 split=0
============================================================
Training for 5000 steps
Step    1 | loss 0.7194 | val_acc=0.7416 val_roc_auc=0.4633 val_loss=0.6462 val_metric_name=roc_auc val_metric=0.4633
Step   50 | loss 0.4987 | val_acc=0.8000 val_roc_auc=0.7160 val_loss=0.5228 val_metric_name=roc_auc val_metric=0.7160
Step  100 | loss 0.4792 | val_acc=0.8000 val_roc_auc=0.7854 val_loss=0.4978 val_metric_name=roc_auc val_metric=0.7854
Step  150 | loss 0.4482 | val_acc=0.8012 val_roc_auc=0.8066 val_loss=0.4556 val_metric_name=roc_auc val_metric=0.8066
Step  200 | loss 0.4116 | val_acc=0.8116 val_roc_auc=0.8158 val_loss=0.4250 val_metric_name=roc_auc val_metric=0.8158
Step  250 | loss 0.3875 | val_acc=0.8276 val_roc_auc=0.8294 val_loss=0.4095 val_metric_name=roc_auc val_metric=0.8294
Step  300 | loss 0.3749 | val_acc=0.8280 val_roc_auc=0.8449 val_loss=0.3896 val_metric_name=roc_auc val_metric=0.8449
Step  350 | loss 0.3583 | val_acc=0.8252 val_roc_auc=0.8584 val_loss=0.3707 val_metric_name=roc_auc val_metric=0.8584
Step  400 | loss 0.3462 | val_acc=0.8276 val_roc_auc=0.8690 val_loss=0.3596 val_metric_name=roc_auc val_metric=0.8690
Step  450 | loss 0.3389 | val_acc=0.8244 val_roc_auc=0.8767 val_loss=0.3517 val_metric_name=roc_auc val_metric=0.8767
Step  500 | loss 0.3301 | val_acc=0.8228 val_roc_auc=0.8816 val_loss=0.3487 val_metric_name=roc_auc val_metric=0.8816
Step  550 | loss 0.3196 | val_acc=0.8212 val_roc_auc=0.8848 val_loss=0.3463 val_metric_name=roc_auc val_metric=0.8848
Step  600 | loss 0.3199 | val_acc=0.8212 val_roc_auc=0.8874 val_loss=0.3449 val_metric_name=roc_auc val_metric=0.8874
Step  650 | loss 0.3186 | val_acc=0.8228 val_roc_auc=0.8892 val_loss=0.3416 val_metric_name=roc_auc val_metric=0.8892
Step  700 | loss 0.3064 | val_acc=0.8228 val_roc_auc=0.8908 val_loss=0.3385 val_metric_name=roc_auc val_metric=0.8908
Step  750 | loss 0.3011 | val_acc=0.8228 val_roc_auc=0.8921 val_loss=0.3374 val_metric_name=roc_auc val_metric=0.8921
Step  800 | loss 0.3003 | val_acc=0.8264 val_roc_auc=0.8932 val_loss=0.3365 val_metric_name=roc_auc val_metric=0.8932
Step  850 | loss 0.3014 | val_acc=0.8300 val_roc_auc=0.8941 val_loss=0.3352 val_metric_name=roc_auc val_metric=0.8941
Step  900 | loss 0.3000 | val_acc=0.8296 val_roc_auc=0.8949 val_loss=0.3343 val_metric_name=roc_auc val_metric=0.8949
Step  950 | loss 0.2922 | val_acc=0.8296 val_roc_auc=0.8956 val_loss=0.3346 val_metric_name=roc_auc val_metric=0.8956
Step 1000 | loss 0.2908 | val_acc=0.8312 val_roc_auc=0.8963 val_loss=0.3296 val_metric_name=roc_auc val_metric=0.8963
Step 1050 | loss 0.2884 | val_acc=0.8312 val_roc_auc=0.8969 val_loss=0.3314 val_metric_name=roc_auc val_metric=0.8969
Step 1100 | loss 0.2852 | val_acc=0.8300 val_roc_auc=0.8976 val_loss=0.3267 val_metric_name=roc_auc val_metric=0.8976
Step 1150 | loss 0.2872 | val_acc=0.8320 val_roc_auc=0.8981 val_loss=0.3310 val_metric_name=roc_auc val_metric=0.8981
Step 1200 | loss 0.2859 | val_acc=0.8332 val_roc_auc=0.8991 val_loss=0.3257 val_metric_name=roc_auc val_metric=0.8991
Step 1250 | loss 0.2877 | val_acc=0.8312 val_roc_auc=0.8996 val_loss=0.3259 val_metric_name=roc_auc val_metric=0.8996
Step 1300 | loss 0.2815 | val_acc=0.8336 val_roc_auc=0.9002 val_loss=0.3242 val_metric_name=roc_auc val_metric=0.9002
Step 1350 | loss 0.2780 | val_acc=0.8356 val_roc_auc=0.9008 val_loss=0.3216 val_metric_name=roc_auc val_metric=0.9008
Step 1400 | loss 0.2751 | val_acc=0.8332 val_roc_auc=0.9016 val_loss=0.3227 val_metric_name=roc_auc val_metric=0.9016
Step 1450 | loss 0.2746 | val_acc=0.8340 val_roc_auc=0.9020 val_loss=0.3222 val_metric_name=roc_auc val_metric=0.9020
Step 1500 | loss 0.2736 | val_acc=0.8324 val_roc_auc=0.9021 val_loss=0.3239 val_metric_name=roc_auc val_metric=0.9021
Step 1550 | loss 0.2718 | val_acc=0.8368 val_roc_auc=0.9029 val_loss=0.3194 val_metric_name=roc_auc val_metric=0.9029
Step 1600 | loss 0.2739 | val_acc=0.8328 val_roc_auc=0.9036 val_loss=0.3227 val_metric_name=roc_auc val_metric=0.9036
Step 1650 | loss 0.2692 | val_acc=0.8356 val_roc_auc=0.9040 val_loss=0.3213 val_metric_name=roc_auc val_metric=0.9040
Step 1700 | loss 0.2655 | val_acc=0.8372 val_roc_auc=0.9047 val_loss=0.3188 val_metric_name=roc_auc val_metric=0.9047
Step 1750 | loss 0.2626 | val_acc=0.8356 val_roc_auc=0.9049 val_loss=0.3196 val_metric_name=roc_auc val_metric=0.9049
Step 1800 | loss 0.2694 | val_acc=0.8368 val_roc_auc=0.9053 val_loss=0.3187 val_metric_name=roc_auc val_metric=0.9053
Step 1850 | loss 0.2695 | val_acc=0.8376 val_roc_auc=0.9060 val_loss=0.3154 val_metric_name=roc_auc val_metric=0.9060
Step 1900 | loss 0.2653 | val_acc=0.8388 val_roc_auc=0.9060 val_loss=0.3152 val_metric_name=roc_auc val_metric=0.9060
Step 1950 | loss 0.2636 | val_acc=0.8380 val_roc_auc=0.9065 val_loss=0.3163 val_metric_name=roc_auc val_metric=0.9065
Step 2000 | loss 0.2631 | val_acc=0.8384 val_roc_auc=0.9069 val_loss=0.3158 val_metric_name=roc_auc val_metric=0.9069
Step 2050 | loss 0.2637 | val_acc=0.8364 val_roc_auc=0.9070 val_loss=0.3180 val_metric_name=roc_auc val_metric=0.9070
Step 2100 | loss 0.2622 | val_acc=0.8368 val_roc_auc=0.9077 val_loss=0.3165 val_metric_name=roc_auc val_metric=0.9077
Step 2150 | loss 0.2582 | val_acc=0.8392 val_roc_auc=0.9083 val_loss=0.3109 val_metric_name=roc_auc val_metric=0.9083
Step 2200 | loss 0.2575 | val_acc=0.8416 val_roc_auc=0.9088 val_loss=0.3103 val_metric_name=roc_auc val_metric=0.9088
Step 2250 | loss 0.2588 | val_acc=0.8448 val_roc_auc=0.9094 val_loss=0.3072 val_metric_name=roc_auc val_metric=0.9094
Step 2300 | loss 0.2570 | val_acc=0.8440 val_roc_auc=0.9099 val_loss=0.3095 val_metric_name=roc_auc val_metric=0.9099
Step 2350 | loss 0.2597 | val_acc=0.8460 val_roc_auc=0.9100 val_loss=0.3067 val_metric_name=roc_auc val_metric=0.9100
Step 2400 | loss 0.2555 | val_acc=0.8488 val_roc_auc=0.9111 val_loss=0.3058 val_metric_name=roc_auc val_metric=0.9111
Step 2450 | loss 0.2524 | val_acc=0.8500 val_roc_auc=0.9120 val_loss=0.3032 val_metric_name=roc_auc val_metric=0.9120
Step 2500 | loss 0.2521 | val_acc=0.8492 val_roc_auc=0.9131 val_loss=0.2996 val_metric_name=roc_auc val_metric=0.9131
Step 2550 | loss 0.2528 | val_acc=0.8524 val_roc_auc=0.9147 val_loss=0.2966 val_metric_name=roc_auc val_metric=0.9147
Step 2600 | loss 0.2467 | val_acc=0.8524 val_roc_auc=0.9157 val_loss=0.2946 val_metric_name=roc_auc val_metric=0.9157
Step 2650 | loss 0.2449 | val_acc=0.8536 val_roc_auc=0.9170 val_loss=0.2928 val_metric_name=roc_auc val_metric=0.9170
Step 2700 | loss 0.2470 | val_acc=0.8548 val_roc_auc=0.9187 val_loss=0.2895 val_metric_name=roc_auc val_metric=0.9187
Step 2750 | loss 0.2416 | val_acc=0.8568 val_roc_auc=0.9200 val_loss=0.2849 val_metric_name=roc_auc val_metric=0.9200
Step 2800 | loss 0.2420 | val_acc=0.8556 val_roc_auc=0.9219 val_loss=0.2845 val_metric_name=roc_auc val_metric=0.9219
Step 2850 | loss 0.2383 | val_acc=0.8572 val_roc_auc=0.9232 val_loss=0.2807 val_metric_name=roc_auc val_metric=0.9232
Step 2900 | loss 0.2391 | val_acc=0.8596 val_roc_auc=0.9246 val_loss=0.2781 val_metric_name=roc_auc val_metric=0.9246
Step 2950 | loss 0.2394 | val_acc=0.8624 val_roc_auc=0.9254 val_loss=0.2762 val_metric_name=roc_auc val_metric=0.9254
Step 3000 | loss 0.2347 | val_acc=0.8648 val_roc_auc=0.9260 val_loss=0.2736 val_metric_name=roc_auc val_metric=0.9260
Step 3050 | loss 0.2324 | val_acc=0.8636 val_roc_auc=0.9262 val_loss=0.2759 val_metric_name=roc_auc val_metric=0.9262
Step 3100 | loss 0.2314 | val_acc=0.8636 val_roc_auc=0.9264 val_loss=0.2772 val_metric_name=roc_auc val_metric=0.9264
Step 3150 | loss 0.2329 | val_acc=0.8640 val_roc_auc=0.9269 val_loss=0.2762 val_metric_name=roc_auc val_metric=0.9269
Step 3200 | loss 0.2289 | val_acc=0.8680 val_roc_auc=0.9273 val_loss=0.2723 val_metric_name=roc_auc val_metric=0.9273
Step 3250 | loss 0.2304 | val_acc=0.8648 val_roc_auc=0.9271 val_loss=0.2785 val_metric_name=roc_auc val_metric=0.9271
Step 3300 | loss 0.2303 | val_acc=0.8680 val_roc_auc=0.9271 val_loss=0.2754 val_metric_name=roc_auc val_metric=0.9271
Step 3350 | loss 0.2246 | val_acc=0.8704 val_roc_auc=0.9275 val_loss=0.2732 val_metric_name=roc_auc val_metric=0.9275
Step 3400 | loss 0.2252 | val_acc=0.8704 val_roc_auc=0.9274 val_loss=0.2748 val_metric_name=roc_auc val_metric=0.9274
Step 3450 | loss 0.2255 | val_acc=0.8732 val_roc_auc=0.9275 val_loss=0.2722 val_metric_name=roc_auc val_metric=0.9275
Step 3500 | loss 0.2202 | val_acc=0.8732 val_roc_auc=0.9280 val_loss=0.2719 val_metric_name=roc_auc val_metric=0.9280
Step 3550 | loss 0.2217 | val_acc=0.8712 val_roc_auc=0.9277 val_loss=0.2749 val_metric_name=roc_auc val_metric=0.9277
Step 3600 | loss 0.2176 | val_acc=0.8724 val_roc_auc=0.9276 val_loss=0.2732 val_metric_name=roc_auc val_metric=0.9276
Step 3650 | loss 0.2218 | val_acc=0.8724 val_roc_auc=0.9273 val_loss=0.2746 val_metric_name=roc_auc val_metric=0.9273
Step 3700 | loss 0.2221 | val_acc=0.8728 val_roc_auc=0.9276 val_loss=0.2739 val_metric_name=roc_auc val_metric=0.9276
Step 3750 | loss 0.2185 | val_acc=0.8736 val_roc_auc=0.9272 val_loss=0.2750 val_metric_name=roc_auc val_metric=0.9272
Step 3800 | loss 0.2167 | val_acc=0.8732 val_roc_auc=0.9271 val_loss=0.2788 val_metric_name=roc_auc val_metric=0.9271
Early stopping at step 3808

--- Final (best ckpt @ step 3500) ---
  train_acc=0.9062 train_roc_auc=0.9560 train_loss=0.2122 train_metric_name=roc_auc train_metric=0.9560
  val_acc=0.8732 val_roc_auc=0.9280 val_loss=0.2719 val_metric_name=roc_auc val_metric=0.9280
  test_acc=0.8896 test_roc_auc=0.9404 test_loss=0.2462 test_metric_name=roc_auc test_metric=0.9404
  test_roc_auc=0.9404

============================================================
Training minesweeper SAGE 4L h=384 lr=3e-05 split=0
============================================================
Training for 5000 steps
Step    1 | loss 0.6822 | val_acc=0.8000 val_roc_auc=0.5698 val_loss=0.5053 val_metric_name=roc_auc val_metric=0.5698
Step   50 | loss 0.4199 | val_acc=0.8140 val_roc_auc=0.8147 val_loss=0.3966 val_metric_name=roc_auc val_metric=0.8147
Step  100 | loss 0.3528 | val_acc=0.8120 val_roc_auc=0.8642 val_loss=0.3762 val_metric_name=roc_auc val_metric=0.8642
Step  150 | loss 0.3204 | val_acc=0.8216 val_roc_auc=0.8867 val_loss=0.3463 val_metric_name=roc_auc val_metric=0.8867
Step  200 | loss 0.2988 | val_acc=0.8224 val_roc_auc=0.8919 val_loss=0.3484 val_metric_name=roc_auc val_metric=0.8919
Step  250 | loss 0.2966 | val_acc=0.8332 val_roc_auc=0.8945 val_loss=0.3298 val_metric_name=roc_auc val_metric=0.8945
Step  300 | loss 0.2886 | val_acc=0.8340 val_roc_auc=0.8964 val_loss=0.3320 val_metric_name=roc_auc val_metric=0.8964
Step  350 | loss 0.2763 | val_acc=0.8380 val_roc_auc=0.8992 val_loss=0.3245 val_metric_name=roc_auc val_metric=0.8992
Step  400 | loss 0.2760 | val_acc=0.8480 val_roc_auc=0.9015 val_loss=0.3136 val_metric_name=roc_auc val_metric=0.9015
Step  450 | loss 0.2659 | val_acc=0.8484 val_roc_auc=0.9042 val_loss=0.3131 val_metric_name=roc_auc val_metric=0.9042
Step  500 | loss 0.2624 | val_acc=0.8504 val_roc_auc=0.9064 val_loss=0.3093 val_metric_name=roc_auc val_metric=0.9064
Step  550 | loss 0.2575 | val_acc=0.8536 val_roc_auc=0.9095 val_loss=0.2986 val_metric_name=roc_auc val_metric=0.9095
Step  600 | loss 0.2537 | val_acc=0.8580 val_roc_auc=0.9113 val_loss=0.2973 val_metric_name=roc_auc val_metric=0.9113
Step  650 | loss 0.2491 | val_acc=0.8576 val_roc_auc=0.9160 val_loss=0.2951 val_metric_name=roc_auc val_metric=0.9160
Step  700 | loss 0.2385 | val_acc=0.8592 val_roc_auc=0.9237 val_loss=0.2912 val_metric_name=roc_auc val_metric=0.9237
Step  750 | loss 0.2322 | val_acc=0.8564 val_roc_auc=0.9246 val_loss=0.3083 val_metric_name=roc_auc val_metric=0.9246
Step  800 | loss 0.2264 | val_acc=0.8640 val_roc_auc=0.9263 val_loss=0.2929 val_metric_name=roc_auc val_metric=0.9263
Step  850 | loss 0.2208 | val_acc=0.8668 val_roc_auc=0.9263 val_loss=0.2899 val_metric_name=roc_auc val_metric=0.9263
Step  900 | loss 0.2193 | val_acc=0.8700 val_roc_auc=0.9267 val_loss=0.2829 val_metric_name=roc_auc val_metric=0.9267
Step  950 | loss 0.2178 | val_acc=0.8588 val_roc_auc=0.9245 val_loss=0.3014 val_metric_name=roc_auc val_metric=0.9245
Step 1000 | loss 0.2129 | val_acc=0.8688 val_roc_auc=0.9264 val_loss=0.2819 val_metric_name=roc_auc val_metric=0.9264
Step 1050 | loss 0.2141 | val_acc=0.8656 val_roc_auc=0.9259 val_loss=0.2878 val_metric_name=roc_auc val_metric=0.9259
Step 1100 | loss 0.2109 | val_acc=0.8640 val_roc_auc=0.9253 val_loss=0.2914 val_metric_name=roc_auc val_metric=0.9253
Step 1150 | loss 0.2093 | val_acc=0.8684 val_roc_auc=0.9246 val_loss=0.2943 val_metric_name=roc_auc val_metric=0.9246
Step 1200 | loss 0.2042 | val_acc=0.8648 val_roc_auc=0.9239 val_loss=0.2999 val_metric_name=roc_auc val_metric=0.9239
Early stopping at step 1209

--- Final (best ckpt @ step 900) ---
  train_acc=0.9026 train_roc_auc=0.9559 train_loss=0.2167 train_metric_name=roc_auc train_metric=0.9559
  val_acc=0.8700 val_roc_auc=0.9267 val_loss=0.2829 val_metric_name=roc_auc val_metric=0.9267
  test_acc=0.8888 test_roc_auc=0.9408 test_loss=0.2497 test_metric_name=roc_auc test_metric=0.9408
  test_roc_auc=0.9408

============================================================
Training minesweeper SAGE 4L h=384 lr=6e-05 split=0
============================================================
Training for 5000 steps
Step    1 | loss 0.6822 | val_acc=0.8000 val_roc_auc=0.5516 val_loss=0.5259 val_metric_name=roc_auc val_metric=0.5516
Step   50 | loss 0.3765 | val_acc=0.8168 val_roc_auc=0.8329 val_loss=0.4118 val_metric_name=roc_auc val_metric=0.8329
Step  100 | loss 0.3164 | val_acc=0.8208 val_roc_auc=0.8877 val_loss=0.3511 val_metric_name=roc_auc val_metric=0.8877
Step  150 | loss 0.2936 | val_acc=0.8352 val_roc_auc=0.8940 val_loss=0.3264 val_metric_name=roc_auc val_metric=0.8940
Step  200 | loss 0.2776 | val_acc=0.8364 val_roc_auc=0.8978 val_loss=0.3262 val_metric_name=roc_auc val_metric=0.8978
Step  250 | loss 0.2734 | val_acc=0.8516 val_roc_auc=0.9026 val_loss=0.3091 val_metric_name=roc_auc val_metric=0.9026
Step  300 | loss 0.2666 | val_acc=0.8476 val_roc_auc=0.9064 val_loss=0.3108 val_metric_name=roc_auc val_metric=0.9064
Step  350 | loss 0.2507 | val_acc=0.8592 val_roc_auc=0.9109 val_loss=0.2989 val_metric_name=roc_auc val_metric=0.9109
Step  400 | loss 0.2433 | val_acc=0.8508 val_roc_auc=0.9212 val_loss=0.2951 val_metric_name=roc_auc val_metric=0.9212
Step  450 | loss 0.2249 | val_acc=0.8560 val_roc_auc=0.9248 val_loss=0.3056 val_metric_name=roc_auc val_metric=0.9248
Step  500 | loss 0.2195 | val_acc=0.8672 val_roc_auc=0.9264 val_loss=0.2855 val_metric_name=roc_auc val_metric=0.9264
Step  550 | loss 0.2165 | val_acc=0.8664 val_roc_auc=0.9263 val_loss=0.2886 val_metric_name=roc_auc val_metric=0.9263
Step  600 | loss 0.2119 | val_acc=0.8624 val_roc_auc=0.9256 val_loss=0.3007 val_metric_name=roc_auc val_metric=0.9256
Step  650 | loss 0.2065 | val_acc=0.8704 val_roc_auc=0.9259 val_loss=0.2906 val_metric_name=roc_auc val_metric=0.9259
Step  700 | loss 0.2066 | val_acc=0.8800 val_roc_auc=0.9257 val_loss=0.2807 val_metric_name=roc_auc val_metric=0.9257
Step  750 | loss 0.2025 | val_acc=0.8724 val_roc_auc=0.9248 val_loss=0.2905 val_metric_name=roc_auc val_metric=0.9248
Step  800 | loss 0.1982 | val_acc=0.8600 val_roc_auc=0.9220 val_loss=0.3135 val_metric_name=roc_auc val_metric=0.9220
Step  850 | loss 0.1908 | val_acc=0.8696 val_roc_auc=0.9202 val_loss=0.3119 val_metric_name=roc_auc val_metric=0.9202
Early stopping at step 863

--- Final (best ckpt @ step 540) ---
  train_acc=0.9054 train_roc_auc=0.9574 train_loss=0.2107 train_metric_name=roc_auc train_metric=0.9574
  val_acc=0.8724 val_roc_auc=0.9280 val_loss=0.2786 val_metric_name=roc_auc val_metric=0.9280
  test_acc=0.8908 test_roc_auc=0.9412 test_loss=0.2478 test_metric_name=roc_auc test_metric=0.9412
  test_roc_auc=0.9412

============================================================
Training minesweeper SAGE 4L h=384 lr=0.0001 split=0
============================================================
Training for 5000 steps
Step    1 | loss 0.6822 | val_acc=0.8000 val_roc_auc=0.5410 val_loss=0.6641 val_metric_name=roc_auc val_metric=0.5410
Step   50 | loss 0.3540 | val_acc=0.8232 val_roc_auc=0.8561 val_loss=0.3670 val_metric_name=roc_auc val_metric=0.8561
Step  100 | loss 0.2991 | val_acc=0.8284 val_roc_auc=0.8930 val_loss=0.3350 val_metric_name=roc_auc val_metric=0.8930
Step  150 | loss 0.2799 | val_acc=0.8344 val_roc_auc=0.8978 val_loss=0.3258 val_metric_name=roc_auc val_metric=0.8978
Step  200 | loss 0.2650 | val_acc=0.8456 val_roc_auc=0.9051 val_loss=0.3108 val_metric_name=roc_auc val_metric=0.9051
Step  250 | loss 0.2579 | val_acc=0.8508 val_roc_auc=0.9096 val_loss=0.3034 val_metric_name=roc_auc val_metric=0.9096
Step  300 | loss 0.2431 | val_acc=0.8672 val_roc_auc=0.9255 val_loss=0.2735 val_metric_name=roc_auc val_metric=0.9255
Step  350 | loss 0.2234 | val_acc=0.8628 val_roc_auc=0.9275 val_loss=0.2879 val_metric_name=roc_auc val_metric=0.9275
Step  400 | loss 0.2180 | val_acc=0.8624 val_roc_auc=0.9270 val_loss=0.2981 val_metric_name=roc_auc val_metric=0.9270
Step  450 | loss 0.2051 | val_acc=0.8708 val_roc_auc=0.9260 val_loss=0.2890 val_metric_name=roc_auc val_metric=0.9260
Step  500 | loss 0.1994 | val_acc=0.8620 val_roc_auc=0.9236 val_loss=0.3029 val_metric_name=roc_auc val_metric=0.9236
Step  550 | loss 0.1992 | val_acc=0.8684 val_roc_auc=0.9229 val_loss=0.3007 val_metric_name=roc_auc val_metric=0.9229
Step  600 | loss 0.1936 | val_acc=0.8720 val_roc_auc=0.9203 val_loss=0.3107 val_metric_name=roc_auc val_metric=0.9203
Step  650 | loss 0.1848 | val_acc=0.8624 val_roc_auc=0.9185 val_loss=0.3275 val_metric_name=roc_auc val_metric=0.9185
Early stopping at step 680

--- Final (best ckpt @ step 380) ---
  train_acc=0.9040 train_roc_auc=0.9574 train_loss=0.2138 train_metric_name=roc_auc train_metric=0.9574
  val_acc=0.8680 val_roc_auc=0.9293 val_loss=0.2788 val_metric_name=roc_auc val_metric=0.9293
  test_acc=0.8864 test_roc_auc=0.9407 test_loss=0.2525 test_metric_name=roc_auc test_metric=0.9407
  test_roc_auc=0.9407

============================================================
Training minesweeper SAGE 4L h=384 lr=1e-05 split=0
============================================================
Training for 5000 steps
Step    1 | loss 0.6822 | val_acc=0.8004 val_roc_auc=0.5728 val_loss=0.5867 val_metric_name=roc_auc val_metric=0.5728
Step   50 | loss 0.4829 | val_acc=0.8000 val_roc_auc=0.7659 val_loss=0.4925 val_metric_name=roc_auc val_metric=0.7659
Step  100 | loss 0.4301 | val_acc=0.8056 val_roc_auc=0.8097 val_loss=0.4111 val_metric_name=roc_auc val_metric=0.8097
Step  150 | loss 0.3881 | val_acc=0.8184 val_roc_auc=0.8301 val_loss=0.4085 val_metric_name=roc_auc val_metric=0.8301
Step  200 | loss 0.3651 | val_acc=0.8144 val_roc_auc=0.8517 val_loss=0.3880 val_metric_name=roc_auc val_metric=0.8517
Step  250 | loss 0.3556 | val_acc=0.8144 val_roc_auc=0.8683 val_loss=0.3736 val_metric_name=roc_auc val_metric=0.8683
Step  300 | loss 0.3351 | val_acc=0.8168 val_roc_auc=0.8797 val_loss=0.3626 val_metric_name=roc_auc val_metric=0.8797
Step  350 | loss 0.3249 | val_acc=0.8192 val_roc_auc=0.8852 val_loss=0.3620 val_metric_name=roc_auc val_metric=0.8852
Step  400 | loss 0.3194 | val_acc=0.8160 val_roc_auc=0.8883 val_loss=0.3567 val_metric_name=roc_auc val_metric=0.8883
Step  450 | loss 0.3094 | val_acc=0.8208 val_roc_auc=0.8905 val_loss=0.3500 val_metric_name=roc_auc val_metric=0.8905
Step  500 | loss 0.2980 | val_acc=0.8244 val_roc_auc=0.8923 val_loss=0.3467 val_metric_name=roc_auc val_metric=0.8923
Step  550 | loss 0.2951 | val_acc=0.8284 val_roc_auc=0.8936 val_loss=0.3389 val_metric_name=roc_auc val_metric=0.8936
Step  600 | loss 0.2882 | val_acc=0.8300 val_roc_auc=0.8941 val_loss=0.3379 val_metric_name=roc_auc val_metric=0.8941
Step  650 | loss 0.2900 | val_acc=0.8340 val_roc_auc=0.8950 val_loss=0.3349 val_metric_name=roc_auc val_metric=0.8950
Step  700 | loss 0.2848 | val_acc=0.8352 val_roc_auc=0.8957 val_loss=0.3302 val_metric_name=roc_auc val_metric=0.8957
Step  750 | loss 0.2872 | val_acc=0.8356 val_roc_auc=0.8967 val_loss=0.3301 val_metric_name=roc_auc val_metric=0.8967
Step  800 | loss 0.2837 | val_acc=0.8344 val_roc_auc=0.8977 val_loss=0.3307 val_metric_name=roc_auc val_metric=0.8977
Step  850 | loss 0.2771 | val_acc=0.8356 val_roc_auc=0.8982 val_loss=0.3267 val_metric_name=roc_auc val_metric=0.8982
Step  900 | loss 0.2767 | val_acc=0.8380 val_roc_auc=0.8995 val_loss=0.3239 val_metric_name=roc_auc val_metric=0.8995
Step  950 | loss 0.2721 | val_acc=0.8396 val_roc_auc=0.9007 val_loss=0.3220 val_metric_name=roc_auc val_metric=0.9007
Step 1000 | loss 0.2738 | val_acc=0.8420 val_roc_auc=0.9013 val_loss=0.3198 val_metric_name=roc_auc val_metric=0.9013
Step 1050 | loss 0.2694 | val_acc=0.8436 val_roc_auc=0.9019 val_loss=0.3171 val_metric_name=roc_auc val_metric=0.9019
Step 1100 | loss 0.2730 | val_acc=0.8468 val_roc_auc=0.9035 val_loss=0.3140 val_metric_name=roc_auc val_metric=0.9035
Step 1150 | loss 0.2684 | val_acc=0.8480 val_roc_auc=0.9040 val_loss=0.3152 val_metric_name=roc_auc val_metric=0.9040
Step 1200 | loss 0.2643 | val_acc=0.8456 val_roc_auc=0.9050 val_loss=0.3158 val_metric_name=roc_auc val_metric=0.9050
Step 1250 | loss 0.2647 | val_acc=0.8496 val_roc_auc=0.9057 val_loss=0.3095 val_metric_name=roc_auc val_metric=0.9057
Step 1300 | loss 0.2633 | val_acc=0.8476 val_roc_auc=0.9065 val_loss=0.3110 val_metric_name=roc_auc val_metric=0.9065
Step 1350 | loss 0.2556 | val_acc=0.8480 val_roc_auc=0.9071 val_loss=0.3092 val_metric_name=roc_auc val_metric=0.9071
Step 1400 | loss 0.2599 | val_acc=0.8532 val_roc_auc=0.9083 val_loss=0.3059 val_metric_name=roc_auc val_metric=0.9083
Step 1450 | loss 0.2541 | val_acc=0.8540 val_roc_auc=0.9092 val_loss=0.3042 val_metric_name=roc_auc val_metric=0.9092
Step 1500 | loss 0.2539 | val_acc=0.8520 val_roc_auc=0.9103 val_loss=0.3057 val_metric_name=roc_auc val_metric=0.9103
Step 1550 | loss 0.2523 | val_acc=0.8484 val_roc_auc=0.9112 val_loss=0.3056 val_metric_name=roc_auc val_metric=0.9112
Step 1600 | loss 0.2480 | val_acc=0.8520 val_roc_auc=0.9134 val_loss=0.3019 val_metric_name=roc_auc val_metric=0.9134
Step 1650 | loss 0.2508 | val_acc=0.8564 val_roc_auc=0.9150 val_loss=0.2980 val_metric_name=roc_auc val_metric=0.9150
Step 1700 | loss 0.2442 | val_acc=0.8532 val_roc_auc=0.9175 val_loss=0.3001 val_metric_name=roc_auc val_metric=0.9175
Step 1750 | loss 0.2421 | val_acc=0.8560 val_roc_auc=0.9205 val_loss=0.2913 val_metric_name=roc_auc val_metric=0.9205
Step 1800 | loss 0.2413 | val_acc=0.8556 val_roc_auc=0.9225 val_loss=0.2958 val_metric_name=roc_auc val_metric=0.9225
Step 1850 | loss 0.2349 | val_acc=0.8548 val_roc_auc=0.9236 val_loss=0.3022 val_metric_name=roc_auc val_metric=0.9236
Step 1900 | loss 0.2316 | val_acc=0.8556 val_roc_auc=0.9244 val_loss=0.3040 val_metric_name=roc_auc val_metric=0.9244
Step 1950 | loss 0.2299 | val_acc=0.8668 val_roc_auc=0.9258 val_loss=0.2956 val_metric_name=roc_auc val_metric=0.9258
Step 2000 | loss 0.2275 | val_acc=0.8508 val_roc_auc=0.9244 val_loss=0.3134 val_metric_name=roc_auc val_metric=0.9244
Step 2050 | loss 0.2280 | val_acc=0.8568 val_roc_auc=0.9243 val_loss=0.3067 val_metric_name=roc_auc val_metric=0.9243
Step 2100 | loss 0.2274 | val_acc=0.8592 val_roc_auc=0.9256 val_loss=0.2974 val_metric_name=roc_auc val_metric=0.9256
Step 2150 | loss 0.2247 | val_acc=0.8612 val_roc_auc=0.9257 val_loss=0.2964 val_metric_name=roc_auc val_metric=0.9257
Step 2200 | loss 0.2221 | val_acc=0.8580 val_roc_auc=0.9249 val_loss=0.3004 val_metric_name=roc_auc val_metric=0.9249
Step 2250 | loss 0.2208 | val_acc=0.8620 val_roc_auc=0.9254 val_loss=0.2991 val_metric_name=roc_auc val_metric=0.9254
Step 2300 | loss 0.2192 | val_acc=0.8664 val_roc_auc=0.9261 val_loss=0.2904 val_metric_name=roc_auc val_metric=0.9261
Step 2350 | loss 0.2149 | val_acc=0.8604 val_roc_auc=0.9246 val_loss=0.3017 val_metric_name=roc_auc val_metric=0.9246
Step 2400 | loss 0.2176 | val_acc=0.8528 val_roc_auc=0.9238 val_loss=0.3145 val_metric_name=roc_auc val_metric=0.9238
Step 2450 | loss 0.2156 | val_acc=0.8620 val_roc_auc=0.9252 val_loss=0.2981 val_metric_name=roc_auc val_metric=0.9252
Step 2500 | loss 0.2160 | val_acc=0.8612 val_roc_auc=0.9254 val_loss=0.2982 val_metric_name=roc_auc val_metric=0.9254
Step 2550 | loss 0.2088 | val_acc=0.8636 val_roc_auc=0.9250 val_loss=0.2978 val_metric_name=roc_auc val_metric=0.9250
Step 2600 | loss 0.2136 | val_acc=0.8564 val_roc_auc=0.9244 val_loss=0.3067 val_metric_name=roc_auc val_metric=0.9244
Early stopping at step 2625

--- Final (best ckpt @ step 2300) ---
  train_acc=0.8970 train_roc_auc=0.9554 train_loss=0.2230 train_metric_name=roc_auc train_metric=0.9554
  val_acc=0.8664 val_roc_auc=0.9261 val_loss=0.2904 val_metric_name=roc_auc val_metric=0.9261
  test_acc=0.8828 test_roc_auc=0.9408 test_loss=0.2551 test_metric_name=roc_auc test_metric=0.9408
  test_roc_auc=0.9408

============================================================
Training minesweeper SAGE 4L h=512 lr=3e-05 split=0
============================================================
Training for 5000 steps
Step    1 | loss 0.7878 | val_acc=0.8000 val_roc_auc=0.4509 val_loss=0.5153 val_metric_name=roc_auc val_metric=0.4509
Step   50 | loss 0.4028 | val_acc=0.8144 val_roc_auc=0.8273 val_loss=0.3967 val_metric_name=roc_auc val_metric=0.8273
Step  100 | loss 0.3306 | val_acc=0.8232 val_roc_auc=0.8752 val_loss=0.3566 val_metric_name=roc_auc val_metric=0.8752
Step  150 | loss 0.3051 | val_acc=0.8224 val_roc_auc=0.8880 val_loss=0.3523 val_metric_name=roc_auc val_metric=0.8880
Step  200 | loss 0.2958 | val_acc=0.8256 val_roc_auc=0.8930 val_loss=0.3461 val_metric_name=roc_auc val_metric=0.8930
Step  250 | loss 0.2849 | val_acc=0.8328 val_roc_auc=0.8952 val_loss=0.3382 val_metric_name=roc_auc val_metric=0.8952
Step  300 | loss 0.2798 | val_acc=0.8328 val_roc_auc=0.8975 val_loss=0.3368 val_metric_name=roc_auc val_metric=0.8975
Step  350 | loss 0.2733 | val_acc=0.8276 val_roc_auc=0.9001 val_loss=0.3369 val_metric_name=roc_auc val_metric=0.9001
Step  400 | loss 0.2652 | val_acc=0.8360 val_roc_auc=0.9023 val_loss=0.3297 val_metric_name=roc_auc val_metric=0.9023
Step  450 | loss 0.2617 | val_acc=0.8360 val_roc_auc=0.9037 val_loss=0.3307 val_metric_name=roc_auc val_metric=0.9037
Step  500 | loss 0.2570 | val_acc=0.8492 val_roc_auc=0.9066 val_loss=0.3126 val_metric_name=roc_auc val_metric=0.9066
Step  550 | loss 0.2516 | val_acc=0.8492 val_roc_auc=0.9096 val_loss=0.3116 val_metric_name=roc_auc val_metric=0.9096
Step  600 | loss 0.2423 | val_acc=0.8600 val_roc_auc=0.9162 val_loss=0.2953 val_metric_name=roc_auc val_metric=0.9162
Step  650 | loss 0.2328 | val_acc=0.8660 val_roc_auc=0.9216 val_loss=0.2918 val_metric_name=roc_auc val_metric=0.9216
Step  700 | loss 0.2279 | val_acc=0.8716 val_roc_auc=0.9243 val_loss=0.2867 val_metric_name=roc_auc val_metric=0.9243
Step  750 | loss 0.2250 | val_acc=0.8648 val_roc_auc=0.9240 val_loss=0.2956 val_metric_name=roc_auc val_metric=0.9240
Step  800 | loss 0.2206 | val_acc=0.8736 val_roc_auc=0.9258 val_loss=0.2865 val_metric_name=roc_auc val_metric=0.9258
Step  850 | loss 0.2232 | val_acc=0.8660 val_roc_auc=0.9242 val_loss=0.2971 val_metric_name=roc_auc val_metric=0.9242
Step  900 | loss 0.2108 | val_acc=0.8600 val_roc_auc=0.9246 val_loss=0.3052 val_metric_name=roc_auc val_metric=0.9246
Step  950 | loss 0.2081 | val_acc=0.8700 val_roc_auc=0.9243 val_loss=0.2946 val_metric_name=roc_auc val_metric=0.9243
Step 1000 | loss 0.2042 | val_acc=0.8632 val_roc_auc=0.9227 val_loss=0.3089 val_metric_name=roc_auc val_metric=0.9227
Step 1050 | loss 0.2031 | val_acc=0.8696 val_roc_auc=0.9235 val_loss=0.2964 val_metric_name=roc_auc val_metric=0.9235
Step 1100 | loss 0.1992 | val_acc=0.8752 val_roc_auc=0.9233 val_loss=0.2965 val_metric_name=roc_auc val_metric=0.9233
Step 1150 | loss 0.1982 | val_acc=0.8628 val_roc_auc=0.9216 val_loss=0.3151 val_metric_name=roc_auc val_metric=0.9216
Early stopping at step 1180

--- Final (best ckpt @ step 880) ---
  train_acc=0.9094 train_roc_auc=0.9592 train_loss=0.2037 train_metric_name=roc_auc train_metric=0.9592
  val_acc=0.8740 val_roc_auc=0.9263 val_loss=0.2822 val_metric_name=roc_auc val_metric=0.9263
  test_acc=0.8928 test_roc_auc=0.9394 test_loss=0.2520 test_metric_name=roc_auc test_metric=0.9394
  test_roc_auc=0.9394

============================================================
Training minesweeper SAGE 4L h=512 lr=6e-05 split=0
============================================================
Training for 5000 steps
Step    1 | loss 0.7878 | val_acc=0.8000 val_roc_auc=0.4670 val_loss=0.6152 val_metric_name=roc_auc val_metric=0.4670
Step   50 | loss 0.3664 | val_acc=0.8120 val_roc_auc=0.8419 val_loss=0.4065 val_metric_name=roc_auc val_metric=0.8419
Step  100 | loss 0.3029 | val_acc=0.8188 val_roc_auc=0.8886 val_loss=0.3585 val_metric_name=roc_auc val_metric=0.8886
Step  150 | loss 0.2859 | val_acc=0.8332 val_roc_auc=0.8945 val_loss=0.3338 val_metric_name=roc_auc val_metric=0.8945
Step  200 | loss 0.2781 | val_acc=0.8376 val_roc_auc=0.8990 val_loss=0.3244 val_metric_name=roc_auc val_metric=0.8990
Step  250 | loss 0.2659 | val_acc=0.8452 val_roc_auc=0.9026 val_loss=0.3173 val_metric_name=roc_auc val_metric=0.9026
Step  300 | loss 0.2616 | val_acc=0.8416 val_roc_auc=0.9058 val_loss=0.3197 val_metric_name=roc_auc val_metric=0.9058
Step  350 | loss 0.2506 | val_acc=0.8560 val_roc_auc=0.9124 val_loss=0.2980 val_metric_name=roc_auc val_metric=0.9124
Step  400 | loss 0.2348 | val_acc=0.8700 val_roc_auc=0.9208 val_loss=0.2823 val_metric_name=roc_auc val_metric=0.9208
Step  450 | loss 0.2255 | val_acc=0.8724 val_roc_auc=0.9243 val_loss=0.2799 val_metric_name=roc_auc val_metric=0.9243
Step  500 | loss 0.2168 | val_acc=0.8688 val_roc_auc=0.9252 val_loss=0.2879 val_metric_name=roc_auc val_metric=0.9252
Step  550 | loss 0.2250 | val_acc=0.8720 val_roc_auc=0.9245 val_loss=0.2792 val_metric_name=roc_auc val_metric=0.9245
Step  600 | loss 0.2030 | val_acc=0.8732 val_roc_auc=0.9261 val_loss=0.2887 val_metric_name=roc_auc val_metric=0.9261
Step  650 | loss 0.2017 | val_acc=0.8636 val_roc_auc=0.9233 val_loss=0.3042 val_metric_name=roc_auc val_metric=0.9233
Step  700 | loss 0.1977 | val_acc=0.8732 val_roc_auc=0.9224 val_loss=0.3026 val_metric_name=roc_auc val_metric=0.9224
Step  750 | loss 0.1939 | val_acc=0.8668 val_roc_auc=0.9210 val_loss=0.3154 val_metric_name=roc_auc val_metric=0.9210
Step  800 | loss 0.1939 | val_acc=0.8692 val_roc_auc=0.9176 val_loss=0.3210 val_metric_name=roc_auc val_metric=0.9176
Step  850 | loss 0.1902 | val_acc=0.8600 val_roc_auc=0.9164 val_loss=0.3372 val_metric_name=roc_auc val_metric=0.9164
Step  900 | loss 0.1811 | val_acc=0.8532 val_roc_auc=0.9128 val_loss=0.3640 val_metric_name=roc_auc val_metric=0.9128
Early stopping at step 900

--- Final (best ckpt @ step 600) ---
  train_acc=0.9116 train_roc_auc=0.9619 train_loss=0.1969 train_metric_name=roc_auc train_metric=0.9619
  val_acc=0.8732 val_roc_auc=0.9261 val_loss=0.2887 val_metric_name=roc_auc val_metric=0.9261
  test_acc=0.8924 test_roc_auc=0.9395 test_loss=0.2582 test_metric_name=roc_auc test_metric=0.9395
  test_roc_auc=0.9395

============================================================
Training minesweeper SAGE 4L h=512 lr=0.0001 split=0
============================================================
Training for 5000 steps
Step    1 | loss 0.7878 | val_acc=0.8000 val_roc_auc=0.4718 val_loss=0.8673 val_metric_name=roc_auc val_metric=0.4718
Step   50 | loss 0.3511 | val_acc=0.8240 val_roc_auc=0.8555 val_loss=0.3697 val_metric_name=roc_auc val_metric=0.8555
Step  100 | loss 0.2920 | val_acc=0.8300 val_roc_auc=0.8930 val_loss=0.3359 val_metric_name=roc_auc val_metric=0.8930
Step  150 | loss 0.2770 | val_acc=0.8408 val_roc_auc=0.8987 val_loss=0.3181 val_metric_name=roc_auc val_metric=0.8987
Step  200 | loss 0.2697 | val_acc=0.8544 val_roc_auc=0.9051 val_loss=0.3065 val_metric_name=roc_auc val_metric=0.9051
Step  250 | loss 0.2506 | val_acc=0.8492 val_roc_auc=0.9093 val_loss=0.3049 val_metric_name=roc_auc val_metric=0.9093
Step  300 | loss 0.2399 | val_acc=0.8692 val_roc_auc=0.9223 val_loss=0.2791 val_metric_name=roc_auc val_metric=0.9223
Step  350 | loss 0.2311 | val_acc=0.8744 val_roc_auc=0.9254 val_loss=0.2736 val_metric_name=roc_auc val_metric=0.9254
Step  400 | loss 0.2126 | val_acc=0.8700 val_roc_auc=0.9258 val_loss=0.2852 val_metric_name=roc_auc val_metric=0.9258
Step  450 | loss 0.2087 | val_acc=0.8744 val_roc_auc=0.9254 val_loss=0.2841 val_metric_name=roc_auc val_metric=0.9254
Step  500 | loss 0.2009 | val_acc=0.8756 val_roc_auc=0.9221 val_loss=0.2944 val_metric_name=roc_auc val_metric=0.9221
Step  550 | loss 0.1907 | val_acc=0.8696 val_roc_auc=0.9199 val_loss=0.3239 val_metric_name=roc_auc val_metric=0.9199
Step  600 | loss 0.1777 | val_acc=0.8608 val_roc_auc=0.9163 val_loss=0.3518 val_metric_name=roc_auc val_metric=0.9163
Step  650 | loss 0.1776 | val_acc=0.8584 val_roc_auc=0.9112 val_loss=0.3645 val_metric_name=roc_auc val_metric=0.9112
Early stopping at step 680

--- Final (best ckpt @ step 380) ---
  train_acc=0.9122 train_roc_auc=0.9588 train_loss=0.2034 train_metric_name=roc_auc train_metric=0.9588
  val_acc=0.8788 val_roc_auc=0.9277 val_loss=0.2766 val_metric_name=roc_auc val_metric=0.9277
  test_acc=0.8940 test_roc_auc=0.9400 test_loss=0.2481 test_metric_name=roc_auc test_metric=0.9400
  test_roc_auc=0.9400

============================================================
Training minesweeper SAGE 4L h=512 lr=1e-05 split=0
============================================================
Training for 5000 steps
Step    1 | loss 0.7878 | val_acc=0.6808 val_roc_auc=0.4223 val_loss=0.6273 val_metric_name=roc_auc val_metric=0.4223
Step   50 | loss 0.4760 | val_acc=0.8000 val_roc_auc=0.8053 val_loss=0.4936 val_metric_name=roc_auc val_metric=0.8053
Step  100 | loss 0.4026 | val_acc=0.8136 val_roc_auc=0.8266 val_loss=0.4020 val_metric_name=roc_auc val_metric=0.8266
Step  150 | loss 0.3647 | val_acc=0.8216 val_roc_auc=0.8477 val_loss=0.3911 val_metric_name=roc_auc val_metric=0.8477
Step  200 | loss 0.3483 | val_acc=0.8192 val_roc_auc=0.8679 val_loss=0.3673 val_metric_name=roc_auc val_metric=0.8679
Step  250 | loss 0.3272 | val_acc=0.8228 val_roc_auc=0.8795 val_loss=0.3592 val_metric_name=roc_auc val_metric=0.8795
Step  300 | loss 0.3164 | val_acc=0.8200 val_roc_auc=0.8851 val_loss=0.3594 val_metric_name=roc_auc val_metric=0.8851
Step  350 | loss 0.3059 | val_acc=0.8216 val_roc_auc=0.8879 val_loss=0.3545 val_metric_name=roc_auc val_metric=0.8879
Step  400 | loss 0.3020 | val_acc=0.8208 val_roc_auc=0.8905 val_loss=0.3570 val_metric_name=roc_auc val_metric=0.8905
Step  450 | loss 0.2972 | val_acc=0.8236 val_roc_auc=0.8919 val_loss=0.3550 val_metric_name=roc_auc val_metric=0.8919
Step  500 | loss 0.2909 | val_acc=0.8252 val_roc_auc=0.8931 val_loss=0.3484 val_metric_name=roc_auc val_metric=0.8931
Step  550 | loss 0.2904 | val_acc=0.8288 val_roc_auc=0.8938 val_loss=0.3434 val_metric_name=roc_auc val_metric=0.8938
Step  600 | loss 0.2870 | val_acc=0.8312 val_roc_auc=0.8950 val_loss=0.3414 val_metric_name=roc_auc val_metric=0.8950
Step  650 | loss 0.2806 | val_acc=0.8268 val_roc_auc=0.8958 val_loss=0.3463 val_metric_name=roc_auc val_metric=0.8958
Step  700 | loss 0.2782 | val_acc=0.8316 val_roc_auc=0.8970 val_loss=0.3407 val_metric_name=roc_auc val_metric=0.8970
Step  750 | loss 0.2826 | val_acc=0.8304 val_roc_auc=0.8979 val_loss=0.3399 val_metric_name=roc_auc val_metric=0.8979
Step  800 | loss 0.2730 | val_acc=0.8300 val_roc_auc=0.8990 val_loss=0.3379 val_metric_name=roc_auc val_metric=0.8990
Step  850 | loss 0.2739 | val_acc=0.8340 val_roc_auc=0.9001 val_loss=0.3352 val_metric_name=roc_auc val_metric=0.9001
Step  900 | loss 0.2675 | val_acc=0.8384 val_roc_auc=0.9008 val_loss=0.3298 val_metric_name=roc_auc val_metric=0.9008
Step  950 | loss 0.2689 | val_acc=0.8372 val_roc_auc=0.9017 val_loss=0.3301 val_metric_name=roc_auc val_metric=0.9017
Step 1000 | loss 0.2686 | val_acc=0.8376 val_roc_auc=0.9025 val_loss=0.3322 val_metric_name=roc_auc val_metric=0.9025
Step 1050 | loss 0.2650 | val_acc=0.8388 val_roc_auc=0.9038 val_loss=0.3224 val_metric_name=roc_auc val_metric=0.9038
Step 1100 | loss 0.2584 | val_acc=0.8396 val_roc_auc=0.9043 val_loss=0.3258 val_metric_name=roc_auc val_metric=0.9043
Step 1150 | loss 0.2597 | val_acc=0.8404 val_roc_auc=0.9048 val_loss=0.3252 val_metric_name=roc_auc val_metric=0.9048
Step 1200 | loss 0.2596 | val_acc=0.8408 val_roc_auc=0.9057 val_loss=0.3194 val_metric_name=roc_auc val_metric=0.9057
Step 1250 | loss 0.2583 | val_acc=0.8436 val_roc_auc=0.9069 val_loss=0.3168 val_metric_name=roc_auc val_metric=0.9069
Step 1300 | loss 0.2559 | val_acc=0.8460 val_roc_auc=0.9083 val_loss=0.3135 val_metric_name=roc_auc val_metric=0.9083
Step 1350 | loss 0.2510 | val_acc=0.8464 val_roc_auc=0.9096 val_loss=0.3154 val_metric_name=roc_auc val_metric=0.9096
Step 1400 | loss 0.2505 | val_acc=0.8516 val_roc_auc=0.9118 val_loss=0.3095 val_metric_name=roc_auc val_metric=0.9118
Step 1450 | loss 0.2427 | val_acc=0.8552 val_roc_auc=0.9136 val_loss=0.3061 val_metric_name=roc_auc val_metric=0.9136
Step 1500 | loss 0.2387 | val_acc=0.8552 val_roc_auc=0.9163 val_loss=0.3052 val_metric_name=roc_auc val_metric=0.9163
Step 1550 | loss 0.2345 | val_acc=0.8620 val_roc_auc=0.9205 val_loss=0.2943 val_metric_name=roc_auc val_metric=0.9205
Step 1600 | loss 0.2311 | val_acc=0.8676 val_roc_auc=0.9223 val_loss=0.2871 val_metric_name=roc_auc val_metric=0.9223
Step 1650 | loss 0.2305 | val_acc=0.8644 val_roc_auc=0.9224 val_loss=0.2990 val_metric_name=roc_auc val_metric=0.9224
Step 1700 | loss 0.2283 | val_acc=0.8692 val_roc_auc=0.9226 val_loss=0.2918 val_metric_name=roc_auc val_metric=0.9226
Step 1750 | loss 0.2263 | val_acc=0.8696 val_roc_auc=0.9241 val_loss=0.2894 val_metric_name=roc_auc val_metric=0.9241
Step 1800 | loss 0.2285 | val_acc=0.8688 val_roc_auc=0.9241 val_loss=0.2897 val_metric_name=roc_auc val_metric=0.9241
Step 1850 | loss 0.2228 | val_acc=0.8688 val_roc_auc=0.9242 val_loss=0.2916 val_metric_name=roc_auc val_metric=0.9242
Step 1900 | loss 0.2212 | val_acc=0.8744 val_roc_auc=0.9251 val_loss=0.2852 val_metric_name=roc_auc val_metric=0.9251
Step 1950 | loss 0.2182 | val_acc=0.8656 val_roc_auc=0.9239 val_loss=0.2986 val_metric_name=roc_auc val_metric=0.9239
Step 2000 | loss 0.2157 | val_acc=0.8708 val_roc_auc=0.9250 val_loss=0.2909 val_metric_name=roc_auc val_metric=0.9250
Step 2050 | loss 0.2179 | val_acc=0.8620 val_roc_auc=0.9237 val_loss=0.3022 val_metric_name=roc_auc val_metric=0.9237
Step 2100 | loss 0.2154 | val_acc=0.8676 val_roc_auc=0.9243 val_loss=0.2922 val_metric_name=roc_auc val_metric=0.9243
Step 2150 | loss 0.2097 | val_acc=0.8720 val_roc_auc=0.9248 val_loss=0.2913 val_metric_name=roc_auc val_metric=0.9248
Step 2200 | loss 0.2110 | val_acc=0.8692 val_roc_auc=0.9250 val_loss=0.2895 val_metric_name=roc_auc val_metric=0.9250
Step 2250 | loss 0.2098 | val_acc=0.8676 val_roc_auc=0.9245 val_loss=0.2961 val_metric_name=roc_auc val_metric=0.9245
Step 2300 | loss 0.2088 | val_acc=0.8600 val_roc_auc=0.9234 val_loss=0.3073 val_metric_name=roc_auc val_metric=0.9234
Step 2350 | loss 0.2095 | val_acc=0.8636 val_roc_auc=0.9235 val_loss=0.3024 val_metric_name=roc_auc val_metric=0.9235
Early stopping at step 2368

--- Final (best ckpt @ step 2020) ---
  train_acc=0.9060 train_roc_auc=0.9573 train_loss=0.2102 train_metric_name=roc_auc train_metric=0.9573
  val_acc=0.8724 val_roc_auc=0.9252 val_loss=0.2870 val_metric_name=roc_auc val_metric=0.9252
  test_acc=0.8868 test_roc_auc=0.9390 test_loss=0.2536 test_metric_name=roc_auc test_metric=0.9390
  test_roc_auc=0.9390
  >> num_layers=4 hidden_dim=256 lr=3e-05 best_step=1270 val_roc_auc=0.9282 test_roc_auc=0.9398
     val_acc=0.8692 val_loss=0.2702 val_metric=0.9282 val_metric_name=roc_auc val_roc_auc=0.9282
     test_acc=0.8908 test_loss=0.2469 test_metric=0.9398 test_metric_name=roc_auc test_roc_auc=0.9398
  >> num_layers=4 hidden_dim=256 lr=6e-05 best_step=730 val_roc_auc=0.9285 test_roc_auc=0.9402
     val_acc=0.8732 val_loss=0.2687 val_metric=0.9285 val_metric_name=roc_auc val_roc_auc=0.9285
     test_acc=0.8928 test_loss=0.2448 test_metric=0.9402 test_metric_name=roc_auc test_roc_auc=0.9402
  >> num_layers=4 hidden_dim=256 lr=0.0001 best_step=550 val_roc_auc=0.9297 test_roc_auc=0.9416
     val_acc=0.8728 val_loss=0.2682 val_metric=0.9297 val_metric_name=roc_auc val_roc_auc=0.9297
     test_acc=0.8924 test_loss=0.2419 test_metric=0.9416 test_metric_name=roc_auc test_roc_auc=0.9416
  >> num_layers=4 hidden_dim=256 lr=1e-05 best_step=3500 val_roc_auc=0.9280 test_roc_auc=0.9404
     val_acc=0.8732 val_loss=0.2719 val_metric=0.9280 val_metric_name=roc_auc val_roc_auc=0.9280
     test_acc=0.8896 test_loss=0.2462 test_metric=0.9404 test_metric_name=roc_auc test_roc_auc=0.9404
  >> num_layers=4 hidden_dim=384 lr=3e-05 best_step=900 val_roc_auc=0.9267 test_roc_auc=0.9408
     val_acc=0.8700 val_loss=0.2829 val_metric=0.9267 val_metric_name=roc_auc val_roc_auc=0.9267
     test_acc=0.8888 test_loss=0.2497 test_metric=0.9408 test_metric_name=roc_auc test_roc_auc=0.9408
  >> num_layers=4 hidden_dim=384 lr=6e-05 best_step=540 val_roc_auc=0.9280 test_roc_auc=0.9412
     val_acc=0.8724 val_loss=0.2786 val_metric=0.9280 val_metric_name=roc_auc val_roc_auc=0.9280
     test_acc=0.8908 test_loss=0.2478 test_metric=0.9412 test_metric_name=roc_auc test_roc_auc=0.9412
  >> num_layers=4 hidden_dim=384 lr=0.0001 best_step=380 val_roc_auc=0.9293 test_roc_auc=0.9407
     val_acc=0.8680 val_loss=0.2788 val_metric=0.9293 val_metric_name=roc_auc val_roc_auc=0.9293
     test_acc=0.8864 test_loss=0.2525 test_metric=0.9407 test_metric_name=roc_auc test_roc_auc=0.9407
  >> num_layers=4 hidden_dim=384 lr=1e-05 best_step=2300 val_roc_auc=0.9261 test_roc_auc=0.9408
     val_acc=0.8664 val_loss=0.2904 val_metric=0.9261 val_metric_name=roc_auc val_roc_auc=0.9261
     test_acc=0.8828 test_loss=0.2551 test_metric=0.9408 test_metric_name=roc_auc test_roc_auc=0.9408
  >> num_layers=4 hidden_dim=512 lr=3e-05 best_step=880 val_roc_auc=0.9263 test_roc_auc=0.9394
     val_acc=0.8740 val_loss=0.2822 val_metric=0.9263 val_metric_name=roc_auc val_roc_auc=0.9263
     test_acc=0.8928 test_loss=0.2520 test_metric=0.9394 test_metric_name=roc_auc test_roc_auc=0.9394
  >> num_layers=4 hidden_dim=512 lr=6e-05 best_step=600 val_roc_auc=0.9261 test_roc_auc=0.9395
     val_acc=0.8732 val_loss=0.2887 val_metric=0.9261 val_metric_name=roc_auc val_roc_auc=0.9261
     test_acc=0.8924 test_loss=0.2582 test_metric=0.9395 test_metric_name=roc_auc test_roc_auc=0.9395
  >> num_layers=4 hidden_dim=512 lr=0.0001 best_step=380 val_roc_auc=0.9277 test_roc_auc=0.9400
     val_acc=0.8788 val_loss=0.2766 val_metric=0.9277 val_metric_name=roc_auc val_roc_auc=0.9277
     test_acc=0.8940 test_loss=0.2481 test_metric=0.9400 test_metric_name=roc_auc test_roc_auc=0.9400
  >> num_layers=4 hidden_dim=512 lr=1e-05 best_step=2020 val_roc_auc=0.9252 test_roc_auc=0.9390
     val_acc=0.8724 val_loss=0.2870 val_metric=0.9252 val_metric_name=roc_auc val_roc_auc=0.9252
     test_acc=0.8868 test_loss=0.2536 test_metric=0.9390 test_metric_name=roc_auc test_roc_auc=0.9390
  >> selected best (by val): num_layers=4 hidden_dim=256 lr=0.0001 val_roc_auc=0.9297 test_roc_auc=0.9416
     val_acc=0.8728 val_loss=0.2682 val_metric=0.9297 val_metric_name=roc_auc val_roc_auc=0.9297
     test_acc=0.8924 test_loss=0.2419 test_metric=0.9416 test_metric_name=roc_auc test_roc_auc=0.9416

Done. Results saved to /home/avshmelev/diploma_yandex_graphs/results_grid/minesweeper/base.csv, checkpoints in /home/avshmelev/diploma_yandex_graphs/all_checkpoints/minesweeper/base/
