Loading data...

============================================================
Training minesweeper TAG 1L h=256 lr=3e-05 split=6
============================================================
Training for 5000 steps
Step    1 | loss 0.9134 | val_acc=0.2516 val_roc_auc=0.4592 val_loss=0.8606 val_metric_name=roc_auc val_metric=0.4592
Step   50 | loss 0.4916 | val_acc=0.8000 val_roc_auc=0.7374 val_loss=0.4851 val_metric_name=roc_auc val_metric=0.7374
Step  100 | loss 0.4617 | val_acc=0.8000 val_roc_auc=0.7911 val_loss=0.4548 val_metric_name=roc_auc val_metric=0.7911
Step  150 | loss 0.4224 | val_acc=0.8048 val_roc_auc=0.8206 val_loss=0.4083 val_metric_name=roc_auc val_metric=0.8206
Step  200 | loss 0.4003 | val_acc=0.8212 val_roc_auc=0.8416 val_loss=0.3855 val_metric_name=roc_auc val_metric=0.8416
Step  250 | loss 0.3817 | val_acc=0.8284 val_roc_auc=0.8604 val_loss=0.3634 val_metric_name=roc_auc val_metric=0.8604
Step  300 | loss 0.3659 | val_acc=0.8388 val_roc_auc=0.8767 val_loss=0.3470 val_metric_name=roc_auc val_metric=0.8767
Step  350 | loss 0.3559 | val_acc=0.8448 val_roc_auc=0.8903 val_loss=0.3256 val_metric_name=roc_auc val_metric=0.8903
Step  400 | loss 0.3437 | val_acc=0.8516 val_roc_auc=0.9011 val_loss=0.3129 val_metric_name=roc_auc val_metric=0.9011
Step  450 | loss 0.3379 | val_acc=0.8584 val_roc_auc=0.9089 val_loss=0.3042 val_metric_name=roc_auc val_metric=0.9089
Step  500 | loss 0.3286 | val_acc=0.8656 val_roc_auc=0.9146 val_loss=0.2897 val_metric_name=roc_auc val_metric=0.9146
Step  550 | loss 0.3214 | val_acc=0.8680 val_roc_auc=0.9174 val_loss=0.2872 val_metric_name=roc_auc val_metric=0.9174
Step  600 | loss 0.3168 | val_acc=0.8688 val_roc_auc=0.9191 val_loss=0.2862 val_metric_name=roc_auc val_metric=0.9191
Step  650 | loss 0.3145 | val_acc=0.8680 val_roc_auc=0.9206 val_loss=0.2853 val_metric_name=roc_auc val_metric=0.9206
Step  700 | loss 0.3075 | val_acc=0.8684 val_roc_auc=0.9212 val_loss=0.2841 val_metric_name=roc_auc val_metric=0.9212
Step  750 | loss 0.3082 | val_acc=0.8680 val_roc_auc=0.9226 val_loss=0.2799 val_metric_name=roc_auc val_metric=0.9226
Step  800 | loss 0.3081 | val_acc=0.8700 val_roc_auc=0.9230 val_loss=0.2796 val_metric_name=roc_auc val_metric=0.9230
Step  850 | loss 0.3106 | val_acc=0.8688 val_roc_auc=0.9233 val_loss=0.2779 val_metric_name=roc_auc val_metric=0.9233
Step  900 | loss 0.3033 | val_acc=0.8696 val_roc_auc=0.9237 val_loss=0.2784 val_metric_name=roc_auc val_metric=0.9237
Step  950 | loss 0.3064 | val_acc=0.8680 val_roc_auc=0.9239 val_loss=0.2772 val_metric_name=roc_auc val_metric=0.9239
Step 1000 | loss 0.3016 | val_acc=0.8684 val_roc_auc=0.9242 val_loss=0.2757 val_metric_name=roc_auc val_metric=0.9242
Step 1050 | loss 0.3063 | val_acc=0.8696 val_roc_auc=0.9245 val_loss=0.2704 val_metric_name=roc_auc val_metric=0.9245
Step 1100 | loss 0.2982 | val_acc=0.8696 val_roc_auc=0.9248 val_loss=0.2739 val_metric_name=roc_auc val_metric=0.9248
Step 1150 | loss 0.2981 | val_acc=0.8700 val_roc_auc=0.9250 val_loss=0.2705 val_metric_name=roc_auc val_metric=0.9250
Step 1200 | loss 0.2988 | val_acc=0.8704 val_roc_auc=0.9254 val_loss=0.2698 val_metric_name=roc_auc val_metric=0.9254
Step 1250 | loss 0.2984 | val_acc=0.8692 val_roc_auc=0.9257 val_loss=0.2711 val_metric_name=roc_auc val_metric=0.9257
Step 1300 | loss 0.2993 | val_acc=0.8700 val_roc_auc=0.9258 val_loss=0.2732 val_metric_name=roc_auc val_metric=0.9258
Step 1350 | loss 0.2981 | val_acc=0.8680 val_roc_auc=0.9259 val_loss=0.2711 val_metric_name=roc_auc val_metric=0.9259
Step 1400 | loss 0.2928 | val_acc=0.8688 val_roc_auc=0.9263 val_loss=0.2702 val_metric_name=roc_auc val_metric=0.9263
Step 1450 | loss 0.2959 | val_acc=0.8688 val_roc_auc=0.9262 val_loss=0.2682 val_metric_name=roc_auc val_metric=0.9262
Step 1500 | loss 0.2958 | val_acc=0.8680 val_roc_auc=0.9265 val_loss=0.2671 val_metric_name=roc_auc val_metric=0.9265
Step 1550 | loss 0.2956 | val_acc=0.8684 val_roc_auc=0.9265 val_loss=0.2678 val_metric_name=roc_auc val_metric=0.9265
Step 1600 | loss 0.2952 | val_acc=0.8676 val_roc_auc=0.9268 val_loss=0.2665 val_metric_name=roc_auc val_metric=0.9268
Step 1650 | loss 0.2974 | val_acc=0.8676 val_roc_auc=0.9270 val_loss=0.2658 val_metric_name=roc_auc val_metric=0.9270
Step 1700 | loss 0.2954 | val_acc=0.8692 val_roc_auc=0.9271 val_loss=0.2652 val_metric_name=roc_auc val_metric=0.9271
Step 1750 | loss 0.2879 | val_acc=0.8660 val_roc_auc=0.9268 val_loss=0.2680 val_metric_name=roc_auc val_metric=0.9268
Step 1800 | loss 0.2954 | val_acc=0.8672 val_roc_auc=0.9269 val_loss=0.2681 val_metric_name=roc_auc val_metric=0.9269
Step 1850 | loss 0.2928 | val_acc=0.8684 val_roc_auc=0.9275 val_loss=0.2668 val_metric_name=roc_auc val_metric=0.9275
Step 1900 | loss 0.2922 | val_acc=0.8664 val_roc_auc=0.9273 val_loss=0.2661 val_metric_name=roc_auc val_metric=0.9273
Step 1950 | loss 0.2926 | val_acc=0.8668 val_roc_auc=0.9275 val_loss=0.2647 val_metric_name=roc_auc val_metric=0.9275
Step 2000 | loss 0.2915 | val_acc=0.8672 val_roc_auc=0.9274 val_loss=0.2657 val_metric_name=roc_auc val_metric=0.9274
Step 2050 | loss 0.2879 | val_acc=0.8684 val_roc_auc=0.9275 val_loss=0.2644 val_metric_name=roc_auc val_metric=0.9275
Step 2100 | loss 0.2912 | val_acc=0.8688 val_roc_auc=0.9272 val_loss=0.2674 val_metric_name=roc_auc val_metric=0.9272
Step 2150 | loss 0.2906 | val_acc=0.8668 val_roc_auc=0.9272 val_loss=0.2671 val_metric_name=roc_auc val_metric=0.9272
Step 2200 | loss 0.2883 | val_acc=0.8668 val_roc_auc=0.9276 val_loss=0.2653 val_metric_name=roc_auc val_metric=0.9276
Step 2250 | loss 0.2908 | val_acc=0.8680 val_roc_auc=0.9276 val_loss=0.2649 val_metric_name=roc_auc val_metric=0.9276
Step 2300 | loss 0.2864 | val_acc=0.8680 val_roc_auc=0.9276 val_loss=0.2634 val_metric_name=roc_auc val_metric=0.9276
Step 2350 | loss 0.2920 | val_acc=0.8684 val_roc_auc=0.9276 val_loss=0.2650 val_metric_name=roc_auc val_metric=0.9276
Step 2400 | loss 0.2853 | val_acc=0.8688 val_roc_auc=0.9274 val_loss=0.2659 val_metric_name=roc_auc val_metric=0.9274
Step 2450 | loss 0.2839 | val_acc=0.8688 val_roc_auc=0.9276 val_loss=0.2657 val_metric_name=roc_auc val_metric=0.9276
Step 2500 | loss 0.2844 | val_acc=0.8680 val_roc_auc=0.9275 val_loss=0.2650 val_metric_name=roc_auc val_metric=0.9275
Step 2550 | loss 0.2860 | val_acc=0.8684 val_roc_auc=0.9274 val_loss=0.2641 val_metric_name=roc_auc val_metric=0.9274
Step 2600 | loss 0.2867 | val_acc=0.8692 val_roc_auc=0.9277 val_loss=0.2643 val_metric_name=roc_auc val_metric=0.9277
Step 2650 | loss 0.2845 | val_acc=0.8708 val_roc_auc=0.9274 val_loss=0.2639 val_metric_name=roc_auc val_metric=0.9274
Step 2700 | loss 0.2839 | val_acc=0.8672 val_roc_auc=0.9275 val_loss=0.2645 val_metric_name=roc_auc val_metric=0.9275
Step 2750 | loss 0.2855 | val_acc=0.8696 val_roc_auc=0.9275 val_loss=0.2636 val_metric_name=roc_auc val_metric=0.9275
Step 2800 | loss 0.2847 | val_acc=0.8696 val_roc_auc=0.9274 val_loss=0.2652 val_metric_name=roc_auc val_metric=0.9274
Step 2850 | loss 0.2819 | val_acc=0.8668 val_roc_auc=0.9276 val_loss=0.2658 val_metric_name=roc_auc val_metric=0.9276
Step 2900 | loss 0.2830 | val_acc=0.8688 val_roc_auc=0.9272 val_loss=0.2666 val_metric_name=roc_auc val_metric=0.9272
Early stopping at step 2931

--- Final (best ckpt @ step 2630) ---
  train_acc=0.8688 train_roc_auc=0.9183 train_loss=0.2786 train_metric_name=roc_auc train_metric=0.9183
  val_acc=0.8700 val_roc_auc=0.9280 val_loss=0.2624 val_metric_name=roc_auc val_metric=0.9280
  test_acc=0.8548 test_roc_auc=0.9032 test_loss=0.3022 test_metric_name=roc_auc test_metric=0.9032
  test_roc_auc=0.9032

============================================================
Training minesweeper TAG 1L h=256 lr=6e-05 split=6
============================================================
Training for 5000 steps
Step    1 | loss 0.9134 | val_acc=0.2628 val_roc_auc=0.4674 val_loss=0.7714 val_metric_name=roc_auc val_metric=0.4674
Step   50 | loss 0.4760 | val_acc=0.8000 val_roc_auc=0.7731 val_loss=0.4821 val_metric_name=roc_auc val_metric=0.7731
Step  100 | loss 0.4166 | val_acc=0.8120 val_roc_auc=0.8248 val_loss=0.3989 val_metric_name=roc_auc val_metric=0.8248
Step  150 | loss 0.3821 | val_acc=0.8280 val_roc_auc=0.8613 val_loss=0.3634 val_metric_name=roc_auc val_metric=0.8613
Step  200 | loss 0.3570 | val_acc=0.8432 val_roc_auc=0.8883 val_loss=0.3311 val_metric_name=roc_auc val_metric=0.8883
Step  250 | loss 0.3361 | val_acc=0.8600 val_roc_auc=0.9071 val_loss=0.3018 val_metric_name=roc_auc val_metric=0.9071
Step  300 | loss 0.3195 | val_acc=0.8572 val_roc_auc=0.9161 val_loss=0.2996 val_metric_name=roc_auc val_metric=0.9161
Step  350 | loss 0.3169 | val_acc=0.8660 val_roc_auc=0.9194 val_loss=0.2881 val_metric_name=roc_auc val_metric=0.9194
Step  400 | loss 0.3141 | val_acc=0.8680 val_roc_auc=0.9215 val_loss=0.2804 val_metric_name=roc_auc val_metric=0.9215
Step  450 | loss 0.3126 | val_acc=0.8688 val_roc_auc=0.9221 val_loss=0.2773 val_metric_name=roc_auc val_metric=0.9221
Step  500 | loss 0.3088 | val_acc=0.8692 val_roc_auc=0.9237 val_loss=0.2723 val_metric_name=roc_auc val_metric=0.9237
Step  550 | loss 0.3048 | val_acc=0.8680 val_roc_auc=0.9242 val_loss=0.2736 val_metric_name=roc_auc val_metric=0.9242
Step  600 | loss 0.3016 | val_acc=0.8684 val_roc_auc=0.9244 val_loss=0.2756 val_metric_name=roc_auc val_metric=0.9244
Step  650 | loss 0.3008 | val_acc=0.8700 val_roc_auc=0.9251 val_loss=0.2735 val_metric_name=roc_auc val_metric=0.9251
Step  700 | loss 0.2938 | val_acc=0.8688 val_roc_auc=0.9255 val_loss=0.2698 val_metric_name=roc_auc val_metric=0.9255
Step  750 | loss 0.2958 | val_acc=0.8684 val_roc_auc=0.9259 val_loss=0.2715 val_metric_name=roc_auc val_metric=0.9259
Step  800 | loss 0.2961 | val_acc=0.8700 val_roc_auc=0.9259 val_loss=0.2725 val_metric_name=roc_auc val_metric=0.9259
Step  850 | loss 0.2982 | val_acc=0.8684 val_roc_auc=0.9258 val_loss=0.2754 val_metric_name=roc_auc val_metric=0.9258
Step  900 | loss 0.2911 | val_acc=0.8672 val_roc_auc=0.9263 val_loss=0.2741 val_metric_name=roc_auc val_metric=0.9263
Step  950 | loss 0.2953 | val_acc=0.8684 val_roc_auc=0.9269 val_loss=0.2670 val_metric_name=roc_auc val_metric=0.9269
Step 1000 | loss 0.2911 | val_acc=0.8688 val_roc_auc=0.9268 val_loss=0.2664 val_metric_name=roc_auc val_metric=0.9268
Step 1050 | loss 0.2956 | val_acc=0.8696 val_roc_auc=0.9267 val_loss=0.2660 val_metric_name=roc_auc val_metric=0.9267
Step 1100 | loss 0.2894 | val_acc=0.8688 val_roc_auc=0.9273 val_loss=0.2651 val_metric_name=roc_auc val_metric=0.9273
Step 1150 | loss 0.2883 | val_acc=0.8684 val_roc_auc=0.9271 val_loss=0.2649 val_metric_name=roc_auc val_metric=0.9271
Step 1200 | loss 0.2883 | val_acc=0.8696 val_roc_auc=0.9270 val_loss=0.2649 val_metric_name=roc_auc val_metric=0.9270
Step 1250 | loss 0.2882 | val_acc=0.8684 val_roc_auc=0.9272 val_loss=0.2667 val_metric_name=roc_auc val_metric=0.9272
Step 1300 | loss 0.2895 | val_acc=0.8676 val_roc_auc=0.9275 val_loss=0.2655 val_metric_name=roc_auc val_metric=0.9275
Step 1350 | loss 0.2872 | val_acc=0.8684 val_roc_auc=0.9274 val_loss=0.2658 val_metric_name=roc_auc val_metric=0.9274
Step 1400 | loss 0.2831 | val_acc=0.8680 val_roc_auc=0.9274 val_loss=0.2653 val_metric_name=roc_auc val_metric=0.9274
Step 1450 | loss 0.2841 | val_acc=0.8704 val_roc_auc=0.9276 val_loss=0.2626 val_metric_name=roc_auc val_metric=0.9276
Step 1500 | loss 0.2837 | val_acc=0.8684 val_roc_auc=0.9274 val_loss=0.2645 val_metric_name=roc_auc val_metric=0.9274
Step 1550 | loss 0.2833 | val_acc=0.8716 val_roc_auc=0.9273 val_loss=0.2627 val_metric_name=roc_auc val_metric=0.9273
Step 1600 | loss 0.2841 | val_acc=0.8712 val_roc_auc=0.9278 val_loss=0.2647 val_metric_name=roc_auc val_metric=0.9278
Step 1650 | loss 0.2853 | val_acc=0.8716 val_roc_auc=0.9272 val_loss=0.2638 val_metric_name=roc_auc val_metric=0.9272
Step 1700 | loss 0.2844 | val_acc=0.8728 val_roc_auc=0.9273 val_loss=0.2629 val_metric_name=roc_auc val_metric=0.9273
Step 1750 | loss 0.2780 | val_acc=0.8696 val_roc_auc=0.9271 val_loss=0.2665 val_metric_name=roc_auc val_metric=0.9271
Step 1800 | loss 0.2842 | val_acc=0.8696 val_roc_auc=0.9272 val_loss=0.2640 val_metric_name=roc_auc val_metric=0.9272
Step 1850 | loss 0.2828 | val_acc=0.8712 val_roc_auc=0.9275 val_loss=0.2627 val_metric_name=roc_auc val_metric=0.9275
Step 1900 | loss 0.2813 | val_acc=0.8712 val_roc_auc=0.9273 val_loss=0.2631 val_metric_name=roc_auc val_metric=0.9273
Step 1950 | loss 0.2801 | val_acc=0.8704 val_roc_auc=0.9271 val_loss=0.2650 val_metric_name=roc_auc val_metric=0.9271
Step 2000 | loss 0.2785 | val_acc=0.8744 val_roc_auc=0.9273 val_loss=0.2611 val_metric_name=roc_auc val_metric=0.9273
Early stopping at step 2020

--- Final (best ckpt @ step 1720) ---
  train_acc=0.8704 train_roc_auc=0.9197 train_loss=0.2768 train_metric_name=roc_auc train_metric=0.9197
  val_acc=0.8696 val_roc_auc=0.9278 val_loss=0.2637 val_metric_name=roc_auc val_metric=0.9278
  test_acc=0.8556 test_roc_auc=0.9027 test_loss=0.3038 test_metric_name=roc_auc test_metric=0.9027
  test_roc_auc=0.9027

============================================================
Training minesweeper TAG 1L h=256 lr=0.0001 split=6
============================================================
Training for 5000 steps
Step    1 | loss 0.9134 | val_acc=0.6444 val_roc_auc=0.4804 val_loss=0.6730 val_metric_name=roc_auc val_metric=0.4804
Step   50 | loss 0.4576 | val_acc=0.8000 val_roc_auc=0.7892 val_loss=0.4462 val_metric_name=roc_auc val_metric=0.7892
Step  100 | loss 0.3901 | val_acc=0.8264 val_roc_auc=0.8528 val_loss=0.3678 val_metric_name=roc_auc val_metric=0.8528
Step  150 | loss 0.3505 | val_acc=0.8468 val_roc_auc=0.8938 val_loss=0.3181 val_metric_name=roc_auc val_metric=0.8938
Step  200 | loss 0.3262 | val_acc=0.8604 val_roc_auc=0.9145 val_loss=0.2976 val_metric_name=roc_auc val_metric=0.9145
Step  250 | loss 0.3172 | val_acc=0.8700 val_roc_auc=0.9204 val_loss=0.2791 val_metric_name=roc_auc val_metric=0.9204
Step  300 | loss 0.3045 | val_acc=0.8684 val_roc_auc=0.9223 val_loss=0.2788 val_metric_name=roc_auc val_metric=0.9223
Step  350 | loss 0.3073 | val_acc=0.8696 val_roc_auc=0.9236 val_loss=0.2723 val_metric_name=roc_auc val_metric=0.9236
Step  400 | loss 0.3045 | val_acc=0.8700 val_roc_auc=0.9246 val_loss=0.2714 val_metric_name=roc_auc val_metric=0.9246
Step  450 | loss 0.3039 | val_acc=0.8696 val_roc_auc=0.9242 val_loss=0.2722 val_metric_name=roc_auc val_metric=0.9242
Step  500 | loss 0.3008 | val_acc=0.8704 val_roc_auc=0.9257 val_loss=0.2679 val_metric_name=roc_auc val_metric=0.9257
Step  550 | loss 0.2968 | val_acc=0.8672 val_roc_auc=0.9263 val_loss=0.2652 val_metric_name=roc_auc val_metric=0.9263
Step  600 | loss 0.2939 | val_acc=0.8672 val_roc_auc=0.9258 val_loss=0.2715 val_metric_name=roc_auc val_metric=0.9258
Step  650 | loss 0.2933 | val_acc=0.8680 val_roc_auc=0.9262 val_loss=0.2697 val_metric_name=roc_auc val_metric=0.9262
Step  700 | loss 0.2861 | val_acc=0.8692 val_roc_auc=0.9272 val_loss=0.2657 val_metric_name=roc_auc val_metric=0.9272
Step  750 | loss 0.2882 | val_acc=0.8688 val_roc_auc=0.9269 val_loss=0.2689 val_metric_name=roc_auc val_metric=0.9269
Step  800 | loss 0.2891 | val_acc=0.8680 val_roc_auc=0.9273 val_loss=0.2645 val_metric_name=roc_auc val_metric=0.9273
Step  850 | loss 0.2904 | val_acc=0.8688 val_roc_auc=0.9270 val_loss=0.2685 val_metric_name=roc_auc val_metric=0.9270
Step  900 | loss 0.2836 | val_acc=0.8680 val_roc_auc=0.9275 val_loss=0.2655 val_metric_name=roc_auc val_metric=0.9275
Step  950 | loss 0.2876 | val_acc=0.8688 val_roc_auc=0.9270 val_loss=0.2648 val_metric_name=roc_auc val_metric=0.9270
Step 1000 | loss 0.2832 | val_acc=0.8676 val_roc_auc=0.9267 val_loss=0.2702 val_metric_name=roc_auc val_metric=0.9267
Step 1050 | loss 0.2878 | val_acc=0.8728 val_roc_auc=0.9272 val_loss=0.2641 val_metric_name=roc_auc val_metric=0.9272
Step 1100 | loss 0.2825 | val_acc=0.8712 val_roc_auc=0.9274 val_loss=0.2635 val_metric_name=roc_auc val_metric=0.9274
Step 1150 | loss 0.2798 | val_acc=0.8712 val_roc_auc=0.9266 val_loss=0.2646 val_metric_name=roc_auc val_metric=0.9266
Step 1200 | loss 0.2800 | val_acc=0.8716 val_roc_auc=0.9273 val_loss=0.2641 val_metric_name=roc_auc val_metric=0.9273
Step 1250 | loss 0.2796 | val_acc=0.8692 val_roc_auc=0.9268 val_loss=0.2675 val_metric_name=roc_auc val_metric=0.9268
Step 1300 | loss 0.2811 | val_acc=0.8732 val_roc_auc=0.9269 val_loss=0.2633 val_metric_name=roc_auc val_metric=0.9269
Step 1350 | loss 0.2785 | val_acc=0.8716 val_roc_auc=0.9267 val_loss=0.2646 val_metric_name=roc_auc val_metric=0.9267
Early stopping at step 1357

--- Final (best ckpt @ step 990) ---
  train_acc=0.8676 train_roc_auc=0.9181 train_loss=0.2782 train_metric_name=roc_auc train_metric=0.9181
  val_acc=0.8716 val_roc_auc=0.9278 val_loss=0.2624 val_metric_name=roc_auc val_metric=0.9278
  test_acc=0.8568 test_roc_auc=0.9025 test_loss=0.3022 test_metric_name=roc_auc test_metric=0.9025
  test_roc_auc=0.9025

============================================================
Training minesweeper TAG 1L h=256 lr=1e-05 split=6
============================================================
Training for 5000 steps
Step    1 | loss 0.9134 | val_acc=0.2160 val_roc_auc=0.4528 val_loss=0.9269 val_metric_name=roc_auc val_metric=0.4528
Step   50 | loss 0.5055 | val_acc=0.8000 val_roc_auc=0.5798 val_loss=0.5128 val_metric_name=roc_auc val_metric=0.5798
Step  100 | loss 0.4979 | val_acc=0.8000 val_roc_auc=0.6957 val_loss=0.5014 val_metric_name=roc_auc val_metric=0.6957
Step  150 | loss 0.4854 | val_acc=0.8000 val_roc_auc=0.7477 val_loss=0.4878 val_metric_name=roc_auc val_metric=0.7477
Step  200 | loss 0.4711 | val_acc=0.8000 val_roc_auc=0.7750 val_loss=0.4722 val_metric_name=roc_auc val_metric=0.7750
Step  250 | loss 0.4594 | val_acc=0.8000 val_roc_auc=0.7940 val_loss=0.4543 val_metric_name=roc_auc val_metric=0.7940
Step  300 | loss 0.4457 | val_acc=0.8000 val_roc_auc=0.8069 val_loss=0.4362 val_metric_name=roc_auc val_metric=0.8069
Step  350 | loss 0.4326 | val_acc=0.8020 val_roc_auc=0.8162 val_loss=0.4186 val_metric_name=roc_auc val_metric=0.8162
Step  400 | loss 0.4194 | val_acc=0.8068 val_roc_auc=0.8244 val_loss=0.4056 val_metric_name=roc_auc val_metric=0.8244
Step  450 | loss 0.4119 | val_acc=0.8112 val_roc_auc=0.8321 val_loss=0.3970 val_metric_name=roc_auc val_metric=0.8321
Step  500 | loss 0.4039 | val_acc=0.8152 val_roc_auc=0.8395 val_loss=0.3884 val_metric_name=roc_auc val_metric=0.8395
Step  550 | loss 0.3953 | val_acc=0.8204 val_roc_auc=0.8466 val_loss=0.3815 val_metric_name=roc_auc val_metric=0.8466
Step  600 | loss 0.3929 | val_acc=0.8248 val_roc_auc=0.8535 val_loss=0.3750 val_metric_name=roc_auc val_metric=0.8535
Step  650 | loss 0.3819 | val_acc=0.8268 val_roc_auc=0.8599 val_loss=0.3661 val_metric_name=roc_auc val_metric=0.8599
Step  700 | loss 0.3765 | val_acc=0.8316 val_roc_auc=0.8658 val_loss=0.3583 val_metric_name=roc_auc val_metric=0.8658
Step  750 | loss 0.3722 | val_acc=0.8360 val_roc_auc=0.8719 val_loss=0.3529 val_metric_name=roc_auc val_metric=0.8719
Step  800 | loss 0.3691 | val_acc=0.8396 val_roc_auc=0.8774 val_loss=0.3451 val_metric_name=roc_auc val_metric=0.8774
Step  850 | loss 0.3677 | val_acc=0.8424 val_roc_auc=0.8824 val_loss=0.3399 val_metric_name=roc_auc val_metric=0.8824
Step  900 | loss 0.3576 | val_acc=0.8424 val_roc_auc=0.8877 val_loss=0.3329 val_metric_name=roc_auc val_metric=0.8877
Step  950 | loss 0.3562 | val_acc=0.8460 val_roc_auc=0.8922 val_loss=0.3259 val_metric_name=roc_auc val_metric=0.8922
Step 1000 | loss 0.3459 | val_acc=0.8492 val_roc_auc=0.8962 val_loss=0.3202 val_metric_name=roc_auc val_metric=0.8962
Step 1050 | loss 0.3478 | val_acc=0.8496 val_roc_auc=0.9003 val_loss=0.3146 val_metric_name=roc_auc val_metric=0.9003
Step 1100 | loss 0.3387 | val_acc=0.8576 val_roc_auc=0.9033 val_loss=0.3077 val_metric_name=roc_auc val_metric=0.9033
Step 1150 | loss 0.3352 | val_acc=0.8584 val_roc_auc=0.9062 val_loss=0.3055 val_metric_name=roc_auc val_metric=0.9062
Step 1200 | loss 0.3333 | val_acc=0.8584 val_roc_auc=0.9088 val_loss=0.3018 val_metric_name=roc_auc val_metric=0.9088
Step 1250 | loss 0.3335 | val_acc=0.8588 val_roc_auc=0.9110 val_loss=0.2986 val_metric_name=roc_auc val_metric=0.9110
Step 1300 | loss 0.3310 | val_acc=0.8616 val_roc_auc=0.9127 val_loss=0.2955 val_metric_name=roc_auc val_metric=0.9127
Step 1350 | loss 0.3279 | val_acc=0.8644 val_roc_auc=0.9142 val_loss=0.2925 val_metric_name=roc_auc val_metric=0.9142
Step 1400 | loss 0.3213 | val_acc=0.8668 val_roc_auc=0.9155 val_loss=0.2892 val_metric_name=roc_auc val_metric=0.9155
Step 1450 | loss 0.3237 | val_acc=0.8648 val_roc_auc=0.9165 val_loss=0.2902 val_metric_name=roc_auc val_metric=0.9165
Step 1500 | loss 0.3233 | val_acc=0.8688 val_roc_auc=0.9173 val_loss=0.2879 val_metric_name=roc_auc val_metric=0.9173
Step 1550 | loss 0.3245 | val_acc=0.8684 val_roc_auc=0.9181 val_loss=0.2870 val_metric_name=roc_auc val_metric=0.9181
Step 1600 | loss 0.3183 | val_acc=0.8688 val_roc_auc=0.9191 val_loss=0.2863 val_metric_name=roc_auc val_metric=0.9191
Step 1650 | loss 0.3203 | val_acc=0.8708 val_roc_auc=0.9196 val_loss=0.2831 val_metric_name=roc_auc val_metric=0.9196
Step 1700 | loss 0.3175 | val_acc=0.8692 val_roc_auc=0.9201 val_loss=0.2828 val_metric_name=roc_auc val_metric=0.9201
Step 1750 | loss 0.3113 | val_acc=0.8688 val_roc_auc=0.9208 val_loss=0.2808 val_metric_name=roc_auc val_metric=0.9208
Step 1800 | loss 0.3147 | val_acc=0.8688 val_roc_auc=0.9211 val_loss=0.2806 val_metric_name=roc_auc val_metric=0.9211
Step 1850 | loss 0.3126 | val_acc=0.8692 val_roc_auc=0.9214 val_loss=0.2811 val_metric_name=roc_auc val_metric=0.9214
Step 1900 | loss 0.3132 | val_acc=0.8692 val_roc_auc=0.9218 val_loss=0.2812 val_metric_name=roc_auc val_metric=0.9218
Step 1950 | loss 0.3160 | val_acc=0.8668 val_roc_auc=0.9220 val_loss=0.2822 val_metric_name=roc_auc val_metric=0.9220
Step 2000 | loss 0.3136 | val_acc=0.8672 val_roc_auc=0.9223 val_loss=0.2814 val_metric_name=roc_auc val_metric=0.9223
Step 2050 | loss 0.3089 | val_acc=0.8676 val_roc_auc=0.9226 val_loss=0.2795 val_metric_name=roc_auc val_metric=0.9226
Step 2100 | loss 0.3125 | val_acc=0.8692 val_roc_auc=0.9227 val_loss=0.2787 val_metric_name=roc_auc val_metric=0.9227
Step 2150 | loss 0.3095 | val_acc=0.8696 val_roc_auc=0.9230 val_loss=0.2769 val_metric_name=roc_auc val_metric=0.9230
Step 2200 | loss 0.3073 | val_acc=0.8692 val_roc_auc=0.9233 val_loss=0.2784 val_metric_name=roc_auc val_metric=0.9233
Step 2250 | loss 0.3090 | val_acc=0.8684 val_roc_auc=0.9235 val_loss=0.2734 val_metric_name=roc_auc val_metric=0.9235
Step 2300 | loss 0.3041 | val_acc=0.8676 val_roc_auc=0.9234 val_loss=0.2747 val_metric_name=roc_auc val_metric=0.9234
Step 2350 | loss 0.3086 | val_acc=0.8672 val_roc_auc=0.9239 val_loss=0.2756 val_metric_name=roc_auc val_metric=0.9239
Step 2400 | loss 0.3024 | val_acc=0.8676 val_roc_auc=0.9240 val_loss=0.2758 val_metric_name=roc_auc val_metric=0.9240
Step 2450 | loss 0.3018 | val_acc=0.8676 val_roc_auc=0.9238 val_loss=0.2763 val_metric_name=roc_auc val_metric=0.9238
Step 2500 | loss 0.3020 | val_acc=0.8680 val_roc_auc=0.9242 val_loss=0.2757 val_metric_name=roc_auc val_metric=0.9242
Step 2550 | loss 0.3018 | val_acc=0.8680 val_roc_auc=0.9242 val_loss=0.2738 val_metric_name=roc_auc val_metric=0.9242
Step 2600 | loss 0.3055 | val_acc=0.8696 val_roc_auc=0.9244 val_loss=0.2744 val_metric_name=roc_auc val_metric=0.9244
Step 2650 | loss 0.3026 | val_acc=0.8696 val_roc_auc=0.9244 val_loss=0.2722 val_metric_name=roc_auc val_metric=0.9244
Step 2700 | loss 0.3021 | val_acc=0.8692 val_roc_auc=0.9246 val_loss=0.2731 val_metric_name=roc_auc val_metric=0.9246
Step 2750 | loss 0.3042 | val_acc=0.8692 val_roc_auc=0.9246 val_loss=0.2724 val_metric_name=roc_auc val_metric=0.9246
Step 2800 | loss 0.3020 | val_acc=0.8680 val_roc_auc=0.9250 val_loss=0.2742 val_metric_name=roc_auc val_metric=0.9250
Step 2850 | loss 0.2998 | val_acc=0.8684 val_roc_auc=0.9249 val_loss=0.2735 val_metric_name=roc_auc val_metric=0.9249
Step 2900 | loss 0.3011 | val_acc=0.8692 val_roc_auc=0.9250 val_loss=0.2723 val_metric_name=roc_auc val_metric=0.9250
Step 2950 | loss 0.3007 | val_acc=0.8688 val_roc_auc=0.9251 val_loss=0.2726 val_metric_name=roc_auc val_metric=0.9251
Step 3000 | loss 0.3023 | val_acc=0.8704 val_roc_auc=0.9250 val_loss=0.2710 val_metric_name=roc_auc val_metric=0.9250
Step 3050 | loss 0.3017 | val_acc=0.8688 val_roc_auc=0.9254 val_loss=0.2720 val_metric_name=roc_auc val_metric=0.9254
Step 3100 | loss 0.2963 | val_acc=0.8704 val_roc_auc=0.9252 val_loss=0.2710 val_metric_name=roc_auc val_metric=0.9252
Step 3150 | loss 0.2990 | val_acc=0.8688 val_roc_auc=0.9254 val_loss=0.2731 val_metric_name=roc_auc val_metric=0.9254
Step 3200 | loss 0.3007 | val_acc=0.8692 val_roc_auc=0.9256 val_loss=0.2705 val_metric_name=roc_auc val_metric=0.9256
Step 3250 | loss 0.2975 | val_acc=0.8696 val_roc_auc=0.9254 val_loss=0.2714 val_metric_name=roc_auc val_metric=0.9254
Step 3300 | loss 0.2995 | val_acc=0.8688 val_roc_auc=0.9257 val_loss=0.2684 val_metric_name=roc_auc val_metric=0.9257
Step 3350 | loss 0.3033 | val_acc=0.8676 val_roc_auc=0.9255 val_loss=0.2689 val_metric_name=roc_auc val_metric=0.9255
Step 3400 | loss 0.2998 | val_acc=0.8676 val_roc_auc=0.9258 val_loss=0.2690 val_metric_name=roc_auc val_metric=0.9258
Step 3450 | loss 0.3004 | val_acc=0.8700 val_roc_auc=0.9257 val_loss=0.2696 val_metric_name=roc_auc val_metric=0.9257
Step 3500 | loss 0.2978 | val_acc=0.8696 val_roc_auc=0.9260 val_loss=0.2679 val_metric_name=roc_auc val_metric=0.9260
Step 3550 | loss 0.2960 | val_acc=0.8680 val_roc_auc=0.9258 val_loss=0.2702 val_metric_name=roc_auc val_metric=0.9258
Step 3600 | loss 0.2980 | val_acc=0.8680 val_roc_auc=0.9258 val_loss=0.2698 val_metric_name=roc_auc val_metric=0.9258
Step 3650 | loss 0.2959 | val_acc=0.8692 val_roc_auc=0.9262 val_loss=0.2676 val_metric_name=roc_auc val_metric=0.9262
Step 3700 | loss 0.2996 | val_acc=0.8688 val_roc_auc=0.9261 val_loss=0.2695 val_metric_name=roc_auc val_metric=0.9261
Step 3750 | loss 0.2983 | val_acc=0.8680 val_roc_auc=0.9263 val_loss=0.2683 val_metric_name=roc_auc val_metric=0.9263
Step 3800 | loss 0.2928 | val_acc=0.8672 val_roc_auc=0.9263 val_loss=0.2693 val_metric_name=roc_auc val_metric=0.9263
Step 3850 | loss 0.3012 | val_acc=0.8680 val_roc_auc=0.9264 val_loss=0.2677 val_metric_name=roc_auc val_metric=0.9264
Step 3900 | loss 0.2959 | val_acc=0.8684 val_roc_auc=0.9265 val_loss=0.2688 val_metric_name=roc_auc val_metric=0.9265
Step 3950 | loss 0.2915 | val_acc=0.8680 val_roc_auc=0.9264 val_loss=0.2692 val_metric_name=roc_auc val_metric=0.9264
Step 4000 | loss 0.2947 | val_acc=0.8664 val_roc_auc=0.9266 val_loss=0.2676 val_metric_name=roc_auc val_metric=0.9266
Step 4050 | loss 0.2932 | val_acc=0.8668 val_roc_auc=0.9265 val_loss=0.2679 val_metric_name=roc_auc val_metric=0.9265
Step 4100 | loss 0.2961 | val_acc=0.8672 val_roc_auc=0.9267 val_loss=0.2669 val_metric_name=roc_auc val_metric=0.9267
Step 4150 | loss 0.2961 | val_acc=0.8688 val_roc_auc=0.9267 val_loss=0.2661 val_metric_name=roc_auc val_metric=0.9267
Step 4200 | loss 0.2924 | val_acc=0.8696 val_roc_auc=0.9268 val_loss=0.2654 val_metric_name=roc_auc val_metric=0.9268
Step 4250 | loss 0.2929 | val_acc=0.8684 val_roc_auc=0.9269 val_loss=0.2651 val_metric_name=roc_auc val_metric=0.9269
Step 4300 | loss 0.2919 | val_acc=0.8672 val_roc_auc=0.9267 val_loss=0.2662 val_metric_name=roc_auc val_metric=0.9267
Step 4350 | loss 0.2937 | val_acc=0.8664 val_roc_auc=0.9266 val_loss=0.2675 val_metric_name=roc_auc val_metric=0.9266
Step 4400 | loss 0.2938 | val_acc=0.8680 val_roc_auc=0.9270 val_loss=0.2671 val_metric_name=roc_auc val_metric=0.9270
Step 4450 | loss 0.2912 | val_acc=0.8696 val_roc_auc=0.9270 val_loss=0.2667 val_metric_name=roc_auc val_metric=0.9270
Step 4500 | loss 0.2933 | val_acc=0.8680 val_roc_auc=0.9270 val_loss=0.2659 val_metric_name=roc_auc val_metric=0.9270
Step 4550 | loss 0.2941 | val_acc=0.8680 val_roc_auc=0.9272 val_loss=0.2657 val_metric_name=roc_auc val_metric=0.9272
Step 4600 | loss 0.2933 | val_acc=0.8688 val_roc_auc=0.9270 val_loss=0.2663 val_metric_name=roc_auc val_metric=0.9270
Step 4650 | loss 0.2853 | val_acc=0.8676 val_roc_auc=0.9271 val_loss=0.2660 val_metric_name=roc_auc val_metric=0.9271
Step 4700 | loss 0.2924 | val_acc=0.8680 val_roc_auc=0.9271 val_loss=0.2665 val_metric_name=roc_auc val_metric=0.9271
Step 4750 | loss 0.2925 | val_acc=0.8688 val_roc_auc=0.9271 val_loss=0.2643 val_metric_name=roc_auc val_metric=0.9271
Step 4800 | loss 0.2947 | val_acc=0.8680 val_roc_auc=0.9272 val_loss=0.2663 val_metric_name=roc_auc val_metric=0.9272
Step 4850 | loss 0.2957 | val_acc=0.8680 val_roc_auc=0.9274 val_loss=0.2638 val_metric_name=roc_auc val_metric=0.9274
Step 4900 | loss 0.2942 | val_acc=0.8684 val_roc_auc=0.9273 val_loss=0.2663 val_metric_name=roc_auc val_metric=0.9273
Step 4950 | loss 0.2916 | val_acc=0.8684 val_roc_auc=0.9274 val_loss=0.2639 val_metric_name=roc_auc val_metric=0.9274
Step 5000 | loss 0.2910 | val_acc=0.8672 val_roc_auc=0.9271 val_loss=0.2662 val_metric_name=roc_auc val_metric=0.9271

--- Final (best ckpt @ step 4980) ---
  train_acc=0.8670 train_roc_auc=0.9153 train_loss=0.2838 train_metric_name=roc_auc train_metric=0.9153
  val_acc=0.8688 val_roc_auc=0.9277 val_loss=0.2637 val_metric_name=roc_auc val_metric=0.9277
  test_acc=0.8564 test_roc_auc=0.9028 test_loss=0.3023 test_metric_name=roc_auc test_metric=0.9028
  test_roc_auc=0.9028

============================================================
Training minesweeper TAG 1L h=384 lr=3e-05 split=6
============================================================
Training for 5000 steps
Step    1 | loss 0.8349 | val_acc=0.5056 val_roc_auc=0.4675 val_loss=0.7154 val_metric_name=roc_auc val_metric=0.4675
Step   50 | loss 0.4804 | val_acc=0.8000 val_roc_auc=0.7479 val_loss=0.4833 val_metric_name=roc_auc val_metric=0.7479
Step  100 | loss 0.4257 | val_acc=0.8028 val_roc_auc=0.8157 val_loss=0.4109 val_metric_name=roc_auc val_metric=0.8157
Step  150 | loss 0.3896 | val_acc=0.8264 val_roc_auc=0.8524 val_loss=0.3728 val_metric_name=roc_auc val_metric=0.8524
Step  200 | loss 0.3686 | val_acc=0.8380 val_roc_auc=0.8765 val_loss=0.3443 val_metric_name=roc_auc val_metric=0.8765
Step  250 | loss 0.3472 | val_acc=0.8472 val_roc_auc=0.8952 val_loss=0.3198 val_metric_name=roc_auc val_metric=0.8952
Step  300 | loss 0.3394 | val_acc=0.8612 val_roc_auc=0.9082 val_loss=0.2978 val_metric_name=roc_auc val_metric=0.9082
Step  350 | loss 0.3262 | val_acc=0.8636 val_roc_auc=0.9159 val_loss=0.2925 val_metric_name=roc_auc val_metric=0.9159
Step  400 | loss 0.3201 | val_acc=0.8632 val_roc_auc=0.9192 val_loss=0.2875 val_metric_name=roc_auc val_metric=0.9192
Step  450 | loss 0.3132 | val_acc=0.8652 val_roc_auc=0.9213 val_loss=0.2835 val_metric_name=roc_auc val_metric=0.9213
Step  500 | loss 0.3083 | val_acc=0.8704 val_roc_auc=0.9225 val_loss=0.2739 val_metric_name=roc_auc val_metric=0.9225
Step  550 | loss 0.3096 | val_acc=0.8692 val_roc_auc=0.9234 val_loss=0.2760 val_metric_name=roc_auc val_metric=0.9234
Step  600 | loss 0.3047 | val_acc=0.8716 val_roc_auc=0.9241 val_loss=0.2730 val_metric_name=roc_auc val_metric=0.9241
Step  650 | loss 0.3053 | val_acc=0.8704 val_roc_auc=0.9245 val_loss=0.2753 val_metric_name=roc_auc val_metric=0.9245
Step  700 | loss 0.3048 | val_acc=0.8708 val_roc_auc=0.9250 val_loss=0.2741 val_metric_name=roc_auc val_metric=0.9250
Step  750 | loss 0.3011 | val_acc=0.8704 val_roc_auc=0.9254 val_loss=0.2736 val_metric_name=roc_auc val_metric=0.9254
Step  800 | loss 0.3021 | val_acc=0.8708 val_roc_auc=0.9260 val_loss=0.2652 val_metric_name=roc_auc val_metric=0.9260
Step  850 | loss 0.3001 | val_acc=0.8712 val_roc_auc=0.9258 val_loss=0.2725 val_metric_name=roc_auc val_metric=0.9258
Step  900 | loss 0.3015 | val_acc=0.8724 val_roc_auc=0.9261 val_loss=0.2680 val_metric_name=roc_auc val_metric=0.9261
Step  950 | loss 0.3007 | val_acc=0.8724 val_roc_auc=0.9264 val_loss=0.2701 val_metric_name=roc_auc val_metric=0.9264
Step 1000 | loss 0.2957 | val_acc=0.8696 val_roc_auc=0.9269 val_loss=0.2688 val_metric_name=roc_auc val_metric=0.9269
Step 1050 | loss 0.2993 | val_acc=0.8712 val_roc_auc=0.9269 val_loss=0.2671 val_metric_name=roc_auc val_metric=0.9269
Step 1100 | loss 0.2934 | val_acc=0.8712 val_roc_auc=0.9272 val_loss=0.2691 val_metric_name=roc_auc val_metric=0.9272
Step 1150 | loss 0.2939 | val_acc=0.8692 val_roc_auc=0.9269 val_loss=0.2711 val_metric_name=roc_auc val_metric=0.9269
Step 1200 | loss 0.2929 | val_acc=0.8708 val_roc_auc=0.9272 val_loss=0.2681 val_metric_name=roc_auc val_metric=0.9272
Step 1250 | loss 0.2921 | val_acc=0.8700 val_roc_auc=0.9275 val_loss=0.2661 val_metric_name=roc_auc val_metric=0.9275
Step 1300 | loss 0.2913 | val_acc=0.8692 val_roc_auc=0.9277 val_loss=0.2655 val_metric_name=roc_auc val_metric=0.9277
Step 1350 | loss 0.2905 | val_acc=0.8700 val_roc_auc=0.9277 val_loss=0.2645 val_metric_name=roc_auc val_metric=0.9277
Step 1400 | loss 0.2952 | val_acc=0.8680 val_roc_auc=0.9278 val_loss=0.2643 val_metric_name=roc_auc val_metric=0.9278
Step 1450 | loss 0.2912 | val_acc=0.8696 val_roc_auc=0.9279 val_loss=0.2643 val_metric_name=roc_auc val_metric=0.9279
Step 1500 | loss 0.2885 | val_acc=0.8716 val_roc_auc=0.9279 val_loss=0.2631 val_metric_name=roc_auc val_metric=0.9279
Step 1550 | loss 0.2925 | val_acc=0.8700 val_roc_auc=0.9281 val_loss=0.2637 val_metric_name=roc_auc val_metric=0.9281
Step 1600 | loss 0.2878 | val_acc=0.8704 val_roc_auc=0.9278 val_loss=0.2644 val_metric_name=roc_auc val_metric=0.9278
Step 1650 | loss 0.2861 | val_acc=0.8700 val_roc_auc=0.9279 val_loss=0.2676 val_metric_name=roc_auc val_metric=0.9279
Step 1700 | loss 0.2884 | val_acc=0.8692 val_roc_auc=0.9281 val_loss=0.2637 val_metric_name=roc_auc val_metric=0.9281
Step 1750 | loss 0.2897 | val_acc=0.8684 val_roc_auc=0.9281 val_loss=0.2640 val_metric_name=roc_auc val_metric=0.9281
Step 1800 | loss 0.2865 | val_acc=0.8704 val_roc_auc=0.9280 val_loss=0.2650 val_metric_name=roc_auc val_metric=0.9280
Step 1850 | loss 0.2850 | val_acc=0.8700 val_roc_auc=0.9281 val_loss=0.2628 val_metric_name=roc_auc val_metric=0.9281
Step 1900 | loss 0.2826 | val_acc=0.8708 val_roc_auc=0.9278 val_loss=0.2630 val_metric_name=roc_auc val_metric=0.9278
Step 1950 | loss 0.2848 | val_acc=0.8692 val_roc_auc=0.9277 val_loss=0.2639 val_metric_name=roc_auc val_metric=0.9277
Step 2000 | loss 0.2858 | val_acc=0.8732 val_roc_auc=0.9276 val_loss=0.2620 val_metric_name=roc_auc val_metric=0.9276
Step 2050 | loss 0.2833 | val_acc=0.8748 val_roc_auc=0.9275 val_loss=0.2622 val_metric_name=roc_auc val_metric=0.9275
Step 2100 | loss 0.2843 | val_acc=0.8664 val_roc_auc=0.9273 val_loss=0.2671 val_metric_name=roc_auc val_metric=0.9273
Step 2150 | loss 0.2834 | val_acc=0.8732 val_roc_auc=0.9274 val_loss=0.2632 val_metric_name=roc_auc val_metric=0.9274
Early stopping at step 2176

--- Final (best ckpt @ step 1790) ---
  train_acc=0.8670 train_roc_auc=0.9169 train_loss=0.2798 train_metric_name=roc_auc train_metric=0.9169
  val_acc=0.8716 val_roc_auc=0.9283 val_loss=0.2617 val_metric_name=roc_auc val_metric=0.9283
  test_acc=0.8532 test_roc_auc=0.9026 test_loss=0.3022 test_metric_name=roc_auc test_metric=0.9026
  test_roc_auc=0.9026

============================================================
Training minesweeper TAG 1L h=384 lr=6e-05 split=6
============================================================
Training for 5000 steps
Step    1 | loss 0.8349 | val_acc=0.6820 val_roc_auc=0.4705 val_loss=0.6154 val_metric_name=roc_auc val_metric=0.4705
Step   50 | loss 0.4560 | val_acc=0.8000 val_roc_auc=0.7844 val_loss=0.4516 val_metric_name=roc_auc val_metric=0.7844
Step  100 | loss 0.3871 | val_acc=0.8280 val_roc_auc=0.8559 val_loss=0.3679 val_metric_name=roc_auc val_metric=0.8559
Step  150 | loss 0.3523 | val_acc=0.8476 val_roc_auc=0.8917 val_loss=0.3185 val_metric_name=roc_auc val_metric=0.8917
Step  200 | loss 0.3306 | val_acc=0.8640 val_roc_auc=0.9134 val_loss=0.2906 val_metric_name=roc_auc val_metric=0.9134
Step  250 | loss 0.3163 | val_acc=0.8640 val_roc_auc=0.9203 val_loss=0.2891 val_metric_name=roc_auc val_metric=0.9203
Step  300 | loss 0.3151 | val_acc=0.8680 val_roc_auc=0.9229 val_loss=0.2748 val_metric_name=roc_auc val_metric=0.9229
Step  350 | loss 0.3088 | val_acc=0.8704 val_roc_auc=0.9242 val_loss=0.2703 val_metric_name=roc_auc val_metric=0.9242
Step  400 | loss 0.3063 | val_acc=0.8700 val_roc_auc=0.9249 val_loss=0.2739 val_metric_name=roc_auc val_metric=0.9249
Step  450 | loss 0.3003 | val_acc=0.8704 val_roc_auc=0.9250 val_loss=0.2729 val_metric_name=roc_auc val_metric=0.9250
Step  500 | loss 0.2977 | val_acc=0.8700 val_roc_auc=0.9260 val_loss=0.2683 val_metric_name=roc_auc val_metric=0.9260
Step  550 | loss 0.2984 | val_acc=0.8708 val_roc_auc=0.9264 val_loss=0.2642 val_metric_name=roc_auc val_metric=0.9264
Step  600 | loss 0.2941 | val_acc=0.8720 val_roc_auc=0.9270 val_loss=0.2687 val_metric_name=roc_auc val_metric=0.9270
Step  650 | loss 0.2961 | val_acc=0.8720 val_roc_auc=0.9265 val_loss=0.2696 val_metric_name=roc_auc val_metric=0.9265
Step  700 | loss 0.2937 | val_acc=0.8740 val_roc_auc=0.9277 val_loss=0.2639 val_metric_name=roc_auc val_metric=0.9277
Step  750 | loss 0.2918 | val_acc=0.8716 val_roc_auc=0.9278 val_loss=0.2680 val_metric_name=roc_auc val_metric=0.9278
Step  800 | loss 0.2920 | val_acc=0.8728 val_roc_auc=0.9277 val_loss=0.2661 val_metric_name=roc_auc val_metric=0.9277
Step  850 | loss 0.2910 | val_acc=0.8708 val_roc_auc=0.9278 val_loss=0.2649 val_metric_name=roc_auc val_metric=0.9278
Step  900 | loss 0.2916 | val_acc=0.8692 val_roc_auc=0.9279 val_loss=0.2652 val_metric_name=roc_auc val_metric=0.9279
Step  950 | loss 0.2909 | val_acc=0.8704 val_roc_auc=0.9282 val_loss=0.2621 val_metric_name=roc_auc val_metric=0.9282
Step 1000 | loss 0.2861 | val_acc=0.8712 val_roc_auc=0.9285 val_loss=0.2616 val_metric_name=roc_auc val_metric=0.9285
Step 1050 | loss 0.2882 | val_acc=0.8692 val_roc_auc=0.9278 val_loss=0.2654 val_metric_name=roc_auc val_metric=0.9278
Step 1100 | loss 0.2851 | val_acc=0.8696 val_roc_auc=0.9283 val_loss=0.2628 val_metric_name=roc_auc val_metric=0.9283
Step 1150 | loss 0.2853 | val_acc=0.8692 val_roc_auc=0.9271 val_loss=0.2679 val_metric_name=roc_auc val_metric=0.9271
Step 1200 | loss 0.2826 | val_acc=0.8688 val_roc_auc=0.9280 val_loss=0.2636 val_metric_name=roc_auc val_metric=0.9280
Step 1250 | loss 0.2828 | val_acc=0.8720 val_roc_auc=0.9278 val_loss=0.2622 val_metric_name=roc_auc val_metric=0.9278
Step 1300 | loss 0.2813 | val_acc=0.8724 val_roc_auc=0.9279 val_loss=0.2613 val_metric_name=roc_auc val_metric=0.9279
Early stopping at step 1300

--- Final (best ckpt @ step 1000) ---
  train_acc=0.8668 train_roc_auc=0.9162 train_loss=0.2809 train_metric_name=roc_auc train_metric=0.9162
  val_acc=0.8712 val_roc_auc=0.9285 val_loss=0.2616 val_metric_name=roc_auc val_metric=0.9285
  test_acc=0.8540 test_roc_auc=0.9025 test_loss=0.3021 test_metric_name=roc_auc test_metric=0.9025
  test_roc_auc=0.9025

============================================================
Training minesweeper TAG 1L h=384 lr=0.0001 split=6
============================================================
Training for 5000 steps
Step    1 | loss 0.8349 | val_acc=0.8000 val_roc_auc=0.4759 val_loss=0.5386 val_metric_name=roc_auc val_metric=0.4759
Step   50 | loss 0.4314 | val_acc=0.8000 val_roc_auc=0.8075 val_loss=0.4235 val_metric_name=roc_auc val_metric=0.8075
Step  100 | loss 0.3642 | val_acc=0.8392 val_roc_auc=0.8779 val_loss=0.3404 val_metric_name=roc_auc val_metric=0.8779
Step  150 | loss 0.3306 | val_acc=0.8596 val_roc_auc=0.9121 val_loss=0.2977 val_metric_name=roc_auc val_metric=0.9121
Step  200 | loss 0.3167 | val_acc=0.8660 val_roc_auc=0.9210 val_loss=0.2718 val_metric_name=roc_auc val_metric=0.9210
Step  250 | loss 0.3077 | val_acc=0.8684 val_roc_auc=0.9239 val_loss=0.2750 val_metric_name=roc_auc val_metric=0.9239
Step  300 | loss 0.3072 | val_acc=0.8700 val_roc_auc=0.9249 val_loss=0.2706 val_metric_name=roc_auc val_metric=0.9249
Step  350 | loss 0.3020 | val_acc=0.8680 val_roc_auc=0.9258 val_loss=0.2719 val_metric_name=roc_auc val_metric=0.9258
Step  400 | loss 0.3003 | val_acc=0.8736 val_roc_auc=0.9270 val_loss=0.2636 val_metric_name=roc_auc val_metric=0.9270
Step  450 | loss 0.2952 | val_acc=0.8712 val_roc_auc=0.9270 val_loss=0.2624 val_metric_name=roc_auc val_metric=0.9270
Step  500 | loss 0.2914 | val_acc=0.8724 val_roc_auc=0.9275 val_loss=0.2669 val_metric_name=roc_auc val_metric=0.9275
Step  550 | loss 0.2921 | val_acc=0.8696 val_roc_auc=0.9272 val_loss=0.2619 val_metric_name=roc_auc val_metric=0.9272
Step  600 | loss 0.2876 | val_acc=0.8736 val_roc_auc=0.9285 val_loss=0.2638 val_metric_name=roc_auc val_metric=0.9285
Step  650 | loss 0.2884 | val_acc=0.8696 val_roc_auc=0.9271 val_loss=0.2670 val_metric_name=roc_auc val_metric=0.9271
Step  700 | loss 0.2865 | val_acc=0.8724 val_roc_auc=0.9280 val_loss=0.2609 val_metric_name=roc_auc val_metric=0.9280
Step  750 | loss 0.2848 | val_acc=0.8704 val_roc_auc=0.9284 val_loss=0.2636 val_metric_name=roc_auc val_metric=0.9284
Step  800 | loss 0.2840 | val_acc=0.8680 val_roc_auc=0.9279 val_loss=0.2638 val_metric_name=roc_auc val_metric=0.9279
Step  850 | loss 0.2862 | val_acc=0.8740 val_roc_auc=0.9277 val_loss=0.2610 val_metric_name=roc_auc val_metric=0.9277
Step  900 | loss 0.2837 | val_acc=0.8720 val_roc_auc=0.9279 val_loss=0.2622 val_metric_name=roc_auc val_metric=0.9279
Step  950 | loss 0.2832 | val_acc=0.8700 val_roc_auc=0.9273 val_loss=0.2662 val_metric_name=roc_auc val_metric=0.9273
Step 1000 | loss 0.2789 | val_acc=0.8724 val_roc_auc=0.9270 val_loss=0.2624 val_metric_name=roc_auc val_metric=0.9270
Step 1050 | loss 0.2782 | val_acc=0.8724 val_roc_auc=0.9265 val_loss=0.2646 val_metric_name=roc_auc val_metric=0.9265
Early stopping at step 1075

--- Final (best ckpt @ step 600) ---
  train_acc=0.8638 train_roc_auc=0.9146 train_loss=0.2854 train_metric_name=roc_auc train_metric=0.9146
  val_acc=0.8736 val_roc_auc=0.9285 val_loss=0.2638 val_metric_name=roc_auc val_metric=0.9285
  test_acc=0.8552 test_roc_auc=0.9020 test_loss=0.3041 test_metric_name=roc_auc test_metric=0.9020
  test_roc_auc=0.9020

============================================================
Training minesweeper TAG 1L h=384 lr=1e-05 split=6
============================================================
Training for 5000 steps
Step    1 | loss 0.8349 | val_acc=0.4684 val_roc_auc=0.4659 val_loss=0.8037 val_metric_name=roc_auc val_metric=0.4659
Step   50 | loss 0.5040 | val_acc=0.8000 val_roc_auc=0.6318 val_loss=0.5099 val_metric_name=roc_auc val_metric=0.6318
Step  100 | loss 0.4843 | val_acc=0.8000 val_roc_auc=0.7479 val_loss=0.4834 val_metric_name=roc_auc val_metric=0.7479
Step  150 | loss 0.4628 | val_acc=0.8000 val_roc_auc=0.7775 val_loss=0.4572 val_metric_name=roc_auc val_metric=0.7775
Step  200 | loss 0.4421 | val_acc=0.8004 val_roc_auc=0.8045 val_loss=0.4283 val_metric_name=roc_auc val_metric=0.8045
Step  250 | loss 0.4198 | val_acc=0.8068 val_roc_auc=0.8233 val_loss=0.4041 val_metric_name=roc_auc val_metric=0.8233
Step  300 | loss 0.4068 | val_acc=0.8136 val_roc_auc=0.8381 val_loss=0.3913 val_metric_name=roc_auc val_metric=0.8381
Step  350 | loss 0.3956 | val_acc=0.8260 val_roc_auc=0.8498 val_loss=0.3760 val_metric_name=roc_auc val_metric=0.8498
Step  400 | loss 0.3847 | val_acc=0.8288 val_roc_auc=0.8598 val_loss=0.3663 val_metric_name=roc_auc val_metric=0.8598
Step  450 | loss 0.3754 | val_acc=0.8324 val_roc_auc=0.8690 val_loss=0.3578 val_metric_name=roc_auc val_metric=0.8690
Step  500 | loss 0.3629 | val_acc=0.8388 val_roc_auc=0.8768 val_loss=0.3464 val_metric_name=roc_auc val_metric=0.8768
Step  550 | loss 0.3623 | val_acc=0.8408 val_roc_auc=0.8846 val_loss=0.3359 val_metric_name=roc_auc val_metric=0.8846
Step  600 | loss 0.3526 | val_acc=0.8448 val_roc_auc=0.8913 val_loss=0.3278 val_metric_name=roc_auc val_metric=0.8913
Step  650 | loss 0.3493 | val_acc=0.8500 val_roc_auc=0.8977 val_loss=0.3144 val_metric_name=roc_auc val_metric=0.8977
Step  700 | loss 0.3422 | val_acc=0.8544 val_roc_auc=0.9032 val_loss=0.3090 val_metric_name=roc_auc val_metric=0.9032
Step  750 | loss 0.3341 | val_acc=0.8596 val_roc_auc=0.9071 val_loss=0.3023 val_metric_name=roc_auc val_metric=0.9071
Step  800 | loss 0.3341 | val_acc=0.8608 val_roc_auc=0.9108 val_loss=0.2962 val_metric_name=roc_auc val_metric=0.9108
Step  850 | loss 0.3307 | val_acc=0.8628 val_roc_auc=0.9138 val_loss=0.2935 val_metric_name=roc_auc val_metric=0.9138
Step  900 | loss 0.3278 | val_acc=0.8656 val_roc_auc=0.9158 val_loss=0.2859 val_metric_name=roc_auc val_metric=0.9158
Step  950 | loss 0.3254 | val_acc=0.8676 val_roc_auc=0.9172 val_loss=0.2871 val_metric_name=roc_auc val_metric=0.9172
Step 1000 | loss 0.3202 | val_acc=0.8680 val_roc_auc=0.9187 val_loss=0.2842 val_metric_name=roc_auc val_metric=0.9187
Step 1050 | loss 0.3226 | val_acc=0.8676 val_roc_auc=0.9199 val_loss=0.2822 val_metric_name=roc_auc val_metric=0.9199
Step 1100 | loss 0.3153 | val_acc=0.8672 val_roc_auc=0.9206 val_loss=0.2816 val_metric_name=roc_auc val_metric=0.9206
Step 1150 | loss 0.3125 | val_acc=0.8688 val_roc_auc=0.9214 val_loss=0.2779 val_metric_name=roc_auc val_metric=0.9214
Step 1200 | loss 0.3126 | val_acc=0.8704 val_roc_auc=0.9215 val_loss=0.2790 val_metric_name=roc_auc val_metric=0.9215
Step 1250 | loss 0.3101 | val_acc=0.8708 val_roc_auc=0.9224 val_loss=0.2754 val_metric_name=roc_auc val_metric=0.9224
Step 1300 | loss 0.3110 | val_acc=0.8676 val_roc_auc=0.9224 val_loss=0.2791 val_metric_name=roc_auc val_metric=0.9224
Step 1350 | loss 0.3081 | val_acc=0.8696 val_roc_auc=0.9233 val_loss=0.2735 val_metric_name=roc_auc val_metric=0.9233
Step 1400 | loss 0.3134 | val_acc=0.8696 val_roc_auc=0.9233 val_loss=0.2731 val_metric_name=roc_auc val_metric=0.9233
Step 1450 | loss 0.3053 | val_acc=0.8696 val_roc_auc=0.9238 val_loss=0.2722 val_metric_name=roc_auc val_metric=0.9238
Step 1500 | loss 0.3054 | val_acc=0.8700 val_roc_auc=0.9237 val_loss=0.2737 val_metric_name=roc_auc val_metric=0.9237
Step 1550 | loss 0.3083 | val_acc=0.8708 val_roc_auc=0.9241 val_loss=0.2731 val_metric_name=roc_auc val_metric=0.9241
Step 1600 | loss 0.3055 | val_acc=0.8704 val_roc_auc=0.9243 val_loss=0.2738 val_metric_name=roc_auc val_metric=0.9243
Step 1650 | loss 0.3037 | val_acc=0.8712 val_roc_auc=0.9246 val_loss=0.2724 val_metric_name=roc_auc val_metric=0.9246
Step 1700 | loss 0.3065 | val_acc=0.8716 val_roc_auc=0.9249 val_loss=0.2719 val_metric_name=roc_auc val_metric=0.9249
Step 1750 | loss 0.3067 | val_acc=0.8700 val_roc_auc=0.9251 val_loss=0.2684 val_metric_name=roc_auc val_metric=0.9251
Step 1800 | loss 0.3021 | val_acc=0.8708 val_roc_auc=0.9253 val_loss=0.2719 val_metric_name=roc_auc val_metric=0.9253
Step 1850 | loss 0.3016 | val_acc=0.8708 val_roc_auc=0.9250 val_loss=0.2731 val_metric_name=roc_auc val_metric=0.9250
Step 1900 | loss 0.2971 | val_acc=0.8700 val_roc_auc=0.9256 val_loss=0.2691 val_metric_name=roc_auc val_metric=0.9256
Step 1950 | loss 0.3010 | val_acc=0.8704 val_roc_auc=0.9255 val_loss=0.2695 val_metric_name=roc_auc val_metric=0.9255
Step 2000 | loss 0.3025 | val_acc=0.8692 val_roc_auc=0.9256 val_loss=0.2689 val_metric_name=roc_auc val_metric=0.9256
Step 2050 | loss 0.3023 | val_acc=0.8708 val_roc_auc=0.9257 val_loss=0.2686 val_metric_name=roc_auc val_metric=0.9257
Step 2100 | loss 0.2993 | val_acc=0.8724 val_roc_auc=0.9259 val_loss=0.2710 val_metric_name=roc_auc val_metric=0.9259
Step 2150 | loss 0.2987 | val_acc=0.8720 val_roc_auc=0.9259 val_loss=0.2703 val_metric_name=roc_auc val_metric=0.9259
Step 2200 | loss 0.3006 | val_acc=0.8712 val_roc_auc=0.9259 val_loss=0.2699 val_metric_name=roc_auc val_metric=0.9259
Step 2250 | loss 0.2990 | val_acc=0.8712 val_roc_auc=0.9263 val_loss=0.2698 val_metric_name=roc_auc val_metric=0.9263
Step 2300 | loss 0.2980 | val_acc=0.8704 val_roc_auc=0.9263 val_loss=0.2688 val_metric_name=roc_auc val_metric=0.9263
Step 2350 | loss 0.2963 | val_acc=0.8704 val_roc_auc=0.9264 val_loss=0.2693 val_metric_name=roc_auc val_metric=0.9264
Step 2400 | loss 0.3003 | val_acc=0.8700 val_roc_auc=0.9265 val_loss=0.2683 val_metric_name=roc_auc val_metric=0.9265
Step 2450 | loss 0.2985 | val_acc=0.8708 val_roc_auc=0.9266 val_loss=0.2702 val_metric_name=roc_auc val_metric=0.9266
Step 2500 | loss 0.2958 | val_acc=0.8724 val_roc_auc=0.9265 val_loss=0.2706 val_metric_name=roc_auc val_metric=0.9265
Step 2550 | loss 0.2965 | val_acc=0.8696 val_roc_auc=0.9268 val_loss=0.2675 val_metric_name=roc_auc val_metric=0.9268
Step 2600 | loss 0.2966 | val_acc=0.8700 val_roc_auc=0.9269 val_loss=0.2672 val_metric_name=roc_auc val_metric=0.9269
Step 2650 | loss 0.2955 | val_acc=0.8696 val_roc_auc=0.9272 val_loss=0.2664 val_metric_name=roc_auc val_metric=0.9272
Step 2700 | loss 0.2971 | val_acc=0.8692 val_roc_auc=0.9268 val_loss=0.2669 val_metric_name=roc_auc val_metric=0.9268
Step 2750 | loss 0.2946 | val_acc=0.8708 val_roc_auc=0.9270 val_loss=0.2689 val_metric_name=roc_auc val_metric=0.9270
Step 2800 | loss 0.2933 | val_acc=0.8684 val_roc_auc=0.9272 val_loss=0.2672 val_metric_name=roc_auc val_metric=0.9272
Step 2850 | loss 0.2938 | val_acc=0.8688 val_roc_auc=0.9273 val_loss=0.2666 val_metric_name=roc_auc val_metric=0.9273
Step 2900 | loss 0.2915 | val_acc=0.8688 val_roc_auc=0.9275 val_loss=0.2664 val_metric_name=roc_auc val_metric=0.9275
Step 2950 | loss 0.2928 | val_acc=0.8692 val_roc_auc=0.9273 val_loss=0.2672 val_metric_name=roc_auc val_metric=0.9273
Step 3000 | loss 0.2948 | val_acc=0.8696 val_roc_auc=0.9273 val_loss=0.2676 val_metric_name=roc_auc val_metric=0.9273
Step 3050 | loss 0.2950 | val_acc=0.8700 val_roc_auc=0.9273 val_loss=0.2672 val_metric_name=roc_auc val_metric=0.9273
Step 3100 | loss 0.2929 | val_acc=0.8692 val_roc_auc=0.9275 val_loss=0.2670 val_metric_name=roc_auc val_metric=0.9275
Step 3150 | loss 0.2943 | val_acc=0.8708 val_roc_auc=0.9277 val_loss=0.2641 val_metric_name=roc_auc val_metric=0.9277
Step 3200 | loss 0.2946 | val_acc=0.8704 val_roc_auc=0.9273 val_loss=0.2670 val_metric_name=roc_auc val_metric=0.9273
Step 3250 | loss 0.2927 | val_acc=0.8696 val_roc_auc=0.9278 val_loss=0.2648 val_metric_name=roc_auc val_metric=0.9278
Step 3300 | loss 0.2935 | val_acc=0.8704 val_roc_auc=0.9277 val_loss=0.2670 val_metric_name=roc_auc val_metric=0.9277
Step 3350 | loss 0.2925 | val_acc=0.8704 val_roc_auc=0.9275 val_loss=0.2659 val_metric_name=roc_auc val_metric=0.9275
Step 3400 | loss 0.2940 | val_acc=0.8704 val_roc_auc=0.9278 val_loss=0.2634 val_metric_name=roc_auc val_metric=0.9278
Step 3450 | loss 0.2918 | val_acc=0.8692 val_roc_auc=0.9278 val_loss=0.2640 val_metric_name=roc_auc val_metric=0.9278
Step 3500 | loss 0.2931 | val_acc=0.8700 val_roc_auc=0.9281 val_loss=0.2641 val_metric_name=roc_auc val_metric=0.9281
Step 3550 | loss 0.2884 | val_acc=0.8688 val_roc_auc=0.9278 val_loss=0.2660 val_metric_name=roc_auc val_metric=0.9278
Step 3600 | loss 0.2915 | val_acc=0.8684 val_roc_auc=0.9279 val_loss=0.2648 val_metric_name=roc_auc val_metric=0.9279
Step 3650 | loss 0.2893 | val_acc=0.8688 val_roc_auc=0.9280 val_loss=0.2653 val_metric_name=roc_auc val_metric=0.9280
Step 3700 | loss 0.2876 | val_acc=0.8720 val_roc_auc=0.9281 val_loss=0.2634 val_metric_name=roc_auc val_metric=0.9281
Step 3750 | loss 0.2875 | val_acc=0.8692 val_roc_auc=0.9279 val_loss=0.2643 val_metric_name=roc_auc val_metric=0.9279
Step 3800 | loss 0.2927 | val_acc=0.8692 val_roc_auc=0.9279 val_loss=0.2647 val_metric_name=roc_auc val_metric=0.9279
Step 3850 | loss 0.2875 | val_acc=0.8688 val_roc_auc=0.9279 val_loss=0.2655 val_metric_name=roc_auc val_metric=0.9279
Step 3900 | loss 0.2899 | val_acc=0.8704 val_roc_auc=0.9282 val_loss=0.2629 val_metric_name=roc_auc val_metric=0.9282
Step 3950 | loss 0.2852 | val_acc=0.8700 val_roc_auc=0.9281 val_loss=0.2652 val_metric_name=roc_auc val_metric=0.9281
Step 4000 | loss 0.2900 | val_acc=0.8724 val_roc_auc=0.9281 val_loss=0.2625 val_metric_name=roc_auc val_metric=0.9281
Step 4050 | loss 0.2860 | val_acc=0.8728 val_roc_auc=0.9281 val_loss=0.2632 val_metric_name=roc_auc val_metric=0.9281
Step 4100 | loss 0.2858 | val_acc=0.8716 val_roc_auc=0.9280 val_loss=0.2631 val_metric_name=roc_auc val_metric=0.9280
Step 4150 | loss 0.2886 | val_acc=0.8716 val_roc_auc=0.9280 val_loss=0.2633 val_metric_name=roc_auc val_metric=0.9280
Step 4200 | loss 0.2882 | val_acc=0.8704 val_roc_auc=0.9280 val_loss=0.2638 val_metric_name=roc_auc val_metric=0.9280
Step 4250 | loss 0.2865 | val_acc=0.8704 val_roc_auc=0.9283 val_loss=0.2634 val_metric_name=roc_auc val_metric=0.9283
Step 4300 | loss 0.2856 | val_acc=0.8676 val_roc_auc=0.9280 val_loss=0.2659 val_metric_name=roc_auc val_metric=0.9280
Step 4350 | loss 0.2851 | val_acc=0.8720 val_roc_auc=0.9282 val_loss=0.2624 val_metric_name=roc_auc val_metric=0.9282
Step 4400 | loss 0.2830 | val_acc=0.8700 val_roc_auc=0.9279 val_loss=0.2644 val_metric_name=roc_auc val_metric=0.9279
Step 4450 | loss 0.2836 | val_acc=0.8700 val_roc_auc=0.9283 val_loss=0.2634 val_metric_name=roc_auc val_metric=0.9283
Step 4500 | loss 0.2881 | val_acc=0.8732 val_roc_auc=0.9280 val_loss=0.2624 val_metric_name=roc_auc val_metric=0.9280
Step 4550 | loss 0.2864 | val_acc=0.8716 val_roc_auc=0.9280 val_loss=0.2622 val_metric_name=roc_auc val_metric=0.9280
Step 4600 | loss 0.2829 | val_acc=0.8720 val_roc_auc=0.9278 val_loss=0.2624 val_metric_name=roc_auc val_metric=0.9278
Step 4650 | loss 0.2814 | val_acc=0.8708 val_roc_auc=0.9277 val_loss=0.2636 val_metric_name=roc_auc val_metric=0.9277
Step 4700 | loss 0.2860 | val_acc=0.8728 val_roc_auc=0.9281 val_loss=0.2620 val_metric_name=roc_auc val_metric=0.9281
Step 4750 | loss 0.2855 | val_acc=0.8724 val_roc_auc=0.9280 val_loss=0.2623 val_metric_name=roc_auc val_metric=0.9280
Step 4800 | loss 0.2845 | val_acc=0.8696 val_roc_auc=0.9277 val_loss=0.2660 val_metric_name=roc_auc val_metric=0.9277
Step 4850 | loss 0.2834 | val_acc=0.8744 val_roc_auc=0.9280 val_loss=0.2617 val_metric_name=roc_auc val_metric=0.9280
Step 4900 | loss 0.2824 | val_acc=0.8712 val_roc_auc=0.9279 val_loss=0.2633 val_metric_name=roc_auc val_metric=0.9279
Step 4950 | loss 0.2844 | val_acc=0.8728 val_roc_auc=0.9279 val_loss=0.2628 val_metric_name=roc_auc val_metric=0.9279
Step 5000 | loss 0.2822 | val_acc=0.8724 val_roc_auc=0.9276 val_loss=0.2634 val_metric_name=roc_auc val_metric=0.9276

--- Final (best ckpt @ step 4190) ---
  train_acc=0.8648 train_roc_auc=0.9166 train_loss=0.2826 train_metric_name=roc_auc train_metric=0.9166
  val_acc=0.8696 val_roc_auc=0.9283 val_loss=0.2640 val_metric_name=roc_auc val_metric=0.9283
  test_acc=0.8556 test_roc_auc=0.9028 test_loss=0.3038 test_metric_name=roc_auc test_metric=0.9028
  test_roc_auc=0.9028

============================================================
Training minesweeper TAG 1L h=512 lr=3e-05 split=6
============================================================
Training for 5000 steps
Step    1 | loss 0.6287 | val_acc=0.8000 val_roc_auc=0.5507 val_loss=0.5104 val_metric_name=roc_auc val_metric=0.5507
Step   50 | loss 0.4301 | val_acc=0.8044 val_roc_auc=0.8125 val_loss=0.4101 val_metric_name=roc_auc val_metric=0.8125
Step  100 | loss 0.3812 | val_acc=0.8344 val_roc_auc=0.8612 val_loss=0.3556 val_metric_name=roc_auc val_metric=0.8612
Step  150 | loss 0.3497 | val_acc=0.8504 val_roc_auc=0.8924 val_loss=0.3162 val_metric_name=roc_auc val_metric=0.8924
Step  200 | loss 0.3304 | val_acc=0.8600 val_roc_auc=0.9115 val_loss=0.2958 val_metric_name=roc_auc val_metric=0.9115
Step  250 | loss 0.3186 | val_acc=0.8656 val_roc_auc=0.9193 val_loss=0.2846 val_metric_name=roc_auc val_metric=0.9193
Step  300 | loss 0.3097 | val_acc=0.8676 val_roc_auc=0.9221 val_loss=0.2742 val_metric_name=roc_auc val_metric=0.9221
Step  350 | loss 0.3067 | val_acc=0.8664 val_roc_auc=0.9233 val_loss=0.2760 val_metric_name=roc_auc val_metric=0.9233
Step  400 | loss 0.3050 | val_acc=0.8692 val_roc_auc=0.9239 val_loss=0.2718 val_metric_name=roc_auc val_metric=0.9239
Step  450 | loss 0.3010 | val_acc=0.8668 val_roc_auc=0.9246 val_loss=0.2727 val_metric_name=roc_auc val_metric=0.9246
Step  500 | loss 0.2985 | val_acc=0.8684 val_roc_auc=0.9250 val_loss=0.2711 val_metric_name=roc_auc val_metric=0.9250
Step  550 | loss 0.2976 | val_acc=0.8664 val_roc_auc=0.9254 val_loss=0.2756 val_metric_name=roc_auc val_metric=0.9254
Step  600 | loss 0.2973 | val_acc=0.8688 val_roc_auc=0.9256 val_loss=0.2719 val_metric_name=roc_auc val_metric=0.9256
Step  650 | loss 0.2935 | val_acc=0.8700 val_roc_auc=0.9260 val_loss=0.2709 val_metric_name=roc_auc val_metric=0.9260
Step  700 | loss 0.2968 | val_acc=0.8708 val_roc_auc=0.9264 val_loss=0.2667 val_metric_name=roc_auc val_metric=0.9264
Step  750 | loss 0.2943 | val_acc=0.8684 val_roc_auc=0.9263 val_loss=0.2714 val_metric_name=roc_auc val_metric=0.9263
Step  800 | loss 0.2912 | val_acc=0.8676 val_roc_auc=0.9259 val_loss=0.2715 val_metric_name=roc_auc val_metric=0.9259
Step  850 | loss 0.2926 | val_acc=0.8692 val_roc_auc=0.9266 val_loss=0.2676 val_metric_name=roc_auc val_metric=0.9266
Step  900 | loss 0.2923 | val_acc=0.8696 val_roc_auc=0.9264 val_loss=0.2693 val_metric_name=roc_auc val_metric=0.9264
Step  950 | loss 0.2894 | val_acc=0.8684 val_roc_auc=0.9263 val_loss=0.2700 val_metric_name=roc_auc val_metric=0.9263
Step 1000 | loss 0.2884 | val_acc=0.8700 val_roc_auc=0.9265 val_loss=0.2692 val_metric_name=roc_auc val_metric=0.9265
Step 1050 | loss 0.2866 | val_acc=0.8708 val_roc_auc=0.9266 val_loss=0.2714 val_metric_name=roc_auc val_metric=0.9266
Step 1100 | loss 0.2901 | val_acc=0.8708 val_roc_auc=0.9263 val_loss=0.2670 val_metric_name=roc_auc val_metric=0.9263
Step 1150 | loss 0.2891 | val_acc=0.8712 val_roc_auc=0.9266 val_loss=0.2670 val_metric_name=roc_auc val_metric=0.9266
Step 1200 | loss 0.2865 | val_acc=0.8716 val_roc_auc=0.9270 val_loss=0.2637 val_metric_name=roc_auc val_metric=0.9270
Step 1250 | loss 0.2861 | val_acc=0.8704 val_roc_auc=0.9267 val_loss=0.2670 val_metric_name=roc_auc val_metric=0.9267
Step 1300 | loss 0.2853 | val_acc=0.8696 val_roc_auc=0.9263 val_loss=0.2739 val_metric_name=roc_auc val_metric=0.9263
Step 1350 | loss 0.2844 | val_acc=0.8700 val_roc_auc=0.9269 val_loss=0.2657 val_metric_name=roc_auc val_metric=0.9269
Step 1400 | loss 0.2850 | val_acc=0.8684 val_roc_auc=0.9266 val_loss=0.2701 val_metric_name=roc_auc val_metric=0.9266
Step 1450 | loss 0.2843 | val_acc=0.8660 val_roc_auc=0.9266 val_loss=0.2687 val_metric_name=roc_auc val_metric=0.9266
Step 1500 | loss 0.2808 | val_acc=0.8680 val_roc_auc=0.9263 val_loss=0.2673 val_metric_name=roc_auc val_metric=0.9263
Step 1550 | loss 0.2798 | val_acc=0.8684 val_roc_auc=0.9262 val_loss=0.2671 val_metric_name=roc_auc val_metric=0.9262
Step 1600 | loss 0.2809 | val_acc=0.8664 val_roc_auc=0.9268 val_loss=0.2656 val_metric_name=roc_auc val_metric=0.9268
Step 1650 | loss 0.2805 | val_acc=0.8704 val_roc_auc=0.9269 val_loss=0.2632 val_metric_name=roc_auc val_metric=0.9269
Step 1700 | loss 0.2800 | val_acc=0.8660 val_roc_auc=0.9268 val_loss=0.2669 val_metric_name=roc_auc val_metric=0.9268
Step 1750 | loss 0.2808 | val_acc=0.8680 val_roc_auc=0.9265 val_loss=0.2646 val_metric_name=roc_auc val_metric=0.9265
Step 1800 | loss 0.2807 | val_acc=0.8668 val_roc_auc=0.9263 val_loss=0.2650 val_metric_name=roc_auc val_metric=0.9263
Step 1850 | loss 0.2765 | val_acc=0.8668 val_roc_auc=0.9265 val_loss=0.2653 val_metric_name=roc_auc val_metric=0.9265
Step 1900 | loss 0.2773 | val_acc=0.8652 val_roc_auc=0.9261 val_loss=0.2684 val_metric_name=roc_auc val_metric=0.9261
Step 1950 | loss 0.2790 | val_acc=0.8680 val_roc_auc=0.9264 val_loss=0.2657 val_metric_name=roc_auc val_metric=0.9264
Step 2000 | loss 0.2755 | val_acc=0.8648 val_roc_auc=0.9256 val_loss=0.2693 val_metric_name=roc_auc val_metric=0.9256
Early stopping at step 2017

--- Final (best ckpt @ step 1170) ---
  train_acc=0.8670 train_roc_auc=0.9165 train_loss=0.2834 train_metric_name=roc_auc train_metric=0.9165
  val_acc=0.8708 val_roc_auc=0.9271 val_loss=0.2654 val_metric_name=roc_auc val_metric=0.9271
  test_acc=0.8560 test_roc_auc=0.9014 test_loss=0.3067 test_metric_name=roc_auc test_metric=0.9014
  test_roc_auc=0.9014

============================================================
Training minesweeper TAG 1L h=512 lr=6e-05 split=6
============================================================
Training for 5000 steps
Step    1 | loss 0.6287 | val_acc=0.8000 val_roc_auc=0.5681 val_loss=0.5027 val_metric_name=roc_auc val_metric=0.5681
Step   50 | loss 0.3997 | val_acc=0.8216 val_roc_auc=0.8376 val_loss=0.3783 val_metric_name=roc_auc val_metric=0.8376
Step  100 | loss 0.3493 | val_acc=0.8464 val_roc_auc=0.8937 val_loss=0.3114 val_metric_name=roc_auc val_metric=0.8937
Step  150 | loss 0.3193 | val_acc=0.8632 val_roc_auc=0.9174 val_loss=0.2917 val_metric_name=roc_auc val_metric=0.9174
Step  200 | loss 0.3097 | val_acc=0.8692 val_roc_auc=0.9222 val_loss=0.2758 val_metric_name=roc_auc val_metric=0.9222
Step  250 | loss 0.3049 | val_acc=0.8688 val_roc_auc=0.9235 val_loss=0.2776 val_metric_name=roc_auc val_metric=0.9235
Step  300 | loss 0.3016 | val_acc=0.8680 val_roc_auc=0.9245 val_loss=0.2776 val_metric_name=roc_auc val_metric=0.9245
Step  350 | loss 0.2986 | val_acc=0.8660 val_roc_auc=0.9253 val_loss=0.2727 val_metric_name=roc_auc val_metric=0.9253
Step  400 | loss 0.2965 | val_acc=0.8688 val_roc_auc=0.9256 val_loss=0.2712 val_metric_name=roc_auc val_metric=0.9256
Step  450 | loss 0.2926 | val_acc=0.8668 val_roc_auc=0.9261 val_loss=0.2761 val_metric_name=roc_auc val_metric=0.9261
Step  500 | loss 0.2919 | val_acc=0.8668 val_roc_auc=0.9260 val_loss=0.2806 val_metric_name=roc_auc val_metric=0.9260
Step  550 | loss 0.2906 | val_acc=0.8712 val_roc_auc=0.9266 val_loss=0.2660 val_metric_name=roc_auc val_metric=0.9266
Step  600 | loss 0.2902 | val_acc=0.8696 val_roc_auc=0.9267 val_loss=0.2674 val_metric_name=roc_auc val_metric=0.9267
Step  650 | loss 0.2852 | val_acc=0.8684 val_roc_auc=0.9263 val_loss=0.2706 val_metric_name=roc_auc val_metric=0.9263
Step  700 | loss 0.2889 | val_acc=0.8692 val_roc_auc=0.9269 val_loss=0.2670 val_metric_name=roc_auc val_metric=0.9269
Step  750 | loss 0.2860 | val_acc=0.8704 val_roc_auc=0.9273 val_loss=0.2646 val_metric_name=roc_auc val_metric=0.9273
Step  800 | loss 0.2833 | val_acc=0.8704 val_roc_auc=0.9266 val_loss=0.2653 val_metric_name=roc_auc val_metric=0.9266
Step  850 | loss 0.2855 | val_acc=0.8704 val_roc_auc=0.9271 val_loss=0.2648 val_metric_name=roc_auc val_metric=0.9271
Step  900 | loss 0.2846 | val_acc=0.8688 val_roc_auc=0.9265 val_loss=0.2654 val_metric_name=roc_auc val_metric=0.9265
Step  950 | loss 0.2802 | val_acc=0.8684 val_roc_auc=0.9264 val_loss=0.2681 val_metric_name=roc_auc val_metric=0.9264
Step 1000 | loss 0.2801 | val_acc=0.8676 val_roc_auc=0.9267 val_loss=0.2645 val_metric_name=roc_auc val_metric=0.9267
Step 1050 | loss 0.2785 | val_acc=0.8692 val_roc_auc=0.9269 val_loss=0.2649 val_metric_name=roc_auc val_metric=0.9269
Step 1100 | loss 0.2803 | val_acc=0.8672 val_roc_auc=0.9260 val_loss=0.2668 val_metric_name=roc_auc val_metric=0.9260
Step 1150 | loss 0.2796 | val_acc=0.8692 val_roc_auc=0.9266 val_loss=0.2634 val_metric_name=roc_auc val_metric=0.9266
Step 1200 | loss 0.2759 | val_acc=0.8712 val_roc_auc=0.9267 val_loss=0.2625 val_metric_name=roc_auc val_metric=0.9267
Early stopping at step 1229

--- Final (best ckpt @ step 760) ---
  train_acc=0.8666 train_roc_auc=0.9172 train_loss=0.2833 train_metric_name=roc_auc train_metric=0.9172
  val_acc=0.8716 val_roc_auc=0.9274 val_loss=0.2664 val_metric_name=roc_auc val_metric=0.9274
  test_acc=0.8568 test_roc_auc=0.9022 test_loss=0.3064 test_metric_name=roc_auc test_metric=0.9022
  test_roc_auc=0.9022

============================================================
Training minesweeper TAG 1L h=512 lr=0.0001 split=6
============================================================
Training for 5000 steps
Step    1 | loss 0.6287 | val_acc=0.8000 val_roc_auc=0.5805 val_loss=0.5645 val_metric_name=roc_auc val_metric=0.5805
Step   50 | loss 0.3842 | val_acc=0.8256 val_roc_auc=0.8530 val_loss=0.3715 val_metric_name=roc_auc val_metric=0.8530
Step  100 | loss 0.3333 | val_acc=0.8552 val_roc_auc=0.9111 val_loss=0.2899 val_metric_name=roc_auc val_metric=0.9111
Step  150 | loss 0.3151 | val_acc=0.8676 val_roc_auc=0.9217 val_loss=0.2707 val_metric_name=roc_auc val_metric=0.9217
Step  200 | loss 0.3035 | val_acc=0.8696 val_roc_auc=0.9238 val_loss=0.2702 val_metric_name=roc_auc val_metric=0.9238
Step  250 | loss 0.3005 | val_acc=0.8692 val_roc_auc=0.9251 val_loss=0.2678 val_metric_name=roc_auc val_metric=0.9251
Step  300 | loss 0.2966 | val_acc=0.8680 val_roc_auc=0.9253 val_loss=0.2774 val_metric_name=roc_auc val_metric=0.9253
Step  350 | loss 0.2958 | val_acc=0.8652 val_roc_auc=0.9260 val_loss=0.2837 val_metric_name=roc_auc val_metric=0.9260
Step  400 | loss 0.2905 | val_acc=0.8700 val_roc_auc=0.9267 val_loss=0.2679 val_metric_name=roc_auc val_metric=0.9267
Step  450 | loss 0.2865 | val_acc=0.8716 val_roc_auc=0.9264 val_loss=0.2666 val_metric_name=roc_auc val_metric=0.9264
Step  500 | loss 0.2861 | val_acc=0.8716 val_roc_auc=0.9270 val_loss=0.2638 val_metric_name=roc_auc val_metric=0.9270
Step  550 | loss 0.2852 | val_acc=0.8688 val_roc_auc=0.9267 val_loss=0.2672 val_metric_name=roc_auc val_metric=0.9267
Step  600 | loss 0.2849 | val_acc=0.8696 val_roc_auc=0.9274 val_loss=0.2630 val_metric_name=roc_auc val_metric=0.9274
Step  650 | loss 0.2793 | val_acc=0.8668 val_roc_auc=0.9263 val_loss=0.2744 val_metric_name=roc_auc val_metric=0.9263
Step  700 | loss 0.2823 | val_acc=0.8684 val_roc_auc=0.9264 val_loss=0.2701 val_metric_name=roc_auc val_metric=0.9264
Step  750 | loss 0.2788 | val_acc=0.8700 val_roc_auc=0.9264 val_loss=0.2680 val_metric_name=roc_auc val_metric=0.9264
Step  800 | loss 0.2775 | val_acc=0.8712 val_roc_auc=0.9260 val_loss=0.2646 val_metric_name=roc_auc val_metric=0.9260
Step  850 | loss 0.2777 | val_acc=0.8696 val_roc_auc=0.9259 val_loss=0.2674 val_metric_name=roc_auc val_metric=0.9259
Step  900 | loss 0.2768 | val_acc=0.8692 val_roc_auc=0.9252 val_loss=0.2646 val_metric_name=roc_auc val_metric=0.9252
Step  950 | loss 0.2711 | val_acc=0.8708 val_roc_auc=0.9252 val_loss=0.2658 val_metric_name=roc_auc val_metric=0.9252
Early stopping at step 954

--- Final (best ckpt @ step 600) ---
  train_acc=0.8686 train_roc_auc=0.9181 train_loss=0.2782 train_metric_name=roc_auc train_metric=0.9181
  val_acc=0.8696 val_roc_auc=0.9274 val_loss=0.2630 val_metric_name=roc_auc val_metric=0.9274
  test_acc=0.8548 test_roc_auc=0.9018 test_loss=0.3031 test_metric_name=roc_auc test_metric=0.9018
  test_roc_auc=0.9018

============================================================
Training minesweeper TAG 1L h=512 lr=1e-05 split=6
============================================================
Training for 5000 steps
Step    1 | loss 0.6287 | val_acc=0.7992 val_roc_auc=0.5341 val_loss=0.5558 val_metric_name=roc_auc val_metric=0.5341
Step   50 | loss 0.4761 | val_acc=0.8000 val_roc_auc=0.7609 val_loss=0.4792 val_metric_name=roc_auc val_metric=0.7609
Step  100 | loss 0.4391 | val_acc=0.8008 val_roc_auc=0.8067 val_loss=0.4264 val_metric_name=roc_auc val_metric=0.8067
Step  150 | loss 0.4119 | val_acc=0.8128 val_roc_auc=0.8326 val_loss=0.3921 val_metric_name=roc_auc val_metric=0.8326
Step  200 | loss 0.3945 | val_acc=0.8256 val_roc_auc=0.8522 val_loss=0.3693 val_metric_name=roc_auc val_metric=0.8522
Step  250 | loss 0.3778 | val_acc=0.8368 val_roc_auc=0.8675 val_loss=0.3509 val_metric_name=roc_auc val_metric=0.8675
Step  300 | loss 0.3612 | val_acc=0.8424 val_roc_auc=0.8809 val_loss=0.3372 val_metric_name=roc_auc val_metric=0.8809
Step  350 | loss 0.3519 | val_acc=0.8464 val_roc_auc=0.8920 val_loss=0.3225 val_metric_name=roc_auc val_metric=0.8920
Step  400 | loss 0.3430 | val_acc=0.8532 val_roc_auc=0.9015 val_loss=0.3060 val_metric_name=roc_auc val_metric=0.9015
Step  450 | loss 0.3325 | val_acc=0.8588 val_roc_auc=0.9091 val_loss=0.2957 val_metric_name=roc_auc val_metric=0.9091
Step  500 | loss 0.3266 | val_acc=0.8628 val_roc_auc=0.9141 val_loss=0.2902 val_metric_name=roc_auc val_metric=0.9141
Step  550 | loss 0.3205 | val_acc=0.8688 val_roc_auc=0.9175 val_loss=0.2834 val_metric_name=roc_auc val_metric=0.9175
Step  600 | loss 0.3176 | val_acc=0.8672 val_roc_auc=0.9194 val_loss=0.2821 val_metric_name=roc_auc val_metric=0.9194
Step  650 | loss 0.3119 | val_acc=0.8676 val_roc_auc=0.9205 val_loss=0.2815 val_metric_name=roc_auc val_metric=0.9205
Step  700 | loss 0.3149 | val_acc=0.8672 val_roc_auc=0.9214 val_loss=0.2806 val_metric_name=roc_auc val_metric=0.9214
Step  750 | loss 0.3135 | val_acc=0.8676 val_roc_auc=0.9222 val_loss=0.2769 val_metric_name=roc_auc val_metric=0.9222
Step  800 | loss 0.3062 | val_acc=0.8656 val_roc_auc=0.9224 val_loss=0.2835 val_metric_name=roc_auc val_metric=0.9224
Step  850 | loss 0.3066 | val_acc=0.8656 val_roc_auc=0.9232 val_loss=0.2756 val_metric_name=roc_auc val_metric=0.9232
Step  900 | loss 0.3074 | val_acc=0.8672 val_roc_auc=0.9237 val_loss=0.2740 val_metric_name=roc_auc val_metric=0.9237
Step  950 | loss 0.3045 | val_acc=0.8692 val_roc_auc=0.9241 val_loss=0.2808 val_metric_name=roc_auc val_metric=0.9241
Step 1000 | loss 0.3035 | val_acc=0.8660 val_roc_auc=0.9239 val_loss=0.2737 val_metric_name=roc_auc val_metric=0.9239
Step 1050 | loss 0.2998 | val_acc=0.8660 val_roc_auc=0.9242 val_loss=0.2748 val_metric_name=roc_auc val_metric=0.9242
Step 1100 | loss 0.3057 | val_acc=0.8652 val_roc_auc=0.9246 val_loss=0.2743 val_metric_name=roc_auc val_metric=0.9246
Step 1150 | loss 0.3030 | val_acc=0.8668 val_roc_auc=0.9245 val_loss=0.2758 val_metric_name=roc_auc val_metric=0.9245
Step 1200 | loss 0.3006 | val_acc=0.8664 val_roc_auc=0.9252 val_loss=0.2742 val_metric_name=roc_auc val_metric=0.9252
Step 1250 | loss 0.3023 | val_acc=0.8672 val_roc_auc=0.9254 val_loss=0.2763 val_metric_name=roc_auc val_metric=0.9254
Step 1300 | loss 0.2997 | val_acc=0.8668 val_roc_auc=0.9253 val_loss=0.2731 val_metric_name=roc_auc val_metric=0.9253
Step 1350 | loss 0.2994 | val_acc=0.8676 val_roc_auc=0.9251 val_loss=0.2745 val_metric_name=roc_auc val_metric=0.9251
Step 1400 | loss 0.2971 | val_acc=0.8692 val_roc_auc=0.9254 val_loss=0.2713 val_metric_name=roc_auc val_metric=0.9254
Step 1450 | loss 0.2969 | val_acc=0.8684 val_roc_auc=0.9256 val_loss=0.2711 val_metric_name=roc_auc val_metric=0.9256
Step 1500 | loss 0.2942 | val_acc=0.8676 val_roc_auc=0.9255 val_loss=0.2719 val_metric_name=roc_auc val_metric=0.9255
Step 1550 | loss 0.2940 | val_acc=0.8692 val_roc_auc=0.9256 val_loss=0.2697 val_metric_name=roc_auc val_metric=0.9256
Step 1600 | loss 0.2946 | val_acc=0.8676 val_roc_auc=0.9257 val_loss=0.2717 val_metric_name=roc_auc val_metric=0.9257
Step 1650 | loss 0.2948 | val_acc=0.8680 val_roc_auc=0.9259 val_loss=0.2726 val_metric_name=roc_auc val_metric=0.9259
Step 1700 | loss 0.2935 | val_acc=0.8696 val_roc_auc=0.9260 val_loss=0.2718 val_metric_name=roc_auc val_metric=0.9260
Step 1750 | loss 0.2926 | val_acc=0.8700 val_roc_auc=0.9262 val_loss=0.2706 val_metric_name=roc_auc val_metric=0.9262
Step 1800 | loss 0.2949 | val_acc=0.8692 val_roc_auc=0.9260 val_loss=0.2709 val_metric_name=roc_auc val_metric=0.9260
Step 1850 | loss 0.2918 | val_acc=0.8684 val_roc_auc=0.9261 val_loss=0.2718 val_metric_name=roc_auc val_metric=0.9261
Step 1900 | loss 0.2936 | val_acc=0.8668 val_roc_auc=0.9260 val_loss=0.2687 val_metric_name=roc_auc val_metric=0.9260
Step 1950 | loss 0.2941 | val_acc=0.8676 val_roc_auc=0.9263 val_loss=0.2693 val_metric_name=roc_auc val_metric=0.9263
Step 2000 | loss 0.2897 | val_acc=0.8664 val_roc_auc=0.9261 val_loss=0.2702 val_metric_name=roc_auc val_metric=0.9261
Step 2050 | loss 0.2917 | val_acc=0.8676 val_roc_auc=0.9260 val_loss=0.2717 val_metric_name=roc_auc val_metric=0.9260
Step 2100 | loss 0.2926 | val_acc=0.8664 val_roc_auc=0.9262 val_loss=0.2692 val_metric_name=roc_auc val_metric=0.9262
Step 2150 | loss 0.2937 | val_acc=0.8676 val_roc_auc=0.9264 val_loss=0.2676 val_metric_name=roc_auc val_metric=0.9264
Step 2200 | loss 0.2906 | val_acc=0.8680 val_roc_auc=0.9265 val_loss=0.2688 val_metric_name=roc_auc val_metric=0.9265
Step 2250 | loss 0.2902 | val_acc=0.8684 val_roc_auc=0.9267 val_loss=0.2700 val_metric_name=roc_auc val_metric=0.9267
Step 2300 | loss 0.2891 | val_acc=0.8704 val_roc_auc=0.9268 val_loss=0.2700 val_metric_name=roc_auc val_metric=0.9268
Step 2350 | loss 0.2901 | val_acc=0.8692 val_roc_auc=0.9268 val_loss=0.2659 val_metric_name=roc_auc val_metric=0.9268
Step 2400 | loss 0.2894 | val_acc=0.8692 val_roc_auc=0.9270 val_loss=0.2672 val_metric_name=roc_auc val_metric=0.9270
Step 2450 | loss 0.2905 | val_acc=0.8700 val_roc_auc=0.9267 val_loss=0.2711 val_metric_name=roc_auc val_metric=0.9267
Step 2500 | loss 0.2863 | val_acc=0.8700 val_roc_auc=0.9268 val_loss=0.2661 val_metric_name=roc_auc val_metric=0.9268
Step 2550 | loss 0.2897 | val_acc=0.8692 val_roc_auc=0.9265 val_loss=0.2692 val_metric_name=roc_auc val_metric=0.9265
Step 2600 | loss 0.2884 | val_acc=0.8692 val_roc_auc=0.9266 val_loss=0.2684 val_metric_name=roc_auc val_metric=0.9266
Step 2650 | loss 0.2890 | val_acc=0.8688 val_roc_auc=0.9267 val_loss=0.2695 val_metric_name=roc_auc val_metric=0.9267
Step 2700 | loss 0.2874 | val_acc=0.8696 val_roc_auc=0.9267 val_loss=0.2694 val_metric_name=roc_auc val_metric=0.9267
Early stopping at step 2704

--- Final (best ckpt @ step 2400) ---
  train_acc=0.8662 train_roc_auc=0.9153 train_loss=0.2868 train_metric_name=roc_auc train_metric=0.9153
  val_acc=0.8692 val_roc_auc=0.9270 val_loss=0.2672 val_metric_name=roc_auc val_metric=0.9270
  test_acc=0.8572 test_roc_auc=0.9021 test_loss=0.3061 test_metric_name=roc_auc test_metric=0.9021
  test_roc_auc=0.9021
  >> num_layers=1 hidden_dim=256 lr=3e-05 best_step=2630 val_roc_auc=0.9280 test_roc_auc=0.9032
     val_acc=0.8700 val_loss=0.2624 val_metric=0.9280 val_metric_name=roc_auc val_roc_auc=0.9280
     test_acc=0.8548 test_loss=0.3022 test_metric=0.9032 test_metric_name=roc_auc test_roc_auc=0.9032
  >> num_layers=1 hidden_dim=256 lr=6e-05 best_step=1720 val_roc_auc=0.9278 test_roc_auc=0.9027
     val_acc=0.8696 val_loss=0.2637 val_metric=0.9278 val_metric_name=roc_auc val_roc_auc=0.9278
     test_acc=0.8556 test_loss=0.3038 test_metric=0.9027 test_metric_name=roc_auc test_roc_auc=0.9027
  >> num_layers=1 hidden_dim=256 lr=0.0001 best_step=990 val_roc_auc=0.9278 test_roc_auc=0.9025
     val_acc=0.8716 val_loss=0.2624 val_metric=0.9278 val_metric_name=roc_auc val_roc_auc=0.9278
     test_acc=0.8568 test_loss=0.3022 test_metric=0.9025 test_metric_name=roc_auc test_roc_auc=0.9025
  >> num_layers=1 hidden_dim=256 lr=1e-05 best_step=4980 val_roc_auc=0.9277 test_roc_auc=0.9028
     val_acc=0.8688 val_loss=0.2637 val_metric=0.9277 val_metric_name=roc_auc val_roc_auc=0.9277
     test_acc=0.8564 test_loss=0.3023 test_metric=0.9028 test_metric_name=roc_auc test_roc_auc=0.9028
  >> num_layers=1 hidden_dim=384 lr=3e-05 best_step=1790 val_roc_auc=0.9283 test_roc_auc=0.9026
     val_acc=0.8716 val_loss=0.2617 val_metric=0.9283 val_metric_name=roc_auc val_roc_auc=0.9283
     test_acc=0.8532 test_loss=0.3022 test_metric=0.9026 test_metric_name=roc_auc test_roc_auc=0.9026
  >> num_layers=1 hidden_dim=384 lr=6e-05 best_step=1000 val_roc_auc=0.9285 test_roc_auc=0.9025
     val_acc=0.8712 val_loss=0.2616 val_metric=0.9285 val_metric_name=roc_auc val_roc_auc=0.9285
     test_acc=0.8540 test_loss=0.3021 test_metric=0.9025 test_metric_name=roc_auc test_roc_auc=0.9025
  >> num_layers=1 hidden_dim=384 lr=0.0001 best_step=600 val_roc_auc=0.9285 test_roc_auc=0.9020
     val_acc=0.8736 val_loss=0.2638 val_metric=0.9285 val_metric_name=roc_auc val_roc_auc=0.9285
     test_acc=0.8552 test_loss=0.3041 test_metric=0.9020 test_metric_name=roc_auc test_roc_auc=0.9020
  >> num_layers=1 hidden_dim=384 lr=1e-05 best_step=4190 val_roc_auc=0.9283 test_roc_auc=0.9028
     val_acc=0.8696 val_loss=0.2640 val_metric=0.9283 val_metric_name=roc_auc val_roc_auc=0.9283
     test_acc=0.8556 test_loss=0.3038 test_metric=0.9028 test_metric_name=roc_auc test_roc_auc=0.9028
  >> num_layers=1 hidden_dim=512 lr=3e-05 best_step=1170 val_roc_auc=0.9271 test_roc_auc=0.9014
     val_acc=0.8708 val_loss=0.2654 val_metric=0.9271 val_metric_name=roc_auc val_roc_auc=0.9271
     test_acc=0.8560 test_loss=0.3067 test_metric=0.9014 test_metric_name=roc_auc test_roc_auc=0.9014
  >> num_layers=1 hidden_dim=512 lr=6e-05 best_step=760 val_roc_auc=0.9274 test_roc_auc=0.9022
     val_acc=0.8716 val_loss=0.2664 val_metric=0.9274 val_metric_name=roc_auc val_roc_auc=0.9274
     test_acc=0.8568 test_loss=0.3064 test_metric=0.9022 test_metric_name=roc_auc test_roc_auc=0.9022
  >> num_layers=1 hidden_dim=512 lr=0.0001 best_step=600 val_roc_auc=0.9274 test_roc_auc=0.9018
     val_acc=0.8696 val_loss=0.2630 val_metric=0.9274 val_metric_name=roc_auc val_roc_auc=0.9274
     test_acc=0.8548 test_loss=0.3031 test_metric=0.9018 test_metric_name=roc_auc test_roc_auc=0.9018
  >> num_layers=1 hidden_dim=512 lr=1e-05 best_step=2400 val_roc_auc=0.9270 test_roc_auc=0.9021
     val_acc=0.8692 val_loss=0.2672 val_metric=0.9270 val_metric_name=roc_auc val_roc_auc=0.9270
     test_acc=0.8572 test_loss=0.3061 test_metric=0.9021 test_metric_name=roc_auc test_roc_auc=0.9021
  >> selected best (by val): num_layers=1 hidden_dim=384 lr=6e-05 val_roc_auc=0.9285 test_roc_auc=0.9025
     val_acc=0.8712 val_loss=0.2616 val_metric=0.9285 val_metric_name=roc_auc val_roc_auc=0.9285
     test_acc=0.8540 test_loss=0.3021 test_metric=0.9025 test_metric_name=roc_auc test_roc_auc=0.9025

Done. Results saved to /home/avshmelev/diploma_yandex_graphs/results_grid/minesweeper/base.csv, checkpoints in /home/avshmelev/diploma_yandex_graphs/all_checkpoints/minesweeper/base/
