Loading data...

============================================================
Training minesweeper TAG 4L h=256 lr=3e-05 split=7
============================================================
Training for 5000 steps
Step    1 | loss 0.7797 | val_acc=0.7960 val_roc_auc=0.4085 val_loss=0.6209 val_metric_name=roc_auc val_metric=0.4085
Step   50 | loss 0.4710 | val_acc=0.8000 val_roc_auc=0.7674 val_loss=0.4600 val_metric_name=roc_auc val_metric=0.7674
Step  100 | loss 0.4173 | val_acc=0.8200 val_roc_auc=0.8340 val_loss=0.3824 val_metric_name=roc_auc val_metric=0.8340
Step  150 | loss 0.3565 | val_acc=0.8524 val_roc_auc=0.8904 val_loss=0.3179 val_metric_name=roc_auc val_metric=0.8904
Step  200 | loss 0.3259 | val_acc=0.8576 val_roc_auc=0.9012 val_loss=0.3084 val_metric_name=roc_auc val_metric=0.9012
Step  250 | loss 0.3178 | val_acc=0.8500 val_roc_auc=0.9068 val_loss=0.3076 val_metric_name=roc_auc val_metric=0.9068
Step  300 | loss 0.3056 | val_acc=0.8568 val_roc_auc=0.9107 val_loss=0.2984 val_metric_name=roc_auc val_metric=0.9107
Step  350 | loss 0.2959 | val_acc=0.8604 val_roc_auc=0.9142 val_loss=0.2930 val_metric_name=roc_auc val_metric=0.9142
Step  400 | loss 0.2906 | val_acc=0.8604 val_roc_auc=0.9160 val_loss=0.2928 val_metric_name=roc_auc val_metric=0.9160
Step  450 | loss 0.2805 | val_acc=0.8656 val_roc_auc=0.9181 val_loss=0.2880 val_metric_name=roc_auc val_metric=0.9181
Step  500 | loss 0.2696 | val_acc=0.8632 val_roc_auc=0.9201 val_loss=0.2855 val_metric_name=roc_auc val_metric=0.9201
Step  550 | loss 0.2683 | val_acc=0.8652 val_roc_auc=0.9222 val_loss=0.2808 val_metric_name=roc_auc val_metric=0.9222
Step  600 | loss 0.2691 | val_acc=0.8672 val_roc_auc=0.9241 val_loss=0.2773 val_metric_name=roc_auc val_metric=0.9241
Step  650 | loss 0.2642 | val_acc=0.8676 val_roc_auc=0.9261 val_loss=0.2763 val_metric_name=roc_auc val_metric=0.9261
Step  700 | loss 0.2576 | val_acc=0.8748 val_roc_auc=0.9289 val_loss=0.2686 val_metric_name=roc_auc val_metric=0.9289
Step  750 | loss 0.2515 | val_acc=0.8808 val_roc_auc=0.9317 val_loss=0.2637 val_metric_name=roc_auc val_metric=0.9317
Step  800 | loss 0.2500 | val_acc=0.8812 val_roc_auc=0.9344 val_loss=0.2622 val_metric_name=roc_auc val_metric=0.9344
Step  850 | loss 0.2421 | val_acc=0.8840 val_roc_auc=0.9362 val_loss=0.2581 val_metric_name=roc_auc val_metric=0.9362
Step  900 | loss 0.2423 | val_acc=0.8860 val_roc_auc=0.9379 val_loss=0.2549 val_metric_name=roc_auc val_metric=0.9379
Step  950 | loss 0.2374 | val_acc=0.8860 val_roc_auc=0.9392 val_loss=0.2506 val_metric_name=roc_auc val_metric=0.9392
Step 1000 | loss 0.2312 | val_acc=0.8844 val_roc_auc=0.9390 val_loss=0.2538 val_metric_name=roc_auc val_metric=0.9390
Step 1050 | loss 0.2254 | val_acc=0.8892 val_roc_auc=0.9402 val_loss=0.2533 val_metric_name=roc_auc val_metric=0.9402
Step 1100 | loss 0.2184 | val_acc=0.8884 val_roc_auc=0.9393 val_loss=0.2554 val_metric_name=roc_auc val_metric=0.9393
Step 1150 | loss 0.2204 | val_acc=0.8896 val_roc_auc=0.9402 val_loss=0.2539 val_metric_name=roc_auc val_metric=0.9402
Step 1200 | loss 0.2157 | val_acc=0.8900 val_roc_auc=0.9405 val_loss=0.2518 val_metric_name=roc_auc val_metric=0.9405
Step 1250 | loss 0.2167 | val_acc=0.8904 val_roc_auc=0.9406 val_loss=0.2537 val_metric_name=roc_auc val_metric=0.9406
Step 1300 | loss 0.2072 | val_acc=0.8896 val_roc_auc=0.9401 val_loss=0.2570 val_metric_name=roc_auc val_metric=0.9401
Step 1350 | loss 0.2104 | val_acc=0.8880 val_roc_auc=0.9403 val_loss=0.2576 val_metric_name=roc_auc val_metric=0.9403
Step 1400 | loss 0.2027 | val_acc=0.8864 val_roc_auc=0.9384 val_loss=0.2653 val_metric_name=roc_auc val_metric=0.9384
Step 1450 | loss 0.1999 | val_acc=0.8900 val_roc_auc=0.9391 val_loss=0.2640 val_metric_name=roc_auc val_metric=0.9391
Step 1500 | loss 0.1973 | val_acc=0.8892 val_roc_auc=0.9387 val_loss=0.2630 val_metric_name=roc_auc val_metric=0.9387
Step 1550 | loss 0.1951 | val_acc=0.8880 val_roc_auc=0.9385 val_loss=0.2678 val_metric_name=roc_auc val_metric=0.9385
Step 1600 | loss 0.1939 | val_acc=0.8836 val_roc_auc=0.9369 val_loss=0.2758 val_metric_name=roc_auc val_metric=0.9369
Early stopping at step 1603

--- Final (best ckpt @ step 1180) ---
  train_acc=0.9174 train_roc_auc=0.9632 train_loss=0.1922 train_metric_name=roc_auc train_metric=0.9632
  val_acc=0.8920 val_roc_auc=0.9410 val_loss=0.2530 val_metric_name=roc_auc val_metric=0.9410
  test_acc=0.8888 test_roc_auc=0.9418 test_loss=0.2537 test_metric_name=roc_auc test_metric=0.9418
  test_roc_auc=0.9418

============================================================
Training minesweeper TAG 4L h=256 lr=6e-05 split=7
============================================================
Training for 5000 steps
Step    1 | loss 0.7797 | val_acc=0.8000 val_roc_auc=0.4319 val_loss=0.5201 val_metric_name=roc_auc val_metric=0.4319
Step   50 | loss 0.4444 | val_acc=0.7944 val_roc_auc=0.7840 val_loss=0.4303 val_metric_name=roc_auc val_metric=0.7840
Step  100 | loss 0.3556 | val_acc=0.8536 val_roc_auc=0.8908 val_loss=0.3197 val_metric_name=roc_auc val_metric=0.8908
Step  150 | loss 0.3134 | val_acc=0.8480 val_roc_auc=0.9065 val_loss=0.3082 val_metric_name=roc_auc val_metric=0.9065
Step  200 | loss 0.2926 | val_acc=0.8532 val_roc_auc=0.9131 val_loss=0.2981 val_metric_name=roc_auc val_metric=0.9131
Step  250 | loss 0.2863 | val_acc=0.8588 val_roc_auc=0.9174 val_loss=0.2907 val_metric_name=roc_auc val_metric=0.9174
Step  300 | loss 0.2755 | val_acc=0.8712 val_roc_auc=0.9210 val_loss=0.2790 val_metric_name=roc_auc val_metric=0.9210
Step  350 | loss 0.2692 | val_acc=0.8744 val_roc_auc=0.9245 val_loss=0.2734 val_metric_name=roc_auc val_metric=0.9245
Step  400 | loss 0.2605 | val_acc=0.8712 val_roc_auc=0.9284 val_loss=0.2717 val_metric_name=roc_auc val_metric=0.9284
Step  450 | loss 0.2518 | val_acc=0.8828 val_roc_auc=0.9333 val_loss=0.2585 val_metric_name=roc_auc val_metric=0.9333
Step  500 | loss 0.2355 | val_acc=0.8864 val_roc_auc=0.9373 val_loss=0.2543 val_metric_name=roc_auc val_metric=0.9373
Step  550 | loss 0.2299 | val_acc=0.8852 val_roc_auc=0.9396 val_loss=0.2497 val_metric_name=roc_auc val_metric=0.9396
Step  600 | loss 0.2286 | val_acc=0.8900 val_roc_auc=0.9410 val_loss=0.2490 val_metric_name=roc_auc val_metric=0.9410
Step  650 | loss 0.2207 | val_acc=0.8924 val_roc_auc=0.9412 val_loss=0.2525 val_metric_name=roc_auc val_metric=0.9412
Step  700 | loss 0.2172 | val_acc=0.8908 val_roc_auc=0.9408 val_loss=0.2546 val_metric_name=roc_auc val_metric=0.9408
Step  750 | loss 0.2099 | val_acc=0.8892 val_roc_auc=0.9407 val_loss=0.2545 val_metric_name=roc_auc val_metric=0.9407
Step  800 | loss 0.2072 | val_acc=0.8884 val_roc_auc=0.9402 val_loss=0.2612 val_metric_name=roc_auc val_metric=0.9402
Step  850 | loss 0.1989 | val_acc=0.8864 val_roc_auc=0.9375 val_loss=0.2650 val_metric_name=roc_auc val_metric=0.9375
Step  900 | loss 0.1977 | val_acc=0.8880 val_roc_auc=0.9393 val_loss=0.2651 val_metric_name=roc_auc val_metric=0.9393
Step  950 | loss 0.1884 | val_acc=0.8872 val_roc_auc=0.9375 val_loss=0.2715 val_metric_name=roc_auc val_metric=0.9375
Step 1000 | loss 0.1856 | val_acc=0.8880 val_roc_auc=0.9381 val_loss=0.2761 val_metric_name=roc_auc val_metric=0.9381
Step 1050 | loss 0.1784 | val_acc=0.8840 val_roc_auc=0.9364 val_loss=0.2865 val_metric_name=roc_auc val_metric=0.9364
Early stopping at step 1053

--- Final (best ckpt @ step 630) ---
  train_acc=0.9122 train_roc_auc=0.9606 train_loss=0.1988 train_metric_name=roc_auc train_metric=0.9606
  val_acc=0.8896 val_roc_auc=0.9417 val_loss=0.2497 val_metric_name=roc_auc val_metric=0.9417
  test_acc=0.8856 test_roc_auc=0.9415 test_loss=0.2508 test_metric_name=roc_auc test_metric=0.9415
  test_roc_auc=0.9415

============================================================
Training minesweeper TAG 4L h=256 lr=0.0001 split=7
============================================================
Training for 5000 steps
Step    1 | loss 0.7797 | val_acc=0.8000 val_roc_auc=0.4706 val_loss=0.5143 val_metric_name=roc_auc val_metric=0.4706
Step   50 | loss 0.4213 | val_acc=0.8136 val_roc_auc=0.8179 val_loss=0.3933 val_metric_name=roc_auc val_metric=0.8179
Step  100 | loss 0.3263 | val_acc=0.8484 val_roc_auc=0.9033 val_loss=0.3094 val_metric_name=roc_auc val_metric=0.9033
Step  150 | loss 0.2935 | val_acc=0.8512 val_roc_auc=0.9133 val_loss=0.3054 val_metric_name=roc_auc val_metric=0.9133
Step  200 | loss 0.2757 | val_acc=0.8632 val_roc_auc=0.9188 val_loss=0.2880 val_metric_name=roc_auc val_metric=0.9188
Step  250 | loss 0.2668 | val_acc=0.8656 val_roc_auc=0.9243 val_loss=0.2783 val_metric_name=roc_auc val_metric=0.9243
Step  300 | loss 0.2524 | val_acc=0.8808 val_roc_auc=0.9316 val_loss=0.2627 val_metric_name=roc_auc val_metric=0.9316
Step  350 | loss 0.2420 | val_acc=0.8824 val_roc_auc=0.9366 val_loss=0.2556 val_metric_name=roc_auc val_metric=0.9366
Step  400 | loss 0.2329 | val_acc=0.8876 val_roc_auc=0.9399 val_loss=0.2497 val_metric_name=roc_auc val_metric=0.9399
Step  450 | loss 0.2224 | val_acc=0.8872 val_roc_auc=0.9410 val_loss=0.2477 val_metric_name=roc_auc val_metric=0.9410
Step  500 | loss 0.2087 | val_acc=0.8920 val_roc_auc=0.9423 val_loss=0.2534 val_metric_name=roc_auc val_metric=0.9423
Step  550 | loss 0.2044 | val_acc=0.8908 val_roc_auc=0.9413 val_loss=0.2534 val_metric_name=roc_auc val_metric=0.9413
Step  600 | loss 0.1962 | val_acc=0.8872 val_roc_auc=0.9406 val_loss=0.2634 val_metric_name=roc_auc val_metric=0.9406
Step  650 | loss 0.1887 | val_acc=0.8872 val_roc_auc=0.9396 val_loss=0.2744 val_metric_name=roc_auc val_metric=0.9396
Step  700 | loss 0.1829 | val_acc=0.8796 val_roc_auc=0.9382 val_loss=0.2937 val_metric_name=roc_auc val_metric=0.9382
Step  750 | loss 0.1733 | val_acc=0.8872 val_roc_auc=0.9366 val_loss=0.2940 val_metric_name=roc_auc val_metric=0.9366
Step  800 | loss 0.1678 | val_acc=0.8764 val_roc_auc=0.9337 val_loss=0.3135 val_metric_name=roc_auc val_metric=0.9337
Step  850 | loss 0.1577 | val_acc=0.8816 val_roc_auc=0.9305 val_loss=0.3260 val_metric_name=roc_auc val_metric=0.9305
Early stopping at step 854

--- Final (best ckpt @ step 500) ---
  train_acc=0.9164 train_roc_auc=0.9652 train_loss=0.1879 train_metric_name=roc_auc train_metric=0.9652
  val_acc=0.8920 val_roc_auc=0.9423 val_loss=0.2534 val_metric_name=roc_auc val_metric=0.9423
  test_acc=0.8876 test_roc_auc=0.9438 test_loss=0.2500 test_metric_name=roc_auc test_metric=0.9438
  test_roc_auc=0.9438

============================================================
Training minesweeper TAG 4L h=256 lr=1e-05 split=7
============================================================
Training for 5000 steps
Step    1 | loss 0.7797 | val_acc=0.2304 val_roc_auc=0.3977 val_loss=0.7514 val_metric_name=roc_auc val_metric=0.3977
Step   50 | loss 0.4973 | val_acc=0.8000 val_roc_auc=0.7651 val_loss=0.4896 val_metric_name=roc_auc val_metric=0.7651
Step  100 | loss 0.4726 | val_acc=0.8000 val_roc_auc=0.7649 val_loss=0.4685 val_metric_name=roc_auc val_metric=0.7649
Step  150 | loss 0.4496 | val_acc=0.7972 val_roc_auc=0.7772 val_loss=0.4380 val_metric_name=roc_auc val_metric=0.7772
Step  200 | loss 0.4236 | val_acc=0.8028 val_roc_auc=0.8127 val_loss=0.4084 val_metric_name=roc_auc val_metric=0.8127
Step  250 | loss 0.4055 | val_acc=0.8256 val_roc_auc=0.8533 val_loss=0.3692 val_metric_name=roc_auc val_metric=0.8533
Step  300 | loss 0.3837 | val_acc=0.8464 val_roc_auc=0.8817 val_loss=0.3321 val_metric_name=roc_auc val_metric=0.8817
Step  350 | loss 0.3625 | val_acc=0.8528 val_roc_auc=0.8905 val_loss=0.3188 val_metric_name=roc_auc val_metric=0.8905
Step  400 | loss 0.3529 | val_acc=0.8556 val_roc_auc=0.8951 val_loss=0.3129 val_metric_name=roc_auc val_metric=0.8951
Step  450 | loss 0.3341 | val_acc=0.8584 val_roc_auc=0.8993 val_loss=0.3091 val_metric_name=roc_auc val_metric=0.8993
Step  500 | loss 0.3257 | val_acc=0.8552 val_roc_auc=0.9020 val_loss=0.3078 val_metric_name=roc_auc val_metric=0.9020
Step  550 | loss 0.3208 | val_acc=0.8556 val_roc_auc=0.9040 val_loss=0.3051 val_metric_name=roc_auc val_metric=0.9040
Step  600 | loss 0.3218 | val_acc=0.8504 val_roc_auc=0.9062 val_loss=0.3054 val_metric_name=roc_auc val_metric=0.9062
Step  650 | loss 0.3129 | val_acc=0.8552 val_roc_auc=0.9083 val_loss=0.2992 val_metric_name=roc_auc val_metric=0.9083
Step  700 | loss 0.3063 | val_acc=0.8544 val_roc_auc=0.9095 val_loss=0.3022 val_metric_name=roc_auc val_metric=0.9095
Step  750 | loss 0.3027 | val_acc=0.8572 val_roc_auc=0.9111 val_loss=0.2997 val_metric_name=roc_auc val_metric=0.9111
Step  800 | loss 0.3029 | val_acc=0.8612 val_roc_auc=0.9123 val_loss=0.2964 val_metric_name=roc_auc val_metric=0.9123
Step  850 | loss 0.2949 | val_acc=0.8588 val_roc_auc=0.9135 val_loss=0.2965 val_metric_name=roc_auc val_metric=0.9135
Step  900 | loss 0.2979 | val_acc=0.8568 val_roc_auc=0.9145 val_loss=0.2962 val_metric_name=roc_auc val_metric=0.9145
Step  950 | loss 0.2942 | val_acc=0.8592 val_roc_auc=0.9154 val_loss=0.2943 val_metric_name=roc_auc val_metric=0.9154
Step 1000 | loss 0.2866 | val_acc=0.8616 val_roc_auc=0.9159 val_loss=0.2914 val_metric_name=roc_auc val_metric=0.9159
Step 1050 | loss 0.2863 | val_acc=0.8600 val_roc_auc=0.9164 val_loss=0.2936 val_metric_name=roc_auc val_metric=0.9164
Step 1100 | loss 0.2828 | val_acc=0.8592 val_roc_auc=0.9175 val_loss=0.2916 val_metric_name=roc_auc val_metric=0.9175
Step 1150 | loss 0.2793 | val_acc=0.8652 val_roc_auc=0.9184 val_loss=0.2881 val_metric_name=roc_auc val_metric=0.9184
Step 1200 | loss 0.2783 | val_acc=0.8632 val_roc_auc=0.9189 val_loss=0.2884 val_metric_name=roc_auc val_metric=0.9189
Step 1250 | loss 0.2788 | val_acc=0.8676 val_roc_auc=0.9197 val_loss=0.2854 val_metric_name=roc_auc val_metric=0.9197
Step 1300 | loss 0.2723 | val_acc=0.8648 val_roc_auc=0.9205 val_loss=0.2851 val_metric_name=roc_auc val_metric=0.9205
Step 1350 | loss 0.2773 | val_acc=0.8636 val_roc_auc=0.9213 val_loss=0.2848 val_metric_name=roc_auc val_metric=0.9213
Step 1400 | loss 0.2719 | val_acc=0.8636 val_roc_auc=0.9221 val_loss=0.2864 val_metric_name=roc_auc val_metric=0.9221
Step 1450 | loss 0.2705 | val_acc=0.8676 val_roc_auc=0.9229 val_loss=0.2819 val_metric_name=roc_auc val_metric=0.9229
Step 1500 | loss 0.2708 | val_acc=0.8680 val_roc_auc=0.9234 val_loss=0.2793 val_metric_name=roc_auc val_metric=0.9234
Step 1550 | loss 0.2629 | val_acc=0.8704 val_roc_auc=0.9243 val_loss=0.2785 val_metric_name=roc_auc val_metric=0.9243
Step 1600 | loss 0.2672 | val_acc=0.8628 val_roc_auc=0.9250 val_loss=0.2820 val_metric_name=roc_auc val_metric=0.9250
Step 1650 | loss 0.2641 | val_acc=0.8652 val_roc_auc=0.9261 val_loss=0.2787 val_metric_name=roc_auc val_metric=0.9261
Step 1700 | loss 0.2603 | val_acc=0.8716 val_roc_auc=0.9268 val_loss=0.2740 val_metric_name=roc_auc val_metric=0.9268
Step 1750 | loss 0.2568 | val_acc=0.8708 val_roc_auc=0.9278 val_loss=0.2736 val_metric_name=roc_auc val_metric=0.9278
Step 1800 | loss 0.2580 | val_acc=0.8692 val_roc_auc=0.9285 val_loss=0.2726 val_metric_name=roc_auc val_metric=0.9285
Step 1850 | loss 0.2543 | val_acc=0.8756 val_roc_auc=0.9295 val_loss=0.2695 val_metric_name=roc_auc val_metric=0.9295
Step 1900 | loss 0.2526 | val_acc=0.8760 val_roc_auc=0.9311 val_loss=0.2697 val_metric_name=roc_auc val_metric=0.9311
Step 1950 | loss 0.2559 | val_acc=0.8740 val_roc_auc=0.9319 val_loss=0.2668 val_metric_name=roc_auc val_metric=0.9319
Step 2000 | loss 0.2468 | val_acc=0.8796 val_roc_auc=0.9326 val_loss=0.2654 val_metric_name=roc_auc val_metric=0.9326
Step 2050 | loss 0.2452 | val_acc=0.8760 val_roc_auc=0.9341 val_loss=0.2651 val_metric_name=roc_auc val_metric=0.9341
Step 2100 | loss 0.2494 | val_acc=0.8848 val_roc_auc=0.9351 val_loss=0.2611 val_metric_name=roc_auc val_metric=0.9351
Step 2150 | loss 0.2440 | val_acc=0.8852 val_roc_auc=0.9356 val_loss=0.2590 val_metric_name=roc_auc val_metric=0.9356
Step 2200 | loss 0.2415 | val_acc=0.8784 val_roc_auc=0.9363 val_loss=0.2627 val_metric_name=roc_auc val_metric=0.9363
Step 2250 | loss 0.2363 | val_acc=0.8844 val_roc_auc=0.9372 val_loss=0.2578 val_metric_name=roc_auc val_metric=0.9372
Step 2300 | loss 0.2393 | val_acc=0.8836 val_roc_auc=0.9376 val_loss=0.2563 val_metric_name=roc_auc val_metric=0.9376
Step 2350 | loss 0.2335 | val_acc=0.8836 val_roc_auc=0.9381 val_loss=0.2559 val_metric_name=roc_auc val_metric=0.9381
Step 2400 | loss 0.2307 | val_acc=0.8828 val_roc_auc=0.9383 val_loss=0.2575 val_metric_name=roc_auc val_metric=0.9383
Step 2450 | loss 0.2306 | val_acc=0.8820 val_roc_auc=0.9386 val_loss=0.2587 val_metric_name=roc_auc val_metric=0.9386
Step 2500 | loss 0.2305 | val_acc=0.8812 val_roc_auc=0.9386 val_loss=0.2614 val_metric_name=roc_auc val_metric=0.9386
Step 2550 | loss 0.2286 | val_acc=0.8848 val_roc_auc=0.9396 val_loss=0.2550 val_metric_name=roc_auc val_metric=0.9396
Step 2600 | loss 0.2305 | val_acc=0.8880 val_roc_auc=0.9404 val_loss=0.2525 val_metric_name=roc_auc val_metric=0.9404
Step 2650 | loss 0.2265 | val_acc=0.8888 val_roc_auc=0.9395 val_loss=0.2543 val_metric_name=roc_auc val_metric=0.9395
Step 2700 | loss 0.2265 | val_acc=0.8868 val_roc_auc=0.9402 val_loss=0.2528 val_metric_name=roc_auc val_metric=0.9402
Step 2750 | loss 0.2232 | val_acc=0.8876 val_roc_auc=0.9402 val_loss=0.2522 val_metric_name=roc_auc val_metric=0.9402
Step 2800 | loss 0.2205 | val_acc=0.8888 val_roc_auc=0.9400 val_loss=0.2541 val_metric_name=roc_auc val_metric=0.9400
Step 2850 | loss 0.2248 | val_acc=0.8904 val_roc_auc=0.9407 val_loss=0.2528 val_metric_name=roc_auc val_metric=0.9407
Step 2900 | loss 0.2201 | val_acc=0.8896 val_roc_auc=0.9406 val_loss=0.2539 val_metric_name=roc_auc val_metric=0.9406
Step 2950 | loss 0.2207 | val_acc=0.8876 val_roc_auc=0.9403 val_loss=0.2542 val_metric_name=roc_auc val_metric=0.9403
Step 3000 | loss 0.2186 | val_acc=0.8888 val_roc_auc=0.9398 val_loss=0.2564 val_metric_name=roc_auc val_metric=0.9398
Step 3050 | loss 0.2163 | val_acc=0.8896 val_roc_auc=0.9412 val_loss=0.2526 val_metric_name=roc_auc val_metric=0.9412
Step 3100 | loss 0.2139 | val_acc=0.8916 val_roc_auc=0.9404 val_loss=0.2561 val_metric_name=roc_auc val_metric=0.9404
Step 3150 | loss 0.2187 | val_acc=0.8904 val_roc_auc=0.9407 val_loss=0.2567 val_metric_name=roc_auc val_metric=0.9407
Step 3200 | loss 0.2112 | val_acc=0.8892 val_roc_auc=0.9404 val_loss=0.2578 val_metric_name=roc_auc val_metric=0.9404
Step 3250 | loss 0.2099 | val_acc=0.8904 val_roc_auc=0.9401 val_loss=0.2564 val_metric_name=roc_auc val_metric=0.9401
Step 3300 | loss 0.2120 | val_acc=0.8876 val_roc_auc=0.9397 val_loss=0.2590 val_metric_name=roc_auc val_metric=0.9397
Step 3350 | loss 0.2122 | val_acc=0.8884 val_roc_auc=0.9398 val_loss=0.2575 val_metric_name=roc_auc val_metric=0.9398
Step 3400 | loss 0.2075 | val_acc=0.8908 val_roc_auc=0.9403 val_loss=0.2603 val_metric_name=roc_auc val_metric=0.9403
Step 3450 | loss 0.2039 | val_acc=0.8900 val_roc_auc=0.9401 val_loss=0.2604 val_metric_name=roc_auc val_metric=0.9401
Step 3500 | loss 0.2067 | val_acc=0.8908 val_roc_auc=0.9398 val_loss=0.2596 val_metric_name=roc_auc val_metric=0.9398
Step 3550 | loss 0.2039 | val_acc=0.8908 val_roc_auc=0.9403 val_loss=0.2604 val_metric_name=roc_auc val_metric=0.9403
Step 3600 | loss 0.2061 | val_acc=0.8880 val_roc_auc=0.9400 val_loss=0.2623 val_metric_name=roc_auc val_metric=0.9400
Early stopping at step 3611

--- Final (best ckpt @ step 3050) ---
  train_acc=0.9180 train_roc_auc=0.9633 train_loss=0.1915 train_metric_name=roc_auc train_metric=0.9633
  val_acc=0.8896 val_roc_auc=0.9412 val_loss=0.2526 val_metric_name=roc_auc val_metric=0.9412
  test_acc=0.8864 test_roc_auc=0.9420 test_loss=0.2515 test_metric_name=roc_auc test_metric=0.9420
  test_roc_auc=0.9420

============================================================
Training minesweeper TAG 4L h=384 lr=3e-05 split=7
============================================================
Training for 5000 steps
Step    1 | loss 0.5805 | val_acc=0.8000 val_roc_auc=0.5607 val_loss=0.5323 val_metric_name=roc_auc val_metric=0.5607
Step   50 | loss 0.4198 | val_acc=0.8160 val_roc_auc=0.8216 val_loss=0.4029 val_metric_name=roc_auc val_metric=0.8216
Step  100 | loss 0.3411 | val_acc=0.8476 val_roc_auc=0.8944 val_loss=0.3165 val_metric_name=roc_auc val_metric=0.8944
Step  150 | loss 0.3132 | val_acc=0.8452 val_roc_auc=0.9051 val_loss=0.3115 val_metric_name=roc_auc val_metric=0.9051
Step  200 | loss 0.2967 | val_acc=0.8528 val_roc_auc=0.9094 val_loss=0.3051 val_metric_name=roc_auc val_metric=0.9094
Step  250 | loss 0.2852 | val_acc=0.8484 val_roc_auc=0.9127 val_loss=0.3125 val_metric_name=roc_auc val_metric=0.9127
Step  300 | loss 0.2811 | val_acc=0.8556 val_roc_auc=0.9160 val_loss=0.3035 val_metric_name=roc_auc val_metric=0.9160
Step  350 | loss 0.2755 | val_acc=0.8476 val_roc_auc=0.9173 val_loss=0.3112 val_metric_name=roc_auc val_metric=0.9173
Step  400 | loss 0.2669 | val_acc=0.8488 val_roc_auc=0.9204 val_loss=0.3170 val_metric_name=roc_auc val_metric=0.9204
Step  450 | loss 0.2588 | val_acc=0.8576 val_roc_auc=0.9235 val_loss=0.2994 val_metric_name=roc_auc val_metric=0.9235
Step  500 | loss 0.2522 | val_acc=0.8612 val_roc_auc=0.9265 val_loss=0.2885 val_metric_name=roc_auc val_metric=0.9265
Step  550 | loss 0.2536 | val_acc=0.8652 val_roc_auc=0.9305 val_loss=0.2880 val_metric_name=roc_auc val_metric=0.9305
Step  600 | loss 0.2488 | val_acc=0.8700 val_roc_auc=0.9328 val_loss=0.2837 val_metric_name=roc_auc val_metric=0.9328
Step  650 | loss 0.2365 | val_acc=0.8796 val_roc_auc=0.9363 val_loss=0.2678 val_metric_name=roc_auc val_metric=0.9363
Step  700 | loss 0.2291 | val_acc=0.8844 val_roc_auc=0.9378 val_loss=0.2653 val_metric_name=roc_auc val_metric=0.9378
Step  750 | loss 0.2216 | val_acc=0.8868 val_roc_auc=0.9392 val_loss=0.2592 val_metric_name=roc_auc val_metric=0.9392
Step  800 | loss 0.2233 | val_acc=0.8940 val_roc_auc=0.9409 val_loss=0.2525 val_metric_name=roc_auc val_metric=0.9409
Step  850 | loss 0.2202 | val_acc=0.8876 val_roc_auc=0.9400 val_loss=0.2652 val_metric_name=roc_auc val_metric=0.9400
Step  900 | loss 0.2079 | val_acc=0.8932 val_roc_auc=0.9409 val_loss=0.2582 val_metric_name=roc_auc val_metric=0.9409
Step  950 | loss 0.2061 | val_acc=0.8952 val_roc_auc=0.9412 val_loss=0.2577 val_metric_name=roc_auc val_metric=0.9412
Step 1000 | loss 0.2037 | val_acc=0.8948 val_roc_auc=0.9412 val_loss=0.2615 val_metric_name=roc_auc val_metric=0.9412
Step 1050 | loss 0.2007 | val_acc=0.8900 val_roc_auc=0.9406 val_loss=0.2661 val_metric_name=roc_auc val_metric=0.9406
Step 1100 | loss 0.1956 | val_acc=0.8852 val_roc_auc=0.9381 val_loss=0.2790 val_metric_name=roc_auc val_metric=0.9381
Step 1150 | loss 0.1879 | val_acc=0.8884 val_roc_auc=0.9383 val_loss=0.2759 val_metric_name=roc_auc val_metric=0.9383
Step 1200 | loss 0.1838 | val_acc=0.8908 val_roc_auc=0.9393 val_loss=0.2806 val_metric_name=roc_auc val_metric=0.9393
Step 1250 | loss 0.1797 | val_acc=0.8844 val_roc_auc=0.9365 val_loss=0.2901 val_metric_name=roc_auc val_metric=0.9365
Early stopping at step 1296

--- Final (best ckpt @ step 840) ---
  train_acc=0.9116 train_roc_auc=0.9614 train_loss=0.1981 train_metric_name=roc_auc train_metric=0.9614
  val_acc=0.8924 val_roc_auc=0.9419 val_loss=0.2522 val_metric_name=roc_auc val_metric=0.9419
  test_acc=0.8876 test_roc_auc=0.9435 test_loss=0.2494 test_metric_name=roc_auc test_metric=0.9435
  test_roc_auc=0.9435

============================================================
Training minesweeper TAG 4L h=384 lr=6e-05 split=7
============================================================
Training for 5000 steps
Step    1 | loss 0.5805 | val_acc=0.8000 val_roc_auc=0.5659 val_loss=0.6818 val_metric_name=roc_auc val_metric=0.5659
Step   50 | loss 0.3879 | val_acc=0.8432 val_roc_auc=0.8631 val_loss=0.3572 val_metric_name=roc_auc val_metric=0.8631
Step  100 | loss 0.3145 | val_acc=0.8436 val_roc_auc=0.9056 val_loss=0.3114 val_metric_name=roc_auc val_metric=0.9056
Step  150 | loss 0.2895 | val_acc=0.8548 val_roc_auc=0.9130 val_loss=0.3021 val_metric_name=roc_auc val_metric=0.9130
Step  200 | loss 0.2737 | val_acc=0.8524 val_roc_auc=0.9170 val_loss=0.3078 val_metric_name=roc_auc val_metric=0.9170
Step  250 | loss 0.2645 | val_acc=0.8536 val_roc_auc=0.9224 val_loss=0.3001 val_metric_name=roc_auc val_metric=0.9224
Step  300 | loss 0.2585 | val_acc=0.8588 val_roc_auc=0.9269 val_loss=0.2983 val_metric_name=roc_auc val_metric=0.9269
Step  350 | loss 0.2477 | val_acc=0.8712 val_roc_auc=0.9319 val_loss=0.2770 val_metric_name=roc_auc val_metric=0.9319
Step  400 | loss 0.2352 | val_acc=0.8876 val_roc_auc=0.9378 val_loss=0.2592 val_metric_name=roc_auc val_metric=0.9378
Step  450 | loss 0.2262 | val_acc=0.8868 val_roc_auc=0.9401 val_loss=0.2574 val_metric_name=roc_auc val_metric=0.9401
Step  500 | loss 0.2151 | val_acc=0.8904 val_roc_auc=0.9414 val_loss=0.2556 val_metric_name=roc_auc val_metric=0.9414
Step  550 | loss 0.2114 | val_acc=0.8940 val_roc_auc=0.9421 val_loss=0.2515 val_metric_name=roc_auc val_metric=0.9421
Step  600 | loss 0.2066 | val_acc=0.8916 val_roc_auc=0.9417 val_loss=0.2611 val_metric_name=roc_auc val_metric=0.9417
Step  650 | loss 0.1932 | val_acc=0.8904 val_roc_auc=0.9392 val_loss=0.2717 val_metric_name=roc_auc val_metric=0.9392
Step  700 | loss 0.1821 | val_acc=0.8904 val_roc_auc=0.9398 val_loss=0.2739 val_metric_name=roc_auc val_metric=0.9398
Step  750 | loss 0.1743 | val_acc=0.8888 val_roc_auc=0.9387 val_loss=0.2865 val_metric_name=roc_auc val_metric=0.9387
Step  800 | loss 0.1757 | val_acc=0.8864 val_roc_auc=0.9349 val_loss=0.3014 val_metric_name=roc_auc val_metric=0.9349
Step  850 | loss 0.1649 | val_acc=0.8848 val_roc_auc=0.9359 val_loss=0.3067 val_metric_name=roc_auc val_metric=0.9359
Step  900 | loss 0.1515 | val_acc=0.8836 val_roc_auc=0.9309 val_loss=0.3345 val_metric_name=roc_auc val_metric=0.9309
Early stopping at step 926

--- Final (best ckpt @ step 570) ---
  train_acc=0.9184 train_roc_auc=0.9667 train_loss=0.1836 train_metric_name=roc_auc train_metric=0.9667
  val_acc=0.8968 val_roc_auc=0.9432 val_loss=0.2550 val_metric_name=roc_auc val_metric=0.9432
  test_acc=0.8876 test_roc_auc=0.9450 test_loss=0.2478 test_metric_name=roc_auc test_metric=0.9450
  test_roc_auc=0.9450

============================================================
Training minesweeper TAG 4L h=384 lr=0.0001 split=7
============================================================
Training for 5000 steps
Step    1 | loss 0.5805 | val_acc=0.8000 val_roc_auc=0.5774 val_loss=0.8871 val_metric_name=roc_auc val_metric=0.5774
Step   50 | loss 0.3950 | val_acc=0.8348 val_roc_auc=0.8468 val_loss=0.3708 val_metric_name=roc_auc val_metric=0.8468
Step  100 | loss 0.3040 | val_acc=0.8516 val_roc_auc=0.9096 val_loss=0.3054 val_metric_name=roc_auc val_metric=0.9096
Step  150 | loss 0.2774 | val_acc=0.8512 val_roc_auc=0.9171 val_loss=0.3077 val_metric_name=roc_auc val_metric=0.9171
Step  200 | loss 0.2616 | val_acc=0.8624 val_roc_auc=0.9240 val_loss=0.2844 val_metric_name=roc_auc val_metric=0.9240
Step  250 | loss 0.2427 | val_acc=0.8800 val_roc_auc=0.9316 val_loss=0.2755 val_metric_name=roc_auc val_metric=0.9316
Step  300 | loss 0.2366 | val_acc=0.8868 val_roc_auc=0.9379 val_loss=0.2563 val_metric_name=roc_auc val_metric=0.9379
Step  350 | loss 0.2225 | val_acc=0.8856 val_roc_auc=0.9422 val_loss=0.2579 val_metric_name=roc_auc val_metric=0.9422
Step  400 | loss 0.2085 | val_acc=0.8900 val_roc_auc=0.9425 val_loss=0.2594 val_metric_name=roc_auc val_metric=0.9425
Step  450 | loss 0.1967 | val_acc=0.8920 val_roc_auc=0.9423 val_loss=0.2616 val_metric_name=roc_auc val_metric=0.9423
Step  500 | loss 0.1866 | val_acc=0.8904 val_roc_auc=0.9399 val_loss=0.2637 val_metric_name=roc_auc val_metric=0.9399
Step  550 | loss 0.1744 | val_acc=0.8912 val_roc_auc=0.9406 val_loss=0.2797 val_metric_name=roc_auc val_metric=0.9406
Step  600 | loss 0.1666 | val_acc=0.8936 val_roc_auc=0.9376 val_loss=0.2974 val_metric_name=roc_auc val_metric=0.9376
Step  650 | loss 0.1476 | val_acc=0.8816 val_roc_auc=0.9326 val_loss=0.3389 val_metric_name=roc_auc val_metric=0.9326
Step  700 | loss 0.1338 | val_acc=0.8816 val_roc_auc=0.9255 val_loss=0.3683 val_metric_name=roc_auc val_metric=0.9255
Early stopping at step 733

--- Final (best ckpt @ step 390) ---
  train_acc=0.9174 train_roc_auc=0.9644 train_loss=0.1888 train_metric_name=roc_auc train_metric=0.9644
  val_acc=0.8904 val_roc_auc=0.9440 val_loss=0.2479 val_metric_name=roc_auc val_metric=0.9440
  test_acc=0.8928 test_roc_auc=0.9455 test_loss=0.2452 test_metric_name=roc_auc test_metric=0.9455
  test_roc_auc=0.9455

============================================================
Training minesweeper TAG 4L h=384 lr=1e-05 split=7
============================================================
Training for 5000 steps
Step    1 | loss 0.5805 | val_acc=0.8000 val_roc_auc=0.5583 val_loss=0.5037 val_metric_name=roc_auc val_metric=0.5583
Step   50 | loss 0.4639 | val_acc=0.8000 val_roc_auc=0.7602 val_loss=0.4480 val_metric_name=roc_auc val_metric=0.7602
Step  100 | loss 0.4232 | val_acc=0.8188 val_roc_auc=0.8222 val_loss=0.3976 val_metric_name=roc_auc val_metric=0.8222
Step  150 | loss 0.3759 | val_acc=0.8496 val_roc_auc=0.8828 val_loss=0.3269 val_metric_name=roc_auc val_metric=0.8828
Step  200 | loss 0.3451 | val_acc=0.8484 val_roc_auc=0.8928 val_loss=0.3162 val_metric_name=roc_auc val_metric=0.8928
Step  250 | loss 0.3288 | val_acc=0.8496 val_roc_auc=0.9006 val_loss=0.3129 val_metric_name=roc_auc val_metric=0.9006
Step  300 | loss 0.3183 | val_acc=0.8436 val_roc_auc=0.9036 val_loss=0.3103 val_metric_name=roc_auc val_metric=0.9036
Step  350 | loss 0.3091 | val_acc=0.8468 val_roc_auc=0.9060 val_loss=0.3122 val_metric_name=roc_auc val_metric=0.9060
Step  400 | loss 0.3024 | val_acc=0.8432 val_roc_auc=0.9078 val_loss=0.3157 val_metric_name=roc_auc val_metric=0.9078
Step  450 | loss 0.2944 | val_acc=0.8428 val_roc_auc=0.9093 val_loss=0.3185 val_metric_name=roc_auc val_metric=0.9093
Step  500 | loss 0.2897 | val_acc=0.8460 val_roc_auc=0.9105 val_loss=0.3133 val_metric_name=roc_auc val_metric=0.9105
Step  550 | loss 0.2927 | val_acc=0.8480 val_roc_auc=0.9127 val_loss=0.3156 val_metric_name=roc_auc val_metric=0.9127
Step  600 | loss 0.2886 | val_acc=0.8520 val_roc_auc=0.9135 val_loss=0.3077 val_metric_name=roc_auc val_metric=0.9135
Step  650 | loss 0.2806 | val_acc=0.8508 val_roc_auc=0.9156 val_loss=0.3077 val_metric_name=roc_auc val_metric=0.9156
Step  700 | loss 0.2790 | val_acc=0.8496 val_roc_auc=0.9155 val_loss=0.3133 val_metric_name=roc_auc val_metric=0.9155
Step  750 | loss 0.2728 | val_acc=0.8464 val_roc_auc=0.9163 val_loss=0.3196 val_metric_name=roc_auc val_metric=0.9163
Step  800 | loss 0.2733 | val_acc=0.8524 val_roc_auc=0.9183 val_loss=0.3079 val_metric_name=roc_auc val_metric=0.9183
Step  850 | loss 0.2731 | val_acc=0.8508 val_roc_auc=0.9192 val_loss=0.3101 val_metric_name=roc_auc val_metric=0.9192
Step  900 | loss 0.2651 | val_acc=0.8500 val_roc_auc=0.9199 val_loss=0.3105 val_metric_name=roc_auc val_metric=0.9199
Step  950 | loss 0.2655 | val_acc=0.8524 val_roc_auc=0.9213 val_loss=0.3097 val_metric_name=roc_auc val_metric=0.9213
Step 1000 | loss 0.2623 | val_acc=0.8556 val_roc_auc=0.9225 val_loss=0.3019 val_metric_name=roc_auc val_metric=0.9225
Step 1050 | loss 0.2595 | val_acc=0.8552 val_roc_auc=0.9234 val_loss=0.3003 val_metric_name=roc_auc val_metric=0.9234
Step 1100 | loss 0.2579 | val_acc=0.8564 val_roc_auc=0.9243 val_loss=0.3044 val_metric_name=roc_auc val_metric=0.9243
Step 1150 | loss 0.2558 | val_acc=0.8592 val_roc_auc=0.9257 val_loss=0.2980 val_metric_name=roc_auc val_metric=0.9257
Step 1200 | loss 0.2549 | val_acc=0.8568 val_roc_auc=0.9272 val_loss=0.3059 val_metric_name=roc_auc val_metric=0.9272
Step 1250 | loss 0.2501 | val_acc=0.8644 val_roc_auc=0.9283 val_loss=0.2920 val_metric_name=roc_auc val_metric=0.9283
Step 1300 | loss 0.2474 | val_acc=0.8648 val_roc_auc=0.9295 val_loss=0.2947 val_metric_name=roc_auc val_metric=0.9295
Step 1350 | loss 0.2465 | val_acc=0.8652 val_roc_auc=0.9310 val_loss=0.2926 val_metric_name=roc_auc val_metric=0.9310
Step 1400 | loss 0.2413 | val_acc=0.8684 val_roc_auc=0.9324 val_loss=0.2841 val_metric_name=roc_auc val_metric=0.9324
Step 1450 | loss 0.2411 | val_acc=0.8684 val_roc_auc=0.9333 val_loss=0.2887 val_metric_name=roc_auc val_metric=0.9333
Step 1500 | loss 0.2370 | val_acc=0.8720 val_roc_auc=0.9351 val_loss=0.2755 val_metric_name=roc_auc val_metric=0.9351
Step 1550 | loss 0.2382 | val_acc=0.8788 val_roc_auc=0.9357 val_loss=0.2699 val_metric_name=roc_auc val_metric=0.9357
Step 1600 | loss 0.2371 | val_acc=0.8828 val_roc_auc=0.9366 val_loss=0.2673 val_metric_name=roc_auc val_metric=0.9366
Step 1650 | loss 0.2298 | val_acc=0.8844 val_roc_auc=0.9370 val_loss=0.2669 val_metric_name=roc_auc val_metric=0.9370
Step 1700 | loss 0.2301 | val_acc=0.8816 val_roc_auc=0.9380 val_loss=0.2677 val_metric_name=roc_auc val_metric=0.9380
Step 1750 | loss 0.2288 | val_acc=0.8876 val_roc_auc=0.9380 val_loss=0.2633 val_metric_name=roc_auc val_metric=0.9380
Step 1800 | loss 0.2222 | val_acc=0.8896 val_roc_auc=0.9388 val_loss=0.2611 val_metric_name=roc_auc val_metric=0.9388
Step 1850 | loss 0.2266 | val_acc=0.8872 val_roc_auc=0.9392 val_loss=0.2626 val_metric_name=roc_auc val_metric=0.9392
Step 1900 | loss 0.2194 | val_acc=0.8880 val_roc_auc=0.9395 val_loss=0.2611 val_metric_name=roc_auc val_metric=0.9395
Step 1950 | loss 0.2214 | val_acc=0.8896 val_roc_auc=0.9398 val_loss=0.2585 val_metric_name=roc_auc val_metric=0.9398
Step 2000 | loss 0.2166 | val_acc=0.8876 val_roc_auc=0.9395 val_loss=0.2608 val_metric_name=roc_auc val_metric=0.9395
Step 2050 | loss 0.2142 | val_acc=0.8908 val_roc_auc=0.9397 val_loss=0.2617 val_metric_name=roc_auc val_metric=0.9397
Step 2100 | loss 0.2140 | val_acc=0.8916 val_roc_auc=0.9398 val_loss=0.2613 val_metric_name=roc_auc val_metric=0.9398
Step 2150 | loss 0.2137 | val_acc=0.8916 val_roc_auc=0.9402 val_loss=0.2595 val_metric_name=roc_auc val_metric=0.9402
Step 2200 | loss 0.2070 | val_acc=0.8908 val_roc_auc=0.9395 val_loss=0.2644 val_metric_name=roc_auc val_metric=0.9395
Step 2250 | loss 0.2083 | val_acc=0.8920 val_roc_auc=0.9394 val_loss=0.2644 val_metric_name=roc_auc val_metric=0.9394
Step 2300 | loss 0.2002 | val_acc=0.8912 val_roc_auc=0.9399 val_loss=0.2638 val_metric_name=roc_auc val_metric=0.9399
Step 2350 | loss 0.2046 | val_acc=0.8908 val_roc_auc=0.9399 val_loss=0.2626 val_metric_name=roc_auc val_metric=0.9399
Step 2400 | loss 0.2039 | val_acc=0.8896 val_roc_auc=0.9386 val_loss=0.2677 val_metric_name=roc_auc val_metric=0.9386
Step 2450 | loss 0.2033 | val_acc=0.8892 val_roc_auc=0.9391 val_loss=0.2691 val_metric_name=roc_auc val_metric=0.9391
Step 2500 | loss 0.1995 | val_acc=0.8876 val_roc_auc=0.9395 val_loss=0.2694 val_metric_name=roc_auc val_metric=0.9395
Early stopping at step 2546

--- Final (best ckpt @ step 2130) ---
  train_acc=0.9174 train_roc_auc=0.9640 train_loss=0.1905 train_metric_name=roc_auc train_metric=0.9640
  val_acc=0.8916 val_roc_auc=0.9406 val_loss=0.2597 val_metric_name=roc_auc val_metric=0.9406
  test_acc=0.8852 test_roc_auc=0.9421 test_loss=0.2544 test_metric_name=roc_auc test_metric=0.9421
  test_roc_auc=0.9421

============================================================
Training minesweeper TAG 4L h=512 lr=3e-05 split=7
============================================================
Training for 5000 steps
Step    1 | loss 0.8112 | val_acc=0.8000 val_roc_auc=0.4733 val_loss=0.5100 val_metric_name=roc_auc val_metric=0.4733
Step   50 | loss 0.4434 | val_acc=0.7996 val_roc_auc=0.7838 val_loss=0.4311 val_metric_name=roc_auc val_metric=0.7838
Step  100 | loss 0.3464 | val_acc=0.8568 val_roc_auc=0.8913 val_loss=0.3181 val_metric_name=roc_auc val_metric=0.8913
Step  150 | loss 0.3086 | val_acc=0.8500 val_roc_auc=0.9033 val_loss=0.3110 val_metric_name=roc_auc val_metric=0.9033
Step  200 | loss 0.2913 | val_acc=0.8468 val_roc_auc=0.9082 val_loss=0.3097 val_metric_name=roc_auc val_metric=0.9082
Step  250 | loss 0.2834 | val_acc=0.8556 val_roc_auc=0.9127 val_loss=0.2988 val_metric_name=roc_auc val_metric=0.9127
Step  300 | loss 0.2741 | val_acc=0.8536 val_roc_auc=0.9152 val_loss=0.3011 val_metric_name=roc_auc val_metric=0.9152
Step  350 | loss 0.2682 | val_acc=0.8592 val_roc_auc=0.9180 val_loss=0.2955 val_metric_name=roc_auc val_metric=0.9180
Step  400 | loss 0.2638 | val_acc=0.8644 val_roc_auc=0.9207 val_loss=0.2866 val_metric_name=roc_auc val_metric=0.9207
Step  450 | loss 0.2571 | val_acc=0.8724 val_roc_auc=0.9236 val_loss=0.2815 val_metric_name=roc_auc val_metric=0.9236
Step  500 | loss 0.2468 | val_acc=0.8772 val_roc_auc=0.9279 val_loss=0.2738 val_metric_name=roc_auc val_metric=0.9279
Step  550 | loss 0.2403 | val_acc=0.8772 val_roc_auc=0.9315 val_loss=0.2709 val_metric_name=roc_auc val_metric=0.9315
Step  600 | loss 0.2328 | val_acc=0.8876 val_roc_auc=0.9354 val_loss=0.2602 val_metric_name=roc_auc val_metric=0.9354
Step  650 | loss 0.2255 | val_acc=0.8828 val_roc_auc=0.9375 val_loss=0.2584 val_metric_name=roc_auc val_metric=0.9375
Step  700 | loss 0.2237 | val_acc=0.8900 val_roc_auc=0.9397 val_loss=0.2582 val_metric_name=roc_auc val_metric=0.9397
Step  750 | loss 0.2133 | val_acc=0.8880 val_roc_auc=0.9393 val_loss=0.2584 val_metric_name=roc_auc val_metric=0.9393
Step  800 | loss 0.2098 | val_acc=0.8900 val_roc_auc=0.9406 val_loss=0.2588 val_metric_name=roc_auc val_metric=0.9406
Step  850 | loss 0.2021 | val_acc=0.8852 val_roc_auc=0.9379 val_loss=0.2707 val_metric_name=roc_auc val_metric=0.9379
Step  900 | loss 0.2005 | val_acc=0.8864 val_roc_auc=0.9365 val_loss=0.2767 val_metric_name=roc_auc val_metric=0.9365
Step  950 | loss 0.1986 | val_acc=0.8892 val_roc_auc=0.9401 val_loss=0.2719 val_metric_name=roc_auc val_metric=0.9401
Step 1000 | loss 0.1834 | val_acc=0.8864 val_roc_auc=0.9374 val_loss=0.2823 val_metric_name=roc_auc val_metric=0.9374
Step 1050 | loss 0.1811 | val_acc=0.8864 val_roc_auc=0.9370 val_loss=0.2869 val_metric_name=roc_auc val_metric=0.9370
Step 1100 | loss 0.1722 | val_acc=0.8888 val_roc_auc=0.9373 val_loss=0.3022 val_metric_name=roc_auc val_metric=0.9373
Step 1150 | loss 0.1739 | val_acc=0.8804 val_roc_auc=0.9326 val_loss=0.3079 val_metric_name=roc_auc val_metric=0.9326
Early stopping at step 1180

--- Final (best ckpt @ step 880) ---
  train_acc=0.9204 train_roc_auc=0.9690 train_loss=0.1778 train_metric_name=roc_auc train_metric=0.9690
  val_acc=0.8940 val_roc_auc=0.9410 val_loss=0.2655 val_metric_name=roc_auc val_metric=0.9410
  test_acc=0.8888 test_roc_auc=0.9422 test_loss=0.2631 test_metric_name=roc_auc test_metric=0.9422
  test_roc_auc=0.9422

============================================================
Training minesweeper TAG 4L h=512 lr=6e-05 split=7
============================================================
Training for 5000 steps
Step    1 | loss 0.8112 | val_acc=0.8000 val_roc_auc=0.4715 val_loss=0.6837 val_metric_name=roc_auc val_metric=0.4715
Step   50 | loss 0.4286 | val_acc=0.8084 val_roc_auc=0.7966 val_loss=0.4078 val_metric_name=roc_auc val_metric=0.7966
Step  100 | loss 0.3150 | val_acc=0.8496 val_roc_auc=0.9028 val_loss=0.3078 val_metric_name=roc_auc val_metric=0.9028
Step  150 | loss 0.2886 | val_acc=0.8512 val_roc_auc=0.9091 val_loss=0.3084 val_metric_name=roc_auc val_metric=0.9091
Step  200 | loss 0.2734 | val_acc=0.8632 val_roc_auc=0.9149 val_loss=0.2926 val_metric_name=roc_auc val_metric=0.9149
Step  250 | loss 0.2659 | val_acc=0.8692 val_roc_auc=0.9209 val_loss=0.2804 val_metric_name=roc_auc val_metric=0.9209
Step  300 | loss 0.2530 | val_acc=0.8772 val_roc_auc=0.9265 val_loss=0.2733 val_metric_name=roc_auc val_metric=0.9265
Step  350 | loss 0.2413 | val_acc=0.8784 val_roc_auc=0.9318 val_loss=0.2645 val_metric_name=roc_auc val_metric=0.9318
Step  400 | loss 0.2278 | val_acc=0.8844 val_roc_auc=0.9352 val_loss=0.2600 val_metric_name=roc_auc val_metric=0.9352
Step  450 | loss 0.2163 | val_acc=0.8872 val_roc_auc=0.9401 val_loss=0.2549 val_metric_name=roc_auc val_metric=0.9401
Step  500 | loss 0.2053 | val_acc=0.8864 val_roc_auc=0.9411 val_loss=0.2530 val_metric_name=roc_auc val_metric=0.9411
Step  550 | loss 0.1974 | val_acc=0.8856 val_roc_auc=0.9380 val_loss=0.2667 val_metric_name=roc_auc val_metric=0.9380
Step  600 | loss 0.1902 | val_acc=0.8912 val_roc_auc=0.9400 val_loss=0.2727 val_metric_name=roc_auc val_metric=0.9400
Step  650 | loss 0.1774 | val_acc=0.8888 val_roc_auc=0.9391 val_loss=0.2762 val_metric_name=roc_auc val_metric=0.9391
Step  700 | loss 0.1770 | val_acc=0.8920 val_roc_auc=0.9375 val_loss=0.2953 val_metric_name=roc_auc val_metric=0.9375
Step  750 | loss 0.1560 | val_acc=0.8824 val_roc_auc=0.9330 val_loss=0.3171 val_metric_name=roc_auc val_metric=0.9330
Step  800 | loss 0.1526 | val_acc=0.8804 val_roc_auc=0.9321 val_loss=0.3476 val_metric_name=roc_auc val_metric=0.9321
Step  850 | loss 0.1380 | val_acc=0.8788 val_roc_auc=0.9242 val_loss=0.3852 val_metric_name=roc_auc val_metric=0.9242
Step  900 | loss 0.1373 | val_acc=0.8644 val_roc_auc=0.9214 val_loss=0.4052 val_metric_name=roc_auc val_metric=0.9214
Early stopping at step 915

--- Final (best ckpt @ step 530) ---
  train_acc=0.9206 train_roc_auc=0.9685 train_loss=0.1812 train_metric_name=roc_auc train_metric=0.9685
  val_acc=0.8888 val_roc_auc=0.9418 val_loss=0.2583 val_metric_name=roc_auc val_metric=0.9418
  test_acc=0.8912 test_roc_auc=0.9448 test_loss=0.2528 test_metric_name=roc_auc test_metric=0.9448
  test_roc_auc=0.9448

============================================================
Training minesweeper TAG 4L h=512 lr=0.0001 split=7
============================================================
Training for 5000 steps
Step    1 | loss 0.8112 | val_acc=0.8000 val_roc_auc=0.4719 val_loss=0.9362 val_metric_name=roc_auc val_metric=0.4719
Step   50 | loss 0.4458 | val_acc=0.7996 val_roc_auc=0.7855 val_loss=0.4265 val_metric_name=roc_auc val_metric=0.7855
Step  100 | loss 0.3095 | val_acc=0.8596 val_roc_auc=0.9062 val_loss=0.2982 val_metric_name=roc_auc val_metric=0.9062
Step  150 | loss 0.2819 | val_acc=0.8600 val_roc_auc=0.9127 val_loss=0.2896 val_metric_name=roc_auc val_metric=0.9127
Step  200 | loss 0.2655 | val_acc=0.8604 val_roc_auc=0.9190 val_loss=0.2890 val_metric_name=roc_auc val_metric=0.9190
Step  250 | loss 0.2544 | val_acc=0.8724 val_roc_auc=0.9270 val_loss=0.2706 val_metric_name=roc_auc val_metric=0.9270
Step  300 | loss 0.2330 | val_acc=0.8848 val_roc_auc=0.9336 val_loss=0.2567 val_metric_name=roc_auc val_metric=0.9336
Step  350 | loss 0.2207 | val_acc=0.8900 val_roc_auc=0.9376 val_loss=0.2570 val_metric_name=roc_auc val_metric=0.9376
Step  400 | loss 0.2069 | val_acc=0.8916 val_roc_auc=0.9408 val_loss=0.2554 val_metric_name=roc_auc val_metric=0.9408
Step  450 | loss 0.1915 | val_acc=0.8916 val_roc_auc=0.9400 val_loss=0.2618 val_metric_name=roc_auc val_metric=0.9400
Step  500 | loss 0.1762 | val_acc=0.8768 val_roc_auc=0.9386 val_loss=0.2964 val_metric_name=roc_auc val_metric=0.9386
Step  550 | loss 0.1572 | val_acc=0.8880 val_roc_auc=0.9366 val_loss=0.3083 val_metric_name=roc_auc val_metric=0.9366
Step  600 | loss 0.1485 | val_acc=0.8776 val_roc_auc=0.9289 val_loss=0.3539 val_metric_name=roc_auc val_metric=0.9289
Step  650 | loss 0.1281 | val_acc=0.8716 val_roc_auc=0.9224 val_loss=0.4069 val_metric_name=roc_auc val_metric=0.9224
Step  700 | loss 0.1148 | val_acc=0.8632 val_roc_auc=0.9189 val_loss=0.4586 val_metric_name=roc_auc val_metric=0.9189
Early stopping at step 740

--- Final (best ckpt @ step 440) ---
  train_acc=0.9266 train_roc_auc=0.9722 train_loss=0.1739 train_metric_name=roc_auc train_metric=0.9722
  val_acc=0.8940 val_roc_auc=0.9440 val_loss=0.2601 val_metric_name=roc_auc val_metric=0.9440
  test_acc=0.8876 test_roc_auc=0.9443 test_loss=0.2654 test_metric_name=roc_auc test_metric=0.9443
  test_roc_auc=0.9443

============================================================
Training minesweeper TAG 4L h=512 lr=1e-05 split=7
============================================================
Training for 5000 steps
Step    1 | loss 0.8112 | val_acc=0.7740 val_roc_auc=0.4821 val_loss=0.6081 val_metric_name=roc_auc val_metric=0.4821
Step   50 | loss 0.4784 | val_acc=0.8000 val_roc_auc=0.7513 val_loss=0.4670 val_metric_name=roc_auc val_metric=0.7513
Step  100 | loss 0.4328 | val_acc=0.8056 val_roc_auc=0.7963 val_loss=0.4227 val_metric_name=roc_auc val_metric=0.7963
Step  150 | loss 0.3825 | val_acc=0.8392 val_roc_auc=0.8704 val_loss=0.3502 val_metric_name=roc_auc val_metric=0.8704
Step  200 | loss 0.3395 | val_acc=0.8536 val_roc_auc=0.8902 val_loss=0.3205 val_metric_name=roc_auc val_metric=0.8902
Step  250 | loss 0.3229 | val_acc=0.8508 val_roc_auc=0.8977 val_loss=0.3153 val_metric_name=roc_auc val_metric=0.8977
Step  300 | loss 0.3144 | val_acc=0.8504 val_roc_auc=0.9022 val_loss=0.3122 val_metric_name=roc_auc val_metric=0.9022
Step  350 | loss 0.3058 | val_acc=0.8448 val_roc_auc=0.9051 val_loss=0.3182 val_metric_name=roc_auc val_metric=0.9051
Step  400 | loss 0.3017 | val_acc=0.8492 val_roc_auc=0.9074 val_loss=0.3132 val_metric_name=roc_auc val_metric=0.9074
Step  450 | loss 0.2962 | val_acc=0.8436 val_roc_auc=0.9086 val_loss=0.3164 val_metric_name=roc_auc val_metric=0.9086
Step  500 | loss 0.2899 | val_acc=0.8476 val_roc_auc=0.9098 val_loss=0.3164 val_metric_name=roc_auc val_metric=0.9098
Step  550 | loss 0.2846 | val_acc=0.8488 val_roc_auc=0.9111 val_loss=0.3125 val_metric_name=roc_auc val_metric=0.9111
Step  600 | loss 0.2792 | val_acc=0.8476 val_roc_auc=0.9117 val_loss=0.3116 val_metric_name=roc_auc val_metric=0.9117
Step  650 | loss 0.2786 | val_acc=0.8528 val_roc_auc=0.9138 val_loss=0.3055 val_metric_name=roc_auc val_metric=0.9138
Step  700 | loss 0.2788 | val_acc=0.8596 val_roc_auc=0.9143 val_loss=0.2978 val_metric_name=roc_auc val_metric=0.9143
Step  750 | loss 0.2716 | val_acc=0.8584 val_roc_auc=0.9154 val_loss=0.2976 val_metric_name=roc_auc val_metric=0.9154
Step  800 | loss 0.2740 | val_acc=0.8532 val_roc_auc=0.9163 val_loss=0.3052 val_metric_name=roc_auc val_metric=0.9163
Step  850 | loss 0.2668 | val_acc=0.8628 val_roc_auc=0.9177 val_loss=0.2944 val_metric_name=roc_auc val_metric=0.9177
Step  900 | loss 0.2680 | val_acc=0.8584 val_roc_auc=0.9185 val_loss=0.2989 val_metric_name=roc_auc val_metric=0.9185
Step  950 | loss 0.2653 | val_acc=0.8648 val_roc_auc=0.9199 val_loss=0.2909 val_metric_name=roc_auc val_metric=0.9199
Step 1000 | loss 0.2579 | val_acc=0.8640 val_roc_auc=0.9212 val_loss=0.2903 val_metric_name=roc_auc val_metric=0.9212
Step 1050 | loss 0.2543 | val_acc=0.8652 val_roc_auc=0.9222 val_loss=0.2875 val_metric_name=roc_auc val_metric=0.9222
Step 1100 | loss 0.2495 | val_acc=0.8620 val_roc_auc=0.9239 val_loss=0.2857 val_metric_name=roc_auc val_metric=0.9239
Step 1150 | loss 0.2519 | val_acc=0.8632 val_roc_auc=0.9258 val_loss=0.2874 val_metric_name=roc_auc val_metric=0.9258
Step 1200 | loss 0.2471 | val_acc=0.8688 val_roc_auc=0.9274 val_loss=0.2783 val_metric_name=roc_auc val_metric=0.9274
Step 1250 | loss 0.2438 | val_acc=0.8696 val_roc_auc=0.9289 val_loss=0.2774 val_metric_name=roc_auc val_metric=0.9289
Step 1300 | loss 0.2414 | val_acc=0.8720 val_roc_auc=0.9304 val_loss=0.2755 val_metric_name=roc_auc val_metric=0.9304
Step 1350 | loss 0.2360 | val_acc=0.8724 val_roc_auc=0.9323 val_loss=0.2740 val_metric_name=roc_auc val_metric=0.9323
Step 1400 | loss 0.2335 | val_acc=0.8804 val_roc_auc=0.9337 val_loss=0.2674 val_metric_name=roc_auc val_metric=0.9337
Step 1450 | loss 0.2364 | val_acc=0.8752 val_roc_auc=0.9344 val_loss=0.2700 val_metric_name=roc_auc val_metric=0.9344
Step 1500 | loss 0.2323 | val_acc=0.8796 val_roc_auc=0.9360 val_loss=0.2664 val_metric_name=roc_auc val_metric=0.9360
Step 1550 | loss 0.2309 | val_acc=0.8820 val_roc_auc=0.9362 val_loss=0.2633 val_metric_name=roc_auc val_metric=0.9362
Step 1600 | loss 0.2258 | val_acc=0.8828 val_roc_auc=0.9371 val_loss=0.2641 val_metric_name=roc_auc val_metric=0.9371
Step 1650 | loss 0.2233 | val_acc=0.8824 val_roc_auc=0.9382 val_loss=0.2615 val_metric_name=roc_auc val_metric=0.9382
Step 1700 | loss 0.2155 | val_acc=0.8856 val_roc_auc=0.9378 val_loss=0.2677 val_metric_name=roc_auc val_metric=0.9378
Step 1750 | loss 0.2158 | val_acc=0.8848 val_roc_auc=0.9386 val_loss=0.2629 val_metric_name=roc_auc val_metric=0.9386
Step 1800 | loss 0.2115 | val_acc=0.8864 val_roc_auc=0.9386 val_loss=0.2636 val_metric_name=roc_auc val_metric=0.9386
Step 1850 | loss 0.2107 | val_acc=0.8884 val_roc_auc=0.9385 val_loss=0.2651 val_metric_name=roc_auc val_metric=0.9385
Step 1900 | loss 0.2128 | val_acc=0.8864 val_roc_auc=0.9383 val_loss=0.2663 val_metric_name=roc_auc val_metric=0.9383
Step 1950 | loss 0.2097 | val_acc=0.8872 val_roc_auc=0.9385 val_loss=0.2674 val_metric_name=roc_auc val_metric=0.9385
Step 2000 | loss 0.2080 | val_acc=0.8864 val_roc_auc=0.9394 val_loss=0.2666 val_metric_name=roc_auc val_metric=0.9394
Step 2050 | loss 0.2050 | val_acc=0.8884 val_roc_auc=0.9389 val_loss=0.2694 val_metric_name=roc_auc val_metric=0.9389
Step 2100 | loss 0.1989 | val_acc=0.8880 val_roc_auc=0.9377 val_loss=0.2729 val_metric_name=roc_auc val_metric=0.9377
Step 2150 | loss 0.1998 | val_acc=0.8888 val_roc_auc=0.9393 val_loss=0.2709 val_metric_name=roc_auc val_metric=0.9393
Step 2200 | loss 0.1984 | val_acc=0.8864 val_roc_auc=0.9370 val_loss=0.2797 val_metric_name=roc_auc val_metric=0.9370
Step 2250 | loss 0.1946 | val_acc=0.8892 val_roc_auc=0.9386 val_loss=0.2782 val_metric_name=roc_auc val_metric=0.9386
Step 2300 | loss 0.1879 | val_acc=0.8876 val_roc_auc=0.9384 val_loss=0.2797 val_metric_name=roc_auc val_metric=0.9384
Step 2350 | loss 0.1899 | val_acc=0.8864 val_roc_auc=0.9377 val_loss=0.2845 val_metric_name=roc_auc val_metric=0.9377
Step 2400 | loss 0.1872 | val_acc=0.8836 val_roc_auc=0.9358 val_loss=0.2902 val_metric_name=roc_auc val_metric=0.9358
Step 2450 | loss 0.1862 | val_acc=0.8876 val_roc_auc=0.9370 val_loss=0.2934 val_metric_name=roc_auc val_metric=0.9370
Early stopping at step 2471

--- Final (best ckpt @ step 2170) ---
  train_acc=0.9224 train_roc_auc=0.9697 train_loss=0.1765 train_metric_name=roc_auc train_metric=0.9697
  val_acc=0.8904 val_roc_auc=0.9395 val_loss=0.2731 val_metric_name=roc_auc val_metric=0.9395
  test_acc=0.8876 test_roc_auc=0.9414 test_loss=0.2692 test_metric_name=roc_auc test_metric=0.9414
  test_roc_auc=0.9414
  >> num_layers=4 hidden_dim=256 lr=3e-05 best_step=1180 val_roc_auc=0.9410 test_roc_auc=0.9418
     val_acc=0.8920 val_loss=0.2530 val_metric=0.9410 val_metric_name=roc_auc val_roc_auc=0.9410
     test_acc=0.8888 test_loss=0.2537 test_metric=0.9418 test_metric_name=roc_auc test_roc_auc=0.9418
  >> num_layers=4 hidden_dim=256 lr=6e-05 best_step=630 val_roc_auc=0.9417 test_roc_auc=0.9415
     val_acc=0.8896 val_loss=0.2497 val_metric=0.9417 val_metric_name=roc_auc val_roc_auc=0.9417
     test_acc=0.8856 test_loss=0.2508 test_metric=0.9415 test_metric_name=roc_auc test_roc_auc=0.9415
  >> num_layers=4 hidden_dim=256 lr=0.0001 best_step=500 val_roc_auc=0.9423 test_roc_auc=0.9438
     val_acc=0.8920 val_loss=0.2534 val_metric=0.9423 val_metric_name=roc_auc val_roc_auc=0.9423
     test_acc=0.8876 test_loss=0.2500 test_metric=0.9438 test_metric_name=roc_auc test_roc_auc=0.9438
  >> num_layers=4 hidden_dim=256 lr=1e-05 best_step=3050 val_roc_auc=0.9412 test_roc_auc=0.9420
     val_acc=0.8896 val_loss=0.2526 val_metric=0.9412 val_metric_name=roc_auc val_roc_auc=0.9412
     test_acc=0.8864 test_loss=0.2515 test_metric=0.9420 test_metric_name=roc_auc test_roc_auc=0.9420
  >> num_layers=4 hidden_dim=384 lr=3e-05 best_step=840 val_roc_auc=0.9419 test_roc_auc=0.9435
     val_acc=0.8924 val_loss=0.2522 val_metric=0.9419 val_metric_name=roc_auc val_roc_auc=0.9419
     test_acc=0.8876 test_loss=0.2494 test_metric=0.9435 test_metric_name=roc_auc test_roc_auc=0.9435
  >> num_layers=4 hidden_dim=384 lr=6e-05 best_step=570 val_roc_auc=0.9432 test_roc_auc=0.9450
     val_acc=0.8968 val_loss=0.2550 val_metric=0.9432 val_metric_name=roc_auc val_roc_auc=0.9432
     test_acc=0.8876 test_loss=0.2478 test_metric=0.9450 test_metric_name=roc_auc test_roc_auc=0.9450
  >> num_layers=4 hidden_dim=384 lr=0.0001 best_step=390 val_roc_auc=0.9440 test_roc_auc=0.9455
     val_acc=0.8904 val_loss=0.2479 val_metric=0.9440 val_metric_name=roc_auc val_roc_auc=0.9440
     test_acc=0.8928 test_loss=0.2452 test_metric=0.9455 test_metric_name=roc_auc test_roc_auc=0.9455
  >> num_layers=4 hidden_dim=384 lr=1e-05 best_step=2130 val_roc_auc=0.9406 test_roc_auc=0.9421
     val_acc=0.8916 val_loss=0.2597 val_metric=0.9406 val_metric_name=roc_auc val_roc_auc=0.9406
     test_acc=0.8852 test_loss=0.2544 test_metric=0.9421 test_metric_name=roc_auc test_roc_auc=0.9421
  >> num_layers=4 hidden_dim=512 lr=3e-05 best_step=880 val_roc_auc=0.9410 test_roc_auc=0.9422
     val_acc=0.8940 val_loss=0.2655 val_metric=0.9410 val_metric_name=roc_auc val_roc_auc=0.9410
     test_acc=0.8888 test_loss=0.2631 test_metric=0.9422 test_metric_name=roc_auc test_roc_auc=0.9422
  >> num_layers=4 hidden_dim=512 lr=6e-05 best_step=530 val_roc_auc=0.9418 test_roc_auc=0.9448
     val_acc=0.8888 val_loss=0.2583 val_metric=0.9418 val_metric_name=roc_auc val_roc_auc=0.9418
     test_acc=0.8912 test_loss=0.2528 test_metric=0.9448 test_metric_name=roc_auc test_roc_auc=0.9448
  >> num_layers=4 hidden_dim=512 lr=0.0001 best_step=440 val_roc_auc=0.9440 test_roc_auc=0.9443
     val_acc=0.8940 val_loss=0.2601 val_metric=0.9440 val_metric_name=roc_auc val_roc_auc=0.9440
     test_acc=0.8876 test_loss=0.2654 test_metric=0.9443 test_metric_name=roc_auc test_roc_auc=0.9443
  >> num_layers=4 hidden_dim=512 lr=1e-05 best_step=2170 val_roc_auc=0.9395 test_roc_auc=0.9414
     val_acc=0.8904 val_loss=0.2731 val_metric=0.9395 val_metric_name=roc_auc val_roc_auc=0.9395
     test_acc=0.8876 test_loss=0.2692 test_metric=0.9414 test_metric_name=roc_auc test_roc_auc=0.9414
  >> selected best (by val): num_layers=4 hidden_dim=512 lr=0.0001 val_roc_auc=0.9440 test_roc_auc=0.9443
     val_acc=0.8940 val_loss=0.2601 val_metric=0.9440 val_metric_name=roc_auc val_roc_auc=0.9440
     test_acc=0.8876 test_loss=0.2654 test_metric=0.9443 test_metric_name=roc_auc test_roc_auc=0.9443

Done. Results saved to /home/avshmelev/diploma_yandex_graphs/results_grid/minesweeper/base.csv, checkpoints in /home/avshmelev/diploma_yandex_graphs/all_checkpoints/minesweeper/base/
Skipping: "Done." found in /home/avshmelev/diploma_yandex_graphs/results_grid/minesweeper/logs_base/TAG_4L_split7.log
