Loading data...

============================================================
Training minesweeper TAG 3L h=256 lr=3e-05 split=4
============================================================
Training for 5000 steps
Step    1 | loss 0.6159 | val_acc=0.8000 val_roc_auc=0.4164 val_loss=0.5209 val_metric_name=roc_auc val_metric=0.4164
Step   50 | loss 0.4444 | val_acc=0.7980 val_roc_auc=0.7482 val_loss=0.4441 val_metric_name=roc_auc val_metric=0.7482
Step  100 | loss 0.3817 | val_acc=0.8376 val_roc_auc=0.8547 val_loss=0.3580 val_metric_name=roc_auc val_metric=0.8547
Step  150 | loss 0.3396 | val_acc=0.8428 val_roc_auc=0.8872 val_loss=0.3236 val_metric_name=roc_auc val_metric=0.8872
Step  200 | loss 0.3180 | val_acc=0.8508 val_roc_auc=0.8994 val_loss=0.3112 val_metric_name=roc_auc val_metric=0.8994
Step  250 | loss 0.2988 | val_acc=0.8584 val_roc_auc=0.9064 val_loss=0.3064 val_metric_name=roc_auc val_metric=0.9064
Step  300 | loss 0.2958 | val_acc=0.8584 val_roc_auc=0.9109 val_loss=0.3048 val_metric_name=roc_auc val_metric=0.9109
Step  350 | loss 0.2879 | val_acc=0.8644 val_roc_auc=0.9146 val_loss=0.2964 val_metric_name=roc_auc val_metric=0.9146
Step  400 | loss 0.2813 | val_acc=0.8692 val_roc_auc=0.9176 val_loss=0.2882 val_metric_name=roc_auc val_metric=0.9176
Step  450 | loss 0.2815 | val_acc=0.8696 val_roc_auc=0.9198 val_loss=0.2860 val_metric_name=roc_auc val_metric=0.9198
Step  500 | loss 0.2705 | val_acc=0.8700 val_roc_auc=0.9219 val_loss=0.2829 val_metric_name=roc_auc val_metric=0.9219
Step  550 | loss 0.2709 | val_acc=0.8716 val_roc_auc=0.9236 val_loss=0.2789 val_metric_name=roc_auc val_metric=0.9236
Step  600 | loss 0.2655 | val_acc=0.8756 val_roc_auc=0.9245 val_loss=0.2769 val_metric_name=roc_auc val_metric=0.9245
Step  650 | loss 0.2589 | val_acc=0.8772 val_roc_auc=0.9258 val_loss=0.2737 val_metric_name=roc_auc val_metric=0.9258
Step  700 | loss 0.2611 | val_acc=0.8736 val_roc_auc=0.9269 val_loss=0.2741 val_metric_name=roc_auc val_metric=0.9269
Step  750 | loss 0.2563 | val_acc=0.8744 val_roc_auc=0.9282 val_loss=0.2722 val_metric_name=roc_auc val_metric=0.9282
Step  800 | loss 0.2560 | val_acc=0.8756 val_roc_auc=0.9291 val_loss=0.2704 val_metric_name=roc_auc val_metric=0.9291
Step  850 | loss 0.2501 | val_acc=0.8740 val_roc_auc=0.9306 val_loss=0.2689 val_metric_name=roc_auc val_metric=0.9306
Step  900 | loss 0.2496 | val_acc=0.8740 val_roc_auc=0.9320 val_loss=0.2672 val_metric_name=roc_auc val_metric=0.9320
Step  950 | loss 0.2449 | val_acc=0.8740 val_roc_auc=0.9332 val_loss=0.2669 val_metric_name=roc_auc val_metric=0.9332
Step 1000 | loss 0.2448 | val_acc=0.8748 val_roc_auc=0.9349 val_loss=0.2631 val_metric_name=roc_auc val_metric=0.9349
Step 1050 | loss 0.2394 | val_acc=0.8776 val_roc_auc=0.9354 val_loss=0.2608 val_metric_name=roc_auc val_metric=0.9354
Step 1100 | loss 0.2330 | val_acc=0.8768 val_roc_auc=0.9364 val_loss=0.2599 val_metric_name=roc_auc val_metric=0.9364
Step 1150 | loss 0.2309 | val_acc=0.8832 val_roc_auc=0.9386 val_loss=0.2547 val_metric_name=roc_auc val_metric=0.9386
Step 1200 | loss 0.2231 | val_acc=0.8840 val_roc_auc=0.9397 val_loss=0.2556 val_metric_name=roc_auc val_metric=0.9397
Step 1250 | loss 0.2255 | val_acc=0.8824 val_roc_auc=0.9397 val_loss=0.2584 val_metric_name=roc_auc val_metric=0.9397
Step 1300 | loss 0.2242 | val_acc=0.8868 val_roc_auc=0.9405 val_loss=0.2516 val_metric_name=roc_auc val_metric=0.9405
Step 1350 | loss 0.2197 | val_acc=0.8860 val_roc_auc=0.9416 val_loss=0.2513 val_metric_name=roc_auc val_metric=0.9416
Step 1400 | loss 0.2119 | val_acc=0.8864 val_roc_auc=0.9419 val_loss=0.2525 val_metric_name=roc_auc val_metric=0.9419
Step 1450 | loss 0.2164 | val_acc=0.8896 val_roc_auc=0.9428 val_loss=0.2496 val_metric_name=roc_auc val_metric=0.9428
Step 1500 | loss 0.2085 | val_acc=0.8888 val_roc_auc=0.9424 val_loss=0.2528 val_metric_name=roc_auc val_metric=0.9424
Step 1550 | loss 0.2062 | val_acc=0.8908 val_roc_auc=0.9423 val_loss=0.2534 val_metric_name=roc_auc val_metric=0.9423
Step 1600 | loss 0.2028 | val_acc=0.8892 val_roc_auc=0.9419 val_loss=0.2582 val_metric_name=roc_auc val_metric=0.9419
Step 1650 | loss 0.2052 | val_acc=0.8848 val_roc_auc=0.9422 val_loss=0.2591 val_metric_name=roc_auc val_metric=0.9422
Step 1700 | loss 0.2053 | val_acc=0.8840 val_roc_auc=0.9422 val_loss=0.2629 val_metric_name=roc_auc val_metric=0.9422
Step 1750 | loss 0.1999 | val_acc=0.8892 val_roc_auc=0.9426 val_loss=0.2596 val_metric_name=roc_auc val_metric=0.9426
Step 1800 | loss 0.1972 | val_acc=0.8812 val_roc_auc=0.9422 val_loss=0.2645 val_metric_name=roc_auc val_metric=0.9422
Step 1850 | loss 0.1912 | val_acc=0.8844 val_roc_auc=0.9423 val_loss=0.2674 val_metric_name=roc_auc val_metric=0.9423
Step 1900 | loss 0.1943 | val_acc=0.8896 val_roc_auc=0.9423 val_loss=0.2635 val_metric_name=roc_auc val_metric=0.9423
Step 1950 | loss 0.1919 | val_acc=0.8920 val_roc_auc=0.9426 val_loss=0.2661 val_metric_name=roc_auc val_metric=0.9426
Early stopping at step 1970

--- Final (best ckpt @ step 1670) ---
  train_acc=0.9104 train_roc_auc=0.9673 train_loss=0.1926 train_metric_name=roc_auc train_metric=0.9673
  val_acc=0.8924 val_roc_auc=0.9435 val_loss=0.2549 val_metric_name=roc_auc val_metric=0.9435
  test_acc=0.8848 test_roc_auc=0.9362 test_loss=0.2807 test_metric_name=roc_auc test_metric=0.9362
  test_roc_auc=0.9362

============================================================
Training minesweeper TAG 3L h=256 lr=6e-05 split=4
============================================================
Training for 5000 steps
Step    1 | loss 0.6159 | val_acc=0.8000 val_roc_auc=0.4251 val_loss=0.5058 val_metric_name=roc_auc val_metric=0.4251
Step   50 | loss 0.4101 | val_acc=0.8136 val_roc_auc=0.8051 val_loss=0.4093 val_metric_name=roc_auc val_metric=0.8051
Step  100 | loss 0.3344 | val_acc=0.8416 val_roc_auc=0.8905 val_loss=0.3247 val_metric_name=roc_auc val_metric=0.8905
Step  150 | loss 0.3047 | val_acc=0.8548 val_roc_auc=0.9063 val_loss=0.3051 val_metric_name=roc_auc val_metric=0.9063
Step  200 | loss 0.2922 | val_acc=0.8676 val_roc_auc=0.9138 val_loss=0.2936 val_metric_name=roc_auc val_metric=0.9138
Step  250 | loss 0.2753 | val_acc=0.8708 val_roc_auc=0.9191 val_loss=0.2863 val_metric_name=roc_auc val_metric=0.9191
Step  300 | loss 0.2721 | val_acc=0.8652 val_roc_auc=0.9223 val_loss=0.2852 val_metric_name=roc_auc val_metric=0.9223
Step  350 | loss 0.2676 | val_acc=0.8724 val_roc_auc=0.9245 val_loss=0.2771 val_metric_name=roc_auc val_metric=0.9245
Step  400 | loss 0.2606 | val_acc=0.8752 val_roc_auc=0.9261 val_loss=0.2725 val_metric_name=roc_auc val_metric=0.9261
Step  450 | loss 0.2611 | val_acc=0.8736 val_roc_auc=0.9283 val_loss=0.2696 val_metric_name=roc_auc val_metric=0.9283
Step  500 | loss 0.2496 | val_acc=0.8752 val_roc_auc=0.9302 val_loss=0.2655 val_metric_name=roc_auc val_metric=0.9302
Step  550 | loss 0.2475 | val_acc=0.8744 val_roc_auc=0.9329 val_loss=0.2629 val_metric_name=roc_auc val_metric=0.9329
Step  600 | loss 0.2383 | val_acc=0.8756 val_roc_auc=0.9352 val_loss=0.2624 val_metric_name=roc_auc val_metric=0.9352
Step  650 | loss 0.2288 | val_acc=0.8740 val_roc_auc=0.9370 val_loss=0.2585 val_metric_name=roc_auc val_metric=0.9370
Step  700 | loss 0.2302 | val_acc=0.8824 val_roc_auc=0.9394 val_loss=0.2534 val_metric_name=roc_auc val_metric=0.9394
Step  750 | loss 0.2211 | val_acc=0.8792 val_roc_auc=0.9396 val_loss=0.2632 val_metric_name=roc_auc val_metric=0.9396
Step  800 | loss 0.2211 | val_acc=0.8856 val_roc_auc=0.9415 val_loss=0.2505 val_metric_name=roc_auc val_metric=0.9415
Step  850 | loss 0.2113 | val_acc=0.8864 val_roc_auc=0.9423 val_loss=0.2498 val_metric_name=roc_auc val_metric=0.9423
Step  900 | loss 0.2107 | val_acc=0.8852 val_roc_auc=0.9424 val_loss=0.2589 val_metric_name=roc_auc val_metric=0.9424
Step  950 | loss 0.2060 | val_acc=0.8804 val_roc_auc=0.9429 val_loss=0.2669 val_metric_name=roc_auc val_metric=0.9429
Step 1000 | loss 0.2010 | val_acc=0.8904 val_roc_auc=0.9416 val_loss=0.2617 val_metric_name=roc_auc val_metric=0.9416
Step 1050 | loss 0.1996 | val_acc=0.8908 val_roc_auc=0.9419 val_loss=0.2643 val_metric_name=roc_auc val_metric=0.9419
Step 1100 | loss 0.1941 | val_acc=0.8916 val_roc_auc=0.9408 val_loss=0.2658 val_metric_name=roc_auc val_metric=0.9408
Step 1150 | loss 0.1857 | val_acc=0.8796 val_roc_auc=0.9403 val_loss=0.2792 val_metric_name=roc_auc val_metric=0.9403
Step 1200 | loss 0.1805 | val_acc=0.8880 val_roc_auc=0.9414 val_loss=0.2706 val_metric_name=roc_auc val_metric=0.9414
Step 1250 | loss 0.1810 | val_acc=0.8888 val_roc_auc=0.9397 val_loss=0.2771 val_metric_name=roc_auc val_metric=0.9397
Early stopping at step 1281

--- Final (best ckpt @ step 980) ---
  train_acc=0.9152 train_roc_auc=0.9678 train_loss=0.1863 train_metric_name=roc_auc train_metric=0.9678
  val_acc=0.8948 val_roc_auc=0.9431 val_loss=0.2567 val_metric_name=roc_auc val_metric=0.9431
  test_acc=0.8828 test_roc_auc=0.9363 test_loss=0.2810 test_metric_name=roc_auc test_metric=0.9363
  test_roc_auc=0.9363

============================================================
Training minesweeper TAG 3L h=256 lr=0.0001 split=4
============================================================
Training for 5000 steps
Step    1 | loss 0.6159 | val_acc=0.8000 val_roc_auc=0.4430 val_loss=0.5323 val_metric_name=roc_auc val_metric=0.4430
Step   50 | loss 0.3795 | val_acc=0.8376 val_roc_auc=0.8522 val_loss=0.3601 val_metric_name=roc_auc val_metric=0.8522
Step  100 | loss 0.3109 | val_acc=0.8548 val_roc_auc=0.9047 val_loss=0.3075 val_metric_name=roc_auc val_metric=0.9047
Step  150 | loss 0.2860 | val_acc=0.8652 val_roc_auc=0.9158 val_loss=0.2908 val_metric_name=roc_auc val_metric=0.9158
Step  200 | loss 0.2766 | val_acc=0.8704 val_roc_auc=0.9220 val_loss=0.2821 val_metric_name=roc_auc val_metric=0.9220
Step  250 | loss 0.2614 | val_acc=0.8748 val_roc_auc=0.9246 val_loss=0.2756 val_metric_name=roc_auc val_metric=0.9246
Step  300 | loss 0.2558 | val_acc=0.8692 val_roc_auc=0.9287 val_loss=0.2744 val_metric_name=roc_auc val_metric=0.9287
Step  350 | loss 0.2501 | val_acc=0.8780 val_roc_auc=0.9304 val_loss=0.2636 val_metric_name=roc_auc val_metric=0.9304
Step  400 | loss 0.2399 | val_acc=0.8780 val_roc_auc=0.9331 val_loss=0.2611 val_metric_name=roc_auc val_metric=0.9331
Step  450 | loss 0.2362 | val_acc=0.8804 val_roc_auc=0.9371 val_loss=0.2547 val_metric_name=roc_auc val_metric=0.9371
Step  500 | loss 0.2246 | val_acc=0.8828 val_roc_auc=0.9392 val_loss=0.2537 val_metric_name=roc_auc val_metric=0.9392
Step  550 | loss 0.2202 | val_acc=0.8872 val_roc_auc=0.9408 val_loss=0.2488 val_metric_name=roc_auc val_metric=0.9408
Step  600 | loss 0.2099 | val_acc=0.8896 val_roc_auc=0.9401 val_loss=0.2563 val_metric_name=roc_auc val_metric=0.9401
Step  650 | loss 0.1977 | val_acc=0.8824 val_roc_auc=0.9412 val_loss=0.2640 val_metric_name=roc_auc val_metric=0.9412
Step  700 | loss 0.1987 | val_acc=0.8740 val_roc_auc=0.9413 val_loss=0.2782 val_metric_name=roc_auc val_metric=0.9413
Step  750 | loss 0.1907 | val_acc=0.8768 val_roc_auc=0.9401 val_loss=0.2747 val_metric_name=roc_auc val_metric=0.9401
Step  800 | loss 0.1872 | val_acc=0.8816 val_roc_auc=0.9409 val_loss=0.2743 val_metric_name=roc_auc val_metric=0.9409
Step  850 | loss 0.1768 | val_acc=0.8856 val_roc_auc=0.9419 val_loss=0.2735 val_metric_name=roc_auc val_metric=0.9419
Step  900 | loss 0.1749 | val_acc=0.8800 val_roc_auc=0.9398 val_loss=0.2885 val_metric_name=roc_auc val_metric=0.9398
Step  950 | loss 0.1675 | val_acc=0.8764 val_roc_auc=0.9389 val_loss=0.3060 val_metric_name=roc_auc val_metric=0.9389
Step 1000 | loss 0.1636 | val_acc=0.8828 val_roc_auc=0.9368 val_loss=0.3115 val_metric_name=roc_auc val_metric=0.9368
Early stopping at step 1029

--- Final (best ckpt @ step 640) ---
  train_acc=0.9080 train_roc_auc=0.9660 train_loss=0.1987 train_metric_name=roc_auc train_metric=0.9660
  val_acc=0.8860 val_roc_auc=0.9426 val_loss=0.2554 val_metric_name=roc_auc val_metric=0.9426
  test_acc=0.8784 test_roc_auc=0.9342 test_loss=0.2819 test_metric_name=roc_auc test_metric=0.9342
  test_roc_auc=0.9342

============================================================
Training minesweeper TAG 3L h=256 lr=1e-05 split=4
============================================================
Training for 5000 steps
Step    1 | loss 0.6159 | val_acc=0.8004 val_roc_auc=0.4135 val_loss=0.5561 val_metric_name=roc_auc val_metric=0.4135
Step   50 | loss 0.4879 | val_acc=0.8000 val_roc_auc=0.7186 val_loss=0.4870 val_metric_name=roc_auc val_metric=0.7186
Step  100 | loss 0.4521 | val_acc=0.7992 val_roc_auc=0.7422 val_loss=0.4534 val_metric_name=roc_auc val_metric=0.7422
Step  150 | loss 0.4249 | val_acc=0.8024 val_roc_auc=0.7857 val_loss=0.4273 val_metric_name=roc_auc val_metric=0.7857
Step  200 | loss 0.3986 | val_acc=0.8280 val_roc_auc=0.8292 val_loss=0.3867 val_metric_name=roc_auc val_metric=0.8292
Step  250 | loss 0.3707 | val_acc=0.8380 val_roc_auc=0.8630 val_loss=0.3495 val_metric_name=roc_auc val_metric=0.8630
Step  300 | loss 0.3533 | val_acc=0.8384 val_roc_auc=0.8776 val_loss=0.3347 val_metric_name=roc_auc val_metric=0.8776
Step  350 | loss 0.3391 | val_acc=0.8412 val_roc_auc=0.8850 val_loss=0.3278 val_metric_name=roc_auc val_metric=0.8850
Step  400 | loss 0.3270 | val_acc=0.8412 val_roc_auc=0.8915 val_loss=0.3221 val_metric_name=roc_auc val_metric=0.8915
Step  450 | loss 0.3223 | val_acc=0.8444 val_roc_auc=0.8960 val_loss=0.3167 val_metric_name=roc_auc val_metric=0.8960
Step  500 | loss 0.3112 | val_acc=0.8520 val_roc_auc=0.8997 val_loss=0.3121 val_metric_name=roc_auc val_metric=0.8997
Step  550 | loss 0.3127 | val_acc=0.8528 val_roc_auc=0.9026 val_loss=0.3100 val_metric_name=roc_auc val_metric=0.9026
Step  600 | loss 0.3077 | val_acc=0.8536 val_roc_auc=0.9050 val_loss=0.3097 val_metric_name=roc_auc val_metric=0.9050
Step  650 | loss 0.3001 | val_acc=0.8584 val_roc_auc=0.9071 val_loss=0.3047 val_metric_name=roc_auc val_metric=0.9071
Step  700 | loss 0.3018 | val_acc=0.8576 val_roc_auc=0.9087 val_loss=0.3060 val_metric_name=roc_auc val_metric=0.9087
Step  750 | loss 0.2919 | val_acc=0.8632 val_roc_auc=0.9107 val_loss=0.3000 val_metric_name=roc_auc val_metric=0.9107
Step  800 | loss 0.2938 | val_acc=0.8612 val_roc_auc=0.9121 val_loss=0.2995 val_metric_name=roc_auc val_metric=0.9121
Step  850 | loss 0.2878 | val_acc=0.8644 val_roc_auc=0.9134 val_loss=0.2980 val_metric_name=roc_auc val_metric=0.9134
Step  900 | loss 0.2885 | val_acc=0.8656 val_roc_auc=0.9152 val_loss=0.2950 val_metric_name=roc_auc val_metric=0.9152
Step  950 | loss 0.2846 | val_acc=0.8648 val_roc_auc=0.9160 val_loss=0.2952 val_metric_name=roc_auc val_metric=0.9160
Step 1000 | loss 0.2830 | val_acc=0.8684 val_roc_auc=0.9170 val_loss=0.2909 val_metric_name=roc_auc val_metric=0.9170
Step 1050 | loss 0.2843 | val_acc=0.8688 val_roc_auc=0.9180 val_loss=0.2889 val_metric_name=roc_auc val_metric=0.9180
Step 1100 | loss 0.2769 | val_acc=0.8688 val_roc_auc=0.9187 val_loss=0.2888 val_metric_name=roc_auc val_metric=0.9187
Step 1150 | loss 0.2768 | val_acc=0.8704 val_roc_auc=0.9201 val_loss=0.2851 val_metric_name=roc_auc val_metric=0.9201
Step 1200 | loss 0.2703 | val_acc=0.8700 val_roc_auc=0.9205 val_loss=0.2846 val_metric_name=roc_auc val_metric=0.9205
Step 1250 | loss 0.2732 | val_acc=0.8692 val_roc_auc=0.9212 val_loss=0.2851 val_metric_name=roc_auc val_metric=0.9212
Step 1300 | loss 0.2732 | val_acc=0.8704 val_roc_auc=0.9219 val_loss=0.2831 val_metric_name=roc_auc val_metric=0.9219
Step 1350 | loss 0.2717 | val_acc=0.8720 val_roc_auc=0.9227 val_loss=0.2801 val_metric_name=roc_auc val_metric=0.9227
Step 1400 | loss 0.2661 | val_acc=0.8728 val_roc_auc=0.9230 val_loss=0.2807 val_metric_name=roc_auc val_metric=0.9230
Step 1450 | loss 0.2674 | val_acc=0.8732 val_roc_auc=0.9236 val_loss=0.2786 val_metric_name=roc_auc val_metric=0.9236
Step 1500 | loss 0.2647 | val_acc=0.8748 val_roc_auc=0.9239 val_loss=0.2778 val_metric_name=roc_auc val_metric=0.9239
Step 1550 | loss 0.2642 | val_acc=0.8736 val_roc_auc=0.9247 val_loss=0.2785 val_metric_name=roc_auc val_metric=0.9247
Step 1600 | loss 0.2594 | val_acc=0.8740 val_roc_auc=0.9253 val_loss=0.2783 val_metric_name=roc_auc val_metric=0.9253
Step 1650 | loss 0.2643 | val_acc=0.8756 val_roc_auc=0.9259 val_loss=0.2760 val_metric_name=roc_auc val_metric=0.9259
Step 1700 | loss 0.2642 | val_acc=0.8768 val_roc_auc=0.9263 val_loss=0.2743 val_metric_name=roc_auc val_metric=0.9263
Step 1750 | loss 0.2647 | val_acc=0.8748 val_roc_auc=0.9267 val_loss=0.2752 val_metric_name=roc_auc val_metric=0.9267
Step 1800 | loss 0.2601 | val_acc=0.8760 val_roc_auc=0.9272 val_loss=0.2736 val_metric_name=roc_auc val_metric=0.9272
Step 1850 | loss 0.2551 | val_acc=0.8748 val_roc_auc=0.9277 val_loss=0.2750 val_metric_name=roc_auc val_metric=0.9277
Step 1900 | loss 0.2574 | val_acc=0.8764 val_roc_auc=0.9282 val_loss=0.2706 val_metric_name=roc_auc val_metric=0.9282
Step 1950 | loss 0.2589 | val_acc=0.8756 val_roc_auc=0.9289 val_loss=0.2710 val_metric_name=roc_auc val_metric=0.9289
Step 2000 | loss 0.2517 | val_acc=0.8740 val_roc_auc=0.9293 val_loss=0.2695 val_metric_name=roc_auc val_metric=0.9293
Step 2050 | loss 0.2519 | val_acc=0.8760 val_roc_auc=0.9301 val_loss=0.2706 val_metric_name=roc_auc val_metric=0.9301
Step 2100 | loss 0.2500 | val_acc=0.8760 val_roc_auc=0.9302 val_loss=0.2678 val_metric_name=roc_auc val_metric=0.9302
Step 2150 | loss 0.2488 | val_acc=0.8744 val_roc_auc=0.9307 val_loss=0.2673 val_metric_name=roc_auc val_metric=0.9307
Step 2200 | loss 0.2489 | val_acc=0.8760 val_roc_auc=0.9317 val_loss=0.2679 val_metric_name=roc_auc val_metric=0.9317
Step 2250 | loss 0.2455 | val_acc=0.8740 val_roc_auc=0.9321 val_loss=0.2646 val_metric_name=roc_auc val_metric=0.9321
Step 2300 | loss 0.2438 | val_acc=0.8764 val_roc_auc=0.9329 val_loss=0.2649 val_metric_name=roc_auc val_metric=0.9329
Step 2350 | loss 0.2458 | val_acc=0.8748 val_roc_auc=0.9332 val_loss=0.2660 val_metric_name=roc_auc val_metric=0.9332
Step 2400 | loss 0.2443 | val_acc=0.8756 val_roc_auc=0.9340 val_loss=0.2644 val_metric_name=roc_auc val_metric=0.9340
Step 2450 | loss 0.2457 | val_acc=0.8740 val_roc_auc=0.9345 val_loss=0.2631 val_metric_name=roc_auc val_metric=0.9345
Step 2500 | loss 0.2454 | val_acc=0.8780 val_roc_auc=0.9345 val_loss=0.2612 val_metric_name=roc_auc val_metric=0.9345
Step 2550 | loss 0.2463 | val_acc=0.8776 val_roc_auc=0.9355 val_loss=0.2623 val_metric_name=roc_auc val_metric=0.9355
Step 2600 | loss 0.2425 | val_acc=0.8784 val_roc_auc=0.9358 val_loss=0.2584 val_metric_name=roc_auc val_metric=0.9358
Step 2650 | loss 0.2373 | val_acc=0.8728 val_roc_auc=0.9361 val_loss=0.2660 val_metric_name=roc_auc val_metric=0.9361
Step 2700 | loss 0.2358 | val_acc=0.8792 val_roc_auc=0.9365 val_loss=0.2620 val_metric_name=roc_auc val_metric=0.9365
Step 2750 | loss 0.2353 | val_acc=0.8796 val_roc_auc=0.9363 val_loss=0.2607 val_metric_name=roc_auc val_metric=0.9363
Step 2800 | loss 0.2310 | val_acc=0.8784 val_roc_auc=0.9375 val_loss=0.2610 val_metric_name=roc_auc val_metric=0.9375
Step 2850 | loss 0.2323 | val_acc=0.8788 val_roc_auc=0.9384 val_loss=0.2603 val_metric_name=roc_auc val_metric=0.9384
Step 2900 | loss 0.2315 | val_acc=0.8776 val_roc_auc=0.9384 val_loss=0.2596 val_metric_name=roc_auc val_metric=0.9384
Step 2950 | loss 0.2310 | val_acc=0.8816 val_roc_auc=0.9389 val_loss=0.2562 val_metric_name=roc_auc val_metric=0.9389
Step 3000 | loss 0.2283 | val_acc=0.8808 val_roc_auc=0.9388 val_loss=0.2583 val_metric_name=roc_auc val_metric=0.9388
Step 3050 | loss 0.2243 | val_acc=0.8824 val_roc_auc=0.9394 val_loss=0.2577 val_metric_name=roc_auc val_metric=0.9394
Step 3100 | loss 0.2250 | val_acc=0.8844 val_roc_auc=0.9396 val_loss=0.2583 val_metric_name=roc_auc val_metric=0.9396
Step 3150 | loss 0.2231 | val_acc=0.8836 val_roc_auc=0.9395 val_loss=0.2576 val_metric_name=roc_auc val_metric=0.9395
Step 3200 | loss 0.2213 | val_acc=0.8828 val_roc_auc=0.9400 val_loss=0.2587 val_metric_name=roc_auc val_metric=0.9400
Step 3250 | loss 0.2236 | val_acc=0.8856 val_roc_auc=0.9406 val_loss=0.2555 val_metric_name=roc_auc val_metric=0.9406
Step 3300 | loss 0.2231 | val_acc=0.8852 val_roc_auc=0.9408 val_loss=0.2539 val_metric_name=roc_auc val_metric=0.9408
Step 3350 | loss 0.2185 | val_acc=0.8848 val_roc_auc=0.9407 val_loss=0.2565 val_metric_name=roc_auc val_metric=0.9407
Step 3400 | loss 0.2191 | val_acc=0.8860 val_roc_auc=0.9416 val_loss=0.2570 val_metric_name=roc_auc val_metric=0.9416
Step 3450 | loss 0.2178 | val_acc=0.8876 val_roc_auc=0.9410 val_loss=0.2543 val_metric_name=roc_auc val_metric=0.9410
Step 3500 | loss 0.2189 | val_acc=0.8840 val_roc_auc=0.9422 val_loss=0.2551 val_metric_name=roc_auc val_metric=0.9422
Step 3550 | loss 0.2164 | val_acc=0.8848 val_roc_auc=0.9418 val_loss=0.2561 val_metric_name=roc_auc val_metric=0.9418
Step 3600 | loss 0.2167 | val_acc=0.8848 val_roc_auc=0.9418 val_loss=0.2560 val_metric_name=roc_auc val_metric=0.9418
Step 3650 | loss 0.2176 | val_acc=0.8848 val_roc_auc=0.9418 val_loss=0.2539 val_metric_name=roc_auc val_metric=0.9418
Step 3700 | loss 0.2158 | val_acc=0.8852 val_roc_auc=0.9422 val_loss=0.2541 val_metric_name=roc_auc val_metric=0.9422
Step 3750 | loss 0.2170 | val_acc=0.8852 val_roc_auc=0.9424 val_loss=0.2562 val_metric_name=roc_auc val_metric=0.9424
Step 3800 | loss 0.2128 | val_acc=0.8864 val_roc_auc=0.9419 val_loss=0.2534 val_metric_name=roc_auc val_metric=0.9419
Step 3850 | loss 0.2090 | val_acc=0.8884 val_roc_auc=0.9422 val_loss=0.2563 val_metric_name=roc_auc val_metric=0.9422
Step 3900 | loss 0.2089 | val_acc=0.8872 val_roc_auc=0.9422 val_loss=0.2577 val_metric_name=roc_auc val_metric=0.9422
Step 3950 | loss 0.2092 | val_acc=0.8864 val_roc_auc=0.9419 val_loss=0.2582 val_metric_name=roc_auc val_metric=0.9419
Step 4000 | loss 0.2090 | val_acc=0.8876 val_roc_auc=0.9425 val_loss=0.2548 val_metric_name=roc_auc val_metric=0.9425
Step 4050 | loss 0.2078 | val_acc=0.8856 val_roc_auc=0.9416 val_loss=0.2611 val_metric_name=roc_auc val_metric=0.9416
Step 4100 | loss 0.2081 | val_acc=0.8872 val_roc_auc=0.9425 val_loss=0.2584 val_metric_name=roc_auc val_metric=0.9425
Step 4150 | loss 0.2091 | val_acc=0.8860 val_roc_auc=0.9428 val_loss=0.2569 val_metric_name=roc_auc val_metric=0.9428
Step 4200 | loss 0.2064 | val_acc=0.8860 val_roc_auc=0.9425 val_loss=0.2600 val_metric_name=roc_auc val_metric=0.9425
Step 4250 | loss 0.2012 | val_acc=0.8860 val_roc_auc=0.9426 val_loss=0.2612 val_metric_name=roc_auc val_metric=0.9426
Step 4300 | loss 0.2030 | val_acc=0.8876 val_roc_auc=0.9426 val_loss=0.2589 val_metric_name=roc_auc val_metric=0.9426
Step 4350 | loss 0.2043 | val_acc=0.8856 val_roc_auc=0.9422 val_loss=0.2602 val_metric_name=roc_auc val_metric=0.9422
Step 4400 | loss 0.2039 | val_acc=0.8880 val_roc_auc=0.9422 val_loss=0.2605 val_metric_name=roc_auc val_metric=0.9422
Step 4450 | loss 0.2017 | val_acc=0.8868 val_roc_auc=0.9427 val_loss=0.2610 val_metric_name=roc_auc val_metric=0.9427
Step 4500 | loss 0.1957 | val_acc=0.8876 val_roc_auc=0.9431 val_loss=0.2597 val_metric_name=roc_auc val_metric=0.9431
Step 4550 | loss 0.1967 | val_acc=0.8900 val_roc_auc=0.9425 val_loss=0.2598 val_metric_name=roc_auc val_metric=0.9425
Early stopping at step 4570

--- Final (best ckpt @ step 4270) ---
  train_acc=0.9064 train_roc_auc=0.9666 train_loss=0.1990 train_metric_name=roc_auc train_metric=0.9666
  val_acc=0.8860 val_roc_auc=0.9433 val_loss=0.2587 val_metric_name=roc_auc val_metric=0.9433
  test_acc=0.8828 test_roc_auc=0.9359 test_loss=0.2844 test_metric_name=roc_auc test_metric=0.9359
  test_roc_auc=0.9359

============================================================
Training minesweeper TAG 3L h=384 lr=3e-05 split=4
============================================================
Training for 5000 steps
Step    1 | loss 0.7238 | val_acc=0.8000 val_roc_auc=0.5385 val_loss=0.5246 val_metric_name=roc_auc val_metric=0.5385
Step   50 | loss 0.4278 | val_acc=0.8016 val_roc_auc=0.7618 val_loss=0.4429 val_metric_name=roc_auc val_metric=0.7618
Step  100 | loss 0.3566 | val_acc=0.8420 val_roc_auc=0.8764 val_loss=0.3387 val_metric_name=roc_auc val_metric=0.8764
Step  150 | loss 0.3220 | val_acc=0.8520 val_roc_auc=0.8969 val_loss=0.3172 val_metric_name=roc_auc val_metric=0.8969
Step  200 | loss 0.3011 | val_acc=0.8588 val_roc_auc=0.9057 val_loss=0.3051 val_metric_name=roc_auc val_metric=0.9057
Step  250 | loss 0.2945 | val_acc=0.8696 val_roc_auc=0.9121 val_loss=0.2958 val_metric_name=roc_auc val_metric=0.9121
Step  300 | loss 0.2801 | val_acc=0.8660 val_roc_auc=0.9162 val_loss=0.2928 val_metric_name=roc_auc val_metric=0.9162
Step  350 | loss 0.2722 | val_acc=0.8700 val_roc_auc=0.9196 val_loss=0.2854 val_metric_name=roc_auc val_metric=0.9196
Step  400 | loss 0.2703 | val_acc=0.8716 val_roc_auc=0.9226 val_loss=0.2827 val_metric_name=roc_auc val_metric=0.9226
Step  450 | loss 0.2650 | val_acc=0.8700 val_roc_auc=0.9243 val_loss=0.2846 val_metric_name=roc_auc val_metric=0.9243
Step  500 | loss 0.2630 | val_acc=0.8732 val_roc_auc=0.9268 val_loss=0.2755 val_metric_name=roc_auc val_metric=0.9268
Step  550 | loss 0.2550 | val_acc=0.8788 val_roc_auc=0.9292 val_loss=0.2703 val_metric_name=roc_auc val_metric=0.9292
Step  600 | loss 0.2492 | val_acc=0.8740 val_roc_auc=0.9317 val_loss=0.2722 val_metric_name=roc_auc val_metric=0.9317
Step  650 | loss 0.2496 | val_acc=0.8756 val_roc_auc=0.9341 val_loss=0.2699 val_metric_name=roc_auc val_metric=0.9341
Step  700 | loss 0.2462 | val_acc=0.8804 val_roc_auc=0.9354 val_loss=0.2656 val_metric_name=roc_auc val_metric=0.9354
Step  750 | loss 0.2385 | val_acc=0.8832 val_roc_auc=0.9365 val_loss=0.2585 val_metric_name=roc_auc val_metric=0.9365
Step  800 | loss 0.2291 | val_acc=0.8832 val_roc_auc=0.9388 val_loss=0.2635 val_metric_name=roc_auc val_metric=0.9388
Step  850 | loss 0.2295 | val_acc=0.8844 val_roc_auc=0.9394 val_loss=0.2592 val_metric_name=roc_auc val_metric=0.9394
Step  900 | loss 0.2232 | val_acc=0.8936 val_roc_auc=0.9400 val_loss=0.2540 val_metric_name=roc_auc val_metric=0.9400
Step  950 | loss 0.2184 | val_acc=0.8844 val_roc_auc=0.9417 val_loss=0.2578 val_metric_name=roc_auc val_metric=0.9417
Step 1000 | loss 0.2171 | val_acc=0.8876 val_roc_auc=0.9415 val_loss=0.2519 val_metric_name=roc_auc val_metric=0.9415
Step 1050 | loss 0.2157 | val_acc=0.8892 val_roc_auc=0.9429 val_loss=0.2492 val_metric_name=roc_auc val_metric=0.9429
Step 1100 | loss 0.2111 | val_acc=0.8924 val_roc_auc=0.9432 val_loss=0.2504 val_metric_name=roc_auc val_metric=0.9432
Step 1150 | loss 0.2118 | val_acc=0.8964 val_roc_auc=0.9428 val_loss=0.2512 val_metric_name=roc_auc val_metric=0.9428
Step 1200 | loss 0.2084 | val_acc=0.8988 val_roc_auc=0.9434 val_loss=0.2503 val_metric_name=roc_auc val_metric=0.9434
Step 1250 | loss 0.1999 | val_acc=0.8960 val_roc_auc=0.9442 val_loss=0.2529 val_metric_name=roc_auc val_metric=0.9442
Step 1300 | loss 0.1970 | val_acc=0.8956 val_roc_auc=0.9438 val_loss=0.2531 val_metric_name=roc_auc val_metric=0.9438
Step 1350 | loss 0.1957 | val_acc=0.8936 val_roc_auc=0.9438 val_loss=0.2595 val_metric_name=roc_auc val_metric=0.9438
Step 1400 | loss 0.1886 | val_acc=0.8952 val_roc_auc=0.9436 val_loss=0.2579 val_metric_name=roc_auc val_metric=0.9436
Step 1450 | loss 0.1871 | val_acc=0.8928 val_roc_auc=0.9435 val_loss=0.2605 val_metric_name=roc_auc val_metric=0.9435
Step 1500 | loss 0.1925 | val_acc=0.8888 val_roc_auc=0.9422 val_loss=0.2700 val_metric_name=roc_auc val_metric=0.9422
Step 1550 | loss 0.1821 | val_acc=0.8892 val_roc_auc=0.9426 val_loss=0.2725 val_metric_name=roc_auc val_metric=0.9426
Step 1600 | loss 0.1804 | val_acc=0.8864 val_roc_auc=0.9415 val_loss=0.2761 val_metric_name=roc_auc val_metric=0.9415
Early stopping at step 1644

--- Final (best ckpt @ step 1320) ---
  train_acc=0.9168 train_roc_auc=0.9677 train_loss=0.1861 train_metric_name=roc_auc train_metric=0.9677
  val_acc=0.8928 val_roc_auc=0.9446 val_loss=0.2532 val_metric_name=roc_auc val_metric=0.9446
  test_acc=0.8832 test_roc_auc=0.9367 test_loss=0.2764 test_metric_name=roc_auc test_metric=0.9367
  test_roc_auc=0.9367

============================================================
Training minesweeper TAG 3L h=384 lr=6e-05 split=4
============================================================
Training for 5000 steps
Step    1 | loss 0.7238 | val_acc=0.8000 val_roc_auc=0.5340 val_loss=0.5097 val_metric_name=roc_auc val_metric=0.5340
Step   50 | loss 0.3974 | val_acc=0.8248 val_roc_auc=0.8166 val_loss=0.3941 val_metric_name=roc_auc val_metric=0.8166
Step  100 | loss 0.3161 | val_acc=0.8508 val_roc_auc=0.8977 val_loss=0.3135 val_metric_name=roc_auc val_metric=0.8977
Step  150 | loss 0.2956 | val_acc=0.8668 val_roc_auc=0.9102 val_loss=0.2996 val_metric_name=roc_auc val_metric=0.9102
Step  200 | loss 0.2802 | val_acc=0.8696 val_roc_auc=0.9175 val_loss=0.2882 val_metric_name=roc_auc val_metric=0.9175
Step  250 | loss 0.2734 | val_acc=0.8704 val_roc_auc=0.9224 val_loss=0.2786 val_metric_name=roc_auc val_metric=0.9224
Step  300 | loss 0.2621 | val_acc=0.8728 val_roc_auc=0.9249 val_loss=0.2739 val_metric_name=roc_auc val_metric=0.9249
Step  350 | loss 0.2535 | val_acc=0.8732 val_roc_auc=0.9288 val_loss=0.2683 val_metric_name=roc_auc val_metric=0.9288
Step  400 | loss 0.2471 | val_acc=0.8808 val_roc_auc=0.9333 val_loss=0.2606 val_metric_name=roc_auc val_metric=0.9333
Step  450 | loss 0.2396 | val_acc=0.8844 val_roc_auc=0.9364 val_loss=0.2601 val_metric_name=roc_auc val_metric=0.9364
Step  500 | loss 0.2354 | val_acc=0.8816 val_roc_auc=0.9381 val_loss=0.2610 val_metric_name=roc_auc val_metric=0.9381
Step  550 | loss 0.2254 | val_acc=0.8904 val_roc_auc=0.9394 val_loss=0.2519 val_metric_name=roc_auc val_metric=0.9394
Step  600 | loss 0.2182 | val_acc=0.8904 val_roc_auc=0.9403 val_loss=0.2505 val_metric_name=roc_auc val_metric=0.9403
Step  650 | loss 0.2194 | val_acc=0.8904 val_roc_auc=0.9427 val_loss=0.2536 val_metric_name=roc_auc val_metric=0.9427
Step  700 | loss 0.2134 | val_acc=0.8960 val_roc_auc=0.9439 val_loss=0.2523 val_metric_name=roc_auc val_metric=0.9439
Step  750 | loss 0.2017 | val_acc=0.8972 val_roc_auc=0.9436 val_loss=0.2524 val_metric_name=roc_auc val_metric=0.9436
Step  800 | loss 0.1934 | val_acc=0.8976 val_roc_auc=0.9437 val_loss=0.2572 val_metric_name=roc_auc val_metric=0.9437
Step  850 | loss 0.1916 | val_acc=0.8940 val_roc_auc=0.9421 val_loss=0.2659 val_metric_name=roc_auc val_metric=0.9421
Step  900 | loss 0.1850 | val_acc=0.8940 val_roc_auc=0.9409 val_loss=0.2682 val_metric_name=roc_auc val_metric=0.9409
Step  950 | loss 0.1773 | val_acc=0.8888 val_roc_auc=0.9415 val_loss=0.2804 val_metric_name=roc_auc val_metric=0.9415
Step 1000 | loss 0.1720 | val_acc=0.8916 val_roc_auc=0.9403 val_loss=0.2868 val_metric_name=roc_auc val_metric=0.9403
Step 1050 | loss 0.1697 | val_acc=0.8820 val_roc_auc=0.9380 val_loss=0.2987 val_metric_name=roc_auc val_metric=0.9380
Early stopping at step 1052

--- Final (best ckpt @ step 700) ---
  train_acc=0.9094 train_roc_auc=0.9637 train_loss=0.1986 train_metric_name=roc_auc train_metric=0.9637
  val_acc=0.8960 val_roc_auc=0.9439 val_loss=0.2523 val_metric_name=roc_auc val_metric=0.9439
  test_acc=0.8836 test_roc_auc=0.9372 test_loss=0.2726 test_metric_name=roc_auc test_metric=0.9372
  test_roc_auc=0.9372

============================================================
Training minesweeper TAG 3L h=384 lr=0.0001 split=4
============================================================
Training for 5000 steps
Step    1 | loss 0.7238 | val_acc=0.8000 val_roc_auc=0.5288 val_loss=0.6182 val_metric_name=roc_auc val_metric=0.5288
Step   50 | loss 0.3767 | val_acc=0.8396 val_roc_auc=0.8496 val_loss=0.3640 val_metric_name=roc_auc val_metric=0.8496
Step  100 | loss 0.2999 | val_acc=0.8612 val_roc_auc=0.9065 val_loss=0.3026 val_metric_name=roc_auc val_metric=0.9065
Step  150 | loss 0.2812 | val_acc=0.8720 val_roc_auc=0.9173 val_loss=0.2846 val_metric_name=roc_auc val_metric=0.9173
Step  200 | loss 0.2677 | val_acc=0.8712 val_roc_auc=0.9228 val_loss=0.2759 val_metric_name=roc_auc val_metric=0.9228
Step  250 | loss 0.2581 | val_acc=0.8772 val_roc_auc=0.9279 val_loss=0.2682 val_metric_name=roc_auc val_metric=0.9279
Step  300 | loss 0.2462 | val_acc=0.8772 val_roc_auc=0.9322 val_loss=0.2615 val_metric_name=roc_auc val_metric=0.9322
Step  350 | loss 0.2369 | val_acc=0.8800 val_roc_auc=0.9360 val_loss=0.2651 val_metric_name=roc_auc val_metric=0.9360
Step  400 | loss 0.2249 | val_acc=0.8864 val_roc_auc=0.9383 val_loss=0.2559 val_metric_name=roc_auc val_metric=0.9383
Step  450 | loss 0.2167 | val_acc=0.8904 val_roc_auc=0.9402 val_loss=0.2541 val_metric_name=roc_auc val_metric=0.9402
Step  500 | loss 0.2062 | val_acc=0.8824 val_roc_auc=0.9424 val_loss=0.2650 val_metric_name=roc_auc val_metric=0.9424
Step  550 | loss 0.1970 | val_acc=0.8948 val_roc_auc=0.9413 val_loss=0.2597 val_metric_name=roc_auc val_metric=0.9413
Step  600 | loss 0.1925 | val_acc=0.8988 val_roc_auc=0.9413 val_loss=0.2665 val_metric_name=roc_auc val_metric=0.9413
Step  650 | loss 0.1879 | val_acc=0.8932 val_roc_auc=0.9407 val_loss=0.2785 val_metric_name=roc_auc val_metric=0.9407
Step  700 | loss 0.1748 | val_acc=0.8860 val_roc_auc=0.9385 val_loss=0.2976 val_metric_name=roc_auc val_metric=0.9385
Step  750 | loss 0.1650 | val_acc=0.8840 val_roc_auc=0.9363 val_loss=0.3212 val_metric_name=roc_auc val_metric=0.9363
Step  800 | loss 0.1531 | val_acc=0.8792 val_roc_auc=0.9327 val_loss=0.3340 val_metric_name=roc_auc val_metric=0.9327
Step  850 | loss 0.1483 | val_acc=0.8796 val_roc_auc=0.9310 val_loss=0.3653 val_metric_name=roc_auc val_metric=0.9310
Early stopping at step 896

--- Final (best ckpt @ step 530) ---
  train_acc=0.9140 train_roc_auc=0.9665 train_loss=0.1915 train_metric_name=roc_auc train_metric=0.9665
  val_acc=0.8944 val_roc_auc=0.9424 val_loss=0.2614 val_metric_name=roc_auc val_metric=0.9424
  test_acc=0.8832 test_roc_auc=0.9362 test_loss=0.2826 test_metric_name=roc_auc test_metric=0.9362
  test_roc_auc=0.9362

============================================================
Training minesweeper TAG 3L h=384 lr=1e-05 split=4
============================================================
Training for 5000 steps
Step    1 | loss 0.7238 | val_acc=0.7648 val_roc_auc=0.5407 val_loss=0.6341 val_metric_name=roc_auc val_metric=0.5407
Step   50 | loss 0.4714 | val_acc=0.8000 val_roc_auc=0.7272 val_loss=0.4858 val_metric_name=roc_auc val_metric=0.7272
Step  100 | loss 0.4355 | val_acc=0.8028 val_roc_auc=0.7605 val_loss=0.4471 val_metric_name=roc_auc val_metric=0.7605
Step  150 | loss 0.4074 | val_acc=0.8200 val_roc_auc=0.8164 val_loss=0.4026 val_metric_name=roc_auc val_metric=0.8164
Step  200 | loss 0.3681 | val_acc=0.8388 val_roc_auc=0.8664 val_loss=0.3526 val_metric_name=roc_auc val_metric=0.8664
Step  250 | loss 0.3480 | val_acc=0.8412 val_roc_auc=0.8815 val_loss=0.3361 val_metric_name=roc_auc val_metric=0.8815
Step  300 | loss 0.3272 | val_acc=0.8432 val_roc_auc=0.8898 val_loss=0.3266 val_metric_name=roc_auc val_metric=0.8898
Step  350 | loss 0.3167 | val_acc=0.8480 val_roc_auc=0.8963 val_loss=0.3173 val_metric_name=roc_auc val_metric=0.8963
Step  400 | loss 0.3114 | val_acc=0.8524 val_roc_auc=0.9010 val_loss=0.3140 val_metric_name=roc_auc val_metric=0.9010
Step  450 | loss 0.3018 | val_acc=0.8572 val_roc_auc=0.9042 val_loss=0.3089 val_metric_name=roc_auc val_metric=0.9042
Step  500 | loss 0.3011 | val_acc=0.8648 val_roc_auc=0.9070 val_loss=0.3050 val_metric_name=roc_auc val_metric=0.9070
Step  550 | loss 0.2939 | val_acc=0.8660 val_roc_auc=0.9096 val_loss=0.3017 val_metric_name=roc_auc val_metric=0.9096
Step  600 | loss 0.2875 | val_acc=0.8704 val_roc_auc=0.9118 val_loss=0.2981 val_metric_name=roc_auc val_metric=0.9118
Step  650 | loss 0.2879 | val_acc=0.8676 val_roc_auc=0.9136 val_loss=0.2967 val_metric_name=roc_auc val_metric=0.9136
Step  700 | loss 0.2862 | val_acc=0.8680 val_roc_auc=0.9153 val_loss=0.2924 val_metric_name=roc_auc val_metric=0.9153
Step  750 | loss 0.2828 | val_acc=0.8640 val_roc_auc=0.9170 val_loss=0.2931 val_metric_name=roc_auc val_metric=0.9170
Step  800 | loss 0.2739 | val_acc=0.8668 val_roc_auc=0.9186 val_loss=0.2889 val_metric_name=roc_auc val_metric=0.9186
Step  850 | loss 0.2750 | val_acc=0.8680 val_roc_auc=0.9197 val_loss=0.2895 val_metric_name=roc_auc val_metric=0.9197
Step  900 | loss 0.2722 | val_acc=0.8720 val_roc_auc=0.9209 val_loss=0.2846 val_metric_name=roc_auc val_metric=0.9209
Step  950 | loss 0.2689 | val_acc=0.8712 val_roc_auc=0.9221 val_loss=0.2820 val_metric_name=roc_auc val_metric=0.9221
Step 1000 | loss 0.2658 | val_acc=0.8712 val_roc_auc=0.9232 val_loss=0.2823 val_metric_name=roc_auc val_metric=0.9232
Step 1050 | loss 0.2648 | val_acc=0.8720 val_roc_auc=0.9239 val_loss=0.2810 val_metric_name=roc_auc val_metric=0.9239
Step 1100 | loss 0.2638 | val_acc=0.8728 val_roc_auc=0.9250 val_loss=0.2795 val_metric_name=roc_auc val_metric=0.9250
Step 1150 | loss 0.2608 | val_acc=0.8720 val_roc_auc=0.9256 val_loss=0.2782 val_metric_name=roc_auc val_metric=0.9256
Step 1200 | loss 0.2592 | val_acc=0.8756 val_roc_auc=0.9267 val_loss=0.2748 val_metric_name=roc_auc val_metric=0.9267
Step 1250 | loss 0.2591 | val_acc=0.8744 val_roc_auc=0.9279 val_loss=0.2801 val_metric_name=roc_auc val_metric=0.9279
Step 1300 | loss 0.2536 | val_acc=0.8780 val_roc_auc=0.9287 val_loss=0.2758 val_metric_name=roc_auc val_metric=0.9287
Step 1350 | loss 0.2561 | val_acc=0.8756 val_roc_auc=0.9296 val_loss=0.2746 val_metric_name=roc_auc val_metric=0.9296
Step 1400 | loss 0.2508 | val_acc=0.8756 val_roc_auc=0.9307 val_loss=0.2729 val_metric_name=roc_auc val_metric=0.9307
Step 1450 | loss 0.2481 | val_acc=0.8788 val_roc_auc=0.9316 val_loss=0.2691 val_metric_name=roc_auc val_metric=0.9316
Step 1500 | loss 0.2514 | val_acc=0.8804 val_roc_auc=0.9322 val_loss=0.2665 val_metric_name=roc_auc val_metric=0.9322
Step 1550 | loss 0.2478 | val_acc=0.8804 val_roc_auc=0.9331 val_loss=0.2654 val_metric_name=roc_auc val_metric=0.9331
Step 1600 | loss 0.2471 | val_acc=0.8812 val_roc_auc=0.9337 val_loss=0.2672 val_metric_name=roc_auc val_metric=0.9337
Step 1650 | loss 0.2448 | val_acc=0.8828 val_roc_auc=0.9348 val_loss=0.2636 val_metric_name=roc_auc val_metric=0.9348
Step 1700 | loss 0.2419 | val_acc=0.8804 val_roc_auc=0.9361 val_loss=0.2670 val_metric_name=roc_auc val_metric=0.9361
Step 1750 | loss 0.2409 | val_acc=0.8848 val_roc_auc=0.9363 val_loss=0.2626 val_metric_name=roc_auc val_metric=0.9363
Step 1800 | loss 0.2351 | val_acc=0.8864 val_roc_auc=0.9371 val_loss=0.2617 val_metric_name=roc_auc val_metric=0.9371
Step 1850 | loss 0.2412 | val_acc=0.8868 val_roc_auc=0.9375 val_loss=0.2620 val_metric_name=roc_auc val_metric=0.9375
Step 1900 | loss 0.2385 | val_acc=0.8872 val_roc_auc=0.9379 val_loss=0.2594 val_metric_name=roc_auc val_metric=0.9379
Step 1950 | loss 0.2330 | val_acc=0.8856 val_roc_auc=0.9386 val_loss=0.2594 val_metric_name=roc_auc val_metric=0.9386
Step 2000 | loss 0.2316 | val_acc=0.8868 val_roc_auc=0.9392 val_loss=0.2610 val_metric_name=roc_auc val_metric=0.9392
Step 2050 | loss 0.2290 | val_acc=0.8880 val_roc_auc=0.9393 val_loss=0.2573 val_metric_name=roc_auc val_metric=0.9393
Step 2100 | loss 0.2290 | val_acc=0.8908 val_roc_auc=0.9397 val_loss=0.2549 val_metric_name=roc_auc val_metric=0.9397
Step 2150 | loss 0.2253 | val_acc=0.8884 val_roc_auc=0.9408 val_loss=0.2563 val_metric_name=roc_auc val_metric=0.9408
Step 2200 | loss 0.2253 | val_acc=0.8916 val_roc_auc=0.9408 val_loss=0.2533 val_metric_name=roc_auc val_metric=0.9408
Step 2250 | loss 0.2255 | val_acc=0.8908 val_roc_auc=0.9408 val_loss=0.2531 val_metric_name=roc_auc val_metric=0.9408
Step 2300 | loss 0.2213 | val_acc=0.8900 val_roc_auc=0.9416 val_loss=0.2554 val_metric_name=roc_auc val_metric=0.9416
Step 2350 | loss 0.2244 | val_acc=0.8888 val_roc_auc=0.9422 val_loss=0.2548 val_metric_name=roc_auc val_metric=0.9422
Step 2400 | loss 0.2174 | val_acc=0.8896 val_roc_auc=0.9420 val_loss=0.2521 val_metric_name=roc_auc val_metric=0.9420
Step 2450 | loss 0.2208 | val_acc=0.8892 val_roc_auc=0.9428 val_loss=0.2521 val_metric_name=roc_auc val_metric=0.9428
Step 2500 | loss 0.2207 | val_acc=0.8892 val_roc_auc=0.9427 val_loss=0.2522 val_metric_name=roc_auc val_metric=0.9427
Step 2550 | loss 0.2162 | val_acc=0.8936 val_roc_auc=0.9426 val_loss=0.2512 val_metric_name=roc_auc val_metric=0.9426
Step 2600 | loss 0.2144 | val_acc=0.8916 val_roc_auc=0.9431 val_loss=0.2512 val_metric_name=roc_auc val_metric=0.9431
Step 2650 | loss 0.2149 | val_acc=0.8916 val_roc_auc=0.9433 val_loss=0.2508 val_metric_name=roc_auc val_metric=0.9433
Step 2700 | loss 0.2138 | val_acc=0.8924 val_roc_auc=0.9437 val_loss=0.2505 val_metric_name=roc_auc val_metric=0.9437
Step 2750 | loss 0.2093 | val_acc=0.8904 val_roc_auc=0.9435 val_loss=0.2525 val_metric_name=roc_auc val_metric=0.9435
Step 2800 | loss 0.2100 | val_acc=0.8940 val_roc_auc=0.9438 val_loss=0.2525 val_metric_name=roc_auc val_metric=0.9438
Step 2850 | loss 0.2073 | val_acc=0.8920 val_roc_auc=0.9439 val_loss=0.2542 val_metric_name=roc_auc val_metric=0.9439
Step 2900 | loss 0.2059 | val_acc=0.8912 val_roc_auc=0.9439 val_loss=0.2534 val_metric_name=roc_auc val_metric=0.9439
Step 2950 | loss 0.2104 | val_acc=0.8944 val_roc_auc=0.9440 val_loss=0.2507 val_metric_name=roc_auc val_metric=0.9440
Step 3000 | loss 0.2032 | val_acc=0.8940 val_roc_auc=0.9440 val_loss=0.2527 val_metric_name=roc_auc val_metric=0.9440
Step 3050 | loss 0.2011 | val_acc=0.8956 val_roc_auc=0.9440 val_loss=0.2539 val_metric_name=roc_auc val_metric=0.9440
Step 3100 | loss 0.1989 | val_acc=0.8924 val_roc_auc=0.9439 val_loss=0.2537 val_metric_name=roc_auc val_metric=0.9439
Step 3150 | loss 0.1972 | val_acc=0.8940 val_roc_auc=0.9441 val_loss=0.2567 val_metric_name=roc_auc val_metric=0.9441
Step 3200 | loss 0.1942 | val_acc=0.8960 val_roc_auc=0.9436 val_loss=0.2540 val_metric_name=roc_auc val_metric=0.9436
Step 3250 | loss 0.1949 | val_acc=0.8964 val_roc_auc=0.9442 val_loss=0.2573 val_metric_name=roc_auc val_metric=0.9442
Step 3300 | loss 0.1976 | val_acc=0.8920 val_roc_auc=0.9441 val_loss=0.2589 val_metric_name=roc_auc val_metric=0.9441
Step 3350 | loss 0.1959 | val_acc=0.8932 val_roc_auc=0.9438 val_loss=0.2618 val_metric_name=roc_auc val_metric=0.9438
Step 3400 | loss 0.1883 | val_acc=0.8932 val_roc_auc=0.9436 val_loss=0.2623 val_metric_name=roc_auc val_metric=0.9436
Early stopping at step 3447

--- Final (best ckpt @ step 3140) ---
  train_acc=0.9146 train_roc_auc=0.9659 train_loss=0.1925 train_metric_name=roc_auc train_metric=0.9659
  val_acc=0.8948 val_roc_auc=0.9443 val_loss=0.2545 val_metric_name=roc_auc val_metric=0.9443
  test_acc=0.8816 test_roc_auc=0.9356 test_loss=0.2811 test_metric_name=roc_auc test_metric=0.9356
  test_roc_auc=0.9356

============================================================
Training minesweeper TAG 3L h=512 lr=3e-05 split=4
============================================================
Training for 5000 steps
Step    1 | loss 0.6607 | val_acc=0.8000 val_roc_auc=0.4740 val_loss=0.5155 val_metric_name=roc_auc val_metric=0.4740
Step   50 | loss 0.4005 | val_acc=0.8116 val_roc_auc=0.8158 val_loss=0.4228 val_metric_name=roc_auc val_metric=0.8158
Step  100 | loss 0.3245 | val_acc=0.8484 val_roc_auc=0.8907 val_loss=0.3415 val_metric_name=roc_auc val_metric=0.8907
Step  150 | loss 0.2972 | val_acc=0.8572 val_roc_auc=0.9054 val_loss=0.3085 val_metric_name=roc_auc val_metric=0.9054
Step  200 | loss 0.2899 | val_acc=0.8696 val_roc_auc=0.9126 val_loss=0.2988 val_metric_name=roc_auc val_metric=0.9126
Step  250 | loss 0.2806 | val_acc=0.8748 val_roc_auc=0.9174 val_loss=0.2923 val_metric_name=roc_auc val_metric=0.9174
Step  300 | loss 0.2703 | val_acc=0.8732 val_roc_auc=0.9208 val_loss=0.2849 val_metric_name=roc_auc val_metric=0.9208
Step  350 | loss 0.2632 | val_acc=0.8732 val_roc_auc=0.9231 val_loss=0.2829 val_metric_name=roc_auc val_metric=0.9231
Step  400 | loss 0.2578 | val_acc=0.8736 val_roc_auc=0.9252 val_loss=0.2772 val_metric_name=roc_auc val_metric=0.9252
Step  450 | loss 0.2524 | val_acc=0.8752 val_roc_auc=0.9268 val_loss=0.2759 val_metric_name=roc_auc val_metric=0.9268
Step  500 | loss 0.2516 | val_acc=0.8784 val_roc_auc=0.9302 val_loss=0.2685 val_metric_name=roc_auc val_metric=0.9302
Step  550 | loss 0.2390 | val_acc=0.8816 val_roc_auc=0.9316 val_loss=0.2663 val_metric_name=roc_auc val_metric=0.9316
Step  600 | loss 0.2390 | val_acc=0.8868 val_roc_auc=0.9328 val_loss=0.2683 val_metric_name=roc_auc val_metric=0.9328
Step  650 | loss 0.2350 | val_acc=0.8868 val_roc_auc=0.9359 val_loss=0.2637 val_metric_name=roc_auc val_metric=0.9359
Step  700 | loss 0.2261 | val_acc=0.8856 val_roc_auc=0.9361 val_loss=0.2663 val_metric_name=roc_auc val_metric=0.9361
Step  750 | loss 0.2223 | val_acc=0.8864 val_roc_auc=0.9371 val_loss=0.2672 val_metric_name=roc_auc val_metric=0.9371
Step  800 | loss 0.2198 | val_acc=0.8804 val_roc_auc=0.9384 val_loss=0.2666 val_metric_name=roc_auc val_metric=0.9384
Step  850 | loss 0.2157 | val_acc=0.8844 val_roc_auc=0.9390 val_loss=0.2693 val_metric_name=roc_auc val_metric=0.9390
Step  900 | loss 0.2132 | val_acc=0.8844 val_roc_auc=0.9393 val_loss=0.2662 val_metric_name=roc_auc val_metric=0.9393
Step  950 | loss 0.2095 | val_acc=0.8880 val_roc_auc=0.9407 val_loss=0.2666 val_metric_name=roc_auc val_metric=0.9407
Step 1000 | loss 0.2008 | val_acc=0.8784 val_roc_auc=0.9402 val_loss=0.2777 val_metric_name=roc_auc val_metric=0.9402
Step 1050 | loss 0.2006 | val_acc=0.8816 val_roc_auc=0.9399 val_loss=0.2795 val_metric_name=roc_auc val_metric=0.9399
Step 1100 | loss 0.1961 | val_acc=0.8844 val_roc_auc=0.9385 val_loss=0.2818 val_metric_name=roc_auc val_metric=0.9385
Step 1150 | loss 0.1902 | val_acc=0.8808 val_roc_auc=0.9387 val_loss=0.2876 val_metric_name=roc_auc val_metric=0.9387
Step 1200 | loss 0.1864 | val_acc=0.8764 val_roc_auc=0.9373 val_loss=0.2959 val_metric_name=roc_auc val_metric=0.9373
Step 1250 | loss 0.1802 | val_acc=0.8772 val_roc_auc=0.9366 val_loss=0.2966 val_metric_name=roc_auc val_metric=0.9366
Step 1300 | loss 0.1778 | val_acc=0.8824 val_roc_auc=0.9370 val_loss=0.2993 val_metric_name=roc_auc val_metric=0.9370
Step 1350 | loss 0.1746 | val_acc=0.8812 val_roc_auc=0.9371 val_loss=0.3089 val_metric_name=roc_auc val_metric=0.9371
Step 1400 | loss 0.1700 | val_acc=0.8816 val_roc_auc=0.9331 val_loss=0.3317 val_metric_name=roc_auc val_metric=0.9331
Step 1450 | loss 0.1654 | val_acc=0.8828 val_roc_auc=0.9335 val_loss=0.3315 val_metric_name=roc_auc val_metric=0.9335
Step 1500 | loss 0.1584 | val_acc=0.8808 val_roc_auc=0.9326 val_loss=0.3465 val_metric_name=roc_auc val_metric=0.9326
Early stopping at step 1542

--- Final (best ckpt @ step 1020) ---
  train_acc=0.9068 train_roc_auc=0.9666 train_loss=0.2011 train_metric_name=roc_auc train_metric=0.9666
  val_acc=0.8852 val_roc_auc=0.9408 val_loss=0.2710 val_metric_name=roc_auc val_metric=0.9408
  test_acc=0.8796 test_roc_auc=0.9356 test_loss=0.2901 test_metric_name=roc_auc test_metric=0.9356
  test_roc_auc=0.9356

============================================================
Training minesweeper TAG 3L h=512 lr=6e-05 split=4
============================================================
Training for 5000 steps
Step    1 | loss 0.6607 | val_acc=0.8000 val_roc_auc=0.5019 val_loss=0.6748 val_metric_name=roc_auc val_metric=0.5019
Step   50 | loss 0.3706 | val_acc=0.8368 val_roc_auc=0.8551 val_loss=0.3600 val_metric_name=roc_auc val_metric=0.8551
Step  100 | loss 0.3042 | val_acc=0.8580 val_roc_auc=0.9047 val_loss=0.3090 val_metric_name=roc_auc val_metric=0.9047
Step  150 | loss 0.2803 | val_acc=0.8688 val_roc_auc=0.9157 val_loss=0.2920 val_metric_name=roc_auc val_metric=0.9157
Step  200 | loss 0.2735 | val_acc=0.8724 val_roc_auc=0.9210 val_loss=0.2835 val_metric_name=roc_auc val_metric=0.9210
Step  250 | loss 0.2624 | val_acc=0.8736 val_roc_auc=0.9240 val_loss=0.2790 val_metric_name=roc_auc val_metric=0.9240
Step  300 | loss 0.2541 | val_acc=0.8772 val_roc_auc=0.9278 val_loss=0.2724 val_metric_name=roc_auc val_metric=0.9278
Step  350 | loss 0.2424 | val_acc=0.8776 val_roc_auc=0.9299 val_loss=0.2714 val_metric_name=roc_auc val_metric=0.9299
Step  400 | loss 0.2339 | val_acc=0.8812 val_roc_auc=0.9338 val_loss=0.2641 val_metric_name=roc_auc val_metric=0.9338
Step  450 | loss 0.2265 | val_acc=0.8836 val_roc_auc=0.9361 val_loss=0.2634 val_metric_name=roc_auc val_metric=0.9361
Step  500 | loss 0.2195 | val_acc=0.8880 val_roc_auc=0.9385 val_loss=0.2600 val_metric_name=roc_auc val_metric=0.9385
Step  550 | loss 0.2117 | val_acc=0.8892 val_roc_auc=0.9399 val_loss=0.2597 val_metric_name=roc_auc val_metric=0.9399
Step  600 | loss 0.2084 | val_acc=0.8812 val_roc_auc=0.9403 val_loss=0.2697 val_metric_name=roc_auc val_metric=0.9403
Step  650 | loss 0.2003 | val_acc=0.8904 val_roc_auc=0.9411 val_loss=0.2671 val_metric_name=roc_auc val_metric=0.9411
Step  700 | loss 0.1900 | val_acc=0.8904 val_roc_auc=0.9408 val_loss=0.2776 val_metric_name=roc_auc val_metric=0.9408
Step  750 | loss 0.1841 | val_acc=0.8796 val_roc_auc=0.9378 val_loss=0.2916 val_metric_name=roc_auc val_metric=0.9378
Step  800 | loss 0.1745 | val_acc=0.8876 val_roc_auc=0.9384 val_loss=0.3006 val_metric_name=roc_auc val_metric=0.9384
Step  850 | loss 0.1699 | val_acc=0.8832 val_roc_auc=0.9370 val_loss=0.3143 val_metric_name=roc_auc val_metric=0.9370
Step  900 | loss 0.1599 | val_acc=0.8808 val_roc_auc=0.9348 val_loss=0.3295 val_metric_name=roc_auc val_metric=0.9348
Step  950 | loss 0.1571 | val_acc=0.8820 val_roc_auc=0.9318 val_loss=0.3610 val_metric_name=roc_auc val_metric=0.9318
Early stopping at step 999

--- Final (best ckpt @ step 650) ---
  train_acc=0.9174 train_roc_auc=0.9686 train_loss=0.1834 train_metric_name=roc_auc train_metric=0.9686
  val_acc=0.8904 val_roc_auc=0.9411 val_loss=0.2671 val_metric_name=roc_auc val_metric=0.9411
  test_acc=0.8836 test_roc_auc=0.9353 test_loss=0.2862 test_metric_name=roc_auc test_metric=0.9353
  test_roc_auc=0.9353

============================================================
Training minesweeper TAG 3L h=512 lr=0.0001 split=4
============================================================
Training for 5000 steps
Step    1 | loss 0.6607 | val_acc=0.8000 val_roc_auc=0.5513 val_loss=0.9062 val_metric_name=roc_auc val_metric=0.5513
Step   50 | loss 0.3806 | val_acc=0.8296 val_roc_auc=0.8356 val_loss=0.3854 val_metric_name=roc_auc val_metric=0.8356
Step  100 | loss 0.2964 | val_acc=0.8608 val_roc_auc=0.9080 val_loss=0.2993 val_metric_name=roc_auc val_metric=0.9080
Step  150 | loss 0.2765 | val_acc=0.8680 val_roc_auc=0.9200 val_loss=0.2829 val_metric_name=roc_auc val_metric=0.9200
Step  200 | loss 0.2660 | val_acc=0.8728 val_roc_auc=0.9240 val_loss=0.2747 val_metric_name=roc_auc val_metric=0.9240
Step  250 | loss 0.2488 | val_acc=0.8752 val_roc_auc=0.9271 val_loss=0.2736 val_metric_name=roc_auc val_metric=0.9271
Step  300 | loss 0.2381 | val_acc=0.8780 val_roc_auc=0.9332 val_loss=0.2627 val_metric_name=roc_auc val_metric=0.9332
Step  350 | loss 0.2228 | val_acc=0.8816 val_roc_auc=0.9346 val_loss=0.2657 val_metric_name=roc_auc val_metric=0.9346
Step  400 | loss 0.2119 | val_acc=0.8876 val_roc_auc=0.9380 val_loss=0.2640 val_metric_name=roc_auc val_metric=0.9380
Step  450 | loss 0.2026 | val_acc=0.8864 val_roc_auc=0.9376 val_loss=0.2754 val_metric_name=roc_auc val_metric=0.9376
Step  500 | loss 0.1917 | val_acc=0.8844 val_roc_auc=0.9395 val_loss=0.2766 val_metric_name=roc_auc val_metric=0.9395
Step  550 | loss 0.1837 | val_acc=0.8812 val_roc_auc=0.9384 val_loss=0.2993 val_metric_name=roc_auc val_metric=0.9384
Step  600 | loss 0.1666 | val_acc=0.8844 val_roc_auc=0.9366 val_loss=0.3083 val_metric_name=roc_auc val_metric=0.9366
Step  650 | loss 0.1580 | val_acc=0.8860 val_roc_auc=0.9352 val_loss=0.3453 val_metric_name=roc_auc val_metric=0.9352
Step  700 | loss 0.1441 | val_acc=0.8764 val_roc_auc=0.9316 val_loss=0.3864 val_metric_name=roc_auc val_metric=0.9316
Step  750 | loss 0.1265 | val_acc=0.8804 val_roc_auc=0.9296 val_loss=0.3995 val_metric_name=roc_auc val_metric=0.9296
Early stopping at step 770

--- Final (best ckpt @ step 470) ---
  train_acc=0.9056 train_roc_auc=0.9678 train_loss=0.2028 train_metric_name=roc_auc train_metric=0.9678
  val_acc=0.8848 val_roc_auc=0.9427 val_loss=0.2721 val_metric_name=roc_auc val_metric=0.9427
  test_acc=0.8728 test_roc_auc=0.9338 test_loss=0.3060 test_metric_name=roc_auc test_metric=0.9338
  test_roc_auc=0.9338

============================================================
Training minesweeper TAG 3L h=512 lr=1e-05 split=4
============================================================
Training for 5000 steps
Step    1 | loss 0.6607 | val_acc=0.8000 val_roc_auc=0.4594 val_loss=0.5418 val_metric_name=roc_auc val_metric=0.4594
Step   50 | loss 0.4488 | val_acc=0.8000 val_roc_auc=0.7538 val_loss=0.4682 val_metric_name=roc_auc val_metric=0.7538
Step  100 | loss 0.3982 | val_acc=0.8124 val_roc_auc=0.8210 val_loss=0.4132 val_metric_name=roc_auc val_metric=0.8210
Step  150 | loss 0.3494 | val_acc=0.8424 val_roc_auc=0.8757 val_loss=0.3453 val_metric_name=roc_auc val_metric=0.8757
Step  200 | loss 0.3324 | val_acc=0.8476 val_roc_auc=0.8875 val_loss=0.3396 val_metric_name=roc_auc val_metric=0.8875
Step  250 | loss 0.3197 | val_acc=0.8524 val_roc_auc=0.8961 val_loss=0.3232 val_metric_name=roc_auc val_metric=0.8961
Step  300 | loss 0.3041 | val_acc=0.8548 val_roc_auc=0.9015 val_loss=0.3165 val_metric_name=roc_auc val_metric=0.9015
Step  350 | loss 0.3012 | val_acc=0.8592 val_roc_auc=0.9054 val_loss=0.3120 val_metric_name=roc_auc val_metric=0.9054
Step  400 | loss 0.2932 | val_acc=0.8644 val_roc_auc=0.9089 val_loss=0.3056 val_metric_name=roc_auc val_metric=0.9089
Step  450 | loss 0.2888 | val_acc=0.8676 val_roc_auc=0.9113 val_loss=0.3037 val_metric_name=roc_auc val_metric=0.9113
Step  500 | loss 0.2822 | val_acc=0.8676 val_roc_auc=0.9137 val_loss=0.2983 val_metric_name=roc_auc val_metric=0.9137
Step  550 | loss 0.2740 | val_acc=0.8716 val_roc_auc=0.9157 val_loss=0.2944 val_metric_name=roc_auc val_metric=0.9157
Step  600 | loss 0.2801 | val_acc=0.8724 val_roc_auc=0.9174 val_loss=0.2932 val_metric_name=roc_auc val_metric=0.9174
Step  650 | loss 0.2737 | val_acc=0.8732 val_roc_auc=0.9188 val_loss=0.2910 val_metric_name=roc_auc val_metric=0.9188
Step  700 | loss 0.2706 | val_acc=0.8740 val_roc_auc=0.9204 val_loss=0.2878 val_metric_name=roc_auc val_metric=0.9204
Step  750 | loss 0.2685 | val_acc=0.8744 val_roc_auc=0.9211 val_loss=0.2856 val_metric_name=roc_auc val_metric=0.9211
Step  800 | loss 0.2655 | val_acc=0.8768 val_roc_auc=0.9224 val_loss=0.2842 val_metric_name=roc_auc val_metric=0.9224
Step  850 | loss 0.2650 | val_acc=0.8732 val_roc_auc=0.9236 val_loss=0.2807 val_metric_name=roc_auc val_metric=0.9236
Step  900 | loss 0.2626 | val_acc=0.8736 val_roc_auc=0.9242 val_loss=0.2803 val_metric_name=roc_auc val_metric=0.9242
Step  950 | loss 0.2629 | val_acc=0.8740 val_roc_auc=0.9251 val_loss=0.2802 val_metric_name=roc_auc val_metric=0.9251
Step 1000 | loss 0.2591 | val_acc=0.8752 val_roc_auc=0.9262 val_loss=0.2766 val_metric_name=roc_auc val_metric=0.9262
Step 1050 | loss 0.2535 | val_acc=0.8776 val_roc_auc=0.9269 val_loss=0.2761 val_metric_name=roc_auc val_metric=0.9269
Step 1100 | loss 0.2554 | val_acc=0.8764 val_roc_auc=0.9281 val_loss=0.2775 val_metric_name=roc_auc val_metric=0.9281
Step 1150 | loss 0.2515 | val_acc=0.8796 val_roc_auc=0.9290 val_loss=0.2728 val_metric_name=roc_auc val_metric=0.9290
Step 1200 | loss 0.2463 | val_acc=0.8772 val_roc_auc=0.9299 val_loss=0.2726 val_metric_name=roc_auc val_metric=0.9299
Step 1250 | loss 0.2471 | val_acc=0.8808 val_roc_auc=0.9314 val_loss=0.2711 val_metric_name=roc_auc val_metric=0.9314
Step 1300 | loss 0.2432 | val_acc=0.8840 val_roc_auc=0.9317 val_loss=0.2682 val_metric_name=roc_auc val_metric=0.9317
Step 1350 | loss 0.2429 | val_acc=0.8796 val_roc_auc=0.9337 val_loss=0.2719 val_metric_name=roc_auc val_metric=0.9337
Step 1400 | loss 0.2419 | val_acc=0.8848 val_roc_auc=0.9338 val_loss=0.2672 val_metric_name=roc_auc val_metric=0.9338
Step 1450 | loss 0.2388 | val_acc=0.8844 val_roc_auc=0.9346 val_loss=0.2678 val_metric_name=roc_auc val_metric=0.9346
Step 1500 | loss 0.2316 | val_acc=0.8836 val_roc_auc=0.9354 val_loss=0.2671 val_metric_name=roc_auc val_metric=0.9354
Step 1550 | loss 0.2354 | val_acc=0.8860 val_roc_auc=0.9349 val_loss=0.2690 val_metric_name=roc_auc val_metric=0.9349
Step 1600 | loss 0.2339 | val_acc=0.8844 val_roc_auc=0.9359 val_loss=0.2682 val_metric_name=roc_auc val_metric=0.9359
Step 1650 | loss 0.2282 | val_acc=0.8820 val_roc_auc=0.9369 val_loss=0.2700 val_metric_name=roc_auc val_metric=0.9369
Step 1700 | loss 0.2272 | val_acc=0.8820 val_roc_auc=0.9376 val_loss=0.2700 val_metric_name=roc_auc val_metric=0.9376
Step 1750 | loss 0.2267 | val_acc=0.8796 val_roc_auc=0.9372 val_loss=0.2709 val_metric_name=roc_auc val_metric=0.9372
Step 1800 | loss 0.2238 | val_acc=0.8796 val_roc_auc=0.9383 val_loss=0.2669 val_metric_name=roc_auc val_metric=0.9383
Step 1850 | loss 0.2220 | val_acc=0.8812 val_roc_auc=0.9383 val_loss=0.2684 val_metric_name=roc_auc val_metric=0.9383
Step 1900 | loss 0.2188 | val_acc=0.8860 val_roc_auc=0.9382 val_loss=0.2652 val_metric_name=roc_auc val_metric=0.9382
Step 1950 | loss 0.2196 | val_acc=0.8828 val_roc_auc=0.9392 val_loss=0.2695 val_metric_name=roc_auc val_metric=0.9392
Step 2000 | loss 0.2171 | val_acc=0.8836 val_roc_auc=0.9392 val_loss=0.2720 val_metric_name=roc_auc val_metric=0.9392
Step 2050 | loss 0.2135 | val_acc=0.8836 val_roc_auc=0.9395 val_loss=0.2677 val_metric_name=roc_auc val_metric=0.9395
Step 2100 | loss 0.2145 | val_acc=0.8836 val_roc_auc=0.9396 val_loss=0.2711 val_metric_name=roc_auc val_metric=0.9396
Step 2150 | loss 0.2108 | val_acc=0.8840 val_roc_auc=0.9400 val_loss=0.2714 val_metric_name=roc_auc val_metric=0.9400
Step 2200 | loss 0.2088 | val_acc=0.8832 val_roc_auc=0.9391 val_loss=0.2707 val_metric_name=roc_auc val_metric=0.9391
Step 2250 | loss 0.2086 | val_acc=0.8832 val_roc_auc=0.9392 val_loss=0.2727 val_metric_name=roc_auc val_metric=0.9392
Step 2300 | loss 0.2054 | val_acc=0.8824 val_roc_auc=0.9401 val_loss=0.2803 val_metric_name=roc_auc val_metric=0.9401
Step 2350 | loss 0.2050 | val_acc=0.8840 val_roc_auc=0.9403 val_loss=0.2703 val_metric_name=roc_auc val_metric=0.9403
Step 2400 | loss 0.2037 | val_acc=0.8824 val_roc_auc=0.9393 val_loss=0.2759 val_metric_name=roc_auc val_metric=0.9393
Step 2450 | loss 0.2030 | val_acc=0.8776 val_roc_auc=0.9402 val_loss=0.2793 val_metric_name=roc_auc val_metric=0.9402
Step 2500 | loss 0.1981 | val_acc=0.8780 val_roc_auc=0.9393 val_loss=0.2816 val_metric_name=roc_auc val_metric=0.9393
Step 2550 | loss 0.2012 | val_acc=0.8780 val_roc_auc=0.9382 val_loss=0.2856 val_metric_name=roc_auc val_metric=0.9382
Step 2600 | loss 0.1916 | val_acc=0.8804 val_roc_auc=0.9389 val_loss=0.2825 val_metric_name=roc_auc val_metric=0.9389
Step 2650 | loss 0.1961 | val_acc=0.8768 val_roc_auc=0.9386 val_loss=0.2874 val_metric_name=roc_auc val_metric=0.9386
Step 2700 | loss 0.1916 | val_acc=0.8760 val_roc_auc=0.9401 val_loss=0.2862 val_metric_name=roc_auc val_metric=0.9401
Early stopping at step 2724

--- Final (best ckpt @ step 2340) ---
  train_acc=0.9046 train_roc_auc=0.9652 train_loss=0.2079 train_metric_name=roc_auc train_metric=0.9652
  val_acc=0.8836 val_roc_auc=0.9408 val_loss=0.2737 val_metric_name=roc_auc val_metric=0.9408
  test_acc=0.8812 test_roc_auc=0.9356 test_loss=0.2954 test_metric_name=roc_auc test_metric=0.9356
  test_roc_auc=0.9356
  >> num_layers=3 hidden_dim=256 lr=3e-05 best_step=1670 val_roc_auc=0.9435 test_roc_auc=0.9362
     val_acc=0.8924 val_loss=0.2549 val_metric=0.9435 val_metric_name=roc_auc val_roc_auc=0.9435
     test_acc=0.8848 test_loss=0.2807 test_metric=0.9362 test_metric_name=roc_auc test_roc_auc=0.9362
  >> num_layers=3 hidden_dim=256 lr=6e-05 best_step=980 val_roc_auc=0.9431 test_roc_auc=0.9363
     val_acc=0.8948 val_loss=0.2567 val_metric=0.9431 val_metric_name=roc_auc val_roc_auc=0.9431
     test_acc=0.8828 test_loss=0.2810 test_metric=0.9363 test_metric_name=roc_auc test_roc_auc=0.9363
  >> num_layers=3 hidden_dim=256 lr=0.0001 best_step=640 val_roc_auc=0.9426 test_roc_auc=0.9342
     val_acc=0.8860 val_loss=0.2554 val_metric=0.9426 val_metric_name=roc_auc val_roc_auc=0.9426
     test_acc=0.8784 test_loss=0.2819 test_metric=0.9342 test_metric_name=roc_auc test_roc_auc=0.9342
  >> num_layers=3 hidden_dim=256 lr=1e-05 best_step=4270 val_roc_auc=0.9433 test_roc_auc=0.9359
     val_acc=0.8860 val_loss=0.2587 val_metric=0.9433 val_metric_name=roc_auc val_roc_auc=0.9433
     test_acc=0.8828 test_loss=0.2844 test_metric=0.9359 test_metric_name=roc_auc test_roc_auc=0.9359
  >> num_layers=3 hidden_dim=384 lr=3e-05 best_step=1320 val_roc_auc=0.9446 test_roc_auc=0.9367
     val_acc=0.8928 val_loss=0.2532 val_metric=0.9446 val_metric_name=roc_auc val_roc_auc=0.9446
     test_acc=0.8832 test_loss=0.2764 test_metric=0.9367 test_metric_name=roc_auc test_roc_auc=0.9367
  >> num_layers=3 hidden_dim=384 lr=6e-05 best_step=700 val_roc_auc=0.9439 test_roc_auc=0.9372
     val_acc=0.8960 val_loss=0.2523 val_metric=0.9439 val_metric_name=roc_auc val_roc_auc=0.9439
     test_acc=0.8836 test_loss=0.2726 test_metric=0.9372 test_metric_name=roc_auc test_roc_auc=0.9372
  >> num_layers=3 hidden_dim=384 lr=0.0001 best_step=530 val_roc_auc=0.9424 test_roc_auc=0.9362
     val_acc=0.8944 val_loss=0.2614 val_metric=0.9424 val_metric_name=roc_auc val_roc_auc=0.9424
     test_acc=0.8832 test_loss=0.2826 test_metric=0.9362 test_metric_name=roc_auc test_roc_auc=0.9362
  >> num_layers=3 hidden_dim=384 lr=1e-05 best_step=3140 val_roc_auc=0.9443 test_roc_auc=0.9356
     val_acc=0.8948 val_loss=0.2545 val_metric=0.9443 val_metric_name=roc_auc val_roc_auc=0.9443
     test_acc=0.8816 test_loss=0.2811 test_metric=0.9356 test_metric_name=roc_auc test_roc_auc=0.9356
  >> num_layers=3 hidden_dim=512 lr=3e-05 best_step=1020 val_roc_auc=0.9408 test_roc_auc=0.9356
     val_acc=0.8852 val_loss=0.2710 val_metric=0.9408 val_metric_name=roc_auc val_roc_auc=0.9408
     test_acc=0.8796 test_loss=0.2901 test_metric=0.9356 test_metric_name=roc_auc test_roc_auc=0.9356
  >> num_layers=3 hidden_dim=512 lr=6e-05 best_step=650 val_roc_auc=0.9411 test_roc_auc=0.9353
     val_acc=0.8904 val_loss=0.2671 val_metric=0.9411 val_metric_name=roc_auc val_roc_auc=0.9411
     test_acc=0.8836 test_loss=0.2862 test_metric=0.9353 test_metric_name=roc_auc test_roc_auc=0.9353
  >> num_layers=3 hidden_dim=512 lr=0.0001 best_step=470 val_roc_auc=0.9427 test_roc_auc=0.9338
     val_acc=0.8848 val_loss=0.2721 val_metric=0.9427 val_metric_name=roc_auc val_roc_auc=0.9427
     test_acc=0.8728 test_loss=0.3060 test_metric=0.9338 test_metric_name=roc_auc test_roc_auc=0.9338
  >> num_layers=3 hidden_dim=512 lr=1e-05 best_step=2340 val_roc_auc=0.9408 test_roc_auc=0.9356
     val_acc=0.8836 val_loss=0.2737 val_metric=0.9408 val_metric_name=roc_auc val_roc_auc=0.9408
     test_acc=0.8812 test_loss=0.2954 test_metric=0.9356 test_metric_name=roc_auc test_roc_auc=0.9356
  >> selected best (by val): num_layers=3 hidden_dim=384 lr=3e-05 val_roc_auc=0.9446 test_roc_auc=0.9367
     val_acc=0.8928 val_loss=0.2532 val_metric=0.9446 val_metric_name=roc_auc val_roc_auc=0.9446
     test_acc=0.8832 test_loss=0.2764 test_metric=0.9367 test_metric_name=roc_auc test_roc_auc=0.9367

Done. Results saved to /home/avshmelev/diploma_yandex_graphs/results_grid/minesweeper/base.csv, checkpoints in /home/avshmelev/diploma_yandex_graphs/all_checkpoints/minesweeper/base/
Skipping: "Done." found in /home/avshmelev/diploma_yandex_graphs/results_grid/minesweeper/logs_base/TAG_3L_split4.log
