Loading data...

============================================================
Training TABM-roman-empire GT 1L h=512 lr=3e-05 split=5
============================================================
Step    1 | loss 3.7695 | val_acc=0.0524 val_loss=3.0139 val_f1_macro=0.0312 val_f1_weighted=0.0382 val_prec_macro=0.0394 val_rec_macro=0.0440 val_metric_name=acc val_metric=0.0524
Step   50 | loss 1.8464 | val_acc=0.5631 val_loss=1.4012 val_f1_macro=0.3256 val_f1_weighted=0.4986 val_prec_macro=0.4148 val_rec_macro=0.3440 val_metric_name=acc val_metric=0.5631
Step  100 | loss 1.4264 | val_acc=0.6508 val_loss=1.1134 val_f1_macro=0.4908 val_f1_weighted=0.6101 val_prec_macro=0.5892 val_rec_macro=0.4991 val_metric_name=acc val_metric=0.6508
Step  150 | loss 1.2347 | val_acc=0.6884 val_loss=0.9909 val_f1_macro=0.5479 val_f1_weighted=0.6536 val_prec_macro=0.6098 val_rec_macro=0.5601 val_metric_name=acc val_metric=0.6884
Step  200 | loss 1.1129 | val_acc=0.7066 val_loss=0.9239 val_f1_macro=0.5876 val_f1_weighted=0.6777 val_prec_macro=0.6674 val_rec_macro=0.5956 val_metric_name=acc val_metric=0.7066
Step  250 | loss 1.0186 | val_acc=0.7211 val_loss=0.8800 val_f1_macro=0.6151 val_f1_weighted=0.6966 val_prec_macro=0.6589 val_rec_macro=0.6206 val_metric_name=acc val_metric=0.7211
Step  300 | loss 0.9403 | val_acc=0.7301 val_loss=0.8465 val_f1_macro=0.6307 val_f1_weighted=0.7082 val_prec_macro=0.6614 val_rec_macro=0.6360 val_metric_name=acc val_metric=0.7301
Step  350 | loss 0.8880 | val_acc=0.7377 val_loss=0.8191 val_f1_macro=0.6463 val_f1_weighted=0.7180 val_prec_macro=0.6711 val_rec_macro=0.6507 val_metric_name=acc val_metric=0.7377
Step  400 | loss 0.8348 | val_acc=0.7477 val_loss=0.7970 val_f1_macro=0.6635 val_f1_weighted=0.7299 val_prec_macro=0.6848 val_rec_macro=0.6674 val_metric_name=acc val_metric=0.7477
Step  450 | loss 0.7922 | val_acc=0.7522 val_loss=0.7792 val_f1_macro=0.6710 val_f1_weighted=0.7357 val_prec_macro=0.6888 val_rec_macro=0.6751 val_metric_name=acc val_metric=0.7522
Step  500 | loss 0.7470 | val_acc=0.7569 val_loss=0.7631 val_f1_macro=0.6795 val_f1_weighted=0.7416 val_prec_macro=0.6948 val_rec_macro=0.6837 val_metric_name=acc val_metric=0.7569
Step  550 | loss 0.7149 | val_acc=0.7608 val_loss=0.7505 val_f1_macro=0.6898 val_f1_weighted=0.7467 val_prec_macro=0.7049 val_rec_macro=0.6926 val_metric_name=acc val_metric=0.7608
Step  600 | loss 0.6760 | val_acc=0.7675 val_loss=0.7408 val_f1_macro=0.7000 val_f1_weighted=0.7546 val_prec_macro=0.7152 val_rec_macro=0.7015 val_metric_name=acc val_metric=0.7675
Step  650 | loss 0.6433 | val_acc=0.7714 val_loss=0.7313 val_f1_macro=0.7059 val_f1_weighted=0.7591 val_prec_macro=0.7195 val_rec_macro=0.7076 val_metric_name=acc val_metric=0.7714
Step  700 | loss 0.6116 | val_acc=0.7762 val_loss=0.7251 val_f1_macro=0.7142 val_f1_weighted=0.7647 val_prec_macro=0.7259 val_rec_macro=0.7153 val_metric_name=acc val_metric=0.7762
Step  750 | loss 0.5759 | val_acc=0.7790 val_loss=0.7205 val_f1_macro=0.7178 val_f1_weighted=0.7683 val_prec_macro=0.7288 val_rec_macro=0.7186 val_metric_name=acc val_metric=0.7790
Step  800 | loss 0.5536 | val_acc=0.7829 val_loss=0.7171 val_f1_macro=0.7250 val_f1_weighted=0.7731 val_prec_macro=0.7362 val_rec_macro=0.7247 val_metric_name=acc val_metric=0.7829
Step  850 | loss 0.5261 | val_acc=0.7855 val_loss=0.7164 val_f1_macro=0.7281 val_f1_weighted=0.7763 val_prec_macro=0.7381 val_rec_macro=0.7277 val_metric_name=acc val_metric=0.7855
Step  900 | loss 0.4949 | val_acc=0.7866 val_loss=0.7175 val_f1_macro=0.7290 val_f1_weighted=0.7780 val_prec_macro=0.7376 val_rec_macro=0.7289 val_metric_name=acc val_metric=0.7866
Step  950 | loss 0.4699 | val_acc=0.7892 val_loss=0.7207 val_f1_macro=0.7330 val_f1_weighted=0.7810 val_prec_macro=0.7426 val_rec_macro=0.7320 val_metric_name=acc val_metric=0.7892
Step 1000 | loss 0.4451 | val_acc=0.7922 val_loss=0.7240 val_f1_macro=0.7362 val_f1_weighted=0.7845 val_prec_macro=0.7464 val_rec_macro=0.7339 val_metric_name=acc val_metric=0.7922
Step 1050 | loss 0.4177 | val_acc=0.7929 val_loss=0.7304 val_f1_macro=0.7369 val_f1_weighted=0.7855 val_prec_macro=0.7471 val_rec_macro=0.7345 val_metric_name=acc val_metric=0.7929
Step 1100 | loss 0.3956 | val_acc=0.7936 val_loss=0.7364 val_f1_macro=0.7363 val_f1_weighted=0.7865 val_prec_macro=0.7463 val_rec_macro=0.7333 val_metric_name=acc val_metric=0.7936
Step 1150 | loss 0.3745 | val_acc=0.7954 val_loss=0.7444 val_f1_macro=0.7396 val_f1_weighted=0.7886 val_prec_macro=0.7494 val_rec_macro=0.7364 val_metric_name=acc val_metric=0.7954
Step 1200 | loss 0.3520 | val_acc=0.7975 val_loss=0.7539 val_f1_macro=0.7426 val_f1_weighted=0.7911 val_prec_macro=0.7521 val_rec_macro=0.7399 val_metric_name=acc val_metric=0.7975
Step 1250 | loss 0.3325 | val_acc=0.7979 val_loss=0.7645 val_f1_macro=0.7435 val_f1_weighted=0.7919 val_prec_macro=0.7532 val_rec_macro=0.7403 val_metric_name=acc val_metric=0.7979
Step 1300 | loss 0.3118 | val_acc=0.7968 val_loss=0.7754 val_f1_macro=0.7408 val_f1_weighted=0.7907 val_prec_macro=0.7508 val_rec_macro=0.7372 val_metric_name=acc val_metric=0.7968
Step 1350 | loss 0.2983 | val_acc=0.7972 val_loss=0.7854 val_f1_macro=0.7419 val_f1_weighted=0.7913 val_prec_macro=0.7508 val_rec_macro=0.7390 val_metric_name=acc val_metric=0.7972
Step 1400 | loss 0.2836 | val_acc=0.7975 val_loss=0.7977 val_f1_macro=0.7422 val_f1_weighted=0.7919 val_prec_macro=0.7519 val_rec_macro=0.7386 val_metric_name=acc val_metric=0.7975
Step 1450 | loss 0.2643 | val_acc=0.8000 val_loss=0.8094 val_f1_macro=0.7442 val_f1_weighted=0.7945 val_prec_macro=0.7529 val_rec_macro=0.7416 val_metric_name=acc val_metric=0.8000
Step 1500 | loss 0.2507 | val_acc=0.8011 val_loss=0.8214 val_f1_macro=0.7457 val_f1_weighted=0.7956 val_prec_macro=0.7544 val_rec_macro=0.7428 val_metric_name=acc val_metric=0.8011
Step 1550 | loss 0.2352 | val_acc=0.8005 val_loss=0.8346 val_f1_macro=0.7455 val_f1_weighted=0.7952 val_prec_macro=0.7541 val_rec_macro=0.7427 val_metric_name=acc val_metric=0.8005
Step 1600 | loss 0.2201 | val_acc=0.8012 val_loss=0.8472 val_f1_macro=0.7466 val_f1_weighted=0.7959 val_prec_macro=0.7564 val_rec_macro=0.7430 val_metric_name=acc val_metric=0.8012
Step 1650 | loss 0.2136 | val_acc=0.8014 val_loss=0.8612 val_f1_macro=0.7466 val_f1_weighted=0.7961 val_prec_macro=0.7561 val_rec_macro=0.7433 val_metric_name=acc val_metric=0.8014
Step 1700 | loss 0.2040 | val_acc=0.8012 val_loss=0.8747 val_f1_macro=0.7477 val_f1_weighted=0.7960 val_prec_macro=0.7586 val_rec_macro=0.7432 val_metric_name=acc val_metric=0.8012
Step 1750 | loss 0.1923 | val_acc=0.8021 val_loss=0.8846 val_f1_macro=0.7493 val_f1_weighted=0.7972 val_prec_macro=0.7596 val_rec_macro=0.7447 val_metric_name=acc val_metric=0.8021
Step 1800 | loss 0.1833 | val_acc=0.8018 val_loss=0.8964 val_f1_macro=0.7489 val_f1_weighted=0.7968 val_prec_macro=0.7587 val_rec_macro=0.7450 val_metric_name=acc val_metric=0.8018
Step 1850 | loss 0.1756 | val_acc=0.8018 val_loss=0.9092 val_f1_macro=0.7487 val_f1_weighted=0.7969 val_prec_macro=0.7593 val_rec_macro=0.7442 val_metric_name=acc val_metric=0.8018
Step 1900 | loss 0.1664 | val_acc=0.8021 val_loss=0.9219 val_f1_macro=0.7492 val_f1_weighted=0.7972 val_prec_macro=0.7598 val_rec_macro=0.7445 val_metric_name=acc val_metric=0.8021
Step 1950 | loss 0.1590 | val_acc=0.8018 val_loss=0.9337 val_f1_macro=0.7478 val_f1_weighted=0.7968 val_prec_macro=0.7586 val_rec_macro=0.7435 val_metric_name=acc val_metric=0.8018
Step 2000 | loss 0.1508 | val_acc=0.8032 val_loss=0.9432 val_f1_macro=0.7497 val_f1_weighted=0.7983 val_prec_macro=0.7608 val_rec_macro=0.7448 val_metric_name=acc val_metric=0.8032
Step 2050 | loss 0.1468 | val_acc=0.8023 val_loss=0.9536 val_f1_macro=0.7486 val_f1_weighted=0.7973 val_prec_macro=0.7588 val_rec_macro=0.7442 val_metric_name=acc val_metric=0.8023
Step 2100 | loss 0.1367 | val_acc=0.8030 val_loss=0.9650 val_f1_macro=0.7498 val_f1_weighted=0.7981 val_prec_macro=0.7607 val_rec_macro=0.7448 val_metric_name=acc val_metric=0.8030
Step 2150 | loss 0.1346 | val_acc=0.8023 val_loss=0.9771 val_f1_macro=0.7486 val_f1_weighted=0.7973 val_prec_macro=0.7585 val_rec_macro=0.7446 val_metric_name=acc val_metric=0.8023
Step 2200 | loss 0.1261 | val_acc=0.8021 val_loss=0.9871 val_f1_macro=0.7477 val_f1_weighted=0.7970 val_prec_macro=0.7587 val_rec_macro=0.7427 val_metric_name=acc val_metric=0.8021
Step 2250 | loss 0.1255 | val_acc=0.8025 val_loss=0.9990 val_f1_macro=0.7481 val_f1_weighted=0.7972 val_prec_macro=0.7594 val_rec_macro=0.7433 val_metric_name=acc val_metric=0.8025
Step 2300 | loss 0.1164 | val_acc=0.8018 val_loss=1.0079 val_f1_macro=0.7479 val_f1_weighted=0.7966 val_prec_macro=0.7587 val_rec_macro=0.7432 val_metric_name=acc val_metric=0.8018
Step 2350 | loss 0.1162 | val_acc=0.8026 val_loss=1.0166 val_f1_macro=0.7494 val_f1_weighted=0.7975 val_prec_macro=0.7603 val_rec_macro=0.7448 val_metric_name=acc val_metric=0.8026
Step 2400 | loss 0.1116 | val_acc=0.8018 val_loss=1.0270 val_f1_macro=0.7476 val_f1_weighted=0.7967 val_prec_macro=0.7579 val_rec_macro=0.7435 val_metric_name=acc val_metric=0.8018
Early stopping at step 2430

--- Final (best ckpt @ step 2130) ---
  train_acc=0.9990 train_loss=0.0055 train_f1_macro=0.9990 train_f1_weighted=0.9990 train_prec_macro=0.9990 train_rec_macro=0.9990 train_metric_name=acc train_metric=0.9990
  val_acc=0.8041 val_loss=0.9729 val_f1_macro=0.7502 val_f1_weighted=0.7990 val_prec_macro=0.7609 val_rec_macro=0.7456 val_metric_name=acc val_metric=0.8041
  test_acc=0.8122 test_loss=0.9176 test_f1_macro=0.7561 test_f1_weighted=0.8070 test_prec_macro=0.7669 test_rec_macro=0.7510 test_metric_name=acc test_metric=0.8122
  test_acc=0.8122

============================================================
Training TABM-roman-empire GT 2L h=512 lr=3e-05 split=5
============================================================
Step    1 | loss 3.8283 | val_acc=0.1172 val_loss=3.0425 val_f1_macro=0.0374 val_f1_weighted=0.0594 val_prec_macro=0.0458 val_rec_macro=0.0675 val_metric_name=acc val_metric=0.1172
Step   50 | loss 1.6713 | val_acc=0.6189 val_loss=1.2310 val_f1_macro=0.4287 val_f1_weighted=0.5692 val_prec_macro=0.5361 val_rec_macro=0.4333 val_metric_name=acc val_metric=0.6189
Step  100 | loss 1.2747 | val_acc=0.6761 val_loss=1.0081 val_f1_macro=0.5338 val_f1_weighted=0.6414 val_prec_macro=0.5619 val_rec_macro=0.5458 val_metric_name=acc val_metric=0.6761
Step  150 | loss 1.0875 | val_acc=0.7043 val_loss=0.9183 val_f1_macro=0.5970 val_f1_weighted=0.6791 val_prec_macro=0.6501 val_rec_macro=0.6019 val_metric_name=acc val_metric=0.7043
Step  200 | loss 0.9640 | val_acc=0.7255 val_loss=0.8537 val_f1_macro=0.6409 val_f1_weighted=0.7055 val_prec_macro=0.6721 val_rec_macro=0.6423 val_metric_name=acc val_metric=0.7255
Step  250 | loss 0.8740 | val_acc=0.7458 val_loss=0.8025 val_f1_macro=0.6729 val_f1_weighted=0.7299 val_prec_macro=0.6896 val_rec_macro=0.6766 val_metric_name=acc val_metric=0.7458
Step  300 | loss 0.7976 | val_acc=0.7599 val_loss=0.7603 val_f1_macro=0.6940 val_f1_weighted=0.7463 val_prec_macro=0.7042 val_rec_macro=0.6993 val_metric_name=acc val_metric=0.7599
Step  350 | loss 0.7363 | val_acc=0.7682 val_loss=0.7270 val_f1_macro=0.7073 val_f1_weighted=0.7556 val_prec_macro=0.7153 val_rec_macro=0.7144 val_metric_name=acc val_metric=0.7682
Step  400 | loss 0.6820 | val_acc=0.7797 val_loss=0.6990 val_f1_macro=0.7236 val_f1_weighted=0.7688 val_prec_macro=0.7292 val_rec_macro=0.7322 val_metric_name=acc val_metric=0.7797
Step  450 | loss 0.6368 | val_acc=0.7876 val_loss=0.6780 val_f1_macro=0.7367 val_f1_weighted=0.7777 val_prec_macro=0.7417 val_rec_macro=0.7454 val_metric_name=acc val_metric=0.7876
Step  500 | loss 0.5941 | val_acc=0.7944 val_loss=0.6598 val_f1_macro=0.7452 val_f1_weighted=0.7851 val_prec_macro=0.7494 val_rec_macro=0.7529 val_metric_name=acc val_metric=0.7944
Step  550 | loss 0.5512 | val_acc=0.8016 val_loss=0.6446 val_f1_macro=0.7543 val_f1_weighted=0.7934 val_prec_macro=0.7583 val_rec_macro=0.7614 val_metric_name=acc val_metric=0.8016
Step  600 | loss 0.5136 | val_acc=0.8078 val_loss=0.6324 val_f1_macro=0.7637 val_f1_weighted=0.8002 val_prec_macro=0.7685 val_rec_macro=0.7696 val_metric_name=acc val_metric=0.8078
Step  650 | loss 0.4731 | val_acc=0.8125 val_loss=0.6233 val_f1_macro=0.7683 val_f1_weighted=0.8055 val_prec_macro=0.7724 val_rec_macro=0.7745 val_metric_name=acc val_metric=0.8125
Step  700 | loss 0.4466 | val_acc=0.8180 val_loss=0.6141 val_f1_macro=0.7753 val_f1_weighted=0.8119 val_prec_macro=0.7781 val_rec_macro=0.7814 val_metric_name=acc val_metric=0.8180
Step  750 | loss 0.4090 | val_acc=0.8212 val_loss=0.6104 val_f1_macro=0.7810 val_f1_weighted=0.8153 val_prec_macro=0.7823 val_rec_macro=0.7879 val_metric_name=acc val_metric=0.8212
Step  800 | loss 0.3866 | val_acc=0.8265 val_loss=0.6114 val_f1_macro=0.7883 val_f1_weighted=0.8210 val_prec_macro=0.7903 val_rec_macro=0.7943 val_metric_name=acc val_metric=0.8265
Step  850 | loss 0.3580 | val_acc=0.8295 val_loss=0.6099 val_f1_macro=0.7922 val_f1_weighted=0.8242 val_prec_macro=0.7950 val_rec_macro=0.7969 val_metric_name=acc val_metric=0.8295
Step  900 | loss 0.3277 | val_acc=0.8323 val_loss=0.6076 val_f1_macro=0.7953 val_f1_weighted=0.8278 val_prec_macro=0.7974 val_rec_macro=0.7992 val_metric_name=acc val_metric=0.8323
Step  950 | loss 0.3021 | val_acc=0.8357 val_loss=0.6124 val_f1_macro=0.7993 val_f1_weighted=0.8313 val_prec_macro=0.8016 val_rec_macro=0.8029 val_metric_name=acc val_metric=0.8357
Step 1000 | loss 0.2779 | val_acc=0.8362 val_loss=0.6163 val_f1_macro=0.7994 val_f1_weighted=0.8321 val_prec_macro=0.8021 val_rec_macro=0.8027 val_metric_name=acc val_metric=0.8362
Step 1050 | loss 0.2585 | val_acc=0.8388 val_loss=0.6236 val_f1_macro=0.8033 val_f1_weighted=0.8349 val_prec_macro=0.8059 val_rec_macro=0.8063 val_metric_name=acc val_metric=0.8388
Step 1100 | loss 0.2381 | val_acc=0.8406 val_loss=0.6292 val_f1_macro=0.8053 val_f1_weighted=0.8367 val_prec_macro=0.8075 val_rec_macro=0.8086 val_metric_name=acc val_metric=0.8406
Step 1150 | loss 0.2213 | val_acc=0.8431 val_loss=0.6349 val_f1_macro=0.8093 val_f1_weighted=0.8395 val_prec_macro=0.8111 val_rec_macro=0.8123 val_metric_name=acc val_metric=0.8431
Step 1200 | loss 0.2042 | val_acc=0.8440 val_loss=0.6408 val_f1_macro=0.8097 val_f1_weighted=0.8404 val_prec_macro=0.8116 val_rec_macro=0.8123 val_metric_name=acc val_metric=0.8440
Step 1250 | loss 0.1931 | val_acc=0.8450 val_loss=0.6522 val_f1_macro=0.8106 val_f1_weighted=0.8416 val_prec_macro=0.8126 val_rec_macro=0.8133 val_metric_name=acc val_metric=0.8450
Step 1300 | loss 0.1715 | val_acc=0.8438 val_loss=0.6618 val_f1_macro=0.8092 val_f1_weighted=0.8403 val_prec_macro=0.8118 val_rec_macro=0.8109 val_metric_name=acc val_metric=0.8438
Step 1350 | loss 0.1640 | val_acc=0.8455 val_loss=0.6722 val_f1_macro=0.8119 val_f1_weighted=0.8421 val_prec_macro=0.8145 val_rec_macro=0.8135 val_metric_name=acc val_metric=0.8455
Step 1400 | loss 0.1518 | val_acc=0.8464 val_loss=0.6801 val_f1_macro=0.8135 val_f1_weighted=0.8430 val_prec_macro=0.8157 val_rec_macro=0.8154 val_metric_name=acc val_metric=0.8464
Step 1450 | loss 0.1429 | val_acc=0.8464 val_loss=0.6924 val_f1_macro=0.8131 val_f1_weighted=0.8431 val_prec_macro=0.8153 val_rec_macro=0.8153 val_metric_name=acc val_metric=0.8464
Step 1500 | loss 0.1339 | val_acc=0.8473 val_loss=0.7008 val_f1_macro=0.8141 val_f1_weighted=0.8440 val_prec_macro=0.8174 val_rec_macro=0.8149 val_metric_name=acc val_metric=0.8473
Step 1550 | loss 0.1271 | val_acc=0.8466 val_loss=0.7083 val_f1_macro=0.8128 val_f1_weighted=0.8433 val_prec_macro=0.8154 val_rec_macro=0.8146 val_metric_name=acc val_metric=0.8466
Step 1600 | loss 0.1163 | val_acc=0.8482 val_loss=0.7157 val_f1_macro=0.8155 val_f1_weighted=0.8451 val_prec_macro=0.8177 val_rec_macro=0.8174 val_metric_name=acc val_metric=0.8482
Step 1650 | loss 0.1105 | val_acc=0.8491 val_loss=0.7277 val_f1_macro=0.8165 val_f1_weighted=0.8458 val_prec_macro=0.8203 val_rec_macro=0.8170 val_metric_name=acc val_metric=0.8491
Step 1700 | loss 0.1027 | val_acc=0.8480 val_loss=0.7339 val_f1_macro=0.8145 val_f1_weighted=0.8447 val_prec_macro=0.8169 val_rec_macro=0.8160 val_metric_name=acc val_metric=0.8480
Step 1750 | loss 0.0959 | val_acc=0.8482 val_loss=0.7394 val_f1_macro=0.8150 val_f1_weighted=0.8450 val_prec_macro=0.8179 val_rec_macro=0.8161 val_metric_name=acc val_metric=0.8482
Step 1800 | loss 0.0932 | val_acc=0.8487 val_loss=0.7493 val_f1_macro=0.8158 val_f1_weighted=0.8456 val_prec_macro=0.8190 val_rec_macro=0.8165 val_metric_name=acc val_metric=0.8487
Step 1850 | loss 0.0875 | val_acc=0.8478 val_loss=0.7598 val_f1_macro=0.8157 val_f1_weighted=0.8446 val_prec_macro=0.8202 val_rec_macro=0.8154 val_metric_name=acc val_metric=0.8478
Step 1900 | loss 0.0845 | val_acc=0.8487 val_loss=0.7639 val_f1_macro=0.8164 val_f1_weighted=0.8454 val_prec_macro=0.8195 val_rec_macro=0.8175 val_metric_name=acc val_metric=0.8487
Step 1950 | loss 0.0792 | val_acc=0.8480 val_loss=0.7754 val_f1_macro=0.8138 val_f1_weighted=0.8448 val_prec_macro=0.8185 val_rec_macro=0.8131 val_metric_name=acc val_metric=0.8480
Step 2000 | loss 0.0735 | val_acc=0.8484 val_loss=0.7809 val_f1_macro=0.8161 val_f1_weighted=0.8453 val_prec_macro=0.8196 val_rec_macro=0.8165 val_metric_name=acc val_metric=0.8484
Step 2050 | loss 0.0709 | val_acc=0.8485 val_loss=0.7898 val_f1_macro=0.8163 val_f1_weighted=0.8455 val_prec_macro=0.8199 val_rec_macro=0.8166 val_metric_name=acc val_metric=0.8485
Step 2100 | loss 0.0674 | val_acc=0.8466 val_loss=0.7945 val_f1_macro=0.8127 val_f1_weighted=0.8434 val_prec_macro=0.8165 val_rec_macro=0.8130 val_metric_name=acc val_metric=0.8466
Step 2150 | loss 0.0625 | val_acc=0.8494 val_loss=0.7964 val_f1_macro=0.8163 val_f1_weighted=0.8464 val_prec_macro=0.8205 val_rec_macro=0.8159 val_metric_name=acc val_metric=0.8494
Step 2200 | loss 0.0623 | val_acc=0.8491 val_loss=0.8060 val_f1_macro=0.8162 val_f1_weighted=0.8459 val_prec_macro=0.8210 val_rec_macro=0.8155 val_metric_name=acc val_metric=0.8491
Step 2250 | loss 0.0611 | val_acc=0.8496 val_loss=0.8113 val_f1_macro=0.8163 val_f1_weighted=0.8465 val_prec_macro=0.8214 val_rec_macro=0.8157 val_metric_name=acc val_metric=0.8496
Step 2300 | loss 0.0557 | val_acc=0.8498 val_loss=0.8177 val_f1_macro=0.8168 val_f1_weighted=0.8465 val_prec_macro=0.8220 val_rec_macro=0.8157 val_metric_name=acc val_metric=0.8498
Step 2350 | loss 0.0556 | val_acc=0.8503 val_loss=0.8201 val_f1_macro=0.8166 val_f1_weighted=0.8473 val_prec_macro=0.8206 val_rec_macro=0.8167 val_metric_name=acc val_metric=0.8503
Step 2400 | loss 0.0519 | val_acc=0.8500 val_loss=0.8282 val_f1_macro=0.8168 val_f1_weighted=0.8469 val_prec_macro=0.8217 val_rec_macro=0.8162 val_metric_name=acc val_metric=0.8500
Step 2450 | loss 0.0493 | val_acc=0.8500 val_loss=0.8373 val_f1_macro=0.8167 val_f1_weighted=0.8467 val_prec_macro=0.8206 val_rec_macro=0.8171 val_metric_name=acc val_metric=0.8500
Step 2500 | loss 0.0488 | val_acc=0.8503 val_loss=0.8409 val_f1_macro=0.8171 val_f1_weighted=0.8472 val_prec_macro=0.8210 val_rec_macro=0.8174 val_metric_name=acc val_metric=0.8503
Step 2550 | loss 0.0470 | val_acc=0.8508 val_loss=0.8430 val_f1_macro=0.8179 val_f1_weighted=0.8478 val_prec_macro=0.8220 val_rec_macro=0.8177 val_metric_name=acc val_metric=0.8508
Step 2600 | loss 0.0438 | val_acc=0.8514 val_loss=0.8509 val_f1_macro=0.8184 val_f1_weighted=0.8483 val_prec_macro=0.8224 val_rec_macro=0.8187 val_metric_name=acc val_metric=0.8514
Step 2650 | loss 0.0445 | val_acc=0.8500 val_loss=0.8556 val_f1_macro=0.8164 val_f1_weighted=0.8469 val_prec_macro=0.8211 val_rec_macro=0.8159 val_metric_name=acc val_metric=0.8500
Step 2700 | loss 0.0401 | val_acc=0.8501 val_loss=0.8598 val_f1_macro=0.8163 val_f1_weighted=0.8472 val_prec_macro=0.8211 val_rec_macro=0.8156 val_metric_name=acc val_metric=0.8501
Step 2750 | loss 0.0412 | val_acc=0.8496 val_loss=0.8649 val_f1_macro=0.8167 val_f1_weighted=0.8466 val_prec_macro=0.8208 val_rec_macro=0.8167 val_metric_name=acc val_metric=0.8496
Step 2800 | loss 0.0383 | val_acc=0.8510 val_loss=0.8692 val_f1_macro=0.8184 val_f1_weighted=0.8479 val_prec_macro=0.8234 val_rec_macro=0.8179 val_metric_name=acc val_metric=0.8510
Step 2850 | loss 0.0345 | val_acc=0.8521 val_loss=0.8749 val_f1_macro=0.8188 val_f1_weighted=0.8491 val_prec_macro=0.8239 val_rec_macro=0.8179 val_metric_name=acc val_metric=0.8521
Step 2900 | loss 0.0371 | val_acc=0.8507 val_loss=0.8779 val_f1_macro=0.8168 val_f1_weighted=0.8476 val_prec_macro=0.8219 val_rec_macro=0.8163 val_metric_name=acc val_metric=0.8507
Step 2950 | loss 0.0338 | val_acc=0.8519 val_loss=0.8798 val_f1_macro=0.8182 val_f1_weighted=0.8490 val_prec_macro=0.8228 val_rec_macro=0.8176 val_metric_name=acc val_metric=0.8519
Step 3000 | loss 0.0348 | val_acc=0.8517 val_loss=0.8828 val_f1_macro=0.8180 val_f1_weighted=0.8488 val_prec_macro=0.8233 val_rec_macro=0.8167 val_metric_name=acc val_metric=0.8517
Step 3050 | loss 0.0337 | val_acc=0.8524 val_loss=0.8901 val_f1_macro=0.8195 val_f1_weighted=0.8495 val_prec_macro=0.8248 val_rec_macro=0.8183 val_metric_name=acc val_metric=0.8524
Step 3100 | loss 0.0320 | val_acc=0.8524 val_loss=0.8949 val_f1_macro=0.8203 val_f1_weighted=0.8495 val_prec_macro=0.8258 val_rec_macro=0.8191 val_metric_name=acc val_metric=0.8524
Step 3150 | loss 0.0315 | val_acc=0.8542 val_loss=0.8967 val_f1_macro=0.8219 val_f1_weighted=0.8513 val_prec_macro=0.8274 val_rec_macro=0.8206 val_metric_name=acc val_metric=0.8542
Step 3200 | loss 0.0307 | val_acc=0.8542 val_loss=0.9001 val_f1_macro=0.8216 val_f1_weighted=0.8512 val_prec_macro=0.8269 val_rec_macro=0.8208 val_metric_name=acc val_metric=0.8542
Step 3250 | loss 0.0304 | val_acc=0.8530 val_loss=0.9075 val_f1_macro=0.8196 val_f1_weighted=0.8501 val_prec_macro=0.8252 val_rec_macro=0.8183 val_metric_name=acc val_metric=0.8530
Step 3300 | loss 0.0299 | val_acc=0.8544 val_loss=0.9135 val_f1_macro=0.8207 val_f1_weighted=0.8515 val_prec_macro=0.8268 val_rec_macro=0.8191 val_metric_name=acc val_metric=0.8544
Step 3350 | loss 0.0263 | val_acc=0.8537 val_loss=0.9119 val_f1_macro=0.8204 val_f1_weighted=0.8508 val_prec_macro=0.8257 val_rec_macro=0.8195 val_metric_name=acc val_metric=0.8537
Step 3400 | loss 0.0265 | val_acc=0.8537 val_loss=0.9157 val_f1_macro=0.8215 val_f1_weighted=0.8508 val_prec_macro=0.8268 val_rec_macro=0.8207 val_metric_name=acc val_metric=0.8537
Step 3450 | loss 0.0253 | val_acc=0.8561 val_loss=0.9211 val_f1_macro=0.8235 val_f1_weighted=0.8532 val_prec_macro=0.8283 val_rec_macro=0.8233 val_metric_name=acc val_metric=0.8561
Step 3500 | loss 0.0251 | val_acc=0.8544 val_loss=0.9224 val_f1_macro=0.8215 val_f1_weighted=0.8516 val_prec_macro=0.8264 val_rec_macro=0.8207 val_metric_name=acc val_metric=0.8544
Step 3550 | loss 0.0247 | val_acc=0.8551 val_loss=0.9271 val_f1_macro=0.8230 val_f1_weighted=0.8525 val_prec_macro=0.8274 val_rec_macro=0.8226 val_metric_name=acc val_metric=0.8551
Step 3600 | loss 0.0257 | val_acc=0.8544 val_loss=0.9297 val_f1_macro=0.8221 val_f1_weighted=0.8515 val_prec_macro=0.8268 val_rec_macro=0.8212 val_metric_name=acc val_metric=0.8544
Step 3650 | loss 0.0231 | val_acc=0.8561 val_loss=0.9371 val_f1_macro=0.8241 val_f1_weighted=0.8534 val_prec_macro=0.8286 val_rec_macro=0.8238 val_metric_name=acc val_metric=0.8561
Step 3700 | loss 0.0238 | val_acc=0.8547 val_loss=0.9421 val_f1_macro=0.8223 val_f1_weighted=0.8517 val_prec_macro=0.8275 val_rec_macro=0.8215 val_metric_name=acc val_metric=0.8547
Step 3750 | loss 0.0234 | val_acc=0.8565 val_loss=0.9428 val_f1_macro=0.8232 val_f1_weighted=0.8534 val_prec_macro=0.8297 val_rec_macro=0.8213 val_metric_name=acc val_metric=0.8565
Step 3800 | loss 0.0210 | val_acc=0.8553 val_loss=0.9427 val_f1_macro=0.8222 val_f1_weighted=0.8523 val_prec_macro=0.8282 val_rec_macro=0.8202 val_metric_name=acc val_metric=0.8553
Step 3850 | loss 0.0234 | val_acc=0.8554 val_loss=0.9467 val_f1_macro=0.8227 val_f1_weighted=0.8524 val_prec_macro=0.8283 val_rec_macro=0.8214 val_metric_name=acc val_metric=0.8554
Step 3900 | loss 0.0208 | val_acc=0.8556 val_loss=0.9539 val_f1_macro=0.8226 val_f1_weighted=0.8528 val_prec_macro=0.8280 val_rec_macro=0.8215 val_metric_name=acc val_metric=0.8556
Step 3950 | loss 0.0205 | val_acc=0.8547 val_loss=0.9543 val_f1_macro=0.8212 val_f1_weighted=0.8519 val_prec_macro=0.8274 val_rec_macro=0.8191 val_metric_name=acc val_metric=0.8547
Step 4000 | loss 0.0210 | val_acc=0.8551 val_loss=0.9636 val_f1_macro=0.8218 val_f1_weighted=0.8523 val_prec_macro=0.8272 val_rec_macro=0.8207 val_metric_name=acc val_metric=0.8551
Step 4050 | loss 0.0175 | val_acc=0.8547 val_loss=0.9631 val_f1_macro=0.8220 val_f1_weighted=0.8519 val_prec_macro=0.8269 val_rec_macro=0.8211 val_metric_name=acc val_metric=0.8547
Step 4100 | loss 0.0192 | val_acc=0.8549 val_loss=0.9673 val_f1_macro=0.8225 val_f1_weighted=0.8520 val_prec_macro=0.8280 val_rec_macro=0.8210 val_metric_name=acc val_metric=0.8549
Step 4150 | loss 0.0190 | val_acc=0.8563 val_loss=0.9653 val_f1_macro=0.8246 val_f1_weighted=0.8536 val_prec_macro=0.8293 val_rec_macro=0.8240 val_metric_name=acc val_metric=0.8563
Step 4200 | loss 0.0191 | val_acc=0.8554 val_loss=0.9701 val_f1_macro=0.8227 val_f1_weighted=0.8527 val_prec_macro=0.8276 val_rec_macro=0.8217 val_metric_name=acc val_metric=0.8554
Step 4250 | loss 0.0179 | val_acc=0.8558 val_loss=0.9732 val_f1_macro=0.8239 val_f1_weighted=0.8530 val_prec_macro=0.8288 val_rec_macro=0.8231 val_metric_name=acc val_metric=0.8558
Step 4300 | loss 0.0171 | val_acc=0.8568 val_loss=0.9754 val_f1_macro=0.8248 val_f1_weighted=0.8543 val_prec_macro=0.8291 val_rec_macro=0.8245 val_metric_name=acc val_metric=0.8568
Step 4350 | loss 0.0170 | val_acc=0.8561 val_loss=0.9779 val_f1_macro=0.8235 val_f1_weighted=0.8536 val_prec_macro=0.8277 val_rec_macro=0.8230 val_metric_name=acc val_metric=0.8561
Step 4400 | loss 0.0173 | val_acc=0.8558 val_loss=0.9822 val_f1_macro=0.8230 val_f1_weighted=0.8532 val_prec_macro=0.8273 val_rec_macro=0.8226 val_metric_name=acc val_metric=0.8558
Step 4450 | loss 0.0161 | val_acc=0.8572 val_loss=0.9885 val_f1_macro=0.8243 val_f1_weighted=0.8546 val_prec_macro=0.8285 val_rec_macro=0.8239 val_metric_name=acc val_metric=0.8572
Step 4500 | loss 0.0156 | val_acc=0.8560 val_loss=0.9906 val_f1_macro=0.8235 val_f1_weighted=0.8532 val_prec_macro=0.8282 val_rec_macro=0.8231 val_metric_name=acc val_metric=0.8560
Step 4550 | loss 0.0170 | val_acc=0.8561 val_loss=0.9934 val_f1_macro=0.8241 val_f1_weighted=0.8535 val_prec_macro=0.8289 val_rec_macro=0.8231 val_metric_name=acc val_metric=0.8561
Step 4600 | loss 0.0153 | val_acc=0.8553 val_loss=0.9998 val_f1_macro=0.8217 val_f1_weighted=0.8525 val_prec_macro=0.8265 val_rec_macro=0.8207 val_metric_name=acc val_metric=0.8553
Step 4650 | loss 0.0141 | val_acc=0.8572 val_loss=0.9983 val_f1_macro=0.8258 val_f1_weighted=0.8545 val_prec_macro=0.8312 val_rec_macro=0.8246 val_metric_name=acc val_metric=0.8572
Step 4700 | loss 0.0155 | val_acc=0.8561 val_loss=1.0021 val_f1_macro=0.8238 val_f1_weighted=0.8533 val_prec_macro=0.8299 val_rec_macro=0.8217 val_metric_name=acc val_metric=0.8561
Step 4750 | loss 0.0147 | val_acc=0.8567 val_loss=1.0083 val_f1_macro=0.8243 val_f1_weighted=0.8538 val_prec_macro=0.8304 val_rec_macro=0.8225 val_metric_name=acc val_metric=0.8567
Step 4800 | loss 0.0142 | val_acc=0.8577 val_loss=1.0108 val_f1_macro=0.8257 val_f1_weighted=0.8549 val_prec_macro=0.8306 val_rec_macro=0.8251 val_metric_name=acc val_metric=0.8577
Step 4850 | loss 0.0141 | val_acc=0.8568 val_loss=1.0082 val_f1_macro=0.8246 val_f1_weighted=0.8543 val_prec_macro=0.8306 val_rec_macro=0.8228 val_metric_name=acc val_metric=0.8568
Step 4900 | loss 0.0134 | val_acc=0.8575 val_loss=1.0136 val_f1_macro=0.8259 val_f1_weighted=0.8549 val_prec_macro=0.8314 val_rec_macro=0.8248 val_metric_name=acc val_metric=0.8575
Step 4950 | loss 0.0125 | val_acc=0.8568 val_loss=1.0134 val_f1_macro=0.8244 val_f1_weighted=0.8541 val_prec_macro=0.8294 val_rec_macro=0.8239 val_metric_name=acc val_metric=0.8568
Step 5000 | loss 0.0136 | val_acc=0.8561 val_loss=1.0203 val_f1_macro=0.8236 val_f1_weighted=0.8532 val_prec_macro=0.8294 val_rec_macro=0.8220 val_metric_name=acc val_metric=0.8561

--- Final (best ckpt @ step 4760) ---
  train_acc=1.0000 train_loss=0.0000 train_f1_macro=1.0000 train_f1_weighted=1.0000 train_prec_macro=1.0000 train_rec_macro=1.0000 train_metric_name=acc train_metric=1.0000
  val_acc=0.8581 val_loss=1.0076 val_f1_macro=0.8263 val_f1_weighted=0.8554 val_prec_macro=0.8320 val_rec_macro=0.8253 val_metric_name=acc val_metric=0.8581
  test_acc=0.8662 test_loss=0.9403 test_f1_macro=0.8317 test_f1_weighted=0.8635 test_prec_macro=0.8365 test_rec_macro=0.8312 test_metric_name=acc test_metric=0.8662
  test_acc=0.8662

============================================================
Training TABM-roman-empire GT 3L h=512 lr=3e-05 split=5
============================================================
Step    1 | loss 3.8403 | val_acc=0.0971 val_loss=2.9530 val_f1_macro=0.0611 val_f1_weighted=0.0910 val_prec_macro=0.0710 val_rec_macro=0.0780 val_metric_name=acc val_metric=0.0971
Step   50 | loss 1.6008 | val_acc=0.6182 val_loss=1.1990 val_f1_macro=0.4382 val_f1_weighted=0.5725 val_prec_macro=0.4863 val_rec_macro=0.4453 val_metric_name=acc val_metric=0.6182
Step  100 | loss 1.2074 | val_acc=0.6807 val_loss=0.9883 val_f1_macro=0.5453 val_f1_weighted=0.6474 val_prec_macro=0.6050 val_rec_macro=0.5557 val_metric_name=acc val_metric=0.6807
Step  150 | loss 1.0255 | val_acc=0.7140 val_loss=0.8846 val_f1_macro=0.6273 val_f1_weighted=0.6921 val_prec_macro=0.6619 val_rec_macro=0.6305 val_metric_name=acc val_metric=0.7140
Step  200 | loss 0.9012 | val_acc=0.7400 val_loss=0.8054 val_f1_macro=0.6637 val_f1_weighted=0.7222 val_prec_macro=0.6806 val_rec_macro=0.6691 val_metric_name=acc val_metric=0.7400
Step  250 | loss 0.8050 | val_acc=0.7590 val_loss=0.7471 val_f1_macro=0.6901 val_f1_weighted=0.7439 val_prec_macro=0.7007 val_rec_macro=0.6985 val_metric_name=acc val_metric=0.7590
Step  300 | loss 0.7376 | val_acc=0.7725 val_loss=0.6985 val_f1_macro=0.7118 val_f1_weighted=0.7592 val_prec_macro=0.7174 val_rec_macro=0.7240 val_metric_name=acc val_metric=0.7725
Step  350 | loss 0.6679 | val_acc=0.7832 val_loss=0.6640 val_f1_macro=0.7287 val_f1_weighted=0.7719 val_prec_macro=0.7339 val_rec_macro=0.7402 val_metric_name=acc val_metric=0.7832
Step  400 | loss 0.6063 | val_acc=0.7968 val_loss=0.6326 val_f1_macro=0.7468 val_f1_weighted=0.7879 val_prec_macro=0.7500 val_rec_macro=0.7576 val_metric_name=acc val_metric=0.7968
Step  450 | loss 0.5657 | val_acc=0.8071 val_loss=0.6046 val_f1_macro=0.7626 val_f1_weighted=0.7987 val_prec_macro=0.7677 val_rec_macro=0.7706 val_metric_name=acc val_metric=0.8071
Step  500 | loss 0.5199 | val_acc=0.8154 val_loss=0.5815 val_f1_macro=0.7712 val_f1_weighted=0.8079 val_prec_macro=0.7753 val_rec_macro=0.7791 val_metric_name=acc val_metric=0.8154
Step  550 | loss 0.4749 | val_acc=0.8215 val_loss=0.5614 val_f1_macro=0.7802 val_f1_weighted=0.8145 val_prec_macro=0.7833 val_rec_macro=0.7876 val_metric_name=acc val_metric=0.8215
Step  600 | loss 0.4374 | val_acc=0.8300 val_loss=0.5474 val_f1_macro=0.7890 val_f1_weighted=0.8237 val_prec_macro=0.7927 val_rec_macro=0.7955 val_metric_name=acc val_metric=0.8300
Step  650 | loss 0.4031 | val_acc=0.8348 val_loss=0.5346 val_f1_macro=0.7927 val_f1_weighted=0.8289 val_prec_macro=0.7950 val_rec_macro=0.7998 val_metric_name=acc val_metric=0.8348
Step  700 | loss 0.3659 | val_acc=0.8417 val_loss=0.5241 val_f1_macro=0.8018 val_f1_weighted=0.8366 val_prec_macro=0.8043 val_rec_macro=0.8070 val_metric_name=acc val_metric=0.8417
Step  750 | loss 0.3383 | val_acc=0.8452 val_loss=0.5208 val_f1_macro=0.8065 val_f1_weighted=0.8405 val_prec_macro=0.8081 val_rec_macro=0.8125 val_metric_name=acc val_metric=0.8452
Step  800 | loss 0.3127 | val_acc=0.8500 val_loss=0.5159 val_f1_macro=0.8131 val_f1_weighted=0.8454 val_prec_macro=0.8145 val_rec_macro=0.8194 val_metric_name=acc val_metric=0.8500
Step  850 | loss 0.2832 | val_acc=0.8560 val_loss=0.5136 val_f1_macro=0.8200 val_f1_weighted=0.8521 val_prec_macro=0.8209 val_rec_macro=0.8251 val_metric_name=acc val_metric=0.8560
Step  900 | loss 0.2611 | val_acc=0.8579 val_loss=0.5142 val_f1_macro=0.8236 val_f1_weighted=0.8544 val_prec_macro=0.8236 val_rec_macro=0.8289 val_metric_name=acc val_metric=0.8579
Step  950 | loss 0.2332 | val_acc=0.8593 val_loss=0.5183 val_f1_macro=0.8252 val_f1_weighted=0.8560 val_prec_macro=0.8253 val_rec_macro=0.8302 val_metric_name=acc val_metric=0.8593
Step 1000 | loss 0.2152 | val_acc=0.8623 val_loss=0.5210 val_f1_macro=0.8295 val_f1_weighted=0.8592 val_prec_macro=0.8291 val_rec_macro=0.8345 val_metric_name=acc val_metric=0.8623
Step 1050 | loss 0.1948 | val_acc=0.8641 val_loss=0.5223 val_f1_macro=0.8325 val_f1_weighted=0.8613 val_prec_macro=0.8316 val_rec_macro=0.8370 val_metric_name=acc val_metric=0.8641
Step 1100 | loss 0.1777 | val_acc=0.8643 val_loss=0.5314 val_f1_macro=0.8332 val_f1_weighted=0.8614 val_prec_macro=0.8336 val_rec_macro=0.8363 val_metric_name=acc val_metric=0.8643
Step 1150 | loss 0.1664 | val_acc=0.8648 val_loss=0.5381 val_f1_macro=0.8350 val_f1_weighted=0.8618 val_prec_macro=0.8348 val_rec_macro=0.8388 val_metric_name=acc val_metric=0.8648
Step 1200 | loss 0.1498 | val_acc=0.8658 val_loss=0.5458 val_f1_macro=0.8357 val_f1_weighted=0.8630 val_prec_macro=0.8349 val_rec_macro=0.8400 val_metric_name=acc val_metric=0.8658
Step 1250 | loss 0.1370 | val_acc=0.8697 val_loss=0.5528 val_f1_macro=0.8406 val_f1_weighted=0.8671 val_prec_macro=0.8409 val_rec_macro=0.8433 val_metric_name=acc val_metric=0.8697
Step 1300 | loss 0.1284 | val_acc=0.8711 val_loss=0.5578 val_f1_macro=0.8431 val_f1_weighted=0.8686 val_prec_macro=0.8449 val_rec_macro=0.8437 val_metric_name=acc val_metric=0.8711
Step 1350 | loss 0.1175 | val_acc=0.8715 val_loss=0.5689 val_f1_macro=0.8432 val_f1_weighted=0.8690 val_prec_macro=0.8435 val_rec_macro=0.8455 val_metric_name=acc val_metric=0.8715
Step 1400 | loss 0.1082 | val_acc=0.8726 val_loss=0.5772 val_f1_macro=0.8441 val_f1_weighted=0.8700 val_prec_macro=0.8453 val_rec_macro=0.8459 val_metric_name=acc val_metric=0.8726
Step 1450 | loss 0.1012 | val_acc=0.8741 val_loss=0.5809 val_f1_macro=0.8461 val_f1_weighted=0.8718 val_prec_macro=0.8475 val_rec_macro=0.8470 val_metric_name=acc val_metric=0.8741
Step 1500 | loss 0.0918 | val_acc=0.8743 val_loss=0.5903 val_f1_macro=0.8462 val_f1_weighted=0.8719 val_prec_macro=0.8476 val_rec_macro=0.8476 val_metric_name=acc val_metric=0.8743
Step 1550 | loss 0.0856 | val_acc=0.8750 val_loss=0.5968 val_f1_macro=0.8470 val_f1_weighted=0.8725 val_prec_macro=0.8487 val_rec_macro=0.8481 val_metric_name=acc val_metric=0.8750
Step 1600 | loss 0.0803 | val_acc=0.8757 val_loss=0.6068 val_f1_macro=0.8469 val_f1_weighted=0.8733 val_prec_macro=0.8487 val_rec_macro=0.8479 val_metric_name=acc val_metric=0.8757
Step 1650 | loss 0.0740 | val_acc=0.8754 val_loss=0.6156 val_f1_macro=0.8472 val_f1_weighted=0.8730 val_prec_macro=0.8473 val_rec_macro=0.8497 val_metric_name=acc val_metric=0.8754
Step 1700 | loss 0.0712 | val_acc=0.8757 val_loss=0.6213 val_f1_macro=0.8475 val_f1_weighted=0.8731 val_prec_macro=0.8492 val_rec_macro=0.8486 val_metric_name=acc val_metric=0.8757
Step 1750 | loss 0.0643 | val_acc=0.8764 val_loss=0.6253 val_f1_macro=0.8481 val_f1_weighted=0.8740 val_prec_macro=0.8500 val_rec_macro=0.8488 val_metric_name=acc val_metric=0.8764
Step 1800 | loss 0.0631 | val_acc=0.8757 val_loss=0.6324 val_f1_macro=0.8477 val_f1_weighted=0.8733 val_prec_macro=0.8500 val_rec_macro=0.8478 val_metric_name=acc val_metric=0.8757
Step 1850 | loss 0.0584 | val_acc=0.8763 val_loss=0.6369 val_f1_macro=0.8480 val_f1_weighted=0.8738 val_prec_macro=0.8501 val_rec_macro=0.8485 val_metric_name=acc val_metric=0.8763
Step 1900 | loss 0.0533 | val_acc=0.8773 val_loss=0.6424 val_f1_macro=0.8503 val_f1_weighted=0.8752 val_prec_macro=0.8518 val_rec_macro=0.8513 val_metric_name=acc val_metric=0.8773
Step 1950 | loss 0.0502 | val_acc=0.8775 val_loss=0.6507 val_f1_macro=0.8502 val_f1_weighted=0.8753 val_prec_macro=0.8517 val_rec_macro=0.8510 val_metric_name=acc val_metric=0.8775
Step 2000 | loss 0.0493 | val_acc=0.8768 val_loss=0.6556 val_f1_macro=0.8482 val_f1_weighted=0.8745 val_prec_macro=0.8503 val_rec_macro=0.8485 val_metric_name=acc val_metric=0.8768
Step 2050 | loss 0.0453 | val_acc=0.8764 val_loss=0.6615 val_f1_macro=0.8485 val_f1_weighted=0.8741 val_prec_macro=0.8505 val_rec_macro=0.8491 val_metric_name=acc val_metric=0.8764
Step 2100 | loss 0.0435 | val_acc=0.8766 val_loss=0.6694 val_f1_macro=0.8485 val_f1_weighted=0.8744 val_prec_macro=0.8503 val_rec_macro=0.8491 val_metric_name=acc val_metric=0.8766
Step 2150 | loss 0.0408 | val_acc=0.8770 val_loss=0.6714 val_f1_macro=0.8498 val_f1_weighted=0.8748 val_prec_macro=0.8514 val_rec_macro=0.8504 val_metric_name=acc val_metric=0.8770
Step 2200 | loss 0.0388 | val_acc=0.8780 val_loss=0.6799 val_f1_macro=0.8503 val_f1_weighted=0.8757 val_prec_macro=0.8526 val_rec_macro=0.8506 val_metric_name=acc val_metric=0.8780
Step 2250 | loss 0.0380 | val_acc=0.8777 val_loss=0.6824 val_f1_macro=0.8501 val_f1_weighted=0.8755 val_prec_macro=0.8512 val_rec_macro=0.8515 val_metric_name=acc val_metric=0.8777
Step 2300 | loss 0.0356 | val_acc=0.8763 val_loss=0.6912 val_f1_macro=0.8485 val_f1_weighted=0.8738 val_prec_macro=0.8506 val_rec_macro=0.8491 val_metric_name=acc val_metric=0.8763
Step 2350 | loss 0.0349 | val_acc=0.8782 val_loss=0.6893 val_f1_macro=0.8514 val_f1_weighted=0.8759 val_prec_macro=0.8539 val_rec_macro=0.8513 val_metric_name=acc val_metric=0.8782
Step 2400 | loss 0.0331 | val_acc=0.8775 val_loss=0.7022 val_f1_macro=0.8492 val_f1_weighted=0.8751 val_prec_macro=0.8515 val_rec_macro=0.8495 val_metric_name=acc val_metric=0.8775
Step 2450 | loss 0.0314 | val_acc=0.8777 val_loss=0.7042 val_f1_macro=0.8495 val_f1_weighted=0.8753 val_prec_macro=0.8522 val_rec_macro=0.8494 val_metric_name=acc val_metric=0.8777
Step 2500 | loss 0.0321 | val_acc=0.8786 val_loss=0.7116 val_f1_macro=0.8503 val_f1_weighted=0.8761 val_prec_macro=0.8529 val_rec_macro=0.8505 val_metric_name=acc val_metric=0.8786
Step 2550 | loss 0.0285 | val_acc=0.8791 val_loss=0.7105 val_f1_macro=0.8513 val_f1_weighted=0.8765 val_prec_macro=0.8534 val_rec_macro=0.8522 val_metric_name=acc val_metric=0.8791
Step 2600 | loss 0.0288 | val_acc=0.8793 val_loss=0.7196 val_f1_macro=0.8526 val_f1_weighted=0.8769 val_prec_macro=0.8549 val_rec_macro=0.8531 val_metric_name=acc val_metric=0.8793
Step 2650 | loss 0.0267 | val_acc=0.8791 val_loss=0.7195 val_f1_macro=0.8520 val_f1_weighted=0.8768 val_prec_macro=0.8544 val_rec_macro=0.8522 val_metric_name=acc val_metric=0.8791
Step 2700 | loss 0.0271 | val_acc=0.8798 val_loss=0.7245 val_f1_macro=0.8528 val_f1_weighted=0.8775 val_prec_macro=0.8545 val_rec_macro=0.8539 val_metric_name=acc val_metric=0.8798
Step 2750 | loss 0.0250 | val_acc=0.8801 val_loss=0.7272 val_f1_macro=0.8527 val_f1_weighted=0.8778 val_prec_macro=0.8548 val_rec_macro=0.8531 val_metric_name=acc val_metric=0.8801
Step 2800 | loss 0.0246 | val_acc=0.8791 val_loss=0.7301 val_f1_macro=0.8511 val_f1_weighted=0.8766 val_prec_macro=0.8537 val_rec_macro=0.8514 val_metric_name=acc val_metric=0.8791
Step 2850 | loss 0.0216 | val_acc=0.8805 val_loss=0.7326 val_f1_macro=0.8533 val_f1_weighted=0.8783 val_prec_macro=0.8552 val_rec_macro=0.8540 val_metric_name=acc val_metric=0.8805
Step 2900 | loss 0.0214 | val_acc=0.8803 val_loss=0.7399 val_f1_macro=0.8536 val_f1_weighted=0.8779 val_prec_macro=0.8561 val_rec_macro=0.8538 val_metric_name=acc val_metric=0.8803
Step 2950 | loss 0.0216 | val_acc=0.8808 val_loss=0.7487 val_f1_macro=0.8547 val_f1_weighted=0.8786 val_prec_macro=0.8572 val_rec_macro=0.8549 val_metric_name=acc val_metric=0.8808
Step 3000 | loss 0.0195 | val_acc=0.8807 val_loss=0.7518 val_f1_macro=0.8538 val_f1_weighted=0.8783 val_prec_macro=0.8552 val_rec_macro=0.8553 val_metric_name=acc val_metric=0.8807
Step 3050 | loss 0.0198 | val_acc=0.8810 val_loss=0.7575 val_f1_macro=0.8547 val_f1_weighted=0.8788 val_prec_macro=0.8561 val_rec_macro=0.8558 val_metric_name=acc val_metric=0.8810
Step 3100 | loss 0.0194 | val_acc=0.8812 val_loss=0.7505 val_f1_macro=0.8547 val_f1_weighted=0.8789 val_prec_macro=0.8564 val_rec_macro=0.8554 val_metric_name=acc val_metric=0.8812
Step 3150 | loss 0.0191 | val_acc=0.8812 val_loss=0.7585 val_f1_macro=0.8560 val_f1_weighted=0.8791 val_prec_macro=0.8578 val_rec_macro=0.8563 val_metric_name=acc val_metric=0.8812
Step 3200 | loss 0.0172 | val_acc=0.8814 val_loss=0.7635 val_f1_macro=0.8543 val_f1_weighted=0.8792 val_prec_macro=0.8556 val_rec_macro=0.8555 val_metric_name=acc val_metric=0.8814
Step 3250 | loss 0.0182 | val_acc=0.8830 val_loss=0.7667 val_f1_macro=0.8576 val_f1_weighted=0.8810 val_prec_macro=0.8585 val_rec_macro=0.8590 val_metric_name=acc val_metric=0.8830
Step 3300 | loss 0.0153 | val_acc=0.8835 val_loss=0.7718 val_f1_macro=0.8583 val_f1_weighted=0.8814 val_prec_macro=0.8594 val_rec_macro=0.8596 val_metric_name=acc val_metric=0.8835
Step 3350 | loss 0.0162 | val_acc=0.8831 val_loss=0.7753 val_f1_macro=0.8570 val_f1_weighted=0.8809 val_prec_macro=0.8587 val_rec_macro=0.8579 val_metric_name=acc val_metric=0.8831
Step 3400 | loss 0.0144 | val_acc=0.8828 val_loss=0.7747 val_f1_macro=0.8570 val_f1_weighted=0.8806 val_prec_macro=0.8594 val_rec_macro=0.8571 val_metric_name=acc val_metric=0.8828
Step 3450 | loss 0.0143 | val_acc=0.8821 val_loss=0.7819 val_f1_macro=0.8562 val_f1_weighted=0.8798 val_prec_macro=0.8580 val_rec_macro=0.8570 val_metric_name=acc val_metric=0.8821
Step 3500 | loss 0.0143 | val_acc=0.8823 val_loss=0.7824 val_f1_macro=0.8558 val_f1_weighted=0.8800 val_prec_macro=0.8576 val_rec_macro=0.8566 val_metric_name=acc val_metric=0.8823
Step 3550 | loss 0.0135 | val_acc=0.8837 val_loss=0.7839 val_f1_macro=0.8588 val_f1_weighted=0.8814 val_prec_macro=0.8607 val_rec_macro=0.8593 val_metric_name=acc val_metric=0.8837
Step 3600 | loss 0.0130 | val_acc=0.8821 val_loss=0.7943 val_f1_macro=0.8550 val_f1_weighted=0.8797 val_prec_macro=0.8564 val_rec_macro=0.8563 val_metric_name=acc val_metric=0.8821
Step 3650 | loss 0.0127 | val_acc=0.8824 val_loss=0.7945 val_f1_macro=0.8555 val_f1_weighted=0.8802 val_prec_macro=0.8566 val_rec_macro=0.8571 val_metric_name=acc val_metric=0.8824
Step 3700 | loss 0.0120 | val_acc=0.8835 val_loss=0.7969 val_f1_macro=0.8578 val_f1_weighted=0.8814 val_prec_macro=0.8590 val_rec_macro=0.8590 val_metric_name=acc val_metric=0.8835
Step 3750 | loss 0.0119 | val_acc=0.8838 val_loss=0.7983 val_f1_macro=0.8577 val_f1_weighted=0.8817 val_prec_macro=0.8578 val_rec_macro=0.8601 val_metric_name=acc val_metric=0.8838
Step 3800 | loss 0.0112 | val_acc=0.8840 val_loss=0.8029 val_f1_macro=0.8578 val_f1_weighted=0.8819 val_prec_macro=0.8594 val_rec_macro=0.8584 val_metric_name=acc val_metric=0.8840
Step 3850 | loss 0.0124 | val_acc=0.8837 val_loss=0.8002 val_f1_macro=0.8577 val_f1_weighted=0.8814 val_prec_macro=0.8597 val_rec_macro=0.8584 val_metric_name=acc val_metric=0.8837
Step 3900 | loss 0.0118 | val_acc=0.8840 val_loss=0.8075 val_f1_macro=0.8587 val_f1_weighted=0.8818 val_prec_macro=0.8605 val_rec_macro=0.8595 val_metric_name=acc val_metric=0.8840
Step 3950 | loss 0.0099 | val_acc=0.8844 val_loss=0.8105 val_f1_macro=0.8588 val_f1_weighted=0.8822 val_prec_macro=0.8613 val_rec_macro=0.8591 val_metric_name=acc val_metric=0.8844
Step 4000 | loss 0.0107 | val_acc=0.8846 val_loss=0.8069 val_f1_macro=0.8587 val_f1_weighted=0.8823 val_prec_macro=0.8611 val_rec_macro=0.8588 val_metric_name=acc val_metric=0.8846
Step 4050 | loss 0.0106 | val_acc=0.8849 val_loss=0.8190 val_f1_macro=0.8591 val_f1_weighted=0.8825 val_prec_macro=0.8621 val_rec_macro=0.8589 val_metric_name=acc val_metric=0.8849
Step 4100 | loss 0.0102 | val_acc=0.8853 val_loss=0.8216 val_f1_macro=0.8599 val_f1_weighted=0.8831 val_prec_macro=0.8619 val_rec_macro=0.8606 val_metric_name=acc val_metric=0.8853
Step 4150 | loss 0.0100 | val_acc=0.8849 val_loss=0.8178 val_f1_macro=0.8599 val_f1_weighted=0.8827 val_prec_macro=0.8614 val_rec_macro=0.8610 val_metric_name=acc val_metric=0.8849
Step 4200 | loss 0.0102 | val_acc=0.8868 val_loss=0.8248 val_f1_macro=0.8635 val_f1_weighted=0.8847 val_prec_macro=0.8655 val_rec_macro=0.8641 val_metric_name=acc val_metric=0.8868
Step 4250 | loss 0.0094 | val_acc=0.8863 val_loss=0.8246 val_f1_macro=0.8620 val_f1_weighted=0.8841 val_prec_macro=0.8646 val_rec_macro=0.8620 val_metric_name=acc val_metric=0.8863
Step 4300 | loss 0.0090 | val_acc=0.8853 val_loss=0.8258 val_f1_macro=0.8606 val_f1_weighted=0.8830 val_prec_macro=0.8625 val_rec_macro=0.8613 val_metric_name=acc val_metric=0.8853
Step 4350 | loss 0.0079 | val_acc=0.8849 val_loss=0.8344 val_f1_macro=0.8595 val_f1_weighted=0.8825 val_prec_macro=0.8622 val_rec_macro=0.8596 val_metric_name=acc val_metric=0.8849
Step 4400 | loss 0.0089 | val_acc=0.8844 val_loss=0.8312 val_f1_macro=0.8581 val_f1_weighted=0.8822 val_prec_macro=0.8604 val_rec_macro=0.8583 val_metric_name=acc val_metric=0.8844
Step 4450 | loss 0.0083 | val_acc=0.8847 val_loss=0.8421 val_f1_macro=0.8593 val_f1_weighted=0.8824 val_prec_macro=0.8612 val_rec_macro=0.8603 val_metric_name=acc val_metric=0.8847
Step 4500 | loss 0.0087 | val_acc=0.8844 val_loss=0.8370 val_f1_macro=0.8586 val_f1_weighted=0.8822 val_prec_macro=0.8613 val_rec_macro=0.8582 val_metric_name=acc val_metric=0.8844
Early stopping at step 4500

--- Final (best ckpt @ step 4200) ---
  train_acc=1.0000 train_loss=0.0000 train_f1_macro=1.0000 train_f1_weighted=1.0000 train_prec_macro=1.0000 train_rec_macro=1.0000 train_metric_name=acc train_metric=1.0000
  val_acc=0.8868 val_loss=0.8248 val_f1_macro=0.8635 val_f1_weighted=0.8847 val_prec_macro=0.8655 val_rec_macro=0.8641 val_metric_name=acc val_metric=0.8868
  test_acc=0.8945 test_loss=0.7562 test_f1_macro=0.8666 test_f1_weighted=0.8927 test_prec_macro=0.8714 test_rec_macro=0.8647 test_metric_name=acc test_metric=0.8945
  test_acc=0.8945

============================================================
Training TABM-roman-empire GT 4L h=512 lr=3e-05 split=5
============================================================
Step    1 | loss 3.7741 | val_acc=0.1402 val_loss=2.8332 val_f1_macro=0.0456 val_f1_weighted=0.0916 val_prec_macro=0.0558 val_rec_macro=0.0642 val_metric_name=acc val_metric=0.1402
Step   50 | loss 1.5473 | val_acc=0.6297 val_loss=1.1644 val_f1_macro=0.4626 val_f1_weighted=0.5853 val_prec_macro=0.5490 val_rec_macro=0.4726 val_metric_name=acc val_metric=0.6297
Step  100 | loss 1.1712 | val_acc=0.6874 val_loss=0.9651 val_f1_macro=0.5653 val_f1_weighted=0.6565 val_prec_macro=0.6429 val_rec_macro=0.5758 val_metric_name=acc val_metric=0.6874
Step  150 | loss 0.9882 | val_acc=0.7209 val_loss=0.8555 val_f1_macro=0.6349 val_f1_weighted=0.6998 val_prec_macro=0.6690 val_rec_macro=0.6407 val_metric_name=acc val_metric=0.7209
Step  200 | loss 0.8683 | val_acc=0.7497 val_loss=0.7783 val_f1_macro=0.6782 val_f1_weighted=0.7334 val_prec_macro=0.6915 val_rec_macro=0.6879 val_metric_name=acc val_metric=0.7497
Step  250 | loss 0.7732 | val_acc=0.7636 val_loss=0.7204 val_f1_macro=0.6996 val_f1_weighted=0.7492 val_prec_macro=0.7073 val_rec_macro=0.7140 val_metric_name=acc val_metric=0.7636
Step  300 | loss 0.6940 | val_acc=0.7774 val_loss=0.6756 val_f1_macro=0.7194 val_f1_weighted=0.7653 val_prec_macro=0.7237 val_rec_macro=0.7360 val_metric_name=acc val_metric=0.7774
Step  350 | loss 0.6300 | val_acc=0.7924 val_loss=0.6330 val_f1_macro=0.7397 val_f1_weighted=0.7830 val_prec_macro=0.7410 val_rec_macro=0.7559 val_metric_name=acc val_metric=0.7924
Step  400 | loss 0.5708 | val_acc=0.8062 val_loss=0.5998 val_f1_macro=0.7589 val_f1_weighted=0.7985 val_prec_macro=0.7597 val_rec_macro=0.7728 val_metric_name=acc val_metric=0.8062
Step  450 | loss 0.5205 | val_acc=0.8198 val_loss=0.5664 val_f1_macro=0.7765 val_f1_weighted=0.8131 val_prec_macro=0.7770 val_rec_macro=0.7878 val_metric_name=acc val_metric=0.8198
Step  500 | loss 0.4705 | val_acc=0.8302 val_loss=0.5398 val_f1_macro=0.7895 val_f1_weighted=0.8243 val_prec_macro=0.7902 val_rec_macro=0.7990 val_metric_name=acc val_metric=0.8302
Step  550 | loss 0.4283 | val_acc=0.8397 val_loss=0.5210 val_f1_macro=0.8005 val_f1_weighted=0.8345 val_prec_macro=0.8008 val_rec_macro=0.8090 val_metric_name=acc val_metric=0.8397
Step  600 | loss 0.3839 | val_acc=0.8464 val_loss=0.5067 val_f1_macro=0.8097 val_f1_weighted=0.8418 val_prec_macro=0.8102 val_rec_macro=0.8169 val_metric_name=acc val_metric=0.8464
Step  650 | loss 0.3475 | val_acc=0.8531 val_loss=0.4945 val_f1_macro=0.8177 val_f1_weighted=0.8493 val_prec_macro=0.8180 val_rec_macro=0.8236 val_metric_name=acc val_metric=0.8531
Step  700 | loss 0.3143 | val_acc=0.8602 val_loss=0.4879 val_f1_macro=0.8263 val_f1_weighted=0.8569 val_prec_macro=0.8270 val_rec_macro=0.8314 val_metric_name=acc val_metric=0.8602
Step  750 | loss 0.2821 | val_acc=0.8644 val_loss=0.4871 val_f1_macro=0.8318 val_f1_weighted=0.8613 val_prec_macro=0.8327 val_rec_macro=0.8366 val_metric_name=acc val_metric=0.8644
Step  800 | loss 0.2566 | val_acc=0.8680 val_loss=0.4846 val_f1_macro=0.8373 val_f1_weighted=0.8651 val_prec_macro=0.8379 val_rec_macro=0.8415 val_metric_name=acc val_metric=0.8680
Step  850 | loss 0.2368 | val_acc=0.8717 val_loss=0.4875 val_f1_macro=0.8427 val_f1_weighted=0.8690 val_prec_macro=0.8427 val_rec_macro=0.8471 val_metric_name=acc val_metric=0.8717
Step  900 | loss 0.2111 | val_acc=0.8724 val_loss=0.4898 val_f1_macro=0.8437 val_f1_weighted=0.8700 val_prec_macro=0.8440 val_rec_macro=0.8472 val_metric_name=acc val_metric=0.8724
Step  950 | loss 0.1885 | val_acc=0.8726 val_loss=0.4934 val_f1_macro=0.8435 val_f1_weighted=0.8701 val_prec_macro=0.8442 val_rec_macro=0.8465 val_metric_name=acc val_metric=0.8726
Step 1000 | loss 0.1723 | val_acc=0.8752 val_loss=0.5027 val_f1_macro=0.8471 val_f1_weighted=0.8727 val_prec_macro=0.8478 val_rec_macro=0.8502 val_metric_name=acc val_metric=0.8752
Step 1050 | loss 0.1521 | val_acc=0.8777 val_loss=0.5063 val_f1_macro=0.8508 val_f1_weighted=0.8755 val_prec_macro=0.8506 val_rec_macro=0.8544 val_metric_name=acc val_metric=0.8777
Step 1100 | loss 0.1389 | val_acc=0.8798 val_loss=0.5156 val_f1_macro=0.8535 val_f1_weighted=0.8776 val_prec_macro=0.8541 val_rec_macro=0.8562 val_metric_name=acc val_metric=0.8798
Step 1150 | loss 0.1257 | val_acc=0.8786 val_loss=0.5234 val_f1_macro=0.8527 val_f1_weighted=0.8764 val_prec_macro=0.8535 val_rec_macro=0.8553 val_metric_name=acc val_metric=0.8786
Step 1200 | loss 0.1131 | val_acc=0.8810 val_loss=0.5306 val_f1_macro=0.8556 val_f1_weighted=0.8789 val_prec_macro=0.8564 val_rec_macro=0.8581 val_metric_name=acc val_metric=0.8810
Step 1250 | loss 0.1034 | val_acc=0.8810 val_loss=0.5380 val_f1_macro=0.8559 val_f1_weighted=0.8790 val_prec_macro=0.8573 val_rec_macro=0.8577 val_metric_name=acc val_metric=0.8810
Step 1300 | loss 0.0967 | val_acc=0.8814 val_loss=0.5478 val_f1_macro=0.8565 val_f1_weighted=0.8794 val_prec_macro=0.8572 val_rec_macro=0.8590 val_metric_name=acc val_metric=0.8814
Step 1350 | loss 0.0868 | val_acc=0.8821 val_loss=0.5578 val_f1_macro=0.8571 val_f1_weighted=0.8800 val_prec_macro=0.8582 val_rec_macro=0.8592 val_metric_name=acc val_metric=0.8821
Step 1400 | loss 0.0779 | val_acc=0.8826 val_loss=0.5624 val_f1_macro=0.8583 val_f1_weighted=0.8806 val_prec_macro=0.8587 val_rec_macro=0.8610 val_metric_name=acc val_metric=0.8826
Step 1450 | loss 0.0723 | val_acc=0.8833 val_loss=0.5699 val_f1_macro=0.8590 val_f1_weighted=0.8814 val_prec_macro=0.8596 val_rec_macro=0.8615 val_metric_name=acc val_metric=0.8833
Step 1500 | loss 0.0653 | val_acc=0.8840 val_loss=0.5768 val_f1_macro=0.8593 val_f1_weighted=0.8821 val_prec_macro=0.8598 val_rec_macro=0.8614 val_metric_name=acc val_metric=0.8840
Step 1550 | loss 0.0632 | val_acc=0.8851 val_loss=0.5831 val_f1_macro=0.8608 val_f1_weighted=0.8833 val_prec_macro=0.8611 val_rec_macro=0.8631 val_metric_name=acc val_metric=0.8851
Step 1600 | loss 0.0564 | val_acc=0.8849 val_loss=0.5910 val_f1_macro=0.8610 val_f1_weighted=0.8832 val_prec_macro=0.8619 val_rec_macro=0.8629 val_metric_name=acc val_metric=0.8849
Step 1650 | loss 0.0535 | val_acc=0.8853 val_loss=0.6002 val_f1_macro=0.8619 val_f1_weighted=0.8835 val_prec_macro=0.8621 val_rec_macro=0.8644 val_metric_name=acc val_metric=0.8853
Step 1700 | loss 0.0489 | val_acc=0.8844 val_loss=0.6112 val_f1_macro=0.8597 val_f1_weighted=0.8825 val_prec_macro=0.8610 val_rec_macro=0.8612 val_metric_name=acc val_metric=0.8844
Step 1750 | loss 0.0446 | val_acc=0.8854 val_loss=0.6148 val_f1_macro=0.8618 val_f1_weighted=0.8836 val_prec_macro=0.8635 val_rec_macro=0.8627 val_metric_name=acc val_metric=0.8854
Step 1800 | loss 0.0414 | val_acc=0.8856 val_loss=0.6199 val_f1_macro=0.8610 val_f1_weighted=0.8838 val_prec_macro=0.8623 val_rec_macro=0.8621 val_metric_name=acc val_metric=0.8856
Step 1850 | loss 0.0411 | val_acc=0.8861 val_loss=0.6249 val_f1_macro=0.8622 val_f1_weighted=0.8845 val_prec_macro=0.8630 val_rec_macro=0.8637 val_metric_name=acc val_metric=0.8861
Step 1900 | loss 0.0366 | val_acc=0.8856 val_loss=0.6344 val_f1_macro=0.8622 val_f1_weighted=0.8839 val_prec_macro=0.8635 val_rec_macro=0.8633 val_metric_name=acc val_metric=0.8856
Step 1950 | loss 0.0346 | val_acc=0.8854 val_loss=0.6417 val_f1_macro=0.8606 val_f1_weighted=0.8835 val_prec_macro=0.8611 val_rec_macro=0.8623 val_metric_name=acc val_metric=0.8854
Step 2000 | loss 0.0331 | val_acc=0.8872 val_loss=0.6410 val_f1_macro=0.8645 val_f1_weighted=0.8856 val_prec_macro=0.8656 val_rec_macro=0.8657 val_metric_name=acc val_metric=0.8872
Step 2050 | loss 0.0330 | val_acc=0.8872 val_loss=0.6517 val_f1_macro=0.8646 val_f1_weighted=0.8855 val_prec_macro=0.8652 val_rec_macro=0.8664 val_metric_name=acc val_metric=0.8872
Step 2100 | loss 0.0314 | val_acc=0.8874 val_loss=0.6590 val_f1_macro=0.8638 val_f1_weighted=0.8856 val_prec_macro=0.8643 val_rec_macro=0.8656 val_metric_name=acc val_metric=0.8874
Step 2150 | loss 0.0289 | val_acc=0.8884 val_loss=0.6613 val_f1_macro=0.8658 val_f1_weighted=0.8866 val_prec_macro=0.8671 val_rec_macro=0.8668 val_metric_name=acc val_metric=0.8884
Step 2200 | loss 0.0261 | val_acc=0.8886 val_loss=0.6650 val_f1_macro=0.8660 val_f1_weighted=0.8869 val_prec_macro=0.8667 val_rec_macro=0.8675 val_metric_name=acc val_metric=0.8886
Step 2250 | loss 0.0268 | val_acc=0.8879 val_loss=0.6697 val_f1_macro=0.8655 val_f1_weighted=0.8863 val_prec_macro=0.8661 val_rec_macro=0.8670 val_metric_name=acc val_metric=0.8879
Step 2300 | loss 0.0240 | val_acc=0.8890 val_loss=0.6727 val_f1_macro=0.8665 val_f1_weighted=0.8872 val_prec_macro=0.8679 val_rec_macro=0.8672 val_metric_name=acc val_metric=0.8890
Step 2350 | loss 0.0222 | val_acc=0.8874 val_loss=0.6840 val_f1_macro=0.8644 val_f1_weighted=0.8855 val_prec_macro=0.8652 val_rec_macro=0.8660 val_metric_name=acc val_metric=0.8874
Step 2400 | loss 0.0237 | val_acc=0.8876 val_loss=0.6863 val_f1_macro=0.8648 val_f1_weighted=0.8858 val_prec_macro=0.8654 val_rec_macro=0.8663 val_metric_name=acc val_metric=0.8876
Step 2450 | loss 0.0199 | val_acc=0.8890 val_loss=0.6915 val_f1_macro=0.8665 val_f1_weighted=0.8873 val_prec_macro=0.8674 val_rec_macro=0.8676 val_metric_name=acc val_metric=0.8890
Step 2500 | loss 0.0198 | val_acc=0.8883 val_loss=0.6993 val_f1_macro=0.8663 val_f1_weighted=0.8865 val_prec_macro=0.8670 val_rec_macro=0.8676 val_metric_name=acc val_metric=0.8883
Step 2550 | loss 0.0197 | val_acc=0.8884 val_loss=0.6995 val_f1_macro=0.8675 val_f1_weighted=0.8868 val_prec_macro=0.8684 val_rec_macro=0.8685 val_metric_name=acc val_metric=0.8884
Step 2600 | loss 0.0185 | val_acc=0.8883 val_loss=0.7003 val_f1_macro=0.8663 val_f1_weighted=0.8866 val_prec_macro=0.8674 val_rec_macro=0.8670 val_metric_name=acc val_metric=0.8883
Step 2650 | loss 0.0175 | val_acc=0.8876 val_loss=0.7090 val_f1_macro=0.8657 val_f1_weighted=0.8859 val_prec_macro=0.8668 val_rec_macro=0.8665 val_metric_name=acc val_metric=0.8876
Step 2700 | loss 0.0169 | val_acc=0.8884 val_loss=0.7160 val_f1_macro=0.8665 val_f1_weighted=0.8867 val_prec_macro=0.8677 val_rec_macro=0.8673 val_metric_name=acc val_metric=0.8884
Step 2750 | loss 0.0170 | val_acc=0.8893 val_loss=0.7169 val_f1_macro=0.8676 val_f1_weighted=0.8877 val_prec_macro=0.8687 val_rec_macro=0.8684 val_metric_name=acc val_metric=0.8893
Step 2800 | loss 0.0145 | val_acc=0.8883 val_loss=0.7211 val_f1_macro=0.8656 val_f1_weighted=0.8866 val_prec_macro=0.8659 val_rec_macro=0.8670 val_metric_name=acc val_metric=0.8883
Step 2850 | loss 0.0140 | val_acc=0.8893 val_loss=0.7242 val_f1_macro=0.8669 val_f1_weighted=0.8876 val_prec_macro=0.8685 val_rec_macro=0.8673 val_metric_name=acc val_metric=0.8893
Step 2900 | loss 0.0144 | val_acc=0.8895 val_loss=0.7273 val_f1_macro=0.8676 val_f1_weighted=0.8879 val_prec_macro=0.8682 val_rec_macro=0.8687 val_metric_name=acc val_metric=0.8895
Step 2950 | loss 0.0132 | val_acc=0.8902 val_loss=0.7330 val_f1_macro=0.8688 val_f1_weighted=0.8886 val_prec_macro=0.8700 val_rec_macro=0.8696 val_metric_name=acc val_metric=0.8902
Step 3000 | loss 0.0136 | val_acc=0.8900 val_loss=0.7363 val_f1_macro=0.8686 val_f1_weighted=0.8883 val_prec_macro=0.8711 val_rec_macro=0.8679 val_metric_name=acc val_metric=0.8900
Step 3050 | loss 0.0113 | val_acc=0.8909 val_loss=0.7403 val_f1_macro=0.8702 val_f1_weighted=0.8893 val_prec_macro=0.8712 val_rec_macro=0.8710 val_metric_name=acc val_metric=0.8909
Step 3100 | loss 0.0135 | val_acc=0.8898 val_loss=0.7469 val_f1_macro=0.8683 val_f1_weighted=0.8882 val_prec_macro=0.8695 val_rec_macro=0.8689 val_metric_name=acc val_metric=0.8898
Step 3150 | loss 0.0111 | val_acc=0.8906 val_loss=0.7482 val_f1_macro=0.8695 val_f1_weighted=0.8889 val_prec_macro=0.8716 val_rec_macro=0.8693 val_metric_name=acc val_metric=0.8906
Step 3200 | loss 0.0114 | val_acc=0.8895 val_loss=0.7559 val_f1_macro=0.8676 val_f1_weighted=0.8877 val_prec_macro=0.8688 val_rec_macro=0.8684 val_metric_name=acc val_metric=0.8895
Step 3250 | loss 0.0103 | val_acc=0.8904 val_loss=0.7547 val_f1_macro=0.8690 val_f1_weighted=0.8886 val_prec_macro=0.8694 val_rec_macro=0.8705 val_metric_name=acc val_metric=0.8904
Step 3300 | loss 0.0110 | val_acc=0.8906 val_loss=0.7563 val_f1_macro=0.8690 val_f1_weighted=0.8889 val_prec_macro=0.8698 val_rec_macro=0.8701 val_metric_name=acc val_metric=0.8906
Step 3350 | loss 0.0110 | val_acc=0.8902 val_loss=0.7605 val_f1_macro=0.8690 val_f1_weighted=0.8886 val_prec_macro=0.8698 val_rec_macro=0.8699 val_metric_name=acc val_metric=0.8902
Step 3400 | loss 0.0099 | val_acc=0.8895 val_loss=0.7691 val_f1_macro=0.8679 val_f1_weighted=0.8878 val_prec_macro=0.8692 val_rec_macro=0.8685 val_metric_name=acc val_metric=0.8895
Step 3450 | loss 0.0099 | val_acc=0.8925 val_loss=0.7650 val_f1_macro=0.8728 val_f1_weighted=0.8910 val_prec_macro=0.8744 val_rec_macro=0.8729 val_metric_name=acc val_metric=0.8925
Step 3500 | loss 0.0096 | val_acc=0.8902 val_loss=0.7748 val_f1_macro=0.8691 val_f1_weighted=0.8884 val_prec_macro=0.8710 val_rec_macro=0.8691 val_metric_name=acc val_metric=0.8902
Step 3550 | loss 0.0084 | val_acc=0.8911 val_loss=0.7704 val_f1_macro=0.8699 val_f1_weighted=0.8895 val_prec_macro=0.8706 val_rec_macro=0.8711 val_metric_name=acc val_metric=0.8911
Step 3600 | loss 0.0090 | val_acc=0.8909 val_loss=0.7745 val_f1_macro=0.8714 val_f1_weighted=0.8893 val_prec_macro=0.8728 val_rec_macro=0.8718 val_metric_name=acc val_metric=0.8909
Step 3650 | loss 0.0081 | val_acc=0.8916 val_loss=0.7795 val_f1_macro=0.8714 val_f1_weighted=0.8899 val_prec_macro=0.8737 val_rec_macro=0.8710 val_metric_name=acc val_metric=0.8916
Step 3700 | loss 0.0084 | val_acc=0.8909 val_loss=0.7822 val_f1_macro=0.8697 val_f1_weighted=0.8891 val_prec_macro=0.8719 val_rec_macro=0.8696 val_metric_name=acc val_metric=0.8909
Step 3750 | loss 0.0072 | val_acc=0.8907 val_loss=0.7875 val_f1_macro=0.8698 val_f1_weighted=0.8891 val_prec_macro=0.8711 val_rec_macro=0.8702 val_metric_name=acc val_metric=0.8907
Step 3800 | loss 0.0079 | val_acc=0.8925 val_loss=0.7939 val_f1_macro=0.8729 val_f1_weighted=0.8909 val_prec_macro=0.8757 val_rec_macro=0.8720 val_metric_name=acc val_metric=0.8925
Step 3850 | loss 0.0067 | val_acc=0.8909 val_loss=0.7953 val_f1_macro=0.8703 val_f1_weighted=0.8893 val_prec_macro=0.8720 val_rec_macro=0.8704 val_metric_name=acc val_metric=0.8909
Step 3900 | loss 0.0068 | val_acc=0.8921 val_loss=0.7976 val_f1_macro=0.8726 val_f1_weighted=0.8904 val_prec_macro=0.8747 val_rec_macro=0.8725 val_metric_name=acc val_metric=0.8921
Step 3950 | loss 0.0067 | val_acc=0.8923 val_loss=0.8008 val_f1_macro=0.8719 val_f1_weighted=0.8906 val_prec_macro=0.8738 val_rec_macro=0.8721 val_metric_name=acc val_metric=0.8923
Step 4000 | loss 0.0074 | val_acc=0.8936 val_loss=0.7973 val_f1_macro=0.8734 val_f1_weighted=0.8920 val_prec_macro=0.8758 val_rec_macro=0.8727 val_metric_name=acc val_metric=0.8936
Step 4050 | loss 0.0067 | val_acc=0.8914 val_loss=0.7972 val_f1_macro=0.8711 val_f1_weighted=0.8899 val_prec_macro=0.8731 val_rec_macro=0.8706 val_metric_name=acc val_metric=0.8914
Step 4100 | loss 0.0067 | val_acc=0.8932 val_loss=0.8093 val_f1_macro=0.8738 val_f1_weighted=0.8916 val_prec_macro=0.8760 val_rec_macro=0.8734 val_metric_name=acc val_metric=0.8932
Step 4150 | loss 0.0062 | val_acc=0.8925 val_loss=0.8092 val_f1_macro=0.8716 val_f1_weighted=0.8908 val_prec_macro=0.8741 val_rec_macro=0.8710 val_metric_name=acc val_metric=0.8925
Step 4200 | loss 0.0057 | val_acc=0.8920 val_loss=0.8132 val_f1_macro=0.8716 val_f1_weighted=0.8904 val_prec_macro=0.8730 val_rec_macro=0.8719 val_metric_name=acc val_metric=0.8920
Step 4250 | loss 0.0062 | val_acc=0.8921 val_loss=0.8144 val_f1_macro=0.8717 val_f1_weighted=0.8905 val_prec_macro=0.8723 val_rec_macro=0.8727 val_metric_name=acc val_metric=0.8921
Step 4300 | loss 0.0056 | val_acc=0.8936 val_loss=0.8168 val_f1_macro=0.8737 val_f1_weighted=0.8920 val_prec_macro=0.8764 val_rec_macro=0.8729 val_metric_name=acc val_metric=0.8936
Step 4350 | loss 0.0048 | val_acc=0.8929 val_loss=0.8287 val_f1_macro=0.8729 val_f1_weighted=0.8911 val_prec_macro=0.8754 val_rec_macro=0.8722 val_metric_name=acc val_metric=0.8929
Step 4400 | loss 0.0055 | val_acc=0.8923 val_loss=0.8264 val_f1_macro=0.8722 val_f1_weighted=0.8907 val_prec_macro=0.8738 val_rec_macro=0.8721 val_metric_name=acc val_metric=0.8923
Step 4450 | loss 0.0049 | val_acc=0.8913 val_loss=0.8318 val_f1_macro=0.8714 val_f1_weighted=0.8896 val_prec_macro=0.8734 val_rec_macro=0.8713 val_metric_name=acc val_metric=0.8913
Step 4500 | loss 0.0050 | val_acc=0.8925 val_loss=0.8283 val_f1_macro=0.8729 val_f1_weighted=0.8908 val_prec_macro=0.8738 val_rec_macro=0.8739 val_metric_name=acc val_metric=0.8925
Step 4550 | loss 0.0047 | val_acc=0.8911 val_loss=0.8301 val_f1_macro=0.8720 val_f1_weighted=0.8895 val_prec_macro=0.8733 val_rec_macro=0.8722 val_metric_name=acc val_metric=0.8911
Step 4600 | loss 0.0047 | val_acc=0.8925 val_loss=0.8400 val_f1_macro=0.8729 val_f1_weighted=0.8908 val_prec_macro=0.8741 val_rec_macro=0.8734 val_metric_name=acc val_metric=0.8925
Step 4650 | loss 0.0048 | val_acc=0.8923 val_loss=0.8392 val_f1_macro=0.8723 val_f1_weighted=0.8907 val_prec_macro=0.8737 val_rec_macro=0.8727 val_metric_name=acc val_metric=0.8923
Step 4700 | loss 0.0041 | val_acc=0.8930 val_loss=0.8393 val_f1_macro=0.8736 val_f1_weighted=0.8914 val_prec_macro=0.8766 val_rec_macro=0.8724 val_metric_name=acc val_metric=0.8930
Step 4750 | loss 0.0041 | val_acc=0.8932 val_loss=0.8355 val_f1_macro=0.8740 val_f1_weighted=0.8917 val_prec_macro=0.8750 val_rec_macro=0.8746 val_metric_name=acc val_metric=0.8932
Step 4800 | loss 0.0047 | val_acc=0.8929 val_loss=0.8435 val_f1_macro=0.8734 val_f1_weighted=0.8913 val_prec_macro=0.8750 val_rec_macro=0.8733 val_metric_name=acc val_metric=0.8929
Step 4850 | loss 0.0035 | val_acc=0.8941 val_loss=0.8377 val_f1_macro=0.8763 val_f1_weighted=0.8926 val_prec_macro=0.8782 val_rec_macro=0.8758 val_metric_name=acc val_metric=0.8941
Step 4900 | loss 0.0040 | val_acc=0.8934 val_loss=0.8470 val_f1_macro=0.8742 val_f1_weighted=0.8919 val_prec_macro=0.8754 val_rec_macro=0.8747 val_metric_name=acc val_metric=0.8934
Step 4950 | loss 0.0041 | val_acc=0.8925 val_loss=0.8519 val_f1_macro=0.8725 val_f1_weighted=0.8908 val_prec_macro=0.8747 val_rec_macro=0.8722 val_metric_name=acc val_metric=0.8925
Step 5000 | loss 0.0038 | val_acc=0.8930 val_loss=0.8526 val_f1_macro=0.8744 val_f1_weighted=0.8914 val_prec_macro=0.8765 val_rec_macro=0.8738 val_metric_name=acc val_metric=0.8930

--- Final (best ckpt @ step 4930) ---
  train_acc=1.0000 train_loss=0.0000 train_f1_macro=1.0000 train_f1_weighted=1.0000 train_prec_macro=1.0000 train_rec_macro=1.0000 train_metric_name=acc train_metric=1.0000
  val_acc=0.8944 val_loss=0.8490 val_f1_macro=0.8747 val_f1_weighted=0.8929 val_prec_macro=0.8763 val_rec_macro=0.8748 val_metric_name=acc val_metric=0.8944
  test_acc=0.8982 test_loss=0.7401 test_f1_macro=0.8703 test_f1_weighted=0.8965 test_prec_macro=0.8750 test_rec_macro=0.8686 test_metric_name=acc test_metric=0.8982
  test_acc=0.8982

============================================================
Training TABM-roman-empire GT 5L h=512 lr=3e-05 split=5
============================================================
Step    1 | loss 3.6826 | val_acc=0.1580 val_loss=2.7455 val_f1_macro=0.0699 val_f1_weighted=0.1201 val_prec_macro=0.0978 val_rec_macro=0.0843 val_metric_name=acc val_metric=0.1580
Step   50 | loss 1.4886 | val_acc=0.6443 val_loss=1.1390 val_f1_macro=0.4857 val_f1_weighted=0.6014 val_prec_macro=0.5420 val_rec_macro=0.4998 val_metric_name=acc val_metric=0.6443
Step  100 | loss 1.1184 | val_acc=0.6985 val_loss=0.9345 val_f1_macro=0.5961 val_f1_weighted=0.6714 val_prec_macro=0.6507 val_rec_macro=0.6008 val_metric_name=acc val_metric=0.6985
Step  150 | loss 0.9390 | val_acc=0.7357 val_loss=0.8193 val_f1_macro=0.6555 val_f1_weighted=0.7166 val_prec_macro=0.6732 val_rec_macro=0.6628 val_metric_name=acc val_metric=0.7357
Step  200 | loss 0.8200 | val_acc=0.7564 val_loss=0.7413 val_f1_macro=0.6902 val_f1_weighted=0.7408 val_prec_macro=0.6956 val_rec_macro=0.7031 val_metric_name=acc val_metric=0.7564
Step  250 | loss 0.7320 | val_acc=0.7746 val_loss=0.6770 val_f1_macro=0.7185 val_f1_weighted=0.7616 val_prec_macro=0.7201 val_rec_macro=0.7346 val_metric_name=acc val_metric=0.7746
Step  300 | loss 0.6515 | val_acc=0.7901 val_loss=0.6271 val_f1_macro=0.7375 val_f1_weighted=0.7797 val_prec_macro=0.7386 val_rec_macro=0.7518 val_metric_name=acc val_metric=0.7901
Step  350 | loss 0.5845 | val_acc=0.8058 val_loss=0.5858 val_f1_macro=0.7583 val_f1_weighted=0.7976 val_prec_macro=0.7589 val_rec_macro=0.7714 val_metric_name=acc val_metric=0.8058
Step  400 | loss 0.5197 | val_acc=0.8222 val_loss=0.5507 val_f1_macro=0.7798 val_f1_weighted=0.8154 val_prec_macro=0.7797 val_rec_macro=0.7906 val_metric_name=acc val_metric=0.8222
Step  450 | loss 0.4687 | val_acc=0.8337 val_loss=0.5242 val_f1_macro=0.7933 val_f1_weighted=0.8278 val_prec_macro=0.7920 val_rec_macro=0.8035 val_metric_name=acc val_metric=0.8337
Step  500 | loss 0.4212 | val_acc=0.8461 val_loss=0.5008 val_f1_macro=0.8111 val_f1_weighted=0.8416 val_prec_macro=0.8102 val_rec_macro=0.8179 val_metric_name=acc val_metric=0.8461
Step  550 | loss 0.3745 | val_acc=0.8531 val_loss=0.4839 val_f1_macro=0.8193 val_f1_weighted=0.8491 val_prec_macro=0.8184 val_rec_macro=0.8257 val_metric_name=acc val_metric=0.8531
Step  600 | loss 0.3392 | val_acc=0.8588 val_loss=0.4751 val_f1_macro=0.8270 val_f1_weighted=0.8552 val_prec_macro=0.8262 val_rec_macro=0.8322 val_metric_name=acc val_metric=0.8588
Step  650 | loss 0.2997 | val_acc=0.8648 val_loss=0.4655 val_f1_macro=0.8352 val_f1_weighted=0.8618 val_prec_macro=0.8344 val_rec_macro=0.8394 val_metric_name=acc val_metric=0.8648
Step  700 | loss 0.2684 | val_acc=0.8690 val_loss=0.4622 val_f1_macro=0.8405 val_f1_weighted=0.8659 val_prec_macro=0.8429 val_rec_macro=0.8419 val_metric_name=acc val_metric=0.8690
Step  750 | loss 0.2377 | val_acc=0.8726 val_loss=0.4651 val_f1_macro=0.8440 val_f1_weighted=0.8697 val_prec_macro=0.8460 val_rec_macro=0.8453 val_metric_name=acc val_metric=0.8726
Step  800 | loss 0.2129 | val_acc=0.8771 val_loss=0.4623 val_f1_macro=0.8513 val_f1_weighted=0.8747 val_prec_macro=0.8522 val_rec_macro=0.8532 val_metric_name=acc val_metric=0.8771
Step  850 | loss 0.1880 | val_acc=0.8808 val_loss=0.4667 val_f1_macro=0.8561 val_f1_weighted=0.8786 val_prec_macro=0.8576 val_rec_macro=0.8573 val_metric_name=acc val_metric=0.8808
Step  900 | loss 0.1676 | val_acc=0.8842 val_loss=0.4724 val_f1_macro=0.8602 val_f1_weighted=0.8821 val_prec_macro=0.8616 val_rec_macro=0.8615 val_metric_name=acc val_metric=0.8842
Step  950 | loss 0.1500 | val_acc=0.8865 val_loss=0.4761 val_f1_macro=0.8632 val_f1_weighted=0.8846 val_prec_macro=0.8639 val_rec_macro=0.8645 val_metric_name=acc val_metric=0.8865
Step 1000 | loss 0.1345 | val_acc=0.8876 val_loss=0.4845 val_f1_macro=0.8632 val_f1_weighted=0.8856 val_prec_macro=0.8639 val_rec_macro=0.8649 val_metric_name=acc val_metric=0.8876
Step 1050 | loss 0.1176 | val_acc=0.8876 val_loss=0.4943 val_f1_macro=0.8645 val_f1_weighted=0.8856 val_prec_macro=0.8655 val_rec_macro=0.8659 val_metric_name=acc val_metric=0.8876
Step 1100 | loss 0.1088 | val_acc=0.8904 val_loss=0.4996 val_f1_macro=0.8670 val_f1_weighted=0.8886 val_prec_macro=0.8665 val_rec_macro=0.8697 val_metric_name=acc val_metric=0.8904
Step 1150 | loss 0.0958 | val_acc=0.8904 val_loss=0.5055 val_f1_macro=0.8670 val_f1_weighted=0.8887 val_prec_macro=0.8679 val_rec_macro=0.8682 val_metric_name=acc val_metric=0.8904
Step 1200 | loss 0.0869 | val_acc=0.8909 val_loss=0.5163 val_f1_macro=0.8670 val_f1_weighted=0.8892 val_prec_macro=0.8670 val_rec_macro=0.8691 val_metric_name=acc val_metric=0.8909
Step 1250 | loss 0.0797 | val_acc=0.8921 val_loss=0.5277 val_f1_macro=0.8689 val_f1_weighted=0.8904 val_prec_macro=0.8680 val_rec_macro=0.8720 val_metric_name=acc val_metric=0.8921
Step 1300 | loss 0.0706 | val_acc=0.8932 val_loss=0.5347 val_f1_macro=0.8701 val_f1_weighted=0.8914 val_prec_macro=0.8707 val_rec_macro=0.8717 val_metric_name=acc val_metric=0.8932
Step 1350 | loss 0.0638 | val_acc=0.8930 val_loss=0.5406 val_f1_macro=0.8699 val_f1_weighted=0.8914 val_prec_macro=0.8699 val_rec_macro=0.8718 val_metric_name=acc val_metric=0.8930
Step 1400 | loss 0.0595 | val_acc=0.8955 val_loss=0.5516 val_f1_macro=0.8723 val_f1_weighted=0.8938 val_prec_macro=0.8723 val_rec_macro=0.8745 val_metric_name=acc val_metric=0.8955
Step 1450 | loss 0.0540 | val_acc=0.8946 val_loss=0.5606 val_f1_macro=0.8720 val_f1_weighted=0.8929 val_prec_macro=0.8724 val_rec_macro=0.8736 val_metric_name=acc val_metric=0.8946
Step 1500 | loss 0.0495 | val_acc=0.8966 val_loss=0.5629 val_f1_macro=0.8735 val_f1_weighted=0.8949 val_prec_macro=0.8739 val_rec_macro=0.8752 val_metric_name=acc val_metric=0.8966
Step 1550 | loss 0.0446 | val_acc=0.8974 val_loss=0.5710 val_f1_macro=0.8736 val_f1_weighted=0.8959 val_prec_macro=0.8739 val_rec_macro=0.8752 val_metric_name=acc val_metric=0.8974
Step 1600 | loss 0.0417 | val_acc=0.8971 val_loss=0.5781 val_f1_macro=0.8745 val_f1_weighted=0.8954 val_prec_macro=0.8744 val_rec_macro=0.8766 val_metric_name=acc val_metric=0.8971
Step 1650 | loss 0.0386 | val_acc=0.8978 val_loss=0.5856 val_f1_macro=0.8749 val_f1_weighted=0.8963 val_prec_macro=0.8746 val_rec_macro=0.8773 val_metric_name=acc val_metric=0.8978
Step 1700 | loss 0.0381 | val_acc=0.8969 val_loss=0.5901 val_f1_macro=0.8738 val_f1_weighted=0.8954 val_prec_macro=0.8731 val_rec_macro=0.8767 val_metric_name=acc val_metric=0.8969
Step 1750 | loss 0.0334 | val_acc=0.8962 val_loss=0.5972 val_f1_macro=0.8739 val_f1_weighted=0.8948 val_prec_macro=0.8725 val_rec_macro=0.8773 val_metric_name=acc val_metric=0.8962
Step 1800 | loss 0.0314 | val_acc=0.8966 val_loss=0.6074 val_f1_macro=0.8726 val_f1_weighted=0.8949 val_prec_macro=0.8723 val_rec_macro=0.8751 val_metric_name=acc val_metric=0.8966
Step 1850 | loss 0.0286 | val_acc=0.8967 val_loss=0.6061 val_f1_macro=0.8735 val_f1_weighted=0.8952 val_prec_macro=0.8733 val_rec_macro=0.8758 val_metric_name=acc val_metric=0.8967
Step 1900 | loss 0.0280 | val_acc=0.8964 val_loss=0.6205 val_f1_macro=0.8726 val_f1_weighted=0.8948 val_prec_macro=0.8720 val_rec_macro=0.8753 val_metric_name=acc val_metric=0.8964
Step 1950 | loss 0.0272 | val_acc=0.8971 val_loss=0.6192 val_f1_macro=0.8740 val_f1_weighted=0.8956 val_prec_macro=0.8737 val_rec_macro=0.8762 val_metric_name=acc val_metric=0.8971
Step 2000 | loss 0.0256 | val_acc=0.8966 val_loss=0.6249 val_f1_macro=0.8732 val_f1_weighted=0.8950 val_prec_macro=0.8733 val_rec_macro=0.8752 val_metric_name=acc val_metric=0.8966
Step 2050 | loss 0.0237 | val_acc=0.8969 val_loss=0.6278 val_f1_macro=0.8737 val_f1_weighted=0.8954 val_prec_macro=0.8740 val_rec_macro=0.8754 val_metric_name=acc val_metric=0.8969
Step 2100 | loss 0.0224 | val_acc=0.8976 val_loss=0.6335 val_f1_macro=0.8750 val_f1_weighted=0.8962 val_prec_macro=0.8737 val_rec_macro=0.8785 val_metric_name=acc val_metric=0.8976
Step 2150 | loss 0.0203 | val_acc=0.8974 val_loss=0.6393 val_f1_macro=0.8754 val_f1_weighted=0.8959 val_prec_macro=0.8753 val_rec_macro=0.8775 val_metric_name=acc val_metric=0.8974
Step 2200 | loss 0.0193 | val_acc=0.8969 val_loss=0.6457 val_f1_macro=0.8742 val_f1_weighted=0.8955 val_prec_macro=0.8745 val_rec_macro=0.8763 val_metric_name=acc val_metric=0.8969
Step 2250 | loss 0.0182 | val_acc=0.8976 val_loss=0.6470 val_f1_macro=0.8745 val_f1_weighted=0.8962 val_prec_macro=0.8738 val_rec_macro=0.8771 val_metric_name=acc val_metric=0.8976
Step 2300 | loss 0.0177 | val_acc=0.8974 val_loss=0.6550 val_f1_macro=0.8748 val_f1_weighted=0.8961 val_prec_macro=0.8744 val_rec_macro=0.8775 val_metric_name=acc val_metric=0.8974
Step 2350 | loss 0.0155 | val_acc=0.8980 val_loss=0.6616 val_f1_macro=0.8752 val_f1_weighted=0.8966 val_prec_macro=0.8740 val_rec_macro=0.8785 val_metric_name=acc val_metric=0.8980
Step 2400 | loss 0.0160 | val_acc=0.8973 val_loss=0.6613 val_f1_macro=0.8748 val_f1_weighted=0.8960 val_prec_macro=0.8743 val_rec_macro=0.8773 val_metric_name=acc val_metric=0.8973
Step 2450 | loss 0.0139 | val_acc=0.8990 val_loss=0.6645 val_f1_macro=0.8776 val_f1_weighted=0.8978 val_prec_macro=0.8773 val_rec_macro=0.8796 val_metric_name=acc val_metric=0.8990
Step 2500 | loss 0.0147 | val_acc=0.8980 val_loss=0.6705 val_f1_macro=0.8754 val_f1_weighted=0.8966 val_prec_macro=0.8754 val_rec_macro=0.8773 val_metric_name=acc val_metric=0.8980
Step 2550 | loss 0.0136 | val_acc=0.8997 val_loss=0.6783 val_f1_macro=0.8777 val_f1_weighted=0.8984 val_prec_macro=0.8796 val_rec_macro=0.8781 val_metric_name=acc val_metric=0.8997
Step 2600 | loss 0.0125 | val_acc=0.8992 val_loss=0.6781 val_f1_macro=0.8774 val_f1_weighted=0.8978 val_prec_macro=0.8780 val_rec_macro=0.8789 val_metric_name=acc val_metric=0.8992
Step 2650 | loss 0.0118 | val_acc=0.8983 val_loss=0.6854 val_f1_macro=0.8757 val_f1_weighted=0.8968 val_prec_macro=0.8758 val_rec_macro=0.8781 val_metric_name=acc val_metric=0.8983
Step 2700 | loss 0.0113 | val_acc=0.8981 val_loss=0.6899 val_f1_macro=0.8760 val_f1_weighted=0.8967 val_prec_macro=0.8759 val_rec_macro=0.8783 val_metric_name=acc val_metric=0.8981
Step 2750 | loss 0.0105 | val_acc=0.8981 val_loss=0.6960 val_f1_macro=0.8751 val_f1_weighted=0.8967 val_prec_macro=0.8750 val_rec_macro=0.8775 val_metric_name=acc val_metric=0.8981
Step 2800 | loss 0.0105 | val_acc=0.8992 val_loss=0.6986 val_f1_macro=0.8778 val_f1_weighted=0.8980 val_prec_macro=0.8774 val_rec_macro=0.8802 val_metric_name=acc val_metric=0.8992
Step 2850 | loss 0.0105 | val_acc=0.8985 val_loss=0.6992 val_f1_macro=0.8761 val_f1_weighted=0.8970 val_prec_macro=0.8765 val_rec_macro=0.8777 val_metric_name=acc val_metric=0.8985
Step 2900 | loss 0.0110 | val_acc=0.8981 val_loss=0.7033 val_f1_macro=0.8769 val_f1_weighted=0.8967 val_prec_macro=0.8781 val_rec_macro=0.8780 val_metric_name=acc val_metric=0.8981
Step 2950 | loss 0.0096 | val_acc=0.8990 val_loss=0.7058 val_f1_macro=0.8769 val_f1_weighted=0.8977 val_prec_macro=0.8775 val_rec_macro=0.8787 val_metric_name=acc val_metric=0.8990
Step 3000 | loss 0.0088 | val_acc=0.8983 val_loss=0.7126 val_f1_macro=0.8766 val_f1_weighted=0.8970 val_prec_macro=0.8779 val_rec_macro=0.8773 val_metric_name=acc val_metric=0.8983
Step 3050 | loss 0.0094 | val_acc=0.8985 val_loss=0.7118 val_f1_macro=0.8768 val_f1_weighted=0.8972 val_prec_macro=0.8770 val_rec_macro=0.8785 val_metric_name=acc val_metric=0.8985
Step 3100 | loss 0.0087 | val_acc=0.8985 val_loss=0.7104 val_f1_macro=0.8782 val_f1_weighted=0.8971 val_prec_macro=0.8786 val_rec_macro=0.8794 val_metric_name=acc val_metric=0.8985
Step 3150 | loss 0.0083 | val_acc=0.8990 val_loss=0.7134 val_f1_macro=0.8782 val_f1_weighted=0.8977 val_prec_macro=0.8791 val_rec_macro=0.8795 val_metric_name=acc val_metric=0.8990
Step 3200 | loss 0.0089 | val_acc=0.8981 val_loss=0.7197 val_f1_macro=0.8758 val_f1_weighted=0.8968 val_prec_macro=0.8755 val_rec_macro=0.8781 val_metric_name=acc val_metric=0.8981
Step 3250 | loss 0.0080 | val_acc=0.8987 val_loss=0.7262 val_f1_macro=0.8764 val_f1_weighted=0.8974 val_prec_macro=0.8761 val_rec_macro=0.8786 val_metric_name=acc val_metric=0.8987
Step 3300 | loss 0.0076 | val_acc=0.8981 val_loss=0.7347 val_f1_macro=0.8762 val_f1_weighted=0.8968 val_prec_macro=0.8757 val_rec_macro=0.8786 val_metric_name=acc val_metric=0.8981
Step 3350 | loss 0.0068 | val_acc=0.8985 val_loss=0.7307 val_f1_macro=0.8759 val_f1_weighted=0.8973 val_prec_macro=0.8748 val_rec_macro=0.8789 val_metric_name=acc val_metric=0.8985
Step 3400 | loss 0.0070 | val_acc=0.8994 val_loss=0.7330 val_f1_macro=0.8784 val_f1_weighted=0.8982 val_prec_macro=0.8779 val_rec_macro=0.8808 val_metric_name=acc val_metric=0.8994
Step 3450 | loss 0.0066 | val_acc=0.9001 val_loss=0.7389 val_f1_macro=0.8783 val_f1_weighted=0.8989 val_prec_macro=0.8772 val_rec_macro=0.8812 val_metric_name=acc val_metric=0.9001
Step 3500 | loss 0.0046 | val_acc=0.9003 val_loss=0.7381 val_f1_macro=0.8800 val_f1_weighted=0.8989 val_prec_macro=0.8800 val_rec_macro=0.8817 val_metric_name=acc val_metric=0.9003
Step 3550 | loss 0.0060 | val_acc=0.8994 val_loss=0.7434 val_f1_macro=0.8781 val_f1_weighted=0.8980 val_prec_macro=0.8789 val_rec_macro=0.8793 val_metric_name=acc val_metric=0.8994
Step 3600 | loss 0.0060 | val_acc=0.9003 val_loss=0.7498 val_f1_macro=0.8791 val_f1_weighted=0.8990 val_prec_macro=0.8788 val_rec_macro=0.8812 val_metric_name=acc val_metric=0.9003
Step 3650 | loss 0.0061 | val_acc=0.8994 val_loss=0.7468 val_f1_macro=0.8781 val_f1_weighted=0.8980 val_prec_macro=0.8788 val_rec_macro=0.8793 val_metric_name=acc val_metric=0.8994
Step 3700 | loss 0.0058 | val_acc=0.8997 val_loss=0.7488 val_f1_macro=0.8784 val_f1_weighted=0.8985 val_prec_macro=0.8790 val_rec_macro=0.8795 val_metric_name=acc val_metric=0.8997
Step 3750 | loss 0.0052 | val_acc=0.8992 val_loss=0.7541 val_f1_macro=0.8777 val_f1_weighted=0.8978 val_prec_macro=0.8764 val_rec_macro=0.8810 val_metric_name=acc val_metric=0.8992
Step 3800 | loss 0.0053 | val_acc=0.9001 val_loss=0.7544 val_f1_macro=0.8794 val_f1_weighted=0.8986 val_prec_macro=0.8798 val_rec_macro=0.8809 val_metric_name=acc val_metric=0.9001
Step 3850 | loss 0.0051 | val_acc=0.8999 val_loss=0.7562 val_f1_macro=0.8793 val_f1_weighted=0.8986 val_prec_macro=0.8799 val_rec_macro=0.8806 val_metric_name=acc val_metric=0.8999
Step 3900 | loss 0.0050 | val_acc=0.9006 val_loss=0.7646 val_f1_macro=0.8798 val_f1_weighted=0.8992 val_prec_macro=0.8811 val_rec_macro=0.8806 val_metric_name=acc val_metric=0.9006
Step 3950 | loss 0.0049 | val_acc=0.9010 val_loss=0.7636 val_f1_macro=0.8809 val_f1_weighted=0.8997 val_prec_macro=0.8810 val_rec_macro=0.8826 val_metric_name=acc val_metric=0.9010
Step 4000 | loss 0.0047 | val_acc=0.9003 val_loss=0.7632 val_f1_macro=0.8803 val_f1_weighted=0.8990 val_prec_macro=0.8805 val_rec_macro=0.8816 val_metric_name=acc val_metric=0.9003
Step 4050 | loss 0.0043 | val_acc=0.8994 val_loss=0.7627 val_f1_macro=0.8790 val_f1_weighted=0.8982 val_prec_macro=0.8799 val_rec_macro=0.8797 val_metric_name=acc val_metric=0.8994
Step 4100 | loss 0.0041 | val_acc=0.8996 val_loss=0.7678 val_f1_macro=0.8786 val_f1_weighted=0.8983 val_prec_macro=0.8791 val_rec_macro=0.8799 val_metric_name=acc val_metric=0.8996
Step 4150 | loss 0.0040 | val_acc=0.8992 val_loss=0.7726 val_f1_macro=0.8789 val_f1_weighted=0.8978 val_prec_macro=0.8794 val_rec_macro=0.8805 val_metric_name=acc val_metric=0.8992
Step 4200 | loss 0.0034 | val_acc=0.8997 val_loss=0.7790 val_f1_macro=0.8790 val_f1_weighted=0.8982 val_prec_macro=0.8805 val_rec_macro=0.8796 val_metric_name=acc val_metric=0.8997
Early stopping at step 4240

--- Final (best ckpt @ step 3940) ---
  train_acc=1.0000 train_loss=0.0000 train_f1_macro=1.0000 train_f1_weighted=1.0000 train_prec_macro=1.0000 train_rec_macro=1.0000 train_metric_name=acc train_metric=1.0000
  val_acc=0.9017 val_loss=0.7627 val_f1_macro=0.8814 val_f1_weighted=0.9004 val_prec_macro=0.8816 val_rec_macro=0.8830 val_metric_name=acc val_metric=0.9017
  test_acc=0.9058 test_loss=0.6729 test_f1_macro=0.8815 test_f1_weighted=0.9043 test_prec_macro=0.8864 test_rec_macro=0.8794 test_metric_name=acc test_metric=0.9058
  test_acc=0.9058
  >> num_layers=1 hidden_dim=512 lr=3e-05 best_step=2130 val_acc=0.8041 test_acc=0.8122
     val_acc=0.8041 val_f1_macro=0.7502 val_f1_weighted=0.7990 val_loss=0.9729 val_metric=0.8041 val_metric_name=acc val_prec_macro=0.7609 val_rec_macro=0.7456
     test_acc=0.8122 test_f1_macro=0.7561 test_f1_weighted=0.8070 test_loss=0.9176 test_metric=0.8122 test_metric_name=acc test_prec_macro=0.7669 test_rec_macro=0.7510
  >> num_layers=2 hidden_dim=512 lr=3e-05 best_step=4760 val_acc=0.8581 test_acc=0.8662
     val_acc=0.8581 val_f1_macro=0.8263 val_f1_weighted=0.8554 val_loss=1.0076 val_metric=0.8581 val_metric_name=acc val_prec_macro=0.8320 val_rec_macro=0.8253
     test_acc=0.8662 test_f1_macro=0.8317 test_f1_weighted=0.8635 test_loss=0.9403 test_metric=0.8662 test_metric_name=acc test_prec_macro=0.8365 test_rec_macro=0.8312
  >> num_layers=3 hidden_dim=512 lr=3e-05 best_step=4200 val_acc=0.8868 test_acc=0.8945
     val_acc=0.8868 val_f1_macro=0.8635 val_f1_weighted=0.8847 val_loss=0.8248 val_metric=0.8868 val_metric_name=acc val_prec_macro=0.8655 val_rec_macro=0.8641
     test_acc=0.8945 test_f1_macro=0.8666 test_f1_weighted=0.8927 test_loss=0.7562 test_metric=0.8945 test_metric_name=acc test_prec_macro=0.8714 test_rec_macro=0.8647
  >> num_layers=4 hidden_dim=512 lr=3e-05 best_step=4930 val_acc=0.8944 test_acc=0.8982
     val_acc=0.8944 val_f1_macro=0.8747 val_f1_weighted=0.8929 val_loss=0.8490 val_metric=0.8944 val_metric_name=acc val_prec_macro=0.8763 val_rec_macro=0.8748
     test_acc=0.8982 test_f1_macro=0.8703 test_f1_weighted=0.8965 test_loss=0.7401 test_metric=0.8982 test_metric_name=acc test_prec_macro=0.8750 test_rec_macro=0.8686
  >> num_layers=5 hidden_dim=512 lr=3e-05 best_step=3940 val_acc=0.9017 test_acc=0.9058
     val_acc=0.9017 val_f1_macro=0.8814 val_f1_weighted=0.9004 val_loss=0.7627 val_metric=0.9017 val_metric_name=acc val_prec_macro=0.8816 val_rec_macro=0.8830
     test_acc=0.9058 test_f1_macro=0.8815 test_f1_weighted=0.9043 test_loss=0.6729 test_metric=0.9058 test_metric_name=acc test_prec_macro=0.8864 test_rec_macro=0.8794
  >> selected best (by val): num_layers=5 hidden_dim=512 lr=3e-05 best_step=3940 val_acc=0.9017 test_acc=0.9058
     val_acc=0.9017 val_f1_macro=0.8814 val_f1_weighted=0.9004 val_loss=0.7627 val_metric=0.9017 val_metric_name=acc val_prec_macro=0.8816 val_rec_macro=0.8830
     test_acc=0.9058 test_f1_macro=0.8815 test_f1_weighted=0.9043 test_loss=0.6729 test_metric=0.9058 test_metric_name=acc test_prec_macro=0.8864 test_rec_macro=0.8794

Done. Results saved to /home/avshmelev/diploma_yandex_graphs/results2/roman_empire/tabm.csv, checkpoints in /home/avshmelev/diploma_yandex_graphs/all_checkpoints2/roman_empire/tabm/
