Loading data...

============================================================
Training TABM-roman-empire SAGE 1L h=512 lr=3e-05 split=8
============================================================
Step    1 | loss 3.7514 | val_acc=0.0427 val_loss=2.9808 val_f1_macro=0.0319 val_f1_weighted=0.0374 val_prec_macro=0.0622 val_rec_macro=0.0487 val_metric_name=acc val_metric=0.0427
Step   50 | loss 1.7609 | val_acc=0.6083 val_loss=1.2960 val_f1_macro=0.3979 val_f1_weighted=0.5473 val_prec_macro=0.5007 val_rec_macro=0.4010 val_metric_name=acc val_metric=0.6083
Step  100 | loss 1.3824 | val_acc=0.6685 val_loss=1.0604 val_f1_macro=0.5035 val_f1_weighted=0.6244 val_prec_macro=0.5527 val_rec_macro=0.5205 val_metric_name=acc val_metric=0.6685
Step  150 | loss 1.1948 | val_acc=0.6976 val_loss=0.9630 val_f1_macro=0.5453 val_f1_weighted=0.6623 val_prec_macro=0.5750 val_rec_macro=0.5596 val_metric_name=acc val_metric=0.6976
Step  200 | loss 1.0781 | val_acc=0.7158 val_loss=0.9025 val_f1_macro=0.5730 val_f1_weighted=0.6864 val_prec_macro=0.5940 val_rec_macro=0.5852 val_metric_name=acc val_metric=0.7158
Step  250 | loss 0.9901 | val_acc=0.7257 val_loss=0.8612 val_f1_macro=0.5941 val_f1_weighted=0.7000 val_prec_macro=0.6493 val_rec_macro=0.6026 val_metric_name=acc val_metric=0.7257
Step  300 | loss 0.9221 | val_acc=0.7357 val_loss=0.8318 val_f1_macro=0.6125 val_f1_weighted=0.7127 val_prec_macro=0.6581 val_rec_macro=0.6187 val_metric_name=acc val_metric=0.7357
Step  350 | loss 0.8616 | val_acc=0.7410 val_loss=0.8104 val_f1_macro=0.6234 val_f1_weighted=0.7203 val_prec_macro=0.6692 val_rec_macro=0.6280 val_metric_name=acc val_metric=0.7410
Step  400 | loss 0.8087 | val_acc=0.7477 val_loss=0.7944 val_f1_macro=0.6393 val_f1_weighted=0.7294 val_prec_macro=0.6820 val_rec_macro=0.6414 val_metric_name=acc val_metric=0.7477
Step  450 | loss 0.7614 | val_acc=0.7523 val_loss=0.7810 val_f1_macro=0.6540 val_f1_weighted=0.7371 val_prec_macro=0.6918 val_rec_macro=0.6533 val_metric_name=acc val_metric=0.7523
Step  500 | loss 0.7217 | val_acc=0.7575 val_loss=0.7726 val_f1_macro=0.6617 val_f1_weighted=0.7432 val_prec_macro=0.6952 val_rec_macro=0.6611 val_metric_name=acc val_metric=0.7575
Step  550 | loss 0.6805 | val_acc=0.7598 val_loss=0.7660 val_f1_macro=0.6659 val_f1_weighted=0.7462 val_prec_macro=0.6941 val_rec_macro=0.6664 val_metric_name=acc val_metric=0.7598
Step  600 | loss 0.6437 | val_acc=0.7643 val_loss=0.7631 val_f1_macro=0.6752 val_f1_weighted=0.7513 val_prec_macro=0.7026 val_rec_macro=0.6749 val_metric_name=acc val_metric=0.7643
Step  650 | loss 0.6070 | val_acc=0.7677 val_loss=0.7593 val_f1_macro=0.6833 val_f1_weighted=0.7559 val_prec_macro=0.7076 val_rec_macro=0.6829 val_metric_name=acc val_metric=0.7677
Step  700 | loss 0.5744 | val_acc=0.7721 val_loss=0.7588 val_f1_macro=0.6917 val_f1_weighted=0.7607 val_prec_macro=0.7145 val_rec_macro=0.6898 val_metric_name=acc val_metric=0.7721
Step  750 | loss 0.5456 | val_acc=0.7735 val_loss=0.7585 val_f1_macro=0.6955 val_f1_weighted=0.7624 val_prec_macro=0.7171 val_rec_macro=0.6936 val_metric_name=acc val_metric=0.7735
Step  800 | loss 0.5165 | val_acc=0.7737 val_loss=0.7627 val_f1_macro=0.6975 val_f1_weighted=0.7634 val_prec_macro=0.7173 val_rec_macro=0.6951 val_metric_name=acc val_metric=0.7737
Step  850 | loss 0.4849 | val_acc=0.7741 val_loss=0.7666 val_f1_macro=0.7006 val_f1_weighted=0.7645 val_prec_macro=0.7191 val_rec_macro=0.6974 val_metric_name=acc val_metric=0.7741
Step  900 | loss 0.4584 | val_acc=0.7751 val_loss=0.7714 val_f1_macro=0.7024 val_f1_weighted=0.7655 val_prec_macro=0.7205 val_rec_macro=0.6988 val_metric_name=acc val_metric=0.7751
Step  950 | loss 0.4279 | val_acc=0.7765 val_loss=0.7804 val_f1_macro=0.7045 val_f1_weighted=0.7674 val_prec_macro=0.7211 val_rec_macro=0.7010 val_metric_name=acc val_metric=0.7765
Step 1000 | loss 0.4057 | val_acc=0.7781 val_loss=0.7891 val_f1_macro=0.7076 val_f1_weighted=0.7690 val_prec_macro=0.7225 val_rec_macro=0.7046 val_metric_name=acc val_metric=0.7781
Step 1050 | loss 0.3812 | val_acc=0.7806 val_loss=0.7989 val_f1_macro=0.7092 val_f1_weighted=0.7713 val_prec_macro=0.7248 val_rec_macro=0.7055 val_metric_name=acc val_metric=0.7806
Step 1100 | loss 0.3590 | val_acc=0.7816 val_loss=0.8112 val_f1_macro=0.7097 val_f1_weighted=0.7725 val_prec_macro=0.7254 val_rec_macro=0.7059 val_metric_name=acc val_metric=0.7816
Step 1150 | loss 0.3431 | val_acc=0.7809 val_loss=0.8223 val_f1_macro=0.7092 val_f1_weighted=0.7720 val_prec_macro=0.7248 val_rec_macro=0.7053 val_metric_name=acc val_metric=0.7809
Step 1200 | loss 0.3171 | val_acc=0.7832 val_loss=0.8344 val_f1_macro=0.7124 val_f1_weighted=0.7751 val_prec_macro=0.7274 val_rec_macro=0.7085 val_metric_name=acc val_metric=0.7832
Step 1250 | loss 0.3043 | val_acc=0.7832 val_loss=0.8472 val_f1_macro=0.7132 val_f1_weighted=0.7751 val_prec_macro=0.7275 val_rec_macro=0.7094 val_metric_name=acc val_metric=0.7832
Step 1300 | loss 0.2836 | val_acc=0.7846 val_loss=0.8620 val_f1_macro=0.7147 val_f1_weighted=0.7767 val_prec_macro=0.7286 val_rec_macro=0.7107 val_metric_name=acc val_metric=0.7846
Step 1350 | loss 0.2724 | val_acc=0.7853 val_loss=0.8772 val_f1_macro=0.7163 val_f1_weighted=0.7778 val_prec_macro=0.7311 val_rec_macro=0.7114 val_metric_name=acc val_metric=0.7853
Step 1400 | loss 0.2543 | val_acc=0.7850 val_loss=0.8901 val_f1_macro=0.7157 val_f1_weighted=0.7773 val_prec_macro=0.7309 val_rec_macro=0.7105 val_metric_name=acc val_metric=0.7850
Step 1450 | loss 0.2391 | val_acc=0.7841 val_loss=0.9048 val_f1_macro=0.7152 val_f1_weighted=0.7767 val_prec_macro=0.7301 val_rec_macro=0.7098 val_metric_name=acc val_metric=0.7841
Step 1500 | loss 0.2284 | val_acc=0.7841 val_loss=0.9193 val_f1_macro=0.7150 val_f1_weighted=0.7766 val_prec_macro=0.7303 val_rec_macro=0.7093 val_metric_name=acc val_metric=0.7841
Step 1550 | loss 0.2148 | val_acc=0.7850 val_loss=0.9349 val_f1_macro=0.7163 val_f1_weighted=0.7775 val_prec_macro=0.7309 val_rec_macro=0.7107 val_metric_name=acc val_metric=0.7850
Step 1600 | loss 0.2015 | val_acc=0.7852 val_loss=0.9499 val_f1_macro=0.7162 val_f1_weighted=0.7776 val_prec_macro=0.7306 val_rec_macro=0.7107 val_metric_name=acc val_metric=0.7852
Step 1650 | loss 0.1944 | val_acc=0.7868 val_loss=0.9619 val_f1_macro=0.7199 val_f1_weighted=0.7795 val_prec_macro=0.7336 val_rec_macro=0.7147 val_metric_name=acc val_metric=0.7868
Step 1700 | loss 0.1819 | val_acc=0.7868 val_loss=0.9749 val_f1_macro=0.7200 val_f1_weighted=0.7797 val_prec_macro=0.7325 val_rec_macro=0.7152 val_metric_name=acc val_metric=0.7868
Step 1750 | loss 0.1732 | val_acc=0.7880 val_loss=0.9891 val_f1_macro=0.7201 val_f1_weighted=0.7804 val_prec_macro=0.7338 val_rec_macro=0.7146 val_metric_name=acc val_metric=0.7880
Step 1800 | loss 0.1619 | val_acc=0.7878 val_loss=1.0041 val_f1_macro=0.7193 val_f1_weighted=0.7803 val_prec_macro=0.7332 val_rec_macro=0.7140 val_metric_name=acc val_metric=0.7878
Step 1850 | loss 0.1538 | val_acc=0.7887 val_loss=1.0169 val_f1_macro=0.7210 val_f1_weighted=0.7812 val_prec_macro=0.7348 val_rec_macro=0.7151 val_metric_name=acc val_metric=0.7887
Step 1900 | loss 0.1450 | val_acc=0.7868 val_loss=1.0286 val_f1_macro=0.7195 val_f1_weighted=0.7797 val_prec_macro=0.7322 val_rec_macro=0.7142 val_metric_name=acc val_metric=0.7868
Step 1950 | loss 0.1427 | val_acc=0.7883 val_loss=1.0421 val_f1_macro=0.7222 val_f1_weighted=0.7814 val_prec_macro=0.7337 val_rec_macro=0.7175 val_metric_name=acc val_metric=0.7883
Step 2000 | loss 0.1315 | val_acc=0.7885 val_loss=1.0541 val_f1_macro=0.7220 val_f1_weighted=0.7813 val_prec_macro=0.7354 val_rec_macro=0.7160 val_metric_name=acc val_metric=0.7885
Step 2050 | loss 0.1277 | val_acc=0.7885 val_loss=1.0693 val_f1_macro=0.7227 val_f1_weighted=0.7813 val_prec_macro=0.7348 val_rec_macro=0.7179 val_metric_name=acc val_metric=0.7885
Step 2100 | loss 0.1203 | val_acc=0.7875 val_loss=1.0796 val_f1_macro=0.7221 val_f1_weighted=0.7805 val_prec_macro=0.7343 val_rec_macro=0.7170 val_metric_name=acc val_metric=0.7875
Step 2150 | loss 0.1128 | val_acc=0.7883 val_loss=1.0909 val_f1_macro=0.7221 val_f1_weighted=0.7813 val_prec_macro=0.7339 val_rec_macro=0.7170 val_metric_name=acc val_metric=0.7883
Step 2200 | loss 0.1102 | val_acc=0.7871 val_loss=1.1053 val_f1_macro=0.7204 val_f1_weighted=0.7801 val_prec_macro=0.7323 val_rec_macro=0.7155 val_metric_name=acc val_metric=0.7871
Step 2250 | loss 0.1045 | val_acc=0.7880 val_loss=1.1164 val_f1_macro=0.7216 val_f1_weighted=0.7809 val_prec_macro=0.7334 val_rec_macro=0.7166 val_metric_name=acc val_metric=0.7880
Step 2300 | loss 0.0977 | val_acc=0.7885 val_loss=1.1264 val_f1_macro=0.7230 val_f1_weighted=0.7816 val_prec_macro=0.7345 val_rec_macro=0.7181 val_metric_name=acc val_metric=0.7885
Step 2350 | loss 0.0963 | val_acc=0.7883 val_loss=1.1397 val_f1_macro=0.7218 val_f1_weighted=0.7812 val_prec_macro=0.7336 val_rec_macro=0.7170 val_metric_name=acc val_metric=0.7883
Step 2400 | loss 0.0907 | val_acc=0.7891 val_loss=1.1525 val_f1_macro=0.7232 val_f1_weighted=0.7819 val_prec_macro=0.7345 val_rec_macro=0.7184 val_metric_name=acc val_metric=0.7891
Step 2450 | loss 0.0873 | val_acc=0.7887 val_loss=1.1624 val_f1_macro=0.7231 val_f1_weighted=0.7817 val_prec_macro=0.7342 val_rec_macro=0.7186 val_metric_name=acc val_metric=0.7887
Step 2500 | loss 0.0851 | val_acc=0.7912 val_loss=1.1727 val_f1_macro=0.7250 val_f1_weighted=0.7841 val_prec_macro=0.7365 val_rec_macro=0.7202 val_metric_name=acc val_metric=0.7912
Step 2550 | loss 0.0808 | val_acc=0.7899 val_loss=1.1826 val_f1_macro=0.7247 val_f1_weighted=0.7829 val_prec_macro=0.7365 val_rec_macro=0.7199 val_metric_name=acc val_metric=0.7899
Step 2600 | loss 0.0765 | val_acc=0.7901 val_loss=1.1936 val_f1_macro=0.7234 val_f1_weighted=0.7829 val_prec_macro=0.7356 val_rec_macro=0.7183 val_metric_name=acc val_metric=0.7901
Step 2650 | loss 0.0762 | val_acc=0.7903 val_loss=1.2029 val_f1_macro=0.7254 val_f1_weighted=0.7833 val_prec_macro=0.7368 val_rec_macro=0.7205 val_metric_name=acc val_metric=0.7903
Step 2700 | loss 0.0714 | val_acc=0.7906 val_loss=1.2139 val_f1_macro=0.7247 val_f1_weighted=0.7838 val_prec_macro=0.7356 val_rec_macro=0.7201 val_metric_name=acc val_metric=0.7906
Step 2750 | loss 0.0710 | val_acc=0.7898 val_loss=1.2253 val_f1_macro=0.7250 val_f1_weighted=0.7828 val_prec_macro=0.7358 val_rec_macro=0.7207 val_metric_name=acc val_metric=0.7898
Step 2800 | loss 0.0670 | val_acc=0.7906 val_loss=1.2366 val_f1_macro=0.7257 val_f1_weighted=0.7835 val_prec_macro=0.7374 val_rec_macro=0.7206 val_metric_name=acc val_metric=0.7906
Step 2850 | loss 0.0644 | val_acc=0.7906 val_loss=1.2442 val_f1_macro=0.7247 val_f1_weighted=0.7835 val_prec_macro=0.7364 val_rec_macro=0.7194 val_metric_name=acc val_metric=0.7906
Step 2900 | loss 0.0603 | val_acc=0.7914 val_loss=1.2531 val_f1_macro=0.7268 val_f1_weighted=0.7843 val_prec_macro=0.7379 val_rec_macro=0.7222 val_metric_name=acc val_metric=0.7914
Step 2950 | loss 0.0584 | val_acc=0.7928 val_loss=1.2623 val_f1_macro=0.7292 val_f1_weighted=0.7858 val_prec_macro=0.7399 val_rec_macro=0.7247 val_metric_name=acc val_metric=0.7928
Step 3000 | loss 0.0582 | val_acc=0.7922 val_loss=1.2717 val_f1_macro=0.7274 val_f1_weighted=0.7853 val_prec_macro=0.7389 val_rec_macro=0.7223 val_metric_name=acc val_metric=0.7922
Step 3050 | loss 0.0560 | val_acc=0.7919 val_loss=1.2819 val_f1_macro=0.7263 val_f1_weighted=0.7847 val_prec_macro=0.7384 val_rec_macro=0.7210 val_metric_name=acc val_metric=0.7919
Step 3100 | loss 0.0538 | val_acc=0.7917 val_loss=1.2888 val_f1_macro=0.7271 val_f1_weighted=0.7848 val_prec_macro=0.7383 val_rec_macro=0.7221 val_metric_name=acc val_metric=0.7917
Step 3150 | loss 0.0509 | val_acc=0.7921 val_loss=1.2965 val_f1_macro=0.7288 val_f1_weighted=0.7854 val_prec_macro=0.7406 val_rec_macro=0.7233 val_metric_name=acc val_metric=0.7921
Step 3200 | loss 0.0510 | val_acc=0.7915 val_loss=1.3073 val_f1_macro=0.7281 val_f1_weighted=0.7846 val_prec_macro=0.7395 val_rec_macro=0.7230 val_metric_name=acc val_metric=0.7915
Step 3250 | loss 0.0475 | val_acc=0.7915 val_loss=1.3173 val_f1_macro=0.7275 val_f1_weighted=0.7844 val_prec_macro=0.7393 val_rec_macro=0.7224 val_metric_name=acc val_metric=0.7915
Step 3300 | loss 0.0483 | val_acc=0.7912 val_loss=1.3239 val_f1_macro=0.7271 val_f1_weighted=0.7838 val_prec_macro=0.7388 val_rec_macro=0.7221 val_metric_name=acc val_metric=0.7912
Step 3350 | loss 0.0433 | val_acc=0.7912 val_loss=1.3358 val_f1_macro=0.7284 val_f1_weighted=0.7841 val_prec_macro=0.7397 val_rec_macro=0.7235 val_metric_name=acc val_metric=0.7912
Step 3400 | loss 0.0444 | val_acc=0.7919 val_loss=1.3405 val_f1_macro=0.7295 val_f1_weighted=0.7847 val_prec_macro=0.7413 val_rec_macro=0.7241 val_metric_name=acc val_metric=0.7919
Step 3450 | loss 0.0425 | val_acc=0.7915 val_loss=1.3486 val_f1_macro=0.7286 val_f1_weighted=0.7845 val_prec_macro=0.7401 val_rec_macro=0.7234 val_metric_name=acc val_metric=0.7915
Step 3500 | loss 0.0415 | val_acc=0.7917 val_loss=1.3607 val_f1_macro=0.7286 val_f1_weighted=0.7844 val_prec_macro=0.7400 val_rec_macro=0.7236 val_metric_name=acc val_metric=0.7917
Early stopping at step 3535

--- Final (best ckpt @ step 2950) ---
  train_acc=0.9996 train_loss=0.0027 train_f1_macro=0.9997 train_f1_weighted=0.9996 train_prec_macro=0.9998 train_rec_macro=0.9996 train_metric_name=acc train_metric=0.9996
  val_acc=0.7928 val_loss=1.2623 val_f1_macro=0.7292 val_f1_weighted=0.7858 val_prec_macro=0.7399 val_rec_macro=0.7247 val_metric_name=acc val_metric=0.7928
  test_acc=0.7937 test_loss=1.2485 test_f1_macro=0.7340 test_f1_weighted=0.7886 test_prec_macro=0.7467 test_rec_macro=0.7288 test_metric_name=acc test_metric=0.7937
  test_acc=0.7937

============================================================
Training TABM-roman-empire SAGE 2L h=512 lr=3e-05 split=8
============================================================
Step    1 | loss 3.7757 | val_acc=0.1179 val_loss=2.9229 val_f1_macro=0.0599 val_f1_weighted=0.0940 val_prec_macro=0.0851 val_rec_macro=0.0785 val_metric_name=acc val_metric=0.1179
Step   50 | loss 1.6218 | val_acc=0.6339 val_loss=1.1903 val_f1_macro=0.4552 val_f1_weighted=0.5811 val_prec_macro=0.5296 val_rec_macro=0.4582 val_metric_name=acc val_metric=0.6339
Step  100 | loss 1.2414 | val_acc=0.6918 val_loss=0.9923 val_f1_macro=0.5321 val_f1_weighted=0.6511 val_prec_macro=0.5809 val_rec_macro=0.5494 val_metric_name=acc val_metric=0.6918
Step  150 | loss 1.0623 | val_acc=0.7195 val_loss=0.8959 val_f1_macro=0.5803 val_f1_weighted=0.6885 val_prec_macro=0.6422 val_rec_macro=0.5891 val_metric_name=acc val_metric=0.7195
Step  200 | loss 0.9460 | val_acc=0.7331 val_loss=0.8314 val_f1_macro=0.6104 val_f1_weighted=0.7085 val_prec_macro=0.6640 val_rec_macro=0.6157 val_metric_name=acc val_metric=0.7331
Step  250 | loss 0.8516 | val_acc=0.7481 val_loss=0.7848 val_f1_macro=0.6497 val_f1_weighted=0.7298 val_prec_macro=0.6951 val_rec_macro=0.6506 val_metric_name=acc val_metric=0.7481
Step  300 | loss 0.7798 | val_acc=0.7569 val_loss=0.7483 val_f1_macro=0.6701 val_f1_weighted=0.7422 val_prec_macro=0.6955 val_rec_macro=0.6704 val_metric_name=acc val_metric=0.7569
Step  350 | loss 0.7269 | val_acc=0.7688 val_loss=0.7194 val_f1_macro=0.6902 val_f1_weighted=0.7565 val_prec_macro=0.7090 val_rec_macro=0.6907 val_metric_name=acc val_metric=0.7688
Step  400 | loss 0.6714 | val_acc=0.7793 val_loss=0.6976 val_f1_macro=0.7073 val_f1_weighted=0.7692 val_prec_macro=0.7207 val_rec_macro=0.7082 val_metric_name=acc val_metric=0.7793
Step  450 | loss 0.6167 | val_acc=0.7869 val_loss=0.6771 val_f1_macro=0.7233 val_f1_weighted=0.7788 val_prec_macro=0.7318 val_rec_macro=0.7249 val_metric_name=acc val_metric=0.7869
Step  500 | loss 0.5737 | val_acc=0.7924 val_loss=0.6642 val_f1_macro=0.7315 val_f1_weighted=0.7850 val_prec_macro=0.7387 val_rec_macro=0.7332 val_metric_name=acc val_metric=0.7924
Step  550 | loss 0.5281 | val_acc=0.7982 val_loss=0.6535 val_f1_macro=0.7427 val_f1_weighted=0.7918 val_prec_macro=0.7460 val_rec_macro=0.7466 val_metric_name=acc val_metric=0.7982
Step  600 | loss 0.4909 | val_acc=0.8035 val_loss=0.6449 val_f1_macro=0.7487 val_f1_weighted=0.7977 val_prec_macro=0.7507 val_rec_macro=0.7529 val_metric_name=acc val_metric=0.8035
Step  650 | loss 0.4546 | val_acc=0.8078 val_loss=0.6407 val_f1_macro=0.7532 val_f1_weighted=0.8024 val_prec_macro=0.7552 val_rec_macro=0.7568 val_metric_name=acc val_metric=0.8078
Step  700 | loss 0.4230 | val_acc=0.8117 val_loss=0.6367 val_f1_macro=0.7586 val_f1_weighted=0.8068 val_prec_macro=0.7615 val_rec_macro=0.7610 val_metric_name=acc val_metric=0.8117
Step  750 | loss 0.3887 | val_acc=0.8131 val_loss=0.6366 val_f1_macro=0.7607 val_f1_weighted=0.8087 val_prec_macro=0.7623 val_rec_macro=0.7641 val_metric_name=acc val_metric=0.8131
Step  800 | loss 0.3588 | val_acc=0.8148 val_loss=0.6383 val_f1_macro=0.7636 val_f1_weighted=0.8110 val_prec_macro=0.7639 val_rec_macro=0.7676 val_metric_name=acc val_metric=0.8148
Step  850 | loss 0.3291 | val_acc=0.8173 val_loss=0.6436 val_f1_macro=0.7672 val_f1_weighted=0.8138 val_prec_macro=0.7670 val_rec_macro=0.7714 val_metric_name=acc val_metric=0.8173
Step  900 | loss 0.3023 | val_acc=0.8201 val_loss=0.6486 val_f1_macro=0.7705 val_f1_weighted=0.8171 val_prec_macro=0.7712 val_rec_macro=0.7737 val_metric_name=acc val_metric=0.8201
Step  950 | loss 0.2805 | val_acc=0.8222 val_loss=0.6545 val_f1_macro=0.7722 val_f1_weighted=0.8196 val_prec_macro=0.7716 val_rec_macro=0.7761 val_metric_name=acc val_metric=0.8222
Step 1000 | loss 0.2557 | val_acc=0.8228 val_loss=0.6639 val_f1_macro=0.7735 val_f1_weighted=0.8199 val_prec_macro=0.7735 val_rec_macro=0.7768 val_metric_name=acc val_metric=0.8228
Step 1050 | loss 0.2385 | val_acc=0.8251 val_loss=0.6711 val_f1_macro=0.7764 val_f1_weighted=0.8222 val_prec_macro=0.7774 val_rec_macro=0.7781 val_metric_name=acc val_metric=0.8251
Step 1100 | loss 0.2156 | val_acc=0.8254 val_loss=0.6819 val_f1_macro=0.7773 val_f1_weighted=0.8229 val_prec_macro=0.7785 val_rec_macro=0.7788 val_metric_name=acc val_metric=0.8254
Step 1150 | loss 0.2005 | val_acc=0.8281 val_loss=0.6911 val_f1_macro=0.7814 val_f1_weighted=0.8255 val_prec_macro=0.7835 val_rec_macro=0.7817 val_metric_name=acc val_metric=0.8281
Step 1200 | loss 0.1859 | val_acc=0.8300 val_loss=0.7009 val_f1_macro=0.7844 val_f1_weighted=0.8278 val_prec_macro=0.7872 val_rec_macro=0.7841 val_metric_name=acc val_metric=0.8300
Step 1250 | loss 0.1725 | val_acc=0.8293 val_loss=0.7166 val_f1_macro=0.7841 val_f1_weighted=0.8273 val_prec_macro=0.7874 val_rec_macro=0.7831 val_metric_name=acc val_metric=0.8293
Step 1300 | loss 0.1567 | val_acc=0.8305 val_loss=0.7242 val_f1_macro=0.7840 val_f1_weighted=0.8283 val_prec_macro=0.7868 val_rec_macro=0.7834 val_metric_name=acc val_metric=0.8305
Step 1350 | loss 0.1462 | val_acc=0.8334 val_loss=0.7355 val_f1_macro=0.7893 val_f1_weighted=0.8310 val_prec_macro=0.7930 val_rec_macro=0.7881 val_metric_name=acc val_metric=0.8334
Step 1400 | loss 0.1333 | val_acc=0.8337 val_loss=0.7464 val_f1_macro=0.7887 val_f1_weighted=0.8313 val_prec_macro=0.7928 val_rec_macro=0.7871 val_metric_name=acc val_metric=0.8337
Step 1450 | loss 0.1256 | val_acc=0.8346 val_loss=0.7563 val_f1_macro=0.7905 val_f1_weighted=0.8324 val_prec_macro=0.7953 val_rec_macro=0.7881 val_metric_name=acc val_metric=0.8346
Step 1500 | loss 0.1164 | val_acc=0.8357 val_loss=0.7673 val_f1_macro=0.7924 val_f1_weighted=0.8336 val_prec_macro=0.7965 val_rec_macro=0.7905 val_metric_name=acc val_metric=0.8357
Step 1550 | loss 0.1084 | val_acc=0.8369 val_loss=0.7796 val_f1_macro=0.7933 val_f1_weighted=0.8347 val_prec_macro=0.8004 val_rec_macro=0.7892 val_metric_name=acc val_metric=0.8369
Step 1600 | loss 0.1025 | val_acc=0.8378 val_loss=0.7915 val_f1_macro=0.7955 val_f1_weighted=0.8356 val_prec_macro=0.8003 val_rec_macro=0.7931 val_metric_name=acc val_metric=0.8378
Step 1650 | loss 0.0971 | val_acc=0.8381 val_loss=0.8026 val_f1_macro=0.7945 val_f1_weighted=0.8360 val_prec_macro=0.7971 val_rec_macro=0.7941 val_metric_name=acc val_metric=0.8381
Step 1700 | loss 0.0943 | val_acc=0.8371 val_loss=0.8077 val_f1_macro=0.7940 val_f1_weighted=0.8347 val_prec_macro=0.7972 val_rec_macro=0.7930 val_metric_name=acc val_metric=0.8371
Step 1750 | loss 0.0851 | val_acc=0.8392 val_loss=0.8193 val_f1_macro=0.7980 val_f1_weighted=0.8369 val_prec_macro=0.8025 val_rec_macro=0.7956 val_metric_name=acc val_metric=0.8392
Step 1800 | loss 0.0772 | val_acc=0.8401 val_loss=0.8281 val_f1_macro=0.7999 val_f1_weighted=0.8380 val_prec_macro=0.8041 val_rec_macro=0.7978 val_metric_name=acc val_metric=0.8401
Step 1850 | loss 0.0762 | val_acc=0.8397 val_loss=0.8404 val_f1_macro=0.7983 val_f1_weighted=0.8377 val_prec_macro=0.8030 val_rec_macro=0.7958 val_metric_name=acc val_metric=0.8397
Step 1900 | loss 0.0683 | val_acc=0.8422 val_loss=0.8450 val_f1_macro=0.8020 val_f1_weighted=0.8399 val_prec_macro=0.8049 val_rec_macro=0.8006 val_metric_name=acc val_metric=0.8422
Step 1950 | loss 0.0635 | val_acc=0.8406 val_loss=0.8555 val_f1_macro=0.8013 val_f1_weighted=0.8387 val_prec_macro=0.8040 val_rec_macro=0.8006 val_metric_name=acc val_metric=0.8406
Step 2000 | loss 0.0632 | val_acc=0.8422 val_loss=0.8641 val_f1_macro=0.8024 val_f1_weighted=0.8404 val_prec_macro=0.8054 val_rec_macro=0.8012 val_metric_name=acc val_metric=0.8422
Step 2050 | loss 0.0586 | val_acc=0.8424 val_loss=0.8764 val_f1_macro=0.8002 val_f1_weighted=0.8399 val_prec_macro=0.8033 val_rec_macro=0.7991 val_metric_name=acc val_metric=0.8424
Step 2100 | loss 0.0558 | val_acc=0.8418 val_loss=0.8789 val_f1_macro=0.8019 val_f1_weighted=0.8399 val_prec_macro=0.8059 val_rec_macro=0.7999 val_metric_name=acc val_metric=0.8418
Step 2150 | loss 0.0550 | val_acc=0.8425 val_loss=0.8879 val_f1_macro=0.8023 val_f1_weighted=0.8403 val_prec_macro=0.8080 val_rec_macro=0.7992 val_metric_name=acc val_metric=0.8425
Step 2200 | loss 0.0512 | val_acc=0.8431 val_loss=0.8969 val_f1_macro=0.8021 val_f1_weighted=0.8407 val_prec_macro=0.8052 val_rec_macro=0.8011 val_metric_name=acc val_metric=0.8431
Step 2250 | loss 0.0477 | val_acc=0.8415 val_loss=0.8992 val_f1_macro=0.8015 val_f1_weighted=0.8391 val_prec_macro=0.8078 val_rec_macro=0.7976 val_metric_name=acc val_metric=0.8415
Step 2300 | loss 0.0460 | val_acc=0.8427 val_loss=0.9123 val_f1_macro=0.8035 val_f1_weighted=0.8405 val_prec_macro=0.8074 val_rec_macro=0.8018 val_metric_name=acc val_metric=0.8427
Step 2350 | loss 0.0437 | val_acc=0.8425 val_loss=0.9173 val_f1_macro=0.8011 val_f1_weighted=0.8402 val_prec_macro=0.8058 val_rec_macro=0.7988 val_metric_name=acc val_metric=0.8425
Step 2400 | loss 0.0412 | val_acc=0.8424 val_loss=0.9237 val_f1_macro=0.8019 val_f1_weighted=0.8402 val_prec_macro=0.8062 val_rec_macro=0.7996 val_metric_name=acc val_metric=0.8424
Step 2450 | loss 0.0397 | val_acc=0.8436 val_loss=0.9305 val_f1_macro=0.8037 val_f1_weighted=0.8412 val_prec_macro=0.8071 val_rec_macro=0.8027 val_metric_name=acc val_metric=0.8436
Step 2500 | loss 0.0402 | val_acc=0.8431 val_loss=0.9372 val_f1_macro=0.8033 val_f1_weighted=0.8409 val_prec_macro=0.8067 val_rec_macro=0.8018 val_metric_name=acc val_metric=0.8431
Step 2550 | loss 0.0374 | val_acc=0.8425 val_loss=0.9438 val_f1_macro=0.8039 val_f1_weighted=0.8403 val_prec_macro=0.8079 val_rec_macro=0.8019 val_metric_name=acc val_metric=0.8425
Step 2600 | loss 0.0339 | val_acc=0.8440 val_loss=0.9473 val_f1_macro=0.8055 val_f1_weighted=0.8418 val_prec_macro=0.8092 val_rec_macro=0.8037 val_metric_name=acc val_metric=0.8440
Step 2650 | loss 0.0333 | val_acc=0.8443 val_loss=0.9526 val_f1_macro=0.8056 val_f1_weighted=0.8423 val_prec_macro=0.8110 val_rec_macro=0.8023 val_metric_name=acc val_metric=0.8443
Step 2700 | loss 0.0318 | val_acc=0.8443 val_loss=0.9588 val_f1_macro=0.8050 val_f1_weighted=0.8418 val_prec_macro=0.8116 val_rec_macro=0.8010 val_metric_name=acc val_metric=0.8443
Step 2750 | loss 0.0311 | val_acc=0.8452 val_loss=0.9679 val_f1_macro=0.8059 val_f1_weighted=0.8427 val_prec_macro=0.8105 val_rec_macro=0.8036 val_metric_name=acc val_metric=0.8452
Step 2800 | loss 0.0313 | val_acc=0.8447 val_loss=0.9720 val_f1_macro=0.8064 val_f1_weighted=0.8423 val_prec_macro=0.8110 val_rec_macro=0.8040 val_metric_name=acc val_metric=0.8447
Step 2850 | loss 0.0308 | val_acc=0.8462 val_loss=0.9748 val_f1_macro=0.8070 val_f1_weighted=0.8440 val_prec_macro=0.8131 val_rec_macro=0.8039 val_metric_name=acc val_metric=0.8462
Step 2900 | loss 0.0289 | val_acc=0.8445 val_loss=0.9856 val_f1_macro=0.8056 val_f1_weighted=0.8423 val_prec_macro=0.8113 val_rec_macro=0.8024 val_metric_name=acc val_metric=0.8445
Step 2950 | loss 0.0268 | val_acc=0.8452 val_loss=0.9905 val_f1_macro=0.8062 val_f1_weighted=0.8431 val_prec_macro=0.8116 val_rec_macro=0.8031 val_metric_name=acc val_metric=0.8452
Step 3000 | loss 0.0263 | val_acc=0.8445 val_loss=0.9950 val_f1_macro=0.8049 val_f1_weighted=0.8424 val_prec_macro=0.8105 val_rec_macro=0.8019 val_metric_name=acc val_metric=0.8445
Step 3050 | loss 0.0270 | val_acc=0.8445 val_loss=0.9981 val_f1_macro=0.8055 val_f1_weighted=0.8423 val_prec_macro=0.8115 val_rec_macro=0.8020 val_metric_name=acc val_metric=0.8445
Step 3100 | loss 0.0261 | val_acc=0.8447 val_loss=1.0093 val_f1_macro=0.8049 val_f1_weighted=0.8425 val_prec_macro=0.8089 val_rec_macro=0.8030 val_metric_name=acc val_metric=0.8447
Step 3150 | loss 0.0245 | val_acc=0.8462 val_loss=1.0063 val_f1_macro=0.8075 val_f1_weighted=0.8439 val_prec_macro=0.8127 val_rec_macro=0.8046 val_metric_name=acc val_metric=0.8462
Step 3200 | loss 0.0219 | val_acc=0.8475 val_loss=1.0129 val_f1_macro=0.8087 val_f1_weighted=0.8454 val_prec_macro=0.8138 val_rec_macro=0.8059 val_metric_name=acc val_metric=0.8475
Step 3250 | loss 0.0224 | val_acc=0.8454 val_loss=1.0199 val_f1_macro=0.8059 val_f1_weighted=0.8431 val_prec_macro=0.8107 val_rec_macro=0.8034 val_metric_name=acc val_metric=0.8454
Step 3300 | loss 0.0216 | val_acc=0.8438 val_loss=1.0244 val_f1_macro=0.8042 val_f1_weighted=0.8413 val_prec_macro=0.8097 val_rec_macro=0.8012 val_metric_name=acc val_metric=0.8438
Step 3350 | loss 0.0207 | val_acc=0.8466 val_loss=1.0309 val_f1_macro=0.8072 val_f1_weighted=0.8442 val_prec_macro=0.8118 val_rec_macro=0.8048 val_metric_name=acc val_metric=0.8466
Step 3400 | loss 0.0196 | val_acc=0.8454 val_loss=1.0371 val_f1_macro=0.8067 val_f1_weighted=0.8431 val_prec_macro=0.8121 val_rec_macro=0.8034 val_metric_name=acc val_metric=0.8454
Step 3450 | loss 0.0202 | val_acc=0.8468 val_loss=1.0389 val_f1_macro=0.8081 val_f1_weighted=0.8444 val_prec_macro=0.8128 val_rec_macro=0.8056 val_metric_name=acc val_metric=0.8468
Step 3500 | loss 0.0194 | val_acc=0.8464 val_loss=1.0423 val_f1_macro=0.8067 val_f1_weighted=0.8441 val_prec_macro=0.8124 val_rec_macro=0.8032 val_metric_name=acc val_metric=0.8464
Step 3550 | loss 0.0169 | val_acc=0.8468 val_loss=1.0483 val_f1_macro=0.8086 val_f1_weighted=0.8446 val_prec_macro=0.8139 val_rec_macro=0.8053 val_metric_name=acc val_metric=0.8468
Step 3600 | loss 0.0179 | val_acc=0.8468 val_loss=1.0553 val_f1_macro=0.8079 val_f1_weighted=0.8445 val_prec_macro=0.8132 val_rec_macro=0.8049 val_metric_name=acc val_metric=0.8468
Step 3650 | loss 0.0188 | val_acc=0.8478 val_loss=1.0589 val_f1_macro=0.8093 val_f1_weighted=0.8457 val_prec_macro=0.8130 val_rec_macro=0.8076 val_metric_name=acc val_metric=0.8478
Step 3700 | loss 0.0181 | val_acc=0.8477 val_loss=1.0616 val_f1_macro=0.8088 val_f1_weighted=0.8454 val_prec_macro=0.8119 val_rec_macro=0.8076 val_metric_name=acc val_metric=0.8477
Step 3750 | loss 0.0170 | val_acc=0.8478 val_loss=1.0672 val_f1_macro=0.8097 val_f1_weighted=0.8458 val_prec_macro=0.8149 val_rec_macro=0.8071 val_metric_name=acc val_metric=0.8478
Step 3800 | loss 0.0171 | val_acc=0.8484 val_loss=1.0696 val_f1_macro=0.8107 val_f1_weighted=0.8462 val_prec_macro=0.8136 val_rec_macro=0.8097 val_metric_name=acc val_metric=0.8484
Step 3850 | loss 0.0155 | val_acc=0.8482 val_loss=1.0715 val_f1_macro=0.8093 val_f1_weighted=0.8461 val_prec_macro=0.8134 val_rec_macro=0.8075 val_metric_name=acc val_metric=0.8482
Step 3900 | loss 0.0158 | val_acc=0.8471 val_loss=1.0812 val_f1_macro=0.8088 val_f1_weighted=0.8450 val_prec_macro=0.8136 val_rec_macro=0.8061 val_metric_name=acc val_metric=0.8471
Step 3950 | loss 0.0148 | val_acc=0.8484 val_loss=1.0817 val_f1_macro=0.8105 val_f1_weighted=0.8462 val_prec_macro=0.8151 val_rec_macro=0.8082 val_metric_name=acc val_metric=0.8484
Early stopping at step 3972

--- Final (best ckpt @ step 3670) ---
  train_acc=0.9998 train_loss=0.0003 train_f1_macro=0.9998 train_f1_weighted=0.9998 train_prec_macro=0.9998 train_rec_macro=0.9998 train_metric_name=acc train_metric=0.9998
  val_acc=0.8498 val_loss=1.0593 val_f1_macro=0.8119 val_f1_weighted=0.8474 val_prec_macro=0.8169 val_rec_macro=0.8091 val_metric_name=acc val_metric=0.8498
  test_acc=0.8473 test_loss=1.0998 test_f1_macro=0.8058 test_f1_weighted=0.8460 test_prec_macro=0.8086 test_rec_macro=0.8062 test_metric_name=acc test_metric=0.8473
  test_acc=0.8473

============================================================
Training TABM-roman-empire SAGE 3L h=512 lr=3e-05 split=8
============================================================
Step    1 | loss 3.5997 | val_acc=0.1802 val_loss=2.7834 val_f1_macro=0.0514 val_f1_weighted=0.1098 val_prec_macro=0.0669 val_rec_macro=0.0822 val_metric_name=acc val_metric=0.1802
Step   50 | loss 1.5325 | val_acc=0.6500 val_loss=1.1246 val_f1_macro=0.4744 val_f1_weighted=0.5995 val_prec_macro=0.5279 val_rec_macro=0.4997 val_metric_name=acc val_metric=0.6500
Step  100 | loss 1.1658 | val_acc=0.7026 val_loss=0.9445 val_f1_macro=0.5506 val_f1_weighted=0.6670 val_prec_macro=0.6014 val_rec_macro=0.5694 val_metric_name=acc val_metric=0.7026
Step  150 | loss 0.9814 | val_acc=0.7320 val_loss=0.8427 val_f1_macro=0.6096 val_f1_weighted=0.7068 val_prec_macro=0.6696 val_rec_macro=0.6188 val_metric_name=acc val_metric=0.7320
Step  200 | loss 0.8686 | val_acc=0.7509 val_loss=0.7746 val_f1_macro=0.6589 val_f1_weighted=0.7334 val_prec_macro=0.6952 val_rec_macro=0.6627 val_metric_name=acc val_metric=0.7509
Step  250 | loss 0.7775 | val_acc=0.7665 val_loss=0.7246 val_f1_macro=0.6918 val_f1_weighted=0.7540 val_prec_macro=0.7085 val_rec_macro=0.6951 val_metric_name=acc val_metric=0.7665
Step  300 | loss 0.7081 | val_acc=0.7797 val_loss=0.6863 val_f1_macro=0.7130 val_f1_weighted=0.7700 val_prec_macro=0.7213 val_rec_macro=0.7191 val_metric_name=acc val_metric=0.7797
Step  350 | loss 0.6432 | val_acc=0.7899 val_loss=0.6543 val_f1_macro=0.7294 val_f1_weighted=0.7821 val_prec_macro=0.7336 val_rec_macro=0.7361 val_metric_name=acc val_metric=0.7899
Step  400 | loss 0.5875 | val_acc=0.8000 val_loss=0.6307 val_f1_macro=0.7437 val_f1_weighted=0.7933 val_prec_macro=0.7443 val_rec_macro=0.7522 val_metric_name=acc val_metric=0.8000
Step  450 | loss 0.5343 | val_acc=0.8083 val_loss=0.6108 val_f1_macro=0.7552 val_f1_weighted=0.8028 val_prec_macro=0.7555 val_rec_macro=0.7639 val_metric_name=acc val_metric=0.8083
Step  500 | loss 0.4897 | val_acc=0.8164 val_loss=0.5939 val_f1_macro=0.7655 val_f1_weighted=0.8118 val_prec_macro=0.7646 val_rec_macro=0.7739 val_metric_name=acc val_metric=0.8164
Step  550 | loss 0.4427 | val_acc=0.8245 val_loss=0.5800 val_f1_macro=0.7769 val_f1_weighted=0.8211 val_prec_macro=0.7763 val_rec_macro=0.7844 val_metric_name=acc val_metric=0.8245
Step  600 | loss 0.3987 | val_acc=0.8282 val_loss=0.5705 val_f1_macro=0.7834 val_f1_weighted=0.8249 val_prec_macro=0.7824 val_rec_macro=0.7909 val_metric_name=acc val_metric=0.8282
Step  650 | loss 0.3610 | val_acc=0.8330 val_loss=0.5637 val_f1_macro=0.7921 val_f1_weighted=0.8302 val_prec_macro=0.7895 val_rec_macro=0.8007 val_metric_name=acc val_metric=0.8330
Step  700 | loss 0.3206 | val_acc=0.8374 val_loss=0.5595 val_f1_macro=0.7982 val_f1_weighted=0.8347 val_prec_macro=0.7937 val_rec_macro=0.8079 val_metric_name=acc val_metric=0.8374
Step  750 | loss 0.2927 | val_acc=0.8447 val_loss=0.5570 val_f1_macro=0.8051 val_f1_weighted=0.8426 val_prec_macro=0.7992 val_rec_macro=0.8155 val_metric_name=acc val_metric=0.8447
Step  800 | loss 0.2641 | val_acc=0.8459 val_loss=0.5562 val_f1_macro=0.8060 val_f1_weighted=0.8436 val_prec_macro=0.8002 val_rec_macro=0.8162 val_metric_name=acc val_metric=0.8459
Step  850 | loss 0.2373 | val_acc=0.8480 val_loss=0.5602 val_f1_macro=0.8093 val_f1_weighted=0.8463 val_prec_macro=0.8032 val_rec_macro=0.8194 val_metric_name=acc val_metric=0.8480
Step  900 | loss 0.2129 | val_acc=0.8524 val_loss=0.5644 val_f1_macro=0.8134 val_f1_weighted=0.8510 val_prec_macro=0.8062 val_rec_macro=0.8242 val_metric_name=acc val_metric=0.8524
Step  950 | loss 0.1865 | val_acc=0.8554 val_loss=0.5695 val_f1_macro=0.8166 val_f1_weighted=0.8541 val_prec_macro=0.8107 val_rec_macro=0.8255 val_metric_name=acc val_metric=0.8554
Step 1000 | loss 0.1731 | val_acc=0.8568 val_loss=0.5775 val_f1_macro=0.8179 val_f1_weighted=0.8553 val_prec_macro=0.8106 val_rec_macro=0.8286 val_metric_name=acc val_metric=0.8568
Step 1050 | loss 0.1527 | val_acc=0.8590 val_loss=0.5847 val_f1_macro=0.8206 val_f1_weighted=0.8574 val_prec_macro=0.8150 val_rec_macro=0.8289 val_metric_name=acc val_metric=0.8590
Step 1100 | loss 0.1390 | val_acc=0.8616 val_loss=0.5923 val_f1_macro=0.8240 val_f1_weighted=0.8601 val_prec_macro=0.8188 val_rec_macro=0.8319 val_metric_name=acc val_metric=0.8616
Step 1150 | loss 0.1256 | val_acc=0.8632 val_loss=0.5977 val_f1_macro=0.8258 val_f1_weighted=0.8617 val_prec_macro=0.8215 val_rec_macro=0.8325 val_metric_name=acc val_metric=0.8632
Step 1200 | loss 0.1137 | val_acc=0.8634 val_loss=0.6109 val_f1_macro=0.8266 val_f1_weighted=0.8619 val_prec_macro=0.8219 val_rec_macro=0.8340 val_metric_name=acc val_metric=0.8634
Step 1250 | loss 0.1050 | val_acc=0.8646 val_loss=0.6159 val_f1_macro=0.8276 val_f1_weighted=0.8630 val_prec_macro=0.8233 val_rec_macro=0.8343 val_metric_name=acc val_metric=0.8646
Step 1300 | loss 0.0942 | val_acc=0.8671 val_loss=0.6258 val_f1_macro=0.8304 val_f1_weighted=0.8655 val_prec_macro=0.8275 val_rec_macro=0.8361 val_metric_name=acc val_metric=0.8671
Step 1350 | loss 0.0869 | val_acc=0.8664 val_loss=0.6381 val_f1_macro=0.8291 val_f1_weighted=0.8648 val_prec_macro=0.8246 val_rec_macro=0.8370 val_metric_name=acc val_metric=0.8664
Step 1400 | loss 0.0760 | val_acc=0.8694 val_loss=0.6442 val_f1_macro=0.8333 val_f1_weighted=0.8679 val_prec_macro=0.8296 val_rec_macro=0.8398 val_metric_name=acc val_metric=0.8694
Step 1450 | loss 0.0719 | val_acc=0.8681 val_loss=0.6520 val_f1_macro=0.8302 val_f1_weighted=0.8664 val_prec_macro=0.8270 val_rec_macro=0.8367 val_metric_name=acc val_metric=0.8681
Step 1500 | loss 0.0670 | val_acc=0.8697 val_loss=0.6594 val_f1_macro=0.8317 val_f1_weighted=0.8678 val_prec_macro=0.8293 val_rec_macro=0.8373 val_metric_name=acc val_metric=0.8697
Step 1550 | loss 0.0608 | val_acc=0.8710 val_loss=0.6676 val_f1_macro=0.8341 val_f1_weighted=0.8693 val_prec_macro=0.8322 val_rec_macro=0.8389 val_metric_name=acc val_metric=0.8710
Step 1600 | loss 0.0582 | val_acc=0.8703 val_loss=0.6767 val_f1_macro=0.8322 val_f1_weighted=0.8685 val_prec_macro=0.8303 val_rec_macro=0.8370 val_metric_name=acc val_metric=0.8703
Step 1650 | loss 0.0523 | val_acc=0.8715 val_loss=0.6785 val_f1_macro=0.8340 val_f1_weighted=0.8700 val_prec_macro=0.8316 val_rec_macro=0.8390 val_metric_name=acc val_metric=0.8715
Step 1700 | loss 0.0489 | val_acc=0.8720 val_loss=0.6840 val_f1_macro=0.8340 val_f1_weighted=0.8704 val_prec_macro=0.8317 val_rec_macro=0.8388 val_metric_name=acc val_metric=0.8720
Step 1750 | loss 0.0452 | val_acc=0.8733 val_loss=0.6874 val_f1_macro=0.8351 val_f1_weighted=0.8715 val_prec_macro=0.8333 val_rec_macro=0.8396 val_metric_name=acc val_metric=0.8733
Step 1800 | loss 0.0407 | val_acc=0.8715 val_loss=0.6978 val_f1_macro=0.8339 val_f1_weighted=0.8698 val_prec_macro=0.8327 val_rec_macro=0.8375 val_metric_name=acc val_metric=0.8715
Step 1850 | loss 0.0388 | val_acc=0.8736 val_loss=0.7011 val_f1_macro=0.8356 val_f1_weighted=0.8718 val_prec_macro=0.8344 val_rec_macro=0.8396 val_metric_name=acc val_metric=0.8736
Step 1900 | loss 0.0392 | val_acc=0.8747 val_loss=0.7080 val_f1_macro=0.8363 val_f1_weighted=0.8731 val_prec_macro=0.8346 val_rec_macro=0.8409 val_metric_name=acc val_metric=0.8747
Step 1950 | loss 0.0362 | val_acc=0.8747 val_loss=0.7119 val_f1_macro=0.8375 val_f1_weighted=0.8731 val_prec_macro=0.8361 val_rec_macro=0.8419 val_metric_name=acc val_metric=0.8747
Step 2000 | loss 0.0331 | val_acc=0.8766 val_loss=0.7129 val_f1_macro=0.8401 val_f1_weighted=0.8750 val_prec_macro=0.8398 val_rec_macro=0.8425 val_metric_name=acc val_metric=0.8766
Step 2050 | loss 0.0323 | val_acc=0.8750 val_loss=0.7228 val_f1_macro=0.8384 val_f1_weighted=0.8734 val_prec_macro=0.8382 val_rec_macro=0.8409 val_metric_name=acc val_metric=0.8750
Step 2100 | loss 0.0301 | val_acc=0.8761 val_loss=0.7246 val_f1_macro=0.8397 val_f1_weighted=0.8745 val_prec_macro=0.8387 val_rec_macro=0.8430 val_metric_name=acc val_metric=0.8761
Step 2150 | loss 0.0274 | val_acc=0.8766 val_loss=0.7307 val_f1_macro=0.8397 val_f1_weighted=0.8750 val_prec_macro=0.8385 val_rec_macro=0.8435 val_metric_name=acc val_metric=0.8766
Step 2200 | loss 0.0263 | val_acc=0.8780 val_loss=0.7362 val_f1_macro=0.8422 val_f1_weighted=0.8765 val_prec_macro=0.8421 val_rec_macro=0.8445 val_metric_name=acc val_metric=0.8780
Step 2250 | loss 0.0259 | val_acc=0.8771 val_loss=0.7383 val_f1_macro=0.8416 val_f1_weighted=0.8756 val_prec_macro=0.8413 val_rec_macro=0.8440 val_metric_name=acc val_metric=0.8771
Step 2300 | loss 0.0237 | val_acc=0.8775 val_loss=0.7435 val_f1_macro=0.8411 val_f1_weighted=0.8758 val_prec_macro=0.8420 val_rec_macro=0.8429 val_metric_name=acc val_metric=0.8775
Step 2350 | loss 0.0247 | val_acc=0.8775 val_loss=0.7464 val_f1_macro=0.8416 val_f1_weighted=0.8758 val_prec_macro=0.8418 val_rec_macro=0.8439 val_metric_name=acc val_metric=0.8775
Step 2400 | loss 0.0199 | val_acc=0.8778 val_loss=0.7536 val_f1_macro=0.8419 val_f1_weighted=0.8761 val_prec_macro=0.8413 val_rec_macro=0.8446 val_metric_name=acc val_metric=0.8778
Step 2450 | loss 0.0213 | val_acc=0.8782 val_loss=0.7575 val_f1_macro=0.8420 val_f1_weighted=0.8766 val_prec_macro=0.8415 val_rec_macro=0.8448 val_metric_name=acc val_metric=0.8782
Step 2500 | loss 0.0190 | val_acc=0.8775 val_loss=0.7629 val_f1_macro=0.8406 val_f1_weighted=0.8757 val_prec_macro=0.8411 val_rec_macro=0.8427 val_metric_name=acc val_metric=0.8775
Step 2550 | loss 0.0181 | val_acc=0.8791 val_loss=0.7608 val_f1_macro=0.8431 val_f1_weighted=0.8775 val_prec_macro=0.8431 val_rec_macro=0.8453 val_metric_name=acc val_metric=0.8791
Step 2600 | loss 0.0175 | val_acc=0.8787 val_loss=0.7709 val_f1_macro=0.8419 val_f1_weighted=0.8770 val_prec_macro=0.8426 val_rec_macro=0.8437 val_metric_name=acc val_metric=0.8787
Step 2650 | loss 0.0159 | val_acc=0.8794 val_loss=0.7720 val_f1_macro=0.8434 val_f1_weighted=0.8776 val_prec_macro=0.8444 val_rec_macro=0.8451 val_metric_name=acc val_metric=0.8794
Step 2700 | loss 0.0168 | val_acc=0.8794 val_loss=0.7754 val_f1_macro=0.8439 val_f1_weighted=0.8777 val_prec_macro=0.8440 val_rec_macro=0.8461 val_metric_name=acc val_metric=0.8794
Step 2750 | loss 0.0156 | val_acc=0.8798 val_loss=0.7779 val_f1_macro=0.8444 val_f1_weighted=0.8781 val_prec_macro=0.8452 val_rec_macro=0.8462 val_metric_name=acc val_metric=0.8798
Step 2800 | loss 0.0150 | val_acc=0.8807 val_loss=0.7804 val_f1_macro=0.8443 val_f1_weighted=0.8789 val_prec_macro=0.8445 val_rec_macro=0.8463 val_metric_name=acc val_metric=0.8807
Step 2850 | loss 0.0153 | val_acc=0.8810 val_loss=0.7852 val_f1_macro=0.8459 val_f1_weighted=0.8793 val_prec_macro=0.8462 val_rec_macro=0.8475 val_metric_name=acc val_metric=0.8810
Step 2900 | loss 0.0140 | val_acc=0.8816 val_loss=0.7869 val_f1_macro=0.8472 val_f1_weighted=0.8799 val_prec_macro=0.8472 val_rec_macro=0.8488 val_metric_name=acc val_metric=0.8816
Step 2950 | loss 0.0146 | val_acc=0.8805 val_loss=0.7887 val_f1_macro=0.8459 val_f1_weighted=0.8789 val_prec_macro=0.8471 val_rec_macro=0.8464 val_metric_name=acc val_metric=0.8805
Step 3000 | loss 0.0142 | val_acc=0.8817 val_loss=0.7938 val_f1_macro=0.8467 val_f1_weighted=0.8802 val_prec_macro=0.8473 val_rec_macro=0.8481 val_metric_name=acc val_metric=0.8817
Step 3050 | loss 0.0129 | val_acc=0.8821 val_loss=0.7979 val_f1_macro=0.8470 val_f1_weighted=0.8805 val_prec_macro=0.8478 val_rec_macro=0.8477 val_metric_name=acc val_metric=0.8821
Step 3100 | loss 0.0125 | val_acc=0.8823 val_loss=0.7995 val_f1_macro=0.8471 val_f1_weighted=0.8804 val_prec_macro=0.8477 val_rec_macro=0.8485 val_metric_name=acc val_metric=0.8823
Step 3150 | loss 0.0115 | val_acc=0.8824 val_loss=0.8056 val_f1_macro=0.8477 val_f1_weighted=0.8807 val_prec_macro=0.8487 val_rec_macro=0.8486 val_metric_name=acc val_metric=0.8824
Step 3200 | loss 0.0112 | val_acc=0.8823 val_loss=0.8093 val_f1_macro=0.8469 val_f1_weighted=0.8806 val_prec_macro=0.8469 val_rec_macro=0.8488 val_metric_name=acc val_metric=0.8823
Step 3250 | loss 0.0103 | val_acc=0.8830 val_loss=0.8102 val_f1_macro=0.8491 val_f1_weighted=0.8813 val_prec_macro=0.8500 val_rec_macro=0.8500 val_metric_name=acc val_metric=0.8830
Step 3300 | loss 0.0108 | val_acc=0.8831 val_loss=0.8124 val_f1_macro=0.8483 val_f1_weighted=0.8815 val_prec_macro=0.8488 val_rec_macro=0.8498 val_metric_name=acc val_metric=0.8831
Step 3350 | loss 0.0105 | val_acc=0.8835 val_loss=0.8128 val_f1_macro=0.8495 val_f1_weighted=0.8818 val_prec_macro=0.8500 val_rec_macro=0.8508 val_metric_name=acc val_metric=0.8835
Step 3400 | loss 0.0096 | val_acc=0.8838 val_loss=0.8145 val_f1_macro=0.8495 val_f1_weighted=0.8822 val_prec_macro=0.8503 val_rec_macro=0.8506 val_metric_name=acc val_metric=0.8838
Step 3450 | loss 0.0090 | val_acc=0.8844 val_loss=0.8160 val_f1_macro=0.8501 val_f1_weighted=0.8828 val_prec_macro=0.8508 val_rec_macro=0.8511 val_metric_name=acc val_metric=0.8844
Step 3500 | loss 0.0088 | val_acc=0.8835 val_loss=0.8208 val_f1_macro=0.8496 val_f1_weighted=0.8820 val_prec_macro=0.8511 val_rec_macro=0.8500 val_metric_name=acc val_metric=0.8835
Step 3550 | loss 0.0096 | val_acc=0.8838 val_loss=0.8271 val_f1_macro=0.8499 val_f1_weighted=0.8822 val_prec_macro=0.8516 val_rec_macro=0.8499 val_metric_name=acc val_metric=0.8838
Step 3600 | loss 0.0084 | val_acc=0.8842 val_loss=0.8216 val_f1_macro=0.8509 val_f1_weighted=0.8826 val_prec_macro=0.8525 val_rec_macro=0.8513 val_metric_name=acc val_metric=0.8842
Step 3650 | loss 0.0097 | val_acc=0.8840 val_loss=0.8317 val_f1_macro=0.8507 val_f1_weighted=0.8823 val_prec_macro=0.8523 val_rec_macro=0.8511 val_metric_name=acc val_metric=0.8840
Step 3700 | loss 0.0075 | val_acc=0.8851 val_loss=0.8338 val_f1_macro=0.8514 val_f1_weighted=0.8833 val_prec_macro=0.8539 val_rec_macro=0.8512 val_metric_name=acc val_metric=0.8851
Step 3750 | loss 0.0074 | val_acc=0.8847 val_loss=0.8363 val_f1_macro=0.8513 val_f1_weighted=0.8831 val_prec_macro=0.8532 val_rec_macro=0.8511 val_metric_name=acc val_metric=0.8847
Step 3800 | loss 0.0081 | val_acc=0.8844 val_loss=0.8399 val_f1_macro=0.8512 val_f1_weighted=0.8827 val_prec_macro=0.8538 val_rec_macro=0.8510 val_metric_name=acc val_metric=0.8844
Step 3850 | loss 0.0075 | val_acc=0.8837 val_loss=0.8453 val_f1_macro=0.8495 val_f1_weighted=0.8820 val_prec_macro=0.8507 val_rec_macro=0.8503 val_metric_name=acc val_metric=0.8837
Step 3900 | loss 0.0074 | val_acc=0.8853 val_loss=0.8411 val_f1_macro=0.8524 val_f1_weighted=0.8838 val_prec_macro=0.8555 val_rec_macro=0.8510 val_metric_name=acc val_metric=0.8853
Step 3950 | loss 0.0073 | val_acc=0.8854 val_loss=0.8527 val_f1_macro=0.8520 val_f1_weighted=0.8838 val_prec_macro=0.8549 val_rec_macro=0.8515 val_metric_name=acc val_metric=0.8854
Step 4000 | loss 0.0071 | val_acc=0.8861 val_loss=0.8543 val_f1_macro=0.8541 val_f1_weighted=0.8846 val_prec_macro=0.8564 val_rec_macro=0.8538 val_metric_name=acc val_metric=0.8861
Step 4050 | loss 0.0075 | val_acc=0.8847 val_loss=0.8527 val_f1_macro=0.8512 val_f1_weighted=0.8831 val_prec_macro=0.8540 val_rec_macro=0.8505 val_metric_name=acc val_metric=0.8847
Step 4100 | loss 0.0068 | val_acc=0.8849 val_loss=0.8532 val_f1_macro=0.8523 val_f1_weighted=0.8834 val_prec_macro=0.8541 val_rec_macro=0.8524 val_metric_name=acc val_metric=0.8849
Step 4150 | loss 0.0065 | val_acc=0.8861 val_loss=0.8547 val_f1_macro=0.8524 val_f1_weighted=0.8847 val_prec_macro=0.8538 val_rec_macro=0.8530 val_metric_name=acc val_metric=0.8861
Step 4200 | loss 0.0055 | val_acc=0.8847 val_loss=0.8571 val_f1_macro=0.8523 val_f1_weighted=0.8831 val_prec_macro=0.8559 val_rec_macro=0.8508 val_metric_name=acc val_metric=0.8847
Step 4250 | loss 0.0058 | val_acc=0.8856 val_loss=0.8562 val_f1_macro=0.8512 val_f1_weighted=0.8839 val_prec_macro=0.8526 val_rec_macro=0.8522 val_metric_name=acc val_metric=0.8856
Step 4300 | loss 0.0058 | val_acc=0.8858 val_loss=0.8616 val_f1_macro=0.8539 val_f1_weighted=0.8843 val_prec_macro=0.8569 val_rec_macro=0.8530 val_metric_name=acc val_metric=0.8858
Step 4350 | loss 0.0059 | val_acc=0.8870 val_loss=0.8619 val_f1_macro=0.8544 val_f1_weighted=0.8853 val_prec_macro=0.8565 val_rec_macro=0.8541 val_metric_name=acc val_metric=0.8870
Step 4400 | loss 0.0061 | val_acc=0.8849 val_loss=0.8660 val_f1_macro=0.8526 val_f1_weighted=0.8833 val_prec_macro=0.8548 val_rec_macro=0.8523 val_metric_name=acc val_metric=0.8849
Step 4450 | loss 0.0056 | val_acc=0.8851 val_loss=0.8673 val_f1_macro=0.8522 val_f1_weighted=0.8835 val_prec_macro=0.8543 val_rec_macro=0.8522 val_metric_name=acc val_metric=0.8851
Step 4500 | loss 0.0054 | val_acc=0.8856 val_loss=0.8671 val_f1_macro=0.8528 val_f1_weighted=0.8839 val_prec_macro=0.8568 val_rec_macro=0.8512 val_metric_name=acc val_metric=0.8856
Step 4550 | loss 0.0049 | val_acc=0.8842 val_loss=0.8712 val_f1_macro=0.8509 val_f1_weighted=0.8824 val_prec_macro=0.8532 val_rec_macro=0.8506 val_metric_name=acc val_metric=0.8842
Step 4600 | loss 0.0061 | val_acc=0.8856 val_loss=0.8747 val_f1_macro=0.8528 val_f1_weighted=0.8841 val_prec_macro=0.8557 val_rec_macro=0.8520 val_metric_name=acc val_metric=0.8856
Step 4650 | loss 0.0058 | val_acc=0.8858 val_loss=0.8788 val_f1_macro=0.8527 val_f1_weighted=0.8842 val_prec_macro=0.8549 val_rec_macro=0.8532 val_metric_name=acc val_metric=0.8858
Early stopping at step 4668

--- Final (best ckpt @ step 4350) ---
  train_acc=1.0000 train_loss=0.0001 train_f1_macro=1.0000 train_f1_weighted=1.0000 train_prec_macro=1.0000 train_rec_macro=1.0000 train_metric_name=acc train_metric=1.0000
  val_acc=0.8870 val_loss=0.8619 val_f1_macro=0.8544 val_f1_weighted=0.8853 val_prec_macro=0.8565 val_rec_macro=0.8541 val_metric_name=acc val_metric=0.8870
  test_acc=0.8826 test_loss=0.9150 test_f1_macro=0.8481 test_f1_weighted=0.8813 test_prec_macro=0.8458 test_rec_macro=0.8522 test_metric_name=acc test_metric=0.8826
  test_acc=0.8826

============================================================
Training TABM-roman-empire SAGE 4L h=512 lr=3e-05 split=8
============================================================
Step    1 | loss 3.6854 | val_acc=0.1869 val_loss=2.7769 val_f1_macro=0.0617 val_f1_weighted=0.1301 val_prec_macro=0.0839 val_rec_macro=0.0854 val_metric_name=acc val_metric=0.1869
Step   50 | loss 1.4774 | val_acc=0.6598 val_loss=1.1187 val_f1_macro=0.4918 val_f1_weighted=0.6099 val_prec_macro=0.5422 val_rec_macro=0.5136 val_metric_name=acc val_metric=0.6598
Step  100 | loss 1.1276 | val_acc=0.7057 val_loss=0.9373 val_f1_macro=0.5488 val_f1_weighted=0.6691 val_prec_macro=0.5835 val_rec_macro=0.5706 val_metric_name=acc val_metric=0.7057
Step  150 | loss 0.9547 | val_acc=0.7338 val_loss=0.8302 val_f1_macro=0.6126 val_f1_weighted=0.7088 val_prec_macro=0.6756 val_rec_macro=0.6208 val_metric_name=acc val_metric=0.7338
Step  200 | loss 0.8346 | val_acc=0.7522 val_loss=0.7579 val_f1_macro=0.6636 val_f1_weighted=0.7360 val_prec_macro=0.6905 val_rec_macro=0.6666 val_metric_name=acc val_metric=0.7522
Step  250 | loss 0.7489 | val_acc=0.7684 val_loss=0.7062 val_f1_macro=0.6948 val_f1_weighted=0.7563 val_prec_macro=0.7089 val_rec_macro=0.6991 val_metric_name=acc val_metric=0.7684
Step  300 | loss 0.6763 | val_acc=0.7818 val_loss=0.6648 val_f1_macro=0.7184 val_f1_weighted=0.7726 val_prec_macro=0.7266 val_rec_macro=0.7248 val_metric_name=acc val_metric=0.7818
Step  350 | loss 0.6105 | val_acc=0.7928 val_loss=0.6305 val_f1_macro=0.7340 val_f1_weighted=0.7857 val_prec_macro=0.7357 val_rec_macro=0.7425 val_metric_name=acc val_metric=0.7928
Step  400 | loss 0.5574 | val_acc=0.8046 val_loss=0.6041 val_f1_macro=0.7485 val_f1_weighted=0.7989 val_prec_macro=0.7489 val_rec_macro=0.7570 val_metric_name=acc val_metric=0.8046
Step  450 | loss 0.5038 | val_acc=0.8157 val_loss=0.5818 val_f1_macro=0.7644 val_f1_weighted=0.8108 val_prec_macro=0.7658 val_rec_macro=0.7707 val_metric_name=acc val_metric=0.8157
Step  500 | loss 0.4565 | val_acc=0.8244 val_loss=0.5609 val_f1_macro=0.7793 val_f1_weighted=0.8205 val_prec_macro=0.7798 val_rec_macro=0.7857 val_metric_name=acc val_metric=0.8244
Step  550 | loss 0.4062 | val_acc=0.8318 val_loss=0.5447 val_f1_macro=0.7898 val_f1_weighted=0.8284 val_prec_macro=0.7870 val_rec_macro=0.7991 val_metric_name=acc val_metric=0.8318
Step  600 | loss 0.3664 | val_acc=0.8394 val_loss=0.5324 val_f1_macro=0.8002 val_f1_weighted=0.8364 val_prec_macro=0.7959 val_rec_macro=0.8096 val_metric_name=acc val_metric=0.8394
Step  650 | loss 0.3294 | val_acc=0.8418 val_loss=0.5236 val_f1_macro=0.8022 val_f1_weighted=0.8389 val_prec_macro=0.7974 val_rec_macro=0.8119 val_metric_name=acc val_metric=0.8418
Step  700 | loss 0.2901 | val_acc=0.8459 val_loss=0.5206 val_f1_macro=0.8073 val_f1_weighted=0.8432 val_prec_macro=0.8031 val_rec_macro=0.8161 val_metric_name=acc val_metric=0.8459
Step  750 | loss 0.2608 | val_acc=0.8521 val_loss=0.5170 val_f1_macro=0.8150 val_f1_weighted=0.8497 val_prec_macro=0.8099 val_rec_macro=0.8241 val_metric_name=acc val_metric=0.8521
Step  800 | loss 0.2327 | val_acc=0.8561 val_loss=0.5166 val_f1_macro=0.8202 val_f1_weighted=0.8541 val_prec_macro=0.8144 val_rec_macro=0.8297 val_metric_name=acc val_metric=0.8561
Step  850 | loss 0.2082 | val_acc=0.8586 val_loss=0.5187 val_f1_macro=0.8235 val_f1_weighted=0.8567 val_prec_macro=0.8184 val_rec_macro=0.8316 val_metric_name=acc val_metric=0.8586
Step  900 | loss 0.1868 | val_acc=0.8605 val_loss=0.5229 val_f1_macro=0.8257 val_f1_weighted=0.8588 val_prec_macro=0.8205 val_rec_macro=0.8338 val_metric_name=acc val_metric=0.8605
Step  950 | loss 0.1679 | val_acc=0.8630 val_loss=0.5294 val_f1_macro=0.8290 val_f1_weighted=0.8615 val_prec_macro=0.8238 val_rec_macro=0.8368 val_metric_name=acc val_metric=0.8630
Step 1000 | loss 0.1481 | val_acc=0.8669 val_loss=0.5330 val_f1_macro=0.8323 val_f1_weighted=0.8655 val_prec_macro=0.8284 val_rec_macro=0.8383 val_metric_name=acc val_metric=0.8669
Step 1050 | loss 0.1325 | val_acc=0.8692 val_loss=0.5420 val_f1_macro=0.8358 val_f1_weighted=0.8679 val_prec_macro=0.8309 val_rec_macro=0.8428 val_metric_name=acc val_metric=0.8692
Step 1100 | loss 0.1190 | val_acc=0.8701 val_loss=0.5504 val_f1_macro=0.8364 val_f1_weighted=0.8686 val_prec_macro=0.8331 val_rec_macro=0.8419 val_metric_name=acc val_metric=0.8701
Step 1150 | loss 0.1063 | val_acc=0.8747 val_loss=0.5555 val_f1_macro=0.8438 val_f1_weighted=0.8733 val_prec_macro=0.8422 val_rec_macro=0.8471 val_metric_name=acc val_metric=0.8747
Step 1200 | loss 0.0955 | val_acc=0.8754 val_loss=0.5614 val_f1_macro=0.8437 val_f1_weighted=0.8740 val_prec_macro=0.8416 val_rec_macro=0.8474 val_metric_name=acc val_metric=0.8754
Step 1250 | loss 0.0874 | val_acc=0.8770 val_loss=0.5666 val_f1_macro=0.8461 val_f1_weighted=0.8756 val_prec_macro=0.8435 val_rec_macro=0.8500 val_metric_name=acc val_metric=0.8770
Step 1300 | loss 0.0776 | val_acc=0.8793 val_loss=0.5746 val_f1_macro=0.8486 val_f1_weighted=0.8779 val_prec_macro=0.8470 val_rec_macro=0.8516 val_metric_name=acc val_metric=0.8793
Step 1350 | loss 0.0727 | val_acc=0.8793 val_loss=0.5810 val_f1_macro=0.8500 val_f1_weighted=0.8779 val_prec_macro=0.8503 val_rec_macro=0.8510 val_metric_name=acc val_metric=0.8793
Step 1400 | loss 0.0652 | val_acc=0.8791 val_loss=0.5912 val_f1_macro=0.8490 val_f1_weighted=0.8779 val_prec_macro=0.8471 val_rec_macro=0.8522 val_metric_name=acc val_metric=0.8791
Step 1450 | loss 0.0610 | val_acc=0.8810 val_loss=0.5972 val_f1_macro=0.8514 val_f1_weighted=0.8799 val_prec_macro=0.8503 val_rec_macro=0.8537 val_metric_name=acc val_metric=0.8810
Step 1500 | loss 0.0552 | val_acc=0.8819 val_loss=0.6052 val_f1_macro=0.8516 val_f1_weighted=0.8806 val_prec_macro=0.8506 val_rec_macro=0.8539 val_metric_name=acc val_metric=0.8819
Step 1550 | loss 0.0500 | val_acc=0.8821 val_loss=0.6101 val_f1_macro=0.8526 val_f1_weighted=0.8809 val_prec_macro=0.8525 val_rec_macro=0.8538 val_metric_name=acc val_metric=0.8821
Step 1600 | loss 0.0454 | val_acc=0.8835 val_loss=0.6145 val_f1_macro=0.8541 val_f1_weighted=0.8823 val_prec_macro=0.8546 val_rec_macro=0.8549 val_metric_name=acc val_metric=0.8835
Step 1650 | loss 0.0401 | val_acc=0.8835 val_loss=0.6212 val_f1_macro=0.8538 val_f1_weighted=0.8824 val_prec_macro=0.8534 val_rec_macro=0.8553 val_metric_name=acc val_metric=0.8835
Step 1700 | loss 0.0385 | val_acc=0.8838 val_loss=0.6282 val_f1_macro=0.8543 val_f1_weighted=0.8827 val_prec_macro=0.8548 val_rec_macro=0.8551 val_metric_name=acc val_metric=0.8838
Step 1750 | loss 0.0360 | val_acc=0.8853 val_loss=0.6331 val_f1_macro=0.8567 val_f1_weighted=0.8844 val_prec_macro=0.8575 val_rec_macro=0.8568 val_metric_name=acc val_metric=0.8853
Step 1800 | loss 0.0314 | val_acc=0.8863 val_loss=0.6369 val_f1_macro=0.8572 val_f1_weighted=0.8853 val_prec_macro=0.8575 val_rec_macro=0.8580 val_metric_name=acc val_metric=0.8863
Step 1850 | loss 0.0296 | val_acc=0.8863 val_loss=0.6450 val_f1_macro=0.8583 val_f1_weighted=0.8850 val_prec_macro=0.8586 val_rec_macro=0.8593 val_metric_name=acc val_metric=0.8863
Step 1900 | loss 0.0295 | val_acc=0.8860 val_loss=0.6515 val_f1_macro=0.8571 val_f1_weighted=0.8847 val_prec_macro=0.8585 val_rec_macro=0.8568 val_metric_name=acc val_metric=0.8860
Step 1950 | loss 0.0268 | val_acc=0.8872 val_loss=0.6504 val_f1_macro=0.8597 val_f1_weighted=0.8861 val_prec_macro=0.8605 val_rec_macro=0.8599 val_metric_name=acc val_metric=0.8872
Step 2000 | loss 0.0260 | val_acc=0.8883 val_loss=0.6557 val_f1_macro=0.8596 val_f1_weighted=0.8871 val_prec_macro=0.8600 val_rec_macro=0.8602 val_metric_name=acc val_metric=0.8883
Step 2050 | loss 0.0240 | val_acc=0.8883 val_loss=0.6591 val_f1_macro=0.8605 val_f1_weighted=0.8873 val_prec_macro=0.8604 val_rec_macro=0.8614 val_metric_name=acc val_metric=0.8883
Step 2100 | loss 0.0215 | val_acc=0.8874 val_loss=0.6632 val_f1_macro=0.8599 val_f1_weighted=0.8863 val_prec_macro=0.8605 val_rec_macro=0.8603 val_metric_name=acc val_metric=0.8874
Step 2150 | loss 0.0205 | val_acc=0.8879 val_loss=0.6709 val_f1_macro=0.8595 val_f1_weighted=0.8868 val_prec_macro=0.8587 val_rec_macro=0.8614 val_metric_name=acc val_metric=0.8879
Step 2200 | loss 0.0206 | val_acc=0.8879 val_loss=0.6728 val_f1_macro=0.8605 val_f1_weighted=0.8867 val_prec_macro=0.8606 val_rec_macro=0.8616 val_metric_name=acc val_metric=0.8879
Step 2250 | loss 0.0202 | val_acc=0.8895 val_loss=0.6768 val_f1_macro=0.8613 val_f1_weighted=0.8884 val_prec_macro=0.8614 val_rec_macro=0.8624 val_metric_name=acc val_metric=0.8895
Step 2300 | loss 0.0186 | val_acc=0.8886 val_loss=0.6845 val_f1_macro=0.8603 val_f1_weighted=0.8876 val_prec_macro=0.8602 val_rec_macro=0.8616 val_metric_name=acc val_metric=0.8886
Step 2350 | loss 0.0166 | val_acc=0.8886 val_loss=0.6876 val_f1_macro=0.8603 val_f1_weighted=0.8875 val_prec_macro=0.8603 val_rec_macro=0.8614 val_metric_name=acc val_metric=0.8886
Step 2400 | loss 0.0178 | val_acc=0.8886 val_loss=0.6918 val_f1_macro=0.8598 val_f1_weighted=0.8876 val_prec_macro=0.8609 val_rec_macro=0.8602 val_metric_name=acc val_metric=0.8886
Step 2450 | loss 0.0154 | val_acc=0.8888 val_loss=0.6936 val_f1_macro=0.8601 val_f1_weighted=0.8877 val_prec_macro=0.8612 val_rec_macro=0.8602 val_metric_name=acc val_metric=0.8888
Step 2500 | loss 0.0145 | val_acc=0.8900 val_loss=0.6947 val_f1_macro=0.8615 val_f1_weighted=0.8890 val_prec_macro=0.8623 val_rec_macro=0.8618 val_metric_name=acc val_metric=0.8900
Step 2550 | loss 0.0139 | val_acc=0.8907 val_loss=0.6999 val_f1_macro=0.8620 val_f1_weighted=0.8897 val_prec_macro=0.8613 val_rec_macro=0.8639 val_metric_name=acc val_metric=0.8907
Step 2600 | loss 0.0132 | val_acc=0.8898 val_loss=0.7033 val_f1_macro=0.8618 val_f1_weighted=0.8888 val_prec_macro=0.8612 val_rec_macro=0.8635 val_metric_name=acc val_metric=0.8898
Step 2650 | loss 0.0119 | val_acc=0.8913 val_loss=0.7083 val_f1_macro=0.8646 val_f1_weighted=0.8901 val_prec_macro=0.8667 val_rec_macro=0.8641 val_metric_name=acc val_metric=0.8913
Step 2700 | loss 0.0117 | val_acc=0.8920 val_loss=0.7034 val_f1_macro=0.8642 val_f1_weighted=0.8909 val_prec_macro=0.8663 val_rec_macro=0.8631 val_metric_name=acc val_metric=0.8920
Step 2750 | loss 0.0121 | val_acc=0.8911 val_loss=0.7104 val_f1_macro=0.8640 val_f1_weighted=0.8902 val_prec_macro=0.8649 val_rec_macro=0.8641 val_metric_name=acc val_metric=0.8911
Step 2800 | loss 0.0112 | val_acc=0.8907 val_loss=0.7162 val_f1_macro=0.8635 val_f1_weighted=0.8898 val_prec_macro=0.8643 val_rec_macro=0.8638 val_metric_name=acc val_metric=0.8907
Step 2850 | loss 0.0116 | val_acc=0.8911 val_loss=0.7195 val_f1_macro=0.8638 val_f1_weighted=0.8901 val_prec_macro=0.8635 val_rec_macro=0.8652 val_metric_name=acc val_metric=0.8911
Step 2900 | loss 0.0096 | val_acc=0.8921 val_loss=0.7209 val_f1_macro=0.8647 val_f1_weighted=0.8911 val_prec_macro=0.8656 val_rec_macro=0.8649 val_metric_name=acc val_metric=0.8921
Step 2950 | loss 0.0107 | val_acc=0.8923 val_loss=0.7194 val_f1_macro=0.8650 val_f1_weighted=0.8914 val_prec_macro=0.8653 val_rec_macro=0.8655 val_metric_name=acc val_metric=0.8923
Step 3000 | loss 0.0092 | val_acc=0.8927 val_loss=0.7244 val_f1_macro=0.8650 val_f1_weighted=0.8917 val_prec_macro=0.8655 val_rec_macro=0.8656 val_metric_name=acc val_metric=0.8927
Step 3050 | loss 0.0090 | val_acc=0.8920 val_loss=0.7289 val_f1_macro=0.8645 val_f1_weighted=0.8909 val_prec_macro=0.8649 val_rec_macro=0.8650 val_metric_name=acc val_metric=0.8920
Step 3100 | loss 0.0089 | val_acc=0.8923 val_loss=0.7335 val_f1_macro=0.8649 val_f1_weighted=0.8914 val_prec_macro=0.8666 val_rec_macro=0.8643 val_metric_name=acc val_metric=0.8923
Step 3150 | loss 0.0086 | val_acc=0.8929 val_loss=0.7364 val_f1_macro=0.8658 val_f1_weighted=0.8917 val_prec_macro=0.8667 val_rec_macro=0.8662 val_metric_name=acc val_metric=0.8929
Step 3200 | loss 0.0078 | val_acc=0.8932 val_loss=0.7347 val_f1_macro=0.8653 val_f1_weighted=0.8922 val_prec_macro=0.8655 val_rec_macro=0.8662 val_metric_name=acc val_metric=0.8932
Step 3250 | loss 0.0087 | val_acc=0.8941 val_loss=0.7417 val_f1_macro=0.8666 val_f1_weighted=0.8931 val_prec_macro=0.8661 val_rec_macro=0.8681 val_metric_name=acc val_metric=0.8941
Step 3300 | loss 0.0068 | val_acc=0.8937 val_loss=0.7420 val_f1_macro=0.8667 val_f1_weighted=0.8927 val_prec_macro=0.8693 val_rec_macro=0.8653 val_metric_name=acc val_metric=0.8937
Step 3350 | loss 0.0071 | val_acc=0.8930 val_loss=0.7466 val_f1_macro=0.8664 val_f1_weighted=0.8920 val_prec_macro=0.8682 val_rec_macro=0.8658 val_metric_name=acc val_metric=0.8930
Step 3400 | loss 0.0073 | val_acc=0.8925 val_loss=0.7507 val_f1_macro=0.8654 val_f1_weighted=0.8914 val_prec_macro=0.8663 val_rec_macro=0.8658 val_metric_name=acc val_metric=0.8925
Step 3450 | loss 0.0061 | val_acc=0.8923 val_loss=0.7496 val_f1_macro=0.8645 val_f1_weighted=0.8913 val_prec_macro=0.8657 val_rec_macro=0.8645 val_metric_name=acc val_metric=0.8923
Step 3500 | loss 0.0062 | val_acc=0.8930 val_loss=0.7537 val_f1_macro=0.8663 val_f1_weighted=0.8920 val_prec_macro=0.8677 val_rec_macro=0.8661 val_metric_name=acc val_metric=0.8930
Step 3550 | loss 0.0058 | val_acc=0.8941 val_loss=0.7545 val_f1_macro=0.8666 val_f1_weighted=0.8930 val_prec_macro=0.8669 val_rec_macro=0.8675 val_metric_name=acc val_metric=0.8941
Step 3600 | loss 0.0063 | val_acc=0.8937 val_loss=0.7552 val_f1_macro=0.8660 val_f1_weighted=0.8927 val_prec_macro=0.8673 val_rec_macro=0.8658 val_metric_name=acc val_metric=0.8937
Step 3650 | loss 0.0064 | val_acc=0.8925 val_loss=0.7564 val_f1_macro=0.8656 val_f1_weighted=0.8915 val_prec_macro=0.8667 val_rec_macro=0.8654 val_metric_name=acc val_metric=0.8925
Step 3700 | loss 0.0057 | val_acc=0.8943 val_loss=0.7597 val_f1_macro=0.8675 val_f1_weighted=0.8932 val_prec_macro=0.8678 val_rec_macro=0.8682 val_metric_name=acc val_metric=0.8943
Step 3750 | loss 0.0055 | val_acc=0.8946 val_loss=0.7616 val_f1_macro=0.8673 val_f1_weighted=0.8936 val_prec_macro=0.8685 val_rec_macro=0.8672 val_metric_name=acc val_metric=0.8946
Step 3800 | loss 0.0054 | val_acc=0.8941 val_loss=0.7642 val_f1_macro=0.8671 val_f1_weighted=0.8930 val_prec_macro=0.8695 val_rec_macro=0.8661 val_metric_name=acc val_metric=0.8941
Step 3850 | loss 0.0055 | val_acc=0.8950 val_loss=0.7668 val_f1_macro=0.8668 val_f1_weighted=0.8940 val_prec_macro=0.8683 val_rec_macro=0.8664 val_metric_name=acc val_metric=0.8950
Step 3900 | loss 0.0048 | val_acc=0.8950 val_loss=0.7656 val_f1_macro=0.8682 val_f1_weighted=0.8937 val_prec_macro=0.8710 val_rec_macro=0.8669 val_metric_name=acc val_metric=0.8950
Step 3950 | loss 0.0051 | val_acc=0.8951 val_loss=0.7694 val_f1_macro=0.8687 val_f1_weighted=0.8942 val_prec_macro=0.8697 val_rec_macro=0.8688 val_metric_name=acc val_metric=0.8951
Step 4000 | loss 0.0048 | val_acc=0.8951 val_loss=0.7726 val_f1_macro=0.8676 val_f1_weighted=0.8939 val_prec_macro=0.8695 val_rec_macro=0.8672 val_metric_name=acc val_metric=0.8951
Step 4050 | loss 0.0048 | val_acc=0.8941 val_loss=0.7782 val_f1_macro=0.8677 val_f1_weighted=0.8930 val_prec_macro=0.8683 val_rec_macro=0.8682 val_metric_name=acc val_metric=0.8941
Step 4100 | loss 0.0038 | val_acc=0.8950 val_loss=0.7801 val_f1_macro=0.8680 val_f1_weighted=0.8939 val_prec_macro=0.8692 val_rec_macro=0.8682 val_metric_name=acc val_metric=0.8950
Step 4150 | loss 0.0043 | val_acc=0.8967 val_loss=0.7760 val_f1_macro=0.8699 val_f1_weighted=0.8956 val_prec_macro=0.8711 val_rec_macro=0.8702 val_metric_name=acc val_metric=0.8967
Step 4200 | loss 0.0040 | val_acc=0.8950 val_loss=0.7778 val_f1_macro=0.8672 val_f1_weighted=0.8939 val_prec_macro=0.8685 val_rec_macro=0.8671 val_metric_name=acc val_metric=0.8950
Step 4250 | loss 0.0043 | val_acc=0.8948 val_loss=0.7849 val_f1_macro=0.8677 val_f1_weighted=0.8938 val_prec_macro=0.8691 val_rec_macro=0.8676 val_metric_name=acc val_metric=0.8948
Step 4300 | loss 0.0034 | val_acc=0.8955 val_loss=0.7878 val_f1_macro=0.8691 val_f1_weighted=0.8944 val_prec_macro=0.8703 val_rec_macro=0.8692 val_metric_name=acc val_metric=0.8955
Step 4350 | loss 0.0033 | val_acc=0.8953 val_loss=0.7825 val_f1_macro=0.8690 val_f1_weighted=0.8942 val_prec_macro=0.8702 val_rec_macro=0.8689 val_metric_name=acc val_metric=0.8953
Step 4400 | loss 0.0039 | val_acc=0.8971 val_loss=0.7908 val_f1_macro=0.8714 val_f1_weighted=0.8960 val_prec_macro=0.8731 val_rec_macro=0.8714 val_metric_name=acc val_metric=0.8971
Step 4450 | loss 0.0031 | val_acc=0.8960 val_loss=0.7925 val_f1_macro=0.8693 val_f1_weighted=0.8948 val_prec_macro=0.8716 val_rec_macro=0.8686 val_metric_name=acc val_metric=0.8960
Step 4500 | loss 0.0027 | val_acc=0.8953 val_loss=0.7924 val_f1_macro=0.8683 val_f1_weighted=0.8944 val_prec_macro=0.8696 val_rec_macro=0.8683 val_metric_name=acc val_metric=0.8953
Step 4550 | loss 0.0033 | val_acc=0.8953 val_loss=0.7931 val_f1_macro=0.8678 val_f1_weighted=0.8942 val_prec_macro=0.8688 val_rec_macro=0.8681 val_metric_name=acc val_metric=0.8953
Step 4600 | loss 0.0034 | val_acc=0.8953 val_loss=0.8003 val_f1_macro=0.8683 val_f1_weighted=0.8943 val_prec_macro=0.8698 val_rec_macro=0.8681 val_metric_name=acc val_metric=0.8953
Step 4650 | loss 0.0027 | val_acc=0.8967 val_loss=0.7955 val_f1_macro=0.8708 val_f1_weighted=0.8958 val_prec_macro=0.8732 val_rec_macro=0.8696 val_metric_name=acc val_metric=0.8967
Step 4700 | loss 0.0030 | val_acc=0.8971 val_loss=0.8001 val_f1_macro=0.8717 val_f1_weighted=0.8960 val_prec_macro=0.8739 val_rec_macro=0.8706 val_metric_name=acc val_metric=0.8971
Step 4750 | loss 0.0026 | val_acc=0.8966 val_loss=0.8044 val_f1_macro=0.8712 val_f1_weighted=0.8957 val_prec_macro=0.8725 val_rec_macro=0.8710 val_metric_name=acc val_metric=0.8966
Step 4800 | loss 0.0035 | val_acc=0.8957 val_loss=0.8040 val_f1_macro=0.8698 val_f1_weighted=0.8948 val_prec_macro=0.8700 val_rec_macro=0.8710 val_metric_name=acc val_metric=0.8957
Step 4850 | loss 0.0025 | val_acc=0.8980 val_loss=0.8037 val_f1_macro=0.8726 val_f1_weighted=0.8970 val_prec_macro=0.8737 val_rec_macro=0.8727 val_metric_name=acc val_metric=0.8980
Step 4900 | loss 0.0032 | val_acc=0.8967 val_loss=0.8076 val_f1_macro=0.8711 val_f1_weighted=0.8957 val_prec_macro=0.8733 val_rec_macro=0.8697 val_metric_name=acc val_metric=0.8967
Step 4950 | loss 0.0029 | val_acc=0.8971 val_loss=0.8144 val_f1_macro=0.8711 val_f1_weighted=0.8960 val_prec_macro=0.8736 val_rec_macro=0.8701 val_metric_name=acc val_metric=0.8971
Step 5000 | loss 0.0028 | val_acc=0.8971 val_loss=0.8079 val_f1_macro=0.8711 val_f1_weighted=0.8960 val_prec_macro=0.8741 val_rec_macro=0.8695 val_metric_name=acc val_metric=0.8971

--- Final (best ckpt @ step 4630) ---
  train_acc=1.0000 train_loss=0.0000 train_f1_macro=1.0000 train_f1_weighted=1.0000 train_prec_macro=1.0000 train_rec_macro=1.0000 train_metric_name=acc train_metric=1.0000
  val_acc=0.8980 val_loss=0.7961 val_f1_macro=0.8728 val_f1_weighted=0.8970 val_prec_macro=0.8755 val_rec_macro=0.8714 val_metric_name=acc val_metric=0.8980
  test_acc=0.8923 test_loss=0.8346 test_f1_macro=0.8640 test_f1_weighted=0.8914 test_prec_macro=0.8633 test_rec_macro=0.8663 test_metric_name=acc test_metric=0.8923
  test_acc=0.8923

============================================================
Training TABM-roman-empire SAGE 5L h=512 lr=3e-05 split=8
============================================================
Step    1 | loss 3.9662 | val_acc=0.0794 val_loss=2.8394 val_f1_macro=0.0440 val_f1_weighted=0.0637 val_prec_macro=0.0532 val_rec_macro=0.0532 val_metric_name=acc val_metric=0.0794
Step   50 | loss 1.4956 | val_acc=0.6528 val_loss=1.1229 val_f1_macro=0.4788 val_f1_weighted=0.6007 val_prec_macro=0.5477 val_rec_macro=0.5040 val_metric_name=acc val_metric=0.6528
Step  100 | loss 1.1370 | val_acc=0.7063 val_loss=0.9350 val_f1_macro=0.5561 val_f1_weighted=0.6705 val_prec_macro=0.5830 val_rec_macro=0.5755 val_metric_name=acc val_metric=0.7063
Step  150 | loss 0.9537 | val_acc=0.7356 val_loss=0.8277 val_f1_macro=0.6271 val_f1_weighted=0.7124 val_prec_macro=0.6820 val_rec_macro=0.6329 val_metric_name=acc val_metric=0.7356
Step  200 | loss 0.8403 | val_acc=0.7525 val_loss=0.7539 val_f1_macro=0.6696 val_f1_weighted=0.7363 val_prec_macro=0.6931 val_rec_macro=0.6735 val_metric_name=acc val_metric=0.7525
Step  250 | loss 0.7528 | val_acc=0.7677 val_loss=0.7038 val_f1_macro=0.6952 val_f1_weighted=0.7552 val_prec_macro=0.7064 val_rec_macro=0.7020 val_metric_name=acc val_metric=0.7677
Step  300 | loss 0.6816 | val_acc=0.7809 val_loss=0.6631 val_f1_macro=0.7170 val_f1_weighted=0.7709 val_prec_macro=0.7221 val_rec_macro=0.7257 val_metric_name=acc val_metric=0.7809
Step  350 | loss 0.6177 | val_acc=0.7921 val_loss=0.6298 val_f1_macro=0.7335 val_f1_weighted=0.7840 val_prec_macro=0.7361 val_rec_macro=0.7422 val_metric_name=acc val_metric=0.7921
Step  400 | loss 0.5657 | val_acc=0.8021 val_loss=0.6003 val_f1_macro=0.7479 val_f1_weighted=0.7953 val_prec_macro=0.7482 val_rec_macro=0.7583 val_metric_name=acc val_metric=0.8021
Step  450 | loss 0.5130 | val_acc=0.8108 val_loss=0.5781 val_f1_macro=0.7601 val_f1_weighted=0.8049 val_prec_macro=0.7585 val_rec_macro=0.7714 val_metric_name=acc val_metric=0.8108
Step  500 | loss 0.4620 | val_acc=0.8196 val_loss=0.5576 val_f1_macro=0.7732 val_f1_weighted=0.8147 val_prec_macro=0.7699 val_rec_macro=0.7869 val_metric_name=acc val_metric=0.8196
Step  550 | loss 0.4170 | val_acc=0.8302 val_loss=0.5397 val_f1_macro=0.7874 val_f1_weighted=0.8261 val_prec_macro=0.7836 val_rec_macro=0.8006 val_metric_name=acc val_metric=0.8302
Step  600 | loss 0.3749 | val_acc=0.8374 val_loss=0.5266 val_f1_macro=0.7954 val_f1_weighted=0.8337 val_prec_macro=0.7918 val_rec_macro=0.8071 val_metric_name=acc val_metric=0.8374
Step  650 | loss 0.3294 | val_acc=0.8420 val_loss=0.5184 val_f1_macro=0.7996 val_f1_weighted=0.8390 val_prec_macro=0.7946 val_rec_macro=0.8123 val_metric_name=acc val_metric=0.8420
Step  700 | loss 0.2943 | val_acc=0.8475 val_loss=0.5102 val_f1_macro=0.8086 val_f1_weighted=0.8449 val_prec_macro=0.8038 val_rec_macro=0.8194 val_metric_name=acc val_metric=0.8475
Step  750 | loss 0.2630 | val_acc=0.8549 val_loss=0.5069 val_f1_macro=0.8169 val_f1_weighted=0.8530 val_prec_macro=0.8098 val_rec_macro=0.8292 val_metric_name=acc val_metric=0.8549
Step  800 | loss 0.2343 | val_acc=0.8604 val_loss=0.5033 val_f1_macro=0.8250 val_f1_weighted=0.8584 val_prec_macro=0.8195 val_rec_macro=0.8345 val_metric_name=acc val_metric=0.8604
Step  850 | loss 0.2043 | val_acc=0.8620 val_loss=0.5051 val_f1_macro=0.8274 val_f1_weighted=0.8601 val_prec_macro=0.8221 val_rec_macro=0.8366 val_metric_name=acc val_metric=0.8620
Step  900 | loss 0.1854 | val_acc=0.8660 val_loss=0.5078 val_f1_macro=0.8321 val_f1_weighted=0.8642 val_prec_macro=0.8271 val_rec_macro=0.8406 val_metric_name=acc val_metric=0.8660
Step  950 | loss 0.1635 | val_acc=0.8688 val_loss=0.5111 val_f1_macro=0.8372 val_f1_weighted=0.8672 val_prec_macro=0.8324 val_rec_macro=0.8453 val_metric_name=acc val_metric=0.8688
Step 1000 | loss 0.1441 | val_acc=0.8704 val_loss=0.5166 val_f1_macro=0.8389 val_f1_weighted=0.8687 val_prec_macro=0.8345 val_rec_macro=0.8466 val_metric_name=acc val_metric=0.8704
Step 1050 | loss 0.1307 | val_acc=0.8727 val_loss=0.5231 val_f1_macro=0.8419 val_f1_weighted=0.8711 val_prec_macro=0.8378 val_rec_macro=0.8486 val_metric_name=acc val_metric=0.8727
Step 1100 | loss 0.1180 | val_acc=0.8743 val_loss=0.5298 val_f1_macro=0.8431 val_f1_weighted=0.8726 val_prec_macro=0.8395 val_rec_macro=0.8492 val_metric_name=acc val_metric=0.8743
Step 1150 | loss 0.1047 | val_acc=0.8766 val_loss=0.5357 val_f1_macro=0.8464 val_f1_weighted=0.8751 val_prec_macro=0.8425 val_rec_macro=0.8526 val_metric_name=acc val_metric=0.8766
Step 1200 | loss 0.0950 | val_acc=0.8780 val_loss=0.5438 val_f1_macro=0.8478 val_f1_weighted=0.8765 val_prec_macro=0.8442 val_rec_macro=0.8537 val_metric_name=acc val_metric=0.8780
Step 1250 | loss 0.0848 | val_acc=0.8791 val_loss=0.5507 val_f1_macro=0.8495 val_f1_weighted=0.8777 val_prec_macro=0.8464 val_rec_macro=0.8543 val_metric_name=acc val_metric=0.8791
Step 1300 | loss 0.0756 | val_acc=0.8810 val_loss=0.5573 val_f1_macro=0.8519 val_f1_weighted=0.8796 val_prec_macro=0.8493 val_rec_macro=0.8564 val_metric_name=acc val_metric=0.8810
Step 1350 | loss 0.0692 | val_acc=0.8823 val_loss=0.5662 val_f1_macro=0.8538 val_f1_weighted=0.8810 val_prec_macro=0.8507 val_rec_macro=0.8585 val_metric_name=acc val_metric=0.8823
Step 1400 | loss 0.0633 | val_acc=0.8849 val_loss=0.5738 val_f1_macro=0.8566 val_f1_weighted=0.8835 val_prec_macro=0.8552 val_rec_macro=0.8598 val_metric_name=acc val_metric=0.8849
Step 1450 | loss 0.0568 | val_acc=0.8863 val_loss=0.5759 val_f1_macro=0.8579 val_f1_weighted=0.8851 val_prec_macro=0.8557 val_rec_macro=0.8616 val_metric_name=acc val_metric=0.8863
Step 1500 | loss 0.0505 | val_acc=0.8861 val_loss=0.5839 val_f1_macro=0.8579 val_f1_weighted=0.8850 val_prec_macro=0.8565 val_rec_macro=0.8607 val_metric_name=acc val_metric=0.8861
Step 1550 | loss 0.0452 | val_acc=0.8874 val_loss=0.5918 val_f1_macro=0.8605 val_f1_weighted=0.8862 val_prec_macro=0.8594 val_rec_macro=0.8632 val_metric_name=acc val_metric=0.8874
Step 1600 | loss 0.0428 | val_acc=0.8886 val_loss=0.5918 val_f1_macro=0.8605 val_f1_weighted=0.8875 val_prec_macro=0.8601 val_rec_macro=0.8623 val_metric_name=acc val_metric=0.8886
Step 1650 | loss 0.0388 | val_acc=0.8883 val_loss=0.6019 val_f1_macro=0.8600 val_f1_weighted=0.8871 val_prec_macro=0.8589 val_rec_macro=0.8624 val_metric_name=acc val_metric=0.8883
Step 1700 | loss 0.0369 | val_acc=0.8906 val_loss=0.6077 val_f1_macro=0.8635 val_f1_weighted=0.8895 val_prec_macro=0.8633 val_rec_macro=0.8650 val_metric_name=acc val_metric=0.8906
Step 1750 | loss 0.0341 | val_acc=0.8911 val_loss=0.6109 val_f1_macro=0.8645 val_f1_weighted=0.8900 val_prec_macro=0.8640 val_rec_macro=0.8664 val_metric_name=acc val_metric=0.8911
Step 1800 | loss 0.0325 | val_acc=0.8916 val_loss=0.6161 val_f1_macro=0.8644 val_f1_weighted=0.8905 val_prec_macro=0.8633 val_rec_macro=0.8668 val_metric_name=acc val_metric=0.8916
Step 1850 | loss 0.0284 | val_acc=0.8921 val_loss=0.6208 val_f1_macro=0.8655 val_f1_weighted=0.8910 val_prec_macro=0.8651 val_rec_macro=0.8673 val_metric_name=acc val_metric=0.8921
Step 1900 | loss 0.0255 | val_acc=0.8923 val_loss=0.6270 val_f1_macro=0.8657 val_f1_weighted=0.8913 val_prec_macro=0.8648 val_rec_macro=0.8680 val_metric_name=acc val_metric=0.8923
Step 1950 | loss 0.0237 | val_acc=0.8921 val_loss=0.6345 val_f1_macro=0.8641 val_f1_weighted=0.8911 val_prec_macro=0.8627 val_rec_macro=0.8670 val_metric_name=acc val_metric=0.8921
Step 2000 | loss 0.0231 | val_acc=0.8923 val_loss=0.6416 val_f1_macro=0.8648 val_f1_weighted=0.8913 val_prec_macro=0.8634 val_rec_macro=0.8679 val_metric_name=acc val_metric=0.8923
Step 2050 | loss 0.0215 | val_acc=0.8930 val_loss=0.6438 val_f1_macro=0.8647 val_f1_weighted=0.8921 val_prec_macro=0.8641 val_rec_macro=0.8666 val_metric_name=acc val_metric=0.8930
Step 2100 | loss 0.0188 | val_acc=0.8932 val_loss=0.6491 val_f1_macro=0.8670 val_f1_weighted=0.8922 val_prec_macro=0.8662 val_rec_macro=0.8694 val_metric_name=acc val_metric=0.8932
Step 2150 | loss 0.0184 | val_acc=0.8951 val_loss=0.6506 val_f1_macro=0.8695 val_f1_weighted=0.8940 val_prec_macro=0.8683 val_rec_macro=0.8723 val_metric_name=acc val_metric=0.8951
Step 2200 | loss 0.0185 | val_acc=0.8950 val_loss=0.6534 val_f1_macro=0.8694 val_f1_weighted=0.8939 val_prec_macro=0.8696 val_rec_macro=0.8703 val_metric_name=acc val_metric=0.8950
Step 2250 | loss 0.0166 | val_acc=0.8944 val_loss=0.6598 val_f1_macro=0.8683 val_f1_weighted=0.8934 val_prec_macro=0.8673 val_rec_macro=0.8707 val_metric_name=acc val_metric=0.8944
Step 2300 | loss 0.0162 | val_acc=0.8943 val_loss=0.6636 val_f1_macro=0.8668 val_f1_weighted=0.8933 val_prec_macro=0.8651 val_rec_macro=0.8703 val_metric_name=acc val_metric=0.8943
Step 2350 | loss 0.0153 | val_acc=0.8930 val_loss=0.6654 val_f1_macro=0.8667 val_f1_weighted=0.8920 val_prec_macro=0.8665 val_rec_macro=0.8683 val_metric_name=acc val_metric=0.8930
Step 2400 | loss 0.0150 | val_acc=0.8939 val_loss=0.6650 val_f1_macro=0.8681 val_f1_weighted=0.8929 val_prec_macro=0.8675 val_rec_macro=0.8701 val_metric_name=acc val_metric=0.8939
Step 2450 | loss 0.0125 | val_acc=0.8943 val_loss=0.6735 val_f1_macro=0.8679 val_f1_weighted=0.8932 val_prec_macro=0.8674 val_rec_macro=0.8699 val_metric_name=acc val_metric=0.8943
Step 2500 | loss 0.0131 | val_acc=0.8943 val_loss=0.6734 val_f1_macro=0.8687 val_f1_weighted=0.8933 val_prec_macro=0.8686 val_rec_macro=0.8700 val_metric_name=acc val_metric=0.8943
Step 2550 | loss 0.0124 | val_acc=0.8944 val_loss=0.6827 val_f1_macro=0.8682 val_f1_weighted=0.8933 val_prec_macro=0.8697 val_rec_macro=0.8685 val_metric_name=acc val_metric=0.8944
Step 2600 | loss 0.0112 | val_acc=0.8939 val_loss=0.6819 val_f1_macro=0.8678 val_f1_weighted=0.8929 val_prec_macro=0.8687 val_rec_macro=0.8684 val_metric_name=acc val_metric=0.8939
Step 2650 | loss 0.0115 | val_acc=0.8950 val_loss=0.6828 val_f1_macro=0.8684 val_f1_weighted=0.8940 val_prec_macro=0.8691 val_rec_macro=0.8690 val_metric_name=acc val_metric=0.8950
Step 2700 | loss 0.0112 | val_acc=0.8946 val_loss=0.6876 val_f1_macro=0.8691 val_f1_weighted=0.8936 val_prec_macro=0.8693 val_rec_macro=0.8705 val_metric_name=acc val_metric=0.8946
Step 2750 | loss 0.0105 | val_acc=0.8953 val_loss=0.6913 val_f1_macro=0.8702 val_f1_weighted=0.8942 val_prec_macro=0.8704 val_rec_macro=0.8715 val_metric_name=acc val_metric=0.8953
Step 2800 | loss 0.0088 | val_acc=0.8953 val_loss=0.6939 val_f1_macro=0.8700 val_f1_weighted=0.8943 val_prec_macro=0.8703 val_rec_macro=0.8710 val_metric_name=acc val_metric=0.8953
Step 2850 | loss 0.0092 | val_acc=0.8953 val_loss=0.7020 val_f1_macro=0.8694 val_f1_weighted=0.8943 val_prec_macro=0.8703 val_rec_macro=0.8699 val_metric_name=acc val_metric=0.8953
Step 2900 | loss 0.0095 | val_acc=0.8951 val_loss=0.7040 val_f1_macro=0.8696 val_f1_weighted=0.8942 val_prec_macro=0.8696 val_rec_macro=0.8710 val_metric_name=acc val_metric=0.8951
Step 2950 | loss 0.0087 | val_acc=0.8950 val_loss=0.7076 val_f1_macro=0.8697 val_f1_weighted=0.8940 val_prec_macro=0.8701 val_rec_macro=0.8706 val_metric_name=acc val_metric=0.8950
Step 3000 | loss 0.0082 | val_acc=0.8951 val_loss=0.7081 val_f1_macro=0.8698 val_f1_weighted=0.8942 val_prec_macro=0.8706 val_rec_macro=0.8704 val_metric_name=acc val_metric=0.8951
Step 3050 | loss 0.0081 | val_acc=0.8962 val_loss=0.7064 val_f1_macro=0.8712 val_f1_weighted=0.8952 val_prec_macro=0.8719 val_rec_macro=0.8718 val_metric_name=acc val_metric=0.8962
Step 3100 | loss 0.0076 | val_acc=0.8964 val_loss=0.7067 val_f1_macro=0.8712 val_f1_weighted=0.8955 val_prec_macro=0.8720 val_rec_macro=0.8720 val_metric_name=acc val_metric=0.8964
Step 3150 | loss 0.0077 | val_acc=0.8946 val_loss=0.7110 val_f1_macro=0.8685 val_f1_weighted=0.8937 val_prec_macro=0.8683 val_rec_macro=0.8699 val_metric_name=acc val_metric=0.8946
Step 3200 | loss 0.0073 | val_acc=0.8967 val_loss=0.7141 val_f1_macro=0.8720 val_f1_weighted=0.8959 val_prec_macro=0.8725 val_rec_macro=0.8730 val_metric_name=acc val_metric=0.8967
Step 3250 | loss 0.0077 | val_acc=0.8959 val_loss=0.7126 val_f1_macro=0.8704 val_f1_weighted=0.8949 val_prec_macro=0.8711 val_rec_macro=0.8709 val_metric_name=acc val_metric=0.8959
Step 3300 | loss 0.0071 | val_acc=0.8967 val_loss=0.7192 val_f1_macro=0.8716 val_f1_weighted=0.8958 val_prec_macro=0.8718 val_rec_macro=0.8727 val_metric_name=acc val_metric=0.8967
Step 3350 | loss 0.0058 | val_acc=0.8973 val_loss=0.7203 val_f1_macro=0.8720 val_f1_weighted=0.8961 val_prec_macro=0.8727 val_rec_macro=0.8729 val_metric_name=acc val_metric=0.8973
Step 3400 | loss 0.0058 | val_acc=0.8974 val_loss=0.7256 val_f1_macro=0.8723 val_f1_weighted=0.8964 val_prec_macro=0.8730 val_rec_macro=0.8731 val_metric_name=acc val_metric=0.8974
Step 3450 | loss 0.0057 | val_acc=0.8967 val_loss=0.7262 val_f1_macro=0.8719 val_f1_weighted=0.8959 val_prec_macro=0.8715 val_rec_macro=0.8736 val_metric_name=acc val_metric=0.8967
Step 3500 | loss 0.0055 | val_acc=0.8973 val_loss=0.7251 val_f1_macro=0.8721 val_f1_weighted=0.8964 val_prec_macro=0.8717 val_rec_macro=0.8737 val_metric_name=acc val_metric=0.8973
Step 3550 | loss 0.0047 | val_acc=0.8962 val_loss=0.7332 val_f1_macro=0.8706 val_f1_weighted=0.8953 val_prec_macro=0.8704 val_rec_macro=0.8720 val_metric_name=acc val_metric=0.8962
Step 3600 | loss 0.0053 | val_acc=0.8971 val_loss=0.7362 val_f1_macro=0.8719 val_f1_weighted=0.8961 val_prec_macro=0.8713 val_rec_macro=0.8741 val_metric_name=acc val_metric=0.8971
Step 3650 | loss 0.0044 | val_acc=0.8981 val_loss=0.7316 val_f1_macro=0.8732 val_f1_weighted=0.8972 val_prec_macro=0.8734 val_rec_macro=0.8742 val_metric_name=acc val_metric=0.8981
Step 3700 | loss 0.0051 | val_acc=0.8976 val_loss=0.7333 val_f1_macro=0.8728 val_f1_weighted=0.8968 val_prec_macro=0.8732 val_rec_macro=0.8737 val_metric_name=acc val_metric=0.8976
Step 3750 | loss 0.0047 | val_acc=0.8955 val_loss=0.7451 val_f1_macro=0.8696 val_f1_weighted=0.8946 val_prec_macro=0.8690 val_rec_macro=0.8715 val_metric_name=acc val_metric=0.8955
Step 3800 | loss 0.0052 | val_acc=0.8985 val_loss=0.7406 val_f1_macro=0.8728 val_f1_weighted=0.8976 val_prec_macro=0.8738 val_rec_macro=0.8730 val_metric_name=acc val_metric=0.8985
Step 3850 | loss 0.0040 | val_acc=0.8974 val_loss=0.7473 val_f1_macro=0.8721 val_f1_weighted=0.8964 val_prec_macro=0.8724 val_rec_macro=0.8733 val_metric_name=acc val_metric=0.8974
Step 3900 | loss 0.0047 | val_acc=0.8980 val_loss=0.7541 val_f1_macro=0.8723 val_f1_weighted=0.8969 val_prec_macro=0.8739 val_rec_macro=0.8721 val_metric_name=acc val_metric=0.8980
Step 3950 | loss 0.0038 | val_acc=0.8994 val_loss=0.7539 val_f1_macro=0.8744 val_f1_weighted=0.8984 val_prec_macro=0.8746 val_rec_macro=0.8758 val_metric_name=acc val_metric=0.8994
Step 4000 | loss 0.0036 | val_acc=0.8985 val_loss=0.7560 val_f1_macro=0.8740 val_f1_weighted=0.8976 val_prec_macro=0.8744 val_rec_macro=0.8750 val_metric_name=acc val_metric=0.8985
Step 4050 | loss 0.0035 | val_acc=0.8989 val_loss=0.7590 val_f1_macro=0.8745 val_f1_weighted=0.8980 val_prec_macro=0.8752 val_rec_macro=0.8751 val_metric_name=acc val_metric=0.8989
Step 4100 | loss 0.0036 | val_acc=0.8971 val_loss=0.7591 val_f1_macro=0.8723 val_f1_weighted=0.8960 val_prec_macro=0.8735 val_rec_macro=0.8727 val_metric_name=acc val_metric=0.8971
Step 4150 | loss 0.0034 | val_acc=0.8985 val_loss=0.7672 val_f1_macro=0.8750 val_f1_weighted=0.8975 val_prec_macro=0.8762 val_rec_macro=0.8752 val_metric_name=acc val_metric=0.8985
Step 4200 | loss 0.0033 | val_acc=0.8980 val_loss=0.7669 val_f1_macro=0.8740 val_f1_weighted=0.8971 val_prec_macro=0.8744 val_rec_macro=0.8749 val_metric_name=acc val_metric=0.8980
Step 4250 | loss 0.0032 | val_acc=0.8987 val_loss=0.7681 val_f1_macro=0.8745 val_f1_weighted=0.8977 val_prec_macro=0.8749 val_rec_macro=0.8754 val_metric_name=acc val_metric=0.8987
Step 4300 | loss 0.0032 | val_acc=0.8983 val_loss=0.7673 val_f1_macro=0.8747 val_f1_weighted=0.8975 val_prec_macro=0.8755 val_rec_macro=0.8751 val_metric_name=acc val_metric=0.8983
Step 4350 | loss 0.0027 | val_acc=0.8987 val_loss=0.7701 val_f1_macro=0.8732 val_f1_weighted=0.8976 val_prec_macro=0.8739 val_rec_macro=0.8741 val_metric_name=acc val_metric=0.8987
Step 4400 | loss 0.0031 | val_acc=0.8981 val_loss=0.7741 val_f1_macro=0.8739 val_f1_weighted=0.8972 val_prec_macro=0.8745 val_rec_macro=0.8745 val_metric_name=acc val_metric=0.8981
Step 4450 | loss 0.0030 | val_acc=0.8978 val_loss=0.7803 val_f1_macro=0.8735 val_f1_weighted=0.8968 val_prec_macro=0.8739 val_rec_macro=0.8744 val_metric_name=acc val_metric=0.8978
Step 4500 | loss 0.0027 | val_acc=0.8989 val_loss=0.7764 val_f1_macro=0.8743 val_f1_weighted=0.8980 val_prec_macro=0.8751 val_rec_macro=0.8746 val_metric_name=acc val_metric=0.8989
Step 4550 | loss 0.0023 | val_acc=0.8989 val_loss=0.7773 val_f1_macro=0.8753 val_f1_weighted=0.8980 val_prec_macro=0.8764 val_rec_macro=0.8755 val_metric_name=acc val_metric=0.8989
Step 4600 | loss 0.0024 | val_acc=0.8994 val_loss=0.7764 val_f1_macro=0.8746 val_f1_weighted=0.8986 val_prec_macro=0.8768 val_rec_macro=0.8739 val_metric_name=acc val_metric=0.8994
Step 4650 | loss 0.0027 | val_acc=0.8997 val_loss=0.7815 val_f1_macro=0.8760 val_f1_weighted=0.8989 val_prec_macro=0.8777 val_rec_macro=0.8752 val_metric_name=acc val_metric=0.8997
Step 4700 | loss 0.0021 | val_acc=0.8994 val_loss=0.7896 val_f1_macro=0.8741 val_f1_weighted=0.8984 val_prec_macro=0.8747 val_rec_macro=0.8748 val_metric_name=acc val_metric=0.8994
Step 4750 | loss 0.0029 | val_acc=0.9001 val_loss=0.7827 val_f1_macro=0.8759 val_f1_weighted=0.8993 val_prec_macro=0.8756 val_rec_macro=0.8777 val_metric_name=acc val_metric=0.9001
Step 4800 | loss 0.0020 | val_acc=0.9013 val_loss=0.7846 val_f1_macro=0.8781 val_f1_weighted=0.9005 val_prec_macro=0.8804 val_rec_macro=0.8770 val_metric_name=acc val_metric=0.9013
Step 4850 | loss 0.0025 | val_acc=0.9003 val_loss=0.7860 val_f1_macro=0.8772 val_f1_weighted=0.8994 val_prec_macro=0.8795 val_rec_macro=0.8761 val_metric_name=acc val_metric=0.9003
Step 4900 | loss 0.0025 | val_acc=0.9003 val_loss=0.7892 val_f1_macro=0.8754 val_f1_weighted=0.8992 val_prec_macro=0.8766 val_rec_macro=0.8762 val_metric_name=acc val_metric=0.9003
Step 4950 | loss 0.0022 | val_acc=0.8997 val_loss=0.7922 val_f1_macro=0.8750 val_f1_weighted=0.8988 val_prec_macro=0.8766 val_rec_macro=0.8749 val_metric_name=acc val_metric=0.8997
Step 5000 | loss 0.0020 | val_acc=0.9017 val_loss=0.7921 val_f1_macro=0.8774 val_f1_weighted=0.9009 val_prec_macro=0.8785 val_rec_macro=0.8775 val_metric_name=acc val_metric=0.9017

--- Final (best ckpt @ step 4960) ---
  train_acc=1.0000 train_loss=0.0000 train_f1_macro=1.0000 train_f1_weighted=1.0000 train_prec_macro=1.0000 train_rec_macro=1.0000 train_metric_name=acc train_metric=1.0000
  val_acc=0.9026 val_loss=0.7883 val_f1_macro=0.8798 val_f1_weighted=0.9016 val_prec_macro=0.8823 val_rec_macro=0.8783 val_metric_name=acc val_metric=0.9026
  test_acc=0.9003 test_loss=0.8244 test_f1_macro=0.8744 test_f1_weighted=0.8995 test_prec_macro=0.8735 test_rec_macro=0.8762 test_metric_name=acc test_metric=0.9003
  test_acc=0.9003
  >> num_layers=1 hidden_dim=512 lr=3e-05 best_step=2950 val_acc=0.7928 test_acc=0.7937
     val_acc=0.7928 val_f1_macro=0.7292 val_f1_weighted=0.7858 val_loss=1.2623 val_metric=0.7928 val_metric_name=acc val_prec_macro=0.7399 val_rec_macro=0.7247
     test_acc=0.7937 test_f1_macro=0.7340 test_f1_weighted=0.7886 test_loss=1.2485 test_metric=0.7937 test_metric_name=acc test_prec_macro=0.7467 test_rec_macro=0.7288
  >> num_layers=2 hidden_dim=512 lr=3e-05 best_step=3670 val_acc=0.8498 test_acc=0.8473
     val_acc=0.8498 val_f1_macro=0.8119 val_f1_weighted=0.8474 val_loss=1.0593 val_metric=0.8498 val_metric_name=acc val_prec_macro=0.8169 val_rec_macro=0.8091
     test_acc=0.8473 test_f1_macro=0.8058 test_f1_weighted=0.8460 test_loss=1.0998 test_metric=0.8473 test_metric_name=acc test_prec_macro=0.8086 test_rec_macro=0.8062
  >> num_layers=3 hidden_dim=512 lr=3e-05 best_step=4350 val_acc=0.8870 test_acc=0.8826
     val_acc=0.8870 val_f1_macro=0.8544 val_f1_weighted=0.8853 val_loss=0.8619 val_metric=0.8870 val_metric_name=acc val_prec_macro=0.8565 val_rec_macro=0.8541
     test_acc=0.8826 test_f1_macro=0.8481 test_f1_weighted=0.8813 test_loss=0.9150 test_metric=0.8826 test_metric_name=acc test_prec_macro=0.8458 test_rec_macro=0.8522
  >> num_layers=4 hidden_dim=512 lr=3e-05 best_step=4630 val_acc=0.8980 test_acc=0.8923
     val_acc=0.8980 val_f1_macro=0.8728 val_f1_weighted=0.8970 val_loss=0.7961 val_metric=0.8980 val_metric_name=acc val_prec_macro=0.8755 val_rec_macro=0.8714
     test_acc=0.8923 test_f1_macro=0.8640 test_f1_weighted=0.8914 test_loss=0.8346 test_metric=0.8923 test_metric_name=acc test_prec_macro=0.8633 test_rec_macro=0.8663
  >> num_layers=5 hidden_dim=512 lr=3e-05 best_step=4960 val_acc=0.9026 test_acc=0.9003
     val_acc=0.9026 val_f1_macro=0.8798 val_f1_weighted=0.9016 val_loss=0.7883 val_metric=0.9026 val_metric_name=acc val_prec_macro=0.8823 val_rec_macro=0.8783
     test_acc=0.9003 test_f1_macro=0.8744 test_f1_weighted=0.8995 test_loss=0.8244 test_metric=0.9003 test_metric_name=acc test_prec_macro=0.8735 test_rec_macro=0.8762
  >> selected best (by val): num_layers=5 hidden_dim=512 lr=3e-05 best_step=4960 val_acc=0.9026 test_acc=0.9003
     val_acc=0.9026 val_f1_macro=0.8798 val_f1_weighted=0.9016 val_loss=0.7883 val_metric=0.9026 val_metric_name=acc val_prec_macro=0.8823 val_rec_macro=0.8783
     test_acc=0.9003 test_f1_macro=0.8744 test_f1_weighted=0.8995 test_loss=0.8244 test_metric=0.9003 test_metric_name=acc test_prec_macro=0.8735 test_rec_macro=0.8762

Done. Results saved to /home/avshmelev/diploma_yandex_graphs/results2/roman_empire/tabm.csv, checkpoints in /home/avshmelev/diploma_yandex_graphs/all_checkpoints2/roman_empire/tabm/
