Loading data...

============================================================
Training TABM-amazon-ratings GAT-sep 1L split=0
============================================================
Step    1 | loss 2.4560 | val_acc 0.1958
Step   50 | loss 1.6276 | val_acc 0.3880
Step  100 | loss 1.5423 | val_acc 0.3978
Step  150 | loss 1.4968 | val_acc 0.4032
Step  200 | loss 1.4676 | val_acc 0.4055
Step  250 | loss 1.4410 | val_acc 0.4054
Step  300 | loss 1.4224 | val_acc 0.4111
Step  350 | loss 1.4015 | val_acc 0.4130
Step  400 | loss 1.3905 | val_acc 0.4166
Step  450 | loss 1.3692 | val_acc 0.4187
Step  500 | loss 1.3509 | val_acc 0.4222
Step  550 | loss 1.3368 | val_acc 0.4251
Step  600 | loss 1.3184 | val_acc 0.4261
Step  650 | loss 1.3023 | val_acc 0.4320
Step  700 | loss 1.2812 | val_acc 0.4346
Step  750 | loss 1.2616 | val_acc 0.4408
Step  800 | loss 1.2373 | val_acc 0.4454
Step  850 | loss 1.2038 | val_acc 0.4512
Step  900 | loss 1.1840 | val_acc 0.4570
Step  950 | loss 1.1537 | val_acc 0.4632
Step 1000 | loss 1.1222 | val_acc 0.4702

--- Final (best ckpt @ step 999) ---
  train_acc=0.6187  val_acc=0.4707
  test_acc=0.4784  test_loss=1.3353
  test_f1m=0.3294  test_f1w=0.4365

============================================================
Training TABM-amazon-ratings GAT-sep 2L split=0
============================================================
Step    1 | loss 2.2762 | val_acc 0.3423
Step   50 | loss 1.5443 | val_acc 0.3877
Step  100 | loss 1.4772 | val_acc 0.3933
Step  150 | loss 1.4395 | val_acc 0.4058
Step  200 | loss 1.4112 | val_acc 0.4116
Step  250 | loss 1.3868 | val_acc 0.4170
Step  300 | loss 1.3617 | val_acc 0.4202
Step  350 | loss 1.3440 | val_acc 0.4248
Step  400 | loss 1.3223 | val_acc 0.4308
Step  450 | loss 1.3005 | val_acc 0.4366
Step  500 | loss 1.2742 | val_acc 0.4470
Step  550 | loss 1.2502 | val_acc 0.4501
Step  600 | loss 1.2213 | val_acc 0.4552
Step  650 | loss 1.1927 | val_acc 0.4619
Step  700 | loss 1.1633 | val_acc 0.4715
Step  750 | loss 1.1279 | val_acc 0.4777
Step  800 | loss 1.0961 | val_acc 0.4841
Step  850 | loss 1.0629 | val_acc 0.4937
Step  900 | loss 1.0283 | val_acc 0.4993
Step  950 | loss 0.9937 | val_acc 0.5024
Step 1000 | loss 0.9580 | val_acc 0.5096

--- Final (best ckpt @ step 999) ---
  train_acc=0.7108  val_acc=0.5102
  test_acc=0.5068  test_loss=1.4332
  test_f1m=0.4112  test_f1w=0.4867

============================================================
Training TABM-amazon-ratings GAT-sep 3L split=0
============================================================
Step    1 | loss 2.0858 | val_acc 0.3542
Step   50 | loss 1.5133 | val_acc 0.3926
Step  100 | loss 1.4511 | val_acc 0.4019
Step  150 | loss 1.4118 | val_acc 0.4125
Step  200 | loss 1.3819 | val_acc 0.4181
Step  250 | loss 1.3497 | val_acc 0.4210
Step  300 | loss 1.3311 | val_acc 0.4281
Step  350 | loss 1.2998 | val_acc 0.4330
Step  400 | loss 1.2734 | val_acc 0.4372
Step  450 | loss 1.2474 | val_acc 0.4462
Step  500 | loss 1.2190 | val_acc 0.4498
Step  550 | loss 1.1866 | val_acc 0.4583
Step  600 | loss 1.1572 | val_acc 0.4674
Step  650 | loss 1.1287 | val_acc 0.4769
Step  700 | loss 1.0953 | val_acc 0.4785
Step  750 | loss 1.0726 | val_acc 0.4859
Step  800 | loss 1.0461 | val_acc 0.4893
Step  850 | loss 1.0164 | val_acc 0.4932
Step  900 | loss 0.9860 | val_acc 0.4975
Step  950 | loss 0.9573 | val_acc 0.5048
Step 1000 | loss 0.9268 | val_acc 0.5065

--- Final (best ckpt @ step 998) ---
  train_acc=0.7059  val_acc=0.5100
  test_acc=0.5076  test_loss=1.4902
  test_f1m=0.4270  test_f1w=0.4905

============================================================
Training TABM-amazon-ratings GAT-sep 4L split=0
============================================================
Step    1 | loss 2.5096 | val_acc 0.2776
Step   50 | loss 1.5238 | val_acc 0.3884
Step  100 | loss 1.4628 | val_acc 0.4023
Step  150 | loss 1.4233 | val_acc 0.4109
Step  200 | loss 1.3945 | val_acc 0.4156
Step  250 | loss 1.3713 | val_acc 0.4184
Step  300 | loss 1.3524 | val_acc 0.4225
Step  350 | loss 1.3275 | val_acc 0.4264
Step  400 | loss 1.3056 | val_acc 0.4310
Step  450 | loss 1.2792 | val_acc 0.4366
Step  500 | loss 1.2596 | val_acc 0.4432
Step  550 | loss 1.2360 | val_acc 0.4499
Step  600 | loss 1.2124 | val_acc 0.4570
Step  650 | loss 1.1820 | val_acc 0.4632
Step  700 | loss 1.1603 | val_acc 0.4704
Step  750 | loss 1.1352 | val_acc 0.4751
Step  800 | loss 1.1139 | val_acc 0.4808
Step  850 | loss 1.0942 | val_acc 0.4865
Step  900 | loss 1.0693 | val_acc 0.4914
Step  950 | loss 1.0447 | val_acc 0.4952
Step 1000 | loss 1.0209 | val_acc 0.4984

--- Final (best ckpt @ step 989) ---
  train_acc=0.6434  val_acc=0.4984
  test_acc=0.4945  test_loss=1.4158
  test_f1m=0.3965  test_f1w=0.4748

============================================================
Training TABM-amazon-ratings GAT-sep 5L split=0
============================================================
Step    1 | loss 2.3451 | val_acc 0.3319
Step   50 | loss 1.5113 | val_acc 0.3926
Step  100 | loss 1.4457 | val_acc 0.4018
Step  150 | loss 1.4111 | val_acc 0.4112
Step  200 | loss 1.3796 | val_acc 0.4192
Step  250 | loss 1.3523 | val_acc 0.4192
Step  300 | loss 1.3330 | val_acc 0.4246
Step  350 | loss 1.3086 | val_acc 0.4308
Step  400 | loss 1.2861 | val_acc 0.4356
Step  450 | loss 1.2601 | val_acc 0.4423
Step  500 | loss 1.2375 | val_acc 0.4496
Step  550 | loss 1.2112 | val_acc 0.4563
Step  600 | loss 1.1837 | val_acc 0.4619
Step  650 | loss 1.1635 | val_acc 0.4659
Step  700 | loss 1.1404 | val_acc 0.4746
Step  750 | loss 1.1158 | val_acc 0.4813
Step  800 | loss 1.0959 | val_acc 0.4837
Step  850 | loss 1.0719 | val_acc 0.4891
Step  900 | loss 1.0489 | val_acc 0.4932
Step  950 | loss 1.0261 | val_acc 0.4950
Step 1000 | loss 1.0003 | val_acc 0.4975

--- Final (best ckpt @ step 993) ---
  train_acc=0.6561  val_acc=0.5025
  test_acc=0.5002  test_loss=1.4383
  test_f1m=0.4090  test_f1w=0.4818
  >> selected best layer=2 best_step=999 val_acc=0.5102 test_acc=0.5068

Done. Results saved to /home/avshmelev/diploma_yandex_graphs/results/amazon_ratings/tabm.csv, checkpoints in /home/avshmelev/diploma_yandex_graphs/all_checkpoints/amazon_ratings/tabm/
