Loading data...
Traceback (most recent call last):
  File "/home/avshmelev/diploma_yandex_graphs/run_tabm.py", line 206, in <module>
    main()
  File "/home/avshmelev/diploma_yandex_graphs/run_tabm.py", line 171, in main
    pyg_data, train_masks, val_masks, test_masks, num_classes, num_targets, is_binary = load_dataset(
                                                                                        ^^^^^^^^^^^^^
  File "/home/avshmelev/diploma_yandex_graphs/datasets.py", line 17, in load_dataset
    data = np.load(npz_path)
           ^^^^^^^^^^^^^^^^^
  File "/home/avshmelev/.conda/envs/nikita_neurips/lib/python3.11/site-packages/numpy/lib/_npyio_impl.py", line 486, in load
    raise ValueError(
ValueError: This file contains pickled (object) data. If you trust the file you can load it unsafely using the `allow_pickle=` keyword argument or `pickle.load()`.
Loading data...

============================================================
Training TABM-amazon-ratings GAT 5L split=2
============================================================
Step    1 | loss 2.3137 | val_acc 0.3312
Step   50 | loss 1.5194 | val_acc 0.3910
Step  100 | loss 1.4523 | val_acc 0.4026
Step  150 | loss 1.4145 | val_acc 0.4165
Step  200 | loss 1.3818 | val_acc 0.4289
Step  250 | loss 1.3518 | val_acc 0.4349
Step  300 | loss 1.3287 | val_acc 0.4367
Step  350 | loss 1.3079 | val_acc 0.4436
Step  400 | loss 1.2855 | val_acc 0.4470
Step  450 | loss 1.2624 | val_acc 0.4542
Step  500 | loss 1.2373 | val_acc 0.4604
Step  550 | loss 1.2182 | val_acc 0.4609
Step  600 | loss 1.1970 | val_acc 0.4632
Step  650 | loss 1.1771 | val_acc 0.4699
Step  700 | loss 1.1617 | val_acc 0.4692
Step  750 | loss 1.1401 | val_acc 0.4731
Step  800 | loss 1.1208 | val_acc 0.4738
Step  850 | loss 1.1063 | val_acc 0.4754
Step  900 | loss 1.0888 | val_acc 0.4798
Step  950 | loss 1.0727 | val_acc 0.4726
Step 1000 | loss 1.0570 | val_acc 0.4761

--- Final (best ckpt @ step 900) ---
  train_acc=0.5862  val_acc=0.4798
  test_acc=0.4761  test_loss=1.3467
  test_f1m=0.3763  test_f1w=0.4590
  >> best_step=900  val_acc=0.4798  test_acc=0.4761

Done. Results saved to /home/avshmelev/diploma_yandex_graphs/results/amazon_ratings/tabm.csv, checkpoints in /home/avshmelev/diploma_yandex_graphs/all_checkpoints/amazon_ratings/tabm/
