Loading data...

============================================================
Training TABM-amazon-ratings GT-sep 1L split=9
============================================================
Step    1 | loss 2.2921 | val_acc 0.2296
Step   50 | loss 1.5601 | val_acc 0.3804
Step  100 | loss 1.4852 | val_acc 0.3882
Step  150 | loss 1.4488 | val_acc 0.3929
Step  200 | loss 1.4219 | val_acc 0.4000
Step  250 | loss 1.4021 | val_acc 0.4031
Step  300 | loss 1.3825 | val_acc 0.4057
Step  350 | loss 1.3655 | val_acc 0.4127
Step  400 | loss 1.3499 | val_acc 0.4179
Step  450 | loss 1.3327 | val_acc 0.4285
Step  500 | loss 1.3129 | val_acc 0.4318
Step  550 | loss 1.2926 | val_acc 0.4398
Step  600 | loss 1.2712 | val_acc 0.4462
Step  650 | loss 1.2482 | val_acc 0.4539
Step  700 | loss 1.2168 | val_acc 0.4614
Step  750 | loss 1.1867 | val_acc 0.4650
Step  800 | loss 1.1504 | val_acc 0.4691
Step  850 | loss 1.1171 | val_acc 0.4764
Step  900 | loss 1.0790 | val_acc 0.4795
Step  950 | loss 1.0380 | val_acc 0.4833
Step 1000 | loss 1.0063 | val_acc 0.4864

--- Final (best ckpt @ step 996) ---
  train_acc=0.7607  val_acc=0.4869
  test_acc=0.4953  test_loss=1.2678
  test_f1m=0.3937  test_f1w=0.4774

============================================================
Training TABM-amazon-ratings GT-sep 2L split=9
============================================================
Step    1 | loss 2.2894 | val_acc 0.2546
Step   50 | loss 1.5093 | val_acc 0.3882
Step  100 | loss 1.4423 | val_acc 0.3905
Step  150 | loss 1.4192 | val_acc 0.3972
Step  200 | loss 1.3954 | val_acc 0.4032
Step  250 | loss 1.3776 | val_acc 0.4076
Step  300 | loss 1.3610 | val_acc 0.4121
Step  350 | loss 1.3481 | val_acc 0.4197
Step  400 | loss 1.3327 | val_acc 0.4282
Step  450 | loss 1.3122 | val_acc 0.4310
Step  500 | loss 1.2852 | val_acc 0.4428
Step  550 | loss 1.2602 | val_acc 0.4539
Step  600 | loss 1.2287 | val_acc 0.4691
Step  650 | loss 1.2001 | val_acc 0.4692
Step  700 | loss 1.1668 | val_acc 0.4756
Step  750 | loss 1.1326 | val_acc 0.4779
Step  800 | loss 1.0996 | val_acc 0.4834
Step  850 | loss 1.0688 | val_acc 0.4852
Step  900 | loss 1.0315 | val_acc 0.4919
Step  950 | loss 0.9988 | val_acc 0.4913
Step 1000 | loss 0.9650 | val_acc 0.4994

--- Final (best ckpt @ step 998) ---
  train_acc=0.7343  val_acc=0.5024
  test_acc=0.5051  test_loss=1.2987
  test_f1m=0.4313  test_f1w=0.4925

============================================================
Training TABM-amazon-ratings GT-sep 3L split=9
============================================================
Step    1 | loss 2.2363 | val_acc 0.3299
Step   50 | loss 1.4746 | val_acc 0.3929
Step  100 | loss 1.4233 | val_acc 0.3988
Step  150 | loss 1.3980 | val_acc 0.4005
Step  200 | loss 1.3763 | val_acc 0.4044
Step  250 | loss 1.3601 | val_acc 0.4124
Step  300 | loss 1.3428 | val_acc 0.4168
Step  350 | loss 1.3238 | val_acc 0.4228
Step  400 | loss 1.2996 | val_acc 0.4325
Step  450 | loss 1.2714 | val_acc 0.4408
Step  500 | loss 1.2415 | val_acc 0.4542
Step  550 | loss 1.2141 | val_acc 0.4684
Step  600 | loss 1.1836 | val_acc 0.4744
Step  650 | loss 1.1579 | val_acc 0.4756
Step  700 | loss 1.1304 | val_acc 0.4757
Step  750 | loss 1.0980 | val_acc 0.4793
Step  800 | loss 1.0723 | val_acc 0.4824
Step  850 | loss 1.0440 | val_acc 0.4885
Step  900 | loss 1.0138 | val_acc 0.4949
Step  950 | loss 0.9843 | val_acc 0.4989
Step 1000 | loss 0.9521 | val_acc 0.5037

--- Final (best ckpt @ step 998) ---
  train_acc=0.7171  val_acc=0.5065
  test_acc=0.5030  test_loss=1.3338
  test_f1m=0.4334  test_f1w=0.4907

============================================================
Training TABM-amazon-ratings GT-sep 4L split=9
============================================================
Step    1 | loss 2.2082 | val_acc 0.3312
Step   50 | loss 1.4631 | val_acc 0.3845
Step  100 | loss 1.4171 | val_acc 0.3943
Step  150 | loss 1.3939 | val_acc 0.4019
Step  200 | loss 1.3766 | val_acc 0.4029
Step  250 | loss 1.3556 | val_acc 0.4116
Step  300 | loss 1.3426 | val_acc 0.4181
Step  350 | loss 1.3197 | val_acc 0.4259
Step  400 | loss 1.2921 | val_acc 0.4375
Step  450 | loss 1.2642 | val_acc 0.4511
Step  500 | loss 1.2347 | val_acc 0.4545
Step  550 | loss 1.2092 | val_acc 0.4625
Step  600 | loss 1.1809 | val_acc 0.4754
Step  650 | loss 1.1559 | val_acc 0.4766
Step  700 | loss 1.1284 | val_acc 0.4779
Step  750 | loss 1.0997 | val_acc 0.4805
Step  800 | loss 1.0738 | val_acc 0.4842
Step  850 | loss 1.0458 | val_acc 0.4857
Step  900 | loss 1.0170 | val_acc 0.4916
Step  950 | loss 0.9893 | val_acc 0.4986
Step 1000 | loss 0.9548 | val_acc 0.5033

--- Final (best ckpt @ step 995) ---
  train_acc=0.7067  val_acc=0.5047
  test_acc=0.5045  test_loss=1.3292
  test_f1m=0.4258  test_f1w=0.4897

============================================================
Training TABM-amazon-ratings GT-sep 5L split=9
============================================================
Step    1 | loss 2.3805 | val_acc 0.3279
Step   50 | loss 1.4669 | val_acc 0.3892
Step  100 | loss 1.4217 | val_acc 0.3957
Step  150 | loss 1.3921 | val_acc 0.3996
Step  200 | loss 1.3773 | val_acc 0.4057
Step  250 | loss 1.3600 | val_acc 0.4093
Step  300 | loss 1.3430 | val_acc 0.4138
Step  350 | loss 1.3261 | val_acc 0.4230
Step  400 | loss 1.3003 | val_acc 0.4303
Step  450 | loss 1.2708 | val_acc 0.4432
Step  500 | loss 1.2434 | val_acc 0.4530
Step  550 | loss 1.2148 | val_acc 0.4573
Step  600 | loss 1.1899 | val_acc 0.4648
Step  650 | loss 1.1687 | val_acc 0.4686
Step  700 | loss 1.1451 | val_acc 0.4722
Step  750 | loss 1.1173 | val_acc 0.4743
Step  800 | loss 1.0941 | val_acc 0.4762
Step  850 | loss 1.0669 | val_acc 0.4806
Step  900 | loss 1.0400 | val_acc 0.4846
Step  950 | loss 1.0116 | val_acc 0.4911
Step 1000 | loss 0.9836 | val_acc 0.4952

--- Final (best ckpt @ step 996) ---
  train_acc=0.6826  val_acc=0.4968
  test_acc=0.4970  test_loss=1.3234
  test_f1m=0.4207  test_f1w=0.4824
  >> selected best layer=3 best_step=998 val_acc=0.5065 test_acc=0.5030

Done. Results saved to /home/avshmelev/diploma_yandex_graphs/results/amazon_ratings/tabm.csv, checkpoints in /home/avshmelev/diploma_yandex_graphs/all_checkpoints/amazon_ratings/tabm/
