Loading data...
Traceback (most recent call last):
  File "/home/avshmelev/diploma_yandex_graphs/run_tabm.py", line 206, in <module>
    main()
  File "/home/avshmelev/diploma_yandex_graphs/run_tabm.py", line 171, in main
    pyg_data, train_masks, val_masks, test_masks, num_classes, num_targets, is_binary = load_dataset(
                                                                                        ^^^^^^^^^^^^^
  File "/home/avshmelev/diploma_yandex_graphs/datasets.py", line 17, in load_dataset
    data = np.load(npz_path)
           ^^^^^^^^^^^^^^^^^
  File "/home/avshmelev/.conda/envs/nikita_neurips/lib/python3.11/site-packages/numpy/lib/_npyio_impl.py", line 486, in load
    raise ValueError(
ValueError: This file contains pickled (object) data. If you trust the file you can load it unsafely using the `allow_pickle=` keyword argument or `pickle.load()`.
Loading data...

============================================================
Training TABM-amazon-ratings TAG 5L split=8
============================================================
Step    1 | loss 2.4271 | val_acc 0.3381
Step   50 | loss 1.5005 | val_acc 0.3877
Step  100 | loss 1.4298 | val_acc 0.4063
Step  150 | loss 1.3840 | val_acc 0.4152
Step  200 | loss 1.3508 | val_acc 0.4196
Step  250 | loss 1.3254 | val_acc 0.4256
Step  300 | loss 1.2982 | val_acc 0.4287
Step  350 | loss 1.2699 | val_acc 0.4446
Step  400 | loss 1.2438 | val_acc 0.4465
Step  450 | loss 1.2133 | val_acc 0.4512
Step  500 | loss 1.1888 | val_acc 0.4566
Step  550 | loss 1.1581 | val_acc 0.4633
Step  600 | loss 1.1393 | val_acc 0.4653
Step  650 | loss 1.1126 | val_acc 0.4713
Step  700 | loss 1.0889 | val_acc 0.4740
Step  750 | loss 1.0652 | val_acc 0.4780
Step  800 | loss 1.0473 | val_acc 0.4842
Step  850 | loss 1.0244 | val_acc 0.4800
Step  900 | loss 1.0038 | val_acc 0.4846
Step  950 | loss 0.9799 | val_acc 0.4818
Step 1000 | loss 0.9594 | val_acc 0.4873

--- Final (best ckpt @ step 995) ---
  train_acc=0.6537  val_acc=0.4908
  test_acc=0.4797  test_loss=1.4723
  test_f1m=0.4054  test_f1w=0.4667
  >> best_step=995  val_acc=0.4908  test_acc=0.4797

Done. Results saved to /home/avshmelev/diploma_yandex_graphs/results/amazon_ratings/tabm.csv, checkpoints in /home/avshmelev/diploma_yandex_graphs/all_checkpoints/amazon_ratings/tabm/
