Loading data...

============================================================
Training tolokers GAT-sep 2L h=512 lr=3e-05 split=1
============================================================
Training for 20000 steps
Step    1 | loss 0.6921 | val_acc=0.7805 val_roc_auc=0.4595 val_loss=0.5592 val_metric_name=roc_auc val_metric=0.4595
Step   50 | loss 0.4601 | val_acc=0.7843 val_roc_auc=0.7651 val_loss=0.4466 val_metric_name=roc_auc val_metric=0.7651
Step  100 | loss 0.4389 | val_acc=0.7887 val_roc_auc=0.7900 val_loss=0.4293 val_metric_name=roc_auc val_metric=0.7900
Step  150 | loss 0.4226 | val_acc=0.7887 val_roc_auc=0.8033 val_loss=0.4195 val_metric_name=roc_auc val_metric=0.8033
Step  200 | loss 0.4134 | val_acc=0.7965 val_roc_auc=0.8206 val_loss=0.4100 val_metric_name=roc_auc val_metric=0.8206
Step  250 | loss 0.3998 | val_acc=0.8064 val_roc_auc=0.8281 val_loss=0.4139 val_metric_name=roc_auc val_metric=0.8281
Step  300 | loss 0.3966 | val_acc=0.8030 val_roc_auc=0.8323 val_loss=0.4014 val_metric_name=roc_auc val_metric=0.8323
Step  350 | loss 0.3887 | val_acc=0.8061 val_roc_auc=0.8336 val_loss=0.4011 val_metric_name=roc_auc val_metric=0.8336
Step  400 | loss 0.3860 | val_acc=0.8081 val_roc_auc=0.8349 val_loss=0.4012 val_metric_name=roc_auc val_metric=0.8349
Step  450 | loss 0.3781 | val_acc=0.8081 val_roc_auc=0.8370 val_loss=0.4069 val_metric_name=roc_auc val_metric=0.8370
Step  500 | loss 0.3756 | val_acc=0.8084 val_roc_auc=0.8361 val_loss=0.4059 val_metric_name=roc_auc val_metric=0.8361
Step  550 | loss 0.3715 | val_acc=0.8054 val_roc_auc=0.8366 val_loss=0.4078 val_metric_name=roc_auc val_metric=0.8366
Step  600 | loss 0.3671 | val_acc=0.8033 val_roc_auc=0.8372 val_loss=0.4139 val_metric_name=roc_auc val_metric=0.8372
Step  650 | loss 0.3656 | val_acc=0.8033 val_roc_auc=0.8377 val_loss=0.4148 val_metric_name=roc_auc val_metric=0.8377
Step  700 | loss 0.3609 | val_acc=0.8033 val_roc_auc=0.8380 val_loss=0.4199 val_metric_name=roc_auc val_metric=0.8380
Step  750 | loss 0.3581 | val_acc=0.8057 val_roc_auc=0.8371 val_loss=0.4218 val_metric_name=roc_auc val_metric=0.8371
Step  800 | loss 0.3565 | val_acc=0.8037 val_roc_auc=0.8355 val_loss=0.4283 val_metric_name=roc_auc val_metric=0.8355
Step  850 | loss 0.3534 | val_acc=0.8037 val_roc_auc=0.8366 val_loss=0.4310 val_metric_name=roc_auc val_metric=0.8366
Step  900 | loss 0.3434 | val_acc=0.8037 val_roc_auc=0.8342 val_loss=0.4385 val_metric_name=roc_auc val_metric=0.8342
Step  950 | loss 0.3400 | val_acc=0.8033 val_roc_auc=0.8338 val_loss=0.4451 val_metric_name=roc_auc val_metric=0.8338
Step 1000 | loss 0.3371 | val_acc=0.8071 val_roc_auc=0.8325 val_loss=0.4511 val_metric_name=roc_auc val_metric=0.8325
Step 1050 | loss 0.3357 | val_acc=0.7965 val_roc_auc=0.8306 val_loss=0.4638 val_metric_name=roc_auc val_metric=0.8306
Early stopping at step 1057

--- Final (best ckpt @ step 660) ---
  train_acc=0.8272 train_roc_auc=0.8684 train_loss=0.3617 train_metric_name=roc_auc train_metric=0.8684
  val_acc=0.8027 val_roc_auc=0.8387 val_loss=0.4171 val_metric_name=roc_auc val_metric=0.8387
  test_acc=0.8119 test_roc_auc=0.8427 test_loss=0.4027 test_metric_name=roc_auc test_metric=0.8427
  test_roc_auc=0.8427
  >> num_layers=2 hidden_dim=512 lr=3e-05 best_step=660 val_roc_auc=0.8387 test_roc_auc=0.8427
     val_acc=0.8027 val_loss=0.4171 val_metric=0.8387 val_metric_name=roc_auc val_roc_auc=0.8387
     test_acc=0.8119 test_loss=0.4027 test_metric=0.8427 test_metric_name=roc_auc test_roc_auc=0.8427
  >> selected best (by val): num_layers=2 hidden_dim=512 lr=3e-05 val_roc_auc=0.8387 test_roc_auc=0.8427
     val_acc=0.8027 val_loss=0.4171 val_metric=0.8387 val_metric_name=roc_auc val_roc_auc=0.8387
     test_acc=0.8119 test_loss=0.4027 test_metric=0.8427 test_metric_name=roc_auc test_roc_auc=0.8427

Done. Results saved to /home/avshmelev/diploma_yandex_graphs/results3/tolokers/base.csv, checkpoints in /home/avshmelev/diploma_yandex_graphs/all_checkpoints3/tolokers/base/
