Loading data...

============================================================
Training tolokers GAT-sep 4L h=512 lr=3e-05 split=7
============================================================
Training for 20000 steps
Step    1 | loss 0.6406 | val_acc=0.7819 val_roc_auc=0.6298 val_loss=0.5241 val_metric_name=roc_auc val_metric=0.6298
Step   50 | loss 0.4458 | val_acc=0.7850 val_roc_auc=0.7729 val_loss=0.4326 val_metric_name=roc_auc val_metric=0.7729
Step  100 | loss 0.4242 | val_acc=0.7941 val_roc_auc=0.8098 val_loss=0.4156 val_metric_name=roc_auc val_metric=0.8098
Step  150 | loss 0.4069 | val_acc=0.7952 val_roc_auc=0.8247 val_loss=0.4307 val_metric_name=roc_auc val_metric=0.8247
Step  200 | loss 0.3937 | val_acc=0.8101 val_roc_auc=0.8378 val_loss=0.4050 val_metric_name=roc_auc val_metric=0.8378
Step  250 | loss 0.3882 | val_acc=0.8197 val_roc_auc=0.8428 val_loss=0.4072 val_metric_name=roc_auc val_metric=0.8428
Step  300 | loss 0.3775 | val_acc=0.7935 val_roc_auc=0.8440 val_loss=0.4245 val_metric_name=roc_auc val_metric=0.8440
Step  350 | loss 0.3693 | val_acc=0.7703 val_roc_auc=0.8417 val_loss=0.4550 val_metric_name=roc_auc val_metric=0.8417
Step  400 | loss 0.3701 | val_acc=0.7812 val_roc_auc=0.8459 val_loss=0.4421 val_metric_name=roc_auc val_metric=0.8459
Step  450 | loss 0.3584 | val_acc=0.8030 val_roc_auc=0.8484 val_loss=0.4169 val_metric_name=roc_auc val_metric=0.8484
Step  500 | loss 0.3584 | val_acc=0.7976 val_roc_auc=0.8459 val_loss=0.4290 val_metric_name=roc_auc val_metric=0.8459
Step  550 | loss 0.3511 | val_acc=0.7989 val_roc_auc=0.8448 val_loss=0.4311 val_metric_name=roc_auc val_metric=0.8448
Step  600 | loss 0.3485 | val_acc=0.8122 val_roc_auc=0.8501 val_loss=0.4149 val_metric_name=roc_auc val_metric=0.8501
Step  650 | loss 0.3439 | val_acc=0.8173 val_roc_auc=0.8499 val_loss=0.4153 val_metric_name=roc_auc val_metric=0.8499
Step  700 | loss 0.3373 | val_acc=0.8067 val_roc_auc=0.8442 val_loss=0.4356 val_metric_name=roc_auc val_metric=0.8442
Step  750 | loss 0.3323 | val_acc=0.8122 val_roc_auc=0.8458 val_loss=0.4346 val_metric_name=roc_auc val_metric=0.8458
Step  800 | loss 0.3217 | val_acc=0.8156 val_roc_auc=0.8455 val_loss=0.4338 val_metric_name=roc_auc val_metric=0.8455
Step  850 | loss 0.3182 | val_acc=0.8132 val_roc_auc=0.8433 val_loss=0.4446 val_metric_name=roc_auc val_metric=0.8433
Step  900 | loss 0.3104 | val_acc=0.8122 val_roc_auc=0.8414 val_loss=0.4567 val_metric_name=roc_auc val_metric=0.8414
Early stopping at step 926

--- Final (best ckpt @ step 600) ---
  train_acc=0.8284 train_roc_auc=0.8788 train_loss=0.3595 train_metric_name=roc_auc train_metric=0.8788
  val_acc=0.8122 val_roc_auc=0.8501 val_loss=0.4149 val_metric_name=roc_auc val_metric=0.8501
  test_acc=0.7884 test_roc_auc=0.8332 test_loss=0.4389 test_metric_name=roc_auc test_metric=0.8332
  test_roc_auc=0.8332
  >> num_layers=4 hidden_dim=512 lr=3e-05 best_step=600 val_roc_auc=0.8501 test_roc_auc=0.8332
     val_acc=0.8122 val_loss=0.4149 val_metric=0.8501 val_metric_name=roc_auc val_roc_auc=0.8501
     test_acc=0.7884 test_loss=0.4389 test_metric=0.8332 test_metric_name=roc_auc test_roc_auc=0.8332
  >> selected best (by val): num_layers=4 hidden_dim=512 lr=3e-05 val_roc_auc=0.8501 test_roc_auc=0.8332
     val_acc=0.8122 val_loss=0.4149 val_metric=0.8501 val_metric_name=roc_auc val_roc_auc=0.8501
     test_acc=0.7884 test_loss=0.4389 test_metric=0.8332 test_metric_name=roc_auc test_roc_auc=0.8332

Done. Results saved to /home/avshmelev/diploma_yandex_graphs/results3/tolokers/base.csv, checkpoints in /home/avshmelev/diploma_yandex_graphs/all_checkpoints3/tolokers/base/
