Loading data...

============================================================
Training tolokers GCN 5L h=512 lr=3e-05 split=2
============================================================
Training for 20000 steps
Step    1 | loss 0.6079 | val_acc=0.7819 val_roc_auc=0.4009 val_loss=0.5601 val_metric_name=roc_auc val_metric=0.4009
Step   50 | loss 0.4582 | val_acc=0.7897 val_roc_auc=0.7486 val_loss=0.4600 val_metric_name=roc_auc val_metric=0.7486
Step  100 | loss 0.4370 | val_acc=0.7853 val_roc_auc=0.7696 val_loss=0.4525 val_metric_name=roc_auc val_metric=0.7696
Step  150 | loss 0.4208 | val_acc=0.7846 val_roc_auc=0.7816 val_loss=0.4688 val_metric_name=roc_auc val_metric=0.7816
Step  200 | loss 0.4111 | val_acc=0.7897 val_roc_auc=0.7830 val_loss=0.4917 val_metric_name=roc_auc val_metric=0.7830
Step  250 | loss 0.4024 | val_acc=0.7941 val_roc_auc=0.7780 val_loss=0.5306 val_metric_name=roc_auc val_metric=0.7780
Step  300 | loss 0.4071 | val_acc=0.7996 val_roc_auc=0.7932 val_loss=0.4806 val_metric_name=roc_auc val_metric=0.7932
Step  350 | loss 0.3929 | val_acc=0.8050 val_roc_auc=0.8010 val_loss=0.4577 val_metric_name=roc_auc val_metric=0.8010
Step  400 | loss 0.3897 | val_acc=0.8061 val_roc_auc=0.7982 val_loss=0.4816 val_metric_name=roc_auc val_metric=0.7982
Step  450 | loss 0.3902 | val_acc=0.8040 val_roc_auc=0.8095 val_loss=0.4579 val_metric_name=roc_auc val_metric=0.8095
Step  500 | loss 0.3889 | val_acc=0.8095 val_roc_auc=0.8159 val_loss=0.4325 val_metric_name=roc_auc val_metric=0.8159
Step  550 | loss 0.3794 | val_acc=0.8081 val_roc_auc=0.8160 val_loss=0.4470 val_metric_name=roc_auc val_metric=0.8160
Step  600 | loss 0.3762 | val_acc=0.8112 val_roc_auc=0.8235 val_loss=0.4180 val_metric_name=roc_auc val_metric=0.8235
Step  650 | loss 0.3730 | val_acc=0.8125 val_roc_auc=0.8241 val_loss=0.4199 val_metric_name=roc_auc val_metric=0.8241
Step  700 | loss 0.3726 | val_acc=0.8044 val_roc_auc=0.8241 val_loss=0.4210 val_metric_name=roc_auc val_metric=0.8241
Step  750 | loss 0.3712 | val_acc=0.8078 val_roc_auc=0.8241 val_loss=0.4185 val_metric_name=roc_auc val_metric=0.8241
Step  800 | loss 0.3707 | val_acc=0.8010 val_roc_auc=0.8263 val_loss=0.4181 val_metric_name=roc_auc val_metric=0.8263
Step  850 | loss 0.3684 | val_acc=0.8078 val_roc_auc=0.8271 val_loss=0.4161 val_metric_name=roc_auc val_metric=0.8271
Step  900 | loss 0.3687 | val_acc=0.8081 val_roc_auc=0.8249 val_loss=0.4192 val_metric_name=roc_auc val_metric=0.8249
Step  950 | loss 0.3655 | val_acc=0.8016 val_roc_auc=0.8294 val_loss=0.4188 val_metric_name=roc_auc val_metric=0.8294
Step 1000 | loss 0.3583 | val_acc=0.8095 val_roc_auc=0.8289 val_loss=0.4149 val_metric_name=roc_auc val_metric=0.8289
Step 1050 | loss 0.3607 | val_acc=0.7958 val_roc_auc=0.8239 val_loss=0.4278 val_metric_name=roc_auc val_metric=0.8239
Step 1100 | loss 0.3597 | val_acc=0.8064 val_roc_auc=0.8266 val_loss=0.4188 val_metric_name=roc_auc val_metric=0.8266
Step 1150 | loss 0.3600 | val_acc=0.8125 val_roc_auc=0.8241 val_loss=0.4208 val_metric_name=roc_auc val_metric=0.8241
Step 1200 | loss 0.3558 | val_acc=0.8108 val_roc_auc=0.8143 val_loss=0.4226 val_metric_name=roc_auc val_metric=0.8143
Step 1250 | loss 0.3562 | val_acc=0.8142 val_roc_auc=0.8229 val_loss=0.4263 val_metric_name=roc_auc val_metric=0.8229
Early stopping at step 1289

--- Final (best ckpt @ step 950) ---
  train_acc=0.8190 train_roc_auc=0.8623 train_loss=0.3745 train_metric_name=roc_auc train_metric=0.8623
  val_acc=0.8016 val_roc_auc=0.8294 val_loss=0.4188 val_metric_name=roc_auc val_metric=0.8294
  test_acc=0.8041 test_roc_auc=0.8376 test_loss=0.4186 test_metric_name=roc_auc test_metric=0.8376
  test_roc_auc=0.8376
  >> num_layers=5 hidden_dim=512 lr=3e-05 best_step=950 val_roc_auc=0.8294 test_roc_auc=0.8376
     val_acc=0.8016 val_loss=0.4188 val_metric=0.8294 val_metric_name=roc_auc val_roc_auc=0.8294
     test_acc=0.8041 test_loss=0.4186 test_metric=0.8376 test_metric_name=roc_auc test_roc_auc=0.8376
  >> selected best (by val): num_layers=5 hidden_dim=512 lr=3e-05 val_roc_auc=0.8294 test_roc_auc=0.8376
     val_acc=0.8016 val_loss=0.4188 val_metric=0.8294 val_metric_name=roc_auc val_roc_auc=0.8294
     test_acc=0.8041 test_loss=0.4186 test_metric=0.8376 test_metric_name=roc_auc test_roc_auc=0.8376

Done. Results saved to /home/avshmelev/diploma_yandex_graphs/results3/tolokers/base.csv, checkpoints in /home/avshmelev/diploma_yandex_graphs/all_checkpoints3/tolokers/base/
