Loading data...

============================================================
Training tolokers GT-sep 5L h=512 lr=3e-05 split=9
============================================================
Training for 20000 steps
Step    1 | loss 0.7237 | val_acc=0.7819 val_roc_auc=0.5729 val_loss=0.5633 val_metric_name=roc_auc val_metric=0.5729
Step   50 | loss 0.4528 | val_acc=0.7819 val_roc_auc=0.7471 val_loss=0.4502 val_metric_name=roc_auc val_metric=0.7471
Step  100 | loss 0.4296 | val_acc=0.7839 val_roc_auc=0.7702 val_loss=0.4335 val_metric_name=roc_auc val_metric=0.7702
Step  150 | loss 0.4159 | val_acc=0.7921 val_roc_auc=0.7923 val_loss=0.4214 val_metric_name=roc_auc val_metric=0.7923
Step  200 | loss 0.3964 | val_acc=0.7836 val_roc_auc=0.8096 val_loss=0.4211 val_metric_name=roc_auc val_metric=0.8096
Step  250 | loss 0.3810 | val_acc=0.7724 val_roc_auc=0.8209 val_loss=0.4438 val_metric_name=roc_auc val_metric=0.8209
Step  300 | loss 0.3734 | val_acc=0.7315 val_roc_auc=0.8162 val_loss=0.4883 val_metric_name=roc_auc val_metric=0.8162
Step  350 | loss 0.3693 | val_acc=0.7207 val_roc_auc=0.8122 val_loss=0.5151 val_metric_name=roc_auc val_metric=0.8122
Step  400 | loss 0.3602 | val_acc=0.6849 val_roc_auc=0.8105 val_loss=0.5859 val_metric_name=roc_auc val_metric=0.8105
Step  450 | loss 0.3602 | val_acc=0.6894 val_roc_auc=0.8114 val_loss=0.5776 val_metric_name=roc_auc val_metric=0.8114
Step  500 | loss 0.3493 | val_acc=0.6679 val_roc_auc=0.8098 val_loss=0.6246 val_metric_name=roc_auc val_metric=0.8098
Step  550 | loss 0.3398 | val_acc=0.6870 val_roc_auc=0.8121 val_loss=0.6142 val_metric_name=roc_auc val_metric=0.8121
Early stopping at step 564

--- Final (best ckpt @ step 260) ---
  train_acc=0.7887 train_roc_auc=0.8429 train_loss=0.4212 train_metric_name=roc_auc train_metric=0.8429
  val_acc=0.7679 val_roc_auc=0.8217 val_loss=0.4485 val_metric_name=roc_auc val_metric=0.8217
  test_acc=0.7680 test_roc_auc=0.8312 test_loss=0.4390 test_metric_name=roc_auc test_metric=0.8312
  test_roc_auc=0.8312
  >> num_layers=5 hidden_dim=512 lr=3e-05 best_step=260 val_roc_auc=0.8217 test_roc_auc=0.8312
     val_acc=0.7679 val_loss=0.4485 val_metric=0.8217 val_metric_name=roc_auc val_roc_auc=0.8217
     test_acc=0.7680 test_loss=0.4390 test_metric=0.8312 test_metric_name=roc_auc test_roc_auc=0.8312
  >> selected best (by val): num_layers=5 hidden_dim=512 lr=3e-05 val_roc_auc=0.8217 test_roc_auc=0.8312
     val_acc=0.7679 val_loss=0.4485 val_metric=0.8217 val_metric_name=roc_auc val_roc_auc=0.8217
     test_acc=0.7680 test_loss=0.4390 test_metric=0.8312 test_metric_name=roc_auc test_roc_auc=0.8312

Done. Results saved to /home/avshmelev/diploma_yandex_graphs/results3/tolokers/base.csv, checkpoints in /home/avshmelev/diploma_yandex_graphs/all_checkpoints3/tolokers/base/
