Loading data...

============================================================
Training tolokers GT 4L h=512 lr=3e-05 split=1
============================================================
Training for 20000 steps
Step    1 | loss 0.7736 | val_acc=0.7819 val_roc_auc=0.4370 val_loss=0.5345 val_metric_name=roc_auc val_metric=0.4370
Step   50 | loss 0.4512 | val_acc=0.7822 val_roc_auc=0.7747 val_loss=0.4488 val_metric_name=roc_auc val_metric=0.7747
Step  100 | loss 0.4277 | val_acc=0.7918 val_roc_auc=0.8012 val_loss=0.4210 val_metric_name=roc_auc val_metric=0.8012
Step  150 | loss 0.4110 | val_acc=0.7996 val_roc_auc=0.8253 val_loss=0.4034 val_metric_name=roc_auc val_metric=0.8253
Step  200 | loss 0.3998 | val_acc=0.7945 val_roc_auc=0.8273 val_loss=0.4017 val_metric_name=roc_auc val_metric=0.8273
Step  250 | loss 0.3863 | val_acc=0.7771 val_roc_auc=0.8251 val_loss=0.4266 val_metric_name=roc_auc val_metric=0.8251
Step  300 | loss 0.3794 | val_acc=0.7241 val_roc_auc=0.8179 val_loss=0.5054 val_metric_name=roc_auc val_metric=0.8179
Step  350 | loss 0.3706 | val_acc=0.7057 val_roc_auc=0.8156 val_loss=0.5550 val_metric_name=roc_auc val_metric=0.8156
Step  400 | loss 0.3656 | val_acc=0.6883 val_roc_auc=0.8087 val_loss=0.5963 val_metric_name=roc_auc val_metric=0.8087
Step  450 | loss 0.3591 | val_acc=0.6856 val_roc_auc=0.8091 val_loss=0.5961 val_metric_name=roc_auc val_metric=0.8091
Step  500 | loss 0.3543 | val_acc=0.6958 val_roc_auc=0.8101 val_loss=0.5723 val_metric_name=roc_auc val_metric=0.8101
Early stopping at step 517

--- Final (best ckpt @ step 200) ---
  train_acc=0.8015 train_roc_auc=0.8243 train_loss=0.4025 train_metric_name=roc_auc train_metric=0.8243
  val_acc=0.7945 val_roc_auc=0.8273 val_loss=0.4017 val_metric_name=roc_auc val_metric=0.8273
  test_acc=0.8058 test_roc_auc=0.8215 test_loss=0.4031 test_metric_name=roc_auc test_metric=0.8215
  test_roc_auc=0.8215
  >> num_layers=4 hidden_dim=512 lr=3e-05 best_step=200 val_roc_auc=0.8273 test_roc_auc=0.8215
     val_acc=0.7945 val_loss=0.4017 val_metric=0.8273 val_metric_name=roc_auc val_roc_auc=0.8273
     test_acc=0.8058 test_loss=0.4031 test_metric=0.8215 test_metric_name=roc_auc test_roc_auc=0.8215
  >> selected best (by val): num_layers=4 hidden_dim=512 lr=3e-05 val_roc_auc=0.8273 test_roc_auc=0.8215
     val_acc=0.7945 val_loss=0.4017 val_metric=0.8273 val_metric_name=roc_auc val_roc_auc=0.8273
     test_acc=0.8058 test_loss=0.4031 test_metric=0.8215 test_metric_name=roc_auc test_roc_auc=0.8215

Done. Results saved to /home/avshmelev/diploma_yandex_graphs/results3/tolokers/base.csv, checkpoints in /home/avshmelev/diploma_yandex_graphs/all_checkpoints3/tolokers/base/
