Loading data...

============================================================
Training tolokers ResNet 2L h=512 lr=3e-05 split=8
============================================================
Training for 20000 steps
Step    1 | loss 0.7162 | val_acc=0.7499 val_roc_auc=0.6183 val_loss=0.5765 val_metric_name=roc_auc val_metric=0.6183
Step   50 | loss 0.4768 | val_acc=0.7856 val_roc_auc=0.7109 val_loss=0.4725 val_metric_name=roc_auc val_metric=0.7109
Step  100 | loss 0.4643 | val_acc=0.7819 val_roc_auc=0.7243 val_loss=0.4636 val_metric_name=roc_auc val_metric=0.7243
Step  150 | loss 0.4626 | val_acc=0.7822 val_roc_auc=0.7297 val_loss=0.4572 val_metric_name=roc_auc val_metric=0.7297
Step  200 | loss 0.4578 | val_acc=0.7822 val_roc_auc=0.7307 val_loss=0.4544 val_metric_name=roc_auc val_metric=0.7307
Step  250 | loss 0.4593 | val_acc=0.7829 val_roc_auc=0.7315 val_loss=0.4529 val_metric_name=roc_auc val_metric=0.7315
Step  300 | loss 0.4568 | val_acc=0.7833 val_roc_auc=0.7314 val_loss=0.4519 val_metric_name=roc_auc val_metric=0.7314
Step  350 | loss 0.4557 | val_acc=0.7836 val_roc_auc=0.7327 val_loss=0.4508 val_metric_name=roc_auc val_metric=0.7327
Step  400 | loss 0.4538 | val_acc=0.7836 val_roc_auc=0.7326 val_loss=0.4501 val_metric_name=roc_auc val_metric=0.7326
Step  450 | loss 0.4526 | val_acc=0.7829 val_roc_auc=0.7332 val_loss=0.4493 val_metric_name=roc_auc val_metric=0.7332
Step  500 | loss 0.4517 | val_acc=0.7829 val_roc_auc=0.7343 val_loss=0.4494 val_metric_name=roc_auc val_metric=0.7343
Step  550 | loss 0.4503 | val_acc=0.7829 val_roc_auc=0.7345 val_loss=0.4489 val_metric_name=roc_auc val_metric=0.7345
Step  600 | loss 0.4497 | val_acc=0.7829 val_roc_auc=0.7359 val_loss=0.4489 val_metric_name=roc_auc val_metric=0.7359
Step  650 | loss 0.4481 | val_acc=0.7833 val_roc_auc=0.7369 val_loss=0.4491 val_metric_name=roc_auc val_metric=0.7369
Step  700 | loss 0.4492 | val_acc=0.7829 val_roc_auc=0.7369 val_loss=0.4487 val_metric_name=roc_auc val_metric=0.7369
Step  750 | loss 0.4485 | val_acc=0.7833 val_roc_auc=0.7375 val_loss=0.4487 val_metric_name=roc_auc val_metric=0.7375
Step  800 | loss 0.4496 | val_acc=0.7829 val_roc_auc=0.7388 val_loss=0.4485 val_metric_name=roc_auc val_metric=0.7388
Step  850 | loss 0.4494 | val_acc=0.7836 val_roc_auc=0.7388 val_loss=0.4483 val_metric_name=roc_auc val_metric=0.7388
Step  900 | loss 0.4497 | val_acc=0.7829 val_roc_auc=0.7388 val_loss=0.4481 val_metric_name=roc_auc val_metric=0.7388
Step  950 | loss 0.4450 | val_acc=0.7833 val_roc_auc=0.7385 val_loss=0.4485 val_metric_name=roc_auc val_metric=0.7385
Step 1000 | loss 0.4478 | val_acc=0.7836 val_roc_auc=0.7382 val_loss=0.4488 val_metric_name=roc_auc val_metric=0.7382
Step 1050 | loss 0.4464 | val_acc=0.7836 val_roc_auc=0.7383 val_loss=0.4488 val_metric_name=roc_auc val_metric=0.7383
Step 1100 | loss 0.4458 | val_acc=0.7839 val_roc_auc=0.7389 val_loss=0.4488 val_metric_name=roc_auc val_metric=0.7389
Step 1150 | loss 0.4434 | val_acc=0.7836 val_roc_auc=0.7393 val_loss=0.4490 val_metric_name=roc_auc val_metric=0.7393
Step 1200 | loss 0.4448 | val_acc=0.7836 val_roc_auc=0.7390 val_loss=0.4499 val_metric_name=roc_auc val_metric=0.7390
Step 1250 | loss 0.4450 | val_acc=0.7829 val_roc_auc=0.7392 val_loss=0.4493 val_metric_name=roc_auc val_metric=0.7392
Step 1300 | loss 0.4452 | val_acc=0.7829 val_roc_auc=0.7390 val_loss=0.4504 val_metric_name=roc_auc val_metric=0.7390
Step 1350 | loss 0.4446 | val_acc=0.7829 val_roc_auc=0.7394 val_loss=0.4506 val_metric_name=roc_auc val_metric=0.7394
Step 1400 | loss 0.4444 | val_acc=0.7829 val_roc_auc=0.7395 val_loss=0.4511 val_metric_name=roc_auc val_metric=0.7395
Step 1450 | loss 0.4457 | val_acc=0.7829 val_roc_auc=0.7391 val_loss=0.4519 val_metric_name=roc_auc val_metric=0.7391
Step 1500 | loss 0.4435 | val_acc=0.7829 val_roc_auc=0.7393 val_loss=0.4521 val_metric_name=roc_auc val_metric=0.7393
Step 1550 | loss 0.4425 | val_acc=0.7833 val_roc_auc=0.7395 val_loss=0.4531 val_metric_name=roc_auc val_metric=0.7395
Step 1600 | loss 0.4435 | val_acc=0.7829 val_roc_auc=0.7395 val_loss=0.4538 val_metric_name=roc_auc val_metric=0.7395
Step 1650 | loss 0.4439 | val_acc=0.7829 val_roc_auc=0.7394 val_loss=0.4544 val_metric_name=roc_auc val_metric=0.7394
Step 1700 | loss 0.4445 | val_acc=0.7836 val_roc_auc=0.7399 val_loss=0.4547 val_metric_name=roc_auc val_metric=0.7399
Step 1750 | loss 0.4401 | val_acc=0.7836 val_roc_auc=0.7395 val_loss=0.4555 val_metric_name=roc_auc val_metric=0.7395
Step 1800 | loss 0.4411 | val_acc=0.7836 val_roc_auc=0.7403 val_loss=0.4548 val_metric_name=roc_auc val_metric=0.7403
Step 1850 | loss 0.4417 | val_acc=0.7833 val_roc_auc=0.7413 val_loss=0.4558 val_metric_name=roc_auc val_metric=0.7413
Step 1900 | loss 0.4415 | val_acc=0.7829 val_roc_auc=0.7418 val_loss=0.4557 val_metric_name=roc_auc val_metric=0.7418
Step 1950 | loss 0.4399 | val_acc=0.7843 val_roc_auc=0.7425 val_loss=0.4565 val_metric_name=roc_auc val_metric=0.7425
Step 2000 | loss 0.4406 | val_acc=0.7839 val_roc_auc=0.7427 val_loss=0.4566 val_metric_name=roc_auc val_metric=0.7427
Step 2050 | loss 0.4395 | val_acc=0.7850 val_roc_auc=0.7427 val_loss=0.4567 val_metric_name=roc_auc val_metric=0.7427
Step 2100 | loss 0.4407 | val_acc=0.7839 val_roc_auc=0.7435 val_loss=0.4568 val_metric_name=roc_auc val_metric=0.7435
Step 2150 | loss 0.4399 | val_acc=0.7836 val_roc_auc=0.7443 val_loss=0.4566 val_metric_name=roc_auc val_metric=0.7443
Step 2200 | loss 0.4382 | val_acc=0.7819 val_roc_auc=0.7439 val_loss=0.4576 val_metric_name=roc_auc val_metric=0.7439
Step 2250 | loss 0.4370 | val_acc=0.7833 val_roc_auc=0.7456 val_loss=0.4577 val_metric_name=roc_auc val_metric=0.7456
Step 2300 | loss 0.4388 | val_acc=0.7826 val_roc_auc=0.7456 val_loss=0.4566 val_metric_name=roc_auc val_metric=0.7456
Step 2350 | loss 0.4378 | val_acc=0.7826 val_roc_auc=0.7460 val_loss=0.4578 val_metric_name=roc_auc val_metric=0.7460
Step 2400 | loss 0.4377 | val_acc=0.7833 val_roc_auc=0.7465 val_loss=0.4574 val_metric_name=roc_auc val_metric=0.7465
Step 2450 | loss 0.4382 | val_acc=0.7833 val_roc_auc=0.7470 val_loss=0.4564 val_metric_name=roc_auc val_metric=0.7470
Step 2500 | loss 0.4397 | val_acc=0.7833 val_roc_auc=0.7471 val_loss=0.4564 val_metric_name=roc_auc val_metric=0.7471
Step 2550 | loss 0.4365 | val_acc=0.7826 val_roc_auc=0.7483 val_loss=0.4558 val_metric_name=roc_auc val_metric=0.7483
Step 2600 | loss 0.4363 | val_acc=0.7819 val_roc_auc=0.7482 val_loss=0.4557 val_metric_name=roc_auc val_metric=0.7482
Step 2650 | loss 0.4364 | val_acc=0.7836 val_roc_auc=0.7487 val_loss=0.4556 val_metric_name=roc_auc val_metric=0.7487
Step 2700 | loss 0.4369 | val_acc=0.7836 val_roc_auc=0.7493 val_loss=0.4558 val_metric_name=roc_auc val_metric=0.7493
Step 2750 | loss 0.4376 | val_acc=0.7833 val_roc_auc=0.7489 val_loss=0.4561 val_metric_name=roc_auc val_metric=0.7489
Step 2800 | loss 0.4371 | val_acc=0.7833 val_roc_auc=0.7498 val_loss=0.4561 val_metric_name=roc_auc val_metric=0.7498
Step 2850 | loss 0.4372 | val_acc=0.7826 val_roc_auc=0.7500 val_loss=0.4553 val_metric_name=roc_auc val_metric=0.7500
Step 2900 | loss 0.4359 | val_acc=0.7829 val_roc_auc=0.7496 val_loss=0.4563 val_metric_name=roc_auc val_metric=0.7496
Step 2950 | loss 0.4343 | val_acc=0.7829 val_roc_auc=0.7497 val_loss=0.4559 val_metric_name=roc_auc val_metric=0.7497
Step 3000 | loss 0.4358 | val_acc=0.7829 val_roc_auc=0.7496 val_loss=0.4561 val_metric_name=roc_auc val_metric=0.7496
Step 3050 | loss 0.4371 | val_acc=0.7826 val_roc_auc=0.7495 val_loss=0.4562 val_metric_name=roc_auc val_metric=0.7495
Step 3100 | loss 0.4365 | val_acc=0.7829 val_roc_auc=0.7494 val_loss=0.4564 val_metric_name=roc_auc val_metric=0.7494
Step 3150 | loss 0.4336 | val_acc=0.7819 val_roc_auc=0.7501 val_loss=0.4564 val_metric_name=roc_auc val_metric=0.7501
Step 3200 | loss 0.4366 | val_acc=0.7826 val_roc_auc=0.7502 val_loss=0.4564 val_metric_name=roc_auc val_metric=0.7502
Step 3250 | loss 0.4358 | val_acc=0.7829 val_roc_auc=0.7497 val_loss=0.4567 val_metric_name=roc_auc val_metric=0.7497
Step 3300 | loss 0.4343 | val_acc=0.7822 val_roc_auc=0.7503 val_loss=0.4564 val_metric_name=roc_auc val_metric=0.7503
Step 3350 | loss 0.4350 | val_acc=0.7816 val_roc_auc=0.7498 val_loss=0.4567 val_metric_name=roc_auc val_metric=0.7498
Early stopping at step 3380

--- Final (best ckpt @ step 3080) ---
  train_acc=0.7867 train_roc_auc=0.7699 train_loss=0.4336 train_metric_name=roc_auc train_metric=0.7699
  val_acc=0.7822 val_roc_auc=0.7509 val_loss=0.4557 val_metric_name=roc_auc val_metric=0.7509
  test_acc=0.7755 test_roc_auc=0.7264 test_loss=0.4692 test_metric_name=roc_auc test_metric=0.7264
  test_roc_auc=0.7264
  >> num_layers=2 hidden_dim=512 lr=3e-05 best_step=3080 val_roc_auc=0.7509 test_roc_auc=0.7264
     val_acc=0.7822 val_loss=0.4557 val_metric=0.7509 val_metric_name=roc_auc val_roc_auc=0.7509
     test_acc=0.7755 test_loss=0.4692 test_metric=0.7264 test_metric_name=roc_auc test_roc_auc=0.7264
  >> selected best (by val): num_layers=2 hidden_dim=512 lr=3e-05 val_roc_auc=0.7509 test_roc_auc=0.7264
     val_acc=0.7822 val_loss=0.4557 val_metric=0.7509 val_metric_name=roc_auc val_roc_auc=0.7509
     test_acc=0.7755 test_loss=0.4692 test_metric=0.7264 test_metric_name=roc_auc test_roc_auc=0.7264

Done. Results saved to /home/avshmelev/diploma_yandex_graphs/results3/tolokers/base.csv, checkpoints in /home/avshmelev/diploma_yandex_graphs/all_checkpoints3/tolokers/base/
