Loading data...

============================================================
Training tolokers ResNet 2L h=512 lr=3e-05 split=2
============================================================
Training for 20000 steps
Step    1 | loss 0.6218 | val_acc=0.7819 val_roc_auc=0.6178 val_loss=0.5241 val_metric_name=roc_auc val_metric=0.6178
Step   50 | loss 0.4771 | val_acc=0.7819 val_roc_auc=0.7211 val_loss=0.4753 val_metric_name=roc_auc val_metric=0.7211
Step  100 | loss 0.4667 | val_acc=0.7819 val_roc_auc=0.7301 val_loss=0.4633 val_metric_name=roc_auc val_metric=0.7301
Step  150 | loss 0.4661 | val_acc=0.7819 val_roc_auc=0.7305 val_loss=0.4615 val_metric_name=roc_auc val_metric=0.7305
Step  200 | loss 0.4605 | val_acc=0.7826 val_roc_auc=0.7301 val_loss=0.4622 val_metric_name=roc_auc val_metric=0.7301
Step  250 | loss 0.4581 | val_acc=0.7812 val_roc_auc=0.7298 val_loss=0.4628 val_metric_name=roc_auc val_metric=0.7298
Step  300 | loss 0.4553 | val_acc=0.7812 val_roc_auc=0.7294 val_loss=0.4634 val_metric_name=roc_auc val_metric=0.7294
Step  350 | loss 0.4552 | val_acc=0.7812 val_roc_auc=0.7293 val_loss=0.4637 val_metric_name=roc_auc val_metric=0.7293
Step  400 | loss 0.4525 | val_acc=0.7812 val_roc_auc=0.7306 val_loss=0.4636 val_metric_name=roc_auc val_metric=0.7306
Step  450 | loss 0.4540 | val_acc=0.7812 val_roc_auc=0.7305 val_loss=0.4638 val_metric_name=roc_auc val_metric=0.7305
Step  500 | loss 0.4522 | val_acc=0.7809 val_roc_auc=0.7307 val_loss=0.4638 val_metric_name=roc_auc val_metric=0.7307
Step  550 | loss 0.4529 | val_acc=0.7812 val_roc_auc=0.7311 val_loss=0.4639 val_metric_name=roc_auc val_metric=0.7311
Step  600 | loss 0.4526 | val_acc=0.7809 val_roc_auc=0.7310 val_loss=0.4631 val_metric_name=roc_auc val_metric=0.7310
Step  650 | loss 0.4519 | val_acc=0.7809 val_roc_auc=0.7312 val_loss=0.4626 val_metric_name=roc_auc val_metric=0.7312
Step  700 | loss 0.4506 | val_acc=0.7812 val_roc_auc=0.7306 val_loss=0.4621 val_metric_name=roc_auc val_metric=0.7306
Step  750 | loss 0.4510 | val_acc=0.7812 val_roc_auc=0.7310 val_loss=0.4623 val_metric_name=roc_auc val_metric=0.7310
Step  800 | loss 0.4477 | val_acc=0.7812 val_roc_auc=0.7316 val_loss=0.4620 val_metric_name=roc_auc val_metric=0.7316
Step  850 | loss 0.4475 | val_acc=0.7816 val_roc_auc=0.7306 val_loss=0.4618 val_metric_name=roc_auc val_metric=0.7306
Step  900 | loss 0.4491 | val_acc=0.7816 val_roc_auc=0.7310 val_loss=0.4615 val_metric_name=roc_auc val_metric=0.7310
Step  950 | loss 0.4512 | val_acc=0.7816 val_roc_auc=0.7315 val_loss=0.4616 val_metric_name=roc_auc val_metric=0.7315
Step 1000 | loss 0.4492 | val_acc=0.7816 val_roc_auc=0.7309 val_loss=0.4618 val_metric_name=roc_auc val_metric=0.7309
Step 1050 | loss 0.4468 | val_acc=0.7812 val_roc_auc=0.7308 val_loss=0.4616 val_metric_name=roc_auc val_metric=0.7308
Step 1100 | loss 0.4465 | val_acc=0.7816 val_roc_auc=0.7310 val_loss=0.4617 val_metric_name=roc_auc val_metric=0.7310
Step 1150 | loss 0.4454 | val_acc=0.7812 val_roc_auc=0.7309 val_loss=0.4618 val_metric_name=roc_auc val_metric=0.7309
Early stopping at step 1168

--- Final (best ckpt @ step 780) ---
  train_acc=0.7826 train_roc_auc=0.7461 train_loss=0.4473 train_metric_name=roc_auc train_metric=0.7461
  val_acc=0.7812 val_roc_auc=0.7317 val_loss=0.4618 val_metric_name=roc_auc val_metric=0.7317
  test_acc=0.7840 test_roc_auc=0.7424 test_loss=0.4414 test_metric_name=roc_auc test_metric=0.7424
  test_roc_auc=0.7424
  >> num_layers=2 hidden_dim=512 lr=3e-05 best_step=780 val_roc_auc=0.7317 test_roc_auc=0.7424
     val_acc=0.7812 val_loss=0.4618 val_metric=0.7317 val_metric_name=roc_auc val_roc_auc=0.7317
     test_acc=0.7840 test_loss=0.4414 test_metric=0.7424 test_metric_name=roc_auc test_roc_auc=0.7424
  >> selected best (by val): num_layers=2 hidden_dim=512 lr=3e-05 val_roc_auc=0.7317 test_roc_auc=0.7424
     val_acc=0.7812 val_loss=0.4618 val_metric=0.7317 val_metric_name=roc_auc val_roc_auc=0.7317
     test_acc=0.7840 test_loss=0.4414 test_metric=0.7424 test_metric_name=roc_auc test_roc_auc=0.7424

Done. Results saved to /home/avshmelev/diploma_yandex_graphs/results3/tolokers/base.csv, checkpoints in /home/avshmelev/diploma_yandex_graphs/all_checkpoints3/tolokers/base/
