
============================================================
Training init=xavier_all roman-empire SAGE L=5 h=512 lr=3e-05 split=0
============================================================
Step    1 | loss 2.8950 | val_acc=0.1802 val_loss=2.8593 val_f1_macro=0.0855 val_f1_weighted=0.1712 val_prec_macro=0.1301 val_rec_macro=0.1016 val_metric_name=acc val_metric=0.1802
Step  100 | loss 2.1120 | val_acc=0.5583 val_loss=1.9729 val_f1_macro=0.2631 val_f1_weighted=0.4687 val_prec_macro=0.3390 val_rec_macro=0.2987 val_metric_name=acc val_metric=0.5583
Step  200 | loss 1.7553 | val_acc=0.6544 val_loss=1.6262 val_f1_macro=0.4015 val_f1_weighted=0.5925 val_prec_macro=0.5393 val_rec_macro=0.4096 val_metric_name=acc val_metric=0.6544
Step  300 | loss 1.4841 | val_acc=0.7315 val_loss=1.3754 val_f1_macro=0.5567 val_f1_weighted=0.6890 val_prec_macro=0.6070 val_rec_macro=0.5645 val_metric_name=acc val_metric=0.7315
Step  400 | loss 1.2599 | val_acc=0.7592 val_loss=1.1874 val_f1_macro=0.6057 val_f1_weighted=0.7264 val_prec_macro=0.6491 val_rec_macro=0.6142 val_metric_name=acc val_metric=0.7592
Step  500 | loss 1.0683 | val_acc=0.7802 val_loss=1.0414 val_f1_macro=0.6407 val_f1_weighted=0.7553 val_prec_macro=0.6483 val_rec_macro=0.6502 val_metric_name=acc val_metric=0.7802
Step  600 | loss 0.9026 | val_acc=0.7908 val_loss=0.9281 val_f1_macro=0.6595 val_f1_weighted=0.7699 val_prec_macro=0.6721 val_rec_macro=0.6714 val_metric_name=acc val_metric=0.7908
Step  700 | loss 0.7625 | val_acc=0.8060 val_loss=0.8397 val_f1_macro=0.6862 val_f1_weighted=0.7897 val_prec_macro=0.6993 val_rec_macro=0.6958 val_metric_name=acc val_metric=0.8060
Step  800 | loss 0.6399 | val_acc=0.8127 val_loss=0.7742 val_f1_macro=0.6991 val_f1_weighted=0.7981 val_prec_macro=0.7067 val_rec_macro=0.7060 val_metric_name=acc val_metric=0.8127
Step  900 | loss 0.5449 | val_acc=0.8166 val_loss=0.7226 val_f1_macro=0.7062 val_f1_weighted=0.8027 val_prec_macro=0.7114 val_rec_macro=0.7117 val_metric_name=acc val_metric=0.8166
Step 1000 | loss 0.4592 | val_acc=0.8265 val_loss=0.6772 val_f1_macro=0.7382 val_f1_weighted=0.8165 val_prec_macro=0.8046 val_rec_macro=0.7331 val_metric_name=acc val_metric=0.8265
Step 1100 | loss 0.3869 | val_acc=0.8350 val_loss=0.6421 val_f1_macro=0.7739 val_f1_weighted=0.8287 val_prec_macro=0.8193 val_rec_macro=0.7599 val_metric_name=acc val_metric=0.8350
Step 1200 | loss 0.3240 | val_acc=0.8410 val_loss=0.6142 val_f1_macro=0.7926 val_f1_weighted=0.8363 val_prec_macro=0.8240 val_rec_macro=0.7787 val_metric_name=acc val_metric=0.8410
Step 1300 | loss 0.2674 | val_acc=0.8471 val_loss=0.5956 val_f1_macro=0.8034 val_f1_weighted=0.8430 val_prec_macro=0.8302 val_rec_macro=0.7892 val_metric_name=acc val_metric=0.8471
Step 1400 | loss 0.2293 | val_acc=0.8531 val_loss=0.5801 val_f1_macro=0.8162 val_f1_weighted=0.8494 val_prec_macro=0.8376 val_rec_macro=0.8033 val_metric_name=acc val_metric=0.8531
Step 1500 | loss 0.2017 | val_acc=0.8554 val_loss=0.5707 val_f1_macro=0.8194 val_f1_weighted=0.8518 val_prec_macro=0.8388 val_rec_macro=0.8075 val_metric_name=acc val_metric=0.8554
Step 1600 | loss 0.1702 | val_acc=0.8588 val_loss=0.5635 val_f1_macro=0.8269 val_f1_weighted=0.8556 val_prec_macro=0.8401 val_rec_macro=0.8181 val_metric_name=acc val_metric=0.8588
Step 1700 | loss 0.1495 | val_acc=0.8616 val_loss=0.5589 val_f1_macro=0.8306 val_f1_weighted=0.8585 val_prec_macro=0.8429 val_rec_macro=0.8226 val_metric_name=acc val_metric=0.8616
Step 1800 | loss 0.1298 | val_acc=0.8621 val_loss=0.5566 val_f1_macro=0.8334 val_f1_weighted=0.8591 val_prec_macro=0.8480 val_rec_macro=0.8233 val_metric_name=acc val_metric=0.8621
Step 1900 | loss 0.1141 | val_acc=0.8630 val_loss=0.5555 val_f1_macro=0.8345 val_f1_weighted=0.8602 val_prec_macro=0.8478 val_rec_macro=0.8257 val_metric_name=acc val_metric=0.8630
Step 2000 | loss 0.1052 | val_acc=0.8650 val_loss=0.5560 val_f1_macro=0.8361 val_f1_weighted=0.8621 val_prec_macro=0.8491 val_rec_macro=0.8272 val_metric_name=acc val_metric=0.8650
Step 2100 | loss 0.0935 | val_acc=0.8655 val_loss=0.5544 val_f1_macro=0.8377 val_f1_weighted=0.8629 val_prec_macro=0.8473 val_rec_macro=0.8308 val_metric_name=acc val_metric=0.8655
Step 2200 | loss 0.0828 | val_acc=0.8657 val_loss=0.5572 val_f1_macro=0.8385 val_f1_weighted=0.8630 val_prec_macro=0.8495 val_rec_macro=0.8308 val_metric_name=acc val_metric=0.8657
Step 2300 | loss 0.0771 | val_acc=0.8669 val_loss=0.5596 val_f1_macro=0.8406 val_f1_weighted=0.8643 val_prec_macro=0.8520 val_rec_macro=0.8325 val_metric_name=acc val_metric=0.8669
Step 2400 | loss 0.0679 | val_acc=0.8673 val_loss=0.5611 val_f1_macro=0.8398 val_f1_weighted=0.8645 val_prec_macro=0.8511 val_rec_macro=0.8321 val_metric_name=acc val_metric=0.8673
Step 2500 | loss 0.0609 | val_acc=0.8681 val_loss=0.5655 val_f1_macro=0.8408 val_f1_weighted=0.8654 val_prec_macro=0.8520 val_rec_macro=0.8331 val_metric_name=acc val_metric=0.8681
Step 2600 | loss 0.0566 | val_acc=0.8687 val_loss=0.5670 val_f1_macro=0.8415 val_f1_weighted=0.8656 val_prec_macro=0.8545 val_rec_macro=0.8325 val_metric_name=acc val_metric=0.8687
Step 2700 | loss 0.0511 | val_acc=0.8699 val_loss=0.5694 val_f1_macro=0.8437 val_f1_weighted=0.8674 val_prec_macro=0.8547 val_rec_macro=0.8358 val_metric_name=acc val_metric=0.8699
Step 2800 | loss 0.0469 | val_acc=0.8715 val_loss=0.5719 val_f1_macro=0.8440 val_f1_weighted=0.8688 val_prec_macro=0.8558 val_rec_macro=0.8357 val_metric_name=acc val_metric=0.8715
Step 2900 | loss 0.0461 | val_acc=0.8710 val_loss=0.5775 val_f1_macro=0.8443 val_f1_weighted=0.8683 val_prec_macro=0.8571 val_rec_macro=0.8352 val_metric_name=acc val_metric=0.8710
Step 3000 | loss 0.0400 | val_acc=0.8710 val_loss=0.5815 val_f1_macro=0.8422 val_f1_weighted=0.8681 val_prec_macro=0.8539 val_rec_macro=0.8343 val_metric_name=acc val_metric=0.8710
Step 3100 | loss 0.0372 | val_acc=0.8718 val_loss=0.5842 val_f1_macro=0.8448 val_f1_weighted=0.8692 val_prec_macro=0.8567 val_rec_macro=0.8365 val_metric_name=acc val_metric=0.8718
Step 3200 | loss 0.0341 | val_acc=0.8711 val_loss=0.5867 val_f1_macro=0.8433 val_f1_weighted=0.8685 val_prec_macro=0.8547 val_rec_macro=0.8355 val_metric_name=acc val_metric=0.8711
Step 3300 | loss 0.0322 | val_acc=0.8724 val_loss=0.5919 val_f1_macro=0.8450 val_f1_weighted=0.8699 val_prec_macro=0.8576 val_rec_macro=0.8360 val_metric_name=acc val_metric=0.8724
Step 3400 | loss 0.0296 | val_acc=0.8738 val_loss=0.5932 val_f1_macro=0.8467 val_f1_weighted=0.8711 val_prec_macro=0.8579 val_rec_macro=0.8390 val_metric_name=acc val_metric=0.8738
Step 3500 | loss 0.0264 | val_acc=0.8740 val_loss=0.5944 val_f1_macro=0.8462 val_f1_weighted=0.8712 val_prec_macro=0.8560 val_rec_macro=0.8399 val_metric_name=acc val_metric=0.8740
Step 3600 | loss 0.0249 | val_acc=0.8747 val_loss=0.5985 val_f1_macro=0.8481 val_f1_weighted=0.8721 val_prec_macro=0.8593 val_rec_macro=0.8405 val_metric_name=acc val_metric=0.8747
Step 3700 | loss 0.0235 | val_acc=0.8743 val_loss=0.6017 val_f1_macro=0.8474 val_f1_weighted=0.8717 val_prec_macro=0.8594 val_rec_macro=0.8392 val_metric_name=acc val_metric=0.8743
Step 3800 | loss 0.0215 | val_acc=0.8750 val_loss=0.6055 val_f1_macro=0.8475 val_f1_weighted=0.8724 val_prec_macro=0.8586 val_rec_macro=0.8401 val_metric_name=acc val_metric=0.8750
Step 3900 | loss 0.0189 | val_acc=0.8747 val_loss=0.6088 val_f1_macro=0.8482 val_f1_weighted=0.8722 val_prec_macro=0.8594 val_rec_macro=0.8405 val_metric_name=acc val_metric=0.8747
Step 4000 | loss 0.0199 | val_acc=0.8750 val_loss=0.6116 val_f1_macro=0.8487 val_f1_weighted=0.8725 val_prec_macro=0.8598 val_rec_macro=0.8413 val_metric_name=acc val_metric=0.8750
Early stopping at step 4040
  >> test_acc=0.8727 test_f1_macro=0.8385 test_f1_weighted=0.8705 test_loss=0.6020 test_metric=0.8727 test_metric_name=acc test_prec_macro=0.8434 test_rec_macro=0.8357

============================================================
Training init=xavier_all roman-empire SAGE L=5 h=512 lr=3e-05 split=1
============================================================
Step    1 | loss 2.8959 | val_acc=0.1723 val_loss=2.8578 val_f1_macro=0.0483 val_f1_weighted=0.0880 val_prec_macro=0.0797 val_rec_macro=0.0894 val_metric_name=acc val_metric=0.1723
Step  100 | loss 2.1077 | val_acc=0.5675 val_loss=1.9618 val_f1_macro=0.2652 val_f1_weighted=0.4761 val_prec_macro=0.2769 val_rec_macro=0.3034 val_metric_name=acc val_metric=0.5675
Step  200 | loss 1.7548 | val_acc=0.6553 val_loss=1.6133 val_f1_macro=0.4067 val_f1_weighted=0.5929 val_prec_macro=0.5342 val_rec_macro=0.4143 val_metric_name=acc val_metric=0.6553
Step  300 | loss 1.4880 | val_acc=0.7347 val_loss=1.3664 val_f1_macro=0.5623 val_f1_weighted=0.6915 val_prec_macro=0.5961 val_rec_macro=0.5764 val_metric_name=acc val_metric=0.7347
Step  400 | loss 1.2670 | val_acc=0.7578 val_loss=1.1796 val_f1_macro=0.5964 val_f1_weighted=0.7202 val_prec_macro=0.6009 val_rec_macro=0.6142 val_metric_name=acc val_metric=0.7578
Step  500 | loss 1.0760 | val_acc=0.7772 val_loss=1.0308 val_f1_macro=0.6325 val_f1_weighted=0.7493 val_prec_macro=0.6428 val_rec_macro=0.6474 val_metric_name=acc val_metric=0.7772
Step  600 | loss 0.9111 | val_acc=0.7979 val_loss=0.9139 val_f1_macro=0.6641 val_f1_weighted=0.7761 val_prec_macro=0.7149 val_rec_macro=0.6772 val_metric_name=acc val_metric=0.7979
Step  700 | loss 0.7691 | val_acc=0.8129 val_loss=0.8224 val_f1_macro=0.6877 val_f1_weighted=0.7945 val_prec_macro=0.7121 val_rec_macro=0.6993 val_metric_name=acc val_metric=0.8129
Step  800 | loss 0.6483 | val_acc=0.8184 val_loss=0.7522 val_f1_macro=0.6967 val_f1_weighted=0.8015 val_prec_macro=0.7115 val_rec_macro=0.7077 val_metric_name=acc val_metric=0.8184
Step  900 | loss 0.5494 | val_acc=0.8263 val_loss=0.6941 val_f1_macro=0.7079 val_f1_weighted=0.8107 val_prec_macro=0.7181 val_rec_macro=0.7180 val_metric_name=acc val_metric=0.8263
Step 1000 | loss 0.4626 | val_acc=0.8355 val_loss=0.6479 val_f1_macro=0.7420 val_f1_weighted=0.8244 val_prec_macro=0.8376 val_rec_macro=0.7395 val_metric_name=acc val_metric=0.8355
Step 1100 | loss 0.3885 | val_acc=0.8473 val_loss=0.6060 val_f1_macro=0.7842 val_f1_weighted=0.8414 val_prec_macro=0.8372 val_rec_macro=0.7722 val_metric_name=acc val_metric=0.8473
Step 1200 | loss 0.3253 | val_acc=0.8554 val_loss=0.5779 val_f1_macro=0.8088 val_f1_weighted=0.8513 val_prec_macro=0.8429 val_rec_macro=0.7956 val_metric_name=acc val_metric=0.8554
Step 1300 | loss 0.2741 | val_acc=0.8607 val_loss=0.5537 val_f1_macro=0.8209 val_f1_weighted=0.8574 val_prec_macro=0.8475 val_rec_macro=0.8091 val_metric_name=acc val_metric=0.8607
Step 1400 | loss 0.2318 | val_acc=0.8651 val_loss=0.5378 val_f1_macro=0.8298 val_f1_weighted=0.8618 val_prec_macro=0.8506 val_rec_macro=0.8202 val_metric_name=acc val_metric=0.8651
Step 1500 | loss 0.1999 | val_acc=0.8676 val_loss=0.5264 val_f1_macro=0.8322 val_f1_weighted=0.8642 val_prec_macro=0.8524 val_rec_macro=0.8239 val_metric_name=acc val_metric=0.8676
Step 1600 | loss 0.1698 | val_acc=0.8708 val_loss=0.5171 val_f1_macro=0.8366 val_f1_weighted=0.8676 val_prec_macro=0.8542 val_rec_macro=0.8284 val_metric_name=acc val_metric=0.8708
Step 1700 | loss 0.1446 | val_acc=0.8718 val_loss=0.5141 val_f1_macro=0.8386 val_f1_weighted=0.8686 val_prec_macro=0.8541 val_rec_macro=0.8318 val_metric_name=acc val_metric=0.8718
Step 1800 | loss 0.1275 | val_acc=0.8743 val_loss=0.5087 val_f1_macro=0.8418 val_f1_weighted=0.8714 val_prec_macro=0.8568 val_rec_macro=0.8346 val_metric_name=acc val_metric=0.8743
Step 1900 | loss 0.1124 | val_acc=0.8736 val_loss=0.5081 val_f1_macro=0.8400 val_f1_weighted=0.8704 val_prec_macro=0.8542 val_rec_macro=0.8338 val_metric_name=acc val_metric=0.8736
Step 2000 | loss 0.1023 | val_acc=0.8726 val_loss=0.5098 val_f1_macro=0.8387 val_f1_weighted=0.8692 val_prec_macro=0.8516 val_rec_macro=0.8340 val_metric_name=acc val_metric=0.8726
Step 2100 | loss 0.0918 | val_acc=0.8757 val_loss=0.5097 val_f1_macro=0.8432 val_f1_weighted=0.8725 val_prec_macro=0.8558 val_rec_macro=0.8378 val_metric_name=acc val_metric=0.8757
Step 2200 | loss 0.0800 | val_acc=0.8775 val_loss=0.5100 val_f1_macro=0.8451 val_f1_weighted=0.8745 val_prec_macro=0.8561 val_rec_macro=0.8406 val_metric_name=acc val_metric=0.8775
Step 2300 | loss 0.0724 | val_acc=0.8775 val_loss=0.5110 val_f1_macro=0.8462 val_f1_weighted=0.8745 val_prec_macro=0.8572 val_rec_macro=0.8416 val_metric_name=acc val_metric=0.8775
Step 2400 | loss 0.0660 | val_acc=0.8782 val_loss=0.5141 val_f1_macro=0.8457 val_f1_weighted=0.8751 val_prec_macro=0.8583 val_rec_macro=0.8405 val_metric_name=acc val_metric=0.8782
Step 2500 | loss 0.0593 | val_acc=0.8800 val_loss=0.5165 val_f1_macro=0.8494 val_f1_weighted=0.8771 val_prec_macro=0.8616 val_rec_macro=0.8438 val_metric_name=acc val_metric=0.8800
Step 2600 | loss 0.0552 | val_acc=0.8789 val_loss=0.5184 val_f1_macro=0.8474 val_f1_weighted=0.8759 val_prec_macro=0.8579 val_rec_macro=0.8434 val_metric_name=acc val_metric=0.8789
Step 2700 | loss 0.0493 | val_acc=0.8794 val_loss=0.5180 val_f1_macro=0.8470 val_f1_weighted=0.8766 val_prec_macro=0.8579 val_rec_macro=0.8423 val_metric_name=acc val_metric=0.8794
Early stopping at step 2770
  >> test_acc=0.8758 test_f1_macro=0.8420 test_f1_weighted=0.8725 test_loss=0.5184 test_metric=0.8758 test_metric_name=acc test_prec_macro=0.8569 test_rec_macro=0.8330

============================================================
Training init=xavier_all roman-empire SAGE L=5 h=512 lr=3e-05 split=2
============================================================
Step    1 | loss 2.8951 | val_acc=0.1850 val_loss=2.8605 val_f1_macro=0.0756 val_f1_weighted=0.1092 val_prec_macro=0.0793 val_rec_macro=0.1104 val_metric_name=acc val_metric=0.1850
Step  100 | loss 2.1318 | val_acc=0.5582 val_loss=1.9886 val_f1_macro=0.2489 val_f1_weighted=0.4612 val_prec_macro=0.3144 val_rec_macro=0.2894 val_metric_name=acc val_metric=0.5582
Step  200 | loss 1.7740 | val_acc=0.6415 val_loss=1.6506 val_f1_macro=0.3835 val_f1_weighted=0.5754 val_prec_macro=0.5393 val_rec_macro=0.3949 val_metric_name=acc val_metric=0.6415
Step  300 | loss 1.5041 | val_acc=0.7273 val_loss=1.4029 val_f1_macro=0.5515 val_f1_weighted=0.6850 val_prec_macro=0.5851 val_rec_macro=0.5590 val_metric_name=acc val_metric=0.7273
Step  400 | loss 1.2729 | val_acc=0.7548 val_loss=1.2156 val_f1_macro=0.5974 val_f1_weighted=0.7206 val_prec_macro=0.6449 val_rec_macro=0.6074 val_metric_name=acc val_metric=0.7548
Step  500 | loss 1.0760 | val_acc=0.7735 val_loss=1.0725 val_f1_macro=0.6354 val_f1_weighted=0.7483 val_prec_macro=0.6734 val_rec_macro=0.6410 val_metric_name=acc val_metric=0.7735
Step  600 | loss 0.9086 | val_acc=0.7910 val_loss=0.9582 val_f1_macro=0.6589 val_f1_weighted=0.7702 val_prec_macro=0.6744 val_rec_macro=0.6663 val_metric_name=acc val_metric=0.7910
Step  700 | loss 0.7674 | val_acc=0.7996 val_loss=0.8700 val_f1_macro=0.6750 val_f1_weighted=0.7823 val_prec_macro=0.6913 val_rec_macro=0.6805 val_metric_name=acc val_metric=0.7996
Step  800 | loss 0.6494 | val_acc=0.8095 val_loss=0.8004 val_f1_macro=0.6908 val_f1_weighted=0.7942 val_prec_macro=0.6994 val_rec_macro=0.6943 val_metric_name=acc val_metric=0.8095
Step  900 | loss 0.5446 | val_acc=0.8143 val_loss=0.7460 val_f1_macro=0.6988 val_f1_weighted=0.8001 val_prec_macro=0.7041 val_rec_macro=0.7027 val_metric_name=acc val_metric=0.8143
Step 1000 | loss 0.4597 | val_acc=0.8215 val_loss=0.7013 val_f1_macro=0.7289 val_f1_weighted=0.8114 val_prec_macro=0.8126 val_rec_macro=0.7223 val_metric_name=acc val_metric=0.8215
Step 1100 | loss 0.3854 | val_acc=0.8284 val_loss=0.6652 val_f1_macro=0.7604 val_f1_weighted=0.8216 val_prec_macro=0.8168 val_rec_macro=0.7455 val_metric_name=acc val_metric=0.8284
Step 1200 | loss 0.3268 | val_acc=0.8380 val_loss=0.6344 val_f1_macro=0.7861 val_f1_weighted=0.8333 val_prec_macro=0.8214 val_rec_macro=0.7701 val_metric_name=acc val_metric=0.8380
Step 1300 | loss 0.2755 | val_acc=0.8411 val_loss=0.6165 val_f1_macro=0.7966 val_f1_weighted=0.8372 val_prec_macro=0.8232 val_rec_macro=0.7814 val_metric_name=acc val_metric=0.8411
Step 1400 | loss 0.2304 | val_acc=0.8441 val_loss=0.6003 val_f1_macro=0.8011 val_f1_weighted=0.8402 val_prec_macro=0.8220 val_rec_macro=0.7879 val_metric_name=acc val_metric=0.8441
Step 1500 | loss 0.1970 | val_acc=0.8496 val_loss=0.5887 val_f1_macro=0.8086 val_f1_weighted=0.8458 val_prec_macro=0.8274 val_rec_macro=0.7968 val_metric_name=acc val_metric=0.8496
Step 1600 | loss 0.1710 | val_acc=0.8510 val_loss=0.5811 val_f1_macro=0.8110 val_f1_weighted=0.8475 val_prec_macro=0.8296 val_rec_macro=0.7989 val_metric_name=acc val_metric=0.8510
Step 1700 | loss 0.1504 | val_acc=0.8538 val_loss=0.5759 val_f1_macro=0.8153 val_f1_weighted=0.8506 val_prec_macro=0.8295 val_rec_macro=0.8056 val_metric_name=acc val_metric=0.8538
Step 1800 | loss 0.1328 | val_acc=0.8549 val_loss=0.5753 val_f1_macro=0.8159 val_f1_weighted=0.8514 val_prec_macro=0.8305 val_rec_macro=0.8061 val_metric_name=acc val_metric=0.8549
Step 1900 | loss 0.1146 | val_acc=0.8551 val_loss=0.5727 val_f1_macro=0.8179 val_f1_weighted=0.8518 val_prec_macro=0.8328 val_rec_macro=0.8077 val_metric_name=acc val_metric=0.8551
Step 2000 | loss 0.1036 | val_acc=0.8565 val_loss=0.5730 val_f1_macro=0.8188 val_f1_weighted=0.8532 val_prec_macro=0.8326 val_rec_macro=0.8092 val_metric_name=acc val_metric=0.8565
Step 2100 | loss 0.0906 | val_acc=0.8568 val_loss=0.5756 val_f1_macro=0.8208 val_f1_weighted=0.8534 val_prec_macro=0.8348 val_rec_macro=0.8109 val_metric_name=acc val_metric=0.8568
Step 2200 | loss 0.0815 | val_acc=0.8586 val_loss=0.5745 val_f1_macro=0.8223 val_f1_weighted=0.8553 val_prec_macro=0.8350 val_rec_macro=0.8135 val_metric_name=acc val_metric=0.8586
Step 2300 | loss 0.0730 | val_acc=0.8609 val_loss=0.5768 val_f1_macro=0.8251 val_f1_weighted=0.8577 val_prec_macro=0.8379 val_rec_macro=0.8160 val_metric_name=acc val_metric=0.8609
Step 2400 | loss 0.0659 | val_acc=0.8604 val_loss=0.5819 val_f1_macro=0.8241 val_f1_weighted=0.8572 val_prec_macro=0.8374 val_rec_macro=0.8143 val_metric_name=acc val_metric=0.8604
Step 2500 | loss 0.0606 | val_acc=0.8621 val_loss=0.5814 val_f1_macro=0.8265 val_f1_weighted=0.8590 val_prec_macro=0.8397 val_rec_macro=0.8170 val_metric_name=acc val_metric=0.8621
Step 2600 | loss 0.0558 | val_acc=0.8630 val_loss=0.5853 val_f1_macro=0.8283 val_f1_weighted=0.8600 val_prec_macro=0.8404 val_rec_macro=0.8199 val_metric_name=acc val_metric=0.8630
Step 2700 | loss 0.0502 | val_acc=0.8635 val_loss=0.5856 val_f1_macro=0.8278 val_f1_weighted=0.8606 val_prec_macro=0.8387 val_rec_macro=0.8201 val_metric_name=acc val_metric=0.8635
Step 2800 | loss 0.0480 | val_acc=0.8646 val_loss=0.5854 val_f1_macro=0.8302 val_f1_weighted=0.8616 val_prec_macro=0.8422 val_rec_macro=0.8217 val_metric_name=acc val_metric=0.8646
Step 2900 | loss 0.0426 | val_acc=0.8641 val_loss=0.5907 val_f1_macro=0.8293 val_f1_weighted=0.8613 val_prec_macro=0.8410 val_rec_macro=0.8208 val_metric_name=acc val_metric=0.8641
Step 3000 | loss 0.0385 | val_acc=0.8639 val_loss=0.5925 val_f1_macro=0.8289 val_f1_weighted=0.8611 val_prec_macro=0.8397 val_rec_macro=0.8211 val_metric_name=acc val_metric=0.8639
Step 3100 | loss 0.0374 | val_acc=0.8667 val_loss=0.5973 val_f1_macro=0.8327 val_f1_weighted=0.8639 val_prec_macro=0.8455 val_rec_macro=0.8232 val_metric_name=acc val_metric=0.8667
Step 3200 | loss 0.0351 | val_acc=0.8660 val_loss=0.6009 val_f1_macro=0.8313 val_f1_weighted=0.8630 val_prec_macro=0.8440 val_rec_macro=0.8222 val_metric_name=acc val_metric=0.8660
Step 3300 | loss 0.0314 | val_acc=0.8671 val_loss=0.6041 val_f1_macro=0.8332 val_f1_weighted=0.8642 val_prec_macro=0.8463 val_rec_macro=0.8235 val_metric_name=acc val_metric=0.8671
Step 3400 | loss 0.0288 | val_acc=0.8658 val_loss=0.6073 val_f1_macro=0.8313 val_f1_weighted=0.8629 val_prec_macro=0.8433 val_rec_macro=0.8227 val_metric_name=acc val_metric=0.8658
Step 3500 | loss 0.0267 | val_acc=0.8655 val_loss=0.6131 val_f1_macro=0.8322 val_f1_weighted=0.8626 val_prec_macro=0.8446 val_rec_macro=0.8230 val_metric_name=acc val_metric=0.8655
Early stopping at step 3510
  >> test_acc=0.8701 test_f1_macro=0.8344 test_f1_weighted=0.8670 test_loss=0.5852 test_metric=0.8701 test_metric_name=acc test_prec_macro=0.8522 test_rec_macro=0.8228

============================================================
Training init=xavier_all roman-empire SAGE L=5 h=512 lr=3e-05 split=3
============================================================
Step    1 | loss 2.8878 | val_acc=0.2129 val_loss=2.8464 val_f1_macro=0.0692 val_f1_weighted=0.1420 val_prec_macro=0.0858 val_rec_macro=0.1018 val_metric_name=acc val_metric=0.2129
Step  100 | loss 2.1104 | val_acc=0.5619 val_loss=1.9636 val_f1_macro=0.2599 val_f1_weighted=0.4691 val_prec_macro=0.3449 val_rec_macro=0.2965 val_metric_name=acc val_metric=0.5619
Step  200 | loss 1.7489 | val_acc=0.6613 val_loss=1.6138 val_f1_macro=0.4115 val_f1_weighted=0.6003 val_prec_macro=0.4826 val_rec_macro=0.4239 val_metric_name=acc val_metric=0.6613
Step  300 | loss 1.4857 | val_acc=0.7285 val_loss=1.3737 val_f1_macro=0.5502 val_f1_weighted=0.6879 val_prec_macro=0.5980 val_rec_macro=0.5533 val_metric_name=acc val_metric=0.7285
Step  400 | loss 1.2633 | val_acc=0.7569 val_loss=1.1894 val_f1_macro=0.6001 val_f1_weighted=0.7224 val_prec_macro=0.6511 val_rec_macro=0.6141 val_metric_name=acc val_metric=0.7569
Step  500 | loss 1.0712 | val_acc=0.7783 val_loss=1.0454 val_f1_macro=0.6385 val_f1_weighted=0.7534 val_prec_macro=0.6432 val_rec_macro=0.6485 val_metric_name=acc val_metric=0.7783
Step  600 | loss 0.9054 | val_acc=0.7956 val_loss=0.9325 val_f1_macro=0.6610 val_f1_weighted=0.7747 val_prec_macro=0.7105 val_rec_macro=0.6718 val_metric_name=acc val_metric=0.7956
Step  700 | loss 0.7680 | val_acc=0.8058 val_loss=0.8436 val_f1_macro=0.6779 val_f1_weighted=0.7878 val_prec_macro=0.6931 val_rec_macro=0.6872 val_metric_name=acc val_metric=0.8058
Step  800 | loss 0.6483 | val_acc=0.8155 val_loss=0.7734 val_f1_macro=0.6940 val_f1_weighted=0.7994 val_prec_macro=0.7058 val_rec_macro=0.7007 val_metric_name=acc val_metric=0.8155
Step  900 | loss 0.5456 | val_acc=0.8222 val_loss=0.7188 val_f1_macro=0.7076 val_f1_weighted=0.8080 val_prec_macro=0.7672 val_rec_macro=0.7122 val_metric_name=acc val_metric=0.8222
Step 1000 | loss 0.4598 | val_acc=0.8316 val_loss=0.6743 val_f1_macro=0.7376 val_f1_weighted=0.8206 val_prec_macro=0.7706 val_rec_macro=0.7336 val_metric_name=acc val_metric=0.8316
Step 1100 | loss 0.3861 | val_acc=0.8385 val_loss=0.6365 val_f1_macro=0.7562 val_f1_weighted=0.8293 val_prec_macro=0.8231 val_rec_macro=0.7528 val_metric_name=acc val_metric=0.8385
Step 1200 | loss 0.3223 | val_acc=0.8489 val_loss=0.6052 val_f1_macro=0.7949 val_f1_weighted=0.8443 val_prec_macro=0.8303 val_rec_macro=0.7809 val_metric_name=acc val_metric=0.8489
Step 1300 | loss 0.2716 | val_acc=0.8533 val_loss=0.5824 val_f1_macro=0.8048 val_f1_weighted=0.8491 val_prec_macro=0.8288 val_rec_macro=0.7918 val_metric_name=acc val_metric=0.8533
Step 1400 | loss 0.2313 | val_acc=0.8581 val_loss=0.5642 val_f1_macro=0.8156 val_f1_weighted=0.8545 val_prec_macro=0.8325 val_rec_macro=0.8054 val_metric_name=acc val_metric=0.8581
Step 1500 | loss 0.1977 | val_acc=0.8604 val_loss=0.5528 val_f1_macro=0.8193 val_f1_weighted=0.8567 val_prec_macro=0.8323 val_rec_macro=0.8116 val_metric_name=acc val_metric=0.8604
Step 1600 | loss 0.1683 | val_acc=0.8635 val_loss=0.5435 val_f1_macro=0.8252 val_f1_weighted=0.8603 val_prec_macro=0.8375 val_rec_macro=0.8176 val_metric_name=acc val_metric=0.8635
Step 1700 | loss 0.1475 | val_acc=0.8639 val_loss=0.5396 val_f1_macro=0.8250 val_f1_weighted=0.8605 val_prec_macro=0.8378 val_rec_macro=0.8172 val_metric_name=acc val_metric=0.8639
Step 1800 | loss 0.1329 | val_acc=0.8673 val_loss=0.5375 val_f1_macro=0.8279 val_f1_weighted=0.8639 val_prec_macro=0.8401 val_rec_macro=0.8209 val_metric_name=acc val_metric=0.8673
Step 1900 | loss 0.1163 | val_acc=0.8674 val_loss=0.5365 val_f1_macro=0.8280 val_f1_weighted=0.8641 val_prec_macro=0.8389 val_rec_macro=0.8218 val_metric_name=acc val_metric=0.8674
Step 2000 | loss 0.1052 | val_acc=0.8685 val_loss=0.5356 val_f1_macro=0.8297 val_f1_weighted=0.8654 val_prec_macro=0.8398 val_rec_macro=0.8240 val_metric_name=acc val_metric=0.8685
Step 2100 | loss 0.0934 | val_acc=0.8695 val_loss=0.5401 val_f1_macro=0.8312 val_f1_weighted=0.8664 val_prec_macro=0.8416 val_rec_macro=0.8256 val_metric_name=acc val_metric=0.8695
Step 2200 | loss 0.0858 | val_acc=0.8704 val_loss=0.5383 val_f1_macro=0.8317 val_f1_weighted=0.8674 val_prec_macro=0.8411 val_rec_macro=0.8264 val_metric_name=acc val_metric=0.8704
Step 2300 | loss 0.0746 | val_acc=0.8718 val_loss=0.5407 val_f1_macro=0.8347 val_f1_weighted=0.8688 val_prec_macro=0.8452 val_rec_macro=0.8292 val_metric_name=acc val_metric=0.8718
Step 2400 | loss 0.0671 | val_acc=0.8720 val_loss=0.5421 val_f1_macro=0.8344 val_f1_weighted=0.8689 val_prec_macro=0.8460 val_rec_macro=0.8285 val_metric_name=acc val_metric=0.8720
Step 2500 | loss 0.0649 | val_acc=0.8722 val_loss=0.5462 val_f1_macro=0.8347 val_f1_weighted=0.8690 val_prec_macro=0.8458 val_rec_macro=0.8288 val_metric_name=acc val_metric=0.8722
Step 2600 | loss 0.0579 | val_acc=0.8736 val_loss=0.5492 val_f1_macro=0.8363 val_f1_weighted=0.8704 val_prec_macro=0.8470 val_rec_macro=0.8309 val_metric_name=acc val_metric=0.8736
Step 2700 | loss 0.0521 | val_acc=0.8722 val_loss=0.5525 val_f1_macro=0.8351 val_f1_weighted=0.8692 val_prec_macro=0.8446 val_rec_macro=0.8307 val_metric_name=acc val_metric=0.8722
Step 2800 | loss 0.0481 | val_acc=0.8733 val_loss=0.5548 val_f1_macro=0.8366 val_f1_weighted=0.8704 val_prec_macro=0.8461 val_rec_macro=0.8311 val_metric_name=acc val_metric=0.8733
Step 2900 | loss 0.0454 | val_acc=0.8750 val_loss=0.5588 val_f1_macro=0.8390 val_f1_weighted=0.8722 val_prec_macro=0.8483 val_rec_macro=0.8338 val_metric_name=acc val_metric=0.8750
Step 3000 | loss 0.0387 | val_acc=0.8740 val_loss=0.5644 val_f1_macro=0.8358 val_f1_weighted=0.8706 val_prec_macro=0.8457 val_rec_macro=0.8314 val_metric_name=acc val_metric=0.8740
Step 3100 | loss 0.0365 | val_acc=0.8745 val_loss=0.5680 val_f1_macro=0.8380 val_f1_weighted=0.8715 val_prec_macro=0.8480 val_rec_macro=0.8331 val_metric_name=acc val_metric=0.8745
Step 3200 | loss 0.0342 | val_acc=0.8741 val_loss=0.5686 val_f1_macro=0.8373 val_f1_weighted=0.8712 val_prec_macro=0.8468 val_rec_macro=0.8327 val_metric_name=acc val_metric=0.8741
Early stopping at step 3260
  >> test_acc=0.8687 test_f1_macro=0.8375 test_f1_weighted=0.8654 test_loss=0.5749 test_metric=0.8687 test_metric_name=acc test_prec_macro=0.8527 test_rec_macro=0.8307

============================================================
Training init=xavier_all roman-empire SAGE L=5 h=512 lr=3e-05 split=4
============================================================
Step    1 | loss 2.8935 | val_acc=0.1903 val_loss=2.8591 val_f1_macro=0.0822 val_f1_weighted=0.1234 val_prec_macro=0.0791 val_rec_macro=0.1148 val_metric_name=acc val_metric=0.1903
Step  100 | loss 2.1225 | val_acc=0.5598 val_loss=1.9805 val_f1_macro=0.2595 val_f1_weighted=0.4657 val_prec_macro=0.3306 val_rec_macro=0.2984 val_metric_name=acc val_metric=0.5598
Step  200 | loss 1.7641 | val_acc=0.6625 val_loss=1.6348 val_f1_macro=0.4212 val_f1_weighted=0.6031 val_prec_macro=0.5334 val_rec_macro=0.4242 val_metric_name=acc val_metric=0.6625
Step  300 | loss 1.4932 | val_acc=0.7308 val_loss=1.3851 val_f1_macro=0.5583 val_f1_weighted=0.6889 val_prec_macro=0.5975 val_rec_macro=0.5686 val_metric_name=acc val_metric=0.7308
Step  400 | loss 1.2660 | val_acc=0.7582 val_loss=1.1968 val_f1_macro=0.5975 val_f1_weighted=0.7243 val_prec_macro=0.6224 val_rec_macro=0.6086 val_metric_name=acc val_metric=0.7582
Step  500 | loss 1.0702 | val_acc=0.7793 val_loss=1.0493 val_f1_macro=0.6423 val_f1_weighted=0.7561 val_prec_macro=0.6446 val_rec_macro=0.6517 val_metric_name=acc val_metric=0.7793
Step  600 | loss 0.9051 | val_acc=0.7993 val_loss=0.9354 val_f1_macro=0.6706 val_f1_weighted=0.7791 val_prec_macro=0.6986 val_rec_macro=0.6825 val_metric_name=acc val_metric=0.7993
Step  700 | loss 0.7675 | val_acc=0.8095 val_loss=0.8483 val_f1_macro=0.6894 val_f1_weighted=0.7919 val_prec_macro=0.7140 val_rec_macro=0.6980 val_metric_name=acc val_metric=0.8095
Step  800 | loss 0.6467 | val_acc=0.8162 val_loss=0.7806 val_f1_macro=0.7017 val_f1_weighted=0.8004 val_prec_macro=0.7163 val_rec_macro=0.7087 val_metric_name=acc val_metric=0.8162
Step  900 | loss 0.5496 | val_acc=0.8233 val_loss=0.7253 val_f1_macro=0.7244 val_f1_weighted=0.8104 val_prec_macro=0.7643 val_rec_macro=0.7232 val_metric_name=acc val_metric=0.8233
Step 1000 | loss 0.4615 | val_acc=0.8312 val_loss=0.6819 val_f1_macro=0.7525 val_f1_weighted=0.8217 val_prec_macro=0.8255 val_rec_macro=0.7449 val_metric_name=acc val_metric=0.8312
Step 1100 | loss 0.3848 | val_acc=0.8420 val_loss=0.6453 val_f1_macro=0.7906 val_f1_weighted=0.8367 val_prec_macro=0.8292 val_rec_macro=0.7763 val_metric_name=acc val_metric=0.8420
Step 1200 | loss 0.3256 | val_acc=0.8461 val_loss=0.6193 val_f1_macro=0.8043 val_f1_weighted=0.8413 val_prec_macro=0.8305 val_rec_macro=0.7914 val_metric_name=acc val_metric=0.8461
Step 1300 | loss 0.2743 | val_acc=0.8494 val_loss=0.5989 val_f1_macro=0.8120 val_f1_weighted=0.8451 val_prec_macro=0.8344 val_rec_macro=0.7999 val_metric_name=acc val_metric=0.8494
Step 1400 | loss 0.2329 | val_acc=0.8553 val_loss=0.5823 val_f1_macro=0.8217 val_f1_weighted=0.8514 val_prec_macro=0.8394 val_rec_macro=0.8119 val_metric_name=acc val_metric=0.8553
Step 1500 | loss 0.2019 | val_acc=0.8583 val_loss=0.5714 val_f1_macro=0.8267 val_f1_weighted=0.8549 val_prec_macro=0.8424 val_rec_macro=0.8175 val_metric_name=acc val_metric=0.8583
Step 1600 | loss 0.1731 | val_acc=0.8591 val_loss=0.5673 val_f1_macro=0.8261 val_f1_weighted=0.8554 val_prec_macro=0.8416 val_rec_macro=0.8175 val_metric_name=acc val_metric=0.8591
Step 1700 | loss 0.1495 | val_acc=0.8605 val_loss=0.5627 val_f1_macro=0.8284 val_f1_weighted=0.8571 val_prec_macro=0.8426 val_rec_macro=0.8200 val_metric_name=acc val_metric=0.8605
Step 1800 | loss 0.1323 | val_acc=0.8616 val_loss=0.5628 val_f1_macro=0.8302 val_f1_weighted=0.8580 val_prec_macro=0.8464 val_rec_macro=0.8205 val_metric_name=acc val_metric=0.8616
Step 1900 | loss 0.1180 | val_acc=0.8620 val_loss=0.5593 val_f1_macro=0.8297 val_f1_weighted=0.8586 val_prec_macro=0.8454 val_rec_macro=0.8206 val_metric_name=acc val_metric=0.8620
Step 2000 | loss 0.1056 | val_acc=0.8630 val_loss=0.5586 val_f1_macro=0.8306 val_f1_weighted=0.8594 val_prec_macro=0.8449 val_rec_macro=0.8227 val_metric_name=acc val_metric=0.8630
Step 2100 | loss 0.0913 | val_acc=0.8644 val_loss=0.5576 val_f1_macro=0.8329 val_f1_weighted=0.8611 val_prec_macro=0.8469 val_rec_macro=0.8253 val_metric_name=acc val_metric=0.8644
Step 2200 | loss 0.0847 | val_acc=0.8665 val_loss=0.5616 val_f1_macro=0.8351 val_f1_weighted=0.8634 val_prec_macro=0.8490 val_rec_macro=0.8272 val_metric_name=acc val_metric=0.8665
Step 2300 | loss 0.0754 | val_acc=0.8678 val_loss=0.5581 val_f1_macro=0.8366 val_f1_weighted=0.8646 val_prec_macro=0.8501 val_rec_macro=0.8288 val_metric_name=acc val_metric=0.8678
Step 2400 | loss 0.0655 | val_acc=0.8676 val_loss=0.5638 val_f1_macro=0.8381 val_f1_weighted=0.8644 val_prec_macro=0.8517 val_rec_macro=0.8303 val_metric_name=acc val_metric=0.8676
Step 2500 | loss 0.0624 | val_acc=0.8687 val_loss=0.5690 val_f1_macro=0.8373 val_f1_weighted=0.8653 val_prec_macro=0.8505 val_rec_macro=0.8298 val_metric_name=acc val_metric=0.8687
Step 2600 | loss 0.0565 | val_acc=0.8710 val_loss=0.5685 val_f1_macro=0.8415 val_f1_weighted=0.8680 val_prec_macro=0.8541 val_rec_macro=0.8343 val_metric_name=acc val_metric=0.8710
Step 2700 | loss 0.0531 | val_acc=0.8683 val_loss=0.5716 val_f1_macro=0.8388 val_f1_weighted=0.8651 val_prec_macro=0.8523 val_rec_macro=0.8311 val_metric_name=acc val_metric=0.8683
Step 2800 | loss 0.0466 | val_acc=0.8701 val_loss=0.5727 val_f1_macro=0.8401 val_f1_weighted=0.8670 val_prec_macro=0.8522 val_rec_macro=0.8336 val_metric_name=acc val_metric=0.8701
Step 2900 | loss 0.0430 | val_acc=0.8708 val_loss=0.5758 val_f1_macro=0.8417 val_f1_weighted=0.8675 val_prec_macro=0.8544 val_rec_macro=0.8346 val_metric_name=acc val_metric=0.8708
Step 3000 | loss 0.0395 | val_acc=0.8715 val_loss=0.5791 val_f1_macro=0.8428 val_f1_weighted=0.8682 val_prec_macro=0.8564 val_rec_macro=0.8350 val_metric_name=acc val_metric=0.8715
Step 3100 | loss 0.0368 | val_acc=0.8717 val_loss=0.5819 val_f1_macro=0.8424 val_f1_weighted=0.8686 val_prec_macro=0.8551 val_rec_macro=0.8355 val_metric_name=acc val_metric=0.8717
Step 3200 | loss 0.0356 | val_acc=0.8724 val_loss=0.5863 val_f1_macro=0.8433 val_f1_weighted=0.8693 val_prec_macro=0.8562 val_rec_macro=0.8356 val_metric_name=acc val_metric=0.8724
Step 3300 | loss 0.0328 | val_acc=0.8729 val_loss=0.5882 val_f1_macro=0.8453 val_f1_weighted=0.8698 val_prec_macro=0.8583 val_rec_macro=0.8379 val_metric_name=acc val_metric=0.8729
Step 3400 | loss 0.0320 | val_acc=0.8734 val_loss=0.5931 val_f1_macro=0.8460 val_f1_weighted=0.8704 val_prec_macro=0.8595 val_rec_macro=0.8377 val_metric_name=acc val_metric=0.8734
Step 3500 | loss 0.0294 | val_acc=0.8745 val_loss=0.5938 val_f1_macro=0.8468 val_f1_weighted=0.8715 val_prec_macro=0.8585 val_rec_macro=0.8404 val_metric_name=acc val_metric=0.8745
Step 3600 | loss 0.0259 | val_acc=0.8748 val_loss=0.5994 val_f1_macro=0.8485 val_f1_weighted=0.8719 val_prec_macro=0.8609 val_rec_macro=0.8412 val_metric_name=acc val_metric=0.8748
Step 3700 | loss 0.0257 | val_acc=0.8740 val_loss=0.6034 val_f1_macro=0.8472 val_f1_weighted=0.8708 val_prec_macro=0.8602 val_rec_macro=0.8394 val_metric_name=acc val_metric=0.8740
Step 3800 | loss 0.0229 | val_acc=0.8750 val_loss=0.6060 val_f1_macro=0.8481 val_f1_weighted=0.8720 val_prec_macro=0.8604 val_rec_macro=0.8409 val_metric_name=acc val_metric=0.8750
Step 3900 | loss 0.0227 | val_acc=0.8770 val_loss=0.6057 val_f1_macro=0.8510 val_f1_weighted=0.8742 val_prec_macro=0.8631 val_rec_macro=0.8436 val_metric_name=acc val_metric=0.8770
Step 4000 | loss 0.0206 | val_acc=0.8754 val_loss=0.6134 val_f1_macro=0.8487 val_f1_weighted=0.8722 val_prec_macro=0.8631 val_rec_macro=0.8399 val_metric_name=acc val_metric=0.8754
Step 4100 | loss 0.0201 | val_acc=0.8757 val_loss=0.6152 val_f1_macro=0.8497 val_f1_weighted=0.8728 val_prec_macro=0.8624 val_rec_macro=0.8421 val_metric_name=acc val_metric=0.8757
Step 4200 | loss 0.0175 | val_acc=0.8754 val_loss=0.6168 val_f1_macro=0.8481 val_f1_weighted=0.8725 val_prec_macro=0.8606 val_rec_macro=0.8411 val_metric_name=acc val_metric=0.8754
Early stopping at step 4200
  >> test_acc=0.8726 test_f1_macro=0.8430 test_f1_weighted=0.8696 test_loss=0.5952 test_metric=0.8726 test_metric_name=acc test_prec_macro=0.8480 test_rec_macro=0.8432

Done. Results saved to ablation/results_init/roman-empire_xavier_all.csv
