Loading data...

============================================================
Training TABM-minesweeper GAT 1L h=512 lr=3e-05 split=4
============================================================
Step    1 | loss 1.0612 | val_acc=0.2936 val_roc_auc=0.5817 val_loss=0.7902 val_metric_name=roc_auc val_metric=0.5817
Step   50 | loss 0.4391 | val_acc=0.8108 val_roc_auc=0.8046 val_loss=0.4231 val_metric_name=roc_auc val_metric=0.8046
Step  100 | loss 0.4181 | val_acc=0.8164 val_roc_auc=0.8227 val_loss=0.4001 val_metric_name=roc_auc val_metric=0.8227
Step  150 | loss 0.4006 | val_acc=0.8160 val_roc_auc=0.8299 val_loss=0.3799 val_metric_name=roc_auc val_metric=0.8299
Step  200 | loss 0.3871 | val_acc=0.8196 val_roc_auc=0.8369 val_loss=0.3680 val_metric_name=roc_auc val_metric=0.8369
Step  250 | loss 0.3804 | val_acc=0.8192 val_roc_auc=0.8414 val_loss=0.3618 val_metric_name=roc_auc val_metric=0.8414
Step  300 | loss 0.3723 | val_acc=0.8216 val_roc_auc=0.8445 val_loss=0.3573 val_metric_name=roc_auc val_metric=0.8445
Step  350 | loss 0.3711 | val_acc=0.8216 val_roc_auc=0.8477 val_loss=0.3536 val_metric_name=roc_auc val_metric=0.8477
Step  400 | loss 0.3633 | val_acc=0.8236 val_roc_auc=0.8504 val_loss=0.3506 val_metric_name=roc_auc val_metric=0.8504
Step  450 | loss 0.3618 | val_acc=0.8232 val_roc_auc=0.8534 val_loss=0.3479 val_metric_name=roc_auc val_metric=0.8534
Step  500 | loss 0.3583 | val_acc=0.8240 val_roc_auc=0.8563 val_loss=0.3451 val_metric_name=roc_auc val_metric=0.8563
Step  550 | loss 0.3554 | val_acc=0.8252 val_roc_auc=0.8593 val_loss=0.3428 val_metric_name=roc_auc val_metric=0.8593
Step  600 | loss 0.3507 | val_acc=0.8284 val_roc_auc=0.8621 val_loss=0.3404 val_metric_name=roc_auc val_metric=0.8621
Step  650 | loss 0.3506 | val_acc=0.8292 val_roc_auc=0.8651 val_loss=0.3381 val_metric_name=roc_auc val_metric=0.8651
Step  700 | loss 0.3467 | val_acc=0.8324 val_roc_auc=0.8673 val_loss=0.3359 val_metric_name=roc_auc val_metric=0.8673
Step  750 | loss 0.3446 | val_acc=0.8348 val_roc_auc=0.8688 val_loss=0.3346 val_metric_name=roc_auc val_metric=0.8688
Step  800 | loss 0.3427 | val_acc=0.8352 val_roc_auc=0.8700 val_loss=0.3332 val_metric_name=roc_auc val_metric=0.8700
Step  850 | loss 0.3437 | val_acc=0.8376 val_roc_auc=0.8713 val_loss=0.3318 val_metric_name=roc_auc val_metric=0.8713
Step  900 | loss 0.3421 | val_acc=0.8380 val_roc_auc=0.8722 val_loss=0.3307 val_metric_name=roc_auc val_metric=0.8722
Step  950 | loss 0.3391 | val_acc=0.8384 val_roc_auc=0.8730 val_loss=0.3298 val_metric_name=roc_auc val_metric=0.8730
Step 1000 | loss 0.3401 | val_acc=0.8400 val_roc_auc=0.8739 val_loss=0.3287 val_metric_name=roc_auc val_metric=0.8739
Step 1050 | loss 0.3402 | val_acc=0.8396 val_roc_auc=0.8744 val_loss=0.3282 val_metric_name=roc_auc val_metric=0.8744
Step 1100 | loss 0.3368 | val_acc=0.8404 val_roc_auc=0.8751 val_loss=0.3270 val_metric_name=roc_auc val_metric=0.8751
Step 1150 | loss 0.3357 | val_acc=0.8404 val_roc_auc=0.8754 val_loss=0.3264 val_metric_name=roc_auc val_metric=0.8754
Step 1200 | loss 0.3361 | val_acc=0.8424 val_roc_auc=0.8760 val_loss=0.3258 val_metric_name=roc_auc val_metric=0.8760
Step 1250 | loss 0.3346 | val_acc=0.8428 val_roc_auc=0.8767 val_loss=0.3248 val_metric_name=roc_auc val_metric=0.8767
Step 1300 | loss 0.3352 | val_acc=0.8448 val_roc_auc=0.8768 val_loss=0.3244 val_metric_name=roc_auc val_metric=0.8768
Step 1350 | loss 0.3324 | val_acc=0.8452 val_roc_auc=0.8774 val_loss=0.3238 val_metric_name=roc_auc val_metric=0.8774
Step 1400 | loss 0.3328 | val_acc=0.8444 val_roc_auc=0.8778 val_loss=0.3232 val_metric_name=roc_auc val_metric=0.8778
Step 1450 | loss 0.3319 | val_acc=0.8444 val_roc_auc=0.8781 val_loss=0.3225 val_metric_name=roc_auc val_metric=0.8781
Step 1500 | loss 0.3298 | val_acc=0.8448 val_roc_auc=0.8781 val_loss=0.3224 val_metric_name=roc_auc val_metric=0.8781
Step 1550 | loss 0.3293 | val_acc=0.8460 val_roc_auc=0.8789 val_loss=0.3218 val_metric_name=roc_auc val_metric=0.8789
Step 1600 | loss 0.3308 | val_acc=0.8460 val_roc_auc=0.8786 val_loss=0.3217 val_metric_name=roc_auc val_metric=0.8786
Step 1650 | loss 0.3280 | val_acc=0.8468 val_roc_auc=0.8792 val_loss=0.3212 val_metric_name=roc_auc val_metric=0.8792
Step 1700 | loss 0.3291 | val_acc=0.8468 val_roc_auc=0.8796 val_loss=0.3209 val_metric_name=roc_auc val_metric=0.8796
Step 1750 | loss 0.3282 | val_acc=0.8452 val_roc_auc=0.8797 val_loss=0.3210 val_metric_name=roc_auc val_metric=0.8797
Step 1800 | loss 0.3284 | val_acc=0.8452 val_roc_auc=0.8799 val_loss=0.3207 val_metric_name=roc_auc val_metric=0.8799
Step 1850 | loss 0.3273 | val_acc=0.8448 val_roc_auc=0.8799 val_loss=0.3207 val_metric_name=roc_auc val_metric=0.8799
Step 1900 | loss 0.3275 | val_acc=0.8456 val_roc_auc=0.8803 val_loss=0.3204 val_metric_name=roc_auc val_metric=0.8803
Step 1950 | loss 0.3285 | val_acc=0.8452 val_roc_auc=0.8809 val_loss=0.3200 val_metric_name=roc_auc val_metric=0.8809
Step 2000 | loss 0.3279 | val_acc=0.8468 val_roc_auc=0.8806 val_loss=0.3200 val_metric_name=roc_auc val_metric=0.8806
Step 2050 | loss 0.3270 | val_acc=0.8460 val_roc_auc=0.8810 val_loss=0.3198 val_metric_name=roc_auc val_metric=0.8810
Step 2100 | loss 0.3253 | val_acc=0.8452 val_roc_auc=0.8809 val_loss=0.3198 val_metric_name=roc_auc val_metric=0.8809
Step 2150 | loss 0.3248 | val_acc=0.8452 val_roc_auc=0.8812 val_loss=0.3195 val_metric_name=roc_auc val_metric=0.8812
Step 2200 | loss 0.3252 | val_acc=0.8456 val_roc_auc=0.8808 val_loss=0.3198 val_metric_name=roc_auc val_metric=0.8808
Step 2250 | loss 0.3249 | val_acc=0.8452 val_roc_auc=0.8811 val_loss=0.3195 val_metric_name=roc_auc val_metric=0.8811
Step 2300 | loss 0.3244 | val_acc=0.8444 val_roc_auc=0.8813 val_loss=0.3195 val_metric_name=roc_auc val_metric=0.8813
Step 2350 | loss 0.3219 | val_acc=0.8448 val_roc_auc=0.8812 val_loss=0.3194 val_metric_name=roc_auc val_metric=0.8812
Step 2400 | loss 0.3222 | val_acc=0.8440 val_roc_auc=0.8812 val_loss=0.3195 val_metric_name=roc_auc val_metric=0.8812
Step 2450 | loss 0.3238 | val_acc=0.8452 val_roc_auc=0.8813 val_loss=0.3193 val_metric_name=roc_auc val_metric=0.8813
Step 2500 | loss 0.3235 | val_acc=0.8460 val_roc_auc=0.8817 val_loss=0.3191 val_metric_name=roc_auc val_metric=0.8817
Step 2550 | loss 0.3246 | val_acc=0.8456 val_roc_auc=0.8818 val_loss=0.3189 val_metric_name=roc_auc val_metric=0.8818
Step 2600 | loss 0.3233 | val_acc=0.8464 val_roc_auc=0.8814 val_loss=0.3195 val_metric_name=roc_auc val_metric=0.8814
Step 2650 | loss 0.3219 | val_acc=0.8464 val_roc_auc=0.8816 val_loss=0.3195 val_metric_name=roc_auc val_metric=0.8816
Step 2700 | loss 0.3222 | val_acc=0.8460 val_roc_auc=0.8809 val_loss=0.3202 val_metric_name=roc_auc val_metric=0.8809
Step 2750 | loss 0.3205 | val_acc=0.8456 val_roc_auc=0.8816 val_loss=0.3193 val_metric_name=roc_auc val_metric=0.8816
Step 2800 | loss 0.3232 | val_acc=0.8456 val_roc_auc=0.8816 val_loss=0.3195 val_metric_name=roc_auc val_metric=0.8816
Step 2850 | loss 0.3196 | val_acc=0.8464 val_roc_auc=0.8814 val_loss=0.3196 val_metric_name=roc_auc val_metric=0.8814
Step 2900 | loss 0.3190 | val_acc=0.8456 val_roc_auc=0.8818 val_loss=0.3188 val_metric_name=roc_auc val_metric=0.8818
Step 2950 | loss 0.3202 | val_acc=0.8448 val_roc_auc=0.8816 val_loss=0.3194 val_metric_name=roc_auc val_metric=0.8816
Step 3000 | loss 0.3211 | val_acc=0.8464 val_roc_auc=0.8815 val_loss=0.3195 val_metric_name=roc_auc val_metric=0.8815
Step 3050 | loss 0.3202 | val_acc=0.8456 val_roc_auc=0.8816 val_loss=0.3195 val_metric_name=roc_auc val_metric=0.8816
Step 3100 | loss 0.3191 | val_acc=0.8448 val_roc_auc=0.8815 val_loss=0.3195 val_metric_name=roc_auc val_metric=0.8815
Step 3150 | loss 0.3191 | val_acc=0.8452 val_roc_auc=0.8815 val_loss=0.3195 val_metric_name=roc_auc val_metric=0.8815
Step 3200 | loss 0.3193 | val_acc=0.8448 val_roc_auc=0.8816 val_loss=0.3197 val_metric_name=roc_auc val_metric=0.8816
Step 3250 | loss 0.3191 | val_acc=0.8444 val_roc_auc=0.8816 val_loss=0.3198 val_metric_name=roc_auc val_metric=0.8816
Step 3300 | loss 0.3186 | val_acc=0.8456 val_roc_auc=0.8816 val_loss=0.3199 val_metric_name=roc_auc val_metric=0.8816
Step 3350 | loss 0.3193 | val_acc=0.8456 val_roc_auc=0.8816 val_loss=0.3198 val_metric_name=roc_auc val_metric=0.8816
Step 3400 | loss 0.3181 | val_acc=0.8456 val_roc_auc=0.8813 val_loss=0.3206 val_metric_name=roc_auc val_metric=0.8813
Step 3450 | loss 0.3169 | val_acc=0.8444 val_roc_auc=0.8817 val_loss=0.3201 val_metric_name=roc_auc val_metric=0.8817
Step 3500 | loss 0.3159 | val_acc=0.8440 val_roc_auc=0.8814 val_loss=0.3204 val_metric_name=roc_auc val_metric=0.8814
Step 3550 | loss 0.3170 | val_acc=0.8460 val_roc_auc=0.8815 val_loss=0.3207 val_metric_name=roc_auc val_metric=0.8815
Step 3600 | loss 0.3166 | val_acc=0.8448 val_roc_auc=0.8813 val_loss=0.3207 val_metric_name=roc_auc val_metric=0.8813
Step 3650 | loss 0.3165 | val_acc=0.8448 val_roc_auc=0.8813 val_loss=0.3207 val_metric_name=roc_auc val_metric=0.8813
Step 3700 | loss 0.3168 | val_acc=0.8440 val_roc_auc=0.8814 val_loss=0.3207 val_metric_name=roc_auc val_metric=0.8814
Step 3750 | loss 0.3181 | val_acc=0.8444 val_roc_auc=0.8815 val_loss=0.3210 val_metric_name=roc_auc val_metric=0.8815
Early stopping at step 3778

--- Final (best ckpt @ step 3010) ---
  train_acc=0.8434 train_roc_auc=0.8916 train_loss=0.3091 train_metric_name=roc_auc train_metric=0.8916
  val_acc=0.8468 val_roc_auc=0.8818 val_loss=0.3194 val_metric_name=roc_auc val_metric=0.8818
  test_acc=0.8396 test_roc_auc=0.8793 test_loss=0.3265 test_metric_name=roc_auc test_metric=0.8793
  test_roc_auc=0.8793

============================================================
Training TABM-minesweeper GAT 2L h=512 lr=3e-05 split=4
============================================================
Step    1 | loss 0.8234 | val_acc=0.8000 val_roc_auc=0.4258 val_loss=0.5300 val_metric_name=roc_auc val_metric=0.4258
Step   50 | loss 0.4422 | val_acc=0.8112 val_roc_auc=0.7921 val_loss=0.4260 val_metric_name=roc_auc val_metric=0.7921
Step  100 | loss 0.3984 | val_acc=0.8288 val_roc_auc=0.8580 val_loss=0.3523 val_metric_name=roc_auc val_metric=0.8580
Step  150 | loss 0.3762 | val_acc=0.8420 val_roc_auc=0.8833 val_loss=0.3224 val_metric_name=roc_auc val_metric=0.8833
Step  200 | loss 0.3632 | val_acc=0.8492 val_roc_auc=0.8914 val_loss=0.3112 val_metric_name=roc_auc val_metric=0.8914
Step  250 | loss 0.3541 | val_acc=0.8520 val_roc_auc=0.8939 val_loss=0.3072 val_metric_name=roc_auc val_metric=0.8939
Step  300 | loss 0.3468 | val_acc=0.8536 val_roc_auc=0.8951 val_loss=0.3050 val_metric_name=roc_auc val_metric=0.8951
Step  350 | loss 0.3379 | val_acc=0.8560 val_roc_auc=0.8956 val_loss=0.3037 val_metric_name=roc_auc val_metric=0.8956
Step  400 | loss 0.3338 | val_acc=0.8544 val_roc_auc=0.8968 val_loss=0.3026 val_metric_name=roc_auc val_metric=0.8968
Step  450 | loss 0.3328 | val_acc=0.8552 val_roc_auc=0.8974 val_loss=0.3018 val_metric_name=roc_auc val_metric=0.8974
Step  500 | loss 0.3306 | val_acc=0.8560 val_roc_auc=0.8978 val_loss=0.3012 val_metric_name=roc_auc val_metric=0.8978
Step  550 | loss 0.3299 | val_acc=0.8572 val_roc_auc=0.8987 val_loss=0.3003 val_metric_name=roc_auc val_metric=0.8987
Step  600 | loss 0.3247 | val_acc=0.8576 val_roc_auc=0.8990 val_loss=0.2999 val_metric_name=roc_auc val_metric=0.8990
Step  650 | loss 0.3255 | val_acc=0.8580 val_roc_auc=0.8995 val_loss=0.2994 val_metric_name=roc_auc val_metric=0.8995
Step  700 | loss 0.3235 | val_acc=0.8596 val_roc_auc=0.9000 val_loss=0.2990 val_metric_name=roc_auc val_metric=0.9000
Step  750 | loss 0.3219 | val_acc=0.8588 val_roc_auc=0.9001 val_loss=0.2990 val_metric_name=roc_auc val_metric=0.9001
Step  800 | loss 0.3196 | val_acc=0.8592 val_roc_auc=0.9005 val_loss=0.2986 val_metric_name=roc_auc val_metric=0.9005
Step  850 | loss 0.3161 | val_acc=0.8588 val_roc_auc=0.9008 val_loss=0.2984 val_metric_name=roc_auc val_metric=0.9008
Step  900 | loss 0.3161 | val_acc=0.8572 val_roc_auc=0.9006 val_loss=0.2988 val_metric_name=roc_auc val_metric=0.9006
Step  950 | loss 0.3160 | val_acc=0.8572 val_roc_auc=0.9009 val_loss=0.2984 val_metric_name=roc_auc val_metric=0.9009
Step 1000 | loss 0.3149 | val_acc=0.8576 val_roc_auc=0.9007 val_loss=0.2992 val_metric_name=roc_auc val_metric=0.9007
Step 1050 | loss 0.3143 | val_acc=0.8572 val_roc_auc=0.9009 val_loss=0.2994 val_metric_name=roc_auc val_metric=0.9009
Step 1100 | loss 0.3123 | val_acc=0.8560 val_roc_auc=0.9012 val_loss=0.2990 val_metric_name=roc_auc val_metric=0.9012
Step 1150 | loss 0.3095 | val_acc=0.8564 val_roc_auc=0.9011 val_loss=0.2993 val_metric_name=roc_auc val_metric=0.9011
Step 1200 | loss 0.3125 | val_acc=0.8564 val_roc_auc=0.9011 val_loss=0.2995 val_metric_name=roc_auc val_metric=0.9011
Step 1250 | loss 0.3093 | val_acc=0.8568 val_roc_auc=0.9012 val_loss=0.2998 val_metric_name=roc_auc val_metric=0.9012
Step 1300 | loss 0.3095 | val_acc=0.8556 val_roc_auc=0.9011 val_loss=0.2998 val_metric_name=roc_auc val_metric=0.9011
Step 1350 | loss 0.3081 | val_acc=0.8544 val_roc_auc=0.9008 val_loss=0.3007 val_metric_name=roc_auc val_metric=0.9008
Step 1400 | loss 0.3054 | val_acc=0.8548 val_roc_auc=0.9008 val_loss=0.3011 val_metric_name=roc_auc val_metric=0.9008
Step 1450 | loss 0.3021 | val_acc=0.8548 val_roc_auc=0.9008 val_loss=0.3011 val_metric_name=roc_auc val_metric=0.9008
Step 1500 | loss 0.3024 | val_acc=0.8560 val_roc_auc=0.9007 val_loss=0.3018 val_metric_name=roc_auc val_metric=0.9007
Step 1550 | loss 0.3043 | val_acc=0.8548 val_roc_auc=0.9008 val_loss=0.3015 val_metric_name=roc_auc val_metric=0.9008
Early stopping at step 1554

--- Final (best ckpt @ step 1100) ---
  train_acc=0.8632 train_roc_auc=0.9115 train_loss=0.2866 train_metric_name=roc_auc train_metric=0.9115
  val_acc=0.8560 val_roc_auc=0.9012 val_loss=0.2990 val_metric_name=roc_auc val_metric=0.9012
  test_acc=0.8508 test_roc_auc=0.9004 test_loss=0.3020 test_metric_name=roc_auc test_metric=0.9004
  test_roc_auc=0.9004

============================================================
Training TABM-minesweeper GAT 3L h=512 lr=3e-05 split=4
============================================================
Step    1 | loss 0.8386 | val_acc=0.8000 val_roc_auc=0.3726 val_loss=0.5897 val_metric_name=roc_auc val_metric=0.3726
Step   50 | loss 0.4453 | val_acc=0.8088 val_roc_auc=0.7944 val_loss=0.4301 val_metric_name=roc_auc val_metric=0.7944
Step  100 | loss 0.4009 | val_acc=0.8248 val_roc_auc=0.8601 val_loss=0.3526 val_metric_name=roc_auc val_metric=0.8601
Step  150 | loss 0.3703 | val_acc=0.8352 val_roc_auc=0.8828 val_loss=0.3236 val_metric_name=roc_auc val_metric=0.8828
Step  200 | loss 0.3552 | val_acc=0.8448 val_roc_auc=0.8910 val_loss=0.3123 val_metric_name=roc_auc val_metric=0.8910
Step  250 | loss 0.3493 | val_acc=0.8528 val_roc_auc=0.8947 val_loss=0.3068 val_metric_name=roc_auc val_metric=0.8947
Step  300 | loss 0.3447 | val_acc=0.8536 val_roc_auc=0.8971 val_loss=0.3038 val_metric_name=roc_auc val_metric=0.8971
Step  350 | loss 0.3366 | val_acc=0.8536 val_roc_auc=0.8987 val_loss=0.3010 val_metric_name=roc_auc val_metric=0.8987
Step  400 | loss 0.3319 | val_acc=0.8524 val_roc_auc=0.8995 val_loss=0.3003 val_metric_name=roc_auc val_metric=0.8995
Step  450 | loss 0.3294 | val_acc=0.8520 val_roc_auc=0.9002 val_loss=0.2992 val_metric_name=roc_auc val_metric=0.9002
Step  500 | loss 0.3238 | val_acc=0.8520 val_roc_auc=0.9005 val_loss=0.2991 val_metric_name=roc_auc val_metric=0.9005
Step  550 | loss 0.3193 | val_acc=0.8508 val_roc_auc=0.9012 val_loss=0.2983 val_metric_name=roc_auc val_metric=0.9012
Step  600 | loss 0.3226 | val_acc=0.8532 val_roc_auc=0.9015 val_loss=0.2977 val_metric_name=roc_auc val_metric=0.9015
Step  650 | loss 0.3148 | val_acc=0.8540 val_roc_auc=0.9021 val_loss=0.2979 val_metric_name=roc_auc val_metric=0.9021
Step  700 | loss 0.3159 | val_acc=0.8544 val_roc_auc=0.9026 val_loss=0.2985 val_metric_name=roc_auc val_metric=0.9026
Step  750 | loss 0.3100 | val_acc=0.8520 val_roc_auc=0.9028 val_loss=0.2999 val_metric_name=roc_auc val_metric=0.9028
Step  800 | loss 0.3114 | val_acc=0.8528 val_roc_auc=0.9026 val_loss=0.2993 val_metric_name=roc_auc val_metric=0.9026
Step  850 | loss 0.3033 | val_acc=0.8556 val_roc_auc=0.9026 val_loss=0.3015 val_metric_name=roc_auc val_metric=0.9026
Step  900 | loss 0.3045 | val_acc=0.8552 val_roc_auc=0.9024 val_loss=0.3027 val_metric_name=roc_auc val_metric=0.9024
Step  950 | loss 0.3009 | val_acc=0.8556 val_roc_auc=0.9022 val_loss=0.3033 val_metric_name=roc_auc val_metric=0.9022
Step 1000 | loss 0.3000 | val_acc=0.8556 val_roc_auc=0.9019 val_loss=0.3041 val_metric_name=roc_auc val_metric=0.9019
Step 1050 | loss 0.2973 | val_acc=0.8556 val_roc_auc=0.9019 val_loss=0.3031 val_metric_name=roc_auc val_metric=0.9019
Early stopping at step 1053

--- Final (best ckpt @ step 750) ---
  train_acc=0.8668 train_roc_auc=0.9208 train_loss=0.2786 train_metric_name=roc_auc train_metric=0.9208
  val_acc=0.8520 val_roc_auc=0.9028 val_loss=0.2999 val_metric_name=roc_auc val_metric=0.9028
  test_acc=0.8536 test_roc_auc=0.9055 test_loss=0.2976 test_metric_name=roc_auc test_metric=0.9055
  test_roc_auc=0.9055

============================================================
Training TABM-minesweeper GAT 4L h=512 lr=3e-05 split=4
============================================================
Step    1 | loss 0.9618 | val_acc=0.8000 val_roc_auc=0.4588 val_loss=0.5282 val_metric_name=roc_auc val_metric=0.4588
Step   50 | loss 0.4620 | val_acc=0.8036 val_roc_auc=0.7645 val_loss=0.4448 val_metric_name=roc_auc val_metric=0.7645
Step  100 | loss 0.4115 | val_acc=0.8212 val_roc_auc=0.8416 val_loss=0.3728 val_metric_name=roc_auc val_metric=0.8416
Step  150 | loss 0.3757 | val_acc=0.8376 val_roc_auc=0.8788 val_loss=0.3272 val_metric_name=roc_auc val_metric=0.8788
Step  200 | loss 0.3553 | val_acc=0.8504 val_roc_auc=0.8916 val_loss=0.3108 val_metric_name=roc_auc val_metric=0.8916
Step  250 | loss 0.3439 | val_acc=0.8528 val_roc_auc=0.8956 val_loss=0.3049 val_metric_name=roc_auc val_metric=0.8956
Step  300 | loss 0.3392 | val_acc=0.8552 val_roc_auc=0.8974 val_loss=0.3024 val_metric_name=roc_auc val_metric=0.8974
Step  350 | loss 0.3314 | val_acc=0.8540 val_roc_auc=0.8981 val_loss=0.3017 val_metric_name=roc_auc val_metric=0.8981
Step  400 | loss 0.3278 | val_acc=0.8556 val_roc_auc=0.8988 val_loss=0.3005 val_metric_name=roc_auc val_metric=0.8988
Step  450 | loss 0.3255 | val_acc=0.8568 val_roc_auc=0.8987 val_loss=0.3013 val_metric_name=roc_auc val_metric=0.8987
Step  500 | loss 0.3220 | val_acc=0.8560 val_roc_auc=0.8992 val_loss=0.3007 val_metric_name=roc_auc val_metric=0.8992
Step  550 | loss 0.3209 | val_acc=0.8540 val_roc_auc=0.8997 val_loss=0.3011 val_metric_name=roc_auc val_metric=0.8997
Step  600 | loss 0.3189 | val_acc=0.8532 val_roc_auc=0.9000 val_loss=0.3004 val_metric_name=roc_auc val_metric=0.9000
Step  650 | loss 0.3143 | val_acc=0.8520 val_roc_auc=0.9004 val_loss=0.3001 val_metric_name=roc_auc val_metric=0.9004
Step  700 | loss 0.3099 | val_acc=0.8512 val_roc_auc=0.9009 val_loss=0.3020 val_metric_name=roc_auc val_metric=0.9009
Step  750 | loss 0.3083 | val_acc=0.8520 val_roc_auc=0.9013 val_loss=0.3026 val_metric_name=roc_auc val_metric=0.9013
Step  800 | loss 0.3051 | val_acc=0.8520 val_roc_auc=0.9020 val_loss=0.3029 val_metric_name=roc_auc val_metric=0.9020
Step  850 | loss 0.3005 | val_acc=0.8508 val_roc_auc=0.9018 val_loss=0.3064 val_metric_name=roc_auc val_metric=0.9018
Step  900 | loss 0.3021 | val_acc=0.8512 val_roc_auc=0.9029 val_loss=0.3022 val_metric_name=roc_auc val_metric=0.9029
Step  950 | loss 0.2997 | val_acc=0.8536 val_roc_auc=0.9034 val_loss=0.3017 val_metric_name=roc_auc val_metric=0.9034
Step 1000 | loss 0.2934 | val_acc=0.8548 val_roc_auc=0.9038 val_loss=0.3025 val_metric_name=roc_auc val_metric=0.9038
Step 1050 | loss 0.2948 | val_acc=0.8580 val_roc_auc=0.9045 val_loss=0.3023 val_metric_name=roc_auc val_metric=0.9045
Step 1100 | loss 0.2881 | val_acc=0.8560 val_roc_auc=0.9048 val_loss=0.3018 val_metric_name=roc_auc val_metric=0.9048
Step 1150 | loss 0.2907 | val_acc=0.8604 val_roc_auc=0.9049 val_loss=0.3035 val_metric_name=roc_auc val_metric=0.9049
Step 1200 | loss 0.2867 | val_acc=0.8568 val_roc_auc=0.9050 val_loss=0.3059 val_metric_name=roc_auc val_metric=0.9050
Step 1250 | loss 0.2834 | val_acc=0.8572 val_roc_auc=0.9040 val_loss=0.3067 val_metric_name=roc_auc val_metric=0.9040
Step 1300 | loss 0.2786 | val_acc=0.8556 val_roc_auc=0.9033 val_loss=0.3102 val_metric_name=roc_auc val_metric=0.9033
Step 1350 | loss 0.2767 | val_acc=0.8552 val_roc_auc=0.9030 val_loss=0.3131 val_metric_name=roc_auc val_metric=0.9030
Step 1400 | loss 0.2709 | val_acc=0.8564 val_roc_auc=0.9025 val_loss=0.3169 val_metric_name=roc_auc val_metric=0.9025
Step 1450 | loss 0.2712 | val_acc=0.8544 val_roc_auc=0.9016 val_loss=0.3183 val_metric_name=roc_auc val_metric=0.9016
Early stopping at step 1467

--- Final (best ckpt @ step 1160) ---
  train_acc=0.8838 train_roc_auc=0.9409 train_loss=0.2448 train_metric_name=roc_auc train_metric=0.9409
  val_acc=0.8588 val_roc_auc=0.9053 val_loss=0.3022 val_metric_name=roc_auc val_metric=0.9053
  test_acc=0.8592 test_roc_auc=0.9055 test_loss=0.3020 test_metric_name=roc_auc test_metric=0.9055
  test_roc_auc=0.9055

============================================================
Training TABM-minesweeper GAT 5L h=512 lr=3e-05 split=4
============================================================
Step    1 | loss 1.1664 | val_acc=0.8000 val_roc_auc=0.6419 val_loss=0.4881 val_metric_name=roc_auc val_metric=0.6419
Step   50 | loss 0.4654 | val_acc=0.8064 val_roc_auc=0.7620 val_loss=0.4413 val_metric_name=roc_auc val_metric=0.7620
Step  100 | loss 0.4206 | val_acc=0.8168 val_roc_auc=0.8271 val_loss=0.3907 val_metric_name=roc_auc val_metric=0.8271
Step  150 | loss 0.3895 | val_acc=0.8276 val_roc_auc=0.8591 val_loss=0.3514 val_metric_name=roc_auc val_metric=0.8591
Step  200 | loss 0.3716 | val_acc=0.8368 val_roc_auc=0.8813 val_loss=0.3254 val_metric_name=roc_auc val_metric=0.8813
Step  250 | loss 0.3561 | val_acc=0.8472 val_roc_auc=0.8895 val_loss=0.3142 val_metric_name=roc_auc val_metric=0.8895
Step  300 | loss 0.3478 | val_acc=0.8484 val_roc_auc=0.8929 val_loss=0.3094 val_metric_name=roc_auc val_metric=0.8929
Step  350 | loss 0.3376 | val_acc=0.8512 val_roc_auc=0.8948 val_loss=0.3064 val_metric_name=roc_auc val_metric=0.8948
Step  400 | loss 0.3395 | val_acc=0.8520 val_roc_auc=0.8962 val_loss=0.3047 val_metric_name=roc_auc val_metric=0.8962
Step  450 | loss 0.3327 | val_acc=0.8524 val_roc_auc=0.8970 val_loss=0.3034 val_metric_name=roc_auc val_metric=0.8970
Step  500 | loss 0.3274 | val_acc=0.8536 val_roc_auc=0.8978 val_loss=0.3028 val_metric_name=roc_auc val_metric=0.8978
Step  550 | loss 0.3243 | val_acc=0.8528 val_roc_auc=0.8983 val_loss=0.3025 val_metric_name=roc_auc val_metric=0.8983
Step  600 | loss 0.3229 | val_acc=0.8544 val_roc_auc=0.8989 val_loss=0.3020 val_metric_name=roc_auc val_metric=0.8989
Step  650 | loss 0.3218 | val_acc=0.8528 val_roc_auc=0.8993 val_loss=0.3014 val_metric_name=roc_auc val_metric=0.8993
Step  700 | loss 0.3147 | val_acc=0.8492 val_roc_auc=0.8994 val_loss=0.3019 val_metric_name=roc_auc val_metric=0.8994
Step  750 | loss 0.3193 | val_acc=0.8500 val_roc_auc=0.8993 val_loss=0.3022 val_metric_name=roc_auc val_metric=0.8993
Step  800 | loss 0.3133 | val_acc=0.8496 val_roc_auc=0.8996 val_loss=0.3018 val_metric_name=roc_auc val_metric=0.8996
Step  850 | loss 0.3118 | val_acc=0.8516 val_roc_auc=0.8997 val_loss=0.3023 val_metric_name=roc_auc val_metric=0.8997
Step  900 | loss 0.3099 | val_acc=0.8488 val_roc_auc=0.9000 val_loss=0.3019 val_metric_name=roc_auc val_metric=0.9000
Step  950 | loss 0.3045 | val_acc=0.8524 val_roc_auc=0.9007 val_loss=0.3001 val_metric_name=roc_auc val_metric=0.9007
Step 1000 | loss 0.3042 | val_acc=0.8496 val_roc_auc=0.9006 val_loss=0.3026 val_metric_name=roc_auc val_metric=0.9006
Step 1050 | loss 0.3038 | val_acc=0.8532 val_roc_auc=0.9009 val_loss=0.3014 val_metric_name=roc_auc val_metric=0.9009
Step 1100 | loss 0.3002 | val_acc=0.8540 val_roc_auc=0.9002 val_loss=0.3038 val_metric_name=roc_auc val_metric=0.9002
Step 1150 | loss 0.2973 | val_acc=0.8528 val_roc_auc=0.8987 val_loss=0.3072 val_metric_name=roc_auc val_metric=0.8987
Step 1200 | loss 0.2926 | val_acc=0.8524 val_roc_auc=0.8990 val_loss=0.3086 val_metric_name=roc_auc val_metric=0.8990
Step 1250 | loss 0.2929 | val_acc=0.8536 val_roc_auc=0.8997 val_loss=0.3092 val_metric_name=roc_auc val_metric=0.8997
Step 1300 | loss 0.2881 | val_acc=0.8564 val_roc_auc=0.8993 val_loss=0.3136 val_metric_name=roc_auc val_metric=0.8993
Step 1350 | loss 0.2819 | val_acc=0.8540 val_roc_auc=0.8996 val_loss=0.3159 val_metric_name=roc_auc val_metric=0.8996
Early stopping at step 1350

--- Final (best ckpt @ step 1050) ---
  train_acc=0.8744 train_roc_auc=0.9269 train_loss=0.2654 train_metric_name=roc_auc train_metric=0.9269
  val_acc=0.8532 val_roc_auc=0.9009 val_loss=0.3014 val_metric_name=roc_auc val_metric=0.9009
  test_acc=0.8564 test_roc_auc=0.9051 test_loss=0.2954 test_metric_name=roc_auc test_metric=0.9051
  test_roc_auc=0.9051
  >> num_layers=1 hidden_dim=512 lr=3e-05 best_step=3010 val_roc_auc=0.8818 test_roc_auc=0.8793
     val_acc=0.8468 val_loss=0.3194 val_metric=0.8818 val_metric_name=roc_auc val_roc_auc=0.8818
     test_acc=0.8396 test_loss=0.3265 test_metric=0.8793 test_metric_name=roc_auc test_roc_auc=0.8793
  >> num_layers=2 hidden_dim=512 lr=3e-05 best_step=1100 val_roc_auc=0.9012 test_roc_auc=0.9004
     val_acc=0.8560 val_loss=0.2990 val_metric=0.9012 val_metric_name=roc_auc val_roc_auc=0.9012
     test_acc=0.8508 test_loss=0.3020 test_metric=0.9004 test_metric_name=roc_auc test_roc_auc=0.9004
  >> num_layers=3 hidden_dim=512 lr=3e-05 best_step=750 val_roc_auc=0.9028 test_roc_auc=0.9055
     val_acc=0.8520 val_loss=0.2999 val_metric=0.9028 val_metric_name=roc_auc val_roc_auc=0.9028
     test_acc=0.8536 test_loss=0.2976 test_metric=0.9055 test_metric_name=roc_auc test_roc_auc=0.9055
  >> num_layers=4 hidden_dim=512 lr=3e-05 best_step=1160 val_roc_auc=0.9053 test_roc_auc=0.9055
     val_acc=0.8588 val_loss=0.3022 val_metric=0.9053 val_metric_name=roc_auc val_roc_auc=0.9053
     test_acc=0.8592 test_loss=0.3020 test_metric=0.9055 test_metric_name=roc_auc test_roc_auc=0.9055
  >> num_layers=5 hidden_dim=512 lr=3e-05 best_step=1050 val_roc_auc=0.9009 test_roc_auc=0.9051
     val_acc=0.8532 val_loss=0.3014 val_metric=0.9009 val_metric_name=roc_auc val_roc_auc=0.9009
     test_acc=0.8564 test_loss=0.2954 test_metric=0.9051 test_metric_name=roc_auc test_roc_auc=0.9051
  >> selected best (by val): num_layers=4 hidden_dim=512 lr=3e-05 best_step=1160 val_roc_auc=0.9053 test_roc_auc=0.9055
     val_acc=0.8588 val_loss=0.3022 val_metric=0.9053 val_metric_name=roc_auc val_roc_auc=0.9053
     test_acc=0.8592 test_loss=0.3020 test_metric=0.9055 test_metric_name=roc_auc test_roc_auc=0.9055

Done. Results saved to /home/avshmelev/diploma_yandex_graphs/results/minesweeper/tabm.csv, checkpoints in /home/avshmelev/diploma_yandex_graphs/all_checkpoints/minesweeper/tabm/
