Loading data...

============================================================
Training TABM-minesweeper GT 1L h=512 lr=3e-05 split=6
============================================================
Step    1 | loss 0.7617 | val_acc=0.7996 val_roc_auc=0.6316 val_loss=0.4936 val_metric_name=roc_auc val_metric=0.6316
Step   50 | loss 0.4601 | val_acc=0.8076 val_roc_auc=0.8659 val_loss=0.3776 val_metric_name=roc_auc val_metric=0.8659
Step  100 | loss 0.4039 | val_acc=0.8368 val_roc_auc=0.8821 val_loss=0.3274 val_metric_name=roc_auc val_metric=0.8821
Step  150 | loss 0.3691 | val_acc=0.8396 val_roc_auc=0.8882 val_loss=0.3178 val_metric_name=roc_auc val_metric=0.8882
Step  200 | loss 0.3564 | val_acc=0.8428 val_roc_auc=0.8915 val_loss=0.3146 val_metric_name=roc_auc val_metric=0.8915
Step  250 | loss 0.3504 | val_acc=0.8468 val_roc_auc=0.8946 val_loss=0.3123 val_metric_name=roc_auc val_metric=0.8946
Step  300 | loss 0.3412 | val_acc=0.8480 val_roc_auc=0.8968 val_loss=0.3114 val_metric_name=roc_auc val_metric=0.8968
Step  350 | loss 0.3372 | val_acc=0.8496 val_roc_auc=0.8978 val_loss=0.3105 val_metric_name=roc_auc val_metric=0.8978
Step  400 | loss 0.3380 | val_acc=0.8500 val_roc_auc=0.8984 val_loss=0.3102 val_metric_name=roc_auc val_metric=0.8984
Step  450 | loss 0.3339 | val_acc=0.8480 val_roc_auc=0.8984 val_loss=0.3106 val_metric_name=roc_auc val_metric=0.8984
Step  500 | loss 0.3319 | val_acc=0.8464 val_roc_auc=0.8982 val_loss=0.3103 val_metric_name=roc_auc val_metric=0.8982
Step  550 | loss 0.3300 | val_acc=0.8460 val_roc_auc=0.8977 val_loss=0.3103 val_metric_name=roc_auc val_metric=0.8977
Step  600 | loss 0.3281 | val_acc=0.8440 val_roc_auc=0.8979 val_loss=0.3095 val_metric_name=roc_auc val_metric=0.8979
Step  650 | loss 0.3274 | val_acc=0.8444 val_roc_auc=0.8981 val_loss=0.3096 val_metric_name=roc_auc val_metric=0.8981
Step  700 | loss 0.3266 | val_acc=0.8444 val_roc_auc=0.8982 val_loss=0.3091 val_metric_name=roc_auc val_metric=0.8982
Step  750 | loss 0.3279 | val_acc=0.8460 val_roc_auc=0.8979 val_loss=0.3084 val_metric_name=roc_auc val_metric=0.8979
Step  800 | loss 0.3266 | val_acc=0.8456 val_roc_auc=0.8980 val_loss=0.3083 val_metric_name=roc_auc val_metric=0.8980
Step  850 | loss 0.3227 | val_acc=0.8452 val_roc_auc=0.8976 val_loss=0.3086 val_metric_name=roc_auc val_metric=0.8976
Step  900 | loss 0.3249 | val_acc=0.8448 val_roc_auc=0.8980 val_loss=0.3078 val_metric_name=roc_auc val_metric=0.8980
Step  950 | loss 0.3248 | val_acc=0.8448 val_roc_auc=0.8978 val_loss=0.3076 val_metric_name=roc_auc val_metric=0.8978
Step 1000 | loss 0.3225 | val_acc=0.8448 val_roc_auc=0.8976 val_loss=0.3075 val_metric_name=roc_auc val_metric=0.8976
Step 1050 | loss 0.3226 | val_acc=0.8444 val_roc_auc=0.8978 val_loss=0.3078 val_metric_name=roc_auc val_metric=0.8978
Early stopping at step 1060

--- Final (best ckpt @ step 760) ---
  train_acc=0.8382 train_roc_auc=0.8872 train_loss=0.3230 train_metric_name=roc_auc train_metric=0.8872
  val_acc=0.8452 val_roc_auc=0.8988 val_loss=0.3085 val_metric_name=roc_auc val_metric=0.8988
  test_acc=0.8264 test_roc_auc=0.8756 test_loss=0.3396 test_metric_name=roc_auc test_metric=0.8756
  test_roc_auc=0.8756

============================================================
Training TABM-minesweeper GT 2L h=512 lr=3e-05 split=6
============================================================
Step    1 | loss 1.5557 | val_acc=0.2780 val_roc_auc=0.5152 val_loss=0.8042 val_metric_name=roc_auc val_metric=0.5152
Step   50 | loss 0.4674 | val_acc=0.8008 val_roc_auc=0.8558 val_loss=0.3994 val_metric_name=roc_auc val_metric=0.8558
Step  100 | loss 0.3980 | val_acc=0.8352 val_roc_auc=0.8782 val_loss=0.3325 val_metric_name=roc_auc val_metric=0.8782
Step  150 | loss 0.3619 | val_acc=0.8476 val_roc_auc=0.8952 val_loss=0.3112 val_metric_name=roc_auc val_metric=0.8952
Step  200 | loss 0.3436 | val_acc=0.8512 val_roc_auc=0.9047 val_loss=0.3008 val_metric_name=roc_auc val_metric=0.9047
Step  250 | loss 0.3321 | val_acc=0.8556 val_roc_auc=0.9091 val_loss=0.2963 val_metric_name=roc_auc val_metric=0.9091
Step  300 | loss 0.3253 | val_acc=0.8576 val_roc_auc=0.9113 val_loss=0.2945 val_metric_name=roc_auc val_metric=0.9113
Step  350 | loss 0.3208 | val_acc=0.8580 val_roc_auc=0.9139 val_loss=0.2919 val_metric_name=roc_auc val_metric=0.9139
Step  400 | loss 0.3177 | val_acc=0.8588 val_roc_auc=0.9154 val_loss=0.2893 val_metric_name=roc_auc val_metric=0.9154
Step  450 | loss 0.3122 | val_acc=0.8572 val_roc_auc=0.9166 val_loss=0.2880 val_metric_name=roc_auc val_metric=0.9166
Step  500 | loss 0.3102 | val_acc=0.8568 val_roc_auc=0.9172 val_loss=0.2879 val_metric_name=roc_auc val_metric=0.9172
Step  550 | loss 0.3092 | val_acc=0.8552 val_roc_auc=0.9177 val_loss=0.2871 val_metric_name=roc_auc val_metric=0.9177
Step  600 | loss 0.3033 | val_acc=0.8560 val_roc_auc=0.9180 val_loss=0.2882 val_metric_name=roc_auc val_metric=0.9180
Step  650 | loss 0.3040 | val_acc=0.8548 val_roc_auc=0.9183 val_loss=0.2873 val_metric_name=roc_auc val_metric=0.9183
Step  700 | loss 0.3007 | val_acc=0.8552 val_roc_auc=0.9185 val_loss=0.2861 val_metric_name=roc_auc val_metric=0.9185
Step  750 | loss 0.2997 | val_acc=0.8540 val_roc_auc=0.9184 val_loss=0.2861 val_metric_name=roc_auc val_metric=0.9184
Step  800 | loss 0.2979 | val_acc=0.8524 val_roc_auc=0.9184 val_loss=0.2873 val_metric_name=roc_auc val_metric=0.9184
Step  850 | loss 0.2966 | val_acc=0.8528 val_roc_auc=0.9182 val_loss=0.2881 val_metric_name=roc_auc val_metric=0.9182
Step  900 | loss 0.2966 | val_acc=0.8504 val_roc_auc=0.9182 val_loss=0.2872 val_metric_name=roc_auc val_metric=0.9182
Step  950 | loss 0.2961 | val_acc=0.8504 val_roc_auc=0.9179 val_loss=0.2876 val_metric_name=roc_auc val_metric=0.9179
Step 1000 | loss 0.2923 | val_acc=0.8500 val_roc_auc=0.9177 val_loss=0.2885 val_metric_name=roc_auc val_metric=0.9177
Early stopping at step 1010

--- Final (best ckpt @ step 710) ---
  train_acc=0.8588 train_roc_auc=0.9122 train_loss=0.2976 train_metric_name=roc_auc train_metric=0.9122
  val_acc=0.8556 val_roc_auc=0.9186 val_loss=0.2859 val_metric_name=roc_auc val_metric=0.9186
  test_acc=0.8400 test_roc_auc=0.8951 test_loss=0.3340 test_metric_name=roc_auc test_metric=0.8951
  test_roc_auc=0.8951

============================================================
Training TABM-minesweeper GT 3L h=512 lr=3e-05 split=6
============================================================
Step    1 | loss 0.8005 | val_acc=0.8000 val_roc_auc=0.6258 val_loss=0.4988 val_metric_name=roc_auc val_metric=0.6258
Step   50 | loss 0.4205 | val_acc=0.8316 val_roc_auc=0.8690 val_loss=0.3472 val_metric_name=roc_auc val_metric=0.8690
Step  100 | loss 0.3572 | val_acc=0.8440 val_roc_auc=0.8974 val_loss=0.3108 val_metric_name=roc_auc val_metric=0.8974
Step  150 | loss 0.3315 | val_acc=0.8480 val_roc_auc=0.9080 val_loss=0.3067 val_metric_name=roc_auc val_metric=0.9080
Step  200 | loss 0.3200 | val_acc=0.8512 val_roc_auc=0.9146 val_loss=0.3029 val_metric_name=roc_auc val_metric=0.9146
Step  250 | loss 0.3119 | val_acc=0.8564 val_roc_auc=0.9190 val_loss=0.2995 val_metric_name=roc_auc val_metric=0.9190
Step  300 | loss 0.3032 | val_acc=0.8560 val_roc_auc=0.9226 val_loss=0.2970 val_metric_name=roc_auc val_metric=0.9226
Step  350 | loss 0.2970 | val_acc=0.8552 val_roc_auc=0.9244 val_loss=0.2968 val_metric_name=roc_auc val_metric=0.9244
Step  400 | loss 0.2931 | val_acc=0.8500 val_roc_auc=0.9263 val_loss=0.2951 val_metric_name=roc_auc val_metric=0.9263
Step  450 | loss 0.2881 | val_acc=0.8540 val_roc_auc=0.9276 val_loss=0.2898 val_metric_name=roc_auc val_metric=0.9276
Step  500 | loss 0.2837 | val_acc=0.8552 val_roc_auc=0.9284 val_loss=0.2883 val_metric_name=roc_auc val_metric=0.9284
Step  550 | loss 0.2777 | val_acc=0.8552 val_roc_auc=0.9288 val_loss=0.2868 val_metric_name=roc_auc val_metric=0.9288
Step  600 | loss 0.2755 | val_acc=0.8572 val_roc_auc=0.9283 val_loss=0.2880 val_metric_name=roc_auc val_metric=0.9283
Step  650 | loss 0.2725 | val_acc=0.8592 val_roc_auc=0.9286 val_loss=0.2856 val_metric_name=roc_auc val_metric=0.9286
Step  700 | loss 0.2707 | val_acc=0.8628 val_roc_auc=0.9283 val_loss=0.2843 val_metric_name=roc_auc val_metric=0.9283
Step  750 | loss 0.2645 | val_acc=0.8616 val_roc_auc=0.9279 val_loss=0.2867 val_metric_name=roc_auc val_metric=0.9279
Step  800 | loss 0.2653 | val_acc=0.8668 val_roc_auc=0.9277 val_loss=0.2829 val_metric_name=roc_auc val_metric=0.9277
Step  850 | loss 0.2628 | val_acc=0.8688 val_roc_auc=0.9269 val_loss=0.2837 val_metric_name=roc_auc val_metric=0.9269
Step  900 | loss 0.2583 | val_acc=0.8696 val_roc_auc=0.9267 val_loss=0.2839 val_metric_name=roc_auc val_metric=0.9267
Early stopping at step 938

--- Final (best ckpt @ step 590) ---
  train_acc=0.8666 train_roc_auc=0.9331 train_loss=0.2776 train_metric_name=roc_auc train_metric=0.9331
  val_acc=0.8568 val_roc_auc=0.9288 val_loss=0.2849 val_metric_name=roc_auc val_metric=0.9288
  test_acc=0.8428 test_roc_auc=0.9086 test_loss=0.3308 test_metric_name=roc_auc test_metric=0.9086
  test_roc_auc=0.9086

============================================================
Training TABM-minesweeper GT 4L h=512 lr=3e-05 split=6
============================================================
Step    1 | loss 0.9089 | val_acc=0.8000 val_roc_auc=0.6163 val_loss=0.5080 val_metric_name=roc_auc val_metric=0.6163
Step   50 | loss 0.4217 | val_acc=0.8344 val_roc_auc=0.8720 val_loss=0.3398 val_metric_name=roc_auc val_metric=0.8720
Step  100 | loss 0.3535 | val_acc=0.8428 val_roc_auc=0.9011 val_loss=0.3201 val_metric_name=roc_auc val_metric=0.9011
Step  150 | loss 0.3302 | val_acc=0.8464 val_roc_auc=0.9118 val_loss=0.3164 val_metric_name=roc_auc val_metric=0.9118
Step  200 | loss 0.3180 | val_acc=0.8500 val_roc_auc=0.9171 val_loss=0.3105 val_metric_name=roc_auc val_metric=0.9171
Step  250 | loss 0.3076 | val_acc=0.8548 val_roc_auc=0.9205 val_loss=0.3043 val_metric_name=roc_auc val_metric=0.9205
Step  300 | loss 0.3039 | val_acc=0.8592 val_roc_auc=0.9232 val_loss=0.2982 val_metric_name=roc_auc val_metric=0.9232
Step  350 | loss 0.2952 | val_acc=0.8552 val_roc_auc=0.9256 val_loss=0.3012 val_metric_name=roc_auc val_metric=0.9256
Step  400 | loss 0.2881 | val_acc=0.8532 val_roc_auc=0.9270 val_loss=0.2946 val_metric_name=roc_auc val_metric=0.9270
Step  450 | loss 0.2855 | val_acc=0.8536 val_roc_auc=0.9275 val_loss=0.2934 val_metric_name=roc_auc val_metric=0.9275
Step  500 | loss 0.2808 | val_acc=0.8540 val_roc_auc=0.9284 val_loss=0.2919 val_metric_name=roc_auc val_metric=0.9284
Step  550 | loss 0.2776 | val_acc=0.8568 val_roc_auc=0.9291 val_loss=0.2861 val_metric_name=roc_auc val_metric=0.9291
Step  600 | loss 0.2707 | val_acc=0.8576 val_roc_auc=0.9292 val_loss=0.2842 val_metric_name=roc_auc val_metric=0.9292
Step  650 | loss 0.2671 | val_acc=0.8640 val_roc_auc=0.9293 val_loss=0.2794 val_metric_name=roc_auc val_metric=0.9293
Step  700 | loss 0.2624 | val_acc=0.8664 val_roc_auc=0.9295 val_loss=0.2771 val_metric_name=roc_auc val_metric=0.9295
Step  750 | loss 0.2591 | val_acc=0.8700 val_roc_auc=0.9302 val_loss=0.2749 val_metric_name=roc_auc val_metric=0.9302
Step  800 | loss 0.2522 | val_acc=0.8740 val_roc_auc=0.9312 val_loss=0.2700 val_metric_name=roc_auc val_metric=0.9312
Step  850 | loss 0.2477 | val_acc=0.8764 val_roc_auc=0.9322 val_loss=0.2697 val_metric_name=roc_auc val_metric=0.9322
Step  900 | loss 0.2415 | val_acc=0.8772 val_roc_auc=0.9329 val_loss=0.2707 val_metric_name=roc_auc val_metric=0.9329
Step  950 | loss 0.2354 | val_acc=0.8772 val_roc_auc=0.9333 val_loss=0.2679 val_metric_name=roc_auc val_metric=0.9333
Step 1000 | loss 0.2286 | val_acc=0.8788 val_roc_auc=0.9333 val_loss=0.2722 val_metric_name=roc_auc val_metric=0.9333
Step 1050 | loss 0.2276 | val_acc=0.8780 val_roc_auc=0.9333 val_loss=0.2729 val_metric_name=roc_auc val_metric=0.9333
Step 1100 | loss 0.2197 | val_acc=0.8776 val_roc_auc=0.9334 val_loss=0.2764 val_metric_name=roc_auc val_metric=0.9334
Step 1150 | loss 0.2173 | val_acc=0.8800 val_roc_auc=0.9329 val_loss=0.2777 val_metric_name=roc_auc val_metric=0.9329
Step 1200 | loss 0.2133 | val_acc=0.8768 val_roc_auc=0.9324 val_loss=0.2817 val_metric_name=roc_auc val_metric=0.9324
Step 1250 | loss 0.2063 | val_acc=0.8760 val_roc_auc=0.9317 val_loss=0.2867 val_metric_name=roc_auc val_metric=0.9317
Step 1300 | loss 0.2042 | val_acc=0.8764 val_roc_auc=0.9308 val_loss=0.2916 val_metric_name=roc_auc val_metric=0.9308
Step 1350 | loss 0.1976 | val_acc=0.8736 val_roc_auc=0.9306 val_loss=0.2945 val_metric_name=roc_auc val_metric=0.9306
Early stopping at step 1383

--- Final (best ckpt @ step 1080) ---
  train_acc=0.9186 train_roc_auc=0.9677 train_loss=0.1792 train_metric_name=roc_auc train_metric=0.9677
  val_acc=0.8804 val_roc_auc=0.9341 val_loss=0.2722 val_metric_name=roc_auc val_metric=0.9341
  test_acc=0.8552 test_roc_auc=0.9140 test_loss=0.3246 test_metric_name=roc_auc test_metric=0.9140
  test_roc_auc=0.9140

============================================================
Training TABM-minesweeper GT 5L h=512 lr=3e-05 split=6
============================================================
Step    1 | loss 0.9055 | val_acc=0.8000 val_roc_auc=0.5281 val_loss=0.5300 val_metric_name=roc_auc val_metric=0.5281
Step   50 | loss 0.4222 | val_acc=0.8316 val_roc_auc=0.8656 val_loss=0.3461 val_metric_name=roc_auc val_metric=0.8656
Step  100 | loss 0.3530 | val_acc=0.8456 val_roc_auc=0.9001 val_loss=0.3135 val_metric_name=roc_auc val_metric=0.9001
Step  150 | loss 0.3234 | val_acc=0.8464 val_roc_auc=0.9115 val_loss=0.3093 val_metric_name=roc_auc val_metric=0.9115
Step  200 | loss 0.3102 | val_acc=0.8548 val_roc_auc=0.9182 val_loss=0.3044 val_metric_name=roc_auc val_metric=0.9182
Step  250 | loss 0.3025 | val_acc=0.8584 val_roc_auc=0.9223 val_loss=0.2977 val_metric_name=roc_auc val_metric=0.9223
Step  300 | loss 0.2967 | val_acc=0.8584 val_roc_auc=0.9251 val_loss=0.2964 val_metric_name=roc_auc val_metric=0.9251
Step  350 | loss 0.2906 | val_acc=0.8604 val_roc_auc=0.9272 val_loss=0.2904 val_metric_name=roc_auc val_metric=0.9272
Step  400 | loss 0.2825 | val_acc=0.8652 val_roc_auc=0.9284 val_loss=0.2847 val_metric_name=roc_auc val_metric=0.9284
Step  450 | loss 0.2766 | val_acc=0.8628 val_roc_auc=0.9293 val_loss=0.2833 val_metric_name=roc_auc val_metric=0.9293
Step  500 | loss 0.2717 | val_acc=0.8644 val_roc_auc=0.9299 val_loss=0.2815 val_metric_name=roc_auc val_metric=0.9299
Step  550 | loss 0.2647 | val_acc=0.8656 val_roc_auc=0.9305 val_loss=0.2818 val_metric_name=roc_auc val_metric=0.9305
Step  600 | loss 0.2586 | val_acc=0.8704 val_roc_auc=0.9321 val_loss=0.2767 val_metric_name=roc_auc val_metric=0.9321
Step  650 | loss 0.2526 | val_acc=0.8752 val_roc_auc=0.9338 val_loss=0.2696 val_metric_name=roc_auc val_metric=0.9338
Step  700 | loss 0.2460 | val_acc=0.8772 val_roc_auc=0.9355 val_loss=0.2659 val_metric_name=roc_auc val_metric=0.9355
Step  750 | loss 0.2380 | val_acc=0.8792 val_roc_auc=0.9362 val_loss=0.2625 val_metric_name=roc_auc val_metric=0.9362
Step  800 | loss 0.2316 | val_acc=0.8824 val_roc_auc=0.9374 val_loss=0.2610 val_metric_name=roc_auc val_metric=0.9374
Step  850 | loss 0.2250 | val_acc=0.8808 val_roc_auc=0.9376 val_loss=0.2625 val_metric_name=roc_auc val_metric=0.9376
Step  900 | loss 0.2195 | val_acc=0.8836 val_roc_auc=0.9373 val_loss=0.2642 val_metric_name=roc_auc val_metric=0.9373
Step  950 | loss 0.2146 | val_acc=0.8844 val_roc_auc=0.9371 val_loss=0.2661 val_metric_name=roc_auc val_metric=0.9371
Step 1000 | loss 0.2073 | val_acc=0.8832 val_roc_auc=0.9361 val_loss=0.2719 val_metric_name=roc_auc val_metric=0.9361
Step 1050 | loss 0.2065 | val_acc=0.8776 val_roc_auc=0.9352 val_loss=0.2762 val_metric_name=roc_auc val_metric=0.9352
Step 1100 | loss 0.1984 | val_acc=0.8768 val_roc_auc=0.9353 val_loss=0.2804 val_metric_name=roc_auc val_metric=0.9353
Step 1150 | loss 0.1916 | val_acc=0.8768 val_roc_auc=0.9343 val_loss=0.2875 val_metric_name=roc_auc val_metric=0.9343
Early stopping at step 1160

--- Final (best ckpt @ step 860) ---
  train_acc=0.9144 train_roc_auc=0.9651 train_loss=0.1892 train_metric_name=roc_auc train_metric=0.9651
  val_acc=0.8820 val_roc_auc=0.9381 val_loss=0.2605 val_metric_name=roc_auc val_metric=0.9381
  test_acc=0.8664 test_roc_auc=0.9207 test_loss=0.3045 test_metric_name=roc_auc test_metric=0.9207
  test_roc_auc=0.9207
  >> num_layers=1 hidden_dim=512 lr=3e-05 best_step=760 val_roc_auc=0.8988 test_roc_auc=0.8756
     val_acc=0.8452 val_loss=0.3085 val_metric=0.8988 val_metric_name=roc_auc val_roc_auc=0.8988
     test_acc=0.8264 test_loss=0.3396 test_metric=0.8756 test_metric_name=roc_auc test_roc_auc=0.8756
  >> num_layers=2 hidden_dim=512 lr=3e-05 best_step=710 val_roc_auc=0.9186 test_roc_auc=0.8951
     val_acc=0.8556 val_loss=0.2859 val_metric=0.9186 val_metric_name=roc_auc val_roc_auc=0.9186
     test_acc=0.8400 test_loss=0.3340 test_metric=0.8951 test_metric_name=roc_auc test_roc_auc=0.8951
  >> num_layers=3 hidden_dim=512 lr=3e-05 best_step=590 val_roc_auc=0.9288 test_roc_auc=0.9086
     val_acc=0.8568 val_loss=0.2849 val_metric=0.9288 val_metric_name=roc_auc val_roc_auc=0.9288
     test_acc=0.8428 test_loss=0.3308 test_metric=0.9086 test_metric_name=roc_auc test_roc_auc=0.9086
  >> num_layers=4 hidden_dim=512 lr=3e-05 best_step=1080 val_roc_auc=0.9341 test_roc_auc=0.9140
     val_acc=0.8804 val_loss=0.2722 val_metric=0.9341 val_metric_name=roc_auc val_roc_auc=0.9341
     test_acc=0.8552 test_loss=0.3246 test_metric=0.9140 test_metric_name=roc_auc test_roc_auc=0.9140
  >> num_layers=5 hidden_dim=512 lr=3e-05 best_step=860 val_roc_auc=0.9381 test_roc_auc=0.9207
     val_acc=0.8820 val_loss=0.2605 val_metric=0.9381 val_metric_name=roc_auc val_roc_auc=0.9381
     test_acc=0.8664 test_loss=0.3045 test_metric=0.9207 test_metric_name=roc_auc test_roc_auc=0.9207
  >> selected best (by val): num_layers=5 hidden_dim=512 lr=3e-05 best_step=860 val_roc_auc=0.9381 test_roc_auc=0.9207
     val_acc=0.8820 val_loss=0.2605 val_metric=0.9381 val_metric_name=roc_auc val_roc_auc=0.9381
     test_acc=0.8664 test_loss=0.3045 test_metric=0.9207 test_metric_name=roc_auc test_roc_auc=0.9207

Done. Results saved to /home/avshmelev/diploma_yandex_graphs/results/minesweeper/tabm.csv, checkpoints in /home/avshmelev/diploma_yandex_graphs/all_checkpoints/minesweeper/tabm/
