Loading data...
Done loading data from cached files.

============================================================
Training TABM-GT 5L split=1
============================================================
Step    1 | loss 0.8755 | val_acc 0.1506 | val_f1m 0.0592 | val_f1w 0.1174 | val_prec 0.0793 | val_rec 0.0719
Step   50 | loss 0.3999 | val_acc 0.6464 | val_f1m 0.4936 | val_f1w 0.6100 | val_prec 0.5476 | val_rec 0.5054
Step  100 | loss 0.3050 | val_acc 0.7041 | val_f1m 0.5891 | val_f1w 0.6791 | val_prec 0.6456 | val_rec 0.6046
Step  150 | loss 0.2585 | val_acc 0.7398 | val_f1m 0.6591 | val_f1w 0.7243 | val_prec 0.6749 | val_rec 0.6726
Step  200 | loss 0.2232 | val_acc 0.7677 | val_f1m 0.7019 | val_f1w 0.7553 | val_prec 0.7064 | val_rec 0.7190
Step  250 | loss 0.1985 | val_acc 0.7866 | val_f1m 0.7284 | val_f1w 0.7757 | val_prec 0.7317 | val_rec 0.7456
Step  300 | loss 0.1757 | val_acc 0.8019 | val_f1m 0.7478 | val_f1w 0.7933 | val_prec 0.7491 | val_rec 0.7645
Step  350 | loss 0.1598 | val_acc 0.8212 | val_f1m 0.7725 | val_f1w 0.8141 | val_prec 0.7738 | val_rec 0.7892
Step  400 | loss 0.1417 | val_acc 0.8376 | val_f1m 0.7940 | val_f1w 0.8318 | val_prec 0.7954 | val_rec 0.8082
Step  450 | loss 0.1262 | val_acc 0.8470 | val_f1m 0.8051 | val_f1w 0.8416 | val_prec 0.8059 | val_rec 0.8165
Step  500 | loss 0.1126 | val_acc 0.8554 | val_f1m 0.8161 | val_f1w 0.8511 | val_prec 0.8153 | val_rec 0.8272
Step  550 | loss 0.0981 | val_acc 0.8604 | val_f1m 0.8217 | val_f1w 0.8562 | val_prec 0.8212 | val_rec 0.8313
Step  600 | loss 0.0895 | val_acc 0.8658 | val_f1m 0.8313 | val_f1w 0.8624 | val_prec 0.8311 | val_rec 0.8389
Step  650 | loss 0.0818 | val_acc 0.8713 | val_f1m 0.8386 | val_f1w 0.8683 | val_prec 0.8382 | val_rec 0.8449
Step  700 | loss 0.0711 | val_acc 0.8750 | val_f1m 0.8426 | val_f1w 0.8724 | val_prec 0.8408 | val_rec 0.8503
Step  750 | loss 0.0642 | val_acc 0.8794 | val_f1m 0.8502 | val_f1w 0.8771 | val_prec 0.8487 | val_rec 0.8562
Step  800 | loss 0.0568 | val_acc 0.8837 | val_f1m 0.8549 | val_f1w 0.8814 | val_prec 0.8533 | val_rec 0.8607
Step  850 | loss 0.0536 | val_acc 0.8863 | val_f1m 0.8596 | val_f1w 0.8842 | val_prec 0.8573 | val_rec 0.8651
Step  900 | loss 0.0458 | val_acc 0.8890 | val_f1m 0.8626 | val_f1w 0.8871 | val_prec 0.8606 | val_rec 0.8681
Step  950 | loss 0.0419 | val_acc 0.8888 | val_f1m 0.8621 | val_f1w 0.8868 | val_prec 0.8603 | val_rec 0.8675
Step 1000 | loss 0.0370 | val_acc 0.8890 | val_f1m 0.8620 | val_f1w 0.8872 | val_prec 0.8613 | val_rec 0.8660

--- Final (best ckpt @ step 980) ---
  train_acc=0.9957  val_acc=0.8904
  test_acc=0.8862  test_f1m=0.8552  test_f1w=0.8839  test_prec=0.8582  test_rec=0.8555  test_loss=0.4480
  >> best_step=980  val_acc=0.8904  test_acc=0.8862  test_f1m=0.8552

Done. Results saved to results_tabm.csv, checkpoints in checkpoints_tabm/
