Loading data...
Done loading data from cached files.

============================================================
Training TABM-SAGE 5L split=8
============================================================
Step    1 | loss 0.9984 | val_acc 0.0800 | val_f1m 0.0442 | val_f1w 0.0641 | val_prec 0.0545 | val_rec 0.0533
Step   50 | loss 0.3647 | val_acc 0.6521 | val_f1m 0.4775 | val_f1w 0.6003 | val_prec 0.5432 | val_rec 0.5031
Step  100 | loss 0.2764 | val_acc 0.7056 | val_f1m 0.5560 | val_f1w 0.6698 | val_prec 0.5835 | val_rec 0.5752
Step  150 | loss 0.2335 | val_acc 0.7366 | val_f1m 0.6282 | val_f1w 0.7137 | val_prec 0.6803 | val_rec 0.6335
Step  200 | loss 0.2053 | val_acc 0.7530 | val_f1m 0.6705 | val_f1w 0.7372 | val_prec 0.6945 | val_rec 0.6737
Step  250 | loss 0.1838 | val_acc 0.7693 | val_f1m 0.6990 | val_f1w 0.7569 | val_prec 0.7113 | val_rec 0.7050
Step  300 | loss 0.1674 | val_acc 0.7811 | val_f1m 0.7185 | val_f1w 0.7711 | val_prec 0.7248 | val_rec 0.7264
Step  350 | loss 0.1513 | val_acc 0.7922 | val_f1m 0.7342 | val_f1w 0.7842 | val_prec 0.7364 | val_rec 0.7438
Step  400 | loss 0.1371 | val_acc 0.8032 | val_f1m 0.7500 | val_f1w 0.7965 | val_prec 0.7509 | val_rec 0.7599
Step  450 | loss 0.1218 | val_acc 0.8124 | val_f1m 0.7625 | val_f1w 0.8067 | val_prec 0.7614 | val_rec 0.7734
Step  500 | loss 0.1134 | val_acc 0.8212 | val_f1m 0.7748 | val_f1w 0.8165 | val_prec 0.7720 | val_rec 0.7872
Step  550 | loss 0.1032 | val_acc 0.8312 | val_f1m 0.7887 | val_f1w 0.8271 | val_prec 0.7846 | val_rec 0.8011
Step  600 | loss 0.0895 | val_acc 0.8372 | val_f1m 0.7941 | val_f1w 0.8336 | val_prec 0.7893 | val_rec 0.8062
Step  650 | loss 0.0812 | val_acc 0.8432 | val_f1m 0.8023 | val_f1w 0.8400 | val_prec 0.7984 | val_rec 0.8129
Step  700 | loss 0.0736 | val_acc 0.8491 | val_f1m 0.8102 | val_f1w 0.8465 | val_prec 0.8051 | val_rec 0.8211
Step  750 | loss 0.0649 | val_acc 0.8561 | val_f1m 0.8193 | val_f1w 0.8541 | val_prec 0.8143 | val_rec 0.8289
Step  800 | loss 0.0576 | val_acc 0.8588 | val_f1m 0.8232 | val_f1w 0.8567 | val_prec 0.8183 | val_rec 0.8327
Step  850 | loss 0.0494 | val_acc 0.8637 | val_f1m 0.8299 | val_f1w 0.8618 | val_prec 0.8246 | val_rec 0.8388
Step  900 | loss 0.0461 | val_acc 0.8660 | val_f1m 0.8334 | val_f1w 0.8645 | val_prec 0.8275 | val_rec 0.8425
Step  950 | loss 0.0415 | val_acc 0.8673 | val_f1m 0.8346 | val_f1w 0.8656 | val_prec 0.8292 | val_rec 0.8436
Step 1000 | loss 0.0368 | val_acc 0.8717 | val_f1m 0.8405 | val_f1w 0.8702 | val_prec 0.8355 | val_rec 0.8483

--- Final (best ckpt @ step 984) ---
  train_acc=0.9855  val_acc=0.8724
  test_acc=0.8675  test_f1m=0.8335  test_f1w=0.8661  test_prec=0.8276  test_rec=0.8420  test_loss=0.5477
  >> best_step=984  val_acc=0.8724  test_acc=0.8675  test_f1m=0.8335

Done. Results saved to results_tabm.csv, checkpoints in checkpoints_tabm/
