Loading data...

============================================================
Training TABM-tolokers GAT 1L split=8
============================================================
Step    1 | loss 0.7727 | val_acc 0.7724
Step   50 | loss 0.5201 | val_acc 0.7843
Step  100 | loss 0.5007 | val_acc 0.7850
Step  150 | loss 0.4901 | val_acc 0.7843
Step  200 | loss 0.4787 | val_acc 0.7860
Step  250 | loss 0.4733 | val_acc 0.7856
Step  300 | loss 0.4705 | val_acc 0.7860
Step  350 | loss 0.4625 | val_acc 0.7863
Step  400 | loss 0.4565 | val_acc 0.7860
Step  450 | loss 0.4539 | val_acc 0.7860
Step  500 | loss 0.4515 | val_acc 0.7873
Step  550 | loss 0.4474 | val_acc 0.7894
Step  600 | loss 0.4443 | val_acc 0.7897
Step  650 | loss 0.4426 | val_acc 0.7921
Step  700 | loss 0.4402 | val_acc 0.7938
Step  750 | loss 0.4369 | val_acc 0.7962
Step  800 | loss 0.4346 | val_acc 0.7972
Step  850 | loss 0.4327 | val_acc 0.7965
Step  900 | loss 0.4317 | val_acc 0.7965
Step  950 | loss 0.4286 | val_acc 0.7986
Step 1000 | loss 0.4275 | val_acc 0.7986

--- Final (best ckpt @ step 998) ---
  train_acc=0.7991  val_acc=0.7989
  test_acc=0.7932  test_loss=0.4150
  test_roc_auc=0.7949

============================================================
Training TABM-tolokers GAT 2L split=8
============================================================
Step    1 | loss 0.6724 | val_acc 0.7819
Step   50 | loss 0.5129 | val_acc 0.7829
Step  100 | loss 0.4890 | val_acc 0.7836
Step  150 | loss 0.4721 | val_acc 0.7829
Step  200 | loss 0.4552 | val_acc 0.7839
Step  250 | loss 0.4462 | val_acc 0.7856
Step  300 | loss 0.4422 | val_acc 0.7877
Step  350 | loss 0.4337 | val_acc 0.7904
Step  400 | loss 0.4294 | val_acc 0.7931
Step  450 | loss 0.4230 | val_acc 0.7969
Step  500 | loss 0.4209 | val_acc 0.8013
Step  550 | loss 0.4182 | val_acc 0.8030
Step  600 | loss 0.4148 | val_acc 0.8054
Step  650 | loss 0.4118 | val_acc 0.8084
Step  700 | loss 0.4079 | val_acc 0.8101
Step  750 | loss 0.4060 | val_acc 0.8118
Step  800 | loss 0.4047 | val_acc 0.8129
Step  850 | loss 0.4030 | val_acc 0.8132
Step  900 | loss 0.4011 | val_acc 0.8135
Step  950 | loss 0.3989 | val_acc 0.8146
Step 1000 | loss 0.3974 | val_acc 0.8186

--- Final (best ckpt @ step 1000) ---
  train_acc=0.8257  val_acc=0.8186
  test_acc=0.8126  test_loss=0.4204
  test_roc_auc=0.8219

============================================================
Training TABM-tolokers GAT 3L split=8
============================================================
Step    1 | loss 0.7687 | val_acc 0.7819
Step   50 | loss 0.5092 | val_acc 0.7809
Step  100 | loss 0.4882 | val_acc 0.7826
Step  150 | loss 0.4744 | val_acc 0.7826
Step  200 | loss 0.4577 | val_acc 0.7853
Step  250 | loss 0.4407 | val_acc 0.7850
Step  300 | loss 0.4348 | val_acc 0.7941
Step  350 | loss 0.4237 | val_acc 0.8006
Step  400 | loss 0.4222 | val_acc 0.8054
Step  450 | loss 0.4175 | val_acc 0.8057
Step  500 | loss 0.4114 | val_acc 0.8091
Step  550 | loss 0.4093 | val_acc 0.8098
Step  600 | loss 0.4041 | val_acc 0.8108
Step  650 | loss 0.4044 | val_acc 0.8125
Step  700 | loss 0.4011 | val_acc 0.8152
Step  750 | loss 0.3983 | val_acc 0.8169
Step  800 | loss 0.4027 | val_acc 0.8186
Step  850 | loss 0.3969 | val_acc 0.8197
Step  900 | loss 0.3954 | val_acc 0.8193
Step  950 | loss 0.3950 | val_acc 0.8210
Step 1000 | loss 0.3922 | val_acc 0.8207

--- Final (best ckpt @ step 992) ---
  train_acc=0.8245  val_acc=0.8186
  test_acc=0.8153  test_loss=0.4272
  test_roc_auc=0.8233

============================================================
Training TABM-tolokers GAT 4L split=8
============================================================
Step    1 | loss 0.8191 | val_acc 0.7819
Step   50 | loss 0.5121 | val_acc 0.7809
Step  100 | loss 0.4921 | val_acc 0.7819
Step  150 | loss 0.4822 | val_acc 0.7816
Step  200 | loss 0.4695 | val_acc 0.7826
Step  250 | loss 0.4583 | val_acc 0.7822
Step  300 | loss 0.4474 | val_acc 0.7850
Step  350 | loss 0.4378 | val_acc 0.7856
Step  400 | loss 0.4331 | val_acc 0.7928
Step  450 | loss 0.4212 | val_acc 0.8016
Step  500 | loss 0.4190 | val_acc 0.8078
Step  550 | loss 0.4147 | val_acc 0.8112
Step  600 | loss 0.4083 | val_acc 0.8149
Step  650 | loss 0.4079 | val_acc 0.8146
Step  700 | loss 0.4036 | val_acc 0.8159
Step  750 | loss 0.4027 | val_acc 0.8166
Step  800 | loss 0.4013 | val_acc 0.8159
Step  850 | loss 0.3989 | val_acc 0.8173
Step  900 | loss 0.3970 | val_acc 0.8163
Step  950 | loss 0.3951 | val_acc 0.8169
Step 1000 | loss 0.3941 | val_acc 0.8186

--- Final (best ckpt @ step 995) ---
  train_acc=0.8243  val_acc=0.8190
  test_acc=0.8153  test_loss=0.4142
  test_roc_auc=0.8217

============================================================
Training TABM-tolokers GAT 5L split=8
============================================================
Step    1 | loss 0.7091 | val_acc 0.7819
Step   50 | loss 0.5163 | val_acc 0.7809
Step  100 | loss 0.4945 | val_acc 0.7816
Step  150 | loss 0.4831 | val_acc 0.7816
Step  200 | loss 0.4690 | val_acc 0.7822
Step  250 | loss 0.4587 | val_acc 0.7805
Step  300 | loss 0.4437 | val_acc 0.7839
Step  350 | loss 0.4361 | val_acc 0.7914
Step  400 | loss 0.4269 | val_acc 0.7901
Step  450 | loss 0.4198 | val_acc 0.8013
Step  500 | loss 0.4142 | val_acc 0.8064
Step  550 | loss 0.4132 | val_acc 0.8122
Step  600 | loss 0.4095 | val_acc 0.8139
Step  650 | loss 0.4066 | val_acc 0.8166
Step  700 | loss 0.4035 | val_acc 0.8169
Step  750 | loss 0.4021 | val_acc 0.8186
Step  800 | loss 0.3988 | val_acc 0.8183
Step  850 | loss 0.3976 | val_acc 0.8166
Step  900 | loss 0.3992 | val_acc 0.8152
Step  950 | loss 0.3962 | val_acc 0.8152
Step 1000 | loss 0.3969 | val_acc 0.8173

--- Final (best ckpt @ step 995) ---
  train_acc=0.8262  val_acc=0.8163
  test_acc=0.8163  test_loss=0.4217
  test_roc_auc=0.8188
  >> selected best layer=4 best_step=995 val_acc=0.8190 test_acc=0.8153

Done. Results saved to /home/avshmelev/diploma_yandex_graphs/results/tolokers/tabm.csv, checkpoints in /home/avshmelev/diploma_yandex_graphs/all_checkpoints/tolokers/tabm/
