Loading data...

============================================================
Training TABM-tolokers ResNet 1L split=2
============================================================
Step    1 | loss 1.1081 | val_acc 0.2746
Step   50 | loss 0.5344 | val_acc 0.7819
Step  100 | loss 0.5146 | val_acc 0.7809
Step  150 | loss 0.5039 | val_acc 0.7819
Step  200 | loss 0.4985 | val_acc 0.7819
Step  250 | loss 0.4932 | val_acc 0.7819
Step  300 | loss 0.4897 | val_acc 0.7819
Step  350 | loss 0.4848 | val_acc 0.7819
Step  400 | loss 0.4799 | val_acc 0.7819
Step  450 | loss 0.4798 | val_acc 0.7819
Step  500 | loss 0.4753 | val_acc 0.7819
Step  550 | loss 0.4714 | val_acc 0.7819
Step  600 | loss 0.4710 | val_acc 0.7819
Step  650 | loss 0.4707 | val_acc 0.7819
Step  700 | loss 0.4700 | val_acc 0.7819
Step  750 | loss 0.4682 | val_acc 0.7819
Step  800 | loss 0.4665 | val_acc 0.7816
Step  850 | loss 0.4666 | val_acc 0.7812
Step  900 | loss 0.4665 | val_acc 0.7812
Step  950 | loss 0.4650 | val_acc 0.7812
Step 1000 | loss 0.4648 | val_acc 0.7812

--- Final (best ckpt @ step 998) ---
  train_acc=0.7816  val_acc=0.7812
  test_acc=0.7823  test_loss=0.4463
  test_roc_auc=0.7392

============================================================
Training TABM-tolokers ResNet 2L split=2
============================================================
Step    1 | loss 0.9912 | val_acc 0.7360
Step   50 | loss 0.5317 | val_acc 0.7805
Step  100 | loss 0.5096 | val_acc 0.7802
Step  150 | loss 0.4984 | val_acc 0.7805
Step  200 | loss 0.4900 | val_acc 0.7819
Step  250 | loss 0.4840 | val_acc 0.7836
Step  300 | loss 0.4805 | val_acc 0.7833
Step  350 | loss 0.4769 | val_acc 0.7833
Step  400 | loss 0.4753 | val_acc 0.7819
Step  450 | loss 0.4717 | val_acc 0.7816
Step  500 | loss 0.4703 | val_acc 0.7812
Step  550 | loss 0.4696 | val_acc 0.7809
Step  600 | loss 0.4683 | val_acc 0.7809
Step  650 | loss 0.4645 | val_acc 0.7809
Step  700 | loss 0.4650 | val_acc 0.7816
Early stopping at step 740

--- Final (best ckpt @ step 440) ---
  train_acc=0.7819  val_acc=0.7816
  test_acc=0.7830  test_loss=0.4511
  test_roc_auc=0.7368

============================================================
Training TABM-tolokers ResNet 3L split=2
============================================================
Step    1 | loss 0.8069 | val_acc 0.7819
Step   50 | loss 0.5260 | val_acc 0.7819
Step  100 | loss 0.5013 | val_acc 0.7792
Step  150 | loss 0.4911 | val_acc 0.7799
Step  200 | loss 0.4853 | val_acc 0.7805
Step  250 | loss 0.4802 | val_acc 0.7819
Step  300 | loss 0.4751 | val_acc 0.7836
Step  350 | loss 0.4726 | val_acc 0.7829
Step  400 | loss 0.4702 | val_acc 0.7819
Step  450 | loss 0.4680 | val_acc 0.7819
Step  500 | loss 0.4661 | val_acc 0.7812
Step  550 | loss 0.4662 | val_acc 0.7816
Step  600 | loss 0.4641 | val_acc 0.7816
Step  650 | loss 0.4641 | val_acc 0.7816
Early stopping at step 663

--- Final (best ckpt @ step 363) ---
  train_acc=0.7828  val_acc=0.7826
  test_acc=0.7823  test_loss=0.4561
  test_roc_auc=0.7363

============================================================
Training TABM-tolokers ResNet 4L split=2
============================================================
Step    1 | loss 0.7198 | val_acc 0.7819
Step   50 | loss 0.5132 | val_acc 0.7775
Step  100 | loss 0.4979 | val_acc 0.7765
Step  150 | loss 0.4843 | val_acc 0.7778
Step  200 | loss 0.4807 | val_acc 0.7805
Step  250 | loss 0.4746 | val_acc 0.7833
Step  300 | loss 0.4709 | val_acc 0.7819
Step  350 | loss 0.4696 | val_acc 0.7819
Step  400 | loss 0.4674 | val_acc 0.7816
Step  450 | loss 0.4642 | val_acc 0.7816
Step  500 | loss 0.4654 | val_acc 0.7816
Step  550 | loss 0.4633 | val_acc 0.7816
Early stopping at step 585

--- Final (best ckpt @ step 285) ---
  train_acc=0.7818  val_acc=0.7819
  test_acc=0.7816  test_loss=0.4571
  test_roc_auc=0.7369

============================================================
Training TABM-tolokers ResNet 5L split=2
============================================================
Step    1 | loss 0.7847 | val_acc 0.7819
Step   50 | loss 0.5186 | val_acc 0.7758
Step  100 | loss 0.5010 | val_acc 0.7731
Step  150 | loss 0.4875 | val_acc 0.7717
Step  200 | loss 0.4790 | val_acc 0.7754
Step  250 | loss 0.4752 | val_acc 0.7829
Step  300 | loss 0.4737 | val_acc 0.7833
Step  350 | loss 0.4705 | val_acc 0.7819
Step  400 | loss 0.4673 | val_acc 0.7819
Step  450 | loss 0.4666 | val_acc 0.7819
Step  500 | loss 0.4654 | val_acc 0.7819
Step  550 | loss 0.4638 | val_acc 0.7816
Step  600 | loss 0.4631 | val_acc 0.7816
Step  650 | loss 0.4609 | val_acc 0.7812
Step  700 | loss 0.4621 | val_acc 0.7812
Step  750 | loss 0.4597 | val_acc 0.7816
Step  800 | loss 0.4604 | val_acc 0.7819
Step  850 | loss 0.4591 | val_acc 0.7816
Step  900 | loss 0.4569 | val_acc 0.7819
Step  950 | loss 0.4581 | val_acc 0.7819
Step 1000 | loss 0.4567 | val_acc 0.7822

--- Final (best ckpt @ step 1000) ---
  train_acc=0.7826  val_acc=0.7822
  test_acc=0.7827  test_loss=0.4469
  test_roc_auc=0.7349
  >> selected best layer=3 best_step=363 val_acc=0.7826 test_acc=0.7823

Done. Results saved to /home/avshmelev/diploma_yandex_graphs/results/tolokers/tabm.csv, checkpoints in /home/avshmelev/diploma_yandex_graphs/all_checkpoints/tolokers/tabm/
