Loading data...

============================================================
Training TABM-tolokers TAG 1L split=4
============================================================
Step    1 | loss 0.8906 | val_acc 0.7792
Step   50 | loss 0.4894 | val_acc 0.7846
Step  100 | loss 0.4709 | val_acc 0.7819
Step  150 | loss 0.4540 | val_acc 0.7839
Step  200 | loss 0.4420 | val_acc 0.7856
Step  250 | loss 0.4350 | val_acc 0.7907
Step  300 | loss 0.4300 | val_acc 0.7921
Step  350 | loss 0.4265 | val_acc 0.7941
Step  400 | loss 0.4195 | val_acc 0.7935
Step  450 | loss 0.4192 | val_acc 0.7938
Step  500 | loss 0.4144 | val_acc 0.7945
Step  550 | loss 0.4102 | val_acc 0.7965
Step  600 | loss 0.4084 | val_acc 0.7938
Step  650 | loss 0.4053 | val_acc 0.7955
Step  700 | loss 0.4040 | val_acc 0.7958
Step  750 | loss 0.4021 | val_acc 0.7962
Step  800 | loss 0.4005 | val_acc 0.7969
Step  850 | loss 0.3994 | val_acc 0.7993
Step  900 | loss 0.3938 | val_acc 0.7993
Step  950 | loss 0.3949 | val_acc 0.7965
Step 1000 | loss 0.3954 | val_acc 0.7979

--- Final (best ckpt @ step 990) ---
  train_acc=0.8069  val_acc=0.7979
  test_acc=0.8082  test_loss=0.3896
  test_roc_auc=0.8404

============================================================
Training TABM-tolokers TAG 2L split=4
============================================================
Step    1 | loss 0.9070 | val_acc 0.7819
Step   50 | loss 0.4820 | val_acc 0.7846
Step  100 | loss 0.4551 | val_acc 0.7890
Step  150 | loss 0.4383 | val_acc 0.7901
Step  200 | loss 0.4258 | val_acc 0.7955
Step  250 | loss 0.4142 | val_acc 0.7928
Step  300 | loss 0.4068 | val_acc 0.7958
Step  350 | loss 0.3990 | val_acc 0.7986
Step  400 | loss 0.3941 | val_acc 0.8006
Step  450 | loss 0.3905 | val_acc 0.8020
Step  500 | loss 0.3853 | val_acc 0.8037
Step  550 | loss 0.3846 | val_acc 0.8027
Step  600 | loss 0.3798 | val_acc 0.8064
Step  650 | loss 0.3778 | val_acc 0.8074
Step  700 | loss 0.3765 | val_acc 0.8061
Step  750 | loss 0.3741 | val_acc 0.8064
Step  800 | loss 0.3712 | val_acc 0.8061
Step  850 | loss 0.3706 | val_acc 0.8081
Step  900 | loss 0.3677 | val_acc 0.8050
Step  950 | loss 0.3653 | val_acc 0.8091
Step 1000 | loss 0.3644 | val_acc 0.8067

--- Final (best ckpt @ step 943) ---
  train_acc=0.8277  val_acc=0.8091
  test_acc=0.8197  test_loss=0.3934
  test_roc_auc=0.8521

============================================================
Training TABM-tolokers TAG 3L split=4
============================================================
Step    1 | loss 0.7023 | val_acc 0.7819
Step   50 | loss 0.4666 | val_acc 0.7846
Step  100 | loss 0.4418 | val_acc 0.7880
Step  150 | loss 0.4212 | val_acc 0.7958
Step  200 | loss 0.4069 | val_acc 0.7945
Step  250 | loss 0.3998 | val_acc 0.7928
Step  300 | loss 0.3936 | val_acc 0.7996
Step  350 | loss 0.3896 | val_acc 0.7999
Step  400 | loss 0.3819 | val_acc 0.8013
Step  450 | loss 0.3785 | val_acc 0.8061
Step  500 | loss 0.3771 | val_acc 0.8078
Step  550 | loss 0.3749 | val_acc 0.8064
Step  600 | loss 0.3719 | val_acc 0.8084
Step  650 | loss 0.3672 | val_acc 0.8118
Step  700 | loss 0.3657 | val_acc 0.8112
Step  750 | loss 0.3634 | val_acc 0.8125
Step  800 | loss 0.3615 | val_acc 0.8115
Step  850 | loss 0.3578 | val_acc 0.8139
Step  900 | loss 0.3577 | val_acc 0.8118
Step  950 | loss 0.3551 | val_acc 0.8152
Step 1000 | loss 0.3545 | val_acc 0.8149

--- Final (best ckpt @ step 987) ---
  train_acc=0.8355  val_acc=0.8163
  test_acc=0.8241  test_loss=0.3903
  test_roc_auc=0.8557

============================================================
Training TABM-tolokers TAG 4L split=4
============================================================
Step    1 | loss 0.8414 | val_acc 0.7819
Step   50 | loss 0.4743 | val_acc 0.7867
Step  100 | loss 0.4513 | val_acc 0.7877
Step  150 | loss 0.4316 | val_acc 0.7924
Step  200 | loss 0.4166 | val_acc 0.7945
Step  250 | loss 0.4061 | val_acc 0.7935
Step  300 | loss 0.3971 | val_acc 0.7972
Step  350 | loss 0.3920 | val_acc 0.7958
Step  400 | loss 0.3864 | val_acc 0.8013
Step  450 | loss 0.3808 | val_acc 0.8027
Step  500 | loss 0.3807 | val_acc 0.8054
Step  550 | loss 0.3780 | val_acc 0.8044
Step  600 | loss 0.3738 | val_acc 0.8064
Step  650 | loss 0.3692 | val_acc 0.8081
Step  700 | loss 0.3687 | val_acc 0.8098
Step  750 | loss 0.3666 | val_acc 0.8108
Step  800 | loss 0.3643 | val_acc 0.8108
Step  850 | loss 0.3631 | val_acc 0.8159
Step  900 | loss 0.3582 | val_acc 0.8122
Step  950 | loss 0.3582 | val_acc 0.8139
Step 1000 | loss 0.3569 | val_acc 0.8146

--- Final (best ckpt @ step 997) ---
  train_acc=0.8348  val_acc=0.8146
  test_acc=0.8248  test_loss=0.3822
  test_roc_auc=0.8588

============================================================
Training TABM-tolokers TAG 5L split=4
============================================================
Step    1 | loss 1.1216 | val_acc 0.7819
Step   50 | loss 0.4783 | val_acc 0.7850
Step  100 | loss 0.4558 | val_acc 0.7894
Step  150 | loss 0.4362 | val_acc 0.7901
Step  200 | loss 0.4208 | val_acc 0.7941
Step  250 | loss 0.4096 | val_acc 0.7935
Step  300 | loss 0.4014 | val_acc 0.7941
Step  350 | loss 0.3943 | val_acc 0.7979
Step  400 | loss 0.3896 | val_acc 0.7996
Step  450 | loss 0.3870 | val_acc 0.8047
Step  500 | loss 0.3821 | val_acc 0.8033
Step  550 | loss 0.3765 | val_acc 0.8057
Step  600 | loss 0.3724 | val_acc 0.8071
Step  650 | loss 0.3757 | val_acc 0.8084
Step  700 | loss 0.3682 | val_acc 0.8122
Step  750 | loss 0.3657 | val_acc 0.8166
Step  800 | loss 0.3627 | val_acc 0.8139
Step  850 | loss 0.3629 | val_acc 0.8135
Step  900 | loss 0.3594 | val_acc 0.8139
Step  950 | loss 0.3572 | val_acc 0.8166
Step 1000 | loss 0.3561 | val_acc 0.8180

--- Final (best ckpt @ step 985) ---
  train_acc=0.8367  val_acc=0.8183
  test_acc=0.8282  test_loss=0.3764
  test_roc_auc=0.8623
  >> selected best layer=5 best_step=985 val_acc=0.8183 test_acc=0.8282

Done. Results saved to /home/avshmelev/diploma_yandex_graphs/results/tolokers/tabm.csv, checkpoints in /home/avshmelev/diploma_yandex_graphs/all_checkpoints/tolokers/tabm/
