Loading data...
Done loading data from cached files.

============================================================
Training GAT 5L split=0
============================================================
Step    1 | loss 3.0321 | val_acc 0.1324 | val_f1m 0.0406 | val_f1w 0.0879 | val_prec 0.0564 | val_rec 0.0615
Step   50 | loss 2.0463 | val_acc 0.4005 | val_f1m 0.2247 | val_f1w 0.3553 | val_prec 0.2568 | val_rec 0.2450
Step  100 | loss 1.5814 | val_acc 0.5197 | val_f1m 0.3743 | val_f1w 0.4822 | val_prec 0.3989 | val_rec 0.3933
Step  150 | loss 1.3260 | val_acc 0.5878 | val_f1m 0.4786 | val_f1w 0.5633 | val_prec 0.5081 | val_rec 0.4961
Step  200 | loss 1.1485 | val_acc 0.6353 | val_f1m 0.5405 | val_f1w 0.6220 | val_prec 0.5645 | val_rec 0.5596
Step  250 | loss 0.9883 | val_acc 0.6681 | val_f1m 0.5836 | val_f1w 0.6613 | val_prec 0.5979 | val_rec 0.6001
Step  300 | loss 0.8697 | val_acc 0.6951 | val_f1m 0.6144 | val_f1w 0.6932 | val_prec 0.6247 | val_rec 0.6270
Step  350 | loss 0.7777 | val_acc 0.7216 | val_f1m 0.6480 | val_f1w 0.7209 | val_prec 0.6521 | val_rec 0.6611
Step  400 | loss 0.7000 | val_acc 0.7393 | val_f1m 0.6715 | val_f1w 0.7396 | val_prec 0.6721 | val_rec 0.6847
Step  450 | loss 0.6340 | val_acc 0.7546 | val_f1m 0.6908 | val_f1w 0.7543 | val_prec 0.6868 | val_rec 0.7070
Step  500 | loss 0.5727 | val_acc 0.7642 | val_f1m 0.7020 | val_f1w 0.7635 | val_prec 0.6972 | val_rec 0.7178
Step  550 | loss 0.5272 | val_acc 0.7748 | val_f1m 0.7187 | val_f1w 0.7739 | val_prec 0.7135 | val_rec 0.7330
Step  600 | loss 0.4781 | val_acc 0.7785 | val_f1m 0.7246 | val_f1w 0.7773 | val_prec 0.7168 | val_rec 0.7406
Step  650 | loss 0.4388 | val_acc 0.7834 | val_f1m 0.7324 | val_f1w 0.7832 | val_prec 0.7241 | val_rec 0.7483
Step  700 | loss 0.3991 | val_acc 0.7873 | val_f1m 0.7372 | val_f1w 0.7874 | val_prec 0.7302 | val_rec 0.7511
Step  750 | loss 0.3660 | val_acc 0.7869 | val_f1m 0.7372 | val_f1w 0.7868 | val_prec 0.7313 | val_rec 0.7508
Step  800 | loss 0.3256 | val_acc 0.7908 | val_f1m 0.7420 | val_f1w 0.7904 | val_prec 0.7351 | val_rec 0.7567
Step  850 | loss 0.3032 | val_acc 0.7912 | val_f1m 0.7429 | val_f1w 0.7914 | val_prec 0.7378 | val_rec 0.7548
Step  900 | loss 0.2772 | val_acc 0.7944 | val_f1m 0.7476 | val_f1w 0.7947 | val_prec 0.7391 | val_rec 0.7626
Step  950 | loss 0.2599 | val_acc 0.7979 | val_f1m 0.7511 | val_f1w 0.7978 | val_prec 0.7446 | val_rec 0.7637
Step 1000 | loss 0.2364 | val_acc 0.7966 | val_f1m 0.7507 | val_f1w 0.7968 | val_prec 0.7421 | val_rec 0.7654

--- Final (best ckpt @ step 949) ---
  train_acc=0.9775  val_acc=0.7981
  test_acc=0.7905  test_f1m=0.7370  test_f1w=0.7897  test_prec=0.7250  test_rec=0.7578  test_loss=0.7782
  >> best_step=949  val_acc=0.7981  test_acc=0.7905  test_f1m=0.7370

Done. Results saved to results_base.csv, checkpoints in checkpoints_base/
