Loading data...
Done loading data from cached files.

============================================================
Training GT-sep 5L split=2
============================================================
Step    1 | loss 3.0843 | val_acc 0.1862 | val_f1m 0.0512 | val_f1w 0.1143 | val_prec 0.0688 | val_rec 0.0810
Step   50 | loss 1.1115 | val_acc 0.6810 | val_f1m 0.5182 | val_f1w 0.6418 | val_prec 0.5486 | val_rec 0.5333
Step  100 | loss 0.8127 | val_acc 0.7327 | val_f1m 0.6092 | val_f1w 0.7111 | val_prec 0.6759 | val_rec 0.6181
Step  150 | loss 0.6596 | val_acc 0.7652 | val_f1m 0.6903 | val_f1w 0.7539 | val_prec 0.7104 | val_rec 0.6921
Step  200 | loss 0.5449 | val_acc 0.7903 | val_f1m 0.7352 | val_f1w 0.7830 | val_prec 0.7381 | val_rec 0.7422
Step  250 | loss 0.4574 | val_acc 0.8069 | val_f1m 0.7599 | val_f1w 0.8017 | val_prec 0.7573 | val_rec 0.7691
Step  300 | loss 0.3834 | val_acc 0.8205 | val_f1m 0.7782 | val_f1w 0.8159 | val_prec 0.7761 | val_rec 0.7857
Step  350 | loss 0.3168 | val_acc 0.8325 | val_f1m 0.7925 | val_f1w 0.8291 | val_prec 0.7914 | val_rec 0.7980
Step  400 | loss 0.2685 | val_acc 0.8385 | val_f1m 0.8002 | val_f1w 0.8360 | val_prec 0.7981 | val_rec 0.8053
Step  450 | loss 0.2129 | val_acc 0.8459 | val_f1m 0.8113 | val_f1w 0.8437 | val_prec 0.8108 | val_rec 0.8144
Step  500 | loss 0.1751 | val_acc 0.8507 | val_f1m 0.8145 | val_f1w 0.8483 | val_prec 0.8128 | val_rec 0.8186
Step  550 | loss 0.1474 | val_acc 0.8524 | val_f1m 0.8158 | val_f1w 0.8500 | val_prec 0.8148 | val_rec 0.8188
Step  600 | loss 0.1057 | val_acc 0.8542 | val_f1m 0.8174 | val_f1w 0.8518 | val_prec 0.8183 | val_rec 0.8184
Step  650 | loss 0.0919 | val_acc 0.8570 | val_f1m 0.8213 | val_f1w 0.8548 | val_prec 0.8214 | val_rec 0.8229
Step  700 | loss 0.0793 | val_acc 0.8602 | val_f1m 0.8237 | val_f1w 0.8581 | val_prec 0.8247 | val_rec 0.8244
Step  750 | loss 0.0610 | val_acc 0.8602 | val_f1m 0.8243 | val_f1w 0.8578 | val_prec 0.8251 | val_rec 0.8251
Step  800 | loss 0.0533 | val_acc 0.8613 | val_f1m 0.8277 | val_f1w 0.8593 | val_prec 0.8287 | val_rec 0.8286
Step  850 | loss 0.0447 | val_acc 0.8611 | val_f1m 0.8263 | val_f1w 0.8585 | val_prec 0.8283 | val_rec 0.8263
Step  900 | loss 0.0399 | val_acc 0.8613 | val_f1m 0.8276 | val_f1w 0.8590 | val_prec 0.8277 | val_rec 0.8292
Step  950 | loss 0.0337 | val_acc 0.8625 | val_f1m 0.8279 | val_f1w 0.8604 | val_prec 0.8282 | val_rec 0.8291
Step 1000 | loss 0.0322 | val_acc 0.8630 | val_f1m 0.8291 | val_f1w 0.8610 | val_prec 0.8293 | val_rec 0.8308

--- Final (best ckpt @ step 938) ---
  train_acc=0.9998  val_acc=0.8643
  test_acc=0.8680  test_f1m=0.8359  test_f1w=0.8663  test_prec=0.8375  test_rec=0.8361  test_loss=0.6704
  >> best_step=938  val_acc=0.8643  test_acc=0.8680  test_f1m=0.8359

Done. Results saved to results_base.csv, checkpoints in checkpoints_base/
