Loading data...
Done loading data from cached files.

============================================================
Training GT-sep 5L split=5
============================================================
Step    1 | loss 3.1380 | val_acc 0.1419 | val_f1m 0.0547 | val_f1w 0.1032 | val_prec 0.0670 | val_rec 0.0707
Step   50 | loss 1.1387 | val_acc 0.6761 | val_f1m 0.5120 | val_f1w 0.6398 | val_prec 0.5506 | val_rec 0.5264
Step  100 | loss 0.8257 | val_acc 0.7439 | val_f1m 0.6379 | val_f1w 0.7235 | val_prec 0.6821 | val_rec 0.6513
Step  150 | loss 0.6710 | val_acc 0.7682 | val_f1m 0.6885 | val_f1w 0.7550 | val_prec 0.7127 | val_rec 0.6978
Step  200 | loss 0.5618 | val_acc 0.7936 | val_f1m 0.7347 | val_f1w 0.7858 | val_prec 0.7438 | val_rec 0.7416
Step  250 | loss 0.4790 | val_acc 0.8099 | val_f1m 0.7617 | val_f1w 0.8044 | val_prec 0.7614 | val_rec 0.7712
Step  300 | loss 0.4014 | val_acc 0.8242 | val_f1m 0.7814 | val_f1w 0.8202 | val_prec 0.7796 | val_rec 0.7892
Step  350 | loss 0.3380 | val_acc 0.8360 | val_f1m 0.7951 | val_f1w 0.8328 | val_prec 0.7954 | val_rec 0.8013
Step  400 | loss 0.2826 | val_acc 0.8450 | val_f1m 0.8080 | val_f1w 0.8420 | val_prec 0.8078 | val_rec 0.8125
Step  450 | loss 0.2269 | val_acc 0.8480 | val_f1m 0.8103 | val_f1w 0.8455 | val_prec 0.8077 | val_rec 0.8164
Step  500 | loss 0.1862 | val_acc 0.8507 | val_f1m 0.8124 | val_f1w 0.8478 | val_prec 0.8112 | val_rec 0.8172
Step  550 | loss 0.1407 | val_acc 0.8531 | val_f1m 0.8163 | val_f1w 0.8510 | val_prec 0.8141 | val_rec 0.8214
Step  600 | loss 0.1216 | val_acc 0.8568 | val_f1m 0.8199 | val_f1w 0.8547 | val_prec 0.8174 | val_rec 0.8250
Step  650 | loss 0.0955 | val_acc 0.8588 | val_f1m 0.8229 | val_f1w 0.8568 | val_prec 0.8217 | val_rec 0.8261
Step  700 | loss 0.0837 | val_acc 0.8604 | val_f1m 0.8238 | val_f1w 0.8581 | val_prec 0.8239 | val_rec 0.8261
Step  750 | loss 0.0713 | val_acc 0.8609 | val_f1m 0.8240 | val_f1w 0.8585 | val_prec 0.8233 | val_rec 0.8273
Step  800 | loss 0.0517 | val_acc 0.8646 | val_f1m 0.8307 | val_f1w 0.8624 | val_prec 0.8299 | val_rec 0.8337
Step  850 | loss 0.0497 | val_acc 0.8658 | val_f1m 0.8317 | val_f1w 0.8635 | val_prec 0.8317 | val_rec 0.8338
Step  900 | loss 0.0415 | val_acc 0.8651 | val_f1m 0.8323 | val_f1w 0.8628 | val_prec 0.8327 | val_rec 0.8340
Step  950 | loss 0.0328 | val_acc 0.8673 | val_f1m 0.8343 | val_f1w 0.8650 | val_prec 0.8350 | val_rec 0.8356
Step 1000 | loss 0.0308 | val_acc 0.8680 | val_f1m 0.8353 | val_f1w 0.8661 | val_prec 0.8356 | val_rec 0.8367

--- Final (best ckpt @ step 962) ---
  train_acc=0.9996  val_acc=0.8690
  test_acc=0.8773  test_f1m=0.8401  test_f1w=0.8754  test_prec=0.8483  test_rec=0.8353  test_loss=0.6254
  >> best_step=962  val_acc=0.8690  test_acc=0.8773  test_f1m=0.8401

Done. Results saved to results_base.csv, checkpoints in checkpoints_base/
