Loading data...
Done loading data from cached files.

============================================================
Training SAGE 5L split=1
============================================================
Step    1 | loss 3.1991 | val_acc 0.0853 | val_f1m 0.0548 | val_f1w 0.0722 | val_prec 0.1211 | val_rec 0.0885
Step   50 | loss 1.2181 | val_acc 0.6722 | val_f1m 0.5062 | val_f1w 0.6275 | val_prec 0.5311 | val_rec 0.5311
Step  100 | loss 0.8868 | val_acc 0.7333 | val_f1m 0.6016 | val_f1w 0.7084 | val_prec 0.6392 | val_rec 0.6178
Step  150 | loss 0.7209 | val_acc 0.7719 | val_f1m 0.6786 | val_f1w 0.7576 | val_prec 0.7169 | val_rec 0.6872
Step  200 | loss 0.6085 | val_acc 0.7975 | val_f1m 0.7271 | val_f1w 0.7891 | val_prec 0.7569 | val_rec 0.7298
Step  250 | loss 0.5122 | val_acc 0.8094 | val_f1m 0.7499 | val_f1w 0.8038 | val_prec 0.7647 | val_rec 0.7533
Step  300 | loss 0.4483 | val_acc 0.8185 | val_f1m 0.7635 | val_f1w 0.8144 | val_prec 0.7712 | val_rec 0.7679
Step  350 | loss 0.3737 | val_acc 0.8254 | val_f1m 0.7734 | val_f1w 0.8219 | val_prec 0.7797 | val_rec 0.7759
Step  400 | loss 0.3139 | val_acc 0.8311 | val_f1m 0.7852 | val_f1w 0.8278 | val_prec 0.7868 | val_rec 0.7894
Step  450 | loss 0.2644 | val_acc 0.8376 | val_f1m 0.7915 | val_f1w 0.8349 | val_prec 0.7914 | val_rec 0.7956
Step  500 | loss 0.2092 | val_acc 0.8434 | val_f1m 0.8007 | val_f1w 0.8412 | val_prec 0.7983 | val_rec 0.8073
Step  550 | loss 0.1754 | val_acc 0.8477 | val_f1m 0.8048 | val_f1w 0.8451 | val_prec 0.8046 | val_rec 0.8093
Step  600 | loss 0.1400 | val_acc 0.8494 | val_f1m 0.8060 | val_f1w 0.8477 | val_prec 0.8024 | val_rec 0.8128
Step  650 | loss 0.1216 | val_acc 0.8512 | val_f1m 0.8108 | val_f1w 0.8500 | val_prec 0.8080 | val_rec 0.8156
Step  700 | loss 0.0960 | val_acc 0.8544 | val_f1m 0.8135 | val_f1w 0.8534 | val_prec 0.8101 | val_rec 0.8194
Step  750 | loss 0.0800 | val_acc 0.8563 | val_f1m 0.8160 | val_f1w 0.8554 | val_prec 0.8135 | val_rec 0.8209
Step  800 | loss 0.0661 | val_acc 0.8567 | val_f1m 0.8159 | val_f1w 0.8557 | val_prec 0.8130 | val_rec 0.8211
Step  850 | loss 0.0555 | val_acc 0.8579 | val_f1m 0.8171 | val_f1w 0.8568 | val_prec 0.8134 | val_rec 0.8236
Step  900 | loss 0.0471 | val_acc 0.8584 | val_f1m 0.8181 | val_f1w 0.8574 | val_prec 0.8145 | val_rec 0.8243
Step  950 | loss 0.0398 | val_acc 0.8597 | val_f1m 0.8201 | val_f1w 0.8586 | val_prec 0.8183 | val_rec 0.8247
Step 1000 | loss 0.0350 | val_acc 0.8574 | val_f1m 0.8156 | val_f1w 0.8562 | val_prec 0.8113 | val_rec 0.8217

--- Final (best ckpt @ step 978) ---
  train_acc=0.9996  val_acc=0.8613
  test_acc=0.8577  test_f1m=0.8208  test_f1w=0.8558  test_prec=0.8240  test_rec=0.8200  test_loss=0.8016
  >> best_step=978  val_acc=0.8613  test_acc=0.8577  test_f1m=0.8208

Done. Results saved to results_base.csv, checkpoints in checkpoints_base/
