Loading data...

============================================================
Training TABM-roman-empire GAT 1L split=6
============================================================
Step    1 | loss 3.6630 | val_acc 0.0884
Step   50 | loss 2.5550 | val_acc 0.3723
Step  100 | loss 2.1961 | val_acc 0.4611
Step  150 | loss 1.9710 | val_acc 0.5153
Step  200 | loss 1.7914 | val_acc 0.5520
Step  250 | loss 1.6452 | val_acc 0.5822
Step  300 | loss 1.5120 | val_acc 0.5940
Step  350 | loss 1.4113 | val_acc 0.6062
Step  400 | loss 1.3202 | val_acc 0.6148
Step  450 | loss 1.2460 | val_acc 0.6270
Step  500 | loss 1.1871 | val_acc 0.6358
Step  550 | loss 1.1305 | val_acc 0.6448
Step  600 | loss 1.0870 | val_acc 0.6542
Step  650 | loss 1.0496 | val_acc 0.6641
Step  700 | loss 1.0086 | val_acc 0.6699
Step  750 | loss 0.9728 | val_acc 0.6747
Step  800 | loss 0.9454 | val_acc 0.6789
Step  850 | loss 0.9095 | val_acc 0.6835
Step  900 | loss 0.8808 | val_acc 0.6865
Step  950 | loss 0.8595 | val_acc 0.6897
Step 1000 | loss 0.8306 | val_acc 0.6950

--- Final (best ckpt @ step 1000) ---
  train_acc=0.7809  val_acc=0.6950
  test_acc=0.7038  test_loss=1.0218
  test_f1m=0.6343  test_f1w=0.6992

============================================================
Training TABM-roman-empire GAT 2L split=6
============================================================
Step    1 | loss 4.1269 | val_acc 0.0383
Step   50 | loss 2.5269 | val_acc 0.3395
Step  100 | loss 2.1263 | val_acc 0.4090
Step  150 | loss 1.8926 | val_acc 0.4558
Step  200 | loss 1.7142 | val_acc 0.4946
Step  250 | loss 1.5740 | val_acc 0.5223
Step  300 | loss 1.4582 | val_acc 0.5495
Step  350 | loss 1.3458 | val_acc 0.5763
Step  400 | loss 1.2623 | val_acc 0.6055
Step  450 | loss 1.1834 | val_acc 0.6268
Step  500 | loss 1.1153 | val_acc 0.6470
Step  550 | loss 1.0630 | val_acc 0.6653
Step  600 | loss 0.9981 | val_acc 0.6759
Step  650 | loss 0.9511 | val_acc 0.6884
Step  700 | loss 0.9070 | val_acc 0.6946
Step  750 | loss 0.8662 | val_acc 0.7029
Step  800 | loss 0.8258 | val_acc 0.7089
Step  850 | loss 0.7910 | val_acc 0.7146
Step  900 | loss 0.7642 | val_acc 0.7200
Step  950 | loss 0.7294 | val_acc 0.7225
Step 1000 | loss 0.7065 | val_acc 0.7250

--- Final (best ckpt @ step 992) ---
  train_acc=0.8222  val_acc=0.7264
  test_acc=0.7337  test_loss=0.8931
  test_f1m=0.6689  test_f1w=0.7304

============================================================
Training TABM-roman-empire GAT 3L split=6
============================================================
Step    1 | loss 3.6944 | val_acc 0.1158
Step   50 | loss 2.4301 | val_acc 0.3691
Step  100 | loss 2.0453 | val_acc 0.4583
Step  150 | loss 1.7674 | val_acc 0.5352
Step  200 | loss 1.5767 | val_acc 0.5725
Step  250 | loss 1.4300 | val_acc 0.6062
Step  300 | loss 1.3123 | val_acc 0.6443
Step  350 | loss 1.2036 | val_acc 0.6695
Step  400 | loss 1.1209 | val_acc 0.6872
Step  450 | loss 1.0428 | val_acc 0.6985
Step  500 | loss 0.9709 | val_acc 0.7109
Step  550 | loss 0.9215 | val_acc 0.7186
Step  600 | loss 0.8671 | val_acc 0.7248
Step  650 | loss 0.8199 | val_acc 0.7335
Step  700 | loss 0.7811 | val_acc 0.7430
Step  750 | loss 0.7361 | val_acc 0.7522
Step  800 | loss 0.7085 | val_acc 0.7550
Step  850 | loss 0.6644 | val_acc 0.7622
Step  900 | loss 0.6365 | val_acc 0.7670
Step  950 | loss 0.6116 | val_acc 0.7721
Step 1000 | loss 0.5849 | val_acc 0.7749

--- Final (best ckpt @ step 982) ---
  train_acc=0.8873  val_acc=0.7767
  test_acc=0.7748  test_loss=0.7267
  test_f1m=0.7105  test_f1w=0.7704

============================================================
Training TABM-roman-empire GAT 4L split=6
============================================================
Step    1 | loss 3.7666 | val_acc 0.1169
Step   50 | loss 2.4120 | val_acc 0.3327
Step  100 | loss 2.0278 | val_acc 0.4392
Step  150 | loss 1.7399 | val_acc 0.5368
Step  200 | loss 1.5288 | val_acc 0.5843
Step  250 | loss 1.3815 | val_acc 0.6268
Step  300 | loss 1.2609 | val_acc 0.6579
Step  350 | loss 1.1603 | val_acc 0.6796
Step  400 | loss 1.0769 | val_acc 0.6962
Step  450 | loss 1.0047 | val_acc 0.7040
Step  500 | loss 0.9401 | val_acc 0.7206
Step  550 | loss 0.8813 | val_acc 0.7335
Step  600 | loss 0.8279 | val_acc 0.7402
Step  650 | loss 0.7801 | val_acc 0.7430
Step  700 | loss 0.7393 | val_acc 0.7523
Step  750 | loss 0.7053 | val_acc 0.7585
Step  800 | loss 0.6601 | val_acc 0.7610
Step  850 | loss 0.6237 | val_acc 0.7640
Step  900 | loss 0.5961 | val_acc 0.7680
Step  950 | loss 0.5657 | val_acc 0.7723
Step 1000 | loss 0.5447 | val_acc 0.7739

--- Final (best ckpt @ step 993) ---
  train_acc=0.9015  val_acc=0.7756
  test_acc=0.7827  test_loss=0.7149
  test_f1m=0.7229  test_f1w=0.7793

============================================================
Training TABM-roman-empire GAT 5L split=6
============================================================
Step    1 | loss 3.7031 | val_acc 0.1200
Step   50 | loss 2.3807 | val_acc 0.3590
Step  100 | loss 1.9993 | val_acc 0.4620
Step  150 | loss 1.7001 | val_acc 0.5449
Step  200 | loss 1.5032 | val_acc 0.5938
Step  250 | loss 1.3415 | val_acc 0.6320
Step  300 | loss 1.2236 | val_acc 0.6651
Step  350 | loss 1.1175 | val_acc 0.6837
Step  400 | loss 1.0231 | val_acc 0.6999
Step  450 | loss 0.9518 | val_acc 0.7114
Step  500 | loss 0.8851 | val_acc 0.7209
Step  550 | loss 0.8278 | val_acc 0.7269
Step  600 | loss 0.7797 | val_acc 0.7352
Step  650 | loss 0.7224 | val_acc 0.7455
Step  700 | loss 0.6821 | val_acc 0.7555
Step  750 | loss 0.6397 | val_acc 0.7596
Step  800 | loss 0.6016 | val_acc 0.7652
Step  850 | loss 0.5685 | val_acc 0.7705
Step  900 | loss 0.5364 | val_acc 0.7744
Step  950 | loss 0.5060 | val_acc 0.7813
Step 1000 | loss 0.4773 | val_acc 0.7848

--- Final (best ckpt @ step 999) ---
  train_acc=0.9249  val_acc=0.7848
  test_acc=0.7912  test_loss=0.6954
  test_f1m=0.7330  test_f1w=0.7890
  >> selected best layer=5 best_step=999 val_acc=0.7848 test_acc=0.7912

Done. Results saved to /home/avshmelev/diploma_yandex_graphs/results/roman_empire/tabm.csv, checkpoints in /home/avshmelev/diploma_yandex_graphs/all_checkpoints/roman_empire/tabm/
