Loading data...

============================================================
Training questions GAT 4L h=512 lr=3e-05 split=1
============================================================
Step    1 | loss 0.6756 | val_acc=0.9702 val_roc_auc=0.4713 val_loss=0.2040 val_metric_name=roc_auc val_metric=0.4713
Step   50 | loss 0.1361 | val_acc=0.9702 val_roc_auc=0.6470 val_loss=0.1436 val_metric_name=roc_auc val_metric=0.6470
Step  100 | loss 0.1323 | val_acc=0.9702 val_roc_auc=0.6929 val_loss=0.1333 val_metric_name=roc_auc val_metric=0.6929
Step  150 | loss 0.1274 | val_acc=0.9702 val_roc_auc=0.7125 val_loss=0.1254 val_metric_name=roc_auc val_metric=0.7125
Step  200 | loss 0.1241 | val_acc=0.9710 val_roc_auc=0.7295 val_loss=0.1220 val_metric_name=roc_auc val_metric=0.7295
Step  250 | loss 0.1217 | val_acc=0.9715 val_roc_auc=0.7431 val_loss=0.1199 val_metric_name=roc_auc val_metric=0.7431
Step  300 | loss 0.1206 | val_acc=0.9718 val_roc_auc=0.7550 val_loss=0.1190 val_metric_name=roc_auc val_metric=0.7550
Step  350 | loss 0.1190 | val_acc=0.9711 val_roc_auc=0.7603 val_loss=0.1187 val_metric_name=roc_auc val_metric=0.7603
Step  400 | loss 0.1161 | val_acc=0.9698 val_roc_auc=0.7634 val_loss=0.1197 val_metric_name=roc_auc val_metric=0.7634
Step  450 | loss 0.1150 | val_acc=0.9702 val_roc_auc=0.7665 val_loss=0.1192 val_metric_name=roc_auc val_metric=0.7665
Step  500 | loss 0.1140 | val_acc=0.9697 val_roc_auc=0.7688 val_loss=0.1210 val_metric_name=roc_auc val_metric=0.7688
Step  550 | loss 0.1115 | val_acc=0.9701 val_roc_auc=0.7698 val_loss=0.1216 val_metric_name=roc_auc val_metric=0.7698
Step  600 | loss 0.1112 | val_acc=0.9703 val_roc_auc=0.7712 val_loss=0.1217 val_metric_name=roc_auc val_metric=0.7712
Step  650 | loss 0.1086 | val_acc=0.9711 val_roc_auc=0.7708 val_loss=0.1198 val_metric_name=roc_auc val_metric=0.7708
Step  700 | loss 0.1071 | val_acc=0.9707 val_roc_auc=0.7709 val_loss=0.1203 val_metric_name=roc_auc val_metric=0.7709
Step  750 | loss 0.1055 | val_acc=0.9710 val_roc_auc=0.7690 val_loss=0.1201 val_metric_name=roc_auc val_metric=0.7690
Step  800 | loss 0.1041 | val_acc=0.9697 val_roc_auc=0.7701 val_loss=0.1228 val_metric_name=roc_auc val_metric=0.7701
Step  850 | loss 0.1026 | val_acc=0.9687 val_roc_auc=0.7711 val_loss=0.1260 val_metric_name=roc_auc val_metric=0.7711
Step  900 | loss 0.1011 | val_acc=0.9697 val_roc_auc=0.7679 val_loss=0.1246 val_metric_name=roc_auc val_metric=0.7679
Step  950 | loss 0.0983 | val_acc=0.9692 val_roc_auc=0.7701 val_loss=0.1255 val_metric_name=roc_auc val_metric=0.7701
Step 1000 | loss 0.0972 | val_acc=0.9694 val_roc_auc=0.7704 val_loss=0.1268 val_metric_name=roc_auc val_metric=0.7704
Step 1050 | loss 0.0945 | val_acc=0.9691 val_roc_auc=0.7683 val_loss=0.1274 val_metric_name=roc_auc val_metric=0.7683
Step 1100 | loss 0.0917 | val_acc=0.9688 val_roc_auc=0.7697 val_loss=0.1303 val_metric_name=roc_auc val_metric=0.7697
Step 1150 | loss 0.0903 | val_acc=0.9685 val_roc_auc=0.7673 val_loss=0.1325 val_metric_name=roc_auc val_metric=0.7673
Step 1200 | loss 0.0887 | val_acc=0.9670 val_roc_auc=0.7715 val_loss=0.1332 val_metric_name=roc_auc val_metric=0.7715
Step 1250 | loss 0.0879 | val_acc=0.9673 val_roc_auc=0.7716 val_loss=0.1329 val_metric_name=roc_auc val_metric=0.7716
Step 1300 | loss 0.0858 | val_acc=0.9675 val_roc_auc=0.7647 val_loss=0.1371 val_metric_name=roc_auc val_metric=0.7647
Step 1350 | loss 0.0813 | val_acc=0.9661 val_roc_auc=0.7591 val_loss=0.1416 val_metric_name=roc_auc val_metric=0.7591
Step 1400 | loss 0.0791 | val_acc=0.9659 val_roc_auc=0.7595 val_loss=0.1420 val_metric_name=roc_auc val_metric=0.7595
Step 1450 | loss 0.0769 | val_acc=0.9635 val_roc_auc=0.7575 val_loss=0.1473 val_metric_name=roc_auc val_metric=0.7575
Step 1500 | loss 0.0738 | val_acc=0.9643 val_roc_auc=0.7481 val_loss=0.1501 val_metric_name=roc_auc val_metric=0.7481
Step 1550 | loss 0.0703 | val_acc=0.9590 val_roc_auc=0.7585 val_loss=0.1549 val_metric_name=roc_auc val_metric=0.7585
Early stopping at step 1558

--- Final (best ckpt @ step 810) ---
  train_acc=0.9727 train_roc_auc=0.8719 train_loss=0.0994 train_metric_name=roc_auc train_metric=0.8719
  val_acc=0.9683 val_roc_auc=0.7725 val_loss=0.1266 val_metric_name=roc_auc val_metric=0.7725
  test_acc=0.9686 test_roc_auc=0.7855 test_loss=0.1224 test_metric_name=roc_auc test_metric=0.7855
  test_roc_auc=0.7855
  >> num_layers=4 hidden_dim=512 lr=3e-05 best_step=810 val_roc_auc=0.7725 test_roc_auc=0.7855
     val_acc=0.9683 val_loss=0.1266 val_metric=0.7725 val_metric_name=roc_auc val_roc_auc=0.7725
     test_acc=0.9686 test_loss=0.1224 test_metric=0.7855 test_metric_name=roc_auc test_roc_auc=0.7855
  >> selected best (by val): num_layers=4 hidden_dim=512 lr=3e-05 val_roc_auc=0.7725 test_roc_auc=0.7855
     val_acc=0.9683 val_loss=0.1266 val_metric=0.7725 val_metric_name=roc_auc val_roc_auc=0.7725
     test_acc=0.9686 test_loss=0.1224 test_metric=0.7855 test_metric_name=roc_auc test_roc_auc=0.7855

Done. Results saved to /home/avshmelev/diploma_yandex_graphs/results/questions/base.csv, checkpoints in /home/avshmelev/diploma_yandex_graphs/all_checkpoints/questions/base/
