Loading data...

============================================================
Training questions GCN 4L h=512 lr=3e-05 split=0
============================================================
Step    1 | loss 0.8536 | val_acc=0.9698 val_roc_auc=0.5188 val_loss=0.3269 val_metric_name=roc_auc val_metric=0.5188
Step   50 | loss 0.1341 | val_acc=0.9702 val_roc_auc=0.6415 val_loss=0.1390 val_metric_name=roc_auc val_metric=0.6415
Step  100 | loss 0.1308 | val_acc=0.9702 val_roc_auc=0.6696 val_loss=0.1340 val_metric_name=roc_auc val_metric=0.6696
Step  150 | loss 0.1263 | val_acc=0.9701 val_roc_auc=0.6930 val_loss=0.1299 val_metric_name=roc_auc val_metric=0.6930
Step  200 | loss 0.1230 | val_acc=0.9713 val_roc_auc=0.7110 val_loss=0.1271 val_metric_name=roc_auc val_metric=0.7110
Step  250 | loss 0.1209 | val_acc=0.9716 val_roc_auc=0.7236 val_loss=0.1248 val_metric_name=roc_auc val_metric=0.7236
Step  300 | loss 0.1184 | val_acc=0.9715 val_roc_auc=0.7334 val_loss=0.1232 val_metric_name=roc_auc val_metric=0.7334
Step  350 | loss 0.1167 | val_acc=0.9717 val_roc_auc=0.7413 val_loss=0.1223 val_metric_name=roc_auc val_metric=0.7413
Step  400 | loss 0.1138 | val_acc=0.9720 val_roc_auc=0.7481 val_loss=0.1216 val_metric_name=roc_auc val_metric=0.7481
Step  450 | loss 0.1112 | val_acc=0.9712 val_roc_auc=0.7542 val_loss=0.1213 val_metric_name=roc_auc val_metric=0.7542
Step  500 | loss 0.1106 | val_acc=0.9714 val_roc_auc=0.7595 val_loss=0.1215 val_metric_name=roc_auc val_metric=0.7595
Step  550 | loss 0.1078 | val_acc=0.9718 val_roc_auc=0.7635 val_loss=0.1218 val_metric_name=roc_auc val_metric=0.7635
Step  600 | loss 0.1064 | val_acc=0.9712 val_roc_auc=0.7649 val_loss=0.1220 val_metric_name=roc_auc val_metric=0.7649
Step  650 | loss 0.1054 | val_acc=0.9701 val_roc_auc=0.7659 val_loss=0.1245 val_metric_name=roc_auc val_metric=0.7659
Step  700 | loss 0.1035 | val_acc=0.9693 val_roc_auc=0.7652 val_loss=0.1241 val_metric_name=roc_auc val_metric=0.7652
Step  750 | loss 0.1012 | val_acc=0.9679 val_roc_auc=0.7661 val_loss=0.1265 val_metric_name=roc_auc val_metric=0.7661
Step  800 | loss 0.1002 | val_acc=0.9672 val_roc_auc=0.7647 val_loss=0.1275 val_metric_name=roc_auc val_metric=0.7647
Step  850 | loss 0.0973 | val_acc=0.9679 val_roc_auc=0.7640 val_loss=0.1270 val_metric_name=roc_auc val_metric=0.7640
Step  900 | loss 0.0965 | val_acc=0.9679 val_roc_auc=0.7608 val_loss=0.1291 val_metric_name=roc_auc val_metric=0.7608
Step  950 | loss 0.0934 | val_acc=0.9688 val_roc_auc=0.7577 val_loss=0.1308 val_metric_name=roc_auc val_metric=0.7577
Step 1000 | loss 0.0924 | val_acc=0.9656 val_roc_auc=0.7555 val_loss=0.1345 val_metric_name=roc_auc val_metric=0.7555
Step 1050 | loss 0.0900 | val_acc=0.9673 val_roc_auc=0.7530 val_loss=0.1354 val_metric_name=roc_auc val_metric=0.7530
Early stopping at step 1056

--- Final (best ckpt @ step 750) ---
  train_acc=0.9720 train_roc_auc=0.8666 train_loss=0.0992 train_metric_name=roc_auc train_metric=0.8666
  val_acc=0.9679 val_roc_auc=0.7661 val_loss=0.1265 val_metric_name=roc_auc val_metric=0.7661
  test_acc=0.9656 test_roc_auc=0.7691 test_loss=0.1296 test_metric_name=roc_auc test_metric=0.7691
  test_roc_auc=0.7691
  >> num_layers=4 hidden_dim=512 lr=3e-05 best_step=750 val_roc_auc=0.7661 test_roc_auc=0.7691
     val_acc=0.9679 val_loss=0.1265 val_metric=0.7661 val_metric_name=roc_auc val_roc_auc=0.7661
     test_acc=0.9656 test_loss=0.1296 test_metric=0.7691 test_metric_name=roc_auc test_roc_auc=0.7691
  >> selected best (by val): num_layers=4 hidden_dim=512 lr=3e-05 val_roc_auc=0.7661 test_roc_auc=0.7691
     val_acc=0.9679 val_loss=0.1265 val_metric=0.7661 val_metric_name=roc_auc val_roc_auc=0.7661
     test_acc=0.9656 test_loss=0.1296 test_metric=0.7691 test_metric_name=roc_auc test_roc_auc=0.7691

Done. Results saved to /home/avshmelev/diploma_yandex_graphs/results/questions/base.csv, checkpoints in /home/avshmelev/diploma_yandex_graphs/all_checkpoints/questions/base/
