Loading data...

============================================================
Training questions GT-sep 3L split=1
============================================================
Step    1 | loss 0.8758 | val_acc 0.9689
Step   50 | loss 0.1307 | val_acc 0.9702
Step  100 | loss 0.1277 | val_acc 0.9702
Step  150 | loss 0.1254 | val_acc 0.9716
Step  200 | loss 0.1228 | val_acc 0.9717
Step  250 | loss 0.1207 | val_acc 0.9717
Step  300 | loss 0.1185 | val_acc 0.9720
Step  350 | loss 0.1152 | val_acc 0.9724
Step  400 | loss 0.1111 | val_acc 0.9726
Step  450 | loss 0.1082 | val_acc 0.9723
Step  500 | loss 0.1048 | val_acc 0.9708
Step  550 | loss 0.1011 | val_acc 0.9686
Step  600 | loss 0.0953 | val_acc 0.9666
Step  650 | loss 0.0913 | val_acc 0.9641
Step  700 | loss 0.0883 | val_acc 0.9593
Step  750 | loss 0.0860 | val_acc 0.9535
Step  800 | loss 0.0814 | val_acc 0.9512
Early stopping at step 847

--- Final (best ckpt @ step 547) ---
  train_acc=0.9739  val_acc=0.9696
  test_acc=0.9696  test_loss=0.1209
  test_roc_auc=0.7815
  >> best_step=547  val_acc=0.9696  test_acc=0.9696

Done. Results saved to /home/avshmelev/diploma_yandex_graphs/results/questions/base.csv, checkpoints in /home/avshmelev/diploma_yandex_graphs/all_checkpoints/questions/base/
