Loading data...

============================================================
Training questions GT-sep 5L h=512 lr=3e-05 split=3
============================================================
Step    1 | loss 1.0411 | val_acc=0.9702 val_roc_auc=0.4258 val_loss=0.2922 val_metric_name=roc_auc val_metric=0.4258
Step   50 | loss 0.1312 | val_acc=0.9702 val_roc_auc=0.6419 val_loss=0.1362 val_metric_name=roc_auc val_metric=0.6419
Step  100 | loss 0.1268 | val_acc=0.9706 val_roc_auc=0.6641 val_loss=0.1293 val_metric_name=roc_auc val_metric=0.6641
Step  150 | loss 0.1229 | val_acc=0.9711 val_roc_auc=0.6841 val_loss=0.1264 val_metric_name=roc_auc val_metric=0.6841
Step  200 | loss 0.1201 | val_acc=0.9714 val_roc_auc=0.7022 val_loss=0.1238 val_metric_name=roc_auc val_metric=0.7022
Step  250 | loss 0.1168 | val_acc=0.9716 val_roc_auc=0.7239 val_loss=0.1215 val_metric_name=roc_auc val_metric=0.7239
Step  300 | loss 0.1130 | val_acc=0.9722 val_roc_auc=0.7472 val_loss=0.1187 val_metric_name=roc_auc val_metric=0.7472
Step  350 | loss 0.1097 | val_acc=0.9716 val_roc_auc=0.7602 val_loss=0.1175 val_metric_name=roc_auc val_metric=0.7602
Step  400 | loss 0.1050 | val_acc=0.9708 val_roc_auc=0.7655 val_loss=0.1191 val_metric_name=roc_auc val_metric=0.7655
Step  450 | loss 0.1023 | val_acc=0.9692 val_roc_auc=0.7690 val_loss=0.1234 val_metric_name=roc_auc val_metric=0.7690
Step  500 | loss 0.0986 | val_acc=0.9666 val_roc_auc=0.7716 val_loss=0.1295 val_metric_name=roc_auc val_metric=0.7716
Step  550 | loss 0.0942 | val_acc=0.9624 val_roc_auc=0.7701 val_loss=0.1345 val_metric_name=roc_auc val_metric=0.7701
Step  600 | loss 0.0908 | val_acc=0.9555 val_roc_auc=0.7664 val_loss=0.1519 val_metric_name=roc_auc val_metric=0.7664
Step  650 | loss 0.0855 | val_acc=0.9562 val_roc_auc=0.7636 val_loss=0.1523 val_metric_name=roc_auc val_metric=0.7636
Step  700 | loss 0.0826 | val_acc=0.9553 val_roc_auc=0.7570 val_loss=0.1605 val_metric_name=roc_auc val_metric=0.7570
Step  750 | loss 0.0769 | val_acc=0.9516 val_roc_auc=0.7458 val_loss=0.1696 val_metric_name=roc_auc val_metric=0.7458
Step  800 | loss 0.0727 | val_acc=0.9473 val_roc_auc=0.7355 val_loss=0.1860 val_metric_name=roc_auc val_metric=0.7355
Early stopping at step 806

--- Final (best ckpt @ step 500) ---
  train_acc=0.9725 train_roc_auc=0.8789 train_loss=0.0973 train_metric_name=roc_auc train_metric=0.8789
  val_acc=0.9666 val_roc_auc=0.7716 val_loss=0.1295 val_metric_name=roc_auc val_metric=0.7716
  test_acc=0.9648 test_roc_auc=0.7723 test_loss=0.1331 test_metric_name=roc_auc test_metric=0.7723
  test_roc_auc=0.7723
  >> num_layers=5 hidden_dim=512 lr=3e-05 best_step=500 val_roc_auc=0.7716 test_roc_auc=0.7723
     val_acc=0.9666 val_loss=0.1295 val_metric=0.7716 val_metric_name=roc_auc val_roc_auc=0.7716
     test_acc=0.9648 test_loss=0.1331 test_metric=0.7723 test_metric_name=roc_auc test_roc_auc=0.7723
  >> selected best (by val): num_layers=5 hidden_dim=512 lr=3e-05 val_roc_auc=0.7716 test_roc_auc=0.7723
     val_acc=0.9666 val_loss=0.1295 val_metric=0.7716 val_metric_name=roc_auc val_roc_auc=0.7716
     test_acc=0.9648 test_loss=0.1331 test_metric=0.7723 test_metric_name=roc_auc test_roc_auc=0.7723

Done. Results saved to /home/avshmelev/diploma_yandex_graphs/results/questions/base.csv, checkpoints in /home/avshmelev/diploma_yandex_graphs/all_checkpoints/questions/base/
