Loading data...

============================================================
Training questions GT-sep 1L split=7
============================================================
Step    1 | loss 0.7718 | val_acc 0.9479
Step   50 | loss 0.1328 | val_acc 0.9702
Step  100 | loss 0.1302 | val_acc 0.9702
Step  150 | loss 0.1278 | val_acc 0.9710
Step  200 | loss 0.1251 | val_acc 0.9715
Step  250 | loss 0.1231 | val_acc 0.9715
Step  300 | loss 0.1210 | val_acc 0.9714
Step  350 | loss 0.1180 | val_acc 0.9715
Step  400 | loss 0.1158 | val_acc 0.9719
Step  450 | loss 0.1127 | val_acc 0.9724
Step  500 | loss 0.1106 | val_acc 0.9724
Step  550 | loss 0.1083 | val_acc 0.9724
Step  600 | loss 0.1058 | val_acc 0.9720
Step  650 | loss 0.1019 | val_acc 0.9717
Step  700 | loss 0.0993 | val_acc 0.9711
Step  750 | loss 0.0941 | val_acc 0.9702
Step  800 | loss 0.0901 | val_acc 0.9692
Step  850 | loss 0.0849 | val_acc 0.9679
Step  900 | loss 0.0811 | val_acc 0.9683
Early stopping at step 917

--- Final (best ckpt @ step 617) ---
  train_acc=0.9733  val_acc=0.9720
  test_acc=0.9729  test_loss=0.1195
  test_roc_auc=0.7741
  >> best_step=617  val_acc=0.9720  test_acc=0.9729

Done. Results saved to /home/avshmelev/diploma_yandex_graphs/results/questions/base.csv, checkpoints in /home/avshmelev/diploma_yandex_graphs/all_checkpoints/questions/base/
Skipping: "Done." found in /home/avshmelev/diploma_yandex_graphs/results/questions/logs_base/GT-sep_1L_split7.log
