Loading data...

============================================================
Training questions GT-sep 2L h=512 lr=3e-05 split=0
============================================================
Step    1 | loss 0.5896 | val_acc=0.9701 val_roc_auc=0.5265 val_loss=0.2307 val_metric_name=roc_auc val_metric=0.5265
Step   50 | loss 0.1295 | val_acc=0.9702 val_roc_auc=0.6532 val_loss=0.1312 val_metric_name=roc_auc val_metric=0.6532
Step  100 | loss 0.1250 | val_acc=0.9715 val_roc_auc=0.6812 val_loss=0.1290 val_metric_name=roc_auc val_metric=0.6812
Step  150 | loss 0.1220 | val_acc=0.9716 val_roc_auc=0.6983 val_loss=0.1265 val_metric_name=roc_auc val_metric=0.6983
Step  200 | loss 0.1184 | val_acc=0.9716 val_roc_auc=0.7107 val_loss=0.1252 val_metric_name=roc_auc val_metric=0.7107
Step  250 | loss 0.1153 | val_acc=0.9720 val_roc_auc=0.7268 val_loss=0.1243 val_metric_name=roc_auc val_metric=0.7268
Step  300 | loss 0.1109 | val_acc=0.9721 val_roc_auc=0.7465 val_loss=0.1229 val_metric_name=roc_auc val_metric=0.7465
Step  350 | loss 0.1084 | val_acc=0.9724 val_roc_auc=0.7563 val_loss=0.1228 val_metric_name=roc_auc val_metric=0.7563
Step  400 | loss 0.1053 | val_acc=0.9722 val_roc_auc=0.7598 val_loss=0.1233 val_metric_name=roc_auc val_metric=0.7598
Step  450 | loss 0.1024 | val_acc=0.9718 val_roc_auc=0.7602 val_loss=0.1246 val_metric_name=roc_auc val_metric=0.7602
Step  500 | loss 0.0980 | val_acc=0.9702 val_roc_auc=0.7622 val_loss=0.1266 val_metric_name=roc_auc val_metric=0.7622
Step  550 | loss 0.0924 | val_acc=0.9692 val_roc_auc=0.7623 val_loss=0.1322 val_metric_name=roc_auc val_metric=0.7623
Step  600 | loss 0.0864 | val_acc=0.9652 val_roc_auc=0.7624 val_loss=0.1380 val_metric_name=roc_auc val_metric=0.7624
Step  650 | loss 0.0837 | val_acc=0.9639 val_roc_auc=0.7555 val_loss=0.1453 val_metric_name=roc_auc val_metric=0.7555
Step  700 | loss 0.0749 | val_acc=0.9563 val_roc_auc=0.7479 val_loss=0.1634 val_metric_name=roc_auc val_metric=0.7479
Step  750 | loss 0.0701 | val_acc=0.9557 val_roc_auc=0.7391 val_loss=0.1695 val_metric_name=roc_auc val_metric=0.7391
Step  800 | loss 0.0633 | val_acc=0.9618 val_roc_auc=0.7302 val_loss=0.1680 val_metric_name=roc_auc val_metric=0.7302
Step  850 | loss 0.0568 | val_acc=0.9508 val_roc_auc=0.7239 val_loss=0.1956 val_metric_name=roc_auc val_metric=0.7239
Early stopping at step 870

--- Final (best ckpt @ step 570) ---
  train_acc=0.9770 train_roc_auc=0.9186 train_loss=0.0785 train_metric_name=roc_auc train_metric=0.9186
  val_acc=0.9678 val_roc_auc=0.7638 val_loss=0.1330 val_metric_name=roc_auc val_metric=0.7638
  test_acc=0.9656 test_roc_auc=0.7670 test_loss=0.1381 test_metric_name=roc_auc test_metric=0.7670
  test_roc_auc=0.7670
  >> num_layers=2 hidden_dim=512 lr=3e-05 best_step=570 val_roc_auc=0.7638 test_roc_auc=0.7670
     val_acc=0.9678 val_loss=0.1330 val_metric=0.7638 val_metric_name=roc_auc val_roc_auc=0.7638
     test_acc=0.9656 test_loss=0.1381 test_metric=0.7670 test_metric_name=roc_auc test_roc_auc=0.7670
  >> selected best (by val): num_layers=2 hidden_dim=512 lr=3e-05 val_roc_auc=0.7638 test_roc_auc=0.7670
     val_acc=0.9678 val_loss=0.1330 val_metric=0.7638 val_metric_name=roc_auc val_roc_auc=0.7638
     test_acc=0.9656 test_loss=0.1381 test_metric=0.7670 test_metric_name=roc_auc test_roc_auc=0.7670

Done. Results saved to /home/avshmelev/diploma_yandex_graphs/results/questions/base.csv, checkpoints in /home/avshmelev/diploma_yandex_graphs/all_checkpoints/questions/base/
