Loading data...

============================================================
Training questions GT 3L h=512 lr=3e-05 split=2
============================================================
Step    1 | loss 0.5534 | val_acc=0.9702 val_roc_auc=0.4724 val_loss=0.1921 val_metric_name=roc_auc val_metric=0.4724
Step   50 | loss 0.1302 | val_acc=0.9702 val_roc_auc=0.6545 val_loss=0.1350 val_metric_name=roc_auc val_metric=0.6545
Step  100 | loss 0.1254 | val_acc=0.9715 val_roc_auc=0.6759 val_loss=0.1262 val_metric_name=roc_auc val_metric=0.6759
Step  150 | loss 0.1227 | val_acc=0.9717 val_roc_auc=0.7085 val_loss=0.1227 val_metric_name=roc_auc val_metric=0.7085
Step  200 | loss 0.1160 | val_acc=0.9711 val_roc_auc=0.7422 val_loss=0.1199 val_metric_name=roc_auc val_metric=0.7422
Step  250 | loss 0.1114 | val_acc=0.9720 val_roc_auc=0.7618 val_loss=0.1189 val_metric_name=roc_auc val_metric=0.7618
Step  300 | loss 0.1069 | val_acc=0.9707 val_roc_auc=0.7664 val_loss=0.1212 val_metric_name=roc_auc val_metric=0.7664
Step  350 | loss 0.1031 | val_acc=0.9687 val_roc_auc=0.7686 val_loss=0.1250 val_metric_name=roc_auc val_metric=0.7686
Step  400 | loss 0.1017 | val_acc=0.9656 val_roc_auc=0.7685 val_loss=0.1316 val_metric_name=roc_auc val_metric=0.7685
Step  450 | loss 0.0961 | val_acc=0.9605 val_roc_auc=0.7653 val_loss=0.1405 val_metric_name=roc_auc val_metric=0.7653
Step  500 | loss 0.0928 | val_acc=0.9572 val_roc_auc=0.7623 val_loss=0.1482 val_metric_name=roc_auc val_metric=0.7623
Step  550 | loss 0.0871 | val_acc=0.9487 val_roc_auc=0.7598 val_loss=0.1650 val_metric_name=roc_auc val_metric=0.7598
Step  600 | loss 0.0811 | val_acc=0.9518 val_roc_auc=0.7542 val_loss=0.1633 val_metric_name=roc_auc val_metric=0.7542
Step  650 | loss 0.0781 | val_acc=0.9416 val_roc_auc=0.7512 val_loss=0.1851 val_metric_name=roc_auc val_metric=0.7512
Early stopping at step 694

--- Final (best ckpt @ step 380) ---
  train_acc=0.9729 train_roc_auc=0.8671 train_loss=0.0982 train_metric_name=roc_auc train_metric=0.8671
  val_acc=0.9678 val_roc_auc=0.7691 val_loss=0.1269 val_metric_name=roc_auc val_metric=0.7691
  test_acc=0.9697 test_roc_auc=0.7758 test_loss=0.1233 test_metric_name=roc_auc test_metric=0.7758
  test_roc_auc=0.7758
  >> num_layers=3 hidden_dim=512 lr=3e-05 best_step=380 val_roc_auc=0.7691 test_roc_auc=0.7758
     val_acc=0.9678 val_loss=0.1269 val_metric=0.7691 val_metric_name=roc_auc val_roc_auc=0.7691
     test_acc=0.9697 test_loss=0.1233 test_metric=0.7758 test_metric_name=roc_auc test_roc_auc=0.7758
  >> selected best (by val): num_layers=3 hidden_dim=512 lr=3e-05 val_roc_auc=0.7691 test_roc_auc=0.7758
     val_acc=0.9678 val_loss=0.1269 val_metric=0.7691 val_metric_name=roc_auc val_roc_auc=0.7691
     test_acc=0.9697 test_loss=0.1233 test_metric=0.7758 test_metric_name=roc_auc test_roc_auc=0.7758

Done. Results saved to /home/avshmelev/diploma_yandex_graphs/results/questions/base.csv, checkpoints in /home/avshmelev/diploma_yandex_graphs/all_checkpoints/questions/base/
