Loading data...

============================================================
Training questions ResNet 1L h=512 lr=3e-05 split=8
============================================================
Step    1 | loss 0.7635 | val_acc=0.7738 val_roc_auc=0.5206 val_loss=0.5926 val_metric_name=roc_auc val_metric=0.5206
Step   50 | loss 0.1349 | val_acc=0.9702 val_roc_auc=0.6178 val_loss=0.1558 val_metric_name=roc_auc val_metric=0.6178
Step  100 | loss 0.1294 | val_acc=0.9705 val_roc_auc=0.6675 val_loss=0.1375 val_metric_name=roc_auc val_metric=0.6675
Step  150 | loss 0.1271 | val_acc=0.9715 val_roc_auc=0.6838 val_loss=0.1351 val_metric_name=roc_auc val_metric=0.6838
Step  200 | loss 0.1252 | val_acc=0.9715 val_roc_auc=0.6985 val_loss=0.1328 val_metric_name=roc_auc val_metric=0.6985
Step  250 | loss 0.1232 | val_acc=0.9714 val_roc_auc=0.7107 val_loss=0.1310 val_metric_name=roc_auc val_metric=0.7107
Step  300 | loss 0.1215 | val_acc=0.9714 val_roc_auc=0.7176 val_loss=0.1297 val_metric_name=roc_auc val_metric=0.7176
Step  350 | loss 0.1205 | val_acc=0.9714 val_roc_auc=0.7208 val_loss=0.1288 val_metric_name=roc_auc val_metric=0.7208
Step  400 | loss 0.1191 | val_acc=0.9718 val_roc_auc=0.7228 val_loss=0.1281 val_metric_name=roc_auc val_metric=0.7228
Step  450 | loss 0.1183 | val_acc=0.9720 val_roc_auc=0.7251 val_loss=0.1278 val_metric_name=roc_auc val_metric=0.7251
Step  500 | loss 0.1170 | val_acc=0.9720 val_roc_auc=0.7273 val_loss=0.1276 val_metric_name=roc_auc val_metric=0.7273
Step  550 | loss 0.1167 | val_acc=0.9720 val_roc_auc=0.7292 val_loss=0.1273 val_metric_name=roc_auc val_metric=0.7292
Step  600 | loss 0.1153 | val_acc=0.9722 val_roc_auc=0.7310 val_loss=0.1271 val_metric_name=roc_auc val_metric=0.7310
Step  650 | loss 0.1150 | val_acc=0.9723 val_roc_auc=0.7321 val_loss=0.1270 val_metric_name=roc_auc val_metric=0.7321
Step  700 | loss 0.1135 | val_acc=0.9729 val_roc_auc=0.7329 val_loss=0.1269 val_metric_name=roc_auc val_metric=0.7329
Step  750 | loss 0.1127 | val_acc=0.9730 val_roc_auc=0.7335 val_loss=0.1268 val_metric_name=roc_auc val_metric=0.7335
Step  800 | loss 0.1110 | val_acc=0.9729 val_roc_auc=0.7335 val_loss=0.1270 val_metric_name=roc_auc val_metric=0.7335
Step  850 | loss 0.1101 | val_acc=0.9728 val_roc_auc=0.7334 val_loss=0.1270 val_metric_name=roc_auc val_metric=0.7334
Step  900 | loss 0.1102 | val_acc=0.9729 val_roc_auc=0.7328 val_loss=0.1273 val_metric_name=roc_auc val_metric=0.7328
Step  950 | loss 0.1078 | val_acc=0.9729 val_roc_auc=0.7323 val_loss=0.1277 val_metric_name=roc_auc val_metric=0.7323
Step 1000 | loss 0.1061 | val_acc=0.9729 val_roc_auc=0.7306 val_loss=0.1284 val_metric_name=roc_auc val_metric=0.7306
Step 1050 | loss 0.1043 | val_acc=0.9728 val_roc_auc=0.7294 val_loss=0.1291 val_metric_name=roc_auc val_metric=0.7294
Early stopping at step 1070

--- Final (best ckpt @ step 770) ---
  train_acc=0.9727 train_roc_auc=0.8055 train_loss=0.1167 train_metric_name=roc_auc train_metric=0.8055
  val_acc=0.9730 val_roc_auc=0.7338 val_loss=0.1268 val_metric_name=roc_auc val_metric=0.7338
  test_acc=0.9738 test_roc_auc=0.7070 test_loss=0.1293 test_metric_name=roc_auc test_metric=0.7070
  test_roc_auc=0.7070
  >> num_layers=1 hidden_dim=512 lr=3e-05 best_step=770 val_roc_auc=0.7338 test_roc_auc=0.7070
     val_acc=0.9730 val_loss=0.1268 val_metric=0.7338 val_metric_name=roc_auc val_roc_auc=0.7338
     test_acc=0.9738 test_loss=0.1293 test_metric=0.7070 test_metric_name=roc_auc test_roc_auc=0.7070
  >> selected best (by val): num_layers=1 hidden_dim=512 lr=3e-05 val_roc_auc=0.7338 test_roc_auc=0.7070
     val_acc=0.9730 val_loss=0.1268 val_metric=0.7338 val_metric_name=roc_auc val_roc_auc=0.7338
     test_acc=0.9738 test_loss=0.1293 test_metric=0.7070 test_metric_name=roc_auc test_roc_auc=0.7070

Done. Results saved to /home/avshmelev/diploma_yandex_graphs/results/questions/base.csv, checkpoints in /home/avshmelev/diploma_yandex_graphs/all_checkpoints/questions/base/
