Loading data...

============================================================
Training questions TAG 2L split=3
============================================================
Step    1 | loss 0.6056 | val_acc 0.9702
Step   50 | loss 0.1284 | val_acc 0.9702
Step  100 | loss 0.1238 | val_acc 0.9702
Step  150 | loss 0.1198 | val_acc 0.9707
Step  200 | loss 0.1156 | val_acc 0.9713
Step  250 | loss 0.1123 | val_acc 0.9713
Step  300 | loss 0.1105 | val_acc 0.9720
Step  350 | loss 0.1072 | val_acc 0.9719
Step  400 | loss 0.1054 | val_acc 0.9719
Step  450 | loss 0.1027 | val_acc 0.9717
Step  500 | loss 0.1001 | val_acc 0.9717
Step  550 | loss 0.0970 | val_acc 0.9717
Step  600 | loss 0.0945 | val_acc 0.9710
Step  650 | loss 0.0900 | val_acc 0.9697
Step  700 | loss 0.0873 | val_acc 0.9682
Step  750 | loss 0.0846 | val_acc 0.9696
Step  800 | loss 0.0808 | val_acc 0.9693
Step  850 | loss 0.0757 | val_acc 0.9671
Step  900 | loss 0.0714 | val_acc 0.9641
Step  950 | loss 0.0682 | val_acc 0.9637
Early stopping at step 959

--- Final (best ckpt @ step 659) ---
  train_acc=0.9769  val_acc=0.9689
  test_acc=0.9687  test_loss=0.1322
  test_roc_auc=0.7736
  >> best_step=659  val_acc=0.9689  test_acc=0.9687

Done. Results saved to /home/avshmelev/diploma_yandex_graphs/results/questions/base.csv, checkpoints in /home/avshmelev/diploma_yandex_graphs/all_checkpoints/questions/base/
