Loading data...

============================================================
Training tolokers GAT-sep 4L h=512 lr=3e-05 split=9
============================================================
Step    1 | loss 0.6399 | val_acc=0.7819 val_roc_auc=0.5838 val_loss=0.5390 val_metric_name=roc_auc val_metric=0.5838
Step   50 | loss 0.4500 | val_acc=0.7792 val_roc_auc=0.7500 val_loss=0.4498 val_metric_name=roc_auc val_metric=0.7500
Step  100 | loss 0.4238 | val_acc=0.7897 val_roc_auc=0.7862 val_loss=0.4279 val_metric_name=roc_auc val_metric=0.7862
Step  150 | loss 0.4053 | val_acc=0.7901 val_roc_auc=0.8076 val_loss=0.4290 val_metric_name=roc_auc val_metric=0.8076
Step  200 | loss 0.3938 | val_acc=0.7897 val_roc_auc=0.8193 val_loss=0.4354 val_metric_name=roc_auc val_metric=0.8193
Step  250 | loss 0.3774 | val_acc=0.7911 val_roc_auc=0.8251 val_loss=0.4484 val_metric_name=roc_auc val_metric=0.8251
Step  300 | loss 0.3659 | val_acc=0.7179 val_roc_auc=0.8175 val_loss=0.5511 val_metric_name=roc_auc val_metric=0.8175
Step  350 | loss 0.3616 | val_acc=0.7523 val_roc_auc=0.8237 val_loss=0.5223 val_metric_name=roc_auc val_metric=0.8237
Step  400 | loss 0.3620 | val_acc=0.6859 val_roc_auc=0.8136 val_loss=0.6760 val_metric_name=roc_auc val_metric=0.8136
Step  450 | loss 0.3556 | val_acc=0.7496 val_roc_auc=0.8253 val_loss=0.5482 val_metric_name=roc_auc val_metric=0.8253
Step  500 | loss 0.3531 | val_acc=0.7309 val_roc_auc=0.8216 val_loss=0.5871 val_metric_name=roc_auc val_metric=0.8216
Step  550 | loss 0.3523 | val_acc=0.7383 val_roc_auc=0.8224 val_loss=0.5734 val_metric_name=roc_auc val_metric=0.8224
Step  600 | loss 0.3427 | val_acc=0.7652 val_roc_auc=0.8294 val_loss=0.5176 val_metric_name=roc_auc val_metric=0.8294
Step  650 | loss 0.3525 | val_acc=0.7611 val_roc_auc=0.8281 val_loss=0.5393 val_metric_name=roc_auc val_metric=0.8281
Step  700 | loss 0.3374 | val_acc=0.7679 val_roc_auc=0.8281 val_loss=0.5353 val_metric_name=roc_auc val_metric=0.8281
Step  750 | loss 0.3333 | val_acc=0.7734 val_roc_auc=0.8299 val_loss=0.5233 val_metric_name=roc_auc val_metric=0.8299
Step  800 | loss 0.3287 | val_acc=0.7717 val_roc_auc=0.8283 val_loss=0.5365 val_metric_name=roc_auc val_metric=0.8283
Step  850 | loss 0.3315 | val_acc=0.7795 val_roc_auc=0.8276 val_loss=0.5401 val_metric_name=roc_auc val_metric=0.8276
Step  900 | loss 0.3143 | val_acc=0.7792 val_roc_auc=0.8267 val_loss=0.5386 val_metric_name=roc_auc val_metric=0.8267
Step  950 | loss 0.3116 | val_acc=0.7863 val_roc_auc=0.8255 val_loss=0.5209 val_metric_name=roc_auc val_metric=0.8255
Step 1000 | loss 0.3105 | val_acc=0.7979 val_roc_auc=0.8244 val_loss=0.5134 val_metric_name=roc_auc val_metric=0.8244
Early stopping at step 1036

--- Final (best ckpt @ step 680) ---
  train_acc=0.8188 train_roc_auc=0.8796 train_loss=0.3900 train_metric_name=roc_auc train_metric=0.8796
  val_acc=0.7880 val_roc_auc=0.8323 val_loss=0.4927 val_metric_name=roc_auc val_metric=0.8323
  test_acc=0.7888 test_roc_auc=0.8438 test_loss=0.4686 test_metric_name=roc_auc test_metric=0.8438
  test_roc_auc=0.8438
  >> num_layers=4 hidden_dim=512 lr=3e-05 best_step=680 val_roc_auc=0.8323 test_roc_auc=0.8438
     val_acc=0.7880 val_loss=0.4927 val_metric=0.8323 val_metric_name=roc_auc val_roc_auc=0.8323
     test_acc=0.7888 test_loss=0.4686 test_metric=0.8438 test_metric_name=roc_auc test_roc_auc=0.8438
  >> selected best (by val): num_layers=4 hidden_dim=512 lr=3e-05 val_roc_auc=0.8323 test_roc_auc=0.8438
     val_acc=0.7880 val_loss=0.4927 val_metric=0.8323 val_metric_name=roc_auc val_roc_auc=0.8323
     test_acc=0.7888 test_loss=0.4686 test_metric=0.8438 test_metric_name=roc_auc test_roc_auc=0.8438

Done. Results saved to /home/avshmelev/diploma_yandex_graphs/results/tolokers/base.csv, checkpoints in /home/avshmelev/diploma_yandex_graphs/all_checkpoints/tolokers/base/
