Loading data...

============================================================
Training tolokers GAT-sep 5L split=9
============================================================
Step    1 | loss 0.6398 | val_acc 0.7819
Step   50 | loss 0.4456 | val_acc 0.7782
Step  100 | loss 0.4202 | val_acc 0.7907
Step  150 | loss 0.3986 | val_acc 0.7938
Step  200 | loss 0.3895 | val_acc 0.8044
Step  250 | loss 0.3734 | val_acc 0.7928
Step  300 | loss 0.3666 | val_acc 0.7241
Step  350 | loss 0.3633 | val_acc 0.7489
Step  400 | loss 0.3557 | val_acc 0.7516
Step  450 | loss 0.3620 | val_acc 0.7972
Step  500 | loss 0.3506 | val_acc 0.7581
Step  550 | loss 0.3465 | val_acc 0.7503
Step  600 | loss 0.3440 | val_acc 0.7812
Step  650 | loss 0.3377 | val_acc 0.7751
Step  700 | loss 0.3358 | val_acc 0.7853
Early stopping at step 742

--- Final (best ckpt @ step 442) ---
  train_acc=0.8197  val_acc=0.8030
  test_acc=0.8027  test_loss=0.4201
  test_roc_auc=0.8461
  >> best_step=442  val_acc=0.8030  test_acc=0.8027

Done. Results saved to /home/avshmelev/diploma_yandex_graphs/results/tolokers/base.csv, checkpoints in /home/avshmelev/diploma_yandex_graphs/all_checkpoints/tolokers/base/
