Loading data...

============================================================
Training tolokers GAT 2L split=8
============================================================
Step    1 | loss 0.8968 | val_acc 0.4593
Step   50 | loss 0.4884 | val_acc 0.7822
Step  100 | loss 0.4714 | val_acc 0.7822
Step  150 | loss 0.4526 | val_acc 0.7839
Step  200 | loss 0.4369 | val_acc 0.7846
Step  250 | loss 0.4242 | val_acc 0.7931
Step  300 | loss 0.4194 | val_acc 0.7952
Step  350 | loss 0.4117 | val_acc 0.8013
Step  400 | loss 0.4042 | val_acc 0.8027
Step  450 | loss 0.3973 | val_acc 0.8047
Step  500 | loss 0.3937 | val_acc 0.8057
Step  550 | loss 0.3917 | val_acc 0.8078
Step  600 | loss 0.3910 | val_acc 0.8037
Step  650 | loss 0.3843 | val_acc 0.8098
Step  700 | loss 0.3820 | val_acc 0.8108
Step  750 | loss 0.3774 | val_acc 0.8118
Step  800 | loss 0.3770 | val_acc 0.8149
Step  850 | loss 0.3741 | val_acc 0.8152
Step  900 | loss 0.3713 | val_acc 0.8149
Step  950 | loss 0.3662 | val_acc 0.8152
Step 1000 | loss 0.3650 | val_acc 0.8101

--- Final (best ckpt @ step 996) ---
  train_acc=0.8365  val_acc=0.8193
  test_acc=0.8126  test_loss=0.4097
  test_roc_auc=0.8414
  >> best_step=996  val_acc=0.8193  test_acc=0.8126

Done. Results saved to /home/avshmelev/diploma_yandex_graphs/results/tolokers/base.csv, checkpoints in /home/avshmelev/diploma_yandex_graphs/all_checkpoints/tolokers/base/
