Loading data...

============================================================
Training tolokers GCN 5L split=3
============================================================
Step    1 | loss 0.5417 | val_acc 0.7819
Step   50 | loss 0.4571 | val_acc 0.7843
Step  100 | loss 0.4344 | val_acc 0.7839
Step  150 | loss 0.4221 | val_acc 0.7921
Step  200 | loss 0.4125 | val_acc 0.7989
Step  250 | loss 0.4043 | val_acc 0.8050
Step  300 | loss 0.4013 | val_acc 0.8057
Step  350 | loss 0.3961 | val_acc 0.8095
Step  400 | loss 0.3913 | val_acc 0.8084
Step  450 | loss 0.3837 | val_acc 0.8091
Step  500 | loss 0.3804 | val_acc 0.8088
Step  550 | loss 0.3761 | val_acc 0.8095
Step  600 | loss 0.3782 | val_acc 0.8125
Step  650 | loss 0.3696 | val_acc 0.8132
Step  700 | loss 0.3697 | val_acc 0.8115
Step  750 | loss 0.3703 | val_acc 0.8095
Step  800 | loss 0.3706 | val_acc 0.8006
Step  850 | loss 0.3633 | val_acc 0.7989
Step  900 | loss 0.3637 | val_acc 0.7795
Early stopping at step 933

--- Final (best ckpt @ step 633) ---
  train_acc=0.8245  val_acc=0.8108
  test_acc=0.8177  test_loss=0.3953
  test_roc_auc=0.8357
  >> best_step=633  val_acc=0.8108  test_acc=0.8177

Done. Results saved to /home/avshmelev/diploma_yandex_graphs/results/tolokers/base.csv, checkpoints in /home/avshmelev/diploma_yandex_graphs/all_checkpoints/tolokers/base/
Skipping: "Done." found in /home/avshmelev/diploma_yandex_graphs/results/tolokers/logs_base/GCN_5L_split3.log
