Loading data...

============================================================
Training tolokers SAGE 2L split=2
============================================================
Step    1 | loss 0.8401 | val_acc 0.7465
Step   50 | loss 0.4666 | val_acc 0.7822
Step  100 | loss 0.4479 | val_acc 0.7802
Step  150 | loss 0.4352 | val_acc 0.7819
Step  200 | loss 0.4295 | val_acc 0.7829
Step  250 | loss 0.4262 | val_acc 0.7833
Step  300 | loss 0.4214 | val_acc 0.7833
Step  350 | loss 0.4155 | val_acc 0.7863
Step  400 | loss 0.4131 | val_acc 0.7856
Step  450 | loss 0.4097 | val_acc 0.7887
Step  500 | loss 0.4020 | val_acc 0.7897
Step  550 | loss 0.3996 | val_acc 0.7952
Step  600 | loss 0.3952 | val_acc 0.7938
Step  650 | loss 0.3869 | val_acc 0.7976
Step  700 | loss 0.3840 | val_acc 0.7928
Step  750 | loss 0.3809 | val_acc 0.7948
Step  800 | loss 0.3754 | val_acc 0.7962
Step  850 | loss 0.3768 | val_acc 0.7972
Step  900 | loss 0.3752 | val_acc 0.7976
Step  950 | loss 0.3739 | val_acc 0.7965
Step 1000 | loss 0.3649 | val_acc 0.7955

--- Final (best ckpt @ step 803) ---
  train_acc=0.8068  val_acc=0.7986
  test_acc=0.8082  test_loss=0.4209
  test_roc_auc=0.8251
  >> best_step=803  val_acc=0.7986  test_acc=0.8082

Done. Results saved to /home/avshmelev/diploma_yandex_graphs/results/tolokers/base.csv, checkpoints in /home/avshmelev/diploma_yandex_graphs/all_checkpoints/tolokers/base/
Skipping: "Done." found in /home/avshmelev/diploma_yandex_graphs/results/tolokers/logs_base/SAGE_2L_split2.log
