Loading data...

============================================================
Training tolokers SAGE 3L split=4
============================================================
Step    1 | loss 0.6090 | val_acc 0.7819
Step   50 | loss 0.4495 | val_acc 0.7802
Step  100 | loss 0.4306 | val_acc 0.7741
Step  150 | loss 0.4211 | val_acc 0.7771
Step  200 | loss 0.4151 | val_acc 0.7761
Step  250 | loss 0.4092 | val_acc 0.7839
Step  300 | loss 0.4032 | val_acc 0.7822
Step  350 | loss 0.4030 | val_acc 0.7877
Step  400 | loss 0.3971 | val_acc 0.7877
Step  450 | loss 0.3904 | val_acc 0.7935
Step  500 | loss 0.3871 | val_acc 0.7965
Step  550 | loss 0.3806 | val_acc 0.7955
Step  600 | loss 0.3819 | val_acc 0.7965
Step  650 | loss 0.3752 | val_acc 0.7962
Step  700 | loss 0.3726 | val_acc 0.7982
Step  750 | loss 0.3703 | val_acc 0.8006
Step  800 | loss 0.3655 | val_acc 0.8010
Step  850 | loss 0.3676 | val_acc 0.7979
Step  900 | loss 0.3681 | val_acc 0.8013
Step  950 | loss 0.3612 | val_acc 0.7989
Step 1000 | loss 0.3620 | val_acc 0.7972

--- Final (best ckpt @ step 989) ---
  train_acc=0.8275  val_acc=0.8081
  test_acc=0.8078  test_loss=0.4519
  test_roc_auc=0.8322
  >> best_step=989  val_acc=0.8081  test_acc=0.8078

Done. Results saved to /home/avshmelev/diploma_yandex_graphs/results/tolokers/base.csv, checkpoints in /home/avshmelev/diploma_yandex_graphs/all_checkpoints/tolokers/base/
Skipping: "Done." found in /home/avshmelev/diploma_yandex_graphs/results/tolokers/logs_base/SAGE_3L_split4.log
