Loading data...

============================================================
Training tolokers TAG 4L split=5
============================================================
Step    1 | loss 0.8657 | val_acc 0.7812
Step   50 | loss 0.4449 | val_acc 0.7880
Step  100 | loss 0.4187 | val_acc 0.7965
Step  150 | loss 0.3999 | val_acc 0.7952
Step  200 | loss 0.3874 | val_acc 0.7986
Step  250 | loss 0.3786 | val_acc 0.8071
Step  300 | loss 0.3759 | val_acc 0.8084
Step  350 | loss 0.3671 | val_acc 0.8098
Step  400 | loss 0.3668 | val_acc 0.8074
Step  450 | loss 0.3545 | val_acc 0.8176
Step  500 | loss 0.3517 | val_acc 0.8180
Step  550 | loss 0.3513 | val_acc 0.8186
Step  600 | loss 0.3468 | val_acc 0.8197
Step  650 | loss 0.3431 | val_acc 0.8190
Step  700 | loss 0.3420 | val_acc 0.8197
Step  750 | loss 0.3384 | val_acc 0.8214
Step  800 | loss 0.3350 | val_acc 0.8200
Step  850 | loss 0.3295 | val_acc 0.8203
Step  900 | loss 0.3302 | val_acc 0.8224
Step  950 | loss 0.3235 | val_acc 0.8224
Step 1000 | loss 0.3218 | val_acc 0.8220

--- Final (best ckpt @ step 703) ---
  train_acc=0.8370  val_acc=0.8203
  test_acc=0.8065  test_loss=0.4498
  test_roc_auc=0.8338
  >> best_step=703  val_acc=0.8203  test_acc=0.8065

Done. Results saved to /home/avshmelev/diploma_yandex_graphs/results/tolokers/base.csv, checkpoints in /home/avshmelev/diploma_yandex_graphs/all_checkpoints/tolokers/base/
