Loading data...

============================================================
Training amazon-ratings GAT-sep 1L h=512 lr=3e-05 split=1
============================================================
Step    1 | loss 1.6656 | val_acc=0.3477 val_loss=1.5050 val_f1_macro=0.1466 val_f1_weighted=0.2436 val_prec_macro=0.2104 val_rec_macro=0.1997 val_metric_name=acc val_metric=0.3477
Step   50 | loss 1.4053 | val_acc=0.3861 val_loss=1.3964 val_f1_macro=0.1829 val_f1_weighted=0.2956 val_prec_macro=0.2234 val_rec_macro=0.2298 val_metric_name=acc val_metric=0.3861
Step  100 | loss 1.3723 | val_acc=0.4075 val_loss=1.3711 val_f1_macro=0.2187 val_f1_weighted=0.3398 val_prec_macro=0.2380 val_rec_macro=0.2526 val_metric_name=acc val_metric=0.4075
Step  150 | loss 1.3344 | val_acc=0.4153 val_loss=1.3645 val_f1_macro=0.2371 val_f1_weighted=0.3607 val_prec_macro=0.3412 val_rec_macro=0.2658 val_metric_name=acc val_metric=0.4153
Step  200 | loss 1.3015 | val_acc=0.4241 val_loss=1.3662 val_f1_macro=0.2539 val_f1_weighted=0.3759 val_prec_macro=0.3659 val_rec_macro=0.2785 val_metric_name=acc val_metric=0.4241
Step  250 | loss 1.2552 | val_acc=0.4321 val_loss=1.3815 val_f1_macro=0.2746 val_f1_weighted=0.3895 val_prec_macro=0.3968 val_rec_macro=0.2917 val_metric_name=acc val_metric=0.4321
Step  300 | loss 1.1954 | val_acc=0.4432 val_loss=1.3872 val_f1_macro=0.2999 val_f1_weighted=0.4080 val_prec_macro=0.4169 val_rec_macro=0.3087 val_metric_name=acc val_metric=0.4432
Step  350 | loss 1.1247 | val_acc=0.4530 val_loss=1.3836 val_f1_macro=0.3209 val_f1_weighted=0.4236 val_prec_macro=0.4279 val_rec_macro=0.3210 val_metric_name=acc val_metric=0.4530
Step  400 | loss 1.0468 | val_acc=0.4659 val_loss=1.4043 val_f1_macro=0.3439 val_f1_weighted=0.4397 val_prec_macro=0.4591 val_rec_macro=0.3391 val_metric_name=acc val_metric=0.4659
Step  450 | loss 0.9395 | val_acc=0.4775 val_loss=1.4303 val_f1_macro=0.3712 val_f1_weighted=0.4566 val_prec_macro=0.4700 val_rec_macro=0.3596 val_metric_name=acc val_metric=0.4775
Step  500 | loss 0.8265 | val_acc=0.4855 val_loss=1.4815 val_f1_macro=0.3888 val_f1_weighted=0.4683 val_prec_macro=0.4858 val_rec_macro=0.3720 val_metric_name=acc val_metric=0.4855
Step  550 | loss 0.7220 | val_acc=0.4976 val_loss=1.5465 val_f1_macro=0.4128 val_f1_weighted=0.4841 val_prec_macro=0.5078 val_rec_macro=0.3922 val_metric_name=acc val_metric=0.4976
Step  600 | loss 0.6266 | val_acc=0.5105 val_loss=1.6338 val_f1_macro=0.4349 val_f1_weighted=0.4988 val_prec_macro=0.5313 val_rec_macro=0.4102 val_metric_name=acc val_metric=0.5105
Step  650 | loss 0.5374 | val_acc=0.5187 val_loss=1.7420 val_f1_macro=0.4520 val_f1_weighted=0.5085 val_prec_macro=0.5448 val_rec_macro=0.4241 val_metric_name=acc val_metric=0.5187
Step  700 | loss 0.4475 | val_acc=0.5270 val_loss=1.8598 val_f1_macro=0.4665 val_f1_weighted=0.5177 val_prec_macro=0.5505 val_rec_macro=0.4376 val_metric_name=acc val_metric=0.5270
Step  750 | loss 0.3764 | val_acc=0.5314 val_loss=1.9661 val_f1_macro=0.4753 val_f1_weighted=0.5235 val_prec_macro=0.5519 val_rec_macro=0.4465 val_metric_name=acc val_metric=0.5314
Step  800 | loss 0.3226 | val_acc=0.5358 val_loss=2.0834 val_f1_macro=0.4819 val_f1_weighted=0.5285 val_prec_macro=0.5597 val_rec_macro=0.4523 val_metric_name=acc val_metric=0.5358
Step  850 | loss 0.2811 | val_acc=0.5390 val_loss=2.1917 val_f1_macro=0.4861 val_f1_weighted=0.5314 val_prec_macro=0.5609 val_rec_macro=0.4564 val_metric_name=acc val_metric=0.5390
Step  900 | loss 0.2403 | val_acc=0.5411 val_loss=2.2868 val_f1_macro=0.4881 val_f1_weighted=0.5337 val_prec_macro=0.5604 val_rec_macro=0.4588 val_metric_name=acc val_metric=0.5411
Step  950 | loss 0.2161 | val_acc=0.5425 val_loss=2.3804 val_f1_macro=0.4924 val_f1_weighted=0.5354 val_prec_macro=0.5656 val_rec_macro=0.4624 val_metric_name=acc val_metric=0.5425
Step 1000 | loss 0.1973 | val_acc=0.5430 val_loss=2.4615 val_f1_macro=0.4925 val_f1_weighted=0.5361 val_prec_macro=0.5594 val_rec_macro=0.4640 val_metric_name=acc val_metric=0.5430
Step 1050 | loss 0.1613 | val_acc=0.5425 val_loss=2.5380 val_f1_macro=0.4903 val_f1_weighted=0.5360 val_prec_macro=0.5539 val_rec_macro=0.4630 val_metric_name=acc val_metric=0.5425
Step 1100 | loss 0.1499 | val_acc=0.5453 val_loss=2.6118 val_f1_macro=0.4937 val_f1_weighted=0.5385 val_prec_macro=0.5603 val_rec_macro=0.4652 val_metric_name=acc val_metric=0.5453
Step 1150 | loss 0.1370 | val_acc=0.5430 val_loss=2.6885 val_f1_macro=0.4915 val_f1_weighted=0.5362 val_prec_macro=0.5576 val_rec_macro=0.4634 val_metric_name=acc val_metric=0.5430
Step 1200 | loss 0.1290 | val_acc=0.5453 val_loss=2.7501 val_f1_macro=0.4941 val_f1_weighted=0.5383 val_prec_macro=0.5585 val_rec_macro=0.4657 val_metric_name=acc val_metric=0.5453
Step 1250 | loss 0.1195 | val_acc=0.5425 val_loss=2.8107 val_f1_macro=0.4922 val_f1_weighted=0.5358 val_prec_macro=0.5545 val_rec_macro=0.4644 val_metric_name=acc val_metric=0.5425
Step 1300 | loss 0.1079 | val_acc=0.5440 val_loss=2.8666 val_f1_macro=0.4936 val_f1_weighted=0.5375 val_prec_macro=0.5570 val_rec_macro=0.4657 val_metric_name=acc val_metric=0.5440
Step 1350 | loss 0.1033 | val_acc=0.5465 val_loss=2.9152 val_f1_macro=0.4966 val_f1_weighted=0.5401 val_prec_macro=0.5566 val_rec_macro=0.4691 val_metric_name=acc val_metric=0.5465
Step 1400 | loss 0.0962 | val_acc=0.5440 val_loss=2.9670 val_f1_macro=0.4947 val_f1_weighted=0.5377 val_prec_macro=0.5547 val_rec_macro=0.4673 val_metric_name=acc val_metric=0.5440
Step 1450 | loss 0.0914 | val_acc=0.5448 val_loss=3.0134 val_f1_macro=0.4952 val_f1_weighted=0.5390 val_prec_macro=0.5509 val_rec_macro=0.4691 val_metric_name=acc val_metric=0.5448
Step 1500 | loss 0.0832 | val_acc=0.5484 val_loss=3.0659 val_f1_macro=0.4976 val_f1_weighted=0.5417 val_prec_macro=0.5596 val_rec_macro=0.4698 val_metric_name=acc val_metric=0.5484
Step 1550 | loss 0.0771 | val_acc=0.5450 val_loss=3.1177 val_f1_macro=0.4950 val_f1_weighted=0.5388 val_prec_macro=0.5525 val_rec_macro=0.4682 val_metric_name=acc val_metric=0.5450
Step 1600 | loss 0.0751 | val_acc=0.5474 val_loss=3.1654 val_f1_macro=0.4961 val_f1_weighted=0.5409 val_prec_macro=0.5514 val_rec_macro=0.4700 val_metric_name=acc val_metric=0.5474
Step 1650 | loss 0.0658 | val_acc=0.5471 val_loss=3.2030 val_f1_macro=0.4962 val_f1_weighted=0.5408 val_prec_macro=0.5508 val_rec_macro=0.4704 val_metric_name=acc val_metric=0.5471
Step 1700 | loss 0.0662 | val_acc=0.5468 val_loss=3.2465 val_f1_macro=0.4961 val_f1_weighted=0.5405 val_prec_macro=0.5510 val_rec_macro=0.4701 val_metric_name=acc val_metric=0.5468
Step 1750 | loss 0.0609 | val_acc=0.5501 val_loss=3.2754 val_f1_macro=0.4977 val_f1_weighted=0.5437 val_prec_macro=0.5524 val_rec_macro=0.4719 val_metric_name=acc val_metric=0.5501
Step 1800 | loss 0.0536 | val_acc=0.5471 val_loss=3.3245 val_f1_macro=0.4947 val_f1_weighted=0.5404 val_prec_macro=0.5519 val_rec_macro=0.4679 val_metric_name=acc val_metric=0.5471
Step 1850 | loss 0.0541 | val_acc=0.5471 val_loss=3.3538 val_f1_macro=0.4949 val_f1_weighted=0.5409 val_prec_macro=0.5468 val_rec_macro=0.4699 val_metric_name=acc val_metric=0.5471
Step 1900 | loss 0.0513 | val_acc=0.5483 val_loss=3.3807 val_f1_macro=0.4980 val_f1_weighted=0.5426 val_prec_macro=0.5504 val_rec_macro=0.4727 val_metric_name=acc val_metric=0.5483
Step 1950 | loss 0.0528 | val_acc=0.5501 val_loss=3.4209 val_f1_macro=0.4980 val_f1_weighted=0.5439 val_prec_macro=0.5495 val_rec_macro=0.4730 val_metric_name=acc val_metric=0.5501
Step 2000 | loss 0.0476 | val_acc=0.5483 val_loss=3.4495 val_f1_macro=0.4963 val_f1_weighted=0.5419 val_prec_macro=0.5495 val_rec_macro=0.4707 val_metric_name=acc val_metric=0.5483
Step 2050 | loss 0.0496 | val_acc=0.5471 val_loss=3.4818 val_f1_macro=0.4965 val_f1_weighted=0.5413 val_prec_macro=0.5500 val_rec_macro=0.4712 val_metric_name=acc val_metric=0.5471
Step 2100 | loss 0.0419 | val_acc=0.5465 val_loss=3.5126 val_f1_macro=0.4962 val_f1_weighted=0.5406 val_prec_macro=0.5479 val_rec_macro=0.4710 val_metric_name=acc val_metric=0.5465
Step 2150 | loss 0.0408 | val_acc=0.5478 val_loss=3.5450 val_f1_macro=0.4978 val_f1_weighted=0.5420 val_prec_macro=0.5504 val_rec_macro=0.4723 val_metric_name=acc val_metric=0.5478
Step 2200 | loss 0.0395 | val_acc=0.5484 val_loss=3.5769 val_f1_macro=0.4971 val_f1_weighted=0.5423 val_prec_macro=0.5509 val_rec_macro=0.4716 val_metric_name=acc val_metric=0.5484
Step 2250 | loss 0.0395 | val_acc=0.5491 val_loss=3.6023 val_f1_macro=0.4975 val_f1_weighted=0.5429 val_prec_macro=0.5502 val_rec_macro=0.4721 val_metric_name=acc val_metric=0.5491
Step 2300 | loss 0.0381 | val_acc=0.5486 val_loss=3.6344 val_f1_macro=0.4980 val_f1_weighted=0.5427 val_prec_macro=0.5504 val_rec_macro=0.4725 val_metric_name=acc val_metric=0.5486
Step 2350 | loss 0.0316 | val_acc=0.5471 val_loss=3.6605 val_f1_macro=0.4966 val_f1_weighted=0.5413 val_prec_macro=0.5481 val_rec_macro=0.4715 val_metric_name=acc val_metric=0.5471
Step 2400 | loss 0.0343 | val_acc=0.5479 val_loss=3.6874 val_f1_macro=0.4980 val_f1_weighted=0.5423 val_prec_macro=0.5498 val_rec_macro=0.4725 val_metric_name=acc val_metric=0.5479
Step 2450 | loss 0.0316 | val_acc=0.5474 val_loss=3.7162 val_f1_macro=0.4971 val_f1_weighted=0.5416 val_prec_macro=0.5479 val_rec_macro=0.4718 val_metric_name=acc val_metric=0.5474
Step 2500 | loss 0.0327 | val_acc=0.5471 val_loss=3.7414 val_f1_macro=0.4955 val_f1_weighted=0.5410 val_prec_macro=0.5458 val_rec_macro=0.4707 val_metric_name=acc val_metric=0.5471
Step 2550 | loss 0.0329 | val_acc=0.5491 val_loss=3.7559 val_f1_macro=0.4977 val_f1_weighted=0.5434 val_prec_macro=0.5487 val_rec_macro=0.4727 val_metric_name=acc val_metric=0.5491
Step 2600 | loss 0.0286 | val_acc=0.5481 val_loss=3.7854 val_f1_macro=0.4965 val_f1_weighted=0.5424 val_prec_macro=0.5430 val_rec_macro=0.4726 val_metric_name=acc val_metric=0.5481
Step 2650 | loss 0.0295 | val_acc=0.5476 val_loss=3.8090 val_f1_macro=0.4966 val_f1_weighted=0.5422 val_prec_macro=0.5440 val_rec_macro=0.4727 val_metric_name=acc val_metric=0.5476
Step 2700 | loss 0.0254 | val_acc=0.5504 val_loss=3.8412 val_f1_macro=0.4992 val_f1_weighted=0.5444 val_prec_macro=0.5497 val_rec_macro=0.4744 val_metric_name=acc val_metric=0.5504
Step 2750 | loss 0.0264 | val_acc=0.5491 val_loss=3.8553 val_f1_macro=0.4979 val_f1_weighted=0.5434 val_prec_macro=0.5470 val_rec_macro=0.4733 val_metric_name=acc val_metric=0.5491
Step 2800 | loss 0.0246 | val_acc=0.5471 val_loss=3.8793 val_f1_macro=0.4958 val_f1_weighted=0.5414 val_prec_macro=0.5449 val_rec_macro=0.4714 val_metric_name=acc val_metric=0.5471
Early stopping at step 2823

--- Final (best ckpt @ step 2170) ---
  train_acc=0.9997 train_loss=0.0010 train_f1_macro=0.9997 train_f1_weighted=0.9997 train_prec_macro=0.9998 train_rec_macro=0.9996 train_metric_name=acc train_metric=0.9997
  val_acc=0.5505 val_loss=3.5635 val_f1_macro=0.5000 val_f1_weighted=0.5444 val_prec_macro=0.5541 val_rec_macro=0.4739 val_metric_name=acc val_metric=0.5505
  test_acc=0.5439 test_loss=3.5749 test_f1_macro=0.4965 test_f1_weighted=0.5384 test_prec_macro=0.5538 test_rec_macro=0.4700 test_metric_name=acc test_metric=0.5439
  test_acc=0.5439
  >> num_layers=1 hidden_dim=512 lr=3e-05 best_step=2170 val_acc=0.5505 test_acc=0.5439
     val_acc=0.5505 val_f1_macro=0.5000 val_f1_weighted=0.5444 val_loss=3.5635 val_metric=0.5505 val_metric_name=acc val_prec_macro=0.5541 val_rec_macro=0.4739
     test_acc=0.5439 test_f1_macro=0.4965 test_f1_weighted=0.5384 test_loss=3.5749 test_metric=0.5439 test_metric_name=acc test_prec_macro=0.5538 test_rec_macro=0.4700
  >> selected best (by val): num_layers=1 hidden_dim=512 lr=3e-05 val_acc=0.5505 test_acc=0.5439
     val_acc=0.5505 val_f1_macro=0.5000 val_f1_weighted=0.5444 val_loss=3.5635 val_metric=0.5505 val_metric_name=acc val_prec_macro=0.5541 val_rec_macro=0.4739
     test_acc=0.5439 test_f1_macro=0.4965 test_f1_weighted=0.5384 test_loss=3.5749 test_metric=0.5439 test_metric_name=acc test_prec_macro=0.5538 test_rec_macro=0.4700

Done. Results saved to /home/avshmelev/diploma_yandex_graphs/results2/amazon_ratings/base.csv, checkpoints in /home/avshmelev/diploma_yandex_graphs/all_checkpoints2/amazon_ratings/base/
