Loading data...

============================================================
Training amazon-ratings GAT-sep 1L h=512 lr=3e-05 split=4
============================================================
Step    1 | loss 1.7853 | val_acc=0.2618 val_loss=1.5950 val_f1_macro=0.1264 val_f1_weighted=0.1593 val_prec_macro=0.2103 val_rec_macro=0.2021 val_metric_name=acc val_metric=0.2618
Step   50 | loss 1.4193 | val_acc=0.3874 val_loss=1.3980 val_f1_macro=0.1628 val_f1_weighted=0.2715 val_prec_macro=0.2103 val_rec_macro=0.2215 val_metric_name=acc val_metric=0.3874
Step  100 | loss 1.3872 | val_acc=0.4029 val_loss=1.3785 val_f1_macro=0.1915 val_f1_weighted=0.3086 val_prec_macro=0.2338 val_rec_macro=0.2391 val_metric_name=acc val_metric=0.4029
Step  150 | loss 1.3582 | val_acc=0.4125 val_loss=1.3686 val_f1_macro=0.2118 val_f1_weighted=0.3330 val_prec_macro=0.4432 val_rec_macro=0.2515 val_metric_name=acc val_metric=0.4125
Step  200 | loss 1.3345 | val_acc=0.4194 val_loss=1.3619 val_f1_macro=0.2263 val_f1_weighted=0.3497 val_prec_macro=0.3906 val_rec_macro=0.2600 val_metric_name=acc val_metric=0.4194
Step  250 | loss 1.3027 | val_acc=0.4269 val_loss=1.3626 val_f1_macro=0.2439 val_f1_weighted=0.3657 val_prec_macro=0.4590 val_rec_macro=0.2706 val_metric_name=acc val_metric=0.4269
Step  300 | loss 1.2661 | val_acc=0.4366 val_loss=1.3673 val_f1_macro=0.2656 val_f1_weighted=0.3834 val_prec_macro=0.4944 val_rec_macro=0.2841 val_metric_name=acc val_metric=0.4366
Step  350 | loss 1.2142 | val_acc=0.4457 val_loss=1.3728 val_f1_macro=0.2931 val_f1_weighted=0.4003 val_prec_macro=0.4990 val_rec_macro=0.3006 val_metric_name=acc val_metric=0.4457
Step  400 | loss 1.1667 | val_acc=0.4558 val_loss=1.3768 val_f1_macro=0.3225 val_f1_weighted=0.4190 val_prec_macro=0.5005 val_rec_macro=0.3198 val_metric_name=acc val_metric=0.4558
Step  450 | loss 1.0911 | val_acc=0.4645 val_loss=1.3858 val_f1_macro=0.3407 val_f1_weighted=0.4324 val_prec_macro=0.4930 val_rec_macro=0.3323 val_metric_name=acc val_metric=0.4645
Step  500 | loss 0.9993 | val_acc=0.4784 val_loss=1.4043 val_f1_macro=0.3620 val_f1_weighted=0.4517 val_prec_macro=0.5042 val_rec_macro=0.3494 val_metric_name=acc val_metric=0.4784
Step  550 | loss 0.9047 | val_acc=0.4924 val_loss=1.4413 val_f1_macro=0.3932 val_f1_weighted=0.4710 val_prec_macro=0.5332 val_rec_macro=0.3730 val_metric_name=acc val_metric=0.4924
Step  600 | loss 0.7965 | val_acc=0.5060 val_loss=1.4970 val_f1_macro=0.4187 val_f1_weighted=0.4876 val_prec_macro=0.5536 val_rec_macro=0.3932 val_metric_name=acc val_metric=0.5060
Step  650 | loss 0.6935 | val_acc=0.5135 val_loss=1.5564 val_f1_macro=0.4340 val_f1_weighted=0.4989 val_prec_macro=0.5549 val_rec_macro=0.4068 val_metric_name=acc val_metric=0.5135
Step  700 | loss 0.6048 | val_acc=0.5128 val_loss=1.6473 val_f1_macro=0.4389 val_f1_weighted=0.5003 val_prec_macro=0.5403 val_rec_macro=0.4117 val_metric_name=acc val_metric=0.5128
Step  750 | loss 0.5136 | val_acc=0.5241 val_loss=1.7495 val_f1_macro=0.4489 val_f1_weighted=0.5124 val_prec_macro=0.5432 val_rec_macro=0.4222 val_metric_name=acc val_metric=0.5241
Step  800 | loss 0.4371 | val_acc=0.5267 val_loss=1.8708 val_f1_macro=0.4575 val_f1_weighted=0.5159 val_prec_macro=0.5441 val_rec_macro=0.4301 val_metric_name=acc val_metric=0.5267
Step  850 | loss 0.3720 | val_acc=0.5349 val_loss=1.9846 val_f1_macro=0.4708 val_f1_weighted=0.5251 val_prec_macro=0.5569 val_rec_macro=0.4416 val_metric_name=acc val_metric=0.5349
Step  900 | loss 0.3272 | val_acc=0.5367 val_loss=2.0929 val_f1_macro=0.4683 val_f1_weighted=0.5266 val_prec_macro=0.5540 val_rec_macro=0.4402 val_metric_name=acc val_metric=0.5367
Step  950 | loss 0.2716 | val_acc=0.5350 val_loss=2.1953 val_f1_macro=0.4701 val_f1_weighted=0.5258 val_prec_macro=0.5503 val_rec_macro=0.4421 val_metric_name=acc val_metric=0.5350
Step 1000 | loss 0.2456 | val_acc=0.5393 val_loss=2.2976 val_f1_macro=0.4758 val_f1_weighted=0.5300 val_prec_macro=0.5539 val_rec_macro=0.4477 val_metric_name=acc val_metric=0.5393
Step 1050 | loss 0.2222 | val_acc=0.5380 val_loss=2.3755 val_f1_macro=0.4761 val_f1_weighted=0.5297 val_prec_macro=0.5485 val_rec_macro=0.4487 val_metric_name=acc val_metric=0.5380
Step 1100 | loss 0.1911 | val_acc=0.5380 val_loss=2.4605 val_f1_macro=0.4770 val_f1_weighted=0.5292 val_prec_macro=0.5534 val_rec_macro=0.4486 val_metric_name=acc val_metric=0.5380
Step 1150 | loss 0.1763 | val_acc=0.5401 val_loss=2.5418 val_f1_macro=0.4782 val_f1_weighted=0.5318 val_prec_macro=0.5486 val_rec_macro=0.4508 val_metric_name=acc val_metric=0.5401
Step 1200 | loss 0.1540 | val_acc=0.5365 val_loss=2.6090 val_f1_macro=0.4750 val_f1_weighted=0.5282 val_prec_macro=0.5398 val_rec_macro=0.4487 val_metric_name=acc val_metric=0.5365
Step 1250 | loss 0.1418 | val_acc=0.5381 val_loss=2.6794 val_f1_macro=0.4773 val_f1_weighted=0.5300 val_prec_macro=0.5411 val_rec_macro=0.4509 val_metric_name=acc val_metric=0.5381
Step 1300 | loss 0.1274 | val_acc=0.5399 val_loss=2.7387 val_f1_macro=0.4789 val_f1_weighted=0.5317 val_prec_macro=0.5436 val_rec_macro=0.4521 val_metric_name=acc val_metric=0.5399
Step 1350 | loss 0.1171 | val_acc=0.5406 val_loss=2.7984 val_f1_macro=0.4793 val_f1_weighted=0.5328 val_prec_macro=0.5392 val_rec_macro=0.4536 val_metric_name=acc val_metric=0.5406
Step 1400 | loss 0.1111 | val_acc=0.5391 val_loss=2.8547 val_f1_macro=0.4771 val_f1_weighted=0.5311 val_prec_macro=0.5344 val_rec_macro=0.4519 val_metric_name=acc val_metric=0.5391
Step 1450 | loss 0.1021 | val_acc=0.5401 val_loss=2.9147 val_f1_macro=0.4784 val_f1_weighted=0.5319 val_prec_macro=0.5408 val_rec_macro=0.4521 val_metric_name=acc val_metric=0.5401
Step 1500 | loss 0.0907 | val_acc=0.5401 val_loss=2.9606 val_f1_macro=0.4782 val_f1_weighted=0.5322 val_prec_macro=0.5364 val_rec_macro=0.4531 val_metric_name=acc val_metric=0.5401
Step 1550 | loss 0.0946 | val_acc=0.5401 val_loss=3.0049 val_f1_macro=0.4798 val_f1_weighted=0.5326 val_prec_macro=0.5369 val_rec_macro=0.4549 val_metric_name=acc val_metric=0.5401
Step 1600 | loss 0.0857 | val_acc=0.5393 val_loss=3.0530 val_f1_macro=0.4777 val_f1_weighted=0.5313 val_prec_macro=0.5371 val_rec_macro=0.4523 val_metric_name=acc val_metric=0.5393
Step 1650 | loss 0.0745 | val_acc=0.5414 val_loss=3.0980 val_f1_macro=0.4821 val_f1_weighted=0.5340 val_prec_macro=0.5383 val_rec_macro=0.4568 val_metric_name=acc val_metric=0.5414
Step 1700 | loss 0.0705 | val_acc=0.5393 val_loss=3.1428 val_f1_macro=0.4786 val_f1_weighted=0.5316 val_prec_macro=0.5328 val_rec_macro=0.4540 val_metric_name=acc val_metric=0.5393
Step 1750 | loss 0.0680 | val_acc=0.5407 val_loss=3.1836 val_f1_macro=0.4789 val_f1_weighted=0.5330 val_prec_macro=0.5340 val_rec_macro=0.4542 val_metric_name=acc val_metric=0.5407
Step 1800 | loss 0.0659 | val_acc=0.5394 val_loss=3.2121 val_f1_macro=0.4793 val_f1_weighted=0.5318 val_prec_macro=0.5364 val_rec_macro=0.4542 val_metric_name=acc val_metric=0.5394
Step 1850 | loss 0.0636 | val_acc=0.5419 val_loss=3.2599 val_f1_macro=0.4799 val_f1_weighted=0.5342 val_prec_macro=0.5344 val_rec_macro=0.4558 val_metric_name=acc val_metric=0.5419
Step 1900 | loss 0.0562 | val_acc=0.5421 val_loss=3.2937 val_f1_macro=0.4797 val_f1_weighted=0.5345 val_prec_macro=0.5327 val_rec_macro=0.4557 val_metric_name=acc val_metric=0.5421
Step 1950 | loss 0.0551 | val_acc=0.5414 val_loss=3.3358 val_f1_macro=0.4806 val_f1_weighted=0.5338 val_prec_macro=0.5359 val_rec_macro=0.4557 val_metric_name=acc val_metric=0.5414
Step 2000 | loss 0.0499 | val_acc=0.5399 val_loss=3.3708 val_f1_macro=0.4793 val_f1_weighted=0.5324 val_prec_macro=0.5352 val_rec_macro=0.4543 val_metric_name=acc val_metric=0.5399
Step 2050 | loss 0.0467 | val_acc=0.5411 val_loss=3.4073 val_f1_macro=0.4805 val_f1_weighted=0.5333 val_prec_macro=0.5384 val_rec_macro=0.4551 val_metric_name=acc val_metric=0.5411
Step 2100 | loss 0.0507 | val_acc=0.5409 val_loss=3.4298 val_f1_macro=0.4804 val_f1_weighted=0.5337 val_prec_macro=0.5346 val_rec_macro=0.4559 val_metric_name=acc val_metric=0.5409
Step 2150 | loss 0.0459 | val_acc=0.5409 val_loss=3.4627 val_f1_macro=0.4811 val_f1_weighted=0.5334 val_prec_macro=0.5362 val_rec_macro=0.4561 val_metric_name=acc val_metric=0.5409
Step 2200 | loss 0.0454 | val_acc=0.5429 val_loss=3.5070 val_f1_macro=0.4810 val_f1_weighted=0.5350 val_prec_macro=0.5376 val_rec_macro=0.4559 val_metric_name=acc val_metric=0.5429
Step 2250 | loss 0.0380 | val_acc=0.5414 val_loss=3.5231 val_f1_macro=0.4810 val_f1_weighted=0.5338 val_prec_macro=0.5369 val_rec_macro=0.4559 val_metric_name=acc val_metric=0.5414
Step 2300 | loss 0.0386 | val_acc=0.5422 val_loss=3.5621 val_f1_macro=0.4832 val_f1_weighted=0.5349 val_prec_macro=0.5375 val_rec_macro=0.4585 val_metric_name=acc val_metric=0.5422
Step 2350 | loss 0.0419 | val_acc=0.5407 val_loss=3.5915 val_f1_macro=0.4821 val_f1_weighted=0.5332 val_prec_macro=0.5363 val_rec_macro=0.4573 val_metric_name=acc val_metric=0.5407
Step 2400 | loss 0.0362 | val_acc=0.5440 val_loss=3.6121 val_f1_macro=0.4849 val_f1_weighted=0.5366 val_prec_macro=0.5399 val_rec_macro=0.4598 val_metric_name=acc val_metric=0.5440
Step 2450 | loss 0.0351 | val_acc=0.5427 val_loss=3.6393 val_f1_macro=0.4842 val_f1_weighted=0.5354 val_prec_macro=0.5405 val_rec_macro=0.4589 val_metric_name=acc val_metric=0.5427
Step 2500 | loss 0.0383 | val_acc=0.5411 val_loss=3.6542 val_f1_macro=0.4808 val_f1_weighted=0.5338 val_prec_macro=0.5349 val_rec_macro=0.4562 val_metric_name=acc val_metric=0.5411
Step 2550 | loss 0.0371 | val_acc=0.5439 val_loss=3.6931 val_f1_macro=0.4836 val_f1_weighted=0.5363 val_prec_macro=0.5392 val_rec_macro=0.4585 val_metric_name=acc val_metric=0.5439
Step 2600 | loss 0.0328 | val_acc=0.5427 val_loss=3.7089 val_f1_macro=0.4825 val_f1_weighted=0.5357 val_prec_macro=0.5348 val_rec_macro=0.4584 val_metric_name=acc val_metric=0.5427
Step 2650 | loss 0.0306 | val_acc=0.5440 val_loss=3.7342 val_f1_macro=0.4845 val_f1_weighted=0.5369 val_prec_macro=0.5362 val_rec_macro=0.4605 val_metric_name=acc val_metric=0.5440
Step 2700 | loss 0.0285 | val_acc=0.5435 val_loss=3.7534 val_f1_macro=0.4837 val_f1_weighted=0.5364 val_prec_macro=0.5347 val_rec_macro=0.4599 val_metric_name=acc val_metric=0.5435
Step 2750 | loss 0.0258 | val_acc=0.5422 val_loss=3.7878 val_f1_macro=0.4817 val_f1_weighted=0.5348 val_prec_macro=0.5330 val_rec_macro=0.4576 val_metric_name=acc val_metric=0.5422
Step 2800 | loss 0.0248 | val_acc=0.5432 val_loss=3.8081 val_f1_macro=0.4832 val_f1_weighted=0.5358 val_prec_macro=0.5374 val_rec_macro=0.4584 val_metric_name=acc val_metric=0.5432
Step 2850 | loss 0.0271 | val_acc=0.5414 val_loss=3.8285 val_f1_macro=0.4803 val_f1_weighted=0.5339 val_prec_macro=0.5325 val_rec_macro=0.4562 val_metric_name=acc val_metric=0.5414
Step 2900 | loss 0.0238 | val_acc=0.5445 val_loss=3.8553 val_f1_macro=0.4846 val_f1_weighted=0.5374 val_prec_macro=0.5317 val_rec_macro=0.4616 val_metric_name=acc val_metric=0.5445
Step 2950 | loss 0.0257 | val_acc=0.5458 val_loss=3.8747 val_f1_macro=0.4853 val_f1_weighted=0.5388 val_prec_macro=0.5326 val_rec_macro=0.4622 val_metric_name=acc val_metric=0.5458
Step 3000 | loss 0.0233 | val_acc=0.5437 val_loss=3.9039 val_f1_macro=0.4839 val_f1_weighted=0.5366 val_prec_macro=0.5320 val_rec_macro=0.4606 val_metric_name=acc val_metric=0.5437
Step 3050 | loss 0.0226 | val_acc=0.5437 val_loss=3.9209 val_f1_macro=0.4833 val_f1_weighted=0.5365 val_prec_macro=0.5326 val_rec_macro=0.4597 val_metric_name=acc val_metric=0.5437
Step 3100 | loss 0.0206 | val_acc=0.5439 val_loss=3.9491 val_f1_macro=0.4827 val_f1_weighted=0.5366 val_prec_macro=0.5322 val_rec_macro=0.4593 val_metric_name=acc val_metric=0.5439
Step 3150 | loss 0.0246 | val_acc=0.5429 val_loss=3.9606 val_f1_macro=0.4826 val_f1_weighted=0.5360 val_prec_macro=0.5322 val_rec_macro=0.4590 val_metric_name=acc val_metric=0.5429
Step 3200 | loss 0.0211 | val_acc=0.5440 val_loss=3.9893 val_f1_macro=0.4843 val_f1_weighted=0.5369 val_prec_macro=0.5349 val_rec_macro=0.4604 val_metric_name=acc val_metric=0.5440
Step 3250 | loss 0.0201 | val_acc=0.5435 val_loss=4.0101 val_f1_macro=0.4832 val_f1_weighted=0.5364 val_prec_macro=0.5313 val_rec_macro=0.4599 val_metric_name=acc val_metric=0.5435
Step 3300 | loss 0.0206 | val_acc=0.5448 val_loss=4.0372 val_f1_macro=0.4842 val_f1_weighted=0.5376 val_prec_macro=0.5329 val_rec_macro=0.4609 val_metric_name=acc val_metric=0.5448
Step 3350 | loss 0.0185 | val_acc=0.5432 val_loss=4.0496 val_f1_macro=0.4829 val_f1_weighted=0.5364 val_prec_macro=0.5324 val_rec_macro=0.4596 val_metric_name=acc val_metric=0.5432
Step 3400 | loss 0.0201 | val_acc=0.5452 val_loss=4.0617 val_f1_macro=0.4836 val_f1_weighted=0.5384 val_prec_macro=0.5309 val_rec_macro=0.4608 val_metric_name=acc val_metric=0.5452
Step 3450 | loss 0.0177 | val_acc=0.5458 val_loss=4.0956 val_f1_macro=0.4860 val_f1_weighted=0.5389 val_prec_macro=0.5363 val_rec_macro=0.4622 val_metric_name=acc val_metric=0.5458
Step 3500 | loss 0.0185 | val_acc=0.5443 val_loss=4.1138 val_f1_macro=0.4854 val_f1_weighted=0.5371 val_prec_macro=0.5397 val_rec_macro=0.4605 val_metric_name=acc val_metric=0.5443
Step 3550 | loss 0.0172 | val_acc=0.5453 val_loss=4.1363 val_f1_macro=0.4856 val_f1_weighted=0.5384 val_prec_macro=0.5347 val_rec_macro=0.4622 val_metric_name=acc val_metric=0.5453
Step 3600 | loss 0.0180 | val_acc=0.5440 val_loss=4.1582 val_f1_macro=0.4832 val_f1_weighted=0.5373 val_prec_macro=0.5283 val_rec_macro=0.4609 val_metric_name=acc val_metric=0.5440
Step 3650 | loss 0.0167 | val_acc=0.5456 val_loss=4.1710 val_f1_macro=0.4847 val_f1_weighted=0.5389 val_prec_macro=0.5308 val_rec_macro=0.4621 val_metric_name=acc val_metric=0.5456
Step 3700 | loss 0.0181 | val_acc=0.5447 val_loss=4.1937 val_f1_macro=0.4844 val_f1_weighted=0.5376 val_prec_macro=0.5320 val_rec_macro=0.4613 val_metric_name=acc val_metric=0.5447
Step 3750 | loss 0.0155 | val_acc=0.5448 val_loss=4.1999 val_f1_macro=0.4838 val_f1_weighted=0.5379 val_prec_macro=0.5321 val_rec_macro=0.4606 val_metric_name=acc val_metric=0.5448
Step 3800 | loss 0.0174 | val_acc=0.5455 val_loss=4.2304 val_f1_macro=0.4863 val_f1_weighted=0.5387 val_prec_macro=0.5331 val_rec_macro=0.4633 val_metric_name=acc val_metric=0.5455
Step 3850 | loss 0.0165 | val_acc=0.5455 val_loss=4.2445 val_f1_macro=0.4871 val_f1_weighted=0.5389 val_prec_macro=0.5342 val_rec_macro=0.4640 val_metric_name=acc val_metric=0.5455
Step 3900 | loss 0.0156 | val_acc=0.5443 val_loss=4.2569 val_f1_macro=0.4840 val_f1_weighted=0.5376 val_prec_macro=0.5307 val_rec_macro=0.4612 val_metric_name=acc val_metric=0.5443
Step 3950 | loss 0.0152 | val_acc=0.5461 val_loss=4.2885 val_f1_macro=0.4857 val_f1_weighted=0.5392 val_prec_macro=0.5361 val_rec_macro=0.4619 val_metric_name=acc val_metric=0.5461
Step 4000 | loss 0.0155 | val_acc=0.5439 val_loss=4.3144 val_f1_macro=0.4837 val_f1_weighted=0.5366 val_prec_macro=0.5320 val_rec_macro=0.4603 val_metric_name=acc val_metric=0.5439
Step 4050 | loss 0.0137 | val_acc=0.5456 val_loss=4.3283 val_f1_macro=0.4866 val_f1_weighted=0.5387 val_prec_macro=0.5350 val_rec_macro=0.4631 val_metric_name=acc val_metric=0.5456
Step 4100 | loss 0.0113 | val_acc=0.5463 val_loss=4.3346 val_f1_macro=0.4880 val_f1_weighted=0.5397 val_prec_macro=0.5360 val_rec_macro=0.4646 val_metric_name=acc val_metric=0.5463
Step 4150 | loss 0.0157 | val_acc=0.5460 val_loss=4.3509 val_f1_macro=0.4876 val_f1_weighted=0.5393 val_prec_macro=0.5347 val_rec_macro=0.4644 val_metric_name=acc val_metric=0.5460
Step 4200 | loss 0.0141 | val_acc=0.5447 val_loss=4.3694 val_f1_macro=0.4854 val_f1_weighted=0.5377 val_prec_macro=0.5337 val_rec_macro=0.4620 val_metric_name=acc val_metric=0.5447
Step 4250 | loss 0.0174 | val_acc=0.5450 val_loss=4.3804 val_f1_macro=0.4852 val_f1_weighted=0.5379 val_prec_macro=0.5360 val_rec_macro=0.4611 val_metric_name=acc val_metric=0.5450
Step 4300 | loss 0.0132 | val_acc=0.5417 val_loss=4.4015 val_f1_macro=0.4795 val_f1_weighted=0.5344 val_prec_macro=0.5268 val_rec_macro=0.4568 val_metric_name=acc val_metric=0.5417
Early stopping at step 4334

--- Final (best ckpt @ step 3740) ---
  train_acc=1.0000 train_loss=0.0000 train_f1_macro=1.0000 train_f1_weighted=1.0000 train_prec_macro=1.0000 train_rec_macro=1.0000 train_metric_name=acc train_metric=1.0000
  val_acc=0.5479 val_loss=4.2009 val_f1_macro=0.4864 val_f1_weighted=0.5411 val_prec_macro=0.5309 val_rec_macro=0.4643 val_metric_name=acc val_metric=0.5479
  test_acc=0.5427 test_loss=4.3419 test_f1_macro=0.4778 test_f1_weighted=0.5357 test_prec_macro=0.5280 test_rec_macro=0.4553 test_metric_name=acc test_metric=0.5427
  test_acc=0.5427
  >> num_layers=1 hidden_dim=512 lr=3e-05 best_step=3740 val_acc=0.5479 test_acc=0.5427
     val_acc=0.5479 val_f1_macro=0.4864 val_f1_weighted=0.5411 val_loss=4.2009 val_metric=0.5479 val_metric_name=acc val_prec_macro=0.5309 val_rec_macro=0.4643
     test_acc=0.5427 test_f1_macro=0.4778 test_f1_weighted=0.5357 test_loss=4.3419 test_metric=0.5427 test_metric_name=acc test_prec_macro=0.5280 test_rec_macro=0.4553
  >> selected best (by val): num_layers=1 hidden_dim=512 lr=3e-05 val_acc=0.5479 test_acc=0.5427
     val_acc=0.5479 val_f1_macro=0.4864 val_f1_weighted=0.5411 val_loss=4.2009 val_metric=0.5479 val_metric_name=acc val_prec_macro=0.5309 val_rec_macro=0.4643
     test_acc=0.5427 test_f1_macro=0.4778 test_f1_weighted=0.5357 test_loss=4.3419 test_metric=0.5427 test_metric_name=acc test_prec_macro=0.5280 test_rec_macro=0.4553

Done. Results saved to /home/avshmelev/diploma_yandex_graphs/results2/amazon_ratings/base.csv, checkpoints in /home/avshmelev/diploma_yandex_graphs/all_checkpoints2/amazon_ratings/base/
