Loading data...

============================================================
Training amazon-ratings GAT-sep 3L h=512 lr=3e-05 split=3
============================================================
Step    1 | loss 1.7114 | val_acc=0.3637 val_loss=1.4495 val_f1_macro=0.1191 val_f1_weighted=0.2117 val_prec_macro=0.1764 val_rec_macro=0.1999 val_metric_name=acc val_metric=0.3637
Step   50 | loss 1.4106 | val_acc=0.3916 val_loss=1.3888 val_f1_macro=0.1811 val_f1_weighted=0.2947 val_prec_macro=0.3580 val_rec_macro=0.2327 val_metric_name=acc val_metric=0.3916
Step  100 | loss 1.3664 | val_acc=0.4107 val_loss=1.3705 val_f1_macro=0.2060 val_f1_weighted=0.3261 val_prec_macro=0.2238 val_rec_macro=0.2545 val_metric_name=acc val_metric=0.4107
Step  150 | loss 1.3237 | val_acc=0.4192 val_loss=1.3619 val_f1_macro=0.2325 val_f1_weighted=0.3523 val_prec_macro=0.3554 val_rec_macro=0.2701 val_metric_name=acc val_metric=0.4192
Step  200 | loss 1.2915 | val_acc=0.4299 val_loss=1.3577 val_f1_macro=0.2597 val_f1_weighted=0.3774 val_prec_macro=0.3734 val_rec_macro=0.2853 val_metric_name=acc val_metric=0.4299
Step  250 | loss 1.2408 | val_acc=0.4374 val_loss=1.3735 val_f1_macro=0.2823 val_f1_weighted=0.3924 val_prec_macro=0.3956 val_rec_macro=0.2996 val_metric_name=acc val_metric=0.4374
Step  300 | loss 1.1979 | val_acc=0.4588 val_loss=1.3756 val_f1_macro=0.3260 val_f1_weighted=0.4259 val_prec_macro=0.4415 val_rec_macro=0.3256 val_metric_name=acc val_metric=0.4588
Step  350 | loss 1.1372 | val_acc=0.4676 val_loss=1.3932 val_f1_macro=0.3392 val_f1_weighted=0.4355 val_prec_macro=0.4507 val_rec_macro=0.3352 val_metric_name=acc val_metric=0.4676
Step  400 | loss 1.0886 | val_acc=0.4805 val_loss=1.4250 val_f1_macro=0.3600 val_f1_weighted=0.4491 val_prec_macro=0.4754 val_rec_macro=0.3513 val_metric_name=acc val_metric=0.4805
Step  450 | loss 1.0314 | val_acc=0.4880 val_loss=1.4210 val_f1_macro=0.3883 val_f1_weighted=0.4673 val_prec_macro=0.4911 val_rec_macro=0.3715 val_metric_name=acc val_metric=0.4880
Step  500 | loss 0.9725 | val_acc=0.4976 val_loss=1.4548 val_f1_macro=0.4005 val_f1_weighted=0.4782 val_prec_macro=0.4778 val_rec_macro=0.3839 val_metric_name=acc val_metric=0.4976
Step  550 | loss 0.9112 | val_acc=0.5087 val_loss=1.4816 val_f1_macro=0.4249 val_f1_weighted=0.4947 val_prec_macro=0.4917 val_rec_macro=0.4057 val_metric_name=acc val_metric=0.5087
Step  600 | loss 0.8433 | val_acc=0.5130 val_loss=1.5307 val_f1_macro=0.4326 val_f1_weighted=0.4997 val_prec_macro=0.4952 val_rec_macro=0.4131 val_metric_name=acc val_metric=0.5130
Step  650 | loss 0.7773 | val_acc=0.5190 val_loss=1.5937 val_f1_macro=0.4400 val_f1_weighted=0.5071 val_prec_macro=0.5020 val_rec_macro=0.4198 val_metric_name=acc val_metric=0.5190
Step  700 | loss 0.7028 | val_acc=0.5223 val_loss=1.6642 val_f1_macro=0.4547 val_f1_weighted=0.5130 val_prec_macro=0.5052 val_rec_macro=0.4336 val_metric_name=acc val_metric=0.5223
Step  750 | loss 0.6437 | val_acc=0.5270 val_loss=1.7486 val_f1_macro=0.4609 val_f1_weighted=0.5187 val_prec_macro=0.5110 val_rec_macro=0.4396 val_metric_name=acc val_metric=0.5270
Step  800 | loss 0.5894 | val_acc=0.5314 val_loss=1.8222 val_f1_macro=0.4716 val_f1_weighted=0.5248 val_prec_macro=0.5069 val_rec_macro=0.4535 val_metric_name=acc val_metric=0.5314
Step  850 | loss 0.5245 | val_acc=0.5334 val_loss=1.9274 val_f1_macro=0.4774 val_f1_weighted=0.5282 val_prec_macro=0.5071 val_rec_macro=0.4605 val_metric_name=acc val_metric=0.5334
Step  900 | loss 0.4729 | val_acc=0.5321 val_loss=2.0269 val_f1_macro=0.4774 val_f1_weighted=0.5277 val_prec_macro=0.5013 val_rec_macro=0.4626 val_metric_name=acc val_metric=0.5321
Step  950 | loss 0.4279 | val_acc=0.5375 val_loss=2.1527 val_f1_macro=0.4831 val_f1_weighted=0.5322 val_prec_macro=0.5099 val_rec_macro=0.4674 val_metric_name=acc val_metric=0.5375
Step 1000 | loss 0.3792 | val_acc=0.5394 val_loss=2.2641 val_f1_macro=0.4897 val_f1_weighted=0.5354 val_prec_macro=0.5112 val_rec_macro=0.4762 val_metric_name=acc val_metric=0.5394
Step 1050 | loss 0.3451 | val_acc=0.5425 val_loss=2.3557 val_f1_macro=0.4925 val_f1_weighted=0.5393 val_prec_macro=0.5116 val_rec_macro=0.4792 val_metric_name=acc val_metric=0.5425
Step 1100 | loss 0.3125 | val_acc=0.5416 val_loss=2.4721 val_f1_macro=0.4926 val_f1_weighted=0.5380 val_prec_macro=0.5122 val_rec_macro=0.4793 val_metric_name=acc val_metric=0.5416
Step 1150 | loss 0.2805 | val_acc=0.5460 val_loss=2.5748 val_f1_macro=0.4958 val_f1_weighted=0.5421 val_prec_macro=0.5154 val_rec_macro=0.4830 val_metric_name=acc val_metric=0.5460
Step 1200 | loss 0.2625 | val_acc=0.5443 val_loss=2.6663 val_f1_macro=0.4948 val_f1_weighted=0.5414 val_prec_macro=0.5099 val_rec_macro=0.4837 val_metric_name=acc val_metric=0.5443
Step 1250 | loss 0.2279 | val_acc=0.5461 val_loss=2.7884 val_f1_macro=0.4962 val_f1_weighted=0.5431 val_prec_macro=0.5106 val_rec_macro=0.4860 val_metric_name=acc val_metric=0.5461
Step 1300 | loss 0.2113 | val_acc=0.5452 val_loss=2.8790 val_f1_macro=0.4960 val_f1_weighted=0.5421 val_prec_macro=0.5130 val_rec_macro=0.4839 val_metric_name=acc val_metric=0.5452
Step 1350 | loss 0.1877 | val_acc=0.5425 val_loss=2.9699 val_f1_macro=0.4916 val_f1_weighted=0.5393 val_prec_macro=0.5060 val_rec_macro=0.4813 val_metric_name=acc val_metric=0.5425
Step 1400 | loss 0.1790 | val_acc=0.5448 val_loss=3.0440 val_f1_macro=0.4924 val_f1_weighted=0.5414 val_prec_macro=0.5085 val_rec_macro=0.4810 val_metric_name=acc val_metric=0.5448
Step 1450 | loss 0.1607 | val_acc=0.5421 val_loss=3.1235 val_f1_macro=0.4913 val_f1_weighted=0.5387 val_prec_macro=0.5071 val_rec_macro=0.4800 val_metric_name=acc val_metric=0.5421
Step 1500 | loss 0.1472 | val_acc=0.5443 val_loss=3.2050 val_f1_macro=0.4950 val_f1_weighted=0.5410 val_prec_macro=0.5100 val_rec_macro=0.4843 val_metric_name=acc val_metric=0.5443
Step 1550 | loss 0.1436 | val_acc=0.5421 val_loss=3.2677 val_f1_macro=0.4936 val_f1_weighted=0.5391 val_prec_macro=0.5075 val_rec_macro=0.4833 val_metric_name=acc val_metric=0.5421
Early stopping at step 1587

--- Final (best ckpt @ step 1160) ---
  train_acc=0.9875 train_loss=0.0488 train_f1_macro=0.9872 train_f1_weighted=0.9875 train_prec_macro=0.9862 train_rec_macro=0.9883 train_metric_name=acc train_metric=0.9875
  val_acc=0.5471 val_loss=2.5998 val_f1_macro=0.4967 val_f1_weighted=0.5436 val_prec_macro=0.5165 val_rec_macro=0.4838 val_metric_name=acc val_metric=0.5471
  test_acc=0.5406 test_loss=2.6123 test_f1_macro=0.4862 test_f1_weighted=0.5370 test_prec_macro=0.5115 test_rec_macro=0.4718 test_metric_name=acc test_metric=0.5406
  test_acc=0.5406
  >> num_layers=3 hidden_dim=512 lr=3e-05 best_step=1160 val_acc=0.5471 test_acc=0.5406
     val_acc=0.5471 val_f1_macro=0.4967 val_f1_weighted=0.5436 val_loss=2.5998 val_metric=0.5471 val_metric_name=acc val_prec_macro=0.5165 val_rec_macro=0.4838
     test_acc=0.5406 test_f1_macro=0.4862 test_f1_weighted=0.5370 test_loss=2.6123 test_metric=0.5406 test_metric_name=acc test_prec_macro=0.5115 test_rec_macro=0.4718
  >> selected best (by val): num_layers=3 hidden_dim=512 lr=3e-05 val_acc=0.5471 test_acc=0.5406
     val_acc=0.5471 val_f1_macro=0.4967 val_f1_weighted=0.5436 val_loss=2.5998 val_metric=0.5471 val_metric_name=acc val_prec_macro=0.5165 val_rec_macro=0.4838
     test_acc=0.5406 test_f1_macro=0.4862 test_f1_weighted=0.5370 test_loss=2.6123 test_metric=0.5406 test_metric_name=acc test_prec_macro=0.5115 test_rec_macro=0.4718

Done. Results saved to /home/avshmelev/diploma_yandex_graphs/results2/amazon_ratings/base.csv, checkpoints in /home/avshmelev/diploma_yandex_graphs/all_checkpoints2/amazon_ratings/base/
