Loading data...

============================================================
Training amazon-ratings GAT-sep 4L h=512 lr=3e-05 split=6
============================================================
Step    1 | loss 1.8335 | val_acc=0.3268 val_loss=1.4671 val_f1_macro=0.1738 val_f1_weighted=0.2743 val_prec_macro=0.1717 val_rec_macro=0.1990 val_metric_name=acc val_metric=0.3268
Step   50 | loss 1.4023 | val_acc=0.3846 val_loss=1.3894 val_f1_macro=0.1531 val_f1_weighted=0.2587 val_prec_macro=0.1697 val_rec_macro=0.2173 val_metric_name=acc val_metric=0.3846
Step  100 | loss 1.3501 | val_acc=0.4187 val_loss=1.3533 val_f1_macro=0.2111 val_f1_weighted=0.3332 val_prec_macro=0.2408 val_rec_macro=0.2579 val_metric_name=acc val_metric=0.4187
Step  150 | loss 1.3108 | val_acc=0.4287 val_loss=1.3553 val_f1_macro=0.2481 val_f1_weighted=0.3690 val_prec_macro=0.3412 val_rec_macro=0.2807 val_metric_name=acc val_metric=0.4287
Step  200 | loss 1.2777 | val_acc=0.4385 val_loss=1.3521 val_f1_macro=0.2762 val_f1_weighted=0.3942 val_prec_macro=0.3489 val_rec_macro=0.2963 val_metric_name=acc val_metric=0.4385
Step  250 | loss 1.2335 | val_acc=0.4486 val_loss=1.3526 val_f1_macro=0.3209 val_f1_weighted=0.4192 val_prec_macro=0.4034 val_rec_macro=0.3236 val_metric_name=acc val_metric=0.4486
Step  300 | loss 1.1824 | val_acc=0.4606 val_loss=1.3603 val_f1_macro=0.3475 val_f1_weighted=0.4345 val_prec_macro=0.4195 val_rec_macro=0.3425 val_metric_name=acc val_metric=0.4606
Step  350 | loss 1.1380 | val_acc=0.4668 val_loss=1.3942 val_f1_macro=0.3531 val_f1_weighted=0.4396 val_prec_macro=0.4313 val_rec_macro=0.3490 val_metric_name=acc val_metric=0.4668
Step  400 | loss 1.0906 | val_acc=0.4798 val_loss=1.3939 val_f1_macro=0.3845 val_f1_weighted=0.4611 val_prec_macro=0.4304 val_rec_macro=0.3757 val_metric_name=acc val_metric=0.4798
Step  450 | loss 1.0398 | val_acc=0.4880 val_loss=1.4072 val_f1_macro=0.4000 val_f1_weighted=0.4734 val_prec_macro=0.4465 val_rec_macro=0.3853 val_metric_name=acc val_metric=0.4880
Step  500 | loss 0.9857 | val_acc=0.4947 val_loss=1.4323 val_f1_macro=0.4127 val_f1_weighted=0.4827 val_prec_macro=0.4519 val_rec_macro=0.3979 val_metric_name=acc val_metric=0.4947
Step  550 | loss 0.9417 | val_acc=0.4973 val_loss=1.4655 val_f1_macro=0.4213 val_f1_weighted=0.4874 val_prec_macro=0.4585 val_rec_macro=0.4058 val_metric_name=acc val_metric=0.4973
Step  600 | loss 0.8853 | val_acc=0.5020 val_loss=1.5027 val_f1_macro=0.4284 val_f1_weighted=0.4920 val_prec_macro=0.4690 val_rec_macro=0.4104 val_metric_name=acc val_metric=0.5020
Step  650 | loss 0.8321 | val_acc=0.5033 val_loss=1.5713 val_f1_macro=0.4442 val_f1_weighted=0.4989 val_prec_macro=0.4593 val_rec_macro=0.4350 val_metric_name=acc val_metric=0.5033
Step  700 | loss 0.7786 | val_acc=0.5091 val_loss=1.6190 val_f1_macro=0.4512 val_f1_weighted=0.5051 val_prec_macro=0.4701 val_rec_macro=0.4396 val_metric_name=acc val_metric=0.5091
Step  750 | loss 0.7159 | val_acc=0.5102 val_loss=1.6876 val_f1_macro=0.4505 val_f1_weighted=0.5066 val_prec_macro=0.4644 val_rec_macro=0.4414 val_metric_name=acc val_metric=0.5102
Step  800 | loss 0.6587 | val_acc=0.5163 val_loss=1.7585 val_f1_macro=0.4601 val_f1_weighted=0.5135 val_prec_macro=0.4736 val_rec_macro=0.4510 val_metric_name=acc val_metric=0.5163
Step  850 | loss 0.6074 | val_acc=0.5225 val_loss=1.8718 val_f1_macro=0.4690 val_f1_weighted=0.5212 val_prec_macro=0.4738 val_rec_macro=0.4654 val_metric_name=acc val_metric=0.5225
Step  900 | loss 0.5518 | val_acc=0.5254 val_loss=1.9411 val_f1_macro=0.4728 val_f1_weighted=0.5241 val_prec_macro=0.4810 val_rec_macro=0.4665 val_metric_name=acc val_metric=0.5254
Step  950 | loss 0.4995 | val_acc=0.5274 val_loss=2.0339 val_f1_macro=0.4751 val_f1_weighted=0.5264 val_prec_macro=0.4792 val_rec_macro=0.4718 val_metric_name=acc val_metric=0.5274
Step 1000 | loss 0.4531 | val_acc=0.5305 val_loss=2.1661 val_f1_macro=0.4807 val_f1_weighted=0.5300 val_prec_macro=0.4827 val_rec_macro=0.4798 val_metric_name=acc val_metric=0.5305
Step 1050 | loss 0.4062 | val_acc=0.5287 val_loss=2.2739 val_f1_macro=0.4783 val_f1_weighted=0.5281 val_prec_macro=0.4824 val_rec_macro=0.4755 val_metric_name=acc val_metric=0.5287
Step 1100 | loss 0.3817 | val_acc=0.5331 val_loss=2.3746 val_f1_macro=0.4822 val_f1_weighted=0.5326 val_prec_macro=0.4847 val_rec_macro=0.4805 val_metric_name=acc val_metric=0.5331
Step 1150 | loss 0.3386 | val_acc=0.5339 val_loss=2.4790 val_f1_macro=0.4833 val_f1_weighted=0.5330 val_prec_macro=0.4877 val_rec_macro=0.4798 val_metric_name=acc val_metric=0.5339
Step 1200 | loss 0.3091 | val_acc=0.5365 val_loss=2.5831 val_f1_macro=0.4835 val_f1_weighted=0.5362 val_prec_macro=0.4848 val_rec_macro=0.4824 val_metric_name=acc val_metric=0.5365
Step 1250 | loss 0.2883 | val_acc=0.5393 val_loss=2.6866 val_f1_macro=0.4883 val_f1_weighted=0.5387 val_prec_macro=0.4901 val_rec_macro=0.4871 val_metric_name=acc val_metric=0.5393
Step 1300 | loss 0.2574 | val_acc=0.5404 val_loss=2.7783 val_f1_macro=0.4868 val_f1_weighted=0.5398 val_prec_macro=0.4901 val_rec_macro=0.4840 val_metric_name=acc val_metric=0.5404
Step 1350 | loss 0.2332 | val_acc=0.5381 val_loss=2.8801 val_f1_macro=0.4847 val_f1_weighted=0.5377 val_prec_macro=0.4867 val_rec_macro=0.4830 val_metric_name=acc val_metric=0.5381
Step 1400 | loss 0.2100 | val_acc=0.5386 val_loss=2.9738 val_f1_macro=0.4848 val_f1_weighted=0.5385 val_prec_macro=0.4860 val_rec_macro=0.4842 val_metric_name=acc val_metric=0.5386
Step 1450 | loss 0.1944 | val_acc=0.5372 val_loss=3.0526 val_f1_macro=0.4834 val_f1_weighted=0.5369 val_prec_macro=0.4841 val_rec_macro=0.4828 val_metric_name=acc val_metric=0.5372
Step 1500 | loss 0.1704 | val_acc=0.5416 val_loss=3.1351 val_f1_macro=0.4883 val_f1_weighted=0.5412 val_prec_macro=0.4898 val_rec_macro=0.4874 val_metric_name=acc val_metric=0.5416
Step 1550 | loss 0.1631 | val_acc=0.5399 val_loss=3.2241 val_f1_macro=0.4855 val_f1_weighted=0.5398 val_prec_macro=0.4858 val_rec_macro=0.4858 val_metric_name=acc val_metric=0.5399
Step 1600 | loss 0.1527 | val_acc=0.5404 val_loss=3.2534 val_f1_macro=0.4873 val_f1_weighted=0.5401 val_prec_macro=0.4885 val_rec_macro=0.4866 val_metric_name=acc val_metric=0.5404
Step 1650 | loss 0.1445 | val_acc=0.5421 val_loss=3.3415 val_f1_macro=0.4880 val_f1_weighted=0.5414 val_prec_macro=0.4902 val_rec_macro=0.4866 val_metric_name=acc val_metric=0.5421
Step 1700 | loss 0.1299 | val_acc=0.5425 val_loss=3.3934 val_f1_macro=0.4872 val_f1_weighted=0.5418 val_prec_macro=0.4901 val_rec_macro=0.4852 val_metric_name=acc val_metric=0.5425
Step 1750 | loss 0.1249 | val_acc=0.5419 val_loss=3.4657 val_f1_macro=0.4872 val_f1_weighted=0.5414 val_prec_macro=0.4887 val_rec_macro=0.4865 val_metric_name=acc val_metric=0.5419
Step 1800 | loss 0.1150 | val_acc=0.5435 val_loss=3.5099 val_f1_macro=0.4893 val_f1_weighted=0.5425 val_prec_macro=0.4942 val_rec_macro=0.4861 val_metric_name=acc val_metric=0.5435
Step 1850 | loss 0.1054 | val_acc=0.5442 val_loss=3.5356 val_f1_macro=0.4924 val_f1_weighted=0.5436 val_prec_macro=0.4953 val_rec_macro=0.4902 val_metric_name=acc val_metric=0.5442
Step 1900 | loss 0.1054 | val_acc=0.5456 val_loss=3.5959 val_f1_macro=0.4909 val_f1_weighted=0.5451 val_prec_macro=0.4929 val_rec_macro=0.4897 val_metric_name=acc val_metric=0.5456
Step 1950 | loss 0.0909 | val_acc=0.5452 val_loss=3.6324 val_f1_macro=0.4932 val_f1_weighted=0.5444 val_prec_macro=0.4964 val_rec_macro=0.4910 val_metric_name=acc val_metric=0.5452
Step 2000 | loss 0.0842 | val_acc=0.5466 val_loss=3.6699 val_f1_macro=0.4945 val_f1_weighted=0.5460 val_prec_macro=0.4969 val_rec_macro=0.4927 val_metric_name=acc val_metric=0.5466
Step 2050 | loss 0.0844 | val_acc=0.5443 val_loss=3.7370 val_f1_macro=0.4920 val_f1_weighted=0.5438 val_prec_macro=0.4937 val_rec_macro=0.4909 val_metric_name=acc val_metric=0.5443
Step 2100 | loss 0.0771 | val_acc=0.5435 val_loss=3.7803 val_f1_macro=0.4913 val_f1_weighted=0.5428 val_prec_macro=0.4948 val_rec_macro=0.4884 val_metric_name=acc val_metric=0.5435
Step 2150 | loss 0.0767 | val_acc=0.5429 val_loss=3.8352 val_f1_macro=0.4881 val_f1_weighted=0.5424 val_prec_macro=0.4900 val_rec_macro=0.4868 val_metric_name=acc val_metric=0.5429
Step 2200 | loss 0.0712 | val_acc=0.5421 val_loss=3.8371 val_f1_macro=0.4894 val_f1_weighted=0.5416 val_prec_macro=0.4912 val_rec_macro=0.4879 val_metric_name=acc val_metric=0.5421
Step 2250 | loss 0.0663 | val_acc=0.5458 val_loss=3.9183 val_f1_macro=0.4938 val_f1_weighted=0.5451 val_prec_macro=0.4965 val_rec_macro=0.4922 val_metric_name=acc val_metric=0.5458
Early stopping at step 2261

--- Final (best ckpt @ step 1960) ---
  train_acc=0.9984 train_loss=0.0052 train_f1_macro=0.9972 train_f1_weighted=0.9984 train_prec_macro=0.9959 train_rec_macro=0.9985 train_metric_name=acc train_metric=0.9984
  val_acc=0.5483 val_loss=3.6431 val_f1_macro=0.4941 val_f1_weighted=0.5474 val_prec_macro=0.4973 val_rec_macro=0.4918 val_metric_name=acc val_metric=0.5483
  test_acc=0.5479 test_loss=3.6340 test_f1_macro=0.4938 test_f1_weighted=0.5462 test_prec_macro=0.4986 test_rec_macro=0.4900 test_metric_name=acc test_metric=0.5479
  test_acc=0.5479
  >> num_layers=4 hidden_dim=512 lr=3e-05 best_step=1960 val_acc=0.5483 test_acc=0.5479
     val_acc=0.5483 val_f1_macro=0.4941 val_f1_weighted=0.5474 val_loss=3.6431 val_metric=0.5483 val_metric_name=acc val_prec_macro=0.4973 val_rec_macro=0.4918
     test_acc=0.5479 test_f1_macro=0.4938 test_f1_weighted=0.5462 test_loss=3.6340 test_metric=0.5479 test_metric_name=acc test_prec_macro=0.4986 test_rec_macro=0.4900
  >> selected best (by val): num_layers=4 hidden_dim=512 lr=3e-05 val_acc=0.5483 test_acc=0.5479
     val_acc=0.5483 val_f1_macro=0.4941 val_f1_weighted=0.5474 val_loss=3.6431 val_metric=0.5483 val_metric_name=acc val_prec_macro=0.4973 val_rec_macro=0.4918
     test_acc=0.5479 test_f1_macro=0.4938 test_f1_weighted=0.5462 test_loss=3.6340 test_metric=0.5479 test_metric_name=acc test_prec_macro=0.4986 test_rec_macro=0.4900

Done. Results saved to /home/avshmelev/diploma_yandex_graphs/results2/amazon_ratings/base.csv, checkpoints in /home/avshmelev/diploma_yandex_graphs/all_checkpoints2/amazon_ratings/base/
