Loading data...

============================================================
Training amazon-ratings GAT 1L h=512 lr=3e-05 split=6
============================================================
Step    1 | loss 1.6823 | val_acc=0.2967 val_loss=1.5193 val_f1_macro=0.1620 val_f1_weighted=0.2421 val_prec_macro=0.2763 val_rec_macro=0.2053 val_metric_name=acc val_metric=0.2967
Step   50 | loss 1.4167 | val_acc=0.3833 val_loss=1.3961 val_f1_macro=0.1572 val_f1_weighted=0.2637 val_prec_macro=0.2642 val_rec_macro=0.2180 val_metric_name=acc val_metric=0.3833
Step  100 | loss 1.3881 | val_acc=0.3985 val_loss=1.3695 val_f1_macro=0.1848 val_f1_weighted=0.2999 val_prec_macro=0.2196 val_rec_macro=0.2353 val_metric_name=acc val_metric=0.3985
Step  150 | loss 1.3553 | val_acc=0.4101 val_loss=1.3557 val_f1_macro=0.2065 val_f1_weighted=0.3267 val_prec_macro=0.2454 val_rec_macro=0.2478 val_metric_name=acc val_metric=0.4101
Step  200 | loss 1.3346 | val_acc=0.4217 val_loss=1.3482 val_f1_macro=0.2265 val_f1_weighted=0.3489 val_prec_macro=0.3275 val_rec_macro=0.2606 val_metric_name=acc val_metric=0.4217
Step  250 | loss 1.3123 | val_acc=0.4310 val_loss=1.3464 val_f1_macro=0.2451 val_f1_weighted=0.3681 val_prec_macro=0.3393 val_rec_macro=0.2720 val_metric_name=acc val_metric=0.4310
Step  300 | loss 1.2838 | val_acc=0.4397 val_loss=1.3463 val_f1_macro=0.2632 val_f1_weighted=0.3820 val_prec_macro=0.4549 val_rec_macro=0.2827 val_metric_name=acc val_metric=0.4397
Step  350 | loss 1.2591 | val_acc=0.4454 val_loss=1.3473 val_f1_macro=0.2791 val_f1_weighted=0.3952 val_prec_macro=0.4683 val_rec_macro=0.2924 val_metric_name=acc val_metric=0.4454
Step  400 | loss 1.2301 | val_acc=0.4516 val_loss=1.3517 val_f1_macro=0.2884 val_f1_weighted=0.4041 val_prec_macro=0.4343 val_rec_macro=0.3002 val_metric_name=acc val_metric=0.4516
Step  450 | loss 1.2051 | val_acc=0.4614 val_loss=1.3530 val_f1_macro=0.3043 val_f1_weighted=0.4198 val_prec_macro=0.4435 val_rec_macro=0.3115 val_metric_name=acc val_metric=0.4614
Step  500 | loss 1.1667 | val_acc=0.4658 val_loss=1.3594 val_f1_macro=0.3159 val_f1_weighted=0.4282 val_prec_macro=0.4653 val_rec_macro=0.3187 val_metric_name=acc val_metric=0.4658
Step  550 | loss 1.1338 | val_acc=0.4713 val_loss=1.3611 val_f1_macro=0.3331 val_f1_weighted=0.4394 val_prec_macro=0.4677 val_rec_macro=0.3304 val_metric_name=acc val_metric=0.4713
Step  600 | loss 1.0964 | val_acc=0.4735 val_loss=1.3690 val_f1_macro=0.3452 val_f1_weighted=0.4447 val_prec_macro=0.4718 val_rec_macro=0.3380 val_metric_name=acc val_metric=0.4735
Step  650 | loss 1.0560 | val_acc=0.4764 val_loss=1.3761 val_f1_macro=0.3595 val_f1_weighted=0.4521 val_prec_macro=0.4728 val_rec_macro=0.3474 val_metric_name=acc val_metric=0.4764
Step  700 | loss 1.0120 | val_acc=0.4800 val_loss=1.3941 val_f1_macro=0.3678 val_f1_weighted=0.4577 val_prec_macro=0.4822 val_rec_macro=0.3544 val_metric_name=acc val_metric=0.4800
Step  750 | loss 0.9651 | val_acc=0.4844 val_loss=1.4144 val_f1_macro=0.3747 val_f1_weighted=0.4634 val_prec_macro=0.4872 val_rec_macro=0.3596 val_metric_name=acc val_metric=0.4844
Step  800 | loss 0.9287 | val_acc=0.4901 val_loss=1.4361 val_f1_macro=0.3872 val_f1_weighted=0.4710 val_prec_macro=0.4906 val_rec_macro=0.3701 val_metric_name=acc val_metric=0.4901
Step  850 | loss 0.8925 | val_acc=0.4944 val_loss=1.4606 val_f1_macro=0.3942 val_f1_weighted=0.4766 val_prec_macro=0.4899 val_rec_macro=0.3759 val_metric_name=acc val_metric=0.4944
Step  900 | loss 0.8485 | val_acc=0.4953 val_loss=1.4871 val_f1_macro=0.4035 val_f1_weighted=0.4801 val_prec_macro=0.4909 val_rec_macro=0.3834 val_metric_name=acc val_metric=0.4953
Step  950 | loss 0.8090 | val_acc=0.5016 val_loss=1.5302 val_f1_macro=0.4098 val_f1_weighted=0.4860 val_prec_macro=0.4951 val_rec_macro=0.3896 val_metric_name=acc val_metric=0.5016
Step 1000 | loss 0.7733 | val_acc=0.5076 val_loss=1.5626 val_f1_macro=0.4204 val_f1_weighted=0.4941 val_prec_macro=0.5046 val_rec_macro=0.3988 val_metric_name=acc val_metric=0.5076
Step 1050 | loss 0.7314 | val_acc=0.5094 val_loss=1.6024 val_f1_macro=0.4232 val_f1_weighted=0.4972 val_prec_macro=0.4946 val_rec_macro=0.4028 val_metric_name=acc val_metric=0.5094
Step 1100 | loss 0.6996 | val_acc=0.5076 val_loss=1.6446 val_f1_macro=0.4243 val_f1_weighted=0.4958 val_prec_macro=0.4949 val_rec_macro=0.4030 val_metric_name=acc val_metric=0.5076
Step 1150 | loss 0.6777 | val_acc=0.5094 val_loss=1.6867 val_f1_macro=0.4241 val_f1_weighted=0.4981 val_prec_macro=0.4878 val_rec_macro=0.4044 val_metric_name=acc val_metric=0.5094
Step 1200 | loss 0.6245 | val_acc=0.5102 val_loss=1.7360 val_f1_macro=0.4290 val_f1_weighted=0.4998 val_prec_macro=0.4893 val_rec_macro=0.4087 val_metric_name=acc val_metric=0.5102
Step 1250 | loss 0.6293 | val_acc=0.5133 val_loss=1.7755 val_f1_macro=0.4328 val_f1_weighted=0.5033 val_prec_macro=0.4875 val_rec_macro=0.4133 val_metric_name=acc val_metric=0.5133
Step 1300 | loss 0.5916 | val_acc=0.5161 val_loss=1.8230 val_f1_macro=0.4364 val_f1_weighted=0.5063 val_prec_macro=0.4938 val_rec_macro=0.4162 val_metric_name=acc val_metric=0.5161
Step 1350 | loss 0.5780 | val_acc=0.5184 val_loss=1.8671 val_f1_macro=0.4385 val_f1_weighted=0.5089 val_prec_macro=0.4933 val_rec_macro=0.4184 val_metric_name=acc val_metric=0.5184
Step 1400 | loss 0.5583 | val_acc=0.5176 val_loss=1.9133 val_f1_macro=0.4410 val_f1_weighted=0.5086 val_prec_macro=0.4955 val_rec_macro=0.4205 val_metric_name=acc val_metric=0.5176
Step 1450 | loss 0.5307 | val_acc=0.5187 val_loss=1.9513 val_f1_macro=0.4421 val_f1_weighted=0.5098 val_prec_macro=0.4929 val_rec_macro=0.4221 val_metric_name=acc val_metric=0.5187
Step 1500 | loss 0.5127 | val_acc=0.5198 val_loss=1.9878 val_f1_macro=0.4461 val_f1_weighted=0.5118 val_prec_macro=0.4958 val_rec_macro=0.4260 val_metric_name=acc val_metric=0.5198
Step 1550 | loss 0.4897 | val_acc=0.5195 val_loss=2.0278 val_f1_macro=0.4471 val_f1_weighted=0.5112 val_prec_macro=0.4972 val_rec_macro=0.4263 val_metric_name=acc val_metric=0.5195
Step 1600 | loss 0.4731 | val_acc=0.5194 val_loss=2.0752 val_f1_macro=0.4464 val_f1_weighted=0.5109 val_prec_macro=0.4993 val_rec_macro=0.4253 val_metric_name=acc val_metric=0.5194
Step 1650 | loss 0.4612 | val_acc=0.5197 val_loss=2.1058 val_f1_macro=0.4499 val_f1_weighted=0.5121 val_prec_macro=0.4978 val_rec_macro=0.4293 val_metric_name=acc val_metric=0.5197
Step 1700 | loss 0.4486 | val_acc=0.5180 val_loss=2.1383 val_f1_macro=0.4505 val_f1_weighted=0.5111 val_prec_macro=0.4934 val_rec_macro=0.4310 val_metric_name=acc val_metric=0.5180
Step 1750 | loss 0.4499 | val_acc=0.5210 val_loss=2.1738 val_f1_macro=0.4523 val_f1_weighted=0.5136 val_prec_macro=0.4985 val_rec_macro=0.4318 val_metric_name=acc val_metric=0.5210
Step 1800 | loss 0.4279 | val_acc=0.5211 val_loss=2.2067 val_f1_macro=0.4526 val_f1_weighted=0.5141 val_prec_macro=0.4937 val_rec_macro=0.4335 val_metric_name=acc val_metric=0.5211
Step 1850 | loss 0.4071 | val_acc=0.5202 val_loss=2.2379 val_f1_macro=0.4530 val_f1_weighted=0.5136 val_prec_macro=0.4932 val_rec_macro=0.4338 val_metric_name=acc val_metric=0.5202
Step 1900 | loss 0.3987 | val_acc=0.5198 val_loss=2.2725 val_f1_macro=0.4535 val_f1_weighted=0.5135 val_prec_macro=0.4945 val_rec_macro=0.4341 val_metric_name=acc val_metric=0.5198
Step 1950 | loss 0.3876 | val_acc=0.5208 val_loss=2.3036 val_f1_macro=0.4539 val_f1_weighted=0.5144 val_prec_macro=0.4953 val_rec_macro=0.4346 val_metric_name=acc val_metric=0.5208
Step 2000 | loss 0.3771 | val_acc=0.5207 val_loss=2.3298 val_f1_macro=0.4540 val_f1_weighted=0.5145 val_prec_macro=0.4930 val_rec_macro=0.4355 val_metric_name=acc val_metric=0.5207
Step 2050 | loss 0.3696 | val_acc=0.5216 val_loss=2.3509 val_f1_macro=0.4582 val_f1_weighted=0.5163 val_prec_macro=0.4933 val_rec_macro=0.4403 val_metric_name=acc val_metric=0.5216
Step 2100 | loss 0.3628 | val_acc=0.5228 val_loss=2.3833 val_f1_macro=0.4578 val_f1_weighted=0.5171 val_prec_macro=0.4916 val_rec_macro=0.4403 val_metric_name=acc val_metric=0.5228
Step 2150 | loss 0.3496 | val_acc=0.5229 val_loss=2.4116 val_f1_macro=0.4583 val_f1_weighted=0.5168 val_prec_macro=0.4964 val_rec_macro=0.4393 val_metric_name=acc val_metric=0.5229
Step 2200 | loss 0.3496 | val_acc=0.5260 val_loss=2.4367 val_f1_macro=0.4608 val_f1_weighted=0.5203 val_prec_macro=0.4944 val_rec_macro=0.4431 val_metric_name=acc val_metric=0.5260
Step 2250 | loss 0.3325 | val_acc=0.5231 val_loss=2.4577 val_f1_macro=0.4582 val_f1_weighted=0.5174 val_prec_macro=0.4899 val_rec_macro=0.4412 val_metric_name=acc val_metric=0.5231
Step 2300 | loss 0.3279 | val_acc=0.5241 val_loss=2.4793 val_f1_macro=0.4582 val_f1_weighted=0.5183 val_prec_macro=0.4913 val_rec_macro=0.4409 val_metric_name=acc val_metric=0.5241
Step 2350 | loss 0.3220 | val_acc=0.5228 val_loss=2.5018 val_f1_macro=0.4585 val_f1_weighted=0.5172 val_prec_macro=0.4928 val_rec_macro=0.4409 val_metric_name=acc val_metric=0.5228
Step 2400 | loss 0.3188 | val_acc=0.5228 val_loss=2.5298 val_f1_macro=0.4599 val_f1_weighted=0.5173 val_prec_macro=0.4915 val_rec_macro=0.4428 val_metric_name=acc val_metric=0.5228
Step 2450 | loss 0.3157 | val_acc=0.5208 val_loss=2.5494 val_f1_macro=0.4574 val_f1_weighted=0.5159 val_prec_macro=0.4865 val_rec_macro=0.4414 val_metric_name=acc val_metric=0.5208
Step 2500 | loss 0.3059 | val_acc=0.5243 val_loss=2.5756 val_f1_macro=0.4591 val_f1_weighted=0.5187 val_prec_macro=0.4900 val_rec_macro=0.4424 val_metric_name=acc val_metric=0.5243
Early stopping at step 2500

--- Final (best ckpt @ step 2200) ---
  train_acc=0.9725 train_loss=0.0857 train_f1_macro=0.9713 train_f1_weighted=0.9725 train_prec_macro=0.9793 train_rec_macro=0.9639 train_metric_name=acc train_metric=0.9725
  val_acc=0.5260 val_loss=2.4367 val_f1_macro=0.4608 val_f1_weighted=0.5203 val_prec_macro=0.4944 val_rec_macro=0.4431 val_metric_name=acc val_metric=0.5260
  test_acc=0.5218 test_loss=2.4713 test_f1_macro=0.4611 test_f1_weighted=0.5156 test_prec_macro=0.4954 test_rec_macro=0.4426 test_metric_name=acc test_metric=0.5218
  test_acc=0.5218
  >> num_layers=1 hidden_dim=512 lr=3e-05 best_step=2200 val_acc=0.5260 test_acc=0.5218
     val_acc=0.5260 val_f1_macro=0.4608 val_f1_weighted=0.5203 val_loss=2.4367 val_metric=0.5260 val_metric_name=acc val_prec_macro=0.4944 val_rec_macro=0.4431
     test_acc=0.5218 test_f1_macro=0.4611 test_f1_weighted=0.5156 test_loss=2.4713 test_metric=0.5218 test_metric_name=acc test_prec_macro=0.4954 test_rec_macro=0.4426
  >> selected best (by val): num_layers=1 hidden_dim=512 lr=3e-05 val_acc=0.5260 test_acc=0.5218
     val_acc=0.5260 val_f1_macro=0.4608 val_f1_weighted=0.5203 val_loss=2.4367 val_metric=0.5260 val_metric_name=acc val_prec_macro=0.4944 val_rec_macro=0.4431
     test_acc=0.5218 test_f1_macro=0.4611 test_f1_weighted=0.5156 test_loss=2.4713 test_metric=0.5218 test_metric_name=acc test_prec_macro=0.4954 test_rec_macro=0.4426

Done. Results saved to /home/avshmelev/diploma_yandex_graphs/results2/amazon_ratings/base.csv, checkpoints in /home/avshmelev/diploma_yandex_graphs/all_checkpoints2/amazon_ratings/base/
