Loading data...

============================================================
Training amazon-ratings GCN 4L h=512 lr=3e-05 split=1
============================================================
Step    1 | loss 1.6008 | val_acc=0.3694 val_loss=1.4150 val_f1_macro=0.1408 val_f1_weighted=0.2408 val_prec_macro=0.2445 val_rec_macro=0.2070 val_metric_name=acc val_metric=0.3694
Step   50 | loss 1.3792 | val_acc=0.3992 val_loss=1.3551 val_f1_macro=0.1968 val_f1_weighted=0.3133 val_prec_macro=0.2451 val_rec_macro=0.2420 val_metric_name=acc val_metric=0.3992
Step  100 | loss 1.3140 | val_acc=0.4254 val_loss=1.3214 val_f1_macro=0.2528 val_f1_weighted=0.3739 val_prec_macro=0.3482 val_rec_macro=0.2781 val_metric_name=acc val_metric=0.4254
Step  150 | loss 1.2758 | val_acc=0.4388 val_loss=1.3247 val_f1_macro=0.2840 val_f1_weighted=0.3939 val_prec_macro=0.3920 val_rec_macro=0.3013 val_metric_name=acc val_metric=0.4388
Step  200 | loss 1.2092 | val_acc=0.4519 val_loss=1.3095 val_f1_macro=0.3265 val_f1_weighted=0.4228 val_prec_macro=0.4027 val_rec_macro=0.3259 val_metric_name=acc val_metric=0.4519
Step  250 | loss 1.1527 | val_acc=0.4673 val_loss=1.3120 val_f1_macro=0.3640 val_f1_weighted=0.4458 val_prec_macro=0.4183 val_rec_macro=0.3568 val_metric_name=acc val_metric=0.4673
Step  300 | loss 1.1025 | val_acc=0.4722 val_loss=1.3306 val_f1_macro=0.3724 val_f1_weighted=0.4575 val_prec_macro=0.4036 val_rec_macro=0.3654 val_metric_name=acc val_metric=0.4722
Step  350 | loss 1.0635 | val_acc=0.4777 val_loss=1.3546 val_f1_macro=0.3908 val_f1_weighted=0.4662 val_prec_macro=0.4149 val_rec_macro=0.3830 val_metric_name=acc val_metric=0.4777
Step  400 | loss 1.0264 | val_acc=0.4785 val_loss=1.3856 val_f1_macro=0.3948 val_f1_weighted=0.4671 val_prec_macro=0.4204 val_rec_macro=0.3884 val_metric_name=acc val_metric=0.4785
Step  450 | loss 0.9914 | val_acc=0.4800 val_loss=1.4189 val_f1_macro=0.4061 val_f1_weighted=0.4713 val_prec_macro=0.4253 val_rec_macro=0.3994 val_metric_name=acc val_metric=0.4800
Step  500 | loss 0.9499 | val_acc=0.4789 val_loss=1.4552 val_f1_macro=0.4077 val_f1_weighted=0.4720 val_prec_macro=0.4216 val_rec_macro=0.4021 val_metric_name=acc val_metric=0.4789
Step  550 | loss 0.9246 | val_acc=0.4731 val_loss=1.5199 val_f1_macro=0.4048 val_f1_weighted=0.4662 val_prec_macro=0.4123 val_rec_macro=0.4052 val_metric_name=acc val_metric=0.4731
Step  600 | loss 0.8999 | val_acc=0.4784 val_loss=1.5341 val_f1_macro=0.4117 val_f1_weighted=0.4736 val_prec_macro=0.4152 val_rec_macro=0.4124 val_metric_name=acc val_metric=0.4784
Step  650 | loss 0.8780 | val_acc=0.4740 val_loss=1.5767 val_f1_macro=0.4121 val_f1_weighted=0.4700 val_prec_macro=0.4162 val_rec_macro=0.4117 val_metric_name=acc val_metric=0.4740
Step  700 | loss 0.8540 | val_acc=0.4699 val_loss=1.6424 val_f1_macro=0.4071 val_f1_weighted=0.4669 val_prec_macro=0.4068 val_rec_macro=0.4109 val_metric_name=acc val_metric=0.4699
Step  750 | loss 0.8336 | val_acc=0.4753 val_loss=1.6739 val_f1_macro=0.4131 val_f1_weighted=0.4724 val_prec_macro=0.4143 val_rec_macro=0.4158 val_metric_name=acc val_metric=0.4753
Step  800 | loss 0.8077 | val_acc=0.4653 val_loss=1.7285 val_f1_macro=0.4074 val_f1_weighted=0.4643 val_prec_macro=0.4052 val_rec_macro=0.4114 val_metric_name=acc val_metric=0.4653
Early stopping at step 828

--- Final (best ckpt @ step 460) ---
  train_acc=0.6292 train_loss=0.8747 train_f1_macro=0.5716 train_f1_weighted=0.6242 train_prec_macro=0.6005 train_rec_macro=0.5570 train_metric_name=acc train_metric=0.6292
  val_acc=0.4826 val_loss=1.4157 val_f1_macro=0.4087 val_f1_weighted=0.4736 val_prec_macro=0.4293 val_rec_macro=0.4012 val_metric_name=acc val_metric=0.4826
  test_acc=0.4851 test_loss=1.3988 test_f1_macro=0.4111 test_f1_weighted=0.4772 test_prec_macro=0.4299 test_rec_macro=0.4036 test_metric_name=acc test_metric=0.4851
  test_acc=0.4851
  >> num_layers=4 hidden_dim=512 lr=3e-05 best_step=460 val_acc=0.4826 test_acc=0.4851
     val_acc=0.4826 val_f1_macro=0.4087 val_f1_weighted=0.4736 val_loss=1.4157 val_metric=0.4826 val_metric_name=acc val_prec_macro=0.4293 val_rec_macro=0.4012
     test_acc=0.4851 test_f1_macro=0.4111 test_f1_weighted=0.4772 test_loss=1.3988 test_metric=0.4851 test_metric_name=acc test_prec_macro=0.4299 test_rec_macro=0.4036
  >> selected best (by val): num_layers=4 hidden_dim=512 lr=3e-05 val_acc=0.4826 test_acc=0.4851
     val_acc=0.4826 val_f1_macro=0.4087 val_f1_weighted=0.4736 val_loss=1.4157 val_metric=0.4826 val_metric_name=acc val_prec_macro=0.4293 val_rec_macro=0.4012
     test_acc=0.4851 test_f1_macro=0.4111 test_f1_weighted=0.4772 test_loss=1.3988 test_metric=0.4851 test_metric_name=acc test_prec_macro=0.4299 test_rec_macro=0.4036

Done. Results saved to /home/avshmelev/diploma_yandex_graphs/results2/amazon_ratings/base.csv, checkpoints in /home/avshmelev/diploma_yandex_graphs/all_checkpoints2/amazon_ratings/base/
