Loading data...

============================================================
Training amazon-ratings GCN 4L h=512 lr=3e-05 split=8
============================================================
Step    1 | loss 1.7914 | val_acc=0.3307 val_loss=1.4547 val_f1_macro=0.1761 val_f1_weighted=0.2761 val_prec_macro=0.1784 val_rec_macro=0.2090 val_metric_name=acc val_metric=0.3307
Step   50 | loss 1.3848 | val_acc=0.3969 val_loss=1.3631 val_f1_macro=0.1850 val_f1_weighted=0.2997 val_prec_macro=0.2413 val_rec_macro=0.2352 val_metric_name=acc val_metric=0.3969
Step  100 | loss 1.3294 | val_acc=0.4187 val_loss=1.3371 val_f1_macro=0.2350 val_f1_weighted=0.3555 val_prec_macro=0.3445 val_rec_macro=0.2670 val_metric_name=acc val_metric=0.4187
Step  150 | loss 1.2877 | val_acc=0.4282 val_loss=1.3326 val_f1_macro=0.2651 val_f1_weighted=0.3795 val_prec_macro=0.3778 val_rec_macro=0.2892 val_metric_name=acc val_metric=0.4282
Step  200 | loss 1.2372 | val_acc=0.4449 val_loss=1.3217 val_f1_macro=0.2987 val_f1_weighted=0.4065 val_prec_macro=0.4063 val_rec_macro=0.3090 val_metric_name=acc val_metric=0.4449
Step  250 | loss 1.1778 | val_acc=0.4597 val_loss=1.3119 val_f1_macro=0.3489 val_f1_weighted=0.4398 val_prec_macro=0.4053 val_rec_macro=0.3449 val_metric_name=acc val_metric=0.4597
Step  300 | loss 1.1265 | val_acc=0.4640 val_loss=1.3267 val_f1_macro=0.3736 val_f1_weighted=0.4504 val_prec_macro=0.4047 val_rec_macro=0.3692 val_metric_name=acc val_metric=0.4640
Step  350 | loss 1.0752 | val_acc=0.4674 val_loss=1.3386 val_f1_macro=0.3850 val_f1_weighted=0.4571 val_prec_macro=0.4078 val_rec_macro=0.3778 val_metric_name=acc val_metric=0.4674
Step  400 | loss 1.0413 | val_acc=0.4702 val_loss=1.3670 val_f1_macro=0.3884 val_f1_weighted=0.4585 val_prec_macro=0.4153 val_rec_macro=0.3814 val_metric_name=acc val_metric=0.4702
Step  450 | loss 1.0021 | val_acc=0.4761 val_loss=1.4043 val_f1_macro=0.4002 val_f1_weighted=0.4655 val_prec_macro=0.4184 val_rec_macro=0.3960 val_metric_name=acc val_metric=0.4761
Step  500 | loss 0.9778 | val_acc=0.4771 val_loss=1.4419 val_f1_macro=0.3995 val_f1_weighted=0.4691 val_prec_macro=0.4143 val_rec_macro=0.3961 val_metric_name=acc val_metric=0.4771
Step  550 | loss 0.9400 | val_acc=0.4798 val_loss=1.4799 val_f1_macro=0.4118 val_f1_weighted=0.4736 val_prec_macro=0.4216 val_rec_macro=0.4090 val_metric_name=acc val_metric=0.4798
Step  600 | loss 0.9168 | val_acc=0.4811 val_loss=1.5053 val_f1_macro=0.4100 val_f1_weighted=0.4750 val_prec_macro=0.4210 val_rec_macro=0.4071 val_metric_name=acc val_metric=0.4811
Step  650 | loss 0.8885 | val_acc=0.4762 val_loss=1.5435 val_f1_macro=0.4053 val_f1_weighted=0.4694 val_prec_macro=0.4176 val_rec_macro=0.4020 val_metric_name=acc val_metric=0.4762
Step  700 | loss 0.8770 | val_acc=0.4743 val_loss=1.5790 val_f1_macro=0.4074 val_f1_weighted=0.4704 val_prec_macro=0.4131 val_rec_macro=0.4051 val_metric_name=acc val_metric=0.4743
Step  750 | loss 0.8461 | val_acc=0.4782 val_loss=1.6122 val_f1_macro=0.4124 val_f1_weighted=0.4743 val_prec_macro=0.4165 val_rec_macro=0.4119 val_metric_name=acc val_metric=0.4782
Step  800 | loss 0.8200 | val_acc=0.4779 val_loss=1.6479 val_f1_macro=0.4138 val_f1_weighted=0.4758 val_prec_macro=0.4183 val_rec_macro=0.4112 val_metric_name=acc val_metric=0.4779
Step  850 | loss 0.8119 | val_acc=0.4839 val_loss=1.6803 val_f1_macro=0.4137 val_f1_weighted=0.4802 val_prec_macro=0.4201 val_rec_macro=0.4115 val_metric_name=acc val_metric=0.4839
Step  900 | loss 0.7823 | val_acc=0.4775 val_loss=1.7292 val_f1_macro=0.4094 val_f1_weighted=0.4747 val_prec_macro=0.4154 val_rec_macro=0.4070 val_metric_name=acc val_metric=0.4775
Step  950 | loss 0.7621 | val_acc=0.4785 val_loss=1.7550 val_f1_macro=0.4122 val_f1_weighted=0.4754 val_prec_macro=0.4198 val_rec_macro=0.4098 val_metric_name=acc val_metric=0.4785
Step 1000 | loss 0.7478 | val_acc=0.4836 val_loss=1.7802 val_f1_macro=0.4192 val_f1_weighted=0.4808 val_prec_macro=0.4267 val_rec_macro=0.4153 val_metric_name=acc val_metric=0.4836
Step 1050 | loss 0.7324 | val_acc=0.4834 val_loss=1.8440 val_f1_macro=0.4231 val_f1_weighted=0.4820 val_prec_macro=0.4272 val_rec_macro=0.4207 val_metric_name=acc val_metric=0.4834
Step 1100 | loss 0.7155 | val_acc=0.4806 val_loss=1.8897 val_f1_macro=0.4211 val_f1_weighted=0.4791 val_prec_macro=0.4250 val_rec_macro=0.4193 val_metric_name=acc val_metric=0.4806
Step 1150 | loss 0.6924 | val_acc=0.4842 val_loss=1.9417 val_f1_macro=0.4236 val_f1_weighted=0.4825 val_prec_macro=0.4274 val_rec_macro=0.4221 val_metric_name=acc val_metric=0.4842
Step 1200 | loss 0.6763 | val_acc=0.4875 val_loss=1.9630 val_f1_macro=0.4267 val_f1_weighted=0.4861 val_prec_macro=0.4317 val_rec_macro=0.4236 val_metric_name=acc val_metric=0.4875
Step 1250 | loss 0.6664 | val_acc=0.4896 val_loss=2.0306 val_f1_macro=0.4252 val_f1_weighted=0.4874 val_prec_macro=0.4332 val_rec_macro=0.4213 val_metric_name=acc val_metric=0.4896
Step 1300 | loss 0.6486 | val_acc=0.4906 val_loss=2.0728 val_f1_macro=0.4296 val_f1_weighted=0.4889 val_prec_macro=0.4353 val_rec_macro=0.4262 val_metric_name=acc val_metric=0.4906
Step 1350 | loss 0.6340 | val_acc=0.4937 val_loss=2.1130 val_f1_macro=0.4311 val_f1_weighted=0.4921 val_prec_macro=0.4380 val_rec_macro=0.4265 val_metric_name=acc val_metric=0.4937
Step 1400 | loss 0.6188 | val_acc=0.4911 val_loss=2.1441 val_f1_macro=0.4290 val_f1_weighted=0.4892 val_prec_macro=0.4345 val_rec_macro=0.4257 val_metric_name=acc val_metric=0.4911
Step 1450 | loss 0.6021 | val_acc=0.4895 val_loss=2.2041 val_f1_macro=0.4285 val_f1_weighted=0.4885 val_prec_macro=0.4314 val_rec_macro=0.4273 val_metric_name=acc val_metric=0.4895
Step 1500 | loss 0.5946 | val_acc=0.4911 val_loss=2.2342 val_f1_macro=0.4309 val_f1_weighted=0.4899 val_prec_macro=0.4360 val_rec_macro=0.4277 val_metric_name=acc val_metric=0.4911
Step 1550 | loss 0.5787 | val_acc=0.4891 val_loss=2.2976 val_f1_macro=0.4284 val_f1_weighted=0.4880 val_prec_macro=0.4320 val_rec_macro=0.4262 val_metric_name=acc val_metric=0.4891
Step 1600 | loss 0.5676 | val_acc=0.4865 val_loss=2.3650 val_f1_macro=0.4278 val_f1_weighted=0.4860 val_prec_macro=0.4312 val_rec_macro=0.4253 val_metric_name=acc val_metric=0.4865
Step 1650 | loss 0.5502 | val_acc=0.4893 val_loss=2.3817 val_f1_macro=0.4311 val_f1_weighted=0.4888 val_prec_macro=0.4329 val_rec_macro=0.4303 val_metric_name=acc val_metric=0.4893
Step 1700 | loss 0.5393 | val_acc=0.4918 val_loss=2.4406 val_f1_macro=0.4304 val_f1_weighted=0.4903 val_prec_macro=0.4341 val_rec_macro=0.4284 val_metric_name=acc val_metric=0.4918
Step 1750 | loss 0.5313 | val_acc=0.4908 val_loss=2.4802 val_f1_macro=0.4317 val_f1_weighted=0.4903 val_prec_macro=0.4327 val_rec_macro=0.4312 val_metric_name=acc val_metric=0.4908
Step 1800 | loss 0.5223 | val_acc=0.4903 val_loss=2.5389 val_f1_macro=0.4317 val_f1_weighted=0.4892 val_prec_macro=0.4355 val_rec_macro=0.4294 val_metric_name=acc val_metric=0.4903
Step 1850 | loss 0.5117 | val_acc=0.4916 val_loss=2.5775 val_f1_macro=0.4326 val_f1_weighted=0.4908 val_prec_macro=0.4350 val_rec_macro=0.4314 val_metric_name=acc val_metric=0.4916
Step 1900 | loss 0.4974 | val_acc=0.4885 val_loss=2.6252 val_f1_macro=0.4306 val_f1_weighted=0.4876 val_prec_macro=0.4331 val_rec_macro=0.4293 val_metric_name=acc val_metric=0.4885
Step 1950 | loss 0.4884 | val_acc=0.4926 val_loss=2.6638 val_f1_macro=0.4342 val_f1_weighted=0.4920 val_prec_macro=0.4359 val_rec_macro=0.4336 val_metric_name=acc val_metric=0.4926
Step 2000 | loss 0.4796 | val_acc=0.4916 val_loss=2.7146 val_f1_macro=0.4320 val_f1_weighted=0.4911 val_prec_macro=0.4346 val_rec_macro=0.4306 val_metric_name=acc val_metric=0.4916
Step 2050 | loss 0.4720 | val_acc=0.4909 val_loss=2.7576 val_f1_macro=0.4314 val_f1_weighted=0.4900 val_prec_macro=0.4338 val_rec_macro=0.4300 val_metric_name=acc val_metric=0.4909
Step 2100 | loss 0.4545 | val_acc=0.4916 val_loss=2.8002 val_f1_macro=0.4336 val_f1_weighted=0.4908 val_prec_macro=0.4361 val_rec_macro=0.4319 val_metric_name=acc val_metric=0.4916
Step 2150 | loss 0.4456 | val_acc=0.4913 val_loss=2.8787 val_f1_macro=0.4321 val_f1_weighted=0.4907 val_prec_macro=0.4333 val_rec_macro=0.4316 val_metric_name=acc val_metric=0.4913
Step 2200 | loss 0.4392 | val_acc=0.4893 val_loss=2.9192 val_f1_macro=0.4353 val_f1_weighted=0.4890 val_prec_macro=0.4377 val_rec_macro=0.4340 val_metric_name=acc val_metric=0.4893
Step 2250 | loss 0.4327 | val_acc=0.4883 val_loss=2.9527 val_f1_macro=0.4287 val_f1_weighted=0.4877 val_prec_macro=0.4301 val_rec_macro=0.4283 val_metric_name=acc val_metric=0.4883
Step 2300 | loss 0.4247 | val_acc=0.4875 val_loss=2.9886 val_f1_macro=0.4298 val_f1_weighted=0.4870 val_prec_macro=0.4320 val_rec_macro=0.4286 val_metric_name=acc val_metric=0.4875
Step 2350 | loss 0.4192 | val_acc=0.4953 val_loss=3.0468 val_f1_macro=0.4378 val_f1_weighted=0.4948 val_prec_macro=0.4391 val_rec_macro=0.4372 val_metric_name=acc val_metric=0.4953
Step 2400 | loss 0.4113 | val_acc=0.4965 val_loss=3.0696 val_f1_macro=0.4400 val_f1_weighted=0.4957 val_prec_macro=0.4425 val_rec_macro=0.4386 val_metric_name=acc val_metric=0.4965
Step 2450 | loss 0.4012 | val_acc=0.4935 val_loss=3.1402 val_f1_macro=0.4360 val_f1_weighted=0.4928 val_prec_macro=0.4371 val_rec_macro=0.4357 val_metric_name=acc val_metric=0.4935
Step 2500 | loss 0.3894 | val_acc=0.4911 val_loss=3.1467 val_f1_macro=0.4340 val_f1_weighted=0.4903 val_prec_macro=0.4356 val_rec_macro=0.4333 val_metric_name=acc val_metric=0.4911
Step 2550 | loss 0.3927 | val_acc=0.4944 val_loss=3.2093 val_f1_macro=0.4384 val_f1_weighted=0.4939 val_prec_macro=0.4394 val_rec_macro=0.4385 val_metric_name=acc val_metric=0.4944
Step 2600 | loss 0.3782 | val_acc=0.4965 val_loss=3.2186 val_f1_macro=0.4412 val_f1_weighted=0.4956 val_prec_macro=0.4429 val_rec_macro=0.4402 val_metric_name=acc val_metric=0.4965
Step 2650 | loss 0.3713 | val_acc=0.4975 val_loss=3.2649 val_f1_macro=0.4402 val_f1_weighted=0.4968 val_prec_macro=0.4421 val_rec_macro=0.4390 val_metric_name=acc val_metric=0.4975
Step 2700 | loss 0.3709 | val_acc=0.4931 val_loss=3.3512 val_f1_macro=0.4356 val_f1_weighted=0.4932 val_prec_macro=0.4351 val_rec_macro=0.4367 val_metric_name=acc val_metric=0.4931
Step 2750 | loss 0.3636 | val_acc=0.4955 val_loss=3.3857 val_f1_macro=0.4405 val_f1_weighted=0.4947 val_prec_macro=0.4427 val_rec_macro=0.4393 val_metric_name=acc val_metric=0.4955
Step 2800 | loss 0.3550 | val_acc=0.4958 val_loss=3.4067 val_f1_macro=0.4403 val_f1_weighted=0.4951 val_prec_macro=0.4413 val_rec_macro=0.4402 val_metric_name=acc val_metric=0.4958
Step 2850 | loss 0.3540 | val_acc=0.4934 val_loss=3.4872 val_f1_macro=0.4380 val_f1_weighted=0.4935 val_prec_macro=0.4379 val_rec_macro=0.4387 val_metric_name=acc val_metric=0.4934
Step 2900 | loss 0.3425 | val_acc=0.4971 val_loss=3.5137 val_f1_macro=0.4410 val_f1_weighted=0.4966 val_prec_macro=0.4419 val_rec_macro=0.4414 val_metric_name=acc val_metric=0.4971
Step 2950 | loss 0.3363 | val_acc=0.4937 val_loss=3.5155 val_f1_macro=0.4390 val_f1_weighted=0.4935 val_prec_macro=0.4393 val_rec_macro=0.4390 val_metric_name=acc val_metric=0.4937
Step 3000 | loss 0.3345 | val_acc=0.4939 val_loss=3.5648 val_f1_macro=0.4387 val_f1_weighted=0.4934 val_prec_macro=0.4387 val_rec_macro=0.4397 val_metric_name=acc val_metric=0.4939
Step 3050 | loss 0.3272 | val_acc=0.4935 val_loss=3.5922 val_f1_macro=0.4385 val_f1_weighted=0.4933 val_prec_macro=0.4387 val_rec_macro=0.4387 val_metric_name=acc val_metric=0.4935
Step 3100 | loss 0.3231 | val_acc=0.4975 val_loss=3.6643 val_f1_macro=0.4419 val_f1_weighted=0.4973 val_prec_macro=0.4417 val_rec_macro=0.4429 val_metric_name=acc val_metric=0.4975
Step 3150 | loss 0.3170 | val_acc=0.4968 val_loss=3.7076 val_f1_macro=0.4401 val_f1_weighted=0.4966 val_prec_macro=0.4399 val_rec_macro=0.4410 val_metric_name=acc val_metric=0.4968
Step 3200 | loss 0.3080 | val_acc=0.4983 val_loss=3.7428 val_f1_macro=0.4431 val_f1_weighted=0.4983 val_prec_macro=0.4427 val_rec_macro=0.4441 val_metric_name=acc val_metric=0.4983
Step 3250 | loss 0.3085 | val_acc=0.4939 val_loss=3.7695 val_f1_macro=0.4419 val_f1_weighted=0.4938 val_prec_macro=0.4416 val_rec_macro=0.4429 val_metric_name=acc val_metric=0.4939
Step 3300 | loss 0.3080 | val_acc=0.4952 val_loss=3.7984 val_f1_macro=0.4408 val_f1_weighted=0.4948 val_prec_macro=0.4411 val_rec_macro=0.4412 val_metric_name=acc val_metric=0.4952
Step 3350 | loss 0.2996 | val_acc=0.4986 val_loss=3.8200 val_f1_macro=0.4443 val_f1_weighted=0.4984 val_prec_macro=0.4450 val_rec_macro=0.4441 val_metric_name=acc val_metric=0.4986
Step 3400 | loss 0.2947 | val_acc=0.4993 val_loss=3.8839 val_f1_macro=0.4443 val_f1_weighted=0.4991 val_prec_macro=0.4448 val_rec_macro=0.4444 val_metric_name=acc val_metric=0.4993
Step 3450 | loss 0.2918 | val_acc=0.4970 val_loss=3.8926 val_f1_macro=0.4423 val_f1_weighted=0.4970 val_prec_macro=0.4419 val_rec_macro=0.4435 val_metric_name=acc val_metric=0.4970
Step 3500 | loss 0.2853 | val_acc=0.4955 val_loss=3.9337 val_f1_macro=0.4405 val_f1_weighted=0.4954 val_prec_macro=0.4408 val_rec_macro=0.4408 val_metric_name=acc val_metric=0.4955
Step 3550 | loss 0.2802 | val_acc=0.4980 val_loss=3.9679 val_f1_macro=0.4453 val_f1_weighted=0.4980 val_prec_macro=0.4449 val_rec_macro=0.4461 val_metric_name=acc val_metric=0.4980
Step 3600 | loss 0.2743 | val_acc=0.4962 val_loss=4.0031 val_f1_macro=0.4431 val_f1_weighted=0.4962 val_prec_macro=0.4430 val_rec_macro=0.4439 val_metric_name=acc val_metric=0.4962
Step 3650 | loss 0.2741 | val_acc=0.4989 val_loss=4.0549 val_f1_macro=0.4452 val_f1_weighted=0.4988 val_prec_macro=0.4444 val_rec_macro=0.4468 val_metric_name=acc val_metric=0.4989
Step 3700 | loss 0.2644 | val_acc=0.4978 val_loss=4.0416 val_f1_macro=0.4446 val_f1_weighted=0.4975 val_prec_macro=0.4452 val_rec_macro=0.4448 val_metric_name=acc val_metric=0.4978
Step 3750 | loss 0.2662 | val_acc=0.4981 val_loss=4.0716 val_f1_macro=0.4443 val_f1_weighted=0.4982 val_prec_macro=0.4440 val_rec_macro=0.4454 val_metric_name=acc val_metric=0.4981
Step 3800 | loss 0.2643 | val_acc=0.5020 val_loss=4.1352 val_f1_macro=0.4483 val_f1_weighted=0.5017 val_prec_macro=0.4495 val_rec_macro=0.4477 val_metric_name=acc val_metric=0.5020
Step 3850 | loss 0.2548 | val_acc=0.4971 val_loss=4.2034 val_f1_macro=0.4421 val_f1_weighted=0.4967 val_prec_macro=0.4426 val_rec_macro=0.4422 val_metric_name=acc val_metric=0.4971
Step 3900 | loss 0.2563 | val_acc=0.4973 val_loss=4.1836 val_f1_macro=0.4416 val_f1_weighted=0.4972 val_prec_macro=0.4409 val_rec_macro=0.4429 val_metric_name=acc val_metric=0.4973
Step 3950 | loss 0.2461 | val_acc=0.4971 val_loss=4.2127 val_f1_macro=0.4437 val_f1_weighted=0.4972 val_prec_macro=0.4431 val_rec_macro=0.4449 val_metric_name=acc val_metric=0.4971
Step 4000 | loss 0.2478 | val_acc=0.4994 val_loss=4.2451 val_f1_macro=0.4468 val_f1_weighted=0.4992 val_prec_macro=0.4467 val_rec_macro=0.4476 val_metric_name=acc val_metric=0.4994
Step 4050 | loss 0.2482 | val_acc=0.4968 val_loss=4.2911 val_f1_macro=0.4424 val_f1_weighted=0.4964 val_prec_macro=0.4430 val_rec_macro=0.4424 val_metric_name=acc val_metric=0.4968
Step 4100 | loss 0.2407 | val_acc=0.4989 val_loss=4.2915 val_f1_macro=0.4457 val_f1_weighted=0.4989 val_prec_macro=0.4453 val_rec_macro=0.4466 val_metric_name=acc val_metric=0.4989
Early stopping at step 4100

--- Final (best ckpt @ step 3800) ---
  train_acc=0.9289 train_loss=0.1689 train_f1_macro=0.9237 train_f1_weighted=0.9289 train_prec_macro=0.9233 train_rec_macro=0.9241 train_metric_name=acc train_metric=0.9289
  val_acc=0.5020 val_loss=4.1352 val_f1_macro=0.4483 val_f1_weighted=0.5017 val_prec_macro=0.4495 val_rec_macro=0.4477 val_metric_name=acc val_metric=0.5020
  test_acc=0.4916 test_loss=4.1483 test_f1_macro=0.4336 test_f1_weighted=0.4916 test_prec_macro=0.4324 test_rec_macro=0.4352 test_metric_name=acc test_metric=0.4916
  test_acc=0.4916
  >> num_layers=4 hidden_dim=512 lr=3e-05 best_step=3800 val_acc=0.5020 test_acc=0.4916
     val_acc=0.5020 val_f1_macro=0.4483 val_f1_weighted=0.5017 val_loss=4.1352 val_metric=0.5020 val_metric_name=acc val_prec_macro=0.4495 val_rec_macro=0.4477
     test_acc=0.4916 test_f1_macro=0.4336 test_f1_weighted=0.4916 test_loss=4.1483 test_metric=0.4916 test_metric_name=acc test_prec_macro=0.4324 test_rec_macro=0.4352
  >> selected best (by val): num_layers=4 hidden_dim=512 lr=3e-05 val_acc=0.5020 test_acc=0.4916
     val_acc=0.5020 val_f1_macro=0.4483 val_f1_weighted=0.5017 val_loss=4.1352 val_metric=0.5020 val_metric_name=acc val_prec_macro=0.4495 val_rec_macro=0.4477
     test_acc=0.4916 test_f1_macro=0.4336 test_f1_weighted=0.4916 test_loss=4.1483 test_metric=0.4916 test_metric_name=acc test_prec_macro=0.4324 test_rec_macro=0.4352

Done. Results saved to /home/avshmelev/diploma_yandex_graphs/results2/amazon_ratings/base.csv, checkpoints in /home/avshmelev/diploma_yandex_graphs/all_checkpoints2/amazon_ratings/base/
