Loading data...

============================================================
Training amazon-ratings GCN 4L h=512 lr=3e-05 split=6
============================================================
Step    1 | loss 1.6736 | val_acc=0.3675 val_loss=1.4447 val_f1_macro=0.1101 val_f1_weighted=0.2010 val_prec_macro=0.1681 val_rec_macro=0.2002 val_metric_name=acc val_metric=0.3675
Step   50 | loss 1.3905 | val_acc=0.3943 val_loss=1.3665 val_f1_macro=0.1835 val_f1_weighted=0.2972 val_prec_macro=0.2444 val_rec_macro=0.2316 val_metric_name=acc val_metric=0.3943
Step  100 | loss 1.3347 | val_acc=0.4196 val_loss=1.3298 val_f1_macro=0.2386 val_f1_weighted=0.3633 val_prec_macro=0.2792 val_rec_macro=0.2651 val_metric_name=acc val_metric=0.4196
Step  150 | loss 1.2968 | val_acc=0.4268 val_loss=1.3227 val_f1_macro=0.2553 val_f1_weighted=0.3743 val_prec_macro=0.3738 val_rec_macro=0.2785 val_metric_name=acc val_metric=0.4268
Step  200 | loss 1.2499 | val_acc=0.4470 val_loss=1.3111 val_f1_macro=0.2992 val_f1_weighted=0.4059 val_prec_macro=0.4096 val_rec_macro=0.3079 val_metric_name=acc val_metric=0.4470
Step  250 | loss 1.1943 | val_acc=0.4609 val_loss=1.3107 val_f1_macro=0.3402 val_f1_weighted=0.4325 val_prec_macro=0.4153 val_rec_macro=0.3359 val_metric_name=acc val_metric=0.4609
Step  300 | loss 1.1443 | val_acc=0.4597 val_loss=1.3371 val_f1_macro=0.3408 val_f1_weighted=0.4311 val_prec_macro=0.4096 val_rec_macro=0.3368 val_metric_name=acc val_metric=0.4597
Step  350 | loss 1.1001 | val_acc=0.4728 val_loss=1.3422 val_f1_macro=0.3611 val_f1_weighted=0.4486 val_prec_macro=0.4302 val_rec_macro=0.3527 val_metric_name=acc val_metric=0.4728
Step  400 | loss 1.0652 | val_acc=0.4682 val_loss=1.3517 val_f1_macro=0.3769 val_f1_weighted=0.4544 val_prec_macro=0.4248 val_rec_macro=0.3633 val_metric_name=acc val_metric=0.4682
Step  450 | loss 1.0287 | val_acc=0.4738 val_loss=1.3806 val_f1_macro=0.3869 val_f1_weighted=0.4608 val_prec_macro=0.4290 val_rec_macro=0.3736 val_metric_name=acc val_metric=0.4738
Step  500 | loss 0.9939 | val_acc=0.4761 val_loss=1.4054 val_f1_macro=0.3937 val_f1_weighted=0.4676 val_prec_macro=0.4131 val_rec_macro=0.3845 val_metric_name=acc val_metric=0.4761
Step  550 | loss 0.9601 | val_acc=0.4834 val_loss=1.4251 val_f1_macro=0.4039 val_f1_weighted=0.4753 val_prec_macro=0.4258 val_rec_macro=0.3940 val_metric_name=acc val_metric=0.4834
Step  600 | loss 0.9330 | val_acc=0.4780 val_loss=1.4668 val_f1_macro=0.4090 val_f1_weighted=0.4737 val_prec_macro=0.4193 val_rec_macro=0.4025 val_metric_name=acc val_metric=0.4780
Step  650 | loss 0.9064 | val_acc=0.4818 val_loss=1.4865 val_f1_macro=0.4064 val_f1_weighted=0.4774 val_prec_macro=0.4154 val_rec_macro=0.4011 val_metric_name=acc val_metric=0.4818
Step  700 | loss 0.8860 | val_acc=0.4831 val_loss=1.5376 val_f1_macro=0.4055 val_f1_weighted=0.4781 val_prec_macro=0.4154 val_rec_macro=0.4003 val_metric_name=acc val_metric=0.4831
Step  750 | loss 0.8631 | val_acc=0.4816 val_loss=1.5571 val_f1_macro=0.4097 val_f1_weighted=0.4772 val_prec_macro=0.4201 val_rec_macro=0.4029 val_metric_name=acc val_metric=0.4816
Step  800 | loss 0.8427 | val_acc=0.4813 val_loss=1.6028 val_f1_macro=0.4090 val_f1_weighted=0.4792 val_prec_macro=0.4125 val_rec_macro=0.4067 val_metric_name=acc val_metric=0.4813
Step  850 | loss 0.8249 | val_acc=0.4811 val_loss=1.6260 val_f1_macro=0.4080 val_f1_weighted=0.4787 val_prec_macro=0.4130 val_rec_macro=0.4046 val_metric_name=acc val_metric=0.4811
Step  900 | loss 0.8071 | val_acc=0.4869 val_loss=1.6631 val_f1_macro=0.4156 val_f1_weighted=0.4848 val_prec_macro=0.4196 val_rec_macro=0.4125 val_metric_name=acc val_metric=0.4869
Step  950 | loss 0.7800 | val_acc=0.4836 val_loss=1.7064 val_f1_macro=0.4115 val_f1_weighted=0.4819 val_prec_macro=0.4140 val_rec_macro=0.4104 val_metric_name=acc val_metric=0.4836
Step 1000 | loss 0.7639 | val_acc=0.4885 val_loss=1.7579 val_f1_macro=0.4135 val_f1_weighted=0.4863 val_prec_macro=0.4170 val_rec_macro=0.4116 val_metric_name=acc val_metric=0.4885
Step 1050 | loss 0.7460 | val_acc=0.4952 val_loss=1.7859 val_f1_macro=0.4220 val_f1_weighted=0.4922 val_prec_macro=0.4281 val_rec_macro=0.4179 val_metric_name=acc val_metric=0.4952
Step 1100 | loss 0.7297 | val_acc=0.4859 val_loss=1.8199 val_f1_macro=0.4147 val_f1_weighted=0.4844 val_prec_macro=0.4182 val_rec_macro=0.4121 val_metric_name=acc val_metric=0.4859
Step 1150 | loss 0.7094 | val_acc=0.4867 val_loss=1.8726 val_f1_macro=0.4144 val_f1_weighted=0.4855 val_prec_macro=0.4166 val_rec_macro=0.4125 val_metric_name=acc val_metric=0.4867
Step 1200 | loss 0.7034 | val_acc=0.4820 val_loss=1.9352 val_f1_macro=0.4132 val_f1_weighted=0.4811 val_prec_macro=0.4149 val_rec_macro=0.4116 val_metric_name=acc val_metric=0.4820
Step 1250 | loss 0.6812 | val_acc=0.4864 val_loss=1.9667 val_f1_macro=0.4166 val_f1_weighted=0.4858 val_prec_macro=0.4175 val_rec_macro=0.4160 val_metric_name=acc val_metric=0.4864
Step 1300 | loss 0.6614 | val_acc=0.4839 val_loss=2.0152 val_f1_macro=0.4148 val_f1_weighted=0.4827 val_prec_macro=0.4176 val_rec_macro=0.4126 val_metric_name=acc val_metric=0.4839
Step 1350 | loss 0.6488 | val_acc=0.4839 val_loss=2.0531 val_f1_macro=0.4162 val_f1_weighted=0.4835 val_prec_macro=0.4174 val_rec_macro=0.4152 val_metric_name=acc val_metric=0.4839
Early stopping at step 1350

--- Final (best ckpt @ step 1050) ---
  train_acc=0.7193 train_loss=0.6231 train_f1_macro=0.6889 train_f1_weighted=0.7180 train_prec_macro=0.6979 train_rec_macro=0.6819 train_metric_name=acc train_metric=0.7193
  val_acc=0.4952 val_loss=1.7859 val_f1_macro=0.4220 val_f1_weighted=0.4922 val_prec_macro=0.4281 val_rec_macro=0.4179 val_metric_name=acc val_metric=0.4952
  test_acc=0.4883 test_loss=1.8110 test_f1_macro=0.4215 test_f1_weighted=0.4856 test_prec_macro=0.4262 test_rec_macro=0.4180 test_metric_name=acc test_metric=0.4883
  test_acc=0.4883
  >> num_layers=4 hidden_dim=512 lr=3e-05 best_step=1050 val_acc=0.4952 test_acc=0.4883
     val_acc=0.4952 val_f1_macro=0.4220 val_f1_weighted=0.4922 val_loss=1.7859 val_metric=0.4952 val_metric_name=acc val_prec_macro=0.4281 val_rec_macro=0.4179
     test_acc=0.4883 test_f1_macro=0.4215 test_f1_weighted=0.4856 test_loss=1.8110 test_metric=0.4883 test_metric_name=acc test_prec_macro=0.4262 test_rec_macro=0.4180
  >> selected best (by val): num_layers=4 hidden_dim=512 lr=3e-05 val_acc=0.4952 test_acc=0.4883
     val_acc=0.4952 val_f1_macro=0.4220 val_f1_weighted=0.4922 val_loss=1.7859 val_metric=0.4952 val_metric_name=acc val_prec_macro=0.4281 val_rec_macro=0.4179
     test_acc=0.4883 test_f1_macro=0.4215 test_f1_weighted=0.4856 test_loss=1.8110 test_metric=0.4883 test_metric_name=acc test_prec_macro=0.4262 test_rec_macro=0.4180

Done. Results saved to /home/avshmelev/diploma_yandex_graphs/results2/amazon_ratings/base.csv, checkpoints in /home/avshmelev/diploma_yandex_graphs/all_checkpoints2/amazon_ratings/base/
