Loading data...

============================================================
Training amazon-ratings GT 3L h=512 lr=3e-05 split=1
============================================================
Step    1 | loss 1.5766 | val_acc=0.3598 val_loss=1.4511 val_f1_macro=0.1172 val_f1_weighted=0.2098 val_prec_macro=0.1414 val_rec_macro=0.1974 val_metric_name=acc val_metric=0.3598
Step   50 | loss 1.3811 | val_acc=0.3947 val_loss=1.3705 val_f1_macro=0.1899 val_f1_weighted=0.3051 val_prec_macro=0.2296 val_rec_macro=0.2368 val_metric_name=acc val_metric=0.3947
Step  100 | loss 1.3309 | val_acc=0.4186 val_loss=1.3434 val_f1_macro=0.2353 val_f1_weighted=0.3580 val_prec_macro=0.3513 val_rec_macro=0.2672 val_metric_name=acc val_metric=0.4186
Step  150 | loss 1.2872 | val_acc=0.4361 val_loss=1.3449 val_f1_macro=0.2724 val_f1_weighted=0.3877 val_prec_macro=0.3985 val_rec_macro=0.2944 val_metric_name=acc val_metric=0.4361
Step  200 | loss 1.2318 | val_acc=0.4473 val_loss=1.3429 val_f1_macro=0.3151 val_f1_weighted=0.4155 val_prec_macro=0.4018 val_rec_macro=0.3212 val_metric_name=acc val_metric=0.4473
Step  250 | loss 1.1781 | val_acc=0.4570 val_loss=1.3637 val_f1_macro=0.3390 val_f1_weighted=0.4250 val_prec_macro=0.4342 val_rec_macro=0.3394 val_metric_name=acc val_metric=0.4570
Step  300 | loss 1.1366 | val_acc=0.4702 val_loss=1.3532 val_f1_macro=0.3637 val_f1_weighted=0.4459 val_prec_macro=0.4328 val_rec_macro=0.3583 val_metric_name=acc val_metric=0.4702
Step  350 | loss 1.0808 | val_acc=0.4748 val_loss=1.3676 val_f1_macro=0.3775 val_f1_weighted=0.4539 val_prec_macro=0.4384 val_rec_macro=0.3678 val_metric_name=acc val_metric=0.4748
Step  400 | loss 1.0361 | val_acc=0.4828 val_loss=1.3880 val_f1_macro=0.3935 val_f1_weighted=0.4647 val_prec_macro=0.4545 val_rec_macro=0.3810 val_metric_name=acc val_metric=0.4828
Step  450 | loss 0.9923 | val_acc=0.4895 val_loss=1.4122 val_f1_macro=0.4131 val_f1_weighted=0.4764 val_prec_macro=0.4598 val_rec_macro=0.4004 val_metric_name=acc val_metric=0.4895
Step  500 | loss 0.9332 | val_acc=0.4942 val_loss=1.4364 val_f1_macro=0.4209 val_f1_weighted=0.4840 val_prec_macro=0.4512 val_rec_macro=0.4106 val_metric_name=acc val_metric=0.4942
Step  550 | loss 0.8718 | val_acc=0.5022 val_loss=1.4766 val_f1_macro=0.4336 val_f1_weighted=0.4933 val_prec_macro=0.4668 val_rec_macro=0.4196 val_metric_name=acc val_metric=0.5022
Step  600 | loss 0.8119 | val_acc=0.5138 val_loss=1.5351 val_f1_macro=0.4452 val_f1_weighted=0.5047 val_prec_macro=0.4845 val_rec_macro=0.4280 val_metric_name=acc val_metric=0.5138
Step  650 | loss 0.7641 | val_acc=0.5156 val_loss=1.5829 val_f1_macro=0.4540 val_f1_weighted=0.5088 val_prec_macro=0.4813 val_rec_macro=0.4403 val_metric_name=acc val_metric=0.5156
Step  700 | loss 0.7062 | val_acc=0.5184 val_loss=1.6498 val_f1_macro=0.4593 val_f1_weighted=0.5122 val_prec_macro=0.4842 val_rec_macro=0.4454 val_metric_name=acc val_metric=0.5184
Step  750 | loss 0.6518 | val_acc=0.5246 val_loss=1.7267 val_f1_macro=0.4656 val_f1_weighted=0.5184 val_prec_macro=0.4906 val_rec_macro=0.4519 val_metric_name=acc val_metric=0.5246
Step  800 | loss 0.5907 | val_acc=0.5221 val_loss=1.8270 val_f1_macro=0.4639 val_f1_weighted=0.5177 val_prec_macro=0.4802 val_rec_macro=0.4539 val_metric_name=acc val_metric=0.5221
Step  850 | loss 0.5365 | val_acc=0.5228 val_loss=1.9117 val_f1_macro=0.4674 val_f1_weighted=0.5202 val_prec_macro=0.4743 val_rec_macro=0.4625 val_metric_name=acc val_metric=0.5228
Step  900 | loss 0.4890 | val_acc=0.5288 val_loss=2.0155 val_f1_macro=0.4723 val_f1_weighted=0.5253 val_prec_macro=0.4843 val_rec_macro=0.4640 val_metric_name=acc val_metric=0.5288
Step  950 | loss 0.4491 | val_acc=0.5324 val_loss=2.1201 val_f1_macro=0.4779 val_f1_weighted=0.5288 val_prec_macro=0.4915 val_rec_macro=0.4684 val_metric_name=acc val_metric=0.5324
Step 1000 | loss 0.3955 | val_acc=0.5298 val_loss=2.2110 val_f1_macro=0.4757 val_f1_weighted=0.5274 val_prec_macro=0.4847 val_rec_macro=0.4686 val_metric_name=acc val_metric=0.5298
Step 1050 | loss 0.3642 | val_acc=0.5288 val_loss=2.3128 val_f1_macro=0.4767 val_f1_weighted=0.5265 val_prec_macro=0.4847 val_rec_macro=0.4704 val_metric_name=acc val_metric=0.5288
Step 1100 | loss 0.3312 | val_acc=0.5323 val_loss=2.4217 val_f1_macro=0.4771 val_f1_weighted=0.5301 val_prec_macro=0.4833 val_rec_macro=0.4723 val_metric_name=acc val_metric=0.5323
Step 1150 | loss 0.2979 | val_acc=0.5336 val_loss=2.4955 val_f1_macro=0.4797 val_f1_weighted=0.5315 val_prec_macro=0.4867 val_rec_macro=0.4741 val_metric_name=acc val_metric=0.5336
Step 1200 | loss 0.2676 | val_acc=0.5334 val_loss=2.6238 val_f1_macro=0.4781 val_f1_weighted=0.5313 val_prec_macro=0.4837 val_rec_macro=0.4739 val_metric_name=acc val_metric=0.5334
Step 1250 | loss 0.2470 | val_acc=0.5336 val_loss=2.6886 val_f1_macro=0.4788 val_f1_weighted=0.5314 val_prec_macro=0.4874 val_rec_macro=0.4722 val_metric_name=acc val_metric=0.5336
Step 1300 | loss 0.2293 | val_acc=0.5332 val_loss=2.7862 val_f1_macro=0.4793 val_f1_weighted=0.5315 val_prec_macro=0.4844 val_rec_macro=0.4755 val_metric_name=acc val_metric=0.5332
Step 1350 | loss 0.2054 | val_acc=0.5362 val_loss=2.8604 val_f1_macro=0.4828 val_f1_weighted=0.5340 val_prec_macro=0.4891 val_rec_macro=0.4781 val_metric_name=acc val_metric=0.5362
Step 1400 | loss 0.1876 | val_acc=0.5331 val_loss=2.9375 val_f1_macro=0.4796 val_f1_weighted=0.5313 val_prec_macro=0.4850 val_rec_macro=0.4752 val_metric_name=acc val_metric=0.5331
Step 1450 | loss 0.1718 | val_acc=0.5370 val_loss=2.9962 val_f1_macro=0.4839 val_f1_weighted=0.5352 val_prec_macro=0.4897 val_rec_macro=0.4794 val_metric_name=acc val_metric=0.5370
Step 1500 | loss 0.1610 | val_acc=0.5334 val_loss=3.0919 val_f1_macro=0.4802 val_f1_weighted=0.5315 val_prec_macro=0.4861 val_rec_macro=0.4754 val_metric_name=acc val_metric=0.5334
Step 1550 | loss 0.1433 | val_acc=0.5367 val_loss=3.1474 val_f1_macro=0.4839 val_f1_weighted=0.5348 val_prec_macro=0.4896 val_rec_macro=0.4793 val_metric_name=acc val_metric=0.5367
Step 1600 | loss 0.1370 | val_acc=0.5357 val_loss=3.2207 val_f1_macro=0.4850 val_f1_weighted=0.5336 val_prec_macro=0.4934 val_rec_macro=0.4784 val_metric_name=acc val_metric=0.5357
Step 1650 | loss 0.1242 | val_acc=0.5347 val_loss=3.2619 val_f1_macro=0.4828 val_f1_weighted=0.5329 val_prec_macro=0.4887 val_rec_macro=0.4783 val_metric_name=acc val_metric=0.5347
Step 1700 | loss 0.1290 | val_acc=0.5368 val_loss=3.3149 val_f1_macro=0.4840 val_f1_weighted=0.5349 val_prec_macro=0.4904 val_rec_macro=0.4795 val_metric_name=acc val_metric=0.5368
Step 1750 | loss 0.1043 | val_acc=0.5372 val_loss=3.3858 val_f1_macro=0.4858 val_f1_weighted=0.5355 val_prec_macro=0.4925 val_rec_macro=0.4805 val_metric_name=acc val_metric=0.5372
Step 1800 | loss 0.1112 | val_acc=0.5403 val_loss=3.4414 val_f1_macro=0.4867 val_f1_weighted=0.5384 val_prec_macro=0.4927 val_rec_macro=0.4819 val_metric_name=acc val_metric=0.5403
Step 1850 | loss 0.1037 | val_acc=0.5401 val_loss=3.4781 val_f1_macro=0.4869 val_f1_weighted=0.5384 val_prec_macro=0.4938 val_rec_macro=0.4814 val_metric_name=acc val_metric=0.5401
Step 1900 | loss 0.0975 | val_acc=0.5375 val_loss=3.5205 val_f1_macro=0.4839 val_f1_weighted=0.5362 val_prec_macro=0.4882 val_rec_macro=0.4805 val_metric_name=acc val_metric=0.5375
Step 1950 | loss 0.0838 | val_acc=0.5323 val_loss=3.5769 val_f1_macro=0.4805 val_f1_weighted=0.5311 val_prec_macro=0.4849 val_rec_macro=0.4767 val_metric_name=acc val_metric=0.5323
Step 2000 | loss 0.0849 | val_acc=0.5344 val_loss=3.6243 val_f1_macro=0.4824 val_f1_weighted=0.5331 val_prec_macro=0.4868 val_rec_macro=0.4791 val_metric_name=acc val_metric=0.5344
Step 2050 | loss 0.0799 | val_acc=0.5362 val_loss=3.6612 val_f1_macro=0.4853 val_f1_weighted=0.5349 val_prec_macro=0.4903 val_rec_macro=0.4813 val_metric_name=acc val_metric=0.5362
Step 2100 | loss 0.0786 | val_acc=0.5365 val_loss=3.6849 val_f1_macro=0.4832 val_f1_weighted=0.5350 val_prec_macro=0.4889 val_rec_macro=0.4788 val_metric_name=acc val_metric=0.5365
Early stopping at step 2126

--- Final (best ckpt @ step 1800) ---
  train_acc=0.9975 train_loss=0.0068 train_f1_macro=0.9970 train_f1_weighted=0.9975 train_prec_macro=0.9962 train_rec_macro=0.9978 train_metric_name=acc train_metric=0.9975
  val_acc=0.5403 val_loss=3.4414 val_f1_macro=0.4867 val_f1_weighted=0.5384 val_prec_macro=0.4927 val_rec_macro=0.4819 val_metric_name=acc val_metric=0.5403
  test_acc=0.5409 test_loss=3.3843 test_f1_macro=0.4856 test_f1_weighted=0.5391 test_prec_macro=0.4919 test_rec_macro=0.4805 test_metric_name=acc test_metric=0.5409
  test_acc=0.5409
  >> num_layers=3 hidden_dim=512 lr=3e-05 best_step=1800 val_acc=0.5403 test_acc=0.5409
     val_acc=0.5403 val_f1_macro=0.4867 val_f1_weighted=0.5384 val_loss=3.4414 val_metric=0.5403 val_metric_name=acc val_prec_macro=0.4927 val_rec_macro=0.4819
     test_acc=0.5409 test_f1_macro=0.4856 test_f1_weighted=0.5391 test_loss=3.3843 test_metric=0.5409 test_metric_name=acc test_prec_macro=0.4919 test_rec_macro=0.4805
  >> selected best (by val): num_layers=3 hidden_dim=512 lr=3e-05 val_acc=0.5403 test_acc=0.5409
     val_acc=0.5403 val_f1_macro=0.4867 val_f1_weighted=0.5384 val_loss=3.4414 val_metric=0.5403 val_metric_name=acc val_prec_macro=0.4927 val_rec_macro=0.4819
     test_acc=0.5409 test_f1_macro=0.4856 test_f1_weighted=0.5391 test_loss=3.3843 test_metric=0.5409 test_metric_name=acc test_prec_macro=0.4919 test_rec_macro=0.4805

Done. Results saved to /home/avshmelev/diploma_yandex_graphs/results2/amazon_ratings/base.csv, checkpoints in /home/avshmelev/diploma_yandex_graphs/all_checkpoints2/amazon_ratings/base/
