Loading data...

============================================================
Training amazon-ratings ResNet 1L h=512 lr=3e-05 split=9
============================================================
Step    1 | loss 1.6491 | val_acc=0.2964 val_loss=1.5203 val_f1_macro=0.1969 val_f1_weighted=0.2767 val_prec_macro=0.2101 val_rec_macro=0.2152 val_metric_name=acc val_metric=0.2964
Step   50 | loss 1.4319 | val_acc=0.3747 val_loss=1.4020 val_f1_macro=0.1595 val_f1_weighted=0.2655 val_prec_macro=0.2387 val_rec_macro=0.2152 val_metric_name=acc val_metric=0.3747
Step  100 | loss 1.4049 | val_acc=0.3894 val_loss=1.3937 val_f1_macro=0.1870 val_f1_weighted=0.3008 val_prec_macro=0.2297 val_rec_macro=0.2338 val_metric_name=acc val_metric=0.3894
Step  150 | loss 1.3860 | val_acc=0.3871 val_loss=1.3921 val_f1_macro=0.1997 val_f1_weighted=0.3130 val_prec_macro=0.4203 val_rec_macro=0.2404 val_metric_name=acc val_metric=0.3871
Step  200 | loss 1.3659 | val_acc=0.3911 val_loss=1.3944 val_f1_macro=0.2113 val_f1_weighted=0.3259 val_prec_macro=0.2947 val_rec_macro=0.2470 val_metric_name=acc val_metric=0.3911
Step  250 | loss 1.3483 | val_acc=0.3864 val_loss=1.3988 val_f1_macro=0.2178 val_f1_weighted=0.3306 val_prec_macro=0.2809 val_rec_macro=0.2490 val_metric_name=acc val_metric=0.3864
Step  300 | loss 1.3300 | val_acc=0.3892 val_loss=1.4041 val_f1_macro=0.2312 val_f1_weighted=0.3410 val_prec_macro=0.3633 val_rec_macro=0.2561 val_metric_name=acc val_metric=0.3892
Step  350 | loss 1.3120 | val_acc=0.3920 val_loss=1.4117 val_f1_macro=0.2419 val_f1_weighted=0.3493 val_prec_macro=0.3320 val_rec_macro=0.2627 val_metric_name=acc val_metric=0.3920
Step  400 | loss 1.2841 | val_acc=0.3903 val_loss=1.4181 val_f1_macro=0.2515 val_f1_weighted=0.3552 val_prec_macro=0.3237 val_rec_macro=0.2664 val_metric_name=acc val_metric=0.3903
Step  450 | loss 1.2381 | val_acc=0.3992 val_loss=1.4255 val_f1_macro=0.2727 val_f1_weighted=0.3704 val_prec_macro=0.3492 val_rec_macro=0.2801 val_metric_name=acc val_metric=0.3992
Step  500 | loss 1.1982 | val_acc=0.4034 val_loss=1.4363 val_f1_macro=0.2822 val_f1_weighted=0.3786 val_prec_macro=0.3532 val_rec_macro=0.2861 val_metric_name=acc val_metric=0.4034
Step  550 | loss 1.1489 | val_acc=0.4088 val_loss=1.4554 val_f1_macro=0.2994 val_f1_weighted=0.3890 val_prec_macro=0.3638 val_rec_macro=0.2976 val_metric_name=acc val_metric=0.4088
Step  600 | loss 1.0845 | val_acc=0.4163 val_loss=1.4800 val_f1_macro=0.3114 val_f1_weighted=0.3987 val_prec_macro=0.3721 val_rec_macro=0.3072 val_metric_name=acc val_metric=0.4163
Step  650 | loss 1.0338 | val_acc=0.4253 val_loss=1.5096 val_f1_macro=0.3302 val_f1_weighted=0.4109 val_prec_macro=0.3856 val_rec_macro=0.3219 val_metric_name=acc val_metric=0.4253
Step  700 | loss 0.9689 | val_acc=0.4354 val_loss=1.5459 val_f1_macro=0.3454 val_f1_weighted=0.4237 val_prec_macro=0.3928 val_rec_macro=0.3355 val_metric_name=acc val_metric=0.4354
Step  750 | loss 0.9055 | val_acc=0.4450 val_loss=1.5871 val_f1_macro=0.3569 val_f1_weighted=0.4341 val_prec_macro=0.4017 val_rec_macro=0.3458 val_metric_name=acc val_metric=0.4450
Step  800 | loss 0.8457 | val_acc=0.4477 val_loss=1.6366 val_f1_macro=0.3664 val_f1_weighted=0.4386 val_prec_macro=0.4070 val_rec_macro=0.3543 val_metric_name=acc val_metric=0.4477
Step  850 | loss 0.7934 | val_acc=0.4552 val_loss=1.6876 val_f1_macro=0.3777 val_f1_weighted=0.4471 val_prec_macro=0.4167 val_rec_macro=0.3648 val_metric_name=acc val_metric=0.4552
Step  900 | loss 0.7402 | val_acc=0.4632 val_loss=1.7467 val_f1_macro=0.3902 val_f1_weighted=0.4561 val_prec_macro=0.4265 val_rec_macro=0.3763 val_metric_name=acc val_metric=0.4632
Step  950 | loss 0.6961 | val_acc=0.4676 val_loss=1.8090 val_f1_macro=0.3961 val_f1_weighted=0.4609 val_prec_macro=0.4319 val_rec_macro=0.3819 val_metric_name=acc val_metric=0.4676
Step 1000 | loss 0.6384 | val_acc=0.4707 val_loss=1.8784 val_f1_macro=0.4042 val_f1_weighted=0.4646 val_prec_macro=0.4386 val_rec_macro=0.3891 val_metric_name=acc val_metric=0.4707
Step 1050 | loss 0.6090 | val_acc=0.4695 val_loss=1.9470 val_f1_macro=0.4037 val_f1_weighted=0.4637 val_prec_macro=0.4363 val_rec_macro=0.3887 val_metric_name=acc val_metric=0.4695
Step 1100 | loss 0.5606 | val_acc=0.4720 val_loss=2.0221 val_f1_macro=0.4105 val_f1_weighted=0.4669 val_prec_macro=0.4416 val_rec_macro=0.3953 val_metric_name=acc val_metric=0.4720
Step 1150 | loss 0.5301 | val_acc=0.4743 val_loss=2.0968 val_f1_macro=0.4126 val_f1_weighted=0.4691 val_prec_macro=0.4427 val_rec_macro=0.3977 val_metric_name=acc val_metric=0.4743
Step 1200 | loss 0.4841 | val_acc=0.4741 val_loss=2.1730 val_f1_macro=0.4162 val_f1_weighted=0.4691 val_prec_macro=0.4451 val_rec_macro=0.4010 val_metric_name=acc val_metric=0.4741
Step 1250 | loss 0.4557 | val_acc=0.4735 val_loss=2.2444 val_f1_macro=0.4183 val_f1_weighted=0.4688 val_prec_macro=0.4487 val_rec_macro=0.4024 val_metric_name=acc val_metric=0.4735
Step 1300 | loss 0.4327 | val_acc=0.4771 val_loss=2.3087 val_f1_macro=0.4194 val_f1_weighted=0.4722 val_prec_macro=0.4482 val_rec_macro=0.4043 val_metric_name=acc val_metric=0.4771
Step 1350 | loss 0.4005 | val_acc=0.4761 val_loss=2.3736 val_f1_macro=0.4196 val_f1_weighted=0.4715 val_prec_macro=0.4473 val_rec_macro=0.4045 val_metric_name=acc val_metric=0.4761
Step 1400 | loss 0.3752 | val_acc=0.4775 val_loss=2.4427 val_f1_macro=0.4221 val_f1_weighted=0.4730 val_prec_macro=0.4493 val_rec_macro=0.4069 val_metric_name=acc val_metric=0.4775
Step 1450 | loss 0.3509 | val_acc=0.4793 val_loss=2.5040 val_f1_macro=0.4253 val_f1_weighted=0.4752 val_prec_macro=0.4525 val_rec_macro=0.4100 val_metric_name=acc val_metric=0.4793
Step 1500 | loss 0.3367 | val_acc=0.4787 val_loss=2.5677 val_f1_macro=0.4230 val_f1_weighted=0.4740 val_prec_macro=0.4512 val_rec_macro=0.4076 val_metric_name=acc val_metric=0.4787
Step 1550 | loss 0.3196 | val_acc=0.4790 val_loss=2.6287 val_f1_macro=0.4216 val_f1_weighted=0.4747 val_prec_macro=0.4452 val_rec_macro=0.4078 val_metric_name=acc val_metric=0.4790
Step 1600 | loss 0.3112 | val_acc=0.4818 val_loss=2.6851 val_f1_macro=0.4251 val_f1_weighted=0.4777 val_prec_macro=0.4490 val_rec_macro=0.4112 val_metric_name=acc val_metric=0.4818
Step 1650 | loss 0.2947 | val_acc=0.4816 val_loss=2.7386 val_f1_macro=0.4233 val_f1_weighted=0.4772 val_prec_macro=0.4460 val_rec_macro=0.4101 val_metric_name=acc val_metric=0.4816
Step 1700 | loss 0.2707 | val_acc=0.4815 val_loss=2.7914 val_f1_macro=0.4239 val_f1_weighted=0.4771 val_prec_macro=0.4458 val_rec_macro=0.4107 val_metric_name=acc val_metric=0.4815
Step 1750 | loss 0.2662 | val_acc=0.4815 val_loss=2.8415 val_f1_macro=0.4223 val_f1_weighted=0.4772 val_prec_macro=0.4448 val_rec_macro=0.4094 val_metric_name=acc val_metric=0.4815
Step 1800 | loss 0.2510 | val_acc=0.4820 val_loss=2.8874 val_f1_macro=0.4257 val_f1_weighted=0.4779 val_prec_macro=0.4484 val_rec_macro=0.4123 val_metric_name=acc val_metric=0.4820
Step 1850 | loss 0.2406 | val_acc=0.4833 val_loss=2.9325 val_f1_macro=0.4257 val_f1_weighted=0.4794 val_prec_macro=0.4454 val_rec_macro=0.4135 val_metric_name=acc val_metric=0.4833
Step 1900 | loss 0.2305 | val_acc=0.4842 val_loss=2.9747 val_f1_macro=0.4255 val_f1_weighted=0.4799 val_prec_macro=0.4471 val_rec_macro=0.4126 val_metric_name=acc val_metric=0.4842
Step 1950 | loss 0.2242 | val_acc=0.4837 val_loss=3.0155 val_f1_macro=0.4265 val_f1_weighted=0.4796 val_prec_macro=0.4483 val_rec_macro=0.4135 val_metric_name=acc val_metric=0.4837
Step 2000 | loss 0.2134 | val_acc=0.4813 val_loss=3.0653 val_f1_macro=0.4248 val_f1_weighted=0.4772 val_prec_macro=0.4471 val_rec_macro=0.4116 val_metric_name=acc val_metric=0.4813
Step 2050 | loss 0.2032 | val_acc=0.4854 val_loss=3.0997 val_f1_macro=0.4286 val_f1_weighted=0.4814 val_prec_macro=0.4493 val_rec_macro=0.4159 val_metric_name=acc val_metric=0.4854
Step 2100 | loss 0.2034 | val_acc=0.4821 val_loss=3.1402 val_f1_macro=0.4241 val_f1_weighted=0.4783 val_prec_macro=0.4438 val_rec_macro=0.4120 val_metric_name=acc val_metric=0.4821
Step 2150 | loss 0.1916 | val_acc=0.4847 val_loss=3.1772 val_f1_macro=0.4296 val_f1_weighted=0.4808 val_prec_macro=0.4509 val_rec_macro=0.4165 val_metric_name=acc val_metric=0.4847
Step 2200 | loss 0.1831 | val_acc=0.4828 val_loss=3.2105 val_f1_macro=0.4262 val_f1_weighted=0.4790 val_prec_macro=0.4468 val_rec_macro=0.4136 val_metric_name=acc val_metric=0.4828
Step 2250 | loss 0.1798 | val_acc=0.4844 val_loss=3.2501 val_f1_macro=0.4294 val_f1_weighted=0.4807 val_prec_macro=0.4498 val_rec_macro=0.4167 val_metric_name=acc val_metric=0.4844
Step 2300 | loss 0.1729 | val_acc=0.4860 val_loss=3.2826 val_f1_macro=0.4300 val_f1_weighted=0.4825 val_prec_macro=0.4496 val_rec_macro=0.4177 val_metric_name=acc val_metric=0.4860
Step 2350 | loss 0.1704 | val_acc=0.4841 val_loss=3.3186 val_f1_macro=0.4276 val_f1_weighted=0.4805 val_prec_macro=0.4470 val_rec_macro=0.4154 val_metric_name=acc val_metric=0.4841
Step 2400 | loss 0.1661 | val_acc=0.4851 val_loss=3.3502 val_f1_macro=0.4293 val_f1_weighted=0.4813 val_prec_macro=0.4498 val_rec_macro=0.4166 val_metric_name=acc val_metric=0.4851
Step 2450 | loss 0.1551 | val_acc=0.4839 val_loss=3.3826 val_f1_macro=0.4293 val_f1_weighted=0.4805 val_prec_macro=0.4470 val_rec_macro=0.4178 val_metric_name=acc val_metric=0.4839
Step 2500 | loss 0.1546 | val_acc=0.4844 val_loss=3.4026 val_f1_macro=0.4298 val_f1_weighted=0.4810 val_prec_macro=0.4485 val_rec_macro=0.4178 val_metric_name=acc val_metric=0.4844
Step 2550 | loss 0.1554 | val_acc=0.4855 val_loss=3.4341 val_f1_macro=0.4307 val_f1_weighted=0.4821 val_prec_macro=0.4502 val_rec_macro=0.4184 val_metric_name=acc val_metric=0.4855
Step 2600 | loss 0.1541 | val_acc=0.4833 val_loss=3.4631 val_f1_macro=0.4278 val_f1_weighted=0.4799 val_prec_macro=0.4453 val_rec_macro=0.4166 val_metric_name=acc val_metric=0.4833
Step 2650 | loss 0.1438 | val_acc=0.4846 val_loss=3.4841 val_f1_macro=0.4313 val_f1_weighted=0.4812 val_prec_macro=0.4505 val_rec_macro=0.4191 val_metric_name=acc val_metric=0.4846
Step 2700 | loss 0.1458 | val_acc=0.4851 val_loss=3.5140 val_f1_macro=0.4291 val_f1_weighted=0.4817 val_prec_macro=0.4470 val_rec_macro=0.4175 val_metric_name=acc val_metric=0.4851
Step 2750 | loss 0.1326 | val_acc=0.4831 val_loss=3.5444 val_f1_macro=0.4294 val_f1_weighted=0.4800 val_prec_macro=0.4462 val_rec_macro=0.4183 val_metric_name=acc val_metric=0.4831
Step 2800 | loss 0.1409 | val_acc=0.4846 val_loss=3.5750 val_f1_macro=0.4298 val_f1_weighted=0.4814 val_prec_macro=0.4457 val_rec_macro=0.4191 val_metric_name=acc val_metric=0.4846
Early stopping at step 2832

--- Final (best ckpt @ step 2270) ---
  train_acc=0.9912 train_loss=0.0217 train_f1_macro=0.9899 train_f1_weighted=0.9912 train_prec_macro=0.9891 train_rec_macro=0.9908 train_metric_name=acc train_metric=0.9912
  val_acc=0.4867 val_loss=3.2617 val_f1_macro=0.4300 val_f1_weighted=0.4830 val_prec_macro=0.4492 val_rec_macro=0.4179 val_metric_name=acc val_metric=0.4867
  test_acc=0.4895 test_loss=3.2516 test_f1_macro=0.4230 test_f1_weighted=0.4858 test_prec_macro=0.4374 test_rec_macro=0.4136 test_metric_name=acc test_metric=0.4895
  test_acc=0.4895
  >> num_layers=1 hidden_dim=512 lr=3e-05 best_step=2270 val_acc=0.4867 test_acc=0.4895
     val_acc=0.4867 val_f1_macro=0.4300 val_f1_weighted=0.4830 val_loss=3.2617 val_metric=0.4867 val_metric_name=acc val_prec_macro=0.4492 val_rec_macro=0.4179
     test_acc=0.4895 test_f1_macro=0.4230 test_f1_weighted=0.4858 test_loss=3.2516 test_metric=0.4895 test_metric_name=acc test_prec_macro=0.4374 test_rec_macro=0.4136
  >> selected best (by val): num_layers=1 hidden_dim=512 lr=3e-05 val_acc=0.4867 test_acc=0.4895
     val_acc=0.4867 val_f1_macro=0.4300 val_f1_weighted=0.4830 val_loss=3.2617 val_metric=0.4867 val_metric_name=acc val_prec_macro=0.4492 val_rec_macro=0.4179
     test_acc=0.4895 test_f1_macro=0.4230 test_f1_weighted=0.4858 test_loss=3.2516 test_metric=0.4895 test_metric_name=acc test_prec_macro=0.4374 test_rec_macro=0.4136

Done. Results saved to /home/avshmelev/diploma_yandex_graphs/results2/amazon_ratings/base.csv, checkpoints in /home/avshmelev/diploma_yandex_graphs/all_checkpoints2/amazon_ratings/base/
