Loading data...

============================================================
Training amazon-ratings ResNet 1L h=512 lr=3e-05 split=2
============================================================
Step    1 | loss 1.8447 | val_acc=0.1021 val_loss=1.7550 val_f1_macro=0.0693 val_f1_weighted=0.0547 val_prec_macro=0.1919 val_rec_macro=0.1999 val_metric_name=acc val_metric=0.1021
Step   50 | loss 1.4415 | val_acc=0.3686 val_loss=1.4128 val_f1_macro=0.1411 val_f1_weighted=0.2415 val_prec_macro=0.1958 val_rec_macro=0.2069 val_metric_name=acc val_metric=0.3686
Step  100 | loss 1.4134 | val_acc=0.3828 val_loss=1.3979 val_f1_macro=0.1682 val_f1_weighted=0.2774 val_prec_macro=0.2095 val_rec_macro=0.2217 val_metric_name=acc val_metric=0.3828
Step  150 | loss 1.3915 | val_acc=0.3910 val_loss=1.3926 val_f1_macro=0.1868 val_f1_weighted=0.3007 val_prec_macro=0.2389 val_rec_macro=0.2329 val_metric_name=acc val_metric=0.3910
Step  200 | loss 1.3799 | val_acc=0.3900 val_loss=1.3903 val_f1_macro=0.1949 val_f1_weighted=0.3097 val_prec_macro=0.2263 val_rec_macro=0.2364 val_metric_name=acc val_metric=0.3900
Step  250 | loss 1.3699 | val_acc=0.3895 val_loss=1.3909 val_f1_macro=0.2035 val_f1_weighted=0.3184 val_prec_macro=0.3256 val_rec_macro=0.2407 val_metric_name=acc val_metric=0.3895
Step  300 | loss 1.3499 | val_acc=0.3925 val_loss=1.3930 val_f1_macro=0.2094 val_f1_weighted=0.3251 val_prec_macro=0.2766 val_rec_macro=0.2445 val_metric_name=acc val_metric=0.3925
Step  350 | loss 1.3387 | val_acc=0.3957 val_loss=1.3974 val_f1_macro=0.2227 val_f1_weighted=0.3362 val_prec_macro=0.3242 val_rec_macro=0.2522 val_metric_name=acc val_metric=0.3957
Step  400 | loss 1.3172 | val_acc=0.3956 val_loss=1.4010 val_f1_macro=0.2311 val_f1_weighted=0.3411 val_prec_macro=0.5206 val_rec_macro=0.2559 val_metric_name=acc val_metric=0.3956
Step  450 | loss 1.3013 | val_acc=0.3978 val_loss=1.4075 val_f1_macro=0.2398 val_f1_weighted=0.3485 val_prec_macro=0.4163 val_rec_macro=0.2606 val_metric_name=acc val_metric=0.3978
Step  500 | loss 1.2666 | val_acc=0.4019 val_loss=1.4142 val_f1_macro=0.2561 val_f1_weighted=0.3592 val_prec_macro=0.4441 val_rec_macro=0.2695 val_metric_name=acc val_metric=0.4019
Step  550 | loss 1.2338 | val_acc=0.4089 val_loss=1.4254 val_f1_macro=0.2758 val_f1_weighted=0.3747 val_prec_macro=0.3978 val_rec_macro=0.2818 val_metric_name=acc val_metric=0.4089
Step  600 | loss 1.1930 | val_acc=0.4174 val_loss=1.4369 val_f1_macro=0.2938 val_f1_weighted=0.3892 val_prec_macro=0.3794 val_rec_macro=0.2947 val_metric_name=acc val_metric=0.4174
Step  650 | loss 1.1348 | val_acc=0.4238 val_loss=1.4543 val_f1_macro=0.3088 val_f1_weighted=0.3992 val_prec_macro=0.3972 val_rec_macro=0.3052 val_metric_name=acc val_metric=0.4238
Step  700 | loss 1.0811 | val_acc=0.4317 val_loss=1.4739 val_f1_macro=0.3261 val_f1_weighted=0.4122 val_prec_macro=0.4030 val_rec_macro=0.3182 val_metric_name=acc val_metric=0.4317
Step  750 | loss 1.0289 | val_acc=0.4352 val_loss=1.5094 val_f1_macro=0.3366 val_f1_weighted=0.4177 val_prec_macro=0.4094 val_rec_macro=0.3265 val_metric_name=acc val_metric=0.4352
Step  800 | loss 0.9745 | val_acc=0.4395 val_loss=1.5429 val_f1_macro=0.3514 val_f1_weighted=0.4250 val_prec_macro=0.4176 val_rec_macro=0.3376 val_metric_name=acc val_metric=0.4395
Step  850 | loss 0.9148 | val_acc=0.4437 val_loss=1.5873 val_f1_macro=0.3621 val_f1_weighted=0.4304 val_prec_macro=0.4205 val_rec_macro=0.3469 val_metric_name=acc val_metric=0.4437
Step  900 | loss 0.8565 | val_acc=0.4480 val_loss=1.6382 val_f1_macro=0.3730 val_f1_weighted=0.4371 val_prec_macro=0.4275 val_rec_macro=0.3563 val_metric_name=acc val_metric=0.4480
Step  950 | loss 0.7935 | val_acc=0.4521 val_loss=1.6989 val_f1_macro=0.3780 val_f1_weighted=0.4418 val_prec_macro=0.4254 val_rec_macro=0.3620 val_metric_name=acc val_metric=0.4521
Step 1000 | loss 0.7464 | val_acc=0.4552 val_loss=1.7587 val_f1_macro=0.3857 val_f1_weighted=0.4462 val_prec_macro=0.4336 val_rec_macro=0.3686 val_metric_name=acc val_metric=0.4552
Step 1050 | loss 0.7021 | val_acc=0.4601 val_loss=1.8238 val_f1_macro=0.3912 val_f1_weighted=0.4518 val_prec_macro=0.4335 val_rec_macro=0.3746 val_metric_name=acc val_metric=0.4601
Step 1100 | loss 0.6513 | val_acc=0.4624 val_loss=1.8933 val_f1_macro=0.3974 val_f1_weighted=0.4548 val_prec_macro=0.4401 val_rec_macro=0.3801 val_metric_name=acc val_metric=0.4624
Step 1150 | loss 0.5970 | val_acc=0.4668 val_loss=1.9669 val_f1_macro=0.4062 val_f1_weighted=0.4596 val_prec_macro=0.4494 val_rec_macro=0.3877 val_metric_name=acc val_metric=0.4668
Step 1200 | loss 0.5715 | val_acc=0.4664 val_loss=2.0383 val_f1_macro=0.4099 val_f1_weighted=0.4605 val_prec_macro=0.4465 val_rec_macro=0.3928 val_metric_name=acc val_metric=0.4664
Step 1250 | loss 0.5316 | val_acc=0.4700 val_loss=2.1134 val_f1_macro=0.4138 val_f1_weighted=0.4641 val_prec_macro=0.4510 val_rec_macro=0.3960 val_metric_name=acc val_metric=0.4700
Step 1300 | loss 0.4884 | val_acc=0.4710 val_loss=2.1875 val_f1_macro=0.4156 val_f1_weighted=0.4650 val_prec_macro=0.4571 val_rec_macro=0.3965 val_metric_name=acc val_metric=0.4710
Step 1350 | loss 0.4594 | val_acc=0.4699 val_loss=2.2601 val_f1_macro=0.4157 val_f1_weighted=0.4642 val_prec_macro=0.4520 val_rec_macro=0.3982 val_metric_name=acc val_metric=0.4699
Step 1400 | loss 0.4349 | val_acc=0.4738 val_loss=2.3272 val_f1_macro=0.4185 val_f1_weighted=0.4680 val_prec_macro=0.4549 val_rec_macro=0.4008 val_metric_name=acc val_metric=0.4738
Step 1450 | loss 0.4077 | val_acc=0.4749 val_loss=2.3960 val_f1_macro=0.4193 val_f1_weighted=0.4694 val_prec_macro=0.4529 val_rec_macro=0.4024 val_metric_name=acc val_metric=0.4749
Step 1500 | loss 0.3890 | val_acc=0.4764 val_loss=2.4693 val_f1_macro=0.4226 val_f1_weighted=0.4712 val_prec_macro=0.4591 val_rec_macro=0.4048 val_metric_name=acc val_metric=0.4764
Step 1550 | loss 0.3572 | val_acc=0.4759 val_loss=2.5224 val_f1_macro=0.4236 val_f1_weighted=0.4710 val_prec_macro=0.4583 val_rec_macro=0.4060 val_metric_name=acc val_metric=0.4759
Step 1600 | loss 0.3409 | val_acc=0.4780 val_loss=2.5857 val_f1_macro=0.4239 val_f1_weighted=0.4731 val_prec_macro=0.4578 val_rec_macro=0.4068 val_metric_name=acc val_metric=0.4780
Step 1650 | loss 0.3260 | val_acc=0.4757 val_loss=2.6499 val_f1_macro=0.4224 val_f1_weighted=0.4707 val_prec_macro=0.4551 val_rec_macro=0.4058 val_metric_name=acc val_metric=0.4757
Step 1700 | loss 0.3069 | val_acc=0.4780 val_loss=2.6978 val_f1_macro=0.4246 val_f1_weighted=0.4730 val_prec_macro=0.4570 val_rec_macro=0.4079 val_metric_name=acc val_metric=0.4780
Step 1750 | loss 0.2994 | val_acc=0.4779 val_loss=2.7505 val_f1_macro=0.4251 val_f1_weighted=0.4732 val_prec_macro=0.4561 val_rec_macro=0.4089 val_metric_name=acc val_metric=0.4779
Step 1800 | loss 0.2783 | val_acc=0.4762 val_loss=2.8080 val_f1_macro=0.4223 val_f1_weighted=0.4711 val_prec_macro=0.4521 val_rec_macro=0.4065 val_metric_name=acc val_metric=0.4762
Step 1850 | loss 0.2698 | val_acc=0.4774 val_loss=2.8520 val_f1_macro=0.4245 val_f1_weighted=0.4726 val_prec_macro=0.4559 val_rec_macro=0.4080 val_metric_name=acc val_metric=0.4774
Step 1900 | loss 0.2573 | val_acc=0.4789 val_loss=2.8988 val_f1_macro=0.4238 val_f1_weighted=0.4740 val_prec_macro=0.4521 val_rec_macro=0.4083 val_metric_name=acc val_metric=0.4789
Step 1950 | loss 0.2459 | val_acc=0.4803 val_loss=2.9445 val_f1_macro=0.4263 val_f1_weighted=0.4754 val_prec_macro=0.4565 val_rec_macro=0.4102 val_metric_name=acc val_metric=0.4803
Step 2000 | loss 0.2498 | val_acc=0.4798 val_loss=2.9924 val_f1_macro=0.4242 val_f1_weighted=0.4749 val_prec_macro=0.4538 val_rec_macro=0.4086 val_metric_name=acc val_metric=0.4798
Step 2050 | loss 0.2310 | val_acc=0.4793 val_loss=3.0344 val_f1_macro=0.4255 val_f1_weighted=0.4749 val_prec_macro=0.4525 val_rec_macro=0.4104 val_metric_name=acc val_metric=0.4793
Step 2100 | loss 0.2222 | val_acc=0.4784 val_loss=3.0736 val_f1_macro=0.4249 val_f1_weighted=0.4741 val_prec_macro=0.4497 val_rec_macro=0.4107 val_metric_name=acc val_metric=0.4784
Step 2150 | loss 0.2163 | val_acc=0.4780 val_loss=3.1207 val_f1_macro=0.4239 val_f1_weighted=0.4733 val_prec_macro=0.4530 val_rec_macro=0.4083 val_metric_name=acc val_metric=0.4780
Step 2200 | loss 0.2050 | val_acc=0.4775 val_loss=3.1590 val_f1_macro=0.4223 val_f1_weighted=0.4729 val_prec_macro=0.4483 val_rec_macro=0.4078 val_metric_name=acc val_metric=0.4775
Step 2250 | loss 0.1972 | val_acc=0.4798 val_loss=3.1822 val_f1_macro=0.4271 val_f1_weighted=0.4757 val_prec_macro=0.4519 val_rec_macro=0.4128 val_metric_name=acc val_metric=0.4798
Step 2300 | loss 0.1998 | val_acc=0.4795 val_loss=3.2270 val_f1_macro=0.4231 val_f1_weighted=0.4750 val_prec_macro=0.4486 val_rec_macro=0.4088 val_metric_name=acc val_metric=0.4795
Step 2350 | loss 0.1831 | val_acc=0.4789 val_loss=3.2615 val_f1_macro=0.4239 val_f1_weighted=0.4744 val_prec_macro=0.4492 val_rec_macro=0.4094 val_metric_name=acc val_metric=0.4789
Early stopping at step 2361

--- Final (best ckpt @ step 1760) ---
  train_acc=0.9841 train_loss=0.0542 train_f1_macro=0.9841 train_f1_weighted=0.9841 train_prec_macro=0.9847 train_rec_macro=0.9837 train_metric_name=acc train_metric=0.9841
  val_acc=0.4818 val_loss=2.7610 val_f1_macro=0.4269 val_f1_weighted=0.4766 val_prec_macro=0.4586 val_rec_macro=0.4103 val_metric_name=acc val_metric=0.4818
  test_acc=0.4834 test_loss=2.7201 test_f1_macro=0.4157 test_f1_weighted=0.4780 test_prec_macro=0.4437 test_rec_macro=0.4015 test_metric_name=acc test_metric=0.4834
  test_acc=0.4834
  >> num_layers=1 hidden_dim=512 lr=3e-05 best_step=1760 val_acc=0.4818 test_acc=0.4834
     val_acc=0.4818 val_f1_macro=0.4269 val_f1_weighted=0.4766 val_loss=2.7610 val_metric=0.4818 val_metric_name=acc val_prec_macro=0.4586 val_rec_macro=0.4103
     test_acc=0.4834 test_f1_macro=0.4157 test_f1_weighted=0.4780 test_loss=2.7201 test_metric=0.4834 test_metric_name=acc test_prec_macro=0.4437 test_rec_macro=0.4015
  >> selected best (by val): num_layers=1 hidden_dim=512 lr=3e-05 val_acc=0.4818 test_acc=0.4834
     val_acc=0.4818 val_f1_macro=0.4269 val_f1_weighted=0.4766 val_loss=2.7610 val_metric=0.4818 val_metric_name=acc val_prec_macro=0.4586 val_rec_macro=0.4103
     test_acc=0.4834 test_f1_macro=0.4157 test_f1_weighted=0.4780 test_loss=2.7201 test_metric=0.4834 test_metric_name=acc test_prec_macro=0.4437 test_rec_macro=0.4015

Done. Results saved to /home/avshmelev/diploma_yandex_graphs/results2/amazon_ratings/base.csv, checkpoints in /home/avshmelev/diploma_yandex_graphs/all_checkpoints2/amazon_ratings/base/
