Loading data...

============================================================
Training minesweeper GAT-sep 1L h=512 lr=3e-05 split=7
============================================================
Step    1 | loss 0.9671 | val_acc=0.3084 val_roc_auc=0.4235 val_loss=0.8186 val_metric_name=roc_auc val_metric=0.4235
Step   50 | loss 0.4717 | val_acc=0.8000 val_roc_auc=0.7903 val_loss=0.4806 val_metric_name=roc_auc val_metric=0.7903
Step  100 | loss 0.3798 | val_acc=0.8300 val_roc_auc=0.8571 val_loss=0.3629 val_metric_name=roc_auc val_metric=0.8571
Step  150 | loss 0.3491 | val_acc=0.8364 val_roc_auc=0.8776 val_loss=0.3320 val_metric_name=roc_auc val_metric=0.8776
Step  200 | loss 0.3379 | val_acc=0.8404 val_roc_auc=0.8811 val_loss=0.3255 val_metric_name=roc_auc val_metric=0.8811
Step  250 | loss 0.3343 | val_acc=0.8416 val_roc_auc=0.8814 val_loss=0.3246 val_metric_name=roc_auc val_metric=0.8814
Step  300 | loss 0.3323 | val_acc=0.8408 val_roc_auc=0.8812 val_loss=0.3250 val_metric_name=roc_auc val_metric=0.8812
Step  350 | loss 0.3289 | val_acc=0.8400 val_roc_auc=0.8807 val_loss=0.3257 val_metric_name=roc_auc val_metric=0.8807
Step  400 | loss 0.3263 | val_acc=0.8396 val_roc_auc=0.8801 val_loss=0.3261 val_metric_name=roc_auc val_metric=0.8801
Step  450 | loss 0.3275 | val_acc=0.8392 val_roc_auc=0.8803 val_loss=0.3266 val_metric_name=roc_auc val_metric=0.8803
Step  500 | loss 0.3235 | val_acc=0.8400 val_roc_auc=0.8798 val_loss=0.3269 val_metric_name=roc_auc val_metric=0.8798
Early stopping at step 537

--- Final (best ckpt @ step 220) ---
  train_acc=0.8396 train_roc_auc=0.8805 train_loss=0.3263 train_metric_name=roc_auc train_metric=0.8805
  val_acc=0.8404 val_roc_auc=0.8816 val_loss=0.3246 val_metric_name=roc_auc val_metric=0.8816
  test_acc=0.8456 test_roc_auc=0.8912 test_loss=0.3178 test_metric_name=roc_auc test_metric=0.8912
  test_roc_auc=0.8912
  >> num_layers=1 hidden_dim=512 lr=3e-05 best_step=220 val_roc_auc=0.8816 test_roc_auc=0.8912
     val_acc=0.8404 val_loss=0.3246 val_metric=0.8816 val_metric_name=roc_auc val_roc_auc=0.8816
     test_acc=0.8456 test_loss=0.3178 test_metric=0.8912 test_metric_name=roc_auc test_roc_auc=0.8912
  >> selected best (by val): num_layers=1 hidden_dim=512 lr=3e-05 val_roc_auc=0.8816 test_roc_auc=0.8912
     val_acc=0.8404 val_loss=0.3246 val_metric=0.8816 val_metric_name=roc_auc val_roc_auc=0.8816
     test_acc=0.8456 test_loss=0.3178 test_metric=0.8912 test_metric_name=roc_auc test_roc_auc=0.8912

Done. Results saved to /home/avshmelev/diploma_yandex_graphs/results/minesweeper/base.csv, checkpoints in /home/avshmelev/diploma_yandex_graphs/all_checkpoints/minesweeper/base/
