Loading data...

============================================================
Training minesweeper GAT-sep 3L h=512 lr=3e-05 split=2
============================================================
Step    1 | loss 0.6875 | val_acc=0.8000 val_roc_auc=0.5430 val_loss=0.5020 val_metric_name=roc_auc val_metric=0.5430
Step   50 | loss 0.3597 | val_acc=0.8264 val_roc_auc=0.8550 val_loss=0.3857 val_metric_name=roc_auc val_metric=0.8550
Step  100 | loss 0.3135 | val_acc=0.8420 val_roc_auc=0.8917 val_loss=0.3414 val_metric_name=roc_auc val_metric=0.8917
Step  150 | loss 0.2997 | val_acc=0.8476 val_roc_auc=0.8991 val_loss=0.3324 val_metric_name=roc_auc val_metric=0.8991
Step  200 | loss 0.2944 | val_acc=0.8480 val_roc_auc=0.9018 val_loss=0.3281 val_metric_name=roc_auc val_metric=0.9018
Step  250 | loss 0.2888 | val_acc=0.8496 val_roc_auc=0.9085 val_loss=0.3165 val_metric_name=roc_auc val_metric=0.9085
Step  300 | loss 0.2775 | val_acc=0.8636 val_roc_auc=0.9175 val_loss=0.2981 val_metric_name=roc_auc val_metric=0.9175
Step  350 | loss 0.2691 | val_acc=0.8752 val_roc_auc=0.9224 val_loss=0.2849 val_metric_name=roc_auc val_metric=0.9224
Step  400 | loss 0.2663 | val_acc=0.8764 val_roc_auc=0.9223 val_loss=0.2911 val_metric_name=roc_auc val_metric=0.9223
Step  450 | loss 0.2644 | val_acc=0.8752 val_roc_auc=0.9206 val_loss=0.2984 val_metric_name=roc_auc val_metric=0.9206
Step  500 | loss 0.2525 | val_acc=0.8700 val_roc_auc=0.9185 val_loss=0.3087 val_metric_name=roc_auc val_metric=0.9185
Step  550 | loss 0.2529 | val_acc=0.8704 val_roc_auc=0.9187 val_loss=0.3071 val_metric_name=roc_auc val_metric=0.9187
Step  600 | loss 0.2486 | val_acc=0.8696 val_roc_auc=0.9160 val_loss=0.3233 val_metric_name=roc_auc val_metric=0.9160
Step  650 | loss 0.2483 | val_acc=0.8716 val_roc_auc=0.9160 val_loss=0.3184 val_metric_name=roc_auc val_metric=0.9160
Early stopping at step 651

--- Final (best ckpt @ step 350) ---
  train_acc=0.8796 train_roc_auc=0.9326 train_loss=0.2579 train_metric_name=roc_auc train_metric=0.9326
  val_acc=0.8752 val_roc_auc=0.9224 val_loss=0.2849 val_metric_name=roc_auc val_metric=0.9224
  test_acc=0.8744 test_roc_auc=0.9197 test_loss=0.2847 test_metric_name=roc_auc test_metric=0.9197
  test_roc_auc=0.9197
  >> num_layers=3 hidden_dim=512 lr=3e-05 best_step=350 val_roc_auc=0.9224 test_roc_auc=0.9197
     val_acc=0.8752 val_loss=0.2849 val_metric=0.9224 val_metric_name=roc_auc val_roc_auc=0.9224
     test_acc=0.8744 test_loss=0.2847 test_metric=0.9197 test_metric_name=roc_auc test_roc_auc=0.9197
  >> selected best (by val): num_layers=3 hidden_dim=512 lr=3e-05 val_roc_auc=0.9224 test_roc_auc=0.9197
     val_acc=0.8752 val_loss=0.2849 val_metric=0.9224 val_metric_name=roc_auc val_roc_auc=0.9224
     test_acc=0.8744 test_loss=0.2847 test_metric=0.9197 test_metric_name=roc_auc test_roc_auc=0.9197

Done. Results saved to /home/avshmelev/diploma_yandex_graphs/results/minesweeper/base.csv, checkpoints in /home/avshmelev/diploma_yandex_graphs/all_checkpoints/minesweeper/base/
