Loading data...

============================================================
Training minesweeper GAT 1L h=512 lr=3e-05 split=9
============================================================
Step    1 | loss 0.7559 | val_acc=0.6708 val_roc_auc=0.5075 val_loss=0.6277 val_metric_name=roc_auc val_metric=0.5075
Step   50 | loss 0.4306 | val_acc=0.8116 val_roc_auc=0.7870 val_loss=0.4252 val_metric_name=roc_auc val_metric=0.7870
Step  100 | loss 0.3927 | val_acc=0.8184 val_roc_auc=0.8278 val_loss=0.3995 val_metric_name=roc_auc val_metric=0.8278
Step  150 | loss 0.3795 | val_acc=0.8240 val_roc_auc=0.8433 val_loss=0.3802 val_metric_name=roc_auc val_metric=0.8433
Step  200 | loss 0.3637 | val_acc=0.8272 val_roc_auc=0.8535 val_loss=0.3688 val_metric_name=roc_auc val_metric=0.8535
Step  250 | loss 0.3560 | val_acc=0.8272 val_roc_auc=0.8592 val_loss=0.3602 val_metric_name=roc_auc val_metric=0.8592
Step  300 | loss 0.3507 | val_acc=0.8296 val_roc_auc=0.8626 val_loss=0.3531 val_metric_name=roc_auc val_metric=0.8626
Step  350 | loss 0.3482 | val_acc=0.8304 val_roc_auc=0.8649 val_loss=0.3476 val_metric_name=roc_auc val_metric=0.8649
Step  400 | loss 0.3421 | val_acc=0.8320 val_roc_auc=0.8671 val_loss=0.3440 val_metric_name=roc_auc val_metric=0.8671
Step  450 | loss 0.3362 | val_acc=0.8316 val_roc_auc=0.8689 val_loss=0.3399 val_metric_name=roc_auc val_metric=0.8689
Step  500 | loss 0.3384 | val_acc=0.8276 val_roc_auc=0.8715 val_loss=0.3363 val_metric_name=roc_auc val_metric=0.8715
Step  550 | loss 0.3348 | val_acc=0.8284 val_roc_auc=0.8736 val_loss=0.3327 val_metric_name=roc_auc val_metric=0.8736
Step  600 | loss 0.3292 | val_acc=0.8300 val_roc_auc=0.8759 val_loss=0.3290 val_metric_name=roc_auc val_metric=0.8759
Step  650 | loss 0.3310 | val_acc=0.8336 val_roc_auc=0.8756 val_loss=0.3284 val_metric_name=roc_auc val_metric=0.8756
Step  700 | loss 0.3248 | val_acc=0.8320 val_roc_auc=0.8756 val_loss=0.3284 val_metric_name=roc_auc val_metric=0.8756
Step  750 | loss 0.3281 | val_acc=0.8316 val_roc_auc=0.8757 val_loss=0.3275 val_metric_name=roc_auc val_metric=0.8757
Step  800 | loss 0.3285 | val_acc=0.8312 val_roc_auc=0.8764 val_loss=0.3274 val_metric_name=roc_auc val_metric=0.8764
Step  850 | loss 0.3261 | val_acc=0.8304 val_roc_auc=0.8762 val_loss=0.3273 val_metric_name=roc_auc val_metric=0.8762
Step  900 | loss 0.3218 | val_acc=0.8308 val_roc_auc=0.8764 val_loss=0.3282 val_metric_name=roc_auc val_metric=0.8764
Step  950 | loss 0.3235 | val_acc=0.8296 val_roc_auc=0.8761 val_loss=0.3284 val_metric_name=roc_auc val_metric=0.8761
Step 1000 | loss 0.3239 | val_acc=0.8304 val_roc_auc=0.8758 val_loss=0.3291 val_metric_name=roc_auc val_metric=0.8758
Step 1050 | loss 0.3216 | val_acc=0.8304 val_roc_auc=0.8760 val_loss=0.3285 val_metric_name=roc_auc val_metric=0.8760
Step 1100 | loss 0.3190 | val_acc=0.8308 val_roc_auc=0.8760 val_loss=0.3286 val_metric_name=roc_auc val_metric=0.8760
Step 1150 | loss 0.3217 | val_acc=0.8296 val_roc_auc=0.8759 val_loss=0.3291 val_metric_name=roc_auc val_metric=0.8759
Step 1200 | loss 0.3169 | val_acc=0.8300 val_roc_auc=0.8760 val_loss=0.3297 val_metric_name=roc_auc val_metric=0.8760
Early stopping at step 1208

--- Final (best ckpt @ step 830) ---
  train_acc=0.8422 train_roc_auc=0.8852 train_loss=0.3177 train_metric_name=roc_auc train_metric=0.8852
  val_acc=0.8312 val_roc_auc=0.8765 val_loss=0.3272 val_metric_name=roc_auc val_metric=0.8765
  test_acc=0.8524 test_roc_auc=0.8917 test_loss=0.3107 test_metric_name=roc_auc test_metric=0.8917
  test_roc_auc=0.8917
  >> num_layers=1 hidden_dim=512 lr=3e-05 best_step=830 val_roc_auc=0.8765 test_roc_auc=0.8917
     val_acc=0.8312 val_loss=0.3272 val_metric=0.8765 val_metric_name=roc_auc val_roc_auc=0.8765
     test_acc=0.8524 test_loss=0.3107 test_metric=0.8917 test_metric_name=roc_auc test_roc_auc=0.8917
  >> selected best (by val): num_layers=1 hidden_dim=512 lr=3e-05 val_roc_auc=0.8765 test_roc_auc=0.8917
     val_acc=0.8312 val_loss=0.3272 val_metric=0.8765 val_metric_name=roc_auc val_roc_auc=0.8765
     test_acc=0.8524 test_loss=0.3107 test_metric=0.8917 test_metric_name=roc_auc test_roc_auc=0.8917

Done. Results saved to /home/avshmelev/diploma_yandex_graphs/results/minesweeper/base.csv, checkpoints in /home/avshmelev/diploma_yandex_graphs/all_checkpoints/minesweeper/base/
