Loading data...

============================================================
Training minesweeper GAT 5L h=512 lr=3e-05 split=5
============================================================
Step    1 | loss 0.6061 | val_acc=0.8000 val_roc_auc=0.4849 val_loss=0.5246 val_metric_name=roc_auc val_metric=0.4849
Step   50 | loss 0.4066 | val_acc=0.8092 val_roc_auc=0.8312 val_loss=0.4013 val_metric_name=roc_auc val_metric=0.8312
Step  100 | loss 0.3472 | val_acc=0.8380 val_roc_auc=0.8849 val_loss=0.3354 val_metric_name=roc_auc val_metric=0.8849
Step  150 | loss 0.3206 | val_acc=0.8452 val_roc_auc=0.8921 val_loss=0.3181 val_metric_name=roc_auc val_metric=0.8921
Step  200 | loss 0.3058 | val_acc=0.8500 val_roc_auc=0.8981 val_loss=0.3096 val_metric_name=roc_auc val_metric=0.8981
Step  250 | loss 0.2888 | val_acc=0.8548 val_roc_auc=0.9066 val_loss=0.3026 val_metric_name=roc_auc val_metric=0.9066
Step  300 | loss 0.2735 | val_acc=0.8664 val_roc_auc=0.9078 val_loss=0.2999 val_metric_name=roc_auc val_metric=0.9078
Step  350 | loss 0.2704 | val_acc=0.8684 val_roc_auc=0.9135 val_loss=0.2971 val_metric_name=roc_auc val_metric=0.9135
Step  400 | loss 0.2592 | val_acc=0.8664 val_roc_auc=0.9146 val_loss=0.2988 val_metric_name=roc_auc val_metric=0.9146
Step  450 | loss 0.2530 | val_acc=0.8696 val_roc_auc=0.9141 val_loss=0.3000 val_metric_name=roc_auc val_metric=0.9141
Step  500 | loss 0.2393 | val_acc=0.8680 val_roc_auc=0.9145 val_loss=0.3066 val_metric_name=roc_auc val_metric=0.9145
Step  550 | loss 0.2334 | val_acc=0.8660 val_roc_auc=0.9137 val_loss=0.3165 val_metric_name=roc_auc val_metric=0.9137
Step  600 | loss 0.2263 | val_acc=0.8616 val_roc_auc=0.9127 val_loss=0.3248 val_metric_name=roc_auc val_metric=0.9127
Step  650 | loss 0.2248 | val_acc=0.8616 val_roc_auc=0.9116 val_loss=0.3335 val_metric_name=roc_auc val_metric=0.9116
Step  700 | loss 0.2198 | val_acc=0.8624 val_roc_auc=0.9100 val_loss=0.3297 val_metric_name=roc_auc val_metric=0.9100
Step  750 | loss 0.2094 | val_acc=0.8596 val_roc_auc=0.9086 val_loss=0.3434 val_metric_name=roc_auc val_metric=0.9086
Early stopping at step 794

--- Final (best ckpt @ step 440) ---
  train_acc=0.9018 train_roc_auc=0.9556 train_loss=0.2122 train_metric_name=roc_auc train_metric=0.9556
  val_acc=0.8688 val_roc_auc=0.9164 val_loss=0.2962 val_metric_name=roc_auc val_metric=0.9164
  test_acc=0.8748 test_roc_auc=0.9232 test_loss=0.2821 test_metric_name=roc_auc test_metric=0.9232
  test_roc_auc=0.9232
  >> num_layers=5 hidden_dim=512 lr=3e-05 best_step=440 val_roc_auc=0.9164 test_roc_auc=0.9232
     val_acc=0.8688 val_loss=0.2962 val_metric=0.9164 val_metric_name=roc_auc val_roc_auc=0.9164
     test_acc=0.8748 test_loss=0.2821 test_metric=0.9232 test_metric_name=roc_auc test_roc_auc=0.9232
  >> selected best (by val): num_layers=5 hidden_dim=512 lr=3e-05 val_roc_auc=0.9164 test_roc_auc=0.9232
     val_acc=0.8688 val_loss=0.2962 val_metric=0.9164 val_metric_name=roc_auc val_roc_auc=0.9164
     test_acc=0.8748 test_loss=0.2821 test_metric=0.9232 test_metric_name=roc_auc test_roc_auc=0.9232

Done. Results saved to /home/avshmelev/diploma_yandex_graphs/results/minesweeper/base.csv, checkpoints in /home/avshmelev/diploma_yandex_graphs/all_checkpoints/minesweeper/base/
