Loading data...

============================================================
Training minesweeper GAT 3L split=4
============================================================
Step    1 | loss 0.9416 | val_acc 0.7240
Step   50 | loss 0.4168 | val_acc 0.8096
Step  100 | loss 0.3565 | val_acc 0.8296
Step  150 | loss 0.3299 | val_acc 0.8432
Step  200 | loss 0.3121 | val_acc 0.8448
Step  250 | loss 0.3092 | val_acc 0.8500
Step  300 | loss 0.2939 | val_acc 0.8560
Step  350 | loss 0.2900 | val_acc 0.8544
Step  400 | loss 0.2842 | val_acc 0.8544
Step  450 | loss 0.2833 | val_acc 0.8560
Step  500 | loss 0.2755 | val_acc 0.8588
Step  550 | loss 0.2778 | val_acc 0.8604
Step  600 | loss 0.2687 | val_acc 0.8624
Step  650 | loss 0.2653 | val_acc 0.8632
Step  700 | loss 0.2631 | val_acc 0.8632
Step  750 | loss 0.2547 | val_acc 0.8624
Step  800 | loss 0.2522 | val_acc 0.8624
Step  850 | loss 0.2491 | val_acc 0.8592
Step  900 | loss 0.2566 | val_acc 0.8616
Step  950 | loss 0.2480 | val_acc 0.8616
Early stopping at step 981

--- Final (best ckpt @ step 681) ---
  train_acc=0.8880  val_acc=0.8616
  test_acc=0.8680  test_loss=0.2957
  test_roc_auc=0.9133
  >> best_step=681  val_acc=0.8616  test_acc=0.8680

Done. Results saved to /home/avshmelev/diploma_yandex_graphs/results/minesweeper/base.csv, checkpoints in /home/avshmelev/diploma_yandex_graphs/all_checkpoints/minesweeper/base/
