Loading data...

============================================================
Training minesweeper GAT 4L split=4
============================================================
Step    1 | loss 0.6134 | val_acc 0.8000
Step   50 | loss 0.4028 | val_acc 0.8104
Step  100 | loss 0.3398 | val_acc 0.8340
Step  150 | loss 0.3137 | val_acc 0.8424
Step  200 | loss 0.2993 | val_acc 0.8528
Step  250 | loss 0.2897 | val_acc 0.8556
Step  300 | loss 0.2776 | val_acc 0.8700
Step  350 | loss 0.2695 | val_acc 0.8720
Step  400 | loss 0.2624 | val_acc 0.8712
Step  450 | loss 0.2550 | val_acc 0.8760
Step  500 | loss 0.2547 | val_acc 0.8744
Step  550 | loss 0.2449 | val_acc 0.8748
Step  600 | loss 0.2384 | val_acc 0.8708
Step  650 | loss 0.2272 | val_acc 0.8724
Step  700 | loss 0.2290 | val_acc 0.8716
Step  750 | loss 0.2182 | val_acc 0.8708
Step  800 | loss 0.2142 | val_acc 0.8648
Early stopping at step 815

--- Final (best ckpt @ step 515) ---
  train_acc=0.9006  val_acc=0.8792
  test_acc=0.8752  test_loss=0.2806
  test_roc_auc=0.9251
  >> best_step=515  val_acc=0.8792  test_acc=0.8752

Done. Results saved to /home/avshmelev/diploma_yandex_graphs/results/minesweeper/base.csv, checkpoints in /home/avshmelev/diploma_yandex_graphs/all_checkpoints/minesweeper/base/
