Loading data...

============================================================
Training minesweeper GCN 4L h=512 lr=3e-05 split=1
============================================================
Step    1 | loss 0.6926 | val_acc=0.8000 val_roc_auc=0.3657 val_loss=0.5138 val_metric_name=roc_auc val_metric=0.3657
Step   50 | loss 0.4245 | val_acc=0.8076 val_roc_auc=0.7929 val_loss=0.4145 val_metric_name=roc_auc val_metric=0.7929
Step  100 | loss 0.3749 | val_acc=0.8308 val_roc_auc=0.8681 val_loss=0.3602 val_metric_name=roc_auc val_metric=0.8681
Step  150 | loss 0.3477 | val_acc=0.8416 val_roc_auc=0.8789 val_loss=0.3407 val_metric_name=roc_auc val_metric=0.8789
Step  200 | loss 0.3373 | val_acc=0.8488 val_roc_auc=0.8830 val_loss=0.3316 val_metric_name=roc_auc val_metric=0.8830
Step  250 | loss 0.3300 | val_acc=0.8460 val_roc_auc=0.8860 val_loss=0.3263 val_metric_name=roc_auc val_metric=0.8860
Step  300 | loss 0.3247 | val_acc=0.8540 val_roc_auc=0.8909 val_loss=0.3177 val_metric_name=roc_auc val_metric=0.8909
Step  350 | loss 0.3182 | val_acc=0.8544 val_roc_auc=0.8970 val_loss=0.3144 val_metric_name=roc_auc val_metric=0.8970
Step  400 | loss 0.3133 | val_acc=0.8540 val_roc_auc=0.9023 val_loss=0.3078 val_metric_name=roc_auc val_metric=0.9023
Step  450 | loss 0.3097 | val_acc=0.8560 val_roc_auc=0.9040 val_loss=0.2989 val_metric_name=roc_auc val_metric=0.9040
Step  500 | loss 0.3061 | val_acc=0.8596 val_roc_auc=0.9058 val_loss=0.2958 val_metric_name=roc_auc val_metric=0.9058
Step  550 | loss 0.3001 | val_acc=0.8592 val_roc_auc=0.9060 val_loss=0.2958 val_metric_name=roc_auc val_metric=0.9060
Step  600 | loss 0.3021 | val_acc=0.8580 val_roc_auc=0.9055 val_loss=0.2971 val_metric_name=roc_auc val_metric=0.9055
Step  650 | loss 0.2944 | val_acc=0.8564 val_roc_auc=0.9067 val_loss=0.2971 val_metric_name=roc_auc val_metric=0.9067
Step  700 | loss 0.2927 | val_acc=0.8568 val_roc_auc=0.9054 val_loss=0.2983 val_metric_name=roc_auc val_metric=0.9054
Step  750 | loss 0.2870 | val_acc=0.8552 val_roc_auc=0.9069 val_loss=0.2980 val_metric_name=roc_auc val_metric=0.9069
Step  800 | loss 0.2854 | val_acc=0.8572 val_roc_auc=0.9069 val_loss=0.2978 val_metric_name=roc_auc val_metric=0.9069
Step  850 | loss 0.2832 | val_acc=0.8504 val_roc_auc=0.9049 val_loss=0.2988 val_metric_name=roc_auc val_metric=0.9049
Step  900 | loss 0.2788 | val_acc=0.8512 val_roc_auc=0.9054 val_loss=0.3065 val_metric_name=roc_auc val_metric=0.9054
Step  950 | loss 0.2798 | val_acc=0.8480 val_roc_auc=0.9028 val_loss=0.3043 val_metric_name=roc_auc val_metric=0.9028
Step 1000 | loss 0.2723 | val_acc=0.8448 val_roc_auc=0.8970 val_loss=0.3131 val_metric_name=roc_auc val_metric=0.8970
Early stopping at step 1020

--- Final (best ckpt @ step 720) ---
  train_acc=0.8726 train_roc_auc=0.9177 train_loss=0.2784 train_metric_name=roc_auc train_metric=0.9177
  val_acc=0.8568 val_roc_auc=0.9081 val_loss=0.2955 val_metric_name=roc_auc val_metric=0.9081
  test_acc=0.8476 test_roc_auc=0.8990 test_loss=0.3077 test_metric_name=roc_auc test_metric=0.8990
  test_roc_auc=0.8990
  >> num_layers=4 hidden_dim=512 lr=3e-05 best_step=720 val_roc_auc=0.9081 test_roc_auc=0.8990
     val_acc=0.8568 val_loss=0.2955 val_metric=0.9081 val_metric_name=roc_auc val_roc_auc=0.9081
     test_acc=0.8476 test_loss=0.3077 test_metric=0.8990 test_metric_name=roc_auc test_roc_auc=0.8990
  >> selected best (by val): num_layers=4 hidden_dim=512 lr=3e-05 val_roc_auc=0.9081 test_roc_auc=0.8990
     val_acc=0.8568 val_loss=0.2955 val_metric=0.9081 val_metric_name=roc_auc val_roc_auc=0.9081
     test_acc=0.8476 test_loss=0.3077 test_metric=0.8990 test_metric_name=roc_auc test_roc_auc=0.8990

Done. Results saved to /home/avshmelev/diploma_yandex_graphs/results/minesweeper/base.csv, checkpoints in /home/avshmelev/diploma_yandex_graphs/all_checkpoints/minesweeper/base/
