Loading data...

============================================================
Training minesweeper GCN 1L h=512 lr=3e-05 split=6
============================================================
Step    1 | loss 0.6497 | val_acc=0.7984 val_roc_auc=0.2753 val_loss=0.5721 val_metric_name=roc_auc val_metric=0.2753
Step   50 | loss 0.4290 | val_acc=0.8064 val_roc_auc=0.8136 val_loss=0.4080 val_metric_name=roc_auc val_metric=0.8136
Step  100 | loss 0.3940 | val_acc=0.8184 val_roc_auc=0.8404 val_loss=0.3749 val_metric_name=roc_auc val_metric=0.8404
Step  150 | loss 0.3789 | val_acc=0.8240 val_roc_auc=0.8501 val_loss=0.3643 val_metric_name=roc_auc val_metric=0.8501
Step  200 | loss 0.3730 | val_acc=0.8296 val_roc_auc=0.8568 val_loss=0.3536 val_metric_name=roc_auc val_metric=0.8568
Step  250 | loss 0.3677 | val_acc=0.8360 val_roc_auc=0.8625 val_loss=0.3471 val_metric_name=roc_auc val_metric=0.8625
Step  300 | loss 0.3654 | val_acc=0.8376 val_roc_auc=0.8670 val_loss=0.3420 val_metric_name=roc_auc val_metric=0.8670
Step  350 | loss 0.3548 | val_acc=0.8388 val_roc_auc=0.8708 val_loss=0.3371 val_metric_name=roc_auc val_metric=0.8708
Step  400 | loss 0.3559 | val_acc=0.8380 val_roc_auc=0.8744 val_loss=0.3340 val_metric_name=roc_auc val_metric=0.8744
Step  450 | loss 0.3520 | val_acc=0.8372 val_roc_auc=0.8778 val_loss=0.3303 val_metric_name=roc_auc val_metric=0.8778
Step  500 | loss 0.3480 | val_acc=0.8384 val_roc_auc=0.8802 val_loss=0.3285 val_metric_name=roc_auc val_metric=0.8802
Step  550 | loss 0.3461 | val_acc=0.8400 val_roc_auc=0.8818 val_loss=0.3246 val_metric_name=roc_auc val_metric=0.8818
Step  600 | loss 0.3408 | val_acc=0.8404 val_roc_auc=0.8837 val_loss=0.3220 val_metric_name=roc_auc val_metric=0.8837
Step  650 | loss 0.3416 | val_acc=0.8408 val_roc_auc=0.8855 val_loss=0.3209 val_metric_name=roc_auc val_metric=0.8855
Step  700 | loss 0.3399 | val_acc=0.8424 val_roc_auc=0.8864 val_loss=0.3192 val_metric_name=roc_auc val_metric=0.8864
Step  750 | loss 0.3387 | val_acc=0.8432 val_roc_auc=0.8868 val_loss=0.3168 val_metric_name=roc_auc val_metric=0.8868
Step  800 | loss 0.3368 | val_acc=0.8436 val_roc_auc=0.8874 val_loss=0.3161 val_metric_name=roc_auc val_metric=0.8874
Step  850 | loss 0.3361 | val_acc=0.8452 val_roc_auc=0.8880 val_loss=0.3157 val_metric_name=roc_auc val_metric=0.8880
Step  900 | loss 0.3345 | val_acc=0.8444 val_roc_auc=0.8886 val_loss=0.3136 val_metric_name=roc_auc val_metric=0.8886
Step  950 | loss 0.3337 | val_acc=0.8464 val_roc_auc=0.8898 val_loss=0.3148 val_metric_name=roc_auc val_metric=0.8898
Step 1000 | loss 0.3299 | val_acc=0.8456 val_roc_auc=0.8898 val_loss=0.3134 val_metric_name=roc_auc val_metric=0.8898
Step 1050 | loss 0.3297 | val_acc=0.8464 val_roc_auc=0.8898 val_loss=0.3138 val_metric_name=roc_auc val_metric=0.8898
Step 1100 | loss 0.3310 | val_acc=0.8452 val_roc_auc=0.8904 val_loss=0.3113 val_metric_name=roc_auc val_metric=0.8904
Step 1150 | loss 0.3321 | val_acc=0.8472 val_roc_auc=0.8903 val_loss=0.3120 val_metric_name=roc_auc val_metric=0.8903
Step 1200 | loss 0.3301 | val_acc=0.8452 val_roc_auc=0.8906 val_loss=0.3119 val_metric_name=roc_auc val_metric=0.8906
Step 1250 | loss 0.3304 | val_acc=0.8456 val_roc_auc=0.8912 val_loss=0.3112 val_metric_name=roc_auc val_metric=0.8912
Step 1300 | loss 0.3274 | val_acc=0.8460 val_roc_auc=0.8912 val_loss=0.3106 val_metric_name=roc_auc val_metric=0.8912
Step 1350 | loss 0.3267 | val_acc=0.8460 val_roc_auc=0.8916 val_loss=0.3103 val_metric_name=roc_auc val_metric=0.8916
Step 1400 | loss 0.3269 | val_acc=0.8456 val_roc_auc=0.8914 val_loss=0.3114 val_metric_name=roc_auc val_metric=0.8914
Step 1450 | loss 0.3251 | val_acc=0.8460 val_roc_auc=0.8920 val_loss=0.3098 val_metric_name=roc_auc val_metric=0.8920
Step 1500 | loss 0.3279 | val_acc=0.8464 val_roc_auc=0.8916 val_loss=0.3094 val_metric_name=roc_auc val_metric=0.8916
Step 1550 | loss 0.3245 | val_acc=0.8464 val_roc_auc=0.8919 val_loss=0.3095 val_metric_name=roc_auc val_metric=0.8919
Step 1600 | loss 0.3260 | val_acc=0.8460 val_roc_auc=0.8918 val_loss=0.3099 val_metric_name=roc_auc val_metric=0.8918
Step 1650 | loss 0.3263 | val_acc=0.8452 val_roc_auc=0.8921 val_loss=0.3103 val_metric_name=roc_auc val_metric=0.8921
Step 1700 | loss 0.3239 | val_acc=0.8476 val_roc_auc=0.8924 val_loss=0.3102 val_metric_name=roc_auc val_metric=0.8924
Step 1750 | loss 0.3281 | val_acc=0.8460 val_roc_auc=0.8921 val_loss=0.3090 val_metric_name=roc_auc val_metric=0.8921
Step 1800 | loss 0.3253 | val_acc=0.8468 val_roc_auc=0.8923 val_loss=0.3094 val_metric_name=roc_auc val_metric=0.8923
Step 1850 | loss 0.3256 | val_acc=0.8460 val_roc_auc=0.8930 val_loss=0.3082 val_metric_name=roc_auc val_metric=0.8930
Step 1900 | loss 0.3227 | val_acc=0.8460 val_roc_auc=0.8924 val_loss=0.3089 val_metric_name=roc_auc val_metric=0.8924
Step 1950 | loss 0.3243 | val_acc=0.8464 val_roc_auc=0.8928 val_loss=0.3089 val_metric_name=roc_auc val_metric=0.8928
Step 2000 | loss 0.3222 | val_acc=0.8472 val_roc_auc=0.8925 val_loss=0.3091 val_metric_name=roc_auc val_metric=0.8925
Step 2050 | loss 0.3265 | val_acc=0.8480 val_roc_auc=0.8927 val_loss=0.3098 val_metric_name=roc_auc val_metric=0.8927
Step 2100 | loss 0.3241 | val_acc=0.8476 val_roc_auc=0.8927 val_loss=0.3091 val_metric_name=roc_auc val_metric=0.8927
Step 2150 | loss 0.3262 | val_acc=0.8472 val_roc_auc=0.8925 val_loss=0.3089 val_metric_name=roc_auc val_metric=0.8925
Step 2200 | loss 0.3216 | val_acc=0.8476 val_roc_auc=0.8927 val_loss=0.3095 val_metric_name=roc_auc val_metric=0.8927
Step 2250 | loss 0.3220 | val_acc=0.8464 val_roc_auc=0.8927 val_loss=0.3086 val_metric_name=roc_auc val_metric=0.8927
Step 2300 | loss 0.3216 | val_acc=0.8460 val_roc_auc=0.8923 val_loss=0.3090 val_metric_name=roc_auc val_metric=0.8923
Step 2350 | loss 0.3228 | val_acc=0.8464 val_roc_auc=0.8925 val_loss=0.3088 val_metric_name=roc_auc val_metric=0.8925
Step 2400 | loss 0.3236 | val_acc=0.8460 val_roc_auc=0.8925 val_loss=0.3089 val_metric_name=roc_auc val_metric=0.8925
Step 2450 | loss 0.3230 | val_acc=0.8460 val_roc_auc=0.8923 val_loss=0.3092 val_metric_name=roc_auc val_metric=0.8923
Step 2500 | loss 0.3225 | val_acc=0.8456 val_roc_auc=0.8927 val_loss=0.3089 val_metric_name=roc_auc val_metric=0.8927
Step 2550 | loss 0.3230 | val_acc=0.8460 val_roc_auc=0.8923 val_loss=0.3093 val_metric_name=roc_auc val_metric=0.8923
Early stopping at step 2583

--- Final (best ckpt @ step 2280) ---
  train_acc=0.8410 train_roc_auc=0.8817 train_loss=0.3221 train_metric_name=roc_auc train_metric=0.8817
  val_acc=0.8476 val_roc_auc=0.8930 val_loss=0.3088 val_metric_name=roc_auc val_metric=0.8930
  test_acc=0.8308 test_roc_auc=0.8689 test_loss=0.3390 test_metric_name=roc_auc test_metric=0.8689
  test_roc_auc=0.8689
  >> num_layers=1 hidden_dim=512 lr=3e-05 best_step=2280 val_roc_auc=0.8930 test_roc_auc=0.8689
     val_acc=0.8476 val_loss=0.3088 val_metric=0.8930 val_metric_name=roc_auc val_roc_auc=0.8930
     test_acc=0.8308 test_loss=0.3390 test_metric=0.8689 test_metric_name=roc_auc test_roc_auc=0.8689
  >> selected best (by val): num_layers=1 hidden_dim=512 lr=3e-05 val_roc_auc=0.8930 test_roc_auc=0.8689
     val_acc=0.8476 val_loss=0.3088 val_metric=0.8930 val_metric_name=roc_auc val_roc_auc=0.8930
     test_acc=0.8308 test_loss=0.3390 test_metric=0.8689 test_metric_name=roc_auc test_roc_auc=0.8689

Done. Results saved to /home/avshmelev/diploma_yandex_graphs/results/minesweeper/base.csv, checkpoints in /home/avshmelev/diploma_yandex_graphs/all_checkpoints/minesweeper/base/
