Loading data...

============================================================
Training minesweeper GT 1L split=0
============================================================
Step    1 | loss 0.5874 | val_acc 0.8000
Step   50 | loss 0.3636 | val_acc 0.8224
Step  100 | loss 0.3239 | val_acc 0.8264
Step  150 | loss 0.3181 | val_acc 0.8260
Step  200 | loss 0.3155 | val_acc 0.8268
Step  250 | loss 0.3102 | val_acc 0.8224
Step  300 | loss 0.3106 | val_acc 0.8244
Step  350 | loss 0.3089 | val_acc 0.8244
Step  400 | loss 0.3062 | val_acc 0.8252
Step  450 | loss 0.3078 | val_acc 0.8248
Step  500 | loss 0.3088 | val_acc 0.8252
Step  550 | loss 0.3070 | val_acc 0.8252
Step  600 | loss 0.3053 | val_acc 0.8236
Step  650 | loss 0.3027 | val_acc 0.8232
Early stopping at step 678

--- Final (best ckpt @ step 378) ---
  train_acc=0.8512  val_acc=0.8252
  test_acc=0.8336  test_loss=0.3410
  test_roc_auc=0.8751
  >> best_step=378  val_acc=0.8252  test_acc=0.8336

Done. Results saved to /home/avshmelev/diploma_yandex_graphs/results/minesweeper/base.csv, checkpoints in /home/avshmelev/diploma_yandex_graphs/all_checkpoints/minesweeper/base/
