Loading data...

============================================================
Training minesweeper GT 3L h=512 lr=3e-05 split=6
============================================================
Step    1 | loss 0.7220 | val_acc=0.8000 val_roc_auc=0.7056 val_loss=0.4871 val_metric_name=roc_auc val_metric=0.7056
Step   50 | loss 0.3669 | val_acc=0.8356 val_roc_auc=0.8798 val_loss=0.3424 val_metric_name=roc_auc val_metric=0.8798
Step  100 | loss 0.3157 | val_acc=0.8492 val_roc_auc=0.9053 val_loss=0.3061 val_metric_name=roc_auc val_metric=0.9053
Step  150 | loss 0.3063 | val_acc=0.8564 val_roc_auc=0.9155 val_loss=0.2915 val_metric_name=roc_auc val_metric=0.9155
Step  200 | loss 0.3050 | val_acc=0.8580 val_roc_auc=0.9191 val_loss=0.2856 val_metric_name=roc_auc val_metric=0.9191
Step  250 | loss 0.2919 | val_acc=0.8596 val_roc_auc=0.9226 val_loss=0.2829 val_metric_name=roc_auc val_metric=0.9226
Step  300 | loss 0.2829 | val_acc=0.8596 val_roc_auc=0.9226 val_loss=0.2876 val_metric_name=roc_auc val_metric=0.9226
Step  350 | loss 0.2739 | val_acc=0.8640 val_roc_auc=0.9241 val_loss=0.2781 val_metric_name=roc_auc val_metric=0.9241
Step  400 | loss 0.2673 | val_acc=0.8756 val_roc_auc=0.9239 val_loss=0.2759 val_metric_name=roc_auc val_metric=0.9239
Step  450 | loss 0.2601 | val_acc=0.8800 val_roc_auc=0.9245 val_loss=0.2788 val_metric_name=roc_auc val_metric=0.9245
Step  500 | loss 0.2523 | val_acc=0.8792 val_roc_auc=0.9242 val_loss=0.2789 val_metric_name=roc_auc val_metric=0.9242
Step  550 | loss 0.2500 | val_acc=0.8804 val_roc_auc=0.9228 val_loss=0.2842 val_metric_name=roc_auc val_metric=0.9228
Step  600 | loss 0.2435 | val_acc=0.8792 val_roc_auc=0.9207 val_loss=0.2939 val_metric_name=roc_auc val_metric=0.9207
Step  650 | loss 0.2391 | val_acc=0.8760 val_roc_auc=0.9184 val_loss=0.2994 val_metric_name=roc_auc val_metric=0.9184
Step  700 | loss 0.2327 | val_acc=0.8744 val_roc_auc=0.9167 val_loss=0.3105 val_metric_name=roc_auc val_metric=0.9167
Early stopping at step 711

--- Final (best ckpt @ step 410) ---
  train_acc=0.8874 train_roc_auc=0.9357 train_loss=0.2520 train_metric_name=roc_auc train_metric=0.9357
  val_acc=0.8776 val_roc_auc=0.9257 val_loss=0.2734 val_metric_name=roc_auc val_metric=0.9257
  test_acc=0.8568 test_roc_auc=0.9059 test_loss=0.3117 test_metric_name=roc_auc test_metric=0.9059
  test_roc_auc=0.9059
  >> num_layers=3 hidden_dim=512 lr=3e-05 best_step=410 val_roc_auc=0.9257 test_roc_auc=0.9059
     val_acc=0.8776 val_loss=0.2734 val_metric=0.9257 val_metric_name=roc_auc val_roc_auc=0.9257
     test_acc=0.8568 test_loss=0.3117 test_metric=0.9059 test_metric_name=roc_auc test_roc_auc=0.9059
  >> selected best (by val): num_layers=3 hidden_dim=512 lr=3e-05 val_roc_auc=0.9257 test_roc_auc=0.9059
     val_acc=0.8776 val_loss=0.2734 val_metric=0.9257 val_metric_name=roc_auc val_roc_auc=0.9257
     test_acc=0.8568 test_loss=0.3117 test_metric=0.9059 test_metric_name=roc_auc test_roc_auc=0.9059

Done. Results saved to /home/avshmelev/diploma_yandex_graphs/results/minesweeper/base.csv, checkpoints in /home/avshmelev/diploma_yandex_graphs/all_checkpoints/minesweeper/base/
