Loading data...

============================================================
Training minesweeper SAGE 3L h=512 lr=3e-05 split=8
============================================================
Step    1 | loss 0.5955 | val_acc=0.8000 val_roc_auc=0.5646 val_loss=0.5120 val_metric_name=roc_auc val_metric=0.5646
Step   50 | loss 0.3968 | val_acc=0.8284 val_roc_auc=0.8462 val_loss=0.3827 val_metric_name=roc_auc val_metric=0.8462
Step  100 | loss 0.3474 | val_acc=0.8388 val_roc_auc=0.8932 val_loss=0.3229 val_metric_name=roc_auc val_metric=0.8932
Step  150 | loss 0.3231 | val_acc=0.8492 val_roc_auc=0.9063 val_loss=0.3113 val_metric_name=roc_auc val_metric=0.9063
Step  200 | loss 0.3120 | val_acc=0.8532 val_roc_auc=0.9089 val_loss=0.3067 val_metric_name=roc_auc val_metric=0.9089
Step  250 | loss 0.2986 | val_acc=0.8556 val_roc_auc=0.9093 val_loss=0.3044 val_metric_name=roc_auc val_metric=0.9093
Step  300 | loss 0.2968 | val_acc=0.8608 val_roc_auc=0.9111 val_loss=0.3037 val_metric_name=roc_auc val_metric=0.9111
Step  350 | loss 0.2875 | val_acc=0.8616 val_roc_auc=0.9138 val_loss=0.2925 val_metric_name=roc_auc val_metric=0.9138
Step  400 | loss 0.2816 | val_acc=0.8648 val_roc_auc=0.9160 val_loss=0.2956 val_metric_name=roc_auc val_metric=0.9160
Step  450 | loss 0.2757 | val_acc=0.8680 val_roc_auc=0.9168 val_loss=0.2883 val_metric_name=roc_auc val_metric=0.9168
Step  500 | loss 0.2715 | val_acc=0.8640 val_roc_auc=0.9170 val_loss=0.2942 val_metric_name=roc_auc val_metric=0.9170
Step  550 | loss 0.2705 | val_acc=0.8628 val_roc_auc=0.9179 val_loss=0.2967 val_metric_name=roc_auc val_metric=0.9179
Step  600 | loss 0.2638 | val_acc=0.8680 val_roc_auc=0.9189 val_loss=0.2868 val_metric_name=roc_auc val_metric=0.9189
Step  650 | loss 0.2650 | val_acc=0.8640 val_roc_auc=0.9183 val_loss=0.2939 val_metric_name=roc_auc val_metric=0.9183
Step  700 | loss 0.2622 | val_acc=0.8664 val_roc_auc=0.9193 val_loss=0.2901 val_metric_name=roc_auc val_metric=0.9193
Step  750 | loss 0.2563 | val_acc=0.8576 val_roc_auc=0.9175 val_loss=0.3024 val_metric_name=roc_auc val_metric=0.9175
Step  800 | loss 0.2566 | val_acc=0.8632 val_roc_auc=0.9178 val_loss=0.2976 val_metric_name=roc_auc val_metric=0.9178
Step  850 | loss 0.2547 | val_acc=0.8588 val_roc_auc=0.9163 val_loss=0.3042 val_metric_name=roc_auc val_metric=0.9163
Step  900 | loss 0.2519 | val_acc=0.8576 val_roc_auc=0.9161 val_loss=0.3124 val_metric_name=roc_auc val_metric=0.9161
Step  950 | loss 0.2504 | val_acc=0.8576 val_roc_auc=0.9151 val_loss=0.3155 val_metric_name=roc_auc val_metric=0.9151
Step 1000 | loss 0.2469 | val_acc=0.8540 val_roc_auc=0.9136 val_loss=0.3222 val_metric_name=roc_auc val_metric=0.9136
Early stopping at step 1000

--- Final (best ckpt @ step 700) ---
  train_acc=0.8784 train_roc_auc=0.9319 train_loss=0.2613 train_metric_name=roc_auc train_metric=0.9319
  val_acc=0.8664 val_roc_auc=0.9193 val_loss=0.2901 val_metric_name=roc_auc val_metric=0.9193
  test_acc=0.8628 test_roc_auc=0.9195 test_loss=0.2869 test_metric_name=roc_auc test_metric=0.9195
  test_roc_auc=0.9195
  >> num_layers=3 hidden_dim=512 lr=3e-05 best_step=700 val_roc_auc=0.9193 test_roc_auc=0.9195
     val_acc=0.8664 val_loss=0.2901 val_metric=0.9193 val_metric_name=roc_auc val_roc_auc=0.9193
     test_acc=0.8628 test_loss=0.2869 test_metric=0.9195 test_metric_name=roc_auc test_roc_auc=0.9195
  >> selected best (by val): num_layers=3 hidden_dim=512 lr=3e-05 val_roc_auc=0.9193 test_roc_auc=0.9195
     val_acc=0.8664 val_loss=0.2901 val_metric=0.9193 val_metric_name=roc_auc val_roc_auc=0.9193
     test_acc=0.8628 test_loss=0.2869 test_metric=0.9195 test_metric_name=roc_auc test_roc_auc=0.9195

Done. Results saved to /home/avshmelev/diploma_yandex_graphs/results/minesweeper/base.csv, checkpoints in /home/avshmelev/diploma_yandex_graphs/all_checkpoints/minesweeper/base/
