Loading data...

============================================================
Training minesweeper SAGE 5L h=512 lr=3e-05 split=1
============================================================
Step    1 | loss 0.7296 | val_acc=0.8000 val_roc_auc=0.5172 val_loss=0.5175 val_metric_name=roc_auc val_metric=0.5172
Step   50 | loss 0.3994 | val_acc=0.8296 val_roc_auc=0.8334 val_loss=0.3930 val_metric_name=roc_auc val_metric=0.8334
Step  100 | loss 0.3429 | val_acc=0.8420 val_roc_auc=0.8977 val_loss=0.3282 val_metric_name=roc_auc val_metric=0.8977
Step  150 | loss 0.3181 | val_acc=0.8492 val_roc_auc=0.9086 val_loss=0.3195 val_metric_name=roc_auc val_metric=0.9086
Step  200 | loss 0.3047 | val_acc=0.8464 val_roc_auc=0.9129 val_loss=0.3165 val_metric_name=roc_auc val_metric=0.9129
Step  250 | loss 0.2963 | val_acc=0.8520 val_roc_auc=0.9151 val_loss=0.3080 val_metric_name=roc_auc val_metric=0.9151
Step  300 | loss 0.2883 | val_acc=0.8440 val_roc_auc=0.9147 val_loss=0.3210 val_metric_name=roc_auc val_metric=0.9147
Step  350 | loss 0.2838 | val_acc=0.8424 val_roc_auc=0.9160 val_loss=0.3216 val_metric_name=roc_auc val_metric=0.9160
Step  400 | loss 0.2817 | val_acc=0.8452 val_roc_auc=0.9164 val_loss=0.3174 val_metric_name=roc_auc val_metric=0.9164
Step  450 | loss 0.2760 | val_acc=0.8528 val_roc_auc=0.9196 val_loss=0.3054 val_metric_name=roc_auc val_metric=0.9196
Step  500 | loss 0.2719 | val_acc=0.8536 val_roc_auc=0.9211 val_loss=0.3073 val_metric_name=roc_auc val_metric=0.9211
Step  550 | loss 0.2695 | val_acc=0.8652 val_roc_auc=0.9247 val_loss=0.2818 val_metric_name=roc_auc val_metric=0.9247
Step  600 | loss 0.2607 | val_acc=0.8628 val_roc_auc=0.9291 val_loss=0.2841 val_metric_name=roc_auc val_metric=0.9291
Step  650 | loss 0.2486 | val_acc=0.8772 val_roc_auc=0.9366 val_loss=0.2563 val_metric_name=roc_auc val_metric=0.9366
Step  700 | loss 0.2458 | val_acc=0.8632 val_roc_auc=0.9366 val_loss=0.2826 val_metric_name=roc_auc val_metric=0.9366
Step  750 | loss 0.2356 | val_acc=0.8792 val_roc_auc=0.9398 val_loss=0.2573 val_metric_name=roc_auc val_metric=0.9398
Step  800 | loss 0.2290 | val_acc=0.8700 val_roc_auc=0.9392 val_loss=0.2715 val_metric_name=roc_auc val_metric=0.9392
Step  850 | loss 0.2270 | val_acc=0.8788 val_roc_auc=0.9393 val_loss=0.2600 val_metric_name=roc_auc val_metric=0.9393
Step  900 | loss 0.2206 | val_acc=0.8848 val_roc_auc=0.9406 val_loss=0.2541 val_metric_name=roc_auc val_metric=0.9406
Step  950 | loss 0.2162 | val_acc=0.8836 val_roc_auc=0.9390 val_loss=0.2581 val_metric_name=roc_auc val_metric=0.9390
Step 1000 | loss 0.2095 | val_acc=0.8852 val_roc_auc=0.9400 val_loss=0.2539 val_metric_name=roc_auc val_metric=0.9400
Step 1050 | loss 0.2032 | val_acc=0.8868 val_roc_auc=0.9376 val_loss=0.2647 val_metric_name=roc_auc val_metric=0.9376
Step 1100 | loss 0.2032 | val_acc=0.8880 val_roc_auc=0.9361 val_loss=0.2606 val_metric_name=roc_auc val_metric=0.9361
Step 1150 | loss 0.1957 | val_acc=0.8872 val_roc_auc=0.9355 val_loss=0.2658 val_metric_name=roc_auc val_metric=0.9355
Step 1200 | loss 0.1912 | val_acc=0.8820 val_roc_auc=0.9337 val_loss=0.2720 val_metric_name=roc_auc val_metric=0.9337
Step 1250 | loss 0.1835 | val_acc=0.8788 val_roc_auc=0.9315 val_loss=0.2818 val_metric_name=roc_auc val_metric=0.9315
Early stopping at step 1256

--- Final (best ckpt @ step 840) ---
  train_acc=0.8972 train_roc_auc=0.9525 train_loss=0.2228 train_metric_name=roc_auc train_metric=0.9525
  val_acc=0.8864 val_roc_auc=0.9409 val_loss=0.2509 val_metric_name=roc_auc val_metric=0.9409
  test_acc=0.8788 test_roc_auc=0.9422 test_loss=0.2496 test_metric_name=roc_auc test_metric=0.9422
  test_roc_auc=0.9422
  >> num_layers=5 hidden_dim=512 lr=3e-05 best_step=840 val_roc_auc=0.9409 test_roc_auc=0.9422
     val_acc=0.8864 val_loss=0.2509 val_metric=0.9409 val_metric_name=roc_auc val_roc_auc=0.9409
     test_acc=0.8788 test_loss=0.2496 test_metric=0.9422 test_metric_name=roc_auc test_roc_auc=0.9422
  >> selected best (by val): num_layers=5 hidden_dim=512 lr=3e-05 val_roc_auc=0.9409 test_roc_auc=0.9422
     val_acc=0.8864 val_loss=0.2509 val_metric=0.9409 val_metric_name=roc_auc val_roc_auc=0.9409
     test_acc=0.8788 test_loss=0.2496 test_metric=0.9422 test_metric_name=roc_auc test_roc_auc=0.9422

Done. Results saved to /home/avshmelev/diploma_yandex_graphs/results/minesweeper/base.csv, checkpoints in /home/avshmelev/diploma_yandex_graphs/all_checkpoints/minesweeper/base/
