Loading data...

============================================================
Training minesweeper TAG 4L split=5
============================================================
Step    1 | loss 0.7249 | val_acc 0.8000
Step   50 | loss 0.4098 | val_acc 0.8088
Step  100 | loss 0.3256 | val_acc 0.8416
Step  150 | loss 0.3062 | val_acc 0.8552
Step  200 | loss 0.2888 | val_acc 0.8648
Step  250 | loss 0.2764 | val_acc 0.8624
Step  300 | loss 0.2656 | val_acc 0.8644
Step  350 | loss 0.2555 | val_acc 0.8668
Step  400 | loss 0.2457 | val_acc 0.8748
Step  450 | loss 0.2360 | val_acc 0.8752
Step  500 | loss 0.2289 | val_acc 0.8772
Step  550 | loss 0.2265 | val_acc 0.8840
Step  600 | loss 0.2193 | val_acc 0.8780
Step  650 | loss 0.2093 | val_acc 0.8720
Step  700 | loss 0.2072 | val_acc 0.8784
Step  750 | loss 0.1989 | val_acc 0.8660
Step  800 | loss 0.1904 | val_acc 0.8768
Step  850 | loss 0.1851 | val_acc 0.8736
Step  900 | loss 0.1798 | val_acc 0.8796
Early stopping at step 931

--- Final (best ckpt @ step 631) ---
  train_acc=0.9102  val_acc=0.8816
  test_acc=0.8804  test_loss=0.2761
  test_roc_auc=0.9380
  >> best_step=631  val_acc=0.8816  test_acc=0.8804

Done. Results saved to /home/avshmelev/diploma_yandex_graphs/results/minesweeper/base.csv, checkpoints in /home/avshmelev/diploma_yandex_graphs/all_checkpoints/minesweeper/base/
