Loading data...

============================================================
Training minesweeper TAG 2L split=8
============================================================
Step    1 | loss 0.7486 | val_acc 0.8000
Step   50 | loss 0.4317 | val_acc 0.8024
Step  100 | loss 0.3625 | val_acc 0.8464
Step  150 | loss 0.3241 | val_acc 0.8584
Step  200 | loss 0.3059 | val_acc 0.8636
Step  250 | loss 0.2988 | val_acc 0.8648
Step  300 | loss 0.2929 | val_acc 0.8676
Step  350 | loss 0.2901 | val_acc 0.8672
Step  400 | loss 0.2854 | val_acc 0.8688
Step  450 | loss 0.2849 | val_acc 0.8684
Step  500 | loss 0.2797 | val_acc 0.8668
Step  550 | loss 0.2794 | val_acc 0.8704
Step  600 | loss 0.2725 | val_acc 0.8708
Step  650 | loss 0.2703 | val_acc 0.8712
Step  700 | loss 0.2665 | val_acc 0.8712
Step  750 | loss 0.2632 | val_acc 0.8704
Step  800 | loss 0.2608 | val_acc 0.8608
Step  850 | loss 0.2599 | val_acc 0.8724
Step  900 | loss 0.2545 | val_acc 0.8660
Step  950 | loss 0.2479 | val_acc 0.8660
Step 1000 | loss 0.2448 | val_acc 0.8668

--- Final (best ckpt @ step 973) ---
  train_acc=0.8814  val_acc=0.8700
  test_acc=0.8688  test_loss=0.2819
  test_roc_auc=0.9276
  >> best_step=973  val_acc=0.8700  test_acc=0.8688

Done. Results saved to /home/avshmelev/diploma_yandex_graphs/results/minesweeper/base.csv, checkpoints in /home/avshmelev/diploma_yandex_graphs/all_checkpoints/minesweeper/base/
Skipping: "Done." found in /home/avshmelev/diploma_yandex_graphs/results/minesweeper/logs_base/TAG_2L_split8.log
