Loading data...

============================================================
Training minesweeper TAG 5L split=5
============================================================
Step    1 | loss 0.7921 | val_acc 0.8000
Step   50 | loss 0.4272 | val_acc 0.8056
Step  100 | loss 0.3248 | val_acc 0.8412
Step  150 | loss 0.2973 | val_acc 0.8576
Step  200 | loss 0.2826 | val_acc 0.8588
Step  250 | loss 0.2676 | val_acc 0.8668
Step  300 | loss 0.2638 | val_acc 0.8640
Step  350 | loss 0.2518 | val_acc 0.8692
Step  400 | loss 0.2419 | val_acc 0.8764
Step  450 | loss 0.2337 | val_acc 0.8800
Step  500 | loss 0.2234 | val_acc 0.8864
Step  550 | loss 0.2086 | val_acc 0.8832
Step  600 | loss 0.2013 | val_acc 0.8888
Step  650 | loss 0.1962 | val_acc 0.8876
Step  700 | loss 0.1862 | val_acc 0.8820
Step  750 | loss 0.1814 | val_acc 0.8808
Step  800 | loss 0.1695 | val_acc 0.8852
Step  850 | loss 0.1661 | val_acc 0.8724
Step  900 | loss 0.1620 | val_acc 0.8756
Early stopping at step 902

--- Final (best ckpt @ step 602) ---
  train_acc=0.9176  val_acc=0.8880
  test_acc=0.8896  test_loss=0.2706
  test_roc_auc=0.9410
  >> best_step=602  val_acc=0.8880  test_acc=0.8896

Done. Results saved to /home/avshmelev/diploma_yandex_graphs/results/minesweeper/base.csv, checkpoints in /home/avshmelev/diploma_yandex_graphs/all_checkpoints/minesweeper/base/
