Loading data...

============================================================
Training roman-empire GAT-sep 5L split=3
============================================================
Step    1 | loss 3.1041 | val_acc 0.1474
Step   50 | loss 1.3811 | val_acc 0.6214
Step  100 | loss 0.9451 | val_acc 0.7169
Step  150 | loss 0.7381 | val_acc 0.7643
Step  200 | loss 0.6056 | val_acc 0.7963
Step  250 | loss 0.5025 | val_acc 0.8201
Step  300 | loss 0.4229 | val_acc 0.8360
Step  350 | loss 0.3523 | val_acc 0.8484
Step  400 | loss 0.3000 | val_acc 0.8574
Step  450 | loss 0.2474 | val_acc 0.8655
Step  500 | loss 0.2047 | val_acc 0.8720
Step  550 | loss 0.1681 | val_acc 0.8757
Step  600 | loss 0.1423 | val_acc 0.8782
Step  650 | loss 0.1151 | val_acc 0.8808
Step  700 | loss 0.0971 | val_acc 0.8833
Step  750 | loss 0.0761 | val_acc 0.8824
Step  800 | loss 0.0625 | val_acc 0.8870
Step  850 | loss 0.0572 | val_acc 0.8870
Step  900 | loss 0.0485 | val_acc 0.8874
Step  950 | loss 0.0410 | val_acc 0.8879
Step 1000 | loss 0.0428 | val_acc 0.8893

--- Final (best ckpt @ step 927) ---
  train_acc=0.9995  val_acc=0.8913
  test_acc=0.8900  test_loss=0.5512
  test_f1m=0.8659  test_f1w=0.8896
  >> best_step=927  val_acc=0.8913  test_acc=0.8900

Done. Results saved to /home/avshmelev/diploma_yandex_graphs/results/roman_empire/base.csv, checkpoints in /home/avshmelev/diploma_yandex_graphs/all_checkpoints/roman_empire/base/
