Loading data...

============================================================
Training roman-empire GAT-sep 2L split=0
============================================================
Step    1 | loss 2.8971 | val_acc 0.1988
Step   50 | loss 1.4083 | val_acc 0.6164
Step  100 | loss 1.0021 | val_acc 0.7154
Step  150 | loss 0.8094 | val_acc 0.7559
Step  200 | loss 0.6753 | val_acc 0.7790
Step  250 | loss 0.5750 | val_acc 0.7981
Step  300 | loss 0.5100 | val_acc 0.8115
Step  350 | loss 0.4341 | val_acc 0.8237
Step  400 | loss 0.3704 | val_acc 0.8307
Step  450 | loss 0.3124 | val_acc 0.8364
Step  500 | loss 0.2682 | val_acc 0.8365
Step  550 | loss 0.2307 | val_acc 0.8411
Step  600 | loss 0.1961 | val_acc 0.8450
Step  650 | loss 0.1646 | val_acc 0.8470
Step  700 | loss 0.1371 | val_acc 0.8475
Step  750 | loss 0.1206 | val_acc 0.8512
Step  800 | loss 0.1006 | val_acc 0.8498
Step  850 | loss 0.0871 | val_acc 0.8512
Step  900 | loss 0.0698 | val_acc 0.8519
Step  950 | loss 0.0669 | val_acc 0.8540
Step 1000 | loss 0.0547 | val_acc 0.8533

--- Final (best ckpt @ step 956) ---
  train_acc=0.9997  val_acc=0.8542
  test_acc=0.8449  test_loss=0.7842
  test_f1m=0.8069  test_f1w=0.8433
  >> best_step=956  val_acc=0.8542  test_acc=0.8449

Done. Results saved to /home/avshmelev/diploma_yandex_graphs/results/roman_empire/base.csv, checkpoints in /home/avshmelev/diploma_yandex_graphs/all_checkpoints/roman_empire/base/
