Loading data...

============================================================
Training roman-empire GAT-sep 1L split=8
============================================================
Step    1 | loss 3.0838 | val_acc 0.0943
Step   50 | loss 1.5855 | val_acc 0.5613
Step  100 | loss 1.1785 | val_acc 0.6704
Step  150 | loss 0.9712 | val_acc 0.7073
Step  200 | loss 0.8446 | val_acc 0.7329
Step  250 | loss 0.7467 | val_acc 0.7502
Step  300 | loss 0.6755 | val_acc 0.7656
Step  350 | loss 0.6131 | val_acc 0.7774
Step  400 | loss 0.5500 | val_acc 0.7838
Step  450 | loss 0.4961 | val_acc 0.7905
Step  500 | loss 0.4441 | val_acc 0.7942
Step  550 | loss 0.3915 | val_acc 0.7961
Step  600 | loss 0.3512 | val_acc 0.7989
Step  650 | loss 0.3099 | val_acc 0.8005
Step  700 | loss 0.2684 | val_acc 0.8042
Step  750 | loss 0.2311 | val_acc 0.8032
Step  800 | loss 0.2013 | val_acc 0.8028
Step  850 | loss 0.1733 | val_acc 0.8012
Step  900 | loss 0.1501 | val_acc 0.8012
Step  950 | loss 0.1296 | val_acc 0.8019
Step 1000 | loss 0.1169 | val_acc 0.8007

--- Final (best ckpt @ step 706) ---
  train_acc=0.9653  val_acc=0.8062
  test_acc=0.8007  test_loss=0.7276
  test_f1m=0.7407  test_f1w=0.7963
  >> best_step=706  val_acc=0.8062  test_acc=0.8007

Done. Results saved to /home/avshmelev/diploma_yandex_graphs/results/roman_empire/base.csv, checkpoints in /home/avshmelev/diploma_yandex_graphs/all_checkpoints/roman_empire/base/
