Loading data...

============================================================
Training roman-empire GAT 2L split=8
============================================================
Step    1 | loss 3.0698 | val_acc 0.0482
Step   50 | loss 2.0641 | val_acc 0.4157
Step  100 | loss 1.6524 | val_acc 0.5119
Step  150 | loss 1.4089 | val_acc 0.5557
Step  200 | loss 1.2281 | val_acc 0.5919
Step  250 | loss 1.0602 | val_acc 0.6392
Step  300 | loss 0.9524 | val_acc 0.6694
Step  350 | loss 0.8670 | val_acc 0.6966
Step  400 | loss 0.7764 | val_acc 0.7109
Step  450 | loss 0.7190 | val_acc 0.7306
Step  500 | loss 0.6620 | val_acc 0.7396
Step  550 | loss 0.6111 | val_acc 0.7467
Step  600 | loss 0.5575 | val_acc 0.7557
Step  650 | loss 0.5258 | val_acc 0.7624
Step  700 | loss 0.4856 | val_acc 0.7665
Step  750 | loss 0.4555 | val_acc 0.7728
Step  800 | loss 0.4049 | val_acc 0.7748
Step  850 | loss 0.3743 | val_acc 0.7801
Step  900 | loss 0.3552 | val_acc 0.7802
Step  950 | loss 0.3325 | val_acc 0.7801
Step 1000 | loss 0.3064 | val_acc 0.7808

--- Final (best ckpt @ step 986) ---
  train_acc=0.9545  val_acc=0.7853
  test_acc=0.7842  test_loss=0.7915
  test_f1m=0.7356  test_f1w=0.7833
  >> best_step=986  val_acc=0.7853  test_acc=0.7842

Done. Results saved to /home/avshmelev/diploma_yandex_graphs/results/roman_empire/base.csv, checkpoints in /home/avshmelev/diploma_yandex_graphs/all_checkpoints/roman_empire/base/
