Loading data...

============================================================
Training roman-empire GCN 4L split=7
============================================================
Step    1 | loss 3.0862 | val_acc 0.0989
Step   50 | loss 1.9510 | val_acc 0.4048
Step  100 | loss 1.5160 | val_acc 0.5315
Step  150 | loss 1.2768 | val_acc 0.5931
Step  200 | loss 1.0968 | val_acc 0.6344
Step  250 | loss 0.9617 | val_acc 0.6579
Step  300 | loss 0.8349 | val_acc 0.6805
Step  350 | loss 0.7427 | val_acc 0.6959
Step  400 | loss 0.6594 | val_acc 0.7043
Step  450 | loss 0.5745 | val_acc 0.7149
Step  500 | loss 0.5130 | val_acc 0.7183
Step  550 | loss 0.4463 | val_acc 0.7192
Step  600 | loss 0.3979 | val_acc 0.7137
Step  650 | loss 0.3544 | val_acc 0.7174
Step  700 | loss 0.3143 | val_acc 0.7170
Step  750 | loss 0.2799 | val_acc 0.7162
Step  800 | loss 0.2521 | val_acc 0.7147
Step  850 | loss 0.2248 | val_acc 0.7112
Step  900 | loss 0.1997 | val_acc 0.7162
Early stopping at step 911

--- Final (best ckpt @ step 611) ---
  train_acc=0.9462  val_acc=0.7216
  test_acc=0.7169  test_loss=0.9665
  test_f1m=0.6554  test_f1w=0.7158
  >> best_step=611  val_acc=0.7216  test_acc=0.7169

Done. Results saved to /home/avshmelev/diploma_yandex_graphs/results/roman_empire/base.csv, checkpoints in /home/avshmelev/diploma_yandex_graphs/all_checkpoints/roman_empire/base/
