Loading data...

============================================================
Training roman-empire GCN 5L split=0
============================================================
Step    1 | loss 3.0193 | val_acc 0.1126
Step   50 | loss 1.9342 | val_acc 0.4194
Step  100 | loss 1.4954 | val_acc 0.5465
Step  150 | loss 1.2430 | val_acc 0.5944
Step  200 | loss 1.0764 | val_acc 0.6351
Step  250 | loss 0.9209 | val_acc 0.6581
Step  300 | loss 0.8101 | val_acc 0.6780
Step  350 | loss 0.7031 | val_acc 0.6907
Step  400 | loss 0.6236 | val_acc 0.7068
Step  450 | loss 0.5538 | val_acc 0.7119
Step  500 | loss 0.4832 | val_acc 0.7149
Step  550 | loss 0.4186 | val_acc 0.7121
Step  600 | loss 0.3639 | val_acc 0.7144
Step  650 | loss 0.3197 | val_acc 0.7093
Step  700 | loss 0.2853 | val_acc 0.7116
Step  750 | loss 0.2512 | val_acc 0.7135
Step  800 | loss 0.2223 | val_acc 0.7132
Step  850 | loss 0.1976 | val_acc 0.7169
Early stopping at step 881

--- Final (best ckpt @ step 581) ---
  train_acc=0.9471  val_acc=0.7184
  test_acc=0.6991  test_loss=1.0188
  test_f1m=0.6283  test_f1w=0.7008
  >> best_step=581  val_acc=0.7184  test_acc=0.6991

Done. Results saved to /home/avshmelev/diploma_yandex_graphs/results/roman_empire/base.csv, checkpoints in /home/avshmelev/diploma_yandex_graphs/all_checkpoints/roman_empire/base/
