Loading data...

============================================================
Training roman-empire GCN 4L split=8
============================================================
Step    1 | loss 3.1016 | val_acc 0.0786
Step   50 | loss 1.9406 | val_acc 0.4212
Step  100 | loss 1.5365 | val_acc 0.5289
Step  150 | loss 1.2823 | val_acc 0.5951
Step  200 | loss 1.0988 | val_acc 0.6325
Step  250 | loss 0.9643 | val_acc 0.6618
Step  300 | loss 0.8478 | val_acc 0.6846
Step  350 | loss 0.7540 | val_acc 0.6948
Step  400 | loss 0.6631 | val_acc 0.7041
Step  450 | loss 0.5902 | val_acc 0.7098
Step  500 | loss 0.5248 | val_acc 0.7116
Step  550 | loss 0.4652 | val_acc 0.7137
Step  600 | loss 0.4179 | val_acc 0.7174
Step  650 | loss 0.3624 | val_acc 0.7211
Step  700 | loss 0.3149 | val_acc 0.7181
Step  750 | loss 0.2858 | val_acc 0.7174
Step  800 | loss 0.2564 | val_acc 0.7167
Step  850 | loss 0.2227 | val_acc 0.7176
Step  900 | loss 0.2044 | val_acc 0.7162
Step  950 | loss 0.1825 | val_acc 0.7158
Early stopping at step 950

--- Final (best ckpt @ step 650) ---
  train_acc=0.9599  val_acc=0.7211
  test_acc=0.7215  test_loss=0.9565
  test_f1m=0.6635  test_f1w=0.7219
  >> best_step=650  val_acc=0.7211  test_acc=0.7215

Done. Results saved to /home/avshmelev/diploma_yandex_graphs/results/roman_empire/base.csv, checkpoints in /home/avshmelev/diploma_yandex_graphs/all_checkpoints/roman_empire/base/
