Loading data...

============================================================
Training roman-empire GT-sep 2L split=9
============================================================
Step    1 | loss 3.0082 | val_acc 0.1672
Step   50 | loss 1.2693 | val_acc 0.6387
Step  100 | loss 0.9243 | val_acc 0.7264
Step  150 | loss 0.7641 | val_acc 0.7615
Step  200 | loss 0.6556 | val_acc 0.7774
Step  250 | loss 0.5689 | val_acc 0.7926
Step  300 | loss 0.4951 | val_acc 0.8021
Step  350 | loss 0.4368 | val_acc 0.8086
Step  400 | loss 0.3789 | val_acc 0.8162
Step  450 | loss 0.3249 | val_acc 0.8231
Step  500 | loss 0.2785 | val_acc 0.8242
Step  550 | loss 0.2376 | val_acc 0.8259
Step  600 | loss 0.2013 | val_acc 0.8293
Step  650 | loss 0.1735 | val_acc 0.8293
Step  700 | loss 0.1511 | val_acc 0.8316
Step  750 | loss 0.1211 | val_acc 0.8327
Step  800 | loss 0.1071 | val_acc 0.8330
Step  850 | loss 0.0931 | val_acc 0.8334
Step  900 | loss 0.0744 | val_acc 0.8350
Step  950 | loss 0.0710 | val_acc 0.8348
Step 1000 | loss 0.0590 | val_acc 0.8358

--- Final (best ckpt @ step 986) ---
  train_acc=0.9989  val_acc=0.8364
  test_acc=0.8323  test_loss=0.8320
  test_f1m=0.7928  test_f1w=0.8287
  >> best_step=986  val_acc=0.8364  test_acc=0.8323

Done. Results saved to /home/avshmelev/diploma_yandex_graphs/results/roman_empire/base.csv, checkpoints in /home/avshmelev/diploma_yandex_graphs/all_checkpoints/roman_empire/base/
