Loading data...

============================================================
Training roman-empire GT 1L split=7
============================================================
Step    1 | loss 3.0343 | val_acc 0.0724
Step   50 | loss 1.4911 | val_acc 0.5763
Step  100 | loss 1.0920 | val_acc 0.6833
Step  150 | loss 0.9013 | val_acc 0.7220
Step  200 | loss 0.7808 | val_acc 0.7442
Step  250 | loss 0.6829 | val_acc 0.7592
Step  300 | loss 0.6169 | val_acc 0.7659
Step  350 | loss 0.5533 | val_acc 0.7758
Step  400 | loss 0.4978 | val_acc 0.7809
Step  450 | loss 0.4515 | val_acc 0.7846
Step  500 | loss 0.4080 | val_acc 0.7880
Step  550 | loss 0.3703 | val_acc 0.7892
Step  600 | loss 0.3236 | val_acc 0.7919
Step  650 | loss 0.2847 | val_acc 0.7924
Step  700 | loss 0.2566 | val_acc 0.7912
Step  750 | loss 0.2310 | val_acc 0.7908
Step  800 | loss 0.2045 | val_acc 0.7903
Step  850 | loss 0.1844 | val_acc 0.7901
Step  900 | loss 0.1686 | val_acc 0.7898
Step  950 | loss 0.1455 | val_acc 0.7892
Early stopping at step 984

--- Final (best ckpt @ step 684) ---
  train_acc=0.9626  val_acc=0.7936
  test_acc=0.7891  test_loss=0.8218
  test_f1m=0.7344  test_f1w=0.7846
  >> best_step=684  val_acc=0.7936  test_acc=0.7891

Done. Results saved to /home/avshmelev/diploma_yandex_graphs/results/roman_empire/base.csv, checkpoints in /home/avshmelev/diploma_yandex_graphs/all_checkpoints/roman_empire/base/
