Loading data...

============================================================
Training roman-empire GT 2L split=0
============================================================
Step    1 | loss 3.0297 | val_acc 0.1117
Step   50 | loss 1.3474 | val_acc 0.6196
Step  100 | loss 0.9627 | val_acc 0.7140
Step  150 | loss 0.7776 | val_acc 0.7566
Step  200 | loss 0.6602 | val_acc 0.7762
Step  250 | loss 0.5670 | val_acc 0.7965
Step  300 | loss 0.4895 | val_acc 0.8041
Step  350 | loss 0.4315 | val_acc 0.8177
Step  400 | loss 0.3703 | val_acc 0.8235
Step  450 | loss 0.3176 | val_acc 0.8259
Step  500 | loss 0.2743 | val_acc 0.8268
Step  550 | loss 0.2370 | val_acc 0.8274
Step  600 | loss 0.2026 | val_acc 0.8289
Step  650 | loss 0.1773 | val_acc 0.8311
Step  700 | loss 0.1446 | val_acc 0.8318
Step  750 | loss 0.1238 | val_acc 0.8348
Step  800 | loss 0.1085 | val_acc 0.8350
Step  850 | loss 0.0969 | val_acc 0.8374
Step  900 | loss 0.0842 | val_acc 0.8360
Step  950 | loss 0.0720 | val_acc 0.8344
Step 1000 | loss 0.0647 | val_acc 0.8362

--- Final (best ckpt @ step 860) ---
  train_acc=0.9986  val_acc=0.8380
  test_acc=0.8249  test_loss=0.7927
  test_f1m=0.7836  test_f1w=0.8225
  >> best_step=860  val_acc=0.8380  test_acc=0.8249

Done. Results saved to /home/avshmelev/diploma_yandex_graphs/results/roman_empire/base.csv, checkpoints in /home/avshmelev/diploma_yandex_graphs/all_checkpoints/roman_empire/base/
