Loading data...

============================================================
Training roman-empire GT 4L split=3
============================================================
Step    1 | loss 2.9465 | val_acc 0.1855
Step   50 | loss 1.2043 | val_acc 0.6605
Step  100 | loss 0.8524 | val_acc 0.7283
Step  150 | loss 0.6804 | val_acc 0.7684
Step  200 | loss 0.5668 | val_acc 0.8004
Step  250 | loss 0.4794 | val_acc 0.8161
Step  300 | loss 0.4057 | val_acc 0.8351
Step  350 | loss 0.3398 | val_acc 0.8447
Step  400 | loss 0.2822 | val_acc 0.8542
Step  450 | loss 0.2313 | val_acc 0.8618
Step  500 | loss 0.1937 | val_acc 0.8660
Step  550 | loss 0.1565 | val_acc 0.8704
Step  600 | loss 0.1317 | val_acc 0.8729
Step  650 | loss 0.1099 | val_acc 0.8713
Step  700 | loss 0.0898 | val_acc 0.8731
Step  750 | loss 0.0781 | val_acc 0.8740
Step  800 | loss 0.0593 | val_acc 0.8747
Step  850 | loss 0.0576 | val_acc 0.8748
Step  900 | loss 0.0450 | val_acc 0.8756
Step  950 | loss 0.0439 | val_acc 0.8766
Step 1000 | loss 0.0362 | val_acc 0.8756

--- Final (best ckpt @ step 951) ---
  train_acc=0.9998  val_acc=0.8775
  test_acc=0.8724  test_loss=0.6361
  test_f1m=0.8432  test_f1w=0.8708
  >> best_step=951  val_acc=0.8775  test_acc=0.8724

Done. Results saved to /home/avshmelev/diploma_yandex_graphs/results/roman_empire/base.csv, checkpoints in /home/avshmelev/diploma_yandex_graphs/all_checkpoints/roman_empire/base/
