Loading data...

============================================================
Training roman-empire GT 4L split=5
============================================================
Step    1 | loss 3.0097 | val_acc 0.1350
Step   50 | loss 1.2199 | val_acc 0.6544
Step  100 | loss 0.8630 | val_acc 0.7338
Step  150 | loss 0.6951 | val_acc 0.7642
Step  200 | loss 0.5837 | val_acc 0.7903
Step  250 | loss 0.4914 | val_acc 0.8115
Step  300 | loss 0.4190 | val_acc 0.8268
Step  350 | loss 0.3579 | val_acc 0.8371
Step  400 | loss 0.2987 | val_acc 0.8415
Step  450 | loss 0.2512 | val_acc 0.8468
Step  500 | loss 0.2119 | val_acc 0.8508
Step  550 | loss 0.1708 | val_acc 0.8526
Step  600 | loss 0.1359 | val_acc 0.8551
Step  650 | loss 0.1177 | val_acc 0.8600
Step  700 | loss 0.0989 | val_acc 0.8588
Step  750 | loss 0.0771 | val_acc 0.8618
Step  800 | loss 0.0692 | val_acc 0.8625
Step  850 | loss 0.0596 | val_acc 0.8632
Step  900 | loss 0.0537 | val_acc 0.8644
Step  950 | loss 0.0424 | val_acc 0.8651
Step 1000 | loss 0.0399 | val_acc 0.8662

--- Final (best ckpt @ step 986) ---
  train_acc=0.9996  val_acc=0.8671
  test_acc=0.8763  test_loss=0.6018
  test_f1m=0.8433  test_f1w=0.8747
  >> best_step=986  val_acc=0.8671  test_acc=0.8763

Done. Results saved to /home/avshmelev/diploma_yandex_graphs/results/roman_empire/base.csv, checkpoints in /home/avshmelev/diploma_yandex_graphs/all_checkpoints/roman_empire/base/
