Loading data...

============================================================
Training roman-empire GT 5L split=2
============================================================
Step    1 | loss 3.1198 | val_acc 0.1732
Step   50 | loss 1.1883 | val_acc 0.6690
Step  100 | loss 0.8387 | val_acc 0.7370
Step  150 | loss 0.6610 | val_acc 0.7756
Step  200 | loss 0.5525 | val_acc 0.7996
Step  250 | loss 0.4548 | val_acc 0.8157
Step  300 | loss 0.3934 | val_acc 0.8277
Step  350 | loss 0.3211 | val_acc 0.8410
Step  400 | loss 0.2710 | val_acc 0.8482
Step  450 | loss 0.2216 | val_acc 0.8533
Step  500 | loss 0.1709 | val_acc 0.8584
Step  550 | loss 0.1518 | val_acc 0.8604
Step  600 | loss 0.1200 | val_acc 0.8621
Step  650 | loss 0.1019 | val_acc 0.8621
Step  700 | loss 0.0833 | val_acc 0.8653
Step  750 | loss 0.0698 | val_acc 0.8667
Step  800 | loss 0.0584 | val_acc 0.8658
Step  850 | loss 0.0484 | val_acc 0.8674
Step  900 | loss 0.0447 | val_acc 0.8688
Step  950 | loss 0.0367 | val_acc 0.8708
Step 1000 | loss 0.0318 | val_acc 0.8685

--- Final (best ckpt @ step 948) ---
  train_acc=0.9998  val_acc=0.8718
  test_acc=0.8750  test_loss=0.6149
  test_f1m=0.8451  test_f1w=0.8735
  >> best_step=948  val_acc=0.8718  test_acc=0.8750

Done. Results saved to /home/avshmelev/diploma_yandex_graphs/results/roman_empire/base.csv, checkpoints in /home/avshmelev/diploma_yandex_graphs/all_checkpoints/roman_empire/base/
