Loading data...

============================================================
Training roman-empire SAGE 2L split=0
============================================================
Step    1 | loss 3.0748 | val_acc 0.1070
Step   50 | loss 1.3349 | val_acc 0.6325
Step  100 | loss 0.9826 | val_acc 0.7147
Step  150 | loss 0.8044 | val_acc 0.7426
Step  200 | loss 0.6915 | val_acc 0.7608
Step  250 | loss 0.6035 | val_acc 0.7742
Step  300 | loss 0.5181 | val_acc 0.7839
Step  350 | loss 0.4507 | val_acc 0.7914
Step  400 | loss 0.3854 | val_acc 0.7995
Step  450 | loss 0.3270 | val_acc 0.8049
Step  500 | loss 0.2782 | val_acc 0.8078
Step  550 | loss 0.2316 | val_acc 0.8122
Step  600 | loss 0.1941 | val_acc 0.8132
Step  650 | loss 0.1637 | val_acc 0.8169
Step  700 | loss 0.1376 | val_acc 0.8180
Step  750 | loss 0.1131 | val_acc 0.8175
Step  800 | loss 0.0991 | val_acc 0.8205
Step  850 | loss 0.0853 | val_acc 0.8212
Step  900 | loss 0.0695 | val_acc 0.8240
Step  950 | loss 0.0624 | val_acc 0.8251
Step 1000 | loss 0.0498 | val_acc 0.8229

--- Final (best ckpt @ step 954) ---
  train_acc=0.9981  val_acc=0.8254
  test_acc=0.8186  test_loss=0.9279
  test_f1m=0.7660  test_f1w=0.8166
  >> best_step=954  val_acc=0.8254  test_acc=0.8186

Done. Results saved to /home/avshmelev/diploma_yandex_graphs/results/roman_empire/base.csv, checkpoints in /home/avshmelev/diploma_yandex_graphs/all_checkpoints/roman_empire/base/
