Loading data...

============================================================
Training roman-empire SAGE 1L split=9
============================================================
Step    1 | loss 3.1139 | val_acc 0.0300
Step   50 | loss 1.5278 | val_acc 0.5714
Step  100 | loss 1.1318 | val_acc 0.6699
Step  150 | loss 0.9522 | val_acc 0.7110
Step  200 | loss 0.8374 | val_acc 0.7319
Step  250 | loss 0.7493 | val_acc 0.7449
Step  300 | loss 0.6743 | val_acc 0.7587
Step  350 | loss 0.6182 | val_acc 0.7652
Step  400 | loss 0.5672 | val_acc 0.7707
Step  450 | loss 0.5066 | val_acc 0.7726
Step  500 | loss 0.4568 | val_acc 0.7746
Step  550 | loss 0.4057 | val_acc 0.7767
Step  600 | loss 0.3629 | val_acc 0.7778
Step  650 | loss 0.3181 | val_acc 0.7792
Step  700 | loss 0.2849 | val_acc 0.7813
Step  750 | loss 0.2459 | val_acc 0.7815
Step  800 | loss 0.2139 | val_acc 0.7825
Step  850 | loss 0.1861 | val_acc 0.7853
Step  900 | loss 0.1659 | val_acc 0.7838
Step  950 | loss 0.1450 | val_acc 0.7838
Step 1000 | loss 0.1298 | val_acc 0.7829

--- Final (best ckpt @ step 896) ---
  train_acc=0.9785  val_acc=0.7859
  test_acc=0.7762  test_loss=0.8908
  test_f1m=0.7136  test_f1w=0.7712
  >> best_step=896  val_acc=0.7859  test_acc=0.7762

Done. Results saved to /home/avshmelev/diploma_yandex_graphs/results/roman_empire/base.csv, checkpoints in /home/avshmelev/diploma_yandex_graphs/all_checkpoints/roman_empire/base/
