Loading data...

============================================================
Training roman-empire SAGE 5L split=3
============================================================
Step    1 | loss 3.0501 | val_acc 0.1474
Step   50 | loss 1.2054 | val_acc 0.6683
Step  100 | loss 0.8638 | val_acc 0.7327
Step  150 | loss 0.7026 | val_acc 0.7633
Step  200 | loss 0.5892 | val_acc 0.7839
Step  250 | loss 0.4962 | val_acc 0.7979
Step  300 | loss 0.4282 | val_acc 0.8071
Step  350 | loss 0.3586 | val_acc 0.8194
Step  400 | loss 0.2998 | val_acc 0.8328
Step  450 | loss 0.2516 | val_acc 0.8360
Step  500 | loss 0.2095 | val_acc 0.8418
Step  550 | loss 0.1670 | val_acc 0.8425
Step  600 | loss 0.1335 | val_acc 0.8454
Step  650 | loss 0.1173 | val_acc 0.8457
Step  700 | loss 0.0965 | val_acc 0.8477
Step  750 | loss 0.0774 | val_acc 0.8485
Step  800 | loss 0.0660 | val_acc 0.8494
Step  850 | loss 0.0533 | val_acc 0.8523
Step  900 | loss 0.0499 | val_acc 0.8533
Step  950 | loss 0.0417 | val_acc 0.8535
Step 1000 | loss 0.0362 | val_acc 0.8530

--- Final (best ckpt @ step 964) ---
  train_acc=0.9989  val_acc=0.8554
  test_acc=0.8505  test_loss=0.7985
  test_f1m=0.8128  test_f1w=0.8483
  >> best_step=964  val_acc=0.8554  test_acc=0.8505

Done. Results saved to /home/avshmelev/diploma_yandex_graphs/results/roman_empire/base.csv, checkpoints in /home/avshmelev/diploma_yandex_graphs/all_checkpoints/roman_empire/base/
