Loading data...

============================================================
Training roman-empire TAG 4L split=4
============================================================
Step    1 | loss 2.9281 | val_acc 0.1416
Step   50 | loss 1.2580 | val_acc 0.6500
Step  100 | loss 0.8284 | val_acc 0.7458
Step  150 | loss 0.6366 | val_acc 0.7889
Step  200 | loss 0.5168 | val_acc 0.8106
Step  250 | loss 0.4212 | val_acc 0.8263
Step  300 | loss 0.3357 | val_acc 0.8378
Step  350 | loss 0.2732 | val_acc 0.8452
Step  400 | loss 0.2168 | val_acc 0.8470
Step  450 | loss 0.1703 | val_acc 0.8484
Step  500 | loss 0.1291 | val_acc 0.8537
Step  550 | loss 0.1065 | val_acc 0.8575
Step  600 | loss 0.0815 | val_acc 0.8579
Step  650 | loss 0.0692 | val_acc 0.8641
Step  700 | loss 0.0562 | val_acc 0.8634
Step  750 | loss 0.0500 | val_acc 0.8644
Step  800 | loss 0.0458 | val_acc 0.8651
Step  850 | loss 0.0322 | val_acc 0.8664
Step  900 | loss 0.0275 | val_acc 0.8639
Step  950 | loss 0.0252 | val_acc 0.8671
Step 1000 | loss 0.0231 | val_acc 0.8692

--- Final (best ckpt @ step 1000) ---
  train_acc=0.9999  val_acc=0.8692
  test_acc=0.8592  test_loss=0.7867
  test_f1m=0.8280  test_f1w=0.8571
  >> best_step=1000  val_acc=0.8692  test_acc=0.8592

Done. Results saved to /home/avshmelev/diploma_yandex_graphs/results/roman_empire/base.csv, checkpoints in /home/avshmelev/diploma_yandex_graphs/all_checkpoints/roman_empire/base/
