Loading data...

============================================================
Training TABM-questions GAT 1L h=512 lr=3e-05 split=1
============================================================
Step    1 | loss 0.7894 | val_acc=0.9344 val_roc_auc=0.5341 val_loss=0.3946 val_metric_name=roc_auc val_metric=0.5341
Step   50 | loss 0.1458 | val_acc=0.9702 val_roc_auc=0.6557 val_loss=0.1458 val_metric_name=roc_auc val_metric=0.6557
Step  100 | loss 0.1377 | val_acc=0.9702 val_roc_auc=0.7197 val_loss=0.1308 val_metric_name=roc_auc val_metric=0.7197
Step  150 | loss 0.1350 | val_acc=0.9702 val_roc_auc=0.7342 val_loss=0.1263 val_metric_name=roc_auc val_metric=0.7342
Step  200 | loss 0.1325 | val_acc=0.9702 val_roc_auc=0.7413 val_loss=0.1240 val_metric_name=roc_auc val_metric=0.7413
Step  250 | loss 0.1313 | val_acc=0.9702 val_roc_auc=0.7460 val_loss=0.1224 val_metric_name=roc_auc val_metric=0.7460
Step  300 | loss 0.1297 | val_acc=0.9702 val_roc_auc=0.7495 val_loss=0.1211 val_metric_name=roc_auc val_metric=0.7495
Step  350 | loss 0.1284 | val_acc=0.9705 val_roc_auc=0.7521 val_loss=0.1200 val_metric_name=roc_auc val_metric=0.7521
Step  400 | loss 0.1275 | val_acc=0.9705 val_roc_auc=0.7543 val_loss=0.1192 val_metric_name=roc_auc val_metric=0.7543
Step  450 | loss 0.1264 | val_acc=0.9707 val_roc_auc=0.7560 val_loss=0.1184 val_metric_name=roc_auc val_metric=0.7560
Step  500 | loss 0.1256 | val_acc=0.9708 val_roc_auc=0.7578 val_loss=0.1178 val_metric_name=roc_auc val_metric=0.7578
Step  550 | loss 0.1244 | val_acc=0.9713 val_roc_auc=0.7590 val_loss=0.1173 val_metric_name=roc_auc val_metric=0.7590
Step  600 | loss 0.1239 | val_acc=0.9720 val_roc_auc=0.7604 val_loss=0.1168 val_metric_name=roc_auc val_metric=0.7604
Step  650 | loss 0.1232 | val_acc=0.9720 val_roc_auc=0.7616 val_loss=0.1164 val_metric_name=roc_auc val_metric=0.7616
Step  700 | loss 0.1223 | val_acc=0.9720 val_roc_auc=0.7628 val_loss=0.1160 val_metric_name=roc_auc val_metric=0.7628
Step  750 | loss 0.1211 | val_acc=0.9718 val_roc_auc=0.7639 val_loss=0.1157 val_metric_name=roc_auc val_metric=0.7639
Step  800 | loss 0.1204 | val_acc=0.9717 val_roc_auc=0.7648 val_loss=0.1155 val_metric_name=roc_auc val_metric=0.7648
Step  850 | loss 0.1193 | val_acc=0.9715 val_roc_auc=0.7657 val_loss=0.1152 val_metric_name=roc_auc val_metric=0.7657
Step  900 | loss 0.1194 | val_acc=0.9715 val_roc_auc=0.7661 val_loss=0.1151 val_metric_name=roc_auc val_metric=0.7661
Step  950 | loss 0.1182 | val_acc=0.9715 val_roc_auc=0.7668 val_loss=0.1150 val_metric_name=roc_auc val_metric=0.7668
Step 1000 | loss 0.1174 | val_acc=0.9716 val_roc_auc=0.7672 val_loss=0.1149 val_metric_name=roc_auc val_metric=0.7672
Step 1050 | loss 0.1167 | val_acc=0.9717 val_roc_auc=0.7677 val_loss=0.1147 val_metric_name=roc_auc val_metric=0.7677
Step 1100 | loss 0.1162 | val_acc=0.9719 val_roc_auc=0.7682 val_loss=0.1147 val_metric_name=roc_auc val_metric=0.7682
Step 1150 | loss 0.1158 | val_acc=0.9717 val_roc_auc=0.7686 val_loss=0.1147 val_metric_name=roc_auc val_metric=0.7686
Step 1200 | loss 0.1153 | val_acc=0.9717 val_roc_auc=0.7689 val_loss=0.1146 val_metric_name=roc_auc val_metric=0.7689
Step 1250 | loss 0.1140 | val_acc=0.9718 val_roc_auc=0.7692 val_loss=0.1146 val_metric_name=roc_auc val_metric=0.7692
Step 1300 | loss 0.1130 | val_acc=0.9718 val_roc_auc=0.7695 val_loss=0.1146 val_metric_name=roc_auc val_metric=0.7695
Step 1350 | loss 0.1126 | val_acc=0.9719 val_roc_auc=0.7696 val_loss=0.1147 val_metric_name=roc_auc val_metric=0.7696
Step 1400 | loss 0.1111 | val_acc=0.9720 val_roc_auc=0.7700 val_loss=0.1147 val_metric_name=roc_auc val_metric=0.7700
Step 1450 | loss 0.1107 | val_acc=0.9719 val_roc_auc=0.7700 val_loss=0.1149 val_metric_name=roc_auc val_metric=0.7700
Step 1500 | loss 0.1096 | val_acc=0.9719 val_roc_auc=0.7703 val_loss=0.1150 val_metric_name=roc_auc val_metric=0.7703
Step 1550 | loss 0.1078 | val_acc=0.9721 val_roc_auc=0.7700 val_loss=0.1153 val_metric_name=roc_auc val_metric=0.7700
Step 1600 | loss 0.1066 | val_acc=0.9721 val_roc_auc=0.7702 val_loss=0.1155 val_metric_name=roc_auc val_metric=0.7702
Step 1650 | loss 0.1057 | val_acc=0.9722 val_roc_auc=0.7693 val_loss=0.1158 val_metric_name=roc_auc val_metric=0.7693
Step 1700 | loss 0.1052 | val_acc=0.9720 val_roc_auc=0.7690 val_loss=0.1162 val_metric_name=roc_auc val_metric=0.7690
Step 1750 | loss 0.1031 | val_acc=0.9719 val_roc_auc=0.7680 val_loss=0.1167 val_metric_name=roc_auc val_metric=0.7680
Step 1800 | loss 0.1021 | val_acc=0.9719 val_roc_auc=0.7672 val_loss=0.1172 val_metric_name=roc_auc val_metric=0.7672
Early stopping at step 1800

--- Final (best ckpt @ step 1500) ---
  train_acc=0.9723 train_roc_auc=0.8861 train_loss=0.0957 train_metric_name=roc_auc train_metric=0.8861
  val_acc=0.9719 val_roc_auc=0.7703 val_loss=0.1150 val_metric_name=roc_auc val_metric=0.7703
  test_acc=0.9715 test_roc_auc=0.7795 test_loss=0.1148 test_metric_name=roc_auc test_metric=0.7795
  test_roc_auc=0.7795

============================================================
Training TABM-questions GAT 2L h=512 lr=3e-05 split=1
============================================================
Step    1 | loss 0.7274 | val_acc=0.9697 val_roc_auc=0.5380 val_loss=0.2602 val_metric_name=roc_auc val_metric=0.5380
Step   50 | loss 0.1403 | val_acc=0.9702 val_roc_auc=0.7039 val_loss=0.1338 val_metric_name=roc_auc val_metric=0.7039
Step  100 | loss 0.1353 | val_acc=0.9702 val_roc_auc=0.7386 val_loss=0.1278 val_metric_name=roc_auc val_metric=0.7386
Step  150 | loss 0.1331 | val_acc=0.9702 val_roc_auc=0.7463 val_loss=0.1239 val_metric_name=roc_auc val_metric=0.7463
Step  200 | loss 0.1291 | val_acc=0.9702 val_roc_auc=0.7520 val_loss=0.1215 val_metric_name=roc_auc val_metric=0.7520
Step  250 | loss 0.1286 | val_acc=0.9709 val_roc_auc=0.7569 val_loss=0.1199 val_metric_name=roc_auc val_metric=0.7569
Step  300 | loss 0.1269 | val_acc=0.9714 val_roc_auc=0.7620 val_loss=0.1186 val_metric_name=roc_auc val_metric=0.7620
Step  350 | loss 0.1252 | val_acc=0.9714 val_roc_auc=0.7665 val_loss=0.1179 val_metric_name=roc_auc val_metric=0.7665
Step  400 | loss 0.1240 | val_acc=0.9710 val_roc_auc=0.7702 val_loss=0.1174 val_metric_name=roc_auc val_metric=0.7702
Step  450 | loss 0.1230 | val_acc=0.9711 val_roc_auc=0.7733 val_loss=0.1170 val_metric_name=roc_auc val_metric=0.7733
Step  500 | loss 0.1218 | val_acc=0.9711 val_roc_auc=0.7756 val_loss=0.1168 val_metric_name=roc_auc val_metric=0.7756
Step  550 | loss 0.1207 | val_acc=0.9712 val_roc_auc=0.7775 val_loss=0.1166 val_metric_name=roc_auc val_metric=0.7775
Step  600 | loss 0.1200 | val_acc=0.9709 val_roc_auc=0.7790 val_loss=0.1167 val_metric_name=roc_auc val_metric=0.7790
Step  650 | loss 0.1193 | val_acc=0.9707 val_roc_auc=0.7805 val_loss=0.1165 val_metric_name=roc_auc val_metric=0.7805
Step  700 | loss 0.1180 | val_acc=0.9707 val_roc_auc=0.7820 val_loss=0.1164 val_metric_name=roc_auc val_metric=0.7820
Step  750 | loss 0.1178 | val_acc=0.9706 val_roc_auc=0.7829 val_loss=0.1165 val_metric_name=roc_auc val_metric=0.7829
Step  800 | loss 0.1168 | val_acc=0.9705 val_roc_auc=0.7839 val_loss=0.1165 val_metric_name=roc_auc val_metric=0.7839
Step  850 | loss 0.1150 | val_acc=0.9705 val_roc_auc=0.7849 val_loss=0.1167 val_metric_name=roc_auc val_metric=0.7849
Step  900 | loss 0.1140 | val_acc=0.9703 val_roc_auc=0.7862 val_loss=0.1170 val_metric_name=roc_auc val_metric=0.7862
Step  950 | loss 0.1135 | val_acc=0.9703 val_roc_auc=0.7871 val_loss=0.1170 val_metric_name=roc_auc val_metric=0.7871
Step 1000 | loss 0.1126 | val_acc=0.9703 val_roc_auc=0.7880 val_loss=0.1175 val_metric_name=roc_auc val_metric=0.7880
Step 1050 | loss 0.1113 | val_acc=0.9702 val_roc_auc=0.7888 val_loss=0.1181 val_metric_name=roc_auc val_metric=0.7888
Step 1100 | loss 0.1099 | val_acc=0.9698 val_roc_auc=0.7897 val_loss=0.1190 val_metric_name=roc_auc val_metric=0.7897
Step 1150 | loss 0.1100 | val_acc=0.9698 val_roc_auc=0.7902 val_loss=0.1191 val_metric_name=roc_auc val_metric=0.7902
Step 1200 | loss 0.1090 | val_acc=0.9698 val_roc_auc=0.7908 val_loss=0.1191 val_metric_name=roc_auc val_metric=0.7908
Step 1250 | loss 0.1073 | val_acc=0.9696 val_roc_auc=0.7913 val_loss=0.1202 val_metric_name=roc_auc val_metric=0.7913
Step 1300 | loss 0.1073 | val_acc=0.9693 val_roc_auc=0.7916 val_loss=0.1205 val_metric_name=roc_auc val_metric=0.7916
Step 1350 | loss 0.1057 | val_acc=0.9693 val_roc_auc=0.7921 val_loss=0.1204 val_metric_name=roc_auc val_metric=0.7921
Step 1400 | loss 0.1044 | val_acc=0.9688 val_roc_auc=0.7924 val_loss=0.1215 val_metric_name=roc_auc val_metric=0.7924
Step 1450 | loss 0.1034 | val_acc=0.9685 val_roc_auc=0.7925 val_loss=0.1222 val_metric_name=roc_auc val_metric=0.7925
Step 1500 | loss 0.1019 | val_acc=0.9684 val_roc_auc=0.7927 val_loss=0.1225 val_metric_name=roc_auc val_metric=0.7927
Step 1550 | loss 0.1003 | val_acc=0.9673 val_roc_auc=0.7932 val_loss=0.1258 val_metric_name=roc_auc val_metric=0.7932
Step 1600 | loss 0.0995 | val_acc=0.9680 val_roc_auc=0.7931 val_loss=0.1238 val_metric_name=roc_auc val_metric=0.7931
Step 1650 | loss 0.0988 | val_acc=0.9675 val_roc_auc=0.7935 val_loss=0.1249 val_metric_name=roc_auc val_metric=0.7935
Step 1700 | loss 0.0969 | val_acc=0.9666 val_roc_auc=0.7936 val_loss=0.1283 val_metric_name=roc_auc val_metric=0.7936
Step 1750 | loss 0.0957 | val_acc=0.9666 val_roc_auc=0.7932 val_loss=0.1282 val_metric_name=roc_auc val_metric=0.7932
Step 1800 | loss 0.0944 | val_acc=0.9665 val_roc_auc=0.7938 val_loss=0.1283 val_metric_name=roc_auc val_metric=0.7938
Step 1850 | loss 0.0929 | val_acc=0.9656 val_roc_auc=0.7930 val_loss=0.1295 val_metric_name=roc_auc val_metric=0.7930
Step 1900 | loss 0.0912 | val_acc=0.9646 val_roc_auc=0.7936 val_loss=0.1321 val_metric_name=roc_auc val_metric=0.7936
Step 1950 | loss 0.0901 | val_acc=0.9651 val_roc_auc=0.7929 val_loss=0.1312 val_metric_name=roc_auc val_metric=0.7929
Step 2000 | loss 0.0882 | val_acc=0.9647 val_roc_auc=0.7926 val_loss=0.1322 val_metric_name=roc_auc val_metric=0.7926
Step 2050 | loss 0.0869 | val_acc=0.9656 val_roc_auc=0.7921 val_loss=0.1310 val_metric_name=roc_auc val_metric=0.7921
Step 2100 | loss 0.0861 | val_acc=0.9655 val_roc_auc=0.7916 val_loss=0.1317 val_metric_name=roc_auc val_metric=0.7916
Early stopping at step 2103

--- Final (best ckpt @ step 1690) ---
  train_acc=0.9748 train_roc_auc=0.9328 train_loss=0.0813 train_metric_name=roc_auc train_metric=0.9328
  val_acc=0.9672 val_roc_auc=0.7938 val_loss=0.1261 val_metric_name=roc_auc val_metric=0.7938
  test_acc=0.9676 test_roc_auc=0.8060 test_loss=0.1196 test_metric_name=roc_auc test_metric=0.8060
  test_roc_auc=0.8060

============================================================
Training TABM-questions GAT 3L h=512 lr=3e-05 split=1
============================================================
Step    1 | loss 0.4684 | val_acc=0.9702 val_roc_auc=0.4777 val_loss=0.1378 val_metric_name=roc_auc val_metric=0.4777
Step   50 | loss 0.1387 | val_acc=0.9702 val_roc_auc=0.7183 val_loss=0.1338 val_metric_name=roc_auc val_metric=0.7183
Step  100 | loss 0.1341 | val_acc=0.9702 val_roc_auc=0.7429 val_loss=0.1247 val_metric_name=roc_auc val_metric=0.7429
Step  150 | loss 0.1302 | val_acc=0.9702 val_roc_auc=0.7487 val_loss=0.1215 val_metric_name=roc_auc val_metric=0.7487
Step  200 | loss 0.1287 | val_acc=0.9710 val_roc_auc=0.7550 val_loss=0.1195 val_metric_name=roc_auc val_metric=0.7550
Step  250 | loss 0.1265 | val_acc=0.9712 val_roc_auc=0.7613 val_loss=0.1183 val_metric_name=roc_auc val_metric=0.7613
Step  300 | loss 0.1251 | val_acc=0.9713 val_roc_auc=0.7675 val_loss=0.1175 val_metric_name=roc_auc val_metric=0.7675
Step  350 | loss 0.1241 | val_acc=0.9710 val_roc_auc=0.7730 val_loss=0.1170 val_metric_name=roc_auc val_metric=0.7730
Step  400 | loss 0.1214 | val_acc=0.9709 val_roc_auc=0.7772 val_loss=0.1165 val_metric_name=roc_auc val_metric=0.7772
Step  450 | loss 0.1212 | val_acc=0.9709 val_roc_auc=0.7799 val_loss=0.1161 val_metric_name=roc_auc val_metric=0.7799
Step  500 | loss 0.1196 | val_acc=0.9707 val_roc_auc=0.7827 val_loss=0.1158 val_metric_name=roc_auc val_metric=0.7827
Step  550 | loss 0.1182 | val_acc=0.9707 val_roc_auc=0.7848 val_loss=0.1153 val_metric_name=roc_auc val_metric=0.7848
Step  600 | loss 0.1177 | val_acc=0.9708 val_roc_auc=0.7862 val_loss=0.1149 val_metric_name=roc_auc val_metric=0.7862
Step  650 | loss 0.1163 | val_acc=0.9709 val_roc_auc=0.7872 val_loss=0.1146 val_metric_name=roc_auc val_metric=0.7872
Step  700 | loss 0.1152 | val_acc=0.9711 val_roc_auc=0.7883 val_loss=0.1140 val_metric_name=roc_auc val_metric=0.7883
Step  750 | loss 0.1140 | val_acc=0.9712 val_roc_auc=0.7891 val_loss=0.1136 val_metric_name=roc_auc val_metric=0.7891
Step  800 | loss 0.1138 | val_acc=0.9713 val_roc_auc=0.7898 val_loss=0.1133 val_metric_name=roc_auc val_metric=0.7898
Step  850 | loss 0.1123 | val_acc=0.9717 val_roc_auc=0.7913 val_loss=0.1130 val_metric_name=roc_auc val_metric=0.7913
Step  900 | loss 0.1113 | val_acc=0.9715 val_roc_auc=0.7927 val_loss=0.1131 val_metric_name=roc_auc val_metric=0.7927
Step  950 | loss 0.1094 | val_acc=0.9715 val_roc_auc=0.7927 val_loss=0.1132 val_metric_name=roc_auc val_metric=0.7927
Step 1000 | loss 0.1085 | val_acc=0.9720 val_roc_auc=0.7935 val_loss=0.1130 val_metric_name=roc_auc val_metric=0.7935
Step 1050 | loss 0.1076 | val_acc=0.9718 val_roc_auc=0.7944 val_loss=0.1138 val_metric_name=roc_auc val_metric=0.7944
Step 1100 | loss 0.1060 | val_acc=0.9720 val_roc_auc=0.7953 val_loss=0.1138 val_metric_name=roc_auc val_metric=0.7953
Step 1150 | loss 0.1051 | val_acc=0.9722 val_roc_auc=0.7950 val_loss=0.1144 val_metric_name=roc_auc val_metric=0.7950
Step 1200 | loss 0.1042 | val_acc=0.9719 val_roc_auc=0.7957 val_loss=0.1154 val_metric_name=roc_auc val_metric=0.7957
Step 1250 | loss 0.1030 | val_acc=0.9720 val_roc_auc=0.7951 val_loss=0.1155 val_metric_name=roc_auc val_metric=0.7951
Step 1300 | loss 0.1020 | val_acc=0.9723 val_roc_auc=0.7962 val_loss=0.1157 val_metric_name=roc_auc val_metric=0.7962
Step 1350 | loss 0.1007 | val_acc=0.9715 val_roc_auc=0.7976 val_loss=0.1167 val_metric_name=roc_auc val_metric=0.7976
Step 1400 | loss 0.0994 | val_acc=0.9718 val_roc_auc=0.7968 val_loss=0.1174 val_metric_name=roc_auc val_metric=0.7968
Step 1450 | loss 0.0983 | val_acc=0.9711 val_roc_auc=0.7968 val_loss=0.1183 val_metric_name=roc_auc val_metric=0.7968
Step 1500 | loss 0.0965 | val_acc=0.9705 val_roc_auc=0.7973 val_loss=0.1195 val_metric_name=roc_auc val_metric=0.7973
Step 1550 | loss 0.0959 | val_acc=0.9709 val_roc_auc=0.7959 val_loss=0.1193 val_metric_name=roc_auc val_metric=0.7959
Step 1600 | loss 0.0933 | val_acc=0.9696 val_roc_auc=0.7955 val_loss=0.1221 val_metric_name=roc_auc val_metric=0.7955
Step 1650 | loss 0.0932 | val_acc=0.9706 val_roc_auc=0.7942 val_loss=0.1217 val_metric_name=roc_auc val_metric=0.7942
Early stopping at step 1670

--- Final (best ckpt @ step 1370) ---
  train_acc=0.9758 train_roc_auc=0.9239 train_loss=0.0826 train_metric_name=roc_auc train_metric=0.9239
  val_acc=0.9706 val_roc_auc=0.7984 val_loss=0.1175 val_metric_name=roc_auc val_metric=0.7984
  test_acc=0.9712 test_roc_auc=0.8145 test_loss=0.1126 test_metric_name=roc_auc test_metric=0.8145
  test_roc_auc=0.8145

============================================================
Training TABM-questions GAT 4L h=512 lr=3e-05 split=1
============================================================
Step    1 | loss 0.7271 | val_acc=0.9702 val_roc_auc=0.4809 val_loss=0.1705 val_metric_name=roc_auc val_metric=0.4809
Step   50 | loss 0.1403 | val_acc=0.9702 val_roc_auc=0.7100 val_loss=0.1392 val_metric_name=roc_auc val_metric=0.7100
Step  100 | loss 0.1349 | val_acc=0.9702 val_roc_auc=0.7430 val_loss=0.1267 val_metric_name=roc_auc val_metric=0.7430
Step  150 | loss 0.1327 | val_acc=0.9702 val_roc_auc=0.7469 val_loss=0.1229 val_metric_name=roc_auc val_metric=0.7469
Step  200 | loss 0.1296 | val_acc=0.9705 val_roc_auc=0.7499 val_loss=0.1206 val_metric_name=roc_auc val_metric=0.7499
Step  250 | loss 0.1281 | val_acc=0.9713 val_roc_auc=0.7552 val_loss=0.1193 val_metric_name=roc_auc val_metric=0.7552
Step  300 | loss 0.1261 | val_acc=0.9714 val_roc_auc=0.7612 val_loss=0.1184 val_metric_name=roc_auc val_metric=0.7612
Step  350 | loss 0.1253 | val_acc=0.9714 val_roc_auc=0.7665 val_loss=0.1178 val_metric_name=roc_auc val_metric=0.7665
Step  400 | loss 0.1240 | val_acc=0.9711 val_roc_auc=0.7711 val_loss=0.1172 val_metric_name=roc_auc val_metric=0.7711
Step  450 | loss 0.1220 | val_acc=0.9709 val_roc_auc=0.7750 val_loss=0.1166 val_metric_name=roc_auc val_metric=0.7750
Step  500 | loss 0.1211 | val_acc=0.9711 val_roc_auc=0.7781 val_loss=0.1162 val_metric_name=roc_auc val_metric=0.7781
Step  550 | loss 0.1198 | val_acc=0.9710 val_roc_auc=0.7812 val_loss=0.1155 val_metric_name=roc_auc val_metric=0.7812
Step  600 | loss 0.1189 | val_acc=0.9710 val_roc_auc=0.7835 val_loss=0.1150 val_metric_name=roc_auc val_metric=0.7835
Step  650 | loss 0.1176 | val_acc=0.9710 val_roc_auc=0.7848 val_loss=0.1144 val_metric_name=roc_auc val_metric=0.7848
Step  700 | loss 0.1164 | val_acc=0.9709 val_roc_auc=0.7861 val_loss=0.1143 val_metric_name=roc_auc val_metric=0.7861
Step  750 | loss 0.1154 | val_acc=0.9711 val_roc_auc=0.7872 val_loss=0.1139 val_metric_name=roc_auc val_metric=0.7872
Step  800 | loss 0.1151 | val_acc=0.9714 val_roc_auc=0.7884 val_loss=0.1138 val_metric_name=roc_auc val_metric=0.7884
Step  850 | loss 0.1137 | val_acc=0.9712 val_roc_auc=0.7898 val_loss=0.1141 val_metric_name=roc_auc val_metric=0.7898
Step  900 | loss 0.1129 | val_acc=0.9715 val_roc_auc=0.7903 val_loss=0.1137 val_metric_name=roc_auc val_metric=0.7903
Step  950 | loss 0.1122 | val_acc=0.9716 val_roc_auc=0.7916 val_loss=0.1141 val_metric_name=roc_auc val_metric=0.7916
Step 1000 | loss 0.1113 | val_acc=0.9717 val_roc_auc=0.7921 val_loss=0.1141 val_metric_name=roc_auc val_metric=0.7921
Step 1050 | loss 0.1095 | val_acc=0.9715 val_roc_auc=0.7936 val_loss=0.1149 val_metric_name=roc_auc val_metric=0.7936
Step 1100 | loss 0.1088 | val_acc=0.9710 val_roc_auc=0.7937 val_loss=0.1152 val_metric_name=roc_auc val_metric=0.7937
Step 1150 | loss 0.1083 | val_acc=0.9711 val_roc_auc=0.7947 val_loss=0.1165 val_metric_name=roc_auc val_metric=0.7947
Step 1200 | loss 0.1076 | val_acc=0.9709 val_roc_auc=0.7954 val_loss=0.1166 val_metric_name=roc_auc val_metric=0.7954
Step 1250 | loss 0.1056 | val_acc=0.9714 val_roc_auc=0.7953 val_loss=0.1150 val_metric_name=roc_auc val_metric=0.7953
Step 1300 | loss 0.1050 | val_acc=0.9711 val_roc_auc=0.7959 val_loss=0.1167 val_metric_name=roc_auc val_metric=0.7959
Step 1350 | loss 0.1049 | val_acc=0.9707 val_roc_auc=0.7965 val_loss=0.1167 val_metric_name=roc_auc val_metric=0.7965
Step 1400 | loss 0.1034 | val_acc=0.9696 val_roc_auc=0.7968 val_loss=0.1197 val_metric_name=roc_auc val_metric=0.7968
Step 1450 | loss 0.1021 | val_acc=0.9695 val_roc_auc=0.7966 val_loss=0.1192 val_metric_name=roc_auc val_metric=0.7966
Step 1500 | loss 0.1013 | val_acc=0.9699 val_roc_auc=0.7970 val_loss=0.1187 val_metric_name=roc_auc val_metric=0.7970
Step 1550 | loss 0.1004 | val_acc=0.9699 val_roc_auc=0.7976 val_loss=0.1200 val_metric_name=roc_auc val_metric=0.7976
Step 1600 | loss 0.0994 | val_acc=0.9702 val_roc_auc=0.7981 val_loss=0.1192 val_metric_name=roc_auc val_metric=0.7981
Step 1650 | loss 0.0982 | val_acc=0.9706 val_roc_auc=0.7974 val_loss=0.1182 val_metric_name=roc_auc val_metric=0.7974
Step 1700 | loss 0.0975 | val_acc=0.9711 val_roc_auc=0.7971 val_loss=0.1176 val_metric_name=roc_auc val_metric=0.7971
Step 1750 | loss 0.0954 | val_acc=0.9701 val_roc_auc=0.7987 val_loss=0.1201 val_metric_name=roc_auc val_metric=0.7987
Step 1800 | loss 0.0947 | val_acc=0.9708 val_roc_auc=0.7989 val_loss=0.1184 val_metric_name=roc_auc val_metric=0.7989
Step 1850 | loss 0.0926 | val_acc=0.9702 val_roc_auc=0.7975 val_loss=0.1196 val_metric_name=roc_auc val_metric=0.7975
Step 1900 | loss 0.0922 | val_acc=0.9708 val_roc_auc=0.7961 val_loss=0.1193 val_metric_name=roc_auc val_metric=0.7961
Step 1950 | loss 0.0899 | val_acc=0.9708 val_roc_auc=0.7970 val_loss=0.1193 val_metric_name=roc_auc val_metric=0.7970
Step 2000 | loss 0.0890 | val_acc=0.9706 val_roc_auc=0.7982 val_loss=0.1198 val_metric_name=roc_auc val_metric=0.7982
Step 2050 | loss 0.0876 | val_acc=0.9704 val_roc_auc=0.7966 val_loss=0.1209 val_metric_name=roc_auc val_metric=0.7966
Step 2100 | loss 0.0867 | val_acc=0.9700 val_roc_auc=0.7956 val_loss=0.1225 val_metric_name=roc_auc val_metric=0.7956
Early stopping at step 2116

--- Final (best ckpt @ step 1770) ---
  train_acc=0.9771 train_roc_auc=0.9468 train_loss=0.0768 train_metric_name=roc_auc train_metric=0.9468
  val_acc=0.9697 val_roc_auc=0.7993 val_loss=0.1211 val_metric_name=roc_auc val_metric=0.7993
  test_acc=0.9702 test_roc_auc=0.8100 test_loss=0.1163 test_metric_name=roc_auc test_metric=0.8100
  test_roc_auc=0.8100

============================================================
Training TABM-questions GAT 5L h=512 lr=3e-05 split=1
============================================================
Step    1 | loss 1.1940 | val_acc=0.9702 val_roc_auc=0.4389 val_loss=0.2540 val_metric_name=roc_auc val_metric=0.4389
Step   50 | loss 0.1435 | val_acc=0.9702 val_roc_auc=0.6606 val_loss=0.1431 val_metric_name=roc_auc val_metric=0.6606
Step  100 | loss 0.1369 | val_acc=0.9702 val_roc_auc=0.7195 val_loss=0.1305 val_metric_name=roc_auc val_metric=0.7195
Step  150 | loss 0.1339 | val_acc=0.9702 val_roc_auc=0.7339 val_loss=0.1261 val_metric_name=roc_auc val_metric=0.7339
Step  200 | loss 0.1318 | val_acc=0.9702 val_roc_auc=0.7361 val_loss=0.1235 val_metric_name=roc_auc val_metric=0.7361
Step  250 | loss 0.1296 | val_acc=0.9703 val_roc_auc=0.7373 val_loss=0.1218 val_metric_name=roc_auc val_metric=0.7373
Step  300 | loss 0.1280 | val_acc=0.9711 val_roc_auc=0.7416 val_loss=0.1206 val_metric_name=roc_auc val_metric=0.7416
Step  350 | loss 0.1268 | val_acc=0.9711 val_roc_auc=0.7475 val_loss=0.1198 val_metric_name=roc_auc val_metric=0.7475
Step  400 | loss 0.1261 | val_acc=0.9712 val_roc_auc=0.7533 val_loss=0.1192 val_metric_name=roc_auc val_metric=0.7533
Step  450 | loss 0.1248 | val_acc=0.9712 val_roc_auc=0.7584 val_loss=0.1187 val_metric_name=roc_auc val_metric=0.7584
Step  500 | loss 0.1237 | val_acc=0.9711 val_roc_auc=0.7629 val_loss=0.1183 val_metric_name=roc_auc val_metric=0.7629
Step  550 | loss 0.1230 | val_acc=0.9711 val_roc_auc=0.7673 val_loss=0.1178 val_metric_name=roc_auc val_metric=0.7673
Step  600 | loss 0.1214 | val_acc=0.9710 val_roc_auc=0.7710 val_loss=0.1173 val_metric_name=roc_auc val_metric=0.7710
Step  650 | loss 0.1210 | val_acc=0.9711 val_roc_auc=0.7742 val_loss=0.1170 val_metric_name=roc_auc val_metric=0.7742
Step  700 | loss 0.1201 | val_acc=0.9711 val_roc_auc=0.7771 val_loss=0.1163 val_metric_name=roc_auc val_metric=0.7771
Step  750 | loss 0.1195 | val_acc=0.9711 val_roc_auc=0.7797 val_loss=0.1159 val_metric_name=roc_auc val_metric=0.7797
Step  800 | loss 0.1180 | val_acc=0.9708 val_roc_auc=0.7812 val_loss=0.1156 val_metric_name=roc_auc val_metric=0.7812
Step  850 | loss 0.1172 | val_acc=0.9707 val_roc_auc=0.7827 val_loss=0.1155 val_metric_name=roc_auc val_metric=0.7827
Step  900 | loss 0.1168 | val_acc=0.9708 val_roc_auc=0.7841 val_loss=0.1155 val_metric_name=roc_auc val_metric=0.7841
Step  950 | loss 0.1156 | val_acc=0.9708 val_roc_auc=0.7850 val_loss=0.1153 val_metric_name=roc_auc val_metric=0.7850
Step 1000 | loss 0.1159 | val_acc=0.9709 val_roc_auc=0.7862 val_loss=0.1151 val_metric_name=roc_auc val_metric=0.7862
Step 1050 | loss 0.1147 | val_acc=0.9711 val_roc_auc=0.7874 val_loss=0.1155 val_metric_name=roc_auc val_metric=0.7874
Step 1100 | loss 0.1130 | val_acc=0.9715 val_roc_auc=0.7888 val_loss=0.1149 val_metric_name=roc_auc val_metric=0.7888
Step 1150 | loss 0.1124 | val_acc=0.9712 val_roc_auc=0.7900 val_loss=0.1153 val_metric_name=roc_auc val_metric=0.7900
Step 1200 | loss 0.1123 | val_acc=0.9707 val_roc_auc=0.7909 val_loss=0.1173 val_metric_name=roc_auc val_metric=0.7909
Step 1250 | loss 0.1112 | val_acc=0.9708 val_roc_auc=0.7914 val_loss=0.1167 val_metric_name=roc_auc val_metric=0.7914
Step 1300 | loss 0.1101 | val_acc=0.9710 val_roc_auc=0.7923 val_loss=0.1164 val_metric_name=roc_auc val_metric=0.7923
Step 1350 | loss 0.1097 | val_acc=0.9711 val_roc_auc=0.7931 val_loss=0.1171 val_metric_name=roc_auc val_metric=0.7931
Step 1400 | loss 0.1089 | val_acc=0.9711 val_roc_auc=0.7938 val_loss=0.1171 val_metric_name=roc_auc val_metric=0.7938
Step 1450 | loss 0.1082 | val_acc=0.9711 val_roc_auc=0.7951 val_loss=0.1193 val_metric_name=roc_auc val_metric=0.7951
Step 1500 | loss 0.1068 | val_acc=0.9709 val_roc_auc=0.7959 val_loss=0.1186 val_metric_name=roc_auc val_metric=0.7959
Step 1550 | loss 0.1063 | val_acc=0.9707 val_roc_auc=0.7961 val_loss=0.1190 val_metric_name=roc_auc val_metric=0.7961
Step 1600 | loss 0.1053 | val_acc=0.9711 val_roc_auc=0.7961 val_loss=0.1181 val_metric_name=roc_auc val_metric=0.7961
Step 1650 | loss 0.1049 | val_acc=0.9697 val_roc_auc=0.7976 val_loss=0.1205 val_metric_name=roc_auc val_metric=0.7976
Step 1700 | loss 0.1035 | val_acc=0.9693 val_roc_auc=0.7973 val_loss=0.1220 val_metric_name=roc_auc val_metric=0.7973
Step 1750 | loss 0.1028 | val_acc=0.9694 val_roc_auc=0.7979 val_loss=0.1222 val_metric_name=roc_auc val_metric=0.7979
Step 1800 | loss 0.1024 | val_acc=0.9702 val_roc_auc=0.7983 val_loss=0.1186 val_metric_name=roc_auc val_metric=0.7983
Step 1850 | loss 0.1002 | val_acc=0.9705 val_roc_auc=0.7986 val_loss=0.1182 val_metric_name=roc_auc val_metric=0.7986
Step 1900 | loss 0.0998 | val_acc=0.9704 val_roc_auc=0.7982 val_loss=0.1183 val_metric_name=roc_auc val_metric=0.7982
Step 1950 | loss 0.0991 | val_acc=0.9693 val_roc_auc=0.7982 val_loss=0.1218 val_metric_name=roc_auc val_metric=0.7982
Step 2000 | loss 0.0982 | val_acc=0.9706 val_roc_auc=0.7972 val_loss=0.1182 val_metric_name=roc_auc val_metric=0.7972
Step 2050 | loss 0.0963 | val_acc=0.9706 val_roc_auc=0.7990 val_loss=0.1190 val_metric_name=roc_auc val_metric=0.7990
Step 2100 | loss 0.0956 | val_acc=0.9693 val_roc_auc=0.7983 val_loss=0.1222 val_metric_name=roc_auc val_metric=0.7983
Step 2150 | loss 0.0955 | val_acc=0.9699 val_roc_auc=0.7977 val_loss=0.1197 val_metric_name=roc_auc val_metric=0.7977
Step 2200 | loss 0.0936 | val_acc=0.9701 val_roc_auc=0.7975 val_loss=0.1213 val_metric_name=roc_auc val_metric=0.7975
Step 2250 | loss 0.0932 | val_acc=0.9705 val_roc_auc=0.7966 val_loss=0.1196 val_metric_name=roc_auc val_metric=0.7966
Step 2300 | loss 0.0907 | val_acc=0.9699 val_roc_auc=0.7969 val_loss=0.1213 val_metric_name=roc_auc val_metric=0.7969
Step 2350 | loss 0.0900 | val_acc=0.9698 val_roc_auc=0.7952 val_loss=0.1211 val_metric_name=roc_auc val_metric=0.7952
Step 2400 | loss 0.0882 | val_acc=0.9692 val_roc_auc=0.7956 val_loss=0.1230 val_metric_name=roc_auc val_metric=0.7956
Early stopping at step 2422

--- Final (best ckpt @ step 2030) ---
  train_acc=0.9756 train_roc_auc=0.9340 train_loss=0.0818 train_metric_name=roc_auc train_metric=0.9340
  val_acc=0.9692 val_roc_auc=0.7992 val_loss=0.1212 val_metric_name=roc_auc val_metric=0.7992
  test_acc=0.9702 test_roc_auc=0.8088 test_loss=0.1169 test_metric_name=roc_auc test_metric=0.8088
  test_roc_auc=0.8088
  >> num_layers=1 hidden_dim=512 lr=3e-05 best_step=1500 val_roc_auc=0.7703 test_roc_auc=0.7795
     val_acc=0.9719 val_loss=0.1150 val_metric=0.7703 val_metric_name=roc_auc val_roc_auc=0.7703
     test_acc=0.9715 test_loss=0.1148 test_metric=0.7795 test_metric_name=roc_auc test_roc_auc=0.7795
  >> num_layers=2 hidden_dim=512 lr=3e-05 best_step=1690 val_roc_auc=0.7938 test_roc_auc=0.8060
     val_acc=0.9672 val_loss=0.1261 val_metric=0.7938 val_metric_name=roc_auc val_roc_auc=0.7938
     test_acc=0.9676 test_loss=0.1196 test_metric=0.8060 test_metric_name=roc_auc test_roc_auc=0.8060
  >> num_layers=3 hidden_dim=512 lr=3e-05 best_step=1370 val_roc_auc=0.7984 test_roc_auc=0.8145
     val_acc=0.9706 val_loss=0.1175 val_metric=0.7984 val_metric_name=roc_auc val_roc_auc=0.7984
     test_acc=0.9712 test_loss=0.1126 test_metric=0.8145 test_metric_name=roc_auc test_roc_auc=0.8145
  >> num_layers=4 hidden_dim=512 lr=3e-05 best_step=1770 val_roc_auc=0.7993 test_roc_auc=0.8100
     val_acc=0.9697 val_loss=0.1211 val_metric=0.7993 val_metric_name=roc_auc val_roc_auc=0.7993
     test_acc=0.9702 test_loss=0.1163 test_metric=0.8100 test_metric_name=roc_auc test_roc_auc=0.8100
  >> num_layers=5 hidden_dim=512 lr=3e-05 best_step=2030 val_roc_auc=0.7992 test_roc_auc=0.8088
     val_acc=0.9692 val_loss=0.1212 val_metric=0.7992 val_metric_name=roc_auc val_roc_auc=0.7992
     test_acc=0.9702 test_loss=0.1169 test_metric=0.8088 test_metric_name=roc_auc test_roc_auc=0.8088
  >> selected best (by val): num_layers=4 hidden_dim=512 lr=3e-05 best_step=1770 val_roc_auc=0.7993 test_roc_auc=0.8100
     val_acc=0.9697 val_loss=0.1211 val_metric=0.7993 val_metric_name=roc_auc val_roc_auc=0.7993
     test_acc=0.9702 test_loss=0.1163 test_metric=0.8100 test_metric_name=roc_auc test_roc_auc=0.8100

Done. Results saved to /home/avshmelev/diploma_yandex_graphs/results/questions/tabm.csv, checkpoints in /home/avshmelev/diploma_yandex_graphs/all_checkpoints/questions/tabm/
