Loading data...

============================================================
Training TABM-questions GAT 1L h=512 lr=3e-05 split=5
============================================================
Step    1 | loss 1.3154 | val_acc=0.2911 val_roc_auc=0.4581 val_loss=0.8546 val_metric_name=roc_auc val_metric=0.4581
Step   50 | loss 0.1575 | val_acc=0.9702 val_roc_auc=0.5158 val_loss=0.1731 val_metric_name=roc_auc val_metric=0.5158
Step  100 | loss 0.1419 | val_acc=0.9702 val_roc_auc=0.6908 val_loss=0.1383 val_metric_name=roc_auc val_metric=0.6908
Step  150 | loss 0.1356 | val_acc=0.9702 val_roc_auc=0.7116 val_loss=0.1321 val_metric_name=roc_auc val_metric=0.7116
Step  200 | loss 0.1345 | val_acc=0.9702 val_roc_auc=0.7184 val_loss=0.1293 val_metric_name=roc_auc val_metric=0.7184
Step  250 | loss 0.1329 | val_acc=0.9702 val_roc_auc=0.7225 val_loss=0.1274 val_metric_name=roc_auc val_metric=0.7225
Step  300 | loss 0.1314 | val_acc=0.9702 val_roc_auc=0.7254 val_loss=0.1261 val_metric_name=roc_auc val_metric=0.7254
Step  350 | loss 0.1299 | val_acc=0.9702 val_roc_auc=0.7280 val_loss=0.1251 val_metric_name=roc_auc val_metric=0.7280
Step  400 | loss 0.1285 | val_acc=0.9702 val_roc_auc=0.7304 val_loss=0.1242 val_metric_name=roc_auc val_metric=0.7304
Step  450 | loss 0.1269 | val_acc=0.9702 val_roc_auc=0.7326 val_loss=0.1235 val_metric_name=roc_auc val_metric=0.7326
Step  500 | loss 0.1256 | val_acc=0.9704 val_roc_auc=0.7345 val_loss=0.1230 val_metric_name=roc_auc val_metric=0.7345
Step  550 | loss 0.1247 | val_acc=0.9710 val_roc_auc=0.7362 val_loss=0.1226 val_metric_name=roc_auc val_metric=0.7362
Step  600 | loss 0.1235 | val_acc=0.9711 val_roc_auc=0.7378 val_loss=0.1222 val_metric_name=roc_auc val_metric=0.7378
Step  650 | loss 0.1227 | val_acc=0.9712 val_roc_auc=0.7390 val_loss=0.1220 val_metric_name=roc_auc val_metric=0.7390
Step  700 | loss 0.1223 | val_acc=0.9712 val_roc_auc=0.7402 val_loss=0.1217 val_metric_name=roc_auc val_metric=0.7402
Step  750 | loss 0.1217 | val_acc=0.9710 val_roc_auc=0.7412 val_loss=0.1214 val_metric_name=roc_auc val_metric=0.7412
Step  800 | loss 0.1207 | val_acc=0.9708 val_roc_auc=0.7421 val_loss=0.1213 val_metric_name=roc_auc val_metric=0.7421
Step  850 | loss 0.1194 | val_acc=0.9706 val_roc_auc=0.7429 val_loss=0.1212 val_metric_name=roc_auc val_metric=0.7429
Step  900 | loss 0.1192 | val_acc=0.9706 val_roc_auc=0.7438 val_loss=0.1211 val_metric_name=roc_auc val_metric=0.7438
Step  950 | loss 0.1187 | val_acc=0.9707 val_roc_auc=0.7445 val_loss=0.1210 val_metric_name=roc_auc val_metric=0.7445
Step 1000 | loss 0.1173 | val_acc=0.9705 val_roc_auc=0.7455 val_loss=0.1210 val_metric_name=roc_auc val_metric=0.7455
Step 1050 | loss 0.1167 | val_acc=0.9706 val_roc_auc=0.7461 val_loss=0.1210 val_metric_name=roc_auc val_metric=0.7461
Step 1100 | loss 0.1164 | val_acc=0.9707 val_roc_auc=0.7469 val_loss=0.1211 val_metric_name=roc_auc val_metric=0.7469
Step 1150 | loss 0.1145 | val_acc=0.9706 val_roc_auc=0.7478 val_loss=0.1211 val_metric_name=roc_auc val_metric=0.7478
Step 1200 | loss 0.1139 | val_acc=0.9705 val_roc_auc=0.7483 val_loss=0.1211 val_metric_name=roc_auc val_metric=0.7483
Step 1250 | loss 0.1136 | val_acc=0.9704 val_roc_auc=0.7492 val_loss=0.1212 val_metric_name=roc_auc val_metric=0.7492
Step 1300 | loss 0.1120 | val_acc=0.9706 val_roc_auc=0.7499 val_loss=0.1213 val_metric_name=roc_auc val_metric=0.7499
Step 1350 | loss 0.1119 | val_acc=0.9704 val_roc_auc=0.7505 val_loss=0.1214 val_metric_name=roc_auc val_metric=0.7505
Step 1400 | loss 0.1114 | val_acc=0.9706 val_roc_auc=0.7512 val_loss=0.1214 val_metric_name=roc_auc val_metric=0.7512
Step 1450 | loss 0.1108 | val_acc=0.9703 val_roc_auc=0.7515 val_loss=0.1217 val_metric_name=roc_auc val_metric=0.7515
Step 1500 | loss 0.1088 | val_acc=0.9701 val_roc_auc=0.7519 val_loss=0.1218 val_metric_name=roc_auc val_metric=0.7519
Step 1550 | loss 0.1093 | val_acc=0.9702 val_roc_auc=0.7523 val_loss=0.1219 val_metric_name=roc_auc val_metric=0.7523
Step 1600 | loss 0.1087 | val_acc=0.9700 val_roc_auc=0.7526 val_loss=0.1222 val_metric_name=roc_auc val_metric=0.7526
Step 1650 | loss 0.1071 | val_acc=0.9700 val_roc_auc=0.7525 val_loss=0.1224 val_metric_name=roc_auc val_metric=0.7525
Step 1700 | loss 0.1062 | val_acc=0.9697 val_roc_auc=0.7528 val_loss=0.1227 val_metric_name=roc_auc val_metric=0.7528
Step 1750 | loss 0.1051 | val_acc=0.9697 val_roc_auc=0.7526 val_loss=0.1229 val_metric_name=roc_auc val_metric=0.7526
Step 1800 | loss 0.1042 | val_acc=0.9695 val_roc_auc=0.7523 val_loss=0.1235 val_metric_name=roc_auc val_metric=0.7523
Step 1850 | loss 0.1038 | val_acc=0.9697 val_roc_auc=0.7519 val_loss=0.1237 val_metric_name=roc_auc val_metric=0.7519
Step 1900 | loss 0.1020 | val_acc=0.9688 val_roc_auc=0.7510 val_loss=0.1244 val_metric_name=roc_auc val_metric=0.7510
Step 1950 | loss 0.0998 | val_acc=0.9689 val_roc_auc=0.7508 val_loss=0.1248 val_metric_name=roc_auc val_metric=0.7508
Step 2000 | loss 0.1006 | val_acc=0.9689 val_roc_auc=0.7501 val_loss=0.1254 val_metric_name=roc_auc val_metric=0.7501
Step 2050 | loss 0.0987 | val_acc=0.9689 val_roc_auc=0.7492 val_loss=0.1260 val_metric_name=roc_auc val_metric=0.7492
Early stopping at step 2064

--- Final (best ckpt @ step 1760) ---
  train_acc=0.9736 train_roc_auc=0.8996 train_loss=0.0900 train_metric_name=roc_auc train_metric=0.8996
  val_acc=0.9697 val_roc_auc=0.7529 val_loss=0.1230 val_metric_name=roc_auc val_metric=0.7529
  test_acc=0.9710 test_roc_auc=0.7665 test_loss=0.1200 test_metric_name=roc_auc test_metric=0.7665
  test_roc_auc=0.7665

============================================================
Training TABM-questions GAT 2L h=512 lr=3e-05 split=5
============================================================
Step    1 | loss 0.8607 | val_acc=0.9687 val_roc_auc=0.5170 val_loss=0.2681 val_metric_name=roc_auc val_metric=0.5170
Step   50 | loss 0.1432 | val_acc=0.9702 val_roc_auc=0.6785 val_loss=0.1386 val_metric_name=roc_auc val_metric=0.6785
Step  100 | loss 0.1355 | val_acc=0.9702 val_roc_auc=0.7255 val_loss=0.1295 val_metric_name=roc_auc val_metric=0.7255
Step  150 | loss 0.1320 | val_acc=0.9702 val_roc_auc=0.7347 val_loss=0.1255 val_metric_name=roc_auc val_metric=0.7347
Step  200 | loss 0.1296 | val_acc=0.9701 val_roc_auc=0.7391 val_loss=0.1234 val_metric_name=roc_auc val_metric=0.7391
Step  250 | loss 0.1279 | val_acc=0.9706 val_roc_auc=0.7432 val_loss=0.1224 val_metric_name=roc_auc val_metric=0.7432
Step  300 | loss 0.1253 | val_acc=0.9710 val_roc_auc=0.7481 val_loss=0.1216 val_metric_name=roc_auc val_metric=0.7481
Step  350 | loss 0.1237 | val_acc=0.9706 val_roc_auc=0.7521 val_loss=0.1213 val_metric_name=roc_auc val_metric=0.7521
Step  400 | loss 0.1228 | val_acc=0.9707 val_roc_auc=0.7561 val_loss=0.1209 val_metric_name=roc_auc val_metric=0.7561
Step  450 | loss 0.1209 | val_acc=0.9704 val_roc_auc=0.7592 val_loss=0.1209 val_metric_name=roc_auc val_metric=0.7592
Step  500 | loss 0.1198 | val_acc=0.9701 val_roc_auc=0.7619 val_loss=0.1209 val_metric_name=roc_auc val_metric=0.7619
Step  550 | loss 0.1187 | val_acc=0.9699 val_roc_auc=0.7644 val_loss=0.1211 val_metric_name=roc_auc val_metric=0.7644
Step  600 | loss 0.1176 | val_acc=0.9697 val_roc_auc=0.7661 val_loss=0.1212 val_metric_name=roc_auc val_metric=0.7661
Step  650 | loss 0.1167 | val_acc=0.9695 val_roc_auc=0.7674 val_loss=0.1217 val_metric_name=roc_auc val_metric=0.7674
Step  700 | loss 0.1156 | val_acc=0.9691 val_roc_auc=0.7683 val_loss=0.1225 val_metric_name=roc_auc val_metric=0.7683
Step  750 | loss 0.1150 | val_acc=0.9691 val_roc_auc=0.7690 val_loss=0.1232 val_metric_name=roc_auc val_metric=0.7690
Step  800 | loss 0.1137 | val_acc=0.9687 val_roc_auc=0.7697 val_loss=0.1241 val_metric_name=roc_auc val_metric=0.7697
Step  850 | loss 0.1119 | val_acc=0.9681 val_roc_auc=0.7704 val_loss=0.1252 val_metric_name=roc_auc val_metric=0.7704
Step  900 | loss 0.1118 | val_acc=0.9676 val_roc_auc=0.7710 val_loss=0.1260 val_metric_name=roc_auc val_metric=0.7710
Step  950 | loss 0.1109 | val_acc=0.9679 val_roc_auc=0.7720 val_loss=0.1263 val_metric_name=roc_auc val_metric=0.7720
Step 1000 | loss 0.1094 | val_acc=0.9677 val_roc_auc=0.7730 val_loss=0.1273 val_metric_name=roc_auc val_metric=0.7730
Step 1050 | loss 0.1087 | val_acc=0.9675 val_roc_auc=0.7741 val_loss=0.1277 val_metric_name=roc_auc val_metric=0.7741
Step 1100 | loss 0.1076 | val_acc=0.9668 val_roc_auc=0.7750 val_loss=0.1289 val_metric_name=roc_auc val_metric=0.7750
Step 1150 | loss 0.1063 | val_acc=0.9670 val_roc_auc=0.7758 val_loss=0.1293 val_metric_name=roc_auc val_metric=0.7758
Step 1200 | loss 0.1060 | val_acc=0.9671 val_roc_auc=0.7763 val_loss=0.1287 val_metric_name=roc_auc val_metric=0.7763
Step 1250 | loss 0.1056 | val_acc=0.9666 val_roc_auc=0.7771 val_loss=0.1292 val_metric_name=roc_auc val_metric=0.7771
Step 1300 | loss 0.1042 | val_acc=0.9663 val_roc_auc=0.7775 val_loss=0.1298 val_metric_name=roc_auc val_metric=0.7775
Step 1350 | loss 0.1039 | val_acc=0.9656 val_roc_auc=0.7777 val_loss=0.1311 val_metric_name=roc_auc val_metric=0.7777
Step 1400 | loss 0.1022 | val_acc=0.9659 val_roc_auc=0.7781 val_loss=0.1306 val_metric_name=roc_auc val_metric=0.7781
Step 1450 | loss 0.1014 | val_acc=0.9660 val_roc_auc=0.7782 val_loss=0.1310 val_metric_name=roc_auc val_metric=0.7782
Step 1500 | loss 0.1002 | val_acc=0.9657 val_roc_auc=0.7777 val_loss=0.1320 val_metric_name=roc_auc val_metric=0.7777
Step 1550 | loss 0.0994 | val_acc=0.9650 val_roc_auc=0.7772 val_loss=0.1333 val_metric_name=roc_auc val_metric=0.7772
Step 1600 | loss 0.0984 | val_acc=0.9643 val_roc_auc=0.7776 val_loss=0.1349 val_metric_name=roc_auc val_metric=0.7776
Step 1650 | loss 0.0975 | val_acc=0.9656 val_roc_auc=0.7774 val_loss=0.1330 val_metric_name=roc_auc val_metric=0.7774
Step 1700 | loss 0.0970 | val_acc=0.9652 val_roc_auc=0.7768 val_loss=0.1336 val_metric_name=roc_auc val_metric=0.7768
Early stopping at step 1719

--- Final (best ckpt @ step 1410) ---
  train_acc=0.9725 train_roc_auc=0.8886 train_loss=0.0959 train_metric_name=roc_auc train_metric=0.8886
  val_acc=0.9661 val_roc_auc=0.7783 val_loss=0.1304 val_metric_name=roc_auc val_metric=0.7783
  test_acc=0.9676 test_roc_auc=0.7929 test_loss=0.1240 test_metric_name=roc_auc test_metric=0.7929
  test_roc_auc=0.7929

============================================================
Training TABM-questions GAT 3L h=512 lr=3e-05 split=5
============================================================
Step    1 | loss 0.9013 | val_acc=0.9702 val_roc_auc=0.4680 val_loss=0.1913 val_metric_name=roc_auc val_metric=0.4680
Step   50 | loss 0.1441 | val_acc=0.9702 val_roc_auc=0.6957 val_loss=0.1463 val_metric_name=roc_auc val_metric=0.6957
Step  100 | loss 0.1367 | val_acc=0.9702 val_roc_auc=0.7244 val_loss=0.1284 val_metric_name=roc_auc val_metric=0.7244
Step  150 | loss 0.1329 | val_acc=0.9702 val_roc_auc=0.7327 val_loss=0.1247 val_metric_name=roc_auc val_metric=0.7327
Step  200 | loss 0.1300 | val_acc=0.9702 val_roc_auc=0.7363 val_loss=0.1229 val_metric_name=roc_auc val_metric=0.7363
Step  250 | loss 0.1278 | val_acc=0.9706 val_roc_auc=0.7398 val_loss=0.1220 val_metric_name=roc_auc val_metric=0.7398
Step  300 | loss 0.1259 | val_acc=0.9707 val_roc_auc=0.7441 val_loss=0.1214 val_metric_name=roc_auc val_metric=0.7441
Step  350 | loss 0.1234 | val_acc=0.9708 val_roc_auc=0.7483 val_loss=0.1210 val_metric_name=roc_auc val_metric=0.7483
Step  400 | loss 0.1227 | val_acc=0.9708 val_roc_auc=0.7529 val_loss=0.1206 val_metric_name=roc_auc val_metric=0.7529
Step  450 | loss 0.1212 | val_acc=0.9704 val_roc_auc=0.7568 val_loss=0.1205 val_metric_name=roc_auc val_metric=0.7568
Step  500 | loss 0.1198 | val_acc=0.9702 val_roc_auc=0.7602 val_loss=0.1203 val_metric_name=roc_auc val_metric=0.7602
Step  550 | loss 0.1191 | val_acc=0.9702 val_roc_auc=0.7633 val_loss=0.1200 val_metric_name=roc_auc val_metric=0.7633
Step  600 | loss 0.1172 | val_acc=0.9701 val_roc_auc=0.7659 val_loss=0.1198 val_metric_name=roc_auc val_metric=0.7659
Step  650 | loss 0.1165 | val_acc=0.9697 val_roc_auc=0.7683 val_loss=0.1196 val_metric_name=roc_auc val_metric=0.7683
Step  700 | loss 0.1158 | val_acc=0.9694 val_roc_auc=0.7701 val_loss=0.1195 val_metric_name=roc_auc val_metric=0.7701
Step  750 | loss 0.1141 | val_acc=0.9695 val_roc_auc=0.7717 val_loss=0.1194 val_metric_name=roc_auc val_metric=0.7717
Step  800 | loss 0.1125 | val_acc=0.9699 val_roc_auc=0.7728 val_loss=0.1192 val_metric_name=roc_auc val_metric=0.7728
Step  850 | loss 0.1120 | val_acc=0.9702 val_roc_auc=0.7735 val_loss=0.1190 val_metric_name=roc_auc val_metric=0.7735
Step  900 | loss 0.1105 | val_acc=0.9702 val_roc_auc=0.7742 val_loss=0.1189 val_metric_name=roc_auc val_metric=0.7742
Step  950 | loss 0.1099 | val_acc=0.9703 val_roc_auc=0.7748 val_loss=0.1187 val_metric_name=roc_auc val_metric=0.7748
Step 1000 | loss 0.1087 | val_acc=0.9706 val_roc_auc=0.7752 val_loss=0.1183 val_metric_name=roc_auc val_metric=0.7752
Step 1050 | loss 0.1078 | val_acc=0.9702 val_roc_auc=0.7757 val_loss=0.1184 val_metric_name=roc_auc val_metric=0.7757
Step 1100 | loss 0.1068 | val_acc=0.9713 val_roc_auc=0.7760 val_loss=0.1178 val_metric_name=roc_auc val_metric=0.7760
Step 1150 | loss 0.1056 | val_acc=0.9711 val_roc_auc=0.7766 val_loss=0.1183 val_metric_name=roc_auc val_metric=0.7766
Step 1200 | loss 0.1045 | val_acc=0.9711 val_roc_auc=0.7767 val_loss=0.1183 val_metric_name=roc_auc val_metric=0.7767
Step 1250 | loss 0.1040 | val_acc=0.9714 val_roc_auc=0.7765 val_loss=0.1179 val_metric_name=roc_auc val_metric=0.7765
Step 1300 | loss 0.1032 | val_acc=0.9711 val_roc_auc=0.7765 val_loss=0.1183 val_metric_name=roc_auc val_metric=0.7765
Step 1350 | loss 0.1024 | val_acc=0.9709 val_roc_auc=0.7762 val_loss=0.1188 val_metric_name=roc_auc val_metric=0.7762
Step 1400 | loss 0.1010 | val_acc=0.9709 val_roc_auc=0.7754 val_loss=0.1187 val_metric_name=roc_auc val_metric=0.7754
Step 1450 | loss 0.1007 | val_acc=0.9710 val_roc_auc=0.7753 val_loss=0.1187 val_metric_name=roc_auc val_metric=0.7753
Step 1500 | loss 0.0997 | val_acc=0.9709 val_roc_auc=0.7740 val_loss=0.1191 val_metric_name=roc_auc val_metric=0.7740
Early stopping at step 1527

--- Final (best ckpt @ step 1220) ---
  train_acc=0.9744 train_roc_auc=0.8755 train_loss=0.0946 train_metric_name=roc_auc train_metric=0.8755
  val_acc=0.9715 val_roc_auc=0.7770 val_loss=0.1175 val_metric_name=roc_auc val_metric=0.7770
  test_acc=0.9720 test_roc_auc=0.7949 test_loss=0.1138 test_metric_name=roc_auc test_metric=0.7949
  test_roc_auc=0.7949

============================================================
Training TABM-questions GAT 4L h=512 lr=3e-05 split=5
============================================================
Step    1 | loss 1.1260 | val_acc=0.9693 val_roc_auc=0.4114 val_loss=0.2208 val_metric_name=roc_auc val_metric=0.4114
Step   50 | loss 0.1429 | val_acc=0.9702 val_roc_auc=0.6884 val_loss=0.1426 val_metric_name=roc_auc val_metric=0.6884
Step  100 | loss 0.1358 | val_acc=0.9702 val_roc_auc=0.7216 val_loss=0.1285 val_metric_name=roc_auc val_metric=0.7216
Step  150 | loss 0.1327 | val_acc=0.9702 val_roc_auc=0.7296 val_loss=0.1252 val_metric_name=roc_auc val_metric=0.7296
Step  200 | loss 0.1306 | val_acc=0.9702 val_roc_auc=0.7306 val_loss=0.1233 val_metric_name=roc_auc val_metric=0.7306
Step  250 | loss 0.1273 | val_acc=0.9706 val_roc_auc=0.7350 val_loss=0.1222 val_metric_name=roc_auc val_metric=0.7350
Step  300 | loss 0.1259 | val_acc=0.9706 val_roc_auc=0.7408 val_loss=0.1217 val_metric_name=roc_auc val_metric=0.7408
Step  350 | loss 0.1247 | val_acc=0.9706 val_roc_auc=0.7463 val_loss=0.1214 val_metric_name=roc_auc val_metric=0.7463
Step  400 | loss 0.1222 | val_acc=0.9707 val_roc_auc=0.7515 val_loss=0.1210 val_metric_name=roc_auc val_metric=0.7515
Step  450 | loss 0.1216 | val_acc=0.9704 val_roc_auc=0.7558 val_loss=0.1207 val_metric_name=roc_auc val_metric=0.7558
Step  500 | loss 0.1198 | val_acc=0.9703 val_roc_auc=0.7601 val_loss=0.1204 val_metric_name=roc_auc val_metric=0.7601
Step  550 | loss 0.1184 | val_acc=0.9702 val_roc_auc=0.7635 val_loss=0.1201 val_metric_name=roc_auc val_metric=0.7635
Step  600 | loss 0.1175 | val_acc=0.9700 val_roc_auc=0.7663 val_loss=0.1200 val_metric_name=roc_auc val_metric=0.7663
Step  650 | loss 0.1171 | val_acc=0.9696 val_roc_auc=0.7686 val_loss=0.1196 val_metric_name=roc_auc val_metric=0.7686
Step  700 | loss 0.1149 | val_acc=0.9699 val_roc_auc=0.7700 val_loss=0.1194 val_metric_name=roc_auc val_metric=0.7700
Step  750 | loss 0.1142 | val_acc=0.9699 val_roc_auc=0.7713 val_loss=0.1195 val_metric_name=roc_auc val_metric=0.7713
Step  800 | loss 0.1133 | val_acc=0.9699 val_roc_auc=0.7720 val_loss=0.1196 val_metric_name=roc_auc val_metric=0.7720
Step  850 | loss 0.1126 | val_acc=0.9701 val_roc_auc=0.7729 val_loss=0.1197 val_metric_name=roc_auc val_metric=0.7729
Step  900 | loss 0.1115 | val_acc=0.9702 val_roc_auc=0.7735 val_loss=0.1198 val_metric_name=roc_auc val_metric=0.7735
Step  950 | loss 0.1102 | val_acc=0.9699 val_roc_auc=0.7744 val_loss=0.1199 val_metric_name=roc_auc val_metric=0.7744
Step 1000 | loss 0.1095 | val_acc=0.9704 val_roc_auc=0.7756 val_loss=0.1197 val_metric_name=roc_auc val_metric=0.7756
Step 1050 | loss 0.1092 | val_acc=0.9705 val_roc_auc=0.7760 val_loss=0.1196 val_metric_name=roc_auc val_metric=0.7760
Step 1100 | loss 0.1074 | val_acc=0.9704 val_roc_auc=0.7771 val_loss=0.1197 val_metric_name=roc_auc val_metric=0.7771
Step 1150 | loss 0.1069 | val_acc=0.9705 val_roc_auc=0.7774 val_loss=0.1201 val_metric_name=roc_auc val_metric=0.7774
Step 1200 | loss 0.1061 | val_acc=0.9707 val_roc_auc=0.7777 val_loss=0.1193 val_metric_name=roc_auc val_metric=0.7777
Step 1250 | loss 0.1058 | val_acc=0.9706 val_roc_auc=0.7778 val_loss=0.1194 val_metric_name=roc_auc val_metric=0.7778
Step 1300 | loss 0.1048 | val_acc=0.9704 val_roc_auc=0.7784 val_loss=0.1206 val_metric_name=roc_auc val_metric=0.7784
Step 1350 | loss 0.1035 | val_acc=0.9706 val_roc_auc=0.7783 val_loss=0.1196 val_metric_name=roc_auc val_metric=0.7783
Step 1400 | loss 0.1031 | val_acc=0.9704 val_roc_auc=0.7783 val_loss=0.1212 val_metric_name=roc_auc val_metric=0.7783
Step 1450 | loss 0.1020 | val_acc=0.9710 val_roc_auc=0.7779 val_loss=0.1194 val_metric_name=roc_auc val_metric=0.7779
Step 1500 | loss 0.1007 | val_acc=0.9710 val_roc_auc=0.7777 val_loss=0.1205 val_metric_name=roc_auc val_metric=0.7777
Step 1550 | loss 0.1001 | val_acc=0.9711 val_roc_auc=0.7777 val_loss=0.1190 val_metric_name=roc_auc val_metric=0.7777
Step 1600 | loss 0.0993 | val_acc=0.9703 val_roc_auc=0.7767 val_loss=0.1217 val_metric_name=roc_auc val_metric=0.7767
Step 1650 | loss 0.0979 | val_acc=0.9704 val_roc_auc=0.7756 val_loss=0.1216 val_metric_name=roc_auc val_metric=0.7756
Early stopping at step 1662

--- Final (best ckpt @ step 1360) ---
  train_acc=0.9741 train_roc_auc=0.8816 train_loss=0.0951 train_metric_name=roc_auc train_metric=0.8816
  val_acc=0.9704 val_roc_auc=0.7789 val_loss=0.1207 val_metric_name=roc_auc val_metric=0.7789
  test_acc=0.9703 test_roc_auc=0.7966 test_loss=0.1159 test_metric_name=roc_auc test_metric=0.7966
  test_roc_auc=0.7966

============================================================
Training TABM-questions GAT 5L h=512 lr=3e-05 split=5
============================================================
Step    1 | loss 0.4799 | val_acc=0.9702 val_roc_auc=0.4885 val_loss=0.1520 val_metric_name=roc_auc val_metric=0.4885
Step   50 | loss 0.1385 | val_acc=0.9702 val_roc_auc=0.7082 val_loss=0.1324 val_metric_name=roc_auc val_metric=0.7082
Step  100 | loss 0.1336 | val_acc=0.9702 val_roc_auc=0.7256 val_loss=0.1255 val_metric_name=roc_auc val_metric=0.7256
Step  150 | loss 0.1298 | val_acc=0.9702 val_roc_auc=0.7267 val_loss=0.1233 val_metric_name=roc_auc val_metric=0.7267
Step  200 | loss 0.1268 | val_acc=0.9705 val_roc_auc=0.7345 val_loss=0.1222 val_metric_name=roc_auc val_metric=0.7345
Step  250 | loss 0.1245 | val_acc=0.9706 val_roc_auc=0.7425 val_loss=0.1217 val_metric_name=roc_auc val_metric=0.7425
Step  300 | loss 0.1226 | val_acc=0.9707 val_roc_auc=0.7491 val_loss=0.1215 val_metric_name=roc_auc val_metric=0.7491
Step  350 | loss 0.1207 | val_acc=0.9703 val_roc_auc=0.7555 val_loss=0.1210 val_metric_name=roc_auc val_metric=0.7555
Step  400 | loss 0.1190 | val_acc=0.9700 val_roc_auc=0.7608 val_loss=0.1207 val_metric_name=roc_auc val_metric=0.7608
Step  450 | loss 0.1177 | val_acc=0.9699 val_roc_auc=0.7653 val_loss=0.1200 val_metric_name=roc_auc val_metric=0.7653
Step  500 | loss 0.1172 | val_acc=0.9696 val_roc_auc=0.7683 val_loss=0.1197 val_metric_name=roc_auc val_metric=0.7683
Step  550 | loss 0.1149 | val_acc=0.9698 val_roc_auc=0.7705 val_loss=0.1194 val_metric_name=roc_auc val_metric=0.7705
Step  600 | loss 0.1131 | val_acc=0.9705 val_roc_auc=0.7715 val_loss=0.1192 val_metric_name=roc_auc val_metric=0.7715
Step  650 | loss 0.1118 | val_acc=0.9704 val_roc_auc=0.7720 val_loss=0.1195 val_metric_name=roc_auc val_metric=0.7720
Step  700 | loss 0.1114 | val_acc=0.9705 val_roc_auc=0.7732 val_loss=0.1194 val_metric_name=roc_auc val_metric=0.7732
Step  750 | loss 0.1098 | val_acc=0.9702 val_roc_auc=0.7740 val_loss=0.1198 val_metric_name=roc_auc val_metric=0.7740
Step  800 | loss 0.1088 | val_acc=0.9702 val_roc_auc=0.7748 val_loss=0.1202 val_metric_name=roc_auc val_metric=0.7748
Step  850 | loss 0.1079 | val_acc=0.9701 val_roc_auc=0.7758 val_loss=0.1203 val_metric_name=roc_auc val_metric=0.7758
Step  900 | loss 0.1066 | val_acc=0.9707 val_roc_auc=0.7760 val_loss=0.1190 val_metric_name=roc_auc val_metric=0.7760
Step  950 | loss 0.1058 | val_acc=0.9707 val_roc_auc=0.7762 val_loss=0.1192 val_metric_name=roc_auc val_metric=0.7762
Step 1000 | loss 0.1048 | val_acc=0.9705 val_roc_auc=0.7763 val_loss=0.1198 val_metric_name=roc_auc val_metric=0.7763
Step 1050 | loss 0.1040 | val_acc=0.9696 val_roc_auc=0.7763 val_loss=0.1215 val_metric_name=roc_auc val_metric=0.7763
Step 1100 | loss 0.1027 | val_acc=0.9703 val_roc_auc=0.7761 val_loss=0.1196 val_metric_name=roc_auc val_metric=0.7761
Step 1150 | loss 0.1016 | val_acc=0.9697 val_roc_auc=0.7757 val_loss=0.1206 val_metric_name=roc_auc val_metric=0.7757
Step 1200 | loss 0.1002 | val_acc=0.9699 val_roc_auc=0.7755 val_loss=0.1200 val_metric_name=roc_auc val_metric=0.7755
Step 1250 | loss 0.0995 | val_acc=0.9697 val_roc_auc=0.7759 val_loss=0.1201 val_metric_name=roc_auc val_metric=0.7759
Step 1300 | loss 0.0985 | val_acc=0.9700 val_roc_auc=0.7750 val_loss=0.1205 val_metric_name=roc_auc val_metric=0.7750
Step 1350 | loss 0.0973 | val_acc=0.9697 val_roc_auc=0.7740 val_loss=0.1210 val_metric_name=roc_auc val_metric=0.7740
Step 1400 | loss 0.0959 | val_acc=0.9703 val_roc_auc=0.7725 val_loss=0.1211 val_metric_name=roc_auc val_metric=0.7725
Early stopping at step 1413

--- Final (best ckpt @ step 970) ---
  train_acc=0.9737 train_roc_auc=0.8688 train_loss=0.0974 train_metric_name=roc_auc train_metric=0.8688
  val_acc=0.9706 val_roc_auc=0.7769 val_loss=0.1197 val_metric_name=roc_auc val_metric=0.7769
  test_acc=0.9710 test_roc_auc=0.7959 test_loss=0.1151 test_metric_name=roc_auc test_metric=0.7959
  test_roc_auc=0.7959
  >> num_layers=1 hidden_dim=512 lr=3e-05 best_step=1760 val_roc_auc=0.7529 test_roc_auc=0.7665
     val_acc=0.9697 val_loss=0.1230 val_metric=0.7529 val_metric_name=roc_auc val_roc_auc=0.7529
     test_acc=0.9710 test_loss=0.1200 test_metric=0.7665 test_metric_name=roc_auc test_roc_auc=0.7665
  >> num_layers=2 hidden_dim=512 lr=3e-05 best_step=1410 val_roc_auc=0.7783 test_roc_auc=0.7929
     val_acc=0.9661 val_loss=0.1304 val_metric=0.7783 val_metric_name=roc_auc val_roc_auc=0.7783
     test_acc=0.9676 test_loss=0.1240 test_metric=0.7929 test_metric_name=roc_auc test_roc_auc=0.7929
  >> num_layers=3 hidden_dim=512 lr=3e-05 best_step=1220 val_roc_auc=0.7770 test_roc_auc=0.7949
     val_acc=0.9715 val_loss=0.1175 val_metric=0.7770 val_metric_name=roc_auc val_roc_auc=0.7770
     test_acc=0.9720 test_loss=0.1138 test_metric=0.7949 test_metric_name=roc_auc test_roc_auc=0.7949
  >> num_layers=4 hidden_dim=512 lr=3e-05 best_step=1360 val_roc_auc=0.7789 test_roc_auc=0.7966
     val_acc=0.9704 val_loss=0.1207 val_metric=0.7789 val_metric_name=roc_auc val_roc_auc=0.7789
     test_acc=0.9703 test_loss=0.1159 test_metric=0.7966 test_metric_name=roc_auc test_roc_auc=0.7966
  >> num_layers=5 hidden_dim=512 lr=3e-05 best_step=970 val_roc_auc=0.7769 test_roc_auc=0.7959
     val_acc=0.9706 val_loss=0.1197 val_metric=0.7769 val_metric_name=roc_auc val_roc_auc=0.7769
     test_acc=0.9710 test_loss=0.1151 test_metric=0.7959 test_metric_name=roc_auc test_roc_auc=0.7959
  >> selected best (by val): num_layers=4 hidden_dim=512 lr=3e-05 best_step=1360 val_roc_auc=0.7789 test_roc_auc=0.7966
     val_acc=0.9704 val_loss=0.1207 val_metric=0.7789 val_metric_name=roc_auc val_roc_auc=0.7789
     test_acc=0.9703 test_loss=0.1159 test_metric=0.7966 test_metric_name=roc_auc test_roc_auc=0.7966

Done. Results saved to /home/avshmelev/diploma_yandex_graphs/results/questions/tabm.csv, checkpoints in /home/avshmelev/diploma_yandex_graphs/all_checkpoints/questions/tabm/
