Loading data...

============================================================
Training TABM-questions GT-sep 1L split=8
============================================================
Step    1 | loss 1.2618 | val_acc 0.3735
Step   50 | loss 0.1535 | val_acc 0.9702
Step  100 | loss 0.1391 | val_acc 0.9702
Step  150 | loss 0.1343 | val_acc 0.9702
Step  200 | loss 0.1310 | val_acc 0.9703
Step  250 | loss 0.1289 | val_acc 0.9705
Step  300 | loss 0.1273 | val_acc 0.9707
Step  350 | loss 0.1256 | val_acc 0.9715
Step  400 | loss 0.1242 | val_acc 0.9715
Step  450 | loss 0.1227 | val_acc 0.9722
Step  500 | loss 0.1210 | val_acc 0.9723
Step  550 | loss 0.1189 | val_acc 0.9724
Step  600 | loss 0.1182 | val_acc 0.9728
Step  650 | loss 0.1160 | val_acc 0.9726
Step  700 | loss 0.1139 | val_acc 0.9726
Step  750 | loss 0.1120 | val_acc 0.9722
Step  800 | loss 0.1099 | val_acc 0.9724
Step  850 | loss 0.1074 | val_acc 0.9729
Step  900 | loss 0.1042 | val_acc 0.9730
Step  950 | loss 0.1007 | val_acc 0.9728
Step 1000 | loss 0.0965 | val_acc 0.9724

--- Final (best ckpt @ step 997) ---
  train_acc=0.9760  val_acc=0.9724
  test_acc=0.9722  test_loss=0.1196
  test_roc_auc=0.7626

============================================================
Training TABM-questions GT-sep 2L split=8
============================================================
Step    1 | loss 1.1431 | val_acc 0.8066
Step   50 | loss 0.1422 | val_acc 0.9702
Step  100 | loss 0.1341 | val_acc 0.9702
Step  150 | loss 0.1305 | val_acc 0.9702
Step  200 | loss 0.1288 | val_acc 0.9704
Step  250 | loss 0.1263 | val_acc 0.9708
Step  300 | loss 0.1246 | val_acc 0.9716
Step  350 | loss 0.1232 | val_acc 0.9719
Step  400 | loss 0.1218 | val_acc 0.9722
Step  450 | loss 0.1199 | val_acc 0.9721
Step  500 | loss 0.1177 | val_acc 0.9725
Step  550 | loss 0.1155 | val_acc 0.9729
Step  600 | loss 0.1137 | val_acc 0.9723
Step  650 | loss 0.1120 | val_acc 0.9721
Step  700 | loss 0.1100 | val_acc 0.9720
Step  750 | loss 0.1067 | val_acc 0.9710
Step  800 | loss 0.1039 | val_acc 0.9706
Step  850 | loss 0.1010 | val_acc 0.9688
Step  900 | loss 0.0968 | val_acc 0.9674
Step  950 | loss 0.0928 | val_acc 0.9648
Step 1000 | loss 0.0884 | val_acc 0.9639

--- Final (best ckpt @ step 875) ---
  train_acc=0.9735  val_acc=0.9681
  test_acc=0.9672  test_loss=0.1254
  test_roc_auc=0.7797

============================================================
Training TABM-questions GT-sep 3L split=8
============================================================
Step    1 | loss 0.8686 | val_acc 0.9504
Step   50 | loss 0.1366 | val_acc 0.9702
Step  100 | loss 0.1309 | val_acc 0.9702
Step  150 | loss 0.1279 | val_acc 0.9706
Step  200 | loss 0.1257 | val_acc 0.9712
Step  250 | loss 0.1240 | val_acc 0.9720
Step  300 | loss 0.1225 | val_acc 0.9722
Step  350 | loss 0.1207 | val_acc 0.9721
Step  400 | loss 0.1190 | val_acc 0.9724
Step  450 | loss 0.1167 | val_acc 0.9724
Step  500 | loss 0.1137 | val_acc 0.9720
Step  550 | loss 0.1126 | val_acc 0.9716
Step  600 | loss 0.1093 | val_acc 0.9713
Step  650 | loss 0.1063 | val_acc 0.9702
Step  700 | loss 0.1032 | val_acc 0.9685
Step  750 | loss 0.0989 | val_acc 0.9661
Step  800 | loss 0.0943 | val_acc 0.9620
Step  850 | loss 0.0876 | val_acc 0.9606
Step  900 | loss 0.0807 | val_acc 0.9597
Step  950 | loss 0.0745 | val_acc 0.9604
Step 1000 | loss 0.0667 | val_acc 0.9571

--- Final (best ckpt @ step 731) ---
  train_acc=0.9719  val_acc=0.9669
  test_acc=0.9663  test_loss=0.1284
  test_roc_auc=0.7811

============================================================
Training TABM-questions GT-sep 4L split=8
============================================================
Step    1 | loss 0.7594 | val_acc 0.9691
Step   50 | loss 0.1342 | val_acc 0.9702
Step  100 | loss 0.1292 | val_acc 0.9702
Step  150 | loss 0.1273 | val_acc 0.9708
Step  200 | loss 0.1245 | val_acc 0.9717
Step  250 | loss 0.1225 | val_acc 0.9718
Step  300 | loss 0.1208 | val_acc 0.9719
Step  350 | loss 0.1184 | val_acc 0.9723
Step  400 | loss 0.1165 | val_acc 0.9723
Step  450 | loss 0.1139 | val_acc 0.9715
Step  500 | loss 0.1117 | val_acc 0.9711
Step  550 | loss 0.1077 | val_acc 0.9702
Step  600 | loss 0.1053 | val_acc 0.9685
Step  650 | loss 0.1018 | val_acc 0.9652
Step  700 | loss 0.0964 | val_acc 0.9602
Step  750 | loss 0.0900 | val_acc 0.9566
Step  800 | loss 0.0815 | val_acc 0.9542
Step  850 | loss 0.0742 | val_acc 0.9514
Step  900 | loss 0.0668 | val_acc 0.9504
Early stopping at step 939

--- Final (best ckpt @ step 639) ---
  train_acc=0.9709  val_acc=0.9662
  test_acc=0.9648  test_loss=0.1321
  test_roc_auc=0.7780

============================================================
Training TABM-questions GT-sep 5L split=8
============================================================
Step    1 | loss 0.9998 | val_acc 0.9681
Step   50 | loss 0.1355 | val_acc 0.9702
Step  100 | loss 0.1302 | val_acc 0.9702
Step  150 | loss 0.1276 | val_acc 0.9708
Step  200 | loss 0.1256 | val_acc 0.9717
Step  250 | loss 0.1235 | val_acc 0.9715
Step  300 | loss 0.1215 | val_acc 0.9719
Step  350 | loss 0.1202 | val_acc 0.9718
Step  400 | loss 0.1190 | val_acc 0.9720
Step  450 | loss 0.1165 | val_acc 0.9721
Step  500 | loss 0.1141 | val_acc 0.9714
Step  550 | loss 0.1123 | val_acc 0.9706
Step  600 | loss 0.1100 | val_acc 0.9701
Step  650 | loss 0.1077 | val_acc 0.9692
Step  700 | loss 0.1048 | val_acc 0.9677
Step  750 | loss 0.1017 | val_acc 0.9656
Step  800 | loss 0.0975 | val_acc 0.9615
Step  850 | loss 0.0931 | val_acc 0.9585
Step  900 | loss 0.0875 | val_acc 0.9527
Step  950 | loss 0.0805 | val_acc 0.9494
Step 1000 | loss 0.0735 | val_acc 0.9513

--- Final (best ckpt @ step 794) ---
  train_acc=0.9698  val_acc=0.9635
  test_acc=0.9603  test_loss=0.1391
  test_roc_auc=0.7812
  >> selected best layer=1 best_step=997 val_acc=0.9724 test_acc=0.9722

Done. Results saved to /home/avshmelev/diploma_yandex_graphs/results/questions/tabm.csv, checkpoints in /home/avshmelev/diploma_yandex_graphs/all_checkpoints/questions/tabm/
