Loading data...

============================================================
Training TABM-questions GT-sep 1L h=512 lr=3e-05 split=9
============================================================
Step    1 | loss 1.1373 | val_acc=0.5610 val_roc_auc=0.4855 val_loss=0.7231 val_metric_name=roc_auc val_metric=0.4855
Step   50 | loss 0.1469 | val_acc=0.9702 val_roc_auc=0.6290 val_loss=0.1521 val_metric_name=roc_auc val_metric=0.6290
Step  100 | loss 0.1367 | val_acc=0.9702 val_roc_auc=0.6753 val_loss=0.1322 val_metric_name=roc_auc val_metric=0.6753
Step  150 | loss 0.1329 | val_acc=0.9701 val_roc_auc=0.6967 val_loss=0.1284 val_metric_name=roc_auc val_metric=0.6967
Step  200 | loss 0.1298 | val_acc=0.9711 val_roc_auc=0.7105 val_loss=0.1259 val_metric_name=roc_auc val_metric=0.7105
Step  250 | loss 0.1282 | val_acc=0.9713 val_roc_auc=0.7206 val_loss=0.1239 val_metric_name=roc_auc val_metric=0.7206
Step  300 | loss 0.1262 | val_acc=0.9712 val_roc_auc=0.7286 val_loss=0.1222 val_metric_name=roc_auc val_metric=0.7286
Step  350 | loss 0.1249 | val_acc=0.9712 val_roc_auc=0.7352 val_loss=0.1207 val_metric_name=roc_auc val_metric=0.7352
Step  400 | loss 0.1225 | val_acc=0.9713 val_roc_auc=0.7419 val_loss=0.1195 val_metric_name=roc_auc val_metric=0.7419
Step  450 | loss 0.1208 | val_acc=0.9717 val_roc_auc=0.7475 val_loss=0.1183 val_metric_name=roc_auc val_metric=0.7475
Step  500 | loss 0.1189 | val_acc=0.9718 val_roc_auc=0.7527 val_loss=0.1174 val_metric_name=roc_auc val_metric=0.7527
Step  550 | loss 0.1168 | val_acc=0.9723 val_roc_auc=0.7568 val_loss=0.1167 val_metric_name=roc_auc val_metric=0.7568
Step  600 | loss 0.1139 | val_acc=0.9726 val_roc_auc=0.7599 val_loss=0.1165 val_metric_name=roc_auc val_metric=0.7599
Step  650 | loss 0.1120 | val_acc=0.9728 val_roc_auc=0.7622 val_loss=0.1166 val_metric_name=roc_auc val_metric=0.7622
Step  700 | loss 0.1096 | val_acc=0.9729 val_roc_auc=0.7639 val_loss=0.1172 val_metric_name=roc_auc val_metric=0.7639
Step  750 | loss 0.1070 | val_acc=0.9731 val_roc_auc=0.7648 val_loss=0.1179 val_metric_name=roc_auc val_metric=0.7648
Step  800 | loss 0.1040 | val_acc=0.9731 val_roc_auc=0.7661 val_loss=0.1189 val_metric_name=roc_auc val_metric=0.7661
Step  850 | loss 0.0993 | val_acc=0.9727 val_roc_auc=0.7671 val_loss=0.1202 val_metric_name=roc_auc val_metric=0.7671
Step  900 | loss 0.0957 | val_acc=0.9722 val_roc_auc=0.7668 val_loss=0.1222 val_metric_name=roc_auc val_metric=0.7668
Step  950 | loss 0.0924 | val_acc=0.9715 val_roc_auc=0.7660 val_loss=0.1248 val_metric_name=roc_auc val_metric=0.7660
Step 1000 | loss 0.0877 | val_acc=0.9711 val_roc_auc=0.7641 val_loss=0.1281 val_metric_name=roc_auc val_metric=0.7641
Step 1050 | loss 0.0823 | val_acc=0.9706 val_roc_auc=0.7624 val_loss=0.1323 val_metric_name=roc_auc val_metric=0.7624
Step 1100 | loss 0.0775 | val_acc=0.9702 val_roc_auc=0.7610 val_loss=0.1368 val_metric_name=roc_auc val_metric=0.7610
Step 1150 | loss 0.0717 | val_acc=0.9696 val_roc_auc=0.7588 val_loss=0.1413 val_metric_name=roc_auc val_metric=0.7588
Early stopping at step 1154

--- Final (best ckpt @ step 850) ---
  train_acc=0.9744 train_roc_auc=0.9201 train_loss=0.0824 train_metric_name=roc_auc train_metric=0.9201
  val_acc=0.9727 val_roc_auc=0.7671 val_loss=0.1202 val_metric_name=roc_auc val_metric=0.7671
  test_acc=0.9728 test_roc_auc=0.7582 test_loss=0.1178 test_metric_name=roc_auc test_metric=0.7582
  test_roc_auc=0.7582

============================================================
Training TABM-questions GT-sep 2L h=512 lr=3e-05 split=9
============================================================
Step    1 | loss 0.9035 | val_acc=0.9558 val_roc_auc=0.5248 val_loss=0.3759 val_metric_name=roc_auc val_metric=0.5248
Step   50 | loss 0.1394 | val_acc=0.9702 val_roc_auc=0.6743 val_loss=0.1290 val_metric_name=roc_auc val_metric=0.6743
Step  100 | loss 0.1327 | val_acc=0.9702 val_roc_auc=0.7035 val_loss=0.1276 val_metric_name=roc_auc val_metric=0.7035
Step  150 | loss 0.1304 | val_acc=0.9709 val_roc_auc=0.7200 val_loss=0.1241 val_metric_name=roc_auc val_metric=0.7200
Step  200 | loss 0.1276 | val_acc=0.9712 val_roc_auc=0.7292 val_loss=0.1217 val_metric_name=roc_auc val_metric=0.7292
Step  250 | loss 0.1255 | val_acc=0.9713 val_roc_auc=0.7358 val_loss=0.1200 val_metric_name=roc_auc val_metric=0.7358
Step  300 | loss 0.1234 | val_acc=0.9711 val_roc_auc=0.7412 val_loss=0.1188 val_metric_name=roc_auc val_metric=0.7412
Step  350 | loss 0.1218 | val_acc=0.9714 val_roc_auc=0.7460 val_loss=0.1179 val_metric_name=roc_auc val_metric=0.7460
Step  400 | loss 0.1198 | val_acc=0.9717 val_roc_auc=0.7513 val_loss=0.1172 val_metric_name=roc_auc val_metric=0.7513
Step  450 | loss 0.1170 | val_acc=0.9723 val_roc_auc=0.7568 val_loss=0.1170 val_metric_name=roc_auc val_metric=0.7568
Step  500 | loss 0.1140 | val_acc=0.9725 val_roc_auc=0.7616 val_loss=0.1175 val_metric_name=roc_auc val_metric=0.7616
Step  550 | loss 0.1116 | val_acc=0.9724 val_roc_auc=0.7653 val_loss=0.1185 val_metric_name=roc_auc val_metric=0.7653
Step  600 | loss 0.1086 | val_acc=0.9718 val_roc_auc=0.7687 val_loss=0.1197 val_metric_name=roc_auc val_metric=0.7687
Step  650 | loss 0.1056 | val_acc=0.9708 val_roc_auc=0.7715 val_loss=0.1214 val_metric_name=roc_auc val_metric=0.7715
Step  700 | loss 0.1024 | val_acc=0.9696 val_roc_auc=0.7744 val_loss=0.1232 val_metric_name=roc_auc val_metric=0.7744
Step  750 | loss 0.0988 | val_acc=0.9682 val_roc_auc=0.7759 val_loss=0.1262 val_metric_name=roc_auc val_metric=0.7759
Step  800 | loss 0.0947 | val_acc=0.9656 val_roc_auc=0.7764 val_loss=0.1295 val_metric_name=roc_auc val_metric=0.7764
Step  850 | loss 0.0900 | val_acc=0.9651 val_roc_auc=0.7752 val_loss=0.1340 val_metric_name=roc_auc val_metric=0.7752
Step  900 | loss 0.0852 | val_acc=0.9631 val_roc_auc=0.7739 val_loss=0.1392 val_metric_name=roc_auc val_metric=0.7739
Step  950 | loss 0.0777 | val_acc=0.9627 val_roc_auc=0.7722 val_loss=0.1445 val_metric_name=roc_auc val_metric=0.7722
Step 1000 | loss 0.0728 | val_acc=0.9612 val_roc_auc=0.7715 val_loss=0.1505 val_metric_name=roc_auc val_metric=0.7715
Step 1050 | loss 0.0660 | val_acc=0.9615 val_roc_auc=0.7694 val_loss=0.1568 val_metric_name=roc_auc val_metric=0.7694
Early stopping at step 1090

--- Final (best ckpt @ step 790) ---
  train_acc=0.9749 train_roc_auc=0.9385 train_loss=0.0774 train_metric_name=roc_auc train_metric=0.9385
  val_acc=0.9659 val_roc_auc=0.7765 val_loss=0.1289 val_metric_name=roc_auc val_metric=0.7765
  test_acc=0.9682 test_roc_auc=0.7755 test_loss=0.1248 test_metric_name=roc_auc test_metric=0.7755
  test_roc_auc=0.7755

============================================================
Training TABM-questions GT-sep 3L h=512 lr=3e-05 split=9
============================================================
Step    1 | loss 0.9921 | val_acc=0.9215 val_roc_auc=0.5257 val_loss=0.4116 val_metric_name=roc_auc val_metric=0.5257
Step   50 | loss 0.1378 | val_acc=0.9702 val_roc_auc=0.6763 val_loss=0.1288 val_metric_name=roc_auc val_metric=0.6763
Step  100 | loss 0.1317 | val_acc=0.9702 val_roc_auc=0.7043 val_loss=0.1256 val_metric_name=roc_auc val_metric=0.7043
Step  150 | loss 0.1289 | val_acc=0.9711 val_roc_auc=0.7198 val_loss=0.1224 val_metric_name=roc_auc val_metric=0.7198
Step  200 | loss 0.1268 | val_acc=0.9713 val_roc_auc=0.7291 val_loss=0.1206 val_metric_name=roc_auc val_metric=0.7291
Step  250 | loss 0.1246 | val_acc=0.9711 val_roc_auc=0.7357 val_loss=0.1194 val_metric_name=roc_auc val_metric=0.7357
Step  300 | loss 0.1221 | val_acc=0.9711 val_roc_auc=0.7411 val_loss=0.1186 val_metric_name=roc_auc val_metric=0.7411
Step  350 | loss 0.1210 | val_acc=0.9715 val_roc_auc=0.7472 val_loss=0.1179 val_metric_name=roc_auc val_metric=0.7472
Step  400 | loss 0.1181 | val_acc=0.9720 val_roc_auc=0.7533 val_loss=0.1176 val_metric_name=roc_auc val_metric=0.7533
Step  450 | loss 0.1161 | val_acc=0.9723 val_roc_auc=0.7590 val_loss=0.1181 val_metric_name=roc_auc val_metric=0.7590
Step  500 | loss 0.1134 | val_acc=0.9721 val_roc_auc=0.7642 val_loss=0.1198 val_metric_name=roc_auc val_metric=0.7642
Step  550 | loss 0.1106 | val_acc=0.9715 val_roc_auc=0.7693 val_loss=0.1216 val_metric_name=roc_auc val_metric=0.7693
Step  600 | loss 0.1071 | val_acc=0.9692 val_roc_auc=0.7741 val_loss=0.1237 val_metric_name=roc_auc val_metric=0.7741
Step  650 | loss 0.1038 | val_acc=0.9677 val_roc_auc=0.7786 val_loss=0.1252 val_metric_name=roc_auc val_metric=0.7786
Step  700 | loss 0.1006 | val_acc=0.9664 val_roc_auc=0.7815 val_loss=0.1279 val_metric_name=roc_auc val_metric=0.7815
Step  750 | loss 0.0956 | val_acc=0.9639 val_roc_auc=0.7820 val_loss=0.1327 val_metric_name=roc_auc val_metric=0.7820
Step  800 | loss 0.0906 | val_acc=0.9623 val_roc_auc=0.7810 val_loss=0.1366 val_metric_name=roc_auc val_metric=0.7810
Step  850 | loss 0.0844 | val_acc=0.9591 val_roc_auc=0.7784 val_loss=0.1435 val_metric_name=roc_auc val_metric=0.7784
Step  900 | loss 0.0782 | val_acc=0.9581 val_roc_auc=0.7753 val_loss=0.1497 val_metric_name=roc_auc val_metric=0.7753
Step  950 | loss 0.0709 | val_acc=0.9572 val_roc_auc=0.7724 val_loss=0.1573 val_metric_name=roc_auc val_metric=0.7724
Step 1000 | loss 0.0632 | val_acc=0.9579 val_roc_auc=0.7691 val_loss=0.1636 val_metric_name=roc_auc val_metric=0.7691
Early stopping at step 1020

--- Final (best ckpt @ step 720) ---
  train_acc=0.9730 train_roc_auc=0.9241 train_loss=0.0866 train_metric_name=roc_auc train_metric=0.9241
  val_acc=0.9654 val_roc_auc=0.7822 val_loss=0.1297 val_metric_name=roc_auc val_metric=0.7822
  test_acc=0.9671 test_roc_auc=0.7827 test_loss=0.1255 test_metric_name=roc_auc test_metric=0.7827
  test_roc_auc=0.7827

============================================================
Training TABM-questions GT-sep 4L h=512 lr=3e-05 split=9
============================================================
Step    1 | loss 0.7029 | val_acc=0.9701 val_roc_auc=0.5109 val_loss=0.2137 val_metric_name=roc_auc val_metric=0.5109
Step   50 | loss 0.1354 | val_acc=0.9702 val_roc_auc=0.6901 val_loss=0.1313 val_metric_name=roc_auc val_metric=0.6901
Step  100 | loss 0.1297 | val_acc=0.9701 val_roc_auc=0.7136 val_loss=0.1233 val_metric_name=roc_auc val_metric=0.7136
Step  150 | loss 0.1271 | val_acc=0.9714 val_roc_auc=0.7262 val_loss=0.1211 val_metric_name=roc_auc val_metric=0.7262
Step  200 | loss 0.1251 | val_acc=0.9713 val_roc_auc=0.7342 val_loss=0.1198 val_metric_name=roc_auc val_metric=0.7342
Step  250 | loss 0.1225 | val_acc=0.9711 val_roc_auc=0.7417 val_loss=0.1190 val_metric_name=roc_auc val_metric=0.7417
Step  300 | loss 0.1201 | val_acc=0.9715 val_roc_auc=0.7491 val_loss=0.1184 val_metric_name=roc_auc val_metric=0.7491
Step  350 | loss 0.1180 | val_acc=0.9718 val_roc_auc=0.7568 val_loss=0.1184 val_metric_name=roc_auc val_metric=0.7568
Step  400 | loss 0.1152 | val_acc=0.9723 val_roc_auc=0.7623 val_loss=0.1192 val_metric_name=roc_auc val_metric=0.7623
Step  450 | loss 0.1123 | val_acc=0.9715 val_roc_auc=0.7675 val_loss=0.1210 val_metric_name=roc_auc val_metric=0.7675
Step  500 | loss 0.1091 | val_acc=0.9702 val_roc_auc=0.7720 val_loss=0.1229 val_metric_name=roc_auc val_metric=0.7720
Step  550 | loss 0.1055 | val_acc=0.9678 val_roc_auc=0.7759 val_loss=0.1260 val_metric_name=roc_auc val_metric=0.7759
Step  600 | loss 0.1026 | val_acc=0.9656 val_roc_auc=0.7783 val_loss=0.1300 val_metric_name=roc_auc val_metric=0.7783
Step  650 | loss 0.0971 | val_acc=0.9635 val_roc_auc=0.7778 val_loss=0.1347 val_metric_name=roc_auc val_metric=0.7778
Step  700 | loss 0.0913 | val_acc=0.9601 val_roc_auc=0.7759 val_loss=0.1423 val_metric_name=roc_auc val_metric=0.7759
Step  750 | loss 0.0865 | val_acc=0.9580 val_roc_auc=0.7729 val_loss=0.1475 val_metric_name=roc_auc val_metric=0.7729
Step  800 | loss 0.0782 | val_acc=0.9564 val_roc_auc=0.7691 val_loss=0.1534 val_metric_name=roc_auc val_metric=0.7691
Step  850 | loss 0.0714 | val_acc=0.9561 val_roc_auc=0.7672 val_loss=0.1607 val_metric_name=roc_auc val_metric=0.7672
Step  900 | loss 0.0637 | val_acc=0.9508 val_roc_auc=0.7621 val_loss=0.1770 val_metric_name=roc_auc val_metric=0.7621
Early stopping at step 935

--- Final (best ckpt @ step 630) ---
  train_acc=0.9720 train_roc_auc=0.9150 train_loss=0.0919 train_metric_name=roc_auc train_metric=0.9150
  val_acc=0.9639 val_roc_auc=0.7787 val_loss=0.1326 val_metric_name=roc_auc val_metric=0.7787
  test_acc=0.9666 test_roc_auc=0.7804 test_loss=0.1281 test_metric_name=roc_auc test_metric=0.7804
  test_roc_auc=0.7804

============================================================
Training TABM-questions GT-sep 5L h=512 lr=3e-05 split=9
============================================================
Step    1 | loss 0.7902 | val_acc=0.9697 val_roc_auc=0.5196 val_loss=0.1943 val_metric_name=roc_auc val_metric=0.5196
Step   50 | loss 0.1343 | val_acc=0.9702 val_roc_auc=0.6909 val_loss=0.1294 val_metric_name=roc_auc val_metric=0.6909
Step  100 | loss 0.1289 | val_acc=0.9701 val_roc_auc=0.7150 val_loss=0.1229 val_metric_name=roc_auc val_metric=0.7150
Step  150 | loss 0.1267 | val_acc=0.9713 val_roc_auc=0.7263 val_loss=0.1208 val_metric_name=roc_auc val_metric=0.7263
Step  200 | loss 0.1245 | val_acc=0.9711 val_roc_auc=0.7346 val_loss=0.1196 val_metric_name=roc_auc val_metric=0.7346
Step  250 | loss 0.1221 | val_acc=0.9713 val_roc_auc=0.7413 val_loss=0.1188 val_metric_name=roc_auc val_metric=0.7413
Step  300 | loss 0.1198 | val_acc=0.9714 val_roc_auc=0.7490 val_loss=0.1183 val_metric_name=roc_auc val_metric=0.7490
Step  350 | loss 0.1176 | val_acc=0.9716 val_roc_auc=0.7568 val_loss=0.1181 val_metric_name=roc_auc val_metric=0.7568
Step  400 | loss 0.1150 | val_acc=0.9718 val_roc_auc=0.7629 val_loss=0.1187 val_metric_name=roc_auc val_metric=0.7629
Step  450 | loss 0.1124 | val_acc=0.9723 val_roc_auc=0.7686 val_loss=0.1199 val_metric_name=roc_auc val_metric=0.7686
Step  500 | loss 0.1092 | val_acc=0.9711 val_roc_auc=0.7730 val_loss=0.1213 val_metric_name=roc_auc val_metric=0.7730
Step  550 | loss 0.1057 | val_acc=0.9693 val_roc_auc=0.7768 val_loss=0.1235 val_metric_name=roc_auc val_metric=0.7768
Step  600 | loss 0.1019 | val_acc=0.9682 val_roc_auc=0.7794 val_loss=0.1262 val_metric_name=roc_auc val_metric=0.7794
Step  650 | loss 0.0972 | val_acc=0.9658 val_roc_auc=0.7803 val_loss=0.1296 val_metric_name=roc_auc val_metric=0.7803
Step  700 | loss 0.0928 | val_acc=0.9627 val_roc_auc=0.7784 val_loss=0.1359 val_metric_name=roc_auc val_metric=0.7784
Step  750 | loss 0.0861 | val_acc=0.9591 val_roc_auc=0.7746 val_loss=0.1420 val_metric_name=roc_auc val_metric=0.7746
Step  800 | loss 0.0789 | val_acc=0.9582 val_roc_auc=0.7706 val_loss=0.1484 val_metric_name=roc_auc val_metric=0.7706
Step  850 | loss 0.0728 | val_acc=0.9560 val_roc_auc=0.7650 val_loss=0.1568 val_metric_name=roc_auc val_metric=0.7650
Step  900 | loss 0.0645 | val_acc=0.9549 val_roc_auc=0.7602 val_loss=0.1656 val_metric_name=roc_auc val_metric=0.7602
Step  950 | loss 0.0578 | val_acc=0.9550 val_roc_auc=0.7563 val_loss=0.1758 val_metric_name=roc_auc val_metric=0.7563
Early stopping at step 956

--- Final (best ckpt @ step 650) ---
  train_acc=0.9739 train_roc_auc=0.9239 train_loss=0.0868 train_metric_name=roc_auc train_metric=0.9239
  val_acc=0.9658 val_roc_auc=0.7803 val_loss=0.1296 val_metric_name=roc_auc val_metric=0.7803
  test_acc=0.9673 test_roc_auc=0.7809 test_loss=0.1258 test_metric_name=roc_auc test_metric=0.7809
  test_roc_auc=0.7809
  >> num_layers=1 hidden_dim=512 lr=3e-05 best_step=850 val_roc_auc=0.7671 test_roc_auc=0.7582
     val_acc=0.9727 val_loss=0.1202 val_metric=0.7671 val_metric_name=roc_auc val_roc_auc=0.7671
     test_acc=0.9728 test_loss=0.1178 test_metric=0.7582 test_metric_name=roc_auc test_roc_auc=0.7582
  >> num_layers=2 hidden_dim=512 lr=3e-05 best_step=790 val_roc_auc=0.7765 test_roc_auc=0.7755
     val_acc=0.9659 val_loss=0.1289 val_metric=0.7765 val_metric_name=roc_auc val_roc_auc=0.7765
     test_acc=0.9682 test_loss=0.1248 test_metric=0.7755 test_metric_name=roc_auc test_roc_auc=0.7755
  >> num_layers=3 hidden_dim=512 lr=3e-05 best_step=720 val_roc_auc=0.7822 test_roc_auc=0.7827
     val_acc=0.9654 val_loss=0.1297 val_metric=0.7822 val_metric_name=roc_auc val_roc_auc=0.7822
     test_acc=0.9671 test_loss=0.1255 test_metric=0.7827 test_metric_name=roc_auc test_roc_auc=0.7827
  >> num_layers=4 hidden_dim=512 lr=3e-05 best_step=630 val_roc_auc=0.7787 test_roc_auc=0.7804
     val_acc=0.9639 val_loss=0.1326 val_metric=0.7787 val_metric_name=roc_auc val_roc_auc=0.7787
     test_acc=0.9666 test_loss=0.1281 test_metric=0.7804 test_metric_name=roc_auc test_roc_auc=0.7804
  >> num_layers=5 hidden_dim=512 lr=3e-05 best_step=650 val_roc_auc=0.7803 test_roc_auc=0.7809
     val_acc=0.9658 val_loss=0.1296 val_metric=0.7803 val_metric_name=roc_auc val_roc_auc=0.7803
     test_acc=0.9673 test_loss=0.1258 test_metric=0.7809 test_metric_name=roc_auc test_roc_auc=0.7809
  >> selected best (by val): num_layers=3 hidden_dim=512 lr=3e-05 best_step=720 val_roc_auc=0.7822 test_roc_auc=0.7827
     val_acc=0.9654 val_loss=0.1297 val_metric=0.7822 val_metric_name=roc_auc val_roc_auc=0.7822
     test_acc=0.9671 test_loss=0.1255 test_metric=0.7827 test_metric_name=roc_auc test_roc_auc=0.7827

Done. Results saved to /home/avshmelev/diploma_yandex_graphs/results/questions/tabm.csv, checkpoints in /home/avshmelev/diploma_yandex_graphs/all_checkpoints/questions/tabm/
