Loading data...

============================================================
Training TABM-questions GT 1L h=512 lr=3e-05 split=7
============================================================
Step    1 | loss 0.8964 | val_acc=0.8609 val_roc_auc=0.4752 val_loss=0.5018 val_metric_name=roc_auc val_metric=0.4752
Step   50 | loss 0.1480 | val_acc=0.9702 val_roc_auc=0.5804 val_loss=0.1519 val_metric_name=roc_auc val_metric=0.5804
Step  100 | loss 0.1388 | val_acc=0.9702 val_roc_auc=0.6430 val_loss=0.1345 val_metric_name=roc_auc val_metric=0.6430
Step  150 | loss 0.1346 | val_acc=0.9702 val_roc_auc=0.6786 val_loss=0.1287 val_metric_name=roc_auc val_metric=0.6786
Step  200 | loss 0.1318 | val_acc=0.9702 val_roc_auc=0.7012 val_loss=0.1250 val_metric_name=roc_auc val_metric=0.7012
Step  250 | loss 0.1293 | val_acc=0.9709 val_roc_auc=0.7160 val_loss=0.1223 val_metric_name=roc_auc val_metric=0.7160
Step  300 | loss 0.1277 | val_acc=0.9713 val_roc_auc=0.7262 val_loss=0.1203 val_metric_name=roc_auc val_metric=0.7262
Step  350 | loss 0.1249 | val_acc=0.9713 val_roc_auc=0.7344 val_loss=0.1187 val_metric_name=roc_auc val_metric=0.7344
Step  400 | loss 0.1244 | val_acc=0.9719 val_roc_auc=0.7409 val_loss=0.1175 val_metric_name=roc_auc val_metric=0.7409
Step  450 | loss 0.1213 | val_acc=0.9719 val_roc_auc=0.7467 val_loss=0.1167 val_metric_name=roc_auc val_metric=0.7467
Step  500 | loss 0.1208 | val_acc=0.9723 val_roc_auc=0.7513 val_loss=0.1161 val_metric_name=roc_auc val_metric=0.7513
Step  550 | loss 0.1193 | val_acc=0.9722 val_roc_auc=0.7552 val_loss=0.1160 val_metric_name=roc_auc val_metric=0.7552
Step  600 | loss 0.1171 | val_acc=0.9724 val_roc_auc=0.7587 val_loss=0.1160 val_metric_name=roc_auc val_metric=0.7587
Step  650 | loss 0.1140 | val_acc=0.9721 val_roc_auc=0.7615 val_loss=0.1164 val_metric_name=roc_auc val_metric=0.7615
Step  700 | loss 0.1129 | val_acc=0.9719 val_roc_auc=0.7641 val_loss=0.1167 val_metric_name=roc_auc val_metric=0.7641
Step  750 | loss 0.1105 | val_acc=0.9716 val_roc_auc=0.7666 val_loss=0.1173 val_metric_name=roc_auc val_metric=0.7666
Step  800 | loss 0.1083 | val_acc=0.9712 val_roc_auc=0.7689 val_loss=0.1179 val_metric_name=roc_auc val_metric=0.7689
Step  850 | loss 0.1060 | val_acc=0.9709 val_roc_auc=0.7708 val_loss=0.1187 val_metric_name=roc_auc val_metric=0.7708
Step  900 | loss 0.1035 | val_acc=0.9699 val_roc_auc=0.7722 val_loss=0.1195 val_metric_name=roc_auc val_metric=0.7722
Step  950 | loss 0.0996 | val_acc=0.9692 val_roc_auc=0.7728 val_loss=0.1206 val_metric_name=roc_auc val_metric=0.7728
Step 1000 | loss 0.0950 | val_acc=0.9680 val_roc_auc=0.7728 val_loss=0.1223 val_metric_name=roc_auc val_metric=0.7728
Step 1050 | loss 0.0908 | val_acc=0.9676 val_roc_auc=0.7718 val_loss=0.1243 val_metric_name=roc_auc val_metric=0.7718
Step 1100 | loss 0.0870 | val_acc=0.9678 val_roc_auc=0.7702 val_loss=0.1267 val_metric_name=roc_auc val_metric=0.7702
Step 1150 | loss 0.0815 | val_acc=0.9681 val_roc_auc=0.7680 val_loss=0.1297 val_metric_name=roc_auc val_metric=0.7680
Step 1200 | loss 0.0785 | val_acc=0.9675 val_roc_auc=0.7650 val_loss=0.1337 val_metric_name=roc_auc val_metric=0.7650
Step 1250 | loss 0.0727 | val_acc=0.9674 val_roc_auc=0.7619 val_loss=0.1379 val_metric_name=roc_auc val_metric=0.7619
Early stopping at step 1260

--- Final (best ckpt @ step 960) ---
  train_acc=0.9763 train_roc_auc=0.9303 train_loss=0.0788 train_metric_name=roc_auc train_metric=0.9303
  val_acc=0.9690 val_roc_auc=0.7728 val_loss=0.1208 val_metric_name=roc_auc val_metric=0.7728
  test_acc=0.9711 test_roc_auc=0.7603 test_loss=0.1224 test_metric_name=roc_auc test_metric=0.7603
  test_roc_auc=0.7603

============================================================
Training TABM-questions GT 2L h=512 lr=3e-05 split=7
============================================================
Step    1 | loss 1.1657 | val_acc=0.8906 val_roc_auc=0.4852 val_loss=0.4581 val_metric_name=roc_auc val_metric=0.4852
Step   50 | loss 0.1438 | val_acc=0.9702 val_roc_auc=0.5998 val_loss=0.1425 val_metric_name=roc_auc val_metric=0.5998
Step  100 | loss 0.1360 | val_acc=0.9702 val_roc_auc=0.6629 val_loss=0.1304 val_metric_name=roc_auc val_metric=0.6629
Step  150 | loss 0.1327 | val_acc=0.9702 val_roc_auc=0.6952 val_loss=0.1258 val_metric_name=roc_auc val_metric=0.6952
Step  200 | loss 0.1307 | val_acc=0.9702 val_roc_auc=0.7145 val_loss=0.1229 val_metric_name=roc_auc val_metric=0.7145
Step  250 | loss 0.1285 | val_acc=0.9706 val_roc_auc=0.7282 val_loss=0.1207 val_metric_name=roc_auc val_metric=0.7282
Step  300 | loss 0.1262 | val_acc=0.9713 val_roc_auc=0.7386 val_loss=0.1191 val_metric_name=roc_auc val_metric=0.7386
Step  350 | loss 0.1245 | val_acc=0.9713 val_roc_auc=0.7473 val_loss=0.1177 val_metric_name=roc_auc val_metric=0.7473
Step  400 | loss 0.1224 | val_acc=0.9714 val_roc_auc=0.7549 val_loss=0.1168 val_metric_name=roc_auc val_metric=0.7549
Step  450 | loss 0.1203 | val_acc=0.9717 val_roc_auc=0.7615 val_loss=0.1161 val_metric_name=roc_auc val_metric=0.7615
Step  500 | loss 0.1187 | val_acc=0.9722 val_roc_auc=0.7672 val_loss=0.1158 val_metric_name=roc_auc val_metric=0.7672
Step  550 | loss 0.1167 | val_acc=0.9722 val_roc_auc=0.7724 val_loss=0.1159 val_metric_name=roc_auc val_metric=0.7724
Step  600 | loss 0.1148 | val_acc=0.9722 val_roc_auc=0.7769 val_loss=0.1165 val_metric_name=roc_auc val_metric=0.7769
Step  650 | loss 0.1126 | val_acc=0.9713 val_roc_auc=0.7807 val_loss=0.1178 val_metric_name=roc_auc val_metric=0.7807
Step  700 | loss 0.1105 | val_acc=0.9709 val_roc_auc=0.7839 val_loss=0.1194 val_metric_name=roc_auc val_metric=0.7839
Step  750 | loss 0.1079 | val_acc=0.9692 val_roc_auc=0.7862 val_loss=0.1220 val_metric_name=roc_auc val_metric=0.7862
Step  800 | loss 0.1053 | val_acc=0.9674 val_roc_auc=0.7882 val_loss=0.1247 val_metric_name=roc_auc val_metric=0.7882
Step  850 | loss 0.1023 | val_acc=0.9657 val_roc_auc=0.7894 val_loss=0.1269 val_metric_name=roc_auc val_metric=0.7894
Step  900 | loss 0.0999 | val_acc=0.9646 val_roc_auc=0.7895 val_loss=0.1289 val_metric_name=roc_auc val_metric=0.7895
Step  950 | loss 0.0960 | val_acc=0.9612 val_roc_auc=0.7890 val_loss=0.1339 val_metric_name=roc_auc val_metric=0.7890
Step 1000 | loss 0.0914 | val_acc=0.9606 val_roc_auc=0.7874 val_loss=0.1379 val_metric_name=roc_auc val_metric=0.7874
Step 1050 | loss 0.0877 | val_acc=0.9597 val_roc_auc=0.7845 val_loss=0.1413 val_metric_name=roc_auc val_metric=0.7845
Step 1100 | loss 0.0827 | val_acc=0.9570 val_roc_auc=0.7819 val_loss=0.1471 val_metric_name=roc_auc val_metric=0.7819
Step 1150 | loss 0.0763 | val_acc=0.9583 val_roc_auc=0.7790 val_loss=0.1489 val_metric_name=roc_auc val_metric=0.7790
Step 1200 | loss 0.0719 | val_acc=0.9563 val_roc_auc=0.7762 val_loss=0.1568 val_metric_name=roc_auc val_metric=0.7762
Early stopping at step 1226

--- Final (best ckpt @ step 920) ---
  train_acc=0.9727 train_roc_auc=0.9247 train_loss=0.0889 train_metric_name=roc_auc train_metric=0.9247
  val_acc=0.9633 val_roc_auc=0.7896 val_loss=0.1311 val_metric_name=roc_auc val_metric=0.7896
  test_acc=0.9637 test_roc_auc=0.7877 test_loss=0.1300 test_metric_name=roc_auc test_metric=0.7877
  test_roc_auc=0.7877

============================================================
Training TABM-questions GT 3L h=512 lr=3e-05 split=7
============================================================
Step    1 | loss 0.9050 | val_acc=0.9684 val_roc_auc=0.4911 val_loss=0.2665 val_metric_name=roc_auc val_metric=0.4911
Step   50 | loss 0.1406 | val_acc=0.9702 val_roc_auc=0.6578 val_loss=0.1279 val_metric_name=roc_auc val_metric=0.6578
Step  100 | loss 0.1334 | val_acc=0.9702 val_roc_auc=0.7062 val_loss=0.1249 val_metric_name=roc_auc val_metric=0.7062
Step  150 | loss 0.1298 | val_acc=0.9702 val_roc_auc=0.7275 val_loss=0.1216 val_metric_name=roc_auc val_metric=0.7275
Step  200 | loss 0.1276 | val_acc=0.9706 val_roc_auc=0.7403 val_loss=0.1197 val_metric_name=roc_auc val_metric=0.7403
Step  250 | loss 0.1253 | val_acc=0.9713 val_roc_auc=0.7494 val_loss=0.1184 val_metric_name=roc_auc val_metric=0.7494
Step  300 | loss 0.1233 | val_acc=0.9711 val_roc_auc=0.7573 val_loss=0.1177 val_metric_name=roc_auc val_metric=0.7573
Step  350 | loss 0.1209 | val_acc=0.9716 val_roc_auc=0.7638 val_loss=0.1176 val_metric_name=roc_auc val_metric=0.7638
Step  400 | loss 0.1190 | val_acc=0.9716 val_roc_auc=0.7697 val_loss=0.1185 val_metric_name=roc_auc val_metric=0.7697
Step  450 | loss 0.1173 | val_acc=0.9720 val_roc_auc=0.7747 val_loss=0.1204 val_metric_name=roc_auc val_metric=0.7747
Step  500 | loss 0.1145 | val_acc=0.9711 val_roc_auc=0.7787 val_loss=0.1243 val_metric_name=roc_auc val_metric=0.7787
Step  550 | loss 0.1120 | val_acc=0.9699 val_roc_auc=0.7817 val_loss=0.1269 val_metric_name=roc_auc val_metric=0.7817
Step  600 | loss 0.1105 | val_acc=0.9669 val_roc_auc=0.7845 val_loss=0.1314 val_metric_name=roc_auc val_metric=0.7845
Step  650 | loss 0.1074 | val_acc=0.9643 val_roc_auc=0.7864 val_loss=0.1343 val_metric_name=roc_auc val_metric=0.7864
Step  700 | loss 0.1050 | val_acc=0.9611 val_roc_auc=0.7878 val_loss=0.1392 val_metric_name=roc_auc val_metric=0.7878
Step  750 | loss 0.1030 | val_acc=0.9587 val_roc_auc=0.7888 val_loss=0.1421 val_metric_name=roc_auc val_metric=0.7888
Step  800 | loss 0.0989 | val_acc=0.9554 val_roc_auc=0.7894 val_loss=0.1486 val_metric_name=roc_auc val_metric=0.7894
Step  850 | loss 0.0949 | val_acc=0.9513 val_roc_auc=0.7887 val_loss=0.1535 val_metric_name=roc_auc val_metric=0.7887
Step  900 | loss 0.0896 | val_acc=0.9493 val_roc_auc=0.7879 val_loss=0.1582 val_metric_name=roc_auc val_metric=0.7879
Step  950 | loss 0.0849 | val_acc=0.9478 val_roc_auc=0.7853 val_loss=0.1617 val_metric_name=roc_auc val_metric=0.7853
Step 1000 | loss 0.0791 | val_acc=0.9422 val_roc_auc=0.7821 val_loss=0.1741 val_metric_name=roc_auc val_metric=0.7821
Step 1050 | loss 0.0733 | val_acc=0.9445 val_roc_auc=0.7779 val_loss=0.1740 val_metric_name=roc_auc val_metric=0.7779
Step 1100 | loss 0.0684 | val_acc=0.9477 val_roc_auc=0.7734 val_loss=0.1767 val_metric_name=roc_auc val_metric=0.7734
Early stopping at step 1117

--- Final (best ckpt @ step 800) ---
  train_acc=0.9655 train_roc_auc=0.9154 train_loss=0.1084 train_metric_name=roc_auc train_metric=0.9154
  val_acc=0.9554 val_roc_auc=0.7894 val_loss=0.1486 val_metric_name=roc_auc val_metric=0.7894
  test_acc=0.9556 test_roc_auc=0.7891 test_loss=0.1469 test_metric_name=roc_auc test_metric=0.7891
  test_roc_auc=0.7891

============================================================
Training TABM-questions GT 4L h=512 lr=3e-05 split=7
============================================================
Step    1 | loss 0.6652 | val_acc=0.9702 val_roc_auc=0.4954 val_loss=0.1624 val_metric_name=roc_auc val_metric=0.4954
Step   50 | loss 0.1369 | val_acc=0.9702 val_roc_auc=0.6685 val_loss=0.1296 val_metric_name=roc_auc val_metric=0.6685
Step  100 | loss 0.1319 | val_acc=0.9702 val_roc_auc=0.7096 val_loss=0.1229 val_metric_name=roc_auc val_metric=0.7096
Step  150 | loss 0.1286 | val_acc=0.9703 val_roc_auc=0.7288 val_loss=0.1208 val_metric_name=roc_auc val_metric=0.7288
Step  200 | loss 0.1256 | val_acc=0.9711 val_roc_auc=0.7422 val_loss=0.1195 val_metric_name=roc_auc val_metric=0.7422
Step  250 | loss 0.1237 | val_acc=0.9713 val_roc_auc=0.7529 val_loss=0.1188 val_metric_name=roc_auc val_metric=0.7529
Step  300 | loss 0.1209 | val_acc=0.9715 val_roc_auc=0.7619 val_loss=0.1189 val_metric_name=roc_auc val_metric=0.7619
Step  350 | loss 0.1183 | val_acc=0.9720 val_roc_auc=0.7697 val_loss=0.1202 val_metric_name=roc_auc val_metric=0.7697
Step  400 | loss 0.1163 | val_acc=0.9720 val_roc_auc=0.7762 val_loss=0.1231 val_metric_name=roc_auc val_metric=0.7762
Step  450 | loss 0.1136 | val_acc=0.9706 val_roc_auc=0.7807 val_loss=0.1275 val_metric_name=roc_auc val_metric=0.7807
Step  500 | loss 0.1116 | val_acc=0.9679 val_roc_auc=0.7840 val_loss=0.1318 val_metric_name=roc_auc val_metric=0.7840
Step  550 | loss 0.1101 | val_acc=0.9648 val_roc_auc=0.7860 val_loss=0.1368 val_metric_name=roc_auc val_metric=0.7860
Step  600 | loss 0.1068 | val_acc=0.9612 val_roc_auc=0.7876 val_loss=0.1417 val_metric_name=roc_auc val_metric=0.7876
Step  650 | loss 0.1036 | val_acc=0.9593 val_roc_auc=0.7890 val_loss=0.1443 val_metric_name=roc_auc val_metric=0.7890
Step  700 | loss 0.1008 | val_acc=0.9566 val_roc_auc=0.7897 val_loss=0.1469 val_metric_name=roc_auc val_metric=0.7897
Step  750 | loss 0.0968 | val_acc=0.9549 val_roc_auc=0.7898 val_loss=0.1495 val_metric_name=roc_auc val_metric=0.7898
Step  800 | loss 0.0936 | val_acc=0.9504 val_roc_auc=0.7889 val_loss=0.1551 val_metric_name=roc_auc val_metric=0.7889
Step  850 | loss 0.0884 | val_acc=0.9453 val_roc_auc=0.7868 val_loss=0.1664 val_metric_name=roc_auc val_metric=0.7868
Step  900 | loss 0.0845 | val_acc=0.9428 val_roc_auc=0.7851 val_loss=0.1700 val_metric_name=roc_auc val_metric=0.7851
Step  950 | loss 0.0779 | val_acc=0.9449 val_roc_auc=0.7827 val_loss=0.1687 val_metric_name=roc_auc val_metric=0.7827
Step 1000 | loss 0.0718 | val_acc=0.9445 val_roc_auc=0.7788 val_loss=0.1745 val_metric_name=roc_auc val_metric=0.7788
Step 1050 | loss 0.0654 | val_acc=0.9452 val_roc_auc=0.7747 val_loss=0.1800 val_metric_name=roc_auc val_metric=0.7747
Early stopping at step 1051

--- Final (best ckpt @ step 750) ---
  train_acc=0.9658 train_roc_auc=0.9221 train_loss=0.1067 train_metric_name=roc_auc train_metric=0.9221
  val_acc=0.9549 val_roc_auc=0.7898 val_loss=0.1495 val_metric_name=roc_auc val_metric=0.7898
  test_acc=0.9549 test_roc_auc=0.7924 test_loss=0.1481 test_metric_name=roc_auc test_metric=0.7924
  test_roc_auc=0.7924

============================================================
Training TABM-questions GT 5L h=512 lr=3e-05 split=7
============================================================
Step    1 | loss 1.0869 | val_acc=0.9693 val_roc_auc=0.4587 val_loss=0.2237 val_metric_name=roc_auc val_metric=0.4587
Step   50 | loss 0.1397 | val_acc=0.9702 val_roc_auc=0.6601 val_loss=0.1302 val_metric_name=roc_auc val_metric=0.6601
Step  100 | loss 0.1336 | val_acc=0.9702 val_roc_auc=0.7059 val_loss=0.1245 val_metric_name=roc_auc val_metric=0.7059
Step  150 | loss 0.1307 | val_acc=0.9702 val_roc_auc=0.7247 val_loss=0.1219 val_metric_name=roc_auc val_metric=0.7247
Step  200 | loss 0.1279 | val_acc=0.9708 val_roc_auc=0.7373 val_loss=0.1205 val_metric_name=roc_auc val_metric=0.7373
Step  250 | loss 0.1258 | val_acc=0.9712 val_roc_auc=0.7463 val_loss=0.1195 val_metric_name=roc_auc val_metric=0.7463
Step  300 | loss 0.1230 | val_acc=0.9712 val_roc_auc=0.7542 val_loss=0.1190 val_metric_name=roc_auc val_metric=0.7542
Step  350 | loss 0.1216 | val_acc=0.9712 val_roc_auc=0.7611 val_loss=0.1190 val_metric_name=roc_auc val_metric=0.7611
Step  400 | loss 0.1195 | val_acc=0.9715 val_roc_auc=0.7677 val_loss=0.1195 val_metric_name=roc_auc val_metric=0.7677
Step  450 | loss 0.1176 | val_acc=0.9716 val_roc_auc=0.7731 val_loss=0.1211 val_metric_name=roc_auc val_metric=0.7731
Step  500 | loss 0.1156 | val_acc=0.9715 val_roc_auc=0.7776 val_loss=0.1235 val_metric_name=roc_auc val_metric=0.7776
Step  550 | loss 0.1141 | val_acc=0.9706 val_roc_auc=0.7819 val_loss=0.1268 val_metric_name=roc_auc val_metric=0.7819
Step  600 | loss 0.1114 | val_acc=0.9686 val_roc_auc=0.7842 val_loss=0.1310 val_metric_name=roc_auc val_metric=0.7842
Step  650 | loss 0.1095 | val_acc=0.9657 val_roc_auc=0.7864 val_loss=0.1366 val_metric_name=roc_auc val_metric=0.7864
Step  700 | loss 0.1078 | val_acc=0.9615 val_roc_auc=0.7878 val_loss=0.1417 val_metric_name=roc_auc val_metric=0.7878
Step  750 | loss 0.1057 | val_acc=0.9588 val_roc_auc=0.7895 val_loss=0.1446 val_metric_name=roc_auc val_metric=0.7895
Step  800 | loss 0.1019 | val_acc=0.9550 val_roc_auc=0.7902 val_loss=0.1510 val_metric_name=roc_auc val_metric=0.7902
Step  850 | loss 0.0990 | val_acc=0.9510 val_roc_auc=0.7905 val_loss=0.1563 val_metric_name=roc_auc val_metric=0.7905
Step  900 | loss 0.0952 | val_acc=0.9503 val_roc_auc=0.7902 val_loss=0.1558 val_metric_name=roc_auc val_metric=0.7902
Step  950 | loss 0.0922 | val_acc=0.9505 val_roc_auc=0.7887 val_loss=0.1559 val_metric_name=roc_auc val_metric=0.7887
Step 1000 | loss 0.0875 | val_acc=0.9463 val_roc_auc=0.7867 val_loss=0.1634 val_metric_name=roc_auc val_metric=0.7867
Step 1050 | loss 0.0830 | val_acc=0.9425 val_roc_auc=0.7845 val_loss=0.1718 val_metric_name=roc_auc val_metric=0.7845
Step 1100 | loss 0.0771 | val_acc=0.9417 val_roc_auc=0.7817 val_loss=0.1757 val_metric_name=roc_auc val_metric=0.7817
Early stopping at step 1120

--- Final (best ckpt @ step 820) ---
  train_acc=0.9640 train_roc_auc=0.9027 train_loss=0.1169 train_metric_name=roc_auc train_metric=0.9027
  val_acc=0.9549 val_roc_auc=0.7906 val_loss=0.1504 val_metric_name=roc_auc val_metric=0.7906
  test_acc=0.9554 test_roc_auc=0.7918 test_loss=0.1486 test_metric_name=roc_auc test_metric=0.7918
  test_roc_auc=0.7918
  >> num_layers=1 hidden_dim=512 lr=3e-05 best_step=960 val_roc_auc=0.7728 test_roc_auc=0.7603
     val_acc=0.9690 val_loss=0.1208 val_metric=0.7728 val_metric_name=roc_auc val_roc_auc=0.7728
     test_acc=0.9711 test_loss=0.1224 test_metric=0.7603 test_metric_name=roc_auc test_roc_auc=0.7603
  >> num_layers=2 hidden_dim=512 lr=3e-05 best_step=920 val_roc_auc=0.7896 test_roc_auc=0.7877
     val_acc=0.9633 val_loss=0.1311 val_metric=0.7896 val_metric_name=roc_auc val_roc_auc=0.7896
     test_acc=0.9637 test_loss=0.1300 test_metric=0.7877 test_metric_name=roc_auc test_roc_auc=0.7877
  >> num_layers=3 hidden_dim=512 lr=3e-05 best_step=800 val_roc_auc=0.7894 test_roc_auc=0.7891
     val_acc=0.9554 val_loss=0.1486 val_metric=0.7894 val_metric_name=roc_auc val_roc_auc=0.7894
     test_acc=0.9556 test_loss=0.1469 test_metric=0.7891 test_metric_name=roc_auc test_roc_auc=0.7891
  >> num_layers=4 hidden_dim=512 lr=3e-05 best_step=750 val_roc_auc=0.7898 test_roc_auc=0.7924
     val_acc=0.9549 val_loss=0.1495 val_metric=0.7898 val_metric_name=roc_auc val_roc_auc=0.7898
     test_acc=0.9549 test_loss=0.1481 test_metric=0.7924 test_metric_name=roc_auc test_roc_auc=0.7924
  >> num_layers=5 hidden_dim=512 lr=3e-05 best_step=820 val_roc_auc=0.7906 test_roc_auc=0.7918
     val_acc=0.9549 val_loss=0.1504 val_metric=0.7906 val_metric_name=roc_auc val_roc_auc=0.7906
     test_acc=0.9554 test_loss=0.1486 test_metric=0.7918 test_metric_name=roc_auc test_roc_auc=0.7918
  >> selected best (by val): num_layers=5 hidden_dim=512 lr=3e-05 best_step=820 val_roc_auc=0.7906 test_roc_auc=0.7918
     val_acc=0.9549 val_loss=0.1504 val_metric=0.7906 val_metric_name=roc_auc val_roc_auc=0.7906
     test_acc=0.9554 test_loss=0.1486 test_metric=0.7918 test_metric_name=roc_auc test_roc_auc=0.7918

Done. Results saved to /home/avshmelev/diploma_yandex_graphs/results/questions/tabm.csv, checkpoints in /home/avshmelev/diploma_yandex_graphs/all_checkpoints/questions/tabm/
