Loading data...

============================================================
Training TABM-questions ResNet 1L split=9
============================================================
Step    1 | loss 1.0817 | val_acc 0.4694
Step   50 | loss 0.1521 | val_acc 0.9702
Step  100 | loss 0.1414 | val_acc 0.9702
Step  150 | loss 0.1374 | val_acc 0.9702
Step  200 | loss 0.1346 | val_acc 0.9704
Step  250 | loss 0.1336 | val_acc 0.9712
Step  300 | loss 0.1304 | val_acc 0.9712
Step  350 | loss 0.1291 | val_acc 0.9712
Step  400 | loss 0.1280 | val_acc 0.9718
Step  450 | loss 0.1269 | val_acc 0.9717
Step  500 | loss 0.1258 | val_acc 0.9717
Step  550 | loss 0.1246 | val_acc 0.9721
Step  600 | loss 0.1225 | val_acc 0.9723
Step  650 | loss 0.1223 | val_acc 0.9726
Step  700 | loss 0.1216 | val_acc 0.9728
Step  750 | loss 0.1206 | val_acc 0.9728
Step  800 | loss 0.1204 | val_acc 0.9728
Step  850 | loss 0.1189 | val_acc 0.9729
Step  900 | loss 0.1192 | val_acc 0.9728
Step  950 | loss 0.1179 | val_acc 0.9729
Step 1000 | loss 0.1165 | val_acc 0.9728

--- Final (best ckpt @ step 1000) ---
  train_acc=0.9725  val_acc=0.9728
  test_acc=0.9732  test_loss=0.1181
  test_roc_auc=0.7209

============================================================
Training TABM-questions ResNet 2L split=9
============================================================
Step    1 | loss 0.6557 | val_acc 0.9652
Step   50 | loss 0.1427 | val_acc 0.9702
Step  100 | loss 0.1366 | val_acc 0.9702
Step  150 | loss 0.1326 | val_acc 0.9713
Step  200 | loss 0.1299 | val_acc 0.9712
Step  250 | loss 0.1286 | val_acc 0.9716
Step  300 | loss 0.1265 | val_acc 0.9716
Step  350 | loss 0.1251 | val_acc 0.9717
Step  400 | loss 0.1240 | val_acc 0.9724
Step  450 | loss 0.1230 | val_acc 0.9726
Step  500 | loss 0.1216 | val_acc 0.9727
Step  550 | loss 0.1196 | val_acc 0.9726
Step  600 | loss 0.1194 | val_acc 0.9724
Step  650 | loss 0.1180 | val_acc 0.9724
Step  700 | loss 0.1175 | val_acc 0.9726
Step  750 | loss 0.1164 | val_acc 0.9726
Step  800 | loss 0.1159 | val_acc 0.9726
Step  850 | loss 0.1154 | val_acc 0.9725
Step  900 | loss 0.1137 | val_acc 0.9725
Step  950 | loss 0.1124 | val_acc 0.9723
Step 1000 | loss 0.1115 | val_acc 0.9724

--- Final (best ckpt @ step 1000) ---
  train_acc=0.9732  val_acc=0.9724
  test_acc=0.9726  test_loss=0.1233
  test_roc_auc=0.7204

============================================================
Training TABM-questions ResNet 3L split=9
============================================================
Step    1 | loss 1.0898 | val_acc 0.6832
Step   50 | loss 0.1428 | val_acc 0.9702
Step  100 | loss 0.1374 | val_acc 0.9702
Step  150 | loss 0.1335 | val_acc 0.9703
Step  200 | loss 0.1316 | val_acc 0.9712
Step  250 | loss 0.1299 | val_acc 0.9711
Step  300 | loss 0.1289 | val_acc 0.9715
Step  350 | loss 0.1272 | val_acc 0.9715
Step  400 | loss 0.1263 | val_acc 0.9720
Step  450 | loss 0.1243 | val_acc 0.9720
Step  500 | loss 0.1238 | val_acc 0.9720
Step  550 | loss 0.1222 | val_acc 0.9721
Step  600 | loss 0.1213 | val_acc 0.9723
Step  650 | loss 0.1206 | val_acc 0.9724
Step  700 | loss 0.1191 | val_acc 0.9723
Step  750 | loss 0.1180 | val_acc 0.9723
Step  800 | loss 0.1172 | val_acc 0.9723
Step  850 | loss 0.1171 | val_acc 0.9721
Step  900 | loss 0.1164 | val_acc 0.9720
Step  950 | loss 0.1154 | val_acc 0.9719
Step 1000 | loss 0.1141 | val_acc 0.9720

--- Final (best ckpt @ step 1000) ---
  train_acc=0.9726  val_acc=0.9720
  test_acc=0.9726  test_loss=0.1221
  test_roc_auc=0.7187

============================================================
Training TABM-questions ResNet 4L split=9
============================================================
Step    1 | loss 1.1995 | val_acc 0.8223
Step   50 | loss 0.1415 | val_acc 0.9702
Step  100 | loss 0.1375 | val_acc 0.9702
Step  150 | loss 0.1340 | val_acc 0.9711
Step  200 | loss 0.1317 | val_acc 0.9712
Step  250 | loss 0.1288 | val_acc 0.9715
Step  300 | loss 0.1277 | val_acc 0.9715
Step  350 | loss 0.1268 | val_acc 0.9717
Step  400 | loss 0.1249 | val_acc 0.9720
Step  450 | loss 0.1242 | val_acc 0.9720
Step  500 | loss 0.1224 | val_acc 0.9722
Step  550 | loss 0.1218 | val_acc 0.9724
Step  600 | loss 0.1217 | val_acc 0.9724
Step  650 | loss 0.1202 | val_acc 0.9723
Step  700 | loss 0.1194 | val_acc 0.9722
Step  750 | loss 0.1186 | val_acc 0.9724
Step  800 | loss 0.1177 | val_acc 0.9722
Step  850 | loss 0.1172 | val_acc 0.9720
Step  900 | loss 0.1157 | val_acc 0.9719
Step  950 | loss 0.1154 | val_acc 0.9719
Step 1000 | loss 0.1146 | val_acc 0.9715

--- Final (best ckpt @ step 1000) ---
  train_acc=0.9726  val_acc=0.9715
  test_acc=0.9724  test_loss=0.1221
  test_roc_auc=0.7198

============================================================
Training TABM-questions ResNet 5L split=9
============================================================
Step    1 | loss 0.5305 | val_acc 0.9702
Step   50 | loss 0.1397 | val_acc 0.9702
Step  100 | loss 0.1339 | val_acc 0.9710
Step  150 | loss 0.1310 | val_acc 0.9711
Step  200 | loss 0.1288 | val_acc 0.9714
Step  250 | loss 0.1269 | val_acc 0.9712
Step  300 | loss 0.1249 | val_acc 0.9721
Step  350 | loss 0.1228 | val_acc 0.9722
Step  400 | loss 0.1212 | val_acc 0.9723
Step  450 | loss 0.1203 | val_acc 0.9720
Step  500 | loss 0.1187 | val_acc 0.9721
Step  550 | loss 0.1179 | val_acc 0.9718
Step  600 | loss 0.1172 | val_acc 0.9716
Step  650 | loss 0.1167 | val_acc 0.9715
Step  700 | loss 0.1150 | val_acc 0.9712
Step  750 | loss 0.1144 | val_acc 0.9715
Step  800 | loss 0.1131 | val_acc 0.9715
Step  850 | loss 0.1118 | val_acc 0.9714
Step  900 | loss 0.1108 | val_acc 0.9715
Step  950 | loss 0.1097 | val_acc 0.9713
Step 1000 | loss 0.1068 | val_acc 0.9711

--- Final (best ckpt @ step 1000) ---
  train_acc=0.9745  val_acc=0.9711
  test_acc=0.9705  test_loss=0.1274
  test_roc_auc=0.7148
  >> selected best layer=1 best_step=1000 val_acc=0.9728 test_acc=0.9732

Done. Results saved to /home/avshmelev/diploma_yandex_graphs/results/questions/tabm.csv, checkpoints in /home/avshmelev/diploma_yandex_graphs/all_checkpoints/questions/tabm/
