Loading data...

============================================================
Training TABM-questions TAG 5L split=9
============================================================
Step    1 | loss 1.0270 | val_acc 0.9702
Step   50 | loss 0.1329 | val_acc 0.9702
Step  100 | loss 0.1281 | val_acc 0.9702
Step  150 | loss 0.1252 | val_acc 0.9710
Step  200 | loss 0.1224 | val_acc 0.9711
Step  250 | loss 0.1193 | val_acc 0.9711
Step  300 | loss 0.1179 | val_acc 0.9713
Step  350 | loss 0.1162 | val_acc 0.9716
Step  400 | loss 0.1150 | val_acc 0.9719
Step  450 | loss 0.1129 | val_acc 0.9720
Step  500 | loss 0.1112 | val_acc 0.9711
Step  550 | loss 0.1100 | val_acc 0.9709
Step  600 | loss 0.1084 | val_acc 0.9702
Step  650 | loss 0.1068 | val_acc 0.9698
Step  700 | loss 0.1058 | val_acc 0.9688
Step  750 | loss 0.1044 | val_acc 0.9672
Step  800 | loss 0.1016 | val_acc 0.9679
Step  850 | loss 0.1007 | val_acc 0.9665
Step  900 | loss 0.0993 | val_acc 0.9651
Step  950 | loss 0.0972 | val_acc 0.9660
Step 1000 | loss 0.0947 | val_acc 0.9657

--- Final (best ckpt @ step 891) ---
  train_acc=0.9720  val_acc=0.9662
  test_acc=0.9666  test_loss=0.1243
  test_roc_auc=0.7823
  >> best_step=891  val_acc=0.9662  test_acc=0.9666

Done. Results saved to /home/avshmelev/diploma_yandex_graphs/results/questions/tabm.csv, checkpoints in /home/avshmelev/diploma_yandex_graphs/all_checkpoints/questions/tabm/
Skipping: "Done." found in /home/avshmelev/diploma_yandex_graphs/results/questions/logs_tabm/TAG_tabm_split9.log
