Loading data...

============================================================
Training TABM-tolokers GCN 1L h=512 lr=3e-05 split=2
============================================================
Training for 5000 steps
Step    1 | loss 1.0948 | val_acc=0.2817 val_roc_auc=0.5113 val_loss=0.7830 val_metric_name=roc_auc val_metric=0.5113
Step   50 | loss 0.5175 | val_acc=0.7887 val_roc_auc=0.7148 val_loss=0.4907 val_metric_name=roc_auc val_metric=0.7148
Step  100 | loss 0.5010 | val_acc=0.7873 val_roc_auc=0.7286 val_loss=0.4760 val_metric_name=roc_auc val_metric=0.7286
Step  150 | loss 0.4942 | val_acc=0.7877 val_roc_auc=0.7340 val_loss=0.4697 val_metric_name=roc_auc val_metric=0.7340
Step  200 | loss 0.4844 | val_acc=0.7880 val_roc_auc=0.7379 val_loss=0.4655 val_metric_name=roc_auc val_metric=0.7379
Step  250 | loss 0.4821 | val_acc=0.7887 val_roc_auc=0.7409 val_loss=0.4621 val_metric_name=roc_auc val_metric=0.7409
Step  300 | loss 0.4731 | val_acc=0.7894 val_roc_auc=0.7435 val_loss=0.4595 val_metric_name=roc_auc val_metric=0.7435
Step  350 | loss 0.4673 | val_acc=0.7897 val_roc_auc=0.7460 val_loss=0.4568 val_metric_name=roc_auc val_metric=0.7460
Step  400 | loss 0.4682 | val_acc=0.7897 val_roc_auc=0.7480 val_loss=0.4548 val_metric_name=roc_auc val_metric=0.7480
Step  450 | loss 0.4627 | val_acc=0.7904 val_roc_auc=0.7498 val_loss=0.4526 val_metric_name=roc_auc val_metric=0.7498
Step  500 | loss 0.4609 | val_acc=0.7904 val_roc_auc=0.7516 val_loss=0.4510 val_metric_name=roc_auc val_metric=0.7516
Step  550 | loss 0.4583 | val_acc=0.7901 val_roc_auc=0.7531 val_loss=0.4492 val_metric_name=roc_auc val_metric=0.7531
Step  600 | loss 0.4548 | val_acc=0.7887 val_roc_auc=0.7547 val_loss=0.4474 val_metric_name=roc_auc val_metric=0.7547
Step  650 | loss 0.4542 | val_acc=0.7901 val_roc_auc=0.7562 val_loss=0.4460 val_metric_name=roc_auc val_metric=0.7562
Step  700 | loss 0.4505 | val_acc=0.7904 val_roc_auc=0.7580 val_loss=0.4442 val_metric_name=roc_auc val_metric=0.7580
Step  750 | loss 0.4518 | val_acc=0.7897 val_roc_auc=0.7598 val_loss=0.4425 val_metric_name=roc_auc val_metric=0.7598
Step  800 | loss 0.4490 | val_acc=0.7884 val_roc_auc=0.7616 val_loss=0.4410 val_metric_name=roc_auc val_metric=0.7616
Step  850 | loss 0.4476 | val_acc=0.7887 val_roc_auc=0.7634 val_loss=0.4393 val_metric_name=roc_auc val_metric=0.7634
Step  900 | loss 0.4454 | val_acc=0.7887 val_roc_auc=0.7651 val_loss=0.4376 val_metric_name=roc_auc val_metric=0.7651
Step  950 | loss 0.4429 | val_acc=0.7890 val_roc_auc=0.7667 val_loss=0.4363 val_metric_name=roc_auc val_metric=0.7667
Step 1000 | loss 0.4417 | val_acc=0.7901 val_roc_auc=0.7682 val_loss=0.4349 val_metric_name=roc_auc val_metric=0.7682
Step 1050 | loss 0.4401 | val_acc=0.7901 val_roc_auc=0.7694 val_loss=0.4338 val_metric_name=roc_auc val_metric=0.7694
Step 1100 | loss 0.4397 | val_acc=0.7914 val_roc_auc=0.7708 val_loss=0.4324 val_metric_name=roc_auc val_metric=0.7708
Step 1150 | loss 0.4378 | val_acc=0.7911 val_roc_auc=0.7718 val_loss=0.4314 val_metric_name=roc_auc val_metric=0.7718
Step 1200 | loss 0.4383 | val_acc=0.7918 val_roc_auc=0.7730 val_loss=0.4303 val_metric_name=roc_auc val_metric=0.7730
Step 1250 | loss 0.4377 | val_acc=0.7921 val_roc_auc=0.7739 val_loss=0.4296 val_metric_name=roc_auc val_metric=0.7739
Step 1300 | loss 0.4349 | val_acc=0.7914 val_roc_auc=0.7748 val_loss=0.4289 val_metric_name=roc_auc val_metric=0.7748
Step 1350 | loss 0.4353 | val_acc=0.7911 val_roc_auc=0.7756 val_loss=0.4283 val_metric_name=roc_auc val_metric=0.7756
Step 1400 | loss 0.4352 | val_acc=0.7918 val_roc_auc=0.7765 val_loss=0.4276 val_metric_name=roc_auc val_metric=0.7765
Step 1450 | loss 0.4322 | val_acc=0.7904 val_roc_auc=0.7770 val_loss=0.4269 val_metric_name=roc_auc val_metric=0.7770
Step 1500 | loss 0.4325 | val_acc=0.7918 val_roc_auc=0.7778 val_loss=0.4263 val_metric_name=roc_auc val_metric=0.7778
Step 1550 | loss 0.4318 | val_acc=0.7901 val_roc_auc=0.7786 val_loss=0.4256 val_metric_name=roc_auc val_metric=0.7786
Step 1600 | loss 0.4316 | val_acc=0.7918 val_roc_auc=0.7796 val_loss=0.4251 val_metric_name=roc_auc val_metric=0.7796
Step 1650 | loss 0.4301 | val_acc=0.7911 val_roc_auc=0.7802 val_loss=0.4246 val_metric_name=roc_auc val_metric=0.7802
Step 1700 | loss 0.4311 | val_acc=0.7911 val_roc_auc=0.7811 val_loss=0.4239 val_metric_name=roc_auc val_metric=0.7811
Step 1750 | loss 0.4280 | val_acc=0.7904 val_roc_auc=0.7815 val_loss=0.4235 val_metric_name=roc_auc val_metric=0.7815
Step 1800 | loss 0.4272 | val_acc=0.7918 val_roc_auc=0.7826 val_loss=0.4227 val_metric_name=roc_auc val_metric=0.7826
Step 1850 | loss 0.4269 | val_acc=0.7921 val_roc_auc=0.7833 val_loss=0.4224 val_metric_name=roc_auc val_metric=0.7833
Step 1900 | loss 0.4265 | val_acc=0.7914 val_roc_auc=0.7842 val_loss=0.4218 val_metric_name=roc_auc val_metric=0.7842
Step 1950 | loss 0.4269 | val_acc=0.7924 val_roc_auc=0.7847 val_loss=0.4216 val_metric_name=roc_auc val_metric=0.7847
Step 2000 | loss 0.4257 | val_acc=0.7921 val_roc_auc=0.7853 val_loss=0.4211 val_metric_name=roc_auc val_metric=0.7853
Step 2050 | loss 0.4253 | val_acc=0.7918 val_roc_auc=0.7861 val_loss=0.4204 val_metric_name=roc_auc val_metric=0.7861
Step 2100 | loss 0.4254 | val_acc=0.7928 val_roc_auc=0.7867 val_loss=0.4201 val_metric_name=roc_auc val_metric=0.7867
Step 2150 | loss 0.4245 | val_acc=0.7928 val_roc_auc=0.7873 val_loss=0.4195 val_metric_name=roc_auc val_metric=0.7873
Step 2200 | loss 0.4230 | val_acc=0.7921 val_roc_auc=0.7876 val_loss=0.4194 val_metric_name=roc_auc val_metric=0.7876
Step 2250 | loss 0.4233 | val_acc=0.7924 val_roc_auc=0.7885 val_loss=0.4188 val_metric_name=roc_auc val_metric=0.7885
Step 2300 | loss 0.4228 | val_acc=0.7928 val_roc_auc=0.7890 val_loss=0.4184 val_metric_name=roc_auc val_metric=0.7890
Step 2350 | loss 0.4228 | val_acc=0.7935 val_roc_auc=0.7900 val_loss=0.4178 val_metric_name=roc_auc val_metric=0.7900
Step 2400 | loss 0.4199 | val_acc=0.7928 val_roc_auc=0.7901 val_loss=0.4176 val_metric_name=roc_auc val_metric=0.7901
Step 2450 | loss 0.4218 | val_acc=0.7931 val_roc_auc=0.7909 val_loss=0.4172 val_metric_name=roc_auc val_metric=0.7909
Step 2500 | loss 0.4196 | val_acc=0.7935 val_roc_auc=0.7912 val_loss=0.4171 val_metric_name=roc_auc val_metric=0.7912
Step 2550 | loss 0.4207 | val_acc=0.7928 val_roc_auc=0.7916 val_loss=0.4168 val_metric_name=roc_auc val_metric=0.7916
Step 2600 | loss 0.4206 | val_acc=0.7935 val_roc_auc=0.7922 val_loss=0.4163 val_metric_name=roc_auc val_metric=0.7922
Step 2650 | loss 0.4195 | val_acc=0.7945 val_roc_auc=0.7925 val_loss=0.4161 val_metric_name=roc_auc val_metric=0.7925
Step 2700 | loss 0.4177 | val_acc=0.7955 val_roc_auc=0.7932 val_loss=0.4157 val_metric_name=roc_auc val_metric=0.7932
Step 2750 | loss 0.4175 | val_acc=0.7952 val_roc_auc=0.7934 val_loss=0.4156 val_metric_name=roc_auc val_metric=0.7934
Step 2800 | loss 0.4194 | val_acc=0.7962 val_roc_auc=0.7938 val_loss=0.4151 val_metric_name=roc_auc val_metric=0.7938
Step 2850 | loss 0.4180 | val_acc=0.7958 val_roc_auc=0.7939 val_loss=0.4151 val_metric_name=roc_auc val_metric=0.7939
Step 2900 | loss 0.4184 | val_acc=0.7965 val_roc_auc=0.7945 val_loss=0.4148 val_metric_name=roc_auc val_metric=0.7945
Step 2950 | loss 0.4153 | val_acc=0.7972 val_roc_auc=0.7947 val_loss=0.4146 val_metric_name=roc_auc val_metric=0.7947
Step 3000 | loss 0.4157 | val_acc=0.7965 val_roc_auc=0.7946 val_loss=0.4145 val_metric_name=roc_auc val_metric=0.7946
Step 3050 | loss 0.4160 | val_acc=0.7972 val_roc_auc=0.7950 val_loss=0.4143 val_metric_name=roc_auc val_metric=0.7950
Step 3100 | loss 0.4145 | val_acc=0.7965 val_roc_auc=0.7953 val_loss=0.4143 val_metric_name=roc_auc val_metric=0.7953
Step 3150 | loss 0.4170 | val_acc=0.7965 val_roc_auc=0.7955 val_loss=0.4142 val_metric_name=roc_auc val_metric=0.7955
Step 3200 | loss 0.4146 | val_acc=0.7962 val_roc_auc=0.7957 val_loss=0.4140 val_metric_name=roc_auc val_metric=0.7957
Step 3250 | loss 0.4158 | val_acc=0.7962 val_roc_auc=0.7964 val_loss=0.4134 val_metric_name=roc_auc val_metric=0.7964
Step 3300 | loss 0.4151 | val_acc=0.7969 val_roc_auc=0.7970 val_loss=0.4134 val_metric_name=roc_auc val_metric=0.7970
Step 3350 | loss 0.4162 | val_acc=0.7962 val_roc_auc=0.7971 val_loss=0.4133 val_metric_name=roc_auc val_metric=0.7971
Step 3400 | loss 0.4137 | val_acc=0.7965 val_roc_auc=0.7971 val_loss=0.4131 val_metric_name=roc_auc val_metric=0.7971
Step 3450 | loss 0.4127 | val_acc=0.7969 val_roc_auc=0.7975 val_loss=0.4129 val_metric_name=roc_auc val_metric=0.7975
Step 3500 | loss 0.4136 | val_acc=0.7972 val_roc_auc=0.7980 val_loss=0.4126 val_metric_name=roc_auc val_metric=0.7980
Step 3550 | loss 0.4134 | val_acc=0.7972 val_roc_auc=0.7981 val_loss=0.4126 val_metric_name=roc_auc val_metric=0.7981
Step 3600 | loss 0.4126 | val_acc=0.7972 val_roc_auc=0.7984 val_loss=0.4124 val_metric_name=roc_auc val_metric=0.7984
Step 3650 | loss 0.4129 | val_acc=0.7972 val_roc_auc=0.7987 val_loss=0.4122 val_metric_name=roc_auc val_metric=0.7987
Step 3700 | loss 0.4118 | val_acc=0.7979 val_roc_auc=0.7991 val_loss=0.4121 val_metric_name=roc_auc val_metric=0.7991
Step 3750 | loss 0.4125 | val_acc=0.7986 val_roc_auc=0.7995 val_loss=0.4117 val_metric_name=roc_auc val_metric=0.7995
Step 3800 | loss 0.4113 | val_acc=0.7993 val_roc_auc=0.7997 val_loss=0.4117 val_metric_name=roc_auc val_metric=0.7997
Step 3850 | loss 0.4117 | val_acc=0.7996 val_roc_auc=0.7995 val_loss=0.4117 val_metric_name=roc_auc val_metric=0.7995
Step 3900 | loss 0.4095 | val_acc=0.7986 val_roc_auc=0.8000 val_loss=0.4117 val_metric_name=roc_auc val_metric=0.8000
Step 3950 | loss 0.4100 | val_acc=0.8003 val_roc_auc=0.8004 val_loss=0.4114 val_metric_name=roc_auc val_metric=0.8004
Step 4000 | loss 0.4096 | val_acc=0.7986 val_roc_auc=0.8004 val_loss=0.4113 val_metric_name=roc_auc val_metric=0.8004
Step 4050 | loss 0.4085 | val_acc=0.8006 val_roc_auc=0.8010 val_loss=0.4111 val_metric_name=roc_auc val_metric=0.8010
Step 4100 | loss 0.4093 | val_acc=0.8006 val_roc_auc=0.8010 val_loss=0.4111 val_metric_name=roc_auc val_metric=0.8010
Step 4150 | loss 0.4089 | val_acc=0.8010 val_roc_auc=0.8015 val_loss=0.4108 val_metric_name=roc_auc val_metric=0.8015
Step 4200 | loss 0.4096 | val_acc=0.8010 val_roc_auc=0.8012 val_loss=0.4109 val_metric_name=roc_auc val_metric=0.8012
Step 4250 | loss 0.4076 | val_acc=0.7996 val_roc_auc=0.8015 val_loss=0.4109 val_metric_name=roc_auc val_metric=0.8015
Step 4300 | loss 0.4082 | val_acc=0.8006 val_roc_auc=0.8015 val_loss=0.4110 val_metric_name=roc_auc val_metric=0.8015
Step 4350 | loss 0.4082 | val_acc=0.8003 val_roc_auc=0.8019 val_loss=0.4106 val_metric_name=roc_auc val_metric=0.8019
Step 4400 | loss 0.4072 | val_acc=0.7993 val_roc_auc=0.8017 val_loss=0.4107 val_metric_name=roc_auc val_metric=0.8017
Step 4450 | loss 0.4071 | val_acc=0.8003 val_roc_auc=0.8025 val_loss=0.4103 val_metric_name=roc_auc val_metric=0.8025
Step 4500 | loss 0.4070 | val_acc=0.8010 val_roc_auc=0.8023 val_loss=0.4104 val_metric_name=roc_auc val_metric=0.8023
Step 4550 | loss 0.4064 | val_acc=0.8013 val_roc_auc=0.8022 val_loss=0.4105 val_metric_name=roc_auc val_metric=0.8022
Step 4600 | loss 0.4061 | val_acc=0.7999 val_roc_auc=0.8025 val_loss=0.4103 val_metric_name=roc_auc val_metric=0.8025
Step 4650 | loss 0.4062 | val_acc=0.8006 val_roc_auc=0.8027 val_loss=0.4102 val_metric_name=roc_auc val_metric=0.8027
Step 4700 | loss 0.4055 | val_acc=0.8003 val_roc_auc=0.8026 val_loss=0.4103 val_metric_name=roc_auc val_metric=0.8026
Step 4750 | loss 0.4047 | val_acc=0.8003 val_roc_auc=0.8029 val_loss=0.4100 val_metric_name=roc_auc val_metric=0.8029
Step 4800 | loss 0.4041 | val_acc=0.7993 val_roc_auc=0.8031 val_loss=0.4100 val_metric_name=roc_auc val_metric=0.8031
Step 4850 | loss 0.4051 | val_acc=0.8010 val_roc_auc=0.8033 val_loss=0.4101 val_metric_name=roc_auc val_metric=0.8033
Step 4900 | loss 0.4037 | val_acc=0.8003 val_roc_auc=0.8027 val_loss=0.4102 val_metric_name=roc_auc val_metric=0.8027
Step 4950 | loss 0.4044 | val_acc=0.7989 val_roc_auc=0.8031 val_loss=0.4099 val_metric_name=roc_auc val_metric=0.8031
Step 5000 | loss 0.4027 | val_acc=0.8003 val_roc_auc=0.8035 val_loss=0.4098 val_metric_name=roc_auc val_metric=0.8035

--- Final (best ckpt @ step 5000) ---
  train_acc=0.8069 train_roc_auc=0.8317 train_loss=0.3869 train_metric_name=roc_auc train_metric=0.8317
  val_acc=0.8003 val_roc_auc=0.8035 val_loss=0.4098 val_metric_name=roc_auc val_metric=0.8035
  test_acc=0.8085 test_roc_auc=0.8196 test_loss=0.3958 test_metric_name=roc_auc test_metric=0.8196
  test_roc_auc=0.8196

============================================================
Training TABM-tolokers GCN 2L h=512 lr=3e-05 split=2
============================================================
Training for 5000 steps
Step    1 | loss 0.9922 | val_acc=0.7196 val_roc_auc=0.4544 val_loss=0.6105 val_metric_name=roc_auc val_metric=0.4544
Step   50 | loss 0.5014 | val_acc=0.7901 val_roc_auc=0.7293 val_loss=0.4838 val_metric_name=roc_auc val_metric=0.7293
Step  100 | loss 0.4882 | val_acc=0.7897 val_roc_auc=0.7413 val_loss=0.4668 val_metric_name=roc_auc val_metric=0.7413
Step  150 | loss 0.4789 | val_acc=0.7897 val_roc_auc=0.7475 val_loss=0.4604 val_metric_name=roc_auc val_metric=0.7475
Step  200 | loss 0.4721 | val_acc=0.7904 val_roc_auc=0.7520 val_loss=0.4547 val_metric_name=roc_auc val_metric=0.7520
Step  250 | loss 0.4653 | val_acc=0.7904 val_roc_auc=0.7560 val_loss=0.4504 val_metric_name=roc_auc val_metric=0.7560
Step  300 | loss 0.4580 | val_acc=0.7911 val_roc_auc=0.7603 val_loss=0.4449 val_metric_name=roc_auc val_metric=0.7603
Step  350 | loss 0.4497 | val_acc=0.7918 val_roc_auc=0.7650 val_loss=0.4400 val_metric_name=roc_auc val_metric=0.7650
Step  400 | loss 0.4442 | val_acc=0.7907 val_roc_auc=0.7704 val_loss=0.4351 val_metric_name=roc_auc val_metric=0.7704
Step  450 | loss 0.4389 | val_acc=0.7911 val_roc_auc=0.7772 val_loss=0.4299 val_metric_name=roc_auc val_metric=0.7772
Step  500 | loss 0.4357 | val_acc=0.7914 val_roc_auc=0.7844 val_loss=0.4251 val_metric_name=roc_auc val_metric=0.7844
Step  550 | loss 0.4310 | val_acc=0.7952 val_roc_auc=0.7910 val_loss=0.4221 val_metric_name=roc_auc val_metric=0.7910
Step  600 | loss 0.4274 | val_acc=0.7972 val_roc_auc=0.7971 val_loss=0.4182 val_metric_name=roc_auc val_metric=0.7971
Step  650 | loss 0.4219 | val_acc=0.8006 val_roc_auc=0.8012 val_loss=0.4153 val_metric_name=roc_auc val_metric=0.8012
Step  700 | loss 0.4184 | val_acc=0.8016 val_roc_auc=0.8043 val_loss=0.4138 val_metric_name=roc_auc val_metric=0.8043
Step  750 | loss 0.4163 | val_acc=0.8037 val_roc_auc=0.8067 val_loss=0.4127 val_metric_name=roc_auc val_metric=0.8067
Step  800 | loss 0.4124 | val_acc=0.8067 val_roc_auc=0.8080 val_loss=0.4109 val_metric_name=roc_auc val_metric=0.8080
Step  850 | loss 0.4115 | val_acc=0.8071 val_roc_auc=0.8101 val_loss=0.4107 val_metric_name=roc_auc val_metric=0.8101
Step  900 | loss 0.4110 | val_acc=0.8067 val_roc_auc=0.8121 val_loss=0.4113 val_metric_name=roc_auc val_metric=0.8121
Step  950 | loss 0.4082 | val_acc=0.8095 val_roc_auc=0.8120 val_loss=0.4079 val_metric_name=roc_auc val_metric=0.8120
Step 1000 | loss 0.4071 | val_acc=0.8101 val_roc_auc=0.8140 val_loss=0.4069 val_metric_name=roc_auc val_metric=0.8140
Step 1050 | loss 0.4054 | val_acc=0.8105 val_roc_auc=0.8141 val_loss=0.4071 val_metric_name=roc_auc val_metric=0.8141
Step 1100 | loss 0.4050 | val_acc=0.8095 val_roc_auc=0.8158 val_loss=0.4078 val_metric_name=roc_auc val_metric=0.8158
Step 1150 | loss 0.4034 | val_acc=0.8108 val_roc_auc=0.8163 val_loss=0.4049 val_metric_name=roc_auc val_metric=0.8163
Step 1200 | loss 0.4022 | val_acc=0.8095 val_roc_auc=0.8167 val_loss=0.4054 val_metric_name=roc_auc val_metric=0.8167
Step 1250 | loss 0.3999 | val_acc=0.8132 val_roc_auc=0.8182 val_loss=0.4043 val_metric_name=roc_auc val_metric=0.8182
Step 1300 | loss 0.4015 | val_acc=0.8112 val_roc_auc=0.8196 val_loss=0.4046 val_metric_name=roc_auc val_metric=0.8196
Step 1350 | loss 0.4000 | val_acc=0.8125 val_roc_auc=0.8197 val_loss=0.4033 val_metric_name=roc_auc val_metric=0.8197
Step 1400 | loss 0.3985 | val_acc=0.8135 val_roc_auc=0.8195 val_loss=0.4015 val_metric_name=roc_auc val_metric=0.8195
Step 1450 | loss 0.3969 | val_acc=0.8132 val_roc_auc=0.8198 val_loss=0.4021 val_metric_name=roc_auc val_metric=0.8198
Step 1500 | loss 0.3970 | val_acc=0.8139 val_roc_auc=0.8200 val_loss=0.4026 val_metric_name=roc_auc val_metric=0.8200
Step 1550 | loss 0.3951 | val_acc=0.8146 val_roc_auc=0.8205 val_loss=0.4008 val_metric_name=roc_auc val_metric=0.8205
Step 1600 | loss 0.3934 | val_acc=0.8142 val_roc_auc=0.8201 val_loss=0.4015 val_metric_name=roc_auc val_metric=0.8201
Step 1650 | loss 0.3945 | val_acc=0.8152 val_roc_auc=0.8207 val_loss=0.4019 val_metric_name=roc_auc val_metric=0.8207
Step 1700 | loss 0.3927 | val_acc=0.8135 val_roc_auc=0.8207 val_loss=0.4007 val_metric_name=roc_auc val_metric=0.8207
Step 1750 | loss 0.3921 | val_acc=0.8142 val_roc_auc=0.8211 val_loss=0.4030 val_metric_name=roc_auc val_metric=0.8211
Step 1800 | loss 0.3923 | val_acc=0.8152 val_roc_auc=0.8216 val_loss=0.4007 val_metric_name=roc_auc val_metric=0.8216
Step 1850 | loss 0.3910 | val_acc=0.8132 val_roc_auc=0.8207 val_loss=0.4014 val_metric_name=roc_auc val_metric=0.8207
Step 1900 | loss 0.3892 | val_acc=0.8135 val_roc_auc=0.8216 val_loss=0.4020 val_metric_name=roc_auc val_metric=0.8216
Step 1950 | loss 0.3879 | val_acc=0.8098 val_roc_auc=0.8196 val_loss=0.4026 val_metric_name=roc_auc val_metric=0.8196
Step 2000 | loss 0.3879 | val_acc=0.8159 val_roc_auc=0.8222 val_loss=0.4021 val_metric_name=roc_auc val_metric=0.8222
Step 2050 | loss 0.3891 | val_acc=0.8149 val_roc_auc=0.8219 val_loss=0.4045 val_metric_name=roc_auc val_metric=0.8219
Step 2100 | loss 0.3877 | val_acc=0.8149 val_roc_auc=0.8216 val_loss=0.4021 val_metric_name=roc_auc val_metric=0.8216
Step 2150 | loss 0.3863 | val_acc=0.8135 val_roc_auc=0.8219 val_loss=0.4016 val_metric_name=roc_auc val_metric=0.8219
Step 2200 | loss 0.3888 | val_acc=0.8139 val_roc_auc=0.8212 val_loss=0.4018 val_metric_name=roc_auc val_metric=0.8212
Step 2250 | loss 0.3857 | val_acc=0.8149 val_roc_auc=0.8226 val_loss=0.4009 val_metric_name=roc_auc val_metric=0.8226
Step 2300 | loss 0.3847 | val_acc=0.8152 val_roc_auc=0.8220 val_loss=0.4047 val_metric_name=roc_auc val_metric=0.8220
Step 2350 | loss 0.3866 | val_acc=0.8149 val_roc_auc=0.8220 val_loss=0.4021 val_metric_name=roc_auc val_metric=0.8220
Step 2400 | loss 0.3841 | val_acc=0.8163 val_roc_auc=0.8224 val_loss=0.4028 val_metric_name=roc_auc val_metric=0.8224
Step 2450 | loss 0.3805 | val_acc=0.8149 val_roc_auc=0.8209 val_loss=0.4053 val_metric_name=roc_auc val_metric=0.8209
Step 2500 | loss 0.3834 | val_acc=0.8146 val_roc_auc=0.8225 val_loss=0.4039 val_metric_name=roc_auc val_metric=0.8225
Step 2550 | loss 0.3838 | val_acc=0.8163 val_roc_auc=0.8215 val_loss=0.4063 val_metric_name=roc_auc val_metric=0.8215
Step 2600 | loss 0.3828 | val_acc=0.8129 val_roc_auc=0.8209 val_loss=0.4054 val_metric_name=roc_auc val_metric=0.8209
Early stopping at step 2610

--- Final (best ckpt @ step 2310) ---
  train_acc=0.8234 train_roc_auc=0.8458 train_loss=0.3789 train_metric_name=roc_auc train_metric=0.8458
  val_acc=0.8146 val_roc_auc=0.8237 val_loss=0.4025 val_metric_name=roc_auc val_metric=0.8237
  test_acc=0.8214 test_roc_auc=0.8353 test_loss=0.3895 test_metric_name=roc_auc test_metric=0.8353
  test_roc_auc=0.8353

============================================================
Training TABM-tolokers GCN 3L h=512 lr=3e-05 split=2
============================================================
Training for 5000 steps
Step    1 | loss 0.8209 | val_acc=0.7819 val_roc_auc=0.4051 val_loss=0.5587 val_metric_name=roc_auc val_metric=0.4051
Step   50 | loss 0.4952 | val_acc=0.7887 val_roc_auc=0.7392 val_loss=0.4727 val_metric_name=roc_auc val_metric=0.7392
Step  100 | loss 0.4793 | val_acc=0.7884 val_roc_auc=0.7482 val_loss=0.4601 val_metric_name=roc_auc val_metric=0.7482
Step  150 | loss 0.4689 | val_acc=0.7914 val_roc_auc=0.7548 val_loss=0.4527 val_metric_name=roc_auc val_metric=0.7548
Step  200 | loss 0.4622 | val_acc=0.7931 val_roc_auc=0.7611 val_loss=0.4463 val_metric_name=roc_auc val_metric=0.7611
Step  250 | loss 0.4521 | val_acc=0.7928 val_roc_auc=0.7691 val_loss=0.4389 val_metric_name=roc_auc val_metric=0.7691
Step  300 | loss 0.4461 | val_acc=0.7928 val_roc_auc=0.7789 val_loss=0.4324 val_metric_name=roc_auc val_metric=0.7789
Step  350 | loss 0.4362 | val_acc=0.7989 val_roc_auc=0.7882 val_loss=0.4260 val_metric_name=roc_auc val_metric=0.7882
Step  400 | loss 0.4296 | val_acc=0.7996 val_roc_auc=0.7949 val_loss=0.4223 val_metric_name=roc_auc val_metric=0.7949
Step  450 | loss 0.4231 | val_acc=0.8003 val_roc_auc=0.8005 val_loss=0.4243 val_metric_name=roc_auc val_metric=0.8005
Step  500 | loss 0.4154 | val_acc=0.8040 val_roc_auc=0.8054 val_loss=0.4174 val_metric_name=roc_auc val_metric=0.8054
Step  550 | loss 0.4170 | val_acc=0.8047 val_roc_auc=0.8096 val_loss=0.4169 val_metric_name=roc_auc val_metric=0.8096
Step  600 | loss 0.4117 | val_acc=0.8067 val_roc_auc=0.8127 val_loss=0.4143 val_metric_name=roc_auc val_metric=0.8127
Step  650 | loss 0.4099 | val_acc=0.8027 val_roc_auc=0.8125 val_loss=0.4238 val_metric_name=roc_auc val_metric=0.8125
Step  700 | loss 0.4074 | val_acc=0.8088 val_roc_auc=0.8153 val_loss=0.4099 val_metric_name=roc_auc val_metric=0.8153
Step  750 | loss 0.4055 | val_acc=0.8074 val_roc_auc=0.8164 val_loss=0.4143 val_metric_name=roc_auc val_metric=0.8164
Step  800 | loss 0.4001 | val_acc=0.8081 val_roc_auc=0.8178 val_loss=0.4102 val_metric_name=roc_auc val_metric=0.8178
Step  850 | loss 0.4023 | val_acc=0.8088 val_roc_auc=0.8190 val_loss=0.4074 val_metric_name=roc_auc val_metric=0.8190
Step  900 | loss 0.4014 | val_acc=0.8078 val_roc_auc=0.8202 val_loss=0.4059 val_metric_name=roc_auc val_metric=0.8202
Step  950 | loss 0.3987 | val_acc=0.8084 val_roc_auc=0.8206 val_loss=0.4070 val_metric_name=roc_auc val_metric=0.8206
Step 1000 | loss 0.3973 | val_acc=0.8091 val_roc_auc=0.8222 val_loss=0.4021 val_metric_name=roc_auc val_metric=0.8222
Step 1050 | loss 0.3955 | val_acc=0.8115 val_roc_auc=0.8228 val_loss=0.4011 val_metric_name=roc_auc val_metric=0.8228
Step 1100 | loss 0.3960 | val_acc=0.8105 val_roc_auc=0.8233 val_loss=0.4041 val_metric_name=roc_auc val_metric=0.8233
Step 1150 | loss 0.3934 | val_acc=0.8098 val_roc_auc=0.8247 val_loss=0.4041 val_metric_name=roc_auc val_metric=0.8247
Step 1200 | loss 0.3929 | val_acc=0.8105 val_roc_auc=0.8260 val_loss=0.4002 val_metric_name=roc_auc val_metric=0.8260
Step 1250 | loss 0.3894 | val_acc=0.8105 val_roc_auc=0.8260 val_loss=0.4083 val_metric_name=roc_auc val_metric=0.8260
Step 1300 | loss 0.3899 | val_acc=0.8101 val_roc_auc=0.8267 val_loss=0.4034 val_metric_name=roc_auc val_metric=0.8267
Step 1350 | loss 0.3903 | val_acc=0.8101 val_roc_auc=0.8266 val_loss=0.4102 val_metric_name=roc_auc val_metric=0.8266
Step 1400 | loss 0.3885 | val_acc=0.8098 val_roc_auc=0.8277 val_loss=0.4022 val_metric_name=roc_auc val_metric=0.8277
Step 1450 | loss 0.3872 | val_acc=0.8108 val_roc_auc=0.8278 val_loss=0.4018 val_metric_name=roc_auc val_metric=0.8278
Step 1500 | loss 0.3861 | val_acc=0.8108 val_roc_auc=0.8281 val_loss=0.4079 val_metric_name=roc_auc val_metric=0.8281
Step 1550 | loss 0.3872 | val_acc=0.8112 val_roc_auc=0.8281 val_loss=0.4024 val_metric_name=roc_auc val_metric=0.8281
Step 1600 | loss 0.3866 | val_acc=0.8115 val_roc_auc=0.8277 val_loss=0.4044 val_metric_name=roc_auc val_metric=0.8277
Step 1650 | loss 0.3848 | val_acc=0.8118 val_roc_auc=0.8288 val_loss=0.4031 val_metric_name=roc_auc val_metric=0.8288
Step 1700 | loss 0.3828 | val_acc=0.8105 val_roc_auc=0.8271 val_loss=0.4092 val_metric_name=roc_auc val_metric=0.8271
Step 1750 | loss 0.3834 | val_acc=0.8108 val_roc_auc=0.8271 val_loss=0.4107 val_metric_name=roc_auc val_metric=0.8271
Step 1800 | loss 0.3822 | val_acc=0.8108 val_roc_auc=0.8265 val_loss=0.4115 val_metric_name=roc_auc val_metric=0.8265
Step 1850 | loss 0.3794 | val_acc=0.8095 val_roc_auc=0.8218 val_loss=0.4271 val_metric_name=roc_auc val_metric=0.8218
Step 1900 | loss 0.3790 | val_acc=0.8101 val_roc_auc=0.8194 val_loss=0.4308 val_metric_name=roc_auc val_metric=0.8194
Step 1950 | loss 0.3792 | val_acc=0.8095 val_roc_auc=0.8190 val_loss=0.4342 val_metric_name=roc_auc val_metric=0.8190
Early stopping at step 1950

--- Final (best ckpt @ step 1650) ---
  train_acc=0.8178 train_roc_auc=0.8492 train_loss=0.3784 train_metric_name=roc_auc train_metric=0.8492
  val_acc=0.8118 val_roc_auc=0.8288 val_loss=0.4031 val_metric_name=roc_auc val_metric=0.8288
  test_acc=0.8248 test_roc_auc=0.8380 test_loss=0.3911 test_metric_name=roc_auc test_metric=0.8380
  test_roc_auc=0.8380

============================================================
Training TABM-tolokers GCN 4L h=512 lr=3e-05 split=2
============================================================
Training for 5000 steps
Step    1 | loss 0.7381 | val_acc=0.7819 val_roc_auc=0.4194 val_loss=0.6707 val_metric_name=roc_auc val_metric=0.4194
Step   50 | loss 0.4974 | val_acc=0.7901 val_roc_auc=0.7390 val_loss=0.4699 val_metric_name=roc_auc val_metric=0.7390
Step  100 | loss 0.4807 | val_acc=0.7911 val_roc_auc=0.7481 val_loss=0.4610 val_metric_name=roc_auc val_metric=0.7481
Step  150 | loss 0.4677 | val_acc=0.7918 val_roc_auc=0.7554 val_loss=0.4520 val_metric_name=roc_auc val_metric=0.7554
Step  200 | loss 0.4573 | val_acc=0.7924 val_roc_auc=0.7642 val_loss=0.4450 val_metric_name=roc_auc val_metric=0.7642
Step  250 | loss 0.4451 | val_acc=0.7941 val_roc_auc=0.7754 val_loss=0.4365 val_metric_name=roc_auc val_metric=0.7754
Step  300 | loss 0.4363 | val_acc=0.7928 val_roc_auc=0.7851 val_loss=0.4328 val_metric_name=roc_auc val_metric=0.7851
Step  350 | loss 0.4276 | val_acc=0.7931 val_roc_auc=0.7926 val_loss=0.4354 val_metric_name=roc_auc val_metric=0.7926
Step  400 | loss 0.4239 | val_acc=0.7955 val_roc_auc=0.7986 val_loss=0.4277 val_metric_name=roc_auc val_metric=0.7986
Step  450 | loss 0.4185 | val_acc=0.7969 val_roc_auc=0.8036 val_loss=0.4314 val_metric_name=roc_auc val_metric=0.8036
Step  500 | loss 0.4164 | val_acc=0.8006 val_roc_auc=0.8067 val_loss=0.4248 val_metric_name=roc_auc val_metric=0.8067
Step  550 | loss 0.4111 | val_acc=0.7982 val_roc_auc=0.8073 val_loss=0.4339 val_metric_name=roc_auc val_metric=0.8073
Step  600 | loss 0.4089 | val_acc=0.8003 val_roc_auc=0.8093 val_loss=0.4295 val_metric_name=roc_auc val_metric=0.8093
Step  650 | loss 0.4065 | val_acc=0.8040 val_roc_auc=0.8111 val_loss=0.4221 val_metric_name=roc_auc val_metric=0.8111
Step  700 | loss 0.4045 | val_acc=0.8040 val_roc_auc=0.8130 val_loss=0.4182 val_metric_name=roc_auc val_metric=0.8130
Step  750 | loss 0.4035 | val_acc=0.8030 val_roc_auc=0.8139 val_loss=0.4184 val_metric_name=roc_auc val_metric=0.8139
Step  800 | loss 0.4018 | val_acc=0.8037 val_roc_auc=0.8141 val_loss=0.4202 val_metric_name=roc_auc val_metric=0.8141
Step  850 | loss 0.3990 | val_acc=0.8047 val_roc_auc=0.8153 val_loss=0.4189 val_metric_name=roc_auc val_metric=0.8153
Step  900 | loss 0.3987 | val_acc=0.8067 val_roc_auc=0.8174 val_loss=0.4081 val_metric_name=roc_auc val_metric=0.8174
Step  950 | loss 0.3966 | val_acc=0.8054 val_roc_auc=0.8170 val_loss=0.4173 val_metric_name=roc_auc val_metric=0.8170
Step 1000 | loss 0.3948 | val_acc=0.8061 val_roc_auc=0.8181 val_loss=0.4131 val_metric_name=roc_auc val_metric=0.8181
Step 1050 | loss 0.3935 | val_acc=0.8067 val_roc_auc=0.8171 val_loss=0.4226 val_metric_name=roc_auc val_metric=0.8171
Step 1100 | loss 0.3941 | val_acc=0.8071 val_roc_auc=0.8186 val_loss=0.4208 val_metric_name=roc_auc val_metric=0.8186
Step 1150 | loss 0.3909 | val_acc=0.8084 val_roc_auc=0.8197 val_loss=0.4123 val_metric_name=roc_auc val_metric=0.8197
Step 1200 | loss 0.3906 | val_acc=0.8078 val_roc_auc=0.8192 val_loss=0.4209 val_metric_name=roc_auc val_metric=0.8192
Step 1250 | loss 0.3894 | val_acc=0.8091 val_roc_auc=0.8191 val_loss=0.4170 val_metric_name=roc_auc val_metric=0.8191
Step 1300 | loss 0.3881 | val_acc=0.8098 val_roc_auc=0.8171 val_loss=0.4234 val_metric_name=roc_auc val_metric=0.8171
Step 1350 | loss 0.3851 | val_acc=0.8101 val_roc_auc=0.8160 val_loss=0.4257 val_metric_name=roc_auc val_metric=0.8160
Step 1400 | loss 0.3852 | val_acc=0.8101 val_roc_auc=0.8134 val_loss=0.4265 val_metric_name=roc_auc val_metric=0.8134
Step 1450 | loss 0.3832 | val_acc=0.8084 val_roc_auc=0.8116 val_loss=0.4311 val_metric_name=roc_auc val_metric=0.8116
Step 1500 | loss 0.3836 | val_acc=0.8081 val_roc_auc=0.8059 val_loss=0.4419 val_metric_name=roc_auc val_metric=0.8059
Step 1550 | loss 0.3823 | val_acc=0.8078 val_roc_auc=0.8042 val_loss=0.4576 val_metric_name=roc_auc val_metric=0.8042
Early stopping at step 1555

--- Final (best ckpt @ step 1090) ---
  train_acc=0.8166 train_roc_auc=0.8418 train_loss=0.3836 train_metric_name=roc_auc train_metric=0.8418
  val_acc=0.8078 val_roc_auc=0.8206 val_loss=0.4045 val_metric_name=roc_auc val_metric=0.8206
  test_acc=0.8221 test_roc_auc=0.8322 test_loss=0.3915 test_metric_name=roc_auc test_metric=0.8322
  test_roc_auc=0.8322

============================================================
Training TABM-tolokers GCN 5L h=512 lr=3e-05 split=2
============================================================
Training for 5000 steps
Step    1 | loss 1.1026 | val_acc=0.7819 val_roc_auc=0.4350 val_loss=0.5518 val_metric_name=roc_auc val_metric=0.4350
Step   50 | loss 0.4958 | val_acc=0.7897 val_roc_auc=0.7331 val_loss=0.4702 val_metric_name=roc_auc val_metric=0.7331
Step  100 | loss 0.4867 | val_acc=0.7894 val_roc_auc=0.7442 val_loss=0.4623 val_metric_name=roc_auc val_metric=0.7442
Step  150 | loss 0.4735 | val_acc=0.7897 val_roc_auc=0.7510 val_loss=0.4558 val_metric_name=roc_auc val_metric=0.7510
Step  200 | loss 0.4671 | val_acc=0.7918 val_roc_auc=0.7573 val_loss=0.4485 val_metric_name=roc_auc val_metric=0.7573
Step  250 | loss 0.4565 | val_acc=0.7924 val_roc_auc=0.7643 val_loss=0.4424 val_metric_name=roc_auc val_metric=0.7643
Step  300 | loss 0.4487 | val_acc=0.7911 val_roc_auc=0.7727 val_loss=0.4363 val_metric_name=roc_auc val_metric=0.7727
Step  350 | loss 0.4406 | val_acc=0.7931 val_roc_auc=0.7812 val_loss=0.4315 val_metric_name=roc_auc val_metric=0.7812
Step  400 | loss 0.4329 | val_acc=0.7948 val_roc_auc=0.7885 val_loss=0.4303 val_metric_name=roc_auc val_metric=0.7885
Step  450 | loss 0.4268 | val_acc=0.7969 val_roc_auc=0.7951 val_loss=0.4268 val_metric_name=roc_auc val_metric=0.7951
Step  500 | loss 0.4242 | val_acc=0.7979 val_roc_auc=0.8012 val_loss=0.4248 val_metric_name=roc_auc val_metric=0.8012
Step  550 | loss 0.4217 | val_acc=0.8033 val_roc_auc=0.8039 val_loss=0.4201 val_metric_name=roc_auc val_metric=0.8039
Step  600 | loss 0.4144 | val_acc=0.8037 val_roc_auc=0.8068 val_loss=0.4207 val_metric_name=roc_auc val_metric=0.8068
Step  650 | loss 0.4111 | val_acc=0.8040 val_roc_auc=0.8088 val_loss=0.4183 val_metric_name=roc_auc val_metric=0.8088
Step  700 | loss 0.4117 | val_acc=0.8064 val_roc_auc=0.8096 val_loss=0.4123 val_metric_name=roc_auc val_metric=0.8096
Step  750 | loss 0.4078 | val_acc=0.8061 val_roc_auc=0.8107 val_loss=0.4127 val_metric_name=roc_auc val_metric=0.8107
Step  800 | loss 0.4103 | val_acc=0.8044 val_roc_auc=0.8115 val_loss=0.4233 val_metric_name=roc_auc val_metric=0.8115
Step  850 | loss 0.4058 | val_acc=0.8047 val_roc_auc=0.8119 val_loss=0.4242 val_metric_name=roc_auc val_metric=0.8119
Step  900 | loss 0.4020 | val_acc=0.8061 val_roc_auc=0.8136 val_loss=0.4131 val_metric_name=roc_auc val_metric=0.8136
Step  950 | loss 0.4029 | val_acc=0.8078 val_roc_auc=0.8135 val_loss=0.4058 val_metric_name=roc_auc val_metric=0.8135
Step 1000 | loss 0.4009 | val_acc=0.8078 val_roc_auc=0.8154 val_loss=0.4117 val_metric_name=roc_auc val_metric=0.8154
Step 1050 | loss 0.4008 | val_acc=0.8098 val_roc_auc=0.8157 val_loss=0.4040 val_metric_name=roc_auc val_metric=0.8157
Step 1100 | loss 0.3996 | val_acc=0.8084 val_roc_auc=0.8168 val_loss=0.4100 val_metric_name=roc_auc val_metric=0.8168
Step 1150 | loss 0.3972 | val_acc=0.8081 val_roc_auc=0.8176 val_loss=0.4051 val_metric_name=roc_auc val_metric=0.8176
Step 1200 | loss 0.3981 | val_acc=0.8095 val_roc_auc=0.8179 val_loss=0.4097 val_metric_name=roc_auc val_metric=0.8179
Step 1250 | loss 0.3911 | val_acc=0.8084 val_roc_auc=0.8178 val_loss=0.4055 val_metric_name=roc_auc val_metric=0.8178
Step 1300 | loss 0.3912 | val_acc=0.8091 val_roc_auc=0.8183 val_loss=0.4148 val_metric_name=roc_auc val_metric=0.8183
Step 1350 | loss 0.3909 | val_acc=0.8084 val_roc_auc=0.8161 val_loss=0.4112 val_metric_name=roc_auc val_metric=0.8161
Step 1400 | loss 0.3895 | val_acc=0.8098 val_roc_auc=0.8154 val_loss=0.4130 val_metric_name=roc_auc val_metric=0.8154
Step 1450 | loss 0.3894 | val_acc=0.8098 val_roc_auc=0.8161 val_loss=0.4108 val_metric_name=roc_auc val_metric=0.8161
Step 1500 | loss 0.3871 | val_acc=0.8115 val_roc_auc=0.8155 val_loss=0.4108 val_metric_name=roc_auc val_metric=0.8155
Step 1550 | loss 0.3852 | val_acc=0.8125 val_roc_auc=0.8122 val_loss=0.4131 val_metric_name=roc_auc val_metric=0.8122
Step 1600 | loss 0.3851 | val_acc=0.8135 val_roc_auc=0.8101 val_loss=0.4152 val_metric_name=roc_auc val_metric=0.8101
Early stopping at step 1630

--- Final (best ckpt @ step 1330) ---
  train_acc=0.8175 train_roc_auc=0.8426 train_loss=0.3870 train_metric_name=roc_auc train_metric=0.8426
  val_acc=0.8091 val_roc_auc=0.8192 val_loss=0.4095 val_metric_name=roc_auc val_metric=0.8192
  test_acc=0.8235 test_roc_auc=0.8347 test_loss=0.3937 test_metric_name=roc_auc test_metric=0.8347
  test_roc_auc=0.8347
  >> num_layers=1 hidden_dim=512 lr=3e-05 best_step=5000 val_roc_auc=0.8035 test_roc_auc=0.8196
     val_acc=0.8003 val_loss=0.4098 val_metric=0.8035 val_metric_name=roc_auc val_roc_auc=0.8035
     test_acc=0.8085 test_loss=0.3958 test_metric=0.8196 test_metric_name=roc_auc test_roc_auc=0.8196
  >> num_layers=2 hidden_dim=512 lr=3e-05 best_step=2310 val_roc_auc=0.8237 test_roc_auc=0.8353
     val_acc=0.8146 val_loss=0.4025 val_metric=0.8237 val_metric_name=roc_auc val_roc_auc=0.8237
     test_acc=0.8214 test_loss=0.3895 test_metric=0.8353 test_metric_name=roc_auc test_roc_auc=0.8353
  >> num_layers=3 hidden_dim=512 lr=3e-05 best_step=1650 val_roc_auc=0.8288 test_roc_auc=0.8380
     val_acc=0.8118 val_loss=0.4031 val_metric=0.8288 val_metric_name=roc_auc val_roc_auc=0.8288
     test_acc=0.8248 test_loss=0.3911 test_metric=0.8380 test_metric_name=roc_auc test_roc_auc=0.8380
  >> num_layers=4 hidden_dim=512 lr=3e-05 best_step=1090 val_roc_auc=0.8206 test_roc_auc=0.8322
     val_acc=0.8078 val_loss=0.4045 val_metric=0.8206 val_metric_name=roc_auc val_roc_auc=0.8206
     test_acc=0.8221 test_loss=0.3915 test_metric=0.8322 test_metric_name=roc_auc test_roc_auc=0.8322
  >> num_layers=5 hidden_dim=512 lr=3e-05 best_step=1330 val_roc_auc=0.8192 test_roc_auc=0.8347
     val_acc=0.8091 val_loss=0.4095 val_metric=0.8192 val_metric_name=roc_auc val_roc_auc=0.8192
     test_acc=0.8235 test_loss=0.3937 test_metric=0.8347 test_metric_name=roc_auc test_roc_auc=0.8347
  >> selected best (by val): num_layers=3 hidden_dim=512 lr=3e-05 best_step=1650 val_roc_auc=0.8288 test_roc_auc=0.8380
     val_acc=0.8118 val_loss=0.4031 val_metric=0.8288 val_metric_name=roc_auc val_roc_auc=0.8288
     test_acc=0.8248 test_loss=0.3911 test_metric=0.8380 test_metric_name=roc_auc test_roc_auc=0.8380

Done. Results saved to /home/avshmelev/diploma_yandex_graphs/results2/tolokers/tabm.csv, checkpoints in /home/avshmelev/diploma_yandex_graphs/all_checkpoints2/tolokers/tabm/
