Loading data...

============================================================
Training TABM-tolokers GCN 1L h=512 lr=3e-05 split=8
============================================================
Training for 5000 steps
Step    1 | loss 0.7640 | val_acc=0.7591 val_roc_auc=0.5660 val_loss=0.5427 val_metric_name=roc_auc val_metric=0.5660
Step   50 | loss 0.5262 | val_acc=0.7843 val_roc_auc=0.7295 val_loss=0.4721 val_metric_name=roc_auc val_metric=0.7295
Step  100 | loss 0.4986 | val_acc=0.7856 val_roc_auc=0.7413 val_loss=0.4655 val_metric_name=roc_auc val_metric=0.7413
Step  150 | loss 0.4909 | val_acc=0.7877 val_roc_auc=0.7477 val_loss=0.4603 val_metric_name=roc_auc val_metric=0.7477
Step  200 | loss 0.4782 | val_acc=0.7890 val_roc_auc=0.7517 val_loss=0.4570 val_metric_name=roc_auc val_metric=0.7517
Step  250 | loss 0.4762 | val_acc=0.7897 val_roc_auc=0.7545 val_loss=0.4542 val_metric_name=roc_auc val_metric=0.7545
Step  300 | loss 0.4689 | val_acc=0.7904 val_roc_auc=0.7571 val_loss=0.4520 val_metric_name=roc_auc val_metric=0.7571
Step  350 | loss 0.4649 | val_acc=0.7897 val_roc_auc=0.7594 val_loss=0.4500 val_metric_name=roc_auc val_metric=0.7594
Step  400 | loss 0.4620 | val_acc=0.7887 val_roc_auc=0.7616 val_loss=0.4480 val_metric_name=roc_auc val_metric=0.7616
Step  450 | loss 0.4590 | val_acc=0.7884 val_roc_auc=0.7640 val_loss=0.4463 val_metric_name=roc_auc val_metric=0.7640
Step  500 | loss 0.4579 | val_acc=0.7877 val_roc_auc=0.7662 val_loss=0.4445 val_metric_name=roc_auc val_metric=0.7662
Step  550 | loss 0.4530 | val_acc=0.7880 val_roc_auc=0.7686 val_loss=0.4428 val_metric_name=roc_auc val_metric=0.7686
Step  600 | loss 0.4530 | val_acc=0.7877 val_roc_auc=0.7705 val_loss=0.4411 val_metric_name=roc_auc val_metric=0.7705
Step  650 | loss 0.4507 | val_acc=0.7873 val_roc_auc=0.7728 val_loss=0.4393 val_metric_name=roc_auc val_metric=0.7728
Step  700 | loss 0.4505 | val_acc=0.7870 val_roc_auc=0.7750 val_loss=0.4376 val_metric_name=roc_auc val_metric=0.7750
Step  750 | loss 0.4468 | val_acc=0.7880 val_roc_auc=0.7771 val_loss=0.4355 val_metric_name=roc_auc val_metric=0.7771
Step  800 | loss 0.4465 | val_acc=0.7890 val_roc_auc=0.7788 val_loss=0.4339 val_metric_name=roc_auc val_metric=0.7788
Step  850 | loss 0.4440 | val_acc=0.7877 val_roc_auc=0.7803 val_loss=0.4324 val_metric_name=roc_auc val_metric=0.7803
Step  900 | loss 0.4431 | val_acc=0.7887 val_roc_auc=0.7817 val_loss=0.4310 val_metric_name=roc_auc val_metric=0.7817
Step  950 | loss 0.4412 | val_acc=0.7894 val_roc_auc=0.7827 val_loss=0.4298 val_metric_name=roc_auc val_metric=0.7827
Step 1000 | loss 0.4397 | val_acc=0.7901 val_roc_auc=0.7839 val_loss=0.4287 val_metric_name=roc_auc val_metric=0.7839
Step 1050 | loss 0.4393 | val_acc=0.7901 val_roc_auc=0.7848 val_loss=0.4278 val_metric_name=roc_auc val_metric=0.7848
Step 1100 | loss 0.4377 | val_acc=0.7901 val_roc_auc=0.7854 val_loss=0.4271 val_metric_name=roc_auc val_metric=0.7854
Step 1150 | loss 0.4366 | val_acc=0.7907 val_roc_auc=0.7862 val_loss=0.4263 val_metric_name=roc_auc val_metric=0.7862
Step 1200 | loss 0.4338 | val_acc=0.7904 val_roc_auc=0.7869 val_loss=0.4255 val_metric_name=roc_auc val_metric=0.7869
Step 1250 | loss 0.4353 | val_acc=0.7901 val_roc_auc=0.7876 val_loss=0.4248 val_metric_name=roc_auc val_metric=0.7876
Step 1300 | loss 0.4339 | val_acc=0.7924 val_roc_auc=0.7882 val_loss=0.4239 val_metric_name=roc_auc val_metric=0.7882
Step 1350 | loss 0.4335 | val_acc=0.7921 val_roc_auc=0.7887 val_loss=0.4232 val_metric_name=roc_auc val_metric=0.7887
Step 1400 | loss 0.4327 | val_acc=0.7924 val_roc_auc=0.7893 val_loss=0.4225 val_metric_name=roc_auc val_metric=0.7893
Step 1450 | loss 0.4316 | val_acc=0.7924 val_roc_auc=0.7897 val_loss=0.4220 val_metric_name=roc_auc val_metric=0.7897
Step 1500 | loss 0.4305 | val_acc=0.7924 val_roc_auc=0.7907 val_loss=0.4210 val_metric_name=roc_auc val_metric=0.7907
Step 1550 | loss 0.4288 | val_acc=0.7921 val_roc_auc=0.7909 val_loss=0.4206 val_metric_name=roc_auc val_metric=0.7909
Step 1600 | loss 0.4300 | val_acc=0.7924 val_roc_auc=0.7915 val_loss=0.4197 val_metric_name=roc_auc val_metric=0.7915
Step 1650 | loss 0.4285 | val_acc=0.7935 val_roc_auc=0.7922 val_loss=0.4189 val_metric_name=roc_auc val_metric=0.7922
Step 1700 | loss 0.4291 | val_acc=0.7938 val_roc_auc=0.7928 val_loss=0.4183 val_metric_name=roc_auc val_metric=0.7928
Step 1750 | loss 0.4285 | val_acc=0.7945 val_roc_auc=0.7935 val_loss=0.4175 val_metric_name=roc_auc val_metric=0.7935
Step 1800 | loss 0.4251 | val_acc=0.7941 val_roc_auc=0.7941 val_loss=0.4171 val_metric_name=roc_auc val_metric=0.7941
Step 1850 | loss 0.4264 | val_acc=0.7945 val_roc_auc=0.7949 val_loss=0.4161 val_metric_name=roc_auc val_metric=0.7949
Step 1900 | loss 0.4236 | val_acc=0.7952 val_roc_auc=0.7953 val_loss=0.4158 val_metric_name=roc_auc val_metric=0.7953
Step 1950 | loss 0.4228 | val_acc=0.7972 val_roc_auc=0.7960 val_loss=0.4150 val_metric_name=roc_auc val_metric=0.7960
Step 2000 | loss 0.4201 | val_acc=0.7969 val_roc_auc=0.7965 val_loss=0.4144 val_metric_name=roc_auc val_metric=0.7965
Step 2050 | loss 0.4219 | val_acc=0.7979 val_roc_auc=0.7972 val_loss=0.4138 val_metric_name=roc_auc val_metric=0.7972
Step 2100 | loss 0.4206 | val_acc=0.7982 val_roc_auc=0.7973 val_loss=0.4136 val_metric_name=roc_auc val_metric=0.7973
Step 2150 | loss 0.4208 | val_acc=0.7982 val_roc_auc=0.7981 val_loss=0.4130 val_metric_name=roc_auc val_metric=0.7981
Step 2200 | loss 0.4190 | val_acc=0.7982 val_roc_auc=0.7986 val_loss=0.4125 val_metric_name=roc_auc val_metric=0.7986
Step 2250 | loss 0.4195 | val_acc=0.7993 val_roc_auc=0.7989 val_loss=0.4121 val_metric_name=roc_auc val_metric=0.7989
Step 2300 | loss 0.4202 | val_acc=0.8016 val_roc_auc=0.7993 val_loss=0.4116 val_metric_name=roc_auc val_metric=0.7993
Step 2350 | loss 0.4171 | val_acc=0.7996 val_roc_auc=0.7997 val_loss=0.4113 val_metric_name=roc_auc val_metric=0.7997
Step 2400 | loss 0.4178 | val_acc=0.8010 val_roc_auc=0.8000 val_loss=0.4108 val_metric_name=roc_auc val_metric=0.8000
Step 2450 | loss 0.4175 | val_acc=0.7993 val_roc_auc=0.8005 val_loss=0.4107 val_metric_name=roc_auc val_metric=0.8005
Step 2500 | loss 0.4164 | val_acc=0.8020 val_roc_auc=0.8007 val_loss=0.4103 val_metric_name=roc_auc val_metric=0.8007
Step 2550 | loss 0.4160 | val_acc=0.8027 val_roc_auc=0.8008 val_loss=0.4101 val_metric_name=roc_auc val_metric=0.8008
Step 2600 | loss 0.4142 | val_acc=0.8013 val_roc_auc=0.8012 val_loss=0.4099 val_metric_name=roc_auc val_metric=0.8012
Step 2650 | loss 0.4150 | val_acc=0.8013 val_roc_auc=0.8015 val_loss=0.4094 val_metric_name=roc_auc val_metric=0.8015
Step 2700 | loss 0.4151 | val_acc=0.8016 val_roc_auc=0.8018 val_loss=0.4093 val_metric_name=roc_auc val_metric=0.8018
Step 2750 | loss 0.4141 | val_acc=0.8013 val_roc_auc=0.8021 val_loss=0.4091 val_metric_name=roc_auc val_metric=0.8021
Step 2800 | loss 0.4135 | val_acc=0.8013 val_roc_auc=0.8022 val_loss=0.4088 val_metric_name=roc_auc val_metric=0.8022
Step 2850 | loss 0.4134 | val_acc=0.8006 val_roc_auc=0.8026 val_loss=0.4086 val_metric_name=roc_auc val_metric=0.8026
Step 2900 | loss 0.4129 | val_acc=0.8013 val_roc_auc=0.8032 val_loss=0.4082 val_metric_name=roc_auc val_metric=0.8032
Step 2950 | loss 0.4116 | val_acc=0.8020 val_roc_auc=0.8035 val_loss=0.4081 val_metric_name=roc_auc val_metric=0.8035
Step 3000 | loss 0.4132 | val_acc=0.8006 val_roc_auc=0.8038 val_loss=0.4079 val_metric_name=roc_auc val_metric=0.8038
Step 3050 | loss 0.4123 | val_acc=0.8010 val_roc_auc=0.8040 val_loss=0.4076 val_metric_name=roc_auc val_metric=0.8040
Step 3100 | loss 0.4111 | val_acc=0.8013 val_roc_auc=0.8043 val_loss=0.4075 val_metric_name=roc_auc val_metric=0.8043
Step 3150 | loss 0.4106 | val_acc=0.7996 val_roc_auc=0.8048 val_loss=0.4072 val_metric_name=roc_auc val_metric=0.8048
Step 3200 | loss 0.4089 | val_acc=0.8023 val_roc_auc=0.8049 val_loss=0.4072 val_metric_name=roc_auc val_metric=0.8049
Step 3250 | loss 0.4094 | val_acc=0.8020 val_roc_auc=0.8052 val_loss=0.4070 val_metric_name=roc_auc val_metric=0.8052
Step 3300 | loss 0.4088 | val_acc=0.8040 val_roc_auc=0.8055 val_loss=0.4067 val_metric_name=roc_auc val_metric=0.8055
Step 3350 | loss 0.4066 | val_acc=0.8040 val_roc_auc=0.8062 val_loss=0.4065 val_metric_name=roc_auc val_metric=0.8062
Step 3400 | loss 0.4095 | val_acc=0.8040 val_roc_auc=0.8067 val_loss=0.4062 val_metric_name=roc_auc val_metric=0.8067
Step 3450 | loss 0.4076 | val_acc=0.8044 val_roc_auc=0.8070 val_loss=0.4061 val_metric_name=roc_auc val_metric=0.8070
Step 3500 | loss 0.4058 | val_acc=0.8044 val_roc_auc=0.8071 val_loss=0.4060 val_metric_name=roc_auc val_metric=0.8071
Step 3550 | loss 0.4072 | val_acc=0.8040 val_roc_auc=0.8077 val_loss=0.4056 val_metric_name=roc_auc val_metric=0.8077
Step 3600 | loss 0.4051 | val_acc=0.8033 val_roc_auc=0.8080 val_loss=0.4057 val_metric_name=roc_auc val_metric=0.8080
Step 3650 | loss 0.4035 | val_acc=0.8037 val_roc_auc=0.8079 val_loss=0.4058 val_metric_name=roc_auc val_metric=0.8079
Step 3700 | loss 0.4037 | val_acc=0.8030 val_roc_auc=0.8088 val_loss=0.4052 val_metric_name=roc_auc val_metric=0.8088
Step 3750 | loss 0.4042 | val_acc=0.8040 val_roc_auc=0.8091 val_loss=0.4049 val_metric_name=roc_auc val_metric=0.8091
Step 3800 | loss 0.4052 | val_acc=0.8030 val_roc_auc=0.8095 val_loss=0.4050 val_metric_name=roc_auc val_metric=0.8095
Step 3850 | loss 0.4036 | val_acc=0.8040 val_roc_auc=0.8095 val_loss=0.4050 val_metric_name=roc_auc val_metric=0.8095
Step 3900 | loss 0.4054 | val_acc=0.8027 val_roc_auc=0.8103 val_loss=0.4045 val_metric_name=roc_auc val_metric=0.8103
Step 3950 | loss 0.4020 | val_acc=0.8033 val_roc_auc=0.8102 val_loss=0.4046 val_metric_name=roc_auc val_metric=0.8102
Step 4000 | loss 0.4014 | val_acc=0.8013 val_roc_auc=0.8107 val_loss=0.4042 val_metric_name=roc_auc val_metric=0.8107
Step 4050 | loss 0.4016 | val_acc=0.8040 val_roc_auc=0.8106 val_loss=0.4048 val_metric_name=roc_auc val_metric=0.8106
Step 4100 | loss 0.4022 | val_acc=0.8033 val_roc_auc=0.8113 val_loss=0.4044 val_metric_name=roc_auc val_metric=0.8113
Step 4150 | loss 0.4013 | val_acc=0.8044 val_roc_auc=0.8114 val_loss=0.4042 val_metric_name=roc_auc val_metric=0.8114
Step 4200 | loss 0.4015 | val_acc=0.8040 val_roc_auc=0.8116 val_loss=0.4043 val_metric_name=roc_auc val_metric=0.8116
Step 4250 | loss 0.4019 | val_acc=0.8044 val_roc_auc=0.8118 val_loss=0.4042 val_metric_name=roc_auc val_metric=0.8118
Step 4300 | loss 0.4003 | val_acc=0.8040 val_roc_auc=0.8125 val_loss=0.4040 val_metric_name=roc_auc val_metric=0.8125
Step 4350 | loss 0.4006 | val_acc=0.8047 val_roc_auc=0.8126 val_loss=0.4040 val_metric_name=roc_auc val_metric=0.8126
Step 4400 | loss 0.3994 | val_acc=0.8047 val_roc_auc=0.8131 val_loss=0.4040 val_metric_name=roc_auc val_metric=0.8131
Step 4450 | loss 0.4006 | val_acc=0.8040 val_roc_auc=0.8132 val_loss=0.4041 val_metric_name=roc_auc val_metric=0.8132
Step 4500 | loss 0.3995 | val_acc=0.8040 val_roc_auc=0.8136 val_loss=0.4037 val_metric_name=roc_auc val_metric=0.8136
Step 4550 | loss 0.3994 | val_acc=0.8037 val_roc_auc=0.8137 val_loss=0.4040 val_metric_name=roc_auc val_metric=0.8137
Step 4600 | loss 0.4006 | val_acc=0.8023 val_roc_auc=0.8142 val_loss=0.4036 val_metric_name=roc_auc val_metric=0.8142
Step 4650 | loss 0.3973 | val_acc=0.8033 val_roc_auc=0.8146 val_loss=0.4034 val_metric_name=roc_auc val_metric=0.8146
Step 4700 | loss 0.3985 | val_acc=0.8020 val_roc_auc=0.8146 val_loss=0.4034 val_metric_name=roc_auc val_metric=0.8146
Step 4750 | loss 0.3975 | val_acc=0.8027 val_roc_auc=0.8150 val_loss=0.4031 val_metric_name=roc_auc val_metric=0.8150
Step 4800 | loss 0.3977 | val_acc=0.8023 val_roc_auc=0.8150 val_loss=0.4036 val_metric_name=roc_auc val_metric=0.8150
Step 4850 | loss 0.3987 | val_acc=0.8027 val_roc_auc=0.8156 val_loss=0.4032 val_metric_name=roc_auc val_metric=0.8156
Step 4900 | loss 0.3967 | val_acc=0.8023 val_roc_auc=0.8159 val_loss=0.4036 val_metric_name=roc_auc val_metric=0.8159
Step 4950 | loss 0.3962 | val_acc=0.8030 val_roc_auc=0.8157 val_loss=0.4035 val_metric_name=roc_auc val_metric=0.8157
Step 5000 | loss 0.3965 | val_acc=0.8033 val_roc_auc=0.8164 val_loss=0.4032 val_metric_name=roc_auc val_metric=0.8164

--- Final (best ckpt @ step 4990) ---
  train_acc=0.8134 train_roc_auc=0.8335 train_loss=0.3854 train_metric_name=roc_auc train_metric=0.8335
  val_acc=0.8023 val_roc_auc=0.8164 val_loss=0.4028 val_metric_name=roc_auc val_metric=0.8164
  test_acc=0.8061 test_roc_auc=0.8206 test_loss=0.3992 test_metric_name=roc_auc test_metric=0.8206
  test_roc_auc=0.8206

============================================================
Training TABM-tolokers GCN 2L h=512 lr=3e-05 split=8
============================================================
Training for 5000 steps
Step    1 | loss 0.9755 | val_acc=0.7598 val_roc_auc=0.4344 val_loss=0.5916 val_metric_name=roc_auc val_metric=0.4344
Step   50 | loss 0.5089 | val_acc=0.7863 val_roc_auc=0.7453 val_loss=0.4760 val_metric_name=roc_auc val_metric=0.7453
Step  100 | loss 0.4903 | val_acc=0.7843 val_roc_auc=0.7554 val_loss=0.4626 val_metric_name=roc_auc val_metric=0.7554
Step  150 | loss 0.4826 | val_acc=0.7850 val_roc_auc=0.7597 val_loss=0.4559 val_metric_name=roc_auc val_metric=0.7597
Step  200 | loss 0.4677 | val_acc=0.7880 val_roc_auc=0.7640 val_loss=0.4502 val_metric_name=roc_auc val_metric=0.7640
Step  250 | loss 0.4626 | val_acc=0.7877 val_roc_auc=0.7689 val_loss=0.4443 val_metric_name=roc_auc val_metric=0.7689
Step  300 | loss 0.4556 | val_acc=0.7873 val_roc_auc=0.7753 val_loss=0.4397 val_metric_name=roc_auc val_metric=0.7753
Step  350 | loss 0.4532 | val_acc=0.7873 val_roc_auc=0.7823 val_loss=0.4349 val_metric_name=roc_auc val_metric=0.7823
Step  400 | loss 0.4456 | val_acc=0.7890 val_roc_auc=0.7885 val_loss=0.4307 val_metric_name=roc_auc val_metric=0.7885
Step  450 | loss 0.4393 | val_acc=0.7911 val_roc_auc=0.7939 val_loss=0.4272 val_metric_name=roc_auc val_metric=0.7939
Step  500 | loss 0.4358 | val_acc=0.7935 val_roc_auc=0.7980 val_loss=0.4241 val_metric_name=roc_auc val_metric=0.7980
Step  550 | loss 0.4328 | val_acc=0.7941 val_roc_auc=0.8015 val_loss=0.4215 val_metric_name=roc_auc val_metric=0.8015
Step  600 | loss 0.4289 | val_acc=0.7972 val_roc_auc=0.8047 val_loss=0.4195 val_metric_name=roc_auc val_metric=0.8047
Step  650 | loss 0.4243 | val_acc=0.8016 val_roc_auc=0.8069 val_loss=0.4165 val_metric_name=roc_auc val_metric=0.8069
Step  700 | loss 0.4223 | val_acc=0.8013 val_roc_auc=0.8086 val_loss=0.4159 val_metric_name=roc_auc val_metric=0.8086
Step  750 | loss 0.4179 | val_acc=0.8047 val_roc_auc=0.8102 val_loss=0.4139 val_metric_name=roc_auc val_metric=0.8102
Step  800 | loss 0.4156 | val_acc=0.8071 val_roc_auc=0.8114 val_loss=0.4139 val_metric_name=roc_auc val_metric=0.8114
Step  850 | loss 0.4126 | val_acc=0.8078 val_roc_auc=0.8130 val_loss=0.4135 val_metric_name=roc_auc val_metric=0.8130
Step  900 | loss 0.4122 | val_acc=0.8078 val_roc_auc=0.8143 val_loss=0.4118 val_metric_name=roc_auc val_metric=0.8143
Step  950 | loss 0.4110 | val_acc=0.8095 val_roc_auc=0.8153 val_loss=0.4098 val_metric_name=roc_auc val_metric=0.8153
Step 1000 | loss 0.4099 | val_acc=0.8101 val_roc_auc=0.8164 val_loss=0.4076 val_metric_name=roc_auc val_metric=0.8164
Step 1050 | loss 0.4059 | val_acc=0.8105 val_roc_auc=0.8174 val_loss=0.4100 val_metric_name=roc_auc val_metric=0.8174
Step 1100 | loss 0.4070 | val_acc=0.8142 val_roc_auc=0.8186 val_loss=0.4062 val_metric_name=roc_auc val_metric=0.8186
Step 1150 | loss 0.4047 | val_acc=0.8149 val_roc_auc=0.8192 val_loss=0.4039 val_metric_name=roc_auc val_metric=0.8192
Step 1200 | loss 0.4027 | val_acc=0.8166 val_roc_auc=0.8202 val_loss=0.4048 val_metric_name=roc_auc val_metric=0.8202
Step 1250 | loss 0.4022 | val_acc=0.8156 val_roc_auc=0.8210 val_loss=0.4023 val_metric_name=roc_auc val_metric=0.8210
Step 1300 | loss 0.3986 | val_acc=0.8169 val_roc_auc=0.8219 val_loss=0.4022 val_metric_name=roc_auc val_metric=0.8219
Step 1350 | loss 0.3979 | val_acc=0.8156 val_roc_auc=0.8225 val_loss=0.4036 val_metric_name=roc_auc val_metric=0.8225
Step 1400 | loss 0.3970 | val_acc=0.8163 val_roc_auc=0.8231 val_loss=0.4037 val_metric_name=roc_auc val_metric=0.8231
Step 1450 | loss 0.3957 | val_acc=0.8169 val_roc_auc=0.8237 val_loss=0.4020 val_metric_name=roc_auc val_metric=0.8237
Step 1500 | loss 0.3966 | val_acc=0.8149 val_roc_auc=0.8236 val_loss=0.4038 val_metric_name=roc_auc val_metric=0.8236
Step 1550 | loss 0.3957 | val_acc=0.8169 val_roc_auc=0.8241 val_loss=0.4025 val_metric_name=roc_auc val_metric=0.8241
Step 1600 | loss 0.3940 | val_acc=0.8173 val_roc_auc=0.8252 val_loss=0.4006 val_metric_name=roc_auc val_metric=0.8252
Step 1650 | loss 0.3948 | val_acc=0.8173 val_roc_auc=0.8255 val_loss=0.4000 val_metric_name=roc_auc val_metric=0.8255
Step 1700 | loss 0.3935 | val_acc=0.8180 val_roc_auc=0.8254 val_loss=0.4020 val_metric_name=roc_auc val_metric=0.8254
Step 1750 | loss 0.3895 | val_acc=0.8173 val_roc_auc=0.8258 val_loss=0.3998 val_metric_name=roc_auc val_metric=0.8258
Step 1800 | loss 0.3886 | val_acc=0.8166 val_roc_auc=0.8254 val_loss=0.4011 val_metric_name=roc_auc val_metric=0.8254
Step 1850 | loss 0.3890 | val_acc=0.8173 val_roc_auc=0.8254 val_loss=0.4025 val_metric_name=roc_auc val_metric=0.8254
Step 1900 | loss 0.3888 | val_acc=0.8176 val_roc_auc=0.8248 val_loss=0.4033 val_metric_name=roc_auc val_metric=0.8248
Step 1950 | loss 0.3878 | val_acc=0.8186 val_roc_auc=0.8258 val_loss=0.4019 val_metric_name=roc_auc val_metric=0.8258
Step 2000 | loss 0.3840 | val_acc=0.8169 val_roc_auc=0.8251 val_loss=0.4022 val_metric_name=roc_auc val_metric=0.8251
Step 2050 | loss 0.3843 | val_acc=0.8163 val_roc_auc=0.8257 val_loss=0.4031 val_metric_name=roc_auc val_metric=0.8257
Step 2100 | loss 0.3829 | val_acc=0.8159 val_roc_auc=0.8257 val_loss=0.4013 val_metric_name=roc_auc val_metric=0.8257
Step 2150 | loss 0.3823 | val_acc=0.8159 val_roc_auc=0.8250 val_loss=0.4045 val_metric_name=roc_auc val_metric=0.8250
Step 2200 | loss 0.3848 | val_acc=0.8159 val_roc_auc=0.8253 val_loss=0.4028 val_metric_name=roc_auc val_metric=0.8253
Step 2250 | loss 0.3831 | val_acc=0.8163 val_roc_auc=0.8253 val_loss=0.4044 val_metric_name=roc_auc val_metric=0.8253
Step 2300 | loss 0.3819 | val_acc=0.8152 val_roc_auc=0.8256 val_loss=0.4028 val_metric_name=roc_auc val_metric=0.8256
Step 2350 | loss 0.3805 | val_acc=0.8169 val_roc_auc=0.8242 val_loss=0.4062 val_metric_name=roc_auc val_metric=0.8242
Step 2400 | loss 0.3815 | val_acc=0.8166 val_roc_auc=0.8247 val_loss=0.4063 val_metric_name=roc_auc val_metric=0.8247
Step 2450 | loss 0.3823 | val_acc=0.8163 val_roc_auc=0.8254 val_loss=0.4042 val_metric_name=roc_auc val_metric=0.8254
Step 2500 | loss 0.3788 | val_acc=0.8156 val_roc_auc=0.8265 val_loss=0.4006 val_metric_name=roc_auc val_metric=0.8265
Step 2550 | loss 0.3792 | val_acc=0.8159 val_roc_auc=0.8266 val_loss=0.4010 val_metric_name=roc_auc val_metric=0.8266
Step 2600 | loss 0.3791 | val_acc=0.8163 val_roc_auc=0.8257 val_loss=0.4046 val_metric_name=roc_auc val_metric=0.8257
Step 2650 | loss 0.3781 | val_acc=0.8142 val_roc_auc=0.8259 val_loss=0.4042 val_metric_name=roc_auc val_metric=0.8259
Step 2700 | loss 0.3775 | val_acc=0.8156 val_roc_auc=0.8255 val_loss=0.4044 val_metric_name=roc_auc val_metric=0.8255
Step 2750 | loss 0.3769 | val_acc=0.8142 val_roc_auc=0.8260 val_loss=0.4035 val_metric_name=roc_auc val_metric=0.8260
Step 2800 | loss 0.3771 | val_acc=0.8152 val_roc_auc=0.8260 val_loss=0.4039 val_metric_name=roc_auc val_metric=0.8260
Step 2850 | loss 0.3748 | val_acc=0.8152 val_roc_auc=0.8256 val_loss=0.4057 val_metric_name=roc_auc val_metric=0.8256
Step 2900 | loss 0.3753 | val_acc=0.8149 val_roc_auc=0.8255 val_loss=0.4063 val_metric_name=roc_auc val_metric=0.8255
Step 2950 | loss 0.3769 | val_acc=0.8146 val_roc_auc=0.8252 val_loss=0.4055 val_metric_name=roc_auc val_metric=0.8252
Step 3000 | loss 0.3746 | val_acc=0.8156 val_roc_auc=0.8252 val_loss=0.4072 val_metric_name=roc_auc val_metric=0.8252
Early stopping at step 3040

--- Final (best ckpt @ step 2740) ---
  train_acc=0.8311 train_roc_auc=0.8570 train_loss=0.3667 train_metric_name=roc_auc train_metric=0.8570
  val_acc=0.8149 val_roc_auc=0.8271 val_loss=0.4022 val_metric_name=roc_auc val_metric=0.8271
  test_acc=0.8150 test_roc_auc=0.8335 test_loss=0.3953 test_metric_name=roc_auc test_metric=0.8335
  test_roc_auc=0.8335

============================================================
Training TABM-tolokers GCN 3L h=512 lr=3e-05 split=8
============================================================
Training for 5000 steps
Step    1 | loss 1.0366 | val_acc=0.7645 val_roc_auc=0.5176 val_loss=0.5696 val_metric_name=roc_auc val_metric=0.5176
Step   50 | loss 0.5051 | val_acc=0.7884 val_roc_auc=0.7523 val_loss=0.4689 val_metric_name=roc_auc val_metric=0.7523
Step  100 | loss 0.4834 | val_acc=0.7836 val_roc_auc=0.7575 val_loss=0.4602 val_metric_name=roc_auc val_metric=0.7575
Step  150 | loss 0.4766 | val_acc=0.7867 val_roc_auc=0.7614 val_loss=0.4544 val_metric_name=roc_auc val_metric=0.7614
Step  200 | loss 0.4664 | val_acc=0.7894 val_roc_auc=0.7671 val_loss=0.4476 val_metric_name=roc_auc val_metric=0.7671
Step  250 | loss 0.4594 | val_acc=0.7887 val_roc_auc=0.7741 val_loss=0.4411 val_metric_name=roc_auc val_metric=0.7741
Step  300 | loss 0.4521 | val_acc=0.7890 val_roc_auc=0.7820 val_loss=0.4350 val_metric_name=roc_auc val_metric=0.7820
Step  350 | loss 0.4457 | val_acc=0.7897 val_roc_auc=0.7896 val_loss=0.4303 val_metric_name=roc_auc val_metric=0.7896
Step  400 | loss 0.4415 | val_acc=0.7924 val_roc_auc=0.7951 val_loss=0.4255 val_metric_name=roc_auc val_metric=0.7951
Step  450 | loss 0.4345 | val_acc=0.7918 val_roc_auc=0.7993 val_loss=0.4246 val_metric_name=roc_auc val_metric=0.7993
Step  500 | loss 0.4306 | val_acc=0.8010 val_roc_auc=0.8033 val_loss=0.4202 val_metric_name=roc_auc val_metric=0.8033
Step  550 | loss 0.4258 | val_acc=0.8006 val_roc_auc=0.8065 val_loss=0.4217 val_metric_name=roc_auc val_metric=0.8065
Step  600 | loss 0.4201 | val_acc=0.8020 val_roc_auc=0.8096 val_loss=0.4189 val_metric_name=roc_auc val_metric=0.8096
Step  650 | loss 0.4157 | val_acc=0.8047 val_roc_auc=0.8118 val_loss=0.4135 val_metric_name=roc_auc val_metric=0.8118
Step  700 | loss 0.4130 | val_acc=0.8037 val_roc_auc=0.8147 val_loss=0.4201 val_metric_name=roc_auc val_metric=0.8147
Step  750 | loss 0.4118 | val_acc=0.8047 val_roc_auc=0.8174 val_loss=0.4136 val_metric_name=roc_auc val_metric=0.8174
Step  800 | loss 0.4097 | val_acc=0.8064 val_roc_auc=0.8191 val_loss=0.4126 val_metric_name=roc_auc val_metric=0.8191
Step  850 | loss 0.4071 | val_acc=0.8061 val_roc_auc=0.8203 val_loss=0.4148 val_metric_name=roc_auc val_metric=0.8203
Step  900 | loss 0.4066 | val_acc=0.8064 val_roc_auc=0.8214 val_loss=0.4115 val_metric_name=roc_auc val_metric=0.8214
Step  950 | loss 0.4034 | val_acc=0.8064 val_roc_auc=0.8208 val_loss=0.4157 val_metric_name=roc_auc val_metric=0.8208
Step 1000 | loss 0.4026 | val_acc=0.8064 val_roc_auc=0.8219 val_loss=0.4129 val_metric_name=roc_auc val_metric=0.8219
Step 1050 | loss 0.4005 | val_acc=0.8054 val_roc_auc=0.8226 val_loss=0.4155 val_metric_name=roc_auc val_metric=0.8226
Step 1100 | loss 0.4005 | val_acc=0.8064 val_roc_auc=0.8236 val_loss=0.4097 val_metric_name=roc_auc val_metric=0.8236
Step 1150 | loss 0.3981 | val_acc=0.8071 val_roc_auc=0.8232 val_loss=0.4112 val_metric_name=roc_auc val_metric=0.8232
Step 1200 | loss 0.3963 | val_acc=0.8108 val_roc_auc=0.8242 val_loss=0.4096 val_metric_name=roc_auc val_metric=0.8242
Step 1250 | loss 0.3949 | val_acc=0.8112 val_roc_auc=0.8251 val_loss=0.4112 val_metric_name=roc_auc val_metric=0.8251
Step 1300 | loss 0.3943 | val_acc=0.8101 val_roc_auc=0.8255 val_loss=0.4082 val_metric_name=roc_auc val_metric=0.8255
Step 1350 | loss 0.3910 | val_acc=0.8081 val_roc_auc=0.8238 val_loss=0.4178 val_metric_name=roc_auc val_metric=0.8238
Step 1400 | loss 0.3908 | val_acc=0.8105 val_roc_auc=0.8247 val_loss=0.4126 val_metric_name=roc_auc val_metric=0.8247
Step 1450 | loss 0.3921 | val_acc=0.8095 val_roc_auc=0.8249 val_loss=0.4146 val_metric_name=roc_auc val_metric=0.8249
Step 1500 | loss 0.3894 | val_acc=0.8108 val_roc_auc=0.8268 val_loss=0.4074 val_metric_name=roc_auc val_metric=0.8268
Step 1550 | loss 0.3896 | val_acc=0.8091 val_roc_auc=0.8248 val_loss=0.4179 val_metric_name=roc_auc val_metric=0.8248
Step 1600 | loss 0.3884 | val_acc=0.8101 val_roc_auc=0.8239 val_loss=0.4161 val_metric_name=roc_auc val_metric=0.8239
Step 1650 | loss 0.3856 | val_acc=0.8095 val_roc_auc=0.8247 val_loss=0.4116 val_metric_name=roc_auc val_metric=0.8247
Step 1700 | loss 0.3874 | val_acc=0.8088 val_roc_auc=0.8223 val_loss=0.4270 val_metric_name=roc_auc val_metric=0.8223
Step 1750 | loss 0.3851 | val_acc=0.8101 val_roc_auc=0.8246 val_loss=0.4187 val_metric_name=roc_auc val_metric=0.8246
Step 1800 | loss 0.3849 | val_acc=0.8071 val_roc_auc=0.8245 val_loss=0.4130 val_metric_name=roc_auc val_metric=0.8245
Step 1850 | loss 0.3829 | val_acc=0.8078 val_roc_auc=0.8248 val_loss=0.4148 val_metric_name=roc_auc val_metric=0.8248
Step 1900 | loss 0.3842 | val_acc=0.8088 val_roc_auc=0.8249 val_loss=0.4112 val_metric_name=roc_auc val_metric=0.8249
Step 1950 | loss 0.3834 | val_acc=0.8088 val_roc_auc=0.8256 val_loss=0.4132 val_metric_name=roc_auc val_metric=0.8256
Step 2000 | loss 0.3855 | val_acc=0.8095 val_roc_auc=0.8233 val_loss=0.4218 val_metric_name=roc_auc val_metric=0.8233
Step 2050 | loss 0.3805 | val_acc=0.8091 val_roc_auc=0.8249 val_loss=0.4124 val_metric_name=roc_auc val_metric=0.8249
Early stopping at step 2053

--- Final (best ckpt @ step 1680) ---
  train_acc=0.8211 train_roc_auc=0.8461 train_loss=0.3830 train_metric_name=roc_auc train_metric=0.8461
  val_acc=0.8101 val_roc_auc=0.8272 val_loss=0.4045 val_metric_name=roc_auc val_metric=0.8272
  test_acc=0.8102 test_roc_auc=0.8290 test_loss=0.4042 test_metric_name=roc_auc test_metric=0.8290
  test_roc_auc=0.8290

============================================================
Training TABM-tolokers GCN 4L h=512 lr=3e-05 split=8
============================================================
Training for 5000 steps
Step    1 | loss 0.9611 | val_acc=0.7819 val_roc_auc=0.4528 val_loss=0.5366 val_metric_name=roc_auc val_metric=0.4528
Step   50 | loss 0.5049 | val_acc=0.7829 val_roc_auc=0.7450 val_loss=0.4680 val_metric_name=roc_auc val_metric=0.7450
Step  100 | loss 0.4861 | val_acc=0.7853 val_roc_auc=0.7536 val_loss=0.4616 val_metric_name=roc_auc val_metric=0.7536
Step  150 | loss 0.4758 | val_acc=0.7877 val_roc_auc=0.7609 val_loss=0.4524 val_metric_name=roc_auc val_metric=0.7609
Step  200 | loss 0.4651 | val_acc=0.7880 val_roc_auc=0.7701 val_loss=0.4431 val_metric_name=roc_auc val_metric=0.7701
Step  250 | loss 0.4553 | val_acc=0.7890 val_roc_auc=0.7794 val_loss=0.4364 val_metric_name=roc_auc val_metric=0.7794
Step  300 | loss 0.4511 | val_acc=0.7890 val_roc_auc=0.7873 val_loss=0.4303 val_metric_name=roc_auc val_metric=0.7873
Step  350 | loss 0.4411 | val_acc=0.7928 val_roc_auc=0.7934 val_loss=0.4259 val_metric_name=roc_auc val_metric=0.7934
Step  400 | loss 0.4387 | val_acc=0.7941 val_roc_auc=0.7985 val_loss=0.4255 val_metric_name=roc_auc val_metric=0.7985
Step  450 | loss 0.4309 | val_acc=0.7989 val_roc_auc=0.8022 val_loss=0.4240 val_metric_name=roc_auc val_metric=0.8022
Step  500 | loss 0.4270 | val_acc=0.8016 val_roc_auc=0.8060 val_loss=0.4200 val_metric_name=roc_auc val_metric=0.8060
Step  550 | loss 0.4212 | val_acc=0.8040 val_roc_auc=0.8088 val_loss=0.4168 val_metric_name=roc_auc val_metric=0.8088
Step  600 | loss 0.4182 | val_acc=0.8037 val_roc_auc=0.8117 val_loss=0.4203 val_metric_name=roc_auc val_metric=0.8117
Step  650 | loss 0.4142 | val_acc=0.8040 val_roc_auc=0.8146 val_loss=0.4219 val_metric_name=roc_auc val_metric=0.8146
Step  700 | loss 0.4108 | val_acc=0.8033 val_roc_auc=0.8157 val_loss=0.4246 val_metric_name=roc_auc val_metric=0.8157
Step  750 | loss 0.4080 | val_acc=0.8037 val_roc_auc=0.8172 val_loss=0.4217 val_metric_name=roc_auc val_metric=0.8172
Step  800 | loss 0.4064 | val_acc=0.8037 val_roc_auc=0.8176 val_loss=0.4212 val_metric_name=roc_auc val_metric=0.8176
Step  850 | loss 0.4044 | val_acc=0.8037 val_roc_auc=0.8183 val_loss=0.4183 val_metric_name=roc_auc val_metric=0.8183
Step  900 | loss 0.4020 | val_acc=0.8040 val_roc_auc=0.8172 val_loss=0.4362 val_metric_name=roc_auc val_metric=0.8172
Step  950 | loss 0.4014 | val_acc=0.8050 val_roc_auc=0.8207 val_loss=0.4208 val_metric_name=roc_auc val_metric=0.8207
Step 1000 | loss 0.4001 | val_acc=0.8050 val_roc_auc=0.8201 val_loss=0.4260 val_metric_name=roc_auc val_metric=0.8201
Step 1050 | loss 0.3999 | val_acc=0.8061 val_roc_auc=0.8213 val_loss=0.4142 val_metric_name=roc_auc val_metric=0.8213
Step 1100 | loss 0.3972 | val_acc=0.8054 val_roc_auc=0.8205 val_loss=0.4281 val_metric_name=roc_auc val_metric=0.8205
Step 1150 | loss 0.3961 | val_acc=0.8078 val_roc_auc=0.8259 val_loss=0.4113 val_metric_name=roc_auc val_metric=0.8259
Step 1200 | loss 0.3951 | val_acc=0.8067 val_roc_auc=0.8253 val_loss=0.4145 val_metric_name=roc_auc val_metric=0.8253
Step 1250 | loss 0.3952 | val_acc=0.8078 val_roc_auc=0.8255 val_loss=0.4210 val_metric_name=roc_auc val_metric=0.8255
Step 1300 | loss 0.3925 | val_acc=0.8088 val_roc_auc=0.8270 val_loss=0.4122 val_metric_name=roc_auc val_metric=0.8270
Step 1350 | loss 0.3913 | val_acc=0.8078 val_roc_auc=0.8282 val_loss=0.4191 val_metric_name=roc_auc val_metric=0.8282
Step 1400 | loss 0.3896 | val_acc=0.8088 val_roc_auc=0.8291 val_loss=0.4094 val_metric_name=roc_auc val_metric=0.8291
Step 1450 | loss 0.3882 | val_acc=0.8098 val_roc_auc=0.8305 val_loss=0.4143 val_metric_name=roc_auc val_metric=0.8305
Step 1500 | loss 0.3853 | val_acc=0.8112 val_roc_auc=0.8290 val_loss=0.4074 val_metric_name=roc_auc val_metric=0.8290
Step 1550 | loss 0.3872 | val_acc=0.8098 val_roc_auc=0.8308 val_loss=0.4061 val_metric_name=roc_auc val_metric=0.8308
Step 1600 | loss 0.3878 | val_acc=0.8122 val_roc_auc=0.8316 val_loss=0.4056 val_metric_name=roc_auc val_metric=0.8316
Step 1650 | loss 0.3843 | val_acc=0.8112 val_roc_auc=0.8312 val_loss=0.4027 val_metric_name=roc_auc val_metric=0.8312
Step 1700 | loss 0.3824 | val_acc=0.8125 val_roc_auc=0.8309 val_loss=0.4006 val_metric_name=roc_auc val_metric=0.8309
Step 1750 | loss 0.3833 | val_acc=0.8142 val_roc_auc=0.8303 val_loss=0.3991 val_metric_name=roc_auc val_metric=0.8303
Step 1800 | loss 0.3827 | val_acc=0.8125 val_roc_auc=0.8299 val_loss=0.3981 val_metric_name=roc_auc val_metric=0.8299
Step 1850 | loss 0.3814 | val_acc=0.8135 val_roc_auc=0.8286 val_loss=0.3985 val_metric_name=roc_auc val_metric=0.8286
Step 1900 | loss 0.3787 | val_acc=0.8122 val_roc_auc=0.8278 val_loss=0.3985 val_metric_name=roc_auc val_metric=0.8278
Step 1950 | loss 0.3804 | val_acc=0.8112 val_roc_auc=0.8292 val_loss=0.3976 val_metric_name=roc_auc val_metric=0.8292
Step 2000 | loss 0.3782 | val_acc=0.8108 val_roc_auc=0.8235 val_loss=0.4017 val_metric_name=roc_auc val_metric=0.8235
Step 2050 | loss 0.3799 | val_acc=0.8118 val_roc_auc=0.8267 val_loss=0.3993 val_metric_name=roc_auc val_metric=0.8267
Early stopping at step 2072

--- Final (best ckpt @ step 1510) ---
  train_acc=0.8180 train_roc_auc=0.8467 train_loss=0.3954 train_metric_name=roc_auc train_metric=0.8467
  val_acc=0.8105 val_roc_auc=0.8320 val_loss=0.4127 val_metric_name=roc_auc val_metric=0.8320
  test_acc=0.8048 test_roc_auc=0.8285 test_loss=0.4167 test_metric_name=roc_auc test_metric=0.8285
  test_roc_auc=0.8285

============================================================
Training TABM-tolokers GCN 5L h=512 lr=3e-05 split=8
============================================================
Training for 5000 steps
Step    1 | loss 0.6640 | val_acc=0.7819 val_roc_auc=0.6308 val_loss=0.6450 val_metric_name=roc_auc val_metric=0.6308
Step   50 | loss 0.4908 | val_acc=0.7816 val_roc_auc=0.7532 val_loss=0.4649 val_metric_name=roc_auc val_metric=0.7532
Step  100 | loss 0.4752 | val_acc=0.7877 val_roc_auc=0.7616 val_loss=0.4529 val_metric_name=roc_auc val_metric=0.7616
Step  150 | loss 0.4618 | val_acc=0.7884 val_roc_auc=0.7719 val_loss=0.4435 val_metric_name=roc_auc val_metric=0.7719
Step  200 | loss 0.4544 | val_acc=0.7901 val_roc_auc=0.7837 val_loss=0.4349 val_metric_name=roc_auc val_metric=0.7837
Step  250 | loss 0.4438 | val_acc=0.7901 val_roc_auc=0.7932 val_loss=0.4309 val_metric_name=roc_auc val_metric=0.7932
Step  300 | loss 0.4356 | val_acc=0.7901 val_roc_auc=0.8000 val_loss=0.4289 val_metric_name=roc_auc val_metric=0.8000
Step  350 | loss 0.4315 | val_acc=0.7958 val_roc_auc=0.8032 val_loss=0.4364 val_metric_name=roc_auc val_metric=0.8032
Step  400 | loss 0.4248 | val_acc=0.7986 val_roc_auc=0.8060 val_loss=0.4403 val_metric_name=roc_auc val_metric=0.8060
Step  450 | loss 0.4217 | val_acc=0.8013 val_roc_auc=0.8082 val_loss=0.4563 val_metric_name=roc_auc val_metric=0.8082
Step  500 | loss 0.4170 | val_acc=0.8030 val_roc_auc=0.8100 val_loss=0.4456 val_metric_name=roc_auc val_metric=0.8100
Step  550 | loss 0.4091 | val_acc=0.8030 val_roc_auc=0.8103 val_loss=0.4467 val_metric_name=roc_auc val_metric=0.8103
Step  600 | loss 0.4098 | val_acc=0.8027 val_roc_auc=0.8125 val_loss=0.4483 val_metric_name=roc_auc val_metric=0.8125
Step  650 | loss 0.4057 | val_acc=0.8037 val_roc_auc=0.8110 val_loss=0.4401 val_metric_name=roc_auc val_metric=0.8110
Step  700 | loss 0.4041 | val_acc=0.8030 val_roc_auc=0.8131 val_loss=0.4502 val_metric_name=roc_auc val_metric=0.8131
Step  750 | loss 0.4036 | val_acc=0.8047 val_roc_auc=0.8177 val_loss=0.4260 val_metric_name=roc_auc val_metric=0.8177
Step  800 | loss 0.4018 | val_acc=0.8054 val_roc_auc=0.8144 val_loss=0.4384 val_metric_name=roc_auc val_metric=0.8144
Step  850 | loss 0.4000 | val_acc=0.8067 val_roc_auc=0.8203 val_loss=0.4223 val_metric_name=roc_auc val_metric=0.8203
Step  900 | loss 0.4010 | val_acc=0.8084 val_roc_auc=0.8203 val_loss=0.4241 val_metric_name=roc_auc val_metric=0.8203
Step  950 | loss 0.3970 | val_acc=0.8088 val_roc_auc=0.8234 val_loss=0.4217 val_metric_name=roc_auc val_metric=0.8234
Step 1000 | loss 0.3959 | val_acc=0.8098 val_roc_auc=0.8245 val_loss=0.4192 val_metric_name=roc_auc val_metric=0.8245
Step 1050 | loss 0.3948 | val_acc=0.8078 val_roc_auc=0.8236 val_loss=0.4254 val_metric_name=roc_auc val_metric=0.8236
Step 1100 | loss 0.3928 | val_acc=0.8095 val_roc_auc=0.8290 val_loss=0.4126 val_metric_name=roc_auc val_metric=0.8290
Step 1150 | loss 0.3912 | val_acc=0.8105 val_roc_auc=0.8300 val_loss=0.4119 val_metric_name=roc_auc val_metric=0.8300
Step 1200 | loss 0.3897 | val_acc=0.8098 val_roc_auc=0.8308 val_loss=0.4143 val_metric_name=roc_auc val_metric=0.8308
Step 1250 | loss 0.3895 | val_acc=0.8122 val_roc_auc=0.8304 val_loss=0.4018 val_metric_name=roc_auc val_metric=0.8304
Step 1300 | loss 0.3873 | val_acc=0.8152 val_roc_auc=0.8303 val_loss=0.4007 val_metric_name=roc_auc val_metric=0.8303
Step 1350 | loss 0.3884 | val_acc=0.8146 val_roc_auc=0.8289 val_loss=0.3999 val_metric_name=roc_auc val_metric=0.8289
Step 1400 | loss 0.3837 | val_acc=0.8152 val_roc_auc=0.8280 val_loss=0.4013 val_metric_name=roc_auc val_metric=0.8280
Step 1450 | loss 0.3830 | val_acc=0.8142 val_roc_auc=0.8298 val_loss=0.3996 val_metric_name=roc_auc val_metric=0.8298
Step 1500 | loss 0.3835 | val_acc=0.8163 val_roc_auc=0.8278 val_loss=0.4003 val_metric_name=roc_auc val_metric=0.8278
Step 1550 | loss 0.3803 | val_acc=0.8183 val_roc_auc=0.8235 val_loss=0.4030 val_metric_name=roc_auc val_metric=0.8235
Step 1600 | loss 0.3796 | val_acc=0.8193 val_roc_auc=0.8191 val_loss=0.4066 val_metric_name=roc_auc val_metric=0.8191
Step 1650 | loss 0.3791 | val_acc=0.8200 val_roc_auc=0.8144 val_loss=0.4102 val_metric_name=roc_auc val_metric=0.8144
Step 1700 | loss 0.3779 | val_acc=0.8173 val_roc_auc=0.8146 val_loss=0.4108 val_metric_name=roc_auc val_metric=0.8146
Step 1750 | loss 0.3786 | val_acc=0.8193 val_roc_auc=0.8138 val_loss=0.4129 val_metric_name=roc_auc val_metric=0.8138
Early stopping at step 1772

--- Final (best ckpt @ step 1280) ---
  train_acc=0.8190 train_roc_auc=0.8490 train_loss=0.3833 train_metric_name=roc_auc train_metric=0.8490
  val_acc=0.8135 val_roc_auc=0.8317 val_loss=0.4024 val_metric_name=roc_auc val_metric=0.8317
  test_acc=0.8122 test_roc_auc=0.8299 test_loss=0.4028 test_metric_name=roc_auc test_metric=0.8299
  test_roc_auc=0.8299
  >> num_layers=1 hidden_dim=512 lr=3e-05 best_step=4990 val_roc_auc=0.8164 test_roc_auc=0.8206
     val_acc=0.8023 val_loss=0.4028 val_metric=0.8164 val_metric_name=roc_auc val_roc_auc=0.8164
     test_acc=0.8061 test_loss=0.3992 test_metric=0.8206 test_metric_name=roc_auc test_roc_auc=0.8206
  >> num_layers=2 hidden_dim=512 lr=3e-05 best_step=2740 val_roc_auc=0.8271 test_roc_auc=0.8335
     val_acc=0.8149 val_loss=0.4022 val_metric=0.8271 val_metric_name=roc_auc val_roc_auc=0.8271
     test_acc=0.8150 test_loss=0.3953 test_metric=0.8335 test_metric_name=roc_auc test_roc_auc=0.8335
  >> num_layers=3 hidden_dim=512 lr=3e-05 best_step=1680 val_roc_auc=0.8272 test_roc_auc=0.8290
     val_acc=0.8101 val_loss=0.4045 val_metric=0.8272 val_metric_name=roc_auc val_roc_auc=0.8272
     test_acc=0.8102 test_loss=0.4042 test_metric=0.8290 test_metric_name=roc_auc test_roc_auc=0.8290
  >> num_layers=4 hidden_dim=512 lr=3e-05 best_step=1510 val_roc_auc=0.8320 test_roc_auc=0.8285
     val_acc=0.8105 val_loss=0.4127 val_metric=0.8320 val_metric_name=roc_auc val_roc_auc=0.8320
     test_acc=0.8048 test_loss=0.4167 test_metric=0.8285 test_metric_name=roc_auc test_roc_auc=0.8285
  >> num_layers=5 hidden_dim=512 lr=3e-05 best_step=1280 val_roc_auc=0.8317 test_roc_auc=0.8299
     val_acc=0.8135 val_loss=0.4024 val_metric=0.8317 val_metric_name=roc_auc val_roc_auc=0.8317
     test_acc=0.8122 test_loss=0.4028 test_metric=0.8299 test_metric_name=roc_auc test_roc_auc=0.8299
  >> selected best (by val): num_layers=4 hidden_dim=512 lr=3e-05 best_step=1510 val_roc_auc=0.8320 test_roc_auc=0.8285
     val_acc=0.8105 val_loss=0.4127 val_metric=0.8320 val_metric_name=roc_auc val_roc_auc=0.8320
     test_acc=0.8048 test_loss=0.4167 test_metric=0.8285 test_metric_name=roc_auc test_roc_auc=0.8285

Done. Results saved to /home/avshmelev/diploma_yandex_graphs/results2/tolokers/tabm.csv, checkpoints in /home/avshmelev/diploma_yandex_graphs/all_checkpoints2/tolokers/tabm/
