
============================================================
Training k=4 roman-empire GT-sep L=5 h=512 lr=3e-05 split=0
============================================================
Step    1 | loss 3.7194 | val_acc=0.1859 val_loss=2.7299 val_f1_macro=0.0655 val_f1_weighted=0.1275 val_prec_macro=0.0773 val_rec_macro=0.0880 val_metric_name=acc val_metric=0.1859
Step  100 | loss 1.0767 | val_acc=0.7105 val_loss=0.9226 val_f1_macro=0.5910 val_f1_weighted=0.6841 val_prec_macro=0.6552 val_rec_macro=0.5991 val_metric_name=acc val_metric=0.7105
Step  200 | loss 0.8186 | val_acc=0.7571 val_loss=0.7421 val_f1_macro=0.6863 val_f1_weighted=0.7433 val_prec_macro=0.7047 val_rec_macro=0.6906 val_metric_name=acc val_metric=0.7571
Step  300 | loss 0.6582 | val_acc=0.7926 val_loss=0.6303 val_f1_macro=0.7342 val_f1_weighted=0.7840 val_prec_macro=0.7356 val_rec_macro=0.7466 val_metric_name=acc val_metric=0.7926
Step  400 | loss 0.5219 | val_acc=0.8259 val_loss=0.5463 val_f1_macro=0.7818 val_f1_weighted=0.8197 val_prec_macro=0.7793 val_rec_macro=0.7947 val_metric_name=acc val_metric=0.8259
Step  500 | loss 0.4148 | val_acc=0.8503 val_loss=0.4919 val_f1_macro=0.8159 val_f1_weighted=0.8455 val_prec_macro=0.8140 val_rec_macro=0.8256 val_metric_name=acc val_metric=0.8503
Step  600 | loss 0.3280 | val_acc=0.8650 val_loss=0.4610 val_f1_macro=0.8325 val_f1_weighted=0.8610 val_prec_macro=0.8288 val_rec_macro=0.8423 val_metric_name=acc val_metric=0.8650
Step  700 | loss 0.2568 | val_acc=0.8747 val_loss=0.4517 val_f1_macro=0.8443 val_f1_weighted=0.8716 val_prec_macro=0.8395 val_rec_macro=0.8533 val_metric_name=acc val_metric=0.8747
Step  800 | loss 0.1968 | val_acc=0.8794 val_loss=0.4538 val_f1_macro=0.8504 val_f1_weighted=0.8765 val_prec_macro=0.8468 val_rec_macro=0.8579 val_metric_name=acc val_metric=0.8794
Step  900 | loss 0.1496 | val_acc=0.8833 val_loss=0.4669 val_f1_macro=0.8555 val_f1_weighted=0.8807 val_prec_macro=0.8520 val_rec_macro=0.8625 val_metric_name=acc val_metric=0.8833
Step 1000 | loss 0.1163 | val_acc=0.8879 val_loss=0.4802 val_f1_macro=0.8606 val_f1_weighted=0.8854 val_prec_macro=0.8566 val_rec_macro=0.8681 val_metric_name=acc val_metric=0.8879
Step 1100 | loss 0.0911 | val_acc=0.8893 val_loss=0.4981 val_f1_macro=0.8624 val_f1_weighted=0.8870 val_prec_macro=0.8575 val_rec_macro=0.8705 val_metric_name=acc val_metric=0.8893
Step 1200 | loss 0.0750 | val_acc=0.8918 val_loss=0.5170 val_f1_macro=0.8661 val_f1_weighted=0.8896 val_prec_macro=0.8617 val_rec_macro=0.8739 val_metric_name=acc val_metric=0.8918
Step 1300 | loss 0.0608 | val_acc=0.8921 val_loss=0.5375 val_f1_macro=0.8669 val_f1_weighted=0.8900 val_prec_macro=0.8625 val_rec_macro=0.8747 val_metric_name=acc val_metric=0.8921
Step 1400 | loss 0.0496 | val_acc=0.8939 val_loss=0.5494 val_f1_macro=0.8701 val_f1_weighted=0.8918 val_prec_macro=0.8663 val_rec_macro=0.8768 val_metric_name=acc val_metric=0.8939
Step 1500 | loss 0.0416 | val_acc=0.8934 val_loss=0.5613 val_f1_macro=0.8685 val_f1_weighted=0.8913 val_prec_macro=0.8643 val_rec_macro=0.8761 val_metric_name=acc val_metric=0.8934
Step 1600 | loss 0.0356 | val_acc=0.8957 val_loss=0.5726 val_f1_macro=0.8718 val_f1_weighted=0.8939 val_prec_macro=0.8671 val_rec_macro=0.8790 val_metric_name=acc val_metric=0.8957
Step 1700 | loss 0.0301 | val_acc=0.8950 val_loss=0.5866 val_f1_macro=0.8713 val_f1_weighted=0.8931 val_prec_macro=0.8684 val_rec_macro=0.8767 val_metric_name=acc val_metric=0.8950
Step 1800 | loss 0.0266 | val_acc=0.8937 val_loss=0.5988 val_f1_macro=0.8701 val_f1_weighted=0.8920 val_prec_macro=0.8667 val_rec_macro=0.8761 val_metric_name=acc val_metric=0.8937
Step 1900 | loss 0.0240 | val_acc=0.8962 val_loss=0.6076 val_f1_macro=0.8730 val_f1_weighted=0.8944 val_prec_macro=0.8699 val_rec_macro=0.8783 val_metric_name=acc val_metric=0.8962
Step 2000 | loss 0.0221 | val_acc=0.8960 val_loss=0.6206 val_f1_macro=0.8736 val_f1_weighted=0.8942 val_prec_macro=0.8706 val_rec_macro=0.8790 val_metric_name=acc val_metric=0.8960
Step 2100 | loss 0.0195 | val_acc=0.8948 val_loss=0.6299 val_f1_macro=0.8700 val_f1_weighted=0.8930 val_prec_macro=0.8676 val_rec_macro=0.8751 val_metric_name=acc val_metric=0.8948
Step 2200 | loss 0.0160 | val_acc=0.8953 val_loss=0.6379 val_f1_macro=0.8718 val_f1_weighted=0.8935 val_prec_macro=0.8679 val_rec_macro=0.8781 val_metric_name=acc val_metric=0.8953
Early stopping at step 2270
  >> test_acc=0.8955 test_f1_macro=0.8653 test_f1_weighted=0.8934 test_loss=0.6353 test_metric=0.8955 test_metric_name=acc test_prec_macro=0.8627 test_rec_macro=0.8699

============================================================
Training k=4 roman-empire GT-sep L=5 h=512 lr=3e-05 split=1
============================================================
Step    1 | loss 3.8437 | val_acc=0.1354 val_loss=2.8324 val_f1_macro=0.0472 val_f1_weighted=0.0930 val_prec_macro=0.0601 val_rec_macro=0.0669 val_metric_name=acc val_metric=0.1354
Step  100 | loss 1.1075 | val_acc=0.7082 val_loss=0.8905 val_f1_macro=0.5961 val_f1_weighted=0.6831 val_prec_macro=0.6767 val_rec_macro=0.6058 val_metric_name=acc val_metric=0.7082
Step  200 | loss 0.8398 | val_acc=0.7650 val_loss=0.7208 val_f1_macro=0.6948 val_f1_weighted=0.7513 val_prec_macro=0.7144 val_rec_macro=0.7001 val_metric_name=acc val_metric=0.7650
Step  300 | loss 0.6614 | val_acc=0.7979 val_loss=0.6144 val_f1_macro=0.7416 val_f1_weighted=0.7887 val_prec_macro=0.7478 val_rec_macro=0.7527 val_metric_name=acc val_metric=0.7979
Step  400 | loss 0.5349 | val_acc=0.8286 val_loss=0.5425 val_f1_macro=0.7835 val_f1_weighted=0.8230 val_prec_macro=0.7845 val_rec_macro=0.7947 val_metric_name=acc val_metric=0.8286
Step  500 | loss 0.4293 | val_acc=0.8500 val_loss=0.4904 val_f1_macro=0.8124 val_f1_weighted=0.8455 val_prec_macro=0.8142 val_rec_macro=0.8184 val_metric_name=acc val_metric=0.8500
Step  600 | loss 0.3338 | val_acc=0.8662 val_loss=0.4598 val_f1_macro=0.8313 val_f1_weighted=0.8631 val_prec_macro=0.8321 val_rec_macro=0.8358 val_metric_name=acc val_metric=0.8662
Step  700 | loss 0.2560 | val_acc=0.8757 val_loss=0.4478 val_f1_macro=0.8434 val_f1_weighted=0.8731 val_prec_macro=0.8429 val_rec_macro=0.8481 val_metric_name=acc val_metric=0.8757
Step  800 | loss 0.2005 | val_acc=0.8835 val_loss=0.4515 val_f1_macro=0.8535 val_f1_weighted=0.8812 val_prec_macro=0.8532 val_rec_macro=0.8574 val_metric_name=acc val_metric=0.8835
Step  900 | loss 0.1538 | val_acc=0.8854 val_loss=0.4647 val_f1_macro=0.8569 val_f1_weighted=0.8834 val_prec_macro=0.8561 val_rec_macro=0.8613 val_metric_name=acc val_metric=0.8854
Step 1000 | loss 0.1184 | val_acc=0.8891 val_loss=0.4809 val_f1_macro=0.8613 val_f1_weighted=0.8873 val_prec_macro=0.8605 val_rec_macro=0.8655 val_metric_name=acc val_metric=0.8891
Step 1100 | loss 0.0936 | val_acc=0.8913 val_loss=0.4977 val_f1_macro=0.8633 val_f1_weighted=0.8897 val_prec_macro=0.8615 val_rec_macro=0.8682 val_metric_name=acc val_metric=0.8913
Step 1200 | loss 0.0749 | val_acc=0.8925 val_loss=0.5205 val_f1_macro=0.8656 val_f1_weighted=0.8909 val_prec_macro=0.8643 val_rec_macro=0.8701 val_metric_name=acc val_metric=0.8925
Step 1300 | loss 0.0607 | val_acc=0.8936 val_loss=0.5361 val_f1_macro=0.8664 val_f1_weighted=0.8921 val_prec_macro=0.8641 val_rec_macro=0.8714 val_metric_name=acc val_metric=0.8936
Step 1400 | loss 0.0496 | val_acc=0.8944 val_loss=0.5532 val_f1_macro=0.8665 val_f1_weighted=0.8931 val_prec_macro=0.8637 val_rec_macro=0.8715 val_metric_name=acc val_metric=0.8944
Step 1500 | loss 0.0415 | val_acc=0.8950 val_loss=0.5670 val_f1_macro=0.8664 val_f1_weighted=0.8934 val_prec_macro=0.8647 val_rec_macro=0.8713 val_metric_name=acc val_metric=0.8950
Step 1600 | loss 0.0345 | val_acc=0.8959 val_loss=0.5828 val_f1_macro=0.8669 val_f1_weighted=0.8945 val_prec_macro=0.8642 val_rec_macro=0.8728 val_metric_name=acc val_metric=0.8959
Step 1700 | loss 0.0322 | val_acc=0.8969 val_loss=0.5975 val_f1_macro=0.8680 val_f1_weighted=0.8955 val_prec_macro=0.8661 val_rec_macro=0.8729 val_metric_name=acc val_metric=0.8969
Step 1800 | loss 0.0263 | val_acc=0.8981 val_loss=0.6041 val_f1_macro=0.8697 val_f1_weighted=0.8968 val_prec_macro=0.8679 val_rec_macro=0.8742 val_metric_name=acc val_metric=0.8981
Step 1900 | loss 0.0242 | val_acc=0.8985 val_loss=0.6179 val_f1_macro=0.8699 val_f1_weighted=0.8971 val_prec_macro=0.8684 val_rec_macro=0.8743 val_metric_name=acc val_metric=0.8985
Step 2000 | loss 0.0218 | val_acc=0.8980 val_loss=0.6280 val_f1_macro=0.8696 val_f1_weighted=0.8967 val_prec_macro=0.8673 val_rec_macro=0.8743 val_metric_name=acc val_metric=0.8980
Step 2100 | loss 0.0180 | val_acc=0.8994 val_loss=0.6368 val_f1_macro=0.8707 val_f1_weighted=0.8979 val_prec_macro=0.8688 val_rec_macro=0.8754 val_metric_name=acc val_metric=0.8994
Step 2200 | loss 0.0165 | val_acc=0.8981 val_loss=0.6490 val_f1_macro=0.8703 val_f1_weighted=0.8970 val_prec_macro=0.8671 val_rec_macro=0.8760 val_metric_name=acc val_metric=0.8981
Step 2300 | loss 0.0149 | val_acc=0.8994 val_loss=0.6576 val_f1_macro=0.8712 val_f1_weighted=0.8981 val_prec_macro=0.8685 val_rec_macro=0.8764 val_metric_name=acc val_metric=0.8994
Early stopping at step 2370
  >> test_acc=0.8950 test_f1_macro=0.8698 test_f1_weighted=0.8933 test_loss=0.6235 test_metric=0.8950 test_metric_name=acc test_prec_macro=0.8734 test_rec_macro=0.8684

============================================================
Training k=4 roman-empire GT-sep L=5 h=512 lr=3e-05 split=2
============================================================
Step    1 | loss 3.6318 | val_acc=0.1492 val_loss=2.6233 val_f1_macro=0.0677 val_f1_weighted=0.1284 val_prec_macro=0.0810 val_rec_macro=0.0755 val_metric_name=acc val_metric=0.1492
Step  100 | loss 1.0588 | val_acc=0.7142 val_loss=0.9041 val_f1_macro=0.6021 val_f1_weighted=0.6909 val_prec_macro=0.6509 val_rec_macro=0.6102 val_metric_name=acc val_metric=0.7142
Step  200 | loss 0.8129 | val_acc=0.7606 val_loss=0.7366 val_f1_macro=0.6829 val_f1_weighted=0.7473 val_prec_macro=0.6950 val_rec_macro=0.6909 val_metric_name=acc val_metric=0.7606
Step  300 | loss 0.6329 | val_acc=0.8002 val_loss=0.6287 val_f1_macro=0.7473 val_f1_weighted=0.7918 val_prec_macro=0.7482 val_rec_macro=0.7606 val_metric_name=acc val_metric=0.8002
Step  400 | loss 0.4975 | val_acc=0.8323 val_loss=0.5512 val_f1_macro=0.7891 val_f1_weighted=0.8258 val_prec_macro=0.7904 val_rec_macro=0.8007 val_metric_name=acc val_metric=0.8323
Step  500 | loss 0.3884 | val_acc=0.8494 val_loss=0.5084 val_f1_macro=0.8112 val_f1_weighted=0.8449 val_prec_macro=0.8082 val_rec_macro=0.8205 val_metric_name=acc val_metric=0.8494
Step  600 | loss 0.3045 | val_acc=0.8595 val_loss=0.4896 val_f1_macro=0.8237 val_f1_weighted=0.8557 val_prec_macro=0.8221 val_rec_macro=0.8301 val_metric_name=acc val_metric=0.8595
Step  700 | loss 0.2328 | val_acc=0.8678 val_loss=0.4899 val_f1_macro=0.8324 val_f1_weighted=0.8642 val_prec_macro=0.8309 val_rec_macro=0.8383 val_metric_name=acc val_metric=0.8678
Step  800 | loss 0.1856 | val_acc=0.8741 val_loss=0.5005 val_f1_macro=0.8414 val_f1_weighted=0.8712 val_prec_macro=0.8401 val_rec_macro=0.8460 val_metric_name=acc val_metric=0.8741
Step  900 | loss 0.1469 | val_acc=0.8793 val_loss=0.5162 val_f1_macro=0.8496 val_f1_weighted=0.8771 val_prec_macro=0.8475 val_rec_macro=0.8537 val_metric_name=acc val_metric=0.8793
Step 1000 | loss 0.1128 | val_acc=0.8830 val_loss=0.5372 val_f1_macro=0.8566 val_f1_weighted=0.8811 val_prec_macro=0.8549 val_rec_macro=0.8600 val_metric_name=acc val_metric=0.8830
Step 1100 | loss 0.0860 | val_acc=0.8846 val_loss=0.5608 val_f1_macro=0.8584 val_f1_weighted=0.8828 val_prec_macro=0.8565 val_rec_macro=0.8617 val_metric_name=acc val_metric=0.8846
Step 1200 | loss 0.0692 | val_acc=0.8847 val_loss=0.5807 val_f1_macro=0.8588 val_f1_weighted=0.8832 val_prec_macro=0.8560 val_rec_macro=0.8631 val_metric_name=acc val_metric=0.8847
Step 1300 | loss 0.0579 | val_acc=0.8846 val_loss=0.6034 val_f1_macro=0.8580 val_f1_weighted=0.8829 val_prec_macro=0.8561 val_rec_macro=0.8613 val_metric_name=acc val_metric=0.8846
Step 1400 | loss 0.0472 | val_acc=0.8854 val_loss=0.6184 val_f1_macro=0.8603 val_f1_weighted=0.8838 val_prec_macro=0.8581 val_rec_macro=0.8639 val_metric_name=acc val_metric=0.8854
Step 1500 | loss 0.0401 | val_acc=0.8847 val_loss=0.6393 val_f1_macro=0.8597 val_f1_weighted=0.8831 val_prec_macro=0.8567 val_rec_macro=0.8642 val_metric_name=acc val_metric=0.8847
Step 1600 | loss 0.0323 | val_acc=0.8858 val_loss=0.6531 val_f1_macro=0.8603 val_f1_weighted=0.8839 val_prec_macro=0.8586 val_rec_macro=0.8636 val_metric_name=acc val_metric=0.8858
Step 1700 | loss 0.0298 | val_acc=0.8865 val_loss=0.6624 val_f1_macro=0.8603 val_f1_weighted=0.8850 val_prec_macro=0.8575 val_rec_macro=0.8644 val_metric_name=acc val_metric=0.8865
Step 1800 | loss 0.0266 | val_acc=0.8863 val_loss=0.6749 val_f1_macro=0.8606 val_f1_weighted=0.8845 val_prec_macro=0.8589 val_rec_macro=0.8637 val_metric_name=acc val_metric=0.8863
Step 1900 | loss 0.0237 | val_acc=0.8872 val_loss=0.6883 val_f1_macro=0.8608 val_f1_weighted=0.8856 val_prec_macro=0.8587 val_rec_macro=0.8643 val_metric_name=acc val_metric=0.8872
Step 2000 | loss 0.0196 | val_acc=0.8884 val_loss=0.6998 val_f1_macro=0.8622 val_f1_weighted=0.8866 val_prec_macro=0.8603 val_rec_macro=0.8658 val_metric_name=acc val_metric=0.8884
Step 2100 | loss 0.0167 | val_acc=0.8897 val_loss=0.7095 val_f1_macro=0.8642 val_f1_weighted=0.8879 val_prec_macro=0.8631 val_rec_macro=0.8667 val_metric_name=acc val_metric=0.8897
Step 2200 | loss 0.0152 | val_acc=0.8897 val_loss=0.7231 val_f1_macro=0.8641 val_f1_weighted=0.8878 val_prec_macro=0.8632 val_rec_macro=0.8665 val_metric_name=acc val_metric=0.8897
Step 2300 | loss 0.0143 | val_acc=0.8898 val_loss=0.7274 val_f1_macro=0.8639 val_f1_weighted=0.8882 val_prec_macro=0.8612 val_rec_macro=0.8680 val_metric_name=acc val_metric=0.8898
Step 2400 | loss 0.0124 | val_acc=0.8906 val_loss=0.7379 val_f1_macro=0.8650 val_f1_weighted=0.8888 val_prec_macro=0.8641 val_rec_macro=0.8673 val_metric_name=acc val_metric=0.8906
Step 2500 | loss 0.0116 | val_acc=0.8909 val_loss=0.7478 val_f1_macro=0.8650 val_f1_weighted=0.8890 val_prec_macro=0.8648 val_rec_macro=0.8668 val_metric_name=acc val_metric=0.8909
Step 2600 | loss 0.0102 | val_acc=0.8907 val_loss=0.7563 val_f1_macro=0.8646 val_f1_weighted=0.8890 val_prec_macro=0.8639 val_rec_macro=0.8668 val_metric_name=acc val_metric=0.8907
Step 2700 | loss 0.0108 | val_acc=0.8906 val_loss=0.7641 val_f1_macro=0.8650 val_f1_weighted=0.8887 val_prec_macro=0.8651 val_rec_macro=0.8664 val_metric_name=acc val_metric=0.8906
Step 2800 | loss 0.0097 | val_acc=0.8911 val_loss=0.7712 val_f1_macro=0.8658 val_f1_weighted=0.8893 val_prec_macro=0.8659 val_rec_macro=0.8670 val_metric_name=acc val_metric=0.8911
Step 2900 | loss 0.0091 | val_acc=0.8902 val_loss=0.7773 val_f1_macro=0.8647 val_f1_weighted=0.8882 val_prec_macro=0.8652 val_rec_macro=0.8660 val_metric_name=acc val_metric=0.8902
Early stopping at step 2940
  >> test_acc=0.9006 test_f1_macro=0.8754 test_f1_weighted=0.8992 test_loss=0.6575 test_metric=0.9006 test_metric_name=acc test_prec_macro=0.8780 test_rec_macro=0.8746

============================================================
Training k=4 roman-empire GT-sep L=5 h=512 lr=3e-05 split=3
============================================================
Step    1 | loss 3.6504 | val_acc=0.2196 val_loss=2.6302 val_f1_macro=0.1043 val_f1_weighted=0.1757 val_prec_macro=0.1225 val_rec_macro=0.1326 val_metric_name=acc val_metric=0.2196
Step  100 | loss 1.0790 | val_acc=0.7059 val_loss=0.9282 val_f1_macro=0.5919 val_f1_weighted=0.6806 val_prec_macro=0.6226 val_rec_macro=0.6019 val_metric_name=acc val_metric=0.7059
Step  200 | loss 0.8106 | val_acc=0.7610 val_loss=0.7348 val_f1_macro=0.6893 val_f1_weighted=0.7493 val_prec_macro=0.7077 val_rec_macro=0.6912 val_metric_name=acc val_metric=0.7610
Step  300 | loss 0.6253 | val_acc=0.8012 val_loss=0.6101 val_f1_macro=0.7480 val_f1_weighted=0.7942 val_prec_macro=0.7513 val_rec_macro=0.7586 val_metric_name=acc val_metric=0.8012
Step  400 | loss 0.4875 | val_acc=0.8350 val_loss=0.5358 val_f1_macro=0.7891 val_f1_weighted=0.8300 val_prec_macro=0.7874 val_rec_macro=0.8012 val_metric_name=acc val_metric=0.8350
Step  500 | loss 0.3873 | val_acc=0.8530 val_loss=0.4848 val_f1_macro=0.8131 val_f1_weighted=0.8492 val_prec_macro=0.8117 val_rec_macro=0.8226 val_metric_name=acc val_metric=0.8530
Step  600 | loss 0.2944 | val_acc=0.8674 val_loss=0.4572 val_f1_macro=0.8292 val_f1_weighted=0.8642 val_prec_macro=0.8292 val_rec_macro=0.8347 val_metric_name=acc val_metric=0.8674
Step  700 | loss 0.2295 | val_acc=0.8757 val_loss=0.4514 val_f1_macro=0.8390 val_f1_weighted=0.8729 val_prec_macro=0.8375 val_rec_macro=0.8454 val_metric_name=acc val_metric=0.8757
Step  800 | loss 0.1749 | val_acc=0.8837 val_loss=0.4593 val_f1_macro=0.8515 val_f1_weighted=0.8819 val_prec_macro=0.8485 val_rec_macro=0.8576 val_metric_name=acc val_metric=0.8837
Step  900 | loss 0.1336 | val_acc=0.8868 val_loss=0.4729 val_f1_macro=0.8562 val_f1_weighted=0.8854 val_prec_macro=0.8534 val_rec_macro=0.8614 val_metric_name=acc val_metric=0.8868
Step 1000 | loss 0.1014 | val_acc=0.8877 val_loss=0.4925 val_f1_macro=0.8578 val_f1_weighted=0.8862 val_prec_macro=0.8570 val_rec_macro=0.8612 val_metric_name=acc val_metric=0.8877
Step 1100 | loss 0.0822 | val_acc=0.8897 val_loss=0.5104 val_f1_macro=0.8609 val_f1_weighted=0.8882 val_prec_macro=0.8595 val_rec_macro=0.8648 val_metric_name=acc val_metric=0.8897
Step 1200 | loss 0.0658 | val_acc=0.8898 val_loss=0.5305 val_f1_macro=0.8616 val_f1_weighted=0.8885 val_prec_macro=0.8611 val_rec_macro=0.8646 val_metric_name=acc val_metric=0.8898
Step 1300 | loss 0.0516 | val_acc=0.8921 val_loss=0.5481 val_f1_macro=0.8629 val_f1_weighted=0.8909 val_prec_macro=0.8624 val_rec_macro=0.8659 val_metric_name=acc val_metric=0.8921
Step 1400 | loss 0.0451 | val_acc=0.8927 val_loss=0.5613 val_f1_macro=0.8637 val_f1_weighted=0.8914 val_prec_macro=0.8638 val_rec_macro=0.8658 val_metric_name=acc val_metric=0.8927
Step 1500 | loss 0.0376 | val_acc=0.8953 val_loss=0.5738 val_f1_macro=0.8674 val_f1_weighted=0.8941 val_prec_macro=0.8687 val_rec_macro=0.8681 val_metric_name=acc val_metric=0.8953
Step 1600 | loss 0.0321 | val_acc=0.8951 val_loss=0.5931 val_f1_macro=0.8669 val_f1_weighted=0.8940 val_prec_macro=0.8671 val_rec_macro=0.8691 val_metric_name=acc val_metric=0.8951
Step 1700 | loss 0.0259 | val_acc=0.8950 val_loss=0.6061 val_f1_macro=0.8670 val_f1_weighted=0.8940 val_prec_macro=0.8683 val_rec_macro=0.8683 val_metric_name=acc val_metric=0.8950
Step 1800 | loss 0.0221 | val_acc=0.8959 val_loss=0.6193 val_f1_macro=0.8689 val_f1_weighted=0.8947 val_prec_macro=0.8705 val_rec_macro=0.8698 val_metric_name=acc val_metric=0.8959
Step 1900 | loss 0.0206 | val_acc=0.8966 val_loss=0.6243 val_f1_macro=0.8690 val_f1_weighted=0.8955 val_prec_macro=0.8702 val_rec_macro=0.8699 val_metric_name=acc val_metric=0.8966
Step 2000 | loss 0.0181 | val_acc=0.8974 val_loss=0.6358 val_f1_macro=0.8695 val_f1_weighted=0.8964 val_prec_macro=0.8715 val_rec_macro=0.8698 val_metric_name=acc val_metric=0.8974
Step 2100 | loss 0.0159 | val_acc=0.8989 val_loss=0.6454 val_f1_macro=0.8720 val_f1_weighted=0.8978 val_prec_macro=0.8746 val_rec_macro=0.8721 val_metric_name=acc val_metric=0.8989
Step 2200 | loss 0.0140 | val_acc=0.8981 val_loss=0.6577 val_f1_macro=0.8701 val_f1_weighted=0.8969 val_prec_macro=0.8727 val_rec_macro=0.8702 val_metric_name=acc val_metric=0.8981
Step 2300 | loss 0.0127 | val_acc=0.8994 val_loss=0.6610 val_f1_macro=0.8723 val_f1_weighted=0.8983 val_prec_macro=0.8743 val_rec_macro=0.8729 val_metric_name=acc val_metric=0.8994
Step 2400 | loss 0.0124 | val_acc=0.8992 val_loss=0.6740 val_f1_macro=0.8719 val_f1_weighted=0.8982 val_prec_macro=0.8744 val_rec_macro=0.8719 val_metric_name=acc val_metric=0.8992
Step 2500 | loss 0.0104 | val_acc=0.8994 val_loss=0.6795 val_f1_macro=0.8722 val_f1_weighted=0.8983 val_prec_macro=0.8743 val_rec_macro=0.8723 val_metric_name=acc val_metric=0.8994
Step 2600 | loss 0.0099 | val_acc=0.8990 val_loss=0.6890 val_f1_macro=0.8724 val_f1_weighted=0.8979 val_prec_macro=0.8746 val_rec_macro=0.8725 val_metric_name=acc val_metric=0.8990
Step 2700 | loss 0.0078 | val_acc=0.8997 val_loss=0.6951 val_f1_macro=0.8727 val_f1_weighted=0.8986 val_prec_macro=0.8750 val_rec_macro=0.8726 val_metric_name=acc val_metric=0.8997
Step 2800 | loss 0.0079 | val_acc=0.8992 val_loss=0.7025 val_f1_macro=0.8713 val_f1_weighted=0.8980 val_prec_macro=0.8743 val_rec_macro=0.8706 val_metric_name=acc val_metric=0.8992
Step 2900 | loss 0.0079 | val_acc=0.8999 val_loss=0.7083 val_f1_macro=0.8717 val_f1_weighted=0.8987 val_prec_macro=0.8742 val_rec_macro=0.8712 val_metric_name=acc val_metric=0.8999
Step 3000 | loss 0.0072 | val_acc=0.9003 val_loss=0.7161 val_f1_macro=0.8721 val_f1_weighted=0.8991 val_prec_macro=0.8742 val_rec_macro=0.8722 val_metric_name=acc val_metric=0.9003
Step 3100 | loss 0.0064 | val_acc=0.8985 val_loss=0.7227 val_f1_macro=0.8704 val_f1_weighted=0.8972 val_prec_macro=0.8724 val_rec_macro=0.8706 val_metric_name=acc val_metric=0.8985
Early stopping at step 3190
  >> test_acc=0.8962 test_f1_macro=0.8682 test_f1_weighted=0.8944 test_loss=0.7152 test_metric=0.8962 test_metric_name=acc test_prec_macro=0.8690 test_rec_macro=0.8698

============================================================
Training k=4 roman-empire GT-sep L=5 h=512 lr=3e-05 split=4
============================================================
Step    1 | loss 3.8230 | val_acc=0.0978 val_loss=2.7967 val_f1_macro=0.0657 val_f1_weighted=0.1002 val_prec_macro=0.0886 val_rec_macro=0.0751 val_metric_name=acc val_metric=0.0978
Step  100 | loss 1.1840 | val_acc=0.6870 val_loss=0.9796 val_f1_macro=0.5406 val_f1_weighted=0.6538 val_prec_macro=0.5660 val_rec_macro=0.5580 val_metric_name=acc val_metric=0.6870
Step  200 | loss 0.8698 | val_acc=0.7451 val_loss=0.7762 val_f1_macro=0.6513 val_f1_weighted=0.7253 val_prec_macro=0.6822 val_rec_macro=0.6553 val_metric_name=acc val_metric=0.7451
Step  300 | loss 0.6839 | val_acc=0.7846 val_loss=0.6512 val_f1_macro=0.7242 val_f1_weighted=0.7735 val_prec_macro=0.7347 val_rec_macro=0.7344 val_metric_name=acc val_metric=0.7846
Step  400 | loss 0.5477 | val_acc=0.8194 val_loss=0.5740 val_f1_macro=0.7710 val_f1_weighted=0.8121 val_prec_macro=0.7765 val_rec_macro=0.7839 val_metric_name=acc val_metric=0.8194
Step  500 | loss 0.4470 | val_acc=0.8385 val_loss=0.5256 val_f1_macro=0.7990 val_f1_weighted=0.8330 val_prec_macro=0.8029 val_rec_macro=0.8102 val_metric_name=acc val_metric=0.8385
Step  600 | loss 0.3629 | val_acc=0.8544 val_loss=0.4887 val_f1_macro=0.8196 val_f1_weighted=0.8502 val_prec_macro=0.8194 val_rec_macro=0.8284 val_metric_name=acc val_metric=0.8544
Step  700 | loss 0.2863 | val_acc=0.8660 val_loss=0.4751 val_f1_macro=0.8359 val_f1_weighted=0.8622 val_prec_macro=0.8354 val_rec_macro=0.8437 val_metric_name=acc val_metric=0.8660
Step  800 | loss 0.2314 | val_acc=0.8748 val_loss=0.4728 val_f1_macro=0.8462 val_f1_weighted=0.8717 val_prec_macro=0.8439 val_rec_macro=0.8538 val_metric_name=acc val_metric=0.8748
Step  900 | loss 0.1850 | val_acc=0.8786 val_loss=0.4826 val_f1_macro=0.8511 val_f1_weighted=0.8755 val_prec_macro=0.8492 val_rec_macro=0.8578 val_metric_name=acc val_metric=0.8786
Step 1000 | loss 0.1448 | val_acc=0.8824 val_loss=0.4975 val_f1_macro=0.8554 val_f1_weighted=0.8796 val_prec_macro=0.8520 val_rec_macro=0.8632 val_metric_name=acc val_metric=0.8824
Step 1100 | loss 0.1161 | val_acc=0.8856 val_loss=0.5208 val_f1_macro=0.8595 val_f1_weighted=0.8829 val_prec_macro=0.8574 val_rec_macro=0.8654 val_metric_name=acc val_metric=0.8856
Step 1200 | loss 0.0944 | val_acc=0.8865 val_loss=0.5428 val_f1_macro=0.8605 val_f1_weighted=0.8836 val_prec_macro=0.8581 val_rec_macro=0.8666 val_metric_name=acc val_metric=0.8865
Step 1300 | loss 0.0774 | val_acc=0.8881 val_loss=0.5590 val_f1_macro=0.8635 val_f1_weighted=0.8853 val_prec_macro=0.8630 val_rec_macro=0.8676 val_metric_name=acc val_metric=0.8881
Step 1400 | loss 0.0631 | val_acc=0.8893 val_loss=0.5769 val_f1_macro=0.8655 val_f1_weighted=0.8866 val_prec_macro=0.8643 val_rec_macro=0.8699 val_metric_name=acc val_metric=0.8893
Step 1500 | loss 0.0562 | val_acc=0.8897 val_loss=0.5898 val_f1_macro=0.8654 val_f1_weighted=0.8870 val_prec_macro=0.8641 val_rec_macro=0.8700 val_metric_name=acc val_metric=0.8897
Step 1600 | loss 0.0443 | val_acc=0.8904 val_loss=0.6044 val_f1_macro=0.8662 val_f1_weighted=0.8879 val_prec_macro=0.8646 val_rec_macro=0.8709 val_metric_name=acc val_metric=0.8904
Step 1700 | loss 0.0364 | val_acc=0.8914 val_loss=0.6184 val_f1_macro=0.8684 val_f1_weighted=0.8889 val_prec_macro=0.8674 val_rec_macro=0.8722 val_metric_name=acc val_metric=0.8914
Step 1800 | loss 0.0349 | val_acc=0.8930 val_loss=0.6296 val_f1_macro=0.8703 val_f1_weighted=0.8907 val_prec_macro=0.8696 val_rec_macro=0.8735 val_metric_name=acc val_metric=0.8930
Step 1900 | loss 0.0309 | val_acc=0.8927 val_loss=0.6411 val_f1_macro=0.8701 val_f1_weighted=0.8903 val_prec_macro=0.8689 val_rec_macro=0.8740 val_metric_name=acc val_metric=0.8927
Step 2000 | loss 0.0280 | val_acc=0.8927 val_loss=0.6517 val_f1_macro=0.8700 val_f1_weighted=0.8902 val_prec_macro=0.8682 val_rec_macro=0.8746 val_metric_name=acc val_metric=0.8927
Step 2100 | loss 0.0242 | val_acc=0.8944 val_loss=0.6601 val_f1_macro=0.8714 val_f1_weighted=0.8922 val_prec_macro=0.8699 val_rec_macro=0.8756 val_metric_name=acc val_metric=0.8944
Step 2200 | loss 0.0223 | val_acc=0.8939 val_loss=0.6711 val_f1_macro=0.8711 val_f1_weighted=0.8918 val_prec_macro=0.8692 val_rec_macro=0.8753 val_metric_name=acc val_metric=0.8939
Step 2300 | loss 0.0198 | val_acc=0.8939 val_loss=0.6788 val_f1_macro=0.8715 val_f1_weighted=0.8916 val_prec_macro=0.8701 val_rec_macro=0.8758 val_metric_name=acc val_metric=0.8939
Step 2400 | loss 0.0182 | val_acc=0.8934 val_loss=0.6819 val_f1_macro=0.8702 val_f1_weighted=0.8912 val_prec_macro=0.8691 val_rec_macro=0.8737 val_metric_name=acc val_metric=0.8934
Early stopping at step 2450
  >> test_acc=0.8941 test_f1_macro=0.8708 test_f1_weighted=0.8921 test_loss=0.6488 test_metric=0.8941 test_metric_name=acc test_prec_macro=0.8666 test_rec_macro=0.8775

Done. Results saved to ablation/results_k/roman-empire_k4.csv
