
============================================================
Training k=8 roman-empire SAGE L=5 h=512 lr=3e-05 split=0
============================================================
Step    1 | loss 3.7386 | val_acc=0.1989 val_loss=2.6755 val_f1_macro=0.0615 val_f1_weighted=0.1263 val_prec_macro=0.0805 val_rec_macro=0.0945 val_metric_name=acc val_metric=0.1989
Step  100 | loss 1.2877 | val_acc=0.6842 val_loss=1.0215 val_f1_macro=0.5253 val_f1_weighted=0.6400 val_prec_macro=0.5686 val_rec_macro=0.5462 val_metric_name=acc val_metric=0.6842
Step  200 | loss 0.9493 | val_acc=0.7340 val_loss=0.8172 val_f1_macro=0.6272 val_f1_weighted=0.7105 val_prec_macro=0.6808 val_rec_macro=0.6326 val_metric_name=acc val_metric=0.7340
Step  300 | loss 0.7797 | val_acc=0.7679 val_loss=0.6969 val_f1_macro=0.6945 val_f1_weighted=0.7540 val_prec_macro=0.7134 val_rec_macro=0.6979 val_metric_name=acc val_metric=0.7679
Step  400 | loss 0.6495 | val_acc=0.7995 val_loss=0.6107 val_f1_macro=0.7382 val_f1_weighted=0.7902 val_prec_macro=0.7476 val_rec_macro=0.7434 val_metric_name=acc val_metric=0.7995
Step  500 | loss 0.5452 | val_acc=0.8231 val_loss=0.5471 val_f1_macro=0.7710 val_f1_weighted=0.8168 val_prec_macro=0.7737 val_rec_macro=0.7791 val_metric_name=acc val_metric=0.8231
Step  600 | loss 0.4517 | val_acc=0.8447 val_loss=0.4971 val_f1_macro=0.8024 val_f1_weighted=0.8404 val_prec_macro=0.7981 val_rec_macro=0.8144 val_metric_name=acc val_metric=0.8447
Step  700 | loss 0.3739 | val_acc=0.8563 val_loss=0.4664 val_f1_macro=0.8184 val_f1_weighted=0.8529 val_prec_macro=0.8139 val_rec_macro=0.8304 val_metric_name=acc val_metric=0.8563
Step  800 | loss 0.3058 | val_acc=0.8690 val_loss=0.4503 val_f1_macro=0.8348 val_f1_weighted=0.8666 val_prec_macro=0.8295 val_rec_macro=0.8460 val_metric_name=acc val_metric=0.8690
Step  900 | loss 0.2534 | val_acc=0.8754 val_loss=0.4415 val_f1_macro=0.8449 val_f1_weighted=0.8732 val_prec_macro=0.8405 val_rec_macro=0.8542 val_metric_name=acc val_metric=0.8754
Step 1000 | loss 0.2062 | val_acc=0.8824 val_loss=0.4376 val_f1_macro=0.8534 val_f1_weighted=0.8806 val_prec_macro=0.8477 val_rec_macro=0.8631 val_metric_name=acc val_metric=0.8824
Step 1100 | loss 0.1692 | val_acc=0.8863 val_loss=0.4423 val_f1_macro=0.8595 val_f1_weighted=0.8848 val_prec_macro=0.8562 val_rec_macro=0.8664 val_metric_name=acc val_metric=0.8863
Step 1200 | loss 0.1349 | val_acc=0.8881 val_loss=0.4476 val_f1_macro=0.8629 val_f1_weighted=0.8867 val_prec_macro=0.8595 val_rec_macro=0.8692 val_metric_name=acc val_metric=0.8881
Step 1300 | loss 0.1128 | val_acc=0.8909 val_loss=0.4597 val_f1_macro=0.8657 val_f1_weighted=0.8897 val_prec_macro=0.8622 val_rec_macro=0.8718 val_metric_name=acc val_metric=0.8909
Step 1400 | loss 0.0933 | val_acc=0.8936 val_loss=0.4705 val_f1_macro=0.8703 val_f1_weighted=0.8924 val_prec_macro=0.8666 val_rec_macro=0.8763 val_metric_name=acc val_metric=0.8936
Step 1500 | loss 0.0748 | val_acc=0.8960 val_loss=0.4829 val_f1_macro=0.8725 val_f1_weighted=0.8949 val_prec_macro=0.8700 val_rec_macro=0.8774 val_metric_name=acc val_metric=0.8960
Step 1600 | loss 0.0612 | val_acc=0.8987 val_loss=0.4941 val_f1_macro=0.8769 val_f1_weighted=0.8975 val_prec_macro=0.8750 val_rec_macro=0.8805 val_metric_name=acc val_metric=0.8987
Step 1700 | loss 0.0518 | val_acc=0.8997 val_loss=0.5081 val_f1_macro=0.8785 val_f1_weighted=0.8987 val_prec_macro=0.8773 val_rec_macro=0.8818 val_metric_name=acc val_metric=0.8997
Step 1800 | loss 0.0440 | val_acc=0.9011 val_loss=0.5163 val_f1_macro=0.8795 val_f1_weighted=0.9002 val_prec_macro=0.8788 val_rec_macro=0.8821 val_metric_name=acc val_metric=0.9011
Step 1900 | loss 0.0380 | val_acc=0.9019 val_loss=0.5285 val_f1_macro=0.8813 val_f1_weighted=0.9010 val_prec_macro=0.8795 val_rec_macro=0.8851 val_metric_name=acc val_metric=0.9019
Step 2000 | loss 0.0315 | val_acc=0.9027 val_loss=0.5421 val_f1_macro=0.8824 val_f1_weighted=0.9018 val_prec_macro=0.8816 val_rec_macro=0.8850 val_metric_name=acc val_metric=0.9027
Step 2100 | loss 0.0283 | val_acc=0.9034 val_loss=0.5484 val_f1_macro=0.8834 val_f1_weighted=0.9026 val_prec_macro=0.8825 val_rec_macro=0.8860 val_metric_name=acc val_metric=0.9034
Step 2200 | loss 0.0238 | val_acc=0.9040 val_loss=0.5572 val_f1_macro=0.8838 val_f1_weighted=0.9031 val_prec_macro=0.8823 val_rec_macro=0.8872 val_metric_name=acc val_metric=0.9040
Step 2300 | loss 0.0215 | val_acc=0.9056 val_loss=0.5630 val_f1_macro=0.8864 val_f1_weighted=0.9047 val_prec_macro=0.8873 val_rec_macro=0.8871 val_metric_name=acc val_metric=0.9056
Step 2400 | loss 0.0191 | val_acc=0.9043 val_loss=0.5720 val_f1_macro=0.8857 val_f1_weighted=0.9035 val_prec_macro=0.8848 val_rec_macro=0.8878 val_metric_name=acc val_metric=0.9043
Step 2500 | loss 0.0170 | val_acc=0.9066 val_loss=0.5780 val_f1_macro=0.8891 val_f1_weighted=0.9058 val_prec_macro=0.8903 val_rec_macro=0.8892 val_metric_name=acc val_metric=0.9066
Step 2600 | loss 0.0158 | val_acc=0.9061 val_loss=0.5865 val_f1_macro=0.8878 val_f1_weighted=0.9053 val_prec_macro=0.8876 val_rec_macro=0.8894 val_metric_name=acc val_metric=0.9061
Step 2700 | loss 0.0143 | val_acc=0.9071 val_loss=0.5935 val_f1_macro=0.8882 val_f1_weighted=0.9062 val_prec_macro=0.8876 val_rec_macro=0.8903 val_metric_name=acc val_metric=0.9071
Step 2800 | loss 0.0129 | val_acc=0.9066 val_loss=0.6006 val_f1_macro=0.8881 val_f1_weighted=0.9058 val_prec_macro=0.8880 val_rec_macro=0.8900 val_metric_name=acc val_metric=0.9066
Step 2900 | loss 0.0108 | val_acc=0.9071 val_loss=0.6084 val_f1_macro=0.8889 val_f1_weighted=0.9063 val_prec_macro=0.8882 val_rec_macro=0.8910 val_metric_name=acc val_metric=0.9071
Step 3000 | loss 0.0097 | val_acc=0.9073 val_loss=0.6136 val_f1_macro=0.8894 val_f1_weighted=0.9064 val_prec_macro=0.8894 val_rec_macro=0.8912 val_metric_name=acc val_metric=0.9073
Step 3100 | loss 0.0092 | val_acc=0.9064 val_loss=0.6248 val_f1_macro=0.8874 val_f1_weighted=0.9055 val_prec_macro=0.8883 val_rec_macro=0.8884 val_metric_name=acc val_metric=0.9064
Step 3200 | loss 0.0083 | val_acc=0.9079 val_loss=0.6247 val_f1_macro=0.8891 val_f1_weighted=0.9069 val_prec_macro=0.8896 val_rec_macro=0.8903 val_metric_name=acc val_metric=0.9079
Step 3300 | loss 0.0081 | val_acc=0.9080 val_loss=0.6284 val_f1_macro=0.8903 val_f1_weighted=0.9071 val_prec_macro=0.8909 val_rec_macro=0.8914 val_metric_name=acc val_metric=0.9080
Step 3400 | loss 0.0074 | val_acc=0.9080 val_loss=0.6369 val_f1_macro=0.8904 val_f1_weighted=0.9072 val_prec_macro=0.8913 val_rec_macro=0.8911 val_metric_name=acc val_metric=0.9080
Step 3500 | loss 0.0065 | val_acc=0.9073 val_loss=0.6433 val_f1_macro=0.8885 val_f1_weighted=0.9065 val_prec_macro=0.8903 val_rec_macro=0.8881 val_metric_name=acc val_metric=0.9073
Step 3600 | loss 0.0057 | val_acc=0.9077 val_loss=0.6454 val_f1_macro=0.8894 val_f1_weighted=0.9069 val_prec_macro=0.8897 val_rec_macro=0.8909 val_metric_name=acc val_metric=0.9077
Step 3700 | loss 0.0052 | val_acc=0.9082 val_loss=0.6485 val_f1_macro=0.8910 val_f1_weighted=0.9074 val_prec_macro=0.8909 val_rec_macro=0.8924 val_metric_name=acc val_metric=0.9082
Early stopping at step 3770
  >> test_acc=0.9042 test_f1_macro=0.8794 test_f1_weighted=0.9037 test_loss=0.6797 test_metric=0.9042 test_metric_name=acc test_prec_macro=0.8757 test_rec_macro=0.8840

============================================================
Training k=8 roman-empire SAGE L=5 h=512 lr=3e-05 split=1
============================================================
Step    1 | loss 3.7259 | val_acc=0.1628 val_loss=2.6705 val_f1_macro=0.0473 val_f1_weighted=0.0872 val_prec_macro=0.0552 val_rec_macro=0.0781 val_metric_name=acc val_metric=0.1628
Step  100 | loss 1.2690 | val_acc=0.6838 val_loss=0.9688 val_f1_macro=0.5309 val_f1_weighted=0.6458 val_prec_macro=0.5884 val_rec_macro=0.5531 val_metric_name=acc val_metric=0.6838
Step  200 | loss 0.9497 | val_acc=0.7442 val_loss=0.7639 val_f1_macro=0.6507 val_f1_weighted=0.7258 val_prec_macro=0.6969 val_rec_macro=0.6517 val_metric_name=acc val_metric=0.7442
Step  300 | loss 0.7700 | val_acc=0.7836 val_loss=0.6530 val_f1_macro=0.7194 val_f1_weighted=0.7726 val_prec_macro=0.7367 val_rec_macro=0.7222 val_metric_name=acc val_metric=0.7836
Step  400 | loss 0.6405 | val_acc=0.8115 val_loss=0.5742 val_f1_macro=0.7570 val_f1_weighted=0.8042 val_prec_macro=0.7617 val_rec_macro=0.7643 val_metric_name=acc val_metric=0.8115
Step  500 | loss 0.5293 | val_acc=0.8341 val_loss=0.5139 val_f1_macro=0.7887 val_f1_weighted=0.8291 val_prec_macro=0.7861 val_rec_macro=0.8012 val_metric_name=acc val_metric=0.8341
Step  600 | loss 0.4326 | val_acc=0.8530 val_loss=0.4672 val_f1_macro=0.8134 val_f1_weighted=0.8491 val_prec_macro=0.8064 val_rec_macro=0.8286 val_metric_name=acc val_metric=0.8530
Step  700 | loss 0.3563 | val_acc=0.8681 val_loss=0.4397 val_f1_macro=0.8350 val_f1_weighted=0.8653 val_prec_macro=0.8261 val_rec_macro=0.8497 val_metric_name=acc val_metric=0.8681
Step  800 | loss 0.2888 | val_acc=0.8777 val_loss=0.4286 val_f1_macro=0.8462 val_f1_weighted=0.8757 val_prec_macro=0.8374 val_rec_macro=0.8593 val_metric_name=acc val_metric=0.8777
Step  900 | loss 0.2338 | val_acc=0.8847 val_loss=0.4293 val_f1_macro=0.8558 val_f1_weighted=0.8831 val_prec_macro=0.8454 val_rec_macro=0.8701 val_metric_name=acc val_metric=0.8847
Step 1000 | loss 0.1904 | val_acc=0.8886 val_loss=0.4350 val_f1_macro=0.8595 val_f1_weighted=0.8872 val_prec_macro=0.8494 val_rec_macro=0.8727 val_metric_name=acc val_metric=0.8886
Step 1100 | loss 0.1508 | val_acc=0.8930 val_loss=0.4480 val_f1_macro=0.8642 val_f1_weighted=0.8919 val_prec_macro=0.8537 val_rec_macro=0.8775 val_metric_name=acc val_metric=0.8930
Step 1200 | loss 0.1210 | val_acc=0.8962 val_loss=0.4605 val_f1_macro=0.8684 val_f1_weighted=0.8951 val_prec_macro=0.8588 val_rec_macro=0.8805 val_metric_name=acc val_metric=0.8962
Step 1300 | loss 0.0969 | val_acc=0.8981 val_loss=0.4758 val_f1_macro=0.8712 val_f1_weighted=0.8970 val_prec_macro=0.8628 val_rec_macro=0.8815 val_metric_name=acc val_metric=0.8981
Step 1400 | loss 0.0767 | val_acc=0.8974 val_loss=0.4941 val_f1_macro=0.8701 val_f1_weighted=0.8964 val_prec_macro=0.8615 val_rec_macro=0.8807 val_metric_name=acc val_metric=0.8974
Step 1500 | loss 0.0621 | val_acc=0.8987 val_loss=0.5088 val_f1_macro=0.8722 val_f1_weighted=0.8974 val_prec_macro=0.8647 val_rec_macro=0.8818 val_metric_name=acc val_metric=0.8987
Step 1600 | loss 0.0536 | val_acc=0.8985 val_loss=0.5240 val_f1_macro=0.8721 val_f1_weighted=0.8974 val_prec_macro=0.8648 val_rec_macro=0.8811 val_metric_name=acc val_metric=0.8985
Step 1700 | loss 0.0434 | val_acc=0.8997 val_loss=0.5399 val_f1_macro=0.8724 val_f1_weighted=0.8986 val_prec_macro=0.8646 val_rec_macro=0.8819 val_metric_name=acc val_metric=0.8997
Step 1800 | loss 0.0363 | val_acc=0.9001 val_loss=0.5506 val_f1_macro=0.8730 val_f1_weighted=0.8990 val_prec_macro=0.8653 val_rec_macro=0.8825 val_metric_name=acc val_metric=0.9001
Step 1900 | loss 0.0317 | val_acc=0.9003 val_loss=0.5646 val_f1_macro=0.8733 val_f1_weighted=0.8991 val_prec_macro=0.8660 val_rec_macro=0.8823 val_metric_name=acc val_metric=0.9003
Step 2000 | loss 0.0271 | val_acc=0.9013 val_loss=0.5737 val_f1_macro=0.8733 val_f1_weighted=0.9001 val_prec_macro=0.8668 val_rec_macro=0.8816 val_metric_name=acc val_metric=0.9013
Step 2100 | loss 0.0231 | val_acc=0.9015 val_loss=0.5881 val_f1_macro=0.8740 val_f1_weighted=0.9004 val_prec_macro=0.8672 val_rec_macro=0.8824 val_metric_name=acc val_metric=0.9015
Step 2200 | loss 0.0213 | val_acc=0.9026 val_loss=0.5977 val_f1_macro=0.8754 val_f1_weighted=0.9013 val_prec_macro=0.8688 val_rec_macro=0.8838 val_metric_name=acc val_metric=0.9026
Step 2300 | loss 0.0185 | val_acc=0.9031 val_loss=0.6018 val_f1_macro=0.8753 val_f1_weighted=0.9020 val_prec_macro=0.8693 val_rec_macro=0.8830 val_metric_name=acc val_metric=0.9031
Step 2400 | loss 0.0166 | val_acc=0.9041 val_loss=0.6109 val_f1_macro=0.8775 val_f1_weighted=0.9030 val_prec_macro=0.8710 val_rec_macro=0.8855 val_metric_name=acc val_metric=0.9041
Step 2500 | loss 0.0139 | val_acc=0.9029 val_loss=0.6220 val_f1_macro=0.8761 val_f1_weighted=0.9018 val_prec_macro=0.8704 val_rec_macro=0.8834 val_metric_name=acc val_metric=0.9029
Step 2600 | loss 0.0129 | val_acc=0.9063 val_loss=0.6286 val_f1_macro=0.8792 val_f1_weighted=0.9052 val_prec_macro=0.8733 val_rec_macro=0.8867 val_metric_name=acc val_metric=0.9063
Step 2700 | loss 0.0118 | val_acc=0.9043 val_loss=0.6352 val_f1_macro=0.8778 val_f1_weighted=0.9032 val_prec_macro=0.8718 val_rec_macro=0.8853 val_metric_name=acc val_metric=0.9043
Step 2800 | loss 0.0101 | val_acc=0.9049 val_loss=0.6415 val_f1_macro=0.8785 val_f1_weighted=0.9040 val_prec_macro=0.8723 val_rec_macro=0.8859 val_metric_name=acc val_metric=0.9049
Step 2900 | loss 0.0089 | val_acc=0.9041 val_loss=0.6517 val_f1_macro=0.8775 val_f1_weighted=0.9031 val_prec_macro=0.8709 val_rec_macro=0.8855 val_metric_name=acc val_metric=0.9041
Step 3000 | loss 0.0091 | val_acc=0.9063 val_loss=0.6569 val_f1_macro=0.8796 val_f1_weighted=0.9052 val_prec_macro=0.8734 val_rec_macro=0.8873 val_metric_name=acc val_metric=0.9063
Step 3100 | loss 0.0086 | val_acc=0.9056 val_loss=0.6620 val_f1_macro=0.8790 val_f1_weighted=0.9044 val_prec_macro=0.8721 val_rec_macro=0.8876 val_metric_name=acc val_metric=0.9056
Step 3200 | loss 0.0071 | val_acc=0.9080 val_loss=0.6718 val_f1_macro=0.8824 val_f1_weighted=0.9070 val_prec_macro=0.8772 val_rec_macro=0.8889 val_metric_name=acc val_metric=0.9080
Step 3300 | loss 0.0069 | val_acc=0.9071 val_loss=0.6762 val_f1_macro=0.8809 val_f1_weighted=0.9060 val_prec_macro=0.8752 val_rec_macro=0.8883 val_metric_name=acc val_metric=0.9071
Step 3400 | loss 0.0066 | val_acc=0.9086 val_loss=0.6759 val_f1_macro=0.8841 val_f1_weighted=0.9076 val_prec_macro=0.8790 val_rec_macro=0.8904 val_metric_name=acc val_metric=0.9086
Step 3500 | loss 0.0057 | val_acc=0.9066 val_loss=0.6767 val_f1_macro=0.8817 val_f1_weighted=0.9056 val_prec_macro=0.8766 val_rec_macro=0.8880 val_metric_name=acc val_metric=0.9066
Step 3600 | loss 0.0055 | val_acc=0.9080 val_loss=0.6927 val_f1_macro=0.8820 val_f1_weighted=0.9070 val_prec_macro=0.8766 val_rec_macro=0.8890 val_metric_name=acc val_metric=0.9080
Early stopping at step 3670
  >> test_acc=0.9135 test_f1_macro=0.8895 test_f1_weighted=0.9124 test_loss=0.6367 test_metric=0.9135 test_metric_name=acc test_prec_macro=0.8922 test_rec_macro=0.8876

============================================================
Training k=8 roman-empire SAGE L=5 h=512 lr=3e-05 split=2
============================================================
Step    1 | loss 3.8395 | val_acc=0.1379 val_loss=2.7624 val_f1_macro=0.0719 val_f1_weighted=0.1102 val_prec_macro=0.0780 val_rec_macro=0.0883 val_metric_name=acc val_metric=0.1379
Step  100 | loss 1.2932 | val_acc=0.6770 val_loss=1.0477 val_f1_macro=0.5113 val_f1_weighted=0.6294 val_prec_macro=0.5345 val_rec_macro=0.5420 val_metric_name=acc val_metric=0.6770
Step  200 | loss 0.9550 | val_acc=0.7317 val_loss=0.8228 val_f1_macro=0.6232 val_f1_weighted=0.7082 val_prec_macro=0.6599 val_rec_macro=0.6316 val_metric_name=acc val_metric=0.7317
Step  300 | loss 0.7751 | val_acc=0.7684 val_loss=0.7069 val_f1_macro=0.6970 val_f1_weighted=0.7547 val_prec_macro=0.7081 val_rec_macro=0.7038 val_metric_name=acc val_metric=0.7684
Step  400 | loss 0.6426 | val_acc=0.8002 val_loss=0.6252 val_f1_macro=0.7463 val_f1_weighted=0.7916 val_prec_macro=0.7476 val_rec_macro=0.7568 val_metric_name=acc val_metric=0.8002
Step  500 | loss 0.5386 | val_acc=0.8214 val_loss=0.5624 val_f1_macro=0.7718 val_f1_weighted=0.8157 val_prec_macro=0.7686 val_rec_macro=0.7830 val_metric_name=acc val_metric=0.8214
Step  600 | loss 0.4421 | val_acc=0.8415 val_loss=0.5105 val_f1_macro=0.7978 val_f1_weighted=0.8378 val_prec_macro=0.7911 val_rec_macro=0.8099 val_metric_name=acc val_metric=0.8415
Step  700 | loss 0.3669 | val_acc=0.8547 val_loss=0.4793 val_f1_macro=0.8179 val_f1_weighted=0.8521 val_prec_macro=0.8104 val_rec_macro=0.8293 val_metric_name=acc val_metric=0.8547
Step  800 | loss 0.3006 | val_acc=0.8655 val_loss=0.4641 val_f1_macro=0.8315 val_f1_weighted=0.8636 val_prec_macro=0.8237 val_rec_macro=0.8425 val_metric_name=acc val_metric=0.8655
Step  900 | loss 0.2484 | val_acc=0.8743 val_loss=0.4614 val_f1_macro=0.8427 val_f1_weighted=0.8731 val_prec_macro=0.8351 val_rec_macro=0.8528 val_metric_name=acc val_metric=0.8743
Step 1000 | loss 0.2012 | val_acc=0.8787 val_loss=0.4660 val_f1_macro=0.8481 val_f1_weighted=0.8775 val_prec_macro=0.8411 val_rec_macro=0.8572 val_metric_name=acc val_metric=0.8787
Step 1100 | loss 0.1648 | val_acc=0.8821 val_loss=0.4750 val_f1_macro=0.8525 val_f1_weighted=0.8813 val_prec_macro=0.8464 val_rec_macro=0.8606 val_metric_name=acc val_metric=0.8821
Step 1200 | loss 0.1298 | val_acc=0.8849 val_loss=0.4903 val_f1_macro=0.8556 val_f1_weighted=0.8842 val_prec_macro=0.8505 val_rec_macro=0.8623 val_metric_name=acc val_metric=0.8849
Step 1300 | loss 0.1057 | val_acc=0.8890 val_loss=0.5052 val_f1_macro=0.8615 val_f1_weighted=0.8881 val_prec_macro=0.8572 val_rec_macro=0.8667 val_metric_name=acc val_metric=0.8890
Step 1400 | loss 0.0862 | val_acc=0.8900 val_loss=0.5232 val_f1_macro=0.8635 val_f1_weighted=0.8893 val_prec_macro=0.8597 val_rec_macro=0.8680 val_metric_name=acc val_metric=0.8900
Step 1500 | loss 0.0708 | val_acc=0.8923 val_loss=0.5391 val_f1_macro=0.8663 val_f1_weighted=0.8916 val_prec_macro=0.8635 val_rec_macro=0.8699 val_metric_name=acc val_metric=0.8923
Step 1600 | loss 0.0592 | val_acc=0.8921 val_loss=0.5559 val_f1_macro=0.8669 val_f1_weighted=0.8915 val_prec_macro=0.8639 val_rec_macro=0.8708 val_metric_name=acc val_metric=0.8921
Step 1700 | loss 0.0493 | val_acc=0.8941 val_loss=0.5691 val_f1_macro=0.8699 val_f1_weighted=0.8935 val_prec_macro=0.8680 val_rec_macro=0.8726 val_metric_name=acc val_metric=0.8941
Step 1800 | loss 0.0408 | val_acc=0.8953 val_loss=0.5855 val_f1_macro=0.8719 val_f1_weighted=0.8947 val_prec_macro=0.8702 val_rec_macro=0.8743 val_metric_name=acc val_metric=0.8953
Step 1900 | loss 0.0337 | val_acc=0.8978 val_loss=0.5936 val_f1_macro=0.8749 val_f1_weighted=0.8973 val_prec_macro=0.8748 val_rec_macro=0.8757 val_metric_name=acc val_metric=0.8978
Step 2000 | loss 0.0299 | val_acc=0.8981 val_loss=0.6038 val_f1_macro=0.8744 val_f1_weighted=0.8975 val_prec_macro=0.8735 val_rec_macro=0.8761 val_metric_name=acc val_metric=0.8981
Step 2100 | loss 0.0267 | val_acc=0.8980 val_loss=0.6145 val_f1_macro=0.8747 val_f1_weighted=0.8975 val_prec_macro=0.8737 val_rec_macro=0.8763 val_metric_name=acc val_metric=0.8980
Step 2200 | loss 0.0238 | val_acc=0.8978 val_loss=0.6271 val_f1_macro=0.8742 val_f1_weighted=0.8972 val_prec_macro=0.8738 val_rec_macro=0.8752 val_metric_name=acc val_metric=0.8978
Step 2300 | loss 0.0197 | val_acc=0.8983 val_loss=0.6350 val_f1_macro=0.8760 val_f1_weighted=0.8977 val_prec_macro=0.8767 val_rec_macro=0.8761 val_metric_name=acc val_metric=0.8983
Step 2400 | loss 0.0178 | val_acc=0.8990 val_loss=0.6460 val_f1_macro=0.8762 val_f1_weighted=0.8985 val_prec_macro=0.8762 val_rec_macro=0.8767 val_metric_name=acc val_metric=0.8990
Step 2500 | loss 0.0157 | val_acc=0.8990 val_loss=0.6498 val_f1_macro=0.8764 val_f1_weighted=0.8986 val_prec_macro=0.8777 val_rec_macro=0.8757 val_metric_name=acc val_metric=0.8990
Step 2600 | loss 0.0147 | val_acc=0.8994 val_loss=0.6603 val_f1_macro=0.8758 val_f1_weighted=0.8989 val_prec_macro=0.8765 val_rec_macro=0.8758 val_metric_name=acc val_metric=0.8994
Step 2700 | loss 0.0125 | val_acc=0.8994 val_loss=0.6681 val_f1_macro=0.8761 val_f1_weighted=0.8988 val_prec_macro=0.8775 val_rec_macro=0.8754 val_metric_name=acc val_metric=0.8994
Step 2800 | loss 0.0119 | val_acc=0.8990 val_loss=0.6754 val_f1_macro=0.8754 val_f1_weighted=0.8984 val_prec_macro=0.8759 val_rec_macro=0.8756 val_metric_name=acc val_metric=0.8990
Step 2900 | loss 0.0105 | val_acc=0.8992 val_loss=0.6845 val_f1_macro=0.8765 val_f1_weighted=0.8987 val_prec_macro=0.8777 val_rec_macro=0.8760 val_metric_name=acc val_metric=0.8992
Step 3000 | loss 0.0099 | val_acc=0.9006 val_loss=0.6851 val_f1_macro=0.8777 val_f1_weighted=0.9001 val_prec_macro=0.8783 val_rec_macro=0.8775 val_metric_name=acc val_metric=0.9006
Step 3100 | loss 0.0085 | val_acc=0.9011 val_loss=0.6943 val_f1_macro=0.8789 val_f1_weighted=0.9006 val_prec_macro=0.8795 val_rec_macro=0.8789 val_metric_name=acc val_metric=0.9011
Step 3200 | loss 0.0077 | val_acc=0.9017 val_loss=0.6988 val_f1_macro=0.8792 val_f1_weighted=0.9010 val_prec_macro=0.8796 val_rec_macro=0.8793 val_metric_name=acc val_metric=0.9017
Step 3300 | loss 0.0071 | val_acc=0.9011 val_loss=0.7089 val_f1_macro=0.8784 val_f1_weighted=0.9006 val_prec_macro=0.8798 val_rec_macro=0.8777 val_metric_name=acc val_metric=0.9011
Step 3400 | loss 0.0067 | val_acc=0.9024 val_loss=0.7106 val_f1_macro=0.8803 val_f1_weighted=0.9017 val_prec_macro=0.8812 val_rec_macro=0.8798 val_metric_name=acc val_metric=0.9024
Step 3500 | loss 0.0063 | val_acc=0.9019 val_loss=0.7180 val_f1_macro=0.8796 val_f1_weighted=0.9012 val_prec_macro=0.8799 val_rec_macro=0.8796 val_metric_name=acc val_metric=0.9019
Step 3600 | loss 0.0067 | val_acc=0.9026 val_loss=0.7235 val_f1_macro=0.8810 val_f1_weighted=0.9019 val_prec_macro=0.8821 val_rec_macro=0.8806 val_metric_name=acc val_metric=0.9026
Step 3700 | loss 0.0053 | val_acc=0.9026 val_loss=0.7263 val_f1_macro=0.8804 val_f1_weighted=0.9018 val_prec_macro=0.8810 val_rec_macro=0.8803 val_metric_name=acc val_metric=0.9026
Step 3800 | loss 0.0054 | val_acc=0.9034 val_loss=0.7314 val_f1_macro=0.8819 val_f1_weighted=0.9029 val_prec_macro=0.8817 val_rec_macro=0.8826 val_metric_name=acc val_metric=0.9034
Step 3900 | loss 0.0041 | val_acc=0.9017 val_loss=0.7392 val_f1_macro=0.8790 val_f1_weighted=0.9009 val_prec_macro=0.8798 val_rec_macro=0.8787 val_metric_name=acc val_metric=0.9017
Step 4000 | loss 0.0042 | val_acc=0.9034 val_loss=0.7398 val_f1_macro=0.8828 val_f1_weighted=0.9028 val_prec_macro=0.8838 val_rec_macro=0.8824 val_metric_name=acc val_metric=0.9034
Step 4100 | loss 0.0039 | val_acc=0.9036 val_loss=0.7512 val_f1_macro=0.8830 val_f1_weighted=0.9030 val_prec_macro=0.8840 val_rec_macro=0.8826 val_metric_name=acc val_metric=0.9036
Step 4200 | loss 0.0037 | val_acc=0.9033 val_loss=0.7545 val_f1_macro=0.8813 val_f1_weighted=0.9025 val_prec_macro=0.8820 val_rec_macro=0.8813 val_metric_name=acc val_metric=0.9033
Step 4300 | loss 0.0034 | val_acc=0.9054 val_loss=0.7553 val_f1_macro=0.8845 val_f1_weighted=0.9047 val_prec_macro=0.8854 val_rec_macro=0.8842 val_metric_name=acc val_metric=0.9054
Step 4400 | loss 0.0032 | val_acc=0.9038 val_loss=0.7605 val_f1_macro=0.8816 val_f1_weighted=0.9032 val_prec_macro=0.8824 val_rec_macro=0.8814 val_metric_name=acc val_metric=0.9038
Step 4500 | loss 0.0036 | val_acc=0.9047 val_loss=0.7642 val_f1_macro=0.8835 val_f1_weighted=0.9039 val_prec_macro=0.8849 val_rec_macro=0.8827 val_metric_name=acc val_metric=0.9047
Step 4600 | loss 0.0032 | val_acc=0.9054 val_loss=0.7640 val_f1_macro=0.8838 val_f1_weighted=0.9047 val_prec_macro=0.8866 val_rec_macro=0.8816 val_metric_name=acc val_metric=0.9054
Step 4700 | loss 0.0030 | val_acc=0.9050 val_loss=0.7741 val_f1_macro=0.8830 val_f1_weighted=0.9043 val_prec_macro=0.8856 val_rec_macro=0.8809 val_metric_name=acc val_metric=0.9050
Step 4800 | loss 0.0027 | val_acc=0.9049 val_loss=0.7757 val_f1_macro=0.8821 val_f1_weighted=0.9040 val_prec_macro=0.8829 val_rec_macro=0.8819 val_metric_name=acc val_metric=0.9049
Early stopping at step 4850
  >> test_acc=0.9102 test_f1_macro=0.8866 test_f1_weighted=0.9095 test_loss=0.6728 test_metric=0.9102 test_metric_name=acc test_prec_macro=0.8848 test_rec_macro=0.8892

============================================================
Training k=8 roman-empire SAGE L=5 h=512 lr=3e-05 split=3
============================================================
Step    1 | loss 3.8867 | val_acc=0.0849 val_loss=2.7981 val_f1_macro=0.0292 val_f1_weighted=0.0577 val_prec_macro=0.0454 val_rec_macro=0.0472 val_metric_name=acc val_metric=0.0849
Step  100 | loss 1.3186 | val_acc=0.6674 val_loss=1.0414 val_f1_macro=0.5059 val_f1_weighted=0.6238 val_prec_macro=0.5627 val_rec_macro=0.5312 val_metric_name=acc val_metric=0.6674
Step  200 | loss 0.9818 | val_acc=0.7329 val_loss=0.8178 val_f1_macro=0.6109 val_f1_weighted=0.7071 val_prec_macro=0.6712 val_rec_macro=0.6225 val_metric_name=acc val_metric=0.7329
Step  300 | loss 0.7884 | val_acc=0.7698 val_loss=0.6890 val_f1_macro=0.6929 val_f1_weighted=0.7567 val_prec_macro=0.7101 val_rec_macro=0.6973 val_metric_name=acc val_metric=0.7698
Step  400 | loss 0.6548 | val_acc=0.8018 val_loss=0.6027 val_f1_macro=0.7395 val_f1_weighted=0.7933 val_prec_macro=0.7440 val_rec_macro=0.7480 val_metric_name=acc val_metric=0.8018
Step  500 | loss 0.5440 | val_acc=0.8238 val_loss=0.5401 val_f1_macro=0.7691 val_f1_weighted=0.8184 val_prec_macro=0.7669 val_rec_macro=0.7813 val_metric_name=acc val_metric=0.8238
Step  600 | loss 0.4465 | val_acc=0.8447 val_loss=0.4898 val_f1_macro=0.7967 val_f1_weighted=0.8404 val_prec_macro=0.7905 val_rec_macro=0.8112 val_metric_name=acc val_metric=0.8447
Step  700 | loss 0.3663 | val_acc=0.8591 val_loss=0.4566 val_f1_macro=0.8161 val_f1_weighted=0.8565 val_prec_macro=0.8078 val_rec_macro=0.8307 val_metric_name=acc val_metric=0.8591
Step  800 | loss 0.3018 | val_acc=0.8733 val_loss=0.4386 val_f1_macro=0.8362 val_f1_weighted=0.8716 val_prec_macro=0.8280 val_rec_macro=0.8489 val_metric_name=acc val_metric=0.8733
Step  900 | loss 0.2456 | val_acc=0.8803 val_loss=0.4325 val_f1_macro=0.8478 val_f1_weighted=0.8791 val_prec_macro=0.8392 val_rec_macro=0.8602 val_metric_name=acc val_metric=0.8803
Step 1000 | loss 0.2014 | val_acc=0.8858 val_loss=0.4354 val_f1_macro=0.8542 val_f1_weighted=0.8846 val_prec_macro=0.8464 val_rec_macro=0.8651 val_metric_name=acc val_metric=0.8858
Step 1100 | loss 0.1613 | val_acc=0.8920 val_loss=0.4440 val_f1_macro=0.8630 val_f1_weighted=0.8912 val_prec_macro=0.8547 val_rec_macro=0.8743 val_metric_name=acc val_metric=0.8920
Step 1200 | loss 0.1293 | val_acc=0.8948 val_loss=0.4540 val_f1_macro=0.8656 val_f1_weighted=0.8938 val_prec_macro=0.8583 val_rec_macro=0.8755 val_metric_name=acc val_metric=0.8948
Step 1300 | loss 0.1036 | val_acc=0.8989 val_loss=0.4669 val_f1_macro=0.8714 val_f1_weighted=0.8979 val_prec_macro=0.8654 val_rec_macro=0.8798 val_metric_name=acc val_metric=0.8989
Step 1400 | loss 0.0851 | val_acc=0.9013 val_loss=0.4829 val_f1_macro=0.8754 val_f1_weighted=0.9004 val_prec_macro=0.8704 val_rec_macro=0.8825 val_metric_name=acc val_metric=0.9013
Step 1500 | loss 0.0676 | val_acc=0.9045 val_loss=0.4958 val_f1_macro=0.8787 val_f1_weighted=0.9037 val_prec_macro=0.8744 val_rec_macro=0.8848 val_metric_name=acc val_metric=0.9045
Step 1600 | loss 0.0582 | val_acc=0.9041 val_loss=0.5125 val_f1_macro=0.8775 val_f1_weighted=0.9034 val_prec_macro=0.8740 val_rec_macro=0.8828 val_metric_name=acc val_metric=0.9041
Step 1700 | loss 0.0502 | val_acc=0.9054 val_loss=0.5255 val_f1_macro=0.8793 val_f1_weighted=0.9045 val_prec_macro=0.8758 val_rec_macro=0.8845 val_metric_name=acc val_metric=0.9054
Step 1800 | loss 0.0411 | val_acc=0.9066 val_loss=0.5378 val_f1_macro=0.8806 val_f1_weighted=0.9059 val_prec_macro=0.8771 val_rec_macro=0.8858 val_metric_name=acc val_metric=0.9066
Step 1900 | loss 0.0363 | val_acc=0.9075 val_loss=0.5493 val_f1_macro=0.8820 val_f1_weighted=0.9067 val_prec_macro=0.8791 val_rec_macro=0.8865 val_metric_name=acc val_metric=0.9075
Step 2000 | loss 0.0299 | val_acc=0.9077 val_loss=0.5616 val_f1_macro=0.8823 val_f1_weighted=0.9070 val_prec_macro=0.8802 val_rec_macro=0.8862 val_metric_name=acc val_metric=0.9077
Step 2100 | loss 0.0253 | val_acc=0.9079 val_loss=0.5729 val_f1_macro=0.8832 val_f1_weighted=0.9071 val_prec_macro=0.8812 val_rec_macro=0.8872 val_metric_name=acc val_metric=0.9079
Step 2200 | loss 0.0232 | val_acc=0.9089 val_loss=0.5816 val_f1_macro=0.8835 val_f1_weighted=0.9082 val_prec_macro=0.8823 val_rec_macro=0.8864 val_metric_name=acc val_metric=0.9089
Step 2300 | loss 0.0198 | val_acc=0.9086 val_loss=0.5892 val_f1_macro=0.8840 val_f1_weighted=0.9080 val_prec_macro=0.8827 val_rec_macro=0.8873 val_metric_name=acc val_metric=0.9086
Step 2400 | loss 0.0194 | val_acc=0.9096 val_loss=0.5951 val_f1_macro=0.8862 val_f1_weighted=0.9089 val_prec_macro=0.8857 val_rec_macro=0.8882 val_metric_name=acc val_metric=0.9096
Step 2500 | loss 0.0161 | val_acc=0.9098 val_loss=0.6055 val_f1_macro=0.8864 val_f1_weighted=0.9091 val_prec_macro=0.8859 val_rec_macro=0.8884 val_metric_name=acc val_metric=0.9098
Step 2600 | loss 0.0139 | val_acc=0.9117 val_loss=0.6088 val_f1_macro=0.8886 val_f1_weighted=0.9111 val_prec_macro=0.8890 val_rec_macro=0.8901 val_metric_name=acc val_metric=0.9117
Step 2700 | loss 0.0138 | val_acc=0.9094 val_loss=0.6200 val_f1_macro=0.8856 val_f1_weighted=0.9088 val_prec_macro=0.8847 val_rec_macro=0.8882 val_metric_name=acc val_metric=0.9094
Step 2800 | loss 0.0119 | val_acc=0.9098 val_loss=0.6280 val_f1_macro=0.8872 val_f1_weighted=0.9092 val_prec_macro=0.8869 val_rec_macro=0.8893 val_metric_name=acc val_metric=0.9098
Step 2900 | loss 0.0102 | val_acc=0.9116 val_loss=0.6335 val_f1_macro=0.8878 val_f1_weighted=0.9108 val_prec_macro=0.8875 val_rec_macro=0.8898 val_metric_name=acc val_metric=0.9116
Early stopping at step 2900
  >> test_acc=0.9063 test_f1_macro=0.8797 test_f1_weighted=0.9055 test_loss=0.6174 test_metric=0.9063 test_metric_name=acc test_prec_macro=0.8755 test_rec_macro=0.8848

============================================================
Training k=8 roman-empire SAGE L=5 h=512 lr=3e-05 split=4
============================================================
Step    1 | loss 3.6591 | val_acc=0.1520 val_loss=2.6917 val_f1_macro=0.0388 val_f1_weighted=0.0903 val_prec_macro=0.0464 val_rec_macro=0.0633 val_metric_name=acc val_metric=0.1520
Step  100 | loss 1.2995 | val_acc=0.6733 val_loss=1.0355 val_f1_macro=0.5040 val_f1_weighted=0.6282 val_prec_macro=0.5554 val_rec_macro=0.5301 val_metric_name=acc val_metric=0.6733
Step  200 | loss 0.9400 | val_acc=0.7375 val_loss=0.7992 val_f1_macro=0.6355 val_f1_weighted=0.7145 val_prec_macro=0.6827 val_rec_macro=0.6406 val_metric_name=acc val_metric=0.7375
Step  300 | loss 0.7602 | val_acc=0.7763 val_loss=0.6712 val_f1_macro=0.7067 val_f1_weighted=0.7634 val_prec_macro=0.7212 val_rec_macro=0.7114 val_metric_name=acc val_metric=0.7763
Step  400 | loss 0.6274 | val_acc=0.8034 val_loss=0.5865 val_f1_macro=0.7499 val_f1_weighted=0.7951 val_prec_macro=0.7547 val_rec_macro=0.7567 val_metric_name=acc val_metric=0.8034
Step  500 | loss 0.5225 | val_acc=0.8258 val_loss=0.5234 val_f1_macro=0.7834 val_f1_weighted=0.8202 val_prec_macro=0.7821 val_rec_macro=0.7936 val_metric_name=acc val_metric=0.8258
Step  600 | loss 0.4291 | val_acc=0.8440 val_loss=0.4772 val_f1_macro=0.8093 val_f1_weighted=0.8401 val_prec_macro=0.8056 val_rec_macro=0.8197 val_metric_name=acc val_metric=0.8440
Step  700 | loss 0.3508 | val_acc=0.8607 val_loss=0.4482 val_f1_macro=0.8311 val_f1_weighted=0.8577 val_prec_macro=0.8270 val_rec_macro=0.8396 val_metric_name=acc val_metric=0.8607
Step  800 | loss 0.2871 | val_acc=0.8717 val_loss=0.4364 val_f1_macro=0.8455 val_f1_weighted=0.8690 val_prec_macro=0.8412 val_rec_macro=0.8535 val_metric_name=acc val_metric=0.8717
Step  900 | loss 0.2338 | val_acc=0.8810 val_loss=0.4359 val_f1_macro=0.8569 val_f1_weighted=0.8791 val_prec_macro=0.8508 val_rec_macro=0.8656 val_metric_name=acc val_metric=0.8810
Step 1000 | loss 0.1896 | val_acc=0.8853 val_loss=0.4432 val_f1_macro=0.8621 val_f1_weighted=0.8835 val_prec_macro=0.8564 val_rec_macro=0.8700 val_metric_name=acc val_metric=0.8853
Step 1100 | loss 0.1539 | val_acc=0.8902 val_loss=0.4535 val_f1_macro=0.8696 val_f1_weighted=0.8887 val_prec_macro=0.8650 val_rec_macro=0.8759 val_metric_name=acc val_metric=0.8902
Step 1200 | loss 0.1266 | val_acc=0.8921 val_loss=0.4652 val_f1_macro=0.8702 val_f1_weighted=0.8908 val_prec_macro=0.8660 val_rec_macro=0.8758 val_metric_name=acc val_metric=0.8921
Step 1300 | loss 0.1013 | val_acc=0.8939 val_loss=0.4819 val_f1_macro=0.8716 val_f1_weighted=0.8925 val_prec_macro=0.8671 val_rec_macro=0.8773 val_metric_name=acc val_metric=0.8939
Step 1400 | loss 0.0830 | val_acc=0.8953 val_loss=0.4966 val_f1_macro=0.8733 val_f1_weighted=0.8940 val_prec_macro=0.8696 val_rec_macro=0.8782 val_metric_name=acc val_metric=0.8953
Step 1500 | loss 0.0687 | val_acc=0.8971 val_loss=0.5178 val_f1_macro=0.8753 val_f1_weighted=0.8957 val_prec_macro=0.8712 val_rec_macro=0.8809 val_metric_name=acc val_metric=0.8971
Step 1600 | loss 0.0565 | val_acc=0.8990 val_loss=0.5278 val_f1_macro=0.8772 val_f1_weighted=0.8977 val_prec_macro=0.8750 val_rec_macro=0.8804 val_metric_name=acc val_metric=0.8990
Step 1700 | loss 0.0486 | val_acc=0.8999 val_loss=0.5433 val_f1_macro=0.8790 val_f1_weighted=0.8985 val_prec_macro=0.8767 val_rec_macro=0.8824 val_metric_name=acc val_metric=0.8999
Step 1800 | loss 0.0396 | val_acc=0.9019 val_loss=0.5583 val_f1_macro=0.8810 val_f1_weighted=0.9004 val_prec_macro=0.8790 val_rec_macro=0.8844 val_metric_name=acc val_metric=0.9019
Step 1900 | loss 0.0348 | val_acc=0.9022 val_loss=0.5730 val_f1_macro=0.8813 val_f1_weighted=0.9008 val_prec_macro=0.8782 val_rec_macro=0.8858 val_metric_name=acc val_metric=0.9022
Step 2000 | loss 0.0302 | val_acc=0.9022 val_loss=0.5844 val_f1_macro=0.8808 val_f1_weighted=0.9008 val_prec_macro=0.8786 val_rec_macro=0.8842 val_metric_name=acc val_metric=0.9022
Step 2100 | loss 0.0259 | val_acc=0.9029 val_loss=0.5936 val_f1_macro=0.8819 val_f1_weighted=0.9015 val_prec_macro=0.8801 val_rec_macro=0.8848 val_metric_name=acc val_metric=0.9029
Step 2200 | loss 0.0233 | val_acc=0.9027 val_loss=0.6070 val_f1_macro=0.8828 val_f1_weighted=0.9013 val_prec_macro=0.8813 val_rec_macro=0.8855 val_metric_name=acc val_metric=0.9027
Step 2300 | loss 0.0199 | val_acc=0.9054 val_loss=0.6153 val_f1_macro=0.8855 val_f1_weighted=0.9039 val_prec_macro=0.8842 val_rec_macro=0.8882 val_metric_name=acc val_metric=0.9054
Step 2400 | loss 0.0182 | val_acc=0.9054 val_loss=0.6272 val_f1_macro=0.8853 val_f1_weighted=0.9039 val_prec_macro=0.8846 val_rec_macro=0.8874 val_metric_name=acc val_metric=0.9054
Step 2500 | loss 0.0166 | val_acc=0.9049 val_loss=0.6375 val_f1_macro=0.8853 val_f1_weighted=0.9033 val_prec_macro=0.8837 val_rec_macro=0.8885 val_metric_name=acc val_metric=0.9049
Step 2600 | loss 0.0145 | val_acc=0.9054 val_loss=0.6418 val_f1_macro=0.8857 val_f1_weighted=0.9040 val_prec_macro=0.8844 val_rec_macro=0.8883 val_metric_name=acc val_metric=0.9054
Step 2700 | loss 0.0134 | val_acc=0.9050 val_loss=0.6499 val_f1_macro=0.8852 val_f1_weighted=0.9036 val_prec_macro=0.8839 val_rec_macro=0.8880 val_metric_name=acc val_metric=0.9050
Step 2800 | loss 0.0117 | val_acc=0.9052 val_loss=0.6561 val_f1_macro=0.8865 val_f1_weighted=0.9039 val_prec_macro=0.8856 val_rec_macro=0.8888 val_metric_name=acc val_metric=0.9052
Step 2900 | loss 0.0106 | val_acc=0.9064 val_loss=0.6649 val_f1_macro=0.8876 val_f1_weighted=0.9051 val_prec_macro=0.8864 val_rec_macro=0.8901 val_metric_name=acc val_metric=0.9064
Step 3000 | loss 0.0102 | val_acc=0.9061 val_loss=0.6731 val_f1_macro=0.8867 val_f1_weighted=0.9046 val_prec_macro=0.8853 val_rec_macro=0.8896 val_metric_name=acc val_metric=0.9061
Step 3100 | loss 0.0092 | val_acc=0.9064 val_loss=0.6810 val_f1_macro=0.8876 val_f1_weighted=0.9050 val_prec_macro=0.8861 val_rec_macro=0.8907 val_metric_name=acc val_metric=0.9064
Step 3200 | loss 0.0080 | val_acc=0.9064 val_loss=0.6865 val_f1_macro=0.8880 val_f1_weighted=0.9049 val_prec_macro=0.8879 val_rec_macro=0.8895 val_metric_name=acc val_metric=0.9064
Step 3300 | loss 0.0076 | val_acc=0.9061 val_loss=0.6948 val_f1_macro=0.8864 val_f1_weighted=0.9048 val_prec_macro=0.8854 val_rec_macro=0.8889 val_metric_name=acc val_metric=0.9061
Step 3400 | loss 0.0067 | val_acc=0.9070 val_loss=0.6971 val_f1_macro=0.8874 val_f1_weighted=0.9057 val_prec_macro=0.8864 val_rec_macro=0.8897 val_metric_name=acc val_metric=0.9070
Step 3500 | loss 0.0064 | val_acc=0.9070 val_loss=0.7031 val_f1_macro=0.8878 val_f1_weighted=0.9058 val_prec_macro=0.8863 val_rec_macro=0.8904 val_metric_name=acc val_metric=0.9070
Step 3600 | loss 0.0060 | val_acc=0.9073 val_loss=0.7107 val_f1_macro=0.8882 val_f1_weighted=0.9060 val_prec_macro=0.8873 val_rec_macro=0.8902 val_metric_name=acc val_metric=0.9073
Step 3700 | loss 0.0053 | val_acc=0.9077 val_loss=0.7121 val_f1_macro=0.8881 val_f1_weighted=0.9063 val_prec_macro=0.8871 val_rec_macro=0.8906 val_metric_name=acc val_metric=0.9077
Step 3800 | loss 0.0053 | val_acc=0.9079 val_loss=0.7211 val_f1_macro=0.8884 val_f1_weighted=0.9065 val_prec_macro=0.8876 val_rec_macro=0.8907 val_metric_name=acc val_metric=0.9079
Step 3900 | loss 0.0050 | val_acc=0.9075 val_loss=0.7244 val_f1_macro=0.8883 val_f1_weighted=0.9062 val_prec_macro=0.8873 val_rec_macro=0.8904 val_metric_name=acc val_metric=0.9075
Early stopping at step 3940
  >> test_acc=0.9072 test_f1_macro=0.8845 test_f1_weighted=0.9062 test_loss=0.6607 test_metric=0.9072 test_metric_name=acc test_prec_macro=0.8814 test_rec_macro=0.8887

Done. Results saved to ablation/results_k/roman-empire_k8.csv
