Loading data...

============================================================
Training roman-empire GAT-sep 3L h=512 lr=3e-05 split=4
============================================================
Step    1 | loss 3.0084 | val_acc=0.1004 val_loss=2.7825 val_f1_macro=0.0366 val_f1_weighted=0.0763 val_prec_macro=0.0471 val_rec_macro=0.0461 val_metric_name=acc val_metric=0.1004
Step   50 | loss 1.4217 | val_acc=0.6134 val_loss=1.2532 val_f1_macro=0.4202 val_f1_weighted=0.5708 val_prec_macro=0.5004 val_rec_macro=0.4189 val_metric_name=acc val_metric=0.6134
Step  100 | loss 1.0005 | val_acc=0.7132 val_loss=0.8998 val_f1_macro=0.5740 val_f1_weighted=0.6872 val_prec_macro=0.5880 val_rec_macro=0.5884 val_metric_name=acc val_metric=0.7132
Step  150 | loss 0.7818 | val_acc=0.7612 val_loss=0.7443 val_f1_macro=0.6702 val_f1_weighted=0.7498 val_prec_macro=0.7219 val_rec_macro=0.6738 val_metric_name=acc val_metric=0.7612
Step  200 | loss 0.6528 | val_acc=0.7875 val_loss=0.6656 val_f1_macro=0.7275 val_f1_weighted=0.7817 val_prec_macro=0.7411 val_rec_macro=0.7340 val_metric_name=acc val_metric=0.7875
Step  250 | loss 0.5477 | val_acc=0.8064 val_loss=0.6174 val_f1_macro=0.7559 val_f1_weighted=0.8030 val_prec_macro=0.7612 val_rec_macro=0.7674 val_metric_name=acc val_metric=0.8064
Step  300 | loss 0.4713 | val_acc=0.8182 val_loss=0.5889 val_f1_macro=0.7729 val_f1_weighted=0.8156 val_prec_macro=0.7744 val_rec_macro=0.7857 val_metric_name=acc val_metric=0.8182
Step  350 | loss 0.4005 | val_acc=0.8309 val_loss=0.5623 val_f1_macro=0.7911 val_f1_weighted=0.8289 val_prec_macro=0.7929 val_rec_macro=0.8028 val_metric_name=acc val_metric=0.8309
Step  400 | loss 0.3355 | val_acc=0.8374 val_loss=0.5464 val_f1_macro=0.8014 val_f1_weighted=0.8356 val_prec_macro=0.8018 val_rec_macro=0.8115 val_metric_name=acc val_metric=0.8374
Step  450 | loss 0.2857 | val_acc=0.8454 val_loss=0.5410 val_f1_macro=0.8113 val_f1_weighted=0.8438 val_prec_macro=0.8086 val_rec_macro=0.8215 val_metric_name=acc val_metric=0.8454
Step  500 | loss 0.2475 | val_acc=0.8514 val_loss=0.5406 val_f1_macro=0.8198 val_f1_weighted=0.8497 val_prec_macro=0.8184 val_rec_macro=0.8277 val_metric_name=acc val_metric=0.8514
Step  550 | loss 0.2051 | val_acc=0.8558 val_loss=0.5457 val_f1_macro=0.8253 val_f1_weighted=0.8544 val_prec_macro=0.8202 val_rec_macro=0.8365 val_metric_name=acc val_metric=0.8558
Step  600 | loss 0.1744 | val_acc=0.8602 val_loss=0.5584 val_f1_macro=0.8305 val_f1_weighted=0.8588 val_prec_macro=0.8283 val_rec_macro=0.8388 val_metric_name=acc val_metric=0.8602
Step  650 | loss 0.1435 | val_acc=0.8602 val_loss=0.5732 val_f1_macro=0.8312 val_f1_weighted=0.8587 val_prec_macro=0.8281 val_rec_macro=0.8402 val_metric_name=acc val_metric=0.8602
Step  700 | loss 0.1134 | val_acc=0.8644 val_loss=0.5907 val_f1_macro=0.8365 val_f1_weighted=0.8628 val_prec_macro=0.8349 val_rec_macro=0.8435 val_metric_name=acc val_metric=0.8644
Step  750 | loss 0.1062 | val_acc=0.8630 val_loss=0.6115 val_f1_macro=0.8349 val_f1_weighted=0.8615 val_prec_macro=0.8319 val_rec_macro=0.8446 val_metric_name=acc val_metric=0.8630
Step  800 | loss 0.0853 | val_acc=0.8664 val_loss=0.6218 val_f1_macro=0.8399 val_f1_weighted=0.8649 val_prec_macro=0.8383 val_rec_macro=0.8469 val_metric_name=acc val_metric=0.8664
Step  850 | loss 0.0786 | val_acc=0.8667 val_loss=0.6386 val_f1_macro=0.8395 val_f1_weighted=0.8652 val_prec_macro=0.8380 val_rec_macro=0.8459 val_metric_name=acc val_metric=0.8667
Step  900 | loss 0.0641 | val_acc=0.8681 val_loss=0.6521 val_f1_macro=0.8413 val_f1_weighted=0.8669 val_prec_macro=0.8383 val_rec_macro=0.8493 val_metric_name=acc val_metric=0.8681
Step  950 | loss 0.0587 | val_acc=0.8695 val_loss=0.6643 val_f1_macro=0.8433 val_f1_weighted=0.8682 val_prec_macro=0.8411 val_rec_macro=0.8502 val_metric_name=acc val_metric=0.8695
Step 1000 | loss 0.0505 | val_acc=0.8697 val_loss=0.6764 val_f1_macro=0.8434 val_f1_weighted=0.8681 val_prec_macro=0.8413 val_rec_macro=0.8504 val_metric_name=acc val_metric=0.8697
Step 1050 | loss 0.0431 | val_acc=0.8710 val_loss=0.6915 val_f1_macro=0.8446 val_f1_weighted=0.8694 val_prec_macro=0.8429 val_rec_macro=0.8516 val_metric_name=acc val_metric=0.8710
Step 1100 | loss 0.0388 | val_acc=0.8713 val_loss=0.6973 val_f1_macro=0.8453 val_f1_weighted=0.8701 val_prec_macro=0.8421 val_rec_macro=0.8530 val_metric_name=acc val_metric=0.8713
Step 1150 | loss 0.0335 | val_acc=0.8706 val_loss=0.7131 val_f1_macro=0.8433 val_f1_weighted=0.8694 val_prec_macro=0.8414 val_rec_macro=0.8499 val_metric_name=acc val_metric=0.8706
Step 1200 | loss 0.0302 | val_acc=0.8708 val_loss=0.7262 val_f1_macro=0.8441 val_f1_weighted=0.8695 val_prec_macro=0.8421 val_rec_macro=0.8507 val_metric_name=acc val_metric=0.8708
Step 1250 | loss 0.0300 | val_acc=0.8720 val_loss=0.7339 val_f1_macro=0.8444 val_f1_weighted=0.8706 val_prec_macro=0.8428 val_rec_macro=0.8510 val_metric_name=acc val_metric=0.8720
Step 1300 | loss 0.0269 | val_acc=0.8724 val_loss=0.7370 val_f1_macro=0.8451 val_f1_weighted=0.8712 val_prec_macro=0.8444 val_rec_macro=0.8499 val_metric_name=acc val_metric=0.8724
Step 1350 | loss 0.0218 | val_acc=0.8738 val_loss=0.7459 val_f1_macro=0.8473 val_f1_weighted=0.8723 val_prec_macro=0.8472 val_rec_macro=0.8519 val_metric_name=acc val_metric=0.8738
Step 1400 | loss 0.0201 | val_acc=0.8745 val_loss=0.7470 val_f1_macro=0.8473 val_f1_weighted=0.8732 val_prec_macro=0.8453 val_rec_macro=0.8531 val_metric_name=acc val_metric=0.8745
Step 1450 | loss 0.0202 | val_acc=0.8727 val_loss=0.7669 val_f1_macro=0.8447 val_f1_weighted=0.8716 val_prec_macro=0.8426 val_rec_macro=0.8511 val_metric_name=acc val_metric=0.8727
Step 1500 | loss 0.0199 | val_acc=0.8724 val_loss=0.7692 val_f1_macro=0.8451 val_f1_weighted=0.8711 val_prec_macro=0.8442 val_rec_macro=0.8499 val_metric_name=acc val_metric=0.8724
Step 1550 | loss 0.0185 | val_acc=0.8731 val_loss=0.7753 val_f1_macro=0.8465 val_f1_weighted=0.8716 val_prec_macro=0.8452 val_rec_macro=0.8517 val_metric_name=acc val_metric=0.8731
Step 1600 | loss 0.0156 | val_acc=0.8745 val_loss=0.7823 val_f1_macro=0.8484 val_f1_weighted=0.8731 val_prec_macro=0.8482 val_rec_macro=0.8526 val_metric_name=acc val_metric=0.8745
Step 1650 | loss 0.0180 | val_acc=0.8752 val_loss=0.7861 val_f1_macro=0.8491 val_f1_weighted=0.8739 val_prec_macro=0.8493 val_rec_macro=0.8525 val_metric_name=acc val_metric=0.8752
Step 1700 | loss 0.0151 | val_acc=0.8763 val_loss=0.7945 val_f1_macro=0.8506 val_f1_weighted=0.8752 val_prec_macro=0.8499 val_rec_macro=0.8552 val_metric_name=acc val_metric=0.8763
Step 1750 | loss 0.0128 | val_acc=0.8770 val_loss=0.7972 val_f1_macro=0.8515 val_f1_weighted=0.8756 val_prec_macro=0.8530 val_rec_macro=0.8534 val_metric_name=acc val_metric=0.8770
Step 1800 | loss 0.0135 | val_acc=0.8761 val_loss=0.8035 val_f1_macro=0.8501 val_f1_weighted=0.8746 val_prec_macro=0.8493 val_rec_macro=0.8546 val_metric_name=acc val_metric=0.8761
Step 1850 | loss 0.0113 | val_acc=0.8759 val_loss=0.8082 val_f1_macro=0.8500 val_f1_weighted=0.8745 val_prec_macro=0.8505 val_rec_macro=0.8535 val_metric_name=acc val_metric=0.8759
Step 1900 | loss 0.0099 | val_acc=0.8773 val_loss=0.8122 val_f1_macro=0.8514 val_f1_weighted=0.8758 val_prec_macro=0.8525 val_rec_macro=0.8542 val_metric_name=acc val_metric=0.8773
Step 1950 | loss 0.0109 | val_acc=0.8778 val_loss=0.8247 val_f1_macro=0.8522 val_f1_weighted=0.8765 val_prec_macro=0.8517 val_rec_macro=0.8561 val_metric_name=acc val_metric=0.8778
Step 2000 | loss 0.0103 | val_acc=0.8782 val_loss=0.8250 val_f1_macro=0.8533 val_f1_weighted=0.8769 val_prec_macro=0.8528 val_rec_macro=0.8571 val_metric_name=acc val_metric=0.8782
Step 2050 | loss 0.0091 | val_acc=0.8773 val_loss=0.8237 val_f1_macro=0.8521 val_f1_weighted=0.8761 val_prec_macro=0.8519 val_rec_macro=0.8555 val_metric_name=acc val_metric=0.8773
Step 2100 | loss 0.0080 | val_acc=0.8778 val_loss=0.8277 val_f1_macro=0.8522 val_f1_weighted=0.8764 val_prec_macro=0.8533 val_rec_macro=0.8547 val_metric_name=acc val_metric=0.8778
Step 2150 | loss 0.0083 | val_acc=0.8780 val_loss=0.8367 val_f1_macro=0.8520 val_f1_weighted=0.8767 val_prec_macro=0.8521 val_rec_macro=0.8558 val_metric_name=acc val_metric=0.8780
Step 2200 | loss 0.0064 | val_acc=0.8801 val_loss=0.8338 val_f1_macro=0.8545 val_f1_weighted=0.8786 val_prec_macro=0.8559 val_rec_macro=0.8569 val_metric_name=acc val_metric=0.8801
Step 2250 | loss 0.0078 | val_acc=0.8793 val_loss=0.8409 val_f1_macro=0.8545 val_f1_weighted=0.8779 val_prec_macro=0.8549 val_rec_macro=0.8573 val_metric_name=acc val_metric=0.8793
Step 2300 | loss 0.0074 | val_acc=0.8782 val_loss=0.8499 val_f1_macro=0.8529 val_f1_weighted=0.8768 val_prec_macro=0.8530 val_rec_macro=0.8565 val_metric_name=acc val_metric=0.8782
Step 2350 | loss 0.0073 | val_acc=0.8778 val_loss=0.8538 val_f1_macro=0.8514 val_f1_weighted=0.8763 val_prec_macro=0.8521 val_rec_macro=0.8545 val_metric_name=acc val_metric=0.8778
Step 2400 | loss 0.0069 | val_acc=0.8793 val_loss=0.8555 val_f1_macro=0.8539 val_f1_weighted=0.8779 val_prec_macro=0.8534 val_rec_macro=0.8585 val_metric_name=acc val_metric=0.8793
Step 2450 | loss 0.0063 | val_acc=0.8782 val_loss=0.8665 val_f1_macro=0.8524 val_f1_weighted=0.8768 val_prec_macro=0.8535 val_rec_macro=0.8553 val_metric_name=acc val_metric=0.8782
Step 2500 | loss 0.0051 | val_acc=0.8791 val_loss=0.8680 val_f1_macro=0.8524 val_f1_weighted=0.8775 val_prec_macro=0.8516 val_rec_macro=0.8573 val_metric_name=acc val_metric=0.8791
Step 2550 | loss 0.0054 | val_acc=0.8793 val_loss=0.8714 val_f1_macro=0.8547 val_f1_weighted=0.8776 val_prec_macro=0.8570 val_rec_macro=0.8561 val_metric_name=acc val_metric=0.8793
Step 2600 | loss 0.0066 | val_acc=0.8796 val_loss=0.8700 val_f1_macro=0.8540 val_f1_weighted=0.8777 val_prec_macro=0.8554 val_rec_macro=0.8558 val_metric_name=acc val_metric=0.8796
Step 2650 | loss 0.0041 | val_acc=0.8782 val_loss=0.8819 val_f1_macro=0.8528 val_f1_weighted=0.8764 val_prec_macro=0.8536 val_rec_macro=0.8561 val_metric_name=acc val_metric=0.8782
Early stopping at step 2680

--- Final (best ckpt @ step 2380) ---
  train_acc=1.0000 train_loss=0.0000 train_f1_macro=1.0000 train_f1_weighted=1.0000 train_prec_macro=1.0000 train_rec_macro=1.0000 train_metric_name=acc train_metric=1.0000
  val_acc=0.8814 val_loss=0.8490 val_f1_macro=0.8566 val_f1_weighted=0.8799 val_prec_macro=0.8593 val_rec_macro=0.8570 val_metric_name=acc val_metric=0.8814
  test_acc=0.8773 test_loss=0.8418 test_f1_macro=0.8508 test_f1_weighted=0.8756 test_prec_macro=0.8469 test_rec_macro=0.8580 test_metric_name=acc test_metric=0.8773
  test_acc=0.8773
  >> num_layers=3 hidden_dim=512 lr=3e-05 best_step=2380 val_acc=0.8814 test_acc=0.8773
     val_acc=0.8814 val_f1_macro=0.8566 val_f1_weighted=0.8799 val_loss=0.8490 val_metric=0.8814 val_metric_name=acc val_prec_macro=0.8593 val_rec_macro=0.8570
     test_acc=0.8773 test_f1_macro=0.8508 test_f1_weighted=0.8756 test_loss=0.8418 test_metric=0.8773 test_metric_name=acc test_prec_macro=0.8469 test_rec_macro=0.8580
  >> selected best (by val): num_layers=3 hidden_dim=512 lr=3e-05 val_acc=0.8814 test_acc=0.8773
     val_acc=0.8814 val_f1_macro=0.8566 val_f1_weighted=0.8799 val_loss=0.8490 val_metric=0.8814 val_metric_name=acc val_prec_macro=0.8593 val_rec_macro=0.8570
     test_acc=0.8773 test_f1_macro=0.8508 test_f1_weighted=0.8756 test_loss=0.8418 test_metric=0.8773 test_metric_name=acc test_prec_macro=0.8469 test_rec_macro=0.8580

Done. Results saved to /home/avshmelev/diploma_yandex_graphs/results2/roman_empire/base.csv, checkpoints in /home/avshmelev/diploma_yandex_graphs/all_checkpoints2/roman_empire/base/
