Loading data...

============================================================
Training roman-empire GAT-sep 2L h=512 lr=3e-05 split=4
============================================================
Step    1 | loss 3.0668 | val_acc=0.0708 val_loss=2.8980 val_f1_macro=0.0372 val_f1_weighted=0.0487 val_prec_macro=0.0455 val_rec_macro=0.0630 val_metric_name=acc val_metric=0.0708
Step   50 | loss 1.4691 | val_acc=0.5963 val_loss=1.2907 val_f1_macro=0.3876 val_f1_weighted=0.5481 val_prec_macro=0.4525 val_rec_macro=0.3926 val_metric_name=acc val_metric=0.5963
Step  100 | loss 1.0463 | val_acc=0.7017 val_loss=0.9525 val_f1_macro=0.5611 val_f1_weighted=0.6754 val_prec_macro=0.6445 val_rec_macro=0.5678 val_metric_name=acc val_metric=0.7017
Step  150 | loss 0.8415 | val_acc=0.7472 val_loss=0.7887 val_f1_macro=0.6470 val_f1_weighted=0.7328 val_prec_macro=0.6928 val_rec_macro=0.6484 val_metric_name=acc val_metric=0.7472
Step  200 | loss 0.7000 | val_acc=0.7758 val_loss=0.7044 val_f1_macro=0.7098 val_f1_weighted=0.7683 val_prec_macro=0.7398 val_rec_macro=0.7096 val_metric_name=acc val_metric=0.7758
Step  250 | loss 0.6053 | val_acc=0.7965 val_loss=0.6546 val_f1_macro=0.7432 val_f1_weighted=0.7914 val_prec_macro=0.7532 val_rec_macro=0.7488 val_metric_name=acc val_metric=0.7965
Step  300 | loss 0.5230 | val_acc=0.8051 val_loss=0.6190 val_f1_macro=0.7579 val_f1_weighted=0.8012 val_prec_macro=0.7641 val_rec_macro=0.7657 val_metric_name=acc val_metric=0.8051
Step  350 | loss 0.4566 | val_acc=0.8214 val_loss=0.5915 val_f1_macro=0.7813 val_f1_weighted=0.8188 val_prec_macro=0.7843 val_rec_macro=0.7895 val_metric_name=acc val_metric=0.8214
Step  400 | loss 0.3974 | val_acc=0.8316 val_loss=0.5754 val_f1_macro=0.7956 val_f1_weighted=0.8300 val_prec_macro=0.8001 val_rec_macro=0.8021 val_metric_name=acc val_metric=0.8316
Step  450 | loss 0.3383 | val_acc=0.8365 val_loss=0.5697 val_f1_macro=0.8022 val_f1_weighted=0.8349 val_prec_macro=0.8088 val_rec_macro=0.8052 val_metric_name=acc val_metric=0.8365
Step  500 | loss 0.2901 | val_acc=0.8411 val_loss=0.5754 val_f1_macro=0.8065 val_f1_weighted=0.8394 val_prec_macro=0.8116 val_rec_macro=0.8115 val_metric_name=acc val_metric=0.8411
Step  550 | loss 0.2510 | val_acc=0.8445 val_loss=0.5751 val_f1_macro=0.8107 val_f1_weighted=0.8430 val_prec_macro=0.8142 val_rec_macro=0.8144 val_metric_name=acc val_metric=0.8445
Step  600 | loss 0.2085 | val_acc=0.8471 val_loss=0.5897 val_f1_macro=0.8133 val_f1_weighted=0.8453 val_prec_macro=0.8169 val_rec_macro=0.8176 val_metric_name=acc val_metric=0.8471
Step  650 | loss 0.1813 | val_acc=0.8494 val_loss=0.6046 val_f1_macro=0.8163 val_f1_weighted=0.8474 val_prec_macro=0.8194 val_rec_macro=0.8209 val_metric_name=acc val_metric=0.8494
Step  700 | loss 0.1526 | val_acc=0.8505 val_loss=0.6206 val_f1_macro=0.8175 val_f1_weighted=0.8489 val_prec_macro=0.8186 val_rec_macro=0.8241 val_metric_name=acc val_metric=0.8505
Step  750 | loss 0.1288 | val_acc=0.8535 val_loss=0.6384 val_f1_macro=0.8227 val_f1_weighted=0.8521 val_prec_macro=0.8253 val_rec_macro=0.8272 val_metric_name=acc val_metric=0.8535
Step  800 | loss 0.1118 | val_acc=0.8547 val_loss=0.6584 val_f1_macro=0.8245 val_f1_weighted=0.8530 val_prec_macro=0.8281 val_rec_macro=0.8286 val_metric_name=acc val_metric=0.8547
Step  850 | loss 0.0887 | val_acc=0.8577 val_loss=0.6700 val_f1_macro=0.8279 val_f1_weighted=0.8558 val_prec_macro=0.8310 val_rec_macro=0.8315 val_metric_name=acc val_metric=0.8577
Step  900 | loss 0.0835 | val_acc=0.8556 val_loss=0.6889 val_f1_macro=0.8254 val_f1_weighted=0.8538 val_prec_macro=0.8285 val_rec_macro=0.8287 val_metric_name=acc val_metric=0.8556
Step  950 | loss 0.0711 | val_acc=0.8547 val_loss=0.7101 val_f1_macro=0.8244 val_f1_weighted=0.8531 val_prec_macro=0.8260 val_rec_macro=0.8297 val_metric_name=acc val_metric=0.8547
Step 1000 | loss 0.0637 | val_acc=0.8554 val_loss=0.7251 val_f1_macro=0.8247 val_f1_weighted=0.8540 val_prec_macro=0.8267 val_rec_macro=0.8294 val_metric_name=acc val_metric=0.8554
Step 1050 | loss 0.0550 | val_acc=0.8560 val_loss=0.7417 val_f1_macro=0.8265 val_f1_weighted=0.8539 val_prec_macro=0.8294 val_rec_macro=0.8309 val_metric_name=acc val_metric=0.8560
Step 1100 | loss 0.0500 | val_acc=0.8572 val_loss=0.7527 val_f1_macro=0.8292 val_f1_weighted=0.8554 val_prec_macro=0.8341 val_rec_macro=0.8313 val_metric_name=acc val_metric=0.8572
Step 1150 | loss 0.0465 | val_acc=0.8574 val_loss=0.7660 val_f1_macro=0.8291 val_f1_weighted=0.8555 val_prec_macro=0.8317 val_rec_macro=0.8331 val_metric_name=acc val_metric=0.8574
Step 1200 | loss 0.0388 | val_acc=0.8581 val_loss=0.7757 val_f1_macro=0.8297 val_f1_weighted=0.8560 val_prec_macro=0.8333 val_rec_macro=0.8327 val_metric_name=acc val_metric=0.8581
Step 1250 | loss 0.0338 | val_acc=0.8586 val_loss=0.7863 val_f1_macro=0.8302 val_f1_weighted=0.8567 val_prec_macro=0.8327 val_rec_macro=0.8341 val_metric_name=acc val_metric=0.8586
Step 1300 | loss 0.0308 | val_acc=0.8590 val_loss=0.7972 val_f1_macro=0.8315 val_f1_weighted=0.8572 val_prec_macro=0.8333 val_rec_macro=0.8352 val_metric_name=acc val_metric=0.8590
Step 1350 | loss 0.0342 | val_acc=0.8579 val_loss=0.8129 val_f1_macro=0.8306 val_f1_weighted=0.8559 val_prec_macro=0.8330 val_rec_macro=0.8347 val_metric_name=acc val_metric=0.8579
Step 1400 | loss 0.0285 | val_acc=0.8591 val_loss=0.8247 val_f1_macro=0.8312 val_f1_weighted=0.8570 val_prec_macro=0.8343 val_rec_macro=0.8348 val_metric_name=acc val_metric=0.8591
Step 1450 | loss 0.0246 | val_acc=0.8590 val_loss=0.8312 val_f1_macro=0.8317 val_f1_weighted=0.8568 val_prec_macro=0.8352 val_rec_macro=0.8346 val_metric_name=acc val_metric=0.8590
Step 1500 | loss 0.0236 | val_acc=0.8584 val_loss=0.8406 val_f1_macro=0.8299 val_f1_weighted=0.8564 val_prec_macro=0.8329 val_rec_macro=0.8337 val_metric_name=acc val_metric=0.8584
Step 1550 | loss 0.0214 | val_acc=0.8581 val_loss=0.8492 val_f1_macro=0.8292 val_f1_weighted=0.8557 val_prec_macro=0.8334 val_rec_macro=0.8325 val_metric_name=acc val_metric=0.8581
Step 1600 | loss 0.0217 | val_acc=0.8588 val_loss=0.8578 val_f1_macro=0.8313 val_f1_weighted=0.8566 val_prec_macro=0.8356 val_rec_macro=0.8338 val_metric_name=acc val_metric=0.8588
Step 1650 | loss 0.0202 | val_acc=0.8586 val_loss=0.8645 val_f1_macro=0.8309 val_f1_weighted=0.8564 val_prec_macro=0.8346 val_rec_macro=0.8352 val_metric_name=acc val_metric=0.8586
Step 1700 | loss 0.0201 | val_acc=0.8581 val_loss=0.8686 val_f1_macro=0.8298 val_f1_weighted=0.8559 val_prec_macro=0.8334 val_rec_macro=0.8339 val_metric_name=acc val_metric=0.8581
Step 1750 | loss 0.0162 | val_acc=0.8588 val_loss=0.8784 val_f1_macro=0.8310 val_f1_weighted=0.8567 val_prec_macro=0.8355 val_rec_macro=0.8336 val_metric_name=acc val_metric=0.8588
Step 1800 | loss 0.0160 | val_acc=0.8575 val_loss=0.8803 val_f1_macro=0.8294 val_f1_weighted=0.8554 val_prec_macro=0.8334 val_rec_macro=0.8320 val_metric_name=acc val_metric=0.8575
Step 1850 | loss 0.0150 | val_acc=0.8577 val_loss=0.8937 val_f1_macro=0.8300 val_f1_weighted=0.8554 val_prec_macro=0.8355 val_rec_macro=0.8323 val_metric_name=acc val_metric=0.8577
Step 1900 | loss 0.0153 | val_acc=0.8586 val_loss=0.8960 val_f1_macro=0.8310 val_f1_weighted=0.8563 val_prec_macro=0.8360 val_rec_macro=0.8335 val_metric_name=acc val_metric=0.8586
Step 1950 | loss 0.0119 | val_acc=0.8600 val_loss=0.9021 val_f1_macro=0.8327 val_f1_weighted=0.8576 val_prec_macro=0.8384 val_rec_macro=0.8342 val_metric_name=acc val_metric=0.8600
Step 2000 | loss 0.0130 | val_acc=0.8598 val_loss=0.9074 val_f1_macro=0.8334 val_f1_weighted=0.8577 val_prec_macro=0.8384 val_rec_macro=0.8344 val_metric_name=acc val_metric=0.8598
Step 2050 | loss 0.0121 | val_acc=0.8590 val_loss=0.9162 val_f1_macro=0.8317 val_f1_weighted=0.8567 val_prec_macro=0.8364 val_rec_macro=0.8343 val_metric_name=acc val_metric=0.8590
Step 2100 | loss 0.0102 | val_acc=0.8598 val_loss=0.9260 val_f1_macro=0.8322 val_f1_weighted=0.8573 val_prec_macro=0.8371 val_rec_macro=0.8351 val_metric_name=acc val_metric=0.8598
Step 2150 | loss 0.0113 | val_acc=0.8607 val_loss=0.9306 val_f1_macro=0.8342 val_f1_weighted=0.8584 val_prec_macro=0.8386 val_rec_macro=0.8371 val_metric_name=acc val_metric=0.8607
Step 2200 | loss 0.0114 | val_acc=0.8602 val_loss=0.9264 val_f1_macro=0.8327 val_f1_weighted=0.8579 val_prec_macro=0.8376 val_rec_macro=0.8344 val_metric_name=acc val_metric=0.8602
Step 2250 | loss 0.0108 | val_acc=0.8613 val_loss=0.9363 val_f1_macro=0.8341 val_f1_weighted=0.8589 val_prec_macro=0.8391 val_rec_macro=0.8367 val_metric_name=acc val_metric=0.8613
Step 2300 | loss 0.0096 | val_acc=0.8602 val_loss=0.9447 val_f1_macro=0.8323 val_f1_weighted=0.8578 val_prec_macro=0.8370 val_rec_macro=0.8347 val_metric_name=acc val_metric=0.8602
Step 2350 | loss 0.0089 | val_acc=0.8611 val_loss=0.9487 val_f1_macro=0.8339 val_f1_weighted=0.8587 val_prec_macro=0.8368 val_rec_macro=0.8372 val_metric_name=acc val_metric=0.8611
Step 2400 | loss 0.0095 | val_acc=0.8593 val_loss=0.9495 val_f1_macro=0.8317 val_f1_weighted=0.8574 val_prec_macro=0.8342 val_rec_macro=0.8355 val_metric_name=acc val_metric=0.8593
Step 2450 | loss 0.0082 | val_acc=0.8597 val_loss=0.9556 val_f1_macro=0.8323 val_f1_weighted=0.8573 val_prec_macro=0.8364 val_rec_macro=0.8343 val_metric_name=acc val_metric=0.8597
Step 2500 | loss 0.0077 | val_acc=0.8605 val_loss=0.9596 val_f1_macro=0.8335 val_f1_weighted=0.8585 val_prec_macro=0.8358 val_rec_macro=0.8375 val_metric_name=acc val_metric=0.8605
Step 2550 | loss 0.0072 | val_acc=0.8604 val_loss=0.9714 val_f1_macro=0.8331 val_f1_weighted=0.8580 val_prec_macro=0.8369 val_rec_macro=0.8365 val_metric_name=acc val_metric=0.8604
Step 2600 | loss 0.0060 | val_acc=0.8595 val_loss=0.9803 val_f1_macro=0.8309 val_f1_weighted=0.8574 val_prec_macro=0.8333 val_rec_macro=0.8353 val_metric_name=acc val_metric=0.8595
Step 2650 | loss 0.0059 | val_acc=0.8595 val_loss=0.9790 val_f1_macro=0.8314 val_f1_weighted=0.8574 val_prec_macro=0.8353 val_rec_macro=0.8343 val_metric_name=acc val_metric=0.8595
Step 2700 | loss 0.0065 | val_acc=0.8598 val_loss=0.9858 val_f1_macro=0.8316 val_f1_weighted=0.8576 val_prec_macro=0.8340 val_rec_macro=0.8354 val_metric_name=acc val_metric=0.8598
Step 2750 | loss 0.0079 | val_acc=0.8600 val_loss=0.9832 val_f1_macro=0.8323 val_f1_weighted=0.8580 val_prec_macro=0.8351 val_rec_macro=0.8348 val_metric_name=acc val_metric=0.8600
Step 2800 | loss 0.0066 | val_acc=0.8618 val_loss=0.9895 val_f1_macro=0.8340 val_f1_weighted=0.8597 val_prec_macro=0.8360 val_rec_macro=0.8383 val_metric_name=acc val_metric=0.8618
Step 2850 | loss 0.0067 | val_acc=0.8584 val_loss=0.9995 val_f1_macro=0.8309 val_f1_weighted=0.8560 val_prec_macro=0.8328 val_rec_macro=0.8353 val_metric_name=acc val_metric=0.8584
Step 2900 | loss 0.0067 | val_acc=0.8591 val_loss=1.0053 val_f1_macro=0.8314 val_f1_weighted=0.8571 val_prec_macro=0.8363 val_rec_macro=0.8332 val_metric_name=acc val_metric=0.8591
Step 2950 | loss 0.0048 | val_acc=0.8611 val_loss=0.9992 val_f1_macro=0.8334 val_f1_weighted=0.8588 val_prec_macro=0.8375 val_rec_macro=0.8355 val_metric_name=acc val_metric=0.8611
Step 3000 | loss 0.0053 | val_acc=0.8598 val_loss=1.0048 val_f1_macro=0.8326 val_f1_weighted=0.8577 val_prec_macro=0.8358 val_rec_macro=0.8351 val_metric_name=acc val_metric=0.8598
Step 3050 | loss 0.0043 | val_acc=0.8593 val_loss=1.0113 val_f1_macro=0.8308 val_f1_weighted=0.8569 val_prec_macro=0.8349 val_rec_macro=0.8338 val_metric_name=acc val_metric=0.8593
Step 3100 | loss 0.0050 | val_acc=0.8600 val_loss=1.0195 val_f1_macro=0.8305 val_f1_weighted=0.8576 val_prec_macro=0.8356 val_rec_macro=0.8331 val_metric_name=acc val_metric=0.8600
Step 3150 | loss 0.0049 | val_acc=0.8598 val_loss=1.0150 val_f1_macro=0.8315 val_f1_weighted=0.8578 val_prec_macro=0.8351 val_rec_macro=0.8338 val_metric_name=acc val_metric=0.8598
Step 3200 | loss 0.0053 | val_acc=0.8609 val_loss=1.0195 val_f1_macro=0.8331 val_f1_weighted=0.8587 val_prec_macro=0.8367 val_rec_macro=0.8358 val_metric_name=acc val_metric=0.8609
Step 3250 | loss 0.0048 | val_acc=0.8605 val_loss=1.0227 val_f1_macro=0.8333 val_f1_weighted=0.8582 val_prec_macro=0.8373 val_rec_macro=0.8363 val_metric_name=acc val_metric=0.8605
Step 3300 | loss 0.0051 | val_acc=0.8609 val_loss=1.0292 val_f1_macro=0.8326 val_f1_weighted=0.8585 val_prec_macro=0.8359 val_rec_macro=0.8359 val_metric_name=acc val_metric=0.8609
Step 3350 | loss 0.0053 | val_acc=0.8614 val_loss=1.0266 val_f1_macro=0.8338 val_f1_weighted=0.8590 val_prec_macro=0.8381 val_rec_macro=0.8357 val_metric_name=acc val_metric=0.8614
Step 3400 | loss 0.0041 | val_acc=0.8607 val_loss=1.0344 val_f1_macro=0.8318 val_f1_weighted=0.8583 val_prec_macro=0.8367 val_rec_macro=0.8338 val_metric_name=acc val_metric=0.8607
Step 3450 | loss 0.0044 | val_acc=0.8614 val_loss=1.0454 val_f1_macro=0.8346 val_f1_weighted=0.8589 val_prec_macro=0.8391 val_rec_macro=0.8375 val_metric_name=acc val_metric=0.8614
Step 3500 | loss 0.0037 | val_acc=0.8604 val_loss=1.0505 val_f1_macro=0.8321 val_f1_weighted=0.8582 val_prec_macro=0.8360 val_rec_macro=0.8356 val_metric_name=acc val_metric=0.8604
Step 3550 | loss 0.0034 | val_acc=0.8605 val_loss=1.0587 val_f1_macro=0.8340 val_f1_weighted=0.8582 val_prec_macro=0.8381 val_rec_macro=0.8368 val_metric_name=acc val_metric=0.8605
Step 3600 | loss 0.0030 | val_acc=0.8611 val_loss=1.0503 val_f1_macro=0.8333 val_f1_weighted=0.8587 val_prec_macro=0.8378 val_rec_macro=0.8362 val_metric_name=acc val_metric=0.8611
Step 3650 | loss 0.0037 | val_acc=0.8602 val_loss=1.0589 val_f1_macro=0.8332 val_f1_weighted=0.8578 val_prec_macro=0.8370 val_rec_macro=0.8364 val_metric_name=acc val_metric=0.8602
Step 3700 | loss 0.0049 | val_acc=0.8586 val_loss=1.0705 val_f1_macro=0.8304 val_f1_weighted=0.8563 val_prec_macro=0.8338 val_rec_macro=0.8342 val_metric_name=acc val_metric=0.8586
Step 3750 | loss 0.0040 | val_acc=0.8586 val_loss=1.0670 val_f1_macro=0.8305 val_f1_weighted=0.8560 val_prec_macro=0.8350 val_rec_macro=0.8327 val_metric_name=acc val_metric=0.8586
Early stopping at step 3758

--- Final (best ckpt @ step 3270) ---
  train_acc=1.0000 train_loss=0.0000 train_f1_macro=1.0000 train_f1_weighted=1.0000 train_prec_macro=1.0000 train_rec_macro=1.0000 train_metric_name=acc train_metric=1.0000
  val_acc=0.8620 val_loss=1.0148 val_f1_macro=0.8342 val_f1_weighted=0.8595 val_prec_macro=0.8388 val_rec_macro=0.8357 val_metric_name=acc val_metric=0.8620
  test_acc=0.8570 test_loss=1.0566 test_f1_macro=0.8219 test_f1_weighted=0.8545 test_prec_macro=0.8183 test_rec_macro=0.8317 test_metric_name=acc test_metric=0.8570
  test_acc=0.8570
  >> num_layers=2 hidden_dim=512 lr=3e-05 best_step=3270 val_acc=0.8620 test_acc=0.8570
     val_acc=0.8620 val_f1_macro=0.8342 val_f1_weighted=0.8595 val_loss=1.0148 val_metric=0.8620 val_metric_name=acc val_prec_macro=0.8388 val_rec_macro=0.8357
     test_acc=0.8570 test_f1_macro=0.8219 test_f1_weighted=0.8545 test_loss=1.0566 test_metric=0.8570 test_metric_name=acc test_prec_macro=0.8183 test_rec_macro=0.8317
  >> selected best (by val): num_layers=2 hidden_dim=512 lr=3e-05 val_acc=0.8620 test_acc=0.8570
     val_acc=0.8620 val_f1_macro=0.8342 val_f1_weighted=0.8595 val_loss=1.0148 val_metric=0.8620 val_metric_name=acc val_prec_macro=0.8388 val_rec_macro=0.8357
     test_acc=0.8570 test_f1_macro=0.8219 test_f1_weighted=0.8545 test_loss=1.0566 test_metric=0.8570 test_metric_name=acc test_prec_macro=0.8183 test_rec_macro=0.8317

Done. Results saved to /home/avshmelev/diploma_yandex_graphs/results2/roman_empire/base.csv, checkpoints in /home/avshmelev/diploma_yandex_graphs/all_checkpoints2/roman_empire/base/
