Loading data...

============================================================
Training roman-empire GAT-sep 5L h=512 lr=3e-05 split=8
============================================================
Step    1 | loss 3.1718 | val_acc=0.1313 val_loss=2.8514 val_f1_macro=0.0433 val_f1_weighted=0.0706 val_prec_macro=0.0739 val_rec_macro=0.1031 val_metric_name=acc val_metric=0.1313
Step   50 | loss 1.3739 | val_acc=0.6258 val_loss=1.2043 val_f1_macro=0.4244 val_f1_weighted=0.5816 val_prec_macro=0.4996 val_rec_macro=0.4443 val_metric_name=acc val_metric=0.6258
Step  100 | loss 0.9529 | val_acc=0.7181 val_loss=0.8534 val_f1_macro=0.5970 val_f1_weighted=0.6987 val_prec_macro=0.6603 val_rec_macro=0.6100 val_metric_name=acc val_metric=0.7181
Step  150 | loss 0.7441 | val_acc=0.7605 val_loss=0.7175 val_f1_macro=0.6852 val_f1_weighted=0.7537 val_prec_macro=0.7102 val_rec_macro=0.6936 val_metric_name=acc val_metric=0.7605
Step  200 | loss 0.6098 | val_acc=0.7906 val_loss=0.6373 val_f1_macro=0.7348 val_f1_weighted=0.7875 val_prec_macro=0.7429 val_rec_macro=0.7496 val_metric_name=acc val_metric=0.7906
Step  250 | loss 0.5091 | val_acc=0.8113 val_loss=0.5827 val_f1_macro=0.7682 val_f1_weighted=0.8090 val_prec_macro=0.7712 val_rec_macro=0.7874 val_metric_name=acc val_metric=0.8113
Step  300 | loss 0.4281 | val_acc=0.8249 val_loss=0.5433 val_f1_macro=0.7853 val_f1_weighted=0.8237 val_prec_macro=0.7856 val_rec_macro=0.8029 val_metric_name=acc val_metric=0.8249
Step  350 | loss 0.3575 | val_acc=0.8390 val_loss=0.5177 val_f1_macro=0.8032 val_f1_weighted=0.8378 val_prec_macro=0.8013 val_rec_macro=0.8183 val_metric_name=acc val_metric=0.8390
Step  400 | loss 0.3022 | val_acc=0.8485 val_loss=0.5029 val_f1_macro=0.8137 val_f1_weighted=0.8477 val_prec_macro=0.8131 val_rec_macro=0.8269 val_metric_name=acc val_metric=0.8485
Step  450 | loss 0.2461 | val_acc=0.8579 val_loss=0.4879 val_f1_macro=0.8269 val_f1_weighted=0.8572 val_prec_macro=0.8257 val_rec_macro=0.8371 val_metric_name=acc val_metric=0.8579
Step  500 | loss 0.2086 | val_acc=0.8607 val_loss=0.4878 val_f1_macro=0.8298 val_f1_weighted=0.8600 val_prec_macro=0.8287 val_rec_macro=0.8400 val_metric_name=acc val_metric=0.8607
Step  550 | loss 0.1674 | val_acc=0.8651 val_loss=0.4997 val_f1_macro=0.8368 val_f1_weighted=0.8647 val_prec_macro=0.8368 val_rec_macro=0.8434 val_metric_name=acc val_metric=0.8651
Step  600 | loss 0.1435 | val_acc=0.8683 val_loss=0.5030 val_f1_macro=0.8395 val_f1_weighted=0.8675 val_prec_macro=0.8381 val_rec_macro=0.8476 val_metric_name=acc val_metric=0.8683
Step  650 | loss 0.1114 | val_acc=0.8720 val_loss=0.5165 val_f1_macro=0.8450 val_f1_weighted=0.8716 val_prec_macro=0.8430 val_rec_macro=0.8528 val_metric_name=acc val_metric=0.8720
Step  700 | loss 0.1006 | val_acc=0.8740 val_loss=0.5284 val_f1_macro=0.8462 val_f1_weighted=0.8730 val_prec_macro=0.8455 val_rec_macro=0.8525 val_metric_name=acc val_metric=0.8740
Step  750 | loss 0.0821 | val_acc=0.8750 val_loss=0.5423 val_f1_macro=0.8474 val_f1_weighted=0.8740 val_prec_macro=0.8473 val_rec_macro=0.8531 val_metric_name=acc val_metric=0.8750
Step  800 | loss 0.0687 | val_acc=0.8775 val_loss=0.5499 val_f1_macro=0.8501 val_f1_weighted=0.8764 val_prec_macro=0.8492 val_rec_macro=0.8558 val_metric_name=acc val_metric=0.8775
Step  850 | loss 0.0560 | val_acc=0.8775 val_loss=0.5733 val_f1_macro=0.8503 val_f1_weighted=0.8765 val_prec_macro=0.8497 val_rec_macro=0.8560 val_metric_name=acc val_metric=0.8775
Step  900 | loss 0.0518 | val_acc=0.8780 val_loss=0.5811 val_f1_macro=0.8506 val_f1_weighted=0.8770 val_prec_macro=0.8500 val_rec_macro=0.8565 val_metric_name=acc val_metric=0.8780
Step  950 | loss 0.0493 | val_acc=0.8791 val_loss=0.5943 val_f1_macro=0.8513 val_f1_weighted=0.8781 val_prec_macro=0.8516 val_rec_macro=0.8561 val_metric_name=acc val_metric=0.8791
Step 1000 | loss 0.0352 | val_acc=0.8805 val_loss=0.6045 val_f1_macro=0.8548 val_f1_weighted=0.8791 val_prec_macro=0.8557 val_rec_macro=0.8583 val_metric_name=acc val_metric=0.8805
Step 1050 | loss 0.0337 | val_acc=0.8808 val_loss=0.6129 val_f1_macro=0.8551 val_f1_weighted=0.8795 val_prec_macro=0.8558 val_rec_macro=0.8587 val_metric_name=acc val_metric=0.8808
Step 1100 | loss 0.0322 | val_acc=0.8784 val_loss=0.6250 val_f1_macro=0.8529 val_f1_weighted=0.8771 val_prec_macro=0.8530 val_rec_macro=0.8573 val_metric_name=acc val_metric=0.8784
Step 1150 | loss 0.0258 | val_acc=0.8796 val_loss=0.6387 val_f1_macro=0.8542 val_f1_weighted=0.8788 val_prec_macro=0.8545 val_rec_macro=0.8582 val_metric_name=acc val_metric=0.8796
Step 1200 | loss 0.0244 | val_acc=0.8801 val_loss=0.6492 val_f1_macro=0.8542 val_f1_weighted=0.8791 val_prec_macro=0.8538 val_rec_macro=0.8590 val_metric_name=acc val_metric=0.8801
Step 1250 | loss 0.0234 | val_acc=0.8826 val_loss=0.6468 val_f1_macro=0.8565 val_f1_weighted=0.8812 val_prec_macro=0.8567 val_rec_macro=0.8604 val_metric_name=acc val_metric=0.8826
Step 1300 | loss 0.0185 | val_acc=0.8823 val_loss=0.6594 val_f1_macro=0.8568 val_f1_weighted=0.8810 val_prec_macro=0.8557 val_rec_macro=0.8616 val_metric_name=acc val_metric=0.8823
Step 1350 | loss 0.0174 | val_acc=0.8810 val_loss=0.6700 val_f1_macro=0.8559 val_f1_weighted=0.8797 val_prec_macro=0.8581 val_rec_macro=0.8585 val_metric_name=acc val_metric=0.8810
Step 1400 | loss 0.0174 | val_acc=0.8824 val_loss=0.6703 val_f1_macro=0.8573 val_f1_weighted=0.8812 val_prec_macro=0.8587 val_rec_macro=0.8602 val_metric_name=acc val_metric=0.8824
Step 1450 | loss 0.0141 | val_acc=0.8824 val_loss=0.6806 val_f1_macro=0.8589 val_f1_weighted=0.8813 val_prec_macro=0.8616 val_rec_macro=0.8604 val_metric_name=acc val_metric=0.8824
Step 1500 | loss 0.0169 | val_acc=0.8830 val_loss=0.6785 val_f1_macro=0.8586 val_f1_weighted=0.8818 val_prec_macro=0.8598 val_rec_macro=0.8607 val_metric_name=acc val_metric=0.8830
Step 1550 | loss 0.0145 | val_acc=0.8838 val_loss=0.6890 val_f1_macro=0.8598 val_f1_weighted=0.8825 val_prec_macro=0.8619 val_rec_macro=0.8620 val_metric_name=acc val_metric=0.8838
Step 1600 | loss 0.0114 | val_acc=0.8847 val_loss=0.6942 val_f1_macro=0.8604 val_f1_weighted=0.8835 val_prec_macro=0.8642 val_rec_macro=0.8603 val_metric_name=acc val_metric=0.8847
Step 1650 | loss 0.0105 | val_acc=0.8826 val_loss=0.7074 val_f1_macro=0.8577 val_f1_weighted=0.8812 val_prec_macro=0.8592 val_rec_macro=0.8602 val_metric_name=acc val_metric=0.8826
Step 1700 | loss 0.0107 | val_acc=0.8838 val_loss=0.7098 val_f1_macro=0.8591 val_f1_weighted=0.8825 val_prec_macro=0.8614 val_rec_macro=0.8611 val_metric_name=acc val_metric=0.8838
Step 1750 | loss 0.0094 | val_acc=0.8853 val_loss=0.7109 val_f1_macro=0.8595 val_f1_weighted=0.8839 val_prec_macro=0.8618 val_rec_macro=0.8612 val_metric_name=acc val_metric=0.8853
Step 1800 | loss 0.0099 | val_acc=0.8860 val_loss=0.7140 val_f1_macro=0.8613 val_f1_weighted=0.8848 val_prec_macro=0.8638 val_rec_macro=0.8623 val_metric_name=acc val_metric=0.8860
Step 1850 | loss 0.0100 | val_acc=0.8854 val_loss=0.7193 val_f1_macro=0.8602 val_f1_weighted=0.8841 val_prec_macro=0.8621 val_rec_macro=0.8619 val_metric_name=acc val_metric=0.8854
Step 1900 | loss 0.0096 | val_acc=0.8858 val_loss=0.7320 val_f1_macro=0.8609 val_f1_weighted=0.8848 val_prec_macro=0.8610 val_rec_macro=0.8641 val_metric_name=acc val_metric=0.8858
Step 1950 | loss 0.0069 | val_acc=0.8863 val_loss=0.7248 val_f1_macro=0.8622 val_f1_weighted=0.8853 val_prec_macro=0.8650 val_rec_macro=0.8626 val_metric_name=acc val_metric=0.8863
Step 2000 | loss 0.0067 | val_acc=0.8860 val_loss=0.7311 val_f1_macro=0.8618 val_f1_weighted=0.8849 val_prec_macro=0.8632 val_rec_macro=0.8637 val_metric_name=acc val_metric=0.8860
Step 2050 | loss 0.0062 | val_acc=0.8874 val_loss=0.7355 val_f1_macro=0.8635 val_f1_weighted=0.8862 val_prec_macro=0.8651 val_rec_macro=0.8656 val_metric_name=acc val_metric=0.8874
Step 2100 | loss 0.0061 | val_acc=0.8851 val_loss=0.7399 val_f1_macro=0.8592 val_f1_weighted=0.8837 val_prec_macro=0.8606 val_rec_macro=0.8614 val_metric_name=acc val_metric=0.8851
Step 2150 | loss 0.0069 | val_acc=0.8849 val_loss=0.7504 val_f1_macro=0.8603 val_f1_weighted=0.8837 val_prec_macro=0.8620 val_rec_macro=0.8622 val_metric_name=acc val_metric=0.8849
Step 2200 | loss 0.0061 | val_acc=0.8867 val_loss=0.7491 val_f1_macro=0.8627 val_f1_weighted=0.8855 val_prec_macro=0.8650 val_rec_macro=0.8642 val_metric_name=acc val_metric=0.8867
Early stopping at step 2213

--- Final (best ckpt @ step 1910) ---
  train_acc=1.0000 train_loss=0.0001 train_f1_macro=1.0000 train_f1_weighted=1.0000 train_prec_macro=1.0000 train_rec_macro=1.0000 train_metric_name=acc train_metric=1.0000
  val_acc=0.8881 val_loss=0.7253 val_f1_macro=0.8635 val_f1_weighted=0.8867 val_prec_macro=0.8672 val_rec_macro=0.8636 val_metric_name=acc val_metric=0.8881
  test_acc=0.8793 test_loss=0.7603 test_f1_macro=0.8510 test_f1_weighted=0.8792 test_prec_macro=0.8521 test_rec_macro=0.8530 test_metric_name=acc test_metric=0.8793
  test_acc=0.8793
  >> num_layers=5 hidden_dim=512 lr=3e-05 best_step=1910 val_acc=0.8881 test_acc=0.8793
     val_acc=0.8881 val_f1_macro=0.8635 val_f1_weighted=0.8867 val_loss=0.7253 val_metric=0.8881 val_metric_name=acc val_prec_macro=0.8672 val_rec_macro=0.8636
     test_acc=0.8793 test_f1_macro=0.8510 test_f1_weighted=0.8792 test_loss=0.7603 test_metric=0.8793 test_metric_name=acc test_prec_macro=0.8521 test_rec_macro=0.8530
  >> selected best (by val): num_layers=5 hidden_dim=512 lr=3e-05 val_acc=0.8881 test_acc=0.8793
     val_acc=0.8881 val_f1_macro=0.8635 val_f1_weighted=0.8867 val_loss=0.7253 val_metric=0.8881 val_metric_name=acc val_prec_macro=0.8672 val_rec_macro=0.8636
     test_acc=0.8793 test_f1_macro=0.8510 test_f1_weighted=0.8792 test_loss=0.7603 test_metric=0.8793 test_metric_name=acc test_prec_macro=0.8521 test_rec_macro=0.8530

Done. Results saved to /home/avshmelev/diploma_yandex_graphs/results2/roman_empire/base.csv, checkpoints in /home/avshmelev/diploma_yandex_graphs/all_checkpoints2/roman_empire/base/
