Loading data...

============================================================
Training roman-empire GAT 5L h=512 lr=3e-05 split=6
============================================================
Step    1 | loss 3.1212 | val_acc=0.1156 val_loss=2.8482 val_f1_macro=0.0419 val_f1_weighted=0.0738 val_prec_macro=0.0746 val_rec_macro=0.0694 val_metric_name=acc val_metric=0.1156
Step   50 | loss 2.0304 | val_acc=0.3959 val_loss=1.9500 val_f1_macro=0.2163 val_f1_weighted=0.3447 val_prec_macro=0.2414 val_rec_macro=0.2481 val_metric_name=acc val_metric=0.3959
Step  100 | loss 1.5850 | val_acc=0.5241 val_loss=1.5083 val_f1_macro=0.3699 val_f1_weighted=0.4784 val_prec_macro=0.3873 val_rec_macro=0.4023 val_metric_name=acc val_metric=0.5241
Step  150 | loss 1.3119 | val_acc=0.6028 val_loss=1.2680 val_f1_macro=0.4821 val_f1_weighted=0.5746 val_prec_macro=0.5119 val_rec_macro=0.5045 val_metric_name=acc val_metric=0.6028
Step  200 | loss 1.1218 | val_acc=0.6537 val_loss=1.1017 val_f1_macro=0.5492 val_f1_weighted=0.6372 val_prec_macro=0.5617 val_rec_macro=0.5703 val_metric_name=acc val_metric=0.6537
Step  250 | loss 0.9710 | val_acc=0.6890 val_loss=0.9742 val_f1_macro=0.5921 val_f1_weighted=0.6774 val_prec_macro=0.5977 val_rec_macro=0.6110 val_metric_name=acc val_metric=0.6890
Step  300 | loss 0.8463 | val_acc=0.7153 val_loss=0.8948 val_f1_macro=0.6322 val_f1_weighted=0.7078 val_prec_macro=0.6323 val_rec_macro=0.6518 val_metric_name=acc val_metric=0.7153
Step  350 | loss 0.7660 | val_acc=0.7368 val_loss=0.8328 val_f1_macro=0.6623 val_f1_weighted=0.7303 val_prec_macro=0.6639 val_rec_macro=0.6774 val_metric_name=acc val_metric=0.7368
Step  400 | loss 0.6809 | val_acc=0.7490 val_loss=0.7883 val_f1_macro=0.6804 val_f1_weighted=0.7446 val_prec_macro=0.6792 val_rec_macro=0.6941 val_metric_name=acc val_metric=0.7490
Step  450 | loss 0.6193 | val_acc=0.7606 val_loss=0.7597 val_f1_macro=0.6957 val_f1_weighted=0.7575 val_prec_macro=0.6924 val_rec_macro=0.7086 val_metric_name=acc val_metric=0.7606
Step  500 | loss 0.5623 | val_acc=0.7719 val_loss=0.7313 val_f1_macro=0.7105 val_f1_weighted=0.7688 val_prec_macro=0.7098 val_rec_macro=0.7186 val_metric_name=acc val_metric=0.7719
Step  550 | loss 0.5032 | val_acc=0.7765 val_loss=0.7265 val_f1_macro=0.7175 val_f1_weighted=0.7747 val_prec_macro=0.7129 val_rec_macro=0.7290 val_metric_name=acc val_metric=0.7765
Step  600 | loss 0.4587 | val_acc=0.7839 val_loss=0.7101 val_f1_macro=0.7275 val_f1_weighted=0.7819 val_prec_macro=0.7242 val_rec_macro=0.7372 val_metric_name=acc val_metric=0.7839
Step  650 | loss 0.4193 | val_acc=0.7876 val_loss=0.7073 val_f1_macro=0.7324 val_f1_weighted=0.7861 val_prec_macro=0.7276 val_rec_macro=0.7438 val_metric_name=acc val_metric=0.7876
Step  700 | loss 0.3904 | val_acc=0.7891 val_loss=0.7062 val_f1_macro=0.7369 val_f1_weighted=0.7880 val_prec_macro=0.7321 val_rec_macro=0.7470 val_metric_name=acc val_metric=0.7891
Step  750 | loss 0.3437 | val_acc=0.7956 val_loss=0.7056 val_f1_macro=0.7408 val_f1_weighted=0.7939 val_prec_macro=0.7380 val_rec_macro=0.7506 val_metric_name=acc val_metric=0.7956
Step  800 | loss 0.3210 | val_acc=0.7979 val_loss=0.7084 val_f1_macro=0.7457 val_f1_weighted=0.7970 val_prec_macro=0.7425 val_rec_macro=0.7545 val_metric_name=acc val_metric=0.7979
Step  850 | loss 0.2826 | val_acc=0.7986 val_loss=0.7145 val_f1_macro=0.7463 val_f1_weighted=0.7976 val_prec_macro=0.7411 val_rec_macro=0.7579 val_metric_name=acc val_metric=0.7986
Step  900 | loss 0.2612 | val_acc=0.8011 val_loss=0.7152 val_f1_macro=0.7527 val_f1_weighted=0.8005 val_prec_macro=0.7467 val_rec_macro=0.7635 val_metric_name=acc val_metric=0.8011
Step  950 | loss 0.2507 | val_acc=0.8002 val_loss=0.7243 val_f1_macro=0.7508 val_f1_weighted=0.7999 val_prec_macro=0.7445 val_rec_macro=0.7621 val_metric_name=acc val_metric=0.8002
Step 1000 | loss 0.2275 | val_acc=0.8005 val_loss=0.7331 val_f1_macro=0.7507 val_f1_weighted=0.8003 val_prec_macro=0.7448 val_rec_macro=0.7608 val_metric_name=acc val_metric=0.8005
Step 1050 | loss 0.2040 | val_acc=0.8021 val_loss=0.7412 val_f1_macro=0.7530 val_f1_weighted=0.8020 val_prec_macro=0.7470 val_rec_macro=0.7634 val_metric_name=acc val_metric=0.8021
Step 1100 | loss 0.1880 | val_acc=0.8025 val_loss=0.7538 val_f1_macro=0.7527 val_f1_weighted=0.8020 val_prec_macro=0.7481 val_rec_macro=0.7616 val_metric_name=acc val_metric=0.8025
Step 1150 | loss 0.1759 | val_acc=0.8041 val_loss=0.7593 val_f1_macro=0.7572 val_f1_weighted=0.8040 val_prec_macro=0.7529 val_rec_macro=0.7658 val_metric_name=acc val_metric=0.8041
Step 1200 | loss 0.1599 | val_acc=0.8055 val_loss=0.7665 val_f1_macro=0.7591 val_f1_weighted=0.8055 val_prec_macro=0.7537 val_rec_macro=0.7681 val_metric_name=acc val_metric=0.8055
Step 1250 | loss 0.1464 | val_acc=0.8060 val_loss=0.7736 val_f1_macro=0.7601 val_f1_weighted=0.8061 val_prec_macro=0.7557 val_rec_macro=0.7681 val_metric_name=acc val_metric=0.8060
Step 1300 | loss 0.1413 | val_acc=0.8106 val_loss=0.7794 val_f1_macro=0.7649 val_f1_weighted=0.8102 val_prec_macro=0.7597 val_rec_macro=0.7736 val_metric_name=acc val_metric=0.8106
Step 1350 | loss 0.1230 | val_acc=0.8078 val_loss=0.7955 val_f1_macro=0.7630 val_f1_weighted=0.8076 val_prec_macro=0.7567 val_rec_macro=0.7735 val_metric_name=acc val_metric=0.8078
Step 1400 | loss 0.1160 | val_acc=0.8086 val_loss=0.7999 val_f1_macro=0.7648 val_f1_weighted=0.8086 val_prec_macro=0.7600 val_rec_macro=0.7730 val_metric_name=acc val_metric=0.8086
Step 1450 | loss 0.1106 | val_acc=0.8117 val_loss=0.8127 val_f1_macro=0.7682 val_f1_weighted=0.8113 val_prec_macro=0.7588 val_rec_macro=0.7817 val_metric_name=acc val_metric=0.8117
Step 1500 | loss 0.1066 | val_acc=0.8106 val_loss=0.8191 val_f1_macro=0.7675 val_f1_weighted=0.8109 val_prec_macro=0.7624 val_rec_macro=0.7759 val_metric_name=acc val_metric=0.8106
Step 1550 | loss 0.0933 | val_acc=0.8106 val_loss=0.8282 val_f1_macro=0.7689 val_f1_weighted=0.8105 val_prec_macro=0.7625 val_rec_macro=0.7787 val_metric_name=acc val_metric=0.8106
Step 1600 | loss 0.0907 | val_acc=0.8131 val_loss=0.8342 val_f1_macro=0.7721 val_f1_weighted=0.8133 val_prec_macro=0.7659 val_rec_macro=0.7816 val_metric_name=acc val_metric=0.8131
Step 1650 | loss 0.0866 | val_acc=0.8134 val_loss=0.8396 val_f1_macro=0.7725 val_f1_weighted=0.8134 val_prec_macro=0.7644 val_rec_macro=0.7837 val_metric_name=acc val_metric=0.8134
Step 1700 | loss 0.0770 | val_acc=0.8143 val_loss=0.8527 val_f1_macro=0.7730 val_f1_weighted=0.8141 val_prec_macro=0.7648 val_rec_macro=0.7839 val_metric_name=acc val_metric=0.8143
Step 1750 | loss 0.0748 | val_acc=0.8148 val_loss=0.8582 val_f1_macro=0.7723 val_f1_weighted=0.8145 val_prec_macro=0.7660 val_rec_macro=0.7815 val_metric_name=acc val_metric=0.8148
Step 1800 | loss 0.0689 | val_acc=0.8164 val_loss=0.8628 val_f1_macro=0.7753 val_f1_weighted=0.8163 val_prec_macro=0.7691 val_rec_macro=0.7843 val_metric_name=acc val_metric=0.8164
Step 1850 | loss 0.0716 | val_acc=0.8157 val_loss=0.8723 val_f1_macro=0.7743 val_f1_weighted=0.8154 val_prec_macro=0.7684 val_rec_macro=0.7829 val_metric_name=acc val_metric=0.8157
Step 1900 | loss 0.0607 | val_acc=0.8157 val_loss=0.8765 val_f1_macro=0.7753 val_f1_weighted=0.8158 val_prec_macro=0.7697 val_rec_macro=0.7833 val_metric_name=acc val_metric=0.8157
Step 1950 | loss 0.0604 | val_acc=0.8184 val_loss=0.8845 val_f1_macro=0.7787 val_f1_weighted=0.8188 val_prec_macro=0.7743 val_rec_macro=0.7857 val_metric_name=acc val_metric=0.8184
Step 2000 | loss 0.0614 | val_acc=0.8180 val_loss=0.8954 val_f1_macro=0.7793 val_f1_weighted=0.8180 val_prec_macro=0.7734 val_rec_macro=0.7880 val_metric_name=acc val_metric=0.8180
Step 2050 | loss 0.0541 | val_acc=0.8173 val_loss=0.9028 val_f1_macro=0.7776 val_f1_weighted=0.8172 val_prec_macro=0.7703 val_rec_macro=0.7877 val_metric_name=acc val_metric=0.8173
Step 2100 | loss 0.0546 | val_acc=0.8178 val_loss=0.9053 val_f1_macro=0.7789 val_f1_weighted=0.8179 val_prec_macro=0.7745 val_rec_macro=0.7861 val_metric_name=acc val_metric=0.8178
Step 2150 | loss 0.0505 | val_acc=0.8196 val_loss=0.9125 val_f1_macro=0.7818 val_f1_weighted=0.8194 val_prec_macro=0.7762 val_rec_macro=0.7897 val_metric_name=acc val_metric=0.8196
Step 2200 | loss 0.0482 | val_acc=0.8175 val_loss=0.9221 val_f1_macro=0.7766 val_f1_weighted=0.8174 val_prec_macro=0.7698 val_rec_macro=0.7862 val_metric_name=acc val_metric=0.8175
Step 2250 | loss 0.0443 | val_acc=0.8173 val_loss=0.9272 val_f1_macro=0.7765 val_f1_weighted=0.8170 val_prec_macro=0.7698 val_rec_macro=0.7857 val_metric_name=acc val_metric=0.8173
Step 2300 | loss 0.0457 | val_acc=0.8187 val_loss=0.9259 val_f1_macro=0.7813 val_f1_weighted=0.8191 val_prec_macro=0.7765 val_rec_macro=0.7886 val_metric_name=acc val_metric=0.8187
Step 2350 | loss 0.0440 | val_acc=0.8196 val_loss=0.9393 val_f1_macro=0.7802 val_f1_weighted=0.8192 val_prec_macro=0.7737 val_rec_macro=0.7884 val_metric_name=acc val_metric=0.8196
Step 2400 | loss 0.0409 | val_acc=0.8189 val_loss=0.9443 val_f1_macro=0.7798 val_f1_weighted=0.8189 val_prec_macro=0.7742 val_rec_macro=0.7874 val_metric_name=acc val_metric=0.8189
Step 2450 | loss 0.0383 | val_acc=0.8210 val_loss=0.9473 val_f1_macro=0.7818 val_f1_weighted=0.8205 val_prec_macro=0.7749 val_rec_macro=0.7912 val_metric_name=acc val_metric=0.8210
Step 2500 | loss 0.0360 | val_acc=0.8196 val_loss=0.9520 val_f1_macro=0.7792 val_f1_weighted=0.8194 val_prec_macro=0.7714 val_rec_macro=0.7894 val_metric_name=acc val_metric=0.8196
Step 2550 | loss 0.0357 | val_acc=0.8207 val_loss=0.9544 val_f1_macro=0.7815 val_f1_weighted=0.8204 val_prec_macro=0.7769 val_rec_macro=0.7882 val_metric_name=acc val_metric=0.8207
Step 2600 | loss 0.0321 | val_acc=0.8203 val_loss=0.9660 val_f1_macro=0.7815 val_f1_weighted=0.8201 val_prec_macro=0.7746 val_rec_macro=0.7907 val_metric_name=acc val_metric=0.8203
Step 2650 | loss 0.0326 | val_acc=0.8203 val_loss=0.9681 val_f1_macro=0.7796 val_f1_weighted=0.8198 val_prec_macro=0.7723 val_rec_macro=0.7892 val_metric_name=acc val_metric=0.8203
Step 2700 | loss 0.0326 | val_acc=0.8199 val_loss=0.9797 val_f1_macro=0.7798 val_f1_weighted=0.8196 val_prec_macro=0.7734 val_rec_macro=0.7886 val_metric_name=acc val_metric=0.8199
Step 2750 | loss 0.0289 | val_acc=0.8198 val_loss=0.9847 val_f1_macro=0.7806 val_f1_weighted=0.8195 val_prec_macro=0.7745 val_rec_macro=0.7891 val_metric_name=acc val_metric=0.8198
Step 2800 | loss 0.0288 | val_acc=0.8249 val_loss=0.9879 val_f1_macro=0.7858 val_f1_weighted=0.8245 val_prec_macro=0.7785 val_rec_macro=0.7960 val_metric_name=acc val_metric=0.8249
Step 2850 | loss 0.0280 | val_acc=0.8231 val_loss=0.9933 val_f1_macro=0.7838 val_f1_weighted=0.8229 val_prec_macro=0.7767 val_rec_macro=0.7935 val_metric_name=acc val_metric=0.8231
Step 2900 | loss 0.0278 | val_acc=0.8222 val_loss=0.9985 val_f1_macro=0.7823 val_f1_weighted=0.8219 val_prec_macro=0.7760 val_rec_macro=0.7908 val_metric_name=acc val_metric=0.8222
Step 2950 | loss 0.0261 | val_acc=0.8212 val_loss=1.0021 val_f1_macro=0.7825 val_f1_weighted=0.8211 val_prec_macro=0.7771 val_rec_macro=0.7904 val_metric_name=acc val_metric=0.8212
Step 3000 | loss 0.0226 | val_acc=0.8233 val_loss=1.0072 val_f1_macro=0.7847 val_f1_weighted=0.8227 val_prec_macro=0.7783 val_rec_macro=0.7936 val_metric_name=acc val_metric=0.8233
Step 3050 | loss 0.0244 | val_acc=0.8199 val_loss=1.0201 val_f1_macro=0.7818 val_f1_weighted=0.8198 val_prec_macro=0.7751 val_rec_macro=0.7909 val_metric_name=acc val_metric=0.8199
Step 3100 | loss 0.0242 | val_acc=0.8235 val_loss=1.0173 val_f1_macro=0.7856 val_f1_weighted=0.8229 val_prec_macro=0.7781 val_rec_macro=0.7954 val_metric_name=acc val_metric=0.8235
Step 3150 | loss 0.0251 | val_acc=0.8251 val_loss=1.0172 val_f1_macro=0.7854 val_f1_weighted=0.8243 val_prec_macro=0.7790 val_rec_macro=0.7942 val_metric_name=acc val_metric=0.8251
Step 3200 | loss 0.0229 | val_acc=0.8242 val_loss=1.0220 val_f1_macro=0.7868 val_f1_weighted=0.8238 val_prec_macro=0.7787 val_rec_macro=0.7973 val_metric_name=acc val_metric=0.8242
Step 3250 | loss 0.0219 | val_acc=0.8245 val_loss=1.0194 val_f1_macro=0.7870 val_f1_weighted=0.8238 val_prec_macro=0.7807 val_rec_macro=0.7956 val_metric_name=acc val_metric=0.8245
Step 3300 | loss 0.0172 | val_acc=0.8249 val_loss=1.0261 val_f1_macro=0.7857 val_f1_weighted=0.8246 val_prec_macro=0.7799 val_rec_macro=0.7935 val_metric_name=acc val_metric=0.8249
Step 3350 | loss 0.0183 | val_acc=0.8256 val_loss=1.0350 val_f1_macro=0.7877 val_f1_weighted=0.8250 val_prec_macro=0.7826 val_rec_macro=0.7947 val_metric_name=acc val_metric=0.8256
Step 3400 | loss 0.0187 | val_acc=0.8245 val_loss=1.0405 val_f1_macro=0.7864 val_f1_weighted=0.8240 val_prec_macro=0.7787 val_rec_macro=0.7965 val_metric_name=acc val_metric=0.8245
Step 3450 | loss 0.0184 | val_acc=0.8245 val_loss=1.0465 val_f1_macro=0.7875 val_f1_weighted=0.8241 val_prec_macro=0.7808 val_rec_macro=0.7966 val_metric_name=acc val_metric=0.8245
Step 3500 | loss 0.0166 | val_acc=0.8254 val_loss=1.0455 val_f1_macro=0.7885 val_f1_weighted=0.8248 val_prec_macro=0.7821 val_rec_macro=0.7972 val_metric_name=acc val_metric=0.8254
Step 3550 | loss 0.0163 | val_acc=0.8245 val_loss=1.0589 val_f1_macro=0.7867 val_f1_weighted=0.8240 val_prec_macro=0.7805 val_rec_macro=0.7953 val_metric_name=acc val_metric=0.8245
Step 3600 | loss 0.0167 | val_acc=0.8265 val_loss=1.0578 val_f1_macro=0.7890 val_f1_weighted=0.8260 val_prec_macro=0.7830 val_rec_macro=0.7973 val_metric_name=acc val_metric=0.8265
Step 3650 | loss 0.0169 | val_acc=0.8274 val_loss=1.0675 val_f1_macro=0.7892 val_f1_weighted=0.8272 val_prec_macro=0.7822 val_rec_macro=0.7982 val_metric_name=acc val_metric=0.8274
Step 3700 | loss 0.0172 | val_acc=0.8286 val_loss=1.0722 val_f1_macro=0.7902 val_f1_weighted=0.8278 val_prec_macro=0.7834 val_rec_macro=0.7990 val_metric_name=acc val_metric=0.8286
Step 3750 | loss 0.0161 | val_acc=0.8240 val_loss=1.0766 val_f1_macro=0.7850 val_f1_weighted=0.8237 val_prec_macro=0.7777 val_rec_macro=0.7946 val_metric_name=acc val_metric=0.8240
Step 3800 | loss 0.0161 | val_acc=0.8274 val_loss=1.0783 val_f1_macro=0.7883 val_f1_weighted=0.8270 val_prec_macro=0.7809 val_rec_macro=0.7979 val_metric_name=acc val_metric=0.8274
Step 3850 | loss 0.0172 | val_acc=0.8261 val_loss=1.0849 val_f1_macro=0.7885 val_f1_weighted=0.8258 val_prec_macro=0.7830 val_rec_macro=0.7962 val_metric_name=acc val_metric=0.8261
Step 3900 | loss 0.0147 | val_acc=0.8275 val_loss=1.0902 val_f1_macro=0.7912 val_f1_weighted=0.8271 val_prec_macro=0.7829 val_rec_macro=0.8021 val_metric_name=acc val_metric=0.8275
Step 3950 | loss 0.0125 | val_acc=0.8267 val_loss=1.0921 val_f1_macro=0.7878 val_f1_weighted=0.8263 val_prec_macro=0.7807 val_rec_macro=0.7969 val_metric_name=acc val_metric=0.8267
Step 4000 | loss 0.0148 | val_acc=0.8267 val_loss=1.0896 val_f1_macro=0.7894 val_f1_weighted=0.8263 val_prec_macro=0.7823 val_rec_macro=0.7982 val_metric_name=acc val_metric=0.8267
Step 4050 | loss 0.0114 | val_acc=0.8282 val_loss=1.0983 val_f1_macro=0.7910 val_f1_weighted=0.8276 val_prec_macro=0.7846 val_rec_macro=0.7992 val_metric_name=acc val_metric=0.8282
Step 4100 | loss 0.0130 | val_acc=0.8281 val_loss=1.1021 val_f1_macro=0.7901 val_f1_weighted=0.8273 val_prec_macro=0.7851 val_rec_macro=0.7973 val_metric_name=acc val_metric=0.8281
Step 4150 | loss 0.0111 | val_acc=0.8282 val_loss=1.1026 val_f1_macro=0.7888 val_f1_weighted=0.8277 val_prec_macro=0.7828 val_rec_macro=0.7967 val_metric_name=acc val_metric=0.8282
Step 4200 | loss 0.0105 | val_acc=0.8274 val_loss=1.1100 val_f1_macro=0.7905 val_f1_weighted=0.8270 val_prec_macro=0.7843 val_rec_macro=0.7985 val_metric_name=acc val_metric=0.8274
Step 4250 | loss 0.0129 | val_acc=0.8297 val_loss=1.1075 val_f1_macro=0.7933 val_f1_weighted=0.8294 val_prec_macro=0.7871 val_rec_macro=0.8015 val_metric_name=acc val_metric=0.8297
Step 4300 | loss 0.0117 | val_acc=0.8289 val_loss=1.1193 val_f1_macro=0.7911 val_f1_weighted=0.8283 val_prec_macro=0.7846 val_rec_macro=0.7999 val_metric_name=acc val_metric=0.8289
Step 4350 | loss 0.0122 | val_acc=0.8282 val_loss=1.1195 val_f1_macro=0.7898 val_f1_weighted=0.8276 val_prec_macro=0.7835 val_rec_macro=0.7982 val_metric_name=acc val_metric=0.8282
Step 4400 | loss 0.0117 | val_acc=0.8295 val_loss=1.1191 val_f1_macro=0.7919 val_f1_weighted=0.8288 val_prec_macro=0.7845 val_rec_macro=0.8015 val_metric_name=acc val_metric=0.8295
Step 4450 | loss 0.0114 | val_acc=0.8291 val_loss=1.1236 val_f1_macro=0.7927 val_f1_weighted=0.8287 val_prec_macro=0.7842 val_rec_macro=0.8036 val_metric_name=acc val_metric=0.8291
Step 4500 | loss 0.0113 | val_acc=0.8302 val_loss=1.1278 val_f1_macro=0.7943 val_f1_weighted=0.8298 val_prec_macro=0.7891 val_rec_macro=0.8016 val_metric_name=acc val_metric=0.8302
Step 4550 | loss 0.0096 | val_acc=0.8293 val_loss=1.1316 val_f1_macro=0.7918 val_f1_weighted=0.8284 val_prec_macro=0.7857 val_rec_macro=0.8001 val_metric_name=acc val_metric=0.8293
Step 4600 | loss 0.0113 | val_acc=0.8304 val_loss=1.1308 val_f1_macro=0.7930 val_f1_weighted=0.8297 val_prec_macro=0.7856 val_rec_macro=0.8020 val_metric_name=acc val_metric=0.8304
Step 4650 | loss 0.0102 | val_acc=0.8297 val_loss=1.1390 val_f1_macro=0.7921 val_f1_weighted=0.8291 val_prec_macro=0.7851 val_rec_macro=0.8009 val_metric_name=acc val_metric=0.8297
Step 4700 | loss 0.0093 | val_acc=0.8272 val_loss=1.1476 val_f1_macro=0.7892 val_f1_weighted=0.8263 val_prec_macro=0.7818 val_rec_macro=0.7986 val_metric_name=acc val_metric=0.8272
Step 4750 | loss 0.0094 | val_acc=0.8311 val_loss=1.1433 val_f1_macro=0.7939 val_f1_weighted=0.8304 val_prec_macro=0.7870 val_rec_macro=0.8027 val_metric_name=acc val_metric=0.8311
Step 4800 | loss 0.0094 | val_acc=0.8291 val_loss=1.1502 val_f1_macro=0.7923 val_f1_weighted=0.8286 val_prec_macro=0.7854 val_rec_macro=0.8012 val_metric_name=acc val_metric=0.8291
Step 4850 | loss 0.0078 | val_acc=0.8298 val_loss=1.1504 val_f1_macro=0.7909 val_f1_weighted=0.8289 val_prec_macro=0.7825 val_rec_macro=0.8013 val_metric_name=acc val_metric=0.8298
Step 4900 | loss 0.0076 | val_acc=0.8297 val_loss=1.1573 val_f1_macro=0.7925 val_f1_weighted=0.8290 val_prec_macro=0.7865 val_rec_macro=0.8004 val_metric_name=acc val_metric=0.8297
Early stopping at step 4910

--- Final (best ckpt @ step 4610) ---
  train_acc=1.0000 train_loss=0.0001 train_f1_macro=1.0000 train_f1_weighted=1.0000 train_prec_macro=1.0000 train_rec_macro=1.0000 train_metric_name=acc train_metric=1.0000
  val_acc=0.8318 val_loss=1.1269 val_f1_macro=0.7946 val_f1_weighted=0.8312 val_prec_macro=0.7882 val_rec_macro=0.8028 val_metric_name=acc val_metric=0.8318
  test_acc=0.8426 test_loss=1.0237 test_f1_macro=0.8014 test_f1_weighted=0.8411 test_prec_macro=0.8019 test_rec_macro=0.8046 test_metric_name=acc test_metric=0.8426
  test_acc=0.8426
  >> num_layers=5 hidden_dim=512 lr=3e-05 best_step=4610 val_acc=0.8318 test_acc=0.8426
     val_acc=0.8318 val_f1_macro=0.7946 val_f1_weighted=0.8312 val_loss=1.1269 val_metric=0.8318 val_metric_name=acc val_prec_macro=0.7882 val_rec_macro=0.8028
     test_acc=0.8426 test_f1_macro=0.8014 test_f1_weighted=0.8411 test_loss=1.0237 test_metric=0.8426 test_metric_name=acc test_prec_macro=0.8019 test_rec_macro=0.8046
  >> selected best (by val): num_layers=5 hidden_dim=512 lr=3e-05 val_acc=0.8318 test_acc=0.8426
     val_acc=0.8318 val_f1_macro=0.7946 val_f1_weighted=0.8312 val_loss=1.1269 val_metric=0.8318 val_metric_name=acc val_prec_macro=0.7882 val_rec_macro=0.8028
     test_acc=0.8426 test_f1_macro=0.8014 test_f1_weighted=0.8411 test_loss=1.0237 test_metric=0.8426 test_metric_name=acc test_prec_macro=0.8019 test_rec_macro=0.8046

Done. Results saved to /home/avshmelev/diploma_yandex_graphs/results2/roman_empire/base.csv, checkpoints in /home/avshmelev/diploma_yandex_graphs/all_checkpoints2/roman_empire/base/
