Loading data...

============================================================
Training roman-empire GAT 4L h=512 lr=3e-05 split=4
============================================================
Step    1 | loss 3.0829 | val_acc=0.0943 val_loss=2.8504 val_f1_macro=0.0345 val_f1_weighted=0.0659 val_prec_macro=0.0398 val_rec_macro=0.0534 val_metric_name=acc val_metric=0.0943
Step   50 | loss 2.0503 | val_acc=0.3801 val_loss=1.9632 val_f1_macro=0.2246 val_f1_weighted=0.3316 val_prec_macro=0.2349 val_rec_macro=0.2553 val_metric_name=acc val_metric=0.3801
Step  100 | loss 1.6078 | val_acc=0.5280 val_loss=1.5104 val_f1_macro=0.3879 val_f1_weighted=0.4901 val_prec_macro=0.4239 val_rec_macro=0.4228 val_metric_name=acc val_metric=0.5280
Step  150 | loss 1.3192 | val_acc=0.5995 val_loss=1.2578 val_f1_macro=0.4761 val_f1_weighted=0.5735 val_prec_macro=0.5136 val_rec_macro=0.5103 val_metric_name=acc val_metric=0.5995
Step  200 | loss 1.1232 | val_acc=0.6553 val_loss=1.0684 val_f1_macro=0.5527 val_f1_weighted=0.6422 val_prec_macro=0.5640 val_rec_macro=0.5828 val_metric_name=acc val_metric=0.6553
Step  250 | loss 0.9637 | val_acc=0.6925 val_loss=0.9427 val_f1_macro=0.6034 val_f1_weighted=0.6858 val_prec_macro=0.6020 val_rec_macro=0.6336 val_metric_name=acc val_metric=0.6925
Step  300 | loss 0.8490 | val_acc=0.7192 val_loss=0.8599 val_f1_macro=0.6371 val_f1_weighted=0.7139 val_prec_macro=0.6357 val_rec_macro=0.6642 val_metric_name=acc val_metric=0.7192
Step  350 | loss 0.7672 | val_acc=0.7398 val_loss=0.7937 val_f1_macro=0.6642 val_f1_weighted=0.7356 val_prec_macro=0.6587 val_rec_macro=0.6894 val_metric_name=acc val_metric=0.7398
Step  400 | loss 0.6918 | val_acc=0.7555 val_loss=0.7563 val_f1_macro=0.6842 val_f1_weighted=0.7523 val_prec_macro=0.6790 val_rec_macro=0.7071 val_metric_name=acc val_metric=0.7555
Step  450 | loss 0.6230 | val_acc=0.7688 val_loss=0.7191 val_f1_macro=0.7020 val_f1_weighted=0.7651 val_prec_macro=0.6951 val_rec_macro=0.7232 val_metric_name=acc val_metric=0.7688
Step  500 | loss 0.5711 | val_acc=0.7783 val_loss=0.6927 val_f1_macro=0.7140 val_f1_weighted=0.7747 val_prec_macro=0.7059 val_rec_macro=0.7340 val_metric_name=acc val_metric=0.7783
Step  550 | loss 0.5158 | val_acc=0.7878 val_loss=0.6776 val_f1_macro=0.7307 val_f1_weighted=0.7854 val_prec_macro=0.7239 val_rec_macro=0.7483 val_metric_name=acc val_metric=0.7878
Step  600 | loss 0.4810 | val_acc=0.7933 val_loss=0.6659 val_f1_macro=0.7347 val_f1_weighted=0.7907 val_prec_macro=0.7255 val_rec_macro=0.7535 val_metric_name=acc val_metric=0.7933
Step  650 | loss 0.4355 | val_acc=0.7970 val_loss=0.6579 val_f1_macro=0.7433 val_f1_weighted=0.7942 val_prec_macro=0.7359 val_rec_macro=0.7587 val_metric_name=acc val_metric=0.7970
Step  700 | loss 0.3982 | val_acc=0.7998 val_loss=0.6535 val_f1_macro=0.7453 val_f1_weighted=0.7974 val_prec_macro=0.7366 val_rec_macro=0.7622 val_metric_name=acc val_metric=0.7998
Step  750 | loss 0.3656 | val_acc=0.7991 val_loss=0.6549 val_f1_macro=0.7470 val_f1_weighted=0.7968 val_prec_macro=0.7398 val_rec_macro=0.7607 val_metric_name=acc val_metric=0.7991
Step  800 | loss 0.3315 | val_acc=0.8026 val_loss=0.6575 val_f1_macro=0.7522 val_f1_weighted=0.8010 val_prec_macro=0.7427 val_rec_macro=0.7678 val_metric_name=acc val_metric=0.8026
Step  850 | loss 0.3044 | val_acc=0.8032 val_loss=0.6671 val_f1_macro=0.7510 val_f1_weighted=0.8011 val_prec_macro=0.7418 val_rec_macro=0.7665 val_metric_name=acc val_metric=0.8032
Step  900 | loss 0.2823 | val_acc=0.8035 val_loss=0.6743 val_f1_macro=0.7534 val_f1_weighted=0.8022 val_prec_macro=0.7442 val_rec_macro=0.7685 val_metric_name=acc val_metric=0.8035
Step  950 | loss 0.2563 | val_acc=0.8071 val_loss=0.6764 val_f1_macro=0.7567 val_f1_weighted=0.8052 val_prec_macro=0.7483 val_rec_macro=0.7698 val_metric_name=acc val_metric=0.8071
Step 1000 | loss 0.2349 | val_acc=0.8081 val_loss=0.6892 val_f1_macro=0.7592 val_f1_weighted=0.8062 val_prec_macro=0.7495 val_rec_macro=0.7730 val_metric_name=acc val_metric=0.8081
Step 1050 | loss 0.2169 | val_acc=0.8109 val_loss=0.6970 val_f1_macro=0.7644 val_f1_weighted=0.8097 val_prec_macro=0.7567 val_rec_macro=0.7759 val_metric_name=acc val_metric=0.8109
Step 1100 | loss 0.2029 | val_acc=0.8081 val_loss=0.7054 val_f1_macro=0.7587 val_f1_weighted=0.8065 val_prec_macro=0.7501 val_rec_macro=0.7713 val_metric_name=acc val_metric=0.8081
Step 1150 | loss 0.1878 | val_acc=0.8115 val_loss=0.7163 val_f1_macro=0.7628 val_f1_weighted=0.8097 val_prec_macro=0.7553 val_rec_macro=0.7738 val_metric_name=acc val_metric=0.8115
Step 1200 | loss 0.1697 | val_acc=0.8124 val_loss=0.7277 val_f1_macro=0.7619 val_f1_weighted=0.8103 val_prec_macro=0.7547 val_rec_macro=0.7727 val_metric_name=acc val_metric=0.8124
Step 1250 | loss 0.1668 | val_acc=0.8131 val_loss=0.7394 val_f1_macro=0.7644 val_f1_weighted=0.8114 val_prec_macro=0.7570 val_rec_macro=0.7760 val_metric_name=acc val_metric=0.8131
Step 1300 | loss 0.1470 | val_acc=0.8127 val_loss=0.7526 val_f1_macro=0.7642 val_f1_weighted=0.8108 val_prec_macro=0.7553 val_rec_macro=0.7768 val_metric_name=acc val_metric=0.8127
Step 1350 | loss 0.1461 | val_acc=0.8125 val_loss=0.7581 val_f1_macro=0.7625 val_f1_weighted=0.8108 val_prec_macro=0.7551 val_rec_macro=0.7736 val_metric_name=acc val_metric=0.8125
Step 1400 | loss 0.1267 | val_acc=0.8134 val_loss=0.7737 val_f1_macro=0.7659 val_f1_weighted=0.8117 val_prec_macro=0.7582 val_rec_macro=0.7769 val_metric_name=acc val_metric=0.8134
Step 1450 | loss 0.1180 | val_acc=0.8129 val_loss=0.7791 val_f1_macro=0.7653 val_f1_weighted=0.8111 val_prec_macro=0.7570 val_rec_macro=0.7768 val_metric_name=acc val_metric=0.8129
Step 1500 | loss 0.1195 | val_acc=0.8109 val_loss=0.7901 val_f1_macro=0.7619 val_f1_weighted=0.8092 val_prec_macro=0.7525 val_rec_macro=0.7750 val_metric_name=acc val_metric=0.8109
Step 1550 | loss 0.1065 | val_acc=0.8127 val_loss=0.7991 val_f1_macro=0.7651 val_f1_weighted=0.8108 val_prec_macro=0.7574 val_rec_macro=0.7767 val_metric_name=acc val_metric=0.8127
Step 1600 | loss 0.1064 | val_acc=0.8148 val_loss=0.8056 val_f1_macro=0.7674 val_f1_weighted=0.8133 val_prec_macro=0.7600 val_rec_macro=0.7782 val_metric_name=acc val_metric=0.8148
Step 1650 | loss 0.0978 | val_acc=0.8136 val_loss=0.8178 val_f1_macro=0.7659 val_f1_weighted=0.8118 val_prec_macro=0.7593 val_rec_macro=0.7763 val_metric_name=acc val_metric=0.8136
Step 1700 | loss 0.0900 | val_acc=0.8138 val_loss=0.8221 val_f1_macro=0.7672 val_f1_weighted=0.8123 val_prec_macro=0.7617 val_rec_macro=0.7761 val_metric_name=acc val_metric=0.8138
Step 1750 | loss 0.0794 | val_acc=0.8141 val_loss=0.8299 val_f1_macro=0.7671 val_f1_weighted=0.8126 val_prec_macro=0.7603 val_rec_macro=0.7776 val_metric_name=acc val_metric=0.8141
Step 1800 | loss 0.0820 | val_acc=0.8166 val_loss=0.8299 val_f1_macro=0.7705 val_f1_weighted=0.8150 val_prec_macro=0.7631 val_rec_macro=0.7817 val_metric_name=acc val_metric=0.8166
Step 1850 | loss 0.0755 | val_acc=0.8152 val_loss=0.8440 val_f1_macro=0.7694 val_f1_weighted=0.8132 val_prec_macro=0.7632 val_rec_macro=0.7788 val_metric_name=acc val_metric=0.8152
Step 1900 | loss 0.0744 | val_acc=0.8171 val_loss=0.8468 val_f1_macro=0.7692 val_f1_weighted=0.8148 val_prec_macro=0.7628 val_rec_macro=0.7794 val_metric_name=acc val_metric=0.8171
Step 1950 | loss 0.0699 | val_acc=0.8168 val_loss=0.8537 val_f1_macro=0.7728 val_f1_weighted=0.8150 val_prec_macro=0.7666 val_rec_macro=0.7823 val_metric_name=acc val_metric=0.8168
Step 2000 | loss 0.0655 | val_acc=0.8169 val_loss=0.8597 val_f1_macro=0.7717 val_f1_weighted=0.8149 val_prec_macro=0.7661 val_rec_macro=0.7802 val_metric_name=acc val_metric=0.8169
Step 2050 | loss 0.0564 | val_acc=0.8155 val_loss=0.8740 val_f1_macro=0.7715 val_f1_weighted=0.8138 val_prec_macro=0.7654 val_rec_macro=0.7810 val_metric_name=acc val_metric=0.8155
Step 2100 | loss 0.0619 | val_acc=0.8159 val_loss=0.8723 val_f1_macro=0.7687 val_f1_weighted=0.8139 val_prec_macro=0.7645 val_rec_macro=0.7759 val_metric_name=acc val_metric=0.8159
Step 2150 | loss 0.0569 | val_acc=0.8150 val_loss=0.8867 val_f1_macro=0.7708 val_f1_weighted=0.8132 val_prec_macro=0.7630 val_rec_macro=0.7825 val_metric_name=acc val_metric=0.8150
Step 2200 | loss 0.0502 | val_acc=0.8182 val_loss=0.8891 val_f1_macro=0.7767 val_f1_weighted=0.8166 val_prec_macro=0.7710 val_rec_macro=0.7858 val_metric_name=acc val_metric=0.8182
Step 2250 | loss 0.0514 | val_acc=0.8173 val_loss=0.8964 val_f1_macro=0.7734 val_f1_weighted=0.8154 val_prec_macro=0.7674 val_rec_macro=0.7823 val_metric_name=acc val_metric=0.8173
Step 2300 | loss 0.0542 | val_acc=0.8178 val_loss=0.9026 val_f1_macro=0.7716 val_f1_weighted=0.8160 val_prec_macro=0.7652 val_rec_macro=0.7811 val_metric_name=acc val_metric=0.8178
Step 2350 | loss 0.0500 | val_acc=0.8171 val_loss=0.9061 val_f1_macro=0.7727 val_f1_weighted=0.8154 val_prec_macro=0.7662 val_rec_macro=0.7822 val_metric_name=acc val_metric=0.8171
Step 2400 | loss 0.0455 | val_acc=0.8194 val_loss=0.9082 val_f1_macro=0.7749 val_f1_weighted=0.8177 val_prec_macro=0.7665 val_rec_macro=0.7864 val_metric_name=acc val_metric=0.8194
Step 2450 | loss 0.0454 | val_acc=0.8166 val_loss=0.9229 val_f1_macro=0.7714 val_f1_weighted=0.8148 val_prec_macro=0.7635 val_rec_macro=0.7825 val_metric_name=acc val_metric=0.8166
Step 2500 | loss 0.0437 | val_acc=0.8182 val_loss=0.9193 val_f1_macro=0.7738 val_f1_weighted=0.8161 val_prec_macro=0.7674 val_rec_macro=0.7833 val_metric_name=acc val_metric=0.8182
Step 2550 | loss 0.0433 | val_acc=0.8198 val_loss=0.9257 val_f1_macro=0.7772 val_f1_weighted=0.8181 val_prec_macro=0.7700 val_rec_macro=0.7873 val_metric_name=acc val_metric=0.8198
Step 2600 | loss 0.0369 | val_acc=0.8210 val_loss=0.9267 val_f1_macro=0.7771 val_f1_weighted=0.8193 val_prec_macro=0.7722 val_rec_macro=0.7843 val_metric_name=acc val_metric=0.8210
Step 2650 | loss 0.0390 | val_acc=0.8222 val_loss=0.9320 val_f1_macro=0.7819 val_f1_weighted=0.8207 val_prec_macro=0.7747 val_rec_macro=0.7915 val_metric_name=acc val_metric=0.8222
Step 2700 | loss 0.0346 | val_acc=0.8217 val_loss=0.9372 val_f1_macro=0.7784 val_f1_weighted=0.8201 val_prec_macro=0.7736 val_rec_macro=0.7859 val_metric_name=acc val_metric=0.8217
Step 2750 | loss 0.0317 | val_acc=0.8222 val_loss=0.9440 val_f1_macro=0.7780 val_f1_weighted=0.8203 val_prec_macro=0.7732 val_rec_macro=0.7867 val_metric_name=acc val_metric=0.8222
Step 2800 | loss 0.0348 | val_acc=0.8198 val_loss=0.9484 val_f1_macro=0.7752 val_f1_weighted=0.8178 val_prec_macro=0.7686 val_rec_macro=0.7847 val_metric_name=acc val_metric=0.8198
Step 2850 | loss 0.0319 | val_acc=0.8189 val_loss=0.9580 val_f1_macro=0.7729 val_f1_weighted=0.8168 val_prec_macro=0.7681 val_rec_macro=0.7813 val_metric_name=acc val_metric=0.8189
Step 2900 | loss 0.0324 | val_acc=0.8196 val_loss=0.9541 val_f1_macro=0.7774 val_f1_weighted=0.8176 val_prec_macro=0.7722 val_rec_macro=0.7856 val_metric_name=acc val_metric=0.8196
Step 2950 | loss 0.0353 | val_acc=0.8173 val_loss=0.9677 val_f1_macro=0.7725 val_f1_weighted=0.8157 val_prec_macro=0.7677 val_rec_macro=0.7806 val_metric_name=acc val_metric=0.8173
Step 3000 | loss 0.0309 | val_acc=0.8203 val_loss=0.9743 val_f1_macro=0.7763 val_f1_weighted=0.8182 val_prec_macro=0.7709 val_rec_macro=0.7851 val_metric_name=acc val_metric=0.8203
Step 3050 | loss 0.0300 | val_acc=0.8210 val_loss=0.9691 val_f1_macro=0.7786 val_f1_weighted=0.8192 val_prec_macro=0.7739 val_rec_macro=0.7866 val_metric_name=acc val_metric=0.8210
Step 3100 | loss 0.0290 | val_acc=0.8231 val_loss=0.9720 val_f1_macro=0.7803 val_f1_weighted=0.8210 val_prec_macro=0.7736 val_rec_macro=0.7903 val_metric_name=acc val_metric=0.8231
Step 3150 | loss 0.0283 | val_acc=0.8214 val_loss=0.9852 val_f1_macro=0.7792 val_f1_weighted=0.8195 val_prec_macro=0.7724 val_rec_macro=0.7893 val_metric_name=acc val_metric=0.8214
Step 3200 | loss 0.0258 | val_acc=0.8238 val_loss=0.9836 val_f1_macro=0.7809 val_f1_weighted=0.8219 val_prec_macro=0.7753 val_rec_macro=0.7896 val_metric_name=acc val_metric=0.8238
Step 3250 | loss 0.0260 | val_acc=0.8205 val_loss=0.9968 val_f1_macro=0.7778 val_f1_weighted=0.8186 val_prec_macro=0.7718 val_rec_macro=0.7870 val_metric_name=acc val_metric=0.8205
Step 3300 | loss 0.0241 | val_acc=0.8237 val_loss=0.9982 val_f1_macro=0.7831 val_f1_weighted=0.8219 val_prec_macro=0.7769 val_rec_macro=0.7921 val_metric_name=acc val_metric=0.8237
Step 3350 | loss 0.0217 | val_acc=0.8228 val_loss=1.0029 val_f1_macro=0.7813 val_f1_weighted=0.8209 val_prec_macro=0.7759 val_rec_macro=0.7906 val_metric_name=acc val_metric=0.8228
Step 3400 | loss 0.0244 | val_acc=0.8233 val_loss=1.0018 val_f1_macro=0.7807 val_f1_weighted=0.8214 val_prec_macro=0.7751 val_rec_macro=0.7901 val_metric_name=acc val_metric=0.8233
Step 3450 | loss 0.0237 | val_acc=0.8238 val_loss=1.0091 val_f1_macro=0.7817 val_f1_weighted=0.8221 val_prec_macro=0.7751 val_rec_macro=0.7912 val_metric_name=acc val_metric=0.8238
Step 3500 | loss 0.0221 | val_acc=0.8228 val_loss=1.0091 val_f1_macro=0.7803 val_f1_weighted=0.8211 val_prec_macro=0.7754 val_rec_macro=0.7878 val_metric_name=acc val_metric=0.8228
Step 3550 | loss 0.0222 | val_acc=0.8221 val_loss=1.0182 val_f1_macro=0.7789 val_f1_weighted=0.8206 val_prec_macro=0.7715 val_rec_macro=0.7900 val_metric_name=acc val_metric=0.8221
Step 3600 | loss 0.0195 | val_acc=0.8219 val_loss=1.0162 val_f1_macro=0.7785 val_f1_weighted=0.8201 val_prec_macro=0.7726 val_rec_macro=0.7877 val_metric_name=acc val_metric=0.8219
Step 3650 | loss 0.0180 | val_acc=0.8233 val_loss=1.0225 val_f1_macro=0.7817 val_f1_weighted=0.8220 val_prec_macro=0.7747 val_rec_macro=0.7918 val_metric_name=acc val_metric=0.8233
Step 3700 | loss 0.0197 | val_acc=0.8267 val_loss=1.0214 val_f1_macro=0.7848 val_f1_weighted=0.8247 val_prec_macro=0.7781 val_rec_macro=0.7942 val_metric_name=acc val_metric=0.8267
Step 3750 | loss 0.0183 | val_acc=0.8256 val_loss=1.0201 val_f1_macro=0.7831 val_f1_weighted=0.8240 val_prec_macro=0.7776 val_rec_macro=0.7912 val_metric_name=acc val_metric=0.8256
Step 3800 | loss 0.0184 | val_acc=0.8245 val_loss=1.0366 val_f1_macro=0.7825 val_f1_weighted=0.8227 val_prec_macro=0.7754 val_rec_macro=0.7930 val_metric_name=acc val_metric=0.8245
Step 3850 | loss 0.0176 | val_acc=0.8226 val_loss=1.0372 val_f1_macro=0.7783 val_f1_weighted=0.8206 val_prec_macro=0.7734 val_rec_macro=0.7861 val_metric_name=acc val_metric=0.8226
Step 3900 | loss 0.0165 | val_acc=0.8242 val_loss=1.0355 val_f1_macro=0.7819 val_f1_weighted=0.8225 val_prec_macro=0.7764 val_rec_macro=0.7896 val_metric_name=acc val_metric=0.8242
Step 3950 | loss 0.0179 | val_acc=0.8240 val_loss=1.0510 val_f1_macro=0.7806 val_f1_weighted=0.8221 val_prec_macro=0.7743 val_rec_macro=0.7908 val_metric_name=acc val_metric=0.8240
Step 4000 | loss 0.0164 | val_acc=0.8231 val_loss=1.0522 val_f1_macro=0.7811 val_f1_weighted=0.8217 val_prec_macro=0.7751 val_rec_macro=0.7900 val_metric_name=acc val_metric=0.8231
Early stopping at step 4046

--- Final (best ckpt @ step 3700) ---
  train_acc=1.0000 train_loss=0.0003 train_f1_macro=1.0000 train_f1_weighted=1.0000 train_prec_macro=1.0000 train_rec_macro=1.0000 train_metric_name=acc train_metric=1.0000
  val_acc=0.8267 val_loss=1.0214 val_f1_macro=0.7848 val_f1_weighted=0.8247 val_prec_macro=0.7781 val_rec_macro=0.7942 val_metric_name=acc val_metric=0.8267
  test_acc=0.8246 test_loss=1.0633 test_f1_macro=0.7794 test_f1_weighted=0.8225 test_prec_macro=0.7774 test_rec_macro=0.7866 test_metric_name=acc test_metric=0.8246
  test_acc=0.8246
  >> num_layers=4 hidden_dim=512 lr=3e-05 best_step=3700 val_acc=0.8267 test_acc=0.8246
     val_acc=0.8267 val_f1_macro=0.7848 val_f1_weighted=0.8247 val_loss=1.0214 val_metric=0.8267 val_metric_name=acc val_prec_macro=0.7781 val_rec_macro=0.7942
     test_acc=0.8246 test_f1_macro=0.7794 test_f1_weighted=0.8225 test_loss=1.0633 test_metric=0.8246 test_metric_name=acc test_prec_macro=0.7774 test_rec_macro=0.7866
  >> selected best (by val): num_layers=4 hidden_dim=512 lr=3e-05 val_acc=0.8267 test_acc=0.8246
     val_acc=0.8267 val_f1_macro=0.7848 val_f1_weighted=0.8247 val_loss=1.0214 val_metric=0.8267 val_metric_name=acc val_prec_macro=0.7781 val_rec_macro=0.7942
     test_acc=0.8246 test_f1_macro=0.7794 test_f1_weighted=0.8225 test_loss=1.0633 test_metric=0.8246 test_metric_name=acc test_prec_macro=0.7774 test_rec_macro=0.7866

Done. Results saved to /home/avshmelev/diploma_yandex_graphs/results2/roman_empire/base.csv, checkpoints in /home/avshmelev/diploma_yandex_graphs/all_checkpoints2/roman_empire/base/
