Loading data...

============================================================
Training roman-empire GAT 5L h=512 lr=3e-05 split=3
============================================================
Step    1 | loss 3.0098 | val_acc=0.1296 val_loss=2.7859 val_f1_macro=0.0425 val_f1_weighted=0.0886 val_prec_macro=0.0362 val_rec_macro=0.0602 val_metric_name=acc val_metric=0.1296
Step   50 | loss 2.0095 | val_acc=0.4113 val_loss=1.9159 val_f1_macro=0.2275 val_f1_weighted=0.3601 val_prec_macro=0.2655 val_rec_macro=0.2569 val_metric_name=acc val_metric=0.4113
Step  100 | loss 1.5658 | val_acc=0.5343 val_loss=1.5081 val_f1_macro=0.3794 val_f1_weighted=0.4904 val_prec_macro=0.3943 val_rec_macro=0.4209 val_metric_name=acc val_metric=0.5343
Step  150 | loss 1.3139 | val_acc=0.5912 val_loss=1.2921 val_f1_macro=0.4705 val_f1_weighted=0.5625 val_prec_macro=0.5259 val_rec_macro=0.4958 val_metric_name=acc val_metric=0.5912
Step  200 | loss 1.1380 | val_acc=0.6413 val_loss=1.1235 val_f1_macro=0.5435 val_f1_weighted=0.6233 val_prec_macro=0.5740 val_rec_macro=0.5654 val_metric_name=acc val_metric=0.6413
Step  250 | loss 0.9808 | val_acc=0.6844 val_loss=0.9921 val_f1_macro=0.5987 val_f1_weighted=0.6728 val_prec_macro=0.6208 val_rec_macro=0.6160 val_metric_name=acc val_metric=0.6844
Step  300 | loss 0.8578 | val_acc=0.7142 val_loss=0.8909 val_f1_macro=0.6307 val_f1_weighted=0.7049 val_prec_macro=0.6390 val_rec_macro=0.6509 val_metric_name=acc val_metric=0.7142
Step  350 | loss 0.7638 | val_acc=0.7414 val_loss=0.8193 val_f1_macro=0.6628 val_f1_weighted=0.7349 val_prec_macro=0.6671 val_rec_macro=0.6804 val_metric_name=acc val_metric=0.7414
Step  400 | loss 0.6855 | val_acc=0.7583 val_loss=0.7723 val_f1_macro=0.6847 val_f1_weighted=0.7533 val_prec_macro=0.6845 val_rec_macro=0.7009 val_metric_name=acc val_metric=0.7583
Step  450 | loss 0.6255 | val_acc=0.7707 val_loss=0.7360 val_f1_macro=0.7008 val_f1_weighted=0.7664 val_prec_macro=0.7008 val_rec_macro=0.7144 val_metric_name=acc val_metric=0.7707
Step  500 | loss 0.5585 | val_acc=0.7792 val_loss=0.7132 val_f1_macro=0.7132 val_f1_weighted=0.7757 val_prec_macro=0.7106 val_rec_macro=0.7280 val_metric_name=acc val_metric=0.7792
Step  550 | loss 0.5039 | val_acc=0.7862 val_loss=0.6960 val_f1_macro=0.7220 val_f1_weighted=0.7823 val_prec_macro=0.7215 val_rec_macro=0.7353 val_metric_name=acc val_metric=0.7862
Step  600 | loss 0.4591 | val_acc=0.7924 val_loss=0.6815 val_f1_macro=0.7327 val_f1_weighted=0.7887 val_prec_macro=0.7316 val_rec_macro=0.7456 val_metric_name=acc val_metric=0.7924
Step  650 | loss 0.4151 | val_acc=0.7988 val_loss=0.6733 val_f1_macro=0.7419 val_f1_weighted=0.7948 val_prec_macro=0.7424 val_rec_macro=0.7533 val_metric_name=acc val_metric=0.7988
Step  700 | loss 0.3817 | val_acc=0.8021 val_loss=0.6686 val_f1_macro=0.7454 val_f1_weighted=0.7988 val_prec_macro=0.7462 val_rec_macro=0.7552 val_metric_name=acc val_metric=0.8021
Step  750 | loss 0.3483 | val_acc=0.8088 val_loss=0.6571 val_f1_macro=0.7561 val_f1_weighted=0.8061 val_prec_macro=0.7568 val_rec_macro=0.7630 val_metric_name=acc val_metric=0.8088
Step  800 | loss 0.3120 | val_acc=0.8106 val_loss=0.6641 val_f1_macro=0.7560 val_f1_weighted=0.8072 val_prec_macro=0.7551 val_rec_macro=0.7656 val_metric_name=acc val_metric=0.8106
Step  850 | loss 0.2918 | val_acc=0.8127 val_loss=0.6684 val_f1_macro=0.7584 val_f1_weighted=0.8096 val_prec_macro=0.7566 val_rec_macro=0.7677 val_metric_name=acc val_metric=0.8127
Step  900 | loss 0.2597 | val_acc=0.8150 val_loss=0.6753 val_f1_macro=0.7644 val_f1_weighted=0.8119 val_prec_macro=0.7650 val_rec_macro=0.7708 val_metric_name=acc val_metric=0.8150
Step  950 | loss 0.2304 | val_acc=0.8157 val_loss=0.6805 val_f1_macro=0.7643 val_f1_weighted=0.8127 val_prec_macro=0.7660 val_rec_macro=0.7699 val_metric_name=acc val_metric=0.8157
Step 1000 | loss 0.2136 | val_acc=0.8171 val_loss=0.6885 val_f1_macro=0.7668 val_f1_weighted=0.8144 val_prec_macro=0.7690 val_rec_macro=0.7722 val_metric_name=acc val_metric=0.8171
Step 1050 | loss 0.2004 | val_acc=0.8159 val_loss=0.7000 val_f1_macro=0.7654 val_f1_weighted=0.8135 val_prec_macro=0.7652 val_rec_macro=0.7732 val_metric_name=acc val_metric=0.8159
Step 1100 | loss 0.1864 | val_acc=0.8155 val_loss=0.7077 val_f1_macro=0.7649 val_f1_weighted=0.8130 val_prec_macro=0.7682 val_rec_macro=0.7693 val_metric_name=acc val_metric=0.8155
Step 1150 | loss 0.1698 | val_acc=0.8168 val_loss=0.7142 val_f1_macro=0.7669 val_f1_weighted=0.8140 val_prec_macro=0.7692 val_rec_macro=0.7714 val_metric_name=acc val_metric=0.8168
Step 1200 | loss 0.1560 | val_acc=0.8185 val_loss=0.7229 val_f1_macro=0.7683 val_f1_weighted=0.8159 val_prec_macro=0.7680 val_rec_macro=0.7751 val_metric_name=acc val_metric=0.8185
Step 1250 | loss 0.1508 | val_acc=0.8173 val_loss=0.7328 val_f1_macro=0.7663 val_f1_weighted=0.8147 val_prec_macro=0.7677 val_rec_macro=0.7719 val_metric_name=acc val_metric=0.8173
Step 1300 | loss 0.1358 | val_acc=0.8178 val_loss=0.7430 val_f1_macro=0.7679 val_f1_weighted=0.8152 val_prec_macro=0.7696 val_rec_macro=0.7725 val_metric_name=acc val_metric=0.8178
Step 1350 | loss 0.1223 | val_acc=0.8184 val_loss=0.7535 val_f1_macro=0.7680 val_f1_weighted=0.8162 val_prec_macro=0.7699 val_rec_macro=0.7725 val_metric_name=acc val_metric=0.8184
Step 1400 | loss 0.1151 | val_acc=0.8191 val_loss=0.7611 val_f1_macro=0.7707 val_f1_weighted=0.8165 val_prec_macro=0.7723 val_rec_macro=0.7754 val_metric_name=acc val_metric=0.8191
Step 1450 | loss 0.1057 | val_acc=0.8184 val_loss=0.7662 val_f1_macro=0.7675 val_f1_weighted=0.8159 val_prec_macro=0.7692 val_rec_macro=0.7719 val_metric_name=acc val_metric=0.8184
Step 1500 | loss 0.1009 | val_acc=0.8201 val_loss=0.7775 val_f1_macro=0.7698 val_f1_weighted=0.8175 val_prec_macro=0.7715 val_rec_macro=0.7744 val_metric_name=acc val_metric=0.8201
Step 1550 | loss 0.0916 | val_acc=0.8201 val_loss=0.7864 val_f1_macro=0.7713 val_f1_weighted=0.8180 val_prec_macro=0.7710 val_rec_macro=0.7768 val_metric_name=acc val_metric=0.8201
Step 1600 | loss 0.0922 | val_acc=0.8238 val_loss=0.7851 val_f1_macro=0.7761 val_f1_weighted=0.8214 val_prec_macro=0.7762 val_rec_macro=0.7809 val_metric_name=acc val_metric=0.8238
Step 1650 | loss 0.0882 | val_acc=0.8219 val_loss=0.7975 val_f1_macro=0.7736 val_f1_weighted=0.8198 val_prec_macro=0.7748 val_rec_macro=0.7777 val_metric_name=acc val_metric=0.8219
Step 1700 | loss 0.0789 | val_acc=0.8228 val_loss=0.8041 val_f1_macro=0.7762 val_f1_weighted=0.8210 val_prec_macro=0.7754 val_rec_macro=0.7812 val_metric_name=acc val_metric=0.8228
Step 1750 | loss 0.0736 | val_acc=0.8247 val_loss=0.8074 val_f1_macro=0.7790 val_f1_weighted=0.8229 val_prec_macro=0.7796 val_rec_macro=0.7824 val_metric_name=acc val_metric=0.8247
Step 1800 | loss 0.0707 | val_acc=0.8247 val_loss=0.8177 val_f1_macro=0.7765 val_f1_weighted=0.8226 val_prec_macro=0.7760 val_rec_macro=0.7814 val_metric_name=acc val_metric=0.8247
Step 1850 | loss 0.0673 | val_acc=0.8256 val_loss=0.8205 val_f1_macro=0.7784 val_f1_weighted=0.8233 val_prec_macro=0.7793 val_rec_macro=0.7818 val_metric_name=acc val_metric=0.8256
Step 1900 | loss 0.0613 | val_acc=0.8267 val_loss=0.8277 val_f1_macro=0.7803 val_f1_weighted=0.8243 val_prec_macro=0.7821 val_rec_macro=0.7833 val_metric_name=acc val_metric=0.8267
Step 1950 | loss 0.0610 | val_acc=0.8295 val_loss=0.8319 val_f1_macro=0.7855 val_f1_weighted=0.8280 val_prec_macro=0.7874 val_rec_macro=0.7877 val_metric_name=acc val_metric=0.8295
Step 2000 | loss 0.0599 | val_acc=0.8261 val_loss=0.8433 val_f1_macro=0.7799 val_f1_weighted=0.8238 val_prec_macro=0.7804 val_rec_macro=0.7843 val_metric_name=acc val_metric=0.8261
Step 2050 | loss 0.0518 | val_acc=0.8252 val_loss=0.8520 val_f1_macro=0.7778 val_f1_weighted=0.8228 val_prec_macro=0.7800 val_rec_macro=0.7813 val_metric_name=acc val_metric=0.8252
Step 2100 | loss 0.0535 | val_acc=0.8272 val_loss=0.8573 val_f1_macro=0.7807 val_f1_weighted=0.8250 val_prec_macro=0.7809 val_rec_macro=0.7857 val_metric_name=acc val_metric=0.8272
Step 2150 | loss 0.0512 | val_acc=0.8293 val_loss=0.8579 val_f1_macro=0.7840 val_f1_weighted=0.8271 val_prec_macro=0.7854 val_rec_macro=0.7878 val_metric_name=acc val_metric=0.8293
Step 2200 | loss 0.0466 | val_acc=0.8307 val_loss=0.8641 val_f1_macro=0.7852 val_f1_weighted=0.8287 val_prec_macro=0.7869 val_rec_macro=0.7882 val_metric_name=acc val_metric=0.8307
Step 2250 | loss 0.0472 | val_acc=0.8302 val_loss=0.8673 val_f1_macro=0.7857 val_f1_weighted=0.8280 val_prec_macro=0.7872 val_rec_macro=0.7885 val_metric_name=acc val_metric=0.8302
Step 2300 | loss 0.0447 | val_acc=0.8312 val_loss=0.8711 val_f1_macro=0.7860 val_f1_weighted=0.8292 val_prec_macro=0.7886 val_rec_macro=0.7879 val_metric_name=acc val_metric=0.8312
Step 2350 | loss 0.0419 | val_acc=0.8311 val_loss=0.8794 val_f1_macro=0.7854 val_f1_weighted=0.8291 val_prec_macro=0.7857 val_rec_macro=0.7889 val_metric_name=acc val_metric=0.8311
Step 2400 | loss 0.0387 | val_acc=0.8297 val_loss=0.8905 val_f1_macro=0.7832 val_f1_weighted=0.8273 val_prec_macro=0.7849 val_rec_macro=0.7861 val_metric_name=acc val_metric=0.8297
Step 2450 | loss 0.0375 | val_acc=0.8302 val_loss=0.8979 val_f1_macro=0.7852 val_f1_weighted=0.8279 val_prec_macro=0.7875 val_rec_macro=0.7880 val_metric_name=acc val_metric=0.8302
Step 2500 | loss 0.0359 | val_acc=0.8289 val_loss=0.8993 val_f1_macro=0.7856 val_f1_weighted=0.8268 val_prec_macro=0.7874 val_rec_macro=0.7883 val_metric_name=acc val_metric=0.8289
Step 2550 | loss 0.0348 | val_acc=0.8307 val_loss=0.9036 val_f1_macro=0.7859 val_f1_weighted=0.8281 val_prec_macro=0.7901 val_rec_macro=0.7863 val_metric_name=acc val_metric=0.8307
Step 2600 | loss 0.0313 | val_acc=0.8316 val_loss=0.9104 val_f1_macro=0.7865 val_f1_weighted=0.8290 val_prec_macro=0.7895 val_rec_macro=0.7889 val_metric_name=acc val_metric=0.8316
Step 2650 | loss 0.0312 | val_acc=0.8309 val_loss=0.9130 val_f1_macro=0.7869 val_f1_weighted=0.8289 val_prec_macro=0.7893 val_rec_macro=0.7883 val_metric_name=acc val_metric=0.8309
Step 2700 | loss 0.0266 | val_acc=0.8293 val_loss=0.9227 val_f1_macro=0.7839 val_f1_weighted=0.8269 val_prec_macro=0.7869 val_rec_macro=0.7868 val_metric_name=acc val_metric=0.8293
Step 2750 | loss 0.0282 | val_acc=0.8321 val_loss=0.9236 val_f1_macro=0.7886 val_f1_weighted=0.8299 val_prec_macro=0.7903 val_rec_macro=0.7914 val_metric_name=acc val_metric=0.8321
Step 2800 | loss 0.0246 | val_acc=0.8302 val_loss=0.9333 val_f1_macro=0.7866 val_f1_weighted=0.8275 val_prec_macro=0.7884 val_rec_macro=0.7897 val_metric_name=acc val_metric=0.8302
Step 2850 | loss 0.0246 | val_acc=0.8341 val_loss=0.9316 val_f1_macro=0.7915 val_f1_weighted=0.8319 val_prec_macro=0.7927 val_rec_macro=0.7946 val_metric_name=acc val_metric=0.8341
Step 2900 | loss 0.0256 | val_acc=0.8323 val_loss=0.9336 val_f1_macro=0.7908 val_f1_weighted=0.8306 val_prec_macro=0.7941 val_rec_macro=0.7914 val_metric_name=acc val_metric=0.8323
Step 2950 | loss 0.0258 | val_acc=0.8327 val_loss=0.9394 val_f1_macro=0.7903 val_f1_weighted=0.8308 val_prec_macro=0.7915 val_rec_macro=0.7933 val_metric_name=acc val_metric=0.8327
Step 3000 | loss 0.0255 | val_acc=0.8335 val_loss=0.9422 val_f1_macro=0.7909 val_f1_weighted=0.8315 val_prec_macro=0.7926 val_rec_macro=0.7937 val_metric_name=acc val_metric=0.8335
Step 3050 | loss 0.0237 | val_acc=0.8335 val_loss=0.9472 val_f1_macro=0.7929 val_f1_weighted=0.8322 val_prec_macro=0.7933 val_rec_macro=0.7967 val_metric_name=acc val_metric=0.8335
Step 3100 | loss 0.0223 | val_acc=0.8332 val_loss=0.9573 val_f1_macro=0.7899 val_f1_weighted=0.8313 val_prec_macro=0.7897 val_rec_macro=0.7941 val_metric_name=acc val_metric=0.8332
Step 3150 | loss 0.0221 | val_acc=0.8342 val_loss=0.9612 val_f1_macro=0.7922 val_f1_weighted=0.8322 val_prec_macro=0.7941 val_rec_macro=0.7946 val_metric_name=acc val_metric=0.8342
Step 3200 | loss 0.0233 | val_acc=0.8351 val_loss=0.9638 val_f1_macro=0.7947 val_f1_weighted=0.8329 val_prec_macro=0.7959 val_rec_macro=0.7973 val_metric_name=acc val_metric=0.8351
Step 3250 | loss 0.0166 | val_acc=0.8367 val_loss=0.9616 val_f1_macro=0.7948 val_f1_weighted=0.8348 val_prec_macro=0.7963 val_rec_macro=0.7975 val_metric_name=acc val_metric=0.8367
Step 3300 | loss 0.0198 | val_acc=0.8358 val_loss=0.9681 val_f1_macro=0.7949 val_f1_weighted=0.8335 val_prec_macro=0.7973 val_rec_macro=0.7970 val_metric_name=acc val_metric=0.8358
Step 3350 | loss 0.0195 | val_acc=0.8362 val_loss=0.9787 val_f1_macro=0.7946 val_f1_weighted=0.8337 val_prec_macro=0.7962 val_rec_macro=0.7980 val_metric_name=acc val_metric=0.8362
Step 3400 | loss 0.0205 | val_acc=0.8358 val_loss=0.9745 val_f1_macro=0.7938 val_f1_weighted=0.8335 val_prec_macro=0.7965 val_rec_macro=0.7958 val_metric_name=acc val_metric=0.8358
Step 3450 | loss 0.0185 | val_acc=0.8351 val_loss=0.9861 val_f1_macro=0.7928 val_f1_weighted=0.8326 val_prec_macro=0.7971 val_rec_macro=0.7935 val_metric_name=acc val_metric=0.8351
Step 3500 | loss 0.0167 | val_acc=0.8346 val_loss=0.9835 val_f1_macro=0.7913 val_f1_weighted=0.8326 val_prec_macro=0.7918 val_rec_macro=0.7948 val_metric_name=acc val_metric=0.8346
Step 3550 | loss 0.0167 | val_acc=0.8346 val_loss=0.9864 val_f1_macro=0.7922 val_f1_weighted=0.8326 val_prec_macro=0.7934 val_rec_macro=0.7950 val_metric_name=acc val_metric=0.8346
Step 3600 | loss 0.0165 | val_acc=0.8381 val_loss=0.9857 val_f1_macro=0.7985 val_f1_weighted=0.8360 val_prec_macro=0.7994 val_rec_macro=0.8015 val_metric_name=acc val_metric=0.8381
Step 3650 | loss 0.0194 | val_acc=0.8367 val_loss=0.9943 val_f1_macro=0.7953 val_f1_weighted=0.8345 val_prec_macro=0.8002 val_rec_macro=0.7954 val_metric_name=acc val_metric=0.8367
Step 3700 | loss 0.0150 | val_acc=0.8364 val_loss=1.0040 val_f1_macro=0.7956 val_f1_weighted=0.8342 val_prec_macro=0.7968 val_rec_macro=0.7990 val_metric_name=acc val_metric=0.8364
Step 3750 | loss 0.0175 | val_acc=0.8380 val_loss=1.0064 val_f1_macro=0.7980 val_f1_weighted=0.8360 val_prec_macro=0.8018 val_rec_macro=0.7989 val_metric_name=acc val_metric=0.8380
Step 3800 | loss 0.0169 | val_acc=0.8369 val_loss=1.0082 val_f1_macro=0.7973 val_f1_weighted=0.8349 val_prec_macro=0.7993 val_rec_macro=0.7997 val_metric_name=acc val_metric=0.8369
Step 3850 | loss 0.0169 | val_acc=0.8381 val_loss=1.0002 val_f1_macro=0.7993 val_f1_weighted=0.8362 val_prec_macro=0.8019 val_rec_macro=0.8007 val_metric_name=acc val_metric=0.8381
Step 3900 | loss 0.0153 | val_acc=0.8385 val_loss=1.0087 val_f1_macro=0.7978 val_f1_weighted=0.8367 val_prec_macro=0.8006 val_rec_macro=0.7993 val_metric_name=acc val_metric=0.8385
Step 3950 | loss 0.0149 | val_acc=0.8392 val_loss=1.0178 val_f1_macro=0.7992 val_f1_weighted=0.8370 val_prec_macro=0.8015 val_rec_macro=0.8007 val_metric_name=acc val_metric=0.8392
Step 4000 | loss 0.0135 | val_acc=0.8378 val_loss=1.0316 val_f1_macro=0.7983 val_f1_weighted=0.8360 val_prec_macro=0.8015 val_rec_macro=0.7993 val_metric_name=acc val_metric=0.8378
Step 4050 | loss 0.0122 | val_acc=0.8364 val_loss=1.0283 val_f1_macro=0.7960 val_f1_weighted=0.8345 val_prec_macro=0.7984 val_rec_macro=0.7976 val_metric_name=acc val_metric=0.8364
Step 4100 | loss 0.0127 | val_acc=0.8383 val_loss=1.0298 val_f1_macro=0.7984 val_f1_weighted=0.8364 val_prec_macro=0.7996 val_rec_macro=0.8010 val_metric_name=acc val_metric=0.8383
Step 4150 | loss 0.0119 | val_acc=0.8381 val_loss=1.0379 val_f1_macro=0.7983 val_f1_weighted=0.8361 val_prec_macro=0.8021 val_rec_macro=0.7988 val_metric_name=acc val_metric=0.8381
Step 4200 | loss 0.0120 | val_acc=0.8376 val_loss=1.0412 val_f1_macro=0.7981 val_f1_weighted=0.8353 val_prec_macro=0.7988 val_rec_macro=0.8017 val_metric_name=acc val_metric=0.8376
Step 4250 | loss 0.0117 | val_acc=0.8401 val_loss=1.0391 val_f1_macro=0.7993 val_f1_weighted=0.8376 val_prec_macro=0.8001 val_rec_macro=0.8026 val_metric_name=acc val_metric=0.8401
Step 4300 | loss 0.0111 | val_acc=0.8387 val_loss=1.0495 val_f1_macro=0.7992 val_f1_weighted=0.8366 val_prec_macro=0.8023 val_rec_macro=0.8005 val_metric_name=acc val_metric=0.8387
Step 4350 | loss 0.0104 | val_acc=0.8378 val_loss=1.0463 val_f1_macro=0.7979 val_f1_weighted=0.8359 val_prec_macro=0.8006 val_rec_macro=0.7993 val_metric_name=acc val_metric=0.8378
Step 4400 | loss 0.0123 | val_acc=0.8383 val_loss=1.0536 val_f1_macro=0.7956 val_f1_weighted=0.8363 val_prec_macro=0.7963 val_rec_macro=0.7992 val_metric_name=acc val_metric=0.8383
Step 4450 | loss 0.0105 | val_acc=0.8408 val_loss=1.0574 val_f1_macro=0.7995 val_f1_weighted=0.8387 val_prec_macro=0.8027 val_rec_macro=0.8006 val_metric_name=acc val_metric=0.8408
Step 4500 | loss 0.0101 | val_acc=0.8394 val_loss=1.0662 val_f1_macro=0.7996 val_f1_weighted=0.8375 val_prec_macro=0.8013 val_rec_macro=0.8021 val_metric_name=acc val_metric=0.8394
Step 4550 | loss 0.0119 | val_acc=0.8365 val_loss=1.0667 val_f1_macro=0.7975 val_f1_weighted=0.8346 val_prec_macro=0.7995 val_rec_macro=0.7995 val_metric_name=acc val_metric=0.8365
Step 4600 | loss 0.0105 | val_acc=0.8394 val_loss=1.0709 val_f1_macro=0.7998 val_f1_weighted=0.8374 val_prec_macro=0.8017 val_rec_macro=0.8018 val_metric_name=acc val_metric=0.8394
Step 4650 | loss 0.0093 | val_acc=0.8383 val_loss=1.0712 val_f1_macro=0.7957 val_f1_weighted=0.8360 val_prec_macro=0.7979 val_rec_macro=0.7980 val_metric_name=acc val_metric=0.8383
Step 4700 | loss 0.0077 | val_acc=0.8397 val_loss=1.0677 val_f1_macro=0.8004 val_f1_weighted=0.8380 val_prec_macro=0.8020 val_rec_macro=0.8025 val_metric_name=acc val_metric=0.8397
Step 4750 | loss 0.0090 | val_acc=0.8383 val_loss=1.0725 val_f1_macro=0.7989 val_f1_weighted=0.8360 val_prec_macro=0.8019 val_rec_macro=0.8005 val_metric_name=acc val_metric=0.8383
Step 4800 | loss 0.0090 | val_acc=0.8381 val_loss=1.0789 val_f1_macro=0.7978 val_f1_weighted=0.8361 val_prec_macro=0.8006 val_rec_macro=0.7995 val_metric_name=acc val_metric=0.8381
Step 4850 | loss 0.0069 | val_acc=0.8395 val_loss=1.0817 val_f1_macro=0.7996 val_f1_weighted=0.8372 val_prec_macro=0.8017 val_rec_macro=0.8014 val_metric_name=acc val_metric=0.8395
Step 4900 | loss 0.0079 | val_acc=0.8395 val_loss=1.0856 val_f1_macro=0.7987 val_f1_weighted=0.8373 val_prec_macro=0.8010 val_rec_macro=0.8008 val_metric_name=acc val_metric=0.8395
Step 4950 | loss 0.0085 | val_acc=0.8406 val_loss=1.0835 val_f1_macro=0.8014 val_f1_weighted=0.8388 val_prec_macro=0.8052 val_rec_macro=0.8017 val_metric_name=acc val_metric=0.8406
Step 5000 | loss 0.0073 | val_acc=0.8394 val_loss=1.0883 val_f1_macro=0.7988 val_f1_weighted=0.8371 val_prec_macro=0.7996 val_rec_macro=0.8015 val_metric_name=acc val_metric=0.8394

--- Final (best ckpt @ step 4830) ---
  train_acc=1.0000 train_loss=0.0000 train_f1_macro=1.0000 train_f1_weighted=1.0000 train_prec_macro=1.0000 train_rec_macro=1.0000 train_metric_name=acc train_metric=1.0000
  val_acc=0.8417 val_loss=1.0766 val_f1_macro=0.8027 val_f1_weighted=0.8400 val_prec_macro=0.8039 val_rec_macro=0.8052 val_metric_name=acc val_metric=0.8417
  test_acc=0.8371 test_loss=1.0355 test_f1_macro=0.7968 test_f1_weighted=0.8360 test_prec_macro=0.7963 test_rec_macro=0.8003 test_metric_name=acc test_metric=0.8371
  test_acc=0.8371
  >> num_layers=5 hidden_dim=512 lr=3e-05 best_step=4830 val_acc=0.8417 test_acc=0.8371
     val_acc=0.8417 val_f1_macro=0.8027 val_f1_weighted=0.8400 val_loss=1.0766 val_metric=0.8417 val_metric_name=acc val_prec_macro=0.8039 val_rec_macro=0.8052
     test_acc=0.8371 test_f1_macro=0.7968 test_f1_weighted=0.8360 test_loss=1.0355 test_metric=0.8371 test_metric_name=acc test_prec_macro=0.7963 test_rec_macro=0.8003
  >> selected best (by val): num_layers=5 hidden_dim=512 lr=3e-05 val_acc=0.8417 test_acc=0.8371
     val_acc=0.8417 val_f1_macro=0.8027 val_f1_weighted=0.8400 val_loss=1.0766 val_metric=0.8417 val_metric_name=acc val_prec_macro=0.8039 val_rec_macro=0.8052
     test_acc=0.8371 test_f1_macro=0.7968 test_f1_weighted=0.8360 test_loss=1.0355 test_metric=0.8371 test_metric_name=acc test_prec_macro=0.7963 test_rec_macro=0.8003

Done. Results saved to /home/avshmelev/diploma_yandex_graphs/results2/roman_empire/base.csv, checkpoints in /home/avshmelev/diploma_yandex_graphs/all_checkpoints2/roman_empire/base/
