Loading data...

============================================================
Training roman-empire GCN 2L h=512 lr=3e-05 split=9
============================================================
Step    1 | loss 3.0686 | val_acc=0.0408 val_loss=2.9006 val_f1_macro=0.0197 val_f1_weighted=0.0241 val_prec_macro=0.0438 val_rec_macro=0.0468 val_metric_name=acc val_metric=0.0408
Step   50 | loss 1.9842 | val_acc=0.4102 val_loss=1.8663 val_f1_macro=0.2272 val_f1_weighted=0.3619 val_prec_macro=0.3756 val_rec_macro=0.2422 val_metric_name=acc val_metric=0.4102
Step  100 | loss 1.5736 | val_acc=0.5102 val_loss=1.5099 val_f1_macro=0.3838 val_f1_weighted=0.4762 val_prec_macro=0.4086 val_rec_macro=0.4011 val_metric_name=acc val_metric=0.5102
Step  150 | loss 1.3541 | val_acc=0.5573 val_loss=1.3436 val_f1_macro=0.4429 val_f1_weighted=0.5275 val_prec_macro=0.4565 val_rec_macro=0.4615 val_metric_name=acc val_metric=0.5573
Step  200 | loss 1.2032 | val_acc=0.5975 val_loss=1.2227 val_f1_macro=0.4958 val_f1_weighted=0.5726 val_prec_macro=0.5459 val_rec_macro=0.5088 val_metric_name=acc val_metric=0.5975
Step  250 | loss 1.0690 | val_acc=0.6297 val_loss=1.1344 val_f1_macro=0.5329 val_f1_weighted=0.6076 val_prec_macro=0.5654 val_rec_macro=0.5438 val_metric_name=acc val_metric=0.6297
Step  300 | loss 0.9604 | val_acc=0.6577 val_loss=1.0591 val_f1_macro=0.5740 val_f1_weighted=0.6403 val_prec_macro=0.6029 val_rec_macro=0.5783 val_metric_name=acc val_metric=0.6577
Step  350 | loss 0.8655 | val_acc=0.6761 val_loss=1.0051 val_f1_macro=0.5942 val_f1_weighted=0.6606 val_prec_macro=0.6230 val_rec_macro=0.5954 val_metric_name=acc val_metric=0.6761
Step  400 | loss 0.7877 | val_acc=0.6927 val_loss=0.9663 val_f1_macro=0.6188 val_f1_weighted=0.6800 val_prec_macro=0.6458 val_rec_macro=0.6198 val_metric_name=acc val_metric=0.6927
Step  450 | loss 0.7206 | val_acc=0.7029 val_loss=0.9409 val_f1_macro=0.6321 val_f1_weighted=0.6918 val_prec_macro=0.6518 val_rec_macro=0.6343 val_metric_name=acc val_metric=0.7029
Step  500 | loss 0.6510 | val_acc=0.7142 val_loss=0.9259 val_f1_macro=0.6446 val_f1_weighted=0.7035 val_prec_macro=0.6649 val_rec_macro=0.6456 val_metric_name=acc val_metric=0.7142
Step  550 | loss 0.5922 | val_acc=0.7172 val_loss=0.9192 val_f1_macro=0.6508 val_f1_weighted=0.7072 val_prec_macro=0.6678 val_rec_macro=0.6525 val_metric_name=acc val_metric=0.7172
Step  600 | loss 0.5364 | val_acc=0.7218 val_loss=0.9198 val_f1_macro=0.6574 val_f1_weighted=0.7130 val_prec_macro=0.6722 val_rec_macro=0.6598 val_metric_name=acc val_metric=0.7218
Step  650 | loss 0.4900 | val_acc=0.7253 val_loss=0.9288 val_f1_macro=0.6638 val_f1_weighted=0.7167 val_prec_macro=0.6770 val_rec_macro=0.6654 val_metric_name=acc val_metric=0.7253
Step  700 | loss 0.4500 | val_acc=0.7260 val_loss=0.9422 val_f1_macro=0.6618 val_f1_weighted=0.7168 val_prec_macro=0.6759 val_rec_macro=0.6630 val_metric_name=acc val_metric=0.7260
Step  750 | loss 0.4063 | val_acc=0.7255 val_loss=0.9590 val_f1_macro=0.6655 val_f1_weighted=0.7175 val_prec_macro=0.6762 val_rec_macro=0.6686 val_metric_name=acc val_metric=0.7255
Step  800 | loss 0.3746 | val_acc=0.7250 val_loss=0.9802 val_f1_macro=0.6628 val_f1_weighted=0.7171 val_prec_macro=0.6763 val_rec_macro=0.6638 val_metric_name=acc val_metric=0.7250
Step  850 | loss 0.3373 | val_acc=0.7244 val_loss=1.0048 val_f1_macro=0.6623 val_f1_weighted=0.7170 val_prec_macro=0.6716 val_rec_macro=0.6674 val_metric_name=acc val_metric=0.7244
Step  900 | loss 0.3116 | val_acc=0.7222 val_loss=1.0420 val_f1_macro=0.6591 val_f1_weighted=0.7127 val_prec_macro=0.6689 val_rec_macro=0.6636 val_metric_name=acc val_metric=0.7222
Step  950 | loss 0.2856 | val_acc=0.7209 val_loss=1.0637 val_f1_macro=0.6575 val_f1_weighted=0.7123 val_prec_macro=0.6677 val_rec_macro=0.6626 val_metric_name=acc val_metric=0.7209
Step 1000 | loss 0.2623 | val_acc=0.7218 val_loss=1.0956 val_f1_macro=0.6580 val_f1_weighted=0.7133 val_prec_macro=0.6671 val_rec_macro=0.6638 val_metric_name=acc val_metric=0.7218
Step 1050 | loss 0.2328 | val_acc=0.7184 val_loss=1.1104 val_f1_macro=0.6542 val_f1_weighted=0.7106 val_prec_macro=0.6626 val_rec_macro=0.6580 val_metric_name=acc val_metric=0.7184
Step 1100 | loss 0.2187 | val_acc=0.7192 val_loss=1.1426 val_f1_macro=0.6541 val_f1_weighted=0.7111 val_prec_macro=0.6625 val_rec_macro=0.6578 val_metric_name=acc val_metric=0.7192
Step 1150 | loss 0.2016 | val_acc=0.7204 val_loss=1.1659 val_f1_macro=0.6573 val_f1_weighted=0.7127 val_prec_macro=0.6664 val_rec_macro=0.6599 val_metric_name=acc val_metric=0.7204
Early stopping at step 1157

--- Final (best ckpt @ step 670) ---
  train_acc=0.9134 train_loss=0.2686 train_f1_macro=0.8960 train_f1_weighted=0.9124 train_prec_macro=0.9010 train_rec_macro=0.8944 train_metric_name=acc train_metric=0.9134
  val_acc=0.7287 val_loss=0.9256 val_f1_macro=0.6670 val_f1_weighted=0.7214 val_prec_macro=0.6790 val_rec_macro=0.6694 val_metric_name=acc val_metric=0.7287
  test_acc=0.7187 test_loss=0.9375 test_f1_macro=0.6460 test_f1_weighted=0.7121 test_prec_macro=0.6596 test_rec_macro=0.6510 test_metric_name=acc test_metric=0.7187
  test_acc=0.7187
  >> num_layers=2 hidden_dim=512 lr=3e-05 best_step=670 val_acc=0.7287 test_acc=0.7187
     val_acc=0.7287 val_f1_macro=0.6670 val_f1_weighted=0.7214 val_loss=0.9256 val_metric=0.7287 val_metric_name=acc val_prec_macro=0.6790 val_rec_macro=0.6694
     test_acc=0.7187 test_f1_macro=0.6460 test_f1_weighted=0.7121 test_loss=0.9375 test_metric=0.7187 test_metric_name=acc test_prec_macro=0.6596 test_rec_macro=0.6510
  >> selected best (by val): num_layers=2 hidden_dim=512 lr=3e-05 val_acc=0.7287 test_acc=0.7187
     val_acc=0.7287 val_f1_macro=0.6670 val_f1_weighted=0.7214 val_loss=0.9256 val_metric=0.7287 val_metric_name=acc val_prec_macro=0.6790 val_rec_macro=0.6694
     test_acc=0.7187 test_f1_macro=0.6460 test_f1_weighted=0.7121 test_loss=0.9375 test_metric=0.7187 test_metric_name=acc test_prec_macro=0.6596 test_rec_macro=0.6510

Done. Results saved to /home/avshmelev/diploma_yandex_graphs/results2/roman_empire/base.csv, checkpoints in /home/avshmelev/diploma_yandex_graphs/all_checkpoints2/roman_empire/base/
