Loading data...

============================================================
Training roman-empire GCN 5L h=512 lr=3e-05 split=6
============================================================
Step    1 | loss 2.9944 | val_acc=0.1686 val_loss=2.7216 val_f1_macro=0.0499 val_f1_weighted=0.1099 val_prec_macro=0.0464 val_rec_macro=0.0737 val_metric_name=acc val_metric=0.1686
Step   50 | loss 1.9222 | val_acc=0.4235 val_loss=1.7908 val_f1_macro=0.2677 val_f1_weighted=0.3834 val_prec_macro=0.2980 val_rec_macro=0.2852 val_metric_name=acc val_metric=0.4235
Step  100 | loss 1.4932 | val_acc=0.5564 val_loss=1.3847 val_f1_macro=0.4144 val_f1_weighted=0.5273 val_prec_macro=0.4319 val_rec_macro=0.4314 val_metric_name=acc val_metric=0.5564
Step  150 | loss 1.2301 | val_acc=0.6078 val_loss=1.2052 val_f1_macro=0.4992 val_f1_weighted=0.5908 val_prec_macro=0.5150 val_rec_macro=0.5076 val_metric_name=acc val_metric=0.6078
Step  200 | loss 1.0573 | val_acc=0.6427 val_loss=1.0995 val_f1_macro=0.5445 val_f1_weighted=0.6304 val_prec_macro=0.5532 val_rec_macro=0.5510 val_metric_name=acc val_metric=0.6427
Step  250 | loss 0.9110 | val_acc=0.6671 val_loss=1.0269 val_f1_macro=0.5769 val_f1_weighted=0.6596 val_prec_macro=0.5792 val_rec_macro=0.5833 val_metric_name=acc val_metric=0.6671
Step  300 | loss 0.7981 | val_acc=0.6842 val_loss=0.9759 val_f1_macro=0.6024 val_f1_weighted=0.6800 val_prec_macro=0.6053 val_rec_macro=0.6083 val_metric_name=acc val_metric=0.6842
Step  350 | loss 0.7012 | val_acc=0.6996 val_loss=0.9425 val_f1_macro=0.6217 val_f1_weighted=0.6945 val_prec_macro=0.6209 val_rec_macro=0.6304 val_metric_name=acc val_metric=0.6996
Step  400 | loss 0.6087 | val_acc=0.7089 val_loss=0.9265 val_f1_macro=0.6347 val_f1_weighted=0.7060 val_prec_macro=0.6339 val_rec_macro=0.6409 val_metric_name=acc val_metric=0.7089
Step  450 | loss 0.5382 | val_acc=0.7146 val_loss=0.9289 val_f1_macro=0.6448 val_f1_weighted=0.7128 val_prec_macro=0.6447 val_rec_macro=0.6498 val_metric_name=acc val_metric=0.7146
Step  500 | loss 0.4677 | val_acc=0.7197 val_loss=0.9380 val_f1_macro=0.6514 val_f1_weighted=0.7173 val_prec_macro=0.6461 val_rec_macro=0.6622 val_metric_name=acc val_metric=0.7197
Step  550 | loss 0.4209 | val_acc=0.7177 val_loss=0.9572 val_f1_macro=0.6571 val_f1_weighted=0.7150 val_prec_macro=0.6521 val_rec_macro=0.6678 val_metric_name=acc val_metric=0.7177
Step  600 | loss 0.3628 | val_acc=0.7176 val_loss=0.9800 val_f1_macro=0.6588 val_f1_weighted=0.7177 val_prec_macro=0.6577 val_rec_macro=0.6644 val_metric_name=acc val_metric=0.7176
Step  650 | loss 0.3198 | val_acc=0.7142 val_loss=1.0142 val_f1_macro=0.6527 val_f1_weighted=0.7129 val_prec_macro=0.6495 val_rec_macro=0.6617 val_metric_name=acc val_metric=0.7142
Step  700 | loss 0.2762 | val_acc=0.7177 val_loss=1.0403 val_f1_macro=0.6570 val_f1_weighted=0.7170 val_prec_macro=0.6539 val_rec_macro=0.6649 val_metric_name=acc val_metric=0.7177
Step  750 | loss 0.2502 | val_acc=0.7146 val_loss=1.0751 val_f1_macro=0.6536 val_f1_weighted=0.7134 val_prec_macro=0.6490 val_rec_macro=0.6622 val_metric_name=acc val_metric=0.7146
Step  800 | loss 0.2283 | val_acc=0.7153 val_loss=1.1040 val_f1_macro=0.6556 val_f1_weighted=0.7146 val_prec_macro=0.6500 val_rec_macro=0.6648 val_metric_name=acc val_metric=0.7153
Step  850 | loss 0.1975 | val_acc=0.7151 val_loss=1.1298 val_f1_macro=0.6551 val_f1_weighted=0.7148 val_prec_macro=0.6516 val_rec_macro=0.6619 val_metric_name=acc val_metric=0.7151
Step  900 | loss 0.1813 | val_acc=0.7154 val_loss=1.1579 val_f1_macro=0.6588 val_f1_weighted=0.7152 val_prec_macro=0.6529 val_rec_macro=0.6687 val_metric_name=acc val_metric=0.7154
Step  950 | loss 0.1572 | val_acc=0.7139 val_loss=1.1764 val_f1_macro=0.6561 val_f1_weighted=0.7134 val_prec_macro=0.6542 val_rec_macro=0.6615 val_metric_name=acc val_metric=0.7139
Early stopping at step 993

--- Final (best ckpt @ step 500) ---
  train_acc=0.9185 train_loss=0.2578 train_f1_macro=0.8984 train_f1_weighted=0.9185 train_prec_macro=0.8912 train_rec_macro=0.9082 train_metric_name=acc train_metric=0.9185
  val_acc=0.7197 val_loss=0.9380 val_f1_macro=0.6514 val_f1_weighted=0.7173 val_prec_macro=0.6461 val_rec_macro=0.6622 val_metric_name=acc val_metric=0.7197
  test_acc=0.7188 test_loss=0.8937 test_f1_macro=0.6610 test_f1_weighted=0.7184 test_prec_macro=0.6564 test_rec_macro=0.6727 test_metric_name=acc test_metric=0.7188
  test_acc=0.7188
  >> num_layers=5 hidden_dim=512 lr=3e-05 best_step=500 val_acc=0.7197 test_acc=0.7188
     val_acc=0.7197 val_f1_macro=0.6514 val_f1_weighted=0.7173 val_loss=0.9380 val_metric=0.7197 val_metric_name=acc val_prec_macro=0.6461 val_rec_macro=0.6622
     test_acc=0.7188 test_f1_macro=0.6610 test_f1_weighted=0.7184 test_loss=0.8937 test_metric=0.7188 test_metric_name=acc test_prec_macro=0.6564 test_rec_macro=0.6727
  >> selected best (by val): num_layers=5 hidden_dim=512 lr=3e-05 val_acc=0.7197 test_acc=0.7188
     val_acc=0.7197 val_f1_macro=0.6514 val_f1_weighted=0.7173 val_loss=0.9380 val_metric=0.7197 val_metric_name=acc val_prec_macro=0.6461 val_rec_macro=0.6622
     test_acc=0.7188 test_f1_macro=0.6610 test_f1_weighted=0.7184 test_loss=0.8937 test_metric=0.7188 test_metric_name=acc test_prec_macro=0.6564 test_rec_macro=0.6727

Done. Results saved to /home/avshmelev/diploma_yandex_graphs/results2/roman_empire/base.csv, checkpoints in /home/avshmelev/diploma_yandex_graphs/all_checkpoints2/roman_empire/base/
