Loading data...

============================================================
Training roman-empire GT-sep 3L h=512 lr=3e-05 split=3
============================================================
Step    1 | loss 3.0585 | val_acc=0.1513 val_loss=2.7389 val_f1_macro=0.0609 val_f1_weighted=0.1207 val_prec_macro=0.0796 val_rec_macro=0.0799 val_metric_name=acc val_metric=0.1513
Step   50 | loss 1.2130 | val_acc=0.6528 val_loss=1.1217 val_f1_macro=0.4877 val_f1_weighted=0.6126 val_prec_macro=0.5568 val_rec_macro=0.4943 val_metric_name=acc val_metric=0.6528
Step  100 | loss 0.8930 | val_acc=0.7232 val_loss=0.8586 val_f1_macro=0.5947 val_f1_weighted=0.7010 val_prec_macro=0.6355 val_rec_macro=0.6037 val_metric_name=acc val_metric=0.7232
Step  150 | loss 0.7288 | val_acc=0.7495 val_loss=0.7403 val_f1_macro=0.6511 val_f1_weighted=0.7358 val_prec_macro=0.6819 val_rec_macro=0.6527 val_metric_name=acc val_metric=0.7495
Step  200 | loss 0.6148 | val_acc=0.7820 val_loss=0.6680 val_f1_macro=0.7091 val_f1_weighted=0.7739 val_prec_macro=0.7238 val_rec_macro=0.7107 val_metric_name=acc val_metric=0.7820
Step  250 | loss 0.5243 | val_acc=0.8016 val_loss=0.6258 val_f1_macro=0.7387 val_f1_weighted=0.7967 val_prec_macro=0.7439 val_rec_macro=0.7424 val_metric_name=acc val_metric=0.8016
Step  300 | loss 0.4449 | val_acc=0.8159 val_loss=0.5965 val_f1_macro=0.7611 val_f1_weighted=0.8121 val_prec_macro=0.7633 val_rec_macro=0.7643 val_metric_name=acc val_metric=0.8159
Step  350 | loss 0.3817 | val_acc=0.8288 val_loss=0.5792 val_f1_macro=0.7792 val_f1_weighted=0.8257 val_prec_macro=0.7795 val_rec_macro=0.7829 val_metric_name=acc val_metric=0.8288
Step  400 | loss 0.3274 | val_acc=0.8364 val_loss=0.5724 val_f1_macro=0.7911 val_f1_weighted=0.8339 val_prec_macro=0.7898 val_rec_macro=0.7964 val_metric_name=acc val_metric=0.8364
Step  450 | loss 0.2770 | val_acc=0.8425 val_loss=0.5791 val_f1_macro=0.8011 val_f1_weighted=0.8409 val_prec_macro=0.7986 val_rec_macro=0.8069 val_metric_name=acc val_metric=0.8425
Step  500 | loss 0.2243 | val_acc=0.8450 val_loss=0.5949 val_f1_macro=0.8038 val_f1_weighted=0.8425 val_prec_macro=0.8032 val_rec_macro=0.8073 val_metric_name=acc val_metric=0.8450
Step  550 | loss 0.1951 | val_acc=0.8498 val_loss=0.6079 val_f1_macro=0.8108 val_f1_weighted=0.8483 val_prec_macro=0.8095 val_rec_macro=0.8144 val_metric_name=acc val_metric=0.8498
Step  600 | loss 0.1571 | val_acc=0.8498 val_loss=0.6265 val_f1_macro=0.8117 val_f1_weighted=0.8483 val_prec_macro=0.8099 val_rec_macro=0.8151 val_metric_name=acc val_metric=0.8498
Step  650 | loss 0.1335 | val_acc=0.8530 val_loss=0.6507 val_f1_macro=0.8158 val_f1_weighted=0.8514 val_prec_macro=0.8152 val_rec_macro=0.8183 val_metric_name=acc val_metric=0.8530
Step  700 | loss 0.1080 | val_acc=0.8528 val_loss=0.6727 val_f1_macro=0.8176 val_f1_weighted=0.8514 val_prec_macro=0.8175 val_rec_macro=0.8197 val_metric_name=acc val_metric=0.8528
Step  750 | loss 0.0941 | val_acc=0.8531 val_loss=0.6935 val_f1_macro=0.8176 val_f1_weighted=0.8518 val_prec_macro=0.8181 val_rec_macro=0.8188 val_metric_name=acc val_metric=0.8531
Step  800 | loss 0.0781 | val_acc=0.8537 val_loss=0.7106 val_f1_macro=0.8179 val_f1_weighted=0.8522 val_prec_macro=0.8181 val_rec_macro=0.8194 val_metric_name=acc val_metric=0.8537
Step  850 | loss 0.0683 | val_acc=0.8553 val_loss=0.7304 val_f1_macro=0.8205 val_f1_weighted=0.8537 val_prec_macro=0.8220 val_rec_macro=0.8204 val_metric_name=acc val_metric=0.8553
Step  900 | loss 0.0562 | val_acc=0.8577 val_loss=0.7515 val_f1_macro=0.8221 val_f1_weighted=0.8563 val_prec_macro=0.8226 val_rec_macro=0.8235 val_metric_name=acc val_metric=0.8577
Step  950 | loss 0.0526 | val_acc=0.8561 val_loss=0.7619 val_f1_macro=0.8203 val_f1_weighted=0.8547 val_prec_macro=0.8221 val_rec_macro=0.8200 val_metric_name=acc val_metric=0.8561
Step 1000 | loss 0.0432 | val_acc=0.8567 val_loss=0.7788 val_f1_macro=0.8193 val_f1_weighted=0.8550 val_prec_macro=0.8212 val_rec_macro=0.8197 val_metric_name=acc val_metric=0.8567
Step 1050 | loss 0.0396 | val_acc=0.8556 val_loss=0.7969 val_f1_macro=0.8199 val_f1_weighted=0.8539 val_prec_macro=0.8216 val_rec_macro=0.8205 val_metric_name=acc val_metric=0.8556
Step 1100 | loss 0.0398 | val_acc=0.8583 val_loss=0.8096 val_f1_macro=0.8220 val_f1_weighted=0.8567 val_prec_macro=0.8234 val_rec_macro=0.8224 val_metric_name=acc val_metric=0.8583
Step 1150 | loss 0.0336 | val_acc=0.8593 val_loss=0.8186 val_f1_macro=0.8241 val_f1_weighted=0.8580 val_prec_macro=0.8259 val_rec_macro=0.8246 val_metric_name=acc val_metric=0.8593
Step 1200 | loss 0.0261 | val_acc=0.8583 val_loss=0.8290 val_f1_macro=0.8233 val_f1_weighted=0.8565 val_prec_macro=0.8251 val_rec_macro=0.8236 val_metric_name=acc val_metric=0.8583
Step 1250 | loss 0.0277 | val_acc=0.8593 val_loss=0.8436 val_f1_macro=0.8233 val_f1_weighted=0.8578 val_prec_macro=0.8255 val_rec_macro=0.8234 val_metric_name=acc val_metric=0.8593
Step 1300 | loss 0.0247 | val_acc=0.8593 val_loss=0.8559 val_f1_macro=0.8247 val_f1_weighted=0.8578 val_prec_macro=0.8265 val_rec_macro=0.8249 val_metric_name=acc val_metric=0.8593
Step 1350 | loss 0.0225 | val_acc=0.8593 val_loss=0.8631 val_f1_macro=0.8228 val_f1_weighted=0.8576 val_prec_macro=0.8249 val_rec_macro=0.8224 val_metric_name=acc val_metric=0.8593
Step 1400 | loss 0.0211 | val_acc=0.8611 val_loss=0.8735 val_f1_macro=0.8268 val_f1_weighted=0.8594 val_prec_macro=0.8305 val_rec_macro=0.8252 val_metric_name=acc val_metric=0.8611
Step 1450 | loss 0.0173 | val_acc=0.8605 val_loss=0.8791 val_f1_macro=0.8257 val_f1_weighted=0.8589 val_prec_macro=0.8287 val_rec_macro=0.8244 val_metric_name=acc val_metric=0.8605
Step 1500 | loss 0.0172 | val_acc=0.8600 val_loss=0.8871 val_f1_macro=0.8260 val_f1_weighted=0.8586 val_prec_macro=0.8282 val_rec_macro=0.8255 val_metric_name=acc val_metric=0.8600
Step 1550 | loss 0.0174 | val_acc=0.8597 val_loss=0.8990 val_f1_macro=0.8252 val_f1_weighted=0.8584 val_prec_macro=0.8267 val_rec_macro=0.8252 val_metric_name=acc val_metric=0.8597
Step 1600 | loss 0.0157 | val_acc=0.8597 val_loss=0.9030 val_f1_macro=0.8241 val_f1_weighted=0.8582 val_prec_macro=0.8264 val_rec_macro=0.8239 val_metric_name=acc val_metric=0.8597
Step 1650 | loss 0.0148 | val_acc=0.8604 val_loss=0.9112 val_f1_macro=0.8251 val_f1_weighted=0.8589 val_prec_macro=0.8273 val_rec_macro=0.8249 val_metric_name=acc val_metric=0.8604
Step 1700 | loss 0.0147 | val_acc=0.8605 val_loss=0.9164 val_f1_macro=0.8251 val_f1_weighted=0.8592 val_prec_macro=0.8263 val_rec_macro=0.8256 val_metric_name=acc val_metric=0.8605
Step 1750 | loss 0.0121 | val_acc=0.8611 val_loss=0.9232 val_f1_macro=0.8255 val_f1_weighted=0.8596 val_prec_macro=0.8272 val_rec_macro=0.8253 val_metric_name=acc val_metric=0.8611
Step 1800 | loss 0.0105 | val_acc=0.8602 val_loss=0.9266 val_f1_macro=0.8248 val_f1_weighted=0.8587 val_prec_macro=0.8275 val_rec_macro=0.8239 val_metric_name=acc val_metric=0.8602
Step 1850 | loss 0.0084 | val_acc=0.8618 val_loss=0.9356 val_f1_macro=0.8271 val_f1_weighted=0.8602 val_prec_macro=0.8302 val_rec_macro=0.8256 val_metric_name=acc val_metric=0.8618
Step 1900 | loss 0.0098 | val_acc=0.8609 val_loss=0.9375 val_f1_macro=0.8265 val_f1_weighted=0.8593 val_prec_macro=0.8284 val_rec_macro=0.8261 val_metric_name=acc val_metric=0.8609
Step 1950 | loss 0.0096 | val_acc=0.8609 val_loss=0.9416 val_f1_macro=0.8261 val_f1_weighted=0.8592 val_prec_macro=0.8289 val_rec_macro=0.8252 val_metric_name=acc val_metric=0.8609
Step 2000 | loss 0.0110 | val_acc=0.8625 val_loss=0.9511 val_f1_macro=0.8268 val_f1_weighted=0.8609 val_prec_macro=0.8288 val_rec_macro=0.8268 val_metric_name=acc val_metric=0.8625
Step 2050 | loss 0.0085 | val_acc=0.8634 val_loss=0.9539 val_f1_macro=0.8290 val_f1_weighted=0.8616 val_prec_macro=0.8323 val_rec_macro=0.8273 val_metric_name=acc val_metric=0.8634
Step 2100 | loss 0.0082 | val_acc=0.8611 val_loss=0.9603 val_f1_macro=0.8259 val_f1_weighted=0.8597 val_prec_macro=0.8290 val_rec_macro=0.8246 val_metric_name=acc val_metric=0.8611
Step 2150 | loss 0.0088 | val_acc=0.8614 val_loss=0.9598 val_f1_macro=0.8260 val_f1_weighted=0.8599 val_prec_macro=0.8284 val_rec_macro=0.8252 val_metric_name=acc val_metric=0.8614
Step 2200 | loss 0.0084 | val_acc=0.8620 val_loss=0.9633 val_f1_macro=0.8274 val_f1_weighted=0.8605 val_prec_macro=0.8303 val_rec_macro=0.8262 val_metric_name=acc val_metric=0.8620
Step 2250 | loss 0.0073 | val_acc=0.8611 val_loss=0.9701 val_f1_macro=0.8252 val_f1_weighted=0.8594 val_prec_macro=0.8283 val_rec_macro=0.8240 val_metric_name=acc val_metric=0.8611
Step 2300 | loss 0.0072 | val_acc=0.8616 val_loss=0.9778 val_f1_macro=0.8259 val_f1_weighted=0.8602 val_prec_macro=0.8294 val_rec_macro=0.8243 val_metric_name=acc val_metric=0.8616
Step 2350 | loss 0.0078 | val_acc=0.8620 val_loss=0.9875 val_f1_macro=0.8252 val_f1_weighted=0.8604 val_prec_macro=0.8288 val_rec_macro=0.8238 val_metric_name=acc val_metric=0.8620
Step 2400 | loss 0.0058 | val_acc=0.8618 val_loss=0.9846 val_f1_macro=0.8260 val_f1_weighted=0.8603 val_prec_macro=0.8283 val_rec_macro=0.8257 val_metric_name=acc val_metric=0.8618
Step 2450 | loss 0.0077 | val_acc=0.8618 val_loss=0.9932 val_f1_macro=0.8266 val_f1_weighted=0.8600 val_prec_macro=0.8292 val_rec_macro=0.8263 val_metric_name=acc val_metric=0.8618
Step 2500 | loss 0.0052 | val_acc=0.8630 val_loss=0.9926 val_f1_macro=0.8270 val_f1_weighted=0.8613 val_prec_macro=0.8291 val_rec_macro=0.8269 val_metric_name=acc val_metric=0.8630
Step 2550 | loss 0.0059 | val_acc=0.8625 val_loss=0.9997 val_f1_macro=0.8266 val_f1_weighted=0.8610 val_prec_macro=0.8294 val_rec_macro=0.8258 val_metric_name=acc val_metric=0.8625
Step 2600 | loss 0.0068 | val_acc=0.8630 val_loss=1.0069 val_f1_macro=0.8267 val_f1_weighted=0.8614 val_prec_macro=0.8294 val_rec_macro=0.8266 val_metric_name=acc val_metric=0.8630
Step 2650 | loss 0.0051 | val_acc=0.8614 val_loss=1.0051 val_f1_macro=0.8254 val_f1_weighted=0.8599 val_prec_macro=0.8271 val_rec_macro=0.8257 val_metric_name=acc val_metric=0.8614
Step 2700 | loss 0.0051 | val_acc=0.8632 val_loss=1.0037 val_f1_macro=0.8266 val_f1_weighted=0.8615 val_prec_macro=0.8301 val_rec_macro=0.8256 val_metric_name=acc val_metric=0.8632
Step 2750 | loss 0.0043 | val_acc=0.8623 val_loss=1.0084 val_f1_macro=0.8259 val_f1_weighted=0.8605 val_prec_macro=0.8309 val_rec_macro=0.8232 val_metric_name=acc val_metric=0.8623
Step 2800 | loss 0.0047 | val_acc=0.8648 val_loss=1.0120 val_f1_macro=0.8287 val_f1_weighted=0.8629 val_prec_macro=0.8319 val_rec_macro=0.8279 val_metric_name=acc val_metric=0.8648
Step 2850 | loss 0.0038 | val_acc=0.8637 val_loss=1.0116 val_f1_macro=0.8266 val_f1_weighted=0.8619 val_prec_macro=0.8306 val_rec_macro=0.8247 val_metric_name=acc val_metric=0.8637
Step 2900 | loss 0.0036 | val_acc=0.8630 val_loss=1.0188 val_f1_macro=0.8263 val_f1_weighted=0.8613 val_prec_macro=0.8298 val_rec_macro=0.8248 val_metric_name=acc val_metric=0.8630
Step 2950 | loss 0.0046 | val_acc=0.8634 val_loss=1.0177 val_f1_macro=0.8273 val_f1_weighted=0.8617 val_prec_macro=0.8318 val_rec_macro=0.8250 val_metric_name=acc val_metric=0.8634
Step 3000 | loss 0.0041 | val_acc=0.8639 val_loss=1.0189 val_f1_macro=0.8278 val_f1_weighted=0.8623 val_prec_macro=0.8308 val_rec_macro=0.8274 val_metric_name=acc val_metric=0.8639
Step 3050 | loss 0.0039 | val_acc=0.8641 val_loss=1.0322 val_f1_macro=0.8268 val_f1_weighted=0.8620 val_prec_macro=0.8303 val_rec_macro=0.8259 val_metric_name=acc val_metric=0.8641
Step 3100 | loss 0.0042 | val_acc=0.8634 val_loss=1.0320 val_f1_macro=0.8274 val_f1_weighted=0.8617 val_prec_macro=0.8309 val_rec_macro=0.8262 val_metric_name=acc val_metric=0.8634
Step 3150 | loss 0.0054 | val_acc=0.8644 val_loss=1.0362 val_f1_macro=0.8278 val_f1_weighted=0.8625 val_prec_macro=0.8314 val_rec_macro=0.8262 val_metric_name=acc val_metric=0.8644
Step 3200 | loss 0.0040 | val_acc=0.8639 val_loss=1.0419 val_f1_macro=0.8274 val_f1_weighted=0.8621 val_prec_macro=0.8294 val_rec_macro=0.8276 val_metric_name=acc val_metric=0.8639
Step 3250 | loss 0.0032 | val_acc=0.8628 val_loss=1.0440 val_f1_macro=0.8257 val_f1_weighted=0.8610 val_prec_macro=0.8292 val_rec_macro=0.8243 val_metric_name=acc val_metric=0.8628
Step 3300 | loss 0.0026 | val_acc=0.8632 val_loss=1.0399 val_f1_macro=0.8251 val_f1_weighted=0.8612 val_prec_macro=0.8286 val_rec_macro=0.8244 val_metric_name=acc val_metric=0.8632
Step 3350 | loss 0.0036 | val_acc=0.8644 val_loss=1.0398 val_f1_macro=0.8275 val_f1_weighted=0.8629 val_prec_macro=0.8325 val_rec_macro=0.8246 val_metric_name=acc val_metric=0.8644
Step 3400 | loss 0.0034 | val_acc=0.8655 val_loss=1.0521 val_f1_macro=0.8301 val_f1_weighted=0.8641 val_prec_macro=0.8344 val_rec_macro=0.8277 val_metric_name=acc val_metric=0.8655
Step 3450 | loss 0.0030 | val_acc=0.8628 val_loss=1.0545 val_f1_macro=0.8257 val_f1_weighted=0.8613 val_prec_macro=0.8290 val_rec_macro=0.8252 val_metric_name=acc val_metric=0.8628
Step 3500 | loss 0.0027 | val_acc=0.8648 val_loss=1.0622 val_f1_macro=0.8271 val_f1_weighted=0.8629 val_prec_macro=0.8317 val_rec_macro=0.8262 val_metric_name=acc val_metric=0.8648
Step 3550 | loss 0.0032 | val_acc=0.8657 val_loss=1.0571 val_f1_macro=0.8291 val_f1_weighted=0.8642 val_prec_macro=0.8314 val_rec_macro=0.8287 val_metric_name=acc val_metric=0.8657
Step 3600 | loss 0.0033 | val_acc=0.8644 val_loss=1.0676 val_f1_macro=0.8262 val_f1_weighted=0.8628 val_prec_macro=0.8296 val_rec_macro=0.8253 val_metric_name=acc val_metric=0.8644
Step 3650 | loss 0.0024 | val_acc=0.8637 val_loss=1.0728 val_f1_macro=0.8269 val_f1_weighted=0.8620 val_prec_macro=0.8299 val_rec_macro=0.8262 val_metric_name=acc val_metric=0.8637
Step 3700 | loss 0.0026 | val_acc=0.8648 val_loss=1.0801 val_f1_macro=0.8279 val_f1_weighted=0.8631 val_prec_macro=0.8310 val_rec_macro=0.8269 val_metric_name=acc val_metric=0.8648
Step 3750 | loss 0.0027 | val_acc=0.8639 val_loss=1.0696 val_f1_macro=0.8257 val_f1_weighted=0.8623 val_prec_macro=0.8274 val_rec_macro=0.8262 val_metric_name=acc val_metric=0.8639
Step 3800 | loss 0.0016 | val_acc=0.8651 val_loss=1.0754 val_f1_macro=0.8270 val_f1_weighted=0.8633 val_prec_macro=0.8321 val_rec_macro=0.8247 val_metric_name=acc val_metric=0.8651
Step 3850 | loss 0.0037 | val_acc=0.8653 val_loss=1.0805 val_f1_macro=0.8278 val_f1_weighted=0.8635 val_prec_macro=0.8320 val_rec_macro=0.8257 val_metric_name=acc val_metric=0.8653
Step 3900 | loss 0.0032 | val_acc=0.8632 val_loss=1.0808 val_f1_macro=0.8268 val_f1_weighted=0.8615 val_prec_macro=0.8304 val_rec_macro=0.8251 val_metric_name=acc val_metric=0.8632
Step 3950 | loss 0.0032 | val_acc=0.8623 val_loss=1.0908 val_f1_macro=0.8245 val_f1_weighted=0.8605 val_prec_macro=0.8271 val_rec_macro=0.8243 val_metric_name=acc val_metric=0.8623
Step 4000 | loss 0.0023 | val_acc=0.8651 val_loss=1.0786 val_f1_macro=0.8288 val_f1_weighted=0.8635 val_prec_macro=0.8326 val_rec_macro=0.8275 val_metric_name=acc val_metric=0.8651
Step 4050 | loss 0.0017 | val_acc=0.8637 val_loss=1.0942 val_f1_macro=0.8253 val_f1_weighted=0.8622 val_prec_macro=0.8290 val_rec_macro=0.8244 val_metric_name=acc val_metric=0.8637
Step 4100 | loss 0.0021 | val_acc=0.8634 val_loss=1.0900 val_f1_macro=0.8263 val_f1_weighted=0.8620 val_prec_macro=0.8294 val_rec_macro=0.8248 val_metric_name=acc val_metric=0.8634
Early stopping at step 4135

--- Final (best ckpt @ step 3790) ---
  train_acc=1.0000 train_loss=0.0000 train_f1_macro=1.0000 train_f1_weighted=1.0000 train_prec_macro=1.0000 train_rec_macro=1.0000 train_metric_name=acc train_metric=1.0000
  val_acc=0.8658 val_loss=1.0727 val_f1_macro=0.8287 val_f1_weighted=0.8643 val_prec_macro=0.8326 val_rec_macro=0.8272 val_metric_name=acc val_metric=0.8658
  test_acc=0.8615 test_loss=1.0677 test_f1_macro=0.8295 test_f1_weighted=0.8596 test_prec_macro=0.8324 test_rec_macro=0.8285 test_metric_name=acc test_metric=0.8615
  test_acc=0.8615
  >> num_layers=3 hidden_dim=512 lr=3e-05 best_step=3790 val_acc=0.8658 test_acc=0.8615
     val_acc=0.8658 val_f1_macro=0.8287 val_f1_weighted=0.8643 val_loss=1.0727 val_metric=0.8658 val_metric_name=acc val_prec_macro=0.8326 val_rec_macro=0.8272
     test_acc=0.8615 test_f1_macro=0.8295 test_f1_weighted=0.8596 test_loss=1.0677 test_metric=0.8615 test_metric_name=acc test_prec_macro=0.8324 test_rec_macro=0.8285
  >> selected best (by val): num_layers=3 hidden_dim=512 lr=3e-05 val_acc=0.8658 test_acc=0.8615
     val_acc=0.8658 val_f1_macro=0.8287 val_f1_weighted=0.8643 val_loss=1.0727 val_metric=0.8658 val_metric_name=acc val_prec_macro=0.8326 val_rec_macro=0.8272
     test_acc=0.8615 test_f1_macro=0.8295 test_f1_weighted=0.8596 test_loss=1.0677 test_metric=0.8615 test_metric_name=acc test_prec_macro=0.8324 test_rec_macro=0.8285

Done. Results saved to /home/avshmelev/diploma_yandex_graphs/results2/roman_empire/base.csv, checkpoints in /home/avshmelev/diploma_yandex_graphs/all_checkpoints2/roman_empire/base/
