Loading data...

============================================================
Training roman-empire GT 5L h=512 lr=3e-05 split=2
============================================================
Step    1 | loss 3.1198 | val_acc=0.1732 val_loss=2.7622 val_f1_macro=0.0333 val_f1_weighted=0.0712 val_prec_macro=0.0453 val_rec_macro=0.0784 val_metric_name=acc val_metric=0.1732
Step   50 | loss 1.1883 | val_acc=0.6690 val_loss=1.0851 val_f1_macro=0.5066 val_f1_weighted=0.6320 val_prec_macro=0.5432 val_rec_macro=0.5192 val_metric_name=acc val_metric=0.6690
Step  100 | loss 0.8387 | val_acc=0.7370 val_loss=0.7976 val_f1_macro=0.6239 val_f1_weighted=0.7188 val_prec_macro=0.6697 val_rec_macro=0.6302 val_metric_name=acc val_metric=0.7370
Step  150 | loss 0.6610 | val_acc=0.7756 val_loss=0.6934 val_f1_macro=0.7121 val_f1_weighted=0.7676 val_prec_macro=0.7278 val_rec_macro=0.7158 val_metric_name=acc val_metric=0.7756
Step  200 | loss 0.5525 | val_acc=0.7996 val_loss=0.6294 val_f1_macro=0.7478 val_f1_weighted=0.7942 val_prec_macro=0.7495 val_rec_macro=0.7547 val_metric_name=acc val_metric=0.7996
Step  250 | loss 0.4548 | val_acc=0.8157 val_loss=0.5888 val_f1_macro=0.7698 val_f1_weighted=0.8111 val_prec_macro=0.7694 val_rec_macro=0.7766 val_metric_name=acc val_metric=0.8157
Step  300 | loss 0.3934 | val_acc=0.8277 val_loss=0.5551 val_f1_macro=0.7864 val_f1_weighted=0.8242 val_prec_macro=0.7855 val_rec_macro=0.7920 val_metric_name=acc val_metric=0.8277
Step  350 | loss 0.3211 | val_acc=0.8410 val_loss=0.5349 val_f1_macro=0.8001 val_f1_weighted=0.8380 val_prec_macro=0.8026 val_rec_macro=0.8006 val_metric_name=acc val_metric=0.8410
Step  400 | loss 0.2710 | val_acc=0.8482 val_loss=0.5348 val_f1_macro=0.8073 val_f1_weighted=0.8456 val_prec_macro=0.8074 val_rec_macro=0.8103 val_metric_name=acc val_metric=0.8482
Step  450 | loss 0.2216 | val_acc=0.8533 val_loss=0.5356 val_f1_macro=0.8152 val_f1_weighted=0.8514 val_prec_macro=0.8182 val_rec_macro=0.8157 val_metric_name=acc val_metric=0.8533
Step  500 | loss 0.1709 | val_acc=0.8584 val_loss=0.5450 val_f1_macro=0.8239 val_f1_weighted=0.8569 val_prec_macro=0.8270 val_rec_macro=0.8235 val_metric_name=acc val_metric=0.8584
Step  550 | loss 0.1518 | val_acc=0.8604 val_loss=0.5579 val_f1_macro=0.8247 val_f1_weighted=0.8591 val_prec_macro=0.8259 val_rec_macro=0.8255 val_metric_name=acc val_metric=0.8604
Step  600 | loss 0.1200 | val_acc=0.8621 val_loss=0.5768 val_f1_macro=0.8280 val_f1_weighted=0.8605 val_prec_macro=0.8327 val_rec_macro=0.8264 val_metric_name=acc val_metric=0.8621
Step  650 | loss 0.1019 | val_acc=0.8621 val_loss=0.5946 val_f1_macro=0.8270 val_f1_weighted=0.8607 val_prec_macro=0.8299 val_rec_macro=0.8264 val_metric_name=acc val_metric=0.8621
Step  700 | loss 0.0833 | val_acc=0.8653 val_loss=0.6143 val_f1_macro=0.8321 val_f1_weighted=0.8638 val_prec_macro=0.8364 val_rec_macro=0.8300 val_metric_name=acc val_metric=0.8653
Step  750 | loss 0.0698 | val_acc=0.8667 val_loss=0.6254 val_f1_macro=0.8334 val_f1_weighted=0.8654 val_prec_macro=0.8357 val_rec_macro=0.8325 val_metric_name=acc val_metric=0.8667
Step  800 | loss 0.0584 | val_acc=0.8658 val_loss=0.6458 val_f1_macro=0.8299 val_f1_weighted=0.8636 val_prec_macro=0.8339 val_rec_macro=0.8281 val_metric_name=acc val_metric=0.8658
Step  850 | loss 0.0484 | val_acc=0.8674 val_loss=0.6551 val_f1_macro=0.8324 val_f1_weighted=0.8654 val_prec_macro=0.8379 val_rec_macro=0.8286 val_metric_name=acc val_metric=0.8674
Step  900 | loss 0.0447 | val_acc=0.8688 val_loss=0.6722 val_f1_macro=0.8374 val_f1_weighted=0.8668 val_prec_macro=0.8393 val_rec_macro=0.8372 val_metric_name=acc val_metric=0.8688
Step  950 | loss 0.0367 | val_acc=0.8708 val_loss=0.6831 val_f1_macro=0.8371 val_f1_weighted=0.8685 val_prec_macro=0.8430 val_rec_macro=0.8333 val_metric_name=acc val_metric=0.8708
Step 1000 | loss 0.0318 | val_acc=0.8685 val_loss=0.7050 val_f1_macro=0.8348 val_f1_weighted=0.8663 val_prec_macro=0.8375 val_rec_macro=0.8338 val_metric_name=acc val_metric=0.8685
Step 1050 | loss 0.0284 | val_acc=0.8706 val_loss=0.7108 val_f1_macro=0.8387 val_f1_weighted=0.8688 val_prec_macro=0.8404 val_rec_macro=0.8386 val_metric_name=acc val_metric=0.8706
Step 1100 | loss 0.0268 | val_acc=0.8715 val_loss=0.7231 val_f1_macro=0.8393 val_f1_weighted=0.8692 val_prec_macro=0.8416 val_rec_macro=0.8389 val_metric_name=acc val_metric=0.8715
Step 1150 | loss 0.0226 | val_acc=0.8724 val_loss=0.7329 val_f1_macro=0.8403 val_f1_weighted=0.8703 val_prec_macro=0.8413 val_rec_macro=0.8408 val_metric_name=acc val_metric=0.8724
Step 1200 | loss 0.0219 | val_acc=0.8727 val_loss=0.7423 val_f1_macro=0.8407 val_f1_weighted=0.8708 val_prec_macro=0.8424 val_rec_macro=0.8405 val_metric_name=acc val_metric=0.8727
Step 1250 | loss 0.0193 | val_acc=0.8717 val_loss=0.7482 val_f1_macro=0.8413 val_f1_weighted=0.8696 val_prec_macro=0.8433 val_rec_macro=0.8406 val_metric_name=acc val_metric=0.8717
Step 1300 | loss 0.0184 | val_acc=0.8731 val_loss=0.7520 val_f1_macro=0.8428 val_f1_weighted=0.8711 val_prec_macro=0.8443 val_rec_macro=0.8426 val_metric_name=acc val_metric=0.8731
Step 1350 | loss 0.0162 | val_acc=0.8748 val_loss=0.7602 val_f1_macro=0.8461 val_f1_weighted=0.8730 val_prec_macro=0.8472 val_rec_macro=0.8459 val_metric_name=acc val_metric=0.8748
Step 1400 | loss 0.0135 | val_acc=0.8743 val_loss=0.7693 val_f1_macro=0.8430 val_f1_weighted=0.8725 val_prec_macro=0.8440 val_rec_macro=0.8430 val_metric_name=acc val_metric=0.8743
Step 1450 | loss 0.0153 | val_acc=0.8740 val_loss=0.7743 val_f1_macro=0.8440 val_f1_weighted=0.8722 val_prec_macro=0.8457 val_rec_macro=0.8436 val_metric_name=acc val_metric=0.8740
Step 1500 | loss 0.0123 | val_acc=0.8745 val_loss=0.7832 val_f1_macro=0.8438 val_f1_weighted=0.8727 val_prec_macro=0.8443 val_rec_macro=0.8446 val_metric_name=acc val_metric=0.8745
Step 1550 | loss 0.0096 | val_acc=0.8736 val_loss=0.7900 val_f1_macro=0.8438 val_f1_weighted=0.8715 val_prec_macro=0.8456 val_rec_macro=0.8434 val_metric_name=acc val_metric=0.8736
Step 1600 | loss 0.0112 | val_acc=0.8747 val_loss=0.7981 val_f1_macro=0.8454 val_f1_weighted=0.8723 val_prec_macro=0.8495 val_rec_macro=0.8431 val_metric_name=acc val_metric=0.8747
Step 1650 | loss 0.0106 | val_acc=0.8757 val_loss=0.8061 val_f1_macro=0.8461 val_f1_weighted=0.8737 val_prec_macro=0.8493 val_rec_macro=0.8445 val_metric_name=acc val_metric=0.8757
Step 1700 | loss 0.0100 | val_acc=0.8766 val_loss=0.8110 val_f1_macro=0.8464 val_f1_weighted=0.8748 val_prec_macro=0.8489 val_rec_macro=0.8452 val_metric_name=acc val_metric=0.8766
Step 1750 | loss 0.0080 | val_acc=0.8759 val_loss=0.8121 val_f1_macro=0.8472 val_f1_weighted=0.8743 val_prec_macro=0.8493 val_rec_macro=0.8461 val_metric_name=acc val_metric=0.8759
Step 1800 | loss 0.0083 | val_acc=0.8750 val_loss=0.8196 val_f1_macro=0.8459 val_f1_weighted=0.8726 val_prec_macro=0.8493 val_rec_macro=0.8446 val_metric_name=acc val_metric=0.8750
Step 1850 | loss 0.0073 | val_acc=0.8759 val_loss=0.8225 val_f1_macro=0.8473 val_f1_weighted=0.8740 val_prec_macro=0.8495 val_rec_macro=0.8465 val_metric_name=acc val_metric=0.8759
Step 1900 | loss 0.0060 | val_acc=0.8752 val_loss=0.8292 val_f1_macro=0.8466 val_f1_weighted=0.8734 val_prec_macro=0.8486 val_rec_macro=0.8460 val_metric_name=acc val_metric=0.8752
Step 1950 | loss 0.0075 | val_acc=0.8770 val_loss=0.8329 val_f1_macro=0.8481 val_f1_weighted=0.8753 val_prec_macro=0.8493 val_rec_macro=0.8481 val_metric_name=acc val_metric=0.8770
Step 2000 | loss 0.0077 | val_acc=0.8770 val_loss=0.8295 val_f1_macro=0.8485 val_f1_weighted=0.8752 val_prec_macro=0.8503 val_rec_macro=0.8480 val_metric_name=acc val_metric=0.8770
Step 2050 | loss 0.0062 | val_acc=0.8768 val_loss=0.8394 val_f1_macro=0.8481 val_f1_weighted=0.8750 val_prec_macro=0.8489 val_rec_macro=0.8485 val_metric_name=acc val_metric=0.8768
Step 2100 | loss 0.0066 | val_acc=0.8738 val_loss=0.8470 val_f1_macro=0.8443 val_f1_weighted=0.8720 val_prec_macro=0.8453 val_rec_macro=0.8443 val_metric_name=acc val_metric=0.8738
Step 2150 | loss 0.0061 | val_acc=0.8752 val_loss=0.8502 val_f1_macro=0.8448 val_f1_weighted=0.8732 val_prec_macro=0.8463 val_rec_macro=0.8445 val_metric_name=acc val_metric=0.8752
Step 2200 | loss 0.0056 | val_acc=0.8759 val_loss=0.8539 val_f1_macro=0.8467 val_f1_weighted=0.8740 val_prec_macro=0.8480 val_rec_macro=0.8465 val_metric_name=acc val_metric=0.8759
Step 2250 | loss 0.0050 | val_acc=0.8752 val_loss=0.8605 val_f1_macro=0.8464 val_f1_weighted=0.8733 val_prec_macro=0.8479 val_rec_macro=0.8459 val_metric_name=acc val_metric=0.8752
Step 2300 | loss 0.0050 | val_acc=0.8759 val_loss=0.8575 val_f1_macro=0.8473 val_f1_weighted=0.8744 val_prec_macro=0.8484 val_rec_macro=0.8472 val_metric_name=acc val_metric=0.8759
Step 2350 | loss 0.0039 | val_acc=0.8761 val_loss=0.8689 val_f1_macro=0.8467 val_f1_weighted=0.8742 val_prec_macro=0.8476 val_rec_macro=0.8471 val_metric_name=acc val_metric=0.8761
Early stopping at step 2360

--- Final (best ckpt @ step 2060) ---
  train_acc=1.0000 train_loss=0.0001 train_f1_macro=1.0000 train_f1_weighted=1.0000 train_prec_macro=1.0000 train_rec_macro=1.0000 train_metric_name=acc train_metric=1.0000
  val_acc=0.8782 val_loss=0.8390 val_f1_macro=0.8497 val_f1_weighted=0.8765 val_prec_macro=0.8515 val_rec_macro=0.8491 val_metric_name=acc val_metric=0.8782
  test_acc=0.8780 test_loss=0.7571 test_f1_macro=0.8470 test_f1_weighted=0.8762 test_prec_macro=0.8485 test_rec_macro=0.8475 test_metric_name=acc test_metric=0.8780
  test_acc=0.8780
  >> num_layers=5 hidden_dim=512 lr=3e-05 best_step=2060 val_acc=0.8782 test_acc=0.8780
     val_acc=0.8782 val_f1_macro=0.8497 val_f1_weighted=0.8765 val_loss=0.8390 val_metric=0.8782 val_metric_name=acc val_prec_macro=0.8515 val_rec_macro=0.8491
     test_acc=0.8780 test_f1_macro=0.8470 test_f1_weighted=0.8762 test_loss=0.7571 test_metric=0.8780 test_metric_name=acc test_prec_macro=0.8485 test_rec_macro=0.8475
  >> selected best (by val): num_layers=5 hidden_dim=512 lr=3e-05 val_acc=0.8782 test_acc=0.8780
     val_acc=0.8782 val_f1_macro=0.8497 val_f1_weighted=0.8765 val_loss=0.8390 val_metric=0.8782 val_metric_name=acc val_prec_macro=0.8515 val_rec_macro=0.8491
     test_acc=0.8780 test_f1_macro=0.8470 test_f1_weighted=0.8762 test_loss=0.7571 test_metric=0.8780 test_metric_name=acc test_prec_macro=0.8485 test_rec_macro=0.8475

Done. Results saved to /home/avshmelev/diploma_yandex_graphs/results2/roman_empire/base.csv, checkpoints in /home/avshmelev/diploma_yandex_graphs/all_checkpoints2/roman_empire/base/
