Loading data...

============================================================
Training roman-empire ResNet 5L h=512 lr=3e-05 split=4
============================================================
Step    1 | loss 3.1949 | val_acc=0.0835 val_loss=3.0582 val_f1_macro=0.0220 val_f1_weighted=0.0366 val_prec_macro=0.0212 val_rec_macro=0.0453 val_metric_name=acc val_metric=0.0835
Step   50 | loss 1.5960 | val_acc=0.5520 val_loss=1.4521 val_f1_macro=0.3307 val_f1_weighted=0.4771 val_prec_macro=0.4722 val_rec_macro=0.3626 val_metric_name=acc val_metric=0.5520
Step  100 | loss 1.2582 | val_acc=0.6219 val_loss=1.2266 val_f1_macro=0.4422 val_f1_weighted=0.5626 val_prec_macro=0.4773 val_rec_macro=0.4714 val_metric_name=acc val_metric=0.6219
Step  150 | loss 1.1288 | val_acc=0.6422 val_loss=1.1574 val_f1_macro=0.4647 val_f1_weighted=0.5891 val_prec_macro=0.5512 val_rec_macro=0.4914 val_metric_name=acc val_metric=0.6422
Step  200 | loss 1.0596 | val_acc=0.6480 val_loss=1.1187 val_f1_macro=0.4918 val_f1_weighted=0.6060 val_prec_macro=0.5444 val_rec_macro=0.5099 val_metric_name=acc val_metric=0.6480
Step  250 | loss 0.9979 | val_acc=0.6505 val_loss=1.0967 val_f1_macro=0.5100 val_f1_weighted=0.6168 val_prec_macro=0.5367 val_rec_macro=0.5276 val_metric_name=acc val_metric=0.6505
Step  300 | loss 0.9636 | val_acc=0.6553 val_loss=1.0849 val_f1_macro=0.5237 val_f1_weighted=0.6259 val_prec_macro=0.5473 val_rec_macro=0.5395 val_metric_name=acc val_metric=0.6553
Step  350 | loss 0.9266 | val_acc=0.6570 val_loss=1.0816 val_f1_macro=0.5281 val_f1_weighted=0.6293 val_prec_macro=0.5452 val_rec_macro=0.5445 val_metric_name=acc val_metric=0.6570
Step  400 | loss 0.9000 | val_acc=0.6591 val_loss=1.0833 val_f1_macro=0.5356 val_f1_weighted=0.6335 val_prec_macro=0.5535 val_rec_macro=0.5492 val_metric_name=acc val_metric=0.6591
Step  450 | loss 0.8671 | val_acc=0.6583 val_loss=1.0895 val_f1_macro=0.5368 val_f1_weighted=0.6337 val_prec_macro=0.5499 val_rec_macro=0.5511 val_metric_name=acc val_metric=0.6583
Step  500 | loss 0.8391 | val_acc=0.6588 val_loss=1.0979 val_f1_macro=0.5377 val_f1_weighted=0.6350 val_prec_macro=0.5607 val_rec_macro=0.5518 val_metric_name=acc val_metric=0.6588
Step  550 | loss 0.8220 | val_acc=0.6568 val_loss=1.1144 val_f1_macro=0.5376 val_f1_weighted=0.6345 val_prec_macro=0.5521 val_rec_macro=0.5525 val_metric_name=acc val_metric=0.6568
Step  600 | loss 0.7921 | val_acc=0.6561 val_loss=1.1302 val_f1_macro=0.5392 val_f1_weighted=0.6348 val_prec_macro=0.5508 val_rec_macro=0.5525 val_metric_name=acc val_metric=0.6561
Step  650 | loss 0.7586 | val_acc=0.6542 val_loss=1.1542 val_f1_macro=0.5435 val_f1_weighted=0.6353 val_prec_macro=0.5511 val_rec_macro=0.5578 val_metric_name=acc val_metric=0.6542
Step  700 | loss 0.7333 | val_acc=0.6517 val_loss=1.1795 val_f1_macro=0.5428 val_f1_weighted=0.6339 val_prec_macro=0.5491 val_rec_macro=0.5579 val_metric_name=acc val_metric=0.6517
Step  750 | loss 0.7035 | val_acc=0.6517 val_loss=1.2041 val_f1_macro=0.5435 val_f1_weighted=0.6348 val_prec_macro=0.5498 val_rec_macro=0.5573 val_metric_name=acc val_metric=0.6517
Early stopping at step 795

--- Final (best ckpt @ step 460) ---
  train_acc=0.7253 train_loss=0.7921 train_f1_macro=0.6155 train_f1_weighted=0.7064 train_prec_macro=0.6789 train_rec_macro=0.6205 train_metric_name=acc train_metric=0.7253
  val_acc=0.6593 val_loss=1.0906 val_f1_macro=0.5376 val_f1_weighted=0.6349 val_prec_macro=0.5497 val_rec_macro=0.5524 val_metric_name=acc val_metric=0.6593
  test_acc=0.6567 test_loss=1.1100 test_f1_macro=0.5417 test_f1_weighted=0.6349 test_prec_macro=0.5654 test_rec_macro=0.5558 test_metric_name=acc test_metric=0.6567
  test_acc=0.6567
  >> num_layers=5 hidden_dim=512 lr=3e-05 best_step=460 val_acc=0.6593 test_acc=0.6567
     val_acc=0.6593 val_f1_macro=0.5376 val_f1_weighted=0.6349 val_loss=1.0906 val_metric=0.6593 val_metric_name=acc val_prec_macro=0.5497 val_rec_macro=0.5524
     test_acc=0.6567 test_f1_macro=0.5417 test_f1_weighted=0.6349 test_loss=1.1100 test_metric=0.6567 test_metric_name=acc test_prec_macro=0.5654 test_rec_macro=0.5558
  >> selected best (by val): num_layers=5 hidden_dim=512 lr=3e-05 val_acc=0.6593 test_acc=0.6567
     val_acc=0.6593 val_f1_macro=0.5376 val_f1_weighted=0.6349 val_loss=1.0906 val_metric=0.6593 val_metric_name=acc val_prec_macro=0.5497 val_rec_macro=0.5524
     test_acc=0.6567 test_f1_macro=0.5417 test_f1_weighted=0.6349 test_loss=1.1100 test_metric=0.6567 test_metric_name=acc test_prec_macro=0.5654 test_rec_macro=0.5558

Done. Results saved to /home/avshmelev/diploma_yandex_graphs/results2/roman_empire/base.csv, checkpoints in /home/avshmelev/diploma_yandex_graphs/all_checkpoints2/roman_empire/base/
