Loading data...

============================================================
Training roman-empire TAG 1L h=512 lr=3e-05 split=5
============================================================
Step    1 | loss 3.0341 | val_acc=0.1010 val_loss=2.8315 val_f1_macro=0.0527 val_f1_weighted=0.0944 val_prec_macro=0.0872 val_rec_macro=0.0598 val_metric_name=acc val_metric=0.1010
Step   50 | loss 1.4948 | val_acc=0.5801 val_loss=1.3437 val_f1_macro=0.3645 val_f1_weighted=0.5284 val_prec_macro=0.4944 val_rec_macro=0.3635 val_metric_name=acc val_metric=0.5801
Step  100 | loss 1.0730 | val_acc=0.6867 val_loss=0.9803 val_f1_macro=0.5410 val_f1_weighted=0.6555 val_prec_macro=0.6288 val_rec_macro=0.5400 val_metric_name=acc val_metric=0.6867
Step  150 | loss 0.8737 | val_acc=0.7223 val_loss=0.8353 val_f1_macro=0.6113 val_f1_weighted=0.7026 val_prec_macro=0.7138 val_rec_macro=0.6053 val_metric_name=acc val_metric=0.7223
Step  200 | loss 0.7451 | val_acc=0.7437 val_loss=0.7618 val_f1_macro=0.6512 val_f1_weighted=0.7295 val_prec_macro=0.7085 val_rec_macro=0.6420 val_metric_name=acc val_metric=0.7437
Step  250 | loss 0.6576 | val_acc=0.7610 val_loss=0.7176 val_f1_macro=0.6825 val_f1_weighted=0.7501 val_prec_macro=0.7223 val_rec_macro=0.6744 val_metric_name=acc val_metric=0.7610
Step  300 | loss 0.5909 | val_acc=0.7741 val_loss=0.6897 val_f1_macro=0.7073 val_f1_weighted=0.7658 val_prec_macro=0.7389 val_rec_macro=0.6982 val_metric_name=acc val_metric=0.7741
Step  350 | loss 0.5242 | val_acc=0.7809 val_loss=0.6708 val_f1_macro=0.7215 val_f1_weighted=0.7741 val_prec_macro=0.7504 val_rec_macro=0.7102 val_metric_name=acc val_metric=0.7809
Step  400 | loss 0.4679 | val_acc=0.7891 val_loss=0.6560 val_f1_macro=0.7332 val_f1_weighted=0.7838 val_prec_macro=0.7553 val_rec_macro=0.7228 val_metric_name=acc val_metric=0.7891
Step  450 | loss 0.4192 | val_acc=0.7935 val_loss=0.6486 val_f1_macro=0.7389 val_f1_weighted=0.7885 val_prec_macro=0.7607 val_rec_macro=0.7282 val_metric_name=acc val_metric=0.7935
Step  500 | loss 0.3734 | val_acc=0.7975 val_loss=0.6425 val_f1_macro=0.7452 val_f1_weighted=0.7933 val_prec_macro=0.7668 val_rec_macro=0.7337 val_metric_name=acc val_metric=0.7975
Step  550 | loss 0.3227 | val_acc=0.8019 val_loss=0.6429 val_f1_macro=0.7490 val_f1_weighted=0.7980 val_prec_macro=0.7664 val_rec_macro=0.7386 val_metric_name=acc val_metric=0.8019
Step  600 | loss 0.2793 | val_acc=0.8044 val_loss=0.6482 val_f1_macro=0.7539 val_f1_weighted=0.8007 val_prec_macro=0.7695 val_rec_macro=0.7450 val_metric_name=acc val_metric=0.8044
Step  650 | loss 0.2443 | val_acc=0.8076 val_loss=0.6566 val_f1_macro=0.7581 val_f1_weighted=0.8040 val_prec_macro=0.7745 val_rec_macro=0.7479 val_metric_name=acc val_metric=0.8076
Step  700 | loss 0.2047 | val_acc=0.8083 val_loss=0.6687 val_f1_macro=0.7601 val_f1_weighted=0.8049 val_prec_macro=0.7738 val_rec_macro=0.7516 val_metric_name=acc val_metric=0.8083
Step  750 | loss 0.1776 | val_acc=0.8108 val_loss=0.6850 val_f1_macro=0.7618 val_f1_weighted=0.8073 val_prec_macro=0.7774 val_rec_macro=0.7519 val_metric_name=acc val_metric=0.8108
Step  800 | loss 0.1473 | val_acc=0.8097 val_loss=0.7023 val_f1_macro=0.7623 val_f1_weighted=0.8069 val_prec_macro=0.7786 val_rec_macro=0.7515 val_metric_name=acc val_metric=0.8097
Step  850 | loss 0.1327 | val_acc=0.8092 val_loss=0.7227 val_f1_macro=0.7620 val_f1_weighted=0.8062 val_prec_macro=0.7762 val_rec_macro=0.7523 val_metric_name=acc val_metric=0.8092
Step  900 | loss 0.1105 | val_acc=0.8115 val_loss=0.7405 val_f1_macro=0.7650 val_f1_weighted=0.8083 val_prec_macro=0.7794 val_rec_macro=0.7554 val_metric_name=acc val_metric=0.8115
Step  950 | loss 0.0944 | val_acc=0.8101 val_loss=0.7587 val_f1_macro=0.7624 val_f1_weighted=0.8073 val_prec_macro=0.7759 val_rec_macro=0.7533 val_metric_name=acc val_metric=0.8101
Step 1000 | loss 0.0823 | val_acc=0.8113 val_loss=0.7778 val_f1_macro=0.7649 val_f1_weighted=0.8086 val_prec_macro=0.7812 val_rec_macro=0.7537 val_metric_name=acc val_metric=0.8113
Step 1050 | loss 0.0713 | val_acc=0.8108 val_loss=0.7983 val_f1_macro=0.7632 val_f1_weighted=0.8079 val_prec_macro=0.7779 val_rec_macro=0.7532 val_metric_name=acc val_metric=0.8108
Step 1100 | loss 0.0643 | val_acc=0.8097 val_loss=0.8140 val_f1_macro=0.7620 val_f1_weighted=0.8069 val_prec_macro=0.7770 val_rec_macro=0.7513 val_metric_name=acc val_metric=0.8097
Step 1150 | loss 0.0529 | val_acc=0.8113 val_loss=0.8326 val_f1_macro=0.7622 val_f1_weighted=0.8081 val_prec_macro=0.7768 val_rec_macro=0.7526 val_metric_name=acc val_metric=0.8113
Step 1200 | loss 0.0477 | val_acc=0.8109 val_loss=0.8449 val_f1_macro=0.7620 val_f1_weighted=0.8076 val_prec_macro=0.7771 val_rec_macro=0.7521 val_metric_name=acc val_metric=0.8109
Step 1250 | loss 0.0428 | val_acc=0.8111 val_loss=0.8598 val_f1_macro=0.7627 val_f1_weighted=0.8079 val_prec_macro=0.7782 val_rec_macro=0.7526 val_metric_name=acc val_metric=0.8111
Step 1300 | loss 0.0378 | val_acc=0.8115 val_loss=0.8773 val_f1_macro=0.7632 val_f1_weighted=0.8084 val_prec_macro=0.7791 val_rec_macro=0.7531 val_metric_name=acc val_metric=0.8115
Step 1350 | loss 0.0355 | val_acc=0.8127 val_loss=0.8920 val_f1_macro=0.7646 val_f1_weighted=0.8097 val_prec_macro=0.7802 val_rec_macro=0.7550 val_metric_name=acc val_metric=0.8127
Step 1400 | loss 0.0311 | val_acc=0.8120 val_loss=0.9030 val_f1_macro=0.7647 val_f1_weighted=0.8087 val_prec_macro=0.7792 val_rec_macro=0.7555 val_metric_name=acc val_metric=0.8120
Step 1450 | loss 0.0273 | val_acc=0.8124 val_loss=0.9137 val_f1_macro=0.7644 val_f1_weighted=0.8089 val_prec_macro=0.7798 val_rec_macro=0.7544 val_metric_name=acc val_metric=0.8124
Step 1500 | loss 0.0265 | val_acc=0.8120 val_loss=0.9283 val_f1_macro=0.7638 val_f1_weighted=0.8084 val_prec_macro=0.7801 val_rec_macro=0.7536 val_metric_name=acc val_metric=0.8120
Step 1550 | loss 0.0243 | val_acc=0.8139 val_loss=0.9371 val_f1_macro=0.7669 val_f1_weighted=0.8108 val_prec_macro=0.7815 val_rec_macro=0.7571 val_metric_name=acc val_metric=0.8139
Step 1600 | loss 0.0217 | val_acc=0.8127 val_loss=0.9508 val_f1_macro=0.7658 val_f1_weighted=0.8094 val_prec_macro=0.7811 val_rec_macro=0.7554 val_metric_name=acc val_metric=0.8127
Step 1650 | loss 0.0203 | val_acc=0.8141 val_loss=0.9603 val_f1_macro=0.7673 val_f1_weighted=0.8108 val_prec_macro=0.7824 val_rec_macro=0.7571 val_metric_name=acc val_metric=0.8141
Step 1700 | loss 0.0177 | val_acc=0.8120 val_loss=0.9697 val_f1_macro=0.7643 val_f1_weighted=0.8089 val_prec_macro=0.7784 val_rec_macro=0.7547 val_metric_name=acc val_metric=0.8120
Step 1750 | loss 0.0165 | val_acc=0.8132 val_loss=0.9793 val_f1_macro=0.7655 val_f1_weighted=0.8101 val_prec_macro=0.7791 val_rec_macro=0.7563 val_metric_name=acc val_metric=0.8132
Step 1800 | loss 0.0164 | val_acc=0.8147 val_loss=0.9913 val_f1_macro=0.7662 val_f1_weighted=0.8112 val_prec_macro=0.7812 val_rec_macro=0.7564 val_metric_name=acc val_metric=0.8147
Step 1850 | loss 0.0160 | val_acc=0.8138 val_loss=0.9994 val_f1_macro=0.7667 val_f1_weighted=0.8107 val_prec_macro=0.7810 val_rec_macro=0.7574 val_metric_name=acc val_metric=0.8138
Step 1900 | loss 0.0128 | val_acc=0.8147 val_loss=1.0114 val_f1_macro=0.7680 val_f1_weighted=0.8112 val_prec_macro=0.7832 val_rec_macro=0.7576 val_metric_name=acc val_metric=0.8147
Step 1950 | loss 0.0138 | val_acc=0.8147 val_loss=1.0201 val_f1_macro=0.7660 val_f1_weighted=0.8114 val_prec_macro=0.7810 val_rec_macro=0.7562 val_metric_name=acc val_metric=0.8147
Step 2000 | loss 0.0118 | val_acc=0.8147 val_loss=1.0263 val_f1_macro=0.7678 val_f1_weighted=0.8116 val_prec_macro=0.7820 val_rec_macro=0.7582 val_metric_name=acc val_metric=0.8147
Step 2050 | loss 0.0115 | val_acc=0.8138 val_loss=1.0339 val_f1_macro=0.7664 val_f1_weighted=0.8105 val_prec_macro=0.7800 val_rec_macro=0.7576 val_metric_name=acc val_metric=0.8138
Step 2100 | loss 0.0122 | val_acc=0.8139 val_loss=1.0434 val_f1_macro=0.7666 val_f1_weighted=0.8108 val_prec_macro=0.7799 val_rec_macro=0.7580 val_metric_name=acc val_metric=0.8139
Step 2150 | loss 0.0107 | val_acc=0.8152 val_loss=1.0493 val_f1_macro=0.7673 val_f1_weighted=0.8120 val_prec_macro=0.7823 val_rec_macro=0.7566 val_metric_name=acc val_metric=0.8152
Step 2200 | loss 0.0097 | val_acc=0.8157 val_loss=1.0577 val_f1_macro=0.7688 val_f1_weighted=0.8124 val_prec_macro=0.7835 val_rec_macro=0.7591 val_metric_name=acc val_metric=0.8157
Step 2250 | loss 0.0098 | val_acc=0.8147 val_loss=1.0695 val_f1_macro=0.7667 val_f1_weighted=0.8113 val_prec_macro=0.7794 val_rec_macro=0.7584 val_metric_name=acc val_metric=0.8147
Step 2300 | loss 0.0089 | val_acc=0.8138 val_loss=1.0726 val_f1_macro=0.7657 val_f1_weighted=0.8106 val_prec_macro=0.7791 val_rec_macro=0.7566 val_metric_name=acc val_metric=0.8138
Step 2350 | loss 0.0090 | val_acc=0.8148 val_loss=1.0781 val_f1_macro=0.7677 val_f1_weighted=0.8117 val_prec_macro=0.7802 val_rec_macro=0.7594 val_metric_name=acc val_metric=0.8148
Early stopping at step 2387

--- Final (best ckpt @ step 1990) ---
  train_acc=0.9997 train_loss=0.0009 train_f1_macro=0.9997 train_f1_weighted=0.9997 train_prec_macro=0.9999 train_rec_macro=0.9995 train_metric_name=acc train_metric=0.9997
  val_acc=0.8161 val_loss=1.0240 val_f1_macro=0.7686 val_f1_weighted=0.8129 val_prec_macro=0.7827 val_rec_macro=0.7592 val_metric_name=acc val_metric=0.8161
  test_acc=0.8262 test_loss=0.9579 test_f1_macro=0.7714 test_f1_weighted=0.8232 test_prec_macro=0.7851 test_rec_macro=0.7631 test_metric_name=acc test_metric=0.8262
  test_acc=0.8262
  >> num_layers=1 hidden_dim=512 lr=3e-05 best_step=1990 val_acc=0.8161 test_acc=0.8262
     val_acc=0.8161 val_f1_macro=0.7686 val_f1_weighted=0.8129 val_loss=1.0240 val_metric=0.8161 val_metric_name=acc val_prec_macro=0.7827 val_rec_macro=0.7592
     test_acc=0.8262 test_f1_macro=0.7714 test_f1_weighted=0.8232 test_loss=0.9579 test_metric=0.8262 test_metric_name=acc test_prec_macro=0.7851 test_rec_macro=0.7631
  >> selected best (by val): num_layers=1 hidden_dim=512 lr=3e-05 val_acc=0.8161 test_acc=0.8262
     val_acc=0.8161 val_f1_macro=0.7686 val_f1_weighted=0.8129 val_loss=1.0240 val_metric=0.8161 val_metric_name=acc val_prec_macro=0.7827 val_rec_macro=0.7592
     test_acc=0.8262 test_f1_macro=0.7714 test_f1_weighted=0.8232 test_loss=0.9579 test_metric=0.8262 test_metric_name=acc test_prec_macro=0.7851 test_rec_macro=0.7631

Done. Results saved to /home/avshmelev/diploma_yandex_graphs/results2/roman_empire/base.csv, checkpoints in /home/avshmelev/diploma_yandex_graphs/all_checkpoints2/roman_empire/base/
