Loading data...

============================================================
Training roman-empire ResNet 4L h=256 lr=3e-05 split=5
============================================================
Training for 5000 steps
Step    1 | loss 2.9599 | val_acc=0.0930 val_loss=2.8242 val_f1_macro=0.0275 val_f1_weighted=0.0394 val_prec_macro=0.1024 val_rec_macro=0.0614 val_metric_name=acc val_metric=0.0930
Step   50 | loss 2.0240 | val_acc=0.4653 val_loss=1.8144 val_f1_macro=0.2050 val_f1_weighted=0.3744 val_prec_macro=0.1949 val_rec_macro=0.2449 val_metric_name=acc val_metric=0.4653
Step  100 | loss 1.6584 | val_acc=0.5419 val_loss=1.4639 val_f1_macro=0.3132 val_f1_weighted=0.4714 val_prec_macro=0.3878 val_rec_macro=0.3271 val_metric_name=acc val_metric=0.5419
Step  150 | loss 1.4544 | val_acc=0.5917 val_loss=1.2757 val_f1_macro=0.4185 val_f1_weighted=0.5311 val_prec_macro=0.4776 val_rec_macro=0.4525 val_metric_name=acc val_metric=0.5917
Step  200 | loss 1.3212 | val_acc=0.6201 val_loss=1.1882 val_f1_macro=0.4486 val_f1_weighted=0.5596 val_prec_macro=0.4671 val_rec_macro=0.4916 val_metric_name=acc val_metric=0.6201
Step  250 | loss 1.2347 | val_acc=0.6327 val_loss=1.1441 val_f1_macro=0.4624 val_f1_weighted=0.5746 val_prec_macro=0.4718 val_rec_macro=0.5068 val_metric_name=acc val_metric=0.6327
Step  300 | loss 1.1758 | val_acc=0.6395 val_loss=1.1187 val_f1_macro=0.4750 val_f1_weighted=0.5855 val_prec_macro=0.5163 val_rec_macro=0.5167 val_metric_name=acc val_metric=0.6395
Step  350 | loss 1.1217 | val_acc=0.6434 val_loss=1.1007 val_f1_macro=0.4836 val_f1_weighted=0.5917 val_prec_macro=0.5224 val_rec_macro=0.5265 val_metric_name=acc val_metric=0.6434
Step  400 | loss 1.0995 | val_acc=0.6459 val_loss=1.0849 val_f1_macro=0.4906 val_f1_weighted=0.5976 val_prec_macro=0.5201 val_rec_macro=0.5305 val_metric_name=acc val_metric=0.6459
Step  450 | loss 1.0658 | val_acc=0.6459 val_loss=1.0753 val_f1_macro=0.4960 val_f1_weighted=0.6013 val_prec_macro=0.5218 val_rec_macro=0.5343 val_metric_name=acc val_metric=0.6459
Step  500 | loss 1.0385 | val_acc=0.6517 val_loss=1.0666 val_f1_macro=0.5098 val_f1_weighted=0.6111 val_prec_macro=0.5326 val_rec_macro=0.5444 val_metric_name=acc val_metric=0.6517
Step  550 | loss 1.0142 | val_acc=0.6538 val_loss=1.0612 val_f1_macro=0.5134 val_f1_weighted=0.6151 val_prec_macro=0.5330 val_rec_macro=0.5476 val_metric_name=acc val_metric=0.6538
Step  600 | loss 0.9961 | val_acc=0.6554 val_loss=1.0563 val_f1_macro=0.5190 val_f1_weighted=0.6190 val_prec_macro=0.5363 val_rec_macro=0.5516 val_metric_name=acc val_metric=0.6554
Step  650 | loss 0.9717 | val_acc=0.6558 val_loss=1.0540 val_f1_macro=0.5217 val_f1_weighted=0.6216 val_prec_macro=0.5330 val_rec_macro=0.5544 val_metric_name=acc val_metric=0.6558
Step  700 | loss 0.9581 | val_acc=0.6568 val_loss=1.0530 val_f1_macro=0.5248 val_f1_weighted=0.6250 val_prec_macro=0.5322 val_rec_macro=0.5573 val_metric_name=acc val_metric=0.6568
Step  750 | loss 0.9393 | val_acc=0.6575 val_loss=1.0527 val_f1_macro=0.5276 val_f1_weighted=0.6278 val_prec_macro=0.5320 val_rec_macro=0.5594 val_metric_name=acc val_metric=0.6575
Step  800 | loss 0.9244 | val_acc=0.6574 val_loss=1.0547 val_f1_macro=0.5284 val_f1_weighted=0.6286 val_prec_macro=0.5309 val_rec_macro=0.5605 val_metric_name=acc val_metric=0.6574
Step  850 | loss 0.9091 | val_acc=0.6549 val_loss=1.0570 val_f1_macro=0.5306 val_f1_weighted=0.6289 val_prec_macro=0.5304 val_rec_macro=0.5619 val_metric_name=acc val_metric=0.6549
Step  900 | loss 0.9010 | val_acc=0.6549 val_loss=1.0615 val_f1_macro=0.5327 val_f1_weighted=0.6290 val_prec_macro=0.5504 val_rec_macro=0.5635 val_metric_name=acc val_metric=0.6549
Step  950 | loss 0.8755 | val_acc=0.6547 val_loss=1.0666 val_f1_macro=0.5349 val_f1_weighted=0.6308 val_prec_macro=0.5515 val_rec_macro=0.5652 val_metric_name=acc val_metric=0.6547
Step 1000 | loss 0.8689 | val_acc=0.6538 val_loss=1.0709 val_f1_macro=0.5350 val_f1_weighted=0.6302 val_prec_macro=0.5410 val_rec_macro=0.5661 val_metric_name=acc val_metric=0.6538
Early stopping at step 1046

--- Final (best ckpt @ step 730) ---
  train_acc=0.6955 train_loss=0.8769 train_f1_macro=0.5800 train_f1_weighted=0.6699 train_prec_macro=0.6183 train_rec_macro=0.6013 train_metric_name=acc train_metric=0.6955
  val_acc=0.6579 val_loss=1.0533 val_f1_macro=0.5268 val_f1_weighted=0.6275 val_prec_macro=0.5319 val_rec_macro=0.5590 val_metric_name=acc val_metric=0.6579
  test_acc=0.6597 test_loss=1.0287 test_f1_macro=0.5323 test_f1_weighted=0.6298 test_prec_macro=0.5444 test_rec_macro=0.5647 test_metric_name=acc test_metric=0.6597
  test_acc=0.6597

============================================================
Training roman-empire ResNet 4L h=256 lr=6e-05 split=5
============================================================
Training for 5000 steps
Step    1 | loss 2.9599 | val_acc=0.0943 val_loss=2.7480 val_f1_macro=0.0270 val_f1_weighted=0.0402 val_prec_macro=0.0800 val_rec_macro=0.0585 val_metric_name=acc val_metric=0.0943
Step   50 | loss 1.6980 | val_acc=0.5347 val_loss=1.5150 val_f1_macro=0.3062 val_f1_weighted=0.4640 val_prec_macro=0.3895 val_rec_macro=0.3200 val_metric_name=acc val_metric=0.5347
Step  100 | loss 1.3467 | val_acc=0.6108 val_loss=1.2099 val_f1_macro=0.4386 val_f1_weighted=0.5496 val_prec_macro=0.4448 val_rec_macro=0.4809 val_metric_name=acc val_metric=0.6108
Step  150 | loss 1.1896 | val_acc=0.6383 val_loss=1.1265 val_f1_macro=0.4706 val_f1_weighted=0.5819 val_prec_macro=0.4993 val_rec_macro=0.5137 val_metric_name=acc val_metric=0.6383
Step  200 | loss 1.1077 | val_acc=0.6443 val_loss=1.0902 val_f1_macro=0.4876 val_f1_weighted=0.5945 val_prec_macro=0.5176 val_rec_macro=0.5284 val_metric_name=acc val_metric=0.6443
Step  250 | loss 1.0482 | val_acc=0.6489 val_loss=1.0692 val_f1_macro=0.5027 val_f1_weighted=0.6068 val_prec_macro=0.5274 val_rec_macro=0.5392 val_metric_name=acc val_metric=0.6489
Step  300 | loss 1.0042 | val_acc=0.6538 val_loss=1.0578 val_f1_macro=0.5145 val_f1_weighted=0.6158 val_prec_macro=0.5309 val_rec_macro=0.5488 val_metric_name=acc val_metric=0.6538
Step  350 | loss 0.9611 | val_acc=0.6568 val_loss=1.0528 val_f1_macro=0.5245 val_f1_weighted=0.6243 val_prec_macro=0.5328 val_rec_macro=0.5567 val_metric_name=acc val_metric=0.6568
Step  400 | loss 0.9409 | val_acc=0.6572 val_loss=1.0525 val_f1_macro=0.5278 val_f1_weighted=0.6279 val_prec_macro=0.5318 val_rec_macro=0.5596 val_metric_name=acc val_metric=0.6572
Step  450 | loss 0.9075 | val_acc=0.6560 val_loss=1.0559 val_f1_macro=0.5297 val_f1_weighted=0.6292 val_prec_macro=0.5303 val_rec_macro=0.5609 val_metric_name=acc val_metric=0.6560
Step  500 | loss 0.8745 | val_acc=0.6549 val_loss=1.0656 val_f1_macro=0.5350 val_f1_weighted=0.6311 val_prec_macro=0.5509 val_rec_macro=0.5655 val_metric_name=acc val_metric=0.6549
Step  550 | loss 0.8518 | val_acc=0.6528 val_loss=1.0777 val_f1_macro=0.5354 val_f1_weighted=0.6307 val_prec_macro=0.5400 val_rec_macro=0.5656 val_metric_name=acc val_metric=0.6528
Step  600 | loss 0.8290 | val_acc=0.6500 val_loss=1.0929 val_f1_macro=0.5370 val_f1_weighted=0.6302 val_prec_macro=0.5383 val_rec_macro=0.5673 val_metric_name=acc val_metric=0.6500
Step  650 | loss 0.8005 | val_acc=0.6494 val_loss=1.1106 val_f1_macro=0.5381 val_f1_weighted=0.6307 val_prec_macro=0.5392 val_rec_macro=0.5679 val_metric_name=acc val_metric=0.6494
Early stopping at step 697

--- Final (best ckpt @ step 390) ---
  train_acc=0.6957 train_loss=0.8723 train_f1_macro=0.5815 train_f1_weighted=0.6709 train_prec_macro=0.6170 train_rec_macro=0.6024 train_metric_name=acc train_metric=0.6957
  val_acc=0.6574 val_loss=1.0514 val_f1_macro=0.5278 val_f1_weighted=0.6280 val_prec_macro=0.5324 val_rec_macro=0.5593 val_metric_name=acc val_metric=0.6574
  test_acc=0.6603 test_loss=1.0271 test_f1_macro=0.5345 test_f1_weighted=0.6316 test_prec_macro=0.5447 test_rec_macro=0.5663 test_metric_name=acc test_metric=0.6603
  test_acc=0.6603

============================================================
Training roman-empire ResNet 4L h=256 lr=0.0001 split=5
============================================================
Training for 5000 steps
Step    1 | loss 2.9599 | val_acc=0.1732 val_loss=2.6551 val_f1_macro=0.0648 val_f1_weighted=0.1257 val_prec_macro=0.1068 val_rec_macro=0.0924 val_metric_name=acc val_metric=0.1732
Step   50 | loss 1.4788 | val_acc=0.5862 val_loss=1.3067 val_f1_macro=0.3971 val_f1_weighted=0.5213 val_prec_macro=0.4265 val_rec_macro=0.4187 val_metric_name=acc val_metric=0.5862
Step  100 | loss 1.1722 | val_acc=0.6422 val_loss=1.1213 val_f1_macro=0.4768 val_f1_weighted=0.5907 val_prec_macro=0.5135 val_rec_macro=0.5184 val_metric_name=acc val_metric=0.6422
Step  150 | loss 1.0615 | val_acc=0.6471 val_loss=1.0732 val_f1_macro=0.4986 val_f1_weighted=0.6034 val_prec_macro=0.5235 val_rec_macro=0.5358 val_metric_name=acc val_metric=0.6471
Step  200 | loss 0.9922 | val_acc=0.6553 val_loss=1.0542 val_f1_macro=0.5179 val_f1_weighted=0.6188 val_prec_macro=0.5334 val_rec_macro=0.5514 val_metric_name=acc val_metric=0.6553
Step  250 | loss 0.9374 | val_acc=0.6558 val_loss=1.0509 val_f1_macro=0.5267 val_f1_weighted=0.6258 val_prec_macro=0.5293 val_rec_macro=0.5592 val_metric_name=acc val_metric=0.6558
Step  300 | loss 0.8880 | val_acc=0.6544 val_loss=1.0591 val_f1_macro=0.5334 val_f1_weighted=0.6298 val_prec_macro=0.5494 val_rec_macro=0.5645 val_metric_name=acc val_metric=0.6544
Step  350 | loss 0.8424 | val_acc=0.6503 val_loss=1.0773 val_f1_macro=0.5366 val_f1_weighted=0.6295 val_prec_macro=0.5406 val_rec_macro=0.5670 val_metric_name=acc val_metric=0.6503
Step  400 | loss 0.8133 | val_acc=0.6480 val_loss=1.1025 val_f1_macro=0.5370 val_f1_weighted=0.6287 val_prec_macro=0.5380 val_rec_macro=0.5676 val_metric_name=acc val_metric=0.6480
Step  450 | loss 0.7712 | val_acc=0.6452 val_loss=1.1395 val_f1_macro=0.5379 val_f1_weighted=0.6281 val_prec_macro=0.5354 val_rec_macro=0.5675 val_metric_name=acc val_metric=0.6452
Step  500 | loss 0.7287 | val_acc=0.6432 val_loss=1.1838 val_f1_macro=0.5381 val_f1_weighted=0.6276 val_prec_macro=0.5335 val_rec_macro=0.5669 val_metric_name=acc val_metric=0.6432
Step  550 | loss 0.6969 | val_acc=0.6410 val_loss=1.2330 val_f1_macro=0.5367 val_f1_weighted=0.6263 val_prec_macro=0.5289 val_rec_macro=0.5673 val_metric_name=acc val_metric=0.6410
Early stopping at step 578

--- Final (best ckpt @ step 260) ---
  train_acc=0.6989 train_loss=0.8607 train_f1_macro=0.5882 train_f1_weighted=0.6751 train_prec_macro=0.6211 train_rec_macro=0.6093 train_metric_name=acc train_metric=0.6989
  val_acc=0.6570 val_loss=1.0527 val_f1_macro=0.5295 val_f1_weighted=0.6284 val_prec_macro=0.5331 val_rec_macro=0.5609 val_metric_name=acc val_metric=0.6570
  test_acc=0.6587 test_loss=1.0279 test_f1_macro=0.5337 test_f1_weighted=0.6301 test_prec_macro=0.5410 test_rec_macro=0.5667 test_metric_name=acc test_metric=0.6587
  test_acc=0.6587

============================================================
Training roman-empire ResNet 4L h=256 lr=1e-05 split=5
============================================================
Training for 5000 steps
Step    1 | loss 2.9599 | val_acc=0.0833 val_loss=2.8777 val_f1_macro=0.0190 val_f1_weighted=0.0229 val_prec_macro=0.0232 val_rec_macro=0.0566 val_metric_name=acc val_metric=0.0833
Step   50 | loss 2.4741 | val_acc=0.3502 val_loss=2.2024 val_f1_macro=0.1113 val_f1_weighted=0.2473 val_prec_macro=0.1026 val_rec_macro=0.1544 val_metric_name=acc val_metric=0.3502
Step  100 | loss 2.1946 | val_acc=0.4312 val_loss=1.9468 val_f1_macro=0.1811 val_f1_weighted=0.3342 val_prec_macro=0.1667 val_rec_macro=0.2241 val_metric_name=acc val_metric=0.4312
Step  150 | loss 1.9793 | val_acc=0.4814 val_loss=1.7653 val_f1_macro=0.2223 val_f1_weighted=0.3938 val_prec_macro=0.2522 val_rec_macro=0.2583 val_metric_name=acc val_metric=0.4814
Step  200 | loss 1.8239 | val_acc=0.5110 val_loss=1.6253 val_f1_macro=0.2449 val_f1_weighted=0.4283 val_prec_macro=0.2545 val_rec_macro=0.2781 val_metric_name=acc val_metric=0.5110
Step  250 | loss 1.7161 | val_acc=0.5336 val_loss=1.5150 val_f1_macro=0.3028 val_f1_weighted=0.4607 val_prec_macro=0.3898 val_rec_macro=0.3187 val_metric_name=acc val_metric=0.5336
Step  300 | loss 1.6270 | val_acc=0.5557 val_loss=1.4244 val_f1_macro=0.3474 val_f1_weighted=0.4860 val_prec_macro=0.3840 val_rec_macro=0.3673 val_metric_name=acc val_metric=0.5557
Step  350 | loss 1.5516 | val_acc=0.5762 val_loss=1.3515 val_f1_macro=0.3825 val_f1_weighted=0.5117 val_prec_macro=0.4865 val_rec_macro=0.3982 val_metric_name=acc val_metric=0.5762
Step  400 | loss 1.4860 | val_acc=0.5843 val_loss=1.2953 val_f1_macro=0.4064 val_f1_weighted=0.5242 val_prec_macro=0.4688 val_rec_macro=0.4368 val_metric_name=acc val_metric=0.5843
Step  450 | loss 1.4329 | val_acc=0.6012 val_loss=1.2526 val_f1_macro=0.4292 val_f1_weighted=0.5401 val_prec_macro=0.5380 val_rec_macro=0.4666 val_metric_name=acc val_metric=0.6012
Step  500 | loss 1.3840 | val_acc=0.6090 val_loss=1.2196 val_f1_macro=0.4371 val_f1_weighted=0.5481 val_prec_macro=0.4527 val_rec_macro=0.4751 val_metric_name=acc val_metric=0.6090
Step  550 | loss 1.3422 | val_acc=0.6185 val_loss=1.1949 val_f1_macro=0.4456 val_f1_weighted=0.5572 val_prec_macro=0.4389 val_rec_macro=0.4895 val_metric_name=acc val_metric=0.6185
Step  600 | loss 1.3050 | val_acc=0.6229 val_loss=1.1757 val_f1_macro=0.4520 val_f1_weighted=0.5627 val_prec_macro=0.4720 val_rec_macro=0.4964 val_metric_name=acc val_metric=0.6229
Step  650 | loss 1.2709 | val_acc=0.6298 val_loss=1.1598 val_f1_macro=0.4588 val_f1_weighted=0.5709 val_prec_macro=0.4707 val_rec_macro=0.5030 val_metric_name=acc val_metric=0.6298
Step  700 | loss 1.2458 | val_acc=0.6327 val_loss=1.1471 val_f1_macro=0.4616 val_f1_weighted=0.5743 val_prec_macro=0.4713 val_rec_macro=0.5064 val_metric_name=acc val_metric=0.6327
Step  750 | loss 1.2185 | val_acc=0.6374 val_loss=1.1362 val_f1_macro=0.4682 val_f1_weighted=0.5797 val_prec_macro=0.4965 val_rec_macro=0.5125 val_metric_name=acc val_metric=0.6374
Step  800 | loss 1.2010 | val_acc=0.6388 val_loss=1.1273 val_f1_macro=0.4729 val_f1_weighted=0.5827 val_prec_macro=0.5317 val_rec_macro=0.5154 val_metric_name=acc val_metric=0.6388
Step  850 | loss 1.1833 | val_acc=0.6397 val_loss=1.1186 val_f1_macro=0.4738 val_f1_weighted=0.5849 val_prec_macro=0.5158 val_rec_macro=0.5161 val_metric_name=acc val_metric=0.6397
Step  900 | loss 1.1655 | val_acc=0.6406 val_loss=1.1124 val_f1_macro=0.4760 val_f1_weighted=0.5867 val_prec_macro=0.5132 val_rec_macro=0.5180 val_metric_name=acc val_metric=0.6406
Step  950 | loss 1.1452 | val_acc=0.6425 val_loss=1.1061 val_f1_macro=0.4802 val_f1_weighted=0.5892 val_prec_macro=0.5161 val_rec_macro=0.5243 val_metric_name=acc val_metric=0.6425
Step 1000 | loss 1.1268 | val_acc=0.6434 val_loss=1.1000 val_f1_macro=0.4831 val_f1_weighted=0.5912 val_prec_macro=0.5269 val_rec_macro=0.5260 val_metric_name=acc val_metric=0.6434
Step 1050 | loss 1.1207 | val_acc=0.6436 val_loss=1.0950 val_f1_macro=0.4854 val_f1_weighted=0.5931 val_prec_macro=0.5195 val_rec_macro=0.5275 val_metric_name=acc val_metric=0.6436
Step 1100 | loss 1.1100 | val_acc=0.6436 val_loss=1.0901 val_f1_macro=0.4872 val_f1_weighted=0.5939 val_prec_macro=0.5179 val_rec_macro=0.5281 val_metric_name=acc val_metric=0.6436
Step 1150 | loss 1.0936 | val_acc=0.6455 val_loss=1.0856 val_f1_macro=0.4903 val_f1_weighted=0.5973 val_prec_macro=0.5176 val_rec_macro=0.5303 val_metric_name=acc val_metric=0.6455
Step 1200 | loss 1.0832 | val_acc=0.6457 val_loss=1.0812 val_f1_macro=0.4916 val_f1_weighted=0.5987 val_prec_macro=0.5191 val_rec_macro=0.5311 val_metric_name=acc val_metric=0.6457
Step 1250 | loss 1.0718 | val_acc=0.6459 val_loss=1.0778 val_f1_macro=0.4943 val_f1_weighted=0.6002 val_prec_macro=0.5183 val_rec_macro=0.5333 val_metric_name=acc val_metric=0.6459
Step 1300 | loss 1.0619 | val_acc=0.6480 val_loss=1.0740 val_f1_macro=0.4986 val_f1_weighted=0.6036 val_prec_macro=0.5259 val_rec_macro=0.5364 val_metric_name=acc val_metric=0.6480
Step 1350 | loss 1.0466 | val_acc=0.6503 val_loss=1.0716 val_f1_macro=0.5049 val_f1_weighted=0.6077 val_prec_macro=0.5317 val_rec_macro=0.5404 val_metric_name=acc val_metric=0.6503
Step 1400 | loss 1.0434 | val_acc=0.6512 val_loss=1.0687 val_f1_macro=0.5073 val_f1_weighted=0.6095 val_prec_macro=0.5327 val_rec_macro=0.5425 val_metric_name=acc val_metric=0.6512
Step 1450 | loss 1.0269 | val_acc=0.6523 val_loss=1.0661 val_f1_macro=0.5097 val_f1_weighted=0.6112 val_prec_macro=0.5341 val_rec_macro=0.5446 val_metric_name=acc val_metric=0.6523
Step 1500 | loss 1.0294 | val_acc=0.6528 val_loss=1.0644 val_f1_macro=0.5116 val_f1_weighted=0.6130 val_prec_macro=0.5333 val_rec_macro=0.5462 val_metric_name=acc val_metric=0.6528
Step 1550 | loss 1.0146 | val_acc=0.6547 val_loss=1.0620 val_f1_macro=0.5138 val_f1_weighted=0.6157 val_prec_macro=0.5339 val_rec_macro=0.5482 val_metric_name=acc val_metric=0.6547
Step 1600 | loss 1.0079 | val_acc=0.6549 val_loss=1.0606 val_f1_macro=0.5150 val_f1_weighted=0.6166 val_prec_macro=0.5329 val_rec_macro=0.5491 val_metric_name=acc val_metric=0.6549
Step 1650 | loss 0.9954 | val_acc=0.6556 val_loss=1.0591 val_f1_macro=0.5175 val_f1_weighted=0.6183 val_prec_macro=0.5352 val_rec_macro=0.5508 val_metric_name=acc val_metric=0.6556
Step 1700 | loss 0.9943 | val_acc=0.6554 val_loss=1.0570 val_f1_macro=0.5191 val_f1_weighted=0.6192 val_prec_macro=0.5358 val_rec_macro=0.5518 val_metric_name=acc val_metric=0.6554
Step 1750 | loss 0.9851 | val_acc=0.6554 val_loss=1.0562 val_f1_macro=0.5200 val_f1_weighted=0.6200 val_prec_macro=0.5328 val_rec_macro=0.5536 val_metric_name=acc val_metric=0.6554
Step 1800 | loss 0.9726 | val_acc=0.6568 val_loss=1.0563 val_f1_macro=0.5232 val_f1_weighted=0.6231 val_prec_macro=0.5338 val_rec_macro=0.5558 val_metric_name=acc val_metric=0.6568
Step 1850 | loss 0.9693 | val_acc=0.6567 val_loss=1.0551 val_f1_macro=0.5237 val_f1_weighted=0.6234 val_prec_macro=0.5334 val_rec_macro=0.5561 val_metric_name=acc val_metric=0.6567
Step 1900 | loss 0.9662 | val_acc=0.6570 val_loss=1.0550 val_f1_macro=0.5236 val_f1_weighted=0.6243 val_prec_macro=0.5314 val_rec_macro=0.5566 val_metric_name=acc val_metric=0.6570
Step 1950 | loss 0.9639 | val_acc=0.6567 val_loss=1.0549 val_f1_macro=0.5241 val_f1_weighted=0.6245 val_prec_macro=0.5311 val_rec_macro=0.5570 val_metric_name=acc val_metric=0.6567
Step 2000 | loss 0.9525 | val_acc=0.6567 val_loss=1.0549 val_f1_macro=0.5242 val_f1_weighted=0.6249 val_prec_macro=0.5301 val_rec_macro=0.5574 val_metric_name=acc val_metric=0.6567
Step 2050 | loss 0.9412 | val_acc=0.6590 val_loss=1.0544 val_f1_macro=0.5275 val_f1_weighted=0.6285 val_prec_macro=0.5331 val_rec_macro=0.5596 val_metric_name=acc val_metric=0.6590
Step 2100 | loss 0.9357 | val_acc=0.6574 val_loss=1.0552 val_f1_macro=0.5267 val_f1_weighted=0.6276 val_prec_macro=0.5305 val_rec_macro=0.5591 val_metric_name=acc val_metric=0.6574
Step 2150 | loss 0.9367 | val_acc=0.6570 val_loss=1.0558 val_f1_macro=0.5266 val_f1_weighted=0.6275 val_prec_macro=0.5302 val_rec_macro=0.5589 val_metric_name=acc val_metric=0.6570
Step 2200 | loss 0.9203 | val_acc=0.6565 val_loss=1.0563 val_f1_macro=0.5274 val_f1_weighted=0.6277 val_prec_macro=0.5300 val_rec_macro=0.5595 val_metric_name=acc val_metric=0.6565
Step 2250 | loss 0.9165 | val_acc=0.6565 val_loss=1.0567 val_f1_macro=0.5272 val_f1_weighted=0.6277 val_prec_macro=0.5295 val_rec_macro=0.5592 val_metric_name=acc val_metric=0.6565
Step 2300 | loss 0.9125 | val_acc=0.6558 val_loss=1.0575 val_f1_macro=0.5287 val_f1_weighted=0.6279 val_prec_macro=0.5307 val_rec_macro=0.5599 val_metric_name=acc val_metric=0.6558
Step 2350 | loss 0.9124 | val_acc=0.6563 val_loss=1.0591 val_f1_macro=0.5301 val_f1_weighted=0.6290 val_prec_macro=0.5317 val_rec_macro=0.5613 val_metric_name=acc val_metric=0.6563
Early stopping at step 2350

--- Final (best ckpt @ step 2050) ---
  train_acc=0.6958 train_loss=0.8756 train_f1_macro=0.5813 train_f1_weighted=0.6704 train_prec_macro=0.6218 train_rec_macro=0.6021 train_metric_name=acc train_metric=0.6958
  val_acc=0.6590 val_loss=1.0544 val_f1_macro=0.5275 val_f1_weighted=0.6285 val_prec_macro=0.5331 val_rec_macro=0.5596 val_metric_name=acc val_metric=0.6590
  test_acc=0.6606 test_loss=1.0293 test_f1_macro=0.5332 test_f1_weighted=0.6308 test_prec_macro=0.5456 test_rec_macro=0.5654 test_metric_name=acc test_metric=0.6606
  test_acc=0.6606

============================================================
Training roman-empire ResNet 4L h=384 lr=3e-05 split=5
============================================================
Training for 5000 steps
Step    1 | loss 3.0487 | val_acc=0.1285 val_loss=2.8953 val_f1_macro=0.0755 val_f1_weighted=0.1271 val_prec_macro=0.0851 val_rec_macro=0.1030 val_metric_name=acc val_metric=0.1285
Step   50 | loss 1.8093 | val_acc=0.5031 val_loss=1.6351 val_f1_macro=0.2408 val_f1_weighted=0.4213 val_prec_macro=0.3123 val_rec_macro=0.2746 val_metric_name=acc val_metric=0.5031
Step  100 | loss 1.4257 | val_acc=0.5975 val_loss=1.2803 val_f1_macro=0.3942 val_f1_weighted=0.5286 val_prec_macro=0.4653 val_rec_macro=0.4244 val_metric_name=acc val_metric=0.5975
Step  150 | loss 1.2505 | val_acc=0.6348 val_loss=1.1747 val_f1_macro=0.4552 val_f1_weighted=0.5778 val_prec_macro=0.5002 val_rec_macro=0.4850 val_metric_name=acc val_metric=0.6348
Step  200 | loss 1.1503 | val_acc=0.6424 val_loss=1.1284 val_f1_macro=0.4781 val_f1_weighted=0.5884 val_prec_macro=0.5136 val_rec_macro=0.5247 val_metric_name=acc val_metric=0.6424
Step  250 | loss 1.0932 | val_acc=0.6462 val_loss=1.1040 val_f1_macro=0.4871 val_f1_weighted=0.5970 val_prec_macro=0.5106 val_rec_macro=0.5309 val_metric_name=acc val_metric=0.6462
Step  300 | loss 1.0503 | val_acc=0.6484 val_loss=1.0882 val_f1_macro=0.4985 val_f1_weighted=0.6050 val_prec_macro=0.5220 val_rec_macro=0.5369 val_metric_name=acc val_metric=0.6484
Step  350 | loss 1.0066 | val_acc=0.6510 val_loss=1.0786 val_f1_macro=0.5139 val_f1_weighted=0.6136 val_prec_macro=0.5316 val_rec_macro=0.5487 val_metric_name=acc val_metric=0.6510
Step  400 | loss 0.9740 | val_acc=0.6524 val_loss=1.0723 val_f1_macro=0.5177 val_f1_weighted=0.6179 val_prec_macro=0.5249 val_rec_macro=0.5531 val_metric_name=acc val_metric=0.6524
Step  450 | loss 0.9489 | val_acc=0.6542 val_loss=1.0697 val_f1_macro=0.5166 val_f1_weighted=0.6196 val_prec_macro=0.5343 val_rec_macro=0.5341 val_metric_name=acc val_metric=0.6542
Step  500 | loss 0.9306 | val_acc=0.6531 val_loss=1.0715 val_f1_macro=0.5281 val_f1_weighted=0.6255 val_prec_macro=0.5303 val_rec_macro=0.5599 val_metric_name=acc val_metric=0.6531
Step  550 | loss 0.9039 | val_acc=0.6538 val_loss=1.0735 val_f1_macro=0.5253 val_f1_weighted=0.6259 val_prec_macro=0.5435 val_rec_macro=0.5400 val_metric_name=acc val_metric=0.6538
Step  600 | loss 0.8827 | val_acc=0.6514 val_loss=1.0812 val_f1_macro=0.5346 val_f1_weighted=0.6281 val_prec_macro=0.5415 val_rec_macro=0.5639 val_metric_name=acc val_metric=0.6514
Step  650 | loss 0.8608 | val_acc=0.6531 val_loss=1.0890 val_f1_macro=0.5302 val_f1_weighted=0.6283 val_prec_macro=0.5515 val_rec_macro=0.5432 val_metric_name=acc val_metric=0.6531
Step  700 | loss 0.8377 | val_acc=0.6531 val_loss=1.0990 val_f1_macro=0.5316 val_f1_weighted=0.6298 val_prec_macro=0.5493 val_rec_macro=0.5444 val_metric_name=acc val_metric=0.6531
Step  750 | loss 0.8199 | val_acc=0.6510 val_loss=1.1128 val_f1_macro=0.5383 val_f1_weighted=0.6312 val_prec_macro=0.5439 val_rec_macro=0.5662 val_metric_name=acc val_metric=0.6510
Early stopping at step 780

--- Final (best ckpt @ step 480) ---
  train_acc=0.6940 train_loss=0.8739 train_f1_macro=0.5813 train_f1_weighted=0.6677 train_prec_macro=0.6751 train_rec_macro=0.5884 train_metric_name=acc train_metric=0.6940
  val_acc=0.6549 val_loss=1.0693 val_f1_macro=0.5206 val_f1_weighted=0.6232 val_prec_macro=0.5361 val_rec_macro=0.5369 val_metric_name=acc val_metric=0.6549
  test_acc=0.6601 test_loss=1.0397 test_f1_macro=0.5338 test_f1_weighted=0.6296 test_prec_macro=0.5542 test_rec_macro=0.5510 test_metric_name=acc test_metric=0.6601
  test_acc=0.6601

============================================================
Training roman-empire ResNet 4L h=384 lr=6e-05 split=5
============================================================
Training for 5000 steps
Step    1 | loss 3.0487 | val_acc=0.1553 val_loss=2.7843 val_f1_macro=0.0812 val_f1_weighted=0.1423 val_prec_macro=0.0776 val_rec_macro=0.1023 val_metric_name=acc val_metric=0.1553
Step   50 | loss 1.4787 | val_acc=0.5822 val_loss=1.3261 val_f1_macro=0.4043 val_f1_weighted=0.5220 val_prec_macro=0.4606 val_rec_macro=0.4301 val_metric_name=acc val_metric=0.5822
Step  100 | loss 1.1655 | val_acc=0.6434 val_loss=1.1415 val_f1_macro=0.4719 val_f1_weighted=0.5898 val_prec_macro=0.5313 val_rec_macro=0.5017 val_metric_name=acc val_metric=0.6434
Step  150 | loss 1.0664 | val_acc=0.6462 val_loss=1.0922 val_f1_macro=0.4952 val_f1_weighted=0.6021 val_prec_macro=0.5190 val_rec_macro=0.5351 val_metric_name=acc val_metric=0.6462
Step  200 | loss 0.9911 | val_acc=0.6515 val_loss=1.0714 val_f1_macro=0.5160 val_f1_weighted=0.6161 val_prec_macro=0.5268 val_rec_macro=0.5513 val_metric_name=acc val_metric=0.6515
Step  250 | loss 0.9418 | val_acc=0.6538 val_loss=1.0671 val_f1_macro=0.5198 val_f1_weighted=0.6219 val_prec_macro=0.5365 val_rec_macro=0.5358 val_metric_name=acc val_metric=0.6538
Step  300 | loss 0.8999 | val_acc=0.6517 val_loss=1.0748 val_f1_macro=0.5335 val_f1_weighted=0.6274 val_prec_macro=0.5402 val_rec_macro=0.5635 val_metric_name=acc val_metric=0.6517
Step  350 | loss 0.8546 | val_acc=0.6524 val_loss=1.0904 val_f1_macro=0.5295 val_f1_weighted=0.6277 val_prec_macro=0.5503 val_rec_macro=0.5422 val_metric_name=acc val_metric=0.6524
Step  400 | loss 0.8118 | val_acc=0.6514 val_loss=1.1153 val_f1_macro=0.5397 val_f1_weighted=0.6325 val_prec_macro=0.5417 val_rec_macro=0.5685 val_metric_name=acc val_metric=0.6514
Step  450 | loss 0.7740 | val_acc=0.6503 val_loss=1.1427 val_f1_macro=0.5336 val_f1_weighted=0.6306 val_prec_macro=0.5445 val_rec_macro=0.5454 val_metric_name=acc val_metric=0.6503
Step  500 | loss 0.7422 | val_acc=0.6441 val_loss=1.1891 val_f1_macro=0.5296 val_f1_weighted=0.6264 val_prec_macro=0.5360 val_rec_macro=0.5429 val_metric_name=acc val_metric=0.6441
Step  550 | loss 0.7014 | val_acc=0.6408 val_loss=1.2315 val_f1_macro=0.5291 val_f1_weighted=0.6246 val_prec_macro=0.5331 val_rec_macro=0.5428 val_metric_name=acc val_metric=0.6408
Step  600 | loss 0.6656 | val_acc=0.6410 val_loss=1.2842 val_f1_macro=0.5319 val_f1_weighted=0.6246 val_prec_macro=0.5354 val_rec_macro=0.5455 val_metric_name=acc val_metric=0.6410
Step  650 | loss 0.6419 | val_acc=0.6390 val_loss=1.3368 val_f1_macro=0.5323 val_f1_weighted=0.6243 val_prec_macro=0.5349 val_rec_macro=0.5459 val_metric_name=acc val_metric=0.6390
Early stopping at step 660

--- Final (best ckpt @ step 360) ---
  train_acc=0.7240 train_loss=0.7756 train_f1_macro=0.6294 train_f1_weighted=0.7057 train_prec_macro=0.6834 train_rec_macro=0.6327 train_metric_name=acc train_metric=0.7240
  val_acc=0.6544 val_loss=1.0945 val_f1_macro=0.5321 val_f1_weighted=0.6302 val_prec_macro=0.5523 val_rec_macro=0.5446 val_metric_name=acc val_metric=0.6544
  test_acc=0.6550 test_loss=1.0575 test_f1_macro=0.5413 test_f1_weighted=0.6323 test_prec_macro=0.5483 test_rec_macro=0.5588 test_metric_name=acc test_metric=0.6550
  test_acc=0.6550

============================================================
Training roman-empire ResNet 4L h=384 lr=0.0001 split=5
============================================================
Training for 5000 steps
Step    1 | loss 3.0487 | val_acc=0.2088 val_loss=2.6576 val_f1_macro=0.0823 val_f1_weighted=0.1623 val_prec_macro=0.0823 val_rec_macro=0.1059 val_metric_name=acc val_metric=0.2088
Step   50 | loss 1.2656 | val_acc=0.6297 val_loss=1.1968 val_f1_macro=0.4587 val_f1_weighted=0.5753 val_prec_macro=0.5048 val_rec_macro=0.5027 val_metric_name=acc val_metric=0.6297
Step  100 | loss 1.0453 | val_acc=0.6485 val_loss=1.0866 val_f1_macro=0.4927 val_f1_weighted=0.6035 val_prec_macro=0.5256 val_rec_macro=0.5147 val_metric_name=acc val_metric=0.6485
Step  150 | loss 0.9576 | val_acc=0.6523 val_loss=1.0672 val_f1_macro=0.5140 val_f1_weighted=0.6171 val_prec_macro=0.5298 val_rec_macro=0.5324 val_metric_name=acc val_metric=0.6523
Step  200 | loss 0.8838 | val_acc=0.6531 val_loss=1.0740 val_f1_macro=0.5286 val_f1_weighted=0.6282 val_prec_macro=0.5448 val_rec_macro=0.5423 val_metric_name=acc val_metric=0.6531
Step  250 | loss 0.8252 | val_acc=0.6530 val_loss=1.1046 val_f1_macro=0.5328 val_f1_weighted=0.6308 val_prec_macro=0.5492 val_rec_macro=0.5458 val_metric_name=acc val_metric=0.6530
Step  300 | loss 0.7634 | val_acc=0.6471 val_loss=1.1624 val_f1_macro=0.5327 val_f1_weighted=0.6286 val_prec_macro=0.5412 val_rec_macro=0.5452 val_metric_name=acc val_metric=0.6471
Step  350 | loss 0.7007 | val_acc=0.6415 val_loss=1.2370 val_f1_macro=0.5314 val_f1_weighted=0.6254 val_prec_macro=0.5358 val_rec_macro=0.5447 val_metric_name=acc val_metric=0.6415
Step  400 | loss 0.6466 | val_acc=0.6410 val_loss=1.3176 val_f1_macro=0.5343 val_f1_weighted=0.6259 val_prec_macro=0.5382 val_rec_macro=0.5467 val_metric_name=acc val_metric=0.6410
Step  450 | loss 0.6038 | val_acc=0.6401 val_loss=1.3989 val_f1_macro=0.5346 val_f1_weighted=0.6247 val_prec_macro=0.5383 val_rec_macro=0.5474 val_metric_name=acc val_metric=0.6401
Early stopping at step 460

--- Final (best ckpt @ step 160) ---
  train_acc=0.6931 train_loss=0.8779 train_f1_macro=0.5790 train_f1_weighted=0.6665 train_prec_macro=0.6749 train_rec_macro=0.5853 train_metric_name=acc train_metric=0.6931
  val_acc=0.6567 val_loss=1.0641 val_f1_macro=0.5211 val_f1_weighted=0.6247 val_prec_macro=0.5373 val_rec_macro=0.5377 val_metric_name=acc val_metric=0.6567
  test_acc=0.6601 test_loss=1.0354 test_f1_macro=0.5299 test_f1_weighted=0.6291 test_prec_macro=0.5482 test_rec_macro=0.5479 test_metric_name=acc test_metric=0.6601
  test_acc=0.6601

============================================================
Training roman-empire ResNet 4L h=384 lr=1e-05 split=5
============================================================
Training for 5000 steps
Step    1 | loss 3.0487 | val_acc=0.0334 val_loss=2.9767 val_f1_macro=0.0254 val_f1_weighted=0.0255 val_prec_macro=0.0426 val_rec_macro=0.0647 val_metric_name=acc val_metric=0.0334
Step   50 | loss 2.3322 | val_acc=0.4147 val_loss=2.0799 val_f1_macro=0.1760 val_f1_weighted=0.3270 val_prec_macro=0.1689 val_rec_macro=0.2093 val_metric_name=acc val_metric=0.4147
Step  100 | loss 1.9840 | val_acc=0.4692 val_loss=1.7761 val_f1_macro=0.2092 val_f1_weighted=0.3813 val_prec_macro=0.2447 val_rec_macro=0.2476 val_metric_name=acc val_metric=0.4692
Step  150 | loss 1.7707 | val_acc=0.5169 val_loss=1.5701 val_f1_macro=0.2710 val_f1_weighted=0.4396 val_prec_macro=0.3451 val_rec_macro=0.2957 val_metric_name=acc val_metric=0.5169
Step  200 | loss 1.6064 | val_acc=0.5677 val_loss=1.4165 val_f1_macro=0.3628 val_f1_weighted=0.5002 val_prec_macro=0.4668 val_rec_macro=0.3800 val_metric_name=acc val_metric=0.5677
Step  250 | loss 1.4871 | val_acc=0.5919 val_loss=1.3115 val_f1_macro=0.3887 val_f1_weighted=0.5241 val_prec_macro=0.4678 val_rec_macro=0.4122 val_metric_name=acc val_metric=0.5919
Step  300 | loss 1.3947 | val_acc=0.6085 val_loss=1.2481 val_f1_macro=0.4190 val_f1_weighted=0.5424 val_prec_macro=0.5473 val_rec_macro=0.4444 val_metric_name=acc val_metric=0.6085
Step  350 | loss 1.3178 | val_acc=0.6233 val_loss=1.2082 val_f1_macro=0.4395 val_f1_weighted=0.5595 val_prec_macro=0.5387 val_rec_macro=0.4708 val_metric_name=acc val_metric=0.6233
Step  400 | loss 1.2610 | val_acc=0.6291 val_loss=1.1815 val_f1_macro=0.4489 val_f1_weighted=0.5679 val_prec_macro=0.5059 val_rec_macro=0.4805 val_metric_name=acc val_metric=0.6291
Step  450 | loss 1.2204 | val_acc=0.6351 val_loss=1.1611 val_f1_macro=0.4647 val_f1_weighted=0.5785 val_prec_macro=0.4943 val_rec_macro=0.5083 val_metric_name=acc val_metric=0.6351
Step  500 | loss 1.1925 | val_acc=0.6380 val_loss=1.1461 val_f1_macro=0.4596 val_f1_weighted=0.5793 val_prec_macro=0.5188 val_rec_macro=0.4882 val_metric_name=acc val_metric=0.6380
Step  550 | loss 1.1606 | val_acc=0.6425 val_loss=1.1335 val_f1_macro=0.4780 val_f1_weighted=0.5878 val_prec_macro=0.5239 val_rec_macro=0.5243 val_metric_name=acc val_metric=0.6425
Step  600 | loss 1.1341 | val_acc=0.6445 val_loss=1.1233 val_f1_macro=0.4810 val_f1_weighted=0.5915 val_prec_macro=0.5138 val_rec_macro=0.5262 val_metric_name=acc val_metric=0.6445
Step  650 | loss 1.1144 | val_acc=0.6471 val_loss=1.1144 val_f1_macro=0.4783 val_f1_weighted=0.5936 val_prec_macro=0.5183 val_rec_macro=0.5067 val_metric_name=acc val_metric=0.6471
Step  700 | loss 1.0929 | val_acc=0.6477 val_loss=1.1064 val_f1_macro=0.4814 val_f1_weighted=0.5962 val_prec_macro=0.5173 val_rec_macro=0.5087 val_metric_name=acc val_metric=0.6477
Step  750 | loss 1.0783 | val_acc=0.6468 val_loss=1.0999 val_f1_macro=0.4902 val_f1_weighted=0.5992 val_prec_macro=0.5160 val_rec_macro=0.5321 val_metric_name=acc val_metric=0.6468
Step  800 | loss 1.0644 | val_acc=0.6487 val_loss=1.0941 val_f1_macro=0.4961 val_f1_weighted=0.6035 val_prec_macro=0.5227 val_rec_macro=0.5352 val_metric_name=acc val_metric=0.6487
Step  850 | loss 1.0475 | val_acc=0.6487 val_loss=1.0895 val_f1_macro=0.4985 val_f1_weighted=0.6049 val_prec_macro=0.5226 val_rec_macro=0.5368 val_metric_name=acc val_metric=0.6487
Step  900 | loss 1.0306 | val_acc=0.6503 val_loss=1.0843 val_f1_macro=0.5059 val_f1_weighted=0.6097 val_prec_macro=0.5289 val_rec_macro=0.5416 val_metric_name=acc val_metric=0.6503
Step  950 | loss 1.0229 | val_acc=0.6500 val_loss=1.0803 val_f1_macro=0.5092 val_f1_weighted=0.6114 val_prec_macro=0.5288 val_rec_macro=0.5442 val_metric_name=acc val_metric=0.6500
Step 1000 | loss 1.0036 | val_acc=0.6507 val_loss=1.0783 val_f1_macro=0.5132 val_f1_weighted=0.6130 val_prec_macro=0.5296 val_rec_macro=0.5485 val_metric_name=acc val_metric=0.6507
Step 1050 | loss 0.9987 | val_acc=0.6514 val_loss=1.0760 val_f1_macro=0.5145 val_f1_weighted=0.6148 val_prec_macro=0.5283 val_rec_macro=0.5501 val_metric_name=acc val_metric=0.6514
Step 1100 | loss 0.9867 | val_acc=0.6526 val_loss=1.0735 val_f1_macro=0.5176 val_f1_weighted=0.6173 val_prec_macro=0.5279 val_rec_macro=0.5524 val_metric_name=acc val_metric=0.6526
Step 1150 | loss 0.9697 | val_acc=0.6530 val_loss=1.0727 val_f1_macro=0.5182 val_f1_weighted=0.6181 val_prec_macro=0.5263 val_rec_macro=0.5533 val_metric_name=acc val_metric=0.6530
Step 1200 | loss 0.9659 | val_acc=0.6549 val_loss=1.0712 val_f1_macro=0.5143 val_f1_weighted=0.6184 val_prec_macro=0.5336 val_rec_macro=0.5328 val_metric_name=acc val_metric=0.6549
Step 1250 | loss 0.9575 | val_acc=0.6535 val_loss=1.0713 val_f1_macro=0.5221 val_f1_weighted=0.6206 val_prec_macro=0.5292 val_rec_macro=0.5561 val_metric_name=acc val_metric=0.6535
Step 1300 | loss 0.9490 | val_acc=0.6531 val_loss=1.0714 val_f1_macro=0.5257 val_f1_weighted=0.6227 val_prec_macro=0.5310 val_rec_macro=0.5581 val_metric_name=acc val_metric=0.6531
Step 1350 | loss 0.9315 | val_acc=0.6531 val_loss=1.0714 val_f1_macro=0.5266 val_f1_weighted=0.6236 val_prec_macro=0.5313 val_rec_macro=0.5585 val_metric_name=acc val_metric=0.6531
Step 1400 | loss 0.9294 | val_acc=0.6535 val_loss=1.0722 val_f1_macro=0.5195 val_f1_weighted=0.6219 val_prec_macro=0.5352 val_rec_macro=0.5354 val_metric_name=acc val_metric=0.6535
Step 1450 | loss 0.9208 | val_acc=0.6531 val_loss=1.0724 val_f1_macro=0.5289 val_f1_weighted=0.6253 val_prec_macro=0.5491 val_rec_macro=0.5596 val_metric_name=acc val_metric=0.6531
Step 1500 | loss 0.9109 | val_acc=0.6521 val_loss=1.0730 val_f1_macro=0.5299 val_f1_weighted=0.6257 val_prec_macro=0.5478 val_rec_macro=0.5607 val_metric_name=acc val_metric=0.6521
Step 1550 | loss 0.9097 | val_acc=0.6538 val_loss=1.0752 val_f1_macro=0.5239 val_f1_weighted=0.6251 val_prec_macro=0.5418 val_rec_macro=0.5391 val_metric_name=acc val_metric=0.6538
Early stopping at step 1589

--- Final (best ckpt @ step 1200) ---
  train_acc=0.6870 train_loss=0.9037 train_f1_macro=0.5662 train_f1_weighted=0.6561 train_prec_macro=0.6153 train_rec_macro=0.5738 train_metric_name=acc train_metric=0.6870
  val_acc=0.6549 val_loss=1.0712 val_f1_macro=0.5143 val_f1_weighted=0.6184 val_prec_macro=0.5336 val_rec_macro=0.5328 val_metric_name=acc val_metric=0.6549
  test_acc=0.6610 test_loss=1.0419 test_f1_macro=0.5269 test_f1_weighted=0.6257 test_prec_macro=0.5521 test_rec_macro=0.5448 test_metric_name=acc test_metric=0.6610
  test_acc=0.6610

============================================================
Training roman-empire ResNet 4L h=512 lr=3e-05 split=5
============================================================
Training for 5000 steps
Step    1 | loss 3.0664 | val_acc=0.0930 val_loss=2.9128 val_f1_macro=0.0319 val_f1_weighted=0.0540 val_prec_macro=0.0620 val_rec_macro=0.0482 val_metric_name=acc val_metric=0.0930
Step   50 | loss 1.6072 | val_acc=0.5631 val_loss=1.4120 val_f1_macro=0.3653 val_f1_weighted=0.4947 val_prec_macro=0.4000 val_rec_macro=0.3965 val_metric_name=acc val_metric=0.5631
Step  100 | loss 1.2709 | val_acc=0.6244 val_loss=1.2015 val_f1_macro=0.4440 val_f1_weighted=0.5585 val_prec_macro=0.4569 val_rec_macro=0.4770 val_metric_name=acc val_metric=0.6244
Step  150 | loss 1.1353 | val_acc=0.6401 val_loss=1.1424 val_f1_macro=0.4652 val_f1_weighted=0.5827 val_prec_macro=0.5002 val_rec_macro=0.4932 val_metric_name=acc val_metric=0.6401
Step  200 | loss 1.0592 | val_acc=0.6468 val_loss=1.1150 val_f1_macro=0.4858 val_f1_weighted=0.5977 val_prec_macro=0.5248 val_rec_macro=0.5093 val_metric_name=acc val_metric=0.6468
Step  250 | loss 1.0161 | val_acc=0.6530 val_loss=1.0972 val_f1_macro=0.5049 val_f1_weighted=0.6103 val_prec_macro=0.5440 val_rec_macro=0.5235 val_metric_name=acc val_metric=0.6530
Step  300 | loss 0.9820 | val_acc=0.6558 val_loss=1.0882 val_f1_macro=0.5150 val_f1_weighted=0.6168 val_prec_macro=0.5452 val_rec_macro=0.5330 val_metric_name=acc val_metric=0.6558
Step  350 | loss 0.9476 | val_acc=0.6572 val_loss=1.0886 val_f1_macro=0.5209 val_f1_weighted=0.6231 val_prec_macro=0.5406 val_rec_macro=0.5392 val_metric_name=acc val_metric=0.6572
Step  400 | loss 0.9125 | val_acc=0.6579 val_loss=1.0883 val_f1_macro=0.5247 val_f1_weighted=0.6267 val_prec_macro=0.5410 val_rec_macro=0.5417 val_metric_name=acc val_metric=0.6579
Step  450 | loss 0.8818 | val_acc=0.6572 val_loss=1.0959 val_f1_macro=0.5300 val_f1_weighted=0.6289 val_prec_macro=0.5594 val_rec_macro=0.5447 val_metric_name=acc val_metric=0.6572
Step  500 | loss 0.8377 | val_acc=0.6554 val_loss=1.1064 val_f1_macro=0.5328 val_f1_weighted=0.6297 val_prec_macro=0.5594 val_rec_macro=0.5472 val_metric_name=acc val_metric=0.6554
Step  550 | loss 0.8199 | val_acc=0.6533 val_loss=1.1249 val_f1_macro=0.5340 val_f1_weighted=0.6284 val_prec_macro=0.5602 val_rec_macro=0.5479 val_metric_name=acc val_metric=0.6533
Step  600 | loss 0.8009 | val_acc=0.6519 val_loss=1.1448 val_f1_macro=0.5385 val_f1_weighted=0.6301 val_prec_macro=0.5564 val_rec_macro=0.5503 val_metric_name=acc val_metric=0.6519
Step  650 | loss 0.7708 | val_acc=0.6491 val_loss=1.1661 val_f1_macro=0.5380 val_f1_weighted=0.6290 val_prec_macro=0.5540 val_rec_macro=0.5486 val_metric_name=acc val_metric=0.6491
Early stopping at step 669

--- Final (best ckpt @ step 360) ---
  train_acc=0.6959 train_loss=0.8780 train_f1_macro=0.5807 train_f1_weighted=0.6685 train_prec_macro=0.6769 train_rec_macro=0.5863 train_metric_name=acc train_metric=0.6959
  val_acc=0.6581 val_loss=1.0844 val_f1_macro=0.5232 val_f1_weighted=0.6247 val_prec_macro=0.5438 val_rec_macro=0.5402 val_metric_name=acc val_metric=0.6581
  test_acc=0.6610 test_loss=1.0478 test_f1_macro=0.5317 test_f1_weighted=0.6290 test_prec_macro=0.5564 test_rec_macro=0.5477 test_metric_name=acc test_metric=0.6610
  test_acc=0.6610

============================================================
Training roman-empire ResNet 4L h=512 lr=6e-05 split=5
============================================================
Training for 5000 steps
Step    1 | loss 3.0664 | val_acc=0.2051 val_loss=2.7547 val_f1_macro=0.0522 val_f1_weighted=0.1006 val_prec_macro=0.0721 val_rec_macro=0.0982 val_metric_name=acc val_metric=0.2051
Step   50 | loss 1.3136 | val_acc=0.6237 val_loss=1.2224 val_f1_macro=0.4458 val_f1_weighted=0.5638 val_prec_macro=0.4584 val_rec_macro=0.4754 val_metric_name=acc val_metric=0.6237
Step  100 | loss 1.0907 | val_acc=0.6447 val_loss=1.1162 val_f1_macro=0.4806 val_f1_weighted=0.5936 val_prec_macro=0.5191 val_rec_macro=0.5056 val_metric_name=acc val_metric=0.6447
Step  150 | loss 0.9896 | val_acc=0.6519 val_loss=1.0861 val_f1_macro=0.5089 val_f1_weighted=0.6121 val_prec_macro=0.5422 val_rec_macro=0.5271 val_metric_name=acc val_metric=0.6519
Step  200 | loss 0.9163 | val_acc=0.6556 val_loss=1.0827 val_f1_macro=0.5287 val_f1_weighted=0.6249 val_prec_macro=0.5357 val_rec_macro=0.5619 val_metric_name=acc val_metric=0.6556
Step  250 | loss 0.8715 | val_acc=0.6538 val_loss=1.0976 val_f1_macro=0.5285 val_f1_weighted=0.6269 val_prec_macro=0.5531 val_rec_macro=0.5435 val_metric_name=acc val_metric=0.6538
Step  300 | loss 0.8212 | val_acc=0.6549 val_loss=1.1251 val_f1_macro=0.5366 val_f1_weighted=0.6305 val_prec_macro=0.5620 val_rec_macro=0.5496 val_metric_name=acc val_metric=0.6549
Step  350 | loss 0.7703 | val_acc=0.6473 val_loss=1.1736 val_f1_macro=0.5374 val_f1_weighted=0.6278 val_prec_macro=0.5525 val_rec_macro=0.5489 val_metric_name=acc val_metric=0.6473
Step  400 | loss 0.7205 | val_acc=0.6436 val_loss=1.2276 val_f1_macro=0.5355 val_f1_weighted=0.6254 val_prec_macro=0.5450 val_rec_macro=0.5477 val_metric_name=acc val_metric=0.6436
Step  450 | loss 0.6691 | val_acc=0.6425 val_loss=1.2963 val_f1_macro=0.5369 val_f1_weighted=0.6257 val_prec_macro=0.5437 val_rec_macro=0.5503 val_metric_name=acc val_metric=0.6425
Early stopping at step 480

--- Final (best ckpt @ step 180) ---
  train_acc=0.6917 train_loss=0.8980 train_f1_macro=0.5708 train_f1_weighted=0.6616 train_prec_macro=0.6188 train_rec_macro=0.5768 train_metric_name=acc train_metric=0.6917
  val_acc=0.6590 val_loss=1.0832 val_f1_macro=0.5202 val_f1_weighted=0.6230 val_prec_macro=0.5439 val_rec_macro=0.5377 val_metric_name=acc val_metric=0.6590
  test_acc=0.6604 test_loss=1.0477 test_f1_macro=0.5290 test_f1_weighted=0.6269 test_prec_macro=0.5558 test_rec_macro=0.5448 test_metric_name=acc test_metric=0.6604
  test_acc=0.6604

============================================================
Training roman-empire ResNet 4L h=512 lr=0.0001 split=5
============================================================
Training for 5000 steps
Step    1 | loss 3.0664 | val_acc=0.2286 val_loss=2.5923 val_f1_macro=0.0585 val_f1_weighted=0.1122 val_prec_macro=0.0949 val_rec_macro=0.1074 val_metric_name=acc val_metric=0.2286
Step   50 | loss 1.1659 | val_acc=0.6364 val_loss=1.1506 val_f1_macro=0.4605 val_f1_weighted=0.5772 val_prec_macro=0.4911 val_rec_macro=0.4895 val_metric_name=acc val_metric=0.6364
Step  100 | loss 0.9881 | val_acc=0.6540 val_loss=1.0797 val_f1_macro=0.5118 val_f1_weighted=0.6152 val_prec_macro=0.5446 val_rec_macro=0.5288 val_metric_name=acc val_metric=0.6540
Step  150 | loss 0.8896 | val_acc=0.6554 val_loss=1.0834 val_f1_macro=0.5260 val_f1_weighted=0.6266 val_prec_macro=0.5493 val_rec_macro=0.5414 val_metric_name=acc val_metric=0.6554
Step  200 | loss 0.7995 | val_acc=0.6526 val_loss=1.1266 val_f1_macro=0.5344 val_f1_weighted=0.6290 val_prec_macro=0.5528 val_rec_macro=0.5469 val_metric_name=acc val_metric=0.6526
Step  250 | loss 0.7298 | val_acc=0.6425 val_loss=1.2094 val_f1_macro=0.5333 val_f1_weighted=0.6243 val_prec_macro=0.5433 val_rec_macro=0.5454 val_metric_name=acc val_metric=0.6425
Step  300 | loss 0.6558 | val_acc=0.6399 val_loss=1.3222 val_f1_macro=0.5332 val_f1_weighted=0.6224 val_prec_macro=0.5393 val_rec_macro=0.5466 val_metric_name=acc val_metric=0.6399
Step  350 | loss 0.6020 | val_acc=0.6406 val_loss=1.4311 val_f1_macro=0.5387 val_f1_weighted=0.6254 val_prec_macro=0.5433 val_rec_macro=0.5521 val_metric_name=acc val_metric=0.6406
Step  400 | loss 0.5640 | val_acc=0.6387 val_loss=1.5214 val_f1_macro=0.5365 val_f1_weighted=0.6235 val_prec_macro=0.5410 val_rec_macro=0.5493 val_metric_name=acc val_metric=0.6387
Step  450 | loss 0.5301 | val_acc=0.6385 val_loss=1.5895 val_f1_macro=0.5345 val_f1_weighted=0.6231 val_prec_macro=0.5393 val_rec_macro=0.5473 val_metric_name=acc val_metric=0.6385
Early stopping at step 484

--- Final (best ckpt @ step 110) ---
  train_acc=0.6865 train_loss=0.9142 train_f1_macro=0.5631 train_f1_weighted=0.6547 train_prec_macro=0.6123 train_rec_macro=0.5705 train_metric_name=acc train_metric=0.6865
  val_acc=0.6565 val_loss=1.0791 val_f1_macro=0.5168 val_f1_weighted=0.6193 val_prec_macro=0.5414 val_rec_macro=0.5358 val_metric_name=acc val_metric=0.6565
  test_acc=0.6567 test_loss=1.0462 test_f1_macro=0.5214 test_f1_weighted=0.6204 test_prec_macro=0.5468 test_rec_macro=0.5394 test_metric_name=acc test_metric=0.6567
  test_acc=0.6567

============================================================
Training roman-empire ResNet 4L h=512 lr=1e-05 split=5
============================================================
Training for 5000 steps
Step    1 | loss 3.0664 | val_acc=0.0584 val_loss=3.0348 val_f1_macro=0.0215 val_f1_weighted=0.0349 val_prec_macro=0.0187 val_rec_macro=0.0379 val_metric_name=acc val_metric=0.0584
Step   50 | loss 2.1510 | val_acc=0.4268 val_loss=1.8730 val_f1_macro=0.1941 val_f1_weighted=0.3447 val_prec_macro=0.2124 val_rec_macro=0.2255 val_metric_name=acc val_metric=0.4268
Step  100 | loss 1.7732 | val_acc=0.5273 val_loss=1.5457 val_f1_macro=0.3108 val_f1_weighted=0.4600 val_prec_macro=0.3962 val_rec_macro=0.3221 val_metric_name=acc val_metric=0.5273
Step  150 | loss 1.5473 | val_acc=0.5809 val_loss=1.3577 val_f1_macro=0.3867 val_f1_weighted=0.5135 val_prec_macro=0.4338 val_rec_macro=0.4168 val_metric_name=acc val_metric=0.5809
Step  200 | loss 1.4052 | val_acc=0.6118 val_loss=1.2587 val_f1_macro=0.4289 val_f1_weighted=0.5465 val_prec_macro=0.4673 val_rec_macro=0.4579 val_metric_name=acc val_metric=0.6118
Step  250 | loss 1.3097 | val_acc=0.6212 val_loss=1.2115 val_f1_macro=0.4425 val_f1_weighted=0.5565 val_prec_macro=0.4581 val_rec_macro=0.4739 val_metric_name=acc val_metric=0.6212
Step  300 | loss 1.2505 | val_acc=0.6288 val_loss=1.1857 val_f1_macro=0.4478 val_f1_weighted=0.5639 val_prec_macro=0.4702 val_rec_macro=0.4804 val_metric_name=acc val_metric=0.6288
Step  350 | loss 1.1997 | val_acc=0.6364 val_loss=1.1661 val_f1_macro=0.4576 val_f1_weighted=0.5752 val_prec_macro=0.4990 val_rec_macro=0.4873 val_metric_name=acc val_metric=0.6364
Step  400 | loss 1.1591 | val_acc=0.6404 val_loss=1.1492 val_f1_macro=0.4642 val_f1_weighted=0.5819 val_prec_macro=0.4995 val_rec_macro=0.4927 val_metric_name=acc val_metric=0.6404
Step  450 | loss 1.1251 | val_acc=0.6431 val_loss=1.1371 val_f1_macro=0.4701 val_f1_weighted=0.5877 val_prec_macro=0.5070 val_rec_macro=0.4966 val_metric_name=acc val_metric=0.6431
Step  500 | loss 1.0895 | val_acc=0.6464 val_loss=1.1253 val_f1_macro=0.4809 val_f1_weighted=0.5939 val_prec_macro=0.5259 val_rec_macro=0.5062 val_metric_name=acc val_metric=0.6464
Step  550 | loss 1.0681 | val_acc=0.6468 val_loss=1.1171 val_f1_macro=0.4847 val_f1_weighted=0.5970 val_prec_macro=0.5246 val_rec_macro=0.5087 val_metric_name=acc val_metric=0.6468
Step  600 | loss 1.0567 | val_acc=0.6485 val_loss=1.1097 val_f1_macro=0.4893 val_f1_weighted=0.6009 val_prec_macro=0.5282 val_rec_macro=0.5115 val_metric_name=acc val_metric=0.6485
Step  650 | loss 1.0363 | val_acc=0.6503 val_loss=1.1032 val_f1_macro=0.4970 val_f1_weighted=0.6056 val_prec_macro=0.5362 val_rec_macro=0.5173 val_metric_name=acc val_metric=0.6503
Step  700 | loss 1.0183 | val_acc=0.6521 val_loss=1.0992 val_f1_macro=0.5036 val_f1_weighted=0.6093 val_prec_macro=0.5444 val_rec_macro=0.5220 val_metric_name=acc val_metric=0.6521
Step  750 | loss 1.0123 | val_acc=0.6549 val_loss=1.0965 val_f1_macro=0.5091 val_f1_weighted=0.6130 val_prec_macro=0.5470 val_rec_macro=0.5274 val_metric_name=acc val_metric=0.6549
Step  800 | loss 0.9906 | val_acc=0.6549 val_loss=1.0918 val_f1_macro=0.5125 val_f1_weighted=0.6150 val_prec_macro=0.5453 val_rec_macro=0.5305 val_metric_name=acc val_metric=0.6549
Step  850 | loss 0.9695 | val_acc=0.6567 val_loss=1.0909 val_f1_macro=0.5170 val_f1_weighted=0.6180 val_prec_macro=0.5476 val_rec_macro=0.5346 val_metric_name=acc val_metric=0.6567
Step  900 | loss 0.9651 | val_acc=0.6553 val_loss=1.0891 val_f1_macro=0.5176 val_f1_weighted=0.6179 val_prec_macro=0.5431 val_rec_macro=0.5364 val_metric_name=acc val_metric=0.6553
Step  950 | loss 0.9518 | val_acc=0.6561 val_loss=1.0884 val_f1_macro=0.5200 val_f1_weighted=0.6214 val_prec_macro=0.5423 val_rec_macro=0.5371 val_metric_name=acc val_metric=0.6561
Step 1000 | loss 0.9316 | val_acc=0.6575 val_loss=1.0892 val_f1_macro=0.5221 val_f1_weighted=0.6235 val_prec_macro=0.5437 val_rec_macro=0.5393 val_metric_name=acc val_metric=0.6575
Step 1050 | loss 0.9228 | val_acc=0.6570 val_loss=1.0889 val_f1_macro=0.5227 val_f1_weighted=0.6242 val_prec_macro=0.5423 val_rec_macro=0.5398 val_metric_name=acc val_metric=0.6570
Step 1100 | loss 0.9155 | val_acc=0.6570 val_loss=1.0897 val_f1_macro=0.5239 val_f1_weighted=0.6253 val_prec_macro=0.5414 val_rec_macro=0.5410 val_metric_name=acc val_metric=0.6570
Step 1150 | loss 0.9020 | val_acc=0.6572 val_loss=1.0933 val_f1_macro=0.5252 val_f1_weighted=0.6265 val_prec_macro=0.5407 val_rec_macro=0.5421 val_metric_name=acc val_metric=0.6572
Step 1200 | loss 0.8898 | val_acc=0.6570 val_loss=1.0951 val_f1_macro=0.5262 val_f1_weighted=0.6275 val_prec_macro=0.5406 val_rec_macro=0.5421 val_metric_name=acc val_metric=0.6570
Early stopping at step 1240

--- Final (best ckpt @ step 940) ---
  train_acc=0.6920 train_loss=0.8962 train_f1_macro=0.5704 train_f1_weighted=0.6615 train_prec_macro=0.6214 train_rec_macro=0.5756 train_metric_name=acc train_metric=0.6920
  val_acc=0.6586 val_loss=1.0882 val_f1_macro=0.5197 val_f1_weighted=0.6224 val_prec_macro=0.5452 val_rec_macro=0.5366 val_metric_name=acc val_metric=0.6586
  test_acc=0.6601 test_loss=1.0520 test_f1_macro=0.5256 test_f1_weighted=0.6249 test_prec_macro=0.5533 test_rec_macro=0.5419 test_metric_name=acc test_metric=0.6601
  test_acc=0.6601
  >> num_layers=4 hidden_dim=256 lr=3e-05 best_step=730 val_acc=0.6579 test_acc=0.6597
     val_acc=0.6579 val_f1_macro=0.5268 val_f1_weighted=0.6275 val_loss=1.0533 val_metric=0.6579 val_metric_name=acc val_prec_macro=0.5319 val_rec_macro=0.5590
     test_acc=0.6597 test_f1_macro=0.5323 test_f1_weighted=0.6298 test_loss=1.0287 test_metric=0.6597 test_metric_name=acc test_prec_macro=0.5444 test_rec_macro=0.5647
  >> num_layers=4 hidden_dim=256 lr=6e-05 best_step=390 val_acc=0.6574 test_acc=0.6603
     val_acc=0.6574 val_f1_macro=0.5278 val_f1_weighted=0.6280 val_loss=1.0514 val_metric=0.6574 val_metric_name=acc val_prec_macro=0.5324 val_rec_macro=0.5593
     test_acc=0.6603 test_f1_macro=0.5345 test_f1_weighted=0.6316 test_loss=1.0271 test_metric=0.6603 test_metric_name=acc test_prec_macro=0.5447 test_rec_macro=0.5663
  >> num_layers=4 hidden_dim=256 lr=0.0001 best_step=260 val_acc=0.6570 test_acc=0.6587
     val_acc=0.6570 val_f1_macro=0.5295 val_f1_weighted=0.6284 val_loss=1.0527 val_metric=0.6570 val_metric_name=acc val_prec_macro=0.5331 val_rec_macro=0.5609
     test_acc=0.6587 test_f1_macro=0.5337 test_f1_weighted=0.6301 test_loss=1.0279 test_metric=0.6587 test_metric_name=acc test_prec_macro=0.5410 test_rec_macro=0.5667
  >> num_layers=4 hidden_dim=256 lr=1e-05 best_step=2050 val_acc=0.6590 test_acc=0.6606
     val_acc=0.6590 val_f1_macro=0.5275 val_f1_weighted=0.6285 val_loss=1.0544 val_metric=0.6590 val_metric_name=acc val_prec_macro=0.5331 val_rec_macro=0.5596
     test_acc=0.6606 test_f1_macro=0.5332 test_f1_weighted=0.6308 test_loss=1.0293 test_metric=0.6606 test_metric_name=acc test_prec_macro=0.5456 test_rec_macro=0.5654
  >> num_layers=4 hidden_dim=384 lr=3e-05 best_step=480 val_acc=0.6549 test_acc=0.6601
     val_acc=0.6549 val_f1_macro=0.5206 val_f1_weighted=0.6232 val_loss=1.0693 val_metric=0.6549 val_metric_name=acc val_prec_macro=0.5361 val_rec_macro=0.5369
     test_acc=0.6601 test_f1_macro=0.5338 test_f1_weighted=0.6296 test_loss=1.0397 test_metric=0.6601 test_metric_name=acc test_prec_macro=0.5542 test_rec_macro=0.5510
  >> num_layers=4 hidden_dim=384 lr=6e-05 best_step=360 val_acc=0.6544 test_acc=0.6550
     val_acc=0.6544 val_f1_macro=0.5321 val_f1_weighted=0.6302 val_loss=1.0945 val_metric=0.6544 val_metric_name=acc val_prec_macro=0.5523 val_rec_macro=0.5446
     test_acc=0.6550 test_f1_macro=0.5413 test_f1_weighted=0.6323 test_loss=1.0575 test_metric=0.6550 test_metric_name=acc test_prec_macro=0.5483 test_rec_macro=0.5588
  >> num_layers=4 hidden_dim=384 lr=0.0001 best_step=160 val_acc=0.6567 test_acc=0.6601
     val_acc=0.6567 val_f1_macro=0.5211 val_f1_weighted=0.6247 val_loss=1.0641 val_metric=0.6567 val_metric_name=acc val_prec_macro=0.5373 val_rec_macro=0.5377
     test_acc=0.6601 test_f1_macro=0.5299 test_f1_weighted=0.6291 test_loss=1.0354 test_metric=0.6601 test_metric_name=acc test_prec_macro=0.5482 test_rec_macro=0.5479
  >> num_layers=4 hidden_dim=384 lr=1e-05 best_step=1200 val_acc=0.6549 test_acc=0.6610
     val_acc=0.6549 val_f1_macro=0.5143 val_f1_weighted=0.6184 val_loss=1.0712 val_metric=0.6549 val_metric_name=acc val_prec_macro=0.5336 val_rec_macro=0.5328
     test_acc=0.6610 test_f1_macro=0.5269 test_f1_weighted=0.6257 test_loss=1.0419 test_metric=0.6610 test_metric_name=acc test_prec_macro=0.5521 test_rec_macro=0.5448
  >> num_layers=4 hidden_dim=512 lr=3e-05 best_step=360 val_acc=0.6581 test_acc=0.6610
     val_acc=0.6581 val_f1_macro=0.5232 val_f1_weighted=0.6247 val_loss=1.0844 val_metric=0.6581 val_metric_name=acc val_prec_macro=0.5438 val_rec_macro=0.5402
     test_acc=0.6610 test_f1_macro=0.5317 test_f1_weighted=0.6290 test_loss=1.0478 test_metric=0.6610 test_metric_name=acc test_prec_macro=0.5564 test_rec_macro=0.5477
  >> num_layers=4 hidden_dim=512 lr=6e-05 best_step=180 val_acc=0.6590 test_acc=0.6604
     val_acc=0.6590 val_f1_macro=0.5202 val_f1_weighted=0.6230 val_loss=1.0832 val_metric=0.6590 val_metric_name=acc val_prec_macro=0.5439 val_rec_macro=0.5377
     test_acc=0.6604 test_f1_macro=0.5290 test_f1_weighted=0.6269 test_loss=1.0477 test_metric=0.6604 test_metric_name=acc test_prec_macro=0.5558 test_rec_macro=0.5448
  >> num_layers=4 hidden_dim=512 lr=0.0001 best_step=110 val_acc=0.6565 test_acc=0.6567
     val_acc=0.6565 val_f1_macro=0.5168 val_f1_weighted=0.6193 val_loss=1.0791 val_metric=0.6565 val_metric_name=acc val_prec_macro=0.5414 val_rec_macro=0.5358
     test_acc=0.6567 test_f1_macro=0.5214 test_f1_weighted=0.6204 test_loss=1.0462 test_metric=0.6567 test_metric_name=acc test_prec_macro=0.5468 test_rec_macro=0.5394
  >> num_layers=4 hidden_dim=512 lr=1e-05 best_step=940 val_acc=0.6586 test_acc=0.6601
     val_acc=0.6586 val_f1_macro=0.5197 val_f1_weighted=0.6224 val_loss=1.0882 val_metric=0.6586 val_metric_name=acc val_prec_macro=0.5452 val_rec_macro=0.5366
     test_acc=0.6601 test_f1_macro=0.5256 test_f1_weighted=0.6249 test_loss=1.0520 test_metric=0.6601 test_metric_name=acc test_prec_macro=0.5533 test_rec_macro=0.5419
  >> selected best (by val): num_layers=4 hidden_dim=256 lr=1e-05 val_acc=0.6590 test_acc=0.6606
     val_acc=0.6590 val_f1_macro=0.5275 val_f1_weighted=0.6285 val_loss=1.0544 val_metric=0.6590 val_metric_name=acc val_prec_macro=0.5331 val_rec_macro=0.5596
     test_acc=0.6606 test_f1_macro=0.5332 test_f1_weighted=0.6308 test_loss=1.0293 test_metric=0.6606 test_metric_name=acc test_prec_macro=0.5456 test_rec_macro=0.5654

Done. Results saved to /home/avshmelev/diploma_yandex_graphs/results_grid/roman_empire/base.csv, checkpoints in /home/avshmelev/diploma_yandex_graphs/all_checkpoints/roman_empire/base/
