Loading data...

============================================================
Training roman-empire ResNet 2L h=256 lr=3e-05 split=3
============================================================
Training for 5000 steps
Step    1 | loss 2.9468 | val_acc=0.1142 val_loss=2.8487 val_f1_macro=0.0366 val_f1_weighted=0.0748 val_prec_macro=0.0655 val_rec_macro=0.0630 val_metric_name=acc val_metric=0.1142
Step   50 | loss 2.0954 | val_acc=0.4604 val_loss=1.8501 val_f1_macro=0.2112 val_f1_weighted=0.3767 val_prec_macro=0.2682 val_rec_macro=0.2407 val_metric_name=acc val_metric=0.4604
Step  100 | loss 1.7065 | val_acc=0.5419 val_loss=1.5024 val_f1_macro=0.2914 val_f1_weighted=0.4665 val_prec_macro=0.3782 val_rec_macro=0.3125 val_metric_name=acc val_metric=0.5419
Step  150 | loss 1.4846 | val_acc=0.5935 val_loss=1.3075 val_f1_macro=0.3905 val_f1_weighted=0.5271 val_prec_macro=0.4573 val_rec_macro=0.4098 val_metric_name=acc val_metric=0.5935
Step  200 | loss 1.3384 | val_acc=0.6210 val_loss=1.2117 val_f1_macro=0.4349 val_f1_weighted=0.5614 val_prec_macro=0.4762 val_rec_macro=0.4494 val_metric_name=acc val_metric=0.6210
Step  250 | loss 1.2465 | val_acc=0.6286 val_loss=1.1655 val_f1_macro=0.4467 val_f1_weighted=0.5716 val_prec_macro=0.5000 val_rec_macro=0.4615 val_metric_name=acc val_metric=0.6286
Step  300 | loss 1.1840 | val_acc=0.6371 val_loss=1.1378 val_f1_macro=0.4596 val_f1_weighted=0.5815 val_prec_macro=0.4958 val_rec_macro=0.4747 val_metric_name=acc val_metric=0.6371
Step  350 | loss 1.1342 | val_acc=0.6408 val_loss=1.1183 val_f1_macro=0.4648 val_f1_weighted=0.5853 val_prec_macro=0.4934 val_rec_macro=0.4901 val_metric_name=acc val_metric=0.6408
Step  400 | loss 1.0966 | val_acc=0.6424 val_loss=1.1030 val_f1_macro=0.4715 val_f1_weighted=0.5894 val_prec_macro=0.5236 val_rec_macro=0.4938 val_metric_name=acc val_metric=0.6424
Step  450 | loss 1.0706 | val_acc=0.6478 val_loss=1.0928 val_f1_macro=0.4850 val_f1_weighted=0.5993 val_prec_macro=0.5399 val_rec_macro=0.5050 val_metric_name=acc val_metric=0.6478
Step  500 | loss 1.0403 | val_acc=0.6489 val_loss=1.0829 val_f1_macro=0.4908 val_f1_weighted=0.6032 val_prec_macro=0.5387 val_rec_macro=0.5089 val_metric_name=acc val_metric=0.6489
Step  550 | loss 1.0199 | val_acc=0.6475 val_loss=1.0752 val_f1_macro=0.4949 val_f1_weighted=0.6046 val_prec_macro=0.5312 val_rec_macro=0.5121 val_metric_name=acc val_metric=0.6475
Step  600 | loss 0.9998 | val_acc=0.6485 val_loss=1.0699 val_f1_macro=0.5037 val_f1_weighted=0.6097 val_prec_macro=0.5359 val_rec_macro=0.5185 val_metric_name=acc val_metric=0.6485
Step  650 | loss 0.9766 | val_acc=0.6489 val_loss=1.0673 val_f1_macro=0.5070 val_f1_weighted=0.6121 val_prec_macro=0.5331 val_rec_macro=0.5220 val_metric_name=acc val_metric=0.6489
Step  700 | loss 0.9538 | val_acc=0.6500 val_loss=1.0669 val_f1_macro=0.5094 val_f1_weighted=0.6142 val_prec_macro=0.5319 val_rec_macro=0.5244 val_metric_name=acc val_metric=0.6500
Step  750 | loss 0.9444 | val_acc=0.6503 val_loss=1.0674 val_f1_macro=0.5121 val_f1_weighted=0.6163 val_prec_macro=0.5334 val_rec_macro=0.5259 val_metric_name=acc val_metric=0.6503
Step  800 | loss 0.9207 | val_acc=0.6508 val_loss=1.0693 val_f1_macro=0.5140 val_f1_weighted=0.6178 val_prec_macro=0.5336 val_rec_macro=0.5275 val_metric_name=acc val_metric=0.6508
Step  850 | loss 0.9078 | val_acc=0.6535 val_loss=1.0724 val_f1_macro=0.5197 val_f1_weighted=0.6219 val_prec_macro=0.5391 val_rec_macro=0.5316 val_metric_name=acc val_metric=0.6535
Step  900 | loss 0.8952 | val_acc=0.6540 val_loss=1.0768 val_f1_macro=0.5238 val_f1_weighted=0.6244 val_prec_macro=0.5420 val_rec_macro=0.5355 val_metric_name=acc val_metric=0.6540
Step  950 | loss 0.8797 | val_acc=0.6545 val_loss=1.0822 val_f1_macro=0.5269 val_f1_weighted=0.6265 val_prec_macro=0.5430 val_rec_macro=0.5383 val_metric_name=acc val_metric=0.6545
Step 1000 | loss 0.8615 | val_acc=0.6531 val_loss=1.0891 val_f1_macro=0.5276 val_f1_weighted=0.6260 val_prec_macro=0.5454 val_rec_macro=0.5388 val_metric_name=acc val_metric=0.6531
Step 1050 | loss 0.8394 | val_acc=0.6530 val_loss=1.0968 val_f1_macro=0.5287 val_f1_weighted=0.6264 val_prec_macro=0.5457 val_rec_macro=0.5397 val_metric_name=acc val_metric=0.6530
Step 1100 | loss 0.8288 | val_acc=0.6531 val_loss=1.1082 val_f1_macro=0.5296 val_f1_weighted=0.6276 val_prec_macro=0.5447 val_rec_macro=0.5399 val_metric_name=acc val_metric=0.6531
Step 1150 | loss 0.8198 | val_acc=0.6507 val_loss=1.1187 val_f1_macro=0.5313 val_f1_weighted=0.6266 val_prec_macro=0.5479 val_rec_macro=0.5403 val_metric_name=acc val_metric=0.6507
Step 1200 | loss 0.8103 | val_acc=0.6521 val_loss=1.1295 val_f1_macro=0.5332 val_f1_weighted=0.6294 val_prec_macro=0.5491 val_rec_macro=0.5420 val_metric_name=acc val_metric=0.6521
Early stopping at step 1230

--- Final (best ckpt @ step 930) ---
  train_acc=0.7206 train_loss=0.8062 train_f1_macro=0.5965 train_f1_weighted=0.6968 train_prec_macro=0.6989 train_rec_macro=0.6018 train_metric_name=acc train_metric=0.7206
  val_acc=0.6549 val_loss=1.0794 val_f1_macro=0.5267 val_f1_weighted=0.6266 val_prec_macro=0.5435 val_rec_macro=0.5379 val_metric_name=acc val_metric=0.6549
  test_acc=0.6631 test_loss=1.0649 test_f1_macro=0.5323 test_f1_weighted=0.6364 test_prec_macro=0.5562 test_rec_macro=0.5430 test_metric_name=acc test_metric=0.6631
  test_acc=0.6631

============================================================
Training roman-empire ResNet 2L h=256 lr=6e-05 split=3
============================================================
Training for 5000 steps
Step    1 | loss 2.9468 | val_acc=0.1439 val_loss=2.8022 val_f1_macro=0.0507 val_f1_weighted=0.1092 val_prec_macro=0.0793 val_rec_macro=0.0746 val_metric_name=acc val_metric=0.1439
Step   50 | loss 1.7346 | val_acc=0.5327 val_loss=1.5423 val_f1_macro=0.2704 val_f1_weighted=0.4551 val_prec_macro=0.3448 val_rec_macro=0.2973 val_metric_name=acc val_metric=0.5327
Step  100 | loss 1.3620 | val_acc=0.6157 val_loss=1.2283 val_f1_macro=0.4288 val_f1_weighted=0.5550 val_prec_macro=0.4712 val_rec_macro=0.4442 val_metric_name=acc val_metric=0.6157
Step  150 | loss 1.1975 | val_acc=0.6321 val_loss=1.1449 val_f1_macro=0.4505 val_f1_weighted=0.5765 val_prec_macro=0.4931 val_rec_macro=0.4649 val_metric_name=acc val_metric=0.6321
Step  200 | loss 1.1071 | val_acc=0.6418 val_loss=1.1083 val_f1_macro=0.4688 val_f1_weighted=0.5879 val_prec_macro=0.5083 val_rec_macro=0.4929 val_metric_name=acc val_metric=0.6418
Step  250 | loss 1.0531 | val_acc=0.6478 val_loss=1.0864 val_f1_macro=0.4872 val_f1_weighted=0.6010 val_prec_macro=0.5356 val_rec_macro=0.5064 val_metric_name=acc val_metric=0.6478
Step  300 | loss 1.0044 | val_acc=0.6485 val_loss=1.0724 val_f1_macro=0.5011 val_f1_weighted=0.6079 val_prec_macro=0.5365 val_rec_macro=0.5164 val_metric_name=acc val_metric=0.6485
Step  350 | loss 0.9617 | val_acc=0.6500 val_loss=1.0664 val_f1_macro=0.5081 val_f1_weighted=0.6131 val_prec_macro=0.5335 val_rec_macro=0.5234 val_metric_name=acc val_metric=0.6500
Step  400 | loss 0.9337 | val_acc=0.6496 val_loss=1.0676 val_f1_macro=0.5131 val_f1_weighted=0.6169 val_prec_macro=0.5329 val_rec_macro=0.5265 val_metric_name=acc val_metric=0.6496
Step  450 | loss 0.9029 | val_acc=0.6524 val_loss=1.0741 val_f1_macro=0.5205 val_f1_weighted=0.6225 val_prec_macro=0.5375 val_rec_macro=0.5330 val_metric_name=acc val_metric=0.6524
Step  500 | loss 0.8728 | val_acc=0.6544 val_loss=1.0852 val_f1_macro=0.5290 val_f1_weighted=0.6266 val_prec_macro=0.5481 val_rec_macro=0.5402 val_metric_name=acc val_metric=0.6544
Step  550 | loss 0.8453 | val_acc=0.6537 val_loss=1.0994 val_f1_macro=0.5312 val_f1_weighted=0.6275 val_prec_macro=0.5507 val_rec_macro=0.5411 val_metric_name=acc val_metric=0.6537
Step  600 | loss 0.8202 | val_acc=0.6519 val_loss=1.1173 val_f1_macro=0.5304 val_f1_weighted=0.6276 val_prec_macro=0.5450 val_rec_macro=0.5416 val_metric_name=acc val_metric=0.6519
Step  650 | loss 0.7973 | val_acc=0.6515 val_loss=1.1391 val_f1_macro=0.5345 val_f1_weighted=0.6306 val_prec_macro=0.5481 val_rec_macro=0.5437 val_metric_name=acc val_metric=0.6515
Step  700 | loss 0.7639 | val_acc=0.6500 val_loss=1.1656 val_f1_macro=0.5323 val_f1_weighted=0.6298 val_prec_macro=0.5432 val_rec_macro=0.5424 val_metric_name=acc val_metric=0.6500
Step  750 | loss 0.7457 | val_acc=0.6475 val_loss=1.1950 val_f1_macro=0.5300 val_f1_weighted=0.6280 val_prec_macro=0.5371 val_rec_macro=0.5422 val_metric_name=acc val_metric=0.6475
Step  800 | loss 0.7188 | val_acc=0.6473 val_loss=1.2255 val_f1_macro=0.5349 val_f1_weighted=0.6290 val_prec_macro=0.5439 val_rec_macro=0.5441 val_metric_name=acc val_metric=0.6473
Early stopping at step 815

--- Final (best ckpt @ step 510) ---
  train_acc=0.7245 train_loss=0.7909 train_f1_macro=0.6064 train_f1_weighted=0.7024 train_prec_macro=0.6892 train_rec_macro=0.6089 train_metric_name=acc train_metric=0.7245
  val_acc=0.6551 val_loss=1.0860 val_f1_macro=0.5300 val_f1_weighted=0.6279 val_prec_macro=0.5493 val_rec_macro=0.5409 val_metric_name=acc val_metric=0.6551
  test_acc=0.6643 test_loss=1.0696 test_f1_macro=0.5381 test_f1_weighted=0.6394 test_prec_macro=0.5692 test_rec_macro=0.5477 test_metric_name=acc test_metric=0.6643
  test_acc=0.6643

============================================================
Training roman-empire ResNet 2L h=256 lr=0.0001 split=3
============================================================
Training for 5000 steps
Step    1 | loss 2.9468 | val_acc=0.1553 val_loss=2.7440 val_f1_macro=0.0538 val_f1_weighted=0.1176 val_prec_macro=0.0770 val_rec_macro=0.0763 val_metric_name=acc val_metric=0.1553
Step   50 | loss 1.4885 | val_acc=0.5853 val_loss=1.3258 val_f1_macro=0.3804 val_f1_weighted=0.5191 val_prec_macro=0.4306 val_rec_macro=0.3988 val_metric_name=acc val_metric=0.5853
Step  100 | loss 1.1776 | val_acc=0.6365 val_loss=1.1381 val_f1_macro=0.4594 val_f1_weighted=0.5813 val_prec_macro=0.4922 val_rec_macro=0.4749 val_metric_name=acc val_metric=0.6365
Step  150 | loss 1.0605 | val_acc=0.6477 val_loss=1.0899 val_f1_macro=0.4852 val_f1_weighted=0.5996 val_prec_macro=0.5367 val_rec_macro=0.5052 val_metric_name=acc val_metric=0.6477
Step  200 | loss 0.9876 | val_acc=0.6485 val_loss=1.0686 val_f1_macro=0.5037 val_f1_weighted=0.6097 val_prec_macro=0.5349 val_rec_macro=0.5187 val_metric_name=acc val_metric=0.6485
Step  250 | loss 0.9364 | val_acc=0.6496 val_loss=1.0678 val_f1_macro=0.5123 val_f1_weighted=0.6164 val_prec_macro=0.5329 val_rec_macro=0.5258 val_metric_name=acc val_metric=0.6496
Step  300 | loss 0.8861 | val_acc=0.6524 val_loss=1.0772 val_f1_macro=0.5239 val_f1_weighted=0.6239 val_prec_macro=0.5398 val_rec_macro=0.5355 val_metric_name=acc val_metric=0.6524
Step  350 | loss 0.8370 | val_acc=0.6530 val_loss=1.1000 val_f1_macro=0.5327 val_f1_weighted=0.6279 val_prec_macro=0.5520 val_rec_macro=0.5417 val_metric_name=acc val_metric=0.6530
Step  400 | loss 0.7999 | val_acc=0.6521 val_loss=1.1341 val_f1_macro=0.5330 val_f1_weighted=0.6306 val_prec_macro=0.5452 val_rec_macro=0.5433 val_metric_name=acc val_metric=0.6521
Step  450 | loss 0.7563 | val_acc=0.6471 val_loss=1.1754 val_f1_macro=0.5322 val_f1_weighted=0.6280 val_prec_macro=0.5422 val_rec_macro=0.5421 val_metric_name=acc val_metric=0.6471
Step  500 | loss 0.7168 | val_acc=0.6473 val_loss=1.2227 val_f1_macro=0.5320 val_f1_weighted=0.6286 val_prec_macro=0.5386 val_rec_macro=0.5444 val_metric_name=acc val_metric=0.6473
Step  550 | loss 0.6847 | val_acc=0.6468 val_loss=1.2745 val_f1_macro=0.5343 val_f1_weighted=0.6286 val_prec_macro=0.5440 val_rec_macro=0.5437 val_metric_name=acc val_metric=0.6468
Step  600 | loss 0.6546 | val_acc=0.6440 val_loss=1.3268 val_f1_macro=0.5315 val_f1_weighted=0.6276 val_prec_macro=0.5367 val_rec_macro=0.5440 val_metric_name=acc val_metric=0.6440
Step  650 | loss 0.6318 | val_acc=0.6436 val_loss=1.3790 val_f1_macro=0.5316 val_f1_weighted=0.6280 val_prec_macro=0.5395 val_rec_macro=0.5409 val_metric_name=acc val_metric=0.6436
Early stopping at step 660

--- Final (best ckpt @ step 360) ---
  train_acc=0.7370 train_loss=0.7493 train_f1_macro=0.6311 train_f1_weighted=0.7184 train_prec_macro=0.7020 train_rec_macro=0.6291 train_metric_name=acc train_metric=0.7370
  val_acc=0.6545 val_loss=1.1058 val_f1_macro=0.5344 val_f1_weighted=0.6293 val_prec_macro=0.5537 val_rec_macro=0.5432 val_metric_name=acc val_metric=0.6545
  test_acc=0.6636 test_loss=1.0838 test_f1_macro=0.5437 test_f1_weighted=0.6413 test_prec_macro=0.5731 test_rec_macro=0.5512 test_metric_name=acc test_metric=0.6636
  test_acc=0.6636

============================================================
Training roman-empire ResNet 2L h=256 lr=1e-05 split=3
============================================================
Training for 5000 steps
Step    1 | loss 2.9468 | val_acc=0.1006 val_loss=2.8809 val_f1_macro=0.0339 val_f1_weighted=0.0693 val_prec_macro=0.0638 val_rec_macro=0.0568 val_metric_name=acc val_metric=0.1006
Step   50 | loss 2.5559 | val_acc=0.3829 val_loss=2.3316 val_f1_macro=0.1603 val_f1_weighted=0.2917 val_prec_macro=0.1510 val_rec_macro=0.1985 val_metric_name=acc val_metric=0.3829
Step  100 | loss 2.2877 | val_acc=0.4199 val_loss=2.0135 val_f1_macro=0.1789 val_f1_weighted=0.3296 val_prec_macro=0.1870 val_rec_macro=0.2144 val_metric_name=acc val_metric=0.4199
Step  150 | loss 2.0673 | val_acc=0.4613 val_loss=1.8075 val_f1_macro=0.2123 val_f1_weighted=0.3788 val_prec_macro=0.2605 val_rec_macro=0.2414 val_metric_name=acc val_metric=0.4613
Step  200 | loss 1.9056 | val_acc=0.5089 val_loss=1.6679 val_f1_macro=0.2511 val_f1_weighted=0.4287 val_prec_macro=0.3281 val_rec_macro=0.2787 val_metric_name=acc val_metric=0.5089
Step  250 | loss 1.7758 | val_acc=0.5317 val_loss=1.5591 val_f1_macro=0.2680 val_f1_weighted=0.4527 val_prec_macro=0.3355 val_rec_macro=0.2956 val_metric_name=acc val_metric=0.5317
Step  300 | loss 1.6833 | val_acc=0.5508 val_loss=1.4698 val_f1_macro=0.2978 val_f1_weighted=0.4747 val_prec_macro=0.3720 val_rec_macro=0.3196 val_metric_name=acc val_metric=0.5508
Step  350 | loss 1.5946 | val_acc=0.5649 val_loss=1.3952 val_f1_macro=0.3315 val_f1_weighted=0.4912 val_prec_macro=0.4357 val_rec_macro=0.3459 val_metric_name=acc val_metric=0.5649
Step  400 | loss 1.5217 | val_acc=0.5820 val_loss=1.3344 val_f1_macro=0.3644 val_f1_weighted=0.5139 val_prec_macro=0.4348 val_rec_macro=0.3810 val_metric_name=acc val_metric=0.5820
Step  450 | loss 1.4640 | val_acc=0.6023 val_loss=1.2867 val_f1_macro=0.4076 val_f1_weighted=0.5396 val_prec_macro=0.4662 val_rec_macro=0.4218 val_metric_name=acc val_metric=0.6023
Step  500 | loss 1.4043 | val_acc=0.6099 val_loss=1.2496 val_f1_macro=0.4221 val_f1_weighted=0.5477 val_prec_macro=0.4680 val_rec_macro=0.4362 val_metric_name=acc val_metric=0.6099
Step  550 | loss 1.3676 | val_acc=0.6191 val_loss=1.2220 val_f1_macro=0.4326 val_f1_weighted=0.5591 val_prec_macro=0.4735 val_rec_macro=0.4470 val_metric_name=acc val_metric=0.6191
Step  600 | loss 1.3281 | val_acc=0.6226 val_loss=1.2002 val_f1_macro=0.4377 val_f1_weighted=0.5637 val_prec_macro=0.4807 val_rec_macro=0.4521 val_metric_name=acc val_metric=0.6226
Step  650 | loss 1.2883 | val_acc=0.6268 val_loss=1.1837 val_f1_macro=0.4445 val_f1_weighted=0.5693 val_prec_macro=0.4822 val_rec_macro=0.4589 val_metric_name=acc val_metric=0.6268
Step  700 | loss 1.2581 | val_acc=0.6286 val_loss=1.1699 val_f1_macro=0.4472 val_f1_weighted=0.5717 val_prec_macro=0.5048 val_rec_macro=0.4615 val_metric_name=acc val_metric=0.6286
Step  750 | loss 1.2391 | val_acc=0.6297 val_loss=1.1586 val_f1_macro=0.4475 val_f1_weighted=0.5728 val_prec_macro=0.5005 val_rec_macro=0.4623 val_metric_name=acc val_metric=0.6297
Step  800 | loss 1.2096 | val_acc=0.6316 val_loss=1.1484 val_f1_macro=0.4494 val_f1_weighted=0.5755 val_prec_macro=0.4957 val_rec_macro=0.4638 val_metric_name=acc val_metric=0.6316
Step  850 | loss 1.1933 | val_acc=0.6360 val_loss=1.1396 val_f1_macro=0.4592 val_f1_weighted=0.5806 val_prec_macro=0.4955 val_rec_macro=0.4740 val_metric_name=acc val_metric=0.6360
Step  900 | loss 1.1762 | val_acc=0.6378 val_loss=1.1319 val_f1_macro=0.4602 val_f1_weighted=0.5821 val_prec_macro=0.4969 val_rec_macro=0.4755 val_metric_name=acc val_metric=0.6378
Step  950 | loss 1.1610 | val_acc=0.6392 val_loss=1.1257 val_f1_macro=0.4630 val_f1_weighted=0.5841 val_prec_macro=0.4994 val_rec_macro=0.4784 val_metric_name=acc val_metric=0.6392
Step 1000 | loss 1.1437 | val_acc=0.6401 val_loss=1.1190 val_f1_macro=0.4638 val_f1_weighted=0.5843 val_prec_macro=0.4918 val_rec_macro=0.4893 val_metric_name=acc val_metric=0.6401
Step 1050 | loss 1.1190 | val_acc=0.6404 val_loss=1.1132 val_f1_macro=0.4654 val_f1_weighted=0.5856 val_prec_macro=0.5064 val_rec_macro=0.4901 val_metric_name=acc val_metric=0.6404
Step 1100 | loss 1.1093 | val_acc=0.6418 val_loss=1.1086 val_f1_macro=0.4678 val_f1_weighted=0.5873 val_prec_macro=0.5081 val_rec_macro=0.4921 val_metric_name=acc val_metric=0.6418
Step 1150 | loss 1.0996 | val_acc=0.6415 val_loss=1.1037 val_f1_macro=0.4702 val_f1_weighted=0.5878 val_prec_macro=0.5228 val_rec_macro=0.4929 val_metric_name=acc val_metric=0.6415
Step 1200 | loss 1.0875 | val_acc=0.6432 val_loss=1.0990 val_f1_macro=0.4740 val_f1_weighted=0.5912 val_prec_macro=0.5272 val_rec_macro=0.4953 val_metric_name=acc val_metric=0.6432
Step 1250 | loss 1.0768 | val_acc=0.6452 val_loss=1.0946 val_f1_macro=0.4771 val_f1_weighted=0.5945 val_prec_macro=0.5307 val_rec_macro=0.4971 val_metric_name=acc val_metric=0.6452
Step 1300 | loss 1.0644 | val_acc=0.6482 val_loss=1.0913 val_f1_macro=0.4845 val_f1_weighted=0.5993 val_prec_macro=0.5402 val_rec_macro=0.5047 val_metric_name=acc val_metric=0.6482
Step 1350 | loss 1.0586 | val_acc=0.6480 val_loss=1.0873 val_f1_macro=0.4868 val_f1_weighted=0.6004 val_prec_macro=0.5384 val_rec_macro=0.5064 val_metric_name=acc val_metric=0.6480
Step 1400 | loss 1.0433 | val_acc=0.6487 val_loss=1.0841 val_f1_macro=0.4895 val_f1_weighted=0.6022 val_prec_macro=0.5390 val_rec_macro=0.5083 val_metric_name=acc val_metric=0.6487
Step 1450 | loss 1.0420 | val_acc=0.6485 val_loss=1.0814 val_f1_macro=0.4909 val_f1_weighted=0.6031 val_prec_macro=0.5367 val_rec_macro=0.5090 val_metric_name=acc val_metric=0.6485
Step 1500 | loss 1.0269 | val_acc=0.6487 val_loss=1.0785 val_f1_macro=0.4911 val_f1_weighted=0.6036 val_prec_macro=0.5323 val_rec_macro=0.5098 val_metric_name=acc val_metric=0.6487
Step 1550 | loss 1.0224 | val_acc=0.6470 val_loss=1.0761 val_f1_macro=0.4937 val_f1_weighted=0.6035 val_prec_macro=0.5322 val_rec_macro=0.5116 val_metric_name=acc val_metric=0.6470
Step 1600 | loss 1.0125 | val_acc=0.6473 val_loss=1.0739 val_f1_macro=0.4977 val_f1_weighted=0.6055 val_prec_macro=0.5356 val_rec_macro=0.5139 val_metric_name=acc val_metric=0.6473
Step 1650 | loss 1.0063 | val_acc=0.6482 val_loss=1.0723 val_f1_macro=0.5005 val_f1_weighted=0.6075 val_prec_macro=0.5359 val_rec_macro=0.5157 val_metric_name=acc val_metric=0.6482
Step 1700 | loss 0.9986 | val_acc=0.6484 val_loss=1.0710 val_f1_macro=0.5030 val_f1_weighted=0.6090 val_prec_macro=0.5359 val_rec_macro=0.5181 val_metric_name=acc val_metric=0.6484
Step 1750 | loss 0.9958 | val_acc=0.6475 val_loss=1.0697 val_f1_macro=0.5033 val_f1_weighted=0.6092 val_prec_macro=0.5301 val_rec_macro=0.5193 val_metric_name=acc val_metric=0.6475
Step 1800 | loss 0.9794 | val_acc=0.6491 val_loss=1.0691 val_f1_macro=0.5064 val_f1_weighted=0.6114 val_prec_macro=0.5332 val_rec_macro=0.5218 val_metric_name=acc val_metric=0.6491
Step 1850 | loss 0.9787 | val_acc=0.6492 val_loss=1.0676 val_f1_macro=0.5075 val_f1_weighted=0.6122 val_prec_macro=0.5337 val_rec_macro=0.5224 val_metric_name=acc val_metric=0.6492
Step 1900 | loss 0.9630 | val_acc=0.6498 val_loss=1.0671 val_f1_macro=0.5080 val_f1_weighted=0.6130 val_prec_macro=0.5329 val_rec_macro=0.5231 val_metric_name=acc val_metric=0.6498
Step 1950 | loss 0.9648 | val_acc=0.6501 val_loss=1.0668 val_f1_macro=0.5096 val_f1_weighted=0.6143 val_prec_macro=0.5331 val_rec_macro=0.5245 val_metric_name=acc val_metric=0.6501
Step 2000 | loss 0.9597 | val_acc=0.6500 val_loss=1.0672 val_f1_macro=0.5097 val_f1_weighted=0.6142 val_prec_macro=0.5326 val_rec_macro=0.5246 val_metric_name=acc val_metric=0.6500
Step 2050 | loss 0.9486 | val_acc=0.6517 val_loss=1.0669 val_f1_macro=0.5131 val_f1_weighted=0.6173 val_prec_macro=0.5355 val_rec_macro=0.5270 val_metric_name=acc val_metric=0.6517
Step 2100 | loss 0.9415 | val_acc=0.6515 val_loss=1.0674 val_f1_macro=0.5135 val_f1_weighted=0.6175 val_prec_macro=0.5359 val_rec_macro=0.5269 val_metric_name=acc val_metric=0.6515
Step 2150 | loss 0.9350 | val_acc=0.6507 val_loss=1.0673 val_f1_macro=0.5136 val_f1_weighted=0.6171 val_prec_macro=0.5350 val_rec_macro=0.5271 val_metric_name=acc val_metric=0.6507
Step 2200 | loss 0.9261 | val_acc=0.6505 val_loss=1.0686 val_f1_macro=0.5139 val_f1_weighted=0.6175 val_prec_macro=0.5344 val_rec_macro=0.5272 val_metric_name=acc val_metric=0.6505
Step 2250 | loss 0.9159 | val_acc=0.6501 val_loss=1.0688 val_f1_macro=0.5140 val_f1_weighted=0.6173 val_prec_macro=0.5331 val_rec_macro=0.5274 val_metric_name=acc val_metric=0.6501
Step 2300 | loss 0.9185 | val_acc=0.6510 val_loss=1.0700 val_f1_macro=0.5164 val_f1_weighted=0.6190 val_prec_macro=0.5346 val_rec_macro=0.5294 val_metric_name=acc val_metric=0.6510
Step 2350 | loss 0.9033 | val_acc=0.6526 val_loss=1.0710 val_f1_macro=0.5190 val_f1_weighted=0.6211 val_prec_macro=0.5372 val_rec_macro=0.5314 val_metric_name=acc val_metric=0.6526
Step 2400 | loss 0.9062 | val_acc=0.6528 val_loss=1.0734 val_f1_macro=0.5203 val_f1_weighted=0.6218 val_prec_macro=0.5380 val_rec_macro=0.5328 val_metric_name=acc val_metric=0.6528
Step 2450 | loss 0.8968 | val_acc=0.6538 val_loss=1.0746 val_f1_macro=0.5225 val_f1_weighted=0.6236 val_prec_macro=0.5403 val_rec_macro=0.5345 val_metric_name=acc val_metric=0.6538
Step 2500 | loss 0.8926 | val_acc=0.6531 val_loss=1.0768 val_f1_macro=0.5226 val_f1_weighted=0.6234 val_prec_macro=0.5399 val_rec_macro=0.5345 val_metric_name=acc val_metric=0.6531
Step 2550 | loss 0.8884 | val_acc=0.6545 val_loss=1.0793 val_f1_macro=0.5262 val_f1_weighted=0.6257 val_prec_macro=0.5432 val_rec_macro=0.5376 val_metric_name=acc val_metric=0.6545
Step 2600 | loss 0.8806 | val_acc=0.6549 val_loss=1.0807 val_f1_macro=0.5268 val_f1_weighted=0.6266 val_prec_macro=0.5425 val_rec_macro=0.5388 val_metric_name=acc val_metric=0.6549
Step 2650 | loss 0.8714 | val_acc=0.6538 val_loss=1.0830 val_f1_macro=0.5260 val_f1_weighted=0.6258 val_prec_macro=0.5406 val_rec_macro=0.5384 val_metric_name=acc val_metric=0.6538
Step 2700 | loss 0.8710 | val_acc=0.6535 val_loss=1.0864 val_f1_macro=0.5275 val_f1_weighted=0.6261 val_prec_macro=0.5444 val_rec_macro=0.5391 val_metric_name=acc val_metric=0.6535
Step 2750 | loss 0.8720 | val_acc=0.6535 val_loss=1.0893 val_f1_macro=0.5304 val_f1_weighted=0.6266 val_prec_macro=0.5514 val_rec_macro=0.5411 val_metric_name=acc val_metric=0.6535
Step 2800 | loss 0.8534 | val_acc=0.6547 val_loss=1.0918 val_f1_macro=0.5316 val_f1_weighted=0.6282 val_prec_macro=0.5534 val_rec_macro=0.5418 val_metric_name=acc val_metric=0.6547
Step 2850 | loss 0.8549 | val_acc=0.6544 val_loss=1.0953 val_f1_macro=0.5321 val_f1_weighted=0.6283 val_prec_macro=0.5537 val_rec_macro=0.5422 val_metric_name=acc val_metric=0.6544
Step 2900 | loss 0.8542 | val_acc=0.6540 val_loss=1.0983 val_f1_macro=0.5314 val_f1_weighted=0.6278 val_prec_macro=0.5526 val_rec_macro=0.5415 val_metric_name=acc val_metric=0.6540
Early stopping at step 2920

--- Final (best ckpt @ step 2620) ---
  train_acc=0.7217 train_loss=0.8035 train_f1_macro=0.5988 train_f1_weighted=0.6979 train_prec_macro=0.7015 train_rec_macro=0.6035 train_metric_name=acc train_metric=0.7217
  val_acc=0.6554 val_loss=1.0821 val_f1_macro=0.5269 val_f1_weighted=0.6269 val_prec_macro=0.5424 val_rec_macro=0.5391 val_metric_name=acc val_metric=0.6554
  test_acc=0.6631 test_loss=1.0670 test_f1_macro=0.5333 test_f1_weighted=0.6364 test_prec_macro=0.5538 test_rec_macro=0.5447 test_metric_name=acc test_metric=0.6631
  test_acc=0.6631

============================================================
Training roman-empire ResNet 2L h=384 lr=3e-05 split=3
============================================================
Training for 5000 steps
Step    1 | loss 3.1177 | val_acc=0.0515 val_loss=3.0322 val_f1_macro=0.0186 val_f1_weighted=0.0238 val_prec_macro=0.0486 val_rec_macro=0.0398 val_metric_name=acc val_metric=0.0515
Step   50 | loss 1.8864 | val_acc=0.4902 val_loss=1.6792 val_f1_macro=0.2358 val_f1_weighted=0.4174 val_prec_macro=0.2705 val_rec_macro=0.2622 val_metric_name=acc val_metric=0.4902
Step  100 | loss 1.5128 | val_acc=0.5744 val_loss=1.3530 val_f1_macro=0.3780 val_f1_weighted=0.5087 val_prec_macro=0.4689 val_rec_macro=0.4068 val_metric_name=acc val_metric=0.5744
Step  150 | loss 1.3114 | val_acc=0.6207 val_loss=1.2177 val_f1_macro=0.4395 val_f1_weighted=0.5624 val_prec_macro=0.5316 val_rec_macro=0.4546 val_metric_name=acc val_metric=0.6207
Step  200 | loss 1.2009 | val_acc=0.6358 val_loss=1.1638 val_f1_macro=0.4586 val_f1_weighted=0.5784 val_prec_macro=0.5176 val_rec_macro=0.4765 val_metric_name=acc val_metric=0.6358
Step  250 | loss 1.1285 | val_acc=0.6411 val_loss=1.1335 val_f1_macro=0.4688 val_f1_weighted=0.5866 val_prec_macro=0.5247 val_rec_macro=0.4935 val_metric_name=acc val_metric=0.6411
Step  300 | loss 1.0830 | val_acc=0.6461 val_loss=1.1150 val_f1_macro=0.4812 val_f1_weighted=0.5962 val_prec_macro=0.5310 val_rec_macro=0.5013 val_metric_name=acc val_metric=0.6461
Step  350 | loss 1.0419 | val_acc=0.6461 val_loss=1.0998 val_f1_macro=0.4908 val_f1_weighted=0.6015 val_prec_macro=0.5305 val_rec_macro=0.5102 val_metric_name=acc val_metric=0.6461
Step  400 | loss 1.0078 | val_acc=0.6468 val_loss=1.0915 val_f1_macro=0.4994 val_f1_weighted=0.6061 val_prec_macro=0.5436 val_rec_macro=0.5159 val_metric_name=acc val_metric=0.6468
Step  450 | loss 0.9838 | val_acc=0.6482 val_loss=1.0865 val_f1_macro=0.5084 val_f1_weighted=0.6107 val_prec_macro=0.5515 val_rec_macro=0.5223 val_metric_name=acc val_metric=0.6482
Step  500 | loss 0.9535 | val_acc=0.6496 val_loss=1.0859 val_f1_macro=0.5158 val_f1_weighted=0.6156 val_prec_macro=0.5496 val_rec_macro=0.5287 val_metric_name=acc val_metric=0.6496
Step  550 | loss 0.9292 | val_acc=0.6496 val_loss=1.0854 val_f1_macro=0.5204 val_f1_weighted=0.6179 val_prec_macro=0.5468 val_rec_macro=0.5335 val_metric_name=acc val_metric=0.6496
Step  600 | loss 0.9068 | val_acc=0.6528 val_loss=1.0893 val_f1_macro=0.5269 val_f1_weighted=0.6232 val_prec_macro=0.5488 val_rec_macro=0.5385 val_metric_name=acc val_metric=0.6528
Step  650 | loss 0.8813 | val_acc=0.6537 val_loss=1.0946 val_f1_macro=0.5328 val_f1_weighted=0.6271 val_prec_macro=0.5538 val_rec_macro=0.5425 val_metric_name=acc val_metric=0.6537
Step  700 | loss 0.8657 | val_acc=0.6528 val_loss=1.1031 val_f1_macro=0.5333 val_f1_weighted=0.6274 val_prec_macro=0.5516 val_rec_macro=0.5430 val_metric_name=acc val_metric=0.6528
Step  750 | loss 0.8444 | val_acc=0.6531 val_loss=1.1144 val_f1_macro=0.5329 val_f1_weighted=0.6291 val_prec_macro=0.5455 val_rec_macro=0.5453 val_metric_name=acc val_metric=0.6531
Step  800 | loss 0.8304 | val_acc=0.6567 val_loss=1.1267 val_f1_macro=0.5388 val_f1_weighted=0.6337 val_prec_macro=0.5531 val_rec_macro=0.5496 val_metric_name=acc val_metric=0.6567
Step  850 | loss 0.7975 | val_acc=0.6549 val_loss=1.1406 val_f1_macro=0.5376 val_f1_weighted=0.6331 val_prec_macro=0.5502 val_rec_macro=0.5476 val_metric_name=acc val_metric=0.6549
Step  900 | loss 0.7840 | val_acc=0.6538 val_loss=1.1566 val_f1_macro=0.5365 val_f1_weighted=0.6327 val_prec_macro=0.5447 val_rec_macro=0.5487 val_metric_name=acc val_metric=0.6538
Step  950 | loss 0.7628 | val_acc=0.6544 val_loss=1.1756 val_f1_macro=0.5410 val_f1_weighted=0.6349 val_prec_macro=0.5498 val_rec_macro=0.5522 val_metric_name=acc val_metric=0.6544
Step 1000 | loss 0.7400 | val_acc=0.6538 val_loss=1.1969 val_f1_macro=0.5400 val_f1_weighted=0.6343 val_prec_macro=0.5472 val_rec_macro=0.5517 val_metric_name=acc val_metric=0.6538
Step 1050 | loss 0.7214 | val_acc=0.6537 val_loss=1.2181 val_f1_macro=0.5394 val_f1_weighted=0.6342 val_prec_macro=0.5470 val_rec_macro=0.5508 val_metric_name=acc val_metric=0.6537
Step 1100 | loss 0.6968 | val_acc=0.6503 val_loss=1.2404 val_f1_macro=0.5359 val_f1_weighted=0.6318 val_prec_macro=0.5425 val_rec_macro=0.5468 val_metric_name=acc val_metric=0.6503
Early stopping at step 1100

--- Final (best ckpt @ step 800) ---
  train_acc=0.7392 train_loss=0.7471 train_f1_macro=0.6416 train_f1_weighted=0.7225 train_prec_macro=0.6989 train_rec_macro=0.6422 train_metric_name=acc train_metric=0.7392
  val_acc=0.6567 val_loss=1.1267 val_f1_macro=0.5388 val_f1_weighted=0.6337 val_prec_macro=0.5531 val_rec_macro=0.5496 val_metric_name=acc val_metric=0.6567
  test_acc=0.6652 test_loss=1.1078 test_f1_macro=0.5440 test_f1_weighted=0.6425 test_prec_macro=0.5636 test_rec_macro=0.5563 test_metric_name=acc test_metric=0.6652
  test_acc=0.6652

============================================================
Training roman-empire ResNet 2L h=384 lr=6e-05 split=3
============================================================
Training for 5000 steps
Step    1 | loss 3.1177 | val_acc=0.0639 val_loss=2.9304 val_f1_macro=0.0214 val_f1_weighted=0.0328 val_prec_macro=0.0411 val_rec_macro=0.0423 val_metric_name=acc val_metric=0.0639
Step   50 | loss 1.5517 | val_acc=0.5624 val_loss=1.3939 val_f1_macro=0.3886 val_f1_weighted=0.5065 val_prec_macro=0.4353 val_rec_macro=0.4130 val_metric_name=acc val_metric=0.5624
Step  100 | loss 1.2199 | val_acc=0.6321 val_loss=1.1764 val_f1_macro=0.4577 val_f1_weighted=0.5757 val_prec_macro=0.5227 val_rec_macro=0.4752 val_metric_name=acc val_metric=0.6321
Step  150 | loss 1.0975 | val_acc=0.6450 val_loss=1.1197 val_f1_macro=0.4776 val_f1_weighted=0.5938 val_prec_macro=0.5287 val_rec_macro=0.4988 val_metric_name=acc val_metric=0.6450
Step  200 | loss 1.0235 | val_acc=0.6466 val_loss=1.0942 val_f1_macro=0.4983 val_f1_weighted=0.6051 val_prec_macro=0.5449 val_rec_macro=0.5154 val_metric_name=acc val_metric=0.6466
Step  250 | loss 0.9654 | val_acc=0.6492 val_loss=1.0835 val_f1_macro=0.5128 val_f1_weighted=0.6137 val_prec_macro=0.5528 val_rec_macro=0.5255 val_metric_name=acc val_metric=0.6492
Step  300 | loss 0.9238 | val_acc=0.6510 val_loss=1.0851 val_f1_macro=0.5245 val_f1_weighted=0.6204 val_prec_macro=0.5520 val_rec_macro=0.5367 val_metric_name=acc val_metric=0.6510
Step  350 | loss 0.8805 | val_acc=0.6524 val_loss=1.0929 val_f1_macro=0.5327 val_f1_weighted=0.6266 val_prec_macro=0.5521 val_rec_macro=0.5425 val_metric_name=acc val_metric=0.6524
Step  400 | loss 0.8354 | val_acc=0.6538 val_loss=1.1124 val_f1_macro=0.5369 val_f1_weighted=0.6302 val_prec_macro=0.5550 val_rec_macro=0.5460 val_metric_name=acc val_metric=0.6538
Step  450 | loss 0.8022 | val_acc=0.6556 val_loss=1.1398 val_f1_macro=0.5393 val_f1_weighted=0.6337 val_prec_macro=0.5510 val_rec_macro=0.5499 val_metric_name=acc val_metric=0.6556
Step  500 | loss 0.7639 | val_acc=0.6540 val_loss=1.1717 val_f1_macro=0.5401 val_f1_weighted=0.6342 val_prec_macro=0.5490 val_rec_macro=0.5516 val_metric_name=acc val_metric=0.6540
Step  550 | loss 0.7278 | val_acc=0.6537 val_loss=1.2108 val_f1_macro=0.5404 val_f1_weighted=0.6339 val_prec_macro=0.5491 val_rec_macro=0.5518 val_metric_name=acc val_metric=0.6537
Step  600 | loss 0.6936 | val_acc=0.6500 val_loss=1.2558 val_f1_macro=0.5371 val_f1_weighted=0.6318 val_prec_macro=0.5432 val_rec_macro=0.5485 val_metric_name=acc val_metric=0.6500
Step  650 | loss 0.6549 | val_acc=0.6480 val_loss=1.3057 val_f1_macro=0.5347 val_f1_weighted=0.6307 val_prec_macro=0.5404 val_rec_macro=0.5464 val_metric_name=acc val_metric=0.6480
Step  700 | loss 0.6348 | val_acc=0.6492 val_loss=1.3562 val_f1_macro=0.5355 val_f1_weighted=0.6323 val_prec_macro=0.5409 val_rec_macro=0.5466 val_metric_name=acc val_metric=0.6492
Step  750 | loss 0.6105 | val_acc=0.6468 val_loss=1.4019 val_f1_macro=0.5335 val_f1_weighted=0.6307 val_prec_macro=0.5379 val_rec_macro=0.5451 val_metric_name=acc val_metric=0.6468
Early stopping at step 750

--- Final (best ckpt @ step 450) ---
  train_acc=0.7472 train_loss=0.7229 train_f1_macro=0.6535 train_f1_weighted=0.7325 train_prec_macro=0.7050 train_rec_macro=0.6522 train_metric_name=acc train_metric=0.7472
  val_acc=0.6556 val_loss=1.1398 val_f1_macro=0.5393 val_f1_weighted=0.6337 val_prec_macro=0.5510 val_rec_macro=0.5499 val_metric_name=acc val_metric=0.6556
  test_acc=0.6634 test_loss=1.1185 test_f1_macro=0.5438 test_f1_weighted=0.6421 test_prec_macro=0.5581 test_rec_macro=0.5555 test_metric_name=acc test_metric=0.6634
  test_acc=0.6634

============================================================
Training roman-empire ResNet 2L h=384 lr=0.0001 split=3
============================================================
Training for 5000 steps
Step    1 | loss 3.1177 | val_acc=0.1184 val_loss=2.8057 val_f1_macro=0.0408 val_f1_weighted=0.0818 val_prec_macro=0.0530 val_rec_macro=0.0613 val_metric_name=acc val_metric=0.1184
Step   50 | loss 1.3303 | val_acc=0.6108 val_loss=1.2396 val_f1_macro=0.4317 val_f1_weighted=0.5516 val_prec_macro=0.5155 val_rec_macro=0.4475 val_metric_name=acc val_metric=0.6108
Step  100 | loss 1.0848 | val_acc=0.6450 val_loss=1.1139 val_f1_macro=0.4782 val_f1_weighted=0.5940 val_prec_macro=0.5280 val_rec_macro=0.4998 val_metric_name=acc val_metric=0.6450
Step  150 | loss 0.9838 | val_acc=0.6480 val_loss=1.0839 val_f1_macro=0.5105 val_f1_weighted=0.6112 val_prec_macro=0.5576 val_rec_macro=0.5239 val_metric_name=acc val_metric=0.6480
Step  200 | loss 0.9110 | val_acc=0.6505 val_loss=1.0849 val_f1_macro=0.5248 val_f1_weighted=0.6206 val_prec_macro=0.5471 val_rec_macro=0.5369 val_metric_name=acc val_metric=0.6505
Step  250 | loss 0.8465 | val_acc=0.6538 val_loss=1.1054 val_f1_macro=0.5356 val_f1_weighted=0.6298 val_prec_macro=0.5537 val_rec_macro=0.5449 val_metric_name=acc val_metric=0.6538
Step  300 | loss 0.7876 | val_acc=0.6533 val_loss=1.1513 val_f1_macro=0.5387 val_f1_weighted=0.6325 val_prec_macro=0.5474 val_rec_macro=0.5510 val_metric_name=acc val_metric=0.6533
Step  350 | loss 0.7272 | val_acc=0.6523 val_loss=1.2062 val_f1_macro=0.5394 val_f1_weighted=0.6335 val_prec_macro=0.5471 val_rec_macro=0.5508 val_metric_name=acc val_metric=0.6523
Step  400 | loss 0.6674 | val_acc=0.6487 val_loss=1.2816 val_f1_macro=0.5360 val_f1_weighted=0.6318 val_prec_macro=0.5424 val_rec_macro=0.5469 val_metric_name=acc val_metric=0.6487
Step  450 | loss 0.6284 | val_acc=0.6468 val_loss=1.3656 val_f1_macro=0.5343 val_f1_weighted=0.6300 val_prec_macro=0.5389 val_rec_macro=0.5460 val_metric_name=acc val_metric=0.6468
Step  500 | loss 0.5901 | val_acc=0.6454 val_loss=1.4336 val_f1_macro=0.5334 val_f1_weighted=0.6299 val_prec_macro=0.5391 val_rec_macro=0.5444 val_metric_name=acc val_metric=0.6454
Step  550 | loss 0.5657 | val_acc=0.6436 val_loss=1.4972 val_f1_macro=0.5307 val_f1_weighted=0.6280 val_prec_macro=0.5359 val_rec_macro=0.5418 val_metric_name=acc val_metric=0.6436
Early stopping at step 588

--- Final (best ckpt @ step 280) ---
  train_acc=0.7416 train_loss=0.7371 train_f1_macro=0.6454 train_f1_weighted=0.7255 train_prec_macro=0.6993 train_rec_macro=0.6459 train_metric_name=acc train_metric=0.7416
  val_acc=0.6545 val_loss=1.1292 val_f1_macro=0.5389 val_f1_weighted=0.6321 val_prec_macro=0.5519 val_rec_macro=0.5494 val_metric_name=acc val_metric=0.6545
  test_acc=0.6631 test_loss=1.1092 test_f1_macro=0.5424 test_f1_weighted=0.6412 test_prec_macro=0.5582 test_rec_macro=0.5544 test_metric_name=acc test_metric=0.6631
  test_acc=0.6631

============================================================
Training roman-empire ResNet 2L h=384 lr=1e-05 split=3
============================================================
Training for 5000 steps
Step    1 | loss 3.1177 | val_acc=0.0477 val_loss=3.1035 val_f1_macro=0.0187 val_f1_weighted=0.0225 val_prec_macro=0.0558 val_rec_macro=0.0394 val_metric_name=acc val_metric=0.0477
Step   50 | loss 2.4136 | val_acc=0.3963 val_loss=2.1390 val_f1_macro=0.1734 val_f1_weighted=0.3173 val_prec_macro=0.1649 val_rec_macro=0.2031 val_metric_name=acc val_metric=0.3963
Step  100 | loss 2.0731 | val_acc=0.4568 val_loss=1.8133 val_f1_macro=0.2135 val_f1_weighted=0.3831 val_prec_macro=0.2150 val_rec_macro=0.2405 val_metric_name=acc val_metric=0.4568
Step  150 | loss 1.8499 | val_acc=0.5077 val_loss=1.6302 val_f1_macro=0.2487 val_f1_weighted=0.4339 val_prec_macro=0.3249 val_rec_macro=0.2772 val_metric_name=acc val_metric=0.5077
Step  200 | loss 1.6978 | val_acc=0.5345 val_loss=1.4962 val_f1_macro=0.2962 val_f1_weighted=0.4680 val_prec_macro=0.3793 val_rec_macro=0.3125 val_metric_name=acc val_metric=0.5345
Step  250 | loss 1.5803 | val_acc=0.5666 val_loss=1.3953 val_f1_macro=0.3672 val_f1_weighted=0.5030 val_prec_macro=0.4673 val_rec_macro=0.3822 val_metric_name=acc val_metric=0.5666
Step  300 | loss 1.4831 | val_acc=0.5887 val_loss=1.3201 val_f1_macro=0.3946 val_f1_weighted=0.5238 val_prec_macro=0.4661 val_rec_macro=0.4147 val_metric_name=acc val_metric=0.5887
Step  350 | loss 1.3997 | val_acc=0.6023 val_loss=1.2662 val_f1_macro=0.4244 val_f1_weighted=0.5419 val_prec_macro=0.5245 val_rec_macro=0.4391 val_metric_name=acc val_metric=0.6023
Step  400 | loss 1.3400 | val_acc=0.6150 val_loss=1.2296 val_f1_macro=0.4353 val_f1_weighted=0.5551 val_prec_macro=0.5346 val_rec_macro=0.4511 val_metric_name=acc val_metric=0.6150
Step  450 | loss 1.2910 | val_acc=0.6244 val_loss=1.2029 val_f1_macro=0.4426 val_f1_weighted=0.5646 val_prec_macro=0.5726 val_rec_macro=0.4609 val_metric_name=acc val_metric=0.6244
Step  500 | loss 1.2419 | val_acc=0.6312 val_loss=1.1834 val_f1_macro=0.4539 val_f1_weighted=0.5725 val_prec_macro=0.5616 val_rec_macro=0.4734 val_metric_name=acc val_metric=0.6312
Step  550 | loss 1.2127 | val_acc=0.6351 val_loss=1.1675 val_f1_macro=0.4561 val_f1_weighted=0.5760 val_prec_macro=0.5275 val_rec_macro=0.4758 val_metric_name=acc val_metric=0.6351
Step  600 | loss 1.1821 | val_acc=0.6362 val_loss=1.1544 val_f1_macro=0.4598 val_f1_weighted=0.5783 val_prec_macro=0.5148 val_rec_macro=0.4875 val_metric_name=acc val_metric=0.6362
Step  650 | loss 1.1557 | val_acc=0.6392 val_loss=1.1440 val_f1_macro=0.4643 val_f1_weighted=0.5829 val_prec_macro=0.5175 val_rec_macro=0.4905 val_metric_name=acc val_metric=0.6392
Step  700 | loss 1.1401 | val_acc=0.6406 val_loss=1.1350 val_f1_macro=0.4683 val_f1_weighted=0.5859 val_prec_macro=0.5270 val_rec_macro=0.4930 val_metric_name=acc val_metric=0.6406
Step  750 | loss 1.1193 | val_acc=0.6427 val_loss=1.1270 val_f1_macro=0.4726 val_f1_weighted=0.5896 val_prec_macro=0.5363 val_rec_macro=0.4959 val_metric_name=acc val_metric=0.6427
Step  800 | loss 1.1064 | val_acc=0.6450 val_loss=1.1212 val_f1_macro=0.4774 val_f1_weighted=0.5932 val_prec_macro=0.5386 val_rec_macro=0.4990 val_metric_name=acc val_metric=0.6450
Step  850 | loss 1.0794 | val_acc=0.6455 val_loss=1.1148 val_f1_macro=0.4804 val_f1_weighted=0.5953 val_prec_macro=0.5312 val_rec_macro=0.5007 val_metric_name=acc val_metric=0.6455
Step  900 | loss 1.0684 | val_acc=0.6454 val_loss=1.1101 val_f1_macro=0.4825 val_f1_weighted=0.5967 val_prec_macro=0.5288 val_rec_macro=0.5022 val_metric_name=acc val_metric=0.6454
Step  950 | loss 1.0564 | val_acc=0.6468 val_loss=1.1047 val_f1_macro=0.4891 val_f1_weighted=0.6007 val_prec_macro=0.5309 val_rec_macro=0.5093 val_metric_name=acc val_metric=0.6468
Step 1000 | loss 1.0354 | val_acc=0.6455 val_loss=1.1016 val_f1_macro=0.4915 val_f1_weighted=0.6016 val_prec_macro=0.5287 val_rec_macro=0.5108 val_metric_name=acc val_metric=0.6455
Step 1050 | loss 1.0342 | val_acc=0.6473 val_loss=1.0980 val_f1_macro=0.4953 val_f1_weighted=0.6045 val_prec_macro=0.5333 val_rec_macro=0.5137 val_metric_name=acc val_metric=0.6473
Step 1100 | loss 1.0150 | val_acc=0.6475 val_loss=1.0948 val_f1_macro=0.4993 val_f1_weighted=0.6062 val_prec_macro=0.5605 val_rec_macro=0.5161 val_metric_name=acc val_metric=0.6475
Step 1150 | loss 1.0005 | val_acc=0.6461 val_loss=1.0923 val_f1_macro=0.5002 val_f1_weighted=0.6061 val_prec_macro=0.5409 val_rec_macro=0.5165 val_metric_name=acc val_metric=0.6461
Step 1200 | loss 0.9944 | val_acc=0.6468 val_loss=1.0901 val_f1_macro=0.5035 val_f1_weighted=0.6079 val_prec_macro=0.5426 val_rec_macro=0.5190 val_metric_name=acc val_metric=0.6468
Step 1250 | loss 0.9872 | val_acc=0.6471 val_loss=1.0883 val_f1_macro=0.5062 val_f1_weighted=0.6092 val_prec_macro=0.5480 val_rec_macro=0.5204 val_metric_name=acc val_metric=0.6471
Step 1300 | loss 0.9728 | val_acc=0.6496 val_loss=1.0875 val_f1_macro=0.5113 val_f1_weighted=0.6130 val_prec_macro=0.5516 val_rec_macro=0.5240 val_metric_name=acc val_metric=0.6496
Step 1350 | loss 0.9688 | val_acc=0.6496 val_loss=1.0862 val_f1_macro=0.5131 val_f1_weighted=0.6142 val_prec_macro=0.5478 val_rec_macro=0.5260 val_metric_name=acc val_metric=0.6496
Step 1400 | loss 0.9536 | val_acc=0.6498 val_loss=1.0860 val_f1_macro=0.5164 val_f1_weighted=0.6160 val_prec_macro=0.5498 val_rec_macro=0.5289 val_metric_name=acc val_metric=0.6498
Step 1450 | loss 0.9486 | val_acc=0.6487 val_loss=1.0863 val_f1_macro=0.5178 val_f1_weighted=0.6162 val_prec_macro=0.5490 val_rec_macro=0.5299 val_metric_name=acc val_metric=0.6487
Step 1500 | loss 0.9299 | val_acc=0.6507 val_loss=1.0869 val_f1_macro=0.5198 val_f1_weighted=0.6185 val_prec_macro=0.5493 val_rec_macro=0.5320 val_metric_name=acc val_metric=0.6507
Step 1550 | loss 0.9299 | val_acc=0.6501 val_loss=1.0875 val_f1_macro=0.5200 val_f1_weighted=0.6182 val_prec_macro=0.5462 val_rec_macro=0.5325 val_metric_name=acc val_metric=0.6501
Step 1600 | loss 0.9194 | val_acc=0.6501 val_loss=1.0891 val_f1_macro=0.5231 val_f1_weighted=0.6194 val_prec_macro=0.5470 val_rec_macro=0.5358 val_metric_name=acc val_metric=0.6501
Step 1650 | loss 0.9126 | val_acc=0.6512 val_loss=1.0891 val_f1_macro=0.5238 val_f1_weighted=0.6207 val_prec_macro=0.5476 val_rec_macro=0.5360 val_metric_name=acc val_metric=0.6512
Step 1700 | loss 0.9030 | val_acc=0.6505 val_loss=1.0917 val_f1_macro=0.5248 val_f1_weighted=0.6209 val_prec_macro=0.5450 val_rec_macro=0.5369 val_metric_name=acc val_metric=0.6505
Step 1750 | loss 0.8875 | val_acc=0.6531 val_loss=1.0939 val_f1_macro=0.5281 val_f1_weighted=0.6247 val_prec_macro=0.5480 val_rec_macro=0.5387 val_metric_name=acc val_metric=0.6531
Step 1800 | loss 0.8824 | val_acc=0.6530 val_loss=1.0961 val_f1_macro=0.5310 val_f1_weighted=0.6260 val_prec_macro=0.5512 val_rec_macro=0.5409 val_metric_name=acc val_metric=0.6530
Step 1850 | loss 0.8771 | val_acc=0.6537 val_loss=1.0981 val_f1_macro=0.5318 val_f1_weighted=0.6268 val_prec_macro=0.5524 val_rec_macro=0.5415 val_metric_name=acc val_metric=0.6537
Step 1900 | loss 0.8717 | val_acc=0.6528 val_loss=1.1018 val_f1_macro=0.5322 val_f1_weighted=0.6263 val_prec_macro=0.5513 val_rec_macro=0.5424 val_metric_name=acc val_metric=0.6528
Step 1950 | loss 0.8655 | val_acc=0.6538 val_loss=1.1042 val_f1_macro=0.5340 val_f1_weighted=0.6284 val_prec_macro=0.5518 val_rec_macro=0.5442 val_metric_name=acc val_metric=0.6538
Step 2000 | loss 0.8548 | val_acc=0.6535 val_loss=1.1084 val_f1_macro=0.5345 val_f1_weighted=0.6285 val_prec_macro=0.5522 val_rec_macro=0.5442 val_metric_name=acc val_metric=0.6535
Step 2050 | loss 0.8420 | val_acc=0.6537 val_loss=1.1128 val_f1_macro=0.5345 val_f1_weighted=0.6291 val_prec_macro=0.5515 val_rec_macro=0.5441 val_metric_name=acc val_metric=0.6537
Step 2100 | loss 0.8370 | val_acc=0.6545 val_loss=1.1162 val_f1_macro=0.5334 val_f1_weighted=0.6306 val_prec_macro=0.5466 val_rec_macro=0.5454 val_metric_name=acc val_metric=0.6545
Step 2150 | loss 0.8316 | val_acc=0.6547 val_loss=1.1210 val_f1_macro=0.5344 val_f1_weighted=0.6314 val_prec_macro=0.5478 val_rec_macro=0.5455 val_metric_name=acc val_metric=0.6547
Step 2200 | loss 0.8280 | val_acc=0.6547 val_loss=1.1271 val_f1_macro=0.5358 val_f1_weighted=0.6314 val_prec_macro=0.5496 val_rec_macro=0.5469 val_metric_name=acc val_metric=0.6547
Step 2250 | loss 0.8107 | val_acc=0.6554 val_loss=1.1322 val_f1_macro=0.5385 val_f1_weighted=0.6328 val_prec_macro=0.5516 val_rec_macro=0.5494 val_metric_name=acc val_metric=0.6554
Step 2300 | loss 0.8078 | val_acc=0.6544 val_loss=1.1371 val_f1_macro=0.5378 val_f1_weighted=0.6324 val_prec_macro=0.5497 val_rec_macro=0.5485 val_metric_name=acc val_metric=0.6544
Step 2350 | loss 0.8056 | val_acc=0.6530 val_loss=1.1432 val_f1_macro=0.5356 val_f1_weighted=0.6309 val_prec_macro=0.5474 val_rec_macro=0.5462 val_metric_name=acc val_metric=0.6530
Step 2400 | loss 0.7867 | val_acc=0.6530 val_loss=1.1490 val_f1_macro=0.5350 val_f1_weighted=0.6307 val_prec_macro=0.5466 val_rec_macro=0.5457 val_metric_name=acc val_metric=0.6530
Step 2450 | loss 0.7848 | val_acc=0.6526 val_loss=1.1543 val_f1_macro=0.5355 val_f1_weighted=0.6309 val_prec_macro=0.5466 val_rec_macro=0.5462 val_metric_name=acc val_metric=0.6526
Step 2500 | loss 0.7774 | val_acc=0.6537 val_loss=1.1613 val_f1_macro=0.5364 val_f1_weighted=0.6325 val_prec_macro=0.5458 val_rec_macro=0.5482 val_metric_name=acc val_metric=0.6537
Early stopping at step 2520

--- Final (best ckpt @ step 2220) ---
  train_acc=0.7408 train_loss=0.7445 train_f1_macro=0.6443 train_f1_weighted=0.7247 train_prec_macro=0.6981 train_rec_macro=0.6444 train_metric_name=acc train_metric=0.7408
  val_acc=0.6558 val_loss=1.1285 val_f1_macro=0.5376 val_f1_weighted=0.6328 val_prec_macro=0.5509 val_rec_macro=0.5485 val_metric_name=acc val_metric=0.6558
  test_acc=0.6650 test_loss=1.1082 test_f1_macro=0.5443 test_f1_weighted=0.6425 test_prec_macro=0.5621 test_rec_macro=0.5562 test_metric_name=acc test_metric=0.6650
  test_acc=0.6650

============================================================
Training roman-empire ResNet 2L h=512 lr=3e-05 split=3
============================================================
Training for 5000 steps
Step    1 | loss 3.0213 | val_acc=0.0348 val_loss=2.8822 val_f1_macro=0.0199 val_f1_weighted=0.0367 val_prec_macro=0.0557 val_rec_macro=0.0488 val_metric_name=acc val_metric=0.0348
Step   50 | loss 1.6596 | val_acc=0.5449 val_loss=1.4923 val_f1_macro=0.3005 val_f1_weighted=0.4672 val_prec_macro=0.4424 val_rec_macro=0.3199 val_metric_name=acc val_metric=0.5449
Step  100 | loss 1.3198 | val_acc=0.6184 val_loss=1.2248 val_f1_macro=0.4378 val_f1_weighted=0.5574 val_prec_macro=0.4939 val_rec_macro=0.4543 val_metric_name=acc val_metric=0.6184
Step  150 | loss 1.1741 | val_acc=0.6388 val_loss=1.1624 val_f1_macro=0.4702 val_f1_weighted=0.5858 val_prec_macro=0.5192 val_rec_macro=0.4935 val_metric_name=acc val_metric=0.6388
Step  200 | loss 1.0886 | val_acc=0.6420 val_loss=1.1308 val_f1_macro=0.4852 val_f1_weighted=0.5974 val_prec_macro=0.5161 val_rec_macro=0.5054 val_metric_name=acc val_metric=0.6420
Step  250 | loss 1.0363 | val_acc=0.6447 val_loss=1.1137 val_f1_macro=0.5018 val_f1_weighted=0.6080 val_prec_macro=0.5262 val_rec_macro=0.5184 val_metric_name=acc val_metric=0.6447
Step  300 | loss 0.9958 | val_acc=0.6447 val_loss=1.1059 val_f1_macro=0.5086 val_f1_weighted=0.6121 val_prec_macro=0.5276 val_rec_macro=0.5245 val_metric_name=acc val_metric=0.6447
Step  350 | loss 0.9638 | val_acc=0.6473 val_loss=1.1027 val_f1_macro=0.5157 val_f1_weighted=0.6161 val_prec_macro=0.5364 val_rec_macro=0.5309 val_metric_name=acc val_metric=0.6473
Step  400 | loss 0.9274 | val_acc=0.6480 val_loss=1.1031 val_f1_macro=0.5216 val_f1_weighted=0.6203 val_prec_macro=0.5348 val_rec_macro=0.5379 val_metric_name=acc val_metric=0.6480
Step  450 | loss 0.9035 | val_acc=0.6512 val_loss=1.1086 val_f1_macro=0.5320 val_f1_weighted=0.6262 val_prec_macro=0.5506 val_rec_macro=0.5451 val_metric_name=acc val_metric=0.6512
Step  500 | loss 0.8629 | val_acc=0.6508 val_loss=1.1177 val_f1_macro=0.5312 val_f1_weighted=0.6257 val_prec_macro=0.5489 val_rec_macro=0.5448 val_metric_name=acc val_metric=0.6508
Step  550 | loss 0.8449 | val_acc=0.6508 val_loss=1.1321 val_f1_macro=0.5301 val_f1_weighted=0.6264 val_prec_macro=0.5467 val_rec_macro=0.5428 val_metric_name=acc val_metric=0.6508
Step  600 | loss 0.8148 | val_acc=0.6517 val_loss=1.1476 val_f1_macro=0.5320 val_f1_weighted=0.6285 val_prec_macro=0.5452 val_rec_macro=0.5446 val_metric_name=acc val_metric=0.6517
Step  650 | loss 0.7846 | val_acc=0.6538 val_loss=1.1737 val_f1_macro=0.5376 val_f1_weighted=0.6329 val_prec_macro=0.5502 val_rec_macro=0.5490 val_metric_name=acc val_metric=0.6538
Step  700 | loss 0.7590 | val_acc=0.6512 val_loss=1.1960 val_f1_macro=0.5341 val_f1_weighted=0.6306 val_prec_macro=0.5438 val_rec_macro=0.5474 val_metric_name=acc val_metric=0.6512
Step  750 | loss 0.7300 | val_acc=0.6485 val_loss=1.2238 val_f1_macro=0.5321 val_f1_weighted=0.6293 val_prec_macro=0.5400 val_rec_macro=0.5447 val_metric_name=acc val_metric=0.6485
Step  800 | loss 0.7046 | val_acc=0.6475 val_loss=1.2576 val_f1_macro=0.5323 val_f1_weighted=0.6293 val_prec_macro=0.5384 val_rec_macro=0.5453 val_metric_name=acc val_metric=0.6475
Step  850 | loss 0.6783 | val_acc=0.6484 val_loss=1.2903 val_f1_macro=0.5345 val_f1_weighted=0.6312 val_prec_macro=0.5407 val_rec_macro=0.5472 val_metric_name=acc val_metric=0.6484
Step  900 | loss 0.6500 | val_acc=0.6477 val_loss=1.3253 val_f1_macro=0.5335 val_f1_weighted=0.6310 val_prec_macro=0.5391 val_rec_macro=0.5462 val_metric_name=acc val_metric=0.6477
Step  950 | loss 0.6391 | val_acc=0.6471 val_loss=1.3652 val_f1_macro=0.5351 val_f1_weighted=0.6314 val_prec_macro=0.5410 val_rec_macro=0.5470 val_metric_name=acc val_metric=0.6471
Early stopping at step 950

--- Final (best ckpt @ step 650) ---
  train_acc=0.7535 train_loss=0.7077 train_f1_macro=0.6649 train_f1_weighted=0.7401 train_prec_macro=0.7217 train_rec_macro=0.6627 train_metric_name=acc train_metric=0.7535
  val_acc=0.6538 val_loss=1.1737 val_f1_macro=0.5376 val_f1_weighted=0.6329 val_prec_macro=0.5502 val_rec_macro=0.5490 val_metric_name=acc val_metric=0.6538
  test_acc=0.6610 test_loss=1.1292 test_f1_macro=0.5471 test_f1_weighted=0.6406 test_prec_macro=0.5637 test_rec_macro=0.5605 test_metric_name=acc test_metric=0.6610
  test_acc=0.6610

============================================================
Training roman-empire ResNet 2L h=512 lr=6e-05 split=3
============================================================
Training for 5000 steps
Step    1 | loss 3.0213 | val_acc=0.1495 val_loss=2.7548 val_f1_macro=0.0675 val_f1_weighted=0.1504 val_prec_macro=0.0927 val_rec_macro=0.0804 val_metric_name=acc val_metric=0.1495
Step   50 | loss 1.3457 | val_acc=0.6090 val_loss=1.2532 val_f1_macro=0.4302 val_f1_weighted=0.5478 val_prec_macro=0.4693 val_rec_macro=0.4467 val_metric_name=acc val_metric=0.6090
Step  100 | loss 1.1136 | val_acc=0.6417 val_loss=1.1401 val_f1_macro=0.4819 val_f1_weighted=0.5947 val_prec_macro=0.5181 val_rec_macro=0.5025 val_metric_name=acc val_metric=0.6417
Step  150 | loss 1.0148 | val_acc=0.6452 val_loss=1.1063 val_f1_macro=0.5084 val_f1_weighted=0.6125 val_prec_macro=0.5284 val_rec_macro=0.5239 val_metric_name=acc val_metric=0.6452
Step  200 | loss 0.9414 | val_acc=0.6478 val_loss=1.1009 val_f1_macro=0.5196 val_f1_weighted=0.6186 val_prec_macro=0.5375 val_rec_macro=0.5350 val_metric_name=acc val_metric=0.6478
Step  250 | loss 0.8844 | val_acc=0.6515 val_loss=1.1074 val_f1_macro=0.5313 val_f1_weighted=0.6266 val_prec_macro=0.5467 val_rec_macro=0.5453 val_metric_name=acc val_metric=0.6515
Step  300 | loss 0.8363 | val_acc=0.6505 val_loss=1.1349 val_f1_macro=0.5315 val_f1_weighted=0.6271 val_prec_macro=0.5468 val_rec_macro=0.5438 val_metric_name=acc val_metric=0.6505
Step  350 | loss 0.7821 | val_acc=0.6512 val_loss=1.1712 val_f1_macro=0.5353 val_f1_weighted=0.6309 val_prec_macro=0.5458 val_rec_macro=0.5469 val_metric_name=acc val_metric=0.6512
Step  400 | loss 0.7318 | val_acc=0.6470 val_loss=1.2258 val_f1_macro=0.5319 val_f1_weighted=0.6288 val_prec_macro=0.5388 val_rec_macro=0.5448 val_metric_name=acc val_metric=0.6470
Step  450 | loss 0.6816 | val_acc=0.6470 val_loss=1.2908 val_f1_macro=0.5342 val_f1_weighted=0.6307 val_prec_macro=0.5393 val_rec_macro=0.5469 val_metric_name=acc val_metric=0.6470
Step  500 | loss 0.6354 | val_acc=0.6475 val_loss=1.3562 val_f1_macro=0.5359 val_f1_weighted=0.6312 val_prec_macro=0.5411 val_rec_macro=0.5489 val_metric_name=acc val_metric=0.6475
Step  550 | loss 0.6054 | val_acc=0.6454 val_loss=1.4335 val_f1_macro=0.5358 val_f1_weighted=0.6309 val_prec_macro=0.5408 val_rec_macro=0.5475 val_metric_name=acc val_metric=0.6454
Step  600 | loss 0.5740 | val_acc=0.6459 val_loss=1.4945 val_f1_macro=0.5375 val_f1_weighted=0.6317 val_prec_macro=0.5423 val_rec_macro=0.5494 val_metric_name=acc val_metric=0.6459
Early stopping at step 648

--- Final (best ckpt @ step 340) ---
  train_acc=0.7512 train_loss=0.7136 train_f1_macro=0.6601 train_f1_weighted=0.7372 train_prec_macro=0.7155 train_rec_macro=0.6591 train_metric_name=acc train_metric=0.7512
  val_acc=0.6530 val_loss=1.1629 val_f1_macro=0.5358 val_f1_weighted=0.6314 val_prec_macro=0.5482 val_rec_macro=0.5469 val_metric_name=acc val_metric=0.6530
  test_acc=0.6624 test_loss=1.1197 test_f1_macro=0.5504 test_f1_weighted=0.6420 test_prec_macro=0.5697 test_rec_macro=0.5628 test_metric_name=acc test_metric=0.6624
  test_acc=0.6624

============================================================
Training roman-empire ResNet 2L h=512 lr=0.0001 split=3
============================================================
Training for 5000 steps
Step    1 | loss 3.0213 | val_acc=0.2985 val_loss=2.6083 val_f1_macro=0.1029 val_f1_weighted=0.2096 val_prec_macro=0.1261 val_rec_macro=0.1433 val_metric_name=acc val_metric=0.2985
Step   50 | loss 1.1775 | val_acc=0.6348 val_loss=1.1812 val_f1_macro=0.4664 val_f1_weighted=0.5815 val_prec_macro=0.5243 val_rec_macro=0.4900 val_metric_name=acc val_metric=0.6348
Step  100 | loss 1.0082 | val_acc=0.6461 val_loss=1.1027 val_f1_macro=0.5087 val_f1_weighted=0.6129 val_prec_macro=0.5285 val_rec_macro=0.5242 val_metric_name=acc val_metric=0.6461
Step  150 | loss 0.9095 | val_acc=0.6514 val_loss=1.1014 val_f1_macro=0.5289 val_f1_weighted=0.6248 val_prec_macro=0.5475 val_rec_macro=0.5433 val_metric_name=acc val_metric=0.6514
Step  200 | loss 0.8199 | val_acc=0.6505 val_loss=1.1405 val_f1_macro=0.5298 val_f1_weighted=0.6264 val_prec_macro=0.5441 val_rec_macro=0.5420 val_metric_name=acc val_metric=0.6505
Step  250 | loss 0.7364 | val_acc=0.6501 val_loss=1.2083 val_f1_macro=0.5349 val_f1_weighted=0.6306 val_prec_macro=0.5423 val_rec_macro=0.5483 val_metric_name=acc val_metric=0.6501
Step  300 | loss 0.6663 | val_acc=0.6484 val_loss=1.3144 val_f1_macro=0.5360 val_f1_weighted=0.6320 val_prec_macro=0.5436 val_rec_macro=0.5466 val_metric_name=acc val_metric=0.6484
Step  350 | loss 0.6018 | val_acc=0.6464 val_loss=1.4265 val_f1_macro=0.5353 val_f1_weighted=0.6316 val_prec_macro=0.5407 val_rec_macro=0.5466 val_metric_name=acc val_metric=0.6464
Step  400 | loss 0.5628 | val_acc=0.6448 val_loss=1.5273 val_f1_macro=0.5359 val_f1_weighted=0.6310 val_prec_macro=0.5411 val_rec_macro=0.5475 val_metric_name=acc val_metric=0.6448
Step  450 | loss 0.5342 | val_acc=0.6438 val_loss=1.6065 val_f1_macro=0.5360 val_f1_weighted=0.6302 val_prec_macro=0.5410 val_rec_macro=0.5471 val_metric_name=acc val_metric=0.6438
Step  500 | loss 0.5111 | val_acc=0.6429 val_loss=1.6672 val_f1_macro=0.5344 val_f1_weighted=0.6289 val_prec_macro=0.5395 val_rec_macro=0.5453 val_metric_name=acc val_metric=0.6429
Early stopping at step 520

--- Final (best ckpt @ step 220) ---
  train_acc=0.7504 train_loss=0.7111 train_f1_macro=0.6598 train_f1_weighted=0.7361 train_prec_macro=0.7137 train_rec_macro=0.6586 train_metric_name=acc train_metric=0.7504
  val_acc=0.6538 val_loss=1.1608 val_f1_macro=0.5341 val_f1_weighted=0.6320 val_prec_macro=0.5450 val_rec_macro=0.5473 val_metric_name=acc val_metric=0.6538
  test_acc=0.6618 test_loss=1.1165 test_f1_macro=0.5468 test_f1_weighted=0.6408 test_prec_macro=0.5631 test_rec_macro=0.5603 test_metric_name=acc test_metric=0.6618
  test_acc=0.6618

============================================================
Training roman-empire ResNet 2L h=512 lr=1e-05 split=3
============================================================
Training for 5000 steps
Step    1 | loss 3.0213 | val_acc=0.0240 val_loss=2.9749 val_f1_macro=0.0124 val_f1_weighted=0.0215 val_prec_macro=0.0453 val_rec_macro=0.0476 val_metric_name=acc val_metric=0.0240
Step   50 | loss 2.2014 | val_acc=0.4560 val_loss=1.9547 val_f1_macro=0.2043 val_f1_weighted=0.3642 val_prec_macro=0.1996 val_rec_macro=0.2406 val_metric_name=acc val_metric=0.4560
Step  100 | loss 1.8419 | val_acc=0.5063 val_loss=1.6385 val_f1_macro=0.2373 val_f1_weighted=0.4157 val_prec_macro=0.2623 val_rec_macro=0.2739 val_metric_name=acc val_metric=0.5063
Step  150 | loss 1.6316 | val_acc=0.5619 val_loss=1.4336 val_f1_macro=0.3327 val_f1_weighted=0.4902 val_prec_macro=0.4169 val_rec_macro=0.3477 val_metric_name=acc val_metric=0.5619
Step  200 | loss 1.4732 | val_acc=0.5965 val_loss=1.3107 val_f1_macro=0.3952 val_f1_weighted=0.5332 val_prec_macro=0.4514 val_rec_macro=0.4051 val_metric_name=acc val_metric=0.5965
Step  250 | loss 1.3647 | val_acc=0.6124 val_loss=1.2444 val_f1_macro=0.4325 val_f1_weighted=0.5503 val_prec_macro=0.5195 val_rec_macro=0.4487 val_metric_name=acc val_metric=0.6124
Step  300 | loss 1.2883 | val_acc=0.6215 val_loss=1.2074 val_f1_macro=0.4424 val_f1_weighted=0.5606 val_prec_macro=0.4966 val_rec_macro=0.4694 val_metric_name=acc val_metric=0.6215
Step  350 | loss 1.2365 | val_acc=0.6279 val_loss=1.1838 val_f1_macro=0.4523 val_f1_weighted=0.5688 val_prec_macro=0.5094 val_rec_macro=0.4802 val_metric_name=acc val_metric=0.6279
Step  400 | loss 1.1876 | val_acc=0.6341 val_loss=1.1664 val_f1_macro=0.4629 val_f1_weighted=0.5781 val_prec_macro=0.5280 val_rec_macro=0.4878 val_metric_name=acc val_metric=0.6341
Step  450 | loss 1.1587 | val_acc=0.6399 val_loss=1.1532 val_f1_macro=0.4728 val_f1_weighted=0.5878 val_prec_macro=0.5132 val_rec_macro=0.4958 val_metric_name=acc val_metric=0.6399
Step  500 | loss 1.1141 | val_acc=0.6397 val_loss=1.1431 val_f1_macro=0.4767 val_f1_weighted=0.5904 val_prec_macro=0.5115 val_rec_macro=0.4988 val_metric_name=acc val_metric=0.6397
Step  550 | loss 1.1019 | val_acc=0.6422 val_loss=1.1345 val_f1_macro=0.4833 val_f1_weighted=0.5955 val_prec_macro=0.5172 val_rec_macro=0.5041 val_metric_name=acc val_metric=0.6422
Step  600 | loss 1.0801 | val_acc=0.6422 val_loss=1.1279 val_f1_macro=0.4890 val_f1_weighted=0.5994 val_prec_macro=0.5182 val_rec_macro=0.5079 val_metric_name=acc val_metric=0.6422
Step  650 | loss 1.0581 | val_acc=0.6432 val_loss=1.1226 val_f1_macro=0.4941 val_f1_weighted=0.6035 val_prec_macro=0.5233 val_rec_macro=0.5116 val_metric_name=acc val_metric=0.6432
Step  700 | loss 1.0423 | val_acc=0.6450 val_loss=1.1169 val_f1_macro=0.5016 val_f1_weighted=0.6080 val_prec_macro=0.5282 val_rec_macro=0.5179 val_metric_name=acc val_metric=0.6450
Step  750 | loss 1.0279 | val_acc=0.6459 val_loss=1.1127 val_f1_macro=0.5050 val_f1_weighted=0.6101 val_prec_macro=0.5293 val_rec_macro=0.5213 val_metric_name=acc val_metric=0.6459
Step  800 | loss 1.0079 | val_acc=0.6468 val_loss=1.1094 val_f1_macro=0.5081 val_f1_weighted=0.6127 val_prec_macro=0.5288 val_rec_macro=0.5242 val_metric_name=acc val_metric=0.6468
Step  850 | loss 0.9942 | val_acc=0.6461 val_loss=1.1054 val_f1_macro=0.5092 val_f1_weighted=0.6134 val_prec_macro=0.5270 val_rec_macro=0.5249 val_metric_name=acc val_metric=0.6461
Step  900 | loss 0.9816 | val_acc=0.6461 val_loss=1.1037 val_f1_macro=0.5098 val_f1_weighted=0.6135 val_prec_macro=0.5273 val_rec_macro=0.5259 val_metric_name=acc val_metric=0.6461
Step  950 | loss 0.9743 | val_acc=0.6487 val_loss=1.1034 val_f1_macro=0.5139 val_f1_weighted=0.6165 val_prec_macro=0.5327 val_rec_macro=0.5300 val_metric_name=acc val_metric=0.6487
Step 1000 | loss 0.9557 | val_acc=0.6484 val_loss=1.1025 val_f1_macro=0.5146 val_f1_weighted=0.6167 val_prec_macro=0.5329 val_rec_macro=0.5306 val_metric_name=acc val_metric=0.6484
Step 1050 | loss 0.9501 | val_acc=0.6475 val_loss=1.1036 val_f1_macro=0.5177 val_f1_weighted=0.6178 val_prec_macro=0.5367 val_rec_macro=0.5333 val_metric_name=acc val_metric=0.6475
Step 1100 | loss 0.9337 | val_acc=0.6484 val_loss=1.1030 val_f1_macro=0.5208 val_f1_weighted=0.6197 val_prec_macro=0.5366 val_rec_macro=0.5370 val_metric_name=acc val_metric=0.6484
Step 1150 | loss 0.9224 | val_acc=0.6477 val_loss=1.1048 val_f1_macro=0.5228 val_f1_weighted=0.6202 val_prec_macro=0.5399 val_rec_macro=0.5384 val_metric_name=acc val_metric=0.6477
Step 1200 | loss 0.9101 | val_acc=0.6482 val_loss=1.1071 val_f1_macro=0.5245 val_f1_weighted=0.6214 val_prec_macro=0.5407 val_rec_macro=0.5400 val_metric_name=acc val_metric=0.6482
Step 1250 | loss 0.9055 | val_acc=0.6503 val_loss=1.1100 val_f1_macro=0.5280 val_f1_weighted=0.6239 val_prec_macro=0.5447 val_rec_macro=0.5428 val_metric_name=acc val_metric=0.6503
Step 1300 | loss 0.8915 | val_acc=0.6510 val_loss=1.1125 val_f1_macro=0.5315 val_f1_weighted=0.6260 val_prec_macro=0.5484 val_rec_macro=0.5451 val_metric_name=acc val_metric=0.6510
Step 1350 | loss 0.8838 | val_acc=0.6507 val_loss=1.1156 val_f1_macro=0.5306 val_f1_weighted=0.6255 val_prec_macro=0.5479 val_rec_macro=0.5440 val_metric_name=acc val_metric=0.6507
Step 1400 | loss 0.8820 | val_acc=0.6523 val_loss=1.1197 val_f1_macro=0.5320 val_f1_weighted=0.6270 val_prec_macro=0.5500 val_rec_macro=0.5451 val_metric_name=acc val_metric=0.6523
Step 1450 | loss 0.8582 | val_acc=0.6515 val_loss=1.1228 val_f1_macro=0.5323 val_f1_weighted=0.6271 val_prec_macro=0.5502 val_rec_macro=0.5450 val_metric_name=acc val_metric=0.6515
Step 1500 | loss 0.8490 | val_acc=0.6512 val_loss=1.1291 val_f1_macro=0.5320 val_f1_weighted=0.6268 val_prec_macro=0.5493 val_rec_macro=0.5449 val_metric_name=acc val_metric=0.6512
Step 1550 | loss 0.8345 | val_acc=0.6519 val_loss=1.1345 val_f1_macro=0.5324 val_f1_weighted=0.6277 val_prec_macro=0.5494 val_rec_macro=0.5450 val_metric_name=acc val_metric=0.6519
Step 1600 | loss 0.8308 | val_acc=0.6514 val_loss=1.1395 val_f1_macro=0.5312 val_f1_weighted=0.6273 val_prec_macro=0.5469 val_rec_macro=0.5440 val_metric_name=acc val_metric=0.6514
Step 1650 | loss 0.8168 | val_acc=0.6501 val_loss=1.1466 val_f1_macro=0.5305 val_f1_weighted=0.6269 val_prec_macro=0.5420 val_rec_macro=0.5435 val_metric_name=acc val_metric=0.6501
Early stopping at step 1699

--- Final (best ckpt @ step 1380) ---
  train_acc=0.7229 train_loss=0.8168 train_f1_macro=0.6123 train_f1_weighted=0.7026 train_prec_macro=0.6789 train_rec_macro=0.6181 train_metric_name=acc train_metric=0.7229
  val_acc=0.6524 val_loss=1.1180 val_f1_macro=0.5323 val_f1_weighted=0.6274 val_prec_macro=0.5506 val_rec_macro=0.5451 val_metric_name=acc val_metric=0.6524
  test_acc=0.6620 test_loss=1.0911 test_f1_macro=0.5410 test_f1_weighted=0.6381 test_prec_macro=0.5776 test_rec_macro=0.5553 test_metric_name=acc test_metric=0.6620
  test_acc=0.6620
  >> num_layers=2 hidden_dim=256 lr=3e-05 best_step=930 val_acc=0.6549 test_acc=0.6631
     val_acc=0.6549 val_f1_macro=0.5267 val_f1_weighted=0.6266 val_loss=1.0794 val_metric=0.6549 val_metric_name=acc val_prec_macro=0.5435 val_rec_macro=0.5379
     test_acc=0.6631 test_f1_macro=0.5323 test_f1_weighted=0.6364 test_loss=1.0649 test_metric=0.6631 test_metric_name=acc test_prec_macro=0.5562 test_rec_macro=0.5430
  >> num_layers=2 hidden_dim=256 lr=6e-05 best_step=510 val_acc=0.6551 test_acc=0.6643
     val_acc=0.6551 val_f1_macro=0.5300 val_f1_weighted=0.6279 val_loss=1.0860 val_metric=0.6551 val_metric_name=acc val_prec_macro=0.5493 val_rec_macro=0.5409
     test_acc=0.6643 test_f1_macro=0.5381 test_f1_weighted=0.6394 test_loss=1.0696 test_metric=0.6643 test_metric_name=acc test_prec_macro=0.5692 test_rec_macro=0.5477
  >> num_layers=2 hidden_dim=256 lr=0.0001 best_step=360 val_acc=0.6545 test_acc=0.6636
     val_acc=0.6545 val_f1_macro=0.5344 val_f1_weighted=0.6293 val_loss=1.1058 val_metric=0.6545 val_metric_name=acc val_prec_macro=0.5537 val_rec_macro=0.5432
     test_acc=0.6636 test_f1_macro=0.5437 test_f1_weighted=0.6413 test_loss=1.0838 test_metric=0.6636 test_metric_name=acc test_prec_macro=0.5731 test_rec_macro=0.5512
  >> num_layers=2 hidden_dim=256 lr=1e-05 best_step=2620 val_acc=0.6554 test_acc=0.6631
     val_acc=0.6554 val_f1_macro=0.5269 val_f1_weighted=0.6269 val_loss=1.0821 val_metric=0.6554 val_metric_name=acc val_prec_macro=0.5424 val_rec_macro=0.5391
     test_acc=0.6631 test_f1_macro=0.5333 test_f1_weighted=0.6364 test_loss=1.0670 test_metric=0.6631 test_metric_name=acc test_prec_macro=0.5538 test_rec_macro=0.5447
  >> num_layers=2 hidden_dim=384 lr=3e-05 best_step=800 val_acc=0.6567 test_acc=0.6652
     val_acc=0.6567 val_f1_macro=0.5388 val_f1_weighted=0.6337 val_loss=1.1267 val_metric=0.6567 val_metric_name=acc val_prec_macro=0.5531 val_rec_macro=0.5496
     test_acc=0.6652 test_f1_macro=0.5440 test_f1_weighted=0.6425 test_loss=1.1078 test_metric=0.6652 test_metric_name=acc test_prec_macro=0.5636 test_rec_macro=0.5563
  >> num_layers=2 hidden_dim=384 lr=6e-05 best_step=450 val_acc=0.6556 test_acc=0.6634
     val_acc=0.6556 val_f1_macro=0.5393 val_f1_weighted=0.6337 val_loss=1.1398 val_metric=0.6556 val_metric_name=acc val_prec_macro=0.5510 val_rec_macro=0.5499
     test_acc=0.6634 test_f1_macro=0.5438 test_f1_weighted=0.6421 test_loss=1.1185 test_metric=0.6634 test_metric_name=acc test_prec_macro=0.5581 test_rec_macro=0.5555
  >> num_layers=2 hidden_dim=384 lr=0.0001 best_step=280 val_acc=0.6545 test_acc=0.6631
     val_acc=0.6545 val_f1_macro=0.5389 val_f1_weighted=0.6321 val_loss=1.1292 val_metric=0.6545 val_metric_name=acc val_prec_macro=0.5519 val_rec_macro=0.5494
     test_acc=0.6631 test_f1_macro=0.5424 test_f1_weighted=0.6412 test_loss=1.1092 test_metric=0.6631 test_metric_name=acc test_prec_macro=0.5582 test_rec_macro=0.5544
  >> num_layers=2 hidden_dim=384 lr=1e-05 best_step=2220 val_acc=0.6558 test_acc=0.6650
     val_acc=0.6558 val_f1_macro=0.5376 val_f1_weighted=0.6328 val_loss=1.1285 val_metric=0.6558 val_metric_name=acc val_prec_macro=0.5509 val_rec_macro=0.5485
     test_acc=0.6650 test_f1_macro=0.5443 test_f1_weighted=0.6425 test_loss=1.1082 test_metric=0.6650 test_metric_name=acc test_prec_macro=0.5621 test_rec_macro=0.5562
  >> num_layers=2 hidden_dim=512 lr=3e-05 best_step=650 val_acc=0.6538 test_acc=0.6610
     val_acc=0.6538 val_f1_macro=0.5376 val_f1_weighted=0.6329 val_loss=1.1737 val_metric=0.6538 val_metric_name=acc val_prec_macro=0.5502 val_rec_macro=0.5490
     test_acc=0.6610 test_f1_macro=0.5471 test_f1_weighted=0.6406 test_loss=1.1292 test_metric=0.6610 test_metric_name=acc test_prec_macro=0.5637 test_rec_macro=0.5605
  >> num_layers=2 hidden_dim=512 lr=6e-05 best_step=340 val_acc=0.6530 test_acc=0.6624
     val_acc=0.6530 val_f1_macro=0.5358 val_f1_weighted=0.6314 val_loss=1.1629 val_metric=0.6530 val_metric_name=acc val_prec_macro=0.5482 val_rec_macro=0.5469
     test_acc=0.6624 test_f1_macro=0.5504 test_f1_weighted=0.6420 test_loss=1.1197 test_metric=0.6624 test_metric_name=acc test_prec_macro=0.5697 test_rec_macro=0.5628
  >> num_layers=2 hidden_dim=512 lr=0.0001 best_step=220 val_acc=0.6538 test_acc=0.6618
     val_acc=0.6538 val_f1_macro=0.5341 val_f1_weighted=0.6320 val_loss=1.1608 val_metric=0.6538 val_metric_name=acc val_prec_macro=0.5450 val_rec_macro=0.5473
     test_acc=0.6618 test_f1_macro=0.5468 test_f1_weighted=0.6408 test_loss=1.1165 test_metric=0.6618 test_metric_name=acc test_prec_macro=0.5631 test_rec_macro=0.5603
  >> num_layers=2 hidden_dim=512 lr=1e-05 best_step=1380 val_acc=0.6524 test_acc=0.6620
     val_acc=0.6524 val_f1_macro=0.5323 val_f1_weighted=0.6274 val_loss=1.1180 val_metric=0.6524 val_metric_name=acc val_prec_macro=0.5506 val_rec_macro=0.5451
     test_acc=0.6620 test_f1_macro=0.5410 test_f1_weighted=0.6381 test_loss=1.0911 test_metric=0.6620 test_metric_name=acc test_prec_macro=0.5776 test_rec_macro=0.5553
  >> selected best (by val): num_layers=2 hidden_dim=384 lr=3e-05 val_acc=0.6567 test_acc=0.6652
     val_acc=0.6567 val_f1_macro=0.5388 val_f1_weighted=0.6337 val_loss=1.1267 val_metric=0.6567 val_metric_name=acc val_prec_macro=0.5531 val_rec_macro=0.5496
     test_acc=0.6652 test_f1_macro=0.5440 test_f1_weighted=0.6425 test_loss=1.1078 test_metric=0.6652 test_metric_name=acc test_prec_macro=0.5636 test_rec_macro=0.5563

Done. Results saved to /home/avshmelev/diploma_yandex_graphs/results_grid/roman_empire/base.csv, checkpoints in /home/avshmelev/diploma_yandex_graphs/all_checkpoints/roman_empire/base/
Skipping: "Done." found in /home/avshmelev/diploma_yandex_graphs/results_grid/roman_empire/logs_base/ResNet_2L_split3.log
