Loading data...

============================================================
amazon-ratings SAGE 5L split=0 (ensemble x4)
============================================================

  Training model seed 0 (seed=0)
  [mseed=0] Step    1 | loss 1.8340 | val_acc 0.3586
  [mseed=0] Step   50 | loss 1.4008 | val_acc 0.3956
  [mseed=0] Step  100 | loss 1.3521 | val_acc 0.4081
  [mseed=0] Step  150 | loss 1.3107 | val_acc 0.4072
  [mseed=0] Step  200 | loss 1.2736 | val_acc 0.4119
  [mseed=0] Step  250 | loss 1.2302 | val_acc 0.4194
  [mseed=0] Step  300 | loss 1.1764 | val_acc 0.4390
  [mseed=0] Step  350 | loss 1.1250 | val_acc 0.4447
  [mseed=0] Step  400 | loss 1.0740 | val_acc 0.4506
  [mseed=0] Step  450 | loss 1.0105 | val_acc 0.4692
  [mseed=0] Step  500 | loss 0.9561 | val_acc 0.4754
  [mseed=0] Step  550 | loss 0.8855 | val_acc 0.4913
  [mseed=0] Step  600 | loss 0.8340 | val_acc 0.4914
  [mseed=0] Step  650 | loss 0.7649 | val_acc 0.5001
  [mseed=0] Step  700 | loss 0.6972 | val_acc 0.5030
  [mseed=0] Step  750 | loss 0.6265 | val_acc 0.5038
  [mseed=0] Step  800 | loss 0.5661 | val_acc 0.5087
  [mseed=0] Step  850 | loss 0.5106 | val_acc 0.5097
  [mseed=0] Step  900 | loss 0.4495 | val_acc 0.5073
  [mseed=0] Step  950 | loss 0.4072 | val_acc 0.5136
  [mseed=0] Step 1000 | loss 0.3544 | val_acc 0.5115
  [mseed=0] Best val_acc=0.5187 @ step 982

  Training model seed 1 (seed=1)
  [mseed=1] Step    1 | loss 1.7687 | val_acc 0.3208
  [mseed=1] Step   50 | loss 1.4002 | val_acc 0.3892
  [mseed=1] Step  100 | loss 1.3496 | val_acc 0.3975
  [mseed=1] Step  150 | loss 1.3080 | val_acc 0.4041
  [mseed=1] Step  200 | loss 1.2698 | val_acc 0.4117
  [mseed=1] Step  250 | loss 1.2246 | val_acc 0.4187
  [mseed=1] Step  300 | loss 1.1722 | val_acc 0.4436
  [mseed=1] Step  350 | loss 1.1210 | val_acc 0.4398
  [mseed=1] Step  400 | loss 1.0634 | val_acc 0.4573
  [mseed=1] Step  450 | loss 1.0080 | val_acc 0.4687
  [mseed=1] Step  500 | loss 0.9508 | val_acc 0.4712
  [mseed=1] Step  550 | loss 0.8935 | val_acc 0.4837
  [mseed=1] Step  600 | loss 0.8287 | val_acc 0.4890
  [mseed=1] Step  650 | loss 0.7738 | val_acc 0.4927
  [mseed=1] Step  700 | loss 0.7002 | val_acc 0.4976
  [mseed=1] Step  750 | loss 0.6410 | val_acc 0.4988
  [mseed=1] Step  800 | loss 0.5683 | val_acc 0.5051
  [mseed=1] Step  850 | loss 0.5113 | val_acc 0.5078
  [mseed=1] Step  900 | loss 0.4605 | val_acc 0.5128
  [mseed=1] Step  950 | loss 0.4052 | val_acc 0.5102
  [mseed=1] Step 1000 | loss 0.3667 | val_acc 0.5123
  [mseed=1] Best val_acc=0.5148 @ step 928

  Training model seed 2 (seed=2)
  [mseed=2] Step    1 | loss 1.7343 | val_acc 0.3456
  [mseed=2] Step   50 | loss 1.4060 | val_acc 0.3964
  [mseed=2] Step  100 | loss 1.3534 | val_acc 0.4145
  [mseed=2] Step  150 | loss 1.3141 | val_acc 0.4160
  [mseed=2] Step  200 | loss 1.2754 | val_acc 0.4201
  [mseed=2] Step  250 | loss 1.2351 | val_acc 0.4264
  [mseed=2] Step  300 | loss 1.1814 | val_acc 0.4217
  [mseed=2] Step  350 | loss 1.1416 | val_acc 0.4362
  [mseed=2] Step  400 | loss 1.0817 | val_acc 0.4444
  [mseed=2] Step  450 | loss 1.0298 | val_acc 0.4579
  [mseed=2] Step  500 | loss 0.9762 | val_acc 0.4610
  [mseed=2] Step  550 | loss 0.9214 | val_acc 0.4816
  [mseed=2] Step  600 | loss 0.8616 | val_acc 0.4875
  [mseed=2] Step  650 | loss 0.8089 | val_acc 0.4967
  [mseed=2] Step  700 | loss 0.7382 | val_acc 0.4998
  [mseed=2] Step  750 | loss 0.6856 | val_acc 0.5069
  [mseed=2] Step  800 | loss 0.6207 | val_acc 0.5104
  [mseed=2] Step  850 | loss 0.5569 | val_acc 0.5122
  [mseed=2] Step  900 | loss 0.5040 | val_acc 0.5130
  [mseed=2] Step  950 | loss 0.4439 | val_acc 0.5138
  [mseed=2] Step 1000 | loss 0.4033 | val_acc 0.5216
  [mseed=2] Best val_acc=0.5216 @ step 1000

  Training model seed 3 (seed=3)
  [mseed=3] Step    1 | loss 1.7263 | val_acc 0.3586
  [mseed=3] Step   50 | loss 1.4052 | val_acc 0.3983
  [mseed=3] Step  100 | loss 1.3577 | val_acc 0.4107
  [mseed=3] Step  150 | loss 1.3147 | val_acc 0.4080
  [mseed=3] Step  200 | loss 1.2811 | val_acc 0.4150
  [mseed=3] Step  250 | loss 1.2342 | val_acc 0.4094
  [mseed=3] Step  300 | loss 1.1913 | val_acc 0.4339
  [mseed=3] Step  350 | loss 1.1482 | val_acc 0.4369
  [mseed=3] Step  400 | loss 1.0870 | val_acc 0.4501
  [mseed=3] Step  450 | loss 1.0373 | val_acc 0.4602
  [mseed=3] Step  500 | loss 0.9853 | val_acc 0.4610
  [mseed=3] Step  550 | loss 0.9191 | val_acc 0.4733
  [mseed=3] Step  600 | loss 0.8635 | val_acc 0.4837
  [mseed=3] Step  650 | loss 0.7985 | val_acc 0.4896
  [mseed=3] Step  700 | loss 0.7340 | val_acc 0.4945
  [mseed=3] Step  750 | loss 0.6812 | val_acc 0.4993
  [mseed=3] Step  800 | loss 0.6115 | val_acc 0.5069
  [mseed=3] Step  850 | loss 0.5469 | val_acc 0.5104
  [mseed=3] Step  900 | loss 0.4920 | val_acc 0.5149
  [mseed=3] Step  950 | loss 0.4395 | val_acc 0.5151
  [mseed=3] Step 1000 | loss 0.3815 | val_acc 0.5133
  [mseed=3] Best val_acc=0.5187 @ step 974

--- Ensemble (4 seeds) ---
  Individual val_accs: ['0.5187', '0.5148', '0.5216', '0.5187']
  Ensemble train_acc=0.9650  val_acc=0.5288
  Ensemble test_acc=0.5422  test_loss=1.9409
  test_f1m=0.4892  test_f1w=0.5370
  >> val_acc=0.5288  test_acc=0.5422

Done. Results saved to /home/nchervov/other_datasets/results/amazon_ratings/ensemble.csv, checkpoints in /home/nchervov/other_datasets/all_checkpoints/amazon_ratings/ensemble/
