Loading data...

============================================================
Training TABM-amazon-ratings GAT-sep 1L h=512 lr=3e-05 split=1
============================================================
Step    1 | loss 2.7146 | val_acc=0.1156 val_loss=2.1783 val_f1_macro=0.0973 val_f1_weighted=0.0831 val_prec_macro=0.1261 val_rec_macro=0.1928 val_metric_name=acc val_metric=0.1156
Step   50 | loss 1.6183 | val_acc=0.3822 val_loss=1.4057 val_f1_macro=0.1719 val_f1_weighted=0.2811 val_prec_macro=0.4076 val_rec_macro=0.2226 val_metric_name=acc val_metric=0.3822
Step  100 | loss 1.5359 | val_acc=0.3890 val_loss=1.3852 val_f1_macro=0.1792 val_f1_weighted=0.2912 val_prec_macro=0.4112 val_rec_macro=0.2290 val_metric_name=acc val_metric=0.3890
Step  150 | loss 1.4972 | val_acc=0.3923 val_loss=1.3752 val_f1_macro=0.1837 val_f1_weighted=0.2970 val_prec_macro=0.4093 val_rec_macro=0.2327 val_metric_name=acc val_metric=0.3923
Step  200 | loss 1.4667 | val_acc=0.3985 val_loss=1.3684 val_f1_macro=0.1912 val_f1_weighted=0.3069 val_prec_macro=0.4117 val_rec_macro=0.2395 val_metric_name=acc val_metric=0.3985
Step  250 | loss 1.4432 | val_acc=0.4005 val_loss=1.3623 val_f1_macro=0.1958 val_f1_weighted=0.3119 val_prec_macro=0.3113 val_rec_macro=0.2428 val_metric_name=acc val_metric=0.4005
Step  300 | loss 1.4227 | val_acc=0.4032 val_loss=1.3572 val_f1_macro=0.2008 val_f1_weighted=0.3175 val_prec_macro=0.3231 val_rec_macro=0.2461 val_metric_name=acc val_metric=0.4032
Step  350 | loss 1.4094 | val_acc=0.4058 val_loss=1.3524 val_f1_macro=0.2052 val_f1_weighted=0.3230 val_prec_macro=0.3298 val_rec_macro=0.2492 val_metric_name=acc val_metric=0.4058
Step  400 | loss 1.3930 | val_acc=0.4093 val_loss=1.3479 val_f1_macro=0.2119 val_f1_weighted=0.3305 val_prec_macro=0.3263 val_rec_macro=0.2534 val_metric_name=acc val_metric=0.4093
Step  450 | loss 1.3770 | val_acc=0.4147 val_loss=1.3434 val_f1_macro=0.2189 val_f1_weighted=0.3388 val_prec_macro=0.3285 val_rec_macro=0.2583 val_metric_name=acc val_metric=0.4147
Step  500 | loss 1.3614 | val_acc=0.4186 val_loss=1.3395 val_f1_macro=0.2265 val_f1_weighted=0.3455 val_prec_macro=0.5272 val_rec_macro=0.2638 val_metric_name=acc val_metric=0.4186
Step  550 | loss 1.3503 | val_acc=0.4186 val_loss=1.3357 val_f1_macro=0.2314 val_f1_weighted=0.3481 val_prec_macro=0.5459 val_rec_macro=0.2663 val_metric_name=acc val_metric=0.4186
Step  600 | loss 1.3337 | val_acc=0.4223 val_loss=1.3318 val_f1_macro=0.2366 val_f1_weighted=0.3537 val_prec_macro=0.4022 val_rec_macro=0.2698 val_metric_name=acc val_metric=0.4223
Step  650 | loss 1.3144 | val_acc=0.4284 val_loss=1.3280 val_f1_macro=0.2493 val_f1_weighted=0.3644 val_prec_macro=0.4674 val_rec_macro=0.2775 val_metric_name=acc val_metric=0.4284
Step  700 | loss 1.3002 | val_acc=0.4328 val_loss=1.3255 val_f1_macro=0.2559 val_f1_weighted=0.3712 val_prec_macro=0.4446 val_rec_macro=0.2827 val_metric_name=acc val_metric=0.4328
Step  750 | loss 1.2797 | val_acc=0.4352 val_loss=1.3219 val_f1_macro=0.2626 val_f1_weighted=0.3770 val_prec_macro=0.4248 val_rec_macro=0.2863 val_metric_name=acc val_metric=0.4352
Step  800 | loss 1.2631 | val_acc=0.4382 val_loss=1.3202 val_f1_macro=0.2698 val_f1_weighted=0.3825 val_prec_macro=0.4495 val_rec_macro=0.2911 val_metric_name=acc val_metric=0.4382
Step  850 | loss 1.2380 | val_acc=0.4423 val_loss=1.3173 val_f1_macro=0.2785 val_f1_weighted=0.3900 val_prec_macro=0.4465 val_rec_macro=0.2971 val_metric_name=acc val_metric=0.4423
Step  900 | loss 1.2170 | val_acc=0.4455 val_loss=1.3168 val_f1_macro=0.2868 val_f1_weighted=0.3966 val_prec_macro=0.4542 val_rec_macro=0.3024 val_metric_name=acc val_metric=0.4455
Step  950 | loss 1.1906 | val_acc=0.4503 val_loss=1.3156 val_f1_macro=0.2963 val_f1_weighted=0.4044 val_prec_macro=0.4679 val_rec_macro=0.3086 val_metric_name=acc val_metric=0.4503
Step 1000 | loss 1.1637 | val_acc=0.4552 val_loss=1.3173 val_f1_macro=0.3087 val_f1_weighted=0.4116 val_prec_macro=0.4990 val_rec_macro=0.3164 val_metric_name=acc val_metric=0.4552
Step 1050 | loss 1.1322 | val_acc=0.4602 val_loss=1.3172 val_f1_macro=0.3293 val_f1_weighted=0.4220 val_prec_macro=0.5213 val_rec_macro=0.3286 val_metric_name=acc val_metric=0.4602
Step 1100 | loss 1.1047 | val_acc=0.4651 val_loss=1.3201 val_f1_macro=0.3400 val_f1_weighted=0.4303 val_prec_macro=0.5316 val_rec_macro=0.3358 val_metric_name=acc val_metric=0.4651
Step 1150 | loss 1.0722 | val_acc=0.4700 val_loss=1.3217 val_f1_macro=0.3510 val_f1_weighted=0.4394 val_prec_macro=0.5256 val_rec_macro=0.3439 val_metric_name=acc val_metric=0.4700
Step 1200 | loss 1.0384 | val_acc=0.4753 val_loss=1.3297 val_f1_macro=0.3614 val_f1_weighted=0.4460 val_prec_macro=0.5263 val_rec_macro=0.3513 val_metric_name=acc val_metric=0.4753
Step 1250 | loss 1.0029 | val_acc=0.4836 val_loss=1.3351 val_f1_macro=0.3746 val_f1_weighted=0.4569 val_prec_macro=0.5361 val_rec_macro=0.3614 val_metric_name=acc val_metric=0.4836
Step 1300 | loss 0.9744 | val_acc=0.4903 val_loss=1.3443 val_f1_macro=0.3904 val_f1_weighted=0.4654 val_prec_macro=0.5559 val_rec_macro=0.3724 val_metric_name=acc val_metric=0.4903
Step 1350 | loss 0.9349 | val_acc=0.4962 val_loss=1.3557 val_f1_macro=0.4027 val_f1_weighted=0.4732 val_prec_macro=0.5635 val_rec_macro=0.3815 val_metric_name=acc val_metric=0.4962
Step 1400 | loss 0.9085 | val_acc=0.5002 val_loss=1.3681 val_f1_macro=0.4089 val_f1_weighted=0.4780 val_prec_macro=0.5679 val_rec_macro=0.3864 val_metric_name=acc val_metric=0.5002
Step 1450 | loss 0.8739 | val_acc=0.5033 val_loss=1.3824 val_f1_macro=0.4173 val_f1_weighted=0.4827 val_prec_macro=0.5813 val_rec_macro=0.3923 val_metric_name=acc val_metric=0.5033
Step 1500 | loss 0.8380 | val_acc=0.5071 val_loss=1.3992 val_f1_macro=0.4235 val_f1_weighted=0.4878 val_prec_macro=0.5828 val_rec_macro=0.3973 val_metric_name=acc val_metric=0.5071
Step 1550 | loss 0.8112 | val_acc=0.5086 val_loss=1.4177 val_f1_macro=0.4258 val_f1_weighted=0.4895 val_prec_macro=0.5797 val_rec_macro=0.3994 val_metric_name=acc val_metric=0.5086
Step 1600 | loss 0.7756 | val_acc=0.5146 val_loss=1.4372 val_f1_macro=0.4344 val_f1_weighted=0.4971 val_prec_macro=0.5792 val_rec_macro=0.4067 val_metric_name=acc val_metric=0.5146
Step 1650 | loss 0.7412 | val_acc=0.5197 val_loss=1.4593 val_f1_macro=0.4395 val_f1_weighted=0.5022 val_prec_macro=0.5888 val_rec_macro=0.4105 val_metric_name=acc val_metric=0.5197
Step 1700 | loss 0.7169 | val_acc=0.5225 val_loss=1.4811 val_f1_macro=0.4454 val_f1_weighted=0.5068 val_prec_macro=0.5857 val_rec_macro=0.4162 val_metric_name=acc val_metric=0.5225
Step 1750 | loss 0.6914 | val_acc=0.5257 val_loss=1.5011 val_f1_macro=0.4486 val_f1_weighted=0.5107 val_prec_macro=0.5861 val_rec_macro=0.4189 val_metric_name=acc val_metric=0.5257
Step 1800 | loss 0.6640 | val_acc=0.5316 val_loss=1.5328 val_f1_macro=0.4592 val_f1_weighted=0.5172 val_prec_macro=0.5941 val_rec_macro=0.4279 val_metric_name=acc val_metric=0.5316
Step 1850 | loss 0.6350 | val_acc=0.5334 val_loss=1.5567 val_f1_macro=0.4625 val_f1_weighted=0.5193 val_prec_macro=0.5953 val_rec_macro=0.4309 val_metric_name=acc val_metric=0.5334
Step 1900 | loss 0.6072 | val_acc=0.5354 val_loss=1.5817 val_f1_macro=0.4645 val_f1_weighted=0.5216 val_prec_macro=0.5937 val_rec_macro=0.4328 val_metric_name=acc val_metric=0.5354
Step 1950 | loss 0.5895 | val_acc=0.5376 val_loss=1.6117 val_f1_macro=0.4692 val_f1_weighted=0.5245 val_prec_macro=0.5939 val_rec_macro=0.4370 val_metric_name=acc val_metric=0.5376
Step 2000 | loss 0.5672 | val_acc=0.5396 val_loss=1.6434 val_f1_macro=0.4711 val_f1_weighted=0.5266 val_prec_macro=0.5914 val_rec_macro=0.4389 val_metric_name=acc val_metric=0.5396
Step 2050 | loss 0.5429 | val_acc=0.5416 val_loss=1.6670 val_f1_macro=0.4758 val_f1_weighted=0.5292 val_prec_macro=0.5964 val_rec_macro=0.4428 val_metric_name=acc val_metric=0.5416
Step 2100 | loss 0.5174 | val_acc=0.5414 val_loss=1.7001 val_f1_macro=0.4761 val_f1_weighted=0.5292 val_prec_macro=0.5911 val_rec_macro=0.4439 val_metric_name=acc val_metric=0.5414
Step 2150 | loss 0.4982 | val_acc=0.5419 val_loss=1.7275 val_f1_macro=0.4773 val_f1_weighted=0.5298 val_prec_macro=0.5927 val_rec_macro=0.4445 val_metric_name=acc val_metric=0.5419
Step 2200 | loss 0.4755 | val_acc=0.5445 val_loss=1.7571 val_f1_macro=0.4821 val_f1_weighted=0.5330 val_prec_macro=0.5957 val_rec_macro=0.4491 val_metric_name=acc val_metric=0.5445
Step 2250 | loss 0.4603 | val_acc=0.5439 val_loss=1.7839 val_f1_macro=0.4803 val_f1_weighted=0.5322 val_prec_macro=0.5905 val_rec_macro=0.4478 val_metric_name=acc val_metric=0.5439
Step 2300 | loss 0.4416 | val_acc=0.5443 val_loss=1.8205 val_f1_macro=0.4810 val_f1_weighted=0.5328 val_prec_macro=0.5931 val_rec_macro=0.4483 val_metric_name=acc val_metric=0.5443
Step 2350 | loss 0.4233 | val_acc=0.5443 val_loss=1.8403 val_f1_macro=0.4827 val_f1_weighted=0.5335 val_prec_macro=0.5871 val_rec_macro=0.4503 val_metric_name=acc val_metric=0.5443
Step 2400 | loss 0.4089 | val_acc=0.5461 val_loss=1.8754 val_f1_macro=0.4847 val_f1_weighted=0.5354 val_prec_macro=0.5902 val_rec_macro=0.4524 val_metric_name=acc val_metric=0.5461
Step 2450 | loss 0.3924 | val_acc=0.5452 val_loss=1.9038 val_f1_macro=0.4868 val_f1_weighted=0.5348 val_prec_macro=0.5925 val_rec_macro=0.4536 val_metric_name=acc val_metric=0.5452
Step 2500 | loss 0.3802 | val_acc=0.5471 val_loss=1.9285 val_f1_macro=0.4910 val_f1_weighted=0.5374 val_prec_macro=0.5918 val_rec_macro=0.4579 val_metric_name=acc val_metric=0.5471
Step 2550 | loss 0.3605 | val_acc=0.5504 val_loss=1.9532 val_f1_macro=0.4936 val_f1_weighted=0.5408 val_prec_macro=0.5939 val_rec_macro=0.4603 val_metric_name=acc val_metric=0.5504
Step 2600 | loss 0.3544 | val_acc=0.5504 val_loss=1.9875 val_f1_macro=0.4935 val_f1_weighted=0.5406 val_prec_macro=0.5950 val_rec_macro=0.4599 val_metric_name=acc val_metric=0.5504
Step 2650 | loss 0.3409 | val_acc=0.5517 val_loss=2.0073 val_f1_macro=0.4974 val_f1_weighted=0.5425 val_prec_macro=0.5985 val_rec_macro=0.4634 val_metric_name=acc val_metric=0.5517
Step 2700 | loss 0.3329 | val_acc=0.5525 val_loss=2.0347 val_f1_macro=0.4960 val_f1_weighted=0.5430 val_prec_macro=0.5928 val_rec_macro=0.4628 val_metric_name=acc val_metric=0.5525
Step 2750 | loss 0.3183 | val_acc=0.5525 val_loss=2.0646 val_f1_macro=0.4987 val_f1_weighted=0.5434 val_prec_macro=0.5942 val_rec_macro=0.4653 val_metric_name=acc val_metric=0.5525
Step 2800 | loss 0.3105 | val_acc=0.5520 val_loss=2.0873 val_f1_macro=0.4986 val_f1_weighted=0.5430 val_prec_macro=0.5925 val_rec_macro=0.4651 val_metric_name=acc val_metric=0.5520
Step 2850 | loss 0.3030 | val_acc=0.5523 val_loss=2.1101 val_f1_macro=0.4979 val_f1_weighted=0.5433 val_prec_macro=0.5919 val_rec_macro=0.4647 val_metric_name=acc val_metric=0.5523
Step 2900 | loss 0.2931 | val_acc=0.5530 val_loss=2.1347 val_f1_macro=0.4989 val_f1_weighted=0.5439 val_prec_macro=0.5903 val_rec_macro=0.4660 val_metric_name=acc val_metric=0.5530
Step 2950 | loss 0.2815 | val_acc=0.5540 val_loss=2.1560 val_f1_macro=0.5006 val_f1_weighted=0.5450 val_prec_macro=0.5951 val_rec_macro=0.4669 val_metric_name=acc val_metric=0.5540
Step 3000 | loss 0.2674 | val_acc=0.5546 val_loss=2.1856 val_f1_macro=0.5015 val_f1_weighted=0.5455 val_prec_macro=0.5961 val_rec_macro=0.4675 val_metric_name=acc val_metric=0.5546
Step 3050 | loss 0.2642 | val_acc=0.5541 val_loss=2.2047 val_f1_macro=0.4983 val_f1_weighted=0.5447 val_prec_macro=0.5922 val_rec_macro=0.4652 val_metric_name=acc val_metric=0.5541
Step 3100 | loss 0.2544 | val_acc=0.5554 val_loss=2.2181 val_f1_macro=0.5013 val_f1_weighted=0.5463 val_prec_macro=0.5975 val_rec_macro=0.4673 val_metric_name=acc val_metric=0.5554
Step 3150 | loss 0.2533 | val_acc=0.5554 val_loss=2.2432 val_f1_macro=0.5002 val_f1_weighted=0.5462 val_prec_macro=0.5916 val_rec_macro=0.4673 val_metric_name=acc val_metric=0.5554
Step 3200 | loss 0.2420 | val_acc=0.5554 val_loss=2.2552 val_f1_macro=0.5011 val_f1_weighted=0.5465 val_prec_macro=0.5909 val_rec_macro=0.4682 val_metric_name=acc val_metric=0.5554
Step 3250 | loss 0.2361 | val_acc=0.5563 val_loss=2.2841 val_f1_macro=0.5009 val_f1_weighted=0.5468 val_prec_macro=0.5931 val_rec_macro=0.4678 val_metric_name=acc val_metric=0.5563
Step 3300 | loss 0.2253 | val_acc=0.5546 val_loss=2.3048 val_f1_macro=0.4994 val_f1_weighted=0.5454 val_prec_macro=0.5891 val_rec_macro=0.4668 val_metric_name=acc val_metric=0.5546
Step 3350 | loss 0.2195 | val_acc=0.5551 val_loss=2.3179 val_f1_macro=0.4998 val_f1_weighted=0.5459 val_prec_macro=0.5879 val_rec_macro=0.4673 val_metric_name=acc val_metric=0.5551
Step 3400 | loss 0.2153 | val_acc=0.5553 val_loss=2.3330 val_f1_macro=0.5005 val_f1_weighted=0.5461 val_prec_macro=0.5918 val_rec_macro=0.4674 val_metric_name=acc val_metric=0.5553
Step 3450 | loss 0.2130 | val_acc=0.5561 val_loss=2.3520 val_f1_macro=0.5018 val_f1_weighted=0.5470 val_prec_macro=0.5953 val_rec_macro=0.4682 val_metric_name=acc val_metric=0.5561
Step 3500 | loss 0.2116 | val_acc=0.5568 val_loss=2.3729 val_f1_macro=0.5021 val_f1_weighted=0.5475 val_prec_macro=0.5942 val_rec_macro=0.4687 val_metric_name=acc val_metric=0.5568
Step 3550 | loss 0.1998 | val_acc=0.5558 val_loss=2.3810 val_f1_macro=0.5009 val_f1_weighted=0.5466 val_prec_macro=0.5903 val_rec_macro=0.4681 val_metric_name=acc val_metric=0.5558
Step 3600 | loss 0.2016 | val_acc=0.5546 val_loss=2.3941 val_f1_macro=0.5013 val_f1_weighted=0.5457 val_prec_macro=0.5941 val_rec_macro=0.4676 val_metric_name=acc val_metric=0.5546
Step 3650 | loss 0.1970 | val_acc=0.5554 val_loss=2.4176 val_f1_macro=0.5010 val_f1_weighted=0.5463 val_prec_macro=0.5936 val_rec_macro=0.4675 val_metric_name=acc val_metric=0.5554
Step 3700 | loss 0.1883 | val_acc=0.5551 val_loss=2.4287 val_f1_macro=0.5025 val_f1_weighted=0.5464 val_prec_macro=0.5954 val_rec_macro=0.4687 val_metric_name=acc val_metric=0.5551
Step 3750 | loss 0.1826 | val_acc=0.5551 val_loss=2.4470 val_f1_macro=0.5015 val_f1_weighted=0.5463 val_prec_macro=0.5913 val_rec_macro=0.4683 val_metric_name=acc val_metric=0.5551
Early stopping at step 3762

--- Final (best ckpt @ step 3460) ---
  train_acc=0.9975 train_loss=0.0097 train_f1_macro=0.9972 train_f1_weighted=0.9975 train_prec_macro=0.9978 train_rec_macro=0.9967 train_metric_name=acc train_metric=0.9975
  val_acc=0.5572 val_loss=2.3591 val_f1_macro=0.5020 val_f1_weighted=0.5479 val_prec_macro=0.5945 val_rec_macro=0.4686 val_metric_name=acc val_metric=0.5572
  test_acc=0.5581 test_loss=2.3774 test_f1_macro=0.5025 test_f1_weighted=0.5494 test_prec_macro=0.5991 test_rec_macro=0.4688 test_metric_name=acc test_metric=0.5581
  test_acc=0.5581

============================================================
Training TABM-amazon-ratings GAT-sep 2L h=512 lr=3e-05 split=1
============================================================
Step    1 | loss 2.4941 | val_acc=0.2492 val_loss=1.6761 val_f1_macro=0.1748 val_f1_weighted=0.2007 val_prec_macro=0.2103 val_rec_macro=0.2147 val_metric_name=acc val_metric=0.2492
Step   50 | loss 1.5817 | val_acc=0.3902 val_loss=1.4082 val_f1_macro=0.1846 val_f1_weighted=0.2984 val_prec_macro=0.2423 val_rec_macro=0.2346 val_metric_name=acc val_metric=0.3902
Step  100 | loss 1.4967 | val_acc=0.3978 val_loss=1.3782 val_f1_macro=0.1887 val_f1_weighted=0.3045 val_prec_macro=0.2449 val_rec_macro=0.2393 val_metric_name=acc val_metric=0.3978
Step  150 | loss 1.4606 | val_acc=0.3993 val_loss=1.3654 val_f1_macro=0.1923 val_f1_weighted=0.3086 val_prec_macro=0.2355 val_rec_macro=0.2425 val_metric_name=acc val_metric=0.3993
Step  200 | loss 1.4325 | val_acc=0.4031 val_loss=1.3570 val_f1_macro=0.1966 val_f1_weighted=0.3140 val_prec_macro=0.2321 val_rec_macro=0.2465 val_metric_name=acc val_metric=0.4031
Step  250 | loss 1.4106 | val_acc=0.4070 val_loss=1.3488 val_f1_macro=0.2022 val_f1_weighted=0.3207 val_prec_macro=0.2365 val_rec_macro=0.2513 val_metric_name=acc val_metric=0.4070
Step  300 | loss 1.3886 | val_acc=0.4147 val_loss=1.3437 val_f1_macro=0.2102 val_f1_weighted=0.3304 val_prec_macro=0.3443 val_rec_macro=0.2585 val_metric_name=acc val_metric=0.4147
Step  350 | loss 1.3735 | val_acc=0.4201 val_loss=1.3378 val_f1_macro=0.2199 val_f1_weighted=0.3405 val_prec_macro=0.3414 val_rec_macro=0.2650 val_metric_name=acc val_metric=0.4201
Step  400 | loss 1.3574 | val_acc=0.4263 val_loss=1.3326 val_f1_macro=0.2281 val_f1_weighted=0.3490 val_prec_macro=0.4049 val_rec_macro=0.2714 val_metric_name=acc val_metric=0.4263
Step  450 | loss 1.3380 | val_acc=0.4285 val_loss=1.3278 val_f1_macro=0.2377 val_f1_weighted=0.3567 val_prec_macro=0.3877 val_rec_macro=0.2767 val_metric_name=acc val_metric=0.4285
Step  500 | loss 1.3194 | val_acc=0.4362 val_loss=1.3220 val_f1_macro=0.2519 val_f1_weighted=0.3702 val_prec_macro=0.3904 val_rec_macro=0.2852 val_metric_name=acc val_metric=0.4362
Step  550 | loss 1.3011 | val_acc=0.4387 val_loss=1.3217 val_f1_macro=0.2607 val_f1_weighted=0.3755 val_prec_macro=0.4052 val_rec_macro=0.2909 val_metric_name=acc val_metric=0.4387
Step  600 | loss 1.2788 | val_acc=0.4432 val_loss=1.3190 val_f1_macro=0.2742 val_f1_weighted=0.3856 val_prec_macro=0.4219 val_rec_macro=0.2995 val_metric_name=acc val_metric=0.4432
Step  650 | loss 1.2584 | val_acc=0.4508 val_loss=1.3168 val_f1_macro=0.2827 val_f1_weighted=0.3962 val_prec_macro=0.4147 val_rec_macro=0.3051 val_metric_name=acc val_metric=0.4508
Step  700 | loss 1.2366 | val_acc=0.4552 val_loss=1.3113 val_f1_macro=0.2965 val_f1_weighted=0.4061 val_prec_macro=0.4262 val_rec_macro=0.3135 val_metric_name=acc val_metric=0.4552
Step  750 | loss 1.2089 | val_acc=0.4614 val_loss=1.3144 val_f1_macro=0.3138 val_f1_weighted=0.4174 val_prec_macro=0.4375 val_rec_macro=0.3247 val_metric_name=acc val_metric=0.4614
Step  800 | loss 1.1849 | val_acc=0.4624 val_loss=1.3147 val_f1_macro=0.3296 val_f1_weighted=0.4238 val_prec_macro=0.4499 val_rec_macro=0.3335 val_metric_name=acc val_metric=0.4624
Step  850 | loss 1.1520 | val_acc=0.4655 val_loss=1.3210 val_f1_macro=0.3387 val_f1_weighted=0.4288 val_prec_macro=0.4583 val_rec_macro=0.3389 val_metric_name=acc val_metric=0.4655
Step  900 | loss 1.1235 | val_acc=0.4735 val_loss=1.3252 val_f1_macro=0.3605 val_f1_weighted=0.4423 val_prec_macro=0.4704 val_rec_macro=0.3545 val_metric_name=acc val_metric=0.4735
Step  950 | loss 1.0952 | val_acc=0.4789 val_loss=1.3308 val_f1_macro=0.3712 val_f1_weighted=0.4515 val_prec_macro=0.4773 val_rec_macro=0.3614 val_metric_name=acc val_metric=0.4789
Step 1000 | loss 1.0611 | val_acc=0.4852 val_loss=1.3459 val_f1_macro=0.3813 val_f1_weighted=0.4601 val_prec_macro=0.4762 val_rec_macro=0.3700 val_metric_name=acc val_metric=0.4852
Step 1050 | loss 1.0346 | val_acc=0.4913 val_loss=1.3697 val_f1_macro=0.3950 val_f1_weighted=0.4685 val_prec_macro=0.4863 val_rec_macro=0.3811 val_metric_name=acc val_metric=0.4913
Step 1100 | loss 1.0034 | val_acc=0.4970 val_loss=1.3888 val_f1_macro=0.4072 val_f1_weighted=0.4771 val_prec_macro=0.4971 val_rec_macro=0.3909 val_metric_name=acc val_metric=0.4970
Step 1150 | loss 0.9736 | val_acc=0.5006 val_loss=1.4133 val_f1_macro=0.4149 val_f1_weighted=0.4824 val_prec_macro=0.4988 val_rec_macro=0.3971 val_metric_name=acc val_metric=0.5006
Step 1200 | loss 0.9458 | val_acc=0.5014 val_loss=1.4325 val_f1_macro=0.4171 val_f1_weighted=0.4841 val_prec_macro=0.4924 val_rec_macro=0.4003 val_metric_name=acc val_metric=0.5014
Step 1250 | loss 0.9137 | val_acc=0.5060 val_loss=1.4625 val_f1_macro=0.4232 val_f1_weighted=0.4893 val_prec_macro=0.5009 val_rec_macro=0.4051 val_metric_name=acc val_metric=0.5060
Step 1300 | loss 0.8825 | val_acc=0.5131 val_loss=1.4909 val_f1_macro=0.4327 val_f1_weighted=0.4978 val_prec_macro=0.5097 val_rec_macro=0.4129 val_metric_name=acc val_metric=0.5131
Step 1350 | loss 0.8497 | val_acc=0.5171 val_loss=1.5167 val_f1_macro=0.4399 val_f1_weighted=0.5027 val_prec_macro=0.5142 val_rec_macro=0.4199 val_metric_name=acc val_metric=0.5171
Step 1400 | loss 0.8185 | val_acc=0.5171 val_loss=1.5428 val_f1_macro=0.4439 val_f1_weighted=0.5043 val_prec_macro=0.5124 val_rec_macro=0.4233 val_metric_name=acc val_metric=0.5171
Step 1450 | loss 0.7923 | val_acc=0.5194 val_loss=1.5847 val_f1_macro=0.4470 val_f1_weighted=0.5063 val_prec_macro=0.5188 val_rec_macro=0.4263 val_metric_name=acc val_metric=0.5194
Step 1500 | loss 0.7619 | val_acc=0.5257 val_loss=1.6106 val_f1_macro=0.4568 val_f1_weighted=0.5142 val_prec_macro=0.5231 val_rec_macro=0.4349 val_metric_name=acc val_metric=0.5257
Step 1550 | loss 0.7343 | val_acc=0.5274 val_loss=1.6411 val_f1_macro=0.4674 val_f1_weighted=0.5175 val_prec_macro=0.5290 val_rec_macro=0.4450 val_metric_name=acc val_metric=0.5274
Step 1600 | loss 0.7063 | val_acc=0.5321 val_loss=1.6743 val_f1_macro=0.4724 val_f1_weighted=0.5223 val_prec_macro=0.5308 val_rec_macro=0.4501 val_metric_name=acc val_metric=0.5321
Step 1650 | loss 0.6782 | val_acc=0.5345 val_loss=1.7120 val_f1_macro=0.4776 val_f1_weighted=0.5255 val_prec_macro=0.5340 val_rec_macro=0.4550 val_metric_name=acc val_metric=0.5345
Step 1700 | loss 0.6630 | val_acc=0.5360 val_loss=1.7586 val_f1_macro=0.4793 val_f1_weighted=0.5270 val_prec_macro=0.5352 val_rec_macro=0.4569 val_metric_name=acc val_metric=0.5360
Step 1750 | loss 0.6312 | val_acc=0.5378 val_loss=1.7991 val_f1_macro=0.4817 val_f1_weighted=0.5292 val_prec_macro=0.5350 val_rec_macro=0.4597 val_metric_name=acc val_metric=0.5378
Step 1800 | loss 0.6073 | val_acc=0.5414 val_loss=1.8333 val_f1_macro=0.4858 val_f1_weighted=0.5332 val_prec_macro=0.5337 val_rec_macro=0.4651 val_metric_name=acc val_metric=0.5414
Step 1850 | loss 0.5864 | val_acc=0.5424 val_loss=1.8738 val_f1_macro=0.4885 val_f1_weighted=0.5350 val_prec_macro=0.5331 val_rec_macro=0.4684 val_metric_name=acc val_metric=0.5424
Step 1900 | loss 0.5605 | val_acc=0.5456 val_loss=1.9190 val_f1_macro=0.4914 val_f1_weighted=0.5387 val_prec_macro=0.5325 val_rec_macro=0.4721 val_metric_name=acc val_metric=0.5456
Step 1950 | loss 0.5426 | val_acc=0.5478 val_loss=1.9641 val_f1_macro=0.4939 val_f1_weighted=0.5406 val_prec_macro=0.5354 val_rec_macro=0.4746 val_metric_name=acc val_metric=0.5478
Step 2000 | loss 0.5219 | val_acc=0.5484 val_loss=2.0086 val_f1_macro=0.4945 val_f1_weighted=0.5415 val_prec_macro=0.5352 val_rec_macro=0.4754 val_metric_name=acc val_metric=0.5484
Step 2050 | loss 0.5052 | val_acc=0.5496 val_loss=2.0564 val_f1_macro=0.4949 val_f1_weighted=0.5431 val_prec_macro=0.5325 val_rec_macro=0.4766 val_metric_name=acc val_metric=0.5496
Step 2100 | loss 0.4850 | val_acc=0.5525 val_loss=2.0830 val_f1_macro=0.4989 val_f1_weighted=0.5466 val_prec_macro=0.5350 val_rec_macro=0.4806 val_metric_name=acc val_metric=0.5525
Step 2150 | loss 0.4639 | val_acc=0.5545 val_loss=2.1330 val_f1_macro=0.5022 val_f1_weighted=0.5484 val_prec_macro=0.5381 val_rec_macro=0.4839 val_metric_name=acc val_metric=0.5545
Step 2200 | loss 0.4486 | val_acc=0.5533 val_loss=2.1816 val_f1_macro=0.5021 val_f1_weighted=0.5478 val_prec_macro=0.5367 val_rec_macro=0.4840 val_metric_name=acc val_metric=0.5533
Step 2250 | loss 0.4293 | val_acc=0.5553 val_loss=2.2349 val_f1_macro=0.5010 val_f1_weighted=0.5497 val_prec_macro=0.5300 val_rec_macro=0.4854 val_metric_name=acc val_metric=0.5553
Step 2300 | loss 0.4169 | val_acc=0.5548 val_loss=2.2749 val_f1_macro=0.5017 val_f1_weighted=0.5493 val_prec_macro=0.5324 val_rec_macro=0.4855 val_metric_name=acc val_metric=0.5548
Step 2350 | loss 0.4062 | val_acc=0.5550 val_loss=2.3017 val_f1_macro=0.5027 val_f1_weighted=0.5497 val_prec_macro=0.5345 val_rec_macro=0.4856 val_metric_name=acc val_metric=0.5550
Step 2400 | loss 0.3900 | val_acc=0.5541 val_loss=2.3540 val_f1_macro=0.5012 val_f1_weighted=0.5492 val_prec_macro=0.5291 val_rec_macro=0.4858 val_metric_name=acc val_metric=0.5541
Step 2450 | loss 0.3749 | val_acc=0.5550 val_loss=2.4020 val_f1_macro=0.5021 val_f1_weighted=0.5499 val_prec_macro=0.5300 val_rec_macro=0.4868 val_metric_name=acc val_metric=0.5550
Step 2500 | loss 0.3627 | val_acc=0.5538 val_loss=2.4321 val_f1_macro=0.5009 val_f1_weighted=0.5491 val_prec_macro=0.5277 val_rec_macro=0.4857 val_metric_name=acc val_metric=0.5538
Step 2550 | loss 0.3558 | val_acc=0.5564 val_loss=2.4785 val_f1_macro=0.5042 val_f1_weighted=0.5518 val_prec_macro=0.5307 val_rec_macro=0.4893 val_metric_name=acc val_metric=0.5564
Step 2600 | loss 0.3366 | val_acc=0.5579 val_loss=2.5240 val_f1_macro=0.5052 val_f1_weighted=0.5532 val_prec_macro=0.5308 val_rec_macro=0.4909 val_metric_name=acc val_metric=0.5579
Step 2650 | loss 0.3333 | val_acc=0.5568 val_loss=2.5589 val_f1_macro=0.5039 val_f1_weighted=0.5523 val_prec_macro=0.5294 val_rec_macro=0.4892 val_metric_name=acc val_metric=0.5568
Step 2700 | loss 0.3125 | val_acc=0.5574 val_loss=2.6025 val_f1_macro=0.5037 val_f1_weighted=0.5529 val_prec_macro=0.5283 val_rec_macro=0.4895 val_metric_name=acc val_metric=0.5574
Step 2750 | loss 0.3085 | val_acc=0.5587 val_loss=2.6483 val_f1_macro=0.5048 val_f1_weighted=0.5545 val_prec_macro=0.5280 val_rec_macro=0.4919 val_metric_name=acc val_metric=0.5587
Step 2800 | loss 0.2963 | val_acc=0.5592 val_loss=2.6689 val_f1_macro=0.5060 val_f1_weighted=0.5551 val_prec_macro=0.5286 val_rec_macro=0.4930 val_metric_name=acc val_metric=0.5592
Step 2850 | loss 0.2869 | val_acc=0.5587 val_loss=2.7022 val_f1_macro=0.5070 val_f1_weighted=0.5546 val_prec_macro=0.5287 val_rec_macro=0.4942 val_metric_name=acc val_metric=0.5587
Step 2900 | loss 0.2783 | val_acc=0.5592 val_loss=2.7481 val_f1_macro=0.5050 val_f1_weighted=0.5550 val_prec_macro=0.5268 val_rec_macro=0.4928 val_metric_name=acc val_metric=0.5592
Step 2950 | loss 0.2751 | val_acc=0.5602 val_loss=2.7769 val_f1_macro=0.5053 val_f1_weighted=0.5561 val_prec_macro=0.5257 val_rec_macro=0.4936 val_metric_name=acc val_metric=0.5602
Step 3000 | loss 0.2644 | val_acc=0.5599 val_loss=2.8144 val_f1_macro=0.5050 val_f1_weighted=0.5558 val_prec_macro=0.5252 val_rec_macro=0.4937 val_metric_name=acc val_metric=0.5599
Step 3050 | loss 0.2556 | val_acc=0.5599 val_loss=2.8400 val_f1_macro=0.5056 val_f1_weighted=0.5561 val_prec_macro=0.5240 val_rec_macro=0.4949 val_metric_name=acc val_metric=0.5599
Step 3100 | loss 0.2505 | val_acc=0.5607 val_loss=2.8699 val_f1_macro=0.5071 val_f1_weighted=0.5569 val_prec_macro=0.5261 val_rec_macro=0.4961 val_metric_name=acc val_metric=0.5607
Step 3150 | loss 0.2402 | val_acc=0.5599 val_loss=2.9019 val_f1_macro=0.5055 val_f1_weighted=0.5563 val_prec_macro=0.5231 val_rec_macro=0.4950 val_metric_name=acc val_metric=0.5599
Step 3200 | loss 0.2295 | val_acc=0.5599 val_loss=2.9288 val_f1_macro=0.5064 val_f1_weighted=0.5564 val_prec_macro=0.5236 val_rec_macro=0.4960 val_metric_name=acc val_metric=0.5599
Step 3250 | loss 0.2285 | val_acc=0.5617 val_loss=2.9641 val_f1_macro=0.5082 val_f1_weighted=0.5578 val_prec_macro=0.5280 val_rec_macro=0.4967 val_metric_name=acc val_metric=0.5617
Step 3300 | loss 0.2250 | val_acc=0.5608 val_loss=2.9855 val_f1_macro=0.5070 val_f1_weighted=0.5570 val_prec_macro=0.5264 val_rec_macro=0.4956 val_metric_name=acc val_metric=0.5608
Step 3350 | loss 0.2197 | val_acc=0.5603 val_loss=3.0287 val_f1_macro=0.5073 val_f1_weighted=0.5565 val_prec_macro=0.5263 val_rec_macro=0.4957 val_metric_name=acc val_metric=0.5603
Step 3400 | loss 0.2117 | val_acc=0.5603 val_loss=3.0459 val_f1_macro=0.5056 val_f1_weighted=0.5565 val_prec_macro=0.5255 val_rec_macro=0.4940 val_metric_name=acc val_metric=0.5603
Step 3450 | loss 0.2037 | val_acc=0.5610 val_loss=3.0602 val_f1_macro=0.5088 val_f1_weighted=0.5574 val_prec_macro=0.5287 val_rec_macro=0.4969 val_metric_name=acc val_metric=0.5610
Step 3500 | loss 0.2023 | val_acc=0.5618 val_loss=3.0886 val_f1_macro=0.5086 val_f1_weighted=0.5581 val_prec_macro=0.5264 val_rec_macro=0.4976 val_metric_name=acc val_metric=0.5618
Step 3550 | loss 0.1983 | val_acc=0.5613 val_loss=3.1319 val_f1_macro=0.5080 val_f1_weighted=0.5580 val_prec_macro=0.5250 val_rec_macro=0.4974 val_metric_name=acc val_metric=0.5613
Step 3600 | loss 0.1902 | val_acc=0.5628 val_loss=3.1446 val_f1_macro=0.5090 val_f1_weighted=0.5591 val_prec_macro=0.5267 val_rec_macro=0.4981 val_metric_name=acc val_metric=0.5628
Step 3650 | loss 0.1886 | val_acc=0.5602 val_loss=3.1630 val_f1_macro=0.5062 val_f1_weighted=0.5567 val_prec_macro=0.5246 val_rec_macro=0.4947 val_metric_name=acc val_metric=0.5602
Step 3700 | loss 0.1822 | val_acc=0.5621 val_loss=3.1911 val_f1_macro=0.5084 val_f1_weighted=0.5588 val_prec_macro=0.5250 val_rec_macro=0.4983 val_metric_name=acc val_metric=0.5621
Step 3750 | loss 0.1823 | val_acc=0.5610 val_loss=3.2105 val_f1_macro=0.5070 val_f1_weighted=0.5579 val_prec_macro=0.5220 val_rec_macro=0.4975 val_metric_name=acc val_metric=0.5610
Step 3800 | loss 0.1769 | val_acc=0.5605 val_loss=3.2430 val_f1_macro=0.5071 val_f1_weighted=0.5571 val_prec_macro=0.5236 val_rec_macro=0.4969 val_metric_name=acc val_metric=0.5605
Step 3850 | loss 0.1737 | val_acc=0.5607 val_loss=3.2586 val_f1_macro=0.5060 val_f1_weighted=0.5570 val_prec_macro=0.5233 val_rec_macro=0.4955 val_metric_name=acc val_metric=0.5607
Step 3900 | loss 0.1697 | val_acc=0.5623 val_loss=3.2790 val_f1_macro=0.5084 val_f1_weighted=0.5589 val_prec_macro=0.5246 val_rec_macro=0.4983 val_metric_name=acc val_metric=0.5623
Step 3950 | loss 0.1653 | val_acc=0.5605 val_loss=3.2841 val_f1_macro=0.5079 val_f1_weighted=0.5572 val_prec_macro=0.5254 val_rec_macro=0.4968 val_metric_name=acc val_metric=0.5605
Step 4000 | loss 0.1662 | val_acc=0.5613 val_loss=3.3207 val_f1_macro=0.5074 val_f1_weighted=0.5580 val_prec_macro=0.5229 val_rec_macro=0.4976 val_metric_name=acc val_metric=0.5613
Step 4050 | loss 0.1607 | val_acc=0.5602 val_loss=3.3373 val_f1_macro=0.5072 val_f1_weighted=0.5569 val_prec_macro=0.5233 val_rec_macro=0.4968 val_metric_name=acc val_metric=0.5602
Step 4100 | loss 0.1574 | val_acc=0.5600 val_loss=3.3614 val_f1_macro=0.5069 val_f1_weighted=0.5570 val_prec_macro=0.5228 val_rec_macro=0.4969 val_metric_name=acc val_metric=0.5600
Step 4150 | loss 0.1540 | val_acc=0.5602 val_loss=3.3825 val_f1_macro=0.5066 val_f1_weighted=0.5567 val_prec_macro=0.5241 val_rec_macro=0.4960 val_metric_name=acc val_metric=0.5602
Step 4200 | loss 0.1431 | val_acc=0.5600 val_loss=3.4054 val_f1_macro=0.5072 val_f1_weighted=0.5567 val_prec_macro=0.5239 val_rec_macro=0.4967 val_metric_name=acc val_metric=0.5600
Step 4250 | loss 0.1457 | val_acc=0.5612 val_loss=3.4170 val_f1_macro=0.5081 val_f1_weighted=0.5576 val_prec_macro=0.5252 val_rec_macro=0.4975 val_metric_name=acc val_metric=0.5612
Step 4300 | loss 0.1450 | val_acc=0.5617 val_loss=3.4426 val_f1_macro=0.5098 val_f1_weighted=0.5583 val_prec_macro=0.5270 val_rec_macro=0.4989 val_metric_name=acc val_metric=0.5617
Step 4350 | loss 0.1437 | val_acc=0.5607 val_loss=3.4529 val_f1_macro=0.5080 val_f1_weighted=0.5574 val_prec_macro=0.5251 val_rec_macro=0.4975 val_metric_name=acc val_metric=0.5607
Step 4400 | loss 0.1349 | val_acc=0.5599 val_loss=3.4685 val_f1_macro=0.5073 val_f1_weighted=0.5567 val_prec_macro=0.5237 val_rec_macro=0.4968 val_metric_name=acc val_metric=0.5599
Step 4450 | loss 0.1369 | val_acc=0.5595 val_loss=3.4912 val_f1_macro=0.5063 val_f1_weighted=0.5566 val_prec_macro=0.5204 val_rec_macro=0.4973 val_metric_name=acc val_metric=0.5595
Early stopping at step 4466

--- Final (best ckpt @ step 3530) ---
  train_acc=0.9971 train_loss=0.0089 train_f1_macro=0.9968 train_f1_weighted=0.9971 train_prec_macro=0.9966 train_rec_macro=0.9970 train_metric_name=acc train_metric=0.9971
  val_acc=0.5630 val_loss=3.1160 val_f1_macro=0.5101 val_f1_weighted=0.5594 val_prec_macro=0.5289 val_rec_macro=0.4988 val_metric_name=acc val_metric=0.5630
  test_acc=0.5556 test_loss=3.0541 test_f1_macro=0.5033 test_f1_weighted=0.5512 test_prec_macro=0.5311 test_rec_macro=0.4882 test_metric_name=acc test_metric=0.5556
  test_acc=0.5556

============================================================
Training TABM-amazon-ratings GAT-sep 3L h=512 lr=3e-05 split=1
============================================================
Step    1 | loss 2.3414 | val_acc=0.3598 val_loss=1.5320 val_f1_macro=0.1247 val_f1_weighted=0.2190 val_prec_macro=0.1766 val_rec_macro=0.1988 val_metric_name=acc val_metric=0.3598
Step   50 | loss 1.5300 | val_acc=0.3869 val_loss=1.3895 val_f1_macro=0.1795 val_f1_weighted=0.2918 val_prec_macro=0.2120 val_rec_macro=0.2287 val_metric_name=acc val_metric=0.3869
Step  100 | loss 1.4679 | val_acc=0.3956 val_loss=1.3729 val_f1_macro=0.1890 val_f1_weighted=0.3043 val_prec_macro=0.2272 val_rec_macro=0.2377 val_metric_name=acc val_metric=0.3956
Step  150 | loss 1.4231 | val_acc=0.4021 val_loss=1.3596 val_f1_macro=0.2005 val_f1_weighted=0.3182 val_prec_macro=0.2280 val_rec_macro=0.2465 val_metric_name=acc val_metric=0.4021
Step  200 | loss 1.3941 | val_acc=0.4057 val_loss=1.3479 val_f1_macro=0.2095 val_f1_weighted=0.3288 val_prec_macro=0.2251 val_rec_macro=0.2518 val_metric_name=acc val_metric=0.4057
Step  250 | loss 1.3724 | val_acc=0.4150 val_loss=1.3407 val_f1_macro=0.2199 val_f1_weighted=0.3418 val_prec_macro=0.2298 val_rec_macro=0.2618 val_metric_name=acc val_metric=0.4150
Step  300 | loss 1.3530 | val_acc=0.4227 val_loss=1.3348 val_f1_macro=0.2314 val_f1_weighted=0.3557 val_prec_macro=0.2367 val_rec_macro=0.2707 val_metric_name=acc val_metric=0.4227
Step  350 | loss 1.3299 | val_acc=0.4289 val_loss=1.3276 val_f1_macro=0.2439 val_f1_weighted=0.3669 val_prec_macro=0.3494 val_rec_macro=0.2794 val_metric_name=acc val_metric=0.4289
Step  400 | loss 1.3092 | val_acc=0.4333 val_loss=1.3262 val_f1_macro=0.2566 val_f1_weighted=0.3785 val_prec_macro=0.3636 val_rec_macro=0.2872 val_metric_name=acc val_metric=0.4333
Step  450 | loss 1.2849 | val_acc=0.4467 val_loss=1.3208 val_f1_macro=0.2760 val_f1_weighted=0.3980 val_prec_macro=0.3898 val_rec_macro=0.3009 val_metric_name=acc val_metric=0.4467
Step  500 | loss 1.2590 | val_acc=0.4519 val_loss=1.3194 val_f1_macro=0.2865 val_f1_weighted=0.4060 val_prec_macro=0.3926 val_rec_macro=0.3076 val_metric_name=acc val_metric=0.4519
Step  550 | loss 1.2303 | val_acc=0.4588 val_loss=1.3317 val_f1_macro=0.3042 val_f1_weighted=0.4146 val_prec_macro=0.4444 val_rec_macro=0.3202 val_metric_name=acc val_metric=0.4588
Step  600 | loss 1.2007 | val_acc=0.4677 val_loss=1.3291 val_f1_macro=0.3255 val_f1_weighted=0.4274 val_prec_macro=0.4510 val_rec_macro=0.3334 val_metric_name=acc val_metric=0.4677
Step  650 | loss 1.1704 | val_acc=0.4780 val_loss=1.3368 val_f1_macro=0.3453 val_f1_weighted=0.4437 val_prec_macro=0.4545 val_rec_macro=0.3470 val_metric_name=acc val_metric=0.4780
Step  700 | loss 1.1485 | val_acc=0.4810 val_loss=1.3573 val_f1_macro=0.3573 val_f1_weighted=0.4484 val_prec_macro=0.4609 val_rec_macro=0.3551 val_metric_name=acc val_metric=0.4810
Step  750 | loss 1.1156 | val_acc=0.4836 val_loss=1.3718 val_f1_macro=0.3711 val_f1_weighted=0.4562 val_prec_macro=0.4638 val_rec_macro=0.3657 val_metric_name=acc val_metric=0.4836
Step  800 | loss 1.0906 | val_acc=0.4885 val_loss=1.3877 val_f1_macro=0.3885 val_f1_weighted=0.4665 val_prec_macro=0.4670 val_rec_macro=0.3771 val_metric_name=acc val_metric=0.4885
Step  850 | loss 1.0639 | val_acc=0.4937 val_loss=1.4138 val_f1_macro=0.3950 val_f1_weighted=0.4725 val_prec_macro=0.4727 val_rec_macro=0.3832 val_metric_name=acc val_metric=0.4937
Step  900 | loss 1.0365 | val_acc=0.4957 val_loss=1.4241 val_f1_macro=0.4064 val_f1_weighted=0.4780 val_prec_macro=0.4740 val_rec_macro=0.3918 val_metric_name=acc val_metric=0.4957
Step  950 | loss 1.0054 | val_acc=0.4993 val_loss=1.4421 val_f1_macro=0.4099 val_f1_weighted=0.4816 val_prec_macro=0.4754 val_rec_macro=0.3947 val_metric_name=acc val_metric=0.4993
Step 1000 | loss 0.9840 | val_acc=0.4994 val_loss=1.4645 val_f1_macro=0.4125 val_f1_weighted=0.4842 val_prec_macro=0.4699 val_rec_macro=0.3976 val_metric_name=acc val_metric=0.4994
Step 1050 | loss 0.9534 | val_acc=0.5025 val_loss=1.4904 val_f1_macro=0.4233 val_f1_weighted=0.4888 val_prec_macro=0.4771 val_rec_macro=0.4074 val_metric_name=acc val_metric=0.5025
Step 1100 | loss 0.9274 | val_acc=0.5058 val_loss=1.5151 val_f1_macro=0.4286 val_f1_weighted=0.4920 val_prec_macro=0.4841 val_rec_macro=0.4119 val_metric_name=acc val_metric=0.5058
Step 1150 | loss 0.9033 | val_acc=0.5104 val_loss=1.5361 val_f1_macro=0.4358 val_f1_weighted=0.4976 val_prec_macro=0.4859 val_rec_macro=0.4192 val_metric_name=acc val_metric=0.5104
Step 1200 | loss 0.8719 | val_acc=0.5125 val_loss=1.5583 val_f1_macro=0.4399 val_f1_weighted=0.5011 val_prec_macro=0.4821 val_rec_macro=0.4248 val_metric_name=acc val_metric=0.5125
Step 1250 | loss 0.8411 | val_acc=0.5172 val_loss=1.5925 val_f1_macro=0.4471 val_f1_weighted=0.5061 val_prec_macro=0.4896 val_rec_macro=0.4311 val_metric_name=acc val_metric=0.5172
Step 1300 | loss 0.8192 | val_acc=0.5220 val_loss=1.6157 val_f1_macro=0.4572 val_f1_weighted=0.5123 val_prec_macro=0.4977 val_rec_macro=0.4412 val_metric_name=acc val_metric=0.5220
Step 1350 | loss 0.7871 | val_acc=0.5260 val_loss=1.6570 val_f1_macro=0.4616 val_f1_weighted=0.5172 val_prec_macro=0.4959 val_rec_macro=0.4468 val_metric_name=acc val_metric=0.5260
Step 1400 | loss 0.7602 | val_acc=0.5282 val_loss=1.6885 val_f1_macro=0.4672 val_f1_weighted=0.5194 val_prec_macro=0.5014 val_rec_macro=0.4527 val_metric_name=acc val_metric=0.5282
Step 1450 | loss 0.7268 | val_acc=0.5321 val_loss=1.7204 val_f1_macro=0.4728 val_f1_weighted=0.5247 val_prec_macro=0.5054 val_rec_macro=0.4581 val_metric_name=acc val_metric=0.5321
Step 1500 | loss 0.7059 | val_acc=0.5337 val_loss=1.7576 val_f1_macro=0.4777 val_f1_weighted=0.5273 val_prec_macro=0.5071 val_rec_macro=0.4634 val_metric_name=acc val_metric=0.5337
Step 1550 | loss 0.6800 | val_acc=0.5342 val_loss=1.8081 val_f1_macro=0.4781 val_f1_weighted=0.5272 val_prec_macro=0.5098 val_rec_macro=0.4628 val_metric_name=acc val_metric=0.5342
Step 1600 | loss 0.6585 | val_acc=0.5367 val_loss=1.8386 val_f1_macro=0.4809 val_f1_weighted=0.5303 val_prec_macro=0.5059 val_rec_macro=0.4681 val_metric_name=acc val_metric=0.5367
Step 1650 | loss 0.6301 | val_acc=0.5381 val_loss=1.8736 val_f1_macro=0.4825 val_f1_weighted=0.5327 val_prec_macro=0.5059 val_rec_macro=0.4700 val_metric_name=acc val_metric=0.5381
Step 1700 | loss 0.6101 | val_acc=0.5421 val_loss=1.9317 val_f1_macro=0.4882 val_f1_weighted=0.5364 val_prec_macro=0.5146 val_rec_macro=0.4739 val_metric_name=acc val_metric=0.5421
Step 1750 | loss 0.5890 | val_acc=0.5411 val_loss=1.9908 val_f1_macro=0.4854 val_f1_weighted=0.5355 val_prec_macro=0.5069 val_rec_macro=0.4742 val_metric_name=acc val_metric=0.5411
Step 1800 | loss 0.5653 | val_acc=0.5435 val_loss=2.0207 val_f1_macro=0.4896 val_f1_weighted=0.5389 val_prec_macro=0.5098 val_rec_macro=0.4788 val_metric_name=acc val_metric=0.5435
Step 1850 | loss 0.5391 | val_acc=0.5439 val_loss=2.0616 val_f1_macro=0.4901 val_f1_weighted=0.5394 val_prec_macro=0.5097 val_rec_macro=0.4801 val_metric_name=acc val_metric=0.5439
Step 1900 | loss 0.5218 | val_acc=0.5450 val_loss=2.1112 val_f1_macro=0.4933 val_f1_weighted=0.5407 val_prec_macro=0.5126 val_rec_macro=0.4830 val_metric_name=acc val_metric=0.5450
Step 1950 | loss 0.4963 | val_acc=0.5473 val_loss=2.1407 val_f1_macro=0.4928 val_f1_weighted=0.5431 val_prec_macro=0.5096 val_rec_macro=0.4830 val_metric_name=acc val_metric=0.5473
Step 2000 | loss 0.4797 | val_acc=0.5456 val_loss=2.1928 val_f1_macro=0.4928 val_f1_weighted=0.5417 val_prec_macro=0.5085 val_rec_macro=0.4835 val_metric_name=acc val_metric=0.5456
Step 2050 | loss 0.4612 | val_acc=0.5488 val_loss=2.2414 val_f1_macro=0.4953 val_f1_weighted=0.5449 val_prec_macro=0.5114 val_rec_macro=0.4858 val_metric_name=acc val_metric=0.5488
Step 2100 | loss 0.4488 | val_acc=0.5492 val_loss=2.2977 val_f1_macro=0.4946 val_f1_weighted=0.5455 val_prec_macro=0.5097 val_rec_macro=0.4857 val_metric_name=acc val_metric=0.5492
Step 2150 | loss 0.4283 | val_acc=0.5478 val_loss=2.3235 val_f1_macro=0.4940 val_f1_weighted=0.5436 val_prec_macro=0.5114 val_rec_macro=0.4845 val_metric_name=acc val_metric=0.5478
Step 2200 | loss 0.4067 | val_acc=0.5494 val_loss=2.3928 val_f1_macro=0.4943 val_f1_weighted=0.5457 val_prec_macro=0.5086 val_rec_macro=0.4861 val_metric_name=acc val_metric=0.5494
Step 2250 | loss 0.3978 | val_acc=0.5497 val_loss=2.4409 val_f1_macro=0.4943 val_f1_weighted=0.5464 val_prec_macro=0.5057 val_rec_macro=0.4877 val_metric_name=acc val_metric=0.5497
Step 2300 | loss 0.3795 | val_acc=0.5543 val_loss=2.4773 val_f1_macro=0.4997 val_f1_weighted=0.5506 val_prec_macro=0.5135 val_rec_macro=0.4914 val_metric_name=acc val_metric=0.5543
Step 2350 | loss 0.3707 | val_acc=0.5525 val_loss=2.5104 val_f1_macro=0.4990 val_f1_weighted=0.5494 val_prec_macro=0.5105 val_rec_macro=0.4917 val_metric_name=acc val_metric=0.5525
Step 2400 | loss 0.3495 | val_acc=0.5537 val_loss=2.5657 val_f1_macro=0.5004 val_f1_weighted=0.5503 val_prec_macro=0.5133 val_rec_macro=0.4925 val_metric_name=acc val_metric=0.5537
Step 2450 | loss 0.3389 | val_acc=0.5551 val_loss=2.5900 val_f1_macro=0.5021 val_f1_weighted=0.5517 val_prec_macro=0.5156 val_rec_macro=0.4937 val_metric_name=acc val_metric=0.5551
Step 2500 | loss 0.3262 | val_acc=0.5558 val_loss=2.6435 val_f1_macro=0.5031 val_f1_weighted=0.5522 val_prec_macro=0.5171 val_rec_macro=0.4948 val_metric_name=acc val_metric=0.5558
Step 2550 | loss 0.3186 | val_acc=0.5568 val_loss=2.6786 val_f1_macro=0.5034 val_f1_weighted=0.5537 val_prec_macro=0.5145 val_rec_macro=0.4967 val_metric_name=acc val_metric=0.5568
Step 2600 | loss 0.3068 | val_acc=0.5559 val_loss=2.7309 val_f1_macro=0.5035 val_f1_weighted=0.5527 val_prec_macro=0.5159 val_rec_macro=0.4957 val_metric_name=acc val_metric=0.5559
Step 2650 | loss 0.2979 | val_acc=0.5576 val_loss=2.7635 val_f1_macro=0.5061 val_f1_weighted=0.5539 val_prec_macro=0.5204 val_rec_macro=0.4979 val_metric_name=acc val_metric=0.5576
Step 2700 | loss 0.2841 | val_acc=0.5553 val_loss=2.8001 val_f1_macro=0.5040 val_f1_weighted=0.5522 val_prec_macro=0.5157 val_rec_macro=0.4968 val_metric_name=acc val_metric=0.5553
Step 2750 | loss 0.2763 | val_acc=0.5556 val_loss=2.8438 val_f1_macro=0.5046 val_f1_weighted=0.5525 val_prec_macro=0.5162 val_rec_macro=0.4973 val_metric_name=acc val_metric=0.5556
Step 2800 | loss 0.2685 | val_acc=0.5568 val_loss=2.8721 val_f1_macro=0.5047 val_f1_weighted=0.5532 val_prec_macro=0.5184 val_rec_macro=0.4967 val_metric_name=acc val_metric=0.5568
Step 2850 | loss 0.2609 | val_acc=0.5579 val_loss=2.9014 val_f1_macro=0.5054 val_f1_weighted=0.5540 val_prec_macro=0.5207 val_rec_macro=0.4964 val_metric_name=acc val_metric=0.5579
Step 2900 | loss 0.2532 | val_acc=0.5566 val_loss=2.9405 val_f1_macro=0.5046 val_f1_weighted=0.5532 val_prec_macro=0.5190 val_rec_macro=0.4956 val_metric_name=acc val_metric=0.5566
Step 2950 | loss 0.2420 | val_acc=0.5558 val_loss=2.9773 val_f1_macro=0.5038 val_f1_weighted=0.5528 val_prec_macro=0.5149 val_rec_macro=0.4966 val_metric_name=acc val_metric=0.5558
Step 3000 | loss 0.2363 | val_acc=0.5585 val_loss=3.0104 val_f1_macro=0.5066 val_f1_weighted=0.5550 val_prec_macro=0.5213 val_rec_macro=0.4983 val_metric_name=acc val_metric=0.5585
Step 3050 | loss 0.2274 | val_acc=0.5569 val_loss=3.0264 val_f1_macro=0.5050 val_f1_weighted=0.5540 val_prec_macro=0.5156 val_rec_macro=0.4984 val_metric_name=acc val_metric=0.5569
Step 3100 | loss 0.2228 | val_acc=0.5576 val_loss=3.0627 val_f1_macro=0.5059 val_f1_weighted=0.5545 val_prec_macro=0.5189 val_rec_macro=0.4980 val_metric_name=acc val_metric=0.5576
Step 3150 | loss 0.2099 | val_acc=0.5574 val_loss=3.1015 val_f1_macro=0.5047 val_f1_weighted=0.5541 val_prec_macro=0.5171 val_rec_macro=0.4968 val_metric_name=acc val_metric=0.5574
Step 3200 | loss 0.2068 | val_acc=0.5574 val_loss=3.1131 val_f1_macro=0.5048 val_f1_weighted=0.5542 val_prec_macro=0.5183 val_rec_macro=0.4959 val_metric_name=acc val_metric=0.5574
Step 3250 | loss 0.2061 | val_acc=0.5587 val_loss=3.1731 val_f1_macro=0.5060 val_f1_weighted=0.5554 val_prec_macro=0.5193 val_rec_macro=0.4978 val_metric_name=acc val_metric=0.5587
Step 3300 | loss 0.1994 | val_acc=0.5592 val_loss=3.1693 val_f1_macro=0.5060 val_f1_weighted=0.5559 val_prec_macro=0.5189 val_rec_macro=0.4979 val_metric_name=acc val_metric=0.5592
Step 3350 | loss 0.1927 | val_acc=0.5584 val_loss=3.1878 val_f1_macro=0.5053 val_f1_weighted=0.5552 val_prec_macro=0.5167 val_rec_macro=0.4980 val_metric_name=acc val_metric=0.5584
Step 3400 | loss 0.1907 | val_acc=0.5587 val_loss=3.2456 val_f1_macro=0.5058 val_f1_weighted=0.5555 val_prec_macro=0.5186 val_rec_macro=0.4976 val_metric_name=acc val_metric=0.5587
Step 3450 | loss 0.1846 | val_acc=0.5585 val_loss=3.2515 val_f1_macro=0.5062 val_f1_weighted=0.5553 val_prec_macro=0.5189 val_rec_macro=0.4980 val_metric_name=acc val_metric=0.5585
Step 3500 | loss 0.1796 | val_acc=0.5595 val_loss=3.2764 val_f1_macro=0.5067 val_f1_weighted=0.5565 val_prec_macro=0.5193 val_rec_macro=0.4987 val_metric_name=acc val_metric=0.5595
Step 3550 | loss 0.1704 | val_acc=0.5579 val_loss=3.2975 val_f1_macro=0.5063 val_f1_weighted=0.5547 val_prec_macro=0.5189 val_rec_macro=0.4984 val_metric_name=acc val_metric=0.5579
Step 3600 | loss 0.1709 | val_acc=0.5576 val_loss=3.3245 val_f1_macro=0.5062 val_f1_weighted=0.5544 val_prec_macro=0.5194 val_rec_macro=0.4977 val_metric_name=acc val_metric=0.5576
Step 3650 | loss 0.1665 | val_acc=0.5587 val_loss=3.3500 val_f1_macro=0.5060 val_f1_weighted=0.5555 val_prec_macro=0.5178 val_rec_macro=0.4986 val_metric_name=acc val_metric=0.5587
Step 3700 | loss 0.1596 | val_acc=0.5579 val_loss=3.3453 val_f1_macro=0.5063 val_f1_weighted=0.5548 val_prec_macro=0.5189 val_rec_macro=0.4985 val_metric_name=acc val_metric=0.5579
Step 3750 | loss 0.1573 | val_acc=0.5584 val_loss=3.3886 val_f1_macro=0.5065 val_f1_weighted=0.5553 val_prec_macro=0.5186 val_rec_macro=0.4987 val_metric_name=acc val_metric=0.5584
Step 3800 | loss 0.1553 | val_acc=0.5590 val_loss=3.4050 val_f1_macro=0.5061 val_f1_weighted=0.5557 val_prec_macro=0.5180 val_rec_macro=0.4987 val_metric_name=acc val_metric=0.5590
Step 3850 | loss 0.1486 | val_acc=0.5589 val_loss=3.4275 val_f1_macro=0.5059 val_f1_weighted=0.5557 val_prec_macro=0.5179 val_rec_macro=0.4983 val_metric_name=acc val_metric=0.5589
Step 3900 | loss 0.1468 | val_acc=0.5592 val_loss=3.4592 val_f1_macro=0.5056 val_f1_weighted=0.5561 val_prec_macro=0.5163 val_rec_macro=0.4986 val_metric_name=acc val_metric=0.5592
Step 3950 | loss 0.1459 | val_acc=0.5577 val_loss=3.4723 val_f1_macro=0.5048 val_f1_weighted=0.5546 val_prec_macro=0.5166 val_rec_macro=0.4971 val_metric_name=acc val_metric=0.5577
Step 4000 | loss 0.1400 | val_acc=0.5582 val_loss=3.5114 val_f1_macro=0.5056 val_f1_weighted=0.5552 val_prec_macro=0.5166 val_rec_macro=0.4985 val_metric_name=acc val_metric=0.5582
Step 4050 | loss 0.1409 | val_acc=0.5608 val_loss=3.5416 val_f1_macro=0.5073 val_f1_weighted=0.5576 val_prec_macro=0.5192 val_rec_macro=0.5000 val_metric_name=acc val_metric=0.5608
Early stopping at step 4070

--- Final (best ckpt @ step 3770) ---
  train_acc=0.9984 train_loss=0.0056 train_f1_macro=0.9984 train_f1_weighted=0.9984 train_prec_macro=0.9981 train_rec_macro=0.9987 train_metric_name=acc train_metric=0.9984
  val_acc=0.5613 val_loss=3.4023 val_f1_macro=0.5082 val_f1_weighted=0.5579 val_prec_macro=0.5214 val_rec_macro=0.4998 val_metric_name=acc val_metric=0.5613
  test_acc=0.5594 test_loss=3.3659 test_f1_macro=0.5139 test_f1_weighted=0.5562 test_prec_macro=0.5280 test_rec_macro=0.5050 test_metric_name=acc test_metric=0.5594
  test_acc=0.5594

============================================================
Training TABM-amazon-ratings GAT-sep 4L h=512 lr=3e-05 split=1
============================================================
Step    1 | loss 2.2348 | val_acc=0.3306 val_loss=1.4813 val_f1_macro=0.1695 val_f1_weighted=0.2672 val_prec_macro=0.1829 val_rec_macro=0.1986 val_metric_name=acc val_metric=0.3306
Step   50 | loss 1.5133 | val_acc=0.3898 val_loss=1.3925 val_f1_macro=0.1773 val_f1_weighted=0.2899 val_prec_macro=0.1590 val_rec_macro=0.2296 val_metric_name=acc val_metric=0.3898
Step  100 | loss 1.4481 | val_acc=0.3952 val_loss=1.3683 val_f1_macro=0.1853 val_f1_weighted=0.3000 val_prec_macro=0.2120 val_rec_macro=0.2359 val_metric_name=acc val_metric=0.3952
Step  150 | loss 1.4078 | val_acc=0.4023 val_loss=1.3540 val_f1_macro=0.1967 val_f1_weighted=0.3139 val_prec_macro=0.2312 val_rec_macro=0.2452 val_metric_name=acc val_metric=0.4023
Step  200 | loss 1.3839 | val_acc=0.4130 val_loss=1.3419 val_f1_macro=0.2094 val_f1_weighted=0.3302 val_prec_macro=0.2293 val_rec_macro=0.2558 val_metric_name=acc val_metric=0.4130
Step  250 | loss 1.3594 | val_acc=0.4259 val_loss=1.3350 val_f1_macro=0.2246 val_f1_weighted=0.3491 val_prec_macro=0.2405 val_rec_macro=0.2692 val_metric_name=acc val_metric=0.4259
Step  300 | loss 1.3326 | val_acc=0.4321 val_loss=1.3258 val_f1_macro=0.2387 val_f1_weighted=0.3627 val_prec_macro=0.3508 val_rec_macro=0.2773 val_metric_name=acc val_metric=0.4321
Step  350 | loss 1.3099 | val_acc=0.4397 val_loss=1.3196 val_f1_macro=0.2634 val_f1_weighted=0.3813 val_prec_macro=0.3965 val_rec_macro=0.2909 val_metric_name=acc val_metric=0.4397
Step  400 | loss 1.2848 | val_acc=0.4468 val_loss=1.3193 val_f1_macro=0.2773 val_f1_weighted=0.3938 val_prec_macro=0.3947 val_rec_macro=0.3004 val_metric_name=acc val_metric=0.4468
Step  450 | loss 1.2546 | val_acc=0.4555 val_loss=1.3077 val_f1_macro=0.2993 val_f1_weighted=0.4115 val_prec_macro=0.4150 val_rec_macro=0.3134 val_metric_name=acc val_metric=0.4555
Step  500 | loss 1.2284 | val_acc=0.4646 val_loss=1.3211 val_f1_macro=0.3213 val_f1_weighted=0.4229 val_prec_macro=0.4429 val_rec_macro=0.3295 val_metric_name=acc val_metric=0.4646
Step  550 | loss 1.2002 | val_acc=0.4725 val_loss=1.3301 val_f1_macro=0.3406 val_f1_weighted=0.4335 val_prec_macro=0.4560 val_rec_macro=0.3424 val_metric_name=acc val_metric=0.4725
Step  600 | loss 1.1737 | val_acc=0.4762 val_loss=1.3402 val_f1_macro=0.3526 val_f1_weighted=0.4429 val_prec_macro=0.4573 val_rec_macro=0.3511 val_metric_name=acc val_metric=0.4762
Step  650 | loss 1.1467 | val_acc=0.4821 val_loss=1.3496 val_f1_macro=0.3700 val_f1_weighted=0.4532 val_prec_macro=0.4659 val_rec_macro=0.3623 val_metric_name=acc val_metric=0.4821
Step  700 | loss 1.1274 | val_acc=0.4860 val_loss=1.3657 val_f1_macro=0.3804 val_f1_weighted=0.4617 val_prec_macro=0.4609 val_rec_macro=0.3695 val_metric_name=acc val_metric=0.4860
Step  750 | loss 1.1013 | val_acc=0.4888 val_loss=1.3883 val_f1_macro=0.3877 val_f1_weighted=0.4667 val_prec_macro=0.4556 val_rec_macro=0.3765 val_metric_name=acc val_metric=0.4888
Step  800 | loss 1.0738 | val_acc=0.4949 val_loss=1.4105 val_f1_macro=0.4002 val_f1_weighted=0.4733 val_prec_macro=0.4700 val_rec_macro=0.3868 val_metric_name=acc val_metric=0.4949
Step  850 | loss 1.0466 | val_acc=0.4947 val_loss=1.4300 val_f1_macro=0.4059 val_f1_weighted=0.4757 val_prec_macro=0.4691 val_rec_macro=0.3917 val_metric_name=acc val_metric=0.4947
Step  900 | loss 1.0214 | val_acc=0.4971 val_loss=1.4455 val_f1_macro=0.4109 val_f1_weighted=0.4797 val_prec_macro=0.4633 val_rec_macro=0.3978 val_metric_name=acc val_metric=0.4971
Step  950 | loss 0.9971 | val_acc=0.5007 val_loss=1.4748 val_f1_macro=0.4148 val_f1_weighted=0.4842 val_prec_macro=0.4636 val_rec_macro=0.4019 val_metric_name=acc val_metric=0.5007
Step 1000 | loss 0.9750 | val_acc=0.5030 val_loss=1.4896 val_f1_macro=0.4230 val_f1_weighted=0.4874 val_prec_macro=0.4708 val_rec_macro=0.4094 val_metric_name=acc val_metric=0.5030
Step 1050 | loss 0.9449 | val_acc=0.5094 val_loss=1.5244 val_f1_macro=0.4324 val_f1_weighted=0.4934 val_prec_macro=0.4821 val_rec_macro=0.4178 val_metric_name=acc val_metric=0.5094
Step 1100 | loss 0.9215 | val_acc=0.5105 val_loss=1.5406 val_f1_macro=0.4399 val_f1_weighted=0.4964 val_prec_macro=0.4832 val_rec_macro=0.4258 val_metric_name=acc val_metric=0.5105
Step 1150 | loss 0.8880 | val_acc=0.5110 val_loss=1.5555 val_f1_macro=0.4434 val_f1_weighted=0.4987 val_prec_macro=0.4813 val_rec_macro=0.4296 val_metric_name=acc val_metric=0.5110
Step 1200 | loss 0.8623 | val_acc=0.5138 val_loss=1.5898 val_f1_macro=0.4484 val_f1_weighted=0.5028 val_prec_macro=0.4841 val_rec_macro=0.4345 val_metric_name=acc val_metric=0.5138
Step 1250 | loss 0.8347 | val_acc=0.5163 val_loss=1.6185 val_f1_macro=0.4513 val_f1_weighted=0.5054 val_prec_macro=0.4876 val_rec_macro=0.4372 val_metric_name=acc val_metric=0.5163
Step 1300 | loss 0.8060 | val_acc=0.5180 val_loss=1.6541 val_f1_macro=0.4526 val_f1_weighted=0.5077 val_prec_macro=0.4838 val_rec_macro=0.4400 val_metric_name=acc val_metric=0.5180
Step 1350 | loss 0.7806 | val_acc=0.5234 val_loss=1.6840 val_f1_macro=0.4619 val_f1_weighted=0.5143 val_prec_macro=0.4959 val_rec_macro=0.4468 val_metric_name=acc val_metric=0.5234
Step 1400 | loss 0.7568 | val_acc=0.5260 val_loss=1.7341 val_f1_macro=0.4651 val_f1_weighted=0.5175 val_prec_macro=0.4958 val_rec_macro=0.4508 val_metric_name=acc val_metric=0.5260
Step 1450 | loss 0.7322 | val_acc=0.5287 val_loss=1.7534 val_f1_macro=0.4690 val_f1_weighted=0.5209 val_prec_macro=0.4940 val_rec_macro=0.4576 val_metric_name=acc val_metric=0.5287
Step 1500 | loss 0.7027 | val_acc=0.5313 val_loss=1.7900 val_f1_macro=0.4730 val_f1_weighted=0.5244 val_prec_macro=0.4925 val_rec_macro=0.4638 val_metric_name=acc val_metric=0.5313
Step 1550 | loss 0.6791 | val_acc=0.5321 val_loss=1.8398 val_f1_macro=0.4769 val_f1_weighted=0.5264 val_prec_macro=0.4953 val_rec_macro=0.4676 val_metric_name=acc val_metric=0.5321
Step 1600 | loss 0.6529 | val_acc=0.5342 val_loss=1.8840 val_f1_macro=0.4782 val_f1_weighted=0.5284 val_prec_macro=0.4962 val_rec_macro=0.4690 val_metric_name=acc val_metric=0.5342
Step 1650 | loss 0.6255 | val_acc=0.5355 val_loss=1.9290 val_f1_macro=0.4793 val_f1_weighted=0.5303 val_prec_macro=0.4958 val_rec_macro=0.4707 val_metric_name=acc val_metric=0.5355
Step 1700 | loss 0.6044 | val_acc=0.5378 val_loss=1.9757 val_f1_macro=0.4813 val_f1_weighted=0.5326 val_prec_macro=0.4956 val_rec_macro=0.4745 val_metric_name=acc val_metric=0.5378
Step 1750 | loss 0.5835 | val_acc=0.5419 val_loss=2.0310 val_f1_macro=0.4846 val_f1_weighted=0.5363 val_prec_macro=0.5014 val_rec_macro=0.4772 val_metric_name=acc val_metric=0.5419
Step 1800 | loss 0.5616 | val_acc=0.5437 val_loss=2.0490 val_f1_macro=0.4850 val_f1_weighted=0.5383 val_prec_macro=0.5001 val_rec_macro=0.4779 val_metric_name=acc val_metric=0.5437
Step 1850 | loss 0.5399 | val_acc=0.5427 val_loss=2.1034 val_f1_macro=0.4865 val_f1_weighted=0.5382 val_prec_macro=0.4987 val_rec_macro=0.4813 val_metric_name=acc val_metric=0.5427
Step 1900 | loss 0.5139 | val_acc=0.5460 val_loss=2.1444 val_f1_macro=0.4882 val_f1_weighted=0.5414 val_prec_macro=0.4992 val_rec_macro=0.4837 val_metric_name=acc val_metric=0.5460
Step 1950 | loss 0.4933 | val_acc=0.5455 val_loss=2.1874 val_f1_macro=0.4891 val_f1_weighted=0.5414 val_prec_macro=0.5000 val_rec_macro=0.4838 val_metric_name=acc val_metric=0.5455
Step 2000 | loss 0.4755 | val_acc=0.5466 val_loss=2.2433 val_f1_macro=0.4912 val_f1_weighted=0.5427 val_prec_macro=0.5005 val_rec_macro=0.4874 val_metric_name=acc val_metric=0.5466
Step 2050 | loss 0.4624 | val_acc=0.5470 val_loss=2.2916 val_f1_macro=0.4906 val_f1_weighted=0.5430 val_prec_macro=0.4996 val_rec_macro=0.4866 val_metric_name=acc val_metric=0.5470
Step 2100 | loss 0.4403 | val_acc=0.5492 val_loss=2.3342 val_f1_macro=0.4936 val_f1_weighted=0.5453 val_prec_macro=0.5034 val_rec_macro=0.4884 val_metric_name=acc val_metric=0.5492
Step 2150 | loss 0.4211 | val_acc=0.5509 val_loss=2.3889 val_f1_macro=0.4954 val_f1_weighted=0.5470 val_prec_macro=0.5068 val_rec_macro=0.4895 val_metric_name=acc val_metric=0.5509
Step 2200 | loss 0.4066 | val_acc=0.5517 val_loss=2.4105 val_f1_macro=0.4963 val_f1_weighted=0.5481 val_prec_macro=0.5062 val_rec_macro=0.4911 val_metric_name=acc val_metric=0.5517
Step 2250 | loss 0.3873 | val_acc=0.5532 val_loss=2.4817 val_f1_macro=0.4963 val_f1_weighted=0.5493 val_prec_macro=0.5060 val_rec_macro=0.4919 val_metric_name=acc val_metric=0.5532
Step 2300 | loss 0.3768 | val_acc=0.5510 val_loss=2.5101 val_f1_macro=0.4965 val_f1_weighted=0.5471 val_prec_macro=0.5092 val_rec_macro=0.4894 val_metric_name=acc val_metric=0.5510
Step 2350 | loss 0.3641 | val_acc=0.5554 val_loss=2.5601 val_f1_macro=0.4983 val_f1_weighted=0.5516 val_prec_macro=0.5090 val_rec_macro=0.4928 val_metric_name=acc val_metric=0.5554
Step 2400 | loss 0.3465 | val_acc=0.5559 val_loss=2.6007 val_f1_macro=0.4999 val_f1_weighted=0.5523 val_prec_macro=0.5108 val_rec_macro=0.4937 val_metric_name=acc val_metric=0.5559
Step 2450 | loss 0.3321 | val_acc=0.5584 val_loss=2.6422 val_f1_macro=0.5019 val_f1_weighted=0.5547 val_prec_macro=0.5120 val_rec_macro=0.4969 val_metric_name=acc val_metric=0.5584
Step 2500 | loss 0.3223 | val_acc=0.5574 val_loss=2.6895 val_f1_macro=0.5011 val_f1_weighted=0.5542 val_prec_macro=0.5100 val_rec_macro=0.4964 val_metric_name=acc val_metric=0.5574
Step 2550 | loss 0.3111 | val_acc=0.5561 val_loss=2.7031 val_f1_macro=0.5008 val_f1_weighted=0.5528 val_prec_macro=0.5102 val_rec_macro=0.4953 val_metric_name=acc val_metric=0.5561
Step 2600 | loss 0.3006 | val_acc=0.5545 val_loss=2.7452 val_f1_macro=0.4991 val_f1_weighted=0.5514 val_prec_macro=0.5077 val_rec_macro=0.4942 val_metric_name=acc val_metric=0.5545
Step 2650 | loss 0.2936 | val_acc=0.5556 val_loss=2.7821 val_f1_macro=0.4999 val_f1_weighted=0.5524 val_prec_macro=0.5092 val_rec_macro=0.4943 val_metric_name=acc val_metric=0.5556
Step 2700 | loss 0.2875 | val_acc=0.5566 val_loss=2.8282 val_f1_macro=0.5011 val_f1_weighted=0.5532 val_prec_macro=0.5111 val_rec_macro=0.4955 val_metric_name=acc val_metric=0.5566
Step 2750 | loss 0.2700 | val_acc=0.5543 val_loss=2.8611 val_f1_macro=0.4988 val_f1_weighted=0.5513 val_prec_macro=0.5068 val_rec_macro=0.4943 val_metric_name=acc val_metric=0.5543
Step 2800 | loss 0.2608 | val_acc=0.5571 val_loss=2.8992 val_f1_macro=0.5015 val_f1_weighted=0.5539 val_prec_macro=0.5099 val_rec_macro=0.4968 val_metric_name=acc val_metric=0.5571
Step 2850 | loss 0.2490 | val_acc=0.5571 val_loss=2.9353 val_f1_macro=0.5024 val_f1_weighted=0.5542 val_prec_macro=0.5115 val_rec_macro=0.4965 val_metric_name=acc val_metric=0.5571
Early stopping at step 2872

--- Final (best ckpt @ step 2560) ---
  train_acc=0.9913 train_loss=0.0353 train_f1_macro=0.9917 train_f1_weighted=0.9913 train_prec_macro=0.9912 train_rec_macro=0.9923 train_metric_name=acc train_metric=0.9913
  val_acc=0.5589 val_loss=2.7372 val_f1_macro=0.5029 val_f1_weighted=0.5553 val_prec_macro=0.5132 val_rec_macro=0.4970 val_metric_name=acc val_metric=0.5589
  test_acc=0.5554 test_loss=2.7217 test_f1_macro=0.5087 test_f1_weighted=0.5519 test_prec_macro=0.5263 test_rec_macro=0.4978 test_metric_name=acc test_metric=0.5554
  test_acc=0.5554

============================================================
Training TABM-amazon-ratings GAT-sep 5L h=512 lr=3e-05 split=1
============================================================
Step    1 | loss 2.1069 | val_acc=0.3428 val_loss=1.5339 val_f1_macro=0.1358 val_f1_weighted=0.2323 val_prec_macro=0.1554 val_rec_macro=0.1937 val_metric_name=acc val_metric=0.3428
Step   50 | loss 1.4896 | val_acc=0.3876 val_loss=1.3841 val_f1_macro=0.1771 val_f1_weighted=0.2893 val_prec_macro=0.1568 val_rec_macro=0.2289 val_metric_name=acc val_metric=0.3876
Step  100 | loss 1.4316 | val_acc=0.3969 val_loss=1.3652 val_f1_macro=0.1902 val_f1_weighted=0.3056 val_prec_macro=0.2278 val_rec_macro=0.2408 val_metric_name=acc val_metric=0.3969
Step  150 | loss 1.3928 | val_acc=0.4052 val_loss=1.3496 val_f1_macro=0.2036 val_f1_weighted=0.3217 val_prec_macro=0.2327 val_rec_macro=0.2510 val_metric_name=acc val_metric=0.4052
Step  200 | loss 1.3677 | val_acc=0.4176 val_loss=1.3396 val_f1_macro=0.2174 val_f1_weighted=0.3390 val_prec_macro=0.2341 val_rec_macro=0.2638 val_metric_name=acc val_metric=0.4176
Step  250 | loss 1.3373 | val_acc=0.4318 val_loss=1.3306 val_f1_macro=0.2373 val_f1_weighted=0.3613 val_prec_macro=0.3507 val_rec_macro=0.2781 val_metric_name=acc val_metric=0.4318
Step  300 | loss 1.3126 | val_acc=0.4341 val_loss=1.3284 val_f1_macro=0.2555 val_f1_weighted=0.3736 val_prec_macro=0.3690 val_rec_macro=0.2881 val_metric_name=acc val_metric=0.4341
Step  350 | loss 1.2856 | val_acc=0.4449 val_loss=1.3270 val_f1_macro=0.2758 val_f1_weighted=0.3924 val_prec_macro=0.3807 val_rec_macro=0.3013 val_metric_name=acc val_metric=0.4449
Step  400 | loss 1.2577 | val_acc=0.4504 val_loss=1.3340 val_f1_macro=0.2885 val_f1_weighted=0.4009 val_prec_macro=0.4143 val_rec_macro=0.3095 val_metric_name=acc val_metric=0.4504
Step  450 | loss 1.2297 | val_acc=0.4596 val_loss=1.3243 val_f1_macro=0.3199 val_f1_weighted=0.4186 val_prec_macro=0.4327 val_rec_macro=0.3286 val_metric_name=acc val_metric=0.4596
Step  500 | loss 1.2088 | val_acc=0.4664 val_loss=1.3314 val_f1_macro=0.3388 val_f1_weighted=0.4305 val_prec_macro=0.4305 val_rec_macro=0.3421 val_metric_name=acc val_metric=0.4664
Step  550 | loss 1.1795 | val_acc=0.4741 val_loss=1.3522 val_f1_macro=0.3534 val_f1_weighted=0.4401 val_prec_macro=0.4408 val_rec_macro=0.3534 val_metric_name=acc val_metric=0.4741
Step  600 | loss 1.1549 | val_acc=0.4792 val_loss=1.3731 val_f1_macro=0.3661 val_f1_weighted=0.4496 val_prec_macro=0.4433 val_rec_macro=0.3637 val_metric_name=acc val_metric=0.4792
Step  650 | loss 1.1289 | val_acc=0.4831 val_loss=1.3828 val_f1_macro=0.3803 val_f1_weighted=0.4589 val_prec_macro=0.4430 val_rec_macro=0.3743 val_metric_name=acc val_metric=0.4831
Step  700 | loss 1.1032 | val_acc=0.4851 val_loss=1.4141 val_f1_macro=0.3867 val_f1_weighted=0.4619 val_prec_macro=0.4526 val_rec_macro=0.3792 val_metric_name=acc val_metric=0.4851
Step  750 | loss 1.0812 | val_acc=0.4909 val_loss=1.4307 val_f1_macro=0.3996 val_f1_weighted=0.4701 val_prec_macro=0.4589 val_rec_macro=0.3893 val_metric_name=acc val_metric=0.4909
Step  800 | loss 1.0575 | val_acc=0.4906 val_loss=1.4466 val_f1_macro=0.4017 val_f1_weighted=0.4713 val_prec_macro=0.4500 val_rec_macro=0.3939 val_metric_name=acc val_metric=0.4906
Step  850 | loss 1.0303 | val_acc=0.4908 val_loss=1.4881 val_f1_macro=0.4061 val_f1_weighted=0.4714 val_prec_macro=0.4554 val_rec_macro=0.3983 val_metric_name=acc val_metric=0.4908
Step  900 | loss 1.0027 | val_acc=0.4971 val_loss=1.4961 val_f1_macro=0.4164 val_f1_weighted=0.4810 val_prec_macro=0.4615 val_rec_macro=0.4059 val_metric_name=acc val_metric=0.4971
Step  950 | loss 0.9784 | val_acc=0.4983 val_loss=1.5210 val_f1_macro=0.4217 val_f1_weighted=0.4823 val_prec_macro=0.4647 val_rec_macro=0.4126 val_metric_name=acc val_metric=0.4983
Step 1000 | loss 0.9561 | val_acc=0.5061 val_loss=1.5398 val_f1_macro=0.4323 val_f1_weighted=0.4929 val_prec_macro=0.4739 val_rec_macro=0.4203 val_metric_name=acc val_metric=0.5061
Step 1050 | loss 0.9230 | val_acc=0.5097 val_loss=1.5754 val_f1_macro=0.4403 val_f1_weighted=0.4976 val_prec_macro=0.4782 val_rec_macro=0.4280 val_metric_name=acc val_metric=0.5097
Step 1100 | loss 0.9016 | val_acc=0.5096 val_loss=1.5897 val_f1_macro=0.4442 val_f1_weighted=0.4990 val_prec_macro=0.4767 val_rec_macro=0.4343 val_metric_name=acc val_metric=0.5096
Step 1150 | loss 0.8712 | val_acc=0.5151 val_loss=1.6290 val_f1_macro=0.4489 val_f1_weighted=0.5034 val_prec_macro=0.4860 val_rec_macro=0.4363 val_metric_name=acc val_metric=0.5151
Step 1200 | loss 0.8521 | val_acc=0.5158 val_loss=1.6456 val_f1_macro=0.4521 val_f1_weighted=0.5060 val_prec_macro=0.4790 val_rec_macro=0.4431 val_metric_name=acc val_metric=0.5158
Step 1250 | loss 0.8205 | val_acc=0.5203 val_loss=1.6940 val_f1_macro=0.4575 val_f1_weighted=0.5104 val_prec_macro=0.4868 val_rec_macro=0.4470 val_metric_name=acc val_metric=0.5203
Step 1300 | loss 0.7999 | val_acc=0.5189 val_loss=1.7012 val_f1_macro=0.4579 val_f1_weighted=0.5106 val_prec_macro=0.4797 val_rec_macro=0.4502 val_metric_name=acc val_metric=0.5189
Step 1350 | loss 0.7682 | val_acc=0.5229 val_loss=1.7574 val_f1_macro=0.4604 val_f1_weighted=0.5139 val_prec_macro=0.4852 val_rec_macro=0.4512 val_metric_name=acc val_metric=0.5229
Step 1400 | loss 0.7382 | val_acc=0.5221 val_loss=1.7814 val_f1_macro=0.4619 val_f1_weighted=0.5142 val_prec_macro=0.4843 val_rec_macro=0.4538 val_metric_name=acc val_metric=0.5221
Step 1450 | loss 0.7191 | val_acc=0.5272 val_loss=1.8210 val_f1_macro=0.4670 val_f1_weighted=0.5196 val_prec_macro=0.4879 val_rec_macro=0.4584 val_metric_name=acc val_metric=0.5272
Step 1500 | loss 0.6881 | val_acc=0.5321 val_loss=1.8672 val_f1_macro=0.4726 val_f1_weighted=0.5251 val_prec_macro=0.4907 val_rec_macro=0.4658 val_metric_name=acc val_metric=0.5321
Step 1550 | loss 0.6656 | val_acc=0.5324 val_loss=1.8990 val_f1_macro=0.4750 val_f1_weighted=0.5267 val_prec_macro=0.4888 val_rec_macro=0.4696 val_metric_name=acc val_metric=0.5324
Step 1600 | loss 0.6413 | val_acc=0.5318 val_loss=1.9490 val_f1_macro=0.4760 val_f1_weighted=0.5263 val_prec_macro=0.4907 val_rec_macro=0.4702 val_metric_name=acc val_metric=0.5318
Step 1650 | loss 0.6200 | val_acc=0.5342 val_loss=1.9914 val_f1_macro=0.4797 val_f1_weighted=0.5288 val_prec_macro=0.4939 val_rec_macro=0.4740 val_metric_name=acc val_metric=0.5342
Step 1700 | loss 0.5905 | val_acc=0.5378 val_loss=2.0239 val_f1_macro=0.4832 val_f1_weighted=0.5335 val_prec_macro=0.4940 val_rec_macro=0.4790 val_metric_name=acc val_metric=0.5378
Step 1750 | loss 0.5715 | val_acc=0.5409 val_loss=2.0853 val_f1_macro=0.4861 val_f1_weighted=0.5362 val_prec_macro=0.5002 val_rec_macro=0.4797 val_metric_name=acc val_metric=0.5409
Step 1800 | loss 0.5456 | val_acc=0.5448 val_loss=2.1294 val_f1_macro=0.4907 val_f1_weighted=0.5403 val_prec_macro=0.5037 val_rec_macro=0.4847 val_metric_name=acc val_metric=0.5448
Step 1850 | loss 0.5236 | val_acc=0.5448 val_loss=2.1840 val_f1_macro=0.4909 val_f1_weighted=0.5403 val_prec_macro=0.5045 val_rec_macro=0.4863 val_metric_name=acc val_metric=0.5448
Step 1900 | loss 0.5015 | val_acc=0.5484 val_loss=2.2196 val_f1_macro=0.4955 val_f1_weighted=0.5442 val_prec_macro=0.5087 val_rec_macro=0.4896 val_metric_name=acc val_metric=0.5484
Step 1950 | loss 0.4821 | val_acc=0.5456 val_loss=2.2712 val_f1_macro=0.4918 val_f1_weighted=0.5420 val_prec_macro=0.5021 val_rec_macro=0.4874 val_metric_name=acc val_metric=0.5456
Step 2000 | loss 0.4668 | val_acc=0.5479 val_loss=2.3266 val_f1_macro=0.4977 val_f1_weighted=0.5438 val_prec_macro=0.5132 val_rec_macro=0.4901 val_metric_name=acc val_metric=0.5479
Step 2050 | loss 0.4450 | val_acc=0.5481 val_loss=2.3832 val_f1_macro=0.4946 val_f1_weighted=0.5440 val_prec_macro=0.5085 val_rec_macro=0.4878 val_metric_name=acc val_metric=0.5481
Step 2100 | loss 0.4225 | val_acc=0.5468 val_loss=2.4163 val_f1_macro=0.4939 val_f1_weighted=0.5431 val_prec_macro=0.5058 val_rec_macro=0.4886 val_metric_name=acc val_metric=0.5468
Step 2150 | loss 0.4090 | val_acc=0.5483 val_loss=2.4609 val_f1_macro=0.4952 val_f1_weighted=0.5449 val_prec_macro=0.5044 val_rec_macro=0.4919 val_metric_name=acc val_metric=0.5483
Step 2200 | loss 0.3953 | val_acc=0.5463 val_loss=2.5007 val_f1_macro=0.4931 val_f1_weighted=0.5431 val_prec_macro=0.5018 val_rec_macro=0.4896 val_metric_name=acc val_metric=0.5463
Step 2250 | loss 0.3771 | val_acc=0.5478 val_loss=2.5487 val_f1_macro=0.4945 val_f1_weighted=0.5440 val_prec_macro=0.5067 val_rec_macro=0.4885 val_metric_name=acc val_metric=0.5478
Step 2300 | loss 0.3620 | val_acc=0.5494 val_loss=2.5934 val_f1_macro=0.4958 val_f1_weighted=0.5455 val_prec_macro=0.5081 val_rec_macro=0.4897 val_metric_name=acc val_metric=0.5494
Step 2350 | loss 0.3483 | val_acc=0.5502 val_loss=2.6231 val_f1_macro=0.4958 val_f1_weighted=0.5469 val_prec_macro=0.5052 val_rec_macro=0.4909 val_metric_name=acc val_metric=0.5502
Step 2400 | loss 0.3380 | val_acc=0.5483 val_loss=2.6626 val_f1_macro=0.4944 val_f1_weighted=0.5449 val_prec_macro=0.5030 val_rec_macro=0.4903 val_metric_name=acc val_metric=0.5483
Step 2450 | loss 0.3255 | val_acc=0.5491 val_loss=2.7308 val_f1_macro=0.4942 val_f1_weighted=0.5459 val_prec_macro=0.5037 val_rec_macro=0.4894 val_metric_name=acc val_metric=0.5491
Step 2500 | loss 0.3128 | val_acc=0.5483 val_loss=2.7641 val_f1_macro=0.4944 val_f1_weighted=0.5449 val_prec_macro=0.5038 val_rec_macro=0.4899 val_metric_name=acc val_metric=0.5483
Step 2550 | loss 0.2985 | val_acc=0.5476 val_loss=2.7990 val_f1_macro=0.4923 val_f1_weighted=0.5439 val_prec_macro=0.5030 val_rec_macro=0.4868 val_metric_name=acc val_metric=0.5476
Step 2600 | loss 0.2893 | val_acc=0.5488 val_loss=2.8272 val_f1_macro=0.4937 val_f1_weighted=0.5455 val_prec_macro=0.5032 val_rec_macro=0.4885 val_metric_name=acc val_metric=0.5488
Step 2650 | loss 0.2768 | val_acc=0.5494 val_loss=2.8714 val_f1_macro=0.4956 val_f1_weighted=0.5466 val_prec_macro=0.5033 val_rec_macro=0.4915 val_metric_name=acc val_metric=0.5494
Step 2700 | loss 0.2709 | val_acc=0.5507 val_loss=2.9121 val_f1_macro=0.4961 val_f1_weighted=0.5474 val_prec_macro=0.5057 val_rec_macro=0.4909 val_metric_name=acc val_metric=0.5507
Step 2750 | loss 0.2621 | val_acc=0.5494 val_loss=2.9433 val_f1_macro=0.4938 val_f1_weighted=0.5465 val_prec_macro=0.5023 val_rec_macro=0.4896 val_metric_name=acc val_metric=0.5494
Step 2800 | loss 0.2497 | val_acc=0.5499 val_loss=2.9835 val_f1_macro=0.4948 val_f1_weighted=0.5471 val_prec_macro=0.5020 val_rec_macro=0.4908 val_metric_name=acc val_metric=0.5499
Step 2850 | loss 0.2419 | val_acc=0.5507 val_loss=3.0135 val_f1_macro=0.4961 val_f1_weighted=0.5473 val_prec_macro=0.5068 val_rec_macro=0.4905 val_metric_name=acc val_metric=0.5507
Step 2900 | loss 0.2306 | val_acc=0.5515 val_loss=3.0365 val_f1_macro=0.4995 val_f1_weighted=0.5484 val_prec_macro=0.5103 val_rec_macro=0.4928 val_metric_name=acc val_metric=0.5515
Step 2950 | loss 0.2284 | val_acc=0.5507 val_loss=3.0670 val_f1_macro=0.4966 val_f1_weighted=0.5477 val_prec_macro=0.5059 val_rec_macro=0.4913 val_metric_name=acc val_metric=0.5507
Step 3000 | loss 0.2210 | val_acc=0.5509 val_loss=3.1153 val_f1_macro=0.4974 val_f1_weighted=0.5479 val_prec_macro=0.5071 val_rec_macro=0.4914 val_metric_name=acc val_metric=0.5509
Step 3050 | loss 0.2074 | val_acc=0.5497 val_loss=3.1516 val_f1_macro=0.4970 val_f1_weighted=0.5463 val_prec_macro=0.5082 val_rec_macro=0.4904 val_metric_name=acc val_metric=0.5497
Step 3100 | loss 0.2049 | val_acc=0.5514 val_loss=3.1732 val_f1_macro=0.4988 val_f1_weighted=0.5477 val_prec_macro=0.5119 val_rec_macro=0.4908 val_metric_name=acc val_metric=0.5514
Step 3150 | loss 0.1954 | val_acc=0.5512 val_loss=3.1734 val_f1_macro=0.4970 val_f1_weighted=0.5480 val_prec_macro=0.5070 val_rec_macro=0.4912 val_metric_name=acc val_metric=0.5512
Step 3200 | loss 0.1919 | val_acc=0.5519 val_loss=3.2403 val_f1_macro=0.4974 val_f1_weighted=0.5481 val_prec_macro=0.5086 val_rec_macro=0.4907 val_metric_name=acc val_metric=0.5519
Early stopping at step 3244

--- Final (best ckpt @ step 2940) ---
  train_acc=0.9957 train_loss=0.0160 train_f1_macro=0.9951 train_f1_weighted=0.9957 train_prec_macro=0.9945 train_rec_macro=0.9957 train_metric_name=acc train_metric=0.9957
  val_acc=0.5530 val_loss=3.0713 val_f1_macro=0.5013 val_f1_weighted=0.5497 val_prec_macro=0.5125 val_rec_macro=0.4942 val_metric_name=acc val_metric=0.5530
  test_acc=0.5492 test_loss=3.0420 test_f1_macro=0.5016 test_f1_weighted=0.5461 test_prec_macro=0.5152 test_rec_macro=0.4927 test_metric_name=acc test_metric=0.5492
  test_acc=0.5492
  >> num_layers=1 hidden_dim=512 lr=3e-05 best_step=3460 val_acc=0.5572 test_acc=0.5581
     val_acc=0.5572 val_f1_macro=0.5020 val_f1_weighted=0.5479 val_loss=2.3591 val_metric=0.5572 val_metric_name=acc val_prec_macro=0.5945 val_rec_macro=0.4686
     test_acc=0.5581 test_f1_macro=0.5025 test_f1_weighted=0.5494 test_loss=2.3774 test_metric=0.5581 test_metric_name=acc test_prec_macro=0.5991 test_rec_macro=0.4688
  >> num_layers=2 hidden_dim=512 lr=3e-05 best_step=3530 val_acc=0.5630 test_acc=0.5556
     val_acc=0.5630 val_f1_macro=0.5101 val_f1_weighted=0.5594 val_loss=3.1160 val_metric=0.5630 val_metric_name=acc val_prec_macro=0.5289 val_rec_macro=0.4988
     test_acc=0.5556 test_f1_macro=0.5033 test_f1_weighted=0.5512 test_loss=3.0541 test_metric=0.5556 test_metric_name=acc test_prec_macro=0.5311 test_rec_macro=0.4882
  >> num_layers=3 hidden_dim=512 lr=3e-05 best_step=3770 val_acc=0.5613 test_acc=0.5594
     val_acc=0.5613 val_f1_macro=0.5082 val_f1_weighted=0.5579 val_loss=3.4023 val_metric=0.5613 val_metric_name=acc val_prec_macro=0.5214 val_rec_macro=0.4998
     test_acc=0.5594 test_f1_macro=0.5139 test_f1_weighted=0.5562 test_loss=3.3659 test_metric=0.5594 test_metric_name=acc test_prec_macro=0.5280 test_rec_macro=0.5050
  >> num_layers=4 hidden_dim=512 lr=3e-05 best_step=2560 val_acc=0.5589 test_acc=0.5554
     val_acc=0.5589 val_f1_macro=0.5029 val_f1_weighted=0.5553 val_loss=2.7372 val_metric=0.5589 val_metric_name=acc val_prec_macro=0.5132 val_rec_macro=0.4970
     test_acc=0.5554 test_f1_macro=0.5087 test_f1_weighted=0.5519 test_loss=2.7217 test_metric=0.5554 test_metric_name=acc test_prec_macro=0.5263 test_rec_macro=0.4978
  >> num_layers=5 hidden_dim=512 lr=3e-05 best_step=2940 val_acc=0.5530 test_acc=0.5492
     val_acc=0.5530 val_f1_macro=0.5013 val_f1_weighted=0.5497 val_loss=3.0713 val_metric=0.5530 val_metric_name=acc val_prec_macro=0.5125 val_rec_macro=0.4942
     test_acc=0.5492 test_f1_macro=0.5016 test_f1_weighted=0.5461 test_loss=3.0420 test_metric=0.5492 test_metric_name=acc test_prec_macro=0.5152 test_rec_macro=0.4927
  >> selected best (by val): num_layers=2 hidden_dim=512 lr=3e-05 best_step=3530 val_acc=0.5630 test_acc=0.5556
     val_acc=0.5630 val_f1_macro=0.5101 val_f1_weighted=0.5594 val_loss=3.1160 val_metric=0.5630 val_metric_name=acc val_prec_macro=0.5289 val_rec_macro=0.4988
     test_acc=0.5556 test_f1_macro=0.5033 test_f1_weighted=0.5512 test_loss=3.0541 test_metric=0.5556 test_metric_name=acc test_prec_macro=0.5311 test_rec_macro=0.4882

Done. Results saved to /home/avshmelev/diploma_yandex_graphs/results2/amazon_ratings/tabm.csv, checkpoints in /home/avshmelev/diploma_yandex_graphs/all_checkpoints2/amazon_ratings/tabm/
