Loading data...

============================================================
Training TABM-amazon-ratings GAT 1L h=512 lr=3e-05 split=5
============================================================
Step    1 | loss 2.3757 | val_acc=0.1810 val_loss=1.7198 val_f1_macro=0.1309 val_f1_weighted=0.1720 val_prec_macro=0.1753 val_rec_macro=0.2023 val_metric_name=acc val_metric=0.1810
Step   50 | loss 1.6201 | val_acc=0.3807 val_loss=1.4073 val_f1_macro=0.1660 val_f1_weighted=0.2743 val_prec_macro=0.2351 val_rec_macro=0.2197 val_metric_name=acc val_metric=0.3807
Step  100 | loss 1.5382 | val_acc=0.3894 val_loss=1.3862 val_f1_macro=0.1683 val_f1_weighted=0.2786 val_prec_macro=0.2437 val_rec_macro=0.2243 val_metric_name=acc val_metric=0.3894
Step  150 | loss 1.4998 | val_acc=0.3972 val_loss=1.3762 val_f1_macro=0.1762 val_f1_weighted=0.2894 val_prec_macro=0.2272 val_rec_macro=0.2306 val_metric_name=acc val_metric=0.3972
Step  200 | loss 1.4681 | val_acc=0.3996 val_loss=1.3691 val_f1_macro=0.1795 val_f1_weighted=0.2938 val_prec_macro=0.2266 val_rec_macro=0.2329 val_metric_name=acc val_metric=0.3996
Step  250 | loss 1.4469 | val_acc=0.3998 val_loss=1.3641 val_f1_macro=0.1810 val_f1_weighted=0.2956 val_prec_macro=0.2374 val_rec_macro=0.2336 val_metric_name=acc val_metric=0.3998
Step  300 | loss 1.4331 | val_acc=0.4029 val_loss=1.3587 val_f1_macro=0.1862 val_f1_weighted=0.3023 val_prec_macro=0.2427 val_rec_macro=0.2372 val_metric_name=acc val_metric=0.4029
Step  350 | loss 1.4110 | val_acc=0.4039 val_loss=1.3543 val_f1_macro=0.1895 val_f1_weighted=0.3063 val_prec_macro=0.2531 val_rec_macro=0.2391 val_metric_name=acc val_metric=0.4039
Step  400 | loss 1.3989 | val_acc=0.4054 val_loss=1.3503 val_f1_macro=0.1934 val_f1_weighted=0.3104 val_prec_macro=0.3095 val_rec_macro=0.2413 val_metric_name=acc val_metric=0.4054
Step  450 | loss 1.3869 | val_acc=0.4078 val_loss=1.3467 val_f1_macro=0.1972 val_f1_weighted=0.3152 val_prec_macro=0.2887 val_rec_macro=0.2437 val_metric_name=acc val_metric=0.4078
Step  500 | loss 1.3760 | val_acc=0.4129 val_loss=1.3434 val_f1_macro=0.2040 val_f1_weighted=0.3239 val_prec_macro=0.2939 val_rec_macro=0.2484 val_metric_name=acc val_metric=0.4129
Step  550 | loss 1.3663 | val_acc=0.4153 val_loss=1.3398 val_f1_macro=0.2092 val_f1_weighted=0.3297 val_prec_macro=0.3057 val_rec_macro=0.2515 val_metric_name=acc val_metric=0.4153
Step  600 | loss 1.3542 | val_acc=0.4174 val_loss=1.3366 val_f1_macro=0.2176 val_f1_weighted=0.3364 val_prec_macro=0.3646 val_rec_macro=0.2559 val_metric_name=acc val_metric=0.4174
Step  650 | loss 1.3430 | val_acc=0.4187 val_loss=1.3329 val_f1_macro=0.2223 val_f1_weighted=0.3419 val_prec_macro=0.3541 val_rec_macro=0.2582 val_metric_name=acc val_metric=0.4187
Step  700 | loss 1.3348 | val_acc=0.4227 val_loss=1.3296 val_f1_macro=0.2285 val_f1_weighted=0.3490 val_prec_macro=0.3547 val_rec_macro=0.2619 val_metric_name=acc val_metric=0.4227
Step  750 | loss 1.3266 | val_acc=0.4264 val_loss=1.3263 val_f1_macro=0.2344 val_f1_weighted=0.3559 val_prec_macro=0.3506 val_rec_macro=0.2658 val_metric_name=acc val_metric=0.4264
Step  800 | loss 1.3152 | val_acc=0.4303 val_loss=1.3233 val_f1_macro=0.2406 val_f1_weighted=0.3626 val_prec_macro=0.3488 val_rec_macro=0.2701 val_metric_name=acc val_metric=0.4303
Step  850 | loss 1.3075 | val_acc=0.4334 val_loss=1.3197 val_f1_macro=0.2473 val_f1_weighted=0.3687 val_prec_macro=0.3629 val_rec_macro=0.2742 val_metric_name=acc val_metric=0.4334
Step  900 | loss 1.2951 | val_acc=0.4385 val_loss=1.3162 val_f1_macro=0.2562 val_f1_weighted=0.3781 val_prec_macro=0.3700 val_rec_macro=0.2798 val_metric_name=acc val_metric=0.4385
Step  950 | loss 1.2854 | val_acc=0.4401 val_loss=1.3128 val_f1_macro=0.2589 val_f1_weighted=0.3815 val_prec_macro=0.3585 val_rec_macro=0.2816 val_metric_name=acc val_metric=0.4401
Step 1000 | loss 1.2772 | val_acc=0.4442 val_loss=1.3098 val_f1_macro=0.2646 val_f1_weighted=0.3880 val_prec_macro=0.3632 val_rec_macro=0.2856 val_metric_name=acc val_metric=0.4442
Step 1050 | loss 1.2613 | val_acc=0.4455 val_loss=1.3059 val_f1_macro=0.2677 val_f1_weighted=0.3916 val_prec_macro=0.3606 val_rec_macro=0.2876 val_metric_name=acc val_metric=0.4455
Step 1100 | loss 1.2552 | val_acc=0.4480 val_loss=1.3024 val_f1_macro=0.2754 val_f1_weighted=0.3966 val_prec_macro=0.4592 val_rec_macro=0.2920 val_metric_name=acc val_metric=0.4480
Step 1150 | loss 1.2444 | val_acc=0.4514 val_loss=1.2998 val_f1_macro=0.2828 val_f1_weighted=0.4020 val_prec_macro=0.4688 val_rec_macro=0.2970 val_metric_name=acc val_metric=0.4514
Step 1200 | loss 1.2374 | val_acc=0.4544 val_loss=1.2968 val_f1_macro=0.2873 val_f1_weighted=0.4061 val_prec_macro=0.4564 val_rec_macro=0.3001 val_metric_name=acc val_metric=0.4544
Step 1250 | loss 1.2209 | val_acc=0.4565 val_loss=1.2940 val_f1_macro=0.2898 val_f1_weighted=0.4097 val_prec_macro=0.4410 val_rec_macro=0.3024 val_metric_name=acc val_metric=0.4565
Step 1300 | loss 1.2069 | val_acc=0.4601 val_loss=1.2915 val_f1_macro=0.2990 val_f1_weighted=0.4157 val_prec_macro=0.4602 val_rec_macro=0.3083 val_metric_name=acc val_metric=0.4601
Step 1350 | loss 1.1985 | val_acc=0.4628 val_loss=1.2886 val_f1_macro=0.3042 val_f1_weighted=0.4200 val_prec_macro=0.4645 val_rec_macro=0.3119 val_metric_name=acc val_metric=0.4628
Step 1400 | loss 1.1821 | val_acc=0.4668 val_loss=1.2879 val_f1_macro=0.3153 val_f1_weighted=0.4260 val_prec_macro=0.4808 val_rec_macro=0.3188 val_metric_name=acc val_metric=0.4668
Step 1450 | loss 1.1699 | val_acc=0.4686 val_loss=1.2855 val_f1_macro=0.3229 val_f1_weighted=0.4306 val_prec_macro=0.4864 val_rec_macro=0.3234 val_metric_name=acc val_metric=0.4686
Step 1500 | loss 1.1578 | val_acc=0.4718 val_loss=1.2845 val_f1_macro=0.3304 val_f1_weighted=0.4354 val_prec_macro=0.4899 val_rec_macro=0.3285 val_metric_name=acc val_metric=0.4718
Step 1550 | loss 1.1458 | val_acc=0.4762 val_loss=1.2840 val_f1_macro=0.3415 val_f1_weighted=0.4411 val_prec_macro=0.5010 val_rec_macro=0.3360 val_metric_name=acc val_metric=0.4762
Step 1600 | loss 1.1331 | val_acc=0.4803 val_loss=1.2837 val_f1_macro=0.3489 val_f1_weighted=0.4479 val_prec_macro=0.5059 val_rec_macro=0.3416 val_metric_name=acc val_metric=0.4803
Step 1650 | loss 1.1192 | val_acc=0.4852 val_loss=1.2838 val_f1_macro=0.3560 val_f1_weighted=0.4536 val_prec_macro=0.5028 val_rec_macro=0.3473 val_metric_name=acc val_metric=0.4852
Step 1700 | loss 1.0983 | val_acc=0.4857 val_loss=1.2852 val_f1_macro=0.3593 val_f1_weighted=0.4548 val_prec_macro=0.4942 val_rec_macro=0.3498 val_metric_name=acc val_metric=0.4857
Step 1750 | loss 1.0887 | val_acc=0.4898 val_loss=1.2863 val_f1_macro=0.3697 val_f1_weighted=0.4604 val_prec_macro=0.5076 val_rec_macro=0.3569 val_metric_name=acc val_metric=0.4898
Step 1800 | loss 1.0730 | val_acc=0.4913 val_loss=1.2867 val_f1_macro=0.3713 val_f1_weighted=0.4628 val_prec_macro=0.5018 val_rec_macro=0.3586 val_metric_name=acc val_metric=0.4913
Step 1850 | loss 1.0621 | val_acc=0.4934 val_loss=1.2884 val_f1_macro=0.3779 val_f1_weighted=0.4663 val_prec_macro=0.5102 val_rec_macro=0.3630 val_metric_name=acc val_metric=0.4934
Step 1900 | loss 1.0481 | val_acc=0.4960 val_loss=1.2909 val_f1_macro=0.3800 val_f1_weighted=0.4694 val_prec_macro=0.5092 val_rec_macro=0.3655 val_metric_name=acc val_metric=0.4960
Step 1950 | loss 1.0289 | val_acc=0.4973 val_loss=1.2951 val_f1_macro=0.3868 val_f1_weighted=0.4715 val_prec_macro=0.5188 val_rec_macro=0.3700 val_metric_name=acc val_metric=0.4973
Step 2000 | loss 1.0211 | val_acc=0.4989 val_loss=1.2967 val_f1_macro=0.3910 val_f1_weighted=0.4749 val_prec_macro=0.5214 val_rec_macro=0.3732 val_metric_name=acc val_metric=0.4989
Step 2050 | loss 1.0059 | val_acc=0.5042 val_loss=1.3008 val_f1_macro=0.3970 val_f1_weighted=0.4812 val_prec_macro=0.5217 val_rec_macro=0.3788 val_metric_name=acc val_metric=0.5042
Step 2100 | loss 0.9949 | val_acc=0.5051 val_loss=1.3041 val_f1_macro=0.4018 val_f1_weighted=0.4833 val_prec_macro=0.5240 val_rec_macro=0.3821 val_metric_name=acc val_metric=0.5051
Step 2150 | loss 0.9780 | val_acc=0.5071 val_loss=1.3077 val_f1_macro=0.4070 val_f1_weighted=0.4865 val_prec_macro=0.5265 val_rec_macro=0.3863 val_metric_name=acc val_metric=0.5071
Step 2200 | loss 0.9638 | val_acc=0.5087 val_loss=1.3139 val_f1_macro=0.4088 val_f1_weighted=0.4888 val_prec_macro=0.5215 val_rec_macro=0.3884 val_metric_name=acc val_metric=0.5087
Step 2250 | loss 0.9522 | val_acc=0.5097 val_loss=1.3213 val_f1_macro=0.4099 val_f1_weighted=0.4894 val_prec_macro=0.5240 val_rec_macro=0.3893 val_metric_name=acc val_metric=0.5097
Step 2300 | loss 0.9365 | val_acc=0.5097 val_loss=1.3244 val_f1_macro=0.4136 val_f1_weighted=0.4907 val_prec_macro=0.5229 val_rec_macro=0.3924 val_metric_name=acc val_metric=0.5097
Step 2350 | loss 0.9275 | val_acc=0.5112 val_loss=1.3319 val_f1_macro=0.4159 val_f1_weighted=0.4926 val_prec_macro=0.5225 val_rec_macro=0.3944 val_metric_name=acc val_metric=0.5112
Step 2400 | loss 0.9189 | val_acc=0.5123 val_loss=1.3371 val_f1_macro=0.4190 val_f1_weighted=0.4949 val_prec_macro=0.5191 val_rec_macro=0.3974 val_metric_name=acc val_metric=0.5123
Step 2450 | loss 0.9041 | val_acc=0.5141 val_loss=1.3450 val_f1_macro=0.4230 val_f1_weighted=0.4972 val_prec_macro=0.5251 val_rec_macro=0.4007 val_metric_name=acc val_metric=0.5141
Step 2500 | loss 0.8923 | val_acc=0.5135 val_loss=1.3530 val_f1_macro=0.4223 val_f1_weighted=0.4965 val_prec_macro=0.5196 val_rec_macro=0.4004 val_metric_name=acc val_metric=0.5135
Step 2550 | loss 0.8792 | val_acc=0.5174 val_loss=1.3575 val_f1_macro=0.4279 val_f1_weighted=0.5011 val_prec_macro=0.5270 val_rec_macro=0.4051 val_metric_name=acc val_metric=0.5174
Step 2600 | loss 0.8665 | val_acc=0.5171 val_loss=1.3665 val_f1_macro=0.4283 val_f1_weighted=0.5014 val_prec_macro=0.5248 val_rec_macro=0.4059 val_metric_name=acc val_metric=0.5171
Step 2650 | loss 0.8521 | val_acc=0.5180 val_loss=1.3742 val_f1_macro=0.4304 val_f1_weighted=0.5026 val_prec_macro=0.5258 val_rec_macro=0.4078 val_metric_name=acc val_metric=0.5180
Step 2700 | loss 0.8463 | val_acc=0.5197 val_loss=1.3817 val_f1_macro=0.4349 val_f1_weighted=0.5048 val_prec_macro=0.5269 val_rec_macro=0.4117 val_metric_name=acc val_metric=0.5197
Step 2750 | loss 0.8416 | val_acc=0.5211 val_loss=1.3912 val_f1_macro=0.4386 val_f1_weighted=0.5067 val_prec_macro=0.5343 val_rec_macro=0.4144 val_metric_name=acc val_metric=0.5211
Step 2800 | loss 0.8258 | val_acc=0.5231 val_loss=1.4010 val_f1_macro=0.4425 val_f1_weighted=0.5089 val_prec_macro=0.5353 val_rec_macro=0.4180 val_metric_name=acc val_metric=0.5231
Step 2850 | loss 0.8101 | val_acc=0.5239 val_loss=1.4086 val_f1_macro=0.4445 val_f1_weighted=0.5104 val_prec_macro=0.5369 val_rec_macro=0.4200 val_metric_name=acc val_metric=0.5239
Step 2900 | loss 0.7983 | val_acc=0.5251 val_loss=1.4158 val_f1_macro=0.4471 val_f1_weighted=0.5118 val_prec_macro=0.5394 val_rec_macro=0.4219 val_metric_name=acc val_metric=0.5251
Step 2950 | loss 0.7941 | val_acc=0.5270 val_loss=1.4239 val_f1_macro=0.4503 val_f1_weighted=0.5141 val_prec_macro=0.5414 val_rec_macro=0.4249 val_metric_name=acc val_metric=0.5270
Step 3000 | loss 0.7883 | val_acc=0.5257 val_loss=1.4292 val_f1_macro=0.4487 val_f1_weighted=0.5129 val_prec_macro=0.5365 val_rec_macro=0.4240 val_metric_name=acc val_metric=0.5257
Step 3050 | loss 0.7747 | val_acc=0.5275 val_loss=1.4379 val_f1_macro=0.4530 val_f1_weighted=0.5150 val_prec_macro=0.5393 val_rec_macro=0.4278 val_metric_name=acc val_metric=0.5275
Step 3100 | loss 0.7635 | val_acc=0.5267 val_loss=1.4506 val_f1_macro=0.4536 val_f1_weighted=0.5145 val_prec_macro=0.5350 val_rec_macro=0.4285 val_metric_name=acc val_metric=0.5267
Step 3150 | loss 0.7597 | val_acc=0.5283 val_loss=1.4578 val_f1_macro=0.4550 val_f1_weighted=0.5162 val_prec_macro=0.5377 val_rec_macro=0.4297 val_metric_name=acc val_metric=0.5283
Step 3200 | loss 0.7431 | val_acc=0.5288 val_loss=1.4646 val_f1_macro=0.4562 val_f1_weighted=0.5169 val_prec_macro=0.5357 val_rec_macro=0.4314 val_metric_name=acc val_metric=0.5288
Step 3250 | loss 0.7385 | val_acc=0.5300 val_loss=1.4731 val_f1_macro=0.4564 val_f1_weighted=0.5181 val_prec_macro=0.5340 val_rec_macro=0.4317 val_metric_name=acc val_metric=0.5300
Step 3300 | loss 0.7268 | val_acc=0.5311 val_loss=1.4832 val_f1_macro=0.4584 val_f1_weighted=0.5197 val_prec_macro=0.5330 val_rec_macro=0.4341 val_metric_name=acc val_metric=0.5311
Step 3350 | loss 0.7227 | val_acc=0.5314 val_loss=1.4920 val_f1_macro=0.4589 val_f1_weighted=0.5202 val_prec_macro=0.5335 val_rec_macro=0.4346 val_metric_name=acc val_metric=0.5314
Step 3400 | loss 0.7101 | val_acc=0.5314 val_loss=1.5014 val_f1_macro=0.4603 val_f1_weighted=0.5206 val_prec_macro=0.5313 val_rec_macro=0.4364 val_metric_name=acc val_metric=0.5314
Step 3450 | loss 0.7086 | val_acc=0.5331 val_loss=1.5070 val_f1_macro=0.4626 val_f1_weighted=0.5223 val_prec_macro=0.5334 val_rec_macro=0.4383 val_metric_name=acc val_metric=0.5331
Step 3500 | loss 0.6990 | val_acc=0.5337 val_loss=1.5152 val_f1_macro=0.4632 val_f1_weighted=0.5231 val_prec_macro=0.5319 val_rec_macro=0.4392 val_metric_name=acc val_metric=0.5337
Step 3550 | loss 0.6913 | val_acc=0.5344 val_loss=1.5254 val_f1_macro=0.4635 val_f1_weighted=0.5233 val_prec_macro=0.5326 val_rec_macro=0.4398 val_metric_name=acc val_metric=0.5344
Step 3600 | loss 0.6811 | val_acc=0.5362 val_loss=1.5345 val_f1_macro=0.4663 val_f1_weighted=0.5256 val_prec_macro=0.5350 val_rec_macro=0.4423 val_metric_name=acc val_metric=0.5362
Step 3650 | loss 0.6742 | val_acc=0.5370 val_loss=1.5389 val_f1_macro=0.4686 val_f1_weighted=0.5267 val_prec_macro=0.5374 val_rec_macro=0.4442 val_metric_name=acc val_metric=0.5370
Step 3700 | loss 0.6675 | val_acc=0.5350 val_loss=1.5502 val_f1_macro=0.4668 val_f1_weighted=0.5247 val_prec_macro=0.5346 val_rec_macro=0.4427 val_metric_name=acc val_metric=0.5350
Step 3750 | loss 0.6600 | val_acc=0.5350 val_loss=1.5562 val_f1_macro=0.4664 val_f1_weighted=0.5248 val_prec_macro=0.5320 val_rec_macro=0.4428 val_metric_name=acc val_metric=0.5350
Step 3800 | loss 0.6542 | val_acc=0.5376 val_loss=1.5652 val_f1_macro=0.4699 val_f1_weighted=0.5278 val_prec_macro=0.5360 val_rec_macro=0.4457 val_metric_name=acc val_metric=0.5376
Step 3850 | loss 0.6421 | val_acc=0.5363 val_loss=1.5732 val_f1_macro=0.4700 val_f1_weighted=0.5265 val_prec_macro=0.5351 val_rec_macro=0.4458 val_metric_name=acc val_metric=0.5363
Step 3900 | loss 0.6391 | val_acc=0.5368 val_loss=1.5810 val_f1_macro=0.4698 val_f1_weighted=0.5270 val_prec_macro=0.5322 val_rec_macro=0.4464 val_metric_name=acc val_metric=0.5368
Step 3950 | loss 0.6358 | val_acc=0.5368 val_loss=1.5925 val_f1_macro=0.4690 val_f1_weighted=0.5271 val_prec_macro=0.5320 val_rec_macro=0.4455 val_metric_name=acc val_metric=0.5368
Step 4000 | loss 0.6274 | val_acc=0.5372 val_loss=1.5954 val_f1_macro=0.4693 val_f1_weighted=0.5275 val_prec_macro=0.5301 val_rec_macro=0.4463 val_metric_name=acc val_metric=0.5372
Step 4050 | loss 0.6278 | val_acc=0.5373 val_loss=1.6017 val_f1_macro=0.4706 val_f1_weighted=0.5278 val_prec_macro=0.5302 val_rec_macro=0.4475 val_metric_name=acc val_metric=0.5373
Step 4100 | loss 0.6155 | val_acc=0.5373 val_loss=1.6118 val_f1_macro=0.4704 val_f1_weighted=0.5280 val_prec_macro=0.5278 val_rec_macro=0.4475 val_metric_name=acc val_metric=0.5373
Step 4150 | loss 0.6117 | val_acc=0.5375 val_loss=1.6239 val_f1_macro=0.4708 val_f1_weighted=0.5283 val_prec_macro=0.5286 val_rec_macro=0.4482 val_metric_name=acc val_metric=0.5375
Step 4200 | loss 0.6054 | val_acc=0.5383 val_loss=1.6314 val_f1_macro=0.4712 val_f1_weighted=0.5292 val_prec_macro=0.5274 val_rec_macro=0.4489 val_metric_name=acc val_metric=0.5383
Step 4250 | loss 0.5976 | val_acc=0.5390 val_loss=1.6381 val_f1_macro=0.4711 val_f1_weighted=0.5299 val_prec_macro=0.5272 val_rec_macro=0.4489 val_metric_name=acc val_metric=0.5390
Step 4300 | loss 0.5998 | val_acc=0.5390 val_loss=1.6430 val_f1_macro=0.4715 val_f1_weighted=0.5300 val_prec_macro=0.5249 val_rec_macro=0.4497 val_metric_name=acc val_metric=0.5390
Step 4350 | loss 0.5874 | val_acc=0.5390 val_loss=1.6504 val_f1_macro=0.4727 val_f1_weighted=0.5300 val_prec_macro=0.5285 val_rec_macro=0.4504 val_metric_name=acc val_metric=0.5390
Step 4400 | loss 0.5855 | val_acc=0.5391 val_loss=1.6589 val_f1_macro=0.4730 val_f1_weighted=0.5309 val_prec_macro=0.5236 val_rec_macro=0.4518 val_metric_name=acc val_metric=0.5391
Step 4450 | loss 0.5817 | val_acc=0.5388 val_loss=1.6668 val_f1_macro=0.4722 val_f1_weighted=0.5304 val_prec_macro=0.5221 val_rec_macro=0.4510 val_metric_name=acc val_metric=0.5388
Step 4500 | loss 0.5739 | val_acc=0.5393 val_loss=1.6777 val_f1_macro=0.4723 val_f1_weighted=0.5308 val_prec_macro=0.5226 val_rec_macro=0.4512 val_metric_name=acc val_metric=0.5393
Step 4550 | loss 0.5713 | val_acc=0.5390 val_loss=1.6834 val_f1_macro=0.4719 val_f1_weighted=0.5306 val_prec_macro=0.5210 val_rec_macro=0.4512 val_metric_name=acc val_metric=0.5390
Step 4600 | loss 0.5657 | val_acc=0.5383 val_loss=1.6879 val_f1_macro=0.4722 val_f1_weighted=0.5301 val_prec_macro=0.5193 val_rec_macro=0.4519 val_metric_name=acc val_metric=0.5383
Step 4650 | loss 0.5604 | val_acc=0.5386 val_loss=1.6946 val_f1_macro=0.4724 val_f1_weighted=0.5304 val_prec_macro=0.5211 val_rec_macro=0.4516 val_metric_name=acc val_metric=0.5386
Step 4700 | loss 0.5529 | val_acc=0.5390 val_loss=1.7042 val_f1_macro=0.4729 val_f1_weighted=0.5309 val_prec_macro=0.5196 val_rec_macro=0.4526 val_metric_name=acc val_metric=0.5390
Step 4750 | loss 0.5535 | val_acc=0.5381 val_loss=1.7146 val_f1_macro=0.4725 val_f1_weighted=0.5303 val_prec_macro=0.5186 val_rec_macro=0.4525 val_metric_name=acc val_metric=0.5381
Step 4800 | loss 0.5462 | val_acc=0.5376 val_loss=1.7160 val_f1_macro=0.4708 val_f1_weighted=0.5298 val_prec_macro=0.5138 val_rec_macro=0.4517 val_metric_name=acc val_metric=0.5376
Step 4850 | loss 0.5439 | val_acc=0.5383 val_loss=1.7240 val_f1_macro=0.4722 val_f1_weighted=0.5306 val_prec_macro=0.5163 val_rec_macro=0.4526 val_metric_name=acc val_metric=0.5383
Step 4900 | loss 0.5313 | val_acc=0.5372 val_loss=1.7312 val_f1_macro=0.4705 val_f1_weighted=0.5295 val_prec_macro=0.5105 val_rec_macro=0.4522 val_metric_name=acc val_metric=0.5372
Step 4950 | loss 0.5356 | val_acc=0.5385 val_loss=1.7404 val_f1_macro=0.4715 val_f1_weighted=0.5307 val_prec_macro=0.5112 val_rec_macro=0.4533 val_metric_name=acc val_metric=0.5385
Step 5000 | loss 0.5371 | val_acc=0.5381 val_loss=1.7455 val_f1_macro=0.4733 val_f1_weighted=0.5309 val_prec_macro=0.5123 val_rec_macro=0.4551 val_metric_name=acc val_metric=0.5381

--- Final (best ckpt @ step 4330) ---
  train_acc=0.9296 train_loss=0.2252 train_f1_macro=0.9272 train_f1_weighted=0.9295 train_prec_macro=0.9462 train_rec_macro=0.9115 train_metric_name=acc train_metric=0.9296
  val_acc=0.5398 val_loss=1.6490 val_f1_macro=0.4721 val_f1_weighted=0.5309 val_prec_macro=0.5259 val_rec_macro=0.4502 val_metric_name=acc val_metric=0.5398
  test_acc=0.5331 test_loss=1.6287 test_f1_macro=0.4685 test_f1_weighted=0.5254 test_prec_macro=0.5162 test_rec_macro=0.4466 test_metric_name=acc test_metric=0.5331
  test_acc=0.5331

============================================================
Training TABM-amazon-ratings GAT 2L h=512 lr=3e-05 split=5
============================================================
Step    1 | loss 2.0717 | val_acc=0.3371 val_loss=1.4518 val_f1_macro=0.1684 val_f1_weighted=0.2684 val_prec_macro=0.1942 val_rec_macro=0.2001 val_metric_name=acc val_metric=0.3371
Step   50 | loss 1.5528 | val_acc=0.3822 val_loss=1.3912 val_f1_macro=0.1524 val_f1_weighted=0.2577 val_prec_macro=0.2604 val_rec_macro=0.2160 val_metric_name=acc val_metric=0.3822
Step  100 | loss 1.4865 | val_acc=0.3951 val_loss=1.3680 val_f1_macro=0.1730 val_f1_weighted=0.2851 val_prec_macro=0.3293 val_rec_macro=0.2284 val_metric_name=acc val_metric=0.3951
Step  150 | loss 1.4481 | val_acc=0.4049 val_loss=1.3538 val_f1_macro=0.1876 val_f1_weighted=0.3042 val_prec_macro=0.2557 val_rec_macro=0.2384 val_metric_name=acc val_metric=0.4049
Step  200 | loss 1.4166 | val_acc=0.4088 val_loss=1.3442 val_f1_macro=0.1957 val_f1_weighted=0.3142 val_prec_macro=0.2595 val_rec_macro=0.2433 val_metric_name=acc val_metric=0.4088
Step  250 | loss 1.3915 | val_acc=0.4145 val_loss=1.3359 val_f1_macro=0.2086 val_f1_weighted=0.3293 val_prec_macro=0.2877 val_rec_macro=0.2510 val_metric_name=acc val_metric=0.4145
Step  300 | loss 1.3757 | val_acc=0.4201 val_loss=1.3295 val_f1_macro=0.2202 val_f1_weighted=0.3419 val_prec_macro=0.3032 val_rec_macro=0.2588 val_metric_name=acc val_metric=0.4201
Step  350 | loss 1.3555 | val_acc=0.4294 val_loss=1.3242 val_f1_macro=0.2390 val_f1_weighted=0.3601 val_prec_macro=0.3879 val_rec_macro=0.2700 val_metric_name=acc val_metric=0.4294
Step  400 | loss 1.3327 | val_acc=0.4357 val_loss=1.3188 val_f1_macro=0.2588 val_f1_weighted=0.3774 val_prec_macro=0.3995 val_rec_macro=0.2817 val_metric_name=acc val_metric=0.4357
Step  450 | loss 1.3121 | val_acc=0.4392 val_loss=1.3134 val_f1_macro=0.2689 val_f1_weighted=0.3860 val_prec_macro=0.3939 val_rec_macro=0.2882 val_metric_name=acc val_metric=0.4392
Step  500 | loss 1.2955 | val_acc=0.4465 val_loss=1.3069 val_f1_macro=0.2861 val_f1_weighted=0.4017 val_prec_macro=0.4159 val_rec_macro=0.2992 val_metric_name=acc val_metric=0.4465
Step  550 | loss 1.2737 | val_acc=0.4490 val_loss=1.3042 val_f1_macro=0.2941 val_f1_weighted=0.4089 val_prec_macro=0.4163 val_rec_macro=0.3043 val_metric_name=acc val_metric=0.4490
Step  600 | loss 1.2570 | val_acc=0.4563 val_loss=1.3020 val_f1_macro=0.3100 val_f1_weighted=0.4213 val_prec_macro=0.4313 val_rec_macro=0.3150 val_metric_name=acc val_metric=0.4563
Step  650 | loss 1.2379 | val_acc=0.4628 val_loss=1.3023 val_f1_macro=0.3274 val_f1_weighted=0.4329 val_prec_macro=0.4373 val_rec_macro=0.3274 val_metric_name=acc val_metric=0.4628
Step  700 | loss 1.2159 | val_acc=0.4671 val_loss=1.3063 val_f1_macro=0.3395 val_f1_weighted=0.4396 val_prec_macro=0.4396 val_rec_macro=0.3374 val_metric_name=acc val_metric=0.4671
Step  750 | loss 1.1962 | val_acc=0.4726 val_loss=1.3121 val_f1_macro=0.3502 val_f1_weighted=0.4475 val_prec_macro=0.4453 val_rec_macro=0.3447 val_metric_name=acc val_metric=0.4726
Step  800 | loss 1.1820 | val_acc=0.4730 val_loss=1.3172 val_f1_macro=0.3553 val_f1_weighted=0.4500 val_prec_macro=0.4304 val_rec_macro=0.3499 val_metric_name=acc val_metric=0.4730
Step  850 | loss 1.1621 | val_acc=0.4731 val_loss=1.3310 val_f1_macro=0.3639 val_f1_weighted=0.4521 val_prec_macro=0.4320 val_rec_macro=0.3555 val_metric_name=acc val_metric=0.4731
Step  900 | loss 1.1462 | val_acc=0.4753 val_loss=1.3427 val_f1_macro=0.3684 val_f1_weighted=0.4561 val_prec_macro=0.4281 val_rec_macro=0.3607 val_metric_name=acc val_metric=0.4753
Step  950 | loss 1.1266 | val_acc=0.4743 val_loss=1.3540 val_f1_macro=0.3705 val_f1_weighted=0.4558 val_prec_macro=0.4286 val_rec_macro=0.3609 val_metric_name=acc val_metric=0.4743
Step 1000 | loss 1.1097 | val_acc=0.4797 val_loss=1.3646 val_f1_macro=0.3846 val_f1_weighted=0.4644 val_prec_macro=0.4331 val_rec_macro=0.3736 val_metric_name=acc val_metric=0.4797
Step 1050 | loss 1.0949 | val_acc=0.4813 val_loss=1.3818 val_f1_macro=0.3877 val_f1_weighted=0.4662 val_prec_macro=0.4334 val_rec_macro=0.3768 val_metric_name=acc val_metric=0.4813
Step 1100 | loss 1.0733 | val_acc=0.4872 val_loss=1.3996 val_f1_macro=0.3962 val_f1_weighted=0.4732 val_prec_macro=0.4404 val_rec_macro=0.3840 val_metric_name=acc val_metric=0.4872
Step 1150 | loss 1.0603 | val_acc=0.4872 val_loss=1.4266 val_f1_macro=0.3964 val_f1_weighted=0.4729 val_prec_macro=0.4368 val_rec_macro=0.3853 val_metric_name=acc val_metric=0.4872
Step 1200 | loss 1.0422 | val_acc=0.4908 val_loss=1.4392 val_f1_macro=0.4030 val_f1_weighted=0.4784 val_prec_macro=0.4404 val_rec_macro=0.3914 val_metric_name=acc val_metric=0.4908
Step 1250 | loss 1.0304 | val_acc=0.4900 val_loss=1.4558 val_f1_macro=0.4042 val_f1_weighted=0.4789 val_prec_macro=0.4395 val_rec_macro=0.3921 val_metric_name=acc val_metric=0.4900
Step 1300 | loss 1.0166 | val_acc=0.4944 val_loss=1.4909 val_f1_macro=0.4119 val_f1_weighted=0.4832 val_prec_macro=0.4462 val_rec_macro=0.3993 val_metric_name=acc val_metric=0.4944
Step 1350 | loss 1.0023 | val_acc=0.4945 val_loss=1.5178 val_f1_macro=0.4165 val_f1_weighted=0.4856 val_prec_macro=0.4448 val_rec_macro=0.4054 val_metric_name=acc val_metric=0.4945
Step 1400 | loss 0.9900 | val_acc=0.4965 val_loss=1.5421 val_f1_macro=0.4195 val_f1_weighted=0.4876 val_prec_macro=0.4494 val_rec_macro=0.4072 val_metric_name=acc val_metric=0.4965
Step 1450 | loss 0.9758 | val_acc=0.4981 val_loss=1.5596 val_f1_macro=0.4229 val_f1_weighted=0.4898 val_prec_macro=0.4480 val_rec_macro=0.4115 val_metric_name=acc val_metric=0.4981
Step 1500 | loss 0.9605 | val_acc=0.4994 val_loss=1.5879 val_f1_macro=0.4236 val_f1_weighted=0.4912 val_prec_macro=0.4488 val_rec_macro=0.4126 val_metric_name=acc val_metric=0.4994
Step 1550 | loss 0.9488 | val_acc=0.4978 val_loss=1.6102 val_f1_macro=0.4224 val_f1_weighted=0.4898 val_prec_macro=0.4459 val_rec_macro=0.4116 val_metric_name=acc val_metric=0.4978
Step 1600 | loss 0.9367 | val_acc=0.4991 val_loss=1.6631 val_f1_macro=0.4254 val_f1_weighted=0.4922 val_prec_macro=0.4440 val_rec_macro=0.4161 val_metric_name=acc val_metric=0.4991
Step 1650 | loss 0.9231 | val_acc=0.5006 val_loss=1.6768 val_f1_macro=0.4288 val_f1_weighted=0.4948 val_prec_macro=0.4428 val_rec_macro=0.4214 val_metric_name=acc val_metric=0.5006
Step 1700 | loss 0.9127 | val_acc=0.5029 val_loss=1.6917 val_f1_macro=0.4309 val_f1_weighted=0.4970 val_prec_macro=0.4452 val_rec_macro=0.4236 val_metric_name=acc val_metric=0.5029
Step 1750 | loss 0.9022 | val_acc=0.5053 val_loss=1.7247 val_f1_macro=0.4352 val_f1_weighted=0.5001 val_prec_macro=0.4490 val_rec_macro=0.4278 val_metric_name=acc val_metric=0.5053
Step 1800 | loss 0.8892 | val_acc=0.5050 val_loss=1.7580 val_f1_macro=0.4349 val_f1_weighted=0.4999 val_prec_macro=0.4468 val_rec_macro=0.4287 val_metric_name=acc val_metric=0.5050
Step 1850 | loss 0.8840 | val_acc=0.5069 val_loss=1.7827 val_f1_macro=0.4376 val_f1_weighted=0.5020 val_prec_macro=0.4513 val_rec_macro=0.4298 val_metric_name=acc val_metric=0.5069
Step 1900 | loss 0.8691 | val_acc=0.5061 val_loss=1.8327 val_f1_macro=0.4371 val_f1_weighted=0.5016 val_prec_macro=0.4477 val_rec_macro=0.4311 val_metric_name=acc val_metric=0.5061
Step 1950 | loss 0.8597 | val_acc=0.5068 val_loss=1.8385 val_f1_macro=0.4368 val_f1_weighted=0.5019 val_prec_macro=0.4468 val_rec_macro=0.4313 val_metric_name=acc val_metric=0.5068
Step 2000 | loss 0.8491 | val_acc=0.5074 val_loss=1.8800 val_f1_macro=0.4384 val_f1_weighted=0.5030 val_prec_macro=0.4483 val_rec_macro=0.4326 val_metric_name=acc val_metric=0.5074
Step 2050 | loss 0.8395 | val_acc=0.5058 val_loss=1.8993 val_f1_macro=0.4377 val_f1_weighted=0.5016 val_prec_macro=0.4477 val_rec_macro=0.4316 val_metric_name=acc val_metric=0.5058
Step 2100 | loss 0.8259 | val_acc=0.5079 val_loss=1.9503 val_f1_macro=0.4409 val_f1_weighted=0.5039 val_prec_macro=0.4494 val_rec_macro=0.4359 val_metric_name=acc val_metric=0.5079
Step 2150 | loss 0.8206 | val_acc=0.5076 val_loss=1.9824 val_f1_macro=0.4418 val_f1_weighted=0.5044 val_prec_macro=0.4483 val_rec_macro=0.4377 val_metric_name=acc val_metric=0.5076
Step 2200 | loss 0.8125 | val_acc=0.5079 val_loss=2.0091 val_f1_macro=0.4420 val_f1_weighted=0.5050 val_prec_macro=0.4478 val_rec_macro=0.4384 val_metric_name=acc val_metric=0.5079
Step 2250 | loss 0.8058 | val_acc=0.5102 val_loss=2.0385 val_f1_macro=0.4434 val_f1_weighted=0.5068 val_prec_macro=0.4503 val_rec_macro=0.4393 val_metric_name=acc val_metric=0.5102
Step 2300 | loss 0.7912 | val_acc=0.5087 val_loss=2.0861 val_f1_macro=0.4410 val_f1_weighted=0.5057 val_prec_macro=0.4465 val_rec_macro=0.4378 val_metric_name=acc val_metric=0.5087
Step 2350 | loss 0.7869 | val_acc=0.5102 val_loss=2.0871 val_f1_macro=0.4432 val_f1_weighted=0.5072 val_prec_macro=0.4480 val_rec_macro=0.4406 val_metric_name=acc val_metric=0.5102
Step 2400 | loss 0.7805 | val_acc=0.5102 val_loss=2.1180 val_f1_macro=0.4411 val_f1_weighted=0.5070 val_prec_macro=0.4464 val_rec_macro=0.4380 val_metric_name=acc val_metric=0.5102
Step 2450 | loss 0.7676 | val_acc=0.5097 val_loss=2.1541 val_f1_macro=0.4413 val_f1_weighted=0.5068 val_prec_macro=0.4466 val_rec_macro=0.4381 val_metric_name=acc val_metric=0.5097
Step 2500 | loss 0.7628 | val_acc=0.5084 val_loss=2.1589 val_f1_macro=0.4421 val_f1_weighted=0.5058 val_prec_macro=0.4459 val_rec_macro=0.4402 val_metric_name=acc val_metric=0.5084
Step 2550 | loss 0.7573 | val_acc=0.5133 val_loss=2.1841 val_f1_macro=0.4449 val_f1_weighted=0.5106 val_prec_macro=0.4499 val_rec_macro=0.4417 val_metric_name=acc val_metric=0.5133
Step 2600 | loss 0.7462 | val_acc=0.5114 val_loss=2.2355 val_f1_macro=0.4440 val_f1_weighted=0.5089 val_prec_macro=0.4479 val_rec_macro=0.4417 val_metric_name=acc val_metric=0.5114
Step 2650 | loss 0.7388 | val_acc=0.5120 val_loss=2.2444 val_f1_macro=0.4455 val_f1_weighted=0.5097 val_prec_macro=0.4488 val_rec_macro=0.4437 val_metric_name=acc val_metric=0.5120
Step 2700 | loss 0.7324 | val_acc=0.5114 val_loss=2.2568 val_f1_macro=0.4447 val_f1_weighted=0.5094 val_prec_macro=0.4474 val_rec_macro=0.4432 val_metric_name=acc val_metric=0.5114
Step 2750 | loss 0.7220 | val_acc=0.5140 val_loss=2.2922 val_f1_macro=0.4486 val_f1_weighted=0.5114 val_prec_macro=0.4517 val_rec_macro=0.4476 val_metric_name=acc val_metric=0.5140
Step 2800 | loss 0.7180 | val_acc=0.5159 val_loss=2.3026 val_f1_macro=0.4493 val_f1_weighted=0.5140 val_prec_macro=0.4521 val_rec_macro=0.4479 val_metric_name=acc val_metric=0.5159
Step 2850 | loss 0.7098 | val_acc=0.5131 val_loss=2.3361 val_f1_macro=0.4486 val_f1_weighted=0.5114 val_prec_macro=0.4504 val_rec_macro=0.4484 val_metric_name=acc val_metric=0.5131
Step 2900 | loss 0.7034 | val_acc=0.5143 val_loss=2.3542 val_f1_macro=0.4491 val_f1_weighted=0.5124 val_prec_macro=0.4515 val_rec_macro=0.4481 val_metric_name=acc val_metric=0.5143
Step 2950 | loss 0.6979 | val_acc=0.5164 val_loss=2.3699 val_f1_macro=0.4509 val_f1_weighted=0.5144 val_prec_macro=0.4539 val_rec_macro=0.4493 val_metric_name=acc val_metric=0.5164
Step 3000 | loss 0.6957 | val_acc=0.5161 val_loss=2.3981 val_f1_macro=0.4511 val_f1_weighted=0.5145 val_prec_macro=0.4524 val_rec_macro=0.4510 val_metric_name=acc val_metric=0.5161
Step 3050 | loss 0.6836 | val_acc=0.5156 val_loss=2.4170 val_f1_macro=0.4507 val_f1_weighted=0.5140 val_prec_macro=0.4527 val_rec_macro=0.4497 val_metric_name=acc val_metric=0.5156
Step 3100 | loss 0.6822 | val_acc=0.5148 val_loss=2.4241 val_f1_macro=0.4513 val_f1_weighted=0.5132 val_prec_macro=0.4533 val_rec_macro=0.4506 val_metric_name=acc val_metric=0.5148
Step 3150 | loss 0.6731 | val_acc=0.5149 val_loss=2.4514 val_f1_macro=0.4516 val_f1_weighted=0.5140 val_prec_macro=0.4524 val_rec_macro=0.4514 val_metric_name=acc val_metric=0.5149
Step 3200 | loss 0.6649 | val_acc=0.5146 val_loss=2.4663 val_f1_macro=0.4510 val_f1_weighted=0.5136 val_prec_macro=0.4519 val_rec_macro=0.4509 val_metric_name=acc val_metric=0.5146
Step 3250 | loss 0.6612 | val_acc=0.5130 val_loss=2.4724 val_f1_macro=0.4496 val_f1_weighted=0.5116 val_prec_macro=0.4518 val_rec_macro=0.4482 val_metric_name=acc val_metric=0.5130
Step 3300 | loss 0.6535 | val_acc=0.5133 val_loss=2.4806 val_f1_macro=0.4504 val_f1_weighted=0.5122 val_prec_macro=0.4512 val_rec_macro=0.4504 val_metric_name=acc val_metric=0.5133
Step 3350 | loss 0.6477 | val_acc=0.5153 val_loss=2.4964 val_f1_macro=0.4523 val_f1_weighted=0.5140 val_prec_macro=0.4542 val_rec_macro=0.4516 val_metric_name=acc val_metric=0.5153
Step 3400 | loss 0.6432 | val_acc=0.5145 val_loss=2.5387 val_f1_macro=0.4515 val_f1_weighted=0.5130 val_prec_macro=0.4529 val_rec_macro=0.4512 val_metric_name=acc val_metric=0.5145
Early stopping at step 3428

--- Final (best ckpt @ step 3120) ---
  train_acc=0.8032 train_loss=0.4472 train_f1_macro=0.7917 train_f1_weighted=0.8032 train_prec_macro=0.7860 train_rec_macro=0.7991 train_metric_name=acc train_metric=0.8032
  val_acc=0.5171 val_loss=2.4299 val_f1_macro=0.4531 val_f1_weighted=0.5155 val_prec_macro=0.4553 val_rec_macro=0.4522 val_metric_name=acc val_metric=0.5171
  test_acc=0.5138 test_loss=2.4008 test_f1_macro=0.4579 test_f1_weighted=0.5125 test_prec_macro=0.4606 test_rec_macro=0.4556 test_metric_name=acc test_metric=0.5138
  test_acc=0.5138

============================================================
Training TABM-amazon-ratings GAT 3L h=512 lr=3e-05 split=5
============================================================
Step    1 | loss 2.1665 | val_acc=0.3614 val_loss=1.4942 val_f1_macro=0.1249 val_f1_weighted=0.2168 val_prec_macro=0.1898 val_rec_macro=0.2006 val_metric_name=acc val_metric=0.3614
Step   50 | loss 1.5388 | val_acc=0.3902 val_loss=1.3822 val_f1_macro=0.1696 val_f1_weighted=0.2804 val_prec_macro=0.2011 val_rec_macro=0.2253 val_metric_name=acc val_metric=0.3902
Step  100 | loss 1.4700 | val_acc=0.3949 val_loss=1.3617 val_f1_macro=0.1758 val_f1_weighted=0.2886 val_prec_macro=0.2410 val_rec_macro=0.2296 val_metric_name=acc val_metric=0.3949
Step  150 | loss 1.4327 | val_acc=0.4024 val_loss=1.3473 val_f1_macro=0.1890 val_f1_weighted=0.3053 val_prec_macro=0.2373 val_rec_macro=0.2379 val_metric_name=acc val_metric=0.4024
Step  200 | loss 1.4001 | val_acc=0.4137 val_loss=1.3350 val_f1_macro=0.2122 val_f1_weighted=0.3331 val_prec_macro=0.4571 val_rec_macro=0.2518 val_metric_name=acc val_metric=0.4137
Step  250 | loss 1.3749 | val_acc=0.4205 val_loss=1.3266 val_f1_macro=0.2300 val_f1_weighted=0.3515 val_prec_macro=0.3281 val_rec_macro=0.2627 val_metric_name=acc val_metric=0.4205
Step  300 | loss 1.3536 | val_acc=0.4305 val_loss=1.3197 val_f1_macro=0.2512 val_f1_weighted=0.3703 val_prec_macro=0.3707 val_rec_macro=0.2775 val_metric_name=acc val_metric=0.4305
Step  350 | loss 1.3326 | val_acc=0.4387 val_loss=1.3145 val_f1_macro=0.2708 val_f1_weighted=0.3865 val_prec_macro=0.3856 val_rec_macro=0.2906 val_metric_name=acc val_metric=0.4387
Step  400 | loss 1.3104 | val_acc=0.4398 val_loss=1.3085 val_f1_macro=0.2821 val_f1_weighted=0.3963 val_prec_macro=0.3822 val_rec_macro=0.2970 val_metric_name=acc val_metric=0.4398
Step  450 | loss 1.2887 | val_acc=0.4459 val_loss=1.3040 val_f1_macro=0.2941 val_f1_weighted=0.4078 val_prec_macro=0.3896 val_rec_macro=0.3054 val_metric_name=acc val_metric=0.4459
Step  500 | loss 1.2652 | val_acc=0.4532 val_loss=1.3013 val_f1_macro=0.3137 val_f1_weighted=0.4218 val_prec_macro=0.4181 val_rec_macro=0.3196 val_metric_name=acc val_metric=0.4532
Step  550 | loss 1.2463 | val_acc=0.4596 val_loss=1.3016 val_f1_macro=0.3282 val_f1_weighted=0.4323 val_prec_macro=0.4203 val_rec_macro=0.3307 val_metric_name=acc val_metric=0.4596
Step  600 | loss 1.2257 | val_acc=0.4638 val_loss=1.3130 val_f1_macro=0.3465 val_f1_weighted=0.4394 val_prec_macro=0.4207 val_rec_macro=0.3445 val_metric_name=acc val_metric=0.4638
Step  650 | loss 1.2040 | val_acc=0.4664 val_loss=1.3214 val_f1_macro=0.3545 val_f1_weighted=0.4444 val_prec_macro=0.4223 val_rec_macro=0.3504 val_metric_name=acc val_metric=0.4664
Step  700 | loss 1.1874 | val_acc=0.4646 val_loss=1.3285 val_f1_macro=0.3602 val_f1_weighted=0.4449 val_prec_macro=0.4191 val_rec_macro=0.3556 val_metric_name=acc val_metric=0.4646
Step  750 | loss 1.1654 | val_acc=0.4666 val_loss=1.3311 val_f1_macro=0.3612 val_f1_weighted=0.4487 val_prec_macro=0.4130 val_rec_macro=0.3565 val_metric_name=acc val_metric=0.4666
Step  800 | loss 1.1498 | val_acc=0.4669 val_loss=1.3455 val_f1_macro=0.3684 val_f1_weighted=0.4495 val_prec_macro=0.4085 val_rec_macro=0.3648 val_metric_name=acc val_metric=0.4669
Step  850 | loss 1.1304 | val_acc=0.4710 val_loss=1.3553 val_f1_macro=0.3786 val_f1_weighted=0.4545 val_prec_macro=0.4160 val_rec_macro=0.3732 val_metric_name=acc val_metric=0.4710
Step  900 | loss 1.1097 | val_acc=0.4744 val_loss=1.3615 val_f1_macro=0.3824 val_f1_weighted=0.4595 val_prec_macro=0.4210 val_rec_macro=0.3762 val_metric_name=acc val_metric=0.4744
Step  950 | loss 1.0971 | val_acc=0.4733 val_loss=1.3738 val_f1_macro=0.3869 val_f1_weighted=0.4584 val_prec_macro=0.4208 val_rec_macro=0.3810 val_metric_name=acc val_metric=0.4733
Step 1000 | loss 1.0806 | val_acc=0.4753 val_loss=1.3798 val_f1_macro=0.3909 val_f1_weighted=0.4622 val_prec_macro=0.4199 val_rec_macro=0.3863 val_metric_name=acc val_metric=0.4753
Step 1050 | loss 1.0627 | val_acc=0.4759 val_loss=1.3892 val_f1_macro=0.3900 val_f1_weighted=0.4635 val_prec_macro=0.4191 val_rec_macro=0.3836 val_metric_name=acc val_metric=0.4759
Step 1100 | loss 1.0484 | val_acc=0.4777 val_loss=1.3950 val_f1_macro=0.3907 val_f1_weighted=0.4650 val_prec_macro=0.4191 val_rec_macro=0.3855 val_metric_name=acc val_metric=0.4777
Step 1150 | loss 1.0336 | val_acc=0.4785 val_loss=1.4011 val_f1_macro=0.3938 val_f1_weighted=0.4669 val_prec_macro=0.4198 val_rec_macro=0.3876 val_metric_name=acc val_metric=0.4785
Step 1200 | loss 1.0185 | val_acc=0.4790 val_loss=1.4167 val_f1_macro=0.3978 val_f1_weighted=0.4680 val_prec_macro=0.4197 val_rec_macro=0.3933 val_metric_name=acc val_metric=0.4790
Step 1250 | loss 1.0060 | val_acc=0.4802 val_loss=1.4102 val_f1_macro=0.4047 val_f1_weighted=0.4709 val_prec_macro=0.4249 val_rec_macro=0.4000 val_metric_name=acc val_metric=0.4802
Step 1300 | loss 0.9956 | val_acc=0.4831 val_loss=1.4180 val_f1_macro=0.4006 val_f1_weighted=0.4719 val_prec_macro=0.4254 val_rec_macro=0.3943 val_metric_name=acc val_metric=0.4831
Step 1350 | loss 0.9802 | val_acc=0.4844 val_loss=1.4268 val_f1_macro=0.4099 val_f1_weighted=0.4754 val_prec_macro=0.4285 val_rec_macro=0.4052 val_metric_name=acc val_metric=0.4844
Step 1400 | loss 0.9668 | val_acc=0.4864 val_loss=1.4414 val_f1_macro=0.4115 val_f1_weighted=0.4786 val_prec_macro=0.4267 val_rec_macro=0.4067 val_metric_name=acc val_metric=0.4864
Step 1450 | loss 0.9571 | val_acc=0.4890 val_loss=1.4569 val_f1_macro=0.4154 val_f1_weighted=0.4809 val_prec_macro=0.4345 val_rec_macro=0.4096 val_metric_name=acc val_metric=0.4890
Step 1500 | loss 0.9422 | val_acc=0.4895 val_loss=1.4675 val_f1_macro=0.4164 val_f1_weighted=0.4811 val_prec_macro=0.4351 val_rec_macro=0.4101 val_metric_name=acc val_metric=0.4895
Step 1550 | loss 0.9344 | val_acc=0.4911 val_loss=1.4741 val_f1_macro=0.4206 val_f1_weighted=0.4839 val_prec_macro=0.4345 val_rec_macro=0.4163 val_metric_name=acc val_metric=0.4911
Step 1600 | loss 0.9220 | val_acc=0.4914 val_loss=1.4954 val_f1_macro=0.4191 val_f1_weighted=0.4840 val_prec_macro=0.4334 val_rec_macro=0.4147 val_metric_name=acc val_metric=0.4914
Step 1650 | loss 0.9066 | val_acc=0.4906 val_loss=1.5086 val_f1_macro=0.4196 val_f1_weighted=0.4842 val_prec_macro=0.4308 val_rec_macro=0.4174 val_metric_name=acc val_metric=0.4906
Step 1700 | loss 0.9020 | val_acc=0.4939 val_loss=1.5216 val_f1_macro=0.4198 val_f1_weighted=0.4877 val_prec_macro=0.4302 val_rec_macro=0.4174 val_metric_name=acc val_metric=0.4939
Step 1750 | loss 0.8913 | val_acc=0.4949 val_loss=1.5495 val_f1_macro=0.4222 val_f1_weighted=0.4884 val_prec_macro=0.4343 val_rec_macro=0.4193 val_metric_name=acc val_metric=0.4949
Step 1800 | loss 0.8789 | val_acc=0.4983 val_loss=1.5612 val_f1_macro=0.4220 val_f1_weighted=0.4914 val_prec_macro=0.4339 val_rec_macro=0.4189 val_metric_name=acc val_metric=0.4983
Step 1850 | loss 0.8714 | val_acc=0.4976 val_loss=1.5899 val_f1_macro=0.4281 val_f1_weighted=0.4919 val_prec_macro=0.4383 val_rec_macro=0.4255 val_metric_name=acc val_metric=0.4976
Step 1900 | loss 0.8604 | val_acc=0.4988 val_loss=1.6195 val_f1_macro=0.4285 val_f1_weighted=0.4927 val_prec_macro=0.4388 val_rec_macro=0.4266 val_metric_name=acc val_metric=0.4988
Step 1950 | loss 0.8525 | val_acc=0.4991 val_loss=1.6339 val_f1_macro=0.4316 val_f1_weighted=0.4940 val_prec_macro=0.4416 val_rec_macro=0.4297 val_metric_name=acc val_metric=0.4991
Step 2000 | loss 0.8464 | val_acc=0.5016 val_loss=1.6473 val_f1_macro=0.4335 val_f1_weighted=0.4962 val_prec_macro=0.4440 val_rec_macro=0.4309 val_metric_name=acc val_metric=0.5016
Step 2050 | loss 0.8354 | val_acc=0.5016 val_loss=1.6796 val_f1_macro=0.4322 val_f1_weighted=0.4963 val_prec_macro=0.4415 val_rec_macro=0.4302 val_metric_name=acc val_metric=0.5016
Step 2100 | loss 0.8245 | val_acc=0.5033 val_loss=1.7145 val_f1_macro=0.4355 val_f1_weighted=0.4985 val_prec_macro=0.4446 val_rec_macro=0.4343 val_metric_name=acc val_metric=0.5033
Step 2150 | loss 0.8158 | val_acc=0.5032 val_loss=1.7256 val_f1_macro=0.4336 val_f1_weighted=0.4984 val_prec_macro=0.4412 val_rec_macro=0.4325 val_metric_name=acc val_metric=0.5032
Step 2200 | loss 0.8110 | val_acc=0.5055 val_loss=1.7368 val_f1_macro=0.4381 val_f1_weighted=0.5004 val_prec_macro=0.4492 val_rec_macro=0.4352 val_metric_name=acc val_metric=0.5055
Step 2250 | loss 0.8011 | val_acc=0.5043 val_loss=1.7579 val_f1_macro=0.4375 val_f1_weighted=0.4995 val_prec_macro=0.4472 val_rec_macro=0.4352 val_metric_name=acc val_metric=0.5043
Step 2300 | loss 0.7969 | val_acc=0.5065 val_loss=1.7757 val_f1_macro=0.4389 val_f1_weighted=0.5015 val_prec_macro=0.4498 val_rec_macro=0.4356 val_metric_name=acc val_metric=0.5065
Step 2350 | loss 0.7875 | val_acc=0.5081 val_loss=1.8215 val_f1_macro=0.4398 val_f1_weighted=0.5032 val_prec_macro=0.4497 val_rec_macro=0.4375 val_metric_name=acc val_metric=0.5081
Step 2400 | loss 0.7833 | val_acc=0.5066 val_loss=1.8472 val_f1_macro=0.4389 val_f1_weighted=0.5021 val_prec_macro=0.4473 val_rec_macro=0.4374 val_metric_name=acc val_metric=0.5066
Step 2450 | loss 0.7697 | val_acc=0.5084 val_loss=1.8559 val_f1_macro=0.4413 val_f1_weighted=0.5045 val_prec_macro=0.4487 val_rec_macro=0.4404 val_metric_name=acc val_metric=0.5084
Step 2500 | loss 0.7664 | val_acc=0.5104 val_loss=1.8857 val_f1_macro=0.4433 val_f1_weighted=0.5059 val_prec_macro=0.4532 val_rec_macro=0.4407 val_metric_name=acc val_metric=0.5104
Step 2550 | loss 0.7592 | val_acc=0.5112 val_loss=1.9071 val_f1_macro=0.4445 val_f1_weighted=0.5071 val_prec_macro=0.4527 val_rec_macro=0.4430 val_metric_name=acc val_metric=0.5112
Step 2600 | loss 0.7501 | val_acc=0.5123 val_loss=1.9229 val_f1_macro=0.4453 val_f1_weighted=0.5081 val_prec_macro=0.4543 val_rec_macro=0.4435 val_metric_name=acc val_metric=0.5123
Step 2650 | loss 0.7441 | val_acc=0.5102 val_loss=1.9399 val_f1_macro=0.4445 val_f1_weighted=0.5061 val_prec_macro=0.4532 val_rec_macro=0.4434 val_metric_name=acc val_metric=0.5102
Step 2700 | loss 0.7371 | val_acc=0.5159 val_loss=1.9582 val_f1_macro=0.4486 val_f1_weighted=0.5114 val_prec_macro=0.4579 val_rec_macro=0.4465 val_metric_name=acc val_metric=0.5159
Step 2750 | loss 0.7307 | val_acc=0.5127 val_loss=1.9818 val_f1_macro=0.4461 val_f1_weighted=0.5083 val_prec_macro=0.4554 val_rec_macro=0.4448 val_metric_name=acc val_metric=0.5127
Step 2800 | loss 0.7251 | val_acc=0.5145 val_loss=1.9999 val_f1_macro=0.4466 val_f1_weighted=0.5103 val_prec_macro=0.4548 val_rec_macro=0.4447 val_metric_name=acc val_metric=0.5145
Step 2850 | loss 0.7205 | val_acc=0.5140 val_loss=2.0042 val_f1_macro=0.4487 val_f1_weighted=0.5099 val_prec_macro=0.4572 val_rec_macro=0.4468 val_metric_name=acc val_metric=0.5140
Step 2900 | loss 0.7153 | val_acc=0.5145 val_loss=2.0291 val_f1_macro=0.4492 val_f1_weighted=0.5101 val_prec_macro=0.4597 val_rec_macro=0.4462 val_metric_name=acc val_metric=0.5145
Step 2950 | loss 0.7080 | val_acc=0.5131 val_loss=2.0533 val_f1_macro=0.4489 val_f1_weighted=0.5091 val_prec_macro=0.4572 val_rec_macro=0.4476 val_metric_name=acc val_metric=0.5131
Step 3000 | loss 0.7019 | val_acc=0.5151 val_loss=2.0769 val_f1_macro=0.4520 val_f1_weighted=0.5116 val_prec_macro=0.4582 val_rec_macro=0.4514 val_metric_name=acc val_metric=0.5151
Step 3050 | loss 0.6933 | val_acc=0.5141 val_loss=2.0888 val_f1_macro=0.4491 val_f1_weighted=0.5101 val_prec_macro=0.4582 val_rec_macro=0.4470 val_metric_name=acc val_metric=0.5141
Step 3100 | loss 0.6901 | val_acc=0.5146 val_loss=2.1047 val_f1_macro=0.4501 val_f1_weighted=0.5104 val_prec_macro=0.4595 val_rec_macro=0.4481 val_metric_name=acc val_metric=0.5146
Step 3150 | loss 0.6813 | val_acc=0.5135 val_loss=2.1495 val_f1_macro=0.4505 val_f1_weighted=0.5096 val_prec_macro=0.4583 val_rec_macro=0.4498 val_metric_name=acc val_metric=0.5135
Step 3200 | loss 0.6731 | val_acc=0.5159 val_loss=2.1350 val_f1_macro=0.4527 val_f1_weighted=0.5118 val_prec_macro=0.4619 val_rec_macro=0.4508 val_metric_name=acc val_metric=0.5159
Step 3250 | loss 0.6717 | val_acc=0.5138 val_loss=2.1411 val_f1_macro=0.4501 val_f1_weighted=0.5103 val_prec_macro=0.4565 val_rec_macro=0.4494 val_metric_name=acc val_metric=0.5138
Step 3300 | loss 0.6630 | val_acc=0.5148 val_loss=2.1643 val_f1_macro=0.4525 val_f1_weighted=0.5112 val_prec_macro=0.4598 val_rec_macro=0.4517 val_metric_name=acc val_metric=0.5148
Step 3350 | loss 0.6583 | val_acc=0.5154 val_loss=2.1818 val_f1_macro=0.4512 val_f1_weighted=0.5114 val_prec_macro=0.4601 val_rec_macro=0.4491 val_metric_name=acc val_metric=0.5154
Step 3400 | loss 0.6581 | val_acc=0.5140 val_loss=2.1907 val_f1_macro=0.4508 val_f1_weighted=0.5102 val_prec_macro=0.4590 val_rec_macro=0.4493 val_metric_name=acc val_metric=0.5140
Step 3450 | loss 0.6469 | val_acc=0.5169 val_loss=2.1877 val_f1_macro=0.4535 val_f1_weighted=0.5128 val_prec_macro=0.4618 val_rec_macro=0.4519 val_metric_name=acc val_metric=0.5169
Step 3500 | loss 0.6430 | val_acc=0.5172 val_loss=2.2282 val_f1_macro=0.4532 val_f1_weighted=0.5137 val_prec_macro=0.4596 val_rec_macro=0.4528 val_metric_name=acc val_metric=0.5172
Step 3550 | loss 0.6378 | val_acc=0.5158 val_loss=2.2423 val_f1_macro=0.4537 val_f1_weighted=0.5121 val_prec_macro=0.4611 val_rec_macro=0.4526 val_metric_name=acc val_metric=0.5158
Step 3600 | loss 0.6310 | val_acc=0.5166 val_loss=2.2377 val_f1_macro=0.4523 val_f1_weighted=0.5130 val_prec_macro=0.4597 val_rec_macro=0.4512 val_metric_name=acc val_metric=0.5166
Step 3650 | loss 0.6297 | val_acc=0.5189 val_loss=2.2861 val_f1_macro=0.4528 val_f1_weighted=0.5154 val_prec_macro=0.4590 val_rec_macro=0.4519 val_metric_name=acc val_metric=0.5189
Step 3700 | loss 0.6259 | val_acc=0.5195 val_loss=2.2615 val_f1_macro=0.4563 val_f1_weighted=0.5160 val_prec_macro=0.4640 val_rec_macro=0.4551 val_metric_name=acc val_metric=0.5195
Step 3750 | loss 0.6152 | val_acc=0.5174 val_loss=2.2830 val_f1_macro=0.4528 val_f1_weighted=0.5134 val_prec_macro=0.4618 val_rec_macro=0.4506 val_metric_name=acc val_metric=0.5174
Step 3800 | loss 0.6134 | val_acc=0.5187 val_loss=2.2960 val_f1_macro=0.4553 val_f1_weighted=0.5153 val_prec_macro=0.4622 val_rec_macro=0.4540 val_metric_name=acc val_metric=0.5187
Step 3850 | loss 0.6070 | val_acc=0.5182 val_loss=2.3196 val_f1_macro=0.4552 val_f1_weighted=0.5145 val_prec_macro=0.4630 val_rec_macro=0.4535 val_metric_name=acc val_metric=0.5182
Step 3900 | loss 0.6047 | val_acc=0.5190 val_loss=2.3126 val_f1_macro=0.4554 val_f1_weighted=0.5155 val_prec_macro=0.4627 val_rec_macro=0.4539 val_metric_name=acc val_metric=0.5190
Step 3950 | loss 0.5947 | val_acc=0.5187 val_loss=2.3153 val_f1_macro=0.4560 val_f1_weighted=0.5154 val_prec_macro=0.4632 val_rec_macro=0.4542 val_metric_name=acc val_metric=0.5187
Step 4000 | loss 0.5959 | val_acc=0.5169 val_loss=2.3634 val_f1_macro=0.4566 val_f1_weighted=0.5136 val_prec_macro=0.4632 val_rec_macro=0.4560 val_metric_name=acc val_metric=0.5169
Step 4050 | loss 0.5863 | val_acc=0.5167 val_loss=2.3612 val_f1_macro=0.4556 val_f1_weighted=0.5133 val_prec_macro=0.4631 val_rec_macro=0.4541 val_metric_name=acc val_metric=0.5167
Step 4100 | loss 0.5866 | val_acc=0.5176 val_loss=2.3910 val_f1_macro=0.4558 val_f1_weighted=0.5145 val_prec_macro=0.4633 val_rec_macro=0.4540 val_metric_name=acc val_metric=0.5176
Step 4150 | loss 0.5787 | val_acc=0.5192 val_loss=2.3687 val_f1_macro=0.4568 val_f1_weighted=0.5158 val_prec_macro=0.4649 val_rec_macro=0.4543 val_metric_name=acc val_metric=0.5192
Step 4200 | loss 0.5765 | val_acc=0.5184 val_loss=2.4102 val_f1_macro=0.4567 val_f1_weighted=0.5149 val_prec_macro=0.4642 val_rec_macro=0.4550 val_metric_name=acc val_metric=0.5184
Step 4250 | loss 0.5764 | val_acc=0.5180 val_loss=2.3999 val_f1_macro=0.4565 val_f1_weighted=0.5147 val_prec_macro=0.4649 val_rec_macro=0.4542 val_metric_name=acc val_metric=0.5180
Early stopping at step 4265

--- Final (best ckpt @ step 3930) ---
  train_acc=0.8220 train_loss=0.4345 train_f1_macro=0.8134 train_f1_weighted=0.8221 train_prec_macro=0.8291 train_rec_macro=0.8032 train_metric_name=acc train_metric=0.8220
  val_acc=0.5208 val_loss=2.3222 val_f1_macro=0.4579 val_f1_weighted=0.5171 val_prec_macro=0.4676 val_rec_macro=0.4545 val_metric_name=acc val_metric=0.5208
  test_acc=0.5187 test_loss=2.2899 test_f1_macro=0.4637 test_f1_weighted=0.5154 test_prec_macro=0.4721 test_rec_macro=0.4594 test_metric_name=acc test_metric=0.5187
  test_acc=0.5187

============================================================
Training TABM-amazon-ratings GAT 4L h=512 lr=3e-05 split=5
============================================================
Step    1 | loss 2.2809 | val_acc=0.3363 val_loss=1.4779 val_f1_macro=0.1631 val_f1_weighted=0.2625 val_prec_macro=0.1936 val_rec_macro=0.2017 val_metric_name=acc val_metric=0.3363
Step   50 | loss 1.5476 | val_acc=0.3784 val_loss=1.3816 val_f1_macro=0.1426 val_f1_weighted=0.2446 val_prec_macro=0.1621 val_rec_macro=0.2117 val_metric_name=acc val_metric=0.3784
Step  100 | loss 1.4779 | val_acc=0.3964 val_loss=1.3608 val_f1_macro=0.1729 val_f1_weighted=0.2852 val_prec_macro=0.3731 val_rec_macro=0.2289 val_metric_name=acc val_metric=0.3964
Step  150 | loss 1.4304 | val_acc=0.4050 val_loss=1.3453 val_f1_macro=0.1883 val_f1_weighted=0.3050 val_prec_macro=0.2629 val_rec_macro=0.2390 val_metric_name=acc val_metric=0.4050
Step  200 | loss 1.4018 | val_acc=0.4117 val_loss=1.3336 val_f1_macro=0.2023 val_f1_weighted=0.3222 val_prec_macro=0.2558 val_rec_macro=0.2478 val_metric_name=acc val_metric=0.4117
Step  250 | loss 1.3771 | val_acc=0.4202 val_loss=1.3254 val_f1_macro=0.2205 val_f1_weighted=0.3417 val_prec_macro=0.3109 val_rec_macro=0.2596 val_metric_name=acc val_metric=0.4202
Step  300 | loss 1.3520 | val_acc=0.4307 val_loss=1.3198 val_f1_macro=0.2450 val_f1_weighted=0.3619 val_prec_macro=0.4241 val_rec_macro=0.2759 val_metric_name=acc val_metric=0.4307
Step  350 | loss 1.3308 | val_acc=0.4343 val_loss=1.3147 val_f1_macro=0.2633 val_f1_weighted=0.3769 val_prec_macro=0.3899 val_rec_macro=0.2856 val_metric_name=acc val_metric=0.4343
Step  400 | loss 1.3089 | val_acc=0.4379 val_loss=1.3103 val_f1_macro=0.2773 val_f1_weighted=0.3903 val_prec_macro=0.3854 val_rec_macro=0.2941 val_metric_name=acc val_metric=0.4379
Step  450 | loss 1.2920 | val_acc=0.4434 val_loss=1.3064 val_f1_macro=0.2939 val_f1_weighted=0.4035 val_prec_macro=0.3950 val_rec_macro=0.3049 val_metric_name=acc val_metric=0.4434
Step  500 | loss 1.2737 | val_acc=0.4490 val_loss=1.3059 val_f1_macro=0.3073 val_f1_weighted=0.4138 val_prec_macro=0.4032 val_rec_macro=0.3148 val_metric_name=acc val_metric=0.4490
Step  550 | loss 1.2530 | val_acc=0.4558 val_loss=1.3056 val_f1_macro=0.3312 val_f1_weighted=0.4289 val_prec_macro=0.4217 val_rec_macro=0.3303 val_metric_name=acc val_metric=0.4558
Step  600 | loss 1.2330 | val_acc=0.4619 val_loss=1.3090 val_f1_macro=0.3406 val_f1_weighted=0.4359 val_prec_macro=0.4166 val_rec_macro=0.3387 val_metric_name=acc val_metric=0.4619
Step  650 | loss 1.2118 | val_acc=0.4635 val_loss=1.3231 val_f1_macro=0.3492 val_f1_weighted=0.4397 val_prec_macro=0.4047 val_rec_macro=0.3487 val_metric_name=acc val_metric=0.4635
Step  700 | loss 1.1965 | val_acc=0.4676 val_loss=1.3308 val_f1_macro=0.3547 val_f1_weighted=0.4456 val_prec_macro=0.4085 val_rec_macro=0.3508 val_metric_name=acc val_metric=0.4676
Step  750 | loss 1.1775 | val_acc=0.4653 val_loss=1.3491 val_f1_macro=0.3631 val_f1_weighted=0.4458 val_prec_macro=0.4040 val_rec_macro=0.3600 val_metric_name=acc val_metric=0.4653
Step  800 | loss 1.1600 | val_acc=0.4679 val_loss=1.3549 val_f1_macro=0.3698 val_f1_weighted=0.4514 val_prec_macro=0.4069 val_rec_macro=0.3645 val_metric_name=acc val_metric=0.4679
Step  850 | loss 1.1424 | val_acc=0.4702 val_loss=1.3672 val_f1_macro=0.3788 val_f1_weighted=0.4541 val_prec_macro=0.4137 val_rec_macro=0.3742 val_metric_name=acc val_metric=0.4702
Step  900 | loss 1.1251 | val_acc=0.4684 val_loss=1.3742 val_f1_macro=0.3801 val_f1_weighted=0.4534 val_prec_macro=0.4094 val_rec_macro=0.3753 val_metric_name=acc val_metric=0.4684
Step  950 | loss 1.1114 | val_acc=0.4694 val_loss=1.3864 val_f1_macro=0.3824 val_f1_weighted=0.4554 val_prec_macro=0.4067 val_rec_macro=0.3788 val_metric_name=acc val_metric=0.4694
Step 1000 | loss 1.0940 | val_acc=0.4697 val_loss=1.4039 val_f1_macro=0.3816 val_f1_weighted=0.4569 val_prec_macro=0.4018 val_rec_macro=0.3790 val_metric_name=acc val_metric=0.4697
Step 1050 | loss 1.0811 | val_acc=0.4731 val_loss=1.4090 val_f1_macro=0.3830 val_f1_weighted=0.4584 val_prec_macro=0.4084 val_rec_macro=0.3801 val_metric_name=acc val_metric=0.4731
Step 1100 | loss 1.0668 | val_acc=0.4713 val_loss=1.4215 val_f1_macro=0.3851 val_f1_weighted=0.4582 val_prec_macro=0.4038 val_rec_macro=0.3841 val_metric_name=acc val_metric=0.4713
Step 1150 | loss 1.0512 | val_acc=0.4707 val_loss=1.4273 val_f1_macro=0.3852 val_f1_weighted=0.4586 val_prec_macro=0.4034 val_rec_macro=0.3833 val_metric_name=acc val_metric=0.4707
Step 1200 | loss 1.0357 | val_acc=0.4754 val_loss=1.4500 val_f1_macro=0.3921 val_f1_weighted=0.4637 val_prec_macro=0.4093 val_rec_macro=0.3900 val_metric_name=acc val_metric=0.4754
Step 1250 | loss 1.0235 | val_acc=0.4775 val_loss=1.4605 val_f1_macro=0.3959 val_f1_weighted=0.4655 val_prec_macro=0.4155 val_rec_macro=0.3933 val_metric_name=acc val_metric=0.4775
Step 1300 | loss 1.0111 | val_acc=0.4756 val_loss=1.4701 val_f1_macro=0.3991 val_f1_weighted=0.4661 val_prec_macro=0.4135 val_rec_macro=0.3976 val_metric_name=acc val_metric=0.4756
Step 1350 | loss 1.0002 | val_acc=0.4792 val_loss=1.4736 val_f1_macro=0.4006 val_f1_weighted=0.4698 val_prec_macro=0.4156 val_rec_macro=0.3973 val_metric_name=acc val_metric=0.4792
Step 1400 | loss 0.9889 | val_acc=0.4789 val_loss=1.4817 val_f1_macro=0.3996 val_f1_weighted=0.4696 val_prec_macro=0.4149 val_rec_macro=0.3956 val_metric_name=acc val_metric=0.4789
Step 1450 | loss 0.9743 | val_acc=0.4816 val_loss=1.5032 val_f1_macro=0.4043 val_f1_weighted=0.4722 val_prec_macro=0.4194 val_rec_macro=0.4015 val_metric_name=acc val_metric=0.4816
Step 1500 | loss 0.9651 | val_acc=0.4818 val_loss=1.5016 val_f1_macro=0.4033 val_f1_weighted=0.4720 val_prec_macro=0.4207 val_rec_macro=0.3995 val_metric_name=acc val_metric=0.4818
Step 1550 | loss 0.9520 | val_acc=0.4821 val_loss=1.5315 val_f1_macro=0.4079 val_f1_weighted=0.4742 val_prec_macro=0.4201 val_rec_macro=0.4053 val_metric_name=acc val_metric=0.4821
Step 1600 | loss 0.9410 | val_acc=0.4842 val_loss=1.5497 val_f1_macro=0.4071 val_f1_weighted=0.4750 val_prec_macro=0.4230 val_rec_macro=0.4029 val_metric_name=acc val_metric=0.4842
Step 1650 | loss 0.9320 | val_acc=0.4842 val_loss=1.5730 val_f1_macro=0.4091 val_f1_weighted=0.4755 val_prec_macro=0.4231 val_rec_macro=0.4064 val_metric_name=acc val_metric=0.4842
Step 1700 | loss 0.9233 | val_acc=0.4841 val_loss=1.5766 val_f1_macro=0.4114 val_f1_weighted=0.4768 val_prec_macro=0.4238 val_rec_macro=0.4088 val_metric_name=acc val_metric=0.4841
Step 1750 | loss 0.9106 | val_acc=0.4877 val_loss=1.6021 val_f1_macro=0.4138 val_f1_weighted=0.4803 val_prec_macro=0.4258 val_rec_macro=0.4106 val_metric_name=acc val_metric=0.4877
Step 1800 | loss 0.9040 | val_acc=0.4891 val_loss=1.6117 val_f1_macro=0.4182 val_f1_weighted=0.4832 val_prec_macro=0.4290 val_rec_macro=0.4143 val_metric_name=acc val_metric=0.4891
Step 1850 | loss 0.8969 | val_acc=0.4895 val_loss=1.6444 val_f1_macro=0.4162 val_f1_weighted=0.4824 val_prec_macro=0.4285 val_rec_macro=0.4132 val_metric_name=acc val_metric=0.4895
Step 1900 | loss 0.8879 | val_acc=0.4916 val_loss=1.6628 val_f1_macro=0.4166 val_f1_weighted=0.4843 val_prec_macro=0.4299 val_rec_macro=0.4124 val_metric_name=acc val_metric=0.4916
Step 1950 | loss 0.8801 | val_acc=0.4886 val_loss=1.6760 val_f1_macro=0.4181 val_f1_weighted=0.4818 val_prec_macro=0.4310 val_rec_macro=0.4143 val_metric_name=acc val_metric=0.4886
Step 2000 | loss 0.8735 | val_acc=0.4929 val_loss=1.6854 val_f1_macro=0.4204 val_f1_weighted=0.4860 val_prec_macro=0.4345 val_rec_macro=0.4162 val_metric_name=acc val_metric=0.4929
Step 2050 | loss 0.8570 | val_acc=0.4937 val_loss=1.7139 val_f1_macro=0.4235 val_f1_weighted=0.4872 val_prec_macro=0.4355 val_rec_macro=0.4202 val_metric_name=acc val_metric=0.4937
Step 2100 | loss 0.8510 | val_acc=0.4949 val_loss=1.7538 val_f1_macro=0.4224 val_f1_weighted=0.4888 val_prec_macro=0.4352 val_rec_macro=0.4178 val_metric_name=acc val_metric=0.4949
Step 2150 | loss 0.8455 | val_acc=0.4968 val_loss=1.7678 val_f1_macro=0.4280 val_f1_weighted=0.4906 val_prec_macro=0.4404 val_rec_macro=0.4244 val_metric_name=acc val_metric=0.4968
Step 2200 | loss 0.8375 | val_acc=0.4942 val_loss=1.7754 val_f1_macro=0.4240 val_f1_weighted=0.4874 val_prec_macro=0.4391 val_rec_macro=0.4185 val_metric_name=acc val_metric=0.4942
Step 2250 | loss 0.8283 | val_acc=0.5006 val_loss=1.7873 val_f1_macro=0.4314 val_f1_weighted=0.4942 val_prec_macro=0.4477 val_rec_macro=0.4252 val_metric_name=acc val_metric=0.5006
Step 2300 | loss 0.8227 | val_acc=0.4970 val_loss=1.8028 val_f1_macro=0.4269 val_f1_weighted=0.4896 val_prec_macro=0.4448 val_rec_macro=0.4201 val_metric_name=acc val_metric=0.4970
Step 2350 | loss 0.8171 | val_acc=0.4999 val_loss=1.8449 val_f1_macro=0.4270 val_f1_weighted=0.4930 val_prec_macro=0.4445 val_rec_macro=0.4197 val_metric_name=acc val_metric=0.4999
Step 2400 | loss 0.8071 | val_acc=0.5020 val_loss=1.8640 val_f1_macro=0.4314 val_f1_weighted=0.4956 val_prec_macro=0.4475 val_rec_macro=0.4252 val_metric_name=acc val_metric=0.5020
Step 2450 | loss 0.8001 | val_acc=0.5040 val_loss=1.8615 val_f1_macro=0.4367 val_f1_weighted=0.4979 val_prec_macro=0.4529 val_rec_macro=0.4300 val_metric_name=acc val_metric=0.5040
Step 2500 | loss 0.7938 | val_acc=0.5060 val_loss=1.8752 val_f1_macro=0.4370 val_f1_weighted=0.4995 val_prec_macro=0.4535 val_rec_macro=0.4303 val_metric_name=acc val_metric=0.5060
Step 2550 | loss 0.7849 | val_acc=0.5073 val_loss=1.9214 val_f1_macro=0.4384 val_f1_weighted=0.5012 val_prec_macro=0.4525 val_rec_macro=0.4328 val_metric_name=acc val_metric=0.5073
Step 2600 | loss 0.7809 | val_acc=0.5074 val_loss=1.9268 val_f1_macro=0.4415 val_f1_weighted=0.5010 val_prec_macro=0.4582 val_rec_macro=0.4350 val_metric_name=acc val_metric=0.5074
Step 2650 | loss 0.7720 | val_acc=0.5094 val_loss=1.9370 val_f1_macro=0.4430 val_f1_weighted=0.5028 val_prec_macro=0.4608 val_rec_macro=0.4359 val_metric_name=acc val_metric=0.5094
Step 2700 | loss 0.7646 | val_acc=0.5110 val_loss=1.9576 val_f1_macro=0.4441 val_f1_weighted=0.5054 val_prec_macro=0.4615 val_rec_macro=0.4362 val_metric_name=acc val_metric=0.5110
Step 2750 | loss 0.7574 | val_acc=0.5125 val_loss=1.9711 val_f1_macro=0.4449 val_f1_weighted=0.5068 val_prec_macro=0.4604 val_rec_macro=0.4381 val_metric_name=acc val_metric=0.5125
Step 2800 | loss 0.7544 | val_acc=0.5128 val_loss=2.0025 val_f1_macro=0.4469 val_f1_weighted=0.5070 val_prec_macro=0.4642 val_rec_macro=0.4392 val_metric_name=acc val_metric=0.5128
Step 2850 | loss 0.7439 | val_acc=0.5118 val_loss=2.0210 val_f1_macro=0.4430 val_f1_weighted=0.5060 val_prec_macro=0.4597 val_rec_macro=0.4353 val_metric_name=acc val_metric=0.5118
Step 2900 | loss 0.7334 | val_acc=0.5125 val_loss=2.0411 val_f1_macro=0.4452 val_f1_weighted=0.5065 val_prec_macro=0.4623 val_rec_macro=0.4379 val_metric_name=acc val_metric=0.5125
Step 2950 | loss 0.7347 | val_acc=0.5153 val_loss=2.0526 val_f1_macro=0.4467 val_f1_weighted=0.5096 val_prec_macro=0.4623 val_rec_macro=0.4400 val_metric_name=acc val_metric=0.5153
Step 3000 | loss 0.7236 | val_acc=0.5148 val_loss=2.0746 val_f1_macro=0.4462 val_f1_weighted=0.5090 val_prec_macro=0.4623 val_rec_macro=0.4387 val_metric_name=acc val_metric=0.5148
Step 3050 | loss 0.7157 | val_acc=0.5140 val_loss=2.0806 val_f1_macro=0.4486 val_f1_weighted=0.5087 val_prec_macro=0.4634 val_rec_macro=0.4421 val_metric_name=acc val_metric=0.5140
Step 3100 | loss 0.7107 | val_acc=0.5140 val_loss=2.1156 val_f1_macro=0.4478 val_f1_weighted=0.5086 val_prec_macro=0.4625 val_rec_macro=0.4418 val_metric_name=acc val_metric=0.5140
Step 3150 | loss 0.7090 | val_acc=0.5123 val_loss=2.1391 val_f1_macro=0.4458 val_f1_weighted=0.5070 val_prec_macro=0.4618 val_rec_macro=0.4387 val_metric_name=acc val_metric=0.5123
Step 3200 | loss 0.7022 | val_acc=0.5128 val_loss=2.1421 val_f1_macro=0.4491 val_f1_weighted=0.5076 val_prec_macro=0.4646 val_rec_macro=0.4424 val_metric_name=acc val_metric=0.5128
Step 3250 | loss 0.6924 | val_acc=0.5122 val_loss=2.1639 val_f1_macro=0.4483 val_f1_weighted=0.5075 val_prec_macro=0.4622 val_rec_macro=0.4419 val_metric_name=acc val_metric=0.5122
Step 3300 | loss 0.6883 | val_acc=0.5158 val_loss=2.1724 val_f1_macro=0.4501 val_f1_weighted=0.5107 val_prec_macro=0.4646 val_rec_macro=0.4434 val_metric_name=acc val_metric=0.5158
Step 3350 | loss 0.6805 | val_acc=0.5156 val_loss=2.1900 val_f1_macro=0.4518 val_f1_weighted=0.5110 val_prec_macro=0.4659 val_rec_macro=0.4447 val_metric_name=acc val_metric=0.5156
Step 3400 | loss 0.6724 | val_acc=0.5163 val_loss=2.2077 val_f1_macro=0.4527 val_f1_weighted=0.5112 val_prec_macro=0.4684 val_rec_macro=0.4450 val_metric_name=acc val_metric=0.5163
Step 3450 | loss 0.6658 | val_acc=0.5156 val_loss=2.2219 val_f1_macro=0.4514 val_f1_weighted=0.5108 val_prec_macro=0.4654 val_rec_macro=0.4444 val_metric_name=acc val_metric=0.5156
Step 3500 | loss 0.6612 | val_acc=0.5179 val_loss=2.2113 val_f1_macro=0.4517 val_f1_weighted=0.5124 val_prec_macro=0.4690 val_rec_macro=0.4429 val_metric_name=acc val_metric=0.5179
Step 3550 | loss 0.6534 | val_acc=0.5166 val_loss=2.2581 val_f1_macro=0.4510 val_f1_weighted=0.5114 val_prec_macro=0.4660 val_rec_macro=0.4442 val_metric_name=acc val_metric=0.5166
Step 3600 | loss 0.6488 | val_acc=0.5159 val_loss=2.2738 val_f1_macro=0.4513 val_f1_weighted=0.5114 val_prec_macro=0.4646 val_rec_macro=0.4445 val_metric_name=acc val_metric=0.5159
Step 3650 | loss 0.6446 | val_acc=0.5169 val_loss=2.2813 val_f1_macro=0.4528 val_f1_weighted=0.5118 val_prec_macro=0.4675 val_rec_macro=0.4456 val_metric_name=acc val_metric=0.5169
Step 3700 | loss 0.6358 | val_acc=0.5176 val_loss=2.2972 val_f1_macro=0.4527 val_f1_weighted=0.5127 val_prec_macro=0.4674 val_rec_macro=0.4450 val_metric_name=acc val_metric=0.5176
Step 3750 | loss 0.6277 | val_acc=0.5131 val_loss=2.2870 val_f1_macro=0.4498 val_f1_weighted=0.5083 val_prec_macro=0.4637 val_rec_macro=0.4428 val_metric_name=acc val_metric=0.5131
Step 3800 | loss 0.6241 | val_acc=0.5156 val_loss=2.3155 val_f1_macro=0.4515 val_f1_weighted=0.5113 val_prec_macro=0.4637 val_rec_macro=0.4457 val_metric_name=acc val_metric=0.5156
Step 3850 | loss 0.6165 | val_acc=0.5149 val_loss=2.3426 val_f1_macro=0.4520 val_f1_weighted=0.5104 val_prec_macro=0.4659 val_rec_macro=0.4448 val_metric_name=acc val_metric=0.5149
Step 3900 | loss 0.6119 | val_acc=0.5151 val_loss=2.3528 val_f1_macro=0.4533 val_f1_weighted=0.5111 val_prec_macro=0.4648 val_rec_macro=0.4473 val_metric_name=acc val_metric=0.5151
Step 3950 | loss 0.6058 | val_acc=0.5127 val_loss=2.3522 val_f1_macro=0.4498 val_f1_weighted=0.5083 val_prec_macro=0.4625 val_rec_macro=0.4431 val_metric_name=acc val_metric=0.5127
Step 4000 | loss 0.6007 | val_acc=0.5127 val_loss=2.4136 val_f1_macro=0.4496 val_f1_weighted=0.5084 val_prec_macro=0.4616 val_rec_macro=0.4430 val_metric_name=acc val_metric=0.5127
Step 4050 | loss 0.5949 | val_acc=0.5143 val_loss=2.4048 val_f1_macro=0.4510 val_f1_weighted=0.5097 val_prec_macro=0.4652 val_rec_macro=0.4430 val_metric_name=acc val_metric=0.5143
Step 4100 | loss 0.5884 | val_acc=0.5115 val_loss=2.4181 val_f1_macro=0.4491 val_f1_weighted=0.5072 val_prec_macro=0.4612 val_rec_macro=0.4426 val_metric_name=acc val_metric=0.5115
Early stopping at step 4134

--- Final (best ckpt @ step 3630) ---
  train_acc=0.7957 train_loss=0.4889 train_f1_macro=0.7819 train_f1_weighted=0.7953 train_prec_macro=0.8030 train_rec_macro=0.7666 train_metric_name=acc train_metric=0.7957
  val_acc=0.5189 val_loss=2.2714 val_f1_macro=0.4538 val_f1_weighted=0.5143 val_prec_macro=0.4679 val_rec_macro=0.4465 val_metric_name=acc val_metric=0.5189
  test_acc=0.5145 test_loss=2.2179 test_f1_macro=0.4586 test_f1_weighted=0.5104 test_prec_macro=0.4726 test_rec_macro=0.4503 test_metric_name=acc test_metric=0.5145
  test_acc=0.5145

============================================================
Training TABM-amazon-ratings GAT 5L h=512 lr=3e-05 split=5
============================================================
Step    1 | loss 2.5711 | val_acc=0.2923 val_loss=1.5227 val_f1_macro=0.1541 val_f1_weighted=0.2362 val_prec_macro=0.1768 val_rec_macro=0.1977 val_metric_name=acc val_metric=0.2923
Step   50 | loss 1.5411 | val_acc=0.3796 val_loss=1.3801 val_f1_macro=0.1518 val_f1_weighted=0.2566 val_prec_macro=0.1590 val_rec_macro=0.2147 val_metric_name=acc val_metric=0.3796
Step  100 | loss 1.4729 | val_acc=0.3944 val_loss=1.3600 val_f1_macro=0.1736 val_f1_weighted=0.2858 val_prec_macro=0.2368 val_rec_macro=0.2285 val_metric_name=acc val_metric=0.3944
Step  150 | loss 1.4298 | val_acc=0.4073 val_loss=1.3445 val_f1_macro=0.1933 val_f1_weighted=0.3113 val_prec_macro=0.2261 val_rec_macro=0.2423 val_metric_name=acc val_metric=0.4073
Step  200 | loss 1.3957 | val_acc=0.4137 val_loss=1.3336 val_f1_macro=0.2078 val_f1_weighted=0.3273 val_prec_macro=0.3426 val_rec_macro=0.2507 val_metric_name=acc val_metric=0.4137
Step  250 | loss 1.3740 | val_acc=0.4222 val_loss=1.3256 val_f1_macro=0.2276 val_f1_weighted=0.3501 val_prec_macro=0.3034 val_rec_macro=0.2634 val_metric_name=acc val_metric=0.4222
Step  300 | loss 1.3511 | val_acc=0.4289 val_loss=1.3201 val_f1_macro=0.2437 val_f1_weighted=0.3653 val_prec_macro=0.3297 val_rec_macro=0.2737 val_metric_name=acc val_metric=0.4289
Step  350 | loss 1.3294 | val_acc=0.4374 val_loss=1.3163 val_f1_macro=0.2670 val_f1_weighted=0.3833 val_prec_macro=0.4026 val_rec_macro=0.2885 val_metric_name=acc val_metric=0.4374
Step  400 | loss 1.3111 | val_acc=0.4421 val_loss=1.3118 val_f1_macro=0.2805 val_f1_weighted=0.3965 val_prec_macro=0.3952 val_rec_macro=0.2968 val_metric_name=acc val_metric=0.4421
Step  450 | loss 1.2871 | val_acc=0.4457 val_loss=1.3070 val_f1_macro=0.2950 val_f1_weighted=0.4086 val_prec_macro=0.3887 val_rec_macro=0.3062 val_metric_name=acc val_metric=0.4457
Step  500 | loss 1.2674 | val_acc=0.4498 val_loss=1.3072 val_f1_macro=0.3067 val_f1_weighted=0.4174 val_prec_macro=0.3994 val_rec_macro=0.3147 val_metric_name=acc val_metric=0.4498
Step  550 | loss 1.2499 | val_acc=0.4576 val_loss=1.3122 val_f1_macro=0.3218 val_f1_weighted=0.4280 val_prec_macro=0.4238 val_rec_macro=0.3261 val_metric_name=acc val_metric=0.4576
Step  600 | loss 1.2310 | val_acc=0.4650 val_loss=1.3117 val_f1_macro=0.3367 val_f1_weighted=0.4400 val_prec_macro=0.4279 val_rec_macro=0.3371 val_metric_name=acc val_metric=0.4650
Step  650 | loss 1.2135 | val_acc=0.4669 val_loss=1.3186 val_f1_macro=0.3509 val_f1_weighted=0.4448 val_prec_macro=0.4310 val_rec_macro=0.3463 val_metric_name=acc val_metric=0.4669
Step  700 | loss 1.1939 | val_acc=0.4661 val_loss=1.3216 val_f1_macro=0.3560 val_f1_weighted=0.4463 val_prec_macro=0.4164 val_rec_macro=0.3504 val_metric_name=acc val_metric=0.4661
Step  750 | loss 1.1773 | val_acc=0.4691 val_loss=1.3227 val_f1_macro=0.3579 val_f1_weighted=0.4489 val_prec_macro=0.4188 val_rec_macro=0.3528 val_metric_name=acc val_metric=0.4691
Step  800 | loss 1.1612 | val_acc=0.4671 val_loss=1.3313 val_f1_macro=0.3570 val_f1_weighted=0.4480 val_prec_macro=0.4065 val_rec_macro=0.3527 val_metric_name=acc val_metric=0.4671
Step  850 | loss 1.1434 | val_acc=0.4663 val_loss=1.3470 val_f1_macro=0.3660 val_f1_weighted=0.4500 val_prec_macro=0.4127 val_rec_macro=0.3589 val_metric_name=acc val_metric=0.4663
Step  900 | loss 1.1248 | val_acc=0.4686 val_loss=1.3571 val_f1_macro=0.3687 val_f1_weighted=0.4515 val_prec_macro=0.4171 val_rec_macro=0.3617 val_metric_name=acc val_metric=0.4686
Step  950 | loss 1.1114 | val_acc=0.4673 val_loss=1.3720 val_f1_macro=0.3735 val_f1_weighted=0.4519 val_prec_macro=0.4159 val_rec_macro=0.3657 val_metric_name=acc val_metric=0.4673
Step 1000 | loss 1.0936 | val_acc=0.4686 val_loss=1.3789 val_f1_macro=0.3737 val_f1_weighted=0.4541 val_prec_macro=0.4165 val_rec_macro=0.3649 val_metric_name=acc val_metric=0.4686
Step 1050 | loss 1.0837 | val_acc=0.4712 val_loss=1.3914 val_f1_macro=0.3750 val_f1_weighted=0.4563 val_prec_macro=0.4124 val_rec_macro=0.3673 val_metric_name=acc val_metric=0.4712
Step 1100 | loss 1.0654 | val_acc=0.4713 val_loss=1.3988 val_f1_macro=0.3788 val_f1_weighted=0.4588 val_prec_macro=0.4089 val_rec_macro=0.3733 val_metric_name=acc val_metric=0.4713
Step 1150 | loss 1.0555 | val_acc=0.4728 val_loss=1.4162 val_f1_macro=0.3820 val_f1_weighted=0.4598 val_prec_macro=0.4153 val_rec_macro=0.3743 val_metric_name=acc val_metric=0.4728
Step 1200 | loss 1.0386 | val_acc=0.4692 val_loss=1.4293 val_f1_macro=0.3805 val_f1_weighted=0.4569 val_prec_macro=0.4074 val_rec_macro=0.3731 val_metric_name=acc val_metric=0.4692
Step 1250 | loss 1.0295 | val_acc=0.4736 val_loss=1.4243 val_f1_macro=0.3828 val_f1_weighted=0.4610 val_prec_macro=0.4113 val_rec_macro=0.3745 val_metric_name=acc val_metric=0.4736
Step 1300 | loss 1.0172 | val_acc=0.4722 val_loss=1.4375 val_f1_macro=0.3854 val_f1_weighted=0.4625 val_prec_macro=0.4073 val_rec_macro=0.3783 val_metric_name=acc val_metric=0.4722
Step 1350 | loss 1.0055 | val_acc=0.4723 val_loss=1.4579 val_f1_macro=0.3872 val_f1_weighted=0.4619 val_prec_macro=0.4076 val_rec_macro=0.3813 val_metric_name=acc val_metric=0.4723
Step 1400 | loss 0.9930 | val_acc=0.4756 val_loss=1.4645 val_f1_macro=0.3901 val_f1_weighted=0.4652 val_prec_macro=0.4121 val_rec_macro=0.3835 val_metric_name=acc val_metric=0.4756
Step 1450 | loss 0.9798 | val_acc=0.4793 val_loss=1.4805 val_f1_macro=0.3925 val_f1_weighted=0.4702 val_prec_macro=0.4138 val_rec_macro=0.3851 val_metric_name=acc val_metric=0.4793
Step 1500 | loss 0.9715 | val_acc=0.4779 val_loss=1.4955 val_f1_macro=0.3957 val_f1_weighted=0.4693 val_prec_macro=0.4167 val_rec_macro=0.3888 val_metric_name=acc val_metric=0.4779
Step 1550 | loss 0.9609 | val_acc=0.4811 val_loss=1.4976 val_f1_macro=0.3990 val_f1_weighted=0.4732 val_prec_macro=0.4156 val_rec_macro=0.3920 val_metric_name=acc val_metric=0.4811
Step 1600 | loss 0.9482 | val_acc=0.4842 val_loss=1.5203 val_f1_macro=0.4027 val_f1_weighted=0.4763 val_prec_macro=0.4200 val_rec_macro=0.3956 val_metric_name=acc val_metric=0.4842
Step 1650 | loss 0.9407 | val_acc=0.4834 val_loss=1.5368 val_f1_macro=0.4075 val_f1_weighted=0.4763 val_prec_macro=0.4217 val_rec_macro=0.4016 val_metric_name=acc val_metric=0.4834
Step 1700 | loss 0.9299 | val_acc=0.4872 val_loss=1.5485 val_f1_macro=0.4093 val_f1_weighted=0.4799 val_prec_macro=0.4245 val_rec_macro=0.4029 val_metric_name=acc val_metric=0.4872
Step 1750 | loss 0.9197 | val_acc=0.4855 val_loss=1.5644 val_f1_macro=0.4083 val_f1_weighted=0.4778 val_prec_macro=0.4246 val_rec_macro=0.4019 val_metric_name=acc val_metric=0.4855
Step 1800 | loss 0.9108 | val_acc=0.4893 val_loss=1.5761 val_f1_macro=0.4138 val_f1_weighted=0.4825 val_prec_macro=0.4295 val_rec_macro=0.4069 val_metric_name=acc val_metric=0.4893
Step 1850 | loss 0.8980 | val_acc=0.4901 val_loss=1.6107 val_f1_macro=0.4109 val_f1_weighted=0.4826 val_prec_macro=0.4276 val_rec_macro=0.4047 val_metric_name=acc val_metric=0.4901
Step 1900 | loss 0.8941 | val_acc=0.4913 val_loss=1.6287 val_f1_macro=0.4150 val_f1_weighted=0.4836 val_prec_macro=0.4331 val_rec_macro=0.4070 val_metric_name=acc val_metric=0.4913
Step 1950 | loss 0.8835 | val_acc=0.4921 val_loss=1.6482 val_f1_macro=0.4171 val_f1_weighted=0.4850 val_prec_macro=0.4336 val_rec_macro=0.4091 val_metric_name=acc val_metric=0.4921
Step 2000 | loss 0.8757 | val_acc=0.4919 val_loss=1.6612 val_f1_macro=0.4156 val_f1_weighted=0.4853 val_prec_macro=0.4307 val_rec_macro=0.4084 val_metric_name=acc val_metric=0.4919
Step 2050 | loss 0.8694 | val_acc=0.4931 val_loss=1.6754 val_f1_macro=0.4168 val_f1_weighted=0.4859 val_prec_macro=0.4320 val_rec_macro=0.4102 val_metric_name=acc val_metric=0.4931
Step 2100 | loss 0.8586 | val_acc=0.4935 val_loss=1.6791 val_f1_macro=0.4172 val_f1_weighted=0.4863 val_prec_macro=0.4321 val_rec_macro=0.4105 val_metric_name=acc val_metric=0.4935
Step 2150 | loss 0.8525 | val_acc=0.4963 val_loss=1.7297 val_f1_macro=0.4207 val_f1_weighted=0.4897 val_prec_macro=0.4361 val_rec_macro=0.4129 val_metric_name=acc val_metric=0.4963
Step 2200 | loss 0.8428 | val_acc=0.4971 val_loss=1.7424 val_f1_macro=0.4236 val_f1_weighted=0.4906 val_prec_macro=0.4387 val_rec_macro=0.4165 val_metric_name=acc val_metric=0.4971
Step 2250 | loss 0.8335 | val_acc=0.4970 val_loss=1.7601 val_f1_macro=0.4240 val_f1_weighted=0.4903 val_prec_macro=0.4390 val_rec_macro=0.4173 val_metric_name=acc val_metric=0.4970
Step 2300 | loss 0.8279 | val_acc=0.4965 val_loss=1.7841 val_f1_macro=0.4224 val_f1_weighted=0.4897 val_prec_macro=0.4382 val_rec_macro=0.4155 val_metric_name=acc val_metric=0.4965
Step 2350 | loss 0.8204 | val_acc=0.4968 val_loss=1.8156 val_f1_macro=0.4258 val_f1_weighted=0.4913 val_prec_macro=0.4374 val_rec_macro=0.4209 val_metric_name=acc val_metric=0.4968
Step 2400 | loss 0.8125 | val_acc=0.5017 val_loss=1.8180 val_f1_macro=0.4297 val_f1_weighted=0.4960 val_prec_macro=0.4434 val_rec_macro=0.4228 val_metric_name=acc val_metric=0.5017
Step 2450 | loss 0.8017 | val_acc=0.5024 val_loss=1.8228 val_f1_macro=0.4302 val_f1_weighted=0.4960 val_prec_macro=0.4456 val_rec_macro=0.4230 val_metric_name=acc val_metric=0.5024
Step 2500 | loss 0.7956 | val_acc=0.5058 val_loss=1.8515 val_f1_macro=0.4305 val_f1_weighted=0.4995 val_prec_macro=0.4448 val_rec_macro=0.4241 val_metric_name=acc val_metric=0.5058
Step 2550 | loss 0.7892 | val_acc=0.5069 val_loss=1.8835 val_f1_macro=0.4329 val_f1_weighted=0.5003 val_prec_macro=0.4501 val_rec_macro=0.4247 val_metric_name=acc val_metric=0.5069
Step 2600 | loss 0.7798 | val_acc=0.5069 val_loss=1.9039 val_f1_macro=0.4363 val_f1_weighted=0.5017 val_prec_macro=0.4485 val_rec_macro=0.4305 val_metric_name=acc val_metric=0.5069
Step 2650 | loss 0.7733 | val_acc=0.5087 val_loss=1.9186 val_f1_macro=0.4369 val_f1_weighted=0.5025 val_prec_macro=0.4530 val_rec_macro=0.4295 val_metric_name=acc val_metric=0.5087
Step 2700 | loss 0.7653 | val_acc=0.5084 val_loss=1.9466 val_f1_macro=0.4358 val_f1_weighted=0.5027 val_prec_macro=0.4486 val_rec_macro=0.4298 val_metric_name=acc val_metric=0.5084
Step 2750 | loss 0.7606 | val_acc=0.5097 val_loss=1.9563 val_f1_macro=0.4388 val_f1_weighted=0.5038 val_prec_macro=0.4527 val_rec_macro=0.4323 val_metric_name=acc val_metric=0.5097
Step 2800 | loss 0.7477 | val_acc=0.5114 val_loss=1.9731 val_f1_macro=0.4399 val_f1_weighted=0.5055 val_prec_macro=0.4553 val_rec_macro=0.4325 val_metric_name=acc val_metric=0.5114
Step 2850 | loss 0.7397 | val_acc=0.5110 val_loss=2.0086 val_f1_macro=0.4430 val_f1_weighted=0.5055 val_prec_macro=0.4573 val_rec_macro=0.4366 val_metric_name=acc val_metric=0.5110
Step 2900 | loss 0.7349 | val_acc=0.5110 val_loss=2.0099 val_f1_macro=0.4406 val_f1_weighted=0.5055 val_prec_macro=0.4554 val_rec_macro=0.4332 val_metric_name=acc val_metric=0.5110
Step 2950 | loss 0.7310 | val_acc=0.5156 val_loss=2.0218 val_f1_macro=0.4459 val_f1_weighted=0.5097 val_prec_macro=0.4618 val_rec_macro=0.4382 val_metric_name=acc val_metric=0.5156
Step 3000 | loss 0.7246 | val_acc=0.5135 val_loss=2.0638 val_f1_macro=0.4450 val_f1_weighted=0.5080 val_prec_macro=0.4587 val_rec_macro=0.4386 val_metric_name=acc val_metric=0.5135
Step 3050 | loss 0.7131 | val_acc=0.5125 val_loss=2.0869 val_f1_macro=0.4465 val_f1_weighted=0.5077 val_prec_macro=0.4584 val_rec_macro=0.4406 val_metric_name=acc val_metric=0.5125
Step 3100 | loss 0.7067 | val_acc=0.5125 val_loss=2.1033 val_f1_macro=0.4457 val_f1_weighted=0.5076 val_prec_macro=0.4578 val_rec_macro=0.4397 val_metric_name=acc val_metric=0.5125
Step 3150 | loss 0.6956 | val_acc=0.5135 val_loss=2.1237 val_f1_macro=0.4466 val_f1_weighted=0.5087 val_prec_macro=0.4591 val_rec_macro=0.4406 val_metric_name=acc val_metric=0.5135
Step 3200 | loss 0.6955 | val_acc=0.5146 val_loss=2.1442 val_f1_macro=0.4474 val_f1_weighted=0.5095 val_prec_macro=0.4609 val_rec_macro=0.4406 val_metric_name=acc val_metric=0.5146
Step 3250 | loss 0.6824 | val_acc=0.5145 val_loss=2.1592 val_f1_macro=0.4485 val_f1_weighted=0.5094 val_prec_macro=0.4632 val_rec_macro=0.4413 val_metric_name=acc val_metric=0.5145
Step 3300 | loss 0.6769 | val_acc=0.5118 val_loss=2.1679 val_f1_macro=0.4456 val_f1_weighted=0.5071 val_prec_macro=0.4572 val_rec_macro=0.4399 val_metric_name=acc val_metric=0.5118
Step 3350 | loss 0.6720 | val_acc=0.5133 val_loss=2.2007 val_f1_macro=0.4489 val_f1_weighted=0.5086 val_prec_macro=0.4620 val_rec_macro=0.4423 val_metric_name=acc val_metric=0.5133
Step 3400 | loss 0.6608 | val_acc=0.5154 val_loss=2.2321 val_f1_macro=0.4524 val_f1_weighted=0.5110 val_prec_macro=0.4644 val_rec_macro=0.4460 val_metric_name=acc val_metric=0.5154
Step 3450 | loss 0.6575 | val_acc=0.5131 val_loss=2.2354 val_f1_macro=0.4487 val_f1_weighted=0.5088 val_prec_macro=0.4596 val_rec_macro=0.4430 val_metric_name=acc val_metric=0.5131
Early stopping at step 3483

--- Final (best ckpt @ step 2990) ---
  train_acc=0.7496 train_loss=0.5731 train_f1_macro=0.7262 train_f1_weighted=0.7486 train_prec_macro=0.7455 train_rec_macro=0.7124 train_metric_name=acc train_metric=0.7496
  val_acc=0.5161 val_loss=2.0736 val_f1_macro=0.4482 val_f1_weighted=0.5113 val_prec_macro=0.4602 val_rec_macro=0.4421 val_metric_name=acc val_metric=0.5161
  test_acc=0.5092 test_loss=2.0528 test_f1_macro=0.4460 test_f1_weighted=0.5046 test_prec_macro=0.4599 test_rec_macro=0.4375 test_metric_name=acc test_metric=0.5092
  test_acc=0.5092
  >> num_layers=1 hidden_dim=512 lr=3e-05 best_step=4330 val_acc=0.5398 test_acc=0.5331
     val_acc=0.5398 val_f1_macro=0.4721 val_f1_weighted=0.5309 val_loss=1.6490 val_metric=0.5398 val_metric_name=acc val_prec_macro=0.5259 val_rec_macro=0.4502
     test_acc=0.5331 test_f1_macro=0.4685 test_f1_weighted=0.5254 test_loss=1.6287 test_metric=0.5331 test_metric_name=acc test_prec_macro=0.5162 test_rec_macro=0.4466
  >> num_layers=2 hidden_dim=512 lr=3e-05 best_step=3120 val_acc=0.5171 test_acc=0.5138
     val_acc=0.5171 val_f1_macro=0.4531 val_f1_weighted=0.5155 val_loss=2.4299 val_metric=0.5171 val_metric_name=acc val_prec_macro=0.4553 val_rec_macro=0.4522
     test_acc=0.5138 test_f1_macro=0.4579 test_f1_weighted=0.5125 test_loss=2.4008 test_metric=0.5138 test_metric_name=acc test_prec_macro=0.4606 test_rec_macro=0.4556
  >> num_layers=3 hidden_dim=512 lr=3e-05 best_step=3930 val_acc=0.5208 test_acc=0.5187
     val_acc=0.5208 val_f1_macro=0.4579 val_f1_weighted=0.5171 val_loss=2.3222 val_metric=0.5208 val_metric_name=acc val_prec_macro=0.4676 val_rec_macro=0.4545
     test_acc=0.5187 test_f1_macro=0.4637 test_f1_weighted=0.5154 test_loss=2.2899 test_metric=0.5187 test_metric_name=acc test_prec_macro=0.4721 test_rec_macro=0.4594
  >> num_layers=4 hidden_dim=512 lr=3e-05 best_step=3630 val_acc=0.5189 test_acc=0.5145
     val_acc=0.5189 val_f1_macro=0.4538 val_f1_weighted=0.5143 val_loss=2.2714 val_metric=0.5189 val_metric_name=acc val_prec_macro=0.4679 val_rec_macro=0.4465
     test_acc=0.5145 test_f1_macro=0.4586 test_f1_weighted=0.5104 test_loss=2.2179 test_metric=0.5145 test_metric_name=acc test_prec_macro=0.4726 test_rec_macro=0.4503
  >> num_layers=5 hidden_dim=512 lr=3e-05 best_step=2990 val_acc=0.5161 test_acc=0.5092
     val_acc=0.5161 val_f1_macro=0.4482 val_f1_weighted=0.5113 val_loss=2.0736 val_metric=0.5161 val_metric_name=acc val_prec_macro=0.4602 val_rec_macro=0.4421
     test_acc=0.5092 test_f1_macro=0.4460 test_f1_weighted=0.5046 test_loss=2.0528 test_metric=0.5092 test_metric_name=acc test_prec_macro=0.4599 test_rec_macro=0.4375
  >> selected best (by val): num_layers=1 hidden_dim=512 lr=3e-05 best_step=4330 val_acc=0.5398 test_acc=0.5331
     val_acc=0.5398 val_f1_macro=0.4721 val_f1_weighted=0.5309 val_loss=1.6490 val_metric=0.5398 val_metric_name=acc val_prec_macro=0.5259 val_rec_macro=0.4502
     test_acc=0.5331 test_f1_macro=0.4685 test_f1_weighted=0.5254 test_loss=1.6287 test_metric=0.5331 test_metric_name=acc test_prec_macro=0.5162 test_rec_macro=0.4466

Done. Results saved to /home/avshmelev/diploma_yandex_graphs/results2/amazon_ratings/tabm.csv, checkpoints in /home/avshmelev/diploma_yandex_graphs/all_checkpoints2/amazon_ratings/tabm/
