Loading data...

============================================================
Training TABM-amazon-ratings ResNet 1L h=512 lr=3e-05 split=8
============================================================
Step    1 | loss 2.1659 | val_acc=0.2845 val_loss=1.6784 val_f1_macro=0.1733 val_f1_weighted=0.2398 val_prec_macro=0.1972 val_rec_macro=0.2041 val_metric_name=acc val_metric=0.2845
Step   50 | loss 1.6248 | val_acc=0.3743 val_loss=1.4225 val_f1_macro=0.1736 val_f1_weighted=0.2823 val_prec_macro=0.2018 val_rec_macro=0.2188 val_metric_name=acc val_metric=0.3743
Step  100 | loss 1.5597 | val_acc=0.3786 val_loss=1.3999 val_f1_macro=0.1770 val_f1_weighted=0.2872 val_prec_macro=0.2065 val_rec_macro=0.2229 val_metric_name=acc val_metric=0.3786
Step  150 | loss 1.5175 | val_acc=0.3867 val_loss=1.3930 val_f1_macro=0.1832 val_f1_weighted=0.2960 val_prec_macro=0.2143 val_rec_macro=0.2293 val_metric_name=acc val_metric=0.3867
Step  200 | loss 1.4917 | val_acc=0.3858 val_loss=1.3891 val_f1_macro=0.1831 val_f1_weighted=0.2957 val_prec_macro=0.2170 val_rec_macro=0.2290 val_metric_name=acc val_metric=0.3858
Step  250 | loss 1.4734 | val_acc=0.3894 val_loss=1.3865 val_f1_macro=0.1869 val_f1_weighted=0.3007 val_prec_macro=0.2239 val_rec_macro=0.2321 val_metric_name=acc val_metric=0.3894
Step  300 | loss 1.4555 | val_acc=0.3903 val_loss=1.3849 val_f1_macro=0.1893 val_f1_weighted=0.3035 val_prec_macro=0.2294 val_rec_macro=0.2335 val_metric_name=acc val_metric=0.3903
Step  350 | loss 1.4421 | val_acc=0.3936 val_loss=1.3831 val_f1_macro=0.1937 val_f1_weighted=0.3087 val_prec_macro=0.4313 val_rec_macro=0.2366 val_metric_name=acc val_metric=0.3936
Step  400 | loss 1.4298 | val_acc=0.3931 val_loss=1.3818 val_f1_macro=0.1957 val_f1_weighted=0.3108 val_prec_macro=0.4262 val_rec_macro=0.2377 val_metric_name=acc val_metric=0.3931
Step  450 | loss 1.4193 | val_acc=0.3974 val_loss=1.3805 val_f1_macro=0.2019 val_f1_weighted=0.3185 val_prec_macro=0.4340 val_rec_macro=0.2420 val_metric_name=acc val_metric=0.3974
Step  500 | loss 1.4088 | val_acc=0.3980 val_loss=1.3793 val_f1_macro=0.2042 val_f1_weighted=0.3212 val_prec_macro=0.4367 val_rec_macro=0.2428 val_metric_name=acc val_metric=0.3980
Step  550 | loss 1.3981 | val_acc=0.3996 val_loss=1.3781 val_f1_macro=0.2083 val_f1_weighted=0.3261 val_prec_macro=0.3384 val_rec_macro=0.2453 val_metric_name=acc val_metric=0.3996
Step  600 | loss 1.3885 | val_acc=0.4008 val_loss=1.3770 val_f1_macro=0.2106 val_f1_weighted=0.3289 val_prec_macro=0.3381 val_rec_macro=0.2468 val_metric_name=acc val_metric=0.4008
Step  650 | loss 1.3809 | val_acc=0.4014 val_loss=1.3759 val_f1_macro=0.2142 val_f1_weighted=0.3325 val_prec_macro=0.3061 val_rec_macro=0.2485 val_metric_name=acc val_metric=0.4014
Step  700 | loss 1.3743 | val_acc=0.3988 val_loss=1.3749 val_f1_macro=0.2155 val_f1_weighted=0.3328 val_prec_macro=0.3085 val_rec_macro=0.2480 val_metric_name=acc val_metric=0.3988
Step  750 | loss 1.3651 | val_acc=0.4000 val_loss=1.3737 val_f1_macro=0.2192 val_f1_weighted=0.3365 val_prec_macro=0.3018 val_rec_macro=0.2501 val_metric_name=acc val_metric=0.4000
Step  800 | loss 1.3567 | val_acc=0.4023 val_loss=1.3727 val_f1_macro=0.2247 val_f1_weighted=0.3412 val_prec_macro=0.3300 val_rec_macro=0.2535 val_metric_name=acc val_metric=0.4023
Step  850 | loss 1.3487 | val_acc=0.4006 val_loss=1.3716 val_f1_macro=0.2260 val_f1_weighted=0.3423 val_prec_macro=0.3030 val_rec_macro=0.2537 val_metric_name=acc val_metric=0.4006
Step  900 | loss 1.3402 | val_acc=0.4013 val_loss=1.3700 val_f1_macro=0.2301 val_f1_weighted=0.3455 val_prec_macro=0.3124 val_rec_macro=0.2555 val_metric_name=acc val_metric=0.4013
Step  950 | loss 1.3286 | val_acc=0.4013 val_loss=1.3688 val_f1_macro=0.2332 val_f1_weighted=0.3483 val_prec_macro=0.3044 val_rec_macro=0.2569 val_metric_name=acc val_metric=0.4013
Step 1000 | loss 1.3164 | val_acc=0.4019 val_loss=1.3679 val_f1_macro=0.2371 val_f1_weighted=0.3515 val_prec_macro=0.3041 val_rec_macro=0.2590 val_metric_name=acc val_metric=0.4019
Step 1050 | loss 1.3049 | val_acc=0.4062 val_loss=1.3670 val_f1_macro=0.2443 val_f1_weighted=0.3595 val_prec_macro=0.3077 val_rec_macro=0.2636 val_metric_name=acc val_metric=0.4062
Step 1100 | loss 1.2970 | val_acc=0.4103 val_loss=1.3667 val_f1_macro=0.2557 val_f1_weighted=0.3675 val_prec_macro=0.3798 val_rec_macro=0.2708 val_metric_name=acc val_metric=0.4103
Step 1150 | loss 1.2827 | val_acc=0.4107 val_loss=1.3669 val_f1_macro=0.2633 val_f1_weighted=0.3712 val_prec_macro=0.4132 val_rec_macro=0.2748 val_metric_name=acc val_metric=0.4107
Step 1200 | loss 1.2659 | val_acc=0.4145 val_loss=1.3675 val_f1_macro=0.2696 val_f1_weighted=0.3767 val_prec_macro=0.4078 val_rec_macro=0.2793 val_metric_name=acc val_metric=0.4145
Step 1250 | loss 1.2560 | val_acc=0.4199 val_loss=1.3691 val_f1_macro=0.2787 val_f1_weighted=0.3847 val_prec_macro=0.4182 val_rec_macro=0.2859 val_metric_name=acc val_metric=0.4199
Step 1300 | loss 1.2391 | val_acc=0.4197 val_loss=1.3719 val_f1_macro=0.2843 val_f1_weighted=0.3868 val_prec_macro=0.4017 val_rec_macro=0.2890 val_metric_name=acc val_metric=0.4197
Step 1350 | loss 1.2242 | val_acc=0.4227 val_loss=1.3754 val_f1_macro=0.2954 val_f1_weighted=0.3930 val_prec_macro=0.4162 val_rec_macro=0.2960 val_metric_name=acc val_metric=0.4227
Step 1400 | loss 1.2087 | val_acc=0.4217 val_loss=1.3807 val_f1_macro=0.2999 val_f1_weighted=0.3938 val_prec_macro=0.4023 val_rec_macro=0.2986 val_metric_name=acc val_metric=0.4217
Step 1450 | loss 1.1950 | val_acc=0.4207 val_loss=1.3866 val_f1_macro=0.3038 val_f1_weighted=0.3949 val_prec_macro=0.4007 val_rec_macro=0.3007 val_metric_name=acc val_metric=0.4207
Step 1500 | loss 1.1811 | val_acc=0.4222 val_loss=1.3932 val_f1_macro=0.3080 val_f1_weighted=0.3972 val_prec_macro=0.4031 val_rec_macro=0.3042 val_metric_name=acc val_metric=0.4222
Step 1550 | loss 1.1649 | val_acc=0.4268 val_loss=1.3989 val_f1_macro=0.3170 val_f1_weighted=0.4035 val_prec_macro=0.4145 val_rec_macro=0.3107 val_metric_name=acc val_metric=0.4268
Step 1600 | loss 1.1478 | val_acc=0.4294 val_loss=1.4084 val_f1_macro=0.3264 val_f1_weighted=0.4080 val_prec_macro=0.4217 val_rec_macro=0.3172 val_metric_name=acc val_metric=0.4294
Step 1650 | loss 1.1309 | val_acc=0.4285 val_loss=1.4164 val_f1_macro=0.3280 val_f1_weighted=0.4081 val_prec_macro=0.4185 val_rec_macro=0.3182 val_metric_name=acc val_metric=0.4285
Step 1700 | loss 1.1126 | val_acc=0.4290 val_loss=1.4262 val_f1_macro=0.3288 val_f1_weighted=0.4093 val_prec_macro=0.4126 val_rec_macro=0.3194 val_metric_name=acc val_metric=0.4290
Step 1750 | loss 1.1005 | val_acc=0.4308 val_loss=1.4363 val_f1_macro=0.3342 val_f1_weighted=0.4118 val_prec_macro=0.4198 val_rec_macro=0.3232 val_metric_name=acc val_metric=0.4308
Step 1800 | loss 1.0821 | val_acc=0.4321 val_loss=1.4459 val_f1_macro=0.3391 val_f1_weighted=0.4144 val_prec_macro=0.4159 val_rec_macro=0.3274 val_metric_name=acc val_metric=0.4321
Step 1850 | loss 1.0683 | val_acc=0.4343 val_loss=1.4561 val_f1_macro=0.3423 val_f1_weighted=0.4169 val_prec_macro=0.4186 val_rec_macro=0.3300 val_metric_name=acc val_metric=0.4343
Step 1900 | loss 1.0516 | val_acc=0.4362 val_loss=1.4659 val_f1_macro=0.3460 val_f1_weighted=0.4196 val_prec_macro=0.4200 val_rec_macro=0.3330 val_metric_name=acc val_metric=0.4362
Step 1950 | loss 1.0374 | val_acc=0.4405 val_loss=1.4778 val_f1_macro=0.3522 val_f1_weighted=0.4247 val_prec_macro=0.4266 val_rec_macro=0.3383 val_metric_name=acc val_metric=0.4405
Step 2000 | loss 1.0213 | val_acc=0.4413 val_loss=1.4884 val_f1_macro=0.3544 val_f1_weighted=0.4262 val_prec_macro=0.4247 val_rec_macro=0.3403 val_metric_name=acc val_metric=0.4413
Step 2050 | loss 1.0072 | val_acc=0.4429 val_loss=1.5003 val_f1_macro=0.3577 val_f1_weighted=0.4280 val_prec_macro=0.4268 val_rec_macro=0.3430 val_metric_name=acc val_metric=0.4429
Step 2100 | loss 0.9976 | val_acc=0.4452 val_loss=1.5110 val_f1_macro=0.3624 val_f1_weighted=0.4308 val_prec_macro=0.4321 val_rec_macro=0.3469 val_metric_name=acc val_metric=0.4452
Step 2150 | loss 0.9819 | val_acc=0.4478 val_loss=1.5219 val_f1_macro=0.3652 val_f1_weighted=0.4340 val_prec_macro=0.4344 val_rec_macro=0.3496 val_metric_name=acc val_metric=0.4478
Step 2200 | loss 0.9640 | val_acc=0.4478 val_loss=1.5337 val_f1_macro=0.3658 val_f1_weighted=0.4342 val_prec_macro=0.4363 val_rec_macro=0.3499 val_metric_name=acc val_metric=0.4478
Step 2250 | loss 0.9532 | val_acc=0.4491 val_loss=1.5444 val_f1_macro=0.3670 val_f1_weighted=0.4358 val_prec_macro=0.4336 val_rec_macro=0.3515 val_metric_name=acc val_metric=0.4491
Step 2300 | loss 0.9397 | val_acc=0.4508 val_loss=1.5569 val_f1_macro=0.3695 val_f1_weighted=0.4378 val_prec_macro=0.4344 val_rec_macro=0.3536 val_metric_name=acc val_metric=0.4508
Step 2350 | loss 0.9279 | val_acc=0.4512 val_loss=1.5671 val_f1_macro=0.3718 val_f1_weighted=0.4389 val_prec_macro=0.4350 val_rec_macro=0.3554 val_metric_name=acc val_metric=0.4512
Step 2400 | loss 0.9155 | val_acc=0.4517 val_loss=1.5779 val_f1_macro=0.3742 val_f1_weighted=0.4399 val_prec_macro=0.4383 val_rec_macro=0.3573 val_metric_name=acc val_metric=0.4517
Step 2450 | loss 0.8995 | val_acc=0.4529 val_loss=1.5901 val_f1_macro=0.3754 val_f1_weighted=0.4411 val_prec_macro=0.4404 val_rec_macro=0.3584 val_metric_name=acc val_metric=0.4529
Step 2500 | loss 0.8914 | val_acc=0.4537 val_loss=1.6040 val_f1_macro=0.3776 val_f1_weighted=0.4422 val_prec_macro=0.4422 val_rec_macro=0.3603 val_metric_name=acc val_metric=0.4537
Step 2550 | loss 0.8792 | val_acc=0.4553 val_loss=1.6146 val_f1_macro=0.3810 val_f1_weighted=0.4443 val_prec_macro=0.4433 val_rec_macro=0.3632 val_metric_name=acc val_metric=0.4553
Step 2600 | loss 0.8648 | val_acc=0.4557 val_loss=1.6266 val_f1_macro=0.3826 val_f1_weighted=0.4451 val_prec_macro=0.4440 val_rec_macro=0.3646 val_metric_name=acc val_metric=0.4557
Step 2650 | loss 0.8549 | val_acc=0.4578 val_loss=1.6384 val_f1_macro=0.3849 val_f1_weighted=0.4476 val_prec_macro=0.4456 val_rec_macro=0.3672 val_metric_name=acc val_metric=0.4578
Step 2700 | loss 0.8430 | val_acc=0.4573 val_loss=1.6501 val_f1_macro=0.3849 val_f1_weighted=0.4472 val_prec_macro=0.4443 val_rec_macro=0.3672 val_metric_name=acc val_metric=0.4573
Step 2750 | loss 0.8309 | val_acc=0.4576 val_loss=1.6616 val_f1_macro=0.3856 val_f1_weighted=0.4475 val_prec_macro=0.4457 val_rec_macro=0.3678 val_metric_name=acc val_metric=0.4576
Step 2800 | loss 0.8186 | val_acc=0.4615 val_loss=1.6728 val_f1_macro=0.3917 val_f1_weighted=0.4523 val_prec_macro=0.4496 val_rec_macro=0.3734 val_metric_name=acc val_metric=0.4615
Step 2850 | loss 0.8100 | val_acc=0.4607 val_loss=1.6837 val_f1_macro=0.3908 val_f1_weighted=0.4515 val_prec_macro=0.4477 val_rec_macro=0.3726 val_metric_name=acc val_metric=0.4607
Step 2900 | loss 0.8007 | val_acc=0.4620 val_loss=1.6951 val_f1_macro=0.3920 val_f1_weighted=0.4527 val_prec_macro=0.4491 val_rec_macro=0.3738 val_metric_name=acc val_metric=0.4620
Step 2950 | loss 0.7887 | val_acc=0.4624 val_loss=1.7072 val_f1_macro=0.3941 val_f1_weighted=0.4534 val_prec_macro=0.4497 val_rec_macro=0.3758 val_metric_name=acc val_metric=0.4624
Step 3000 | loss 0.7819 | val_acc=0.4645 val_loss=1.7202 val_f1_macro=0.3975 val_f1_weighted=0.4558 val_prec_macro=0.4526 val_rec_macro=0.3791 val_metric_name=acc val_metric=0.4645
Step 3050 | loss 0.7684 | val_acc=0.4650 val_loss=1.7289 val_f1_macro=0.3997 val_f1_weighted=0.4565 val_prec_macro=0.4548 val_rec_macro=0.3808 val_metric_name=acc val_metric=0.4650
Step 3100 | loss 0.7582 | val_acc=0.4673 val_loss=1.7380 val_f1_macro=0.4018 val_f1_weighted=0.4589 val_prec_macro=0.4556 val_rec_macro=0.3833 val_metric_name=acc val_metric=0.4673
Step 3150 | loss 0.7501 | val_acc=0.4659 val_loss=1.7505 val_f1_macro=0.4014 val_f1_weighted=0.4578 val_prec_macro=0.4531 val_rec_macro=0.3832 val_metric_name=acc val_metric=0.4659
Step 3200 | loss 0.7430 | val_acc=0.4679 val_loss=1.7613 val_f1_macro=0.4016 val_f1_weighted=0.4596 val_prec_macro=0.4558 val_rec_macro=0.3831 val_metric_name=acc val_metric=0.4679
Step 3250 | loss 0.7301 | val_acc=0.4694 val_loss=1.7740 val_f1_macro=0.4044 val_f1_weighted=0.4614 val_prec_macro=0.4559 val_rec_macro=0.3863 val_metric_name=acc val_metric=0.4694
Step 3300 | loss 0.7223 | val_acc=0.4689 val_loss=1.7843 val_f1_macro=0.4034 val_f1_weighted=0.4608 val_prec_macro=0.4537 val_rec_macro=0.3857 val_metric_name=acc val_metric=0.4689
Step 3350 | loss 0.7156 | val_acc=0.4700 val_loss=1.7926 val_f1_macro=0.4041 val_f1_weighted=0.4617 val_prec_macro=0.4542 val_rec_macro=0.3864 val_metric_name=acc val_metric=0.4700
Step 3400 | loss 0.7045 | val_acc=0.4715 val_loss=1.8031 val_f1_macro=0.4054 val_f1_weighted=0.4635 val_prec_macro=0.4535 val_rec_macro=0.3880 val_metric_name=acc val_metric=0.4715
Step 3450 | loss 0.6984 | val_acc=0.4726 val_loss=1.8134 val_f1_macro=0.4065 val_f1_weighted=0.4648 val_prec_macro=0.4520 val_rec_macro=0.3894 val_metric_name=acc val_metric=0.4726
Step 3500 | loss 0.6961 | val_acc=0.4720 val_loss=1.8223 val_f1_macro=0.4062 val_f1_weighted=0.4643 val_prec_macro=0.4528 val_rec_macro=0.3892 val_metric_name=acc val_metric=0.4720
Step 3550 | loss 0.6834 | val_acc=0.4726 val_loss=1.8279 val_f1_macro=0.4066 val_f1_weighted=0.4649 val_prec_macro=0.4523 val_rec_macro=0.3895 val_metric_name=acc val_metric=0.4726
Step 3600 | loss 0.6800 | val_acc=0.4726 val_loss=1.8397 val_f1_macro=0.4073 val_f1_weighted=0.4652 val_prec_macro=0.4513 val_rec_macro=0.3906 val_metric_name=acc val_metric=0.4726
Step 3650 | loss 0.6651 | val_acc=0.4756 val_loss=1.8507 val_f1_macro=0.4099 val_f1_weighted=0.4679 val_prec_macro=0.4555 val_rec_macro=0.3926 val_metric_name=acc val_metric=0.4756
Step 3700 | loss 0.6655 | val_acc=0.4753 val_loss=1.8600 val_f1_macro=0.4095 val_f1_weighted=0.4676 val_prec_macro=0.4545 val_rec_macro=0.3925 val_metric_name=acc val_metric=0.4753
Step 3750 | loss 0.6481 | val_acc=0.4767 val_loss=1.8701 val_f1_macro=0.4120 val_f1_weighted=0.4694 val_prec_macro=0.4582 val_rec_macro=0.3944 val_metric_name=acc val_metric=0.4767
Step 3800 | loss 0.6471 | val_acc=0.4766 val_loss=1.8779 val_f1_macro=0.4117 val_f1_weighted=0.4690 val_prec_macro=0.4566 val_rec_macro=0.3944 val_metric_name=acc val_metric=0.4766
Step 3850 | loss 0.6390 | val_acc=0.4784 val_loss=1.8851 val_f1_macro=0.4133 val_f1_weighted=0.4709 val_prec_macro=0.4573 val_rec_macro=0.3961 val_metric_name=acc val_metric=0.4784
Step 3900 | loss 0.6323 | val_acc=0.4764 val_loss=1.8946 val_f1_macro=0.4131 val_f1_weighted=0.4691 val_prec_macro=0.4562 val_rec_macro=0.3958 val_metric_name=acc val_metric=0.4764
Step 3950 | loss 0.6267 | val_acc=0.4771 val_loss=1.9058 val_f1_macro=0.4138 val_f1_weighted=0.4696 val_prec_macro=0.4579 val_rec_macro=0.3964 val_metric_name=acc val_metric=0.4771
Step 4000 | loss 0.6155 | val_acc=0.4772 val_loss=1.9130 val_f1_macro=0.4149 val_f1_weighted=0.4702 val_prec_macro=0.4574 val_rec_macro=0.3977 val_metric_name=acc val_metric=0.4772
Step 4050 | loss 0.6133 | val_acc=0.4775 val_loss=1.9189 val_f1_macro=0.4146 val_f1_weighted=0.4703 val_prec_macro=0.4588 val_rec_macro=0.3972 val_metric_name=acc val_metric=0.4775
Step 4100 | loss 0.6056 | val_acc=0.4761 val_loss=1.9296 val_f1_macro=0.4163 val_f1_weighted=0.4693 val_prec_macro=0.4596 val_rec_macro=0.3987 val_metric_name=acc val_metric=0.4761
Step 4150 | loss 0.5953 | val_acc=0.4764 val_loss=1.9388 val_f1_macro=0.4165 val_f1_weighted=0.4699 val_prec_macro=0.4579 val_rec_macro=0.3993 val_metric_name=acc val_metric=0.4764
Step 4200 | loss 0.5907 | val_acc=0.4771 val_loss=1.9462 val_f1_macro=0.4163 val_f1_weighted=0.4703 val_prec_macro=0.4565 val_rec_macro=0.3996 val_metric_name=acc val_metric=0.4771
Step 4250 | loss 0.5869 | val_acc=0.4754 val_loss=1.9537 val_f1_macro=0.4167 val_f1_weighted=0.4691 val_prec_macro=0.4549 val_rec_macro=0.4002 val_metric_name=acc val_metric=0.4754
Step 4300 | loss 0.5828 | val_acc=0.4761 val_loss=1.9608 val_f1_macro=0.4169 val_f1_weighted=0.4696 val_prec_macro=0.4538 val_rec_macro=0.4008 val_metric_name=acc val_metric=0.4761
Step 4350 | loss 0.5737 | val_acc=0.4766 val_loss=1.9713 val_f1_macro=0.4176 val_f1_weighted=0.4701 val_prec_macro=0.4561 val_rec_macro=0.4012 val_metric_name=acc val_metric=0.4766
Early stopping at step 4376

--- Final (best ckpt @ step 3770) ---
  train_acc=0.9118 train_loss=0.2617 train_f1_macro=0.9125 train_f1_weighted=0.9119 train_prec_macro=0.9285 train_rec_macro=0.8996 train_metric_name=acc train_metric=0.9118
  val_acc=0.4787 val_loss=1.8737 val_f1_macro=0.4134 val_f1_weighted=0.4711 val_prec_macro=0.4584 val_rec_macro=0.3959 val_metric_name=acc val_metric=0.4787
  test_acc=0.4705 test_loss=1.8575 test_f1_macro=0.4120 test_f1_weighted=0.4636 test_prec_macro=0.4645 test_rec_macro=0.3923 test_metric_name=acc test_metric=0.4705
  test_acc=0.4705

============================================================
Training TABM-amazon-ratings ResNet 2L h=512 lr=3e-05 split=8
============================================================
Step    1 | loss 2.3398 | val_acc=0.2409 val_loss=1.7846 val_f1_macro=0.1279 val_f1_weighted=0.1571 val_prec_macro=0.2735 val_rec_macro=0.2001 val_metric_name=acc val_metric=0.2409
Step   50 | loss 1.6148 | val_acc=0.3773 val_loss=1.4254 val_f1_macro=0.1756 val_f1_weighted=0.2854 val_prec_macro=0.2220 val_rec_macro=0.2228 val_metric_name=acc val_metric=0.3773
Step  100 | loss 1.5382 | val_acc=0.3812 val_loss=1.4010 val_f1_macro=0.1747 val_f1_weighted=0.2852 val_prec_macro=0.2115 val_rec_macro=0.2244 val_metric_name=acc val_metric=0.3812
Step  150 | loss 1.4985 | val_acc=0.3828 val_loss=1.3925 val_f1_macro=0.1763 val_f1_weighted=0.2874 val_prec_macro=0.2162 val_rec_macro=0.2261 val_metric_name=acc val_metric=0.3828
Step  200 | loss 1.4693 | val_acc=0.3853 val_loss=1.3885 val_f1_macro=0.1758 val_f1_weighted=0.2872 val_prec_macro=0.2151 val_rec_macro=0.2266 val_metric_name=acc val_metric=0.3853
Step  250 | loss 1.4527 | val_acc=0.3862 val_loss=1.3861 val_f1_macro=0.1765 val_f1_weighted=0.2882 val_prec_macro=0.2128 val_rec_macro=0.2273 val_metric_name=acc val_metric=0.3862
Step  300 | loss 1.4387 | val_acc=0.3871 val_loss=1.3841 val_f1_macro=0.1782 val_f1_weighted=0.2903 val_prec_macro=0.2287 val_rec_macro=0.2283 val_metric_name=acc val_metric=0.3871
Step  350 | loss 1.4272 | val_acc=0.3882 val_loss=1.3823 val_f1_macro=0.1804 val_f1_weighted=0.2930 val_prec_macro=0.2294 val_rec_macro=0.2296 val_metric_name=acc val_metric=0.3882
Step  400 | loss 1.4200 | val_acc=0.3911 val_loss=1.3808 val_f1_macro=0.1850 val_f1_weighted=0.2988 val_prec_macro=0.2351 val_rec_macro=0.2327 val_metric_name=acc val_metric=0.3911
Step  450 | loss 1.4121 | val_acc=0.3918 val_loss=1.3795 val_f1_macro=0.1879 val_f1_weighted=0.3022 val_prec_macro=0.2417 val_rec_macro=0.2343 val_metric_name=acc val_metric=0.3918
Step  500 | loss 1.4011 | val_acc=0.3921 val_loss=1.3781 val_f1_macro=0.1896 val_f1_weighted=0.3038 val_prec_macro=0.4336 val_rec_macro=0.2350 val_metric_name=acc val_metric=0.3921
Step  550 | loss 1.3950 | val_acc=0.3936 val_loss=1.3769 val_f1_macro=0.1941 val_f1_weighted=0.3090 val_prec_macro=0.4388 val_rec_macro=0.2374 val_metric_name=acc val_metric=0.3936
Step  600 | loss 1.3892 | val_acc=0.3938 val_loss=1.3756 val_f1_macro=0.1959 val_f1_weighted=0.3110 val_prec_macro=0.4426 val_rec_macro=0.2379 val_metric_name=acc val_metric=0.3938
Step  650 | loss 1.3827 | val_acc=0.3957 val_loss=1.3744 val_f1_macro=0.2004 val_f1_weighted=0.3164 val_prec_macro=0.4391 val_rec_macro=0.2407 val_metric_name=acc val_metric=0.3957
Step  700 | loss 1.3767 | val_acc=0.3977 val_loss=1.3731 val_f1_macro=0.2039 val_f1_weighted=0.3208 val_prec_macro=0.3368 val_rec_macro=0.2430 val_metric_name=acc val_metric=0.3977
Step  750 | loss 1.3691 | val_acc=0.3978 val_loss=1.3719 val_f1_macro=0.2079 val_f1_weighted=0.3247 val_prec_macro=0.2894 val_rec_macro=0.2452 val_metric_name=acc val_metric=0.3978
Step  800 | loss 1.3600 | val_acc=0.3988 val_loss=1.3708 val_f1_macro=0.2119 val_f1_weighted=0.3284 val_prec_macro=0.3007 val_rec_macro=0.2471 val_metric_name=acc val_metric=0.3988
Step  850 | loss 1.3539 | val_acc=0.4019 val_loss=1.3696 val_f1_macro=0.2212 val_f1_weighted=0.3373 val_prec_macro=0.3099 val_rec_macro=0.2520 val_metric_name=acc val_metric=0.4019
Step  900 | loss 1.3456 | val_acc=0.4019 val_loss=1.3683 val_f1_macro=0.2243 val_f1_weighted=0.3399 val_prec_macro=0.3107 val_rec_macro=0.2534 val_metric_name=acc val_metric=0.4019
Step  950 | loss 1.3390 | val_acc=0.4027 val_loss=1.3668 val_f1_macro=0.2294 val_f1_weighted=0.3443 val_prec_macro=0.3132 val_rec_macro=0.2557 val_metric_name=acc val_metric=0.4027
Step 1000 | loss 1.3280 | val_acc=0.4068 val_loss=1.3654 val_f1_macro=0.2394 val_f1_weighted=0.3531 val_prec_macro=0.3748 val_rec_macro=0.2617 val_metric_name=acc val_metric=0.4068
Step 1050 | loss 1.3176 | val_acc=0.4075 val_loss=1.3644 val_f1_macro=0.2445 val_f1_weighted=0.3586 val_prec_macro=0.3569 val_rec_macro=0.2644 val_metric_name=acc val_metric=0.4075
Step 1100 | loss 1.3076 | val_acc=0.4083 val_loss=1.3634 val_f1_macro=0.2533 val_f1_weighted=0.3639 val_prec_macro=0.3981 val_rec_macro=0.2687 val_metric_name=acc val_metric=0.4083
Step 1150 | loss 1.2954 | val_acc=0.4122 val_loss=1.3627 val_f1_macro=0.2595 val_f1_weighted=0.3702 val_prec_macro=0.4020 val_rec_macro=0.2731 val_metric_name=acc val_metric=0.4122
Step 1200 | loss 1.2848 | val_acc=0.4138 val_loss=1.3626 val_f1_macro=0.2689 val_f1_weighted=0.3766 val_prec_macro=0.3855 val_rec_macro=0.2786 val_metric_name=acc val_metric=0.4138
Step 1250 | loss 1.2696 | val_acc=0.4181 val_loss=1.3637 val_f1_macro=0.2753 val_f1_weighted=0.3824 val_prec_macro=0.3982 val_rec_macro=0.2836 val_metric_name=acc val_metric=0.4181
Step 1300 | loss 1.2514 | val_acc=0.4192 val_loss=1.3649 val_f1_macro=0.2819 val_f1_weighted=0.3870 val_prec_macro=0.3921 val_rec_macro=0.2875 val_metric_name=acc val_metric=0.4192
Step 1350 | loss 1.2354 | val_acc=0.4217 val_loss=1.3684 val_f1_macro=0.2899 val_f1_weighted=0.3926 val_prec_macro=0.3906 val_rec_macro=0.2936 val_metric_name=acc val_metric=0.4217
Step 1400 | loss 1.2226 | val_acc=0.4227 val_loss=1.3716 val_f1_macro=0.2956 val_f1_weighted=0.3959 val_prec_macro=0.3896 val_rec_macro=0.2970 val_metric_name=acc val_metric=0.4227
Step 1450 | loss 1.2076 | val_acc=0.4238 val_loss=1.3769 val_f1_macro=0.3109 val_f1_weighted=0.4009 val_prec_macro=0.4278 val_rec_macro=0.3062 val_metric_name=acc val_metric=0.4238
Step 1500 | loss 1.1901 | val_acc=0.4271 val_loss=1.3828 val_f1_macro=0.3158 val_f1_weighted=0.4051 val_prec_macro=0.4105 val_rec_macro=0.3099 val_metric_name=acc val_metric=0.4271
Step 1550 | loss 1.1710 | val_acc=0.4256 val_loss=1.3895 val_f1_macro=0.3233 val_f1_weighted=0.4061 val_prec_macro=0.4150 val_rec_macro=0.3145 val_metric_name=acc val_metric=0.4256
Step 1600 | loss 1.1607 | val_acc=0.4302 val_loss=1.3983 val_f1_macro=0.3301 val_f1_weighted=0.4115 val_prec_macro=0.4179 val_rec_macro=0.3203 val_metric_name=acc val_metric=0.4302
Step 1650 | loss 1.1376 | val_acc=0.4305 val_loss=1.4087 val_f1_macro=0.3342 val_f1_weighted=0.4137 val_prec_macro=0.4110 val_rec_macro=0.3234 val_metric_name=acc val_metric=0.4305
Step 1700 | loss 1.1223 | val_acc=0.4343 val_loss=1.4191 val_f1_macro=0.3423 val_f1_weighted=0.4188 val_prec_macro=0.4141 val_rec_macro=0.3300 val_metric_name=acc val_metric=0.4343
Step 1750 | loss 1.1049 | val_acc=0.4392 val_loss=1.4317 val_f1_macro=0.3499 val_f1_weighted=0.4249 val_prec_macro=0.4214 val_rec_macro=0.3371 val_metric_name=acc val_metric=0.4392
Step 1800 | loss 1.0806 | val_acc=0.4408 val_loss=1.4442 val_f1_macro=0.3521 val_f1_weighted=0.4270 val_prec_macro=0.4207 val_rec_macro=0.3394 val_metric_name=acc val_metric=0.4408
Step 1850 | loss 1.0662 | val_acc=0.4421 val_loss=1.4557 val_f1_macro=0.3555 val_f1_weighted=0.4290 val_prec_macro=0.4197 val_rec_macro=0.3419 val_metric_name=acc val_metric=0.4421
Step 1900 | loss 1.0480 | val_acc=0.4446 val_loss=1.4707 val_f1_macro=0.3635 val_f1_weighted=0.4324 val_prec_macro=0.4268 val_rec_macro=0.3484 val_metric_name=acc val_metric=0.4446
Step 1950 | loss 1.0340 | val_acc=0.4439 val_loss=1.4847 val_f1_macro=0.3641 val_f1_weighted=0.4321 val_prec_macro=0.4289 val_rec_macro=0.3489 val_metric_name=acc val_metric=0.4439
Step 2000 | loss 1.0152 | val_acc=0.4478 val_loss=1.4990 val_f1_macro=0.3679 val_f1_weighted=0.4361 val_prec_macro=0.4315 val_rec_macro=0.3525 val_metric_name=acc val_metric=0.4478
Step 2050 | loss 1.0033 | val_acc=0.4483 val_loss=1.5152 val_f1_macro=0.3691 val_f1_weighted=0.4372 val_prec_macro=0.4272 val_rec_macro=0.3539 val_metric_name=acc val_metric=0.4483
Step 2100 | loss 0.9862 | val_acc=0.4485 val_loss=1.5288 val_f1_macro=0.3710 val_f1_weighted=0.4379 val_prec_macro=0.4281 val_rec_macro=0.3558 val_metric_name=acc val_metric=0.4485
Step 2150 | loss 0.9747 | val_acc=0.4495 val_loss=1.5459 val_f1_macro=0.3719 val_f1_weighted=0.4390 val_prec_macro=0.4273 val_rec_macro=0.3565 val_metric_name=acc val_metric=0.4495
Step 2200 | loss 0.9531 | val_acc=0.4499 val_loss=1.5628 val_f1_macro=0.3728 val_f1_weighted=0.4398 val_prec_macro=0.4245 val_rec_macro=0.3576 val_metric_name=acc val_metric=0.4499
Step 2250 | loss 0.9336 | val_acc=0.4516 val_loss=1.5772 val_f1_macro=0.3741 val_f1_weighted=0.4415 val_prec_macro=0.4250 val_rec_macro=0.3591 val_metric_name=acc val_metric=0.4516
Step 2300 | loss 0.9285 | val_acc=0.4527 val_loss=1.5932 val_f1_macro=0.3790 val_f1_weighted=0.4433 val_prec_macro=0.4311 val_rec_macro=0.3629 val_metric_name=acc val_metric=0.4527
Step 2350 | loss 0.9034 | val_acc=0.4548 val_loss=1.6112 val_f1_macro=0.3803 val_f1_weighted=0.4452 val_prec_macro=0.4313 val_rec_macro=0.3644 val_metric_name=acc val_metric=0.4548
Step 2400 | loss 0.8933 | val_acc=0.4566 val_loss=1.6274 val_f1_macro=0.3828 val_f1_weighted=0.4473 val_prec_macro=0.4324 val_rec_macro=0.3671 val_metric_name=acc val_metric=0.4566
Step 2450 | loss 0.8819 | val_acc=0.4566 val_loss=1.6400 val_f1_macro=0.3864 val_f1_weighted=0.4481 val_prec_macro=0.4342 val_rec_macro=0.3704 val_metric_name=acc val_metric=0.4566
Step 2500 | loss 0.8667 | val_acc=0.4591 val_loss=1.6580 val_f1_macro=0.3877 val_f1_weighted=0.4503 val_prec_macro=0.4340 val_rec_macro=0.3718 val_metric_name=acc val_metric=0.4591
Step 2550 | loss 0.8567 | val_acc=0.4610 val_loss=1.6711 val_f1_macro=0.3900 val_f1_weighted=0.4525 val_prec_macro=0.4347 val_rec_macro=0.3740 val_metric_name=acc val_metric=0.4610
Step 2600 | loss 0.8433 | val_acc=0.4599 val_loss=1.6874 val_f1_macro=0.3904 val_f1_weighted=0.4518 val_prec_macro=0.4324 val_rec_macro=0.3745 val_metric_name=acc val_metric=0.4599
Step 2650 | loss 0.8323 | val_acc=0.4615 val_loss=1.7041 val_f1_macro=0.3927 val_f1_weighted=0.4536 val_prec_macro=0.4341 val_rec_macro=0.3769 val_metric_name=acc val_metric=0.4615
Step 2700 | loss 0.8136 | val_acc=0.4632 val_loss=1.7202 val_f1_macro=0.3943 val_f1_weighted=0.4554 val_prec_macro=0.4352 val_rec_macro=0.3783 val_metric_name=acc val_metric=0.4632
Step 2750 | loss 0.8065 | val_acc=0.4632 val_loss=1.7347 val_f1_macro=0.3963 val_f1_weighted=0.4555 val_prec_macro=0.4364 val_rec_macro=0.3801 val_metric_name=acc val_metric=0.4632
Step 2800 | loss 0.7932 | val_acc=0.4645 val_loss=1.7563 val_f1_macro=0.3973 val_f1_weighted=0.4569 val_prec_macro=0.4367 val_rec_macro=0.3813 val_metric_name=acc val_metric=0.4645
Step 2850 | loss 0.7773 | val_acc=0.4650 val_loss=1.7698 val_f1_macro=0.3967 val_f1_weighted=0.4573 val_prec_macro=0.4341 val_rec_macro=0.3810 val_metric_name=acc val_metric=0.4650
Step 2900 | loss 0.7671 | val_acc=0.4679 val_loss=1.7802 val_f1_macro=0.4006 val_f1_weighted=0.4606 val_prec_macro=0.4367 val_rec_macro=0.3849 val_metric_name=acc val_metric=0.4679
Step 2950 | loss 0.7581 | val_acc=0.4684 val_loss=1.7974 val_f1_macro=0.4021 val_f1_weighted=0.4613 val_prec_macro=0.4384 val_rec_macro=0.3861 val_metric_name=acc val_metric=0.4684
Step 3000 | loss 0.7481 | val_acc=0.4689 val_loss=1.8108 val_f1_macro=0.4015 val_f1_weighted=0.4620 val_prec_macro=0.4334 val_rec_macro=0.3869 val_metric_name=acc val_metric=0.4689
Step 3050 | loss 0.7380 | val_acc=0.4695 val_loss=1.8278 val_f1_macro=0.4024 val_f1_weighted=0.4626 val_prec_macro=0.4347 val_rec_macro=0.3875 val_metric_name=acc val_metric=0.4695
Step 3100 | loss 0.7169 | val_acc=0.4708 val_loss=1.8452 val_f1_macro=0.4045 val_f1_weighted=0.4638 val_prec_macro=0.4375 val_rec_macro=0.3892 val_metric_name=acc val_metric=0.4708
Step 3150 | loss 0.7198 | val_acc=0.4695 val_loss=1.8548 val_f1_macro=0.4039 val_f1_weighted=0.4629 val_prec_macro=0.4351 val_rec_macro=0.3891 val_metric_name=acc val_metric=0.4695
Step 3200 | loss 0.7024 | val_acc=0.4704 val_loss=1.8739 val_f1_macro=0.4048 val_f1_weighted=0.4637 val_prec_macro=0.4373 val_rec_macro=0.3895 val_metric_name=acc val_metric=0.4704
Step 3250 | loss 0.6972 | val_acc=0.4707 val_loss=1.8843 val_f1_macro=0.4050 val_f1_weighted=0.4641 val_prec_macro=0.4356 val_rec_macro=0.3902 val_metric_name=acc val_metric=0.4707
Step 3300 | loss 0.6868 | val_acc=0.4725 val_loss=1.9001 val_f1_macro=0.4062 val_f1_weighted=0.4655 val_prec_macro=0.4393 val_rec_macro=0.3907 val_metric_name=acc val_metric=0.4725
Step 3350 | loss 0.6796 | val_acc=0.4722 val_loss=1.9177 val_f1_macro=0.4074 val_f1_weighted=0.4656 val_prec_macro=0.4378 val_rec_macro=0.3925 val_metric_name=acc val_metric=0.4722
Step 3400 | loss 0.6622 | val_acc=0.4738 val_loss=1.9217 val_f1_macro=0.4098 val_f1_weighted=0.4675 val_prec_macro=0.4400 val_rec_macro=0.3949 val_metric_name=acc val_metric=0.4738
Step 3450 | loss 0.6593 | val_acc=0.4754 val_loss=1.9354 val_f1_macro=0.4107 val_f1_weighted=0.4690 val_prec_macro=0.4402 val_rec_macro=0.3961 val_metric_name=acc val_metric=0.4754
Step 3500 | loss 0.6473 | val_acc=0.4761 val_loss=1.9493 val_f1_macro=0.4122 val_f1_weighted=0.4697 val_prec_macro=0.4415 val_rec_macro=0.3975 val_metric_name=acc val_metric=0.4761
Step 3550 | loss 0.6362 | val_acc=0.4771 val_loss=1.9647 val_f1_macro=0.4139 val_f1_weighted=0.4709 val_prec_macro=0.4425 val_rec_macro=0.3995 val_metric_name=acc val_metric=0.4771
Step 3600 | loss 0.6283 | val_acc=0.4771 val_loss=1.9810 val_f1_macro=0.4127 val_f1_weighted=0.4707 val_prec_macro=0.4413 val_rec_macro=0.3985 val_metric_name=acc val_metric=0.4771
Step 3650 | loss 0.6216 | val_acc=0.4797 val_loss=1.9927 val_f1_macro=0.4163 val_f1_weighted=0.4733 val_prec_macro=0.4473 val_rec_macro=0.4009 val_metric_name=acc val_metric=0.4797
Step 3700 | loss 0.6184 | val_acc=0.4771 val_loss=2.0013 val_f1_macro=0.4154 val_f1_weighted=0.4710 val_prec_macro=0.4458 val_rec_macro=0.4002 val_metric_name=acc val_metric=0.4771
Step 3750 | loss 0.6108 | val_acc=0.4790 val_loss=2.0132 val_f1_macro=0.4158 val_f1_weighted=0.4729 val_prec_macro=0.4447 val_rec_macro=0.4011 val_metric_name=acc val_metric=0.4790
Step 3800 | loss 0.5958 | val_acc=0.4779 val_loss=2.0210 val_f1_macro=0.4160 val_f1_weighted=0.4719 val_prec_macro=0.4451 val_rec_macro=0.4011 val_metric_name=acc val_metric=0.4779
Step 3850 | loss 0.5854 | val_acc=0.4777 val_loss=2.0377 val_f1_macro=0.4144 val_f1_weighted=0.4716 val_prec_macro=0.4440 val_rec_macro=0.3995 val_metric_name=acc val_metric=0.4777
Step 3900 | loss 0.5871 | val_acc=0.4780 val_loss=2.0492 val_f1_macro=0.4152 val_f1_weighted=0.4720 val_prec_macro=0.4444 val_rec_macro=0.4002 val_metric_name=acc val_metric=0.4780
Early stopping at step 3934

--- Final (best ckpt @ step 3630) ---
  train_acc=0.9456 train_loss=0.1819 train_f1_macro=0.9446 train_f1_weighted=0.9456 train_prec_macro=0.9507 train_rec_macro=0.9391 train_metric_name=acc train_metric=0.9456
  val_acc=0.4798 val_loss=1.9865 val_f1_macro=0.4170 val_f1_weighted=0.4734 val_prec_macro=0.4479 val_rec_macro=0.4016 val_metric_name=acc val_metric=0.4798
  test_acc=0.4769 test_loss=1.9531 test_f1_macro=0.4188 test_f1_weighted=0.4706 test_prec_macro=0.4598 test_rec_macro=0.3998 test_metric_name=acc test_metric=0.4769
  test_acc=0.4769

============================================================
Training TABM-amazon-ratings ResNet 3L h=512 lr=3e-05 split=8
============================================================
Step    1 | loss 2.1264 | val_acc=0.3355 val_loss=1.5089 val_f1_macro=0.1726 val_f1_weighted=0.2703 val_prec_macro=0.1902 val_rec_macro=0.2025 val_metric_name=acc val_metric=0.3355
Step   50 | loss 1.5724 | val_acc=0.3792 val_loss=1.4118 val_f1_macro=0.1573 val_f1_weighted=0.2637 val_prec_macro=0.2126 val_rec_macro=0.2164 val_metric_name=acc val_metric=0.3792
Step  100 | loss 1.4961 | val_acc=0.3815 val_loss=1.3961 val_f1_macro=0.1634 val_f1_weighted=0.2715 val_prec_macro=0.2542 val_rec_macro=0.2196 val_metric_name=acc val_metric=0.3815
Step  150 | loss 1.4608 | val_acc=0.3833 val_loss=1.3909 val_f1_macro=0.1650 val_f1_weighted=0.2738 val_prec_macro=0.2234 val_rec_macro=0.2211 val_metric_name=acc val_metric=0.3833
Step  200 | loss 1.4400 | val_acc=0.3840 val_loss=1.3881 val_f1_macro=0.1681 val_f1_weighted=0.2776 val_prec_macro=0.2775 val_rec_macro=0.2225 val_metric_name=acc val_metric=0.3840
Step  250 | loss 1.4291 | val_acc=0.3854 val_loss=1.3858 val_f1_macro=0.1706 val_f1_weighted=0.2808 val_prec_macro=0.2692 val_rec_macro=0.2241 val_metric_name=acc val_metric=0.3854
Step  300 | loss 1.4174 | val_acc=0.3897 val_loss=1.3837 val_f1_macro=0.1757 val_f1_weighted=0.2878 val_prec_macro=0.2453 val_rec_macro=0.2281 val_metric_name=acc val_metric=0.3897
Step  350 | loss 1.4059 | val_acc=0.3877 val_loss=1.3814 val_f1_macro=0.1757 val_f1_weighted=0.2873 val_prec_macro=0.2525 val_rec_macro=0.2273 val_metric_name=acc val_metric=0.3877
Step  400 | loss 1.3993 | val_acc=0.3879 val_loss=1.3797 val_f1_macro=0.1787 val_f1_weighted=0.2909 val_prec_macro=0.2275 val_rec_macro=0.2286 val_metric_name=acc val_metric=0.3879
Step  450 | loss 1.3918 | val_acc=0.3903 val_loss=1.3781 val_f1_macro=0.1840 val_f1_weighted=0.2975 val_prec_macro=0.2371 val_rec_macro=0.2321 val_metric_name=acc val_metric=0.3903
Step  500 | loss 1.3840 | val_acc=0.3947 val_loss=1.3763 val_f1_macro=0.1903 val_f1_weighted=0.3050 val_prec_macro=0.4431 val_rec_macro=0.2363 val_metric_name=acc val_metric=0.3947
Step  550 | loss 1.3794 | val_acc=0.3974 val_loss=1.3746 val_f1_macro=0.1958 val_f1_weighted=0.3115 val_prec_macro=0.4487 val_rec_macro=0.2395 val_metric_name=acc val_metric=0.3974
Step  600 | loss 1.3693 | val_acc=0.3965 val_loss=1.3734 val_f1_macro=0.1982 val_f1_weighted=0.3141 val_prec_macro=0.2819 val_rec_macro=0.2402 val_metric_name=acc val_metric=0.3965
Step  650 | loss 1.3648 | val_acc=0.3998 val_loss=1.3721 val_f1_macro=0.2037 val_f1_weighted=0.3200 val_prec_macro=0.2910 val_rec_macro=0.2438 val_metric_name=acc val_metric=0.3998
Step  700 | loss 1.3569 | val_acc=0.4013 val_loss=1.3710 val_f1_macro=0.2120 val_f1_weighted=0.3266 val_prec_macro=0.3376 val_rec_macro=0.2478 val_metric_name=acc val_metric=0.4013
Step  750 | loss 1.3474 | val_acc=0.3992 val_loss=1.3697 val_f1_macro=0.2156 val_f1_weighted=0.3289 val_prec_macro=0.3129 val_rec_macro=0.2485 val_metric_name=acc val_metric=0.3992
Step  800 | loss 1.3373 | val_acc=0.3983 val_loss=1.3682 val_f1_macro=0.2191 val_f1_weighted=0.3321 val_prec_macro=0.3098 val_rec_macro=0.2494 val_metric_name=acc val_metric=0.3983
Step  850 | loss 1.3254 | val_acc=0.3985 val_loss=1.3669 val_f1_macro=0.2254 val_f1_weighted=0.3360 val_prec_macro=0.3313 val_rec_macro=0.2525 val_metric_name=acc val_metric=0.3985
Step  900 | loss 1.3163 | val_acc=0.4031 val_loss=1.3653 val_f1_macro=0.2394 val_f1_weighted=0.3479 val_prec_macro=0.3589 val_rec_macro=0.2604 val_metric_name=acc val_metric=0.4031
Step  950 | loss 1.3003 | val_acc=0.4054 val_loss=1.3652 val_f1_macro=0.2484 val_f1_weighted=0.3545 val_prec_macro=0.3648 val_rec_macro=0.2655 val_metric_name=acc val_metric=0.4054
Step 1000 | loss 1.2875 | val_acc=0.4101 val_loss=1.3653 val_f1_macro=0.2586 val_f1_weighted=0.3640 val_prec_macro=0.3669 val_rec_macro=0.2721 val_metric_name=acc val_metric=0.4101
Step 1050 | loss 1.2684 | val_acc=0.4127 val_loss=1.3665 val_f1_macro=0.2675 val_f1_weighted=0.3710 val_prec_macro=0.3707 val_rec_macro=0.2777 val_metric_name=acc val_metric=0.4127
Step 1100 | loss 1.2517 | val_acc=0.4152 val_loss=1.3698 val_f1_macro=0.2751 val_f1_weighted=0.3768 val_prec_macro=0.3669 val_rec_macro=0.2827 val_metric_name=acc val_metric=0.4152
Step 1150 | loss 1.2312 | val_acc=0.4170 val_loss=1.3752 val_f1_macro=0.2874 val_f1_weighted=0.3835 val_prec_macro=0.3746 val_rec_macro=0.2902 val_metric_name=acc val_metric=0.4170
Step 1200 | loss 1.2162 | val_acc=0.4176 val_loss=1.3819 val_f1_macro=0.2986 val_f1_weighted=0.3889 val_prec_macro=0.3833 val_rec_macro=0.2971 val_metric_name=acc val_metric=0.4176
Step 1250 | loss 1.1927 | val_acc=0.4204 val_loss=1.3915 val_f1_macro=0.3089 val_f1_weighted=0.3940 val_prec_macro=0.3921 val_rec_macro=0.3043 val_metric_name=acc val_metric=0.4204
Step 1300 | loss 1.1752 | val_acc=0.4259 val_loss=1.4015 val_f1_macro=0.3220 val_f1_weighted=0.4025 val_prec_macro=0.4027 val_rec_macro=0.3144 val_metric_name=acc val_metric=0.4259
Step 1350 | loss 1.1506 | val_acc=0.4261 val_loss=1.4137 val_f1_macro=0.3247 val_f1_weighted=0.4039 val_prec_macro=0.3952 val_rec_macro=0.3172 val_metric_name=acc val_metric=0.4261
Step 1400 | loss 1.1302 | val_acc=0.4297 val_loss=1.4257 val_f1_macro=0.3320 val_f1_weighted=0.4094 val_prec_macro=0.3992 val_rec_macro=0.3229 val_metric_name=acc val_metric=0.4297
Step 1450 | loss 1.1116 | val_acc=0.4320 val_loss=1.4379 val_f1_macro=0.3371 val_f1_weighted=0.4132 val_prec_macro=0.3992 val_rec_macro=0.3273 val_metric_name=acc val_metric=0.4320
Step 1500 | loss 1.0891 | val_acc=0.4315 val_loss=1.4515 val_f1_macro=0.3446 val_f1_weighted=0.4143 val_prec_macro=0.4064 val_rec_macro=0.3323 val_metric_name=acc val_metric=0.4315
Step 1550 | loss 1.0722 | val_acc=0.4367 val_loss=1.4656 val_f1_macro=0.3509 val_f1_weighted=0.4208 val_prec_macro=0.4086 val_rec_macro=0.3385 val_metric_name=acc val_metric=0.4367
Step 1600 | loss 1.0505 | val_acc=0.4393 val_loss=1.4804 val_f1_macro=0.3529 val_f1_weighted=0.4235 val_prec_macro=0.4059 val_rec_macro=0.3411 val_metric_name=acc val_metric=0.4393
Step 1650 | loss 1.0353 | val_acc=0.4426 val_loss=1.4945 val_f1_macro=0.3562 val_f1_weighted=0.4276 val_prec_macro=0.4073 val_rec_macro=0.3440 val_metric_name=acc val_metric=0.4426
Step 1700 | loss 1.0157 | val_acc=0.4457 val_loss=1.5133 val_f1_macro=0.3624 val_f1_weighted=0.4319 val_prec_macro=0.4138 val_rec_macro=0.3489 val_metric_name=acc val_metric=0.4457
Step 1750 | loss 0.9937 | val_acc=0.4499 val_loss=1.5271 val_f1_macro=0.3698 val_f1_weighted=0.4372 val_prec_macro=0.4189 val_rec_macro=0.3557 val_metric_name=acc val_metric=0.4499
Step 1800 | loss 0.9732 | val_acc=0.4504 val_loss=1.5414 val_f1_macro=0.3717 val_f1_weighted=0.4380 val_prec_macro=0.4201 val_rec_macro=0.3575 val_metric_name=acc val_metric=0.4504
Step 1850 | loss 0.9602 | val_acc=0.4545 val_loss=1.5625 val_f1_macro=0.3754 val_f1_weighted=0.4421 val_prec_macro=0.4235 val_rec_macro=0.3612 val_metric_name=acc val_metric=0.4545
Step 1900 | loss 0.9391 | val_acc=0.4548 val_loss=1.5768 val_f1_macro=0.3763 val_f1_weighted=0.4425 val_prec_macro=0.4245 val_rec_macro=0.3617 val_metric_name=acc val_metric=0.4548
Step 1950 | loss 0.9266 | val_acc=0.4544 val_loss=1.5948 val_f1_macro=0.3753 val_f1_weighted=0.4425 val_prec_macro=0.4192 val_rec_macro=0.3616 val_metric_name=acc val_metric=0.4544
Step 2000 | loss 0.9097 | val_acc=0.4563 val_loss=1.6107 val_f1_macro=0.3795 val_f1_weighted=0.4451 val_prec_macro=0.4217 val_rec_macro=0.3658 val_metric_name=acc val_metric=0.4563
Step 2050 | loss 0.8941 | val_acc=0.4570 val_loss=1.6258 val_f1_macro=0.3842 val_f1_weighted=0.4465 val_prec_macro=0.4242 val_rec_macro=0.3699 val_metric_name=acc val_metric=0.4570
Step 2100 | loss 0.8777 | val_acc=0.4584 val_loss=1.6433 val_f1_macro=0.3853 val_f1_weighted=0.4482 val_prec_macro=0.4245 val_rec_macro=0.3711 val_metric_name=acc val_metric=0.4584
Step 2150 | loss 0.8589 | val_acc=0.4597 val_loss=1.6595 val_f1_macro=0.3864 val_f1_weighted=0.4492 val_prec_macro=0.4263 val_rec_macro=0.3720 val_metric_name=acc val_metric=0.4597
Step 2200 | loss 0.8416 | val_acc=0.4602 val_loss=1.6780 val_f1_macro=0.3881 val_f1_weighted=0.4504 val_prec_macro=0.4246 val_rec_macro=0.3743 val_metric_name=acc val_metric=0.4602
Step 2250 | loss 0.8307 | val_acc=0.4596 val_loss=1.6937 val_f1_macro=0.3892 val_f1_weighted=0.4500 val_prec_macro=0.4245 val_rec_macro=0.3752 val_metric_name=acc val_metric=0.4596
Step 2300 | loss 0.8152 | val_acc=0.4637 val_loss=1.7117 val_f1_macro=0.3923 val_f1_weighted=0.4544 val_prec_macro=0.4252 val_rec_macro=0.3791 val_metric_name=acc val_metric=0.4637
Step 2350 | loss 0.7966 | val_acc=0.4638 val_loss=1.7287 val_f1_macro=0.3958 val_f1_weighted=0.4553 val_prec_macro=0.4289 val_rec_macro=0.3819 val_metric_name=acc val_metric=0.4638
Step 2400 | loss 0.7873 | val_acc=0.4684 val_loss=1.7471 val_f1_macro=0.3989 val_f1_weighted=0.4597 val_prec_macro=0.4297 val_rec_macro=0.3855 val_metric_name=acc val_metric=0.4684
Step 2450 | loss 0.7722 | val_acc=0.4691 val_loss=1.7587 val_f1_macro=0.4002 val_f1_weighted=0.4603 val_prec_macro=0.4330 val_rec_macro=0.3861 val_metric_name=acc val_metric=0.4691
Step 2500 | loss 0.7604 | val_acc=0.4692 val_loss=1.7751 val_f1_macro=0.4018 val_f1_weighted=0.4608 val_prec_macro=0.4336 val_rec_macro=0.3879 val_metric_name=acc val_metric=0.4692
Step 2550 | loss 0.7494 | val_acc=0.4707 val_loss=1.7932 val_f1_macro=0.4039 val_f1_weighted=0.4626 val_prec_macro=0.4342 val_rec_macro=0.3904 val_metric_name=acc val_metric=0.4707
Step 2600 | loss 0.7413 | val_acc=0.4728 val_loss=1.8038 val_f1_macro=0.4074 val_f1_weighted=0.4652 val_prec_macro=0.4368 val_rec_macro=0.3937 val_metric_name=acc val_metric=0.4728
Step 2650 | loss 0.7270 | val_acc=0.4733 val_loss=1.8212 val_f1_macro=0.4085 val_f1_weighted=0.4656 val_prec_macro=0.4380 val_rec_macro=0.3948 val_metric_name=acc val_metric=0.4733
Step 2700 | loss 0.7156 | val_acc=0.4736 val_loss=1.8323 val_f1_macro=0.4096 val_f1_weighted=0.4664 val_prec_macro=0.4368 val_rec_macro=0.3965 val_metric_name=acc val_metric=0.4736
Step 2750 | loss 0.7008 | val_acc=0.4764 val_loss=1.8529 val_f1_macro=0.4122 val_f1_weighted=0.4688 val_prec_macro=0.4417 val_rec_macro=0.3984 val_metric_name=acc val_metric=0.4764
Step 2800 | loss 0.6886 | val_acc=0.4762 val_loss=1.8631 val_f1_macro=0.4140 val_f1_weighted=0.4693 val_prec_macro=0.4431 val_rec_macro=0.4001 val_metric_name=acc val_metric=0.4762
Step 2850 | loss 0.6822 | val_acc=0.4749 val_loss=1.8834 val_f1_macro=0.4110 val_f1_weighted=0.4678 val_prec_macro=0.4382 val_rec_macro=0.3979 val_metric_name=acc val_metric=0.4749
Step 2900 | loss 0.6657 | val_acc=0.4764 val_loss=1.8959 val_f1_macro=0.4123 val_f1_weighted=0.4693 val_prec_macro=0.4404 val_rec_macro=0.3989 val_metric_name=acc val_metric=0.4764
Step 2950 | loss 0.6625 | val_acc=0.4767 val_loss=1.9053 val_f1_macro=0.4125 val_f1_weighted=0.4696 val_prec_macro=0.4407 val_rec_macro=0.3989 val_metric_name=acc val_metric=0.4767
Step 3000 | loss 0.6445 | val_acc=0.4784 val_loss=1.9165 val_f1_macro=0.4137 val_f1_weighted=0.4712 val_prec_macro=0.4419 val_rec_macro=0.4001 val_metric_name=acc val_metric=0.4784
Step 3050 | loss 0.6435 | val_acc=0.4782 val_loss=1.9335 val_f1_macro=0.4127 val_f1_weighted=0.4711 val_prec_macro=0.4397 val_rec_macro=0.3995 val_metric_name=acc val_metric=0.4782
Step 3100 | loss 0.6323 | val_acc=0.4798 val_loss=1.9501 val_f1_macro=0.4152 val_f1_weighted=0.4731 val_prec_macro=0.4405 val_rec_macro=0.4024 val_metric_name=acc val_metric=0.4798
Step 3150 | loss 0.6204 | val_acc=0.4806 val_loss=1.9604 val_f1_macro=0.4164 val_f1_weighted=0.4739 val_prec_macro=0.4430 val_rec_macro=0.4031 val_metric_name=acc val_metric=0.4806
Step 3200 | loss 0.6094 | val_acc=0.4795 val_loss=1.9745 val_f1_macro=0.4177 val_f1_weighted=0.4730 val_prec_macro=0.4436 val_rec_macro=0.4045 val_metric_name=acc val_metric=0.4795
Step 3250 | loss 0.6032 | val_acc=0.4787 val_loss=1.9776 val_f1_macro=0.4174 val_f1_weighted=0.4723 val_prec_macro=0.4437 val_rec_macro=0.4039 val_metric_name=acc val_metric=0.4787
Step 3300 | loss 0.5923 | val_acc=0.4784 val_loss=1.9980 val_f1_macro=0.4172 val_f1_weighted=0.4723 val_prec_macro=0.4417 val_rec_macro=0.4044 val_metric_name=acc val_metric=0.4784
Step 3350 | loss 0.5814 | val_acc=0.4792 val_loss=2.0074 val_f1_macro=0.4174 val_f1_weighted=0.4729 val_prec_macro=0.4435 val_rec_macro=0.4039 val_metric_name=acc val_metric=0.4792
Step 3400 | loss 0.5726 | val_acc=0.4793 val_loss=2.0198 val_f1_macro=0.4178 val_f1_weighted=0.4730 val_prec_macro=0.4444 val_rec_macro=0.4042 val_metric_name=acc val_metric=0.4793
Step 3450 | loss 0.5656 | val_acc=0.4793 val_loss=2.0320 val_f1_macro=0.4165 val_f1_weighted=0.4730 val_prec_macro=0.4418 val_rec_macro=0.4034 val_metric_name=acc val_metric=0.4793
Step 3500 | loss 0.5557 | val_acc=0.4805 val_loss=2.0394 val_f1_macro=0.4199 val_f1_weighted=0.4744 val_prec_macro=0.4461 val_rec_macro=0.4062 val_metric_name=acc val_metric=0.4805
Step 3550 | loss 0.5554 | val_acc=0.4815 val_loss=2.0518 val_f1_macro=0.4198 val_f1_weighted=0.4755 val_prec_macro=0.4453 val_rec_macro=0.4065 val_metric_name=acc val_metric=0.4815
Step 3600 | loss 0.5458 | val_acc=0.4821 val_loss=2.0601 val_f1_macro=0.4215 val_f1_weighted=0.4764 val_prec_macro=0.4456 val_rec_macro=0.4084 val_metric_name=acc val_metric=0.4821
Step 3650 | loss 0.5327 | val_acc=0.4828 val_loss=2.0709 val_f1_macro=0.4240 val_f1_weighted=0.4772 val_prec_macro=0.4487 val_rec_macro=0.4107 val_metric_name=acc val_metric=0.4828
Step 3700 | loss 0.5305 | val_acc=0.4831 val_loss=2.0833 val_f1_macro=0.4227 val_f1_weighted=0.4773 val_prec_macro=0.4469 val_rec_macro=0.4097 val_metric_name=acc val_metric=0.4831
Step 3750 | loss 0.5191 | val_acc=0.4820 val_loss=2.0975 val_f1_macro=0.4214 val_f1_weighted=0.4761 val_prec_macro=0.4472 val_rec_macro=0.4079 val_metric_name=acc val_metric=0.4820
Step 3800 | loss 0.5117 | val_acc=0.4839 val_loss=2.1000 val_f1_macro=0.4231 val_f1_weighted=0.4783 val_prec_macro=0.4475 val_rec_macro=0.4100 val_metric_name=acc val_metric=0.4839
Step 3850 | loss 0.5058 | val_acc=0.4852 val_loss=2.1078 val_f1_macro=0.4235 val_f1_weighted=0.4795 val_prec_macro=0.4484 val_rec_macro=0.4103 val_metric_name=acc val_metric=0.4852
Step 3900 | loss 0.4990 | val_acc=0.4862 val_loss=2.1217 val_f1_macro=0.4248 val_f1_weighted=0.4803 val_prec_macro=0.4509 val_rec_macro=0.4109 val_metric_name=acc val_metric=0.4862
Step 3950 | loss 0.4954 | val_acc=0.4857 val_loss=2.1298 val_f1_macro=0.4252 val_f1_weighted=0.4801 val_prec_macro=0.4504 val_rec_macro=0.4117 val_metric_name=acc val_metric=0.4857
Step 4000 | loss 0.4928 | val_acc=0.4846 val_loss=2.1406 val_f1_macro=0.4244 val_f1_weighted=0.4792 val_prec_macro=0.4497 val_rec_macro=0.4109 val_metric_name=acc val_metric=0.4846
Step 4050 | loss 0.4902 | val_acc=0.4857 val_loss=2.1433 val_f1_macro=0.4264 val_f1_weighted=0.4803 val_prec_macro=0.4522 val_rec_macro=0.4124 val_metric_name=acc val_metric=0.4857
Step 4100 | loss 0.4769 | val_acc=0.4841 val_loss=2.1546 val_f1_macro=0.4245 val_f1_weighted=0.4787 val_prec_macro=0.4491 val_rec_macro=0.4112 val_metric_name=acc val_metric=0.4841
Step 4150 | loss 0.4786 | val_acc=0.4821 val_loss=2.1648 val_f1_macro=0.4243 val_f1_weighted=0.4770 val_prec_macro=0.4493 val_rec_macro=0.4106 val_metric_name=acc val_metric=0.4821
Step 4200 | loss 0.4679 | val_acc=0.4833 val_loss=2.1783 val_f1_macro=0.4239 val_f1_weighted=0.4779 val_prec_macro=0.4502 val_rec_macro=0.4099 val_metric_name=acc val_metric=0.4833
Step 4250 | loss 0.4616 | val_acc=0.4834 val_loss=2.1827 val_f1_macro=0.4239 val_f1_weighted=0.4780 val_prec_macro=0.4499 val_rec_macro=0.4100 val_metric_name=acc val_metric=0.4834
Early stopping at step 4260

--- Final (best ckpt @ step 3960) ---
  train_acc=0.9768 train_loss=0.0826 train_f1_macro=0.9764 train_f1_weighted=0.9768 train_prec_macro=0.9737 train_rec_macro=0.9793 train_metric_name=acc train_metric=0.9768
  val_acc=0.4865 val_loss=2.1298 val_f1_macro=0.4260 val_f1_weighted=0.4807 val_prec_macro=0.4522 val_rec_macro=0.4121 val_metric_name=acc val_metric=0.4865
  test_acc=0.4813 test_loss=2.1181 test_f1_macro=0.4227 test_f1_weighted=0.4754 test_prec_macro=0.4525 test_rec_macro=0.4076 test_metric_name=acc test_metric=0.4813
  test_acc=0.4813

============================================================
Training TABM-amazon-ratings ResNet 4L h=512 lr=3e-05 split=8
============================================================
Step    1 | loss 2.2710 | val_acc=0.3309 val_loss=1.6327 val_f1_macro=0.1534 val_f1_weighted=0.2417 val_prec_macro=0.1913 val_rec_macro=0.1947 val_metric_name=acc val_metric=0.3309
Step   50 | loss 1.5617 | val_acc=0.3725 val_loss=1.4133 val_f1_macro=0.1314 val_f1_weighted=0.2296 val_prec_macro=0.1502 val_rec_macro=0.2065 val_metric_name=acc val_metric=0.3725
Step  100 | loss 1.4865 | val_acc=0.3715 val_loss=1.4007 val_f1_macro=0.1294 val_f1_weighted=0.2268 val_prec_macro=0.1517 val_rec_macro=0.2056 val_metric_name=acc val_metric=0.3715
Step  150 | loss 1.4548 | val_acc=0.3727 val_loss=1.3947 val_f1_macro=0.1361 val_f1_weighted=0.2356 val_prec_macro=0.1509 val_rec_macro=0.2076 val_metric_name=acc val_metric=0.3727
Step  200 | loss 1.4376 | val_acc=0.3751 val_loss=1.3912 val_f1_macro=0.1478 val_f1_weighted=0.2508 val_prec_macro=0.1545 val_rec_macro=0.2117 val_metric_name=acc val_metric=0.3751
Step  250 | loss 1.4256 | val_acc=0.3841 val_loss=1.3880 val_f1_macro=0.1611 val_f1_weighted=0.2688 val_prec_macro=0.1615 val_rec_macro=0.2198 val_metric_name=acc val_metric=0.3841
Step  300 | loss 1.4175 | val_acc=0.3858 val_loss=1.3851 val_f1_macro=0.1691 val_f1_weighted=0.2792 val_prec_macro=0.2593 val_rec_macro=0.2237 val_metric_name=acc val_metric=0.3858
Step  350 | loss 1.4086 | val_acc=0.3866 val_loss=1.3825 val_f1_macro=0.1727 val_f1_weighted=0.2836 val_prec_macro=0.2591 val_rec_macro=0.2257 val_metric_name=acc val_metric=0.3866
Step  400 | loss 1.4013 | val_acc=0.3902 val_loss=1.3807 val_f1_macro=0.1785 val_f1_weighted=0.2910 val_prec_macro=0.2372 val_rec_macro=0.2298 val_metric_name=acc val_metric=0.3902
Step  450 | loss 1.3941 | val_acc=0.3926 val_loss=1.3787 val_f1_macro=0.1821 val_f1_weighted=0.2957 val_prec_macro=0.2375 val_rec_macro=0.2324 val_metric_name=acc val_metric=0.3926
Step  500 | loss 1.3878 | val_acc=0.3931 val_loss=1.3770 val_f1_macro=0.1864 val_f1_weighted=0.3007 val_prec_macro=0.2447 val_rec_macro=0.2346 val_metric_name=acc val_metric=0.3931
Step  550 | loss 1.3826 | val_acc=0.3933 val_loss=1.3753 val_f1_macro=0.1891 val_f1_weighted=0.3039 val_prec_macro=0.2370 val_rec_macro=0.2360 val_metric_name=acc val_metric=0.3933
Step  600 | loss 1.3735 | val_acc=0.3954 val_loss=1.3739 val_f1_macro=0.1943 val_f1_weighted=0.3095 val_prec_macro=0.4372 val_rec_macro=0.2388 val_metric_name=acc val_metric=0.3954
Step  650 | loss 1.3681 | val_acc=0.3960 val_loss=1.3726 val_f1_macro=0.1986 val_f1_weighted=0.3145 val_prec_macro=0.2790 val_rec_macro=0.2412 val_metric_name=acc val_metric=0.3960
Step  700 | loss 1.3589 | val_acc=0.3983 val_loss=1.3714 val_f1_macro=0.2037 val_f1_weighted=0.3197 val_prec_macro=0.2985 val_rec_macro=0.2438 val_metric_name=acc val_metric=0.3983
Step  750 | loss 1.3515 | val_acc=0.3982 val_loss=1.3703 val_f1_macro=0.2089 val_f1_weighted=0.3231 val_prec_macro=0.3146 val_rec_macro=0.2460 val_metric_name=acc val_metric=0.3982
Step  800 | loss 1.3451 | val_acc=0.3985 val_loss=1.3692 val_f1_macro=0.2125 val_f1_weighted=0.3263 val_prec_macro=0.3079 val_rec_macro=0.2479 val_metric_name=acc val_metric=0.3985
Step  850 | loss 1.3314 | val_acc=0.4019 val_loss=1.3678 val_f1_macro=0.2213 val_f1_weighted=0.3352 val_prec_macro=0.3174 val_rec_macro=0.2525 val_metric_name=acc val_metric=0.4019
Step  900 | loss 1.3224 | val_acc=0.4031 val_loss=1.3668 val_f1_macro=0.2284 val_f1_weighted=0.3402 val_prec_macro=0.3382 val_rec_macro=0.2563 val_metric_name=acc val_metric=0.4031
Step  950 | loss 1.3113 | val_acc=0.4052 val_loss=1.3654 val_f1_macro=0.2361 val_f1_weighted=0.3476 val_prec_macro=0.3396 val_rec_macro=0.2601 val_metric_name=acc val_metric=0.4052
Step 1000 | loss 1.2970 | val_acc=0.4086 val_loss=1.3657 val_f1_macro=0.2493 val_f1_weighted=0.3573 val_prec_macro=0.3665 val_rec_macro=0.2672 val_metric_name=acc val_metric=0.4086
Step 1050 | loss 1.2808 | val_acc=0.4148 val_loss=1.3663 val_f1_macro=0.2654 val_f1_weighted=0.3699 val_prec_macro=0.3903 val_rec_macro=0.2770 val_metric_name=acc val_metric=0.4148
Step 1100 | loss 1.2593 | val_acc=0.4160 val_loss=1.3683 val_f1_macro=0.2701 val_f1_weighted=0.3745 val_prec_macro=0.3714 val_rec_macro=0.2798 val_metric_name=acc val_metric=0.4160
Step 1150 | loss 1.2422 | val_acc=0.4204 val_loss=1.3728 val_f1_macro=0.2822 val_f1_weighted=0.3836 val_prec_macro=0.3787 val_rec_macro=0.2877 val_metric_name=acc val_metric=0.4204
Step 1200 | loss 1.2244 | val_acc=0.4225 val_loss=1.3776 val_f1_macro=0.2894 val_f1_weighted=0.3877 val_prec_macro=0.3817 val_rec_macro=0.2926 val_metric_name=acc val_metric=0.4225
Step 1250 | loss 1.2024 | val_acc=0.4232 val_loss=1.3851 val_f1_macro=0.3010 val_f1_weighted=0.3923 val_prec_macro=0.3889 val_rec_macro=0.3000 val_metric_name=acc val_metric=0.4232
Step 1300 | loss 1.1849 | val_acc=0.4272 val_loss=1.3944 val_f1_macro=0.3117 val_f1_weighted=0.3989 val_prec_macro=0.3978 val_rec_macro=0.3075 val_metric_name=acc val_metric=0.4272
Step 1350 | loss 1.1634 | val_acc=0.4294 val_loss=1.4033 val_f1_macro=0.3208 val_f1_weighted=0.4046 val_prec_macro=0.4012 val_rec_macro=0.3138 val_metric_name=acc val_metric=0.4294
Step 1400 | loss 1.1423 | val_acc=0.4315 val_loss=1.4152 val_f1_macro=0.3278 val_f1_weighted=0.4091 val_prec_macro=0.4026 val_rec_macro=0.3193 val_metric_name=acc val_metric=0.4315
Step 1450 | loss 1.1156 | val_acc=0.4349 val_loss=1.4281 val_f1_macro=0.3362 val_f1_weighted=0.4142 val_prec_macro=0.4050 val_rec_macro=0.3263 val_metric_name=acc val_metric=0.4349
Step 1500 | loss 1.1030 | val_acc=0.4370 val_loss=1.4398 val_f1_macro=0.3443 val_f1_weighted=0.4178 val_prec_macro=0.4062 val_rec_macro=0.3326 val_metric_name=acc val_metric=0.4370
Step 1550 | loss 1.0771 | val_acc=0.4385 val_loss=1.4518 val_f1_macro=0.3474 val_f1_weighted=0.4202 val_prec_macro=0.4067 val_rec_macro=0.3353 val_metric_name=acc val_metric=0.4385
Step 1600 | loss 1.0598 | val_acc=0.4408 val_loss=1.4670 val_f1_macro=0.3517 val_f1_weighted=0.4236 val_prec_macro=0.4084 val_rec_macro=0.3393 val_metric_name=acc val_metric=0.4408
Step 1650 | loss 1.0399 | val_acc=0.4439 val_loss=1.4818 val_f1_macro=0.3563 val_f1_weighted=0.4277 val_prec_macro=0.4124 val_rec_macro=0.3429 val_metric_name=acc val_metric=0.4439
Step 1700 | loss 1.0215 | val_acc=0.4483 val_loss=1.4959 val_f1_macro=0.3616 val_f1_weighted=0.4328 val_prec_macro=0.4182 val_rec_macro=0.3474 val_metric_name=acc val_metric=0.4483
Step 1750 | loss 0.9962 | val_acc=0.4501 val_loss=1.5160 val_f1_macro=0.3657 val_f1_weighted=0.4358 val_prec_macro=0.4200 val_rec_macro=0.3513 val_metric_name=acc val_metric=0.4501
Step 1800 | loss 0.9780 | val_acc=0.4503 val_loss=1.5297 val_f1_macro=0.3697 val_f1_weighted=0.4366 val_prec_macro=0.4244 val_rec_macro=0.3540 val_metric_name=acc val_metric=0.4503
Step 1850 | loss 0.9672 | val_acc=0.4516 val_loss=1.5478 val_f1_macro=0.3708 val_f1_weighted=0.4385 val_prec_macro=0.4220 val_rec_macro=0.3555 val_metric_name=acc val_metric=0.4516
Step 1900 | loss 0.9472 | val_acc=0.4548 val_loss=1.5662 val_f1_macro=0.3742 val_f1_weighted=0.4422 val_prec_macro=0.4239 val_rec_macro=0.3592 val_metric_name=acc val_metric=0.4548
Step 1950 | loss 0.9282 | val_acc=0.4573 val_loss=1.5828 val_f1_macro=0.3789 val_f1_weighted=0.4455 val_prec_macro=0.4248 val_rec_macro=0.3639 val_metric_name=acc val_metric=0.4573
Step 2000 | loss 0.9168 | val_acc=0.4573 val_loss=1.5967 val_f1_macro=0.3804 val_f1_weighted=0.4460 val_prec_macro=0.4247 val_rec_macro=0.3651 val_metric_name=acc val_metric=0.4573
Step 2050 | loss 0.8951 | val_acc=0.4581 val_loss=1.6131 val_f1_macro=0.3817 val_f1_weighted=0.4473 val_prec_macro=0.4241 val_rec_macro=0.3667 val_metric_name=acc val_metric=0.4581
Step 2100 | loss 0.8844 | val_acc=0.4588 val_loss=1.6352 val_f1_macro=0.3841 val_f1_weighted=0.4484 val_prec_macro=0.4242 val_rec_macro=0.3693 val_metric_name=acc val_metric=0.4588
Step 2150 | loss 0.8609 | val_acc=0.4601 val_loss=1.6548 val_f1_macro=0.3844 val_f1_weighted=0.4494 val_prec_macro=0.4230 val_rec_macro=0.3702 val_metric_name=acc val_metric=0.4601
Step 2200 | loss 0.8496 | val_acc=0.4601 val_loss=1.6761 val_f1_macro=0.3844 val_f1_weighted=0.4496 val_prec_macro=0.4228 val_rec_macro=0.3702 val_metric_name=acc val_metric=0.4601
Step 2250 | loss 0.8340 | val_acc=0.4607 val_loss=1.6906 val_f1_macro=0.3865 val_f1_weighted=0.4506 val_prec_macro=0.4229 val_rec_macro=0.3723 val_metric_name=acc val_metric=0.4607
Step 2300 | loss 0.8200 | val_acc=0.4627 val_loss=1.7048 val_f1_macro=0.3899 val_f1_weighted=0.4529 val_prec_macro=0.4264 val_rec_macro=0.3756 val_metric_name=acc val_metric=0.4627
Step 2350 | loss 0.8037 | val_acc=0.4642 val_loss=1.7179 val_f1_macro=0.3929 val_f1_weighted=0.4543 val_prec_macro=0.4300 val_rec_macro=0.3781 val_metric_name=acc val_metric=0.4642
Step 2400 | loss 0.7868 | val_acc=0.4640 val_loss=1.7407 val_f1_macro=0.3941 val_f1_weighted=0.4550 val_prec_macro=0.4300 val_rec_macro=0.3792 val_metric_name=acc val_metric=0.4640
Step 2450 | loss 0.7729 | val_acc=0.4677 val_loss=1.7575 val_f1_macro=0.3958 val_f1_weighted=0.4585 val_prec_macro=0.4301 val_rec_macro=0.3814 val_metric_name=acc val_metric=0.4677
Step 2500 | loss 0.7623 | val_acc=0.4679 val_loss=1.7731 val_f1_macro=0.3962 val_f1_weighted=0.4584 val_prec_macro=0.4315 val_rec_macro=0.3818 val_metric_name=acc val_metric=0.4679
Step 2550 | loss 0.7543 | val_acc=0.4710 val_loss=1.7870 val_f1_macro=0.3999 val_f1_weighted=0.4620 val_prec_macro=0.4330 val_rec_macro=0.3859 val_metric_name=acc val_metric=0.4710
Step 2600 | loss 0.7407 | val_acc=0.4700 val_loss=1.8042 val_f1_macro=0.3995 val_f1_weighted=0.4611 val_prec_macro=0.4315 val_rec_macro=0.3858 val_metric_name=acc val_metric=0.4700
Step 2650 | loss 0.7226 | val_acc=0.4723 val_loss=1.8272 val_f1_macro=0.4014 val_f1_weighted=0.4640 val_prec_macro=0.4313 val_rec_macro=0.3882 val_metric_name=acc val_metric=0.4723
Step 2700 | loss 0.7117 | val_acc=0.4726 val_loss=1.8366 val_f1_macro=0.4022 val_f1_weighted=0.4644 val_prec_macro=0.4310 val_rec_macro=0.3894 val_metric_name=acc val_metric=0.4726
Step 2750 | loss 0.6991 | val_acc=0.4767 val_loss=1.8593 val_f1_macro=0.4060 val_f1_weighted=0.4683 val_prec_macro=0.4368 val_rec_macro=0.3924 val_metric_name=acc val_metric=0.4767
Step 2800 | loss 0.6896 | val_acc=0.4762 val_loss=1.8763 val_f1_macro=0.4058 val_f1_weighted=0.4681 val_prec_macro=0.4356 val_rec_macro=0.3925 val_metric_name=acc val_metric=0.4762
Step 2850 | loss 0.6842 | val_acc=0.4789 val_loss=1.8881 val_f1_macro=0.4073 val_f1_weighted=0.4705 val_prec_macro=0.4368 val_rec_macro=0.3942 val_metric_name=acc val_metric=0.4789
Step 2900 | loss 0.6635 | val_acc=0.4798 val_loss=1.9014 val_f1_macro=0.4100 val_f1_weighted=0.4720 val_prec_macro=0.4388 val_rec_macro=0.3968 val_metric_name=acc val_metric=0.4798
Step 2950 | loss 0.6578 | val_acc=0.4790 val_loss=1.9168 val_f1_macro=0.4092 val_f1_weighted=0.4713 val_prec_macro=0.4367 val_rec_macro=0.3965 val_metric_name=acc val_metric=0.4790
Step 3000 | loss 0.6506 | val_acc=0.4806 val_loss=1.9392 val_f1_macro=0.4118 val_f1_weighted=0.4731 val_prec_macro=0.4387 val_rec_macro=0.3991 val_metric_name=acc val_metric=0.4806
Step 3050 | loss 0.6375 | val_acc=0.4805 val_loss=1.9534 val_f1_macro=0.4114 val_f1_weighted=0.4729 val_prec_macro=0.4394 val_rec_macro=0.3986 val_metric_name=acc val_metric=0.4805
Step 3100 | loss 0.6272 | val_acc=0.4808 val_loss=1.9581 val_f1_macro=0.4117 val_f1_weighted=0.4739 val_prec_macro=0.4357 val_rec_macro=0.3999 val_metric_name=acc val_metric=0.4808
Step 3150 | loss 0.6153 | val_acc=0.4818 val_loss=1.9770 val_f1_macro=0.4125 val_f1_weighted=0.4748 val_prec_macro=0.4372 val_rec_macro=0.4005 val_metric_name=acc val_metric=0.4818
Step 3200 | loss 0.6062 | val_acc=0.4800 val_loss=1.9967 val_f1_macro=0.4103 val_f1_weighted=0.4727 val_prec_macro=0.4353 val_rec_macro=0.3982 val_metric_name=acc val_metric=0.4800
Step 3250 | loss 0.5965 | val_acc=0.4820 val_loss=2.0120 val_f1_macro=0.4122 val_f1_weighted=0.4751 val_prec_macro=0.4364 val_rec_macro=0.4006 val_metric_name=acc val_metric=0.4820
Step 3300 | loss 0.5989 | val_acc=0.4823 val_loss=2.0176 val_f1_macro=0.4120 val_f1_weighted=0.4753 val_prec_macro=0.4361 val_rec_macro=0.4002 val_metric_name=acc val_metric=0.4823
Step 3350 | loss 0.5771 | val_acc=0.4820 val_loss=2.0331 val_f1_macro=0.4125 val_f1_weighted=0.4752 val_prec_macro=0.4362 val_rec_macro=0.4006 val_metric_name=acc val_metric=0.4820
Step 3400 | loss 0.5717 | val_acc=0.4836 val_loss=2.0466 val_f1_macro=0.4142 val_f1_weighted=0.4766 val_prec_macro=0.4394 val_rec_macro=0.4018 val_metric_name=acc val_metric=0.4836
Step 3450 | loss 0.5660 | val_acc=0.4833 val_loss=2.0579 val_f1_macro=0.4144 val_f1_weighted=0.4764 val_prec_macro=0.4387 val_rec_macro=0.4024 val_metric_name=acc val_metric=0.4833
Step 3500 | loss 0.5537 | val_acc=0.4837 val_loss=2.0685 val_f1_macro=0.4155 val_f1_weighted=0.4770 val_prec_macro=0.4397 val_rec_macro=0.4036 val_metric_name=acc val_metric=0.4837
Step 3550 | loss 0.5435 | val_acc=0.4839 val_loss=2.0921 val_f1_macro=0.4152 val_f1_weighted=0.4770 val_prec_macro=0.4392 val_rec_macro=0.4034 val_metric_name=acc val_metric=0.4839
Step 3600 | loss 0.5377 | val_acc=0.4834 val_loss=2.0946 val_f1_macro=0.4149 val_f1_weighted=0.4768 val_prec_macro=0.4385 val_rec_macro=0.4032 val_metric_name=acc val_metric=0.4834
Step 3650 | loss 0.5274 | val_acc=0.4855 val_loss=2.1058 val_f1_macro=0.4171 val_f1_weighted=0.4787 val_prec_macro=0.4420 val_rec_macro=0.4049 val_metric_name=acc val_metric=0.4855
Step 3700 | loss 0.5220 | val_acc=0.4846 val_loss=2.1201 val_f1_macro=0.4167 val_f1_weighted=0.4775 val_prec_macro=0.4427 val_rec_macro=0.4040 val_metric_name=acc val_metric=0.4846
Step 3750 | loss 0.5155 | val_acc=0.4849 val_loss=2.1271 val_f1_macro=0.4172 val_f1_weighted=0.4784 val_prec_macro=0.4407 val_rec_macro=0.4055 val_metric_name=acc val_metric=0.4849
Step 3800 | loss 0.5076 | val_acc=0.4849 val_loss=2.1428 val_f1_macro=0.4177 val_f1_weighted=0.4784 val_prec_macro=0.4421 val_rec_macro=0.4055 val_metric_name=acc val_metric=0.4849
Step 3850 | loss 0.5004 | val_acc=0.4877 val_loss=2.1539 val_f1_macro=0.4198 val_f1_weighted=0.4810 val_prec_macro=0.4446 val_rec_macro=0.4074 val_metric_name=acc val_metric=0.4877
Step 3900 | loss 0.4956 | val_acc=0.4864 val_loss=2.1687 val_f1_macro=0.4189 val_f1_weighted=0.4798 val_prec_macro=0.4437 val_rec_macro=0.4065 val_metric_name=acc val_metric=0.4864
Step 3950 | loss 0.4909 | val_acc=0.4854 val_loss=2.1778 val_f1_macro=0.4182 val_f1_weighted=0.4789 val_prec_macro=0.4431 val_rec_macro=0.4055 val_metric_name=acc val_metric=0.4854
Step 4000 | loss 0.4793 | val_acc=0.4870 val_loss=2.1849 val_f1_macro=0.4203 val_f1_weighted=0.4808 val_prec_macro=0.4442 val_rec_macro=0.4079 val_metric_name=acc val_metric=0.4870
Step 4050 | loss 0.4723 | val_acc=0.4875 val_loss=2.1982 val_f1_macro=0.4202 val_f1_weighted=0.4810 val_prec_macro=0.4452 val_rec_macro=0.4077 val_metric_name=acc val_metric=0.4875
Step 4100 | loss 0.4704 | val_acc=0.4869 val_loss=2.2080 val_f1_macro=0.4202 val_f1_weighted=0.4804 val_prec_macro=0.4458 val_rec_macro=0.4073 val_metric_name=acc val_metric=0.4869
Step 4150 | loss 0.4745 | val_acc=0.4851 val_loss=2.2089 val_f1_macro=0.4187 val_f1_weighted=0.4787 val_prec_macro=0.4435 val_rec_macro=0.4061 val_metric_name=acc val_metric=0.4851
Step 4200 | loss 0.4614 | val_acc=0.4854 val_loss=2.2283 val_f1_macro=0.4198 val_f1_weighted=0.4790 val_prec_macro=0.4448 val_rec_macro=0.4070 val_metric_name=acc val_metric=0.4854
Step 4250 | loss 0.4533 | val_acc=0.4873 val_loss=2.2356 val_f1_macro=0.4219 val_f1_weighted=0.4811 val_prec_macro=0.4475 val_rec_macro=0.4087 val_metric_name=acc val_metric=0.4873
Step 4300 | loss 0.4539 | val_acc=0.4882 val_loss=2.2404 val_f1_macro=0.4227 val_f1_weighted=0.4819 val_prec_macro=0.4480 val_rec_macro=0.4095 val_metric_name=acc val_metric=0.4882
Step 4350 | loss 0.4471 | val_acc=0.4890 val_loss=2.2508 val_f1_macro=0.4231 val_f1_weighted=0.4828 val_prec_macro=0.4488 val_rec_macro=0.4099 val_metric_name=acc val_metric=0.4890
Step 4400 | loss 0.4330 | val_acc=0.4886 val_loss=2.2621 val_f1_macro=0.4234 val_f1_weighted=0.4823 val_prec_macro=0.4499 val_rec_macro=0.4098 val_metric_name=acc val_metric=0.4886
Step 4450 | loss 0.4317 | val_acc=0.4891 val_loss=2.2661 val_f1_macro=0.4236 val_f1_weighted=0.4827 val_prec_macro=0.4506 val_rec_macro=0.4099 val_metric_name=acc val_metric=0.4891
Step 4500 | loss 0.4263 | val_acc=0.4896 val_loss=2.2770 val_f1_macro=0.4238 val_f1_weighted=0.4835 val_prec_macro=0.4493 val_rec_macro=0.4106 val_metric_name=acc val_metric=0.4896
Step 4550 | loss 0.4252 | val_acc=0.4891 val_loss=2.2776 val_f1_macro=0.4234 val_f1_weighted=0.4830 val_prec_macro=0.4484 val_rec_macro=0.4103 val_metric_name=acc val_metric=0.4891
Step 4600 | loss 0.4164 | val_acc=0.4898 val_loss=2.2884 val_f1_macro=0.4238 val_f1_weighted=0.4834 val_prec_macro=0.4499 val_rec_macro=0.4103 val_metric_name=acc val_metric=0.4898
Step 4650 | loss 0.4132 | val_acc=0.4898 val_loss=2.2956 val_f1_macro=0.4246 val_f1_weighted=0.4837 val_prec_macro=0.4502 val_rec_macro=0.4112 val_metric_name=acc val_metric=0.4898
Step 4700 | loss 0.4064 | val_acc=0.4877 val_loss=2.3022 val_f1_macro=0.4226 val_f1_weighted=0.4814 val_prec_macro=0.4486 val_rec_macro=0.4091 val_metric_name=acc val_metric=0.4877
Early stopping at step 4730

--- Final (best ckpt @ step 4430) ---
  train_acc=0.9866 train_loss=0.0499 train_f1_macro=0.9854 train_f1_weighted=0.9866 train_prec_macro=0.9819 train_rec_macro=0.9892 train_metric_name=acc train_metric=0.9866
  val_acc=0.4909 val_loss=2.2592 val_f1_macro=0.4255 val_f1_weighted=0.4848 val_prec_macro=0.4513 val_rec_macro=0.4120 val_metric_name=acc val_metric=0.4909
  test_acc=0.4854 test_loss=2.2613 test_f1_macro=0.4296 test_f1_weighted=0.4793 test_prec_macro=0.4637 test_rec_macro=0.4122 test_metric_name=acc test_metric=0.4854
  test_acc=0.4854

============================================================
Training TABM-amazon-ratings ResNet 5L h=512 lr=3e-05 split=8
============================================================
Step    1 | loss 2.3473 | val_acc=0.3216 val_loss=1.5849 val_f1_macro=0.1723 val_f1_weighted=0.2639 val_prec_macro=0.1985 val_rec_macro=0.1961 val_metric_name=acc val_metric=0.3216
Step   50 | loss 1.5543 | val_acc=0.3702 val_loss=1.4106 val_f1_macro=0.1293 val_f1_weighted=0.2264 val_prec_macro=0.2496 val_rec_macro=0.2049 val_metric_name=acc val_metric=0.3702
Step  100 | loss 1.4746 | val_acc=0.3698 val_loss=1.3976 val_f1_macro=0.1297 val_f1_weighted=0.2270 val_prec_macro=0.1476 val_rec_macro=0.2048 val_metric_name=acc val_metric=0.3698
Step  150 | loss 1.4470 | val_acc=0.3738 val_loss=1.3927 val_f1_macro=0.1408 val_f1_weighted=0.2417 val_prec_macro=0.1546 val_rec_macro=0.2092 val_metric_name=acc val_metric=0.3738
Step  200 | loss 1.4344 | val_acc=0.3758 val_loss=1.3897 val_f1_macro=0.1478 val_f1_weighted=0.2509 val_prec_macro=0.1565 val_rec_macro=0.2120 val_metric_name=acc val_metric=0.3758
Step  250 | loss 1.4208 | val_acc=0.3771 val_loss=1.3869 val_f1_macro=0.1556 val_f1_weighted=0.2610 val_prec_macro=0.2551 val_rec_macro=0.2150 val_metric_name=acc val_metric=0.3771
Step  300 | loss 1.4125 | val_acc=0.3797 val_loss=1.3843 val_f1_macro=0.1614 val_f1_weighted=0.2686 val_prec_macro=0.2230 val_rec_macro=0.2181 val_metric_name=acc val_metric=0.3797
Step  350 | loss 1.4042 | val_acc=0.3831 val_loss=1.3819 val_f1_macro=0.1681 val_f1_weighted=0.2774 val_prec_macro=0.2150 val_rec_macro=0.2221 val_metric_name=acc val_metric=0.3831
Step  400 | loss 1.3972 | val_acc=0.3846 val_loss=1.3797 val_f1_macro=0.1729 val_f1_weighted=0.2833 val_prec_macro=0.2323 val_rec_macro=0.2246 val_metric_name=acc val_metric=0.3846
Step  450 | loss 1.3928 | val_acc=0.3880 val_loss=1.3778 val_f1_macro=0.1798 val_f1_weighted=0.2920 val_prec_macro=0.2450 val_rec_macro=0.2289 val_metric_name=acc val_metric=0.3880
Step  500 | loss 1.3858 | val_acc=0.3903 val_loss=1.3760 val_f1_macro=0.1839 val_f1_weighted=0.2971 val_prec_macro=0.2420 val_rec_macro=0.2313 val_metric_name=acc val_metric=0.3903
Step  550 | loss 1.3771 | val_acc=0.3916 val_loss=1.3746 val_f1_macro=0.1893 val_f1_weighted=0.3030 val_prec_macro=0.4406 val_rec_macro=0.2338 val_metric_name=acc val_metric=0.3916
Step  600 | loss 1.3733 | val_acc=0.3936 val_loss=1.3732 val_f1_macro=0.1931 val_f1_weighted=0.3078 val_prec_macro=0.4374 val_rec_macro=0.2364 val_metric_name=acc val_metric=0.3936
Step  650 | loss 1.3673 | val_acc=0.3959 val_loss=1.3720 val_f1_macro=0.2008 val_f1_weighted=0.3159 val_prec_macro=0.3831 val_rec_macro=0.2403 val_metric_name=acc val_metric=0.3959
Step  700 | loss 1.3584 | val_acc=0.3987 val_loss=1.3709 val_f1_macro=0.2103 val_f1_weighted=0.3261 val_prec_macro=0.3460 val_rec_macro=0.2454 val_metric_name=acc val_metric=0.3987
Step  750 | loss 1.3523 | val_acc=0.3980 val_loss=1.3695 val_f1_macro=0.2143 val_f1_weighted=0.3291 val_prec_macro=0.3104 val_rec_macro=0.2465 val_metric_name=acc val_metric=0.3980
Step  800 | loss 1.3412 | val_acc=0.3983 val_loss=1.3685 val_f1_macro=0.2197 val_f1_weighted=0.3336 val_prec_macro=0.3143 val_rec_macro=0.2491 val_metric_name=acc val_metric=0.3983
Step  850 | loss 1.3319 | val_acc=0.3992 val_loss=1.3673 val_f1_macro=0.2244 val_f1_weighted=0.3386 val_prec_macro=0.3015 val_rec_macro=0.2517 val_metric_name=acc val_metric=0.3992
Step  900 | loss 1.3199 | val_acc=0.4026 val_loss=1.3663 val_f1_macro=0.2376 val_f1_weighted=0.3501 val_prec_macro=0.3122 val_rec_macro=0.2588 val_metric_name=acc val_metric=0.4026
Step  950 | loss 1.3057 | val_acc=0.4070 val_loss=1.3652 val_f1_macro=0.2468 val_f1_weighted=0.3590 val_prec_macro=0.3380 val_rec_macro=0.2646 val_metric_name=acc val_metric=0.4070
Step 1000 | loss 1.2901 | val_acc=0.4132 val_loss=1.3653 val_f1_macro=0.2613 val_f1_weighted=0.3703 val_prec_macro=0.3614 val_rec_macro=0.2738 val_metric_name=acc val_metric=0.4132
Step 1050 | loss 1.2775 | val_acc=0.4147 val_loss=1.3658 val_f1_macro=0.2710 val_f1_weighted=0.3772 val_prec_macro=0.3647 val_rec_macro=0.2795 val_metric_name=acc val_metric=0.4147
Step 1100 | loss 1.2579 | val_acc=0.4143 val_loss=1.3686 val_f1_macro=0.2778 val_f1_weighted=0.3812 val_prec_macro=0.3601 val_rec_macro=0.2834 val_metric_name=acc val_metric=0.4143
Step 1150 | loss 1.2392 | val_acc=0.4183 val_loss=1.3722 val_f1_macro=0.2864 val_f1_weighted=0.3882 val_prec_macro=0.3616 val_rec_macro=0.2898 val_metric_name=acc val_metric=0.4183
Step 1200 | loss 1.2130 | val_acc=0.4189 val_loss=1.3787 val_f1_macro=0.2991 val_f1_weighted=0.3920 val_prec_macro=0.3861 val_rec_macro=0.2976 val_metric_name=acc val_metric=0.4189
Step 1250 | loss 1.1983 | val_acc=0.4217 val_loss=1.3861 val_f1_macro=0.3115 val_f1_weighted=0.3980 val_prec_macro=0.3949 val_rec_macro=0.3063 val_metric_name=acc val_metric=0.4217
Step 1300 | loss 1.1784 | val_acc=0.4259 val_loss=1.3965 val_f1_macro=0.3224 val_f1_weighted=0.4052 val_prec_macro=0.4017 val_rec_macro=0.3148 val_metric_name=acc val_metric=0.4259
Step 1350 | loss 1.1543 | val_acc=0.4264 val_loss=1.4056 val_f1_macro=0.3284 val_f1_weighted=0.4075 val_prec_macro=0.4023 val_rec_macro=0.3191 val_metric_name=acc val_metric=0.4264
Step 1400 | loss 1.1358 | val_acc=0.4282 val_loss=1.4153 val_f1_macro=0.3358 val_f1_weighted=0.4110 val_prec_macro=0.4040 val_rec_macro=0.3249 val_metric_name=acc val_metric=0.4282
Step 1450 | loss 1.1124 | val_acc=0.4323 val_loss=1.4289 val_f1_macro=0.3415 val_f1_weighted=0.4161 val_prec_macro=0.4104 val_rec_macro=0.3302 val_metric_name=acc val_metric=0.4323
Step 1500 | loss 1.0883 | val_acc=0.4348 val_loss=1.4421 val_f1_macro=0.3459 val_f1_weighted=0.4200 val_prec_macro=0.4057 val_rec_macro=0.3338 val_metric_name=acc val_metric=0.4348
Step 1550 | loss 1.0663 | val_acc=0.4390 val_loss=1.4540 val_f1_macro=0.3552 val_f1_weighted=0.4259 val_prec_macro=0.4131 val_rec_macro=0.3417 val_metric_name=acc val_metric=0.4390
Step 1600 | loss 1.0517 | val_acc=0.4432 val_loss=1.4720 val_f1_macro=0.3600 val_f1_weighted=0.4310 val_prec_macro=0.4131 val_rec_macro=0.3470 val_metric_name=acc val_metric=0.4432
Step 1650 | loss 1.0256 | val_acc=0.4455 val_loss=1.4821 val_f1_macro=0.3653 val_f1_weighted=0.4340 val_prec_macro=0.4161 val_rec_macro=0.3513 val_metric_name=acc val_metric=0.4455
Step 1700 | loss 1.0098 | val_acc=0.4493 val_loss=1.5010 val_f1_macro=0.3712 val_f1_weighted=0.4384 val_prec_macro=0.4196 val_rec_macro=0.3571 val_metric_name=acc val_metric=0.4493
Step 1750 | loss 0.9922 | val_acc=0.4522 val_loss=1.5177 val_f1_macro=0.3742 val_f1_weighted=0.4415 val_prec_macro=0.4223 val_rec_macro=0.3597 val_metric_name=acc val_metric=0.4522
Step 1800 | loss 0.9776 | val_acc=0.4519 val_loss=1.5363 val_f1_macro=0.3750 val_f1_weighted=0.4418 val_prec_macro=0.4194 val_rec_macro=0.3611 val_metric_name=acc val_metric=0.4519
Step 1850 | loss 0.9554 | val_acc=0.4519 val_loss=1.5519 val_f1_macro=0.3765 val_f1_weighted=0.4423 val_prec_macro=0.4191 val_rec_macro=0.3623 val_metric_name=acc val_metric=0.4519
Step 1900 | loss 0.9364 | val_acc=0.4535 val_loss=1.5691 val_f1_macro=0.3788 val_f1_weighted=0.4444 val_prec_macro=0.4183 val_rec_macro=0.3648 val_metric_name=acc val_metric=0.4535
Step 1950 | loss 0.9194 | val_acc=0.4553 val_loss=1.5850 val_f1_macro=0.3808 val_f1_weighted=0.4461 val_prec_macro=0.4192 val_rec_macro=0.3668 val_metric_name=acc val_metric=0.4553
Step 2000 | loss 0.9011 | val_acc=0.4597 val_loss=1.6031 val_f1_macro=0.3872 val_f1_weighted=0.4508 val_prec_macro=0.4229 val_rec_macro=0.3734 val_metric_name=acc val_metric=0.4597
Step 2050 | loss 0.8855 | val_acc=0.4599 val_loss=1.6162 val_f1_macro=0.3906 val_f1_weighted=0.4520 val_prec_macro=0.4249 val_rec_macro=0.3764 val_metric_name=acc val_metric=0.4599
Step 2100 | loss 0.8701 | val_acc=0.4609 val_loss=1.6364 val_f1_macro=0.3916 val_f1_weighted=0.4532 val_prec_macro=0.4249 val_rec_macro=0.3777 val_metric_name=acc val_metric=0.4609
Step 2150 | loss 0.8530 | val_acc=0.4622 val_loss=1.6577 val_f1_macro=0.3955 val_f1_weighted=0.4551 val_prec_macro=0.4268 val_rec_macro=0.3817 val_metric_name=acc val_metric=0.4622
Step 2200 | loss 0.8414 | val_acc=0.4637 val_loss=1.6685 val_f1_macro=0.3981 val_f1_weighted=0.4566 val_prec_macro=0.4282 val_rec_macro=0.3845 val_metric_name=acc val_metric=0.4637
Step 2250 | loss 0.8231 | val_acc=0.4643 val_loss=1.6904 val_f1_macro=0.3978 val_f1_weighted=0.4572 val_prec_macro=0.4280 val_rec_macro=0.3843 val_metric_name=acc val_metric=0.4643
Step 2300 | loss 0.8075 | val_acc=0.4669 val_loss=1.7088 val_f1_macro=0.4013 val_f1_weighted=0.4604 val_prec_macro=0.4297 val_rec_macro=0.3880 val_metric_name=acc val_metric=0.4669
Step 2350 | loss 0.7964 | val_acc=0.4681 val_loss=1.7250 val_f1_macro=0.4020 val_f1_weighted=0.4615 val_prec_macro=0.4297 val_rec_macro=0.3889 val_metric_name=acc val_metric=0.4681
Step 2400 | loss 0.7804 | val_acc=0.4710 val_loss=1.7396 val_f1_macro=0.4068 val_f1_weighted=0.4645 val_prec_macro=0.4367 val_rec_macro=0.3927 val_metric_name=acc val_metric=0.4710
Step 2450 | loss 0.7683 | val_acc=0.4731 val_loss=1.7596 val_f1_macro=0.4082 val_f1_weighted=0.4667 val_prec_macro=0.4355 val_rec_macro=0.3949 val_metric_name=acc val_metric=0.4731
Step 2500 | loss 0.7588 | val_acc=0.4744 val_loss=1.7769 val_f1_macro=0.4082 val_f1_weighted=0.4677 val_prec_macro=0.4358 val_rec_macro=0.3948 val_metric_name=acc val_metric=0.4744
Step 2550 | loss 0.7420 | val_acc=0.4744 val_loss=1.7893 val_f1_macro=0.4098 val_f1_weighted=0.4682 val_prec_macro=0.4378 val_rec_macro=0.3963 val_metric_name=acc val_metric=0.4744
Step 2600 | loss 0.7258 | val_acc=0.4769 val_loss=1.8130 val_f1_macro=0.4121 val_f1_weighted=0.4706 val_prec_macro=0.4388 val_rec_macro=0.3987 val_metric_name=acc val_metric=0.4769
Step 2650 | loss 0.7148 | val_acc=0.4744 val_loss=1.8286 val_f1_macro=0.4116 val_f1_weighted=0.4686 val_prec_macro=0.4364 val_rec_macro=0.3988 val_metric_name=acc val_metric=0.4744
Step 2700 | loss 0.7060 | val_acc=0.4762 val_loss=1.8447 val_f1_macro=0.4117 val_f1_weighted=0.4701 val_prec_macro=0.4367 val_rec_macro=0.3988 val_metric_name=acc val_metric=0.4762
Step 2750 | loss 0.6945 | val_acc=0.4762 val_loss=1.8618 val_f1_macro=0.4134 val_f1_weighted=0.4705 val_prec_macro=0.4380 val_rec_macro=0.4006 val_metric_name=acc val_metric=0.4762
Step 2800 | loss 0.6798 | val_acc=0.4780 val_loss=1.8785 val_f1_macro=0.4148 val_f1_weighted=0.4722 val_prec_macro=0.4396 val_rec_macro=0.4018 val_metric_name=acc val_metric=0.4780
Step 2850 | loss 0.6660 | val_acc=0.4815 val_loss=1.8925 val_f1_macro=0.4189 val_f1_weighted=0.4756 val_prec_macro=0.4447 val_rec_macro=0.4056 val_metric_name=acc val_metric=0.4815
Step 2900 | loss 0.6556 | val_acc=0.4810 val_loss=1.9159 val_f1_macro=0.4198 val_f1_weighted=0.4753 val_prec_macro=0.4454 val_rec_macro=0.4065 val_metric_name=acc val_metric=0.4810
Step 2950 | loss 0.6410 | val_acc=0.4811 val_loss=1.9240 val_f1_macro=0.4209 val_f1_weighted=0.4757 val_prec_macro=0.4459 val_rec_macro=0.4076 val_metric_name=acc val_metric=0.4811
Step 3000 | loss 0.6394 | val_acc=0.4823 val_loss=1.9435 val_f1_macro=0.4221 val_f1_weighted=0.4770 val_prec_macro=0.4465 val_rec_macro=0.4090 val_metric_name=acc val_metric=0.4823
Step 3050 | loss 0.6264 | val_acc=0.4815 val_loss=1.9533 val_f1_macro=0.4210 val_f1_weighted=0.4759 val_prec_macro=0.4473 val_rec_macro=0.4071 val_metric_name=acc val_metric=0.4815
Step 3100 | loss 0.6189 | val_acc=0.4826 val_loss=1.9704 val_f1_macro=0.4226 val_f1_weighted=0.4772 val_prec_macro=0.4489 val_rec_macro=0.4086 val_metric_name=acc val_metric=0.4826
Step 3150 | loss 0.6057 | val_acc=0.4811 val_loss=1.9873 val_f1_macro=0.4216 val_f1_weighted=0.4756 val_prec_macro=0.4474 val_rec_macro=0.4078 val_metric_name=acc val_metric=0.4811
Step 3200 | loss 0.5958 | val_acc=0.4834 val_loss=2.0026 val_f1_macro=0.4233 val_f1_weighted=0.4778 val_prec_macro=0.4497 val_rec_macro=0.4093 val_metric_name=acc val_metric=0.4834
Step 3250 | loss 0.5894 | val_acc=0.4836 val_loss=2.0173 val_f1_macro=0.4232 val_f1_weighted=0.4781 val_prec_macro=0.4499 val_rec_macro=0.4093 val_metric_name=acc val_metric=0.4836
Step 3300 | loss 0.5778 | val_acc=0.4833 val_loss=2.0290 val_f1_macro=0.4231 val_f1_weighted=0.4774 val_prec_macro=0.4509 val_rec_macro=0.4085 val_metric_name=acc val_metric=0.4833
Step 3350 | loss 0.5719 | val_acc=0.4841 val_loss=2.0396 val_f1_macro=0.4243 val_f1_weighted=0.4784 val_prec_macro=0.4516 val_rec_macro=0.4098 val_metric_name=acc val_metric=0.4841
Step 3400 | loss 0.5567 | val_acc=0.4837 val_loss=2.0537 val_f1_macro=0.4252 val_f1_weighted=0.4784 val_prec_macro=0.4515 val_rec_macro=0.4110 val_metric_name=acc val_metric=0.4837
Step 3450 | loss 0.5526 | val_acc=0.4847 val_loss=2.0692 val_f1_macro=0.4253 val_f1_weighted=0.4793 val_prec_macro=0.4525 val_rec_macro=0.4110 val_metric_name=acc val_metric=0.4847
Step 3500 | loss 0.5404 | val_acc=0.4859 val_loss=2.0815 val_f1_macro=0.4261 val_f1_weighted=0.4803 val_prec_macro=0.4535 val_rec_macro=0.4116 val_metric_name=acc val_metric=0.4859
Step 3550 | loss 0.5322 | val_acc=0.4867 val_loss=2.0985 val_f1_macro=0.4292 val_f1_weighted=0.4815 val_prec_macro=0.4565 val_rec_macro=0.4145 val_metric_name=acc val_metric=0.4867
Step 3600 | loss 0.5282 | val_acc=0.4880 val_loss=2.1138 val_f1_macro=0.4300 val_f1_weighted=0.4827 val_prec_macro=0.4579 val_rec_macro=0.4151 val_metric_name=acc val_metric=0.4880
Step 3650 | loss 0.5203 | val_acc=0.4867 val_loss=2.1237 val_f1_macro=0.4285 val_f1_weighted=0.4812 val_prec_macro=0.4571 val_rec_macro=0.4134 val_metric_name=acc val_metric=0.4867
Step 3700 | loss 0.5159 | val_acc=0.4860 val_loss=2.1323 val_f1_macro=0.4282 val_f1_weighted=0.4806 val_prec_macro=0.4567 val_rec_macro=0.4131 val_metric_name=acc val_metric=0.4860
Step 3750 | loss 0.5051 | val_acc=0.4872 val_loss=2.1413 val_f1_macro=0.4291 val_f1_weighted=0.4818 val_prec_macro=0.4568 val_rec_macro=0.4143 val_metric_name=acc val_metric=0.4872
Step 3800 | loss 0.5013 | val_acc=0.4865 val_loss=2.1571 val_f1_macro=0.4282 val_f1_weighted=0.4808 val_prec_macro=0.4572 val_rec_macro=0.4131 val_metric_name=acc val_metric=0.4865
Step 3850 | loss 0.4952 | val_acc=0.4883 val_loss=2.1692 val_f1_macro=0.4299 val_f1_weighted=0.4829 val_prec_macro=0.4569 val_rec_macro=0.4153 val_metric_name=acc val_metric=0.4883
Step 3900 | loss 0.4844 | val_acc=0.4877 val_loss=2.1772 val_f1_macro=0.4281 val_f1_weighted=0.4819 val_prec_macro=0.4559 val_rec_macro=0.4134 val_metric_name=acc val_metric=0.4877
Step 3950 | loss 0.4807 | val_acc=0.4862 val_loss=2.1862 val_f1_macro=0.4269 val_f1_weighted=0.4807 val_prec_macro=0.4547 val_rec_macro=0.4121 val_metric_name=acc val_metric=0.4862
Step 4000 | loss 0.4735 | val_acc=0.4890 val_loss=2.2008 val_f1_macro=0.4299 val_f1_weighted=0.4834 val_prec_macro=0.4582 val_rec_macro=0.4149 val_metric_name=acc val_metric=0.4890
Step 4050 | loss 0.4665 | val_acc=0.4893 val_loss=2.2051 val_f1_macro=0.4309 val_f1_weighted=0.4837 val_prec_macro=0.4604 val_rec_macro=0.4155 val_metric_name=acc val_metric=0.4893
Step 4100 | loss 0.4654 | val_acc=0.4909 val_loss=2.2158 val_f1_macro=0.4324 val_f1_weighted=0.4853 val_prec_macro=0.4612 val_rec_macro=0.4171 val_metric_name=acc val_metric=0.4909
Step 4150 | loss 0.4609 | val_acc=0.4908 val_loss=2.2247 val_f1_macro=0.4324 val_f1_weighted=0.4854 val_prec_macro=0.4607 val_rec_macro=0.4172 val_metric_name=acc val_metric=0.4908
Step 4200 | loss 0.4518 | val_acc=0.4906 val_loss=2.2427 val_f1_macro=0.4315 val_f1_weighted=0.4851 val_prec_macro=0.4587 val_rec_macro=0.4169 val_metric_name=acc val_metric=0.4906
Step 4250 | loss 0.4446 | val_acc=0.4903 val_loss=2.2410 val_f1_macro=0.4321 val_f1_weighted=0.4850 val_prec_macro=0.4595 val_rec_macro=0.4172 val_metric_name=acc val_metric=0.4903
Step 4300 | loss 0.4380 | val_acc=0.4895 val_loss=2.2584 val_f1_macro=0.4310 val_f1_weighted=0.4839 val_prec_macro=0.4590 val_rec_macro=0.4160 val_metric_name=acc val_metric=0.4895
Step 4350 | loss 0.4270 | val_acc=0.4919 val_loss=2.2639 val_f1_macro=0.4342 val_f1_weighted=0.4864 val_prec_macro=0.4638 val_rec_macro=0.4186 val_metric_name=acc val_metric=0.4919
Step 4400 | loss 0.4299 | val_acc=0.4900 val_loss=2.2696 val_f1_macro=0.4322 val_f1_weighted=0.4844 val_prec_macro=0.4614 val_rec_macro=0.4166 val_metric_name=acc val_metric=0.4900
Step 4450 | loss 0.4310 | val_acc=0.4909 val_loss=2.2821 val_f1_macro=0.4335 val_f1_weighted=0.4856 val_prec_macro=0.4621 val_rec_macro=0.4182 val_metric_name=acc val_metric=0.4909
Step 4500 | loss 0.4185 | val_acc=0.4913 val_loss=2.2942 val_f1_macro=0.4333 val_f1_weighted=0.4857 val_prec_macro=0.4624 val_rec_macro=0.4179 val_metric_name=acc val_metric=0.4913
Step 4550 | loss 0.4113 | val_acc=0.4909 val_loss=2.2916 val_f1_macro=0.4329 val_f1_weighted=0.4855 val_prec_macro=0.4612 val_rec_macro=0.4177 val_metric_name=acc val_metric=0.4909
Step 4600 | loss 0.4103 | val_acc=0.4896 val_loss=2.3002 val_f1_macro=0.4314 val_f1_weighted=0.4843 val_prec_macro=0.4598 val_rec_macro=0.4163 val_metric_name=acc val_metric=0.4896
Step 4650 | loss 0.4032 | val_acc=0.4895 val_loss=2.3095 val_f1_macro=0.4305 val_f1_weighted=0.4838 val_prec_macro=0.4592 val_rec_macro=0.4152 val_metric_name=acc val_metric=0.4895
Step 4700 | loss 0.4030 | val_acc=0.4913 val_loss=2.3209 val_f1_macro=0.4312 val_f1_weighted=0.4857 val_prec_macro=0.4580 val_rec_macro=0.4166 val_metric_name=acc val_metric=0.4913
Early stopping at step 4723

--- Final (best ckpt @ step 4420) ---
  train_acc=0.9864 train_loss=0.0484 train_f1_macro=0.9860 train_f1_weighted=0.9864 train_prec_macro=0.9827 train_rec_macro=0.9895 train_metric_name=acc train_metric=0.9864
  val_acc=0.4927 val_loss=2.2790 val_f1_macro=0.4345 val_f1_weighted=0.4873 val_prec_macro=0.4622 val_rec_macro=0.4195 val_metric_name=acc val_metric=0.4927
  test_acc=0.4834 test_loss=2.2624 test_f1_macro=0.4236 test_f1_weighted=0.4775 test_prec_macro=0.4552 test_rec_macro=0.4077 test_metric_name=acc test_metric=0.4834
  test_acc=0.4834
  >> num_layers=1 hidden_dim=512 lr=3e-05 best_step=3770 val_acc=0.4787 test_acc=0.4705
     val_acc=0.4787 val_f1_macro=0.4134 val_f1_weighted=0.4711 val_loss=1.8737 val_metric=0.4787 val_metric_name=acc val_prec_macro=0.4584 val_rec_macro=0.3959
     test_acc=0.4705 test_f1_macro=0.4120 test_f1_weighted=0.4636 test_loss=1.8575 test_metric=0.4705 test_metric_name=acc test_prec_macro=0.4645 test_rec_macro=0.3923
  >> num_layers=2 hidden_dim=512 lr=3e-05 best_step=3630 val_acc=0.4798 test_acc=0.4769
     val_acc=0.4798 val_f1_macro=0.4170 val_f1_weighted=0.4734 val_loss=1.9865 val_metric=0.4798 val_metric_name=acc val_prec_macro=0.4479 val_rec_macro=0.4016
     test_acc=0.4769 test_f1_macro=0.4188 test_f1_weighted=0.4706 test_loss=1.9531 test_metric=0.4769 test_metric_name=acc test_prec_macro=0.4598 test_rec_macro=0.3998
  >> num_layers=3 hidden_dim=512 lr=3e-05 best_step=3960 val_acc=0.4865 test_acc=0.4813
     val_acc=0.4865 val_f1_macro=0.4260 val_f1_weighted=0.4807 val_loss=2.1298 val_metric=0.4865 val_metric_name=acc val_prec_macro=0.4522 val_rec_macro=0.4121
     test_acc=0.4813 test_f1_macro=0.4227 test_f1_weighted=0.4754 test_loss=2.1181 test_metric=0.4813 test_metric_name=acc test_prec_macro=0.4525 test_rec_macro=0.4076
  >> num_layers=4 hidden_dim=512 lr=3e-05 best_step=4430 val_acc=0.4909 test_acc=0.4854
     val_acc=0.4909 val_f1_macro=0.4255 val_f1_weighted=0.4848 val_loss=2.2592 val_metric=0.4909 val_metric_name=acc val_prec_macro=0.4513 val_rec_macro=0.4120
     test_acc=0.4854 test_f1_macro=0.4296 test_f1_weighted=0.4793 test_loss=2.2613 test_metric=0.4854 test_metric_name=acc test_prec_macro=0.4637 test_rec_macro=0.4122
  >> num_layers=5 hidden_dim=512 lr=3e-05 best_step=4420 val_acc=0.4927 test_acc=0.4834
     val_acc=0.4927 val_f1_macro=0.4345 val_f1_weighted=0.4873 val_loss=2.2790 val_metric=0.4927 val_metric_name=acc val_prec_macro=0.4622 val_rec_macro=0.4195
     test_acc=0.4834 test_f1_macro=0.4236 test_f1_weighted=0.4775 test_loss=2.2624 test_metric=0.4834 test_metric_name=acc test_prec_macro=0.4552 test_rec_macro=0.4077
  >> selected best (by val): num_layers=5 hidden_dim=512 lr=3e-05 best_step=4420 val_acc=0.4927 test_acc=0.4834
     val_acc=0.4927 val_f1_macro=0.4345 val_f1_weighted=0.4873 val_loss=2.2790 val_metric=0.4927 val_metric_name=acc val_prec_macro=0.4622 val_rec_macro=0.4195
     test_acc=0.4834 test_f1_macro=0.4236 test_f1_weighted=0.4775 test_loss=2.2624 test_metric=0.4834 test_metric_name=acc test_prec_macro=0.4552 test_rec_macro=0.4077

Done. Results saved to /home/avshmelev/diploma_yandex_graphs/results2/amazon_ratings/tabm.csv, checkpoints in /home/avshmelev/diploma_yandex_graphs/all_checkpoints2/amazon_ratings/tabm/
