Loading data...

============================================================
Training TABM-amazon-ratings TAG 1L h=512 lr=3e-05 split=5
============================================================
Step    1 | loss 2.0875 | val_acc=0.3172 val_loss=1.4702 val_f1_macro=0.1971 val_f1_weighted=0.2912 val_prec_macro=0.2009 val_rec_macro=0.2124 val_metric_name=acc val_metric=0.3172
Step   50 | loss 1.5604 | val_acc=0.3859 val_loss=1.3939 val_f1_macro=0.1628 val_f1_weighted=0.2707 val_prec_macro=0.2485 val_rec_macro=0.2205 val_metric_name=acc val_metric=0.3859
Step  100 | loss 1.4965 | val_acc=0.3969 val_loss=1.3735 val_f1_macro=0.1772 val_f1_weighted=0.2904 val_prec_macro=0.2575 val_rec_macro=0.2306 val_metric_name=acc val_metric=0.3969
Step  150 | loss 1.4566 | val_acc=0.4032 val_loss=1.3618 val_f1_macro=0.1887 val_f1_weighted=0.3051 val_prec_macro=0.2636 val_rec_macro=0.2380 val_metric_name=acc val_metric=0.4032
Step  200 | loss 1.4265 | val_acc=0.4060 val_loss=1.3533 val_f1_macro=0.1950 val_f1_weighted=0.3125 val_prec_macro=0.3432 val_rec_macro=0.2420 val_metric_name=acc val_metric=0.4060
Step  250 | loss 1.4022 | val_acc=0.4129 val_loss=1.3460 val_f1_macro=0.2072 val_f1_weighted=0.3262 val_prec_macro=0.4041 val_rec_macro=0.2498 val_metric_name=acc val_metric=0.4129
Step  300 | loss 1.3812 | val_acc=0.4171 val_loss=1.3400 val_f1_macro=0.2206 val_f1_weighted=0.3403 val_prec_macro=0.3854 val_rec_macro=0.2569 val_metric_name=acc val_metric=0.4171
Step  350 | loss 1.3570 | val_acc=0.4248 val_loss=1.3354 val_f1_macro=0.2330 val_f1_weighted=0.3541 val_prec_macro=0.3951 val_rec_macro=0.2653 val_metric_name=acc val_metric=0.4248
Step  400 | loss 1.3438 | val_acc=0.4277 val_loss=1.3314 val_f1_macro=0.2443 val_f1_weighted=0.3638 val_prec_macro=0.3986 val_rec_macro=0.2719 val_metric_name=acc val_metric=0.4277
Step  450 | loss 1.3230 | val_acc=0.4326 val_loss=1.3273 val_f1_macro=0.2564 val_f1_weighted=0.3736 val_prec_macro=0.4182 val_rec_macro=0.2796 val_metric_name=acc val_metric=0.4326
Step  500 | loss 1.3035 | val_acc=0.4341 val_loss=1.3250 val_f1_macro=0.2621 val_f1_weighted=0.3795 val_prec_macro=0.4110 val_rec_macro=0.2834 val_metric_name=acc val_metric=0.4341
Step  550 | loss 1.2813 | val_acc=0.4354 val_loss=1.3216 val_f1_macro=0.2701 val_f1_weighted=0.3856 val_prec_macro=0.3985 val_rec_macro=0.2881 val_metric_name=acc val_metric=0.4354
Step  600 | loss 1.2559 | val_acc=0.4408 val_loss=1.3185 val_f1_macro=0.2807 val_f1_weighted=0.3952 val_prec_macro=0.4050 val_rec_macro=0.2953 val_metric_name=acc val_metric=0.4408
Step  650 | loss 1.2339 | val_acc=0.4470 val_loss=1.3157 val_f1_macro=0.2965 val_f1_weighted=0.4057 val_prec_macro=0.4419 val_rec_macro=0.3056 val_metric_name=acc val_metric=0.4470
Step  700 | loss 1.2075 | val_acc=0.4526 val_loss=1.3133 val_f1_macro=0.3131 val_f1_weighted=0.4173 val_prec_macro=0.4548 val_rec_macro=0.3163 val_metric_name=acc val_metric=0.4526
Step  750 | loss 1.1772 | val_acc=0.4581 val_loss=1.3129 val_f1_macro=0.3259 val_f1_weighted=0.4264 val_prec_macro=0.4585 val_rec_macro=0.3255 val_metric_name=acc val_metric=0.4581
Step  800 | loss 1.1443 | val_acc=0.4655 val_loss=1.3098 val_f1_macro=0.3397 val_f1_weighted=0.4373 val_prec_macro=0.4683 val_rec_macro=0.3353 val_metric_name=acc val_metric=0.4655
Step  850 | loss 1.1047 | val_acc=0.4708 val_loss=1.3138 val_f1_macro=0.3507 val_f1_weighted=0.4437 val_prec_macro=0.4807 val_rec_macro=0.3435 val_metric_name=acc val_metric=0.4708
Step  900 | loss 1.0730 | val_acc=0.4723 val_loss=1.3168 val_f1_macro=0.3604 val_f1_weighted=0.4482 val_prec_macro=0.4911 val_rec_macro=0.3499 val_metric_name=acc val_metric=0.4723
Step  950 | loss 1.0359 | val_acc=0.4800 val_loss=1.3248 val_f1_macro=0.3683 val_f1_weighted=0.4566 val_prec_macro=0.5010 val_rec_macro=0.3568 val_metric_name=acc val_metric=0.4800
Step 1000 | loss 1.0013 | val_acc=0.4829 val_loss=1.3333 val_f1_macro=0.3775 val_f1_weighted=0.4620 val_prec_macro=0.5087 val_rec_macro=0.3634 val_metric_name=acc val_metric=0.4829
Step 1050 | loss 0.9617 | val_acc=0.4893 val_loss=1.3497 val_f1_macro=0.3897 val_f1_weighted=0.4699 val_prec_macro=0.5210 val_rec_macro=0.3728 val_metric_name=acc val_metric=0.4893
Step 1100 | loss 0.9249 | val_acc=0.4922 val_loss=1.3655 val_f1_macro=0.3961 val_f1_weighted=0.4738 val_prec_macro=0.5241 val_rec_macro=0.3774 val_metric_name=acc val_metric=0.4922
Step 1150 | loss 0.8860 | val_acc=0.4975 val_loss=1.3841 val_f1_macro=0.4034 val_f1_weighted=0.4801 val_prec_macro=0.5287 val_rec_macro=0.3836 val_metric_name=acc val_metric=0.4975
Step 1200 | loss 0.8541 | val_acc=0.5033 val_loss=1.4048 val_f1_macro=0.4105 val_f1_weighted=0.4867 val_prec_macro=0.5289 val_rec_macro=0.3900 val_metric_name=acc val_metric=0.5033
Step 1250 | loss 0.8202 | val_acc=0.5073 val_loss=1.4319 val_f1_macro=0.4181 val_f1_weighted=0.4915 val_prec_macro=0.5329 val_rec_macro=0.3963 val_metric_name=acc val_metric=0.5073
Step 1300 | loss 0.7828 | val_acc=0.5071 val_loss=1.4502 val_f1_macro=0.4209 val_f1_weighted=0.4927 val_prec_macro=0.5263 val_rec_macro=0.3985 val_metric_name=acc val_metric=0.5071
Step 1350 | loss 0.7427 | val_acc=0.5120 val_loss=1.4823 val_f1_macro=0.4250 val_f1_weighted=0.4976 val_prec_macro=0.5282 val_rec_macro=0.4029 val_metric_name=acc val_metric=0.5120
Step 1400 | loss 0.7205 | val_acc=0.5128 val_loss=1.5132 val_f1_macro=0.4283 val_f1_weighted=0.4994 val_prec_macro=0.5298 val_rec_macro=0.4053 val_metric_name=acc val_metric=0.5128
Step 1450 | loss 0.6863 | val_acc=0.5171 val_loss=1.5418 val_f1_macro=0.4364 val_f1_weighted=0.5047 val_prec_macro=0.5313 val_rec_macro=0.4130 val_metric_name=acc val_metric=0.5171
Step 1500 | loss 0.6536 | val_acc=0.5185 val_loss=1.5738 val_f1_macro=0.4402 val_f1_weighted=0.5067 val_prec_macro=0.5295 val_rec_macro=0.4159 val_metric_name=acc val_metric=0.5185
Step 1550 | loss 0.6266 | val_acc=0.5194 val_loss=1.6070 val_f1_macro=0.4431 val_f1_weighted=0.5079 val_prec_macro=0.5324 val_rec_macro=0.4182 val_metric_name=acc val_metric=0.5194
Step 1600 | loss 0.6019 | val_acc=0.5225 val_loss=1.6419 val_f1_macro=0.4472 val_f1_weighted=0.5114 val_prec_macro=0.5373 val_rec_macro=0.4218 val_metric_name=acc val_metric=0.5225
Step 1650 | loss 0.5655 | val_acc=0.5246 val_loss=1.6762 val_f1_macro=0.4503 val_f1_weighted=0.5135 val_prec_macro=0.5433 val_rec_macro=0.4241 val_metric_name=acc val_metric=0.5246
Step 1700 | loss 0.5474 | val_acc=0.5244 val_loss=1.7128 val_f1_macro=0.4507 val_f1_weighted=0.5139 val_prec_macro=0.5349 val_rec_macro=0.4256 val_metric_name=acc val_metric=0.5244
Step 1750 | loss 0.5164 | val_acc=0.5265 val_loss=1.7454 val_f1_macro=0.4534 val_f1_weighted=0.5163 val_prec_macro=0.5382 val_rec_macro=0.4278 val_metric_name=acc val_metric=0.5265
Step 1800 | loss 0.4978 | val_acc=0.5265 val_loss=1.7898 val_f1_macro=0.4527 val_f1_weighted=0.5160 val_prec_macro=0.5354 val_rec_macro=0.4273 val_metric_name=acc val_metric=0.5265
Step 1850 | loss 0.4770 | val_acc=0.5298 val_loss=1.8225 val_f1_macro=0.4584 val_f1_weighted=0.5198 val_prec_macro=0.5399 val_rec_macro=0.4325 val_metric_name=acc val_metric=0.5298
Step 1900 | loss 0.4546 | val_acc=0.5277 val_loss=1.8613 val_f1_macro=0.4577 val_f1_weighted=0.5179 val_prec_macro=0.5373 val_rec_macro=0.4316 val_metric_name=acc val_metric=0.5277
Step 1950 | loss 0.4417 | val_acc=0.5290 val_loss=1.8962 val_f1_macro=0.4626 val_f1_weighted=0.5198 val_prec_macro=0.5424 val_rec_macro=0.4357 val_metric_name=acc val_metric=0.5290
Step 2000 | loss 0.4179 | val_acc=0.5295 val_loss=1.9313 val_f1_macro=0.4633 val_f1_weighted=0.5203 val_prec_macro=0.5454 val_rec_macro=0.4361 val_metric_name=acc val_metric=0.5295
Step 2050 | loss 0.3966 | val_acc=0.5288 val_loss=1.9702 val_f1_macro=0.4618 val_f1_weighted=0.5194 val_prec_macro=0.5391 val_rec_macro=0.4352 val_metric_name=acc val_metric=0.5288
Step 2100 | loss 0.3796 | val_acc=0.5332 val_loss=1.9996 val_f1_macro=0.4685 val_f1_weighted=0.5245 val_prec_macro=0.5476 val_rec_macro=0.4412 val_metric_name=acc val_metric=0.5332
Step 2150 | loss 0.3724 | val_acc=0.5336 val_loss=2.0331 val_f1_macro=0.4675 val_f1_weighted=0.5247 val_prec_macro=0.5420 val_rec_macro=0.4412 val_metric_name=acc val_metric=0.5336
Step 2200 | loss 0.3481 | val_acc=0.5316 val_loss=2.0610 val_f1_macro=0.4655 val_f1_weighted=0.5229 val_prec_macro=0.5360 val_rec_macro=0.4399 val_metric_name=acc val_metric=0.5316
Step 2250 | loss 0.3388 | val_acc=0.5344 val_loss=2.0976 val_f1_macro=0.4673 val_f1_weighted=0.5256 val_prec_macro=0.5380 val_rec_macro=0.4418 val_metric_name=acc val_metric=0.5344
Step 2300 | loss 0.3299 | val_acc=0.5341 val_loss=2.1212 val_f1_macro=0.4689 val_f1_weighted=0.5257 val_prec_macro=0.5379 val_rec_macro=0.4432 val_metric_name=acc val_metric=0.5341
Step 2350 | loss 0.3102 | val_acc=0.5350 val_loss=2.1552 val_f1_macro=0.4700 val_f1_weighted=0.5264 val_prec_macro=0.5429 val_rec_macro=0.4436 val_metric_name=acc val_metric=0.5350
Step 2400 | loss 0.3004 | val_acc=0.5367 val_loss=2.1837 val_f1_macro=0.4718 val_f1_weighted=0.5283 val_prec_macro=0.5421 val_rec_macro=0.4457 val_metric_name=acc val_metric=0.5367
Step 2450 | loss 0.2912 | val_acc=0.5360 val_loss=2.2236 val_f1_macro=0.4697 val_f1_weighted=0.5273 val_prec_macro=0.5405 val_rec_macro=0.4439 val_metric_name=acc val_metric=0.5360
Step 2500 | loss 0.2781 | val_acc=0.5367 val_loss=2.2486 val_f1_macro=0.4709 val_f1_weighted=0.5279 val_prec_macro=0.5449 val_rec_macro=0.4447 val_metric_name=acc val_metric=0.5367
Step 2550 | loss 0.2671 | val_acc=0.5349 val_loss=2.2688 val_f1_macro=0.4695 val_f1_weighted=0.5266 val_prec_macro=0.5361 val_rec_macro=0.4443 val_metric_name=acc val_metric=0.5349
Step 2600 | loss 0.2632 | val_acc=0.5341 val_loss=2.2973 val_f1_macro=0.4683 val_f1_weighted=0.5256 val_prec_macro=0.5355 val_rec_macro=0.4429 val_metric_name=acc val_metric=0.5341
Step 2650 | loss 0.2532 | val_acc=0.5367 val_loss=2.3289 val_f1_macro=0.4693 val_f1_weighted=0.5281 val_prec_macro=0.5377 val_rec_macro=0.4442 val_metric_name=acc val_metric=0.5367
Step 2700 | loss 0.2422 | val_acc=0.5370 val_loss=2.3560 val_f1_macro=0.4699 val_f1_weighted=0.5283 val_prec_macro=0.5380 val_rec_macro=0.4445 val_metric_name=acc val_metric=0.5370
Step 2750 | loss 0.2384 | val_acc=0.5373 val_loss=2.3776 val_f1_macro=0.4707 val_f1_weighted=0.5287 val_prec_macro=0.5377 val_rec_macro=0.4455 val_metric_name=acc val_metric=0.5373
Step 2800 | loss 0.2295 | val_acc=0.5388 val_loss=2.3988 val_f1_macro=0.4725 val_f1_weighted=0.5305 val_prec_macro=0.5376 val_rec_macro=0.4476 val_metric_name=acc val_metric=0.5388
Step 2850 | loss 0.2215 | val_acc=0.5372 val_loss=2.4270 val_f1_macro=0.4705 val_f1_weighted=0.5287 val_prec_macro=0.5371 val_rec_macro=0.4453 val_metric_name=acc val_metric=0.5372
Step 2900 | loss 0.2208 | val_acc=0.5376 val_loss=2.4380 val_f1_macro=0.4697 val_f1_weighted=0.5292 val_prec_macro=0.5324 val_rec_macro=0.4453 val_metric_name=acc val_metric=0.5376
Step 2950 | loss 0.2080 | val_acc=0.5385 val_loss=2.4662 val_f1_macro=0.4728 val_f1_weighted=0.5302 val_prec_macro=0.5384 val_rec_macro=0.4476 val_metric_name=acc val_metric=0.5385
Step 3000 | loss 0.2035 | val_acc=0.5386 val_loss=2.4838 val_f1_macro=0.4720 val_f1_weighted=0.5305 val_prec_macro=0.5365 val_rec_macro=0.4472 val_metric_name=acc val_metric=0.5386
Step 3050 | loss 0.2041 | val_acc=0.5370 val_loss=2.5107 val_f1_macro=0.4701 val_f1_weighted=0.5287 val_prec_macro=0.5339 val_rec_macro=0.4454 val_metric_name=acc val_metric=0.5370
Step 3100 | loss 0.1974 | val_acc=0.5390 val_loss=2.5272 val_f1_macro=0.4733 val_f1_weighted=0.5309 val_prec_macro=0.5381 val_rec_macro=0.4483 val_metric_name=acc val_metric=0.5390
Step 3150 | loss 0.1910 | val_acc=0.5381 val_loss=2.5475 val_f1_macro=0.4718 val_f1_weighted=0.5300 val_prec_macro=0.5361 val_rec_macro=0.4467 val_metric_name=acc val_metric=0.5381
Step 3200 | loss 0.1854 | val_acc=0.5398 val_loss=2.5711 val_f1_macro=0.4738 val_f1_weighted=0.5314 val_prec_macro=0.5396 val_rec_macro=0.4484 val_metric_name=acc val_metric=0.5398
Step 3250 | loss 0.1834 | val_acc=0.5385 val_loss=2.5932 val_f1_macro=0.4714 val_f1_weighted=0.5303 val_prec_macro=0.5329 val_rec_macro=0.4470 val_metric_name=acc val_metric=0.5385
Step 3300 | loss 0.1742 | val_acc=0.5375 val_loss=2.6074 val_f1_macro=0.4717 val_f1_weighted=0.5295 val_prec_macro=0.5362 val_rec_macro=0.4469 val_metric_name=acc val_metric=0.5375
Step 3350 | loss 0.1680 | val_acc=0.5385 val_loss=2.6298 val_f1_macro=0.4714 val_f1_weighted=0.5303 val_prec_macro=0.5338 val_rec_macro=0.4470 val_metric_name=acc val_metric=0.5385
Step 3400 | loss 0.1683 | val_acc=0.5390 val_loss=2.6489 val_f1_macro=0.4733 val_f1_weighted=0.5308 val_prec_macro=0.5365 val_rec_macro=0.4484 val_metric_name=acc val_metric=0.5390
Step 3450 | loss 0.1691 | val_acc=0.5391 val_loss=2.6592 val_f1_macro=0.4735 val_f1_weighted=0.5311 val_prec_macro=0.5349 val_rec_macro=0.4490 val_metric_name=acc val_metric=0.5391
Step 3500 | loss 0.1616 | val_acc=0.5385 val_loss=2.6867 val_f1_macro=0.4728 val_f1_weighted=0.5304 val_prec_macro=0.5348 val_rec_macro=0.4482 val_metric_name=acc val_metric=0.5385
Early stopping at step 3500

--- Final (best ckpt @ step 3200) ---
  train_acc=0.9982 train_loss=0.0095 train_f1_macro=0.9984 train_f1_weighted=0.9982 train_prec_macro=0.9985 train_rec_macro=0.9982 train_metric_name=acc train_metric=0.9982
  val_acc=0.5398 val_loss=2.5711 val_f1_macro=0.4738 val_f1_weighted=0.5314 val_prec_macro=0.5396 val_rec_macro=0.4484 val_metric_name=acc val_metric=0.5398
  test_acc=0.5414 test_loss=2.5816 test_f1_macro=0.4808 test_f1_weighted=0.5339 test_prec_macro=0.5414 test_rec_macro=0.4552 test_metric_name=acc test_metric=0.5414
  test_acc=0.5414

============================================================
Training TABM-amazon-ratings TAG 2L h=512 lr=3e-05 split=5
============================================================
Step    1 | loss 2.2491 | val_acc=0.2936 val_loss=1.4960 val_f1_macro=0.1862 val_f1_weighted=0.2660 val_prec_macro=0.1818 val_rec_macro=0.2128 val_metric_name=acc val_metric=0.2936
Step   50 | loss 1.5300 | val_acc=0.3867 val_loss=1.3809 val_f1_macro=0.1657 val_f1_weighted=0.2750 val_prec_macro=0.1627 val_rec_macro=0.2225 val_metric_name=acc val_metric=0.3867
Step  100 | loss 1.4649 | val_acc=0.3983 val_loss=1.3591 val_f1_macro=0.1830 val_f1_weighted=0.2977 val_prec_macro=0.2682 val_rec_macro=0.2343 val_metric_name=acc val_metric=0.3983
Step  150 | loss 1.4250 | val_acc=0.4127 val_loss=1.3446 val_f1_macro=0.2020 val_f1_weighted=0.3217 val_prec_macro=0.4561 val_rec_macro=0.2488 val_metric_name=acc val_metric=0.4127
Step  200 | loss 1.3981 | val_acc=0.4199 val_loss=1.3350 val_f1_macro=0.2187 val_f1_weighted=0.3387 val_prec_macro=0.3761 val_rec_macro=0.2591 val_metric_name=acc val_metric=0.4199
Step  250 | loss 1.3668 | val_acc=0.4243 val_loss=1.3293 val_f1_macro=0.2362 val_f1_weighted=0.3548 val_prec_macro=0.3616 val_rec_macro=0.2691 val_metric_name=acc val_metric=0.4243
Step  300 | loss 1.3421 | val_acc=0.4284 val_loss=1.3253 val_f1_macro=0.2513 val_f1_weighted=0.3660 val_prec_macro=0.3998 val_rec_macro=0.2784 val_metric_name=acc val_metric=0.4284
Step  350 | loss 1.3210 | val_acc=0.4315 val_loss=1.3222 val_f1_macro=0.2636 val_f1_weighted=0.3773 val_prec_macro=0.3862 val_rec_macro=0.2860 val_metric_name=acc val_metric=0.4315
Step  400 | loss 1.3019 | val_acc=0.4334 val_loss=1.3251 val_f1_macro=0.2695 val_f1_weighted=0.3813 val_prec_macro=0.3717 val_rec_macro=0.2928 val_metric_name=acc val_metric=0.4334
Step  450 | loss 1.2783 | val_acc=0.4428 val_loss=1.3153 val_f1_macro=0.2877 val_f1_weighted=0.3987 val_prec_macro=0.3864 val_rec_macro=0.3034 val_metric_name=acc val_metric=0.4428
Step  500 | loss 1.2508 | val_acc=0.4446 val_loss=1.3164 val_f1_macro=0.3010 val_f1_weighted=0.4042 val_prec_macro=0.4229 val_rec_macro=0.3122 val_metric_name=acc val_metric=0.4446
Step  550 | loss 1.2203 | val_acc=0.4527 val_loss=1.3093 val_f1_macro=0.3116 val_f1_weighted=0.4167 val_prec_macro=0.4134 val_rec_macro=0.3208 val_metric_name=acc val_metric=0.4527
Step  600 | loss 1.1936 | val_acc=0.4552 val_loss=1.3189 val_f1_macro=0.3259 val_f1_weighted=0.4215 val_prec_macro=0.4346 val_rec_macro=0.3313 val_metric_name=acc val_metric=0.4552
Step  650 | loss 1.1628 | val_acc=0.4643 val_loss=1.3165 val_f1_macro=0.3451 val_f1_weighted=0.4365 val_prec_macro=0.4375 val_rec_macro=0.3460 val_metric_name=acc val_metric=0.4643
Step  700 | loss 1.1319 | val_acc=0.4694 val_loss=1.3209 val_f1_macro=0.3611 val_f1_weighted=0.4442 val_prec_macro=0.4610 val_rec_macro=0.3576 val_metric_name=acc val_metric=0.4694
Step  750 | loss 1.1041 | val_acc=0.4753 val_loss=1.3180 val_f1_macro=0.3735 val_f1_weighted=0.4524 val_prec_macro=0.4631 val_rec_macro=0.3665 val_metric_name=acc val_metric=0.4753
Step  800 | loss 1.0687 | val_acc=0.4744 val_loss=1.3511 val_f1_macro=0.3784 val_f1_weighted=0.4513 val_prec_macro=0.4758 val_rec_macro=0.3718 val_metric_name=acc val_metric=0.4744
Step  850 | loss 1.0385 | val_acc=0.4824 val_loss=1.3586 val_f1_macro=0.3868 val_f1_weighted=0.4607 val_prec_macro=0.4721 val_rec_macro=0.3794 val_metric_name=acc val_metric=0.4824
Step  900 | loss 1.0054 | val_acc=0.4895 val_loss=1.3577 val_f1_macro=0.4005 val_f1_weighted=0.4713 val_prec_macro=0.4753 val_rec_macro=0.3898 val_metric_name=acc val_metric=0.4895
Step  950 | loss 0.9752 | val_acc=0.4929 val_loss=1.3856 val_f1_macro=0.4083 val_f1_weighted=0.4767 val_prec_macro=0.4742 val_rec_macro=0.3992 val_metric_name=acc val_metric=0.4929
Step 1000 | loss 0.9461 | val_acc=0.4953 val_loss=1.4060 val_f1_macro=0.4152 val_f1_weighted=0.4797 val_prec_macro=0.4802 val_rec_macro=0.4048 val_metric_name=acc val_metric=0.4953
Step 1050 | loss 0.9128 | val_acc=0.4970 val_loss=1.4376 val_f1_macro=0.4190 val_f1_weighted=0.4820 val_prec_macro=0.4876 val_rec_macro=0.4079 val_metric_name=acc val_metric=0.4970
Step 1100 | loss 0.8845 | val_acc=0.5016 val_loss=1.4503 val_f1_macro=0.4231 val_f1_weighted=0.4879 val_prec_macro=0.4837 val_rec_macro=0.4111 val_metric_name=acc val_metric=0.5016
Step 1150 | loss 0.8512 | val_acc=0.5040 val_loss=1.4786 val_f1_macro=0.4306 val_f1_weighted=0.4912 val_prec_macro=0.4959 val_rec_macro=0.4175 val_metric_name=acc val_metric=0.5040
Step 1200 | loss 0.8188 | val_acc=0.5092 val_loss=1.5009 val_f1_macro=0.4357 val_f1_weighted=0.4968 val_prec_macro=0.4997 val_rec_macro=0.4213 val_metric_name=acc val_metric=0.5092
Step 1250 | loss 0.7865 | val_acc=0.5122 val_loss=1.5542 val_f1_macro=0.4404 val_f1_weighted=0.5002 val_prec_macro=0.5043 val_rec_macro=0.4263 val_metric_name=acc val_metric=0.5122
Step 1300 | loss 0.7542 | val_acc=0.5117 val_loss=1.5896 val_f1_macro=0.4448 val_f1_weighted=0.5013 val_prec_macro=0.4991 val_rec_macro=0.4322 val_metric_name=acc val_metric=0.5117
Step 1350 | loss 0.7254 | val_acc=0.5148 val_loss=1.6285 val_f1_macro=0.4495 val_f1_weighted=0.5048 val_prec_macro=0.4988 val_rec_macro=0.4369 val_metric_name=acc val_metric=0.5148
Step 1400 | loss 0.6984 | val_acc=0.5177 val_loss=1.6616 val_f1_macro=0.4529 val_f1_weighted=0.5081 val_prec_macro=0.5019 val_rec_macro=0.4397 val_metric_name=acc val_metric=0.5177
Step 1450 | loss 0.6698 | val_acc=0.5195 val_loss=1.7162 val_f1_macro=0.4568 val_f1_weighted=0.5098 val_prec_macro=0.5076 val_rec_macro=0.4428 val_metric_name=acc val_metric=0.5195
Step 1500 | loss 0.6427 | val_acc=0.5200 val_loss=1.7640 val_f1_macro=0.4580 val_f1_weighted=0.5108 val_prec_macro=0.5017 val_rec_macro=0.4458 val_metric_name=acc val_metric=0.5200
Step 1550 | loss 0.6117 | val_acc=0.5223 val_loss=1.8191 val_f1_macro=0.4601 val_f1_weighted=0.5130 val_prec_macro=0.5034 val_rec_macro=0.4478 val_metric_name=acc val_metric=0.5223
Step 1600 | loss 0.5883 | val_acc=0.5220 val_loss=1.8474 val_f1_macro=0.4625 val_f1_weighted=0.5142 val_prec_macro=0.4973 val_rec_macro=0.4517 val_metric_name=acc val_metric=0.5220
Step 1650 | loss 0.5639 | val_acc=0.5249 val_loss=1.8956 val_f1_macro=0.4670 val_f1_weighted=0.5172 val_prec_macro=0.5025 val_rec_macro=0.4558 val_metric_name=acc val_metric=0.5249
Step 1700 | loss 0.5433 | val_acc=0.5277 val_loss=1.9565 val_f1_macro=0.4701 val_f1_weighted=0.5201 val_prec_macro=0.5048 val_rec_macro=0.4598 val_metric_name=acc val_metric=0.5277
Step 1750 | loss 0.5192 | val_acc=0.5287 val_loss=2.0177 val_f1_macro=0.4701 val_f1_weighted=0.5213 val_prec_macro=0.5011 val_rec_macro=0.4609 val_metric_name=acc val_metric=0.5287
Step 1800 | loss 0.4902 | val_acc=0.5318 val_loss=2.0644 val_f1_macro=0.4734 val_f1_weighted=0.5250 val_prec_macro=0.5022 val_rec_macro=0.4639 val_metric_name=acc val_metric=0.5318
Step 1850 | loss 0.4834 | val_acc=0.5323 val_loss=2.1121 val_f1_macro=0.4718 val_f1_weighted=0.5252 val_prec_macro=0.4994 val_rec_macro=0.4633 val_metric_name=acc val_metric=0.5323
Step 1900 | loss 0.4599 | val_acc=0.5337 val_loss=2.1801 val_f1_macro=0.4738 val_f1_weighted=0.5270 val_prec_macro=0.4992 val_rec_macro=0.4667 val_metric_name=acc val_metric=0.5337
Step 1950 | loss 0.4361 | val_acc=0.5341 val_loss=2.2528 val_f1_macro=0.4740 val_f1_weighted=0.5278 val_prec_macro=0.4963 val_rec_macro=0.4682 val_metric_name=acc val_metric=0.5341
Step 2000 | loss 0.4248 | val_acc=0.5358 val_loss=2.3010 val_f1_macro=0.4762 val_f1_weighted=0.5301 val_prec_macro=0.4958 val_rec_macro=0.4720 val_metric_name=acc val_metric=0.5358
Step 2050 | loss 0.4027 | val_acc=0.5342 val_loss=2.3500 val_f1_macro=0.4733 val_f1_weighted=0.5284 val_prec_macro=0.4916 val_rec_macro=0.4688 val_metric_name=acc val_metric=0.5342
Step 2100 | loss 0.3859 | val_acc=0.5344 val_loss=2.4168 val_f1_macro=0.4741 val_f1_weighted=0.5286 val_prec_macro=0.4931 val_rec_macro=0.4697 val_metric_name=acc val_metric=0.5344
Step 2150 | loss 0.3722 | val_acc=0.5386 val_loss=2.4652 val_f1_macro=0.4774 val_f1_weighted=0.5331 val_prec_macro=0.4961 val_rec_macro=0.4722 val_metric_name=acc val_metric=0.5386
Step 2200 | loss 0.3548 | val_acc=0.5386 val_loss=2.5209 val_f1_macro=0.4778 val_f1_weighted=0.5333 val_prec_macro=0.4968 val_rec_macro=0.4720 val_metric_name=acc val_metric=0.5386
Step 2250 | loss 0.3457 | val_acc=0.5398 val_loss=2.5674 val_f1_macro=0.4788 val_f1_weighted=0.5346 val_prec_macro=0.4966 val_rec_macro=0.4739 val_metric_name=acc val_metric=0.5398
Step 2300 | loss 0.3309 | val_acc=0.5394 val_loss=2.6068 val_f1_macro=0.4786 val_f1_weighted=0.5346 val_prec_macro=0.4960 val_rec_macro=0.4729 val_metric_name=acc val_metric=0.5394
Step 2350 | loss 0.3198 | val_acc=0.5386 val_loss=2.6613 val_f1_macro=0.4778 val_f1_weighted=0.5336 val_prec_macro=0.4971 val_rec_macro=0.4711 val_metric_name=acc val_metric=0.5386
Step 2400 | loss 0.3095 | val_acc=0.5358 val_loss=2.7339 val_f1_macro=0.4753 val_f1_weighted=0.5308 val_prec_macro=0.4916 val_rec_macro=0.4723 val_metric_name=acc val_metric=0.5358
Step 2450 | loss 0.2986 | val_acc=0.5393 val_loss=2.7324 val_f1_macro=0.4774 val_f1_weighted=0.5350 val_prec_macro=0.4925 val_rec_macro=0.4719 val_metric_name=acc val_metric=0.5393
Step 2500 | loss 0.2849 | val_acc=0.5363 val_loss=2.8166 val_f1_macro=0.4760 val_f1_weighted=0.5320 val_prec_macro=0.4907 val_rec_macro=0.4723 val_metric_name=acc val_metric=0.5363
Step 2550 | loss 0.2742 | val_acc=0.5365 val_loss=2.8500 val_f1_macro=0.4771 val_f1_weighted=0.5322 val_prec_macro=0.4914 val_rec_macro=0.4734 val_metric_name=acc val_metric=0.5365
Step 2600 | loss 0.2625 | val_acc=0.5362 val_loss=2.9076 val_f1_macro=0.4748 val_f1_weighted=0.5314 val_prec_macro=0.4913 val_rec_macro=0.4700 val_metric_name=acc val_metric=0.5362
Step 2650 | loss 0.2564 | val_acc=0.5365 val_loss=2.9200 val_f1_macro=0.4757 val_f1_weighted=0.5322 val_prec_macro=0.4901 val_rec_macro=0.4713 val_metric_name=acc val_metric=0.5365
Step 2700 | loss 0.2500 | val_acc=0.5401 val_loss=2.9804 val_f1_macro=0.4808 val_f1_weighted=0.5357 val_prec_macro=0.4961 val_rec_macro=0.4765 val_metric_name=acc val_metric=0.5401
Step 2750 | loss 0.2458 | val_acc=0.5355 val_loss=3.0168 val_f1_macro=0.4755 val_f1_weighted=0.5310 val_prec_macro=0.4908 val_rec_macro=0.4706 val_metric_name=acc val_metric=0.5355
Step 2800 | loss 0.2364 | val_acc=0.5352 val_loss=3.0562 val_f1_macro=0.4739 val_f1_weighted=0.5309 val_prec_macro=0.4874 val_rec_macro=0.4702 val_metric_name=acc val_metric=0.5352
Step 2850 | loss 0.2312 | val_acc=0.5362 val_loss=3.0802 val_f1_macro=0.4757 val_f1_weighted=0.5318 val_prec_macro=0.4910 val_rec_macro=0.4705 val_metric_name=acc val_metric=0.5362
Step 2900 | loss 0.2212 | val_acc=0.5378 val_loss=3.1476 val_f1_macro=0.4777 val_f1_weighted=0.5334 val_prec_macro=0.4910 val_rec_macro=0.4746 val_metric_name=acc val_metric=0.5378
Step 2950 | loss 0.2187 | val_acc=0.5381 val_loss=3.1707 val_f1_macro=0.4781 val_f1_weighted=0.5338 val_prec_macro=0.4911 val_rec_macro=0.4750 val_metric_name=acc val_metric=0.5381
Step 3000 | loss 0.2145 | val_acc=0.5357 val_loss=3.2063 val_f1_macro=0.4745 val_f1_weighted=0.5309 val_prec_macro=0.4912 val_rec_macro=0.4687 val_metric_name=acc val_metric=0.5357
Early stopping at step 3000

--- Final (best ckpt @ step 2700) ---
  train_acc=0.9827 train_loss=0.0471 train_f1_macro=0.9851 train_f1_weighted=0.9827 train_prec_macro=0.9844 train_rec_macro=0.9860 train_metric_name=acc train_metric=0.9827
  val_acc=0.5401 val_loss=2.9804 val_f1_macro=0.4808 val_f1_weighted=0.5357 val_prec_macro=0.4961 val_rec_macro=0.4765 val_metric_name=acc val_metric=0.5401
  test_acc=0.5434 test_loss=2.8980 test_f1_macro=0.4887 test_f1_weighted=0.5382 test_prec_macro=0.5055 test_rec_macro=0.4827 test_metric_name=acc test_metric=0.5434
  test_acc=0.5434

============================================================
Training TABM-amazon-ratings TAG 3L h=512 lr=3e-05 split=5
============================================================
Step    1 | loss 2.4505 | val_acc=0.2789 val_loss=1.5031 val_f1_macro=0.1706 val_f1_weighted=0.2480 val_prec_macro=0.1835 val_rec_macro=0.1969 val_metric_name=acc val_metric=0.2789
Step   50 | loss 1.5183 | val_acc=0.3890 val_loss=1.3794 val_f1_macro=0.1647 val_f1_weighted=0.2742 val_prec_macro=0.1648 val_rec_macro=0.2230 val_metric_name=acc val_metric=0.3890
Step  100 | loss 1.4572 | val_acc=0.4008 val_loss=1.3562 val_f1_macro=0.1829 val_f1_weighted=0.2983 val_prec_macro=0.2122 val_rec_macro=0.2354 val_metric_name=acc val_metric=0.4008
Step  150 | loss 1.4164 | val_acc=0.4119 val_loss=1.3385 val_f1_macro=0.2001 val_f1_weighted=0.3201 val_prec_macro=0.2211 val_rec_macro=0.2485 val_metric_name=acc val_metric=0.4119
Step  200 | loss 1.3837 | val_acc=0.4254 val_loss=1.3292 val_f1_macro=0.2220 val_f1_weighted=0.3457 val_prec_macro=0.3869 val_rec_macro=0.2642 val_metric_name=acc val_metric=0.4254
Step  250 | loss 1.3552 | val_acc=0.4313 val_loss=1.3251 val_f1_macro=0.2407 val_f1_weighted=0.3634 val_prec_macro=0.3875 val_rec_macro=0.2756 val_metric_name=acc val_metric=0.4313
Step  300 | loss 1.3321 | val_acc=0.4326 val_loss=1.3217 val_f1_macro=0.2502 val_f1_weighted=0.3704 val_prec_macro=0.3449 val_rec_macro=0.2811 val_metric_name=acc val_metric=0.4326
Step  350 | loss 1.3100 | val_acc=0.4348 val_loss=1.3190 val_f1_macro=0.2644 val_f1_weighted=0.3798 val_prec_macro=0.3903 val_rec_macro=0.2898 val_metric_name=acc val_metric=0.4348
Step  400 | loss 1.2870 | val_acc=0.4423 val_loss=1.3159 val_f1_macro=0.2805 val_f1_weighted=0.3931 val_prec_macro=0.4034 val_rec_macro=0.3006 val_metric_name=acc val_metric=0.4423
Step  450 | loss 1.2644 | val_acc=0.4446 val_loss=1.3150 val_f1_macro=0.2927 val_f1_weighted=0.3992 val_prec_macro=0.4178 val_rec_macro=0.3082 val_metric_name=acc val_metric=0.4446
Step  500 | loss 1.2394 | val_acc=0.4460 val_loss=1.3079 val_f1_macro=0.3033 val_f1_weighted=0.4074 val_prec_macro=0.4095 val_rec_macro=0.3147 val_metric_name=acc val_metric=0.4460
Step  550 | loss 1.2104 | val_acc=0.4581 val_loss=1.2994 val_f1_macro=0.3259 val_f1_weighted=0.4259 val_prec_macro=0.4281 val_rec_macro=0.3303 val_metric_name=acc val_metric=0.4581
Step  600 | loss 1.1842 | val_acc=0.4555 val_loss=1.3197 val_f1_macro=0.3343 val_f1_weighted=0.4241 val_prec_macro=0.4395 val_rec_macro=0.3381 val_metric_name=acc val_metric=0.4555
Step  650 | loss 1.1547 | val_acc=0.4642 val_loss=1.3120 val_f1_macro=0.3523 val_f1_weighted=0.4387 val_prec_macro=0.4490 val_rec_macro=0.3506 val_metric_name=acc val_metric=0.4642
Step  700 | loss 1.1320 | val_acc=0.4712 val_loss=1.3222 val_f1_macro=0.3674 val_f1_weighted=0.4479 val_prec_macro=0.4519 val_rec_macro=0.3626 val_metric_name=acc val_metric=0.4712
Step  750 | loss 1.1066 | val_acc=0.4722 val_loss=1.3251 val_f1_macro=0.3744 val_f1_weighted=0.4524 val_prec_macro=0.4445 val_rec_macro=0.3703 val_metric_name=acc val_metric=0.4722
Step  800 | loss 1.0804 | val_acc=0.4726 val_loss=1.3548 val_f1_macro=0.3747 val_f1_weighted=0.4515 val_prec_macro=0.4480 val_rec_macro=0.3699 val_metric_name=acc val_metric=0.4726
Step  850 | loss 1.0520 | val_acc=0.4798 val_loss=1.3533 val_f1_macro=0.3933 val_f1_weighted=0.4634 val_prec_macro=0.4521 val_rec_macro=0.3860 val_metric_name=acc val_metric=0.4798
Step  900 | loss 1.0302 | val_acc=0.4824 val_loss=1.3797 val_f1_macro=0.3937 val_f1_weighted=0.4655 val_prec_macro=0.4522 val_rec_macro=0.3859 val_metric_name=acc val_metric=0.4824
Step  950 | loss 1.0031 | val_acc=0.4846 val_loss=1.4048 val_f1_macro=0.4021 val_f1_weighted=0.4685 val_prec_macro=0.4574 val_rec_macro=0.3945 val_metric_name=acc val_metric=0.4846
Step 1000 | loss 0.9814 | val_acc=0.4846 val_loss=1.4248 val_f1_macro=0.4038 val_f1_weighted=0.4697 val_prec_macro=0.4503 val_rec_macro=0.3981 val_metric_name=acc val_metric=0.4846
Step 1050 | loss 0.9553 | val_acc=0.4901 val_loss=1.4455 val_f1_macro=0.4115 val_f1_weighted=0.4763 val_prec_macro=0.4566 val_rec_macro=0.4049 val_metric_name=acc val_metric=0.4901
Step 1100 | loss 0.9311 | val_acc=0.4944 val_loss=1.4615 val_f1_macro=0.4155 val_f1_weighted=0.4813 val_prec_macro=0.4586 val_rec_macro=0.4081 val_metric_name=acc val_metric=0.4944
Step 1150 | loss 0.9027 | val_acc=0.4952 val_loss=1.4868 val_f1_macro=0.4194 val_f1_weighted=0.4828 val_prec_macro=0.4616 val_rec_macro=0.4119 val_metric_name=acc val_metric=0.4952
Step 1200 | loss 0.8771 | val_acc=0.4953 val_loss=1.5065 val_f1_macro=0.4254 val_f1_weighted=0.4840 val_prec_macro=0.4638 val_rec_macro=0.4183 val_metric_name=acc val_metric=0.4953
Step 1250 | loss 0.8540 | val_acc=0.4993 val_loss=1.5484 val_f1_macro=0.4308 val_f1_weighted=0.4896 val_prec_macro=0.4604 val_rec_macro=0.4252 val_metric_name=acc val_metric=0.4993
Step 1300 | loss 0.8272 | val_acc=0.5042 val_loss=1.5704 val_f1_macro=0.4365 val_f1_weighted=0.4944 val_prec_macro=0.4697 val_rec_macro=0.4287 val_metric_name=acc val_metric=0.5042
Step 1350 | loss 0.7976 | val_acc=0.5048 val_loss=1.6081 val_f1_macro=0.4377 val_f1_weighted=0.4952 val_prec_macro=0.4707 val_rec_macro=0.4307 val_metric_name=acc val_metric=0.5048
Step 1400 | loss 0.7728 | val_acc=0.5060 val_loss=1.6517 val_f1_macro=0.4420 val_f1_weighted=0.4967 val_prec_macro=0.4725 val_rec_macro=0.4360 val_metric_name=acc val_metric=0.5060
Step 1450 | loss 0.7449 | val_acc=0.5081 val_loss=1.6909 val_f1_macro=0.4485 val_f1_weighted=0.5004 val_prec_macro=0.4736 val_rec_macro=0.4439 val_metric_name=acc val_metric=0.5081
Step 1500 | loss 0.7190 | val_acc=0.5140 val_loss=1.7123 val_f1_macro=0.4536 val_f1_weighted=0.5064 val_prec_macro=0.4820 val_rec_macro=0.4462 val_metric_name=acc val_metric=0.5140
Step 1550 | loss 0.6987 | val_acc=0.5148 val_loss=1.7597 val_f1_macro=0.4561 val_f1_weighted=0.5082 val_prec_macro=0.4801 val_rec_macro=0.4500 val_metric_name=acc val_metric=0.5148
Step 1600 | loss 0.6686 | val_acc=0.5189 val_loss=1.7895 val_f1_macro=0.4595 val_f1_weighted=0.5122 val_prec_macro=0.4844 val_rec_macro=0.4525 val_metric_name=acc val_metric=0.5189
Step 1650 | loss 0.6460 | val_acc=0.5220 val_loss=1.8323 val_f1_macro=0.4617 val_f1_weighted=0.5158 val_prec_macro=0.4860 val_rec_macro=0.4539 val_metric_name=acc val_metric=0.5220
Step 1700 | loss 0.6212 | val_acc=0.5213 val_loss=1.8817 val_f1_macro=0.4634 val_f1_weighted=0.5158 val_prec_macro=0.4833 val_rec_macro=0.4579 val_metric_name=acc val_metric=0.5213
Step 1750 | loss 0.5988 | val_acc=0.5238 val_loss=1.9332 val_f1_macro=0.4668 val_f1_weighted=0.5183 val_prec_macro=0.4882 val_rec_macro=0.4605 val_metric_name=acc val_metric=0.5238
Step 1800 | loss 0.5715 | val_acc=0.5239 val_loss=1.9707 val_f1_macro=0.4682 val_f1_weighted=0.5191 val_prec_macro=0.4858 val_rec_macro=0.4630 val_metric_name=acc val_metric=0.5239
Step 1850 | loss 0.5472 | val_acc=0.5234 val_loss=2.0231 val_f1_macro=0.4653 val_f1_weighted=0.5186 val_prec_macro=0.4839 val_rec_macro=0.4593 val_metric_name=acc val_metric=0.5234
Step 1900 | loss 0.5284 | val_acc=0.5275 val_loss=2.0715 val_f1_macro=0.4728 val_f1_weighted=0.5229 val_prec_macro=0.4906 val_rec_macro=0.4673 val_metric_name=acc val_metric=0.5275
Step 1950 | loss 0.5049 | val_acc=0.5287 val_loss=2.1100 val_f1_macro=0.4736 val_f1_weighted=0.5245 val_prec_macro=0.4891 val_rec_macro=0.4686 val_metric_name=acc val_metric=0.5287
Step 2000 | loss 0.4755 | val_acc=0.5303 val_loss=2.1661 val_f1_macro=0.4728 val_f1_weighted=0.5260 val_prec_macro=0.4882 val_rec_macro=0.4683 val_metric_name=acc val_metric=0.5303
Step 2050 | loss 0.4620 | val_acc=0.5298 val_loss=2.2206 val_f1_macro=0.4721 val_f1_weighted=0.5255 val_prec_macro=0.4884 val_rec_macro=0.4665 val_metric_name=acc val_metric=0.5298
Step 2100 | loss 0.4415 | val_acc=0.5306 val_loss=2.2896 val_f1_macro=0.4736 val_f1_weighted=0.5264 val_prec_macro=0.4882 val_rec_macro=0.4691 val_metric_name=acc val_metric=0.5306
Step 2150 | loss 0.4252 | val_acc=0.5298 val_loss=2.3121 val_f1_macro=0.4737 val_f1_weighted=0.5261 val_prec_macro=0.4859 val_rec_macro=0.4692 val_metric_name=acc val_metric=0.5298
Step 2200 | loss 0.4062 | val_acc=0.5319 val_loss=2.3677 val_f1_macro=0.4749 val_f1_weighted=0.5279 val_prec_macro=0.4887 val_rec_macro=0.4707 val_metric_name=acc val_metric=0.5319
Step 2250 | loss 0.3929 | val_acc=0.5306 val_loss=2.4209 val_f1_macro=0.4746 val_f1_weighted=0.5270 val_prec_macro=0.4870 val_rec_macro=0.4705 val_metric_name=acc val_metric=0.5306
Step 2300 | loss 0.3743 | val_acc=0.5311 val_loss=2.4656 val_f1_macro=0.4739 val_f1_weighted=0.5276 val_prec_macro=0.4866 val_rec_macro=0.4686 val_metric_name=acc val_metric=0.5311
Step 2350 | loss 0.3602 | val_acc=0.5318 val_loss=2.5256 val_f1_macro=0.4744 val_f1_weighted=0.5282 val_prec_macro=0.4875 val_rec_macro=0.4699 val_metric_name=acc val_metric=0.5318
Step 2400 | loss 0.3468 | val_acc=0.5344 val_loss=2.5605 val_f1_macro=0.4780 val_f1_weighted=0.5311 val_prec_macro=0.4911 val_rec_macro=0.4725 val_metric_name=acc val_metric=0.5344
Step 2450 | loss 0.3278 | val_acc=0.5347 val_loss=2.6029 val_f1_macro=0.4769 val_f1_weighted=0.5316 val_prec_macro=0.4879 val_rec_macro=0.4731 val_metric_name=acc val_metric=0.5347
Step 2500 | loss 0.3171 | val_acc=0.5352 val_loss=2.6537 val_f1_macro=0.4771 val_f1_weighted=0.5321 val_prec_macro=0.4884 val_rec_macro=0.4726 val_metric_name=acc val_metric=0.5352
Step 2550 | loss 0.3080 | val_acc=0.5344 val_loss=2.6957 val_f1_macro=0.4768 val_f1_weighted=0.5317 val_prec_macro=0.4862 val_rec_macro=0.4733 val_metric_name=acc val_metric=0.5344
Step 2600 | loss 0.2947 | val_acc=0.5347 val_loss=2.7481 val_f1_macro=0.4765 val_f1_weighted=0.5314 val_prec_macro=0.4882 val_rec_macro=0.4727 val_metric_name=acc val_metric=0.5347
Step 2650 | loss 0.2868 | val_acc=0.5362 val_loss=2.7776 val_f1_macro=0.4777 val_f1_weighted=0.5330 val_prec_macro=0.4895 val_rec_macro=0.4723 val_metric_name=acc val_metric=0.5362
Step 2700 | loss 0.2764 | val_acc=0.5341 val_loss=2.8398 val_f1_macro=0.4781 val_f1_weighted=0.5312 val_prec_macro=0.4885 val_rec_macro=0.4744 val_metric_name=acc val_metric=0.5341
Step 2750 | loss 0.2679 | val_acc=0.5329 val_loss=2.8682 val_f1_macro=0.4749 val_f1_weighted=0.5302 val_prec_macro=0.4835 val_rec_macro=0.4721 val_metric_name=acc val_metric=0.5329
Step 2800 | loss 0.2518 | val_acc=0.5365 val_loss=2.9191 val_f1_macro=0.4792 val_f1_weighted=0.5335 val_prec_macro=0.4893 val_rec_macro=0.4755 val_metric_name=acc val_metric=0.5365
Step 2850 | loss 0.2460 | val_acc=0.5373 val_loss=2.9545 val_f1_macro=0.4788 val_f1_weighted=0.5343 val_prec_macro=0.4894 val_rec_macro=0.4740 val_metric_name=acc val_metric=0.5373
Step 2900 | loss 0.2368 | val_acc=0.5381 val_loss=2.9904 val_f1_macro=0.4790 val_f1_weighted=0.5353 val_prec_macro=0.4893 val_rec_macro=0.4744 val_metric_name=acc val_metric=0.5381
Early stopping at step 2930

--- Final (best ckpt @ step 2630) ---
  train_acc=0.9861 train_loss=0.0501 train_f1_macro=0.9855 train_f1_weighted=0.9861 train_prec_macro=0.9837 train_rec_macro=0.9874 train_metric_name=acc train_metric=0.9861
  val_acc=0.5390 val_loss=2.7633 val_f1_macro=0.4818 val_f1_weighted=0.5361 val_prec_macro=0.4918 val_rec_macro=0.4774 val_metric_name=acc val_metric=0.5390
  test_acc=0.5350 test_loss=2.6997 test_f1_macro=0.4782 test_f1_weighted=0.5309 test_prec_macro=0.4888 test_rec_macro=0.4735 test_metric_name=acc test_metric=0.5350
  test_acc=0.5350

============================================================
Training TABM-amazon-ratings TAG 4L h=512 lr=3e-05 split=5
============================================================
Step    1 | loss 2.3666 | val_acc=0.3629 val_loss=1.5226 val_f1_macro=0.1349 val_f1_weighted=0.2334 val_prec_macro=0.1695 val_rec_macro=0.2025 val_metric_name=acc val_metric=0.3629
Step   50 | loss 1.5170 | val_acc=0.3897 val_loss=1.3740 val_f1_macro=0.1714 val_f1_weighted=0.2828 val_prec_macro=0.1602 val_rec_macro=0.2263 val_metric_name=acc val_metric=0.3897
Step  100 | loss 1.4442 | val_acc=0.4055 val_loss=1.3506 val_f1_macro=0.1890 val_f1_weighted=0.3062 val_prec_macro=0.2360 val_rec_macro=0.2409 val_metric_name=acc val_metric=0.4055
Step  150 | loss 1.4000 | val_acc=0.4183 val_loss=1.3346 val_f1_macro=0.2122 val_f1_weighted=0.3341 val_prec_macro=0.3467 val_rec_macro=0.2577 val_metric_name=acc val_metric=0.4183
Step  200 | loss 1.3680 | val_acc=0.4240 val_loss=1.3272 val_f1_macro=0.2340 val_f1_weighted=0.3553 val_prec_macro=0.3422 val_rec_macro=0.2692 val_metric_name=acc val_metric=0.4240
Step  250 | loss 1.3374 | val_acc=0.4281 val_loss=1.3276 val_f1_macro=0.2480 val_f1_weighted=0.3652 val_prec_macro=0.3889 val_rec_macro=0.2800 val_metric_name=acc val_metric=0.4281
Step  300 | loss 1.3137 | val_acc=0.4331 val_loss=1.3233 val_f1_macro=0.2631 val_f1_weighted=0.3791 val_prec_macro=0.3893 val_rec_macro=0.2884 val_metric_name=acc val_metric=0.4331
Step  350 | loss 1.2894 | val_acc=0.4398 val_loss=1.3164 val_f1_macro=0.2827 val_f1_weighted=0.3965 val_prec_macro=0.3816 val_rec_macro=0.2991 val_metric_name=acc val_metric=0.4398
Step  400 | loss 1.2636 | val_acc=0.4441 val_loss=1.3226 val_f1_macro=0.3103 val_f1_weighted=0.4093 val_prec_macro=0.4353 val_rec_macro=0.3194 val_metric_name=acc val_metric=0.4441
Step  450 | loss 1.2397 | val_acc=0.4506 val_loss=1.3170 val_f1_macro=0.3215 val_f1_weighted=0.4210 val_prec_macro=0.4079 val_rec_macro=0.3271 val_metric_name=acc val_metric=0.4506
Step  500 | loss 1.2156 | val_acc=0.4529 val_loss=1.3494 val_f1_macro=0.3291 val_f1_weighted=0.4168 val_prec_macro=0.4352 val_rec_macro=0.3347 val_metric_name=acc val_metric=0.4529
Step  550 | loss 1.1869 | val_acc=0.4576 val_loss=1.3281 val_f1_macro=0.3504 val_f1_weighted=0.4348 val_prec_macro=0.4135 val_rec_macro=0.3488 val_metric_name=acc val_metric=0.4576
Step  600 | loss 1.1642 | val_acc=0.4591 val_loss=1.3545 val_f1_macro=0.3523 val_f1_weighted=0.4347 val_prec_macro=0.4174 val_rec_macro=0.3521 val_metric_name=acc val_metric=0.4591
Step  650 | loss 1.1393 | val_acc=0.4581 val_loss=1.3731 val_f1_macro=0.3643 val_f1_weighted=0.4382 val_prec_macro=0.4164 val_rec_macro=0.3632 val_metric_name=acc val_metric=0.4581
Step  700 | loss 1.1142 | val_acc=0.4655 val_loss=1.3752 val_f1_macro=0.3727 val_f1_weighted=0.4471 val_prec_macro=0.4164 val_rec_macro=0.3708 val_metric_name=acc val_metric=0.4655
Step  750 | loss 1.0881 | val_acc=0.4687 val_loss=1.4049 val_f1_macro=0.3823 val_f1_weighted=0.4515 val_prec_macro=0.4254 val_rec_macro=0.3809 val_metric_name=acc val_metric=0.4687
Step  800 | loss 1.0647 | val_acc=0.4746 val_loss=1.4133 val_f1_macro=0.3828 val_f1_weighted=0.4568 val_prec_macro=0.4254 val_rec_macro=0.3793 val_metric_name=acc val_metric=0.4746
Step  850 | loss 1.0435 | val_acc=0.4743 val_loss=1.4276 val_f1_macro=0.3938 val_f1_weighted=0.4604 val_prec_macro=0.4243 val_rec_macro=0.3918 val_metric_name=acc val_metric=0.4743
Step  900 | loss 1.0191 | val_acc=0.4800 val_loss=1.4564 val_f1_macro=0.4012 val_f1_weighted=0.4649 val_prec_macro=0.4363 val_rec_macro=0.3991 val_metric_name=acc val_metric=0.4800
Step  950 | loss 1.0016 | val_acc=0.4816 val_loss=1.4690 val_f1_macro=0.4045 val_f1_weighted=0.4664 val_prec_macro=0.4399 val_rec_macro=0.4012 val_metric_name=acc val_metric=0.4816
Step 1000 | loss 0.9748 | val_acc=0.4787 val_loss=1.4942 val_f1_macro=0.4087 val_f1_weighted=0.4658 val_prec_macro=0.4353 val_rec_macro=0.4085 val_metric_name=acc val_metric=0.4787
Step 1050 | loss 0.9518 | val_acc=0.4829 val_loss=1.5098 val_f1_macro=0.4147 val_f1_weighted=0.4720 val_prec_macro=0.4404 val_rec_macro=0.4119 val_metric_name=acc val_metric=0.4829
Step 1100 | loss 0.9279 | val_acc=0.4824 val_loss=1.5343 val_f1_macro=0.4150 val_f1_weighted=0.4730 val_prec_macro=0.4335 val_rec_macro=0.4136 val_metric_name=acc val_metric=0.4824
Step 1150 | loss 0.9056 | val_acc=0.4903 val_loss=1.5616 val_f1_macro=0.4256 val_f1_weighted=0.4787 val_prec_macro=0.4523 val_rec_macro=0.4255 val_metric_name=acc val_metric=0.4903
Step 1200 | loss 0.8801 | val_acc=0.4952 val_loss=1.5666 val_f1_macro=0.4332 val_f1_weighted=0.4870 val_prec_macro=0.4514 val_rec_macro=0.4331 val_metric_name=acc val_metric=0.4952
Step 1250 | loss 0.8572 | val_acc=0.4978 val_loss=1.5891 val_f1_macro=0.4364 val_f1_weighted=0.4909 val_prec_macro=0.4541 val_rec_macro=0.4333 val_metric_name=acc val_metric=0.4978
Step 1300 | loss 0.8340 | val_acc=0.5009 val_loss=1.6305 val_f1_macro=0.4391 val_f1_weighted=0.4934 val_prec_macro=0.4569 val_rec_macro=0.4372 val_metric_name=acc val_metric=0.5009
Step 1350 | loss 0.8077 | val_acc=0.5032 val_loss=1.6593 val_f1_macro=0.4397 val_f1_weighted=0.4957 val_prec_macro=0.4579 val_rec_macro=0.4364 val_metric_name=acc val_metric=0.5032
Step 1400 | loss 0.7811 | val_acc=0.5102 val_loss=1.6781 val_f1_macro=0.4479 val_f1_weighted=0.5041 val_prec_macro=0.4636 val_rec_macro=0.4445 val_metric_name=acc val_metric=0.5102
Step 1450 | loss 0.7594 | val_acc=0.5094 val_loss=1.7148 val_f1_macro=0.4453 val_f1_weighted=0.5025 val_prec_macro=0.4640 val_rec_macro=0.4409 val_metric_name=acc val_metric=0.5094
Step 1500 | loss 0.7326 | val_acc=0.5133 val_loss=1.7476 val_f1_macro=0.4519 val_f1_weighted=0.5076 val_prec_macro=0.4672 val_rec_macro=0.4477 val_metric_name=acc val_metric=0.5133
Step 1550 | loss 0.7082 | val_acc=0.5114 val_loss=1.8138 val_f1_macro=0.4542 val_f1_weighted=0.5060 val_prec_macro=0.4682 val_rec_macro=0.4523 val_metric_name=acc val_metric=0.5114
Step 1600 | loss 0.6811 | val_acc=0.5153 val_loss=1.8344 val_f1_macro=0.4575 val_f1_weighted=0.5110 val_prec_macro=0.4692 val_rec_macro=0.4553 val_metric_name=acc val_metric=0.5153
Step 1650 | loss 0.6576 | val_acc=0.5174 val_loss=1.8751 val_f1_macro=0.4584 val_f1_weighted=0.5138 val_prec_macro=0.4685 val_rec_macro=0.4563 val_metric_name=acc val_metric=0.5174
Step 1700 | loss 0.6354 | val_acc=0.5163 val_loss=1.9125 val_f1_macro=0.4584 val_f1_weighted=0.5127 val_prec_macro=0.4682 val_rec_macro=0.4566 val_metric_name=acc val_metric=0.5163
Step 1750 | loss 0.6092 | val_acc=0.5171 val_loss=1.9599 val_f1_macro=0.4587 val_f1_weighted=0.5132 val_prec_macro=0.4695 val_rec_macro=0.4559 val_metric_name=acc val_metric=0.5171
Step 1800 | loss 0.5865 | val_acc=0.5179 val_loss=2.0112 val_f1_macro=0.4625 val_f1_weighted=0.5144 val_prec_macro=0.4738 val_rec_macro=0.4597 val_metric_name=acc val_metric=0.5179
Step 1850 | loss 0.5568 | val_acc=0.5197 val_loss=2.0649 val_f1_macro=0.4636 val_f1_weighted=0.5161 val_prec_macro=0.4759 val_rec_macro=0.4602 val_metric_name=acc val_metric=0.5197
Step 1900 | loss 0.5381 | val_acc=0.5203 val_loss=2.0901 val_f1_macro=0.4649 val_f1_weighted=0.5174 val_prec_macro=0.4756 val_rec_macro=0.4606 val_metric_name=acc val_metric=0.5203
Step 1950 | loss 0.5116 | val_acc=0.5205 val_loss=2.1435 val_f1_macro=0.4641 val_f1_weighted=0.5176 val_prec_macro=0.4750 val_rec_macro=0.4597 val_metric_name=acc val_metric=0.5205
Step 2000 | loss 0.4906 | val_acc=0.5218 val_loss=2.2042 val_f1_macro=0.4650 val_f1_weighted=0.5189 val_prec_macro=0.4748 val_rec_macro=0.4620 val_metric_name=acc val_metric=0.5218
Step 2050 | loss 0.4762 | val_acc=0.5208 val_loss=2.2690 val_f1_macro=0.4629 val_f1_weighted=0.5182 val_prec_macro=0.4714 val_rec_macro=0.4600 val_metric_name=acc val_metric=0.5208
Step 2100 | loss 0.4504 | val_acc=0.5251 val_loss=2.3258 val_f1_macro=0.4672 val_f1_weighted=0.5222 val_prec_macro=0.4771 val_rec_macro=0.4635 val_metric_name=acc val_metric=0.5251
Step 2150 | loss 0.4307 | val_acc=0.5216 val_loss=2.3548 val_f1_macro=0.4642 val_f1_weighted=0.5190 val_prec_macro=0.4739 val_rec_macro=0.4606 val_metric_name=acc val_metric=0.5216
Step 2200 | loss 0.4133 | val_acc=0.5246 val_loss=2.4151 val_f1_macro=0.4680 val_f1_weighted=0.5220 val_prec_macro=0.4764 val_rec_macro=0.4649 val_metric_name=acc val_metric=0.5246
Step 2250 | loss 0.3945 | val_acc=0.5251 val_loss=2.4666 val_f1_macro=0.4660 val_f1_weighted=0.5223 val_prec_macro=0.4748 val_rec_macro=0.4629 val_metric_name=acc val_metric=0.5251
Step 2300 | loss 0.3784 | val_acc=0.5244 val_loss=2.5307 val_f1_macro=0.4666 val_f1_weighted=0.5219 val_prec_macro=0.4751 val_rec_macro=0.4634 val_metric_name=acc val_metric=0.5244
Step 2350 | loss 0.3555 | val_acc=0.5249 val_loss=2.5788 val_f1_macro=0.4672 val_f1_weighted=0.5225 val_prec_macro=0.4753 val_rec_macro=0.4636 val_metric_name=acc val_metric=0.5249
Step 2400 | loss 0.3396 | val_acc=0.5254 val_loss=2.6239 val_f1_macro=0.4665 val_f1_weighted=0.5227 val_prec_macro=0.4757 val_rec_macro=0.4624 val_metric_name=acc val_metric=0.5254
Step 2450 | loss 0.3248 | val_acc=0.5267 val_loss=2.6660 val_f1_macro=0.4706 val_f1_weighted=0.5241 val_prec_macro=0.4817 val_rec_macro=0.4650 val_metric_name=acc val_metric=0.5267
Step 2500 | loss 0.3142 | val_acc=0.5244 val_loss=2.7176 val_f1_macro=0.4681 val_f1_weighted=0.5220 val_prec_macro=0.4770 val_rec_macro=0.4643 val_metric_name=acc val_metric=0.5244
Step 2550 | loss 0.3020 | val_acc=0.5262 val_loss=2.7691 val_f1_macro=0.4692 val_f1_weighted=0.5236 val_prec_macro=0.4803 val_rec_macro=0.4633 val_metric_name=acc val_metric=0.5262
Step 2600 | loss 0.2906 | val_acc=0.5280 val_loss=2.8092 val_f1_macro=0.4709 val_f1_weighted=0.5255 val_prec_macro=0.4805 val_rec_macro=0.4665 val_metric_name=acc val_metric=0.5280
Step 2650 | loss 0.2767 | val_acc=0.5275 val_loss=2.8537 val_f1_macro=0.4703 val_f1_weighted=0.5248 val_prec_macro=0.4810 val_rec_macro=0.4651 val_metric_name=acc val_metric=0.5275
Step 2700 | loss 0.2675 | val_acc=0.5290 val_loss=2.9043 val_f1_macro=0.4724 val_f1_weighted=0.5267 val_prec_macro=0.4803 val_rec_macro=0.4693 val_metric_name=acc val_metric=0.5290
Step 2750 | loss 0.2568 | val_acc=0.5288 val_loss=2.9610 val_f1_macro=0.4721 val_f1_weighted=0.5262 val_prec_macro=0.4832 val_rec_macro=0.4665 val_metric_name=acc val_metric=0.5288
Step 2800 | loss 0.2435 | val_acc=0.5290 val_loss=2.9853 val_f1_macro=0.4717 val_f1_weighted=0.5267 val_prec_macro=0.4801 val_rec_macro=0.4676 val_metric_name=acc val_metric=0.5290
Step 2850 | loss 0.2354 | val_acc=0.5292 val_loss=3.0367 val_f1_macro=0.4713 val_f1_weighted=0.5267 val_prec_macro=0.4805 val_rec_macro=0.4668 val_metric_name=acc val_metric=0.5292
Step 2900 | loss 0.2270 | val_acc=0.5283 val_loss=3.0783 val_f1_macro=0.4711 val_f1_weighted=0.5262 val_prec_macro=0.4793 val_rec_macro=0.4673 val_metric_name=acc val_metric=0.5283
Step 2950 | loss 0.2158 | val_acc=0.5311 val_loss=3.1178 val_f1_macro=0.4737 val_f1_weighted=0.5287 val_prec_macro=0.4838 val_rec_macro=0.4684 val_metric_name=acc val_metric=0.5311
Step 3000 | loss 0.2066 | val_acc=0.5283 val_loss=3.1689 val_f1_macro=0.4705 val_f1_weighted=0.5263 val_prec_macro=0.4777 val_rec_macro=0.4669 val_metric_name=acc val_metric=0.5283
Step 3050 | loss 0.2025 | val_acc=0.5267 val_loss=3.2045 val_f1_macro=0.4691 val_f1_weighted=0.5244 val_prec_macro=0.4780 val_rec_macro=0.4646 val_metric_name=acc val_metric=0.5267
Step 3100 | loss 0.1960 | val_acc=0.5288 val_loss=3.2306 val_f1_macro=0.4697 val_f1_weighted=0.5262 val_prec_macro=0.4798 val_rec_macro=0.4643 val_metric_name=acc val_metric=0.5288
Step 3150 | loss 0.1894 | val_acc=0.5275 val_loss=3.2774 val_f1_macro=0.4696 val_f1_weighted=0.5254 val_prec_macro=0.4769 val_rec_macro=0.4661 val_metric_name=acc val_metric=0.5275
Step 3200 | loss 0.1809 | val_acc=0.5259 val_loss=3.3246 val_f1_macro=0.4680 val_f1_weighted=0.5238 val_prec_macro=0.4754 val_rec_macro=0.4650 val_metric_name=acc val_metric=0.5259
Step 3250 | loss 0.1770 | val_acc=0.5287 val_loss=3.3509 val_f1_macro=0.4703 val_f1_weighted=0.5264 val_prec_macro=0.4787 val_rec_macro=0.4665 val_metric_name=acc val_metric=0.5287
Step 3300 | loss 0.1662 | val_acc=0.5298 val_loss=3.3999 val_f1_macro=0.4705 val_f1_weighted=0.5275 val_prec_macro=0.4788 val_rec_macro=0.4664 val_metric_name=acc val_metric=0.5298
Step 3350 | loss 0.1639 | val_acc=0.5293 val_loss=3.4320 val_f1_macro=0.4698 val_f1_weighted=0.5274 val_prec_macro=0.4760 val_rec_macro=0.4668 val_metric_name=acc val_metric=0.5293
Step 3400 | loss 0.1549 | val_acc=0.5303 val_loss=3.4681 val_f1_macro=0.4715 val_f1_weighted=0.5280 val_prec_macro=0.4805 val_rec_macro=0.4670 val_metric_name=acc val_metric=0.5303
Step 3450 | loss 0.1531 | val_acc=0.5319 val_loss=3.5060 val_f1_macro=0.4714 val_f1_weighted=0.5297 val_prec_macro=0.4789 val_rec_macro=0.4672 val_metric_name=acc val_metric=0.5319
Step 3500 | loss 0.1489 | val_acc=0.5285 val_loss=3.5227 val_f1_macro=0.4688 val_f1_weighted=0.5264 val_prec_macro=0.4765 val_rec_macro=0.4653 val_metric_name=acc val_metric=0.5285
Step 3550 | loss 0.1409 | val_acc=0.5290 val_loss=3.5524 val_f1_macro=0.4706 val_f1_weighted=0.5268 val_prec_macro=0.4787 val_rec_macro=0.4667 val_metric_name=acc val_metric=0.5290
Step 3600 | loss 0.1373 | val_acc=0.5285 val_loss=3.5902 val_f1_macro=0.4691 val_f1_weighted=0.5264 val_prec_macro=0.4765 val_rec_macro=0.4651 val_metric_name=acc val_metric=0.5285
Step 3650 | loss 0.1366 | val_acc=0.5288 val_loss=3.6008 val_f1_macro=0.4699 val_f1_weighted=0.5267 val_prec_macro=0.4781 val_rec_macro=0.4656 val_metric_name=acc val_metric=0.5288
Step 3700 | loss 0.1317 | val_acc=0.5288 val_loss=3.6528 val_f1_macro=0.4683 val_f1_weighted=0.5269 val_prec_macro=0.4741 val_rec_macro=0.4656 val_metric_name=acc val_metric=0.5288
Step 3750 | loss 0.1259 | val_acc=0.5272 val_loss=3.6734 val_f1_macro=0.4688 val_f1_weighted=0.5251 val_prec_macro=0.4763 val_rec_macro=0.4649 val_metric_name=acc val_metric=0.5272
Step 3800 | loss 0.1235 | val_acc=0.5301 val_loss=3.6964 val_f1_macro=0.4708 val_f1_weighted=0.5278 val_prec_macro=0.4791 val_rec_macro=0.4669 val_metric_name=acc val_metric=0.5301
Step 3850 | loss 0.1172 | val_acc=0.5300 val_loss=3.7307 val_f1_macro=0.4707 val_f1_weighted=0.5278 val_prec_macro=0.4789 val_rec_macro=0.4665 val_metric_name=acc val_metric=0.5300
Early stopping at step 3868

--- Final (best ckpt @ step 3450) ---
  train_acc=0.9949 train_loss=0.0187 train_f1_macro=0.9945 train_f1_weighted=0.9949 train_prec_macro=0.9935 train_rec_macro=0.9954 train_metric_name=acc train_metric=0.9949
  val_acc=0.5319 val_loss=3.5060 val_f1_macro=0.4714 val_f1_weighted=0.5297 val_prec_macro=0.4789 val_rec_macro=0.4672 val_metric_name=acc val_metric=0.5319
  test_acc=0.5375 test_loss=3.4224 test_f1_macro=0.4876 test_f1_weighted=0.5345 test_prec_macro=0.4968 test_rec_macro=0.4821 test_metric_name=acc test_metric=0.5375
  test_acc=0.5375

============================================================
Training TABM-amazon-ratings TAG 5L h=512 lr=3e-05 split=5
============================================================
Step    1 | loss 2.8412 | val_acc=0.3306 val_loss=1.4978 val_f1_macro=0.1463 val_f1_weighted=0.2372 val_prec_macro=0.1535 val_rec_macro=0.1961 val_metric_name=acc val_metric=0.3306
Step   50 | loss 1.5119 | val_acc=0.3882 val_loss=1.3864 val_f1_macro=0.1687 val_f1_weighted=0.2791 val_prec_macro=0.3601 val_rec_macro=0.2243 val_metric_name=acc val_metric=0.3882
Step  100 | loss 1.4532 | val_acc=0.4058 val_loss=1.3580 val_f1_macro=0.1894 val_f1_weighted=0.3068 val_prec_macro=0.3122 val_rec_macro=0.2409 val_metric_name=acc val_metric=0.4058
Step  150 | loss 1.4045 | val_acc=0.4121 val_loss=1.3384 val_f1_macro=0.2071 val_f1_weighted=0.3277 val_prec_macro=0.2352 val_rec_macro=0.2520 val_metric_name=acc val_metric=0.4121
Step  200 | loss 1.3772 | val_acc=0.4254 val_loss=1.3280 val_f1_macro=0.2311 val_f1_weighted=0.3550 val_prec_macro=0.3369 val_rec_macro=0.2687 val_metric_name=acc val_metric=0.4254
Step  250 | loss 1.3493 | val_acc=0.4297 val_loss=1.3254 val_f1_macro=0.2486 val_f1_weighted=0.3665 val_prec_macro=0.3430 val_rec_macro=0.2802 val_metric_name=acc val_metric=0.4297
Step  300 | loss 1.3219 | val_acc=0.4290 val_loss=1.3220 val_f1_macro=0.2562 val_f1_weighted=0.3721 val_prec_macro=0.3295 val_rec_macro=0.2850 val_metric_name=acc val_metric=0.4290
Step  350 | loss 1.3006 | val_acc=0.4364 val_loss=1.3113 val_f1_macro=0.2808 val_f1_weighted=0.3928 val_prec_macro=0.3890 val_rec_macro=0.2979 val_metric_name=acc val_metric=0.4364
Step  400 | loss 1.2791 | val_acc=0.4423 val_loss=1.3135 val_f1_macro=0.2955 val_f1_weighted=0.4013 val_prec_macro=0.4081 val_rec_macro=0.3093 val_metric_name=acc val_metric=0.4423
Step  450 | loss 1.2524 | val_acc=0.4503 val_loss=1.3103 val_f1_macro=0.3080 val_f1_weighted=0.4123 val_prec_macro=0.4133 val_rec_macro=0.3180 val_metric_name=acc val_metric=0.4503
Step  500 | loss 1.2250 | val_acc=0.4558 val_loss=1.3037 val_f1_macro=0.3249 val_f1_weighted=0.4247 val_prec_macro=0.4180 val_rec_macro=0.3289 val_metric_name=acc val_metric=0.4558
Step  550 | loss 1.1976 | val_acc=0.4532 val_loss=1.3319 val_f1_macro=0.3374 val_f1_weighted=0.4223 val_prec_macro=0.4272 val_rec_macro=0.3415 val_metric_name=acc val_metric=0.4532
Step  600 | loss 1.1731 | val_acc=0.4606 val_loss=1.3197 val_f1_macro=0.3509 val_f1_weighted=0.4358 val_prec_macro=0.4205 val_rec_macro=0.3498 val_metric_name=acc val_metric=0.4606
Step  650 | loss 1.1555 | val_acc=0.4661 val_loss=1.3328 val_f1_macro=0.3645 val_f1_weighted=0.4444 val_prec_macro=0.4332 val_rec_macro=0.3605 val_metric_name=acc val_metric=0.4661
Step  700 | loss 1.1298 | val_acc=0.4637 val_loss=1.3560 val_f1_macro=0.3658 val_f1_weighted=0.4420 val_prec_macro=0.4252 val_rec_macro=0.3647 val_metric_name=acc val_metric=0.4637
Step  750 | loss 1.1085 | val_acc=0.4676 val_loss=1.3598 val_f1_macro=0.3774 val_f1_weighted=0.4496 val_prec_macro=0.4283 val_rec_macro=0.3735 val_metric_name=acc val_metric=0.4676
Step  800 | loss 1.0836 | val_acc=0.4659 val_loss=1.3855 val_f1_macro=0.3806 val_f1_weighted=0.4491 val_prec_macro=0.4219 val_rec_macro=0.3781 val_metric_name=acc val_metric=0.4659
Step  850 | loss 1.0628 | val_acc=0.4697 val_loss=1.4026 val_f1_macro=0.3902 val_f1_weighted=0.4533 val_prec_macro=0.4325 val_rec_macro=0.3871 val_metric_name=acc val_metric=0.4697
Step  900 | loss 1.0430 | val_acc=0.4704 val_loss=1.4129 val_f1_macro=0.3889 val_f1_weighted=0.4551 val_prec_macro=0.4282 val_rec_macro=0.3846 val_metric_name=acc val_metric=0.4704
Step  950 | loss 1.0190 | val_acc=0.4775 val_loss=1.4272 val_f1_macro=0.3968 val_f1_weighted=0.4624 val_prec_macro=0.4355 val_rec_macro=0.3903 val_metric_name=acc val_metric=0.4775
Step 1000 | loss 0.9954 | val_acc=0.4766 val_loss=1.4566 val_f1_macro=0.4020 val_f1_weighted=0.4618 val_prec_macro=0.4378 val_rec_macro=0.3987 val_metric_name=acc val_metric=0.4766
Step 1050 | loss 0.9760 | val_acc=0.4789 val_loss=1.4777 val_f1_macro=0.4059 val_f1_weighted=0.4633 val_prec_macro=0.4430 val_rec_macro=0.4030 val_metric_name=acc val_metric=0.4789
Step 1100 | loss 0.9542 | val_acc=0.4779 val_loss=1.4856 val_f1_macro=0.4102 val_f1_weighted=0.4657 val_prec_macro=0.4381 val_rec_macro=0.4074 val_metric_name=acc val_metric=0.4779
Step 1150 | loss 0.9346 | val_acc=0.4829 val_loss=1.5064 val_f1_macro=0.4168 val_f1_weighted=0.4720 val_prec_macro=0.4416 val_rec_macro=0.4137 val_metric_name=acc val_metric=0.4829
Step 1200 | loss 0.9113 | val_acc=0.4857 val_loss=1.5282 val_f1_macro=0.4183 val_f1_weighted=0.4755 val_prec_macro=0.4398 val_rec_macro=0.4170 val_metric_name=acc val_metric=0.4857
Step 1250 | loss 0.8922 | val_acc=0.4888 val_loss=1.5587 val_f1_macro=0.4213 val_f1_weighted=0.4784 val_prec_macro=0.4440 val_rec_macro=0.4201 val_metric_name=acc val_metric=0.4888
Step 1300 | loss 0.8733 | val_acc=0.4878 val_loss=1.5839 val_f1_macro=0.4201 val_f1_weighted=0.4778 val_prec_macro=0.4380 val_rec_macro=0.4224 val_metric_name=acc val_metric=0.4878
Step 1350 | loss 0.8427 | val_acc=0.4940 val_loss=1.5940 val_f1_macro=0.4268 val_f1_weighted=0.4850 val_prec_macro=0.4495 val_rec_macro=0.4236 val_metric_name=acc val_metric=0.4940
Step 1400 | loss 0.8217 | val_acc=0.4955 val_loss=1.6328 val_f1_macro=0.4281 val_f1_weighted=0.4865 val_prec_macro=0.4489 val_rec_macro=0.4259 val_metric_name=acc val_metric=0.4955
Step 1450 | loss 0.7969 | val_acc=0.4967 val_loss=1.6530 val_f1_macro=0.4319 val_f1_weighted=0.4895 val_prec_macro=0.4485 val_rec_macro=0.4310 val_metric_name=acc val_metric=0.4967
Step 1500 | loss 0.7767 | val_acc=0.5016 val_loss=1.6760 val_f1_macro=0.4381 val_f1_weighted=0.4948 val_prec_macro=0.4556 val_rec_macro=0.4355 val_metric_name=acc val_metric=0.5016
Step 1550 | loss 0.7519 | val_acc=0.5037 val_loss=1.7243 val_f1_macro=0.4403 val_f1_weighted=0.4973 val_prec_macro=0.4561 val_rec_macro=0.4384 val_metric_name=acc val_metric=0.5037
Step 1600 | loss 0.7269 | val_acc=0.5040 val_loss=1.7597 val_f1_macro=0.4418 val_f1_weighted=0.4973 val_prec_macro=0.4571 val_rec_macro=0.4419 val_metric_name=acc val_metric=0.5040
Step 1650 | loss 0.7016 | val_acc=0.5047 val_loss=1.7875 val_f1_macro=0.4428 val_f1_weighted=0.4982 val_prec_macro=0.4587 val_rec_macro=0.4418 val_metric_name=acc val_metric=0.5047
Step 1700 | loss 0.6824 | val_acc=0.5074 val_loss=1.8231 val_f1_macro=0.4463 val_f1_weighted=0.5022 val_prec_macro=0.4603 val_rec_macro=0.4430 val_metric_name=acc val_metric=0.5074
Step 1750 | loss 0.6580 | val_acc=0.5068 val_loss=1.8603 val_f1_macro=0.4489 val_f1_weighted=0.5021 val_prec_macro=0.4604 val_rec_macro=0.4476 val_metric_name=acc val_metric=0.5068
Step 1800 | loss 0.6321 | val_acc=0.5125 val_loss=1.8990 val_f1_macro=0.4529 val_f1_weighted=0.5075 val_prec_macro=0.4655 val_rec_macro=0.4504 val_metric_name=acc val_metric=0.5125
Step 1850 | loss 0.6072 | val_acc=0.5145 val_loss=1.9507 val_f1_macro=0.4550 val_f1_weighted=0.5103 val_prec_macro=0.4675 val_rec_macro=0.4519 val_metric_name=acc val_metric=0.5145
Step 1900 | loss 0.5843 | val_acc=0.5176 val_loss=1.9986 val_f1_macro=0.4581 val_f1_weighted=0.5131 val_prec_macro=0.4729 val_rec_macro=0.4534 val_metric_name=acc val_metric=0.5176
Step 1950 | loss 0.5580 | val_acc=0.5177 val_loss=2.0232 val_f1_macro=0.4595 val_f1_weighted=0.5143 val_prec_macro=0.4688 val_rec_macro=0.4574 val_metric_name=acc val_metric=0.5177
Step 2000 | loss 0.5344 | val_acc=0.5211 val_loss=2.0896 val_f1_macro=0.4625 val_f1_weighted=0.5178 val_prec_macro=0.4727 val_rec_macro=0.4601 val_metric_name=acc val_metric=0.5211
Step 2050 | loss 0.5156 | val_acc=0.5208 val_loss=2.1247 val_f1_macro=0.4634 val_f1_weighted=0.5180 val_prec_macro=0.4715 val_rec_macro=0.4619 val_metric_name=acc val_metric=0.5208
Step 2100 | loss 0.4946 | val_acc=0.5220 val_loss=2.1727 val_f1_macro=0.4643 val_f1_weighted=0.5191 val_prec_macro=0.4729 val_rec_macro=0.4626 val_metric_name=acc val_metric=0.5220
Step 2150 | loss 0.4677 | val_acc=0.5241 val_loss=2.2283 val_f1_macro=0.4656 val_f1_weighted=0.5211 val_prec_macro=0.4746 val_rec_macro=0.4638 val_metric_name=acc val_metric=0.5241
Step 2200 | loss 0.4484 | val_acc=0.5236 val_loss=2.2709 val_f1_macro=0.4645 val_f1_weighted=0.5204 val_prec_macro=0.4755 val_rec_macro=0.4605 val_metric_name=acc val_metric=0.5236
Step 2250 | loss 0.4318 | val_acc=0.5267 val_loss=2.3195 val_f1_macro=0.4689 val_f1_weighted=0.5240 val_prec_macro=0.4792 val_rec_macro=0.4646 val_metric_name=acc val_metric=0.5267
Step 2300 | loss 0.4082 | val_acc=0.5252 val_loss=2.3783 val_f1_macro=0.4671 val_f1_weighted=0.5230 val_prec_macro=0.4745 val_rec_macro=0.4648 val_metric_name=acc val_metric=0.5252
Step 2350 | loss 0.3916 | val_acc=0.5262 val_loss=2.4164 val_f1_macro=0.4708 val_f1_weighted=0.5236 val_prec_macro=0.4803 val_rec_macro=0.4674 val_metric_name=acc val_metric=0.5262
Step 2400 | loss 0.3655 | val_acc=0.5256 val_loss=2.5038 val_f1_macro=0.4694 val_f1_weighted=0.5229 val_prec_macro=0.4790 val_rec_macro=0.4661 val_metric_name=acc val_metric=0.5256
Step 2450 | loss 0.3545 | val_acc=0.5282 val_loss=2.5256 val_f1_macro=0.4718 val_f1_weighted=0.5262 val_prec_macro=0.4792 val_rec_macro=0.4687 val_metric_name=acc val_metric=0.5282
Step 2500 | loss 0.3362 | val_acc=0.5264 val_loss=2.5771 val_f1_macro=0.4690 val_f1_weighted=0.5243 val_prec_macro=0.4764 val_rec_macro=0.4661 val_metric_name=acc val_metric=0.5264
Step 2550 | loss 0.3206 | val_acc=0.5249 val_loss=2.6518 val_f1_macro=0.4686 val_f1_weighted=0.5227 val_prec_macro=0.4765 val_rec_macro=0.4655 val_metric_name=acc val_metric=0.5249
Step 2600 | loss 0.3091 | val_acc=0.5257 val_loss=2.7011 val_f1_macro=0.4688 val_f1_weighted=0.5237 val_prec_macro=0.4752 val_rec_macro=0.4664 val_metric_name=acc val_metric=0.5257
Step 2650 | loss 0.2942 | val_acc=0.5288 val_loss=2.7410 val_f1_macro=0.4728 val_f1_weighted=0.5264 val_prec_macro=0.4808 val_rec_macro=0.4690 val_metric_name=acc val_metric=0.5288
Step 2700 | loss 0.2824 | val_acc=0.5243 val_loss=2.8046 val_f1_macro=0.4666 val_f1_weighted=0.5218 val_prec_macro=0.4741 val_rec_macro=0.4638 val_metric_name=acc val_metric=0.5243
Step 2750 | loss 0.2723 | val_acc=0.5246 val_loss=2.8403 val_f1_macro=0.4694 val_f1_weighted=0.5226 val_prec_macro=0.4765 val_rec_macro=0.4663 val_metric_name=acc val_metric=0.5246
Step 2800 | loss 0.2582 | val_acc=0.5259 val_loss=2.9046 val_f1_macro=0.4696 val_f1_weighted=0.5238 val_prec_macro=0.4769 val_rec_macro=0.4656 val_metric_name=acc val_metric=0.5259
Step 2850 | loss 0.2467 | val_acc=0.5257 val_loss=2.9284 val_f1_macro=0.4690 val_f1_weighted=0.5233 val_prec_macro=0.4773 val_rec_macro=0.4645 val_metric_name=acc val_metric=0.5257
Step 2900 | loss 0.2328 | val_acc=0.5249 val_loss=2.9878 val_f1_macro=0.4680 val_f1_weighted=0.5226 val_prec_macro=0.4767 val_rec_macro=0.4632 val_metric_name=acc val_metric=0.5249
Step 2950 | loss 0.2291 | val_acc=0.5249 val_loss=3.0293 val_f1_macro=0.4686 val_f1_weighted=0.5226 val_prec_macro=0.4774 val_rec_macro=0.4639 val_metric_name=acc val_metric=0.5249
Step 3000 | loss 0.2150 | val_acc=0.5260 val_loss=3.0804 val_f1_macro=0.4683 val_f1_weighted=0.5237 val_prec_macro=0.4770 val_rec_macro=0.4636 val_metric_name=acc val_metric=0.5260
Step 3050 | loss 0.2090 | val_acc=0.5247 val_loss=3.1147 val_f1_macro=0.4679 val_f1_weighted=0.5223 val_prec_macro=0.4765 val_rec_macro=0.4631 val_metric_name=acc val_metric=0.5247
Step 3100 | loss 0.2014 | val_acc=0.5238 val_loss=3.1759 val_f1_macro=0.4669 val_f1_weighted=0.5218 val_prec_macro=0.4732 val_rec_macro=0.4639 val_metric_name=acc val_metric=0.5238
Step 3150 | loss 0.1971 | val_acc=0.5238 val_loss=3.1973 val_f1_macro=0.4665 val_f1_weighted=0.5218 val_prec_macro=0.4734 val_rec_macro=0.4630 val_metric_name=acc val_metric=0.5238
Early stopping at step 3178

--- Final (best ckpt @ step 2650) ---
  train_acc=0.9812 train_loss=0.0656 train_f1_macro=0.9807 train_f1_weighted=0.9812 train_prec_macro=0.9786 train_rec_macro=0.9830 train_metric_name=acc train_metric=0.9812
  val_acc=0.5288 val_loss=2.7410 val_f1_macro=0.4728 val_f1_weighted=0.5264 val_prec_macro=0.4808 val_rec_macro=0.4690 val_metric_name=acc val_metric=0.5288
  test_acc=0.5269 test_loss=2.6927 test_f1_macro=0.4739 test_f1_weighted=0.5234 test_prec_macro=0.4829 test_rec_macro=0.4691 test_metric_name=acc test_metric=0.5269
  test_acc=0.5269
  >> num_layers=1 hidden_dim=512 lr=3e-05 best_step=3200 val_acc=0.5398 test_acc=0.5414
     val_acc=0.5398 val_f1_macro=0.4738 val_f1_weighted=0.5314 val_loss=2.5711 val_metric=0.5398 val_metric_name=acc val_prec_macro=0.5396 val_rec_macro=0.4484
     test_acc=0.5414 test_f1_macro=0.4808 test_f1_weighted=0.5339 test_loss=2.5816 test_metric=0.5414 test_metric_name=acc test_prec_macro=0.5414 test_rec_macro=0.4552
  >> num_layers=2 hidden_dim=512 lr=3e-05 best_step=2700 val_acc=0.5401 test_acc=0.5434
     val_acc=0.5401 val_f1_macro=0.4808 val_f1_weighted=0.5357 val_loss=2.9804 val_metric=0.5401 val_metric_name=acc val_prec_macro=0.4961 val_rec_macro=0.4765
     test_acc=0.5434 test_f1_macro=0.4887 test_f1_weighted=0.5382 test_loss=2.8980 test_metric=0.5434 test_metric_name=acc test_prec_macro=0.5055 test_rec_macro=0.4827
  >> num_layers=3 hidden_dim=512 lr=3e-05 best_step=2630 val_acc=0.5390 test_acc=0.5350
     val_acc=0.5390 val_f1_macro=0.4818 val_f1_weighted=0.5361 val_loss=2.7633 val_metric=0.5390 val_metric_name=acc val_prec_macro=0.4918 val_rec_macro=0.4774
     test_acc=0.5350 test_f1_macro=0.4782 test_f1_weighted=0.5309 test_loss=2.6997 test_metric=0.5350 test_metric_name=acc test_prec_macro=0.4888 test_rec_macro=0.4735
  >> num_layers=4 hidden_dim=512 lr=3e-05 best_step=3450 val_acc=0.5319 test_acc=0.5375
     val_acc=0.5319 val_f1_macro=0.4714 val_f1_weighted=0.5297 val_loss=3.5060 val_metric=0.5319 val_metric_name=acc val_prec_macro=0.4789 val_rec_macro=0.4672
     test_acc=0.5375 test_f1_macro=0.4876 test_f1_weighted=0.5345 test_loss=3.4224 test_metric=0.5375 test_metric_name=acc test_prec_macro=0.4968 test_rec_macro=0.4821
  >> num_layers=5 hidden_dim=512 lr=3e-05 best_step=2650 val_acc=0.5288 test_acc=0.5269
     val_acc=0.5288 val_f1_macro=0.4728 val_f1_weighted=0.5264 val_loss=2.7410 val_metric=0.5288 val_metric_name=acc val_prec_macro=0.4808 val_rec_macro=0.4690
     test_acc=0.5269 test_f1_macro=0.4739 test_f1_weighted=0.5234 test_loss=2.6927 test_metric=0.5269 test_metric_name=acc test_prec_macro=0.4829 test_rec_macro=0.4691
  >> selected best (by val): num_layers=2 hidden_dim=512 lr=3e-05 best_step=2700 val_acc=0.5401 test_acc=0.5434
     val_acc=0.5401 val_f1_macro=0.4808 val_f1_weighted=0.5357 val_loss=2.9804 val_metric=0.5401 val_metric_name=acc val_prec_macro=0.4961 val_rec_macro=0.4765
     test_acc=0.5434 test_f1_macro=0.4887 test_f1_weighted=0.5382 test_loss=2.8980 test_metric=0.5434 test_metric_name=acc test_prec_macro=0.5055 test_rec_macro=0.4827

Done. Results saved to /home/avshmelev/diploma_yandex_graphs/results2/amazon_ratings/tabm.csv, checkpoints in /home/avshmelev/diploma_yandex_graphs/all_checkpoints2/amazon_ratings/tabm/
