Loading data...

============================================================
Training questions GAT-sep 4L h=256 lr=3e-05 split=7
============================================================
Training for 5000 steps
Step    1 | loss 0.7024 | val_acc=0.9694 val_roc_auc=0.5043 val_loss=0.4872 val_metric_name=roc_auc val_metric=0.5043
Step   50 | loss 0.1367 | val_acc=0.9702 val_roc_auc=0.6236 val_loss=0.1549 val_metric_name=roc_auc val_metric=0.6236
Step  100 | loss 0.1331 | val_acc=0.9702 val_roc_auc=0.6600 val_loss=0.1400 val_metric_name=roc_auc val_metric=0.6600
Step  150 | loss 0.1307 | val_acc=0.9702 val_roc_auc=0.6754 val_loss=0.1334 val_metric_name=roc_auc val_metric=0.6754
Step  200 | loss 0.1281 | val_acc=0.9708 val_roc_auc=0.6905 val_loss=0.1287 val_metric_name=roc_auc val_metric=0.6905
Step  250 | loss 0.1255 | val_acc=0.9715 val_roc_auc=0.7091 val_loss=0.1246 val_metric_name=roc_auc val_metric=0.7091
Step  300 | loss 0.1236 | val_acc=0.9715 val_roc_auc=0.7261 val_loss=0.1213 val_metric_name=roc_auc val_metric=0.7261
Step  350 | loss 0.1205 | val_acc=0.9710 val_roc_auc=0.7388 val_loss=0.1193 val_metric_name=roc_auc val_metric=0.7388
Step  400 | loss 0.1184 | val_acc=0.9711 val_roc_auc=0.7494 val_loss=0.1185 val_metric_name=roc_auc val_metric=0.7494
Step  450 | loss 0.1161 | val_acc=0.9715 val_roc_auc=0.7574 val_loss=0.1189 val_metric_name=roc_auc val_metric=0.7574
Step  500 | loss 0.1135 | val_acc=0.9715 val_roc_auc=0.7636 val_loss=0.1211 val_metric_name=roc_auc val_metric=0.7636
Step  550 | loss 0.1125 | val_acc=0.9713 val_roc_auc=0.7682 val_loss=0.1233 val_metric_name=roc_auc val_metric=0.7682
Step  600 | loss 0.1101 | val_acc=0.9690 val_roc_auc=0.7716 val_loss=0.1277 val_metric_name=roc_auc val_metric=0.7716
Step  650 | loss 0.1081 | val_acc=0.9670 val_roc_auc=0.7740 val_loss=0.1337 val_metric_name=roc_auc val_metric=0.7740
Step  700 | loss 0.1063 | val_acc=0.9658 val_roc_auc=0.7755 val_loss=0.1367 val_metric_name=roc_auc val_metric=0.7755
Step  750 | loss 0.1050 | val_acc=0.9644 val_roc_auc=0.7772 val_loss=0.1360 val_metric_name=roc_auc val_metric=0.7772
Step  800 | loss 0.1017 | val_acc=0.9629 val_roc_auc=0.7772 val_loss=0.1428 val_metric_name=roc_auc val_metric=0.7772
Step  850 | loss 0.1006 | val_acc=0.9599 val_roc_auc=0.7773 val_loss=0.1464 val_metric_name=roc_auc val_metric=0.7773
Step  900 | loss 0.0980 | val_acc=0.9576 val_roc_auc=0.7768 val_loss=0.1507 val_metric_name=roc_auc val_metric=0.7768
Step  950 | loss 0.0953 | val_acc=0.9524 val_roc_auc=0.7756 val_loss=0.1605 val_metric_name=roc_auc val_metric=0.7756
Step 1000 | loss 0.0941 | val_acc=0.9519 val_roc_auc=0.7738 val_loss=0.1603 val_metric_name=roc_auc val_metric=0.7738
Step 1050 | loss 0.0915 | val_acc=0.9470 val_roc_auc=0.7726 val_loss=0.1710 val_metric_name=roc_auc val_metric=0.7726
Early stopping at step 1070

--- Final (best ckpt @ step 770) ---
  train_acc=0.9686 train_roc_auc=0.8553 train_loss=0.1147 train_metric_name=roc_auc train_metric=0.8553
  val_acc=0.9643 val_roc_auc=0.7779 val_loss=0.1373 val_metric_name=roc_auc val_metric=0.7779
  test_acc=0.9653 test_roc_auc=0.7829 test_loss=0.1349 test_metric_name=roc_auc test_metric=0.7829
  test_roc_auc=0.7829

============================================================
Training questions GAT-sep 4L h=256 lr=6e-05 split=7
============================================================
Training for 5000 steps
Step    1 | loss 0.7024 | val_acc=0.9702 val_roc_auc=0.5097 val_loss=0.3217 val_metric_name=roc_auc val_metric=0.5097
Step   50 | loss 0.1334 | val_acc=0.9702 val_roc_auc=0.6609 val_loss=0.1364 val_metric_name=roc_auc val_metric=0.6609
Step  100 | loss 0.1290 | val_acc=0.9702 val_roc_auc=0.6792 val_loss=0.1287 val_metric_name=roc_auc val_metric=0.6792
Step  150 | loss 0.1250 | val_acc=0.9714 val_roc_auc=0.7112 val_loss=0.1234 val_metric_name=roc_auc val_metric=0.7112
Step  200 | loss 0.1204 | val_acc=0.9710 val_roc_auc=0.7382 val_loss=0.1193 val_metric_name=roc_auc val_metric=0.7382
Step  250 | loss 0.1169 | val_acc=0.9714 val_roc_auc=0.7559 val_loss=0.1189 val_metric_name=roc_auc val_metric=0.7559
Step  300 | loss 0.1133 | val_acc=0.9706 val_roc_auc=0.7672 val_loss=0.1241 val_metric_name=roc_auc val_metric=0.7672
Step  350 | loss 0.1092 | val_acc=0.9673 val_roc_auc=0.7732 val_loss=0.1305 val_metric_name=roc_auc val_metric=0.7732
Step  400 | loss 0.1058 | val_acc=0.9653 val_roc_auc=0.7771 val_loss=0.1343 val_metric_name=roc_auc val_metric=0.7771
Step  450 | loss 0.1035 | val_acc=0.9594 val_roc_auc=0.7787 val_loss=0.1480 val_metric_name=roc_auc val_metric=0.7787
Step  500 | loss 0.0990 | val_acc=0.9568 val_roc_auc=0.7789 val_loss=0.1514 val_metric_name=roc_auc val_metric=0.7789
Step  550 | loss 0.0954 | val_acc=0.9415 val_roc_auc=0.7760 val_loss=0.1817 val_metric_name=roc_auc val_metric=0.7760
Step  600 | loss 0.0907 | val_acc=0.9450 val_roc_auc=0.7730 val_loss=0.1737 val_metric_name=roc_auc val_metric=0.7730
Step  650 | loss 0.0854 | val_acc=0.9404 val_roc_auc=0.7690 val_loss=0.1899 val_metric_name=roc_auc val_metric=0.7690
Step  700 | loss 0.0800 | val_acc=0.9502 val_roc_auc=0.7626 val_loss=0.1729 val_metric_name=roc_auc val_metric=0.7626
Step  750 | loss 0.0727 | val_acc=0.9454 val_roc_auc=0.7545 val_loss=0.1896 val_metric_name=roc_auc val_metric=0.7545
Step  800 | loss 0.0656 | val_acc=0.9421 val_roc_auc=0.7485 val_loss=0.2028 val_metric_name=roc_auc val_metric=0.7485
Early stopping at step 804

--- Final (best ckpt @ step 480) ---
  train_acc=0.9655 train_roc_auc=0.8674 train_loss=0.1219 train_metric_name=roc_auc train_metric=0.8674
  val_acc=0.9566 val_roc_auc=0.7790 val_loss=0.1528 val_metric_name=roc_auc val_metric=0.7790
  test_acc=0.9568 test_roc_auc=0.7838 test_loss=0.1505 test_metric_name=roc_auc test_metric=0.7838
  test_roc_auc=0.7838

============================================================
Training questions GAT-sep 4L h=256 lr=0.0001 split=7
============================================================
Training for 5000 steps
Step    1 | loss 0.7024 | val_acc=0.9702 val_roc_auc=0.5167 val_loss=0.2018 val_metric_name=roc_auc val_metric=0.5167
Step   50 | loss 0.1314 | val_acc=0.9702 val_roc_auc=0.6671 val_loss=0.1308 val_metric_name=roc_auc val_metric=0.6671
Step  100 | loss 0.1258 | val_acc=0.9714 val_roc_auc=0.7006 val_loss=0.1246 val_metric_name=roc_auc val_metric=0.7006
Step  150 | loss 0.1197 | val_acc=0.9710 val_roc_auc=0.7419 val_loss=0.1189 val_metric_name=roc_auc val_metric=0.7419
Step  200 | loss 0.1135 | val_acc=0.9716 val_roc_auc=0.7653 val_loss=0.1212 val_metric_name=roc_auc val_metric=0.7653
Step  250 | loss 0.1088 | val_acc=0.9661 val_roc_auc=0.7735 val_loss=0.1298 val_metric_name=roc_auc val_metric=0.7735
Step  300 | loss 0.1044 | val_acc=0.9612 val_roc_auc=0.7775 val_loss=0.1409 val_metric_name=roc_auc val_metric=0.7775
Step  350 | loss 0.0981 | val_acc=0.9539 val_roc_auc=0.7785 val_loss=0.1568 val_metric_name=roc_auc val_metric=0.7785
Step  400 | loss 0.0917 | val_acc=0.9457 val_roc_auc=0.7761 val_loss=0.1734 val_metric_name=roc_auc val_metric=0.7761
Step  450 | loss 0.0856 | val_acc=0.9433 val_roc_auc=0.7684 val_loss=0.1822 val_metric_name=roc_auc val_metric=0.7684
Step  500 | loss 0.0749 | val_acc=0.9465 val_roc_auc=0.7572 val_loss=0.1831 val_metric_name=roc_auc val_metric=0.7572
Step  550 | loss 0.0650 | val_acc=0.9350 val_roc_auc=0.7445 val_loss=0.2244 val_metric_name=roc_auc val_metric=0.7445
Step  600 | loss 0.0546 | val_acc=0.9432 val_roc_auc=0.7214 val_loss=0.2202 val_metric_name=roc_auc val_metric=0.7214
Early stopping at step 641

--- Final (best ckpt @ step 340) ---
  train_acc=0.9665 train_roc_auc=0.8704 train_loss=0.1162 train_metric_name=roc_auc train_metric=0.8704
  val_acc=0.9573 val_roc_auc=0.7793 val_loss=0.1504 val_metric_name=roc_auc val_metric=0.7793
  test_acc=0.9572 test_roc_auc=0.7850 test_loss=0.1475 test_metric_name=roc_auc test_metric=0.7850
  test_roc_auc=0.7850

============================================================
Training questions GAT-sep 4L h=256 lr=1e-05 split=7
============================================================
Training for 5000 steps
Step    1 | loss 0.7024 | val_acc=0.7574 val_roc_auc=0.5014 val_loss=0.6427 val_metric_name=roc_auc val_metric=0.5014
Step   50 | loss 0.1419 | val_acc=0.9702 val_roc_auc=0.5105 val_loss=0.1553 val_metric_name=roc_auc val_metric=0.5105
Step  100 | loss 0.1381 | val_acc=0.9702 val_roc_auc=0.5795 val_loss=0.1614 val_metric_name=roc_auc val_metric=0.5795
Step  150 | loss 0.1370 | val_acc=0.9702 val_roc_auc=0.6131 val_loss=0.1571 val_metric_name=roc_auc val_metric=0.6131
Step  200 | loss 0.1359 | val_acc=0.9702 val_roc_auc=0.6344 val_loss=0.1520 val_metric_name=roc_auc val_metric=0.6344
Step  250 | loss 0.1342 | val_acc=0.9702 val_roc_auc=0.6492 val_loss=0.1474 val_metric_name=roc_auc val_metric=0.6492
Step  300 | loss 0.1335 | val_acc=0.9702 val_roc_auc=0.6600 val_loss=0.1434 val_metric_name=roc_auc val_metric=0.6600
Step  350 | loss 0.1317 | val_acc=0.9702 val_roc_auc=0.6681 val_loss=0.1399 val_metric_name=roc_auc val_metric=0.6681
Step  400 | loss 0.1310 | val_acc=0.9702 val_roc_auc=0.6754 val_loss=0.1368 val_metric_name=roc_auc val_metric=0.6754
Step  450 | loss 0.1294 | val_acc=0.9703 val_roc_auc=0.6817 val_loss=0.1342 val_metric_name=roc_auc val_metric=0.6817
Step  500 | loss 0.1283 | val_acc=0.9705 val_roc_auc=0.6883 val_loss=0.1319 val_metric_name=roc_auc val_metric=0.6883
Step  550 | loss 0.1284 | val_acc=0.9709 val_roc_auc=0.6950 val_loss=0.1299 val_metric_name=roc_auc val_metric=0.6950
Step  600 | loss 0.1265 | val_acc=0.9712 val_roc_auc=0.7020 val_loss=0.1280 val_metric_name=roc_auc val_metric=0.7020
Step  650 | loss 0.1261 | val_acc=0.9715 val_roc_auc=0.7090 val_loss=0.1263 val_metric_name=roc_auc val_metric=0.7090
Step  700 | loss 0.1247 | val_acc=0.9714 val_roc_auc=0.7155 val_loss=0.1247 val_metric_name=roc_auc val_metric=0.7155
Step  750 | loss 0.1238 | val_acc=0.9714 val_roc_auc=0.7216 val_loss=0.1234 val_metric_name=roc_auc val_metric=0.7216
Step  800 | loss 0.1224 | val_acc=0.9714 val_roc_auc=0.7269 val_loss=0.1221 val_metric_name=roc_auc val_metric=0.7269
Step  850 | loss 0.1217 | val_acc=0.9715 val_roc_auc=0.7316 val_loss=0.1210 val_metric_name=roc_auc val_metric=0.7316
Step  900 | loss 0.1209 | val_acc=0.9712 val_roc_auc=0.7359 val_loss=0.1200 val_metric_name=roc_auc val_metric=0.7359
Step  950 | loss 0.1197 | val_acc=0.9711 val_roc_auc=0.7403 val_loss=0.1192 val_metric_name=roc_auc val_metric=0.7403
Step 1000 | loss 0.1190 | val_acc=0.9710 val_roc_auc=0.7439 val_loss=0.1187 val_metric_name=roc_auc val_metric=0.7439
Step 1050 | loss 0.1185 | val_acc=0.9711 val_roc_auc=0.7476 val_loss=0.1183 val_metric_name=roc_auc val_metric=0.7476
Step 1100 | loss 0.1183 | val_acc=0.9711 val_roc_auc=0.7511 val_loss=0.1181 val_metric_name=roc_auc val_metric=0.7511
Step 1150 | loss 0.1171 | val_acc=0.9711 val_roc_auc=0.7539 val_loss=0.1182 val_metric_name=roc_auc val_metric=0.7539
Step 1200 | loss 0.1160 | val_acc=0.9711 val_roc_auc=0.7566 val_loss=0.1182 val_metric_name=roc_auc val_metric=0.7566
Step 1250 | loss 0.1157 | val_acc=0.9715 val_roc_auc=0.7592 val_loss=0.1187 val_metric_name=roc_auc val_metric=0.7592
Step 1300 | loss 0.1159 | val_acc=0.9718 val_roc_auc=0.7618 val_loss=0.1192 val_metric_name=roc_auc val_metric=0.7618
Step 1350 | loss 0.1139 | val_acc=0.9717 val_roc_auc=0.7637 val_loss=0.1196 val_metric_name=roc_auc val_metric=0.7637
Step 1400 | loss 0.1138 | val_acc=0.9718 val_roc_auc=0.7659 val_loss=0.1204 val_metric_name=roc_auc val_metric=0.7659
Step 1450 | loss 0.1127 | val_acc=0.9713 val_roc_auc=0.7676 val_loss=0.1217 val_metric_name=roc_auc val_metric=0.7676
Step 1500 | loss 0.1115 | val_acc=0.9710 val_roc_auc=0.7691 val_loss=0.1231 val_metric_name=roc_auc val_metric=0.7691
Step 1550 | loss 0.1110 | val_acc=0.9702 val_roc_auc=0.7704 val_loss=0.1238 val_metric_name=roc_auc val_metric=0.7704
Step 1600 | loss 0.1103 | val_acc=0.9691 val_roc_auc=0.7715 val_loss=0.1262 val_metric_name=roc_auc val_metric=0.7715
Step 1650 | loss 0.1106 | val_acc=0.9688 val_roc_auc=0.7722 val_loss=0.1269 val_metric_name=roc_auc val_metric=0.7722
Step 1700 | loss 0.1100 | val_acc=0.9680 val_roc_auc=0.7735 val_loss=0.1282 val_metric_name=roc_auc val_metric=0.7735
Step 1750 | loss 0.1081 | val_acc=0.9675 val_roc_auc=0.7742 val_loss=0.1304 val_metric_name=roc_auc val_metric=0.7742
Step 1800 | loss 0.1073 | val_acc=0.9666 val_roc_auc=0.7747 val_loss=0.1313 val_metric_name=roc_auc val_metric=0.7747
Step 1850 | loss 0.1071 | val_acc=0.9659 val_roc_auc=0.7757 val_loss=0.1340 val_metric_name=roc_auc val_metric=0.7757
Step 1900 | loss 0.1064 | val_acc=0.9653 val_roc_auc=0.7760 val_loss=0.1370 val_metric_name=roc_auc val_metric=0.7760
Step 1950 | loss 0.1064 | val_acc=0.9643 val_roc_auc=0.7760 val_loss=0.1388 val_metric_name=roc_auc val_metric=0.7760
Step 2000 | loss 0.1041 | val_acc=0.9652 val_roc_auc=0.7769 val_loss=0.1359 val_metric_name=roc_auc val_metric=0.7769
Step 2050 | loss 0.1036 | val_acc=0.9630 val_roc_auc=0.7770 val_loss=0.1417 val_metric_name=roc_auc val_metric=0.7770
Step 2100 | loss 0.1043 | val_acc=0.9622 val_roc_auc=0.7769 val_loss=0.1441 val_metric_name=roc_auc val_metric=0.7769
Step 2150 | loss 0.1010 | val_acc=0.9623 val_roc_auc=0.7771 val_loss=0.1428 val_metric_name=roc_auc val_metric=0.7771
Step 2200 | loss 0.1023 | val_acc=0.9603 val_roc_auc=0.7770 val_loss=0.1456 val_metric_name=roc_auc val_metric=0.7770
Step 2250 | loss 0.1022 | val_acc=0.9579 val_roc_auc=0.7770 val_loss=0.1504 val_metric_name=roc_auc val_metric=0.7770
Step 2300 | loss 0.0999 | val_acc=0.9576 val_roc_auc=0.7768 val_loss=0.1514 val_metric_name=roc_auc val_metric=0.7768
Step 2350 | loss 0.0986 | val_acc=0.9563 val_roc_auc=0.7768 val_loss=0.1535 val_metric_name=roc_auc val_metric=0.7768
Step 2400 | loss 0.0986 | val_acc=0.9578 val_roc_auc=0.7767 val_loss=0.1491 val_metric_name=roc_auc val_metric=0.7767
Step 2450 | loss 0.0972 | val_acc=0.9544 val_roc_auc=0.7764 val_loss=0.1545 val_metric_name=roc_auc val_metric=0.7764
Step 2500 | loss 0.0974 | val_acc=0.9495 val_roc_auc=0.7756 val_loss=0.1657 val_metric_name=roc_auc val_metric=0.7756
Step 2550 | loss 0.0967 | val_acc=0.9518 val_roc_auc=0.7755 val_loss=0.1593 val_metric_name=roc_auc val_metric=0.7755
Early stopping at step 2564

--- Final (best ckpt @ step 2070) ---
  train_acc=0.9682 train_roc_auc=0.8569 train_loss=0.1157 train_metric_name=roc_auc train_metric=0.8569
  val_acc=0.9639 val_roc_auc=0.7775 val_loss=0.1389 val_metric_name=roc_auc val_metric=0.7775
  test_acc=0.9641 test_roc_auc=0.7830 test_loss=0.1364 test_metric_name=roc_auc test_metric=0.7830
  test_roc_auc=0.7830

============================================================
Training questions GAT-sep 4L h=384 lr=3e-05 split=7
============================================================
Training for 5000 steps
Step    1 | loss 0.8439 | val_acc=0.9697 val_roc_auc=0.4373 val_loss=0.3807 val_metric_name=roc_auc val_metric=0.4373
Step   50 | loss 0.1362 | val_acc=0.9702 val_roc_auc=0.6112 val_loss=0.1361 val_metric_name=roc_auc val_metric=0.6112
Step  100 | loss 0.1324 | val_acc=0.9702 val_roc_auc=0.6479 val_loss=0.1347 val_metric_name=roc_auc val_metric=0.6479
Step  150 | loss 0.1288 | val_acc=0.9703 val_roc_auc=0.6817 val_loss=0.1290 val_metric_name=roc_auc val_metric=0.6817
Step  200 | loss 0.1254 | val_acc=0.9714 val_roc_auc=0.7141 val_loss=0.1240 val_metric_name=roc_auc val_metric=0.7141
Step  250 | loss 0.1228 | val_acc=0.9713 val_roc_auc=0.7360 val_loss=0.1200 val_metric_name=roc_auc val_metric=0.7360
Step  300 | loss 0.1185 | val_acc=0.9708 val_roc_auc=0.7516 val_loss=0.1182 val_metric_name=roc_auc val_metric=0.7516
Step  350 | loss 0.1165 | val_acc=0.9715 val_roc_auc=0.7629 val_loss=0.1191 val_metric_name=roc_auc val_metric=0.7629
Step  400 | loss 0.1135 | val_acc=0.9712 val_roc_auc=0.7705 val_loss=0.1233 val_metric_name=roc_auc val_metric=0.7705
Step  450 | loss 0.1128 | val_acc=0.9709 val_roc_auc=0.7746 val_loss=0.1255 val_metric_name=roc_auc val_metric=0.7746
Step  500 | loss 0.1083 | val_acc=0.9680 val_roc_auc=0.7774 val_loss=0.1339 val_metric_name=roc_auc val_metric=0.7774
Step  550 | loss 0.1075 | val_acc=0.9675 val_roc_auc=0.7795 val_loss=0.1336 val_metric_name=roc_auc val_metric=0.7795
Step  600 | loss 0.1043 | val_acc=0.9606 val_roc_auc=0.7808 val_loss=0.1515 val_metric_name=roc_auc val_metric=0.7808
Step  650 | loss 0.1014 | val_acc=0.9636 val_roc_auc=0.7819 val_loss=0.1411 val_metric_name=roc_auc val_metric=0.7819
Step  700 | loss 0.0998 | val_acc=0.9591 val_roc_auc=0.7814 val_loss=0.1480 val_metric_name=roc_auc val_metric=0.7814
Step  750 | loss 0.0976 | val_acc=0.9549 val_roc_auc=0.7802 val_loss=0.1585 val_metric_name=roc_auc val_metric=0.7802
Step  800 | loss 0.0946 | val_acc=0.9423 val_roc_auc=0.7795 val_loss=0.1813 val_metric_name=roc_auc val_metric=0.7795
Step  850 | loss 0.0936 | val_acc=0.9509 val_roc_auc=0.7777 val_loss=0.1646 val_metric_name=roc_auc val_metric=0.7777
Step  900 | loss 0.0894 | val_acc=0.9471 val_roc_auc=0.7752 val_loss=0.1731 val_metric_name=roc_auc val_metric=0.7752
Step  950 | loss 0.0866 | val_acc=0.9531 val_roc_auc=0.7716 val_loss=0.1618 val_metric_name=roc_auc val_metric=0.7716
Early stopping at step 950

--- Final (best ckpt @ step 650) ---
  train_acc=0.9691 train_roc_auc=0.8640 train_loss=0.1147 train_metric_name=roc_auc train_metric=0.8640
  val_acc=0.9636 val_roc_auc=0.7819 val_loss=0.1411 val_metric_name=roc_auc val_metric=0.7819
  test_acc=0.9633 test_roc_auc=0.7773 test_loss=0.1416 test_metric_name=roc_auc test_metric=0.7773
  test_roc_auc=0.7773

============================================================
Training questions GAT-sep 4L h=384 lr=6e-05 split=7
============================================================
Training for 5000 steps
Step    1 | loss 0.8439 | val_acc=0.9702 val_roc_auc=0.4315 val_loss=0.1918 val_metric_name=roc_auc val_metric=0.4315
Step   50 | loss 0.1334 | val_acc=0.9702 val_roc_auc=0.6339 val_loss=0.1369 val_metric_name=roc_auc val_metric=0.6339
Step  100 | loss 0.1289 | val_acc=0.9708 val_roc_auc=0.6767 val_loss=0.1279 val_metric_name=roc_auc val_metric=0.6767
Step  150 | loss 0.1237 | val_acc=0.9715 val_roc_auc=0.7283 val_loss=0.1216 val_metric_name=roc_auc val_metric=0.7283
Step  200 | loss 0.1178 | val_acc=0.9707 val_roc_auc=0.7579 val_loss=0.1174 val_metric_name=roc_auc val_metric=0.7579
Step  250 | loss 0.1134 | val_acc=0.9719 val_roc_auc=0.7721 val_loss=0.1198 val_metric_name=roc_auc val_metric=0.7721
Step  300 | loss 0.1087 | val_acc=0.9695 val_roc_auc=0.7782 val_loss=0.1247 val_metric_name=roc_auc val_metric=0.7782
Step  350 | loss 0.1058 | val_acc=0.9664 val_roc_auc=0.7803 val_loss=0.1334 val_metric_name=roc_auc val_metric=0.7803
Step  400 | loss 0.1014 | val_acc=0.9589 val_roc_auc=0.7817 val_loss=0.1472 val_metric_name=roc_auc val_metric=0.7817
Step  450 | loss 0.0982 | val_acc=0.9558 val_roc_auc=0.7815 val_loss=0.1525 val_metric_name=roc_auc val_metric=0.7815
Step  500 | loss 0.0918 | val_acc=0.9474 val_roc_auc=0.7782 val_loss=0.1729 val_metric_name=roc_auc val_metric=0.7782
Step  550 | loss 0.0890 | val_acc=0.9554 val_roc_auc=0.7723 val_loss=0.1593 val_metric_name=roc_auc val_metric=0.7723
Step  600 | loss 0.0823 | val_acc=0.9485 val_roc_auc=0.7658 val_loss=0.1733 val_metric_name=roc_auc val_metric=0.7658
Step  650 | loss 0.0763 | val_acc=0.9559 val_roc_auc=0.7576 val_loss=0.1628 val_metric_name=roc_auc val_metric=0.7576
Step  700 | loss 0.0699 | val_acc=0.9493 val_roc_auc=0.7524 val_loss=0.1797 val_metric_name=roc_auc val_metric=0.7524
Early stopping at step 710

--- Final (best ckpt @ step 410) ---
  train_acc=0.9647 train_roc_auc=0.8682 train_loss=0.1227 train_metric_name=roc_auc train_metric=0.8682
  val_acc=0.9558 val_roc_auc=0.7820 val_loss=0.1542 val_metric_name=roc_auc val_metric=0.7820
  test_acc=0.9554 test_roc_auc=0.7799 test_loss=0.1539 test_metric_name=roc_auc test_metric=0.7799
  test_roc_auc=0.7799

============================================================
Training questions GAT-sep 4L h=384 lr=0.0001 split=7
============================================================
Training for 5000 steps
Step    1 | loss 0.8439 | val_acc=0.9702 val_roc_auc=0.4258 val_loss=0.1382 val_metric_name=roc_auc val_metric=0.4258
Step   50 | loss 0.1317 | val_acc=0.9702 val_roc_auc=0.6427 val_loss=0.1313 val_metric_name=roc_auc val_metric=0.6427
Step  100 | loss 0.1264 | val_acc=0.9714 val_roc_auc=0.7092 val_loss=0.1242 val_metric_name=roc_auc val_metric=0.7092
Step  150 | loss 0.1186 | val_acc=0.9707 val_roc_auc=0.7561 val_loss=0.1172 val_metric_name=roc_auc val_metric=0.7561
Step  200 | loss 0.1115 | val_acc=0.9716 val_roc_auc=0.7752 val_loss=0.1172 val_metric_name=roc_auc val_metric=0.7752
Step  250 | loss 0.1066 | val_acc=0.9659 val_roc_auc=0.7808 val_loss=0.1307 val_metric_name=roc_auc val_metric=0.7808
Step  300 | loss 0.1006 | val_acc=0.9606 val_roc_auc=0.7829 val_loss=0.1419 val_metric_name=roc_auc val_metric=0.7829
Step  350 | loss 0.0957 | val_acc=0.9636 val_roc_auc=0.7787 val_loss=0.1391 val_metric_name=roc_auc val_metric=0.7787
Step  400 | loss 0.0881 | val_acc=0.9523 val_roc_auc=0.7729 val_loss=0.1654 val_metric_name=roc_auc val_metric=0.7729
Step  450 | loss 0.0797 | val_acc=0.9486 val_roc_auc=0.7636 val_loss=0.1793 val_metric_name=roc_auc val_metric=0.7636
Step  500 | loss 0.0678 | val_acc=0.9516 val_roc_auc=0.7434 val_loss=0.1842 val_metric_name=roc_auc val_metric=0.7434
Step  550 | loss 0.0565 | val_acc=0.9550 val_roc_auc=0.7197 val_loss=0.1932 val_metric_name=roc_auc val_metric=0.7197
Step  600 | loss 0.0449 | val_acc=0.9509 val_roc_auc=0.7002 val_loss=0.2199 val_metric_name=roc_auc val_metric=0.7002
Early stopping at step 612

--- Final (best ckpt @ step 300) ---
  train_acc=0.9683 train_roc_auc=0.8683 train_loss=0.1119 train_metric_name=roc_auc train_metric=0.8683
  val_acc=0.9606 val_roc_auc=0.7829 val_loss=0.1419 val_metric_name=roc_auc val_metric=0.7829
  test_acc=0.9611 test_roc_auc=0.7793 test_loss=0.1419 test_metric_name=roc_auc test_metric=0.7793
  test_roc_auc=0.7793

============================================================
Training questions GAT-sep 4L h=384 lr=1e-05 split=7
============================================================
Training for 5000 steps
Step    1 | loss 0.8439 | val_acc=0.6043 val_roc_auc=0.4483 val_loss=0.6693 val_metric_name=roc_auc val_metric=0.4483
Step   50 | loss 0.1415 | val_acc=0.9702 val_roc_auc=0.4539 val_loss=0.1746 val_metric_name=roc_auc val_metric=0.4539
Step  100 | loss 0.1381 | val_acc=0.9702 val_roc_auc=0.5816 val_loss=0.1571 val_metric_name=roc_auc val_metric=0.5816
Step  150 | loss 0.1358 | val_acc=0.9702 val_roc_auc=0.6143 val_loss=0.1495 val_metric_name=roc_auc val_metric=0.6143
Step  200 | loss 0.1339 | val_acc=0.9702 val_roc_auc=0.6348 val_loss=0.1438 val_metric_name=roc_auc val_metric=0.6348
Step  250 | loss 0.1324 | val_acc=0.9702 val_roc_auc=0.6514 val_loss=0.1395 val_metric_name=roc_auc val_metric=0.6514
Step  300 | loss 0.1309 | val_acc=0.9702 val_roc_auc=0.6661 val_loss=0.1357 val_metric_name=roc_auc val_metric=0.6661
Step  350 | loss 0.1295 | val_acc=0.9702 val_roc_auc=0.6800 val_loss=0.1325 val_metric_name=roc_auc val_metric=0.6800
Step  400 | loss 0.1287 | val_acc=0.9704 val_roc_auc=0.6929 val_loss=0.1296 val_metric_name=roc_auc val_metric=0.6929
Step  450 | loss 0.1276 | val_acc=0.9711 val_roc_auc=0.7041 val_loss=0.1271 val_metric_name=roc_auc val_metric=0.7041
Step  500 | loss 0.1253 | val_acc=0.9715 val_roc_auc=0.7142 val_loss=0.1249 val_metric_name=roc_auc val_metric=0.7142
Step  550 | loss 0.1245 | val_acc=0.9715 val_roc_auc=0.7232 val_loss=0.1227 val_metric_name=roc_auc val_metric=0.7232
Step  600 | loss 0.1231 | val_acc=0.9715 val_roc_auc=0.7313 val_loss=0.1210 val_metric_name=roc_auc val_metric=0.7313
Step  650 | loss 0.1219 | val_acc=0.9713 val_roc_auc=0.7386 val_loss=0.1196 val_metric_name=roc_auc val_metric=0.7386
Step  700 | loss 0.1208 | val_acc=0.9711 val_roc_auc=0.7444 val_loss=0.1186 val_metric_name=roc_auc val_metric=0.7444
Step  750 | loss 0.1193 | val_acc=0.9711 val_roc_auc=0.7493 val_loss=0.1182 val_metric_name=roc_auc val_metric=0.7493
Step  800 | loss 0.1181 | val_acc=0.9709 val_roc_auc=0.7535 val_loss=0.1181 val_metric_name=roc_auc val_metric=0.7535
Step  850 | loss 0.1180 | val_acc=0.9710 val_roc_auc=0.7579 val_loss=0.1187 val_metric_name=roc_auc val_metric=0.7579
Step  900 | loss 0.1164 | val_acc=0.9713 val_roc_auc=0.7615 val_loss=0.1200 val_metric_name=roc_auc val_metric=0.7615
Step  950 | loss 0.1149 | val_acc=0.9717 val_roc_auc=0.7647 val_loss=0.1204 val_metric_name=roc_auc val_metric=0.7647
Step 1000 | loss 0.1149 | val_acc=0.9715 val_roc_auc=0.7677 val_loss=0.1217 val_metric_name=roc_auc val_metric=0.7677
Step 1050 | loss 0.1131 | val_acc=0.9718 val_roc_auc=0.7702 val_loss=0.1222 val_metric_name=roc_auc val_metric=0.7702
Step 1100 | loss 0.1130 | val_acc=0.9719 val_roc_auc=0.7722 val_loss=0.1248 val_metric_name=roc_auc val_metric=0.7722
Step 1150 | loss 0.1112 | val_acc=0.9711 val_roc_auc=0.7740 val_loss=0.1262 val_metric_name=roc_auc val_metric=0.7740
Step 1200 | loss 0.1103 | val_acc=0.9699 val_roc_auc=0.7753 val_loss=0.1311 val_metric_name=roc_auc val_metric=0.7753
Step 1250 | loss 0.1088 | val_acc=0.9691 val_roc_auc=0.7764 val_loss=0.1336 val_metric_name=roc_auc val_metric=0.7764
Step 1300 | loss 0.1093 | val_acc=0.9684 val_roc_auc=0.7774 val_loss=0.1341 val_metric_name=roc_auc val_metric=0.7774
Step 1350 | loss 0.1078 | val_acc=0.9679 val_roc_auc=0.7788 val_loss=0.1336 val_metric_name=roc_auc val_metric=0.7788
Step 1400 | loss 0.1060 | val_acc=0.9672 val_roc_auc=0.7792 val_loss=0.1371 val_metric_name=roc_auc val_metric=0.7792
Step 1450 | loss 0.1070 | val_acc=0.9657 val_roc_auc=0.7800 val_loss=0.1417 val_metric_name=roc_auc val_metric=0.7800
Step 1500 | loss 0.1061 | val_acc=0.9650 val_roc_auc=0.7804 val_loss=0.1424 val_metric_name=roc_auc val_metric=0.7804
Step 1550 | loss 0.1057 | val_acc=0.9619 val_roc_auc=0.7809 val_loss=0.1498 val_metric_name=roc_auc val_metric=0.7809
Step 1600 | loss 0.1033 | val_acc=0.9612 val_roc_auc=0.7812 val_loss=0.1513 val_metric_name=roc_auc val_metric=0.7812
Step 1650 | loss 0.1034 | val_acc=0.9635 val_roc_auc=0.7808 val_loss=0.1431 val_metric_name=roc_auc val_metric=0.7808
Step 1700 | loss 0.1015 | val_acc=0.9570 val_roc_auc=0.7813 val_loss=0.1568 val_metric_name=roc_auc val_metric=0.7813
Step 1750 | loss 0.1021 | val_acc=0.9600 val_roc_auc=0.7811 val_loss=0.1494 val_metric_name=roc_auc val_metric=0.7811
Step 1800 | loss 0.0992 | val_acc=0.9522 val_roc_auc=0.7811 val_loss=0.1634 val_metric_name=roc_auc val_metric=0.7811
Step 1850 | loss 0.0987 | val_acc=0.9519 val_roc_auc=0.7811 val_loss=0.1625 val_metric_name=roc_auc val_metric=0.7811
Early stopping at step 1892

--- Final (best ckpt @ step 1590) ---
  train_acc=0.9674 train_roc_auc=0.8594 train_loss=0.1230 train_metric_name=roc_auc train_metric=0.8594
  val_acc=0.9623 val_roc_auc=0.7814 val_loss=0.1469 val_metric_name=roc_auc val_metric=0.7814
  test_acc=0.9621 test_roc_auc=0.7774 test_loss=0.1469 test_metric_name=roc_auc test_metric=0.7774
  test_roc_auc=0.7774

============================================================
Training questions GAT-sep 4L h=512 lr=3e-05 split=7
============================================================
Training for 5000 steps
Step    1 | loss 0.7684 | val_acc=0.9702 val_roc_auc=0.4084 val_loss=0.2725 val_metric_name=roc_auc val_metric=0.4084
Step   50 | loss 0.1338 | val_acc=0.9702 val_roc_auc=0.6636 val_loss=0.1389 val_metric_name=roc_auc val_metric=0.6636
Step  100 | loss 0.1291 | val_acc=0.9702 val_roc_auc=0.6825 val_loss=0.1289 val_metric_name=roc_auc val_metric=0.6825
Step  150 | loss 0.1258 | val_acc=0.9714 val_roc_auc=0.7121 val_loss=0.1236 val_metric_name=roc_auc val_metric=0.7121
Step  200 | loss 0.1208 | val_acc=0.9712 val_roc_auc=0.7380 val_loss=0.1192 val_metric_name=roc_auc val_metric=0.7380
Step  250 | loss 0.1174 | val_acc=0.9711 val_roc_auc=0.7578 val_loss=0.1202 val_metric_name=roc_auc val_metric=0.7578
Step  300 | loss 0.1128 | val_acc=0.9709 val_roc_auc=0.7697 val_loss=0.1271 val_metric_name=roc_auc val_metric=0.7697
Step  350 | loss 0.1102 | val_acc=0.9661 val_roc_auc=0.7761 val_loss=0.1388 val_metric_name=roc_auc val_metric=0.7761
Step  400 | loss 0.1071 | val_acc=0.9584 val_roc_auc=0.7804 val_loss=0.1533 val_metric_name=roc_auc val_metric=0.7804
Step  450 | loss 0.1044 | val_acc=0.9480 val_roc_auc=0.7818 val_loss=0.1725 val_metric_name=roc_auc val_metric=0.7818
Step  500 | loss 0.1013 | val_acc=0.9514 val_roc_auc=0.7820 val_loss=0.1615 val_metric_name=roc_auc val_metric=0.7820
Step  550 | loss 0.0999 | val_acc=0.9279 val_roc_auc=0.7796 val_loss=0.1979 val_metric_name=roc_auc val_metric=0.7796
Step  600 | loss 0.0949 | val_acc=0.9412 val_roc_auc=0.7764 val_loss=0.1781 val_metric_name=roc_auc val_metric=0.7764
Step  650 | loss 0.0907 | val_acc=0.9346 val_roc_auc=0.7755 val_loss=0.1934 val_metric_name=roc_auc val_metric=0.7755
Step  700 | loss 0.0882 | val_acc=0.9311 val_roc_auc=0.7715 val_loss=0.2022 val_metric_name=roc_auc val_metric=0.7715
Step  750 | loss 0.0821 | val_acc=0.9451 val_roc_auc=0.7684 val_loss=0.1818 val_metric_name=roc_auc val_metric=0.7684
Early stopping at step 795

--- Final (best ckpt @ step 490) ---
  train_acc=0.9603 train_roc_auc=0.8684 train_loss=0.1304 train_metric_name=roc_auc train_metric=0.8684
  val_acc=0.9522 val_roc_auc=0.7821 val_loss=0.1610 val_metric_name=roc_auc val_metric=0.7821
  test_acc=0.9522 test_roc_auc=0.7758 test_loss=0.1595 test_metric_name=roc_auc test_metric=0.7758
  test_roc_auc=0.7758

============================================================
Training questions GAT-sep 4L h=512 lr=6e-05 split=7
============================================================
Training for 5000 steps
Step    1 | loss 0.7684 | val_acc=0.9702 val_roc_auc=0.4237 val_loss=0.1441 val_metric_name=roc_auc val_metric=0.4237
Step   50 | loss 0.1315 | val_acc=0.9702 val_roc_auc=0.6693 val_loss=0.1298 val_metric_name=roc_auc val_metric=0.6693
Step  100 | loss 0.1255 | val_acc=0.9715 val_roc_auc=0.7027 val_loss=0.1242 val_metric_name=roc_auc val_metric=0.7027
Step  150 | loss 0.1195 | val_acc=0.9708 val_roc_auc=0.7436 val_loss=0.1185 val_metric_name=roc_auc val_metric=0.7436
Step  200 | loss 0.1131 | val_acc=0.9715 val_roc_auc=0.7693 val_loss=0.1219 val_metric_name=roc_auc val_metric=0.7693
Step  250 | loss 0.1081 | val_acc=0.9648 val_roc_auc=0.7804 val_loss=0.1366 val_metric_name=roc_auc val_metric=0.7804
Step  300 | loss 0.1025 | val_acc=0.9338 val_roc_auc=0.7825 val_loss=0.1943 val_metric_name=roc_auc val_metric=0.7825
Step  350 | loss 0.0977 | val_acc=0.9402 val_roc_auc=0.7798 val_loss=0.1830 val_metric_name=roc_auc val_metric=0.7798
Step  400 | loss 0.0913 | val_acc=0.9208 val_roc_auc=0.7740 val_loss=0.2219 val_metric_name=roc_auc val_metric=0.7740
Step  450 | loss 0.0855 | val_acc=0.9449 val_roc_auc=0.7641 val_loss=0.1832 val_metric_name=roc_auc val_metric=0.7641
Step  500 | loss 0.0753 | val_acc=0.9402 val_roc_auc=0.7603 val_loss=0.1998 val_metric_name=roc_auc val_metric=0.7603
Step  550 | loss 0.0686 | val_acc=0.9384 val_roc_auc=0.7564 val_loss=0.2105 val_metric_name=roc_auc val_metric=0.7564
Early stopping at step 591

--- Final (best ckpt @ step 280) ---
  train_acc=0.9625 train_roc_auc=0.8517 train_loss=0.1292 train_metric_name=roc_auc train_metric=0.8517
  val_acc=0.9567 val_roc_auc=0.7828 val_loss=0.1512 val_metric_name=roc_auc val_metric=0.7828
  test_acc=0.9571 test_roc_auc=0.7743 test_loss=0.1498 test_metric_name=roc_auc test_metric=0.7743
  test_roc_auc=0.7743

============================================================
Training questions GAT-sep 4L h=512 lr=0.0001 split=7
============================================================
Training for 5000 steps
Step    1 | loss 0.7684 | val_acc=0.9702 val_roc_auc=0.4342 val_loss=0.1449 val_metric_name=roc_auc val_metric=0.4342
Step   50 | loss 0.1298 | val_acc=0.9702 val_roc_auc=0.6680 val_loss=0.1290 val_metric_name=roc_auc val_metric=0.6680
Step  100 | loss 0.1224 | val_acc=0.9715 val_roc_auc=0.7230 val_loss=0.1214 val_metric_name=roc_auc val_metric=0.7230
Step  150 | loss 0.1140 | val_acc=0.9711 val_roc_auc=0.7649 val_loss=0.1185 val_metric_name=roc_auc val_metric=0.7649
Step  200 | loss 0.1076 | val_acc=0.9630 val_roc_auc=0.7807 val_loss=0.1408 val_metric_name=roc_auc val_metric=0.7807
Step  250 | loss 0.1015 | val_acc=0.9531 val_roc_auc=0.7827 val_loss=0.1574 val_metric_name=roc_auc val_metric=0.7827
Step  300 | loss 0.0928 | val_acc=0.9435 val_roc_auc=0.7770 val_loss=0.1796 val_metric_name=roc_auc val_metric=0.7770
Step  350 | loss 0.0846 | val_acc=0.9546 val_roc_auc=0.7646 val_loss=0.1661 val_metric_name=roc_auc val_metric=0.7646
Step  400 | loss 0.0700 | val_acc=0.9391 val_roc_auc=0.7549 val_loss=0.2111 val_metric_name=roc_auc val_metric=0.7549
Step  450 | loss 0.0571 | val_acc=0.9450 val_roc_auc=0.7399 val_loss=0.2171 val_metric_name=roc_auc val_metric=0.7399
Step  500 | loss 0.0379 | val_acc=0.9401 val_roc_auc=0.7285 val_loss=0.2496 val_metric_name=roc_auc val_metric=0.7285
Early stopping at step 543

--- Final (best ckpt @ step 220) ---
  train_acc=0.9699 train_roc_auc=0.8514 train_loss=0.1101 train_metric_name=roc_auc train_metric=0.8514
  val_acc=0.9658 val_roc_auc=0.7828 val_loss=0.1308 val_metric_name=roc_auc val_metric=0.7828
  test_acc=0.9668 test_roc_auc=0.7721 test_loss=0.1304 test_metric_name=roc_auc test_metric=0.7721
  test_roc_auc=0.7721

============================================================
Training questions GAT-sep 4L h=512 lr=1e-05 split=7
============================================================
Training for 5000 steps
Step    1 | loss 0.7684 | val_acc=0.8116 val_roc_auc=0.4006 val_loss=0.5968 val_metric_name=roc_auc val_metric=0.4006
Step   50 | loss 0.1397 | val_acc=0.9702 val_roc_auc=0.5989 val_loss=0.1663 val_metric_name=roc_auc val_metric=0.5989
Step  100 | loss 0.1349 | val_acc=0.9702 val_roc_auc=0.6453 val_loss=0.1448 val_metric_name=roc_auc val_metric=0.6453
Step  150 | loss 0.1331 | val_acc=0.9702 val_roc_auc=0.6668 val_loss=0.1388 val_metric_name=roc_auc val_metric=0.6668
Step  200 | loss 0.1306 | val_acc=0.9702 val_roc_auc=0.6835 val_loss=0.1339 val_metric_name=roc_auc val_metric=0.6835
Step  250 | loss 0.1290 | val_acc=0.9702 val_roc_auc=0.6968 val_loss=0.1297 val_metric_name=roc_auc val_metric=0.6968
Step  300 | loss 0.1268 | val_acc=0.9704 val_roc_auc=0.7084 val_loss=0.1260 val_metric_name=roc_auc val_metric=0.7084
Step  350 | loss 0.1248 | val_acc=0.9714 val_roc_auc=0.7193 val_loss=0.1230 val_metric_name=roc_auc val_metric=0.7193
Step  400 | loss 0.1229 | val_acc=0.9715 val_roc_auc=0.7300 val_loss=0.1207 val_metric_name=roc_auc val_metric=0.7300
Step  450 | loss 0.1217 | val_acc=0.9714 val_roc_auc=0.7398 val_loss=0.1192 val_metric_name=roc_auc val_metric=0.7398
Step  500 | loss 0.1198 | val_acc=0.9709 val_roc_auc=0.7477 val_loss=0.1190 val_metric_name=roc_auc val_metric=0.7477
Step  550 | loss 0.1186 | val_acc=0.9711 val_roc_auc=0.7544 val_loss=0.1201 val_metric_name=roc_auc val_metric=0.7544
Step  600 | loss 0.1170 | val_acc=0.9714 val_roc_auc=0.7602 val_loss=0.1227 val_metric_name=roc_auc val_metric=0.7602
Step  650 | loss 0.1150 | val_acc=0.9709 val_roc_auc=0.7649 val_loss=0.1278 val_metric_name=roc_auc val_metric=0.7649
Step  700 | loss 0.1141 | val_acc=0.9707 val_roc_auc=0.7685 val_loss=0.1323 val_metric_name=roc_auc val_metric=0.7685
Step  750 | loss 0.1120 | val_acc=0.9688 val_roc_auc=0.7713 val_loss=0.1374 val_metric_name=roc_auc val_metric=0.7713
Step  800 | loss 0.1120 | val_acc=0.9677 val_roc_auc=0.7738 val_loss=0.1374 val_metric_name=roc_auc val_metric=0.7738
Step  850 | loss 0.1097 | val_acc=0.9648 val_roc_auc=0.7749 val_loss=0.1462 val_metric_name=roc_auc val_metric=0.7749
Step  900 | loss 0.1092 | val_acc=0.9625 val_roc_auc=0.7764 val_loss=0.1515 val_metric_name=roc_auc val_metric=0.7764
Step  950 | loss 0.1073 | val_acc=0.9575 val_roc_auc=0.7775 val_loss=0.1585 val_metric_name=roc_auc val_metric=0.7775
Step 1000 | loss 0.1061 | val_acc=0.9585 val_roc_auc=0.7786 val_loss=0.1536 val_metric_name=roc_auc val_metric=0.7786
Step 1050 | loss 0.1055 | val_acc=0.9522 val_roc_auc=0.7789 val_loss=0.1680 val_metric_name=roc_auc val_metric=0.7789
Step 1100 | loss 0.1049 | val_acc=0.9490 val_roc_auc=0.7793 val_loss=0.1725 val_metric_name=roc_auc val_metric=0.7793
Step 1150 | loss 0.1025 | val_acc=0.9416 val_roc_auc=0.7796 val_loss=0.1824 val_metric_name=roc_auc val_metric=0.7796
Step 1200 | loss 0.1017 | val_acc=0.9420 val_roc_auc=0.7798 val_loss=0.1806 val_metric_name=roc_auc val_metric=0.7798
Step 1250 | loss 0.1019 | val_acc=0.9310 val_roc_auc=0.7794 val_loss=0.1928 val_metric_name=roc_auc val_metric=0.7794
Step 1300 | loss 0.0999 | val_acc=0.9285 val_roc_auc=0.7784 val_loss=0.1974 val_metric_name=roc_auc val_metric=0.7784
Step 1350 | loss 0.0981 | val_acc=0.9266 val_roc_auc=0.7787 val_loss=0.2008 val_metric_name=roc_auc val_metric=0.7787
Step 1400 | loss 0.0974 | val_acc=0.9265 val_roc_auc=0.7774 val_loss=0.2026 val_metric_name=roc_auc val_metric=0.7774
Step 1450 | loss 0.0955 | val_acc=0.9294 val_roc_auc=0.7762 val_loss=0.1990 val_metric_name=roc_auc val_metric=0.7762
Early stopping at step 1471

--- Final (best ckpt @ step 1170) ---
  train_acc=0.9533 train_roc_auc=0.8642 train_loss=0.1475 train_metric_name=roc_auc train_metric=0.8642
  val_acc=0.9456 val_roc_auc=0.7801 val_loss=0.1759 val_metric_name=roc_auc val_metric=0.7801
  test_acc=0.9451 test_roc_auc=0.7769 test_loss=0.1738 test_metric_name=roc_auc test_metric=0.7769
  test_roc_auc=0.7769
  >> num_layers=4 hidden_dim=256 lr=3e-05 best_step=770 val_roc_auc=0.7779 test_roc_auc=0.7829
     val_acc=0.9643 val_loss=0.1373 val_metric=0.7779 val_metric_name=roc_auc val_roc_auc=0.7779
     test_acc=0.9653 test_loss=0.1349 test_metric=0.7829 test_metric_name=roc_auc test_roc_auc=0.7829
  >> num_layers=4 hidden_dim=256 lr=6e-05 best_step=480 val_roc_auc=0.7790 test_roc_auc=0.7838
     val_acc=0.9566 val_loss=0.1528 val_metric=0.7790 val_metric_name=roc_auc val_roc_auc=0.7790
     test_acc=0.9568 test_loss=0.1505 test_metric=0.7838 test_metric_name=roc_auc test_roc_auc=0.7838
  >> num_layers=4 hidden_dim=256 lr=0.0001 best_step=340 val_roc_auc=0.7793 test_roc_auc=0.7850
     val_acc=0.9573 val_loss=0.1504 val_metric=0.7793 val_metric_name=roc_auc val_roc_auc=0.7793
     test_acc=0.9572 test_loss=0.1475 test_metric=0.7850 test_metric_name=roc_auc test_roc_auc=0.7850
  >> num_layers=4 hidden_dim=256 lr=1e-05 best_step=2070 val_roc_auc=0.7775 test_roc_auc=0.7830
     val_acc=0.9639 val_loss=0.1389 val_metric=0.7775 val_metric_name=roc_auc val_roc_auc=0.7775
     test_acc=0.9641 test_loss=0.1364 test_metric=0.7830 test_metric_name=roc_auc test_roc_auc=0.7830
  >> num_layers=4 hidden_dim=384 lr=3e-05 best_step=650 val_roc_auc=0.7819 test_roc_auc=0.7773
     val_acc=0.9636 val_loss=0.1411 val_metric=0.7819 val_metric_name=roc_auc val_roc_auc=0.7819
     test_acc=0.9633 test_loss=0.1416 test_metric=0.7773 test_metric_name=roc_auc test_roc_auc=0.7773
  >> num_layers=4 hidden_dim=384 lr=6e-05 best_step=410 val_roc_auc=0.7820 test_roc_auc=0.7799
     val_acc=0.9558 val_loss=0.1542 val_metric=0.7820 val_metric_name=roc_auc val_roc_auc=0.7820
     test_acc=0.9554 test_loss=0.1539 test_metric=0.7799 test_metric_name=roc_auc test_roc_auc=0.7799
  >> num_layers=4 hidden_dim=384 lr=0.0001 best_step=300 val_roc_auc=0.7829 test_roc_auc=0.7793
     val_acc=0.9606 val_loss=0.1419 val_metric=0.7829 val_metric_name=roc_auc val_roc_auc=0.7829
     test_acc=0.9611 test_loss=0.1419 test_metric=0.7793 test_metric_name=roc_auc test_roc_auc=0.7793
  >> num_layers=4 hidden_dim=384 lr=1e-05 best_step=1590 val_roc_auc=0.7814 test_roc_auc=0.7774
     val_acc=0.9623 val_loss=0.1469 val_metric=0.7814 val_metric_name=roc_auc val_roc_auc=0.7814
     test_acc=0.9621 test_loss=0.1469 test_metric=0.7774 test_metric_name=roc_auc test_roc_auc=0.7774
  >> num_layers=4 hidden_dim=512 lr=3e-05 best_step=490 val_roc_auc=0.7821 test_roc_auc=0.7758
     val_acc=0.9522 val_loss=0.1610 val_metric=0.7821 val_metric_name=roc_auc val_roc_auc=0.7821
     test_acc=0.9522 test_loss=0.1595 test_metric=0.7758 test_metric_name=roc_auc test_roc_auc=0.7758
  >> num_layers=4 hidden_dim=512 lr=6e-05 best_step=280 val_roc_auc=0.7828 test_roc_auc=0.7743
     val_acc=0.9567 val_loss=0.1512 val_metric=0.7828 val_metric_name=roc_auc val_roc_auc=0.7828
     test_acc=0.9571 test_loss=0.1498 test_metric=0.7743 test_metric_name=roc_auc test_roc_auc=0.7743
  >> num_layers=4 hidden_dim=512 lr=0.0001 best_step=220 val_roc_auc=0.7828 test_roc_auc=0.7721
     val_acc=0.9658 val_loss=0.1308 val_metric=0.7828 val_metric_name=roc_auc val_roc_auc=0.7828
     test_acc=0.9668 test_loss=0.1304 test_metric=0.7721 test_metric_name=roc_auc test_roc_auc=0.7721
  >> num_layers=4 hidden_dim=512 lr=1e-05 best_step=1170 val_roc_auc=0.7801 test_roc_auc=0.7769
     val_acc=0.9456 val_loss=0.1759 val_metric=0.7801 val_metric_name=roc_auc val_roc_auc=0.7801
     test_acc=0.9451 test_loss=0.1738 test_metric=0.7769 test_metric_name=roc_auc test_roc_auc=0.7769
  >> selected best (by val): num_layers=4 hidden_dim=384 lr=0.0001 val_roc_auc=0.7829 test_roc_auc=0.7793
     val_acc=0.9606 val_loss=0.1419 val_metric=0.7829 val_metric_name=roc_auc val_roc_auc=0.7829
     test_acc=0.9611 test_loss=0.1419 test_metric=0.7793 test_metric_name=roc_auc test_roc_auc=0.7793

Done. Results saved to /home/avshmelev/diploma_yandex_graphs/results_grid/questions/base.csv, checkpoints in /home/avshmelev/diploma_yandex_graphs/all_checkpoints/questions/base/
