Loading data...

============================================================
Training questions GAT-sep 1L h=256 lr=3e-05 split=6
============================================================
Training for 5000 steps
Step    1 | loss 0.8959 | val_acc=0.2805 val_roc_auc=0.5225 val_loss=0.7807 val_metric_name=roc_auc val_metric=0.5225
Step   50 | loss 0.1373 | val_acc=0.9702 val_roc_auc=0.4707 val_loss=0.1501 val_metric_name=roc_auc val_metric=0.4707
Step  100 | loss 0.1348 | val_acc=0.9702 val_roc_auc=0.5704 val_loss=0.1485 val_metric_name=roc_auc val_metric=0.5704
Step  150 | loss 0.1325 | val_acc=0.9702 val_roc_auc=0.6159 val_loss=0.1442 val_metric_name=roc_auc val_metric=0.6159
Step  200 | loss 0.1304 | val_acc=0.9702 val_roc_auc=0.6373 val_loss=0.1418 val_metric_name=roc_auc val_metric=0.6373
Step  250 | loss 0.1284 | val_acc=0.9703 val_roc_auc=0.6549 val_loss=0.1399 val_metric_name=roc_auc val_metric=0.6549
Step  300 | loss 0.1269 | val_acc=0.9708 val_roc_auc=0.6695 val_loss=0.1381 val_metric_name=roc_auc val_metric=0.6695
Step  350 | loss 0.1250 | val_acc=0.9713 val_roc_auc=0.6820 val_loss=0.1366 val_metric_name=roc_auc val_metric=0.6820
Step  400 | loss 0.1241 | val_acc=0.9714 val_roc_auc=0.6935 val_loss=0.1351 val_metric_name=roc_auc val_metric=0.6935
Step  450 | loss 0.1228 | val_acc=0.9714 val_roc_auc=0.7043 val_loss=0.1338 val_metric_name=roc_auc val_metric=0.7043
Step  500 | loss 0.1214 | val_acc=0.9714 val_roc_auc=0.7136 val_loss=0.1326 val_metric_name=roc_auc val_metric=0.7136
Step  550 | loss 0.1195 | val_acc=0.9713 val_roc_auc=0.7214 val_loss=0.1316 val_metric_name=roc_auc val_metric=0.7214
Step  600 | loss 0.1182 | val_acc=0.9713 val_roc_auc=0.7283 val_loss=0.1307 val_metric_name=roc_auc val_metric=0.7283
Step  650 | loss 0.1161 | val_acc=0.9714 val_roc_auc=0.7352 val_loss=0.1300 val_metric_name=roc_auc val_metric=0.7352
Step  700 | loss 0.1156 | val_acc=0.9718 val_roc_auc=0.7411 val_loss=0.1294 val_metric_name=roc_auc val_metric=0.7411
Step  750 | loss 0.1130 | val_acc=0.9717 val_roc_auc=0.7451 val_loss=0.1289 val_metric_name=roc_auc val_metric=0.7451
Step  800 | loss 0.1125 | val_acc=0.9719 val_roc_auc=0.7483 val_loss=0.1285 val_metric_name=roc_auc val_metric=0.7483
Step  850 | loss 0.1118 | val_acc=0.9718 val_roc_auc=0.7506 val_loss=0.1281 val_metric_name=roc_auc val_metric=0.7506
Step  900 | loss 0.1110 | val_acc=0.9718 val_roc_auc=0.7529 val_loss=0.1277 val_metric_name=roc_auc val_metric=0.7529
Step  950 | loss 0.1095 | val_acc=0.9717 val_roc_auc=0.7544 val_loss=0.1279 val_metric_name=roc_auc val_metric=0.7544
Step 1000 | loss 0.1082 | val_acc=0.9718 val_roc_auc=0.7562 val_loss=0.1279 val_metric_name=roc_auc val_metric=0.7562
Step 1050 | loss 0.1082 | val_acc=0.9720 val_roc_auc=0.7581 val_loss=0.1276 val_metric_name=roc_auc val_metric=0.7581
Step 1100 | loss 0.1061 | val_acc=0.9723 val_roc_auc=0.7595 val_loss=0.1283 val_metric_name=roc_auc val_metric=0.7595
Step 1150 | loss 0.1045 | val_acc=0.9722 val_roc_auc=0.7609 val_loss=0.1283 val_metric_name=roc_auc val_metric=0.7609
Step 1200 | loss 0.1034 | val_acc=0.9722 val_roc_auc=0.7620 val_loss=0.1288 val_metric_name=roc_auc val_metric=0.7620
Step 1250 | loss 0.1037 | val_acc=0.9723 val_roc_auc=0.7634 val_loss=0.1293 val_metric_name=roc_auc val_metric=0.7634
Step 1300 | loss 0.1017 | val_acc=0.9721 val_roc_auc=0.7644 val_loss=0.1295 val_metric_name=roc_auc val_metric=0.7644
Step 1350 | loss 0.0988 | val_acc=0.9721 val_roc_auc=0.7654 val_loss=0.1293 val_metric_name=roc_auc val_metric=0.7654
Step 1400 | loss 0.0994 | val_acc=0.9720 val_roc_auc=0.7662 val_loss=0.1298 val_metric_name=roc_auc val_metric=0.7662
Step 1450 | loss 0.0969 | val_acc=0.9719 val_roc_auc=0.7667 val_loss=0.1305 val_metric_name=roc_auc val_metric=0.7667
Step 1500 | loss 0.0961 | val_acc=0.9721 val_roc_auc=0.7681 val_loss=0.1308 val_metric_name=roc_auc val_metric=0.7681
Step 1550 | loss 0.0936 | val_acc=0.9724 val_roc_auc=0.7684 val_loss=0.1311 val_metric_name=roc_auc val_metric=0.7684
Step 1600 | loss 0.0936 | val_acc=0.9722 val_roc_auc=0.7696 val_loss=0.1311 val_metric_name=roc_auc val_metric=0.7696
Step 1650 | loss 0.0903 | val_acc=0.9718 val_roc_auc=0.7701 val_loss=0.1318 val_metric_name=roc_auc val_metric=0.7701
Step 1700 | loss 0.0882 | val_acc=0.9718 val_roc_auc=0.7702 val_loss=0.1336 val_metric_name=roc_auc val_metric=0.7702
Step 1750 | loss 0.0852 | val_acc=0.9717 val_roc_auc=0.7711 val_loss=0.1347 val_metric_name=roc_auc val_metric=0.7711
Step 1800 | loss 0.0833 | val_acc=0.9715 val_roc_auc=0.7721 val_loss=0.1355 val_metric_name=roc_auc val_metric=0.7721
Step 1850 | loss 0.0793 | val_acc=0.9711 val_roc_auc=0.7724 val_loss=0.1368 val_metric_name=roc_auc val_metric=0.7724
Step 1900 | loss 0.0784 | val_acc=0.9706 val_roc_auc=0.7726 val_loss=0.1382 val_metric_name=roc_auc val_metric=0.7726
Step 1950 | loss 0.0738 | val_acc=0.9704 val_roc_auc=0.7719 val_loss=0.1404 val_metric_name=roc_auc val_metric=0.7719
Step 2000 | loss 0.0711 | val_acc=0.9701 val_roc_auc=0.7716 val_loss=0.1428 val_metric_name=roc_auc val_metric=0.7716
Step 2050 | loss 0.0676 | val_acc=0.9693 val_roc_auc=0.7703 val_loss=0.1452 val_metric_name=roc_auc val_metric=0.7703
Step 2100 | loss 0.0633 | val_acc=0.9694 val_roc_auc=0.7686 val_loss=0.1482 val_metric_name=roc_auc val_metric=0.7686
Step 2150 | loss 0.0592 | val_acc=0.9693 val_roc_auc=0.7655 val_loss=0.1510 val_metric_name=roc_auc val_metric=0.7655
Early stopping at step 2184

--- Final (best ckpt @ step 1880) ---
  train_acc=0.9806 train_roc_auc=0.9449 train_loss=0.0663 train_metric_name=roc_auc train_metric=0.9449
  val_acc=0.9706 val_roc_auc=0.7728 val_loss=0.1368 val_metric_name=roc_auc val_metric=0.7728
  test_acc=0.9709 test_roc_auc=0.7565 test_loss=0.1392 test_metric_name=roc_auc test_metric=0.7565
  test_roc_auc=0.7565

============================================================
Training questions GAT-sep 1L h=256 lr=6e-05 split=6
============================================================
Training for 5000 steps
Step    1 | loss 0.8959 | val_acc=0.6460 val_roc_auc=0.5148 val_loss=0.6621 val_metric_name=roc_auc val_metric=0.5148
Step   50 | loss 0.1358 | val_acc=0.9702 val_roc_auc=0.5555 val_loss=0.1550 val_metric_name=roc_auc val_metric=0.5555
Step  100 | loss 0.1305 | val_acc=0.9702 val_roc_auc=0.6336 val_loss=0.1395 val_metric_name=roc_auc val_metric=0.6336
Step  150 | loss 0.1281 | val_acc=0.9707 val_roc_auc=0.6628 val_loss=0.1374 val_metric_name=roc_auc val_metric=0.6628
Step  200 | loss 0.1253 | val_acc=0.9714 val_roc_auc=0.6854 val_loss=0.1348 val_metric_name=roc_auc val_metric=0.6854
Step  250 | loss 0.1227 | val_acc=0.9714 val_roc_auc=0.7053 val_loss=0.1327 val_metric_name=roc_auc val_metric=0.7053
Step  300 | loss 0.1199 | val_acc=0.9712 val_roc_auc=0.7204 val_loss=0.1309 val_metric_name=roc_auc val_metric=0.7204
Step  350 | loss 0.1163 | val_acc=0.9713 val_roc_auc=0.7323 val_loss=0.1295 val_metric_name=roc_auc val_metric=0.7323
Step  400 | loss 0.1146 | val_acc=0.9718 val_roc_auc=0.7435 val_loss=0.1281 val_metric_name=roc_auc val_metric=0.7435
Step  450 | loss 0.1127 | val_acc=0.9720 val_roc_auc=0.7494 val_loss=0.1276 val_metric_name=roc_auc val_metric=0.7494
Step  500 | loss 0.1107 | val_acc=0.9717 val_roc_auc=0.7535 val_loss=0.1267 val_metric_name=roc_auc val_metric=0.7535
Step  550 | loss 0.1083 | val_acc=0.9718 val_roc_auc=0.7570 val_loss=0.1271 val_metric_name=roc_auc val_metric=0.7570
Step  600 | loss 0.1068 | val_acc=0.9722 val_roc_auc=0.7596 val_loss=0.1276 val_metric_name=roc_auc val_metric=0.7596
Step  650 | loss 0.1042 | val_acc=0.9723 val_roc_auc=0.7615 val_loss=0.1276 val_metric_name=roc_auc val_metric=0.7615
Step  700 | loss 0.1026 | val_acc=0.9722 val_roc_auc=0.7634 val_loss=0.1289 val_metric_name=roc_auc val_metric=0.7634
Step  750 | loss 0.0990 | val_acc=0.9721 val_roc_auc=0.7652 val_loss=0.1292 val_metric_name=roc_auc val_metric=0.7652
Step  800 | loss 0.0972 | val_acc=0.9720 val_roc_auc=0.7668 val_loss=0.1296 val_metric_name=roc_auc val_metric=0.7668
Step  850 | loss 0.0948 | val_acc=0.9721 val_roc_auc=0.7683 val_loss=0.1306 val_metric_name=roc_auc val_metric=0.7683
Step  900 | loss 0.0922 | val_acc=0.9717 val_roc_auc=0.7693 val_loss=0.1318 val_metric_name=roc_auc val_metric=0.7693
Step  950 | loss 0.0877 | val_acc=0.9713 val_roc_auc=0.7697 val_loss=0.1337 val_metric_name=roc_auc val_metric=0.7697
Step 1000 | loss 0.0843 | val_acc=0.9711 val_roc_auc=0.7719 val_loss=0.1347 val_metric_name=roc_auc val_metric=0.7719
Step 1050 | loss 0.0808 | val_acc=0.9711 val_roc_auc=0.7728 val_loss=0.1376 val_metric_name=roc_auc val_metric=0.7728
Step 1100 | loss 0.0727 | val_acc=0.9702 val_roc_auc=0.7716 val_loss=0.1399 val_metric_name=roc_auc val_metric=0.7716
Step 1150 | loss 0.0675 | val_acc=0.9702 val_roc_auc=0.7704 val_loss=0.1444 val_metric_name=roc_auc val_metric=0.7704
Step 1200 | loss 0.0621 | val_acc=0.9694 val_roc_auc=0.7660 val_loss=0.1496 val_metric_name=roc_auc val_metric=0.7660
Step 1250 | loss 0.0570 | val_acc=0.9694 val_roc_auc=0.7633 val_loss=0.1560 val_metric_name=roc_auc val_metric=0.7633
Step 1300 | loss 0.0490 | val_acc=0.9687 val_roc_auc=0.7580 val_loss=0.1629 val_metric_name=roc_auc val_metric=0.7580
Early stopping at step 1330

--- Final (best ckpt @ step 1030) ---
  train_acc=0.9798 train_roc_auc=0.9384 train_loss=0.0704 train_metric_name=roc_auc train_metric=0.9384
  val_acc=0.9711 val_roc_auc=0.7731 val_loss=0.1358 val_metric_name=roc_auc val_metric=0.7731
  test_acc=0.9703 test_roc_auc=0.7588 test_loss=0.1376 test_metric_name=roc_auc test_metric=0.7588
  test_roc_auc=0.7588

============================================================
Training questions GAT-sep 1L h=256 lr=0.0001 split=6
============================================================
Training for 5000 steps
Step    1 | loss 0.8959 | val_acc=0.9127 val_roc_auc=0.5026 val_loss=0.5281 val_metric_name=roc_auc val_metric=0.5026
Step   50 | loss 0.1319 | val_acc=0.9702 val_roc_auc=0.6209 val_loss=0.1415 val_metric_name=roc_auc val_metric=0.6209
Step  100 | loss 0.1277 | val_acc=0.9707 val_roc_auc=0.6655 val_loss=0.1358 val_metric_name=roc_auc val_metric=0.6655
Step  150 | loss 0.1248 | val_acc=0.9714 val_roc_auc=0.6951 val_loss=0.1325 val_metric_name=roc_auc val_metric=0.6951
Step  200 | loss 0.1203 | val_acc=0.9712 val_roc_auc=0.7197 val_loss=0.1295 val_metric_name=roc_auc val_metric=0.7197
Step  250 | loss 0.1162 | val_acc=0.9715 val_roc_auc=0.7363 val_loss=0.1280 val_metric_name=roc_auc val_metric=0.7363
Step  300 | loss 0.1123 | val_acc=0.9722 val_roc_auc=0.7494 val_loss=0.1267 val_metric_name=roc_auc val_metric=0.7494
Step  350 | loss 0.1085 | val_acc=0.9716 val_roc_auc=0.7555 val_loss=0.1259 val_metric_name=roc_auc val_metric=0.7555
Step  400 | loss 0.1065 | val_acc=0.9720 val_roc_auc=0.7607 val_loss=0.1261 val_metric_name=roc_auc val_metric=0.7607
Step  450 | loss 0.1039 | val_acc=0.9722 val_roc_auc=0.7627 val_loss=0.1272 val_metric_name=roc_auc val_metric=0.7627
Step  500 | loss 0.0998 | val_acc=0.9723 val_roc_auc=0.7646 val_loss=0.1287 val_metric_name=roc_auc val_metric=0.7646
Step  550 | loss 0.0961 | val_acc=0.9719 val_roc_auc=0.7673 val_loss=0.1304 val_metric_name=roc_auc val_metric=0.7673
Step  600 | loss 0.0928 | val_acc=0.9713 val_roc_auc=0.7683 val_loss=0.1324 val_metric_name=roc_auc val_metric=0.7683
Step  650 | loss 0.0856 | val_acc=0.9707 val_roc_auc=0.7701 val_loss=0.1344 val_metric_name=roc_auc val_metric=0.7701
Step  700 | loss 0.0799 | val_acc=0.9708 val_roc_auc=0.7715 val_loss=0.1380 val_metric_name=roc_auc val_metric=0.7715
Step  750 | loss 0.0703 | val_acc=0.9705 val_roc_auc=0.7699 val_loss=0.1436 val_metric_name=roc_auc val_metric=0.7699
Step  800 | loss 0.0631 | val_acc=0.9704 val_roc_auc=0.7627 val_loss=0.1509 val_metric_name=roc_auc val_metric=0.7627
Step  850 | loss 0.0526 | val_acc=0.9688 val_roc_auc=0.7542 val_loss=0.1602 val_metric_name=roc_auc val_metric=0.7542
Step  900 | loss 0.0440 | val_acc=0.9684 val_roc_auc=0.7424 val_loss=0.1720 val_metric_name=roc_auc val_metric=0.7424
Step  950 | loss 0.0344 | val_acc=0.9691 val_roc_auc=0.7327 val_loss=0.1834 val_metric_name=roc_auc val_metric=0.7327
Step 1000 | loss 0.0278 | val_acc=0.9682 val_roc_auc=0.7235 val_loss=0.1943 val_metric_name=roc_auc val_metric=0.7235
Early stopping at step 1005

--- Final (best ckpt @ step 700) ---
  train_acc=0.9804 train_roc_auc=0.9419 train_loss=0.0689 train_metric_name=roc_auc train_metric=0.9419
  val_acc=0.9708 val_roc_auc=0.7715 val_loss=0.1380 val_metric_name=roc_auc val_metric=0.7715
  test_acc=0.9706 test_roc_auc=0.7618 test_loss=0.1386 test_metric_name=roc_auc test_metric=0.7618
  test_roc_auc=0.7618

============================================================
Training questions GAT-sep 1L h=256 lr=1e-05 split=6
============================================================
Training for 5000 steps
Step    1 | loss 0.8959 | val_acc=0.1172 val_roc_auc=0.5269 val_loss=0.8682 val_metric_name=roc_auc val_metric=0.5269
Step   50 | loss 0.2098 | val_acc=0.9702 val_roc_auc=0.4549 val_loss=0.1485 val_metric_name=roc_auc val_metric=0.4549
Step  100 | loss 0.1516 | val_acc=0.9702 val_roc_auc=0.4661 val_loss=0.1380 val_metric_name=roc_auc val_metric=0.4661
Step  150 | loss 0.1413 | val_acc=0.9702 val_roc_auc=0.4837 val_loss=0.1436 val_metric_name=roc_auc val_metric=0.4837
Step  200 | loss 0.1383 | val_acc=0.9702 val_roc_auc=0.5095 val_loss=0.1472 val_metric_name=roc_auc val_metric=0.5095
Step  250 | loss 0.1362 | val_acc=0.9702 val_roc_auc=0.5426 val_loss=0.1487 val_metric_name=roc_auc val_metric=0.5426
Step  300 | loss 0.1353 | val_acc=0.9702 val_roc_auc=0.5741 val_loss=0.1488 val_metric_name=roc_auc val_metric=0.5741
Step  350 | loss 0.1332 | val_acc=0.9702 val_roc_auc=0.5958 val_loss=0.1481 val_metric_name=roc_auc val_metric=0.5958
Step  400 | loss 0.1332 | val_acc=0.9702 val_roc_auc=0.6096 val_loss=0.1470 val_metric_name=roc_auc val_metric=0.6096
Step  450 | loss 0.1326 | val_acc=0.9702 val_roc_auc=0.6193 val_loss=0.1458 val_metric_name=roc_auc val_metric=0.6193
Step  500 | loss 0.1319 | val_acc=0.9702 val_roc_auc=0.6279 val_loss=0.1447 val_metric_name=roc_auc val_metric=0.6279
Step  550 | loss 0.1303 | val_acc=0.9702 val_roc_auc=0.6358 val_loss=0.1437 val_metric_name=roc_auc val_metric=0.6358
Step  600 | loss 0.1300 | val_acc=0.9702 val_roc_auc=0.6430 val_loss=0.1428 val_metric_name=roc_auc val_metric=0.6430
Step  650 | loss 0.1288 | val_acc=0.9702 val_roc_auc=0.6496 val_loss=0.1419 val_metric_name=roc_auc val_metric=0.6496
Step  700 | loss 0.1293 | val_acc=0.9702 val_roc_auc=0.6559 val_loss=0.1411 val_metric_name=roc_auc val_metric=0.6559
Step  750 | loss 0.1278 | val_acc=0.9706 val_roc_auc=0.6616 val_loss=0.1404 val_metric_name=roc_auc val_metric=0.6616
Step  800 | loss 0.1270 | val_acc=0.9707 val_roc_auc=0.6668 val_loss=0.1397 val_metric_name=roc_auc val_metric=0.6668
Step  850 | loss 0.1266 | val_acc=0.9708 val_roc_auc=0.6719 val_loss=0.1390 val_metric_name=roc_auc val_metric=0.6719
Step  900 | loss 0.1263 | val_acc=0.9711 val_roc_auc=0.6765 val_loss=0.1383 val_metric_name=roc_auc val_metric=0.6765
Step  950 | loss 0.1259 | val_acc=0.9713 val_roc_auc=0.6810 val_loss=0.1377 val_metric_name=roc_auc val_metric=0.6810
Step 1000 | loss 0.1248 | val_acc=0.9714 val_roc_auc=0.6852 val_loss=0.1370 val_metric_name=roc_auc val_metric=0.6852
Step 1050 | loss 0.1246 | val_acc=0.9714 val_roc_auc=0.6893 val_loss=0.1364 val_metric_name=roc_auc val_metric=0.6893
Step 1100 | loss 0.1245 | val_acc=0.9714 val_roc_auc=0.6931 val_loss=0.1358 val_metric_name=roc_auc val_metric=0.6931
Step 1150 | loss 0.1235 | val_acc=0.9714 val_roc_auc=0.6970 val_loss=0.1353 val_metric_name=roc_auc val_metric=0.6970
Step 1200 | loss 0.1227 | val_acc=0.9714 val_roc_auc=0.7008 val_loss=0.1347 val_metric_name=roc_auc val_metric=0.7008
Step 1250 | loss 0.1229 | val_acc=0.9715 val_roc_auc=0.7044 val_loss=0.1343 val_metric_name=roc_auc val_metric=0.7044
Step 1300 | loss 0.1216 | val_acc=0.9715 val_roc_auc=0.7081 val_loss=0.1338 val_metric_name=roc_auc val_metric=0.7081
Step 1350 | loss 0.1206 | val_acc=0.9715 val_roc_auc=0.7115 val_loss=0.1333 val_metric_name=roc_auc val_metric=0.7115
Step 1400 | loss 0.1211 | val_acc=0.9714 val_roc_auc=0.7146 val_loss=0.1330 val_metric_name=roc_auc val_metric=0.7146
Step 1450 | loss 0.1206 | val_acc=0.9714 val_roc_auc=0.7174 val_loss=0.1326 val_metric_name=roc_auc val_metric=0.7174
Step 1500 | loss 0.1204 | val_acc=0.9714 val_roc_auc=0.7201 val_loss=0.1322 val_metric_name=roc_auc val_metric=0.7201
Step 1550 | loss 0.1187 | val_acc=0.9713 val_roc_auc=0.7230 val_loss=0.1317 val_metric_name=roc_auc val_metric=0.7230
Step 1600 | loss 0.1182 | val_acc=0.9713 val_roc_auc=0.7258 val_loss=0.1314 val_metric_name=roc_auc val_metric=0.7258
Step 1650 | loss 0.1182 | val_acc=0.9713 val_roc_auc=0.7287 val_loss=0.1311 val_metric_name=roc_auc val_metric=0.7287
Step 1700 | loss 0.1180 | val_acc=0.9713 val_roc_auc=0.7315 val_loss=0.1306 val_metric_name=roc_auc val_metric=0.7315
Step 1750 | loss 0.1163 | val_acc=0.9714 val_roc_auc=0.7340 val_loss=0.1304 val_metric_name=roc_auc val_metric=0.7340
Step 1800 | loss 0.1159 | val_acc=0.9714 val_roc_auc=0.7367 val_loss=0.1302 val_metric_name=roc_auc val_metric=0.7367
Step 1850 | loss 0.1153 | val_acc=0.9715 val_roc_auc=0.7390 val_loss=0.1299 val_metric_name=roc_auc val_metric=0.7390
Step 1900 | loss 0.1151 | val_acc=0.9717 val_roc_auc=0.7411 val_loss=0.1296 val_metric_name=roc_auc val_metric=0.7411
Step 1950 | loss 0.1143 | val_acc=0.9717 val_roc_auc=0.7428 val_loss=0.1294 val_metric_name=roc_auc val_metric=0.7428
Step 2000 | loss 0.1141 | val_acc=0.9716 val_roc_auc=0.7442 val_loss=0.1291 val_metric_name=roc_auc val_metric=0.7442
Step 2050 | loss 0.1137 | val_acc=0.9720 val_roc_auc=0.7457 val_loss=0.1290 val_metric_name=roc_auc val_metric=0.7457
Step 2100 | loss 0.1135 | val_acc=0.9720 val_roc_auc=0.7469 val_loss=0.1288 val_metric_name=roc_auc val_metric=0.7469
Step 2150 | loss 0.1125 | val_acc=0.9719 val_roc_auc=0.7482 val_loss=0.1285 val_metric_name=roc_auc val_metric=0.7482
Step 2200 | loss 0.1115 | val_acc=0.9719 val_roc_auc=0.7493 val_loss=0.1285 val_metric_name=roc_auc val_metric=0.7493
Step 2250 | loss 0.1117 | val_acc=0.9719 val_roc_auc=0.7503 val_loss=0.1285 val_metric_name=roc_auc val_metric=0.7503
Step 2300 | loss 0.1106 | val_acc=0.9718 val_roc_auc=0.7513 val_loss=0.1283 val_metric_name=roc_auc val_metric=0.7513
Step 2350 | loss 0.1106 | val_acc=0.9718 val_roc_auc=0.7523 val_loss=0.1282 val_metric_name=roc_auc val_metric=0.7523
Step 2400 | loss 0.1098 | val_acc=0.9718 val_roc_auc=0.7531 val_loss=0.1282 val_metric_name=roc_auc val_metric=0.7531
Step 2450 | loss 0.1086 | val_acc=0.9718 val_roc_auc=0.7538 val_loss=0.1282 val_metric_name=roc_auc val_metric=0.7538
Step 2500 | loss 0.1096 | val_acc=0.9718 val_roc_auc=0.7547 val_loss=0.1282 val_metric_name=roc_auc val_metric=0.7547
Step 2550 | loss 0.1101 | val_acc=0.9718 val_roc_auc=0.7554 val_loss=0.1282 val_metric_name=roc_auc val_metric=0.7554
Step 2600 | loss 0.1089 | val_acc=0.9718 val_roc_auc=0.7561 val_loss=0.1280 val_metric_name=roc_auc val_metric=0.7561
Step 2650 | loss 0.1076 | val_acc=0.9718 val_roc_auc=0.7569 val_loss=0.1279 val_metric_name=roc_auc val_metric=0.7569
Step 2700 | loss 0.1083 | val_acc=0.9717 val_roc_auc=0.7576 val_loss=0.1278 val_metric_name=roc_auc val_metric=0.7576
Step 2750 | loss 0.1072 | val_acc=0.9719 val_roc_auc=0.7582 val_loss=0.1283 val_metric_name=roc_auc val_metric=0.7582
Step 2800 | loss 0.1062 | val_acc=0.9720 val_roc_auc=0.7589 val_loss=0.1282 val_metric_name=roc_auc val_metric=0.7589
Step 2850 | loss 0.1062 | val_acc=0.9720 val_roc_auc=0.7596 val_loss=0.1283 val_metric_name=roc_auc val_metric=0.7596
Step 2900 | loss 0.1065 | val_acc=0.9721 val_roc_auc=0.7603 val_loss=0.1281 val_metric_name=roc_auc val_metric=0.7603
Step 2950 | loss 0.1046 | val_acc=0.9721 val_roc_auc=0.7608 val_loss=0.1284 val_metric_name=roc_auc val_metric=0.7608
Step 3000 | loss 0.1050 | val_acc=0.9722 val_roc_auc=0.7613 val_loss=0.1282 val_metric_name=roc_auc val_metric=0.7613
Step 3050 | loss 0.1046 | val_acc=0.9722 val_roc_auc=0.7618 val_loss=0.1285 val_metric_name=roc_auc val_metric=0.7618
Step 3100 | loss 0.1026 | val_acc=0.9722 val_roc_auc=0.7621 val_loss=0.1284 val_metric_name=roc_auc val_metric=0.7621
Step 3150 | loss 0.1036 | val_acc=0.9723 val_roc_auc=0.7627 val_loss=0.1286 val_metric_name=roc_auc val_metric=0.7627
Step 3200 | loss 0.1019 | val_acc=0.9723 val_roc_auc=0.7632 val_loss=0.1287 val_metric_name=roc_auc val_metric=0.7632
Step 3250 | loss 0.1016 | val_acc=0.9723 val_roc_auc=0.7637 val_loss=0.1285 val_metric_name=roc_auc val_metric=0.7637
Step 3300 | loss 0.1009 | val_acc=0.9723 val_roc_auc=0.7644 val_loss=0.1288 val_metric_name=roc_auc val_metric=0.7644
Step 3350 | loss 0.1010 | val_acc=0.9722 val_roc_auc=0.7647 val_loss=0.1295 val_metric_name=roc_auc val_metric=0.7647
Step 3400 | loss 0.1001 | val_acc=0.9722 val_roc_auc=0.7652 val_loss=0.1292 val_metric_name=roc_auc val_metric=0.7652
Step 3450 | loss 0.0997 | val_acc=0.9721 val_roc_auc=0.7655 val_loss=0.1294 val_metric_name=roc_auc val_metric=0.7655
Step 3500 | loss 0.0989 | val_acc=0.9720 val_roc_auc=0.7660 val_loss=0.1295 val_metric_name=roc_auc val_metric=0.7660
Step 3550 | loss 0.0985 | val_acc=0.9720 val_roc_auc=0.7663 val_loss=0.1298 val_metric_name=roc_auc val_metric=0.7663
Step 3600 | loss 0.0977 | val_acc=0.9720 val_roc_auc=0.7668 val_loss=0.1299 val_metric_name=roc_auc val_metric=0.7668
Step 3650 | loss 0.0963 | val_acc=0.9720 val_roc_auc=0.7673 val_loss=0.1301 val_metric_name=roc_auc val_metric=0.7673
Step 3700 | loss 0.0962 | val_acc=0.9720 val_roc_auc=0.7680 val_loss=0.1300 val_metric_name=roc_auc val_metric=0.7680
Step 3750 | loss 0.0944 | val_acc=0.9720 val_roc_auc=0.7682 val_loss=0.1303 val_metric_name=roc_auc val_metric=0.7682
Step 3800 | loss 0.0943 | val_acc=0.9722 val_roc_auc=0.7686 val_loss=0.1308 val_metric_name=roc_auc val_metric=0.7686
Step 3850 | loss 0.0939 | val_acc=0.9721 val_roc_auc=0.7691 val_loss=0.1313 val_metric_name=roc_auc val_metric=0.7691
Step 3900 | loss 0.0926 | val_acc=0.9722 val_roc_auc=0.7693 val_loss=0.1313 val_metric_name=roc_auc val_metric=0.7693
Step 3950 | loss 0.0923 | val_acc=0.9722 val_roc_auc=0.7699 val_loss=0.1316 val_metric_name=roc_auc val_metric=0.7699
Step 4000 | loss 0.0923 | val_acc=0.9723 val_roc_auc=0.7704 val_loss=0.1319 val_metric_name=roc_auc val_metric=0.7704
Step 4050 | loss 0.0905 | val_acc=0.9723 val_roc_auc=0.7710 val_loss=0.1320 val_metric_name=roc_auc val_metric=0.7710
Step 4100 | loss 0.0893 | val_acc=0.9722 val_roc_auc=0.7711 val_loss=0.1328 val_metric_name=roc_auc val_metric=0.7711
Step 4150 | loss 0.0875 | val_acc=0.9722 val_roc_auc=0.7713 val_loss=0.1333 val_metric_name=roc_auc val_metric=0.7713
Step 4200 | loss 0.0865 | val_acc=0.9720 val_roc_auc=0.7717 val_loss=0.1335 val_metric_name=roc_auc val_metric=0.7717
Step 4250 | loss 0.0861 | val_acc=0.9720 val_roc_auc=0.7721 val_loss=0.1340 val_metric_name=roc_auc val_metric=0.7721
Step 4300 | loss 0.0850 | val_acc=0.9714 val_roc_auc=0.7725 val_loss=0.1344 val_metric_name=roc_auc val_metric=0.7725
Step 4350 | loss 0.0826 | val_acc=0.9716 val_roc_auc=0.7727 val_loss=0.1350 val_metric_name=roc_auc val_metric=0.7727
Step 4400 | loss 0.0815 | val_acc=0.9712 val_roc_auc=0.7728 val_loss=0.1353 val_metric_name=roc_auc val_metric=0.7728
Step 4450 | loss 0.0807 | val_acc=0.9711 val_roc_auc=0.7731 val_loss=0.1363 val_metric_name=roc_auc val_metric=0.7731
Step 4500 | loss 0.0790 | val_acc=0.9711 val_roc_auc=0.7735 val_loss=0.1372 val_metric_name=roc_auc val_metric=0.7735
Step 4550 | loss 0.0788 | val_acc=0.9711 val_roc_auc=0.7733 val_loss=0.1381 val_metric_name=roc_auc val_metric=0.7733
Step 4600 | loss 0.0757 | val_acc=0.9706 val_roc_auc=0.7734 val_loss=0.1385 val_metric_name=roc_auc val_metric=0.7734
Step 4650 | loss 0.0744 | val_acc=0.9702 val_roc_auc=0.7729 val_loss=0.1391 val_metric_name=roc_auc val_metric=0.7729
Step 4700 | loss 0.0759 | val_acc=0.9702 val_roc_auc=0.7729 val_loss=0.1403 val_metric_name=roc_auc val_metric=0.7729
Step 4750 | loss 0.0734 | val_acc=0.9700 val_roc_auc=0.7724 val_loss=0.1418 val_metric_name=roc_auc val_metric=0.7724
Step 4800 | loss 0.0713 | val_acc=0.9702 val_roc_auc=0.7719 val_loss=0.1429 val_metric_name=roc_auc val_metric=0.7719
Early stopping at step 4803

--- Final (best ckpt @ step 4500) ---
  train_acc=0.9797 train_roc_auc=0.9427 train_loss=0.0690 train_metric_name=roc_auc train_metric=0.9427
  val_acc=0.9711 val_roc_auc=0.7735 val_loss=0.1372 val_metric_name=roc_auc val_metric=0.7735
  test_acc=0.9709 test_roc_auc=0.7546 test_loss=0.1399 test_metric_name=roc_auc test_metric=0.7546
  test_roc_auc=0.7546

============================================================
Training questions GAT-sep 1L h=384 lr=3e-05 split=6
============================================================
Training for 5000 steps
Step    1 | loss 1.1487 | val_acc=0.0369 val_roc_auc=0.4461 val_loss=1.0476 val_metric_name=roc_auc val_metric=0.4461
Step   50 | loss 0.1377 | val_acc=0.9702 val_roc_auc=0.5325 val_loss=0.1587 val_metric_name=roc_auc val_metric=0.5325
Step  100 | loss 0.1323 | val_acc=0.9702 val_roc_auc=0.6385 val_loss=0.1426 val_metric_name=roc_auc val_metric=0.6385
Step  150 | loss 0.1295 | val_acc=0.9702 val_roc_auc=0.6621 val_loss=0.1400 val_metric_name=roc_auc val_metric=0.6621
Step  200 | loss 0.1280 | val_acc=0.9703 val_roc_auc=0.6804 val_loss=0.1377 val_metric_name=roc_auc val_metric=0.6804
Step  250 | loss 0.1257 | val_acc=0.9712 val_roc_auc=0.6962 val_loss=0.1357 val_metric_name=roc_auc val_metric=0.6962
Step  300 | loss 0.1246 | val_acc=0.9713 val_roc_auc=0.7093 val_loss=0.1339 val_metric_name=roc_auc val_metric=0.7093
Step  350 | loss 0.1221 | val_acc=0.9713 val_roc_auc=0.7209 val_loss=0.1321 val_metric_name=roc_auc val_metric=0.7209
Step  400 | loss 0.1206 | val_acc=0.9713 val_roc_auc=0.7304 val_loss=0.1305 val_metric_name=roc_auc val_metric=0.7304
Step  450 | loss 0.1190 | val_acc=0.9712 val_roc_auc=0.7384 val_loss=0.1290 val_metric_name=roc_auc val_metric=0.7384
Step  500 | loss 0.1165 | val_acc=0.9714 val_roc_auc=0.7443 val_loss=0.1282 val_metric_name=roc_auc val_metric=0.7443
Step  550 | loss 0.1145 | val_acc=0.9715 val_roc_auc=0.7484 val_loss=0.1273 val_metric_name=roc_auc val_metric=0.7484
Step  600 | loss 0.1127 | val_acc=0.9717 val_roc_auc=0.7511 val_loss=0.1274 val_metric_name=roc_auc val_metric=0.7511
Step  650 | loss 0.1119 | val_acc=0.9718 val_roc_auc=0.7531 val_loss=0.1270 val_metric_name=roc_auc val_metric=0.7531
Step  700 | loss 0.1094 | val_acc=0.9717 val_roc_auc=0.7546 val_loss=0.1272 val_metric_name=roc_auc val_metric=0.7546
Step  750 | loss 0.1078 | val_acc=0.9716 val_roc_auc=0.7562 val_loss=0.1276 val_metric_name=roc_auc val_metric=0.7562
Step  800 | loss 0.1072 | val_acc=0.9718 val_roc_auc=0.7581 val_loss=0.1276 val_metric_name=roc_auc val_metric=0.7581
Step  850 | loss 0.1051 | val_acc=0.9720 val_roc_auc=0.7593 val_loss=0.1279 val_metric_name=roc_auc val_metric=0.7593
Step  900 | loss 0.1030 | val_acc=0.9722 val_roc_auc=0.7606 val_loss=0.1288 val_metric_name=roc_auc val_metric=0.7606
Step  950 | loss 0.1009 | val_acc=0.9720 val_roc_auc=0.7622 val_loss=0.1292 val_metric_name=roc_auc val_metric=0.7622
Step 1000 | loss 0.0987 | val_acc=0.9717 val_roc_auc=0.7641 val_loss=0.1297 val_metric_name=roc_auc val_metric=0.7641
Step 1050 | loss 0.0975 | val_acc=0.9715 val_roc_auc=0.7647 val_loss=0.1311 val_metric_name=roc_auc val_metric=0.7647
Step 1100 | loss 0.0950 | val_acc=0.9714 val_roc_auc=0.7661 val_loss=0.1319 val_metric_name=roc_auc val_metric=0.7661
Step 1150 | loss 0.0940 | val_acc=0.9706 val_roc_auc=0.7666 val_loss=0.1331 val_metric_name=roc_auc val_metric=0.7666
Step 1200 | loss 0.0909 | val_acc=0.9710 val_roc_auc=0.7676 val_loss=0.1334 val_metric_name=roc_auc val_metric=0.7676
Step 1250 | loss 0.0885 | val_acc=0.9711 val_roc_auc=0.7681 val_loss=0.1360 val_metric_name=roc_auc val_metric=0.7681
Step 1300 | loss 0.0856 | val_acc=0.9709 val_roc_auc=0.7679 val_loss=0.1376 val_metric_name=roc_auc val_metric=0.7679
Step 1350 | loss 0.0819 | val_acc=0.9704 val_roc_auc=0.7675 val_loss=0.1393 val_metric_name=roc_auc val_metric=0.7675
Step 1400 | loss 0.0782 | val_acc=0.9702 val_roc_auc=0.7674 val_loss=0.1412 val_metric_name=roc_auc val_metric=0.7674
Step 1450 | loss 0.0747 | val_acc=0.9704 val_roc_auc=0.7667 val_loss=0.1426 val_metric_name=roc_auc val_metric=0.7667
Step 1500 | loss 0.0702 | val_acc=0.9697 val_roc_auc=0.7662 val_loss=0.1455 val_metric_name=roc_auc val_metric=0.7662
Step 1550 | loss 0.0646 | val_acc=0.9690 val_roc_auc=0.7646 val_loss=0.1481 val_metric_name=roc_auc val_metric=0.7646
Early stopping at step 1563

--- Final (best ckpt @ step 1260) ---
  train_acc=0.9781 train_roc_auc=0.9237 train_loss=0.0781 train_metric_name=roc_auc train_metric=0.9237
  val_acc=0.9708 val_roc_auc=0.7684 val_loss=0.1355 val_metric_name=roc_auc val_metric=0.7684
  test_acc=0.9706 test_roc_auc=0.7584 test_loss=0.1370 test_metric_name=roc_auc test_metric=0.7584
  test_roc_auc=0.7584

============================================================
Training questions GAT-sep 1L h=384 lr=6e-05 split=6
============================================================
Training for 5000 steps
Step    1 | loss 1.1487 | val_acc=0.1993 val_roc_auc=0.4535 val_loss=0.8293 val_metric_name=roc_auc val_metric=0.4535
Step   50 | loss 0.1333 | val_acc=0.9702 val_roc_auc=0.6374 val_loss=0.1458 val_metric_name=roc_auc val_metric=0.6374
Step  100 | loss 0.1285 | val_acc=0.9702 val_roc_auc=0.6703 val_loss=0.1370 val_metric_name=roc_auc val_metric=0.6703
Step  150 | loss 0.1253 | val_acc=0.9713 val_roc_auc=0.6949 val_loss=0.1338 val_metric_name=roc_auc val_metric=0.6949
Step  200 | loss 0.1229 | val_acc=0.9713 val_roc_auc=0.7178 val_loss=0.1313 val_metric_name=roc_auc val_metric=0.7178
Step  250 | loss 0.1190 | val_acc=0.9713 val_roc_auc=0.7355 val_loss=0.1286 val_metric_name=roc_auc val_metric=0.7355
Step  300 | loss 0.1159 | val_acc=0.9714 val_roc_auc=0.7468 val_loss=0.1268 val_metric_name=roc_auc val_metric=0.7468
Step  350 | loss 0.1122 | val_acc=0.9718 val_roc_auc=0.7518 val_loss=0.1263 val_metric_name=roc_auc val_metric=0.7518
Step  400 | loss 0.1102 | val_acc=0.9718 val_roc_auc=0.7556 val_loss=0.1263 val_metric_name=roc_auc val_metric=0.7556
Step  450 | loss 0.1079 | val_acc=0.9718 val_roc_auc=0.7578 val_loss=0.1262 val_metric_name=roc_auc val_metric=0.7578
Step  500 | loss 0.1042 | val_acc=0.9720 val_roc_auc=0.7607 val_loss=0.1273 val_metric_name=roc_auc val_metric=0.7607
Step  550 | loss 0.1012 | val_acc=0.9717 val_roc_auc=0.7625 val_loss=0.1292 val_metric_name=roc_auc val_metric=0.7625
Step  600 | loss 0.0972 | val_acc=0.9714 val_roc_auc=0.7649 val_loss=0.1310 val_metric_name=roc_auc val_metric=0.7649
Step  650 | loss 0.0941 | val_acc=0.9711 val_roc_auc=0.7660 val_loss=0.1329 val_metric_name=roc_auc val_metric=0.7660
Step  700 | loss 0.0875 | val_acc=0.9705 val_roc_auc=0.7650 val_loss=0.1351 val_metric_name=roc_auc val_metric=0.7650
Step  750 | loss 0.0830 | val_acc=0.9707 val_roc_auc=0.7641 val_loss=0.1388 val_metric_name=roc_auc val_metric=0.7641
Step  800 | loss 0.0778 | val_acc=0.9703 val_roc_auc=0.7628 val_loss=0.1431 val_metric_name=roc_auc val_metric=0.7628
Step  850 | loss 0.0699 | val_acc=0.9697 val_roc_auc=0.7605 val_loss=0.1469 val_metric_name=roc_auc val_metric=0.7605
Step  900 | loss 0.0612 | val_acc=0.9689 val_roc_auc=0.7597 val_loss=0.1518 val_metric_name=roc_auc val_metric=0.7597
Step  950 | loss 0.0553 | val_acc=0.9689 val_roc_auc=0.7554 val_loss=0.1604 val_metric_name=roc_auc val_metric=0.7554
Early stopping at step 970

--- Final (best ckpt @ step 670) ---
  train_acc=0.9764 train_roc_auc=0.9069 train_loss=0.0869 train_metric_name=roc_auc train_metric=0.9069
  val_acc=0.9711 val_roc_auc=0.7661 val_loss=0.1340 val_metric_name=roc_auc val_metric=0.7661
  test_acc=0.9719 test_roc_auc=0.7577 test_loss=0.1352 test_metric_name=roc_auc test_metric=0.7577
  test_roc_auc=0.7577

============================================================
Training questions GAT-sep 1L h=384 lr=0.0001 split=6
============================================================
Training for 5000 steps
Step    1 | loss 1.1487 | val_acc=0.7721 val_roc_auc=0.4633 val_loss=0.5945 val_metric_name=roc_auc val_metric=0.4633
Step   50 | loss 0.1313 | val_acc=0.9702 val_roc_auc=0.6561 val_loss=0.1332 val_metric_name=roc_auc val_metric=0.6561
Step  100 | loss 0.1260 | val_acc=0.9714 val_roc_auc=0.6886 val_loss=0.1336 val_metric_name=roc_auc val_metric=0.6886
Step  150 | loss 0.1216 | val_acc=0.9714 val_roc_auc=0.7208 val_loss=0.1296 val_metric_name=roc_auc val_metric=0.7208
Step  200 | loss 0.1169 | val_acc=0.9713 val_roc_auc=0.7438 val_loss=0.1262 val_metric_name=roc_auc val_metric=0.7438
Step  250 | loss 0.1123 | val_acc=0.9720 val_roc_auc=0.7519 val_loss=0.1251 val_metric_name=roc_auc val_metric=0.7519
Step  300 | loss 0.1087 | val_acc=0.9720 val_roc_auc=0.7565 val_loss=0.1264 val_metric_name=roc_auc val_metric=0.7565
Step  350 | loss 0.1038 | val_acc=0.9719 val_roc_auc=0.7592 val_loss=0.1266 val_metric_name=roc_auc val_metric=0.7592
Step  400 | loss 0.0994 | val_acc=0.9718 val_roc_auc=0.7620 val_loss=0.1300 val_metric_name=roc_auc val_metric=0.7620
Step  450 | loss 0.0940 | val_acc=0.9711 val_roc_auc=0.7634 val_loss=0.1338 val_metric_name=roc_auc val_metric=0.7634
Step  500 | loss 0.0866 | val_acc=0.9707 val_roc_auc=0.7614 val_loss=0.1368 val_metric_name=roc_auc val_metric=0.7614
Step  550 | loss 0.0763 | val_acc=0.9708 val_roc_auc=0.7581 val_loss=0.1440 val_metric_name=roc_auc val_metric=0.7581
Step  600 | loss 0.0648 | val_acc=0.9686 val_roc_auc=0.7546 val_loss=0.1521 val_metric_name=roc_auc val_metric=0.7546
Step  650 | loss 0.0520 | val_acc=0.9695 val_roc_auc=0.7503 val_loss=0.1633 val_metric_name=roc_auc val_metric=0.7503
Step  700 | loss 0.0393 | val_acc=0.9684 val_roc_auc=0.7451 val_loss=0.1772 val_metric_name=roc_auc val_metric=0.7451
Step  750 | loss 0.0288 | val_acc=0.9664 val_roc_auc=0.7373 val_loss=0.1895 val_metric_name=roc_auc val_metric=0.7373
Early stopping at step 762

--- Final (best ckpt @ step 460) ---
  train_acc=0.9763 train_roc_auc=0.9045 train_loss=0.0876 train_metric_name=roc_auc train_metric=0.9045
  val_acc=0.9712 val_roc_auc=0.7635 val_loss=0.1336 val_metric_name=roc_auc val_metric=0.7635
  test_acc=0.9722 test_roc_auc=0.7555 test_loss=0.1343 test_metric_name=roc_auc test_metric=0.7555
  test_roc_auc=0.7555

============================================================
Training questions GAT-sep 1L h=384 lr=1e-05 split=6
============================================================
Training for 5000 steps
Step    1 | loss 1.1487 | val_acc=0.0303 val_roc_auc=0.4418 val_loss=1.2115 val_metric_name=roc_auc val_metric=0.4418
Step   50 | loss 0.1696 | val_acc=0.9702 val_roc_auc=0.4844 val_loss=0.1366 val_metric_name=roc_auc val_metric=0.4844
Step  100 | loss 0.1404 | val_acc=0.9702 val_roc_auc=0.4995 val_loss=0.1441 val_metric_name=roc_auc val_metric=0.4995
Step  150 | loss 0.1365 | val_acc=0.9702 val_roc_auc=0.5368 val_loss=0.1485 val_metric_name=roc_auc val_metric=0.5368
Step  200 | loss 0.1354 | val_acc=0.9702 val_roc_auc=0.5964 val_loss=0.1487 val_metric_name=roc_auc val_metric=0.5964
Step  250 | loss 0.1336 | val_acc=0.9702 val_roc_auc=0.6239 val_loss=0.1474 val_metric_name=roc_auc val_metric=0.6239
Step  300 | loss 0.1327 | val_acc=0.9702 val_roc_auc=0.6368 val_loss=0.1457 val_metric_name=roc_auc val_metric=0.6368
Step  350 | loss 0.1309 | val_acc=0.9702 val_roc_auc=0.6480 val_loss=0.1441 val_metric_name=roc_auc val_metric=0.6480
Step  400 | loss 0.1305 | val_acc=0.9702 val_roc_auc=0.6582 val_loss=0.1428 val_metric_name=roc_auc val_metric=0.6582
Step  450 | loss 0.1299 | val_acc=0.9702 val_roc_auc=0.6673 val_loss=0.1416 val_metric_name=roc_auc val_metric=0.6673
Step  500 | loss 0.1286 | val_acc=0.9702 val_roc_auc=0.6754 val_loss=0.1405 val_metric_name=roc_auc val_metric=0.6754
Step  550 | loss 0.1272 | val_acc=0.9705 val_roc_auc=0.6830 val_loss=0.1395 val_metric_name=roc_auc val_metric=0.6830
Step  600 | loss 0.1264 | val_acc=0.9706 val_roc_auc=0.6900 val_loss=0.1385 val_metric_name=roc_auc val_metric=0.6900
Step  650 | loss 0.1260 | val_acc=0.9708 val_roc_auc=0.6965 val_loss=0.1376 val_metric_name=roc_auc val_metric=0.6965
Step  700 | loss 0.1253 | val_acc=0.9713 val_roc_auc=0.7024 val_loss=0.1367 val_metric_name=roc_auc val_metric=0.7024
Step  750 | loss 0.1243 | val_acc=0.9714 val_roc_auc=0.7080 val_loss=0.1358 val_metric_name=roc_auc val_metric=0.7080
Step  800 | loss 0.1241 | val_acc=0.9713 val_roc_auc=0.7128 val_loss=0.1350 val_metric_name=roc_auc val_metric=0.7128
Step  850 | loss 0.1229 | val_acc=0.9713 val_roc_auc=0.7174 val_loss=0.1342 val_metric_name=roc_auc val_metric=0.7174
Step  900 | loss 0.1221 | val_acc=0.9714 val_roc_auc=0.7219 val_loss=0.1334 val_metric_name=roc_auc val_metric=0.7219
Step  950 | loss 0.1203 | val_acc=0.9713 val_roc_auc=0.7259 val_loss=0.1326 val_metric_name=roc_auc val_metric=0.7259
Step 1000 | loss 0.1205 | val_acc=0.9713 val_roc_auc=0.7299 val_loss=0.1319 val_metric_name=roc_auc val_metric=0.7299
Step 1050 | loss 0.1201 | val_acc=0.9712 val_roc_auc=0.7334 val_loss=0.1312 val_metric_name=roc_auc val_metric=0.7334
Step 1100 | loss 0.1190 | val_acc=0.9713 val_roc_auc=0.7367 val_loss=0.1306 val_metric_name=roc_auc val_metric=0.7367
Step 1150 | loss 0.1183 | val_acc=0.9712 val_roc_auc=0.7396 val_loss=0.1301 val_metric_name=roc_auc val_metric=0.7396
Step 1200 | loss 0.1172 | val_acc=0.9712 val_roc_auc=0.7421 val_loss=0.1297 val_metric_name=roc_auc val_metric=0.7421
Step 1250 | loss 0.1167 | val_acc=0.9713 val_roc_auc=0.7444 val_loss=0.1292 val_metric_name=roc_auc val_metric=0.7444
Step 1300 | loss 0.1157 | val_acc=0.9714 val_roc_auc=0.7462 val_loss=0.1288 val_metric_name=roc_auc val_metric=0.7462
Step 1350 | loss 0.1159 | val_acc=0.9714 val_roc_auc=0.7479 val_loss=0.1285 val_metric_name=roc_auc val_metric=0.7479
Step 1400 | loss 0.1149 | val_acc=0.9715 val_roc_auc=0.7492 val_loss=0.1285 val_metric_name=roc_auc val_metric=0.7492
Step 1450 | loss 0.1140 | val_acc=0.9717 val_roc_auc=0.7502 val_loss=0.1281 val_metric_name=roc_auc val_metric=0.7502
Step 1500 | loss 0.1133 | val_acc=0.9718 val_roc_auc=0.7512 val_loss=0.1281 val_metric_name=roc_auc val_metric=0.7512
Step 1550 | loss 0.1126 | val_acc=0.9719 val_roc_auc=0.7521 val_loss=0.1280 val_metric_name=roc_auc val_metric=0.7521
Step 1600 | loss 0.1123 | val_acc=0.9716 val_roc_auc=0.7529 val_loss=0.1280 val_metric_name=roc_auc val_metric=0.7529
Step 1650 | loss 0.1120 | val_acc=0.9717 val_roc_auc=0.7536 val_loss=0.1278 val_metric_name=roc_auc val_metric=0.7536
Step 1700 | loss 0.1115 | val_acc=0.9717 val_roc_auc=0.7541 val_loss=0.1279 val_metric_name=roc_auc val_metric=0.7541
Step 1750 | loss 0.1107 | val_acc=0.9719 val_roc_auc=0.7548 val_loss=0.1277 val_metric_name=roc_auc val_metric=0.7548
Step 1800 | loss 0.1089 | val_acc=0.9718 val_roc_auc=0.7553 val_loss=0.1278 val_metric_name=roc_auc val_metric=0.7553
Step 1850 | loss 0.1089 | val_acc=0.9718 val_roc_auc=0.7560 val_loss=0.1277 val_metric_name=roc_auc val_metric=0.7560
Step 1900 | loss 0.1080 | val_acc=0.9717 val_roc_auc=0.7564 val_loss=0.1278 val_metric_name=roc_auc val_metric=0.7564
Step 1950 | loss 0.1082 | val_acc=0.9719 val_roc_auc=0.7572 val_loss=0.1277 val_metric_name=roc_auc val_metric=0.7572
Step 2000 | loss 0.1077 | val_acc=0.9719 val_roc_auc=0.7576 val_loss=0.1279 val_metric_name=roc_auc val_metric=0.7576
Step 2050 | loss 0.1065 | val_acc=0.9719 val_roc_auc=0.7582 val_loss=0.1282 val_metric_name=roc_auc val_metric=0.7582
Step 2100 | loss 0.1053 | val_acc=0.9719 val_roc_auc=0.7588 val_loss=0.1281 val_metric_name=roc_auc val_metric=0.7588
Step 2150 | loss 0.1062 | val_acc=0.9719 val_roc_auc=0.7593 val_loss=0.1281 val_metric_name=roc_auc val_metric=0.7593
Step 2200 | loss 0.1043 | val_acc=0.9720 val_roc_auc=0.7597 val_loss=0.1285 val_metric_name=roc_auc val_metric=0.7597
Step 2250 | loss 0.1036 | val_acc=0.9722 val_roc_auc=0.7604 val_loss=0.1287 val_metric_name=roc_auc val_metric=0.7604
Step 2300 | loss 0.1031 | val_acc=0.9723 val_roc_auc=0.7611 val_loss=0.1287 val_metric_name=roc_auc val_metric=0.7611
Step 2350 | loss 0.1021 | val_acc=0.9722 val_roc_auc=0.7615 val_loss=0.1290 val_metric_name=roc_auc val_metric=0.7615
Step 2400 | loss 0.1022 | val_acc=0.9720 val_roc_auc=0.7623 val_loss=0.1291 val_metric_name=roc_auc val_metric=0.7623
Step 2450 | loss 0.1009 | val_acc=0.9721 val_roc_auc=0.7628 val_loss=0.1296 val_metric_name=roc_auc val_metric=0.7628
Step 2500 | loss 0.1003 | val_acc=0.9722 val_roc_auc=0.7636 val_loss=0.1294 val_metric_name=roc_auc val_metric=0.7636
Step 2550 | loss 0.0997 | val_acc=0.9720 val_roc_auc=0.7642 val_loss=0.1298 val_metric_name=roc_auc val_metric=0.7642
Step 2600 | loss 0.0976 | val_acc=0.9718 val_roc_auc=0.7644 val_loss=0.1305 val_metric_name=roc_auc val_metric=0.7644
Step 2650 | loss 0.0965 | val_acc=0.9718 val_roc_auc=0.7652 val_loss=0.1303 val_metric_name=roc_auc val_metric=0.7652
Step 2700 | loss 0.0960 | val_acc=0.9715 val_roc_auc=0.7658 val_loss=0.1310 val_metric_name=roc_auc val_metric=0.7658
Step 2750 | loss 0.0951 | val_acc=0.9714 val_roc_auc=0.7660 val_loss=0.1315 val_metric_name=roc_auc val_metric=0.7660
Step 2800 | loss 0.0949 | val_acc=0.9711 val_roc_auc=0.7665 val_loss=0.1314 val_metric_name=roc_auc val_metric=0.7665
Step 2850 | loss 0.0934 | val_acc=0.9707 val_roc_auc=0.7671 val_loss=0.1320 val_metric_name=roc_auc val_metric=0.7671
Step 2900 | loss 0.0943 | val_acc=0.9709 val_roc_auc=0.7674 val_loss=0.1328 val_metric_name=roc_auc val_metric=0.7674
Step 2950 | loss 0.0917 | val_acc=0.9706 val_roc_auc=0.7679 val_loss=0.1333 val_metric_name=roc_auc val_metric=0.7679
Step 3000 | loss 0.0916 | val_acc=0.9706 val_roc_auc=0.7685 val_loss=0.1332 val_metric_name=roc_auc val_metric=0.7685
Step 3050 | loss 0.0884 | val_acc=0.9709 val_roc_auc=0.7684 val_loss=0.1343 val_metric_name=roc_auc val_metric=0.7684
Step 3100 | loss 0.0875 | val_acc=0.9707 val_roc_auc=0.7687 val_loss=0.1349 val_metric_name=roc_auc val_metric=0.7687
Step 3150 | loss 0.0869 | val_acc=0.9705 val_roc_auc=0.7689 val_loss=0.1353 val_metric_name=roc_auc val_metric=0.7689
Step 3200 | loss 0.0849 | val_acc=0.9703 val_roc_auc=0.7692 val_loss=0.1364 val_metric_name=roc_auc val_metric=0.7692
Step 3250 | loss 0.0848 | val_acc=0.9702 val_roc_auc=0.7689 val_loss=0.1364 val_metric_name=roc_auc val_metric=0.7689
Step 3300 | loss 0.0835 | val_acc=0.9700 val_roc_auc=0.7694 val_loss=0.1374 val_metric_name=roc_auc val_metric=0.7694
Step 3350 | loss 0.0811 | val_acc=0.9701 val_roc_auc=0.7693 val_loss=0.1381 val_metric_name=roc_auc val_metric=0.7693
Step 3400 | loss 0.0792 | val_acc=0.9697 val_roc_auc=0.7694 val_loss=0.1387 val_metric_name=roc_auc val_metric=0.7694
Step 3450 | loss 0.0781 | val_acc=0.9701 val_roc_auc=0.7691 val_loss=0.1400 val_metric_name=roc_auc val_metric=0.7691
Step 3500 | loss 0.0754 | val_acc=0.9697 val_roc_auc=0.7695 val_loss=0.1408 val_metric_name=roc_auc val_metric=0.7695
Step 3550 | loss 0.0743 | val_acc=0.9697 val_roc_auc=0.7692 val_loss=0.1417 val_metric_name=roc_auc val_metric=0.7692
Step 3600 | loss 0.0732 | val_acc=0.9693 val_roc_auc=0.7686 val_loss=0.1423 val_metric_name=roc_auc val_metric=0.7686
Step 3650 | loss 0.0697 | val_acc=0.9691 val_roc_auc=0.7683 val_loss=0.1439 val_metric_name=roc_auc val_metric=0.7683
Early stopping at step 3672

--- Final (best ckpt @ step 3370) ---
  train_acc=0.9809 train_roc_auc=0.9422 train_loss=0.0667 train_metric_name=roc_auc train_metric=0.9422
  val_acc=0.9701 val_roc_auc=0.7696 val_loss=0.1382 val_metric_name=roc_auc val_metric=0.7696
  test_acc=0.9706 test_roc_auc=0.7558 test_loss=0.1401 test_metric_name=roc_auc test_metric=0.7558
  test_roc_auc=0.7558

============================================================
Training questions GAT-sep 1L h=512 lr=3e-05 split=6
============================================================
Training for 5000 steps
Step    1 | loss 1.1300 | val_acc=0.1729 val_roc_auc=0.4286 val_loss=0.9401 val_metric_name=roc_auc val_metric=0.4286
Step   50 | loss 0.1365 | val_acc=0.9702 val_roc_auc=0.5744 val_loss=0.1586 val_metric_name=roc_auc val_metric=0.5744
Step  100 | loss 0.1296 | val_acc=0.9703 val_roc_auc=0.6181 val_loss=0.1392 val_metric_name=roc_auc val_metric=0.6181
Step  150 | loss 0.1268 | val_acc=0.9714 val_roc_auc=0.6521 val_loss=0.1363 val_metric_name=roc_auc val_metric=0.6521
Step  200 | loss 0.1244 | val_acc=0.9715 val_roc_auc=0.6825 val_loss=0.1339 val_metric_name=roc_auc val_metric=0.6825
Step  250 | loss 0.1225 | val_acc=0.9714 val_roc_auc=0.7083 val_loss=0.1318 val_metric_name=roc_auc val_metric=0.7083
Step  300 | loss 0.1203 | val_acc=0.9713 val_roc_auc=0.7275 val_loss=0.1297 val_metric_name=roc_auc val_metric=0.7275
Step  350 | loss 0.1185 | val_acc=0.9714 val_roc_auc=0.7399 val_loss=0.1275 val_metric_name=roc_auc val_metric=0.7399
Step  400 | loss 0.1162 | val_acc=0.9713 val_roc_auc=0.7474 val_loss=0.1262 val_metric_name=roc_auc val_metric=0.7474
Step  450 | loss 0.1134 | val_acc=0.9715 val_roc_auc=0.7507 val_loss=0.1260 val_metric_name=roc_auc val_metric=0.7507
Step  500 | loss 0.1117 | val_acc=0.9719 val_roc_auc=0.7521 val_loss=0.1258 val_metric_name=roc_auc val_metric=0.7521
Step  550 | loss 0.1101 | val_acc=0.9719 val_roc_auc=0.7531 val_loss=0.1262 val_metric_name=roc_auc val_metric=0.7531
Step  600 | loss 0.1085 | val_acc=0.9721 val_roc_auc=0.7537 val_loss=0.1265 val_metric_name=roc_auc val_metric=0.7537
Step  650 | loss 0.1073 | val_acc=0.9719 val_roc_auc=0.7539 val_loss=0.1269 val_metric_name=roc_auc val_metric=0.7539
Step  700 | loss 0.1044 | val_acc=0.9720 val_roc_auc=0.7542 val_loss=0.1277 val_metric_name=roc_auc val_metric=0.7542
Step  750 | loss 0.1032 | val_acc=0.9717 val_roc_auc=0.7549 val_loss=0.1288 val_metric_name=roc_auc val_metric=0.7549
Step  800 | loss 0.0998 | val_acc=0.9715 val_roc_auc=0.7555 val_loss=0.1293 val_metric_name=roc_auc val_metric=0.7555
Step  850 | loss 0.0983 | val_acc=0.9713 val_roc_auc=0.7565 val_loss=0.1307 val_metric_name=roc_auc val_metric=0.7565
Step  900 | loss 0.0949 | val_acc=0.9710 val_roc_auc=0.7575 val_loss=0.1322 val_metric_name=roc_auc val_metric=0.7575
Step  950 | loss 0.0932 | val_acc=0.9709 val_roc_auc=0.7574 val_loss=0.1333 val_metric_name=roc_auc val_metric=0.7574
Step 1000 | loss 0.0878 | val_acc=0.9697 val_roc_auc=0.7571 val_loss=0.1356 val_metric_name=roc_auc val_metric=0.7571
Step 1050 | loss 0.0859 | val_acc=0.9687 val_roc_auc=0.7576 val_loss=0.1385 val_metric_name=roc_auc val_metric=0.7576
Step 1100 | loss 0.0814 | val_acc=0.9679 val_roc_auc=0.7565 val_loss=0.1408 val_metric_name=roc_auc val_metric=0.7565
Step 1150 | loss 0.0789 | val_acc=0.9671 val_roc_auc=0.7544 val_loss=0.1444 val_metric_name=roc_auc val_metric=0.7544
Step 1200 | loss 0.0732 | val_acc=0.9659 val_roc_auc=0.7531 val_loss=0.1494 val_metric_name=roc_auc val_metric=0.7531
Early stopping at step 1234

--- Final (best ckpt @ step 930) ---
  train_acc=0.9754 train_roc_auc=0.9074 train_loss=0.0870 train_metric_name=roc_auc train_metric=0.9074
  val_acc=0.9709 val_roc_auc=0.7576 val_loss=0.1332 val_metric_name=roc_auc val_metric=0.7576
  test_acc=0.9706 test_roc_auc=0.7506 test_loss=0.1336 test_metric_name=roc_auc test_metric=0.7506
  test_roc_auc=0.7506

============================================================
Training questions GAT-sep 1L h=512 lr=6e-05 split=6
============================================================
Training for 5000 steps
Step    1 | loss 1.1300 | val_acc=0.7029 val_roc_auc=0.4316 val_loss=0.6191 val_metric_name=roc_auc val_metric=0.4316
Step   50 | loss 0.1307 | val_acc=0.9702 val_roc_auc=0.6112 val_loss=0.1318 val_metric_name=roc_auc val_metric=0.6112
Step  100 | loss 0.1267 | val_acc=0.9715 val_roc_auc=0.6533 val_loss=0.1335 val_metric_name=roc_auc val_metric=0.6533
Step  150 | loss 0.1235 | val_acc=0.9714 val_roc_auc=0.6925 val_loss=0.1311 val_metric_name=roc_auc val_metric=0.6925
Step  200 | loss 0.1200 | val_acc=0.9713 val_roc_auc=0.7260 val_loss=0.1279 val_metric_name=roc_auc val_metric=0.7260
Step  250 | loss 0.1156 | val_acc=0.9713 val_roc_auc=0.7436 val_loss=0.1253 val_metric_name=roc_auc val_metric=0.7436
Step  300 | loss 0.1116 | val_acc=0.9719 val_roc_auc=0.7498 val_loss=0.1249 val_metric_name=roc_auc val_metric=0.7498
Step  350 | loss 0.1094 | val_acc=0.9720 val_roc_auc=0.7517 val_loss=0.1263 val_metric_name=roc_auc val_metric=0.7517
Step  400 | loss 0.1063 | val_acc=0.9719 val_roc_auc=0.7524 val_loss=0.1269 val_metric_name=roc_auc val_metric=0.7524
Step  450 | loss 0.1020 | val_acc=0.9718 val_roc_auc=0.7533 val_loss=0.1287 val_metric_name=roc_auc val_metric=0.7533
Step  500 | loss 0.0985 | val_acc=0.9713 val_roc_auc=0.7544 val_loss=0.1307 val_metric_name=roc_auc val_metric=0.7544
Step  550 | loss 0.0941 | val_acc=0.9712 val_roc_auc=0.7551 val_loss=0.1342 val_metric_name=roc_auc val_metric=0.7551
Step  600 | loss 0.0876 | val_acc=0.9702 val_roc_auc=0.7545 val_loss=0.1375 val_metric_name=roc_auc val_metric=0.7545
Step  650 | loss 0.0814 | val_acc=0.9693 val_roc_auc=0.7544 val_loss=0.1435 val_metric_name=roc_auc val_metric=0.7544
Step  700 | loss 0.0741 | val_acc=0.9678 val_roc_auc=0.7524 val_loss=0.1496 val_metric_name=roc_auc val_metric=0.7524
Step  750 | loss 0.0635 | val_acc=0.9657 val_roc_auc=0.7457 val_loss=0.1577 val_metric_name=roc_auc val_metric=0.7457
Step  800 | loss 0.0543 | val_acc=0.9666 val_roc_auc=0.7405 val_loss=0.1692 val_metric_name=roc_auc val_metric=0.7405
Step  850 | loss 0.0456 | val_acc=0.9659 val_roc_auc=0.7324 val_loss=0.1798 val_metric_name=roc_auc val_metric=0.7324
Step  900 | loss 0.0360 | val_acc=0.9661 val_roc_auc=0.7254 val_loss=0.1924 val_metric_name=roc_auc val_metric=0.7254
Early stopping at step 912

--- Final (best ckpt @ step 610) ---
  train_acc=0.9781 train_roc_auc=0.9299 train_loss=0.0760 train_metric_name=roc_auc train_metric=0.9299
  val_acc=0.9694 val_roc_auc=0.7571 val_loss=0.1384 val_metric_name=roc_auc val_metric=0.7571
  test_acc=0.9697 test_roc_auc=0.7457 test_loss=0.1405 test_metric_name=roc_auc test_metric=0.7457
  test_roc_auc=0.7457

============================================================
Training questions GAT-sep 1L h=512 lr=0.0001 split=6
============================================================
Training for 5000 steps
Step    1 | loss 1.1300 | val_acc=0.9699 val_roc_auc=0.4368 val_loss=0.3461 val_metric_name=roc_auc val_metric=0.4368
Step   50 | loss 0.1281 | val_acc=0.9713 val_roc_auc=0.6275 val_loss=0.1374 val_metric_name=roc_auc val_metric=0.6275
Step  100 | loss 0.1250 | val_acc=0.9713 val_roc_auc=0.6779 val_loss=0.1304 val_metric_name=roc_auc val_metric=0.6779
Step  150 | loss 0.1204 | val_acc=0.9715 val_roc_auc=0.7215 val_loss=0.1273 val_metric_name=roc_auc val_metric=0.7215
Step  200 | loss 0.1144 | val_acc=0.9714 val_roc_auc=0.7449 val_loss=0.1243 val_metric_name=roc_auc val_metric=0.7449
Step  250 | loss 0.1098 | val_acc=0.9720 val_roc_auc=0.7509 val_loss=0.1249 val_metric_name=roc_auc val_metric=0.7509
Step  300 | loss 0.1043 | val_acc=0.9720 val_roc_auc=0.7525 val_loss=0.1265 val_metric_name=roc_auc val_metric=0.7525
Step  350 | loss 0.0998 | val_acc=0.9716 val_roc_auc=0.7538 val_loss=0.1291 val_metric_name=roc_auc val_metric=0.7538
Step  400 | loss 0.0932 | val_acc=0.9713 val_roc_auc=0.7537 val_loss=0.1349 val_metric_name=roc_auc val_metric=0.7537
Step  450 | loss 0.0834 | val_acc=0.9698 val_roc_auc=0.7477 val_loss=0.1422 val_metric_name=roc_auc val_metric=0.7477
Step  500 | loss 0.0731 | val_acc=0.9686 val_roc_auc=0.7467 val_loss=0.1514 val_metric_name=roc_auc val_metric=0.7467
Step  550 | loss 0.0588 | val_acc=0.9657 val_roc_auc=0.7380 val_loss=0.1675 val_metric_name=roc_auc val_metric=0.7380
Step  600 | loss 0.0444 | val_acc=0.9652 val_roc_auc=0.7268 val_loss=0.1832 val_metric_name=roc_auc val_metric=0.7268
Step  650 | loss 0.0323 | val_acc=0.9669 val_roc_auc=0.7239 val_loss=0.2015 val_metric_name=roc_auc val_metric=0.7239
Step  700 | loss 0.0233 | val_acc=0.9658 val_roc_auc=0.7133 val_loss=0.2177 val_metric_name=roc_auc val_metric=0.7133
Early stopping at step 704

--- Final (best ckpt @ step 360) ---
  train_acc=0.9740 train_roc_auc=0.8844 train_loss=0.0961 train_metric_name=roc_auc train_metric=0.8844
  val_acc=0.9712 val_roc_auc=0.7539 val_loss=0.1299 val_metric_name=roc_auc val_metric=0.7539
  test_acc=0.9711 test_roc_auc=0.7481 test_loss=0.1300 test_metric_name=roc_auc test_metric=0.7481
  test_roc_auc=0.7481

============================================================
Training questions GAT-sep 1L h=512 lr=1e-05 split=6
============================================================
Training for 5000 steps
Step    1 | loss 1.1300 | val_acc=0.0514 val_roc_auc=0.4285 val_loss=1.2078 val_metric_name=roc_auc val_metric=0.4285
Step   50 | loss 0.1412 | val_acc=0.9702 val_roc_auc=0.4399 val_loss=0.1511 val_metric_name=roc_auc val_metric=0.4399
Step  100 | loss 0.1366 | val_acc=0.9702 val_roc_auc=0.4892 val_loss=0.1532 val_metric_name=roc_auc val_metric=0.4892
Step  150 | loss 0.1339 | val_acc=0.9702 val_roc_auc=0.5792 val_loss=0.1490 val_metric_name=roc_auc val_metric=0.5792
Step  200 | loss 0.1314 | val_acc=0.9702 val_roc_auc=0.6014 val_loss=0.1460 val_metric_name=roc_auc val_metric=0.6014
Step  250 | loss 0.1297 | val_acc=0.9702 val_roc_auc=0.6184 val_loss=0.1437 val_metric_name=roc_auc val_metric=0.6184
Step  300 | loss 0.1285 | val_acc=0.9712 val_roc_auc=0.6344 val_loss=0.1418 val_metric_name=roc_auc val_metric=0.6344
Step  350 | loss 0.1282 | val_acc=0.9713 val_roc_auc=0.6500 val_loss=0.1401 val_metric_name=roc_auc val_metric=0.6500
Step  400 | loss 0.1271 | val_acc=0.9714 val_roc_auc=0.6645 val_loss=0.1386 val_metric_name=roc_auc val_metric=0.6645
Step  450 | loss 0.1256 | val_acc=0.9714 val_roc_auc=0.6780 val_loss=0.1371 val_metric_name=roc_auc val_metric=0.6780
Step  500 | loss 0.1247 | val_acc=0.9714 val_roc_auc=0.6902 val_loss=0.1359 val_metric_name=roc_auc val_metric=0.6902
Step  550 | loss 0.1238 | val_acc=0.9715 val_roc_auc=0.7011 val_loss=0.1348 val_metric_name=roc_auc val_metric=0.7011
Step  600 | loss 0.1228 | val_acc=0.9715 val_roc_auc=0.7107 val_loss=0.1337 val_metric_name=roc_auc val_metric=0.7107
Step  650 | loss 0.1226 | val_acc=0.9714 val_roc_auc=0.7190 val_loss=0.1327 val_metric_name=roc_auc val_metric=0.7190
Step  700 | loss 0.1204 | val_acc=0.9714 val_roc_auc=0.7259 val_loss=0.1317 val_metric_name=roc_auc val_metric=0.7259
Step  750 | loss 0.1208 | val_acc=0.9714 val_roc_auc=0.7318 val_loss=0.1309 val_metric_name=roc_auc val_metric=0.7318
Step  800 | loss 0.1190 | val_acc=0.9713 val_roc_auc=0.7367 val_loss=0.1300 val_metric_name=roc_auc val_metric=0.7367
Step  850 | loss 0.1181 | val_acc=0.9712 val_roc_auc=0.7407 val_loss=0.1291 val_metric_name=roc_auc val_metric=0.7407
Step  900 | loss 0.1178 | val_acc=0.9713 val_roc_auc=0.7441 val_loss=0.1284 val_metric_name=roc_auc val_metric=0.7441
Step  950 | loss 0.1168 | val_acc=0.9713 val_roc_auc=0.7468 val_loss=0.1279 val_metric_name=roc_auc val_metric=0.7468
Step 1000 | loss 0.1142 | val_acc=0.9714 val_roc_auc=0.7488 val_loss=0.1274 val_metric_name=roc_auc val_metric=0.7488
Step 1050 | loss 0.1142 | val_acc=0.9715 val_roc_auc=0.7504 val_loss=0.1273 val_metric_name=roc_auc val_metric=0.7504
Step 1100 | loss 0.1129 | val_acc=0.9717 val_roc_auc=0.7515 val_loss=0.1271 val_metric_name=roc_auc val_metric=0.7515
Step 1150 | loss 0.1136 | val_acc=0.9717 val_roc_auc=0.7524 val_loss=0.1269 val_metric_name=roc_auc val_metric=0.7524
Step 1200 | loss 0.1129 | val_acc=0.9717 val_roc_auc=0.7529 val_loss=0.1270 val_metric_name=roc_auc val_metric=0.7529
Step 1250 | loss 0.1121 | val_acc=0.9716 val_roc_auc=0.7533 val_loss=0.1269 val_metric_name=roc_auc val_metric=0.7533
Step 1300 | loss 0.1110 | val_acc=0.9718 val_roc_auc=0.7538 val_loss=0.1271 val_metric_name=roc_auc val_metric=0.7538
Step 1350 | loss 0.1106 | val_acc=0.9719 val_roc_auc=0.7540 val_loss=0.1270 val_metric_name=roc_auc val_metric=0.7540
Step 1400 | loss 0.1090 | val_acc=0.9721 val_roc_auc=0.7544 val_loss=0.1270 val_metric_name=roc_auc val_metric=0.7544
Step 1450 | loss 0.1091 | val_acc=0.9720 val_roc_auc=0.7546 val_loss=0.1272 val_metric_name=roc_auc val_metric=0.7546
Step 1500 | loss 0.1089 | val_acc=0.9720 val_roc_auc=0.7550 val_loss=0.1270 val_metric_name=roc_auc val_metric=0.7550
Step 1550 | loss 0.1076 | val_acc=0.9720 val_roc_auc=0.7552 val_loss=0.1274 val_metric_name=roc_auc val_metric=0.7552
Step 1600 | loss 0.1069 | val_acc=0.9721 val_roc_auc=0.7553 val_loss=0.1276 val_metric_name=roc_auc val_metric=0.7553
Step 1650 | loss 0.1076 | val_acc=0.9720 val_roc_auc=0.7558 val_loss=0.1278 val_metric_name=roc_auc val_metric=0.7558
Step 1700 | loss 0.1050 | val_acc=0.9721 val_roc_auc=0.7562 val_loss=0.1278 val_metric_name=roc_auc val_metric=0.7562
Step 1750 | loss 0.1047 | val_acc=0.9718 val_roc_auc=0.7561 val_loss=0.1280 val_metric_name=roc_auc val_metric=0.7561
Step 1800 | loss 0.1034 | val_acc=0.9718 val_roc_auc=0.7565 val_loss=0.1282 val_metric_name=roc_auc val_metric=0.7565
Step 1850 | loss 0.1034 | val_acc=0.9717 val_roc_auc=0.7566 val_loss=0.1288 val_metric_name=roc_auc val_metric=0.7566
Step 1900 | loss 0.1021 | val_acc=0.9717 val_roc_auc=0.7571 val_loss=0.1288 val_metric_name=roc_auc val_metric=0.7571
Step 1950 | loss 0.1014 | val_acc=0.9717 val_roc_auc=0.7572 val_loss=0.1291 val_metric_name=roc_auc val_metric=0.7572
Step 2000 | loss 0.1003 | val_acc=0.9715 val_roc_auc=0.7575 val_loss=0.1298 val_metric_name=roc_auc val_metric=0.7575
Step 2050 | loss 0.0997 | val_acc=0.9715 val_roc_auc=0.7577 val_loss=0.1302 val_metric_name=roc_auc val_metric=0.7577
Step 2100 | loss 0.0997 | val_acc=0.9715 val_roc_auc=0.7577 val_loss=0.1303 val_metric_name=roc_auc val_metric=0.7577
Step 2150 | loss 0.0975 | val_acc=0.9713 val_roc_auc=0.7582 val_loss=0.1304 val_metric_name=roc_auc val_metric=0.7582
Step 2200 | loss 0.0964 | val_acc=0.9711 val_roc_auc=0.7586 val_loss=0.1318 val_metric_name=roc_auc val_metric=0.7586
Step 2250 | loss 0.0956 | val_acc=0.9707 val_roc_auc=0.7586 val_loss=0.1320 val_metric_name=roc_auc val_metric=0.7586
Step 2300 | loss 0.0944 | val_acc=0.9706 val_roc_auc=0.7588 val_loss=0.1325 val_metric_name=roc_auc val_metric=0.7588
Step 2350 | loss 0.0932 | val_acc=0.9704 val_roc_auc=0.7592 val_loss=0.1330 val_metric_name=roc_auc val_metric=0.7592
Step 2400 | loss 0.0916 | val_acc=0.9701 val_roc_auc=0.7589 val_loss=0.1344 val_metric_name=roc_auc val_metric=0.7589
Step 2450 | loss 0.0904 | val_acc=0.9694 val_roc_auc=0.7587 val_loss=0.1347 val_metric_name=roc_auc val_metric=0.7587
Step 2500 | loss 0.0911 | val_acc=0.9690 val_roc_auc=0.7591 val_loss=0.1356 val_metric_name=roc_auc val_metric=0.7591
Step 2550 | loss 0.0873 | val_acc=0.9687 val_roc_auc=0.7589 val_loss=0.1370 val_metric_name=roc_auc val_metric=0.7589
Step 2600 | loss 0.0877 | val_acc=0.9688 val_roc_auc=0.7588 val_loss=0.1378 val_metric_name=roc_auc val_metric=0.7588
Step 2650 | loss 0.0839 | val_acc=0.9685 val_roc_auc=0.7588 val_loss=0.1388 val_metric_name=roc_auc val_metric=0.7588
Step 2700 | loss 0.0820 | val_acc=0.9680 val_roc_auc=0.7588 val_loss=0.1399 val_metric_name=roc_auc val_metric=0.7588
Step 2750 | loss 0.0803 | val_acc=0.9675 val_roc_auc=0.7581 val_loss=0.1409 val_metric_name=roc_auc val_metric=0.7581
Step 2800 | loss 0.0792 | val_acc=0.9668 val_roc_auc=0.7581 val_loss=0.1425 val_metric_name=roc_auc val_metric=0.7581
Early stopping at step 2820

--- Final (best ckpt @ step 2520) ---
  train_acc=0.9771 train_roc_auc=0.9254 train_loss=0.0777 train_metric_name=roc_auc train_metric=0.9254
  val_acc=0.9688 val_roc_auc=0.7596 val_loss=0.1361 val_metric_name=roc_auc val_metric=0.7596
  test_acc=0.9697 test_roc_auc=0.7484 test_loss=0.1369 test_metric_name=roc_auc test_metric=0.7484
  test_roc_auc=0.7484
  >> num_layers=1 hidden_dim=256 lr=3e-05 best_step=1880 val_roc_auc=0.7728 test_roc_auc=0.7565
     val_acc=0.9706 val_loss=0.1368 val_metric=0.7728 val_metric_name=roc_auc val_roc_auc=0.7728
     test_acc=0.9709 test_loss=0.1392 test_metric=0.7565 test_metric_name=roc_auc test_roc_auc=0.7565
  >> num_layers=1 hidden_dim=256 lr=6e-05 best_step=1030 val_roc_auc=0.7731 test_roc_auc=0.7588
     val_acc=0.9711 val_loss=0.1358 val_metric=0.7731 val_metric_name=roc_auc val_roc_auc=0.7731
     test_acc=0.9703 test_loss=0.1376 test_metric=0.7588 test_metric_name=roc_auc test_roc_auc=0.7588
  >> num_layers=1 hidden_dim=256 lr=0.0001 best_step=700 val_roc_auc=0.7715 test_roc_auc=0.7618
     val_acc=0.9708 val_loss=0.1380 val_metric=0.7715 val_metric_name=roc_auc val_roc_auc=0.7715
     test_acc=0.9706 test_loss=0.1386 test_metric=0.7618 test_metric_name=roc_auc test_roc_auc=0.7618
  >> num_layers=1 hidden_dim=256 lr=1e-05 best_step=4500 val_roc_auc=0.7735 test_roc_auc=0.7546
     val_acc=0.9711 val_loss=0.1372 val_metric=0.7735 val_metric_name=roc_auc val_roc_auc=0.7735
     test_acc=0.9709 test_loss=0.1399 test_metric=0.7546 test_metric_name=roc_auc test_roc_auc=0.7546
  >> num_layers=1 hidden_dim=384 lr=3e-05 best_step=1260 val_roc_auc=0.7684 test_roc_auc=0.7584
     val_acc=0.9708 val_loss=0.1355 val_metric=0.7684 val_metric_name=roc_auc val_roc_auc=0.7684
     test_acc=0.9706 test_loss=0.1370 test_metric=0.7584 test_metric_name=roc_auc test_roc_auc=0.7584
  >> num_layers=1 hidden_dim=384 lr=6e-05 best_step=670 val_roc_auc=0.7661 test_roc_auc=0.7577
     val_acc=0.9711 val_loss=0.1340 val_metric=0.7661 val_metric_name=roc_auc val_roc_auc=0.7661
     test_acc=0.9719 test_loss=0.1352 test_metric=0.7577 test_metric_name=roc_auc test_roc_auc=0.7577
  >> num_layers=1 hidden_dim=384 lr=0.0001 best_step=460 val_roc_auc=0.7635 test_roc_auc=0.7555
     val_acc=0.9712 val_loss=0.1336 val_metric=0.7635 val_metric_name=roc_auc val_roc_auc=0.7635
     test_acc=0.9722 test_loss=0.1343 test_metric=0.7555 test_metric_name=roc_auc test_roc_auc=0.7555
  >> num_layers=1 hidden_dim=384 lr=1e-05 best_step=3370 val_roc_auc=0.7696 test_roc_auc=0.7558
     val_acc=0.9701 val_loss=0.1382 val_metric=0.7696 val_metric_name=roc_auc val_roc_auc=0.7696
     test_acc=0.9706 test_loss=0.1401 test_metric=0.7558 test_metric_name=roc_auc test_roc_auc=0.7558
  >> num_layers=1 hidden_dim=512 lr=3e-05 best_step=930 val_roc_auc=0.7576 test_roc_auc=0.7506
     val_acc=0.9709 val_loss=0.1332 val_metric=0.7576 val_metric_name=roc_auc val_roc_auc=0.7576
     test_acc=0.9706 test_loss=0.1336 test_metric=0.7506 test_metric_name=roc_auc test_roc_auc=0.7506
  >> num_layers=1 hidden_dim=512 lr=6e-05 best_step=610 val_roc_auc=0.7571 test_roc_auc=0.7457
     val_acc=0.9694 val_loss=0.1384 val_metric=0.7571 val_metric_name=roc_auc val_roc_auc=0.7571
     test_acc=0.9697 test_loss=0.1405 test_metric=0.7457 test_metric_name=roc_auc test_roc_auc=0.7457
  >> num_layers=1 hidden_dim=512 lr=0.0001 best_step=360 val_roc_auc=0.7539 test_roc_auc=0.7481
     val_acc=0.9712 val_loss=0.1299 val_metric=0.7539 val_metric_name=roc_auc val_roc_auc=0.7539
     test_acc=0.9711 test_loss=0.1300 test_metric=0.7481 test_metric_name=roc_auc test_roc_auc=0.7481
  >> num_layers=1 hidden_dim=512 lr=1e-05 best_step=2520 val_roc_auc=0.7596 test_roc_auc=0.7484
     val_acc=0.9688 val_loss=0.1361 val_metric=0.7596 val_metric_name=roc_auc val_roc_auc=0.7596
     test_acc=0.9697 test_loss=0.1369 test_metric=0.7484 test_metric_name=roc_auc test_roc_auc=0.7484
  >> selected best (by val): num_layers=1 hidden_dim=256 lr=1e-05 val_roc_auc=0.7735 test_roc_auc=0.7546
     val_acc=0.9711 val_loss=0.1372 val_metric=0.7735 val_metric_name=roc_auc val_roc_auc=0.7735
     test_acc=0.9709 test_loss=0.1399 test_metric=0.7546 test_metric_name=roc_auc test_roc_auc=0.7546

Done. Results saved to /home/avshmelev/diploma_yandex_graphs/results_grid/questions/base.csv, checkpoints in /home/avshmelev/diploma_yandex_graphs/all_checkpoints/questions/base/
Skipping: "Done." found in /home/avshmelev/diploma_yandex_graphs/results_grid/questions/logs_base/GAT-sep_1L_split6.log
Skipping: "Done." found in /home/avshmelev/diploma_yandex_graphs/results_grid/questions/logs_base/GAT-sep_1L_split6.log
Skipping: "Done." found in /home/avshmelev/diploma_yandex_graphs/results_grid/questions/logs_base/GAT-sep_1L_split6.log
Skipping: "Done." found in /home/avshmelev/diploma_yandex_graphs/results_grid/questions/logs_base/GAT-sep_1L_split6.log
