Loading data...

============================================================
Training questions GAT-sep 4L h=256 lr=3e-05 split=0
============================================================
Training for 5000 steps
Step    1 | loss 0.6817 | val_acc=0.9673 val_roc_auc=0.5293 val_loss=0.4165 val_metric_name=roc_auc val_metric=0.5293
Step   50 | loss 0.1362 | val_acc=0.9702 val_roc_auc=0.6031 val_loss=0.1554 val_metric_name=roc_auc val_metric=0.6031
Step  100 | loss 0.1335 | val_acc=0.9702 val_roc_auc=0.6465 val_loss=0.1429 val_metric_name=roc_auc val_metric=0.6465
Step  150 | loss 0.1309 | val_acc=0.9702 val_roc_auc=0.6702 val_loss=0.1356 val_metric_name=roc_auc val_metric=0.6702
Step  200 | loss 0.1268 | val_acc=0.9713 val_roc_auc=0.6906 val_loss=0.1300 val_metric_name=roc_auc val_metric=0.6906
Step  250 | loss 0.1242 | val_acc=0.9718 val_roc_auc=0.7086 val_loss=0.1259 val_metric_name=roc_auc val_metric=0.7086
Step  300 | loss 0.1221 | val_acc=0.9717 val_roc_auc=0.7212 val_loss=0.1229 val_metric_name=roc_auc val_metric=0.7212
Step  350 | loss 0.1196 | val_acc=0.9718 val_roc_auc=0.7301 val_loss=0.1209 val_metric_name=roc_auc val_metric=0.7301
Step  400 | loss 0.1165 | val_acc=0.9716 val_roc_auc=0.7393 val_loss=0.1197 val_metric_name=roc_auc val_metric=0.7393
Step  450 | loss 0.1151 | val_acc=0.9720 val_roc_auc=0.7476 val_loss=0.1193 val_metric_name=roc_auc val_metric=0.7476
Step  500 | loss 0.1112 | val_acc=0.9719 val_roc_auc=0.7543 val_loss=0.1195 val_metric_name=roc_auc val_metric=0.7543
Step  550 | loss 0.1110 | val_acc=0.9718 val_roc_auc=0.7593 val_loss=0.1203 val_metric_name=roc_auc val_metric=0.7593
Step  600 | loss 0.1085 | val_acc=0.9708 val_roc_auc=0.7635 val_loss=0.1219 val_metric_name=roc_auc val_metric=0.7635
Step  650 | loss 0.1074 | val_acc=0.9702 val_roc_auc=0.7671 val_loss=0.1230 val_metric_name=roc_auc val_metric=0.7671
Step  700 | loss 0.1035 | val_acc=0.9679 val_roc_auc=0.7705 val_loss=0.1259 val_metric_name=roc_auc val_metric=0.7705
Step  750 | loss 0.1034 | val_acc=0.9649 val_roc_auc=0.7739 val_loss=0.1309 val_metric_name=roc_auc val_metric=0.7739
Step  800 | loss 0.1005 | val_acc=0.9633 val_roc_auc=0.7763 val_loss=0.1351 val_metric_name=roc_auc val_metric=0.7763
Step  850 | loss 0.0994 | val_acc=0.9631 val_roc_auc=0.7779 val_loss=0.1348 val_metric_name=roc_auc val_metric=0.7779
Step  900 | loss 0.0957 | val_acc=0.9594 val_roc_auc=0.7791 val_loss=0.1443 val_metric_name=roc_auc val_metric=0.7791
Step  950 | loss 0.0935 | val_acc=0.9584 val_roc_auc=0.7788 val_loss=0.1459 val_metric_name=roc_auc val_metric=0.7788
Step 1000 | loss 0.0923 | val_acc=0.9577 val_roc_auc=0.7782 val_loss=0.1469 val_metric_name=roc_auc val_metric=0.7782
Step 1050 | loss 0.0893 | val_acc=0.9567 val_roc_auc=0.7777 val_loss=0.1505 val_metric_name=roc_auc val_metric=0.7777
Step 1100 | loss 0.0863 | val_acc=0.9543 val_roc_auc=0.7758 val_loss=0.1552 val_metric_name=roc_auc val_metric=0.7758
Step 1150 | loss 0.0848 | val_acc=0.9501 val_roc_auc=0.7741 val_loss=0.1636 val_metric_name=roc_auc val_metric=0.7741
Step 1200 | loss 0.0815 | val_acc=0.9550 val_roc_auc=0.7723 val_loss=0.1582 val_metric_name=roc_auc val_metric=0.7723
Early stopping at step 1209

--- Final (best ckpt @ step 900) ---
  train_acc=0.9702 train_roc_auc=0.8867 train_loss=0.1054 train_metric_name=roc_auc train_metric=0.8867
  val_acc=0.9594 val_roc_auc=0.7791 val_loss=0.1443 val_metric_name=roc_auc val_metric=0.7791
  test_acc=0.9567 test_roc_auc=0.7767 test_loss=0.1506 test_metric_name=roc_auc test_metric=0.7767
  test_roc_auc=0.7767

============================================================
Training questions GAT-sep 4L h=256 lr=6e-05 split=0
============================================================
Training for 5000 steps
Step    1 | loss 0.6817 | val_acc=0.9702 val_roc_auc=0.5149 val_loss=0.2611 val_metric_name=roc_auc val_metric=0.5149
Step   50 | loss 0.1331 | val_acc=0.9702 val_roc_auc=0.6515 val_loss=0.1395 val_metric_name=roc_auc val_metric=0.6515
Step  100 | loss 0.1283 | val_acc=0.9702 val_roc_auc=0.6788 val_loss=0.1300 val_metric_name=roc_auc val_metric=0.6788
Step  150 | loss 0.1239 | val_acc=0.9716 val_roc_auc=0.7098 val_loss=0.1247 val_metric_name=roc_auc val_metric=0.7098
Step  200 | loss 0.1180 | val_acc=0.9718 val_roc_auc=0.7281 val_loss=0.1212 val_metric_name=roc_auc val_metric=0.7281
Step  250 | loss 0.1147 | val_acc=0.9720 val_roc_auc=0.7444 val_loss=0.1198 val_metric_name=roc_auc val_metric=0.7444
Step  300 | loss 0.1112 | val_acc=0.9720 val_roc_auc=0.7562 val_loss=0.1194 val_metric_name=roc_auc val_metric=0.7562
Step  350 | loss 0.1082 | val_acc=0.9706 val_roc_auc=0.7634 val_loss=0.1216 val_metric_name=roc_auc val_metric=0.7634
Step  400 | loss 0.1037 | val_acc=0.9679 val_roc_auc=0.7695 val_loss=0.1257 val_metric_name=roc_auc val_metric=0.7695
Step  450 | loss 0.1012 | val_acc=0.9646 val_roc_auc=0.7747 val_loss=0.1324 val_metric_name=roc_auc val_metric=0.7747
Step  500 | loss 0.0975 | val_acc=0.9608 val_roc_auc=0.7771 val_loss=0.1395 val_metric_name=roc_auc val_metric=0.7771
Step  550 | loss 0.0936 | val_acc=0.9576 val_roc_auc=0.7778 val_loss=0.1474 val_metric_name=roc_auc val_metric=0.7778
Step  600 | loss 0.0899 | val_acc=0.9527 val_roc_auc=0.7748 val_loss=0.1581 val_metric_name=roc_auc val_metric=0.7748
Step  650 | loss 0.0861 | val_acc=0.9583 val_roc_auc=0.7704 val_loss=0.1508 val_metric_name=roc_auc val_metric=0.7704
Step  700 | loss 0.0779 | val_acc=0.9542 val_roc_auc=0.7649 val_loss=0.1637 val_metric_name=roc_auc val_metric=0.7649
Step  750 | loss 0.0731 | val_acc=0.9544 val_roc_auc=0.7562 val_loss=0.1688 val_metric_name=roc_auc val_metric=0.7562
Step  800 | loss 0.0662 | val_acc=0.9585 val_roc_auc=0.7449 val_loss=0.1680 val_metric_name=roc_auc val_metric=0.7449
Early stopping at step 840

--- Final (best ckpt @ step 540) ---
  train_acc=0.9711 train_roc_auc=0.8955 train_loss=0.1014 train_metric_name=roc_auc train_metric=0.8955
  val_acc=0.9580 val_roc_auc=0.7783 val_loss=0.1460 val_metric_name=roc_auc val_metric=0.7783
  test_acc=0.9565 test_roc_auc=0.7753 test_loss=0.1523 test_metric_name=roc_auc test_metric=0.7753
  test_roc_auc=0.7753

============================================================
Training questions GAT-sep 4L h=256 lr=0.0001 split=0
============================================================
Training for 5000 steps
Step    1 | loss 0.6817 | val_acc=0.9702 val_roc_auc=0.4965 val_loss=0.1681 val_metric_name=roc_auc val_metric=0.4965
Step   50 | loss 0.1313 | val_acc=0.9702 val_roc_auc=0.6654 val_loss=0.1324 val_metric_name=roc_auc val_metric=0.6654
Step  100 | loss 0.1243 | val_acc=0.9716 val_roc_auc=0.7000 val_loss=0.1255 val_metric_name=roc_auc val_metric=0.7000
Step  150 | loss 0.1180 | val_acc=0.9715 val_roc_auc=0.7277 val_loss=0.1208 val_metric_name=roc_auc val_metric=0.7277
Step  200 | loss 0.1109 | val_acc=0.9717 val_roc_auc=0.7514 val_loss=0.1193 val_metric_name=roc_auc val_metric=0.7514
Step  250 | loss 0.1070 | val_acc=0.9704 val_roc_auc=0.7622 val_loss=0.1214 val_metric_name=roc_auc val_metric=0.7622
Step  300 | loss 0.1025 | val_acc=0.9652 val_roc_auc=0.7714 val_loss=0.1296 val_metric_name=roc_auc val_metric=0.7714
Step  350 | loss 0.0969 | val_acc=0.9603 val_roc_auc=0.7763 val_loss=0.1425 val_metric_name=roc_auc val_metric=0.7763
Step  400 | loss 0.0912 | val_acc=0.9636 val_roc_auc=0.7747 val_loss=0.1358 val_metric_name=roc_auc val_metric=0.7747
Step  450 | loss 0.0836 | val_acc=0.9595 val_roc_auc=0.7696 val_loss=0.1482 val_metric_name=roc_auc val_metric=0.7696
Step  500 | loss 0.0770 | val_acc=0.9536 val_roc_auc=0.7611 val_loss=0.1653 val_metric_name=roc_auc val_metric=0.7611
Step  550 | loss 0.0668 | val_acc=0.9480 val_roc_auc=0.7460 val_loss=0.1863 val_metric_name=roc_auc val_metric=0.7460
Step  600 | loss 0.0555 | val_acc=0.9434 val_roc_auc=0.7271 val_loss=0.2073 val_metric_name=roc_auc val_metric=0.7271
Step  650 | loss 0.0460 | val_acc=0.9547 val_roc_auc=0.7040 val_loss=0.2029 val_metric_name=roc_auc val_metric=0.7040
Early stopping at step 651

--- Final (best ckpt @ step 350) ---
  train_acc=0.9698 train_roc_auc=0.8848 train_loss=0.1055 train_metric_name=roc_auc train_metric=0.8848
  val_acc=0.9603 val_roc_auc=0.7763 val_loss=0.1425 val_metric_name=roc_auc val_metric=0.7763
  test_acc=0.9580 test_roc_auc=0.7740 test_loss=0.1478 test_metric_name=roc_auc test_metric=0.7740
  test_roc_auc=0.7740

============================================================
Training questions GAT-sep 4L h=256 lr=1e-05 split=0
============================================================
Training for 5000 steps
Step    1 | loss 0.6817 | val_acc=0.8704 val_roc_auc=0.5360 val_loss=0.5804 val_metric_name=roc_auc val_metric=0.5360
Step   50 | loss 0.1409 | val_acc=0.9702 val_roc_auc=0.4871 val_loss=0.1598 val_metric_name=roc_auc val_metric=0.4871
Step  100 | loss 0.1386 | val_acc=0.9702 val_roc_auc=0.5519 val_loss=0.1642 val_metric_name=roc_auc val_metric=0.5519
Step  150 | loss 0.1377 | val_acc=0.9702 val_roc_auc=0.5968 val_loss=0.1596 val_metric_name=roc_auc val_metric=0.5968
Step  200 | loss 0.1356 | val_acc=0.9702 val_roc_auc=0.6151 val_loss=0.1547 val_metric_name=roc_auc val_metric=0.6151
Step  250 | loss 0.1345 | val_acc=0.9702 val_roc_auc=0.6299 val_loss=0.1503 val_metric_name=roc_auc val_metric=0.6299
Step  300 | loss 0.1345 | val_acc=0.9702 val_roc_auc=0.6427 val_loss=0.1465 val_metric_name=roc_auc val_metric=0.6427
Step  350 | loss 0.1325 | val_acc=0.9702 val_roc_auc=0.6538 val_loss=0.1431 val_metric_name=roc_auc val_metric=0.6538
Step  400 | loss 0.1309 | val_acc=0.9702 val_roc_auc=0.6634 val_loss=0.1398 val_metric_name=roc_auc val_metric=0.6634
Step  450 | loss 0.1298 | val_acc=0.9702 val_roc_auc=0.6722 val_loss=0.1368 val_metric_name=roc_auc val_metric=0.6722
Step  500 | loss 0.1284 | val_acc=0.9711 val_roc_auc=0.6798 val_loss=0.1344 val_metric_name=roc_auc val_metric=0.6798
Step  550 | loss 0.1282 | val_acc=0.9715 val_roc_auc=0.6872 val_loss=0.1323 val_metric_name=roc_auc val_metric=0.6872
Step  600 | loss 0.1267 | val_acc=0.9717 val_roc_auc=0.6936 val_loss=0.1305 val_metric_name=roc_auc val_metric=0.6936
Step  650 | loss 0.1255 | val_acc=0.9716 val_roc_auc=0.6997 val_loss=0.1291 val_metric_name=roc_auc val_metric=0.6997
Step  700 | loss 0.1243 | val_acc=0.9718 val_roc_auc=0.7053 val_loss=0.1277 val_metric_name=roc_auc val_metric=0.7053
Step  750 | loss 0.1240 | val_acc=0.9717 val_roc_auc=0.7108 val_loss=0.1264 val_metric_name=roc_auc val_metric=0.7108
Step  800 | loss 0.1229 | val_acc=0.9717 val_roc_auc=0.7158 val_loss=0.1252 val_metric_name=roc_auc val_metric=0.7158
Step  850 | loss 0.1217 | val_acc=0.9718 val_roc_auc=0.7203 val_loss=0.1241 val_metric_name=roc_auc val_metric=0.7203
Step  900 | loss 0.1208 | val_acc=0.9717 val_roc_auc=0.7243 val_loss=0.1230 val_metric_name=roc_auc val_metric=0.7243
Step  950 | loss 0.1204 | val_acc=0.9718 val_roc_auc=0.7281 val_loss=0.1221 val_metric_name=roc_auc val_metric=0.7281
Step 1000 | loss 0.1181 | val_acc=0.9718 val_roc_auc=0.7318 val_loss=0.1213 val_metric_name=roc_auc val_metric=0.7318
Step 1050 | loss 0.1175 | val_acc=0.9717 val_roc_auc=0.7354 val_loss=0.1207 val_metric_name=roc_auc val_metric=0.7354
Step 1100 | loss 0.1163 | val_acc=0.9718 val_roc_auc=0.7393 val_loss=0.1202 val_metric_name=roc_auc val_metric=0.7393
Step 1150 | loss 0.1161 | val_acc=0.9719 val_roc_auc=0.7433 val_loss=0.1198 val_metric_name=roc_auc val_metric=0.7433
Step 1200 | loss 0.1142 | val_acc=0.9717 val_roc_auc=0.7470 val_loss=0.1196 val_metric_name=roc_auc val_metric=0.7470
Step 1250 | loss 0.1149 | val_acc=0.9718 val_roc_auc=0.7503 val_loss=0.1194 val_metric_name=roc_auc val_metric=0.7503
Step 1300 | loss 0.1131 | val_acc=0.9717 val_roc_auc=0.7533 val_loss=0.1193 val_metric_name=roc_auc val_metric=0.7533
Step 1350 | loss 0.1121 | val_acc=0.9718 val_roc_auc=0.7559 val_loss=0.1194 val_metric_name=roc_auc val_metric=0.7559
Step 1400 | loss 0.1128 | val_acc=0.9717 val_roc_auc=0.7584 val_loss=0.1198 val_metric_name=roc_auc val_metric=0.7584
Step 1450 | loss 0.1102 | val_acc=0.9719 val_roc_auc=0.7606 val_loss=0.1198 val_metric_name=roc_auc val_metric=0.7606
Step 1500 | loss 0.1084 | val_acc=0.9715 val_roc_auc=0.7625 val_loss=0.1206 val_metric_name=roc_auc val_metric=0.7625
Step 1550 | loss 0.1086 | val_acc=0.9717 val_roc_auc=0.7645 val_loss=0.1209 val_metric_name=roc_auc val_metric=0.7645
Step 1600 | loss 0.1093 | val_acc=0.9710 val_roc_auc=0.7662 val_loss=0.1216 val_metric_name=roc_auc val_metric=0.7662
Step 1650 | loss 0.1066 | val_acc=0.9706 val_roc_auc=0.7680 val_loss=0.1226 val_metric_name=roc_auc val_metric=0.7680
Step 1700 | loss 0.1070 | val_acc=0.9697 val_roc_auc=0.7697 val_loss=0.1243 val_metric_name=roc_auc val_metric=0.7697
Step 1750 | loss 0.1061 | val_acc=0.9695 val_roc_auc=0.7714 val_loss=0.1251 val_metric_name=roc_auc val_metric=0.7714
Step 1800 | loss 0.1044 | val_acc=0.9688 val_roc_auc=0.7728 val_loss=0.1250 val_metric_name=roc_auc val_metric=0.7728
Step 1850 | loss 0.1047 | val_acc=0.9675 val_roc_auc=0.7741 val_loss=0.1276 val_metric_name=roc_auc val_metric=0.7741
Step 1900 | loss 0.1033 | val_acc=0.9669 val_roc_auc=0.7753 val_loss=0.1280 val_metric_name=roc_auc val_metric=0.7753
Step 1950 | loss 0.1024 | val_acc=0.9659 val_roc_auc=0.7766 val_loss=0.1303 val_metric_name=roc_auc val_metric=0.7766
Step 2000 | loss 0.1013 | val_acc=0.9657 val_roc_auc=0.7776 val_loss=0.1300 val_metric_name=roc_auc val_metric=0.7776
Step 2050 | loss 0.1017 | val_acc=0.9651 val_roc_auc=0.7783 val_loss=0.1310 val_metric_name=roc_auc val_metric=0.7783
Step 2100 | loss 0.1014 | val_acc=0.9641 val_roc_auc=0.7790 val_loss=0.1314 val_metric_name=roc_auc val_metric=0.7790
Step 2150 | loss 0.0993 | val_acc=0.9634 val_roc_auc=0.7792 val_loss=0.1336 val_metric_name=roc_auc val_metric=0.7792
Step 2200 | loss 0.0993 | val_acc=0.9618 val_roc_auc=0.7793 val_loss=0.1382 val_metric_name=roc_auc val_metric=0.7793
Step 2250 | loss 0.0971 | val_acc=0.9610 val_roc_auc=0.7792 val_loss=0.1394 val_metric_name=roc_auc val_metric=0.7792
Step 2300 | loss 0.0974 | val_acc=0.9601 val_roc_auc=0.7795 val_loss=0.1415 val_metric_name=roc_auc val_metric=0.7795
Step 2350 | loss 0.0978 | val_acc=0.9595 val_roc_auc=0.7798 val_loss=0.1419 val_metric_name=roc_auc val_metric=0.7798
Step 2400 | loss 0.0953 | val_acc=0.9583 val_roc_auc=0.7802 val_loss=0.1444 val_metric_name=roc_auc val_metric=0.7802
Step 2450 | loss 0.0959 | val_acc=0.9604 val_roc_auc=0.7800 val_loss=0.1406 val_metric_name=roc_auc val_metric=0.7800
Step 2500 | loss 0.0940 | val_acc=0.9594 val_roc_auc=0.7796 val_loss=0.1423 val_metric_name=roc_auc val_metric=0.7796
Step 2550 | loss 0.0932 | val_acc=0.9549 val_roc_auc=0.7794 val_loss=0.1509 val_metric_name=roc_auc val_metric=0.7794
Step 2600 | loss 0.0932 | val_acc=0.9548 val_roc_auc=0.7794 val_loss=0.1512 val_metric_name=roc_auc val_metric=0.7794
Step 2650 | loss 0.0915 | val_acc=0.9575 val_roc_auc=0.7790 val_loss=0.1475 val_metric_name=roc_auc val_metric=0.7790
Early stopping at step 2697

--- Final (best ckpt @ step 2390) ---
  train_acc=0.9702 train_roc_auc=0.8875 train_loss=0.1033 train_metric_name=roc_auc train_metric=0.8875
  val_acc=0.9590 val_roc_auc=0.7803 val_loss=0.1436 val_metric_name=roc_auc val_metric=0.7803
  test_acc=0.9565 test_roc_auc=0.7779 test_loss=0.1511 test_metric_name=roc_auc test_metric=0.7779
  test_roc_auc=0.7779

============================================================
Training questions GAT-sep 4L h=384 lr=3e-05 split=0
============================================================
Training for 5000 steps
Step    1 | loss 0.6799 | val_acc=0.9701 val_roc_auc=0.4987 val_loss=0.2856 val_metric_name=roc_auc val_metric=0.4987
Step   50 | loss 0.1339 | val_acc=0.9702 val_roc_auc=0.6350 val_loss=0.1354 val_metric_name=roc_auc val_metric=0.6350
Step  100 | loss 0.1290 | val_acc=0.9702 val_roc_auc=0.6806 val_loss=0.1291 val_metric_name=roc_auc val_metric=0.6806
Step  150 | loss 0.1245 | val_acc=0.9717 val_roc_auc=0.7120 val_loss=0.1230 val_metric_name=roc_auc val_metric=0.7120
Step  200 | loss 0.1200 | val_acc=0.9715 val_roc_auc=0.7311 val_loss=0.1205 val_metric_name=roc_auc val_metric=0.7311
Step  250 | loss 0.1162 | val_acc=0.9709 val_roc_auc=0.7474 val_loss=0.1225 val_metric_name=roc_auc val_metric=0.7474
Step  300 | loss 0.1122 | val_acc=0.9710 val_roc_auc=0.7585 val_loss=0.1268 val_metric_name=roc_auc val_metric=0.7585
Step  350 | loss 0.1097 | val_acc=0.9697 val_roc_auc=0.7641 val_loss=0.1303 val_metric_name=roc_auc val_metric=0.7641
Step  400 | loss 0.1089 | val_acc=0.9679 val_roc_auc=0.7683 val_loss=0.1341 val_metric_name=roc_auc val_metric=0.7683
Step  450 | loss 0.1046 | val_acc=0.9615 val_roc_auc=0.7721 val_loss=0.1450 val_metric_name=roc_auc val_metric=0.7721
Step  500 | loss 0.1038 | val_acc=0.9594 val_roc_auc=0.7748 val_loss=0.1447 val_metric_name=roc_auc val_metric=0.7748
Step  550 | loss 0.1012 | val_acc=0.9535 val_roc_auc=0.7767 val_loss=0.1559 val_metric_name=roc_auc val_metric=0.7767
Step  600 | loss 0.0960 | val_acc=0.9557 val_roc_auc=0.7772 val_loss=0.1507 val_metric_name=roc_auc val_metric=0.7772
Step  650 | loss 0.0958 | val_acc=0.9519 val_roc_auc=0.7769 val_loss=0.1587 val_metric_name=roc_auc val_metric=0.7769
Step  700 | loss 0.0922 | val_acc=0.9403 val_roc_auc=0.7766 val_loss=0.1791 val_metric_name=roc_auc val_metric=0.7766
Step  750 | loss 0.0893 | val_acc=0.9505 val_roc_auc=0.7764 val_loss=0.1603 val_metric_name=roc_auc val_metric=0.7764
Step  800 | loss 0.0861 | val_acc=0.9445 val_roc_auc=0.7746 val_loss=0.1748 val_metric_name=roc_auc val_metric=0.7746
Step  850 | loss 0.0813 | val_acc=0.9440 val_roc_auc=0.7710 val_loss=0.1766 val_metric_name=roc_auc val_metric=0.7710
Step  900 | loss 0.0773 | val_acc=0.9432 val_roc_auc=0.7695 val_loss=0.1818 val_metric_name=roc_auc val_metric=0.7695
Early stopping at step 941

--- Final (best ckpt @ step 640) ---
  train_acc=0.9578 train_roc_auc=0.8935 train_loss=0.1280 train_metric_name=roc_auc train_metric=0.8935
  val_acc=0.9448 val_roc_auc=0.7777 val_loss=0.1708 val_metric_name=roc_auc val_metric=0.7777
  test_acc=0.9398 test_roc_auc=0.7761 test_loss=0.1780 test_metric_name=roc_auc test_metric=0.7761
  test_roc_auc=0.7761

============================================================
Training questions GAT-sep 4L h=384 lr=6e-05 split=0
============================================================
Training for 5000 steps
Step    1 | loss 0.6799 | val_acc=0.9702 val_roc_auc=0.4724 val_loss=0.1619 val_metric_name=roc_auc val_metric=0.4724
Step   50 | loss 0.1315 | val_acc=0.9702 val_roc_auc=0.6597 val_loss=0.1297 val_metric_name=roc_auc val_metric=0.6597
Step  100 | loss 0.1237 | val_acc=0.9717 val_roc_auc=0.7097 val_loss=0.1231 val_metric_name=roc_auc val_metric=0.7097
Step  150 | loss 0.1172 | val_acc=0.9711 val_roc_auc=0.7408 val_loss=0.1207 val_metric_name=roc_auc val_metric=0.7408
Step  200 | loss 0.1111 | val_acc=0.9714 val_roc_auc=0.7612 val_loss=0.1240 val_metric_name=roc_auc val_metric=0.7612
Step  250 | loss 0.1067 | val_acc=0.9679 val_roc_auc=0.7691 val_loss=0.1307 val_metric_name=roc_auc val_metric=0.7691
Step  300 | loss 0.1016 | val_acc=0.9563 val_roc_auc=0.7753 val_loss=0.1487 val_metric_name=roc_auc val_metric=0.7753
Step  350 | loss 0.0981 | val_acc=0.9590 val_roc_auc=0.7780 val_loss=0.1405 val_metric_name=roc_auc val_metric=0.7780
Step  400 | loss 0.0958 | val_acc=0.9540 val_roc_auc=0.7786 val_loss=0.1507 val_metric_name=roc_auc val_metric=0.7786
Step  450 | loss 0.0889 | val_acc=0.9563 val_roc_auc=0.7760 val_loss=0.1487 val_metric_name=roc_auc val_metric=0.7760
Step  500 | loss 0.0834 | val_acc=0.9365 val_roc_auc=0.7727 val_loss=0.1905 val_metric_name=roc_auc val_metric=0.7727
Step  550 | loss 0.0777 | val_acc=0.9429 val_roc_auc=0.7676 val_loss=0.1843 val_metric_name=roc_auc val_metric=0.7676
Step  600 | loss 0.0659 | val_acc=0.9475 val_roc_auc=0.7605 val_loss=0.1826 val_metric_name=roc_auc val_metric=0.7605
Step  650 | loss 0.0593 | val_acc=0.9457 val_roc_auc=0.7476 val_loss=0.1997 val_metric_name=roc_auc val_metric=0.7476
Step  700 | loss 0.0511 | val_acc=0.9444 val_roc_auc=0.7447 val_loss=0.2162 val_metric_name=roc_auc val_metric=0.7447
Early stopping at step 722

--- Final (best ckpt @ step 360) ---
  train_acc=0.9709 train_roc_auc=0.8851 train_loss=0.1016 train_metric_name=roc_auc train_metric=0.8851
  val_acc=0.9614 val_roc_auc=0.7790 val_loss=0.1373 val_metric_name=roc_auc val_metric=0.7790
  test_acc=0.9594 test_roc_auc=0.7816 test_loss=0.1436 test_metric_name=roc_auc test_metric=0.7816
  test_roc_auc=0.7816

============================================================
Training questions GAT-sep 4L h=384 lr=0.0001 split=0
============================================================
Training for 5000 steps
Step    1 | loss 0.6799 | val_acc=0.9702 val_roc_auc=0.4568 val_loss=0.1356 val_metric_name=roc_auc val_metric=0.4568
Step   50 | loss 0.1295 | val_acc=0.9702 val_roc_auc=0.6691 val_loss=0.1293 val_metric_name=roc_auc val_metric=0.6691
Step  100 | loss 0.1194 | val_acc=0.9715 val_roc_auc=0.7248 val_loss=0.1207 val_metric_name=roc_auc val_metric=0.7248
Step  150 | loss 0.1114 | val_acc=0.9715 val_roc_auc=0.7608 val_loss=0.1209 val_metric_name=roc_auc val_metric=0.7608
Step  200 | loss 0.1047 | val_acc=0.9678 val_roc_auc=0.7716 val_loss=0.1258 val_metric_name=roc_auc val_metric=0.7716
Step  250 | loss 0.0982 | val_acc=0.9627 val_roc_auc=0.7788 val_loss=0.1342 val_metric_name=roc_auc val_metric=0.7788
Step  300 | loss 0.0902 | val_acc=0.9383 val_roc_auc=0.7801 val_loss=0.1829 val_metric_name=roc_auc val_metric=0.7801
Step  350 | loss 0.0833 | val_acc=0.9492 val_roc_auc=0.7712 val_loss=0.1667 val_metric_name=roc_auc val_metric=0.7712
Step  400 | loss 0.0741 | val_acc=0.9482 val_roc_auc=0.7599 val_loss=0.1774 val_metric_name=roc_auc val_metric=0.7599
Step  450 | loss 0.0606 | val_acc=0.9521 val_roc_auc=0.7420 val_loss=0.1827 val_metric_name=roc_auc val_metric=0.7420
Step  500 | loss 0.0455 | val_acc=0.9410 val_roc_auc=0.7331 val_loss=0.2305 val_metric_name=roc_auc val_metric=0.7331
Step  550 | loss 0.0333 | val_acc=0.9481 val_roc_auc=0.7264 val_loss=0.2409 val_metric_name=roc_auc val_metric=0.7264
Step  600 | loss 0.0240 | val_acc=0.9543 val_roc_auc=0.7259 val_loss=0.2507 val_metric_name=roc_auc val_metric=0.7259
Early stopping at step 604

--- Final (best ckpt @ step 300) ---
  train_acc=0.9540 train_roc_auc=0.9022 train_loss=0.1317 train_metric_name=roc_auc train_metric=0.9022
  val_acc=0.9383 val_roc_auc=0.7801 val_loss=0.1829 val_metric_name=roc_auc val_metric=0.7801
  test_acc=0.9322 test_roc_auc=0.7752 test_loss=0.1942 test_metric_name=roc_auc test_metric=0.7752
  test_roc_auc=0.7752

============================================================
Training questions GAT-sep 4L h=384 lr=1e-05 split=0
============================================================
Training for 5000 steps
Step    1 | loss 0.6799 | val_acc=0.9551 val_roc_auc=0.5155 val_loss=0.4957 val_metric_name=roc_auc val_metric=0.5155
Step   50 | loss 0.1397 | val_acc=0.9702 val_roc_auc=0.5103 val_loss=0.1739 val_metric_name=roc_auc val_metric=0.5103
Step  100 | loss 0.1357 | val_acc=0.9702 val_roc_auc=0.6059 val_loss=0.1504 val_metric_name=roc_auc val_metric=0.6059
Step  150 | loss 0.1337 | val_acc=0.9702 val_roc_auc=0.6364 val_loss=0.1429 val_metric_name=roc_auc val_metric=0.6364
Step  200 | loss 0.1318 | val_acc=0.9702 val_roc_auc=0.6618 val_loss=0.1364 val_metric_name=roc_auc val_metric=0.6618
Step  250 | loss 0.1298 | val_acc=0.9702 val_roc_auc=0.6819 val_loss=0.1314 val_metric_name=roc_auc val_metric=0.6819
Step  300 | loss 0.1274 | val_acc=0.9706 val_roc_auc=0.6966 val_loss=0.1272 val_metric_name=roc_auc val_metric=0.6966
Step  350 | loss 0.1252 | val_acc=0.9716 val_roc_auc=0.7074 val_loss=0.1243 val_metric_name=roc_auc val_metric=0.7074
Step  400 | loss 0.1246 | val_acc=0.9717 val_roc_auc=0.7159 val_loss=0.1223 val_metric_name=roc_auc val_metric=0.7159
Step  450 | loss 0.1219 | val_acc=0.9717 val_roc_auc=0.7236 val_loss=0.1209 val_metric_name=roc_auc val_metric=0.7236
Step  500 | loss 0.1197 | val_acc=0.9713 val_roc_auc=0.7309 val_loss=0.1205 val_metric_name=roc_auc val_metric=0.7309
Step  550 | loss 0.1184 | val_acc=0.9707 val_roc_auc=0.7375 val_loss=0.1209 val_metric_name=roc_auc val_metric=0.7375
Step  600 | loss 0.1169 | val_acc=0.9708 val_roc_auc=0.7432 val_loss=0.1222 val_metric_name=roc_auc val_metric=0.7432
Step  650 | loss 0.1150 | val_acc=0.9703 val_roc_auc=0.7487 val_loss=0.1236 val_metric_name=roc_auc val_metric=0.7487
Step  700 | loss 0.1148 | val_acc=0.9708 val_roc_auc=0.7532 val_loss=0.1256 val_metric_name=roc_auc val_metric=0.7532
Step  750 | loss 0.1126 | val_acc=0.9711 val_roc_auc=0.7572 val_loss=0.1261 val_metric_name=roc_auc val_metric=0.7572
Step  800 | loss 0.1110 | val_acc=0.9709 val_roc_auc=0.7602 val_loss=0.1290 val_metric_name=roc_auc val_metric=0.7602
Step  850 | loss 0.1108 | val_acc=0.9702 val_roc_auc=0.7621 val_loss=0.1299 val_metric_name=roc_auc val_metric=0.7621
Step  900 | loss 0.1091 | val_acc=0.9690 val_roc_auc=0.7640 val_loss=0.1345 val_metric_name=roc_auc val_metric=0.7640
Step  950 | loss 0.1093 | val_acc=0.9684 val_roc_auc=0.7660 val_loss=0.1350 val_metric_name=roc_auc val_metric=0.7660
Step 1000 | loss 0.1089 | val_acc=0.9680 val_roc_auc=0.7671 val_loss=0.1352 val_metric_name=roc_auc val_metric=0.7671
Step 1050 | loss 0.1080 | val_acc=0.9664 val_roc_auc=0.7684 val_loss=0.1392 val_metric_name=roc_auc val_metric=0.7684
Step 1100 | loss 0.1066 | val_acc=0.9661 val_roc_auc=0.7700 val_loss=0.1382 val_metric_name=roc_auc val_metric=0.7700
Step 1150 | loss 0.1052 | val_acc=0.9648 val_roc_auc=0.7710 val_loss=0.1389 val_metric_name=roc_auc val_metric=0.7710
Step 1200 | loss 0.1049 | val_acc=0.9628 val_roc_auc=0.7721 val_loss=0.1415 val_metric_name=roc_auc val_metric=0.7721
Step 1250 | loss 0.1039 | val_acc=0.9600 val_roc_auc=0.7731 val_loss=0.1460 val_metric_name=roc_auc val_metric=0.7731
Step 1300 | loss 0.1035 | val_acc=0.9584 val_roc_auc=0.7742 val_loss=0.1494 val_metric_name=roc_auc val_metric=0.7742
Step 1350 | loss 0.1017 | val_acc=0.9547 val_roc_auc=0.7749 val_loss=0.1541 val_metric_name=roc_auc val_metric=0.7749
Step 1400 | loss 0.1013 | val_acc=0.9532 val_roc_auc=0.7757 val_loss=0.1571 val_metric_name=roc_auc val_metric=0.7757
Step 1450 | loss 0.0999 | val_acc=0.9509 val_roc_auc=0.7762 val_loss=0.1642 val_metric_name=roc_auc val_metric=0.7762
Step 1500 | loss 0.0970 | val_acc=0.9482 val_roc_auc=0.7763 val_loss=0.1690 val_metric_name=roc_auc val_metric=0.7763
Step 1550 | loss 0.0975 | val_acc=0.9551 val_roc_auc=0.7766 val_loss=0.1542 val_metric_name=roc_auc val_metric=0.7766
Step 1600 | loss 0.0961 | val_acc=0.9479 val_roc_auc=0.7768 val_loss=0.1668 val_metric_name=roc_auc val_metric=0.7768
Step 1650 | loss 0.0964 | val_acc=0.9393 val_roc_auc=0.7764 val_loss=0.1820 val_metric_name=roc_auc val_metric=0.7764
Step 1700 | loss 0.0941 | val_acc=0.9479 val_roc_auc=0.7766 val_loss=0.1666 val_metric_name=roc_auc val_metric=0.7766
Step 1750 | loss 0.0931 | val_acc=0.9425 val_roc_auc=0.7764 val_loss=0.1774 val_metric_name=roc_auc val_metric=0.7764
Step 1800 | loss 0.0932 | val_acc=0.9451 val_roc_auc=0.7761 val_loss=0.1716 val_metric_name=roc_auc val_metric=0.7761
Step 1850 | loss 0.0914 | val_acc=0.9381 val_roc_auc=0.7759 val_loss=0.1833 val_metric_name=roc_auc val_metric=0.7759
Step 1900 | loss 0.0893 | val_acc=0.9424 val_roc_auc=0.7754 val_loss=0.1771 val_metric_name=roc_auc val_metric=0.7754
Early stopping at step 1921

--- Final (best ckpt @ step 1610) ---
  train_acc=0.9566 train_roc_auc=0.8916 train_loss=0.1317 train_metric_name=roc_auc train_metric=0.8916
  val_acc=0.9448 val_roc_auc=0.7768 val_loss=0.1731 val_metric_name=roc_auc val_metric=0.7768
  test_acc=0.9392 test_roc_auc=0.7781 test_loss=0.1795 test_metric_name=roc_auc test_metric=0.7781
  test_roc_auc=0.7781

============================================================
Training questions GAT-sep 4L h=512 lr=3e-05 split=0
============================================================
Training for 5000 steps
Step    1 | loss 0.4192 | val_acc=0.9702 val_roc_auc=0.4544 val_loss=0.1404 val_metric_name=roc_auc val_metric=0.4544
Step   50 | loss 0.1299 | val_acc=0.9702 val_roc_auc=0.6666 val_loss=0.1332 val_metric_name=roc_auc val_metric=0.6666
Step  100 | loss 0.1240 | val_acc=0.9716 val_roc_auc=0.7028 val_loss=0.1248 val_metric_name=roc_auc val_metric=0.7028
Step  150 | loss 0.1174 | val_acc=0.9713 val_roc_auc=0.7312 val_loss=0.1207 val_metric_name=roc_auc val_metric=0.7312
Step  200 | loss 0.1140 | val_acc=0.9706 val_roc_auc=0.7495 val_loss=0.1280 val_metric_name=roc_auc val_metric=0.7495
Step  250 | loss 0.1076 | val_acc=0.9609 val_roc_auc=0.7624 val_loss=0.1528 val_metric_name=roc_auc val_metric=0.7624
Step  300 | loss 0.1045 | val_acc=0.9522 val_roc_auc=0.7707 val_loss=0.1639 val_metric_name=roc_auc val_metric=0.7707
Step  350 | loss 0.1016 | val_acc=0.9312 val_roc_auc=0.7755 val_loss=0.1952 val_metric_name=roc_auc val_metric=0.7755
Step  400 | loss 0.0972 | val_acc=0.9114 val_roc_auc=0.7775 val_loss=0.2270 val_metric_name=roc_auc val_metric=0.7775
Step  450 | loss 0.0926 | val_acc=0.9072 val_roc_auc=0.7766 val_loss=0.2356 val_metric_name=roc_auc val_metric=0.7766
Step  500 | loss 0.0908 | val_acc=0.9392 val_roc_auc=0.7769 val_loss=0.1852 val_metric_name=roc_auc val_metric=0.7769
Step  550 | loss 0.0846 | val_acc=0.9301 val_roc_auc=0.7726 val_loss=0.2065 val_metric_name=roc_auc val_metric=0.7726
Step  600 | loss 0.0788 | val_acc=0.9322 val_roc_auc=0.7699 val_loss=0.2080 val_metric_name=roc_auc val_metric=0.7699
Step  650 | loss 0.0740 | val_acc=0.9318 val_roc_auc=0.7657 val_loss=0.2120 val_metric_name=roc_auc val_metric=0.7657
Step  700 | loss 0.0688 | val_acc=0.9400 val_roc_auc=0.7579 val_loss=0.2018 val_metric_name=roc_auc val_metric=0.7579
Early stopping at step 736

--- Final (best ckpt @ step 420) ---
  train_acc=0.9534 train_roc_auc=0.8920 train_loss=0.1356 train_metric_name=roc_auc train_metric=0.8920
  val_acc=0.9395 val_roc_auc=0.7780 val_loss=0.1803 val_metric_name=roc_auc val_metric=0.7780
  test_acc=0.9346 test_roc_auc=0.7718 test_loss=0.1899 test_metric_name=roc_auc test_metric=0.7718
  test_roc_auc=0.7718

============================================================
Training questions GAT-sep 4L h=512 lr=6e-05 split=0
============================================================
Training for 5000 steps
Step    1 | loss 0.4192 | val_acc=0.9702 val_roc_auc=0.4485 val_loss=0.1450 val_metric_name=roc_auc val_metric=0.4485
Step   50 | loss 0.1274 | val_acc=0.9702 val_roc_auc=0.6720 val_loss=0.1292 val_metric_name=roc_auc val_metric=0.6720
Step  100 | loss 0.1186 | val_acc=0.9713 val_roc_auc=0.7226 val_loss=0.1210 val_metric_name=roc_auc val_metric=0.7226
Step  150 | loss 0.1100 | val_acc=0.9702 val_roc_auc=0.7536 val_loss=0.1275 val_metric_name=roc_auc val_metric=0.7536
Step  200 | loss 0.1053 | val_acc=0.9480 val_roc_auc=0.7718 val_loss=0.1661 val_metric_name=roc_auc val_metric=0.7718
Step  250 | loss 0.0969 | val_acc=0.9307 val_roc_auc=0.7774 val_loss=0.1959 val_metric_name=roc_auc val_metric=0.7774
Step  300 | loss 0.0928 | val_acc=0.9482 val_roc_auc=0.7780 val_loss=0.1641 val_metric_name=roc_auc val_metric=0.7780
Step  350 | loss 0.0852 | val_acc=0.9170 val_roc_auc=0.7735 val_loss=0.2356 val_metric_name=roc_auc val_metric=0.7735
Step  400 | loss 0.0742 | val_acc=0.9447 val_roc_auc=0.7610 val_loss=0.1883 val_metric_name=roc_auc val_metric=0.7610
Step  450 | loss 0.0608 | val_acc=0.9276 val_roc_auc=0.7526 val_loss=0.2446 val_metric_name=roc_auc val_metric=0.7526
Step  500 | loss 0.0516 | val_acc=0.9388 val_roc_auc=0.7377 val_loss=0.2385 val_metric_name=roc_auc val_metric=0.7377
Step  550 | loss 0.0398 | val_acc=0.9497 val_roc_auc=0.7229 val_loss=0.2427 val_metric_name=roc_auc val_metric=0.7229
Step  600 | loss 0.0312 | val_acc=0.9460 val_roc_auc=0.7195 val_loss=0.2645 val_metric_name=roc_auc val_metric=0.7195
Early stopping at step 610

--- Final (best ckpt @ step 310) ---
  train_acc=0.9558 train_roc_auc=0.9131 train_loss=0.1211 train_metric_name=roc_auc train_metric=0.9131
  val_acc=0.9401 val_roc_auc=0.7792 val_loss=0.1839 val_metric_name=roc_auc val_metric=0.7792
  test_acc=0.9342 test_roc_auc=0.7701 test_loss=0.1998 test_metric_name=roc_auc test_metric=0.7701
  test_roc_auc=0.7701

============================================================
Training questions GAT-sep 4L h=512 lr=0.0001 split=0
============================================================
Training for 5000 steps
Step    1 | loss 0.4192 | val_acc=0.9702 val_roc_auc=0.4438 val_loss=0.1770 val_metric_name=roc_auc val_metric=0.4438
Step   50 | loss 0.1254 | val_acc=0.9716 val_roc_auc=0.6719 val_loss=0.1256 val_metric_name=roc_auc val_metric=0.6719
Step  100 | loss 0.1150 | val_acc=0.9715 val_roc_auc=0.7306 val_loss=0.1212 val_metric_name=roc_auc val_metric=0.7306
Step  150 | loss 0.1049 | val_acc=0.9608 val_roc_auc=0.7685 val_loss=0.1423 val_metric_name=roc_auc val_metric=0.7685
Step  200 | loss 0.0990 | val_acc=0.9504 val_roc_auc=0.7790 val_loss=0.1603 val_metric_name=roc_auc val_metric=0.7790
Step  250 | loss 0.0879 | val_acc=0.9328 val_roc_auc=0.7805 val_loss=0.1959 val_metric_name=roc_auc val_metric=0.7805
Step  300 | loss 0.0770 | val_acc=0.9436 val_roc_auc=0.7667 val_loss=0.1954 val_metric_name=roc_auc val_metric=0.7667
Step  350 | loss 0.0622 | val_acc=0.9373 val_roc_auc=0.7427 val_loss=0.2256 val_metric_name=roc_auc val_metric=0.7427
Step  400 | loss 0.0415 | val_acc=0.9439 val_roc_auc=0.7214 val_loss=0.2536 val_metric_name=roc_auc val_metric=0.7214
Step  450 | loss 0.0273 | val_acc=0.9402 val_roc_auc=0.7100 val_loss=0.3030 val_metric_name=roc_auc val_metric=0.7100
Step  500 | loss 0.0160 | val_acc=0.9506 val_roc_auc=0.7184 val_loss=0.2986 val_metric_name=roc_auc val_metric=0.7184
Early stopping at step 531

--- Final (best ckpt @ step 230) ---
  train_acc=0.9644 train_roc_auc=0.8970 train_loss=0.1110 train_metric_name=roc_auc train_metric=0.8970
  val_acc=0.9500 val_roc_auc=0.7818 val_loss=0.1599 val_metric_name=roc_auc val_metric=0.7818
  test_acc=0.9464 test_roc_auc=0.7744 test_loss=0.1733 test_metric_name=roc_auc test_metric=0.7744
  test_roc_auc=0.7744

============================================================
Training questions GAT-sep 4L h=512 lr=1e-05 split=0
============================================================
Training for 5000 steps
Step    1 | loss 0.4192 | val_acc=0.9702 val_roc_auc=0.4603 val_loss=0.1966 val_metric_name=roc_auc val_metric=0.4603
Step   50 | loss 0.1345 | val_acc=0.9702 val_roc_auc=0.6164 val_loss=0.1501 val_metric_name=roc_auc val_metric=0.6164
Step  100 | loss 0.1319 | val_acc=0.9702 val_roc_auc=0.6613 val_loss=0.1401 val_metric_name=roc_auc val_metric=0.6613
Step  150 | loss 0.1275 | val_acc=0.9702 val_roc_auc=0.6859 val_loss=0.1320 val_metric_name=roc_auc val_metric=0.6859
Step  200 | loss 0.1265 | val_acc=0.9717 val_roc_auc=0.7046 val_loss=0.1265 val_metric_name=roc_auc val_metric=0.7046
Step  250 | loss 0.1212 | val_acc=0.9717 val_roc_auc=0.7176 val_loss=0.1225 val_metric_name=roc_auc val_metric=0.7176
Step  300 | loss 0.1192 | val_acc=0.9715 val_roc_auc=0.7283 val_loss=0.1206 val_metric_name=roc_auc val_metric=0.7283
Step  350 | loss 0.1173 | val_acc=0.9710 val_roc_auc=0.7372 val_loss=0.1218 val_metric_name=roc_auc val_metric=0.7372
Step  400 | loss 0.1149 | val_acc=0.9711 val_roc_auc=0.7448 val_loss=0.1265 val_metric_name=roc_auc val_metric=0.7448
Step  450 | loss 0.1123 | val_acc=0.9703 val_roc_auc=0.7507 val_loss=0.1334 val_metric_name=roc_auc val_metric=0.7507
Step  500 | loss 0.1109 | val_acc=0.9677 val_roc_auc=0.7559 val_loss=0.1402 val_metric_name=roc_auc val_metric=0.7559
Step  550 | loss 0.1091 | val_acc=0.9633 val_roc_auc=0.7603 val_loss=0.1527 val_metric_name=roc_auc val_metric=0.7603
Step  600 | loss 0.1071 | val_acc=0.9573 val_roc_auc=0.7651 val_loss=0.1616 val_metric_name=roc_auc val_metric=0.7651
Step  650 | loss 0.1063 | val_acc=0.9531 val_roc_auc=0.7689 val_loss=0.1661 val_metric_name=roc_auc val_metric=0.7689
Step  700 | loss 0.1040 | val_acc=0.9425 val_roc_auc=0.7719 val_loss=0.1852 val_metric_name=roc_auc val_metric=0.7719
Step  750 | loss 0.1030 | val_acc=0.9404 val_roc_auc=0.7738 val_loss=0.1827 val_metric_name=roc_auc val_metric=0.7738
Step  800 | loss 0.1025 | val_acc=0.9291 val_roc_auc=0.7756 val_loss=0.1999 val_metric_name=roc_auc val_metric=0.7756
Step  850 | loss 0.1008 | val_acc=0.9244 val_roc_auc=0.7762 val_loss=0.2064 val_metric_name=roc_auc val_metric=0.7762
Step  900 | loss 0.1008 | val_acc=0.9302 val_roc_auc=0.7773 val_loss=0.1948 val_metric_name=roc_auc val_metric=0.7773
Step  950 | loss 0.0966 | val_acc=0.9202 val_roc_auc=0.7777 val_loss=0.2141 val_metric_name=roc_auc val_metric=0.7777
Step 1000 | loss 0.0975 | val_acc=0.9219 val_roc_auc=0.7781 val_loss=0.2113 val_metric_name=roc_auc val_metric=0.7781
Step 1050 | loss 0.0953 | val_acc=0.9208 val_roc_auc=0.7777 val_loss=0.2129 val_metric_name=roc_auc val_metric=0.7777
Step 1100 | loss 0.0931 | val_acc=0.9240 val_roc_auc=0.7776 val_loss=0.2073 val_metric_name=roc_auc val_metric=0.7776
Step 1150 | loss 0.0915 | val_acc=0.9309 val_roc_auc=0.7772 val_loss=0.1971 val_metric_name=roc_auc val_metric=0.7772
Step 1200 | loss 0.0905 | val_acc=0.9142 val_roc_auc=0.7762 val_loss=0.2244 val_metric_name=roc_auc val_metric=0.7762
Step 1250 | loss 0.0869 | val_acc=0.9267 val_roc_auc=0.7776 val_loss=0.2080 val_metric_name=roc_auc val_metric=0.7776
Step 1300 | loss 0.0869 | val_acc=0.9289 val_roc_auc=0.7760 val_loss=0.2047 val_metric_name=roc_auc val_metric=0.7760
Early stopping at step 1340

--- Final (best ckpt @ step 1040) ---
  train_acc=0.9435 train_roc_auc=0.8974 train_loss=0.1497 train_metric_name=roc_auc train_metric=0.8974
  val_acc=0.9286 val_roc_auc=0.7784 val_loss=0.2000 val_metric_name=roc_auc val_metric=0.7784
  test_acc=0.9249 test_roc_auc=0.7729 test_loss=0.2083 test_metric_name=roc_auc test_metric=0.7729
  test_roc_auc=0.7729
  >> num_layers=4 hidden_dim=256 lr=3e-05 best_step=900 val_roc_auc=0.7791 test_roc_auc=0.7767
     val_acc=0.9594 val_loss=0.1443 val_metric=0.7791 val_metric_name=roc_auc val_roc_auc=0.7791
     test_acc=0.9567 test_loss=0.1506 test_metric=0.7767 test_metric_name=roc_auc test_roc_auc=0.7767
  >> num_layers=4 hidden_dim=256 lr=6e-05 best_step=540 val_roc_auc=0.7783 test_roc_auc=0.7753
     val_acc=0.9580 val_loss=0.1460 val_metric=0.7783 val_metric_name=roc_auc val_roc_auc=0.7783
     test_acc=0.9565 test_loss=0.1523 test_metric=0.7753 test_metric_name=roc_auc test_roc_auc=0.7753
  >> num_layers=4 hidden_dim=256 lr=0.0001 best_step=350 val_roc_auc=0.7763 test_roc_auc=0.7740
     val_acc=0.9603 val_loss=0.1425 val_metric=0.7763 val_metric_name=roc_auc val_roc_auc=0.7763
     test_acc=0.9580 test_loss=0.1478 test_metric=0.7740 test_metric_name=roc_auc test_roc_auc=0.7740
  >> num_layers=4 hidden_dim=256 lr=1e-05 best_step=2390 val_roc_auc=0.7803 test_roc_auc=0.7779
     val_acc=0.9590 val_loss=0.1436 val_metric=0.7803 val_metric_name=roc_auc val_roc_auc=0.7803
     test_acc=0.9565 test_loss=0.1511 test_metric=0.7779 test_metric_name=roc_auc test_roc_auc=0.7779
  >> num_layers=4 hidden_dim=384 lr=3e-05 best_step=640 val_roc_auc=0.7777 test_roc_auc=0.7761
     val_acc=0.9448 val_loss=0.1708 val_metric=0.7777 val_metric_name=roc_auc val_roc_auc=0.7777
     test_acc=0.9398 test_loss=0.1780 test_metric=0.7761 test_metric_name=roc_auc test_roc_auc=0.7761
  >> num_layers=4 hidden_dim=384 lr=6e-05 best_step=360 val_roc_auc=0.7790 test_roc_auc=0.7816
     val_acc=0.9614 val_loss=0.1373 val_metric=0.7790 val_metric_name=roc_auc val_roc_auc=0.7790
     test_acc=0.9594 test_loss=0.1436 test_metric=0.7816 test_metric_name=roc_auc test_roc_auc=0.7816
  >> num_layers=4 hidden_dim=384 lr=0.0001 best_step=300 val_roc_auc=0.7801 test_roc_auc=0.7752
     val_acc=0.9383 val_loss=0.1829 val_metric=0.7801 val_metric_name=roc_auc val_roc_auc=0.7801
     test_acc=0.9322 test_loss=0.1942 test_metric=0.7752 test_metric_name=roc_auc test_roc_auc=0.7752
  >> num_layers=4 hidden_dim=384 lr=1e-05 best_step=1610 val_roc_auc=0.7768 test_roc_auc=0.7781
     val_acc=0.9448 val_loss=0.1731 val_metric=0.7768 val_metric_name=roc_auc val_roc_auc=0.7768
     test_acc=0.9392 test_loss=0.1795 test_metric=0.7781 test_metric_name=roc_auc test_roc_auc=0.7781
  >> num_layers=4 hidden_dim=512 lr=3e-05 best_step=420 val_roc_auc=0.7780 test_roc_auc=0.7718
     val_acc=0.9395 val_loss=0.1803 val_metric=0.7780 val_metric_name=roc_auc val_roc_auc=0.7780
     test_acc=0.9346 test_loss=0.1899 test_metric=0.7718 test_metric_name=roc_auc test_roc_auc=0.7718
  >> num_layers=4 hidden_dim=512 lr=6e-05 best_step=310 val_roc_auc=0.7792 test_roc_auc=0.7701
     val_acc=0.9401 val_loss=0.1839 val_metric=0.7792 val_metric_name=roc_auc val_roc_auc=0.7792
     test_acc=0.9342 test_loss=0.1998 test_metric=0.7701 test_metric_name=roc_auc test_roc_auc=0.7701
  >> num_layers=4 hidden_dim=512 lr=0.0001 best_step=230 val_roc_auc=0.7818 test_roc_auc=0.7744
     val_acc=0.9500 val_loss=0.1599 val_metric=0.7818 val_metric_name=roc_auc val_roc_auc=0.7818
     test_acc=0.9464 test_loss=0.1733 test_metric=0.7744 test_metric_name=roc_auc test_roc_auc=0.7744
  >> num_layers=4 hidden_dim=512 lr=1e-05 best_step=1040 val_roc_auc=0.7784 test_roc_auc=0.7729
     val_acc=0.9286 val_loss=0.2000 val_metric=0.7784 val_metric_name=roc_auc val_roc_auc=0.7784
     test_acc=0.9249 test_loss=0.2083 test_metric=0.7729 test_metric_name=roc_auc test_roc_auc=0.7729
  >> selected best (by val): num_layers=4 hidden_dim=512 lr=0.0001 val_roc_auc=0.7818 test_roc_auc=0.7744
     val_acc=0.9500 val_loss=0.1599 val_metric=0.7818 val_metric_name=roc_auc val_roc_auc=0.7818
     test_acc=0.9464 test_loss=0.1733 test_metric=0.7744 test_metric_name=roc_auc test_roc_auc=0.7744

Done. Results saved to /home/avshmelev/diploma_yandex_graphs/results_grid/questions/base.csv, checkpoints in /home/avshmelev/diploma_yandex_graphs/all_checkpoints/questions/base/
