Loading data...

============================================================
Training questions GAT 1L h=256 lr=3e-05 split=5
============================================================
Training for 5000 steps
Step    1 | loss 0.6809 | val_acc=0.8665 val_roc_auc=0.3912 val_loss=0.5822 val_metric_name=roc_auc val_metric=0.3912
Step   50 | loss 0.1427 | val_acc=0.9702 val_roc_auc=0.4023 val_loss=0.1448 val_metric_name=roc_auc val_metric=0.4023
Step  100 | loss 0.1385 | val_acc=0.9702 val_roc_auc=0.4422 val_loss=0.1477 val_metric_name=roc_auc val_metric=0.4422
Step  150 | loss 0.1364 | val_acc=0.9702 val_roc_auc=0.5505 val_loss=0.1442 val_metric_name=roc_auc val_metric=0.5505
Step  200 | loss 0.1345 | val_acc=0.9702 val_roc_auc=0.6199 val_loss=0.1407 val_metric_name=roc_auc val_metric=0.6199
Step  250 | loss 0.1320 | val_acc=0.9702 val_roc_auc=0.6514 val_loss=0.1379 val_metric_name=roc_auc val_metric=0.6514
Step  300 | loss 0.1308 | val_acc=0.9702 val_roc_auc=0.6723 val_loss=0.1360 val_metric_name=roc_auc val_metric=0.6723
Step  350 | loss 0.1293 | val_acc=0.9704 val_roc_auc=0.6854 val_loss=0.1345 val_metric_name=roc_auc val_metric=0.6854
Step  400 | loss 0.1275 | val_acc=0.9704 val_roc_auc=0.6937 val_loss=0.1331 val_metric_name=roc_auc val_metric=0.6937
Step  450 | loss 0.1262 | val_acc=0.9704 val_roc_auc=0.6996 val_loss=0.1319 val_metric_name=roc_auc val_metric=0.6996
Step  500 | loss 0.1255 | val_acc=0.9706 val_roc_auc=0.7041 val_loss=0.1309 val_metric_name=roc_auc val_metric=0.7041
Step  550 | loss 0.1241 | val_acc=0.9711 val_roc_auc=0.7086 val_loss=0.1299 val_metric_name=roc_auc val_metric=0.7086
Step  600 | loss 0.1232 | val_acc=0.9711 val_roc_auc=0.7133 val_loss=0.1290 val_metric_name=roc_auc val_metric=0.7133
Step  650 | loss 0.1205 | val_acc=0.9712 val_roc_auc=0.7178 val_loss=0.1283 val_metric_name=roc_auc val_metric=0.7178
Step  700 | loss 0.1207 | val_acc=0.9711 val_roc_auc=0.7225 val_loss=0.1277 val_metric_name=roc_auc val_metric=0.7225
Step  750 | loss 0.1187 | val_acc=0.9710 val_roc_auc=0.7272 val_loss=0.1272 val_metric_name=roc_auc val_metric=0.7272
Step  800 | loss 0.1186 | val_acc=0.9711 val_roc_auc=0.7316 val_loss=0.1270 val_metric_name=roc_auc val_metric=0.7316
Step  850 | loss 0.1172 | val_acc=0.9710 val_roc_auc=0.7355 val_loss=0.1267 val_metric_name=roc_auc val_metric=0.7355
Step  900 | loss 0.1171 | val_acc=0.9708 val_roc_auc=0.7391 val_loss=0.1265 val_metric_name=roc_auc val_metric=0.7391
Step  950 | loss 0.1154 | val_acc=0.9710 val_roc_auc=0.7423 val_loss=0.1264 val_metric_name=roc_auc val_metric=0.7423
Step 1000 | loss 0.1136 | val_acc=0.9708 val_roc_auc=0.7450 val_loss=0.1261 val_metric_name=roc_auc val_metric=0.7450
Step 1050 | loss 0.1145 | val_acc=0.9708 val_roc_auc=0.7474 val_loss=0.1259 val_metric_name=roc_auc val_metric=0.7474
Step 1100 | loss 0.1130 | val_acc=0.9708 val_roc_auc=0.7496 val_loss=0.1260 val_metric_name=roc_auc val_metric=0.7496
Step 1150 | loss 0.1106 | val_acc=0.9709 val_roc_auc=0.7514 val_loss=0.1262 val_metric_name=roc_auc val_metric=0.7514
Step 1200 | loss 0.1096 | val_acc=0.9710 val_roc_auc=0.7527 val_loss=0.1259 val_metric_name=roc_auc val_metric=0.7527
Step 1250 | loss 0.1096 | val_acc=0.9710 val_roc_auc=0.7542 val_loss=0.1260 val_metric_name=roc_auc val_metric=0.7542
Step 1300 | loss 0.1090 | val_acc=0.9711 val_roc_auc=0.7554 val_loss=0.1262 val_metric_name=roc_auc val_metric=0.7554
Step 1350 | loss 0.1069 | val_acc=0.9708 val_roc_auc=0.7565 val_loss=0.1262 val_metric_name=roc_auc val_metric=0.7565
Step 1400 | loss 0.1051 | val_acc=0.9706 val_roc_auc=0.7571 val_loss=0.1265 val_metric_name=roc_auc val_metric=0.7571
Step 1450 | loss 0.1044 | val_acc=0.9704 val_roc_auc=0.7574 val_loss=0.1272 val_metric_name=roc_auc val_metric=0.7574
Step 1500 | loss 0.1036 | val_acc=0.9706 val_roc_auc=0.7575 val_loss=0.1272 val_metric_name=roc_auc val_metric=0.7575
Step 1550 | loss 0.1025 | val_acc=0.9705 val_roc_auc=0.7576 val_loss=0.1281 val_metric_name=roc_auc val_metric=0.7576
Step 1600 | loss 0.1021 | val_acc=0.9702 val_roc_auc=0.7576 val_loss=0.1282 val_metric_name=roc_auc val_metric=0.7576
Step 1650 | loss 0.0995 | val_acc=0.9699 val_roc_auc=0.7579 val_loss=0.1287 val_metric_name=roc_auc val_metric=0.7579
Step 1700 | loss 0.0991 | val_acc=0.9700 val_roc_auc=0.7573 val_loss=0.1293 val_metric_name=roc_auc val_metric=0.7573
Step 1750 | loss 0.0973 | val_acc=0.9699 val_roc_auc=0.7563 val_loss=0.1310 val_metric_name=roc_auc val_metric=0.7563
Step 1800 | loss 0.0957 | val_acc=0.9697 val_roc_auc=0.7565 val_loss=0.1322 val_metric_name=roc_auc val_metric=0.7565
Step 1850 | loss 0.0958 | val_acc=0.9694 val_roc_auc=0.7548 val_loss=0.1329 val_metric_name=roc_auc val_metric=0.7548
Step 1900 | loss 0.0940 | val_acc=0.9691 val_roc_auc=0.7538 val_loss=0.1344 val_metric_name=roc_auc val_metric=0.7538
Early stopping at step 1949

--- Final (best ckpt @ step 1640) ---
  train_acc=0.9738 train_roc_auc=0.8750 train_loss=0.0960 train_metric_name=roc_auc train_metric=0.8750
  val_acc=0.9702 val_roc_auc=0.7580 val_loss=0.1290 val_metric_name=roc_auc val_metric=0.7580
  test_acc=0.9711 test_roc_auc=0.7606 test_loss=0.1279 test_metric_name=roc_auc test_metric=0.7606
  test_roc_auc=0.7606

============================================================
Training questions GAT 1L h=256 lr=6e-05 split=5
============================================================
Training for 5000 steps
Step    1 | loss 0.6809 | val_acc=0.9607 val_roc_auc=0.3904 val_loss=0.5141 val_metric_name=roc_auc val_metric=0.3904
Step   50 | loss 0.1383 | val_acc=0.9702 val_roc_auc=0.4395 val_loss=0.1518 val_metric_name=roc_auc val_metric=0.4395
Step  100 | loss 0.1341 | val_acc=0.9702 val_roc_auc=0.6113 val_loss=0.1399 val_metric_name=roc_auc val_metric=0.6113
Step  150 | loss 0.1308 | val_acc=0.9702 val_roc_auc=0.6630 val_loss=0.1360 val_metric_name=roc_auc val_metric=0.6630
Step  200 | loss 0.1286 | val_acc=0.9704 val_roc_auc=0.6880 val_loss=0.1334 val_metric_name=roc_auc val_metric=0.6880
Step  250 | loss 0.1261 | val_acc=0.9705 val_roc_auc=0.6999 val_loss=0.1313 val_metric_name=roc_auc val_metric=0.6999
Step  300 | loss 0.1240 | val_acc=0.9711 val_roc_auc=0.7077 val_loss=0.1295 val_metric_name=roc_auc val_metric=0.7077
Step  350 | loss 0.1219 | val_acc=0.9711 val_roc_auc=0.7161 val_loss=0.1279 val_metric_name=roc_auc val_metric=0.7161
Step  400 | loss 0.1196 | val_acc=0.9711 val_roc_auc=0.7253 val_loss=0.1270 val_metric_name=roc_auc val_metric=0.7253
Step  450 | loss 0.1175 | val_acc=0.9711 val_roc_auc=0.7329 val_loss=0.1266 val_metric_name=roc_auc val_metric=0.7329
Step  500 | loss 0.1158 | val_acc=0.9710 val_roc_auc=0.7392 val_loss=0.1263 val_metric_name=roc_auc val_metric=0.7392
Step  550 | loss 0.1143 | val_acc=0.9709 val_roc_auc=0.7442 val_loss=0.1259 val_metric_name=roc_auc val_metric=0.7442
Step  600 | loss 0.1129 | val_acc=0.9708 val_roc_auc=0.7486 val_loss=0.1264 val_metric_name=roc_auc val_metric=0.7486
Step  650 | loss 0.1103 | val_acc=0.9711 val_roc_auc=0.7520 val_loss=0.1263 val_metric_name=roc_auc val_metric=0.7520
Step  700 | loss 0.1097 | val_acc=0.9711 val_roc_auc=0.7546 val_loss=0.1266 val_metric_name=roc_auc val_metric=0.7546
Step  750 | loss 0.1071 | val_acc=0.9707 val_roc_auc=0.7560 val_loss=0.1263 val_metric_name=roc_auc val_metric=0.7560
Step  800 | loss 0.1056 | val_acc=0.9706 val_roc_auc=0.7576 val_loss=0.1267 val_metric_name=roc_auc val_metric=0.7576
Step  850 | loss 0.1037 | val_acc=0.9705 val_roc_auc=0.7573 val_loss=0.1279 val_metric_name=roc_auc val_metric=0.7573
Step  900 | loss 0.1017 | val_acc=0.9705 val_roc_auc=0.7574 val_loss=0.1292 val_metric_name=roc_auc val_metric=0.7574
Step  950 | loss 0.0987 | val_acc=0.9698 val_roc_auc=0.7566 val_loss=0.1312 val_metric_name=roc_auc val_metric=0.7566
Step 1000 | loss 0.0959 | val_acc=0.9695 val_roc_auc=0.7552 val_loss=0.1324 val_metric_name=roc_auc val_metric=0.7552
Step 1050 | loss 0.0949 | val_acc=0.9696 val_roc_auc=0.7542 val_loss=0.1348 val_metric_name=roc_auc val_metric=0.7542
Step 1100 | loss 0.0920 | val_acc=0.9689 val_roc_auc=0.7514 val_loss=0.1372 val_metric_name=roc_auc val_metric=0.7514
Step 1150 | loss 0.0872 | val_acc=0.9685 val_roc_auc=0.7503 val_loss=0.1405 val_metric_name=roc_auc val_metric=0.7503
Step 1200 | loss 0.0848 | val_acc=0.9682 val_roc_auc=0.7464 val_loss=0.1428 val_metric_name=roc_auc val_metric=0.7464
Early stopping at step 1204

--- Final (best ckpt @ step 870) ---
  train_acc=0.9734 train_roc_auc=0.8677 train_loss=0.0982 train_metric_name=roc_auc train_metric=0.8677
  val_acc=0.9706 val_roc_auc=0.7576 val_loss=0.1287 val_metric_name=roc_auc val_metric=0.7576
  test_acc=0.9717 test_roc_auc=0.7618 test_loss=0.1272 test_metric_name=roc_auc test_metric=0.7618
  test_roc_auc=0.7618

============================================================
Training questions GAT 1L h=256 lr=0.0001 split=5
============================================================
Training for 5000 steps
Step    1 | loss 0.6809 | val_acc=0.9701 val_roc_auc=0.3897 val_loss=0.4360 val_metric_name=roc_auc val_metric=0.3897
Step   50 | loss 0.1351 | val_acc=0.9702 val_roc_auc=0.5781 val_loss=0.1423 val_metric_name=roc_auc val_metric=0.5781
Step  100 | loss 0.1304 | val_acc=0.9702 val_roc_auc=0.6642 val_loss=0.1351 val_metric_name=roc_auc val_metric=0.6642
Step  150 | loss 0.1269 | val_acc=0.9704 val_roc_auc=0.6953 val_loss=0.1318 val_metric_name=roc_auc val_metric=0.6953
Step  200 | loss 0.1238 | val_acc=0.9711 val_roc_auc=0.7076 val_loss=0.1291 val_metric_name=roc_auc val_metric=0.7076
Step  250 | loss 0.1207 | val_acc=0.9713 val_roc_auc=0.7207 val_loss=0.1274 val_metric_name=roc_auc val_metric=0.7207
Step  300 | loss 0.1172 | val_acc=0.9711 val_roc_auc=0.7325 val_loss=0.1262 val_metric_name=roc_auc val_metric=0.7325
Step  350 | loss 0.1146 | val_acc=0.9711 val_roc_auc=0.7412 val_loss=0.1261 val_metric_name=roc_auc val_metric=0.7412
Step  400 | loss 0.1125 | val_acc=0.9711 val_roc_auc=0.7472 val_loss=0.1258 val_metric_name=roc_auc val_metric=0.7472
Step  450 | loss 0.1098 | val_acc=0.9710 val_roc_auc=0.7517 val_loss=0.1259 val_metric_name=roc_auc val_metric=0.7517
Step  500 | loss 0.1066 | val_acc=0.9706 val_roc_auc=0.7545 val_loss=0.1257 val_metric_name=roc_auc val_metric=0.7545
Step  550 | loss 0.1041 | val_acc=0.9709 val_roc_auc=0.7570 val_loss=0.1280 val_metric_name=roc_auc val_metric=0.7570
Step  600 | loss 0.1008 | val_acc=0.9705 val_roc_auc=0.7574 val_loss=0.1289 val_metric_name=roc_auc val_metric=0.7574
Step  650 | loss 0.0971 | val_acc=0.9697 val_roc_auc=0.7554 val_loss=0.1319 val_metric_name=roc_auc val_metric=0.7554
Step  700 | loss 0.0942 | val_acc=0.9690 val_roc_auc=0.7539 val_loss=0.1354 val_metric_name=roc_auc val_metric=0.7539
Step  750 | loss 0.0900 | val_acc=0.9677 val_roc_auc=0.7526 val_loss=0.1395 val_metric_name=roc_auc val_metric=0.7526
Step  800 | loss 0.0850 | val_acc=0.9670 val_roc_auc=0.7477 val_loss=0.1442 val_metric_name=roc_auc val_metric=0.7477
Step  850 | loss 0.0794 | val_acc=0.9656 val_roc_auc=0.7414 val_loss=0.1515 val_metric_name=roc_auc val_metric=0.7414
Early stopping at step 899

--- Final (best ckpt @ step 580) ---
  train_acc=0.9735 train_roc_auc=0.8664 train_loss=0.0977 train_metric_name=roc_auc train_metric=0.8664
  val_acc=0.9708 val_roc_auc=0.7574 val_loss=0.1281 val_metric_name=roc_auc val_metric=0.7574
  test_acc=0.9715 test_roc_auc=0.7605 test_loss=0.1265 test_metric_name=roc_auc test_metric=0.7605
  test_roc_auc=0.7605

============================================================
Training questions GAT 1L h=256 lr=1e-05 split=5
============================================================
Training for 5000 steps
Step    1 | loss 0.6809 | val_acc=0.7564 val_roc_auc=0.3920 val_loss=0.6324 val_metric_name=roc_auc val_metric=0.3920
Step   50 | loss 0.2288 | val_acc=0.9702 val_roc_auc=0.3901 val_loss=0.1623 val_metric_name=roc_auc val_metric=0.3901
Step  100 | loss 0.1626 | val_acc=0.9702 val_roc_auc=0.3972 val_loss=0.1382 val_metric_name=roc_auc val_metric=0.3972
Step  150 | loss 0.1479 | val_acc=0.9702 val_roc_auc=0.4039 val_loss=0.1413 val_metric_name=roc_auc val_metric=0.4039
Step  200 | loss 0.1435 | val_acc=0.9702 val_roc_auc=0.4139 val_loss=0.1450 val_metric_name=roc_auc val_metric=0.4139
Step  250 | loss 0.1405 | val_acc=0.9702 val_roc_auc=0.4266 val_loss=0.1470 val_metric_name=roc_auc val_metric=0.4266
Step  300 | loss 0.1401 | val_acc=0.9702 val_roc_auc=0.4441 val_loss=0.1475 val_metric_name=roc_auc val_metric=0.4441
Step  350 | loss 0.1385 | val_acc=0.9702 val_roc_auc=0.4708 val_loss=0.1471 val_metric_name=roc_auc val_metric=0.4708
Step  400 | loss 0.1377 | val_acc=0.9702 val_roc_auc=0.5115 val_loss=0.1461 val_metric_name=roc_auc val_metric=0.5115
Step  450 | loss 0.1364 | val_acc=0.9702 val_roc_auc=0.5583 val_loss=0.1448 val_metric_name=roc_auc val_metric=0.5583
Step  500 | loss 0.1359 | val_acc=0.9702 val_roc_auc=0.5914 val_loss=0.1435 val_metric_name=roc_auc val_metric=0.5914
Step  550 | loss 0.1344 | val_acc=0.9702 val_roc_auc=0.6122 val_loss=0.1421 val_metric_name=roc_auc val_metric=0.6122
Step  600 | loss 0.1341 | val_acc=0.9702 val_roc_auc=0.6276 val_loss=0.1408 val_metric_name=roc_auc val_metric=0.6276
Step  650 | loss 0.1325 | val_acc=0.9702 val_roc_auc=0.6399 val_loss=0.1397 val_metric_name=roc_auc val_metric=0.6399
Step  700 | loss 0.1323 | val_acc=0.9702 val_roc_auc=0.6504 val_loss=0.1388 val_metric_name=roc_auc val_metric=0.6504
Step  750 | loss 0.1314 | val_acc=0.9702 val_roc_auc=0.6597 val_loss=0.1378 val_metric_name=roc_auc val_metric=0.6597
Step  800 | loss 0.1314 | val_acc=0.9702 val_roc_auc=0.6676 val_loss=0.1371 val_metric_name=roc_auc val_metric=0.6676
Step  850 | loss 0.1302 | val_acc=0.9702 val_roc_auc=0.6741 val_loss=0.1364 val_metric_name=roc_auc val_metric=0.6741
Step  900 | loss 0.1305 | val_acc=0.9703 val_roc_auc=0.6796 val_loss=0.1357 val_metric_name=roc_auc val_metric=0.6796
Step  950 | loss 0.1293 | val_acc=0.9704 val_roc_auc=0.6842 val_loss=0.1351 val_metric_name=roc_auc val_metric=0.6842
Step 1000 | loss 0.1284 | val_acc=0.9704 val_roc_auc=0.6878 val_loss=0.1345 val_metric_name=roc_auc val_metric=0.6878
Step 1050 | loss 0.1283 | val_acc=0.9704 val_roc_auc=0.6909 val_loss=0.1340 val_metric_name=roc_auc val_metric=0.6909
Step 1100 | loss 0.1278 | val_acc=0.9704 val_roc_auc=0.6936 val_loss=0.1335 val_metric_name=roc_auc val_metric=0.6936
Step 1150 | loss 0.1270 | val_acc=0.9704 val_roc_auc=0.6962 val_loss=0.1329 val_metric_name=roc_auc val_metric=0.6962
Step 1200 | loss 0.1264 | val_acc=0.9704 val_roc_auc=0.6982 val_loss=0.1325 val_metric_name=roc_auc val_metric=0.6982
Step 1250 | loss 0.1257 | val_acc=0.9705 val_roc_auc=0.7002 val_loss=0.1320 val_metric_name=roc_auc val_metric=0.7002
Step 1300 | loss 0.1259 | val_acc=0.9705 val_roc_auc=0.7020 val_loss=0.1317 val_metric_name=roc_auc val_metric=0.7020
Step 1350 | loss 0.1252 | val_acc=0.9706 val_roc_auc=0.7037 val_loss=0.1312 val_metric_name=roc_auc val_metric=0.7037
Step 1400 | loss 0.1242 | val_acc=0.9707 val_roc_auc=0.7054 val_loss=0.1308 val_metric_name=roc_auc val_metric=0.7054
Step 1450 | loss 0.1241 | val_acc=0.9710 val_roc_auc=0.7071 val_loss=0.1304 val_metric_name=roc_auc val_metric=0.7071
Step 1500 | loss 0.1231 | val_acc=0.9711 val_roc_auc=0.7088 val_loss=0.1300 val_metric_name=roc_auc val_metric=0.7088
Step 1550 | loss 0.1227 | val_acc=0.9711 val_roc_auc=0.7107 val_loss=0.1297 val_metric_name=roc_auc val_metric=0.7107
Step 1600 | loss 0.1230 | val_acc=0.9711 val_roc_auc=0.7125 val_loss=0.1294 val_metric_name=roc_auc val_metric=0.7125
Step 1650 | loss 0.1222 | val_acc=0.9711 val_roc_auc=0.7143 val_loss=0.1290 val_metric_name=roc_auc val_metric=0.7143
Step 1700 | loss 0.1216 | val_acc=0.9711 val_roc_auc=0.7160 val_loss=0.1287 val_metric_name=roc_auc val_metric=0.7160
Step 1750 | loss 0.1214 | val_acc=0.9711 val_roc_auc=0.7178 val_loss=0.1284 val_metric_name=roc_auc val_metric=0.7178
Step 1800 | loss 0.1211 | val_acc=0.9712 val_roc_auc=0.7197 val_loss=0.1281 val_metric_name=roc_auc val_metric=0.7197
Step 1850 | loss 0.1212 | val_acc=0.9712 val_roc_auc=0.7215 val_loss=0.1279 val_metric_name=roc_auc val_metric=0.7215
Step 1900 | loss 0.1201 | val_acc=0.9711 val_roc_auc=0.7233 val_loss=0.1276 val_metric_name=roc_auc val_metric=0.7233
Step 1950 | loss 0.1198 | val_acc=0.9711 val_roc_auc=0.7252 val_loss=0.1275 val_metric_name=roc_auc val_metric=0.7252
Step 2000 | loss 0.1194 | val_acc=0.9711 val_roc_auc=0.7271 val_loss=0.1273 val_metric_name=roc_auc val_metric=0.7271
Step 2050 | loss 0.1184 | val_acc=0.9710 val_roc_auc=0.7287 val_loss=0.1272 val_metric_name=roc_auc val_metric=0.7287
Step 2100 | loss 0.1184 | val_acc=0.9710 val_roc_auc=0.7305 val_loss=0.1270 val_metric_name=roc_auc val_metric=0.7305
Step 2150 | loss 0.1183 | val_acc=0.9710 val_roc_auc=0.7323 val_loss=0.1269 val_metric_name=roc_auc val_metric=0.7323
Step 2200 | loss 0.1181 | val_acc=0.9710 val_roc_auc=0.7339 val_loss=0.1268 val_metric_name=roc_auc val_metric=0.7339
Step 2250 | loss 0.1164 | val_acc=0.9709 val_roc_auc=0.7355 val_loss=0.1266 val_metric_name=roc_auc val_metric=0.7355
Step 2300 | loss 0.1161 | val_acc=0.9708 val_roc_auc=0.7370 val_loss=0.1265 val_metric_name=roc_auc val_metric=0.7370
Step 2350 | loss 0.1164 | val_acc=0.9707 val_roc_auc=0.7386 val_loss=0.1263 val_metric_name=roc_auc val_metric=0.7386
Step 2400 | loss 0.1159 | val_acc=0.9707 val_roc_auc=0.7400 val_loss=0.1263 val_metric_name=roc_auc val_metric=0.7400
Step 2450 | loss 0.1162 | val_acc=0.9708 val_roc_auc=0.7413 val_loss=0.1263 val_metric_name=roc_auc val_metric=0.7413
Step 2500 | loss 0.1148 | val_acc=0.9709 val_roc_auc=0.7425 val_loss=0.1262 val_metric_name=roc_auc val_metric=0.7425
Step 2550 | loss 0.1148 | val_acc=0.9709 val_roc_auc=0.7437 val_loss=0.1261 val_metric_name=roc_auc val_metric=0.7437
Step 2600 | loss 0.1147 | val_acc=0.9707 val_roc_auc=0.7448 val_loss=0.1262 val_metric_name=roc_auc val_metric=0.7448
Step 2650 | loss 0.1138 | val_acc=0.9708 val_roc_auc=0.7458 val_loss=0.1261 val_metric_name=roc_auc val_metric=0.7458
Step 2700 | loss 0.1141 | val_acc=0.9707 val_roc_auc=0.7469 val_loss=0.1261 val_metric_name=roc_auc val_metric=0.7469
Step 2750 | loss 0.1132 | val_acc=0.9707 val_roc_auc=0.7477 val_loss=0.1258 val_metric_name=roc_auc val_metric=0.7477
Step 2800 | loss 0.1127 | val_acc=0.9707 val_roc_auc=0.7485 val_loss=0.1259 val_metric_name=roc_auc val_metric=0.7485
Step 2850 | loss 0.1132 | val_acc=0.9707 val_roc_auc=0.7493 val_loss=0.1261 val_metric_name=roc_auc val_metric=0.7493
Step 2900 | loss 0.1121 | val_acc=0.9708 val_roc_auc=0.7501 val_loss=0.1260 val_metric_name=roc_auc val_metric=0.7501
Step 2950 | loss 0.1115 | val_acc=0.9709 val_roc_auc=0.7508 val_loss=0.1258 val_metric_name=roc_auc val_metric=0.7508
Step 3000 | loss 0.1107 | val_acc=0.9709 val_roc_auc=0.7517 val_loss=0.1258 val_metric_name=roc_auc val_metric=0.7517
Step 3050 | loss 0.1105 | val_acc=0.9710 val_roc_auc=0.7523 val_loss=0.1259 val_metric_name=roc_auc val_metric=0.7523
Step 3100 | loss 0.1101 | val_acc=0.9709 val_roc_auc=0.7531 val_loss=0.1257 val_metric_name=roc_auc val_metric=0.7531
Step 3150 | loss 0.1098 | val_acc=0.9711 val_roc_auc=0.7537 val_loss=0.1257 val_metric_name=roc_auc val_metric=0.7537
Step 3200 | loss 0.1094 | val_acc=0.9710 val_roc_auc=0.7542 val_loss=0.1259 val_metric_name=roc_auc val_metric=0.7542
Step 3250 | loss 0.1085 | val_acc=0.9710 val_roc_auc=0.7547 val_loss=0.1257 val_metric_name=roc_auc val_metric=0.7547
Step 3300 | loss 0.1084 | val_acc=0.9712 val_roc_auc=0.7550 val_loss=0.1259 val_metric_name=roc_auc val_metric=0.7550
Step 3350 | loss 0.1081 | val_acc=0.9711 val_roc_auc=0.7555 val_loss=0.1259 val_metric_name=roc_auc val_metric=0.7555
Step 3400 | loss 0.1073 | val_acc=0.9712 val_roc_auc=0.7559 val_loss=0.1256 val_metric_name=roc_auc val_metric=0.7559
Step 3450 | loss 0.1068 | val_acc=0.9712 val_roc_auc=0.7560 val_loss=0.1259 val_metric_name=roc_auc val_metric=0.7560
Step 3500 | loss 0.1077 | val_acc=0.9710 val_roc_auc=0.7565 val_loss=0.1262 val_metric_name=roc_auc val_metric=0.7565
Step 3550 | loss 0.1063 | val_acc=0.9709 val_roc_auc=0.7567 val_loss=0.1262 val_metric_name=roc_auc val_metric=0.7567
Step 3600 | loss 0.1074 | val_acc=0.9706 val_roc_auc=0.7570 val_loss=0.1263 val_metric_name=roc_auc val_metric=0.7570
Step 3650 | loss 0.1044 | val_acc=0.9706 val_roc_auc=0.7571 val_loss=0.1264 val_metric_name=roc_auc val_metric=0.7571
Step 3700 | loss 0.1049 | val_acc=0.9706 val_roc_auc=0.7570 val_loss=0.1265 val_metric_name=roc_auc val_metric=0.7570
Step 3750 | loss 0.1038 | val_acc=0.9706 val_roc_auc=0.7571 val_loss=0.1268 val_metric_name=roc_auc val_metric=0.7571
Step 3800 | loss 0.1047 | val_acc=0.9705 val_roc_auc=0.7568 val_loss=0.1271 val_metric_name=roc_auc val_metric=0.7568
Step 3850 | loss 0.1030 | val_acc=0.9705 val_roc_auc=0.7571 val_loss=0.1272 val_metric_name=roc_auc val_metric=0.7571
Step 3900 | loss 0.1026 | val_acc=0.9704 val_roc_auc=0.7568 val_loss=0.1276 val_metric_name=roc_auc val_metric=0.7568
Step 3950 | loss 0.1021 | val_acc=0.9703 val_roc_auc=0.7569 val_loss=0.1276 val_metric_name=roc_auc val_metric=0.7569
Step 4000 | loss 0.1008 | val_acc=0.9702 val_roc_auc=0.7567 val_loss=0.1282 val_metric_name=roc_auc val_metric=0.7567
Step 4050 | loss 0.1004 | val_acc=0.9702 val_roc_auc=0.7568 val_loss=0.1281 val_metric_name=roc_auc val_metric=0.7568
Step 4100 | loss 0.1008 | val_acc=0.9703 val_roc_auc=0.7568 val_loss=0.1287 val_metric_name=roc_auc val_metric=0.7568
Step 4150 | loss 0.0999 | val_acc=0.9702 val_roc_auc=0.7564 val_loss=0.1288 val_metric_name=roc_auc val_metric=0.7564
Early stopping at step 4167

--- Final (best ckpt @ step 3860) ---
  train_acc=0.9733 train_roc_auc=0.8640 train_loss=0.0990 train_metric_name=roc_auc train_metric=0.8640
  val_acc=0.9703 val_roc_auc=0.7573 val_loss=0.1272 val_metric_name=roc_auc val_metric=0.7573
  test_acc=0.9711 test_roc_auc=0.7607 test_loss=0.1263 test_metric_name=roc_auc test_metric=0.7607
  test_roc_auc=0.7607

============================================================
Training questions GAT 1L h=384 lr=3e-05 split=5
============================================================
Training for 5000 steps
Step    1 | loss 0.5416 | val_acc=0.9699 val_roc_auc=0.4673 val_loss=0.3870 val_metric_name=roc_auc val_metric=0.4673
Step   50 | loss 0.1382 | val_acc=0.9702 val_roc_auc=0.5338 val_loss=0.1544 val_metric_name=roc_auc val_metric=0.5338
Step  100 | loss 0.1342 | val_acc=0.9702 val_roc_auc=0.5916 val_loss=0.1408 val_metric_name=roc_auc val_metric=0.5916
Step  150 | loss 0.1312 | val_acc=0.9702 val_roc_auc=0.6266 val_loss=0.1373 val_metric_name=roc_auc val_metric=0.6266
Step  200 | loss 0.1291 | val_acc=0.9706 val_roc_auc=0.6543 val_loss=0.1352 val_metric_name=roc_auc val_metric=0.6543
Step  250 | loss 0.1275 | val_acc=0.9711 val_roc_auc=0.6740 val_loss=0.1330 val_metric_name=roc_auc val_metric=0.6740
Step  300 | loss 0.1255 | val_acc=0.9710 val_roc_auc=0.6888 val_loss=0.1310 val_metric_name=roc_auc val_metric=0.6888
Step  350 | loss 0.1232 | val_acc=0.9707 val_roc_auc=0.7016 val_loss=0.1291 val_metric_name=roc_auc val_metric=0.7016
Step  400 | loss 0.1218 | val_acc=0.9707 val_roc_auc=0.7129 val_loss=0.1276 val_metric_name=roc_auc val_metric=0.7129
Step  450 | loss 0.1198 | val_acc=0.9708 val_roc_auc=0.7222 val_loss=0.1267 val_metric_name=roc_auc val_metric=0.7222
Step  500 | loss 0.1180 | val_acc=0.9706 val_roc_auc=0.7294 val_loss=0.1255 val_metric_name=roc_auc val_metric=0.7294
Step  550 | loss 0.1167 | val_acc=0.9708 val_roc_auc=0.7346 val_loss=0.1252 val_metric_name=roc_auc val_metric=0.7346
Step  600 | loss 0.1152 | val_acc=0.9708 val_roc_auc=0.7390 val_loss=0.1250 val_metric_name=roc_auc val_metric=0.7390
Step  650 | loss 0.1126 | val_acc=0.9707 val_roc_auc=0.7434 val_loss=0.1250 val_metric_name=roc_auc val_metric=0.7434
Step  700 | loss 0.1115 | val_acc=0.9702 val_roc_auc=0.7471 val_loss=0.1249 val_metric_name=roc_auc val_metric=0.7471
Step  750 | loss 0.1102 | val_acc=0.9701 val_roc_auc=0.7496 val_loss=0.1250 val_metric_name=roc_auc val_metric=0.7496
Step  800 | loss 0.1100 | val_acc=0.9699 val_roc_auc=0.7523 val_loss=0.1252 val_metric_name=roc_auc val_metric=0.7523
Step  850 | loss 0.1086 | val_acc=0.9697 val_roc_auc=0.7542 val_loss=0.1251 val_metric_name=roc_auc val_metric=0.7542
Step  900 | loss 0.1074 | val_acc=0.9692 val_roc_auc=0.7557 val_loss=0.1256 val_metric_name=roc_auc val_metric=0.7557
Step  950 | loss 0.1070 | val_acc=0.9693 val_roc_auc=0.7570 val_loss=0.1259 val_metric_name=roc_auc val_metric=0.7570
Step 1000 | loss 0.1043 | val_acc=0.9693 val_roc_auc=0.7574 val_loss=0.1263 val_metric_name=roc_auc val_metric=0.7574
Step 1050 | loss 0.1032 | val_acc=0.9696 val_roc_auc=0.7571 val_loss=0.1272 val_metric_name=roc_auc val_metric=0.7571
Step 1100 | loss 0.1014 | val_acc=0.9692 val_roc_auc=0.7571 val_loss=0.1281 val_metric_name=roc_auc val_metric=0.7571
Step 1150 | loss 0.0986 | val_acc=0.9689 val_roc_auc=0.7551 val_loss=0.1296 val_metric_name=roc_auc val_metric=0.7551
Step 1200 | loss 0.0985 | val_acc=0.9681 val_roc_auc=0.7556 val_loss=0.1303 val_metric_name=roc_auc val_metric=0.7556
Step 1250 | loss 0.0952 | val_acc=0.9676 val_roc_auc=0.7556 val_loss=0.1321 val_metric_name=roc_auc val_metric=0.7556
Step 1300 | loss 0.0947 | val_acc=0.9676 val_roc_auc=0.7547 val_loss=0.1333 val_metric_name=roc_auc val_metric=0.7547
Step 1350 | loss 0.0922 | val_acc=0.9677 val_roc_auc=0.7528 val_loss=0.1352 val_metric_name=roc_auc val_metric=0.7528
Early stopping at step 1367

--- Final (best ckpt @ step 990) ---
  train_acc=0.9724 train_roc_auc=0.8546 train_loss=0.0999 train_metric_name=roc_auc train_metric=0.8546
  val_acc=0.9690 val_roc_auc=0.7577 val_loss=0.1264 val_metric_name=roc_auc val_metric=0.7577
  test_acc=0.9703 test_roc_auc=0.7548 test_loss=0.1262 test_metric_name=roc_auc test_metric=0.7548
  test_roc_auc=0.7548

============================================================
Training questions GAT 1L h=384 lr=6e-05 split=5
============================================================
Training for 5000 steps
Step    1 | loss 0.5416 | val_acc=0.9702 val_roc_auc=0.4583 val_loss=0.3070 val_metric_name=roc_auc val_metric=0.4583
Step   50 | loss 0.1342 | val_acc=0.9702 val_roc_auc=0.5929 val_loss=0.1374 val_metric_name=roc_auc val_metric=0.5929
Step  100 | loss 0.1299 | val_acc=0.9702 val_roc_auc=0.6419 val_loss=0.1350 val_metric_name=roc_auc val_metric=0.6419
Step  150 | loss 0.1270 | val_acc=0.9711 val_roc_auc=0.6753 val_loss=0.1323 val_metric_name=roc_auc val_metric=0.6753
Step  200 | loss 0.1240 | val_acc=0.9707 val_roc_auc=0.6986 val_loss=0.1293 val_metric_name=roc_auc val_metric=0.6986
Step  250 | loss 0.1204 | val_acc=0.9709 val_roc_auc=0.7178 val_loss=0.1267 val_metric_name=roc_auc val_metric=0.7178
Step  300 | loss 0.1162 | val_acc=0.9707 val_roc_auc=0.7311 val_loss=0.1256 val_metric_name=roc_auc val_metric=0.7311
Step  350 | loss 0.1144 | val_acc=0.9709 val_roc_auc=0.7401 val_loss=0.1252 val_metric_name=roc_auc val_metric=0.7401
Step  400 | loss 0.1121 | val_acc=0.9707 val_roc_auc=0.7469 val_loss=0.1245 val_metric_name=roc_auc val_metric=0.7469
Step  450 | loss 0.1108 | val_acc=0.9704 val_roc_auc=0.7525 val_loss=0.1247 val_metric_name=roc_auc val_metric=0.7525
Step  500 | loss 0.1081 | val_acc=0.9695 val_roc_auc=0.7577 val_loss=0.1251 val_metric_name=roc_auc val_metric=0.7577
Step  550 | loss 0.1059 | val_acc=0.9693 val_roc_auc=0.7593 val_loss=0.1257 val_metric_name=roc_auc val_metric=0.7593
Step  600 | loss 0.1032 | val_acc=0.9693 val_roc_auc=0.7598 val_loss=0.1278 val_metric_name=roc_auc val_metric=0.7598
Step  650 | loss 0.0984 | val_acc=0.9685 val_roc_auc=0.7601 val_loss=0.1292 val_metric_name=roc_auc val_metric=0.7601
Step  700 | loss 0.0959 | val_acc=0.9679 val_roc_auc=0.7600 val_loss=0.1312 val_metric_name=roc_auc val_metric=0.7600
Step  750 | loss 0.0923 | val_acc=0.9663 val_roc_auc=0.7572 val_loss=0.1348 val_metric_name=roc_auc val_metric=0.7572
Step  800 | loss 0.0879 | val_acc=0.9664 val_roc_auc=0.7560 val_loss=0.1381 val_metric_name=roc_auc val_metric=0.7560
Step  850 | loss 0.0833 | val_acc=0.9647 val_roc_auc=0.7529 val_loss=0.1418 val_metric_name=roc_auc val_metric=0.7529
Step  900 | loss 0.0806 | val_acc=0.9650 val_roc_auc=0.7472 val_loss=0.1455 val_metric_name=roc_auc val_metric=0.7472
Step  950 | loss 0.0732 | val_acc=0.9637 val_roc_auc=0.7436 val_loss=0.1518 val_metric_name=roc_auc val_metric=0.7436
Early stopping at step 970

--- Final (best ckpt @ step 670) ---
  train_acc=0.9746 train_roc_auc=0.8858 train_loss=0.0900 train_metric_name=roc_auc train_metric=0.8858
  val_acc=0.9675 val_roc_auc=0.7612 val_loss=0.1302 val_metric_name=roc_auc val_metric=0.7612
  test_acc=0.9678 test_roc_auc=0.7570 test_loss=0.1304 test_metric_name=roc_auc test_metric=0.7570
  test_roc_auc=0.7570

============================================================
Training questions GAT 1L h=384 lr=0.0001 split=5
============================================================
Training for 5000 steps
Step    1 | loss 0.5416 | val_acc=0.9702 val_roc_auc=0.4485 val_loss=0.2325 val_metric_name=roc_auc val_metric=0.4485
Step   50 | loss 0.1319 | val_acc=0.9702 val_roc_auc=0.6207 val_loss=0.1367 val_metric_name=roc_auc val_metric=0.6207
Step  100 | loss 0.1274 | val_acc=0.9710 val_roc_auc=0.6715 val_loss=0.1319 val_metric_name=roc_auc val_metric=0.6715
Step  150 | loss 0.1232 | val_acc=0.9708 val_roc_auc=0.7048 val_loss=0.1281 val_metric_name=roc_auc val_metric=0.7048
Step  200 | loss 0.1182 | val_acc=0.9707 val_roc_auc=0.7290 val_loss=0.1257 val_metric_name=roc_auc val_metric=0.7290
Step  250 | loss 0.1140 | val_acc=0.9707 val_roc_auc=0.7419 val_loss=0.1252 val_metric_name=roc_auc val_metric=0.7419
Step  300 | loss 0.1101 | val_acc=0.9706 val_roc_auc=0.7526 val_loss=0.1249 val_metric_name=roc_auc val_metric=0.7526
Step  350 | loss 0.1081 | val_acc=0.9699 val_roc_auc=0.7590 val_loss=0.1251 val_metric_name=roc_auc val_metric=0.7590
Step  400 | loss 0.1031 | val_acc=0.9688 val_roc_auc=0.7629 val_loss=0.1258 val_metric_name=roc_auc val_metric=0.7629
Step  450 | loss 0.1002 | val_acc=0.9682 val_roc_auc=0.7601 val_loss=0.1287 val_metric_name=roc_auc val_metric=0.7601
Step  500 | loss 0.0932 | val_acc=0.9672 val_roc_auc=0.7605 val_loss=0.1322 val_metric_name=roc_auc val_metric=0.7605
Step  550 | loss 0.0863 | val_acc=0.9646 val_roc_auc=0.7542 val_loss=0.1411 val_metric_name=roc_auc val_metric=0.7542
Step  600 | loss 0.0794 | val_acc=0.9623 val_roc_auc=0.7514 val_loss=0.1479 val_metric_name=roc_auc val_metric=0.7514
Step  650 | loss 0.0715 | val_acc=0.9646 val_roc_auc=0.7417 val_loss=0.1544 val_metric_name=roc_auc val_metric=0.7417
Step  700 | loss 0.0637 | val_acc=0.9616 val_roc_auc=0.7330 val_loss=0.1657 val_metric_name=roc_auc val_metric=0.7330
Early stopping at step 700

--- Final (best ckpt @ step 400) ---
  train_acc=0.9724 train_roc_auc=0.8599 train_loss=0.0985 train_metric_name=roc_auc train_metric=0.8599
  val_acc=0.9688 val_roc_auc=0.7629 val_loss=0.1258 val_metric_name=roc_auc val_metric=0.7629
  test_acc=0.9704 test_roc_auc=0.7579 test_loss=0.1255 test_metric_name=roc_auc test_metric=0.7579
  test_roc_auc=0.7579

============================================================
Training questions GAT 1L h=384 lr=1e-05 split=5
============================================================
Training for 5000 steps
Step    1 | loss 0.5416 | val_acc=0.9683 val_roc_auc=0.4741 val_loss=0.4540 val_metric_name=roc_auc val_metric=0.4741
Step   50 | loss 0.1484 | val_acc=0.9702 val_roc_auc=0.4299 val_loss=0.1390 val_metric_name=roc_auc val_metric=0.4299
Step  100 | loss 0.1401 | val_acc=0.9702 val_roc_auc=0.4651 val_loss=0.1478 val_metric_name=roc_auc val_metric=0.4651
Step  150 | loss 0.1383 | val_acc=0.9702 val_roc_auc=0.5326 val_loss=0.1481 val_metric_name=roc_auc val_metric=0.5326
Step  200 | loss 0.1368 | val_acc=0.9702 val_roc_auc=0.5640 val_loss=0.1461 val_metric_name=roc_auc val_metric=0.5640
Step  250 | loss 0.1355 | val_acc=0.9702 val_roc_auc=0.5809 val_loss=0.1439 val_metric_name=roc_auc val_metric=0.5809
Step  300 | loss 0.1342 | val_acc=0.9702 val_roc_auc=0.5967 val_loss=0.1419 val_metric_name=roc_auc val_metric=0.5967
Step  350 | loss 0.1329 | val_acc=0.9702 val_roc_auc=0.6111 val_loss=0.1401 val_metric_name=roc_auc val_metric=0.6111
Step  400 | loss 0.1321 | val_acc=0.9702 val_roc_auc=0.6247 val_loss=0.1387 val_metric_name=roc_auc val_metric=0.6247
Step  450 | loss 0.1302 | val_acc=0.9703 val_roc_auc=0.6369 val_loss=0.1375 val_metric_name=roc_auc val_metric=0.6369
Step  500 | loss 0.1297 | val_acc=0.9702 val_roc_auc=0.6479 val_loss=0.1365 val_metric_name=roc_auc val_metric=0.6479
Step  550 | loss 0.1289 | val_acc=0.9704 val_roc_auc=0.6574 val_loss=0.1355 val_metric_name=roc_auc val_metric=0.6574
Step  600 | loss 0.1288 | val_acc=0.9706 val_roc_auc=0.6658 val_loss=0.1346 val_metric_name=roc_auc val_metric=0.6658
Step  650 | loss 0.1272 | val_acc=0.9708 val_roc_auc=0.6734 val_loss=0.1337 val_metric_name=roc_auc val_metric=0.6734
Step  700 | loss 0.1258 | val_acc=0.9711 val_roc_auc=0.6802 val_loss=0.1329 val_metric_name=roc_auc val_metric=0.6802
Step  750 | loss 0.1254 | val_acc=0.9711 val_roc_auc=0.6861 val_loss=0.1321 val_metric_name=roc_auc val_metric=0.6861
Step  800 | loss 0.1252 | val_acc=0.9711 val_roc_auc=0.6915 val_loss=0.1313 val_metric_name=roc_auc val_metric=0.6915
Step  850 | loss 0.1240 | val_acc=0.9708 val_roc_auc=0.6966 val_loss=0.1305 val_metric_name=roc_auc val_metric=0.6966
Step  900 | loss 0.1244 | val_acc=0.9708 val_roc_auc=0.7012 val_loss=0.1299 val_metric_name=roc_auc val_metric=0.7012
Step  950 | loss 0.1238 | val_acc=0.9708 val_roc_auc=0.7056 val_loss=0.1291 val_metric_name=roc_auc val_metric=0.7056
Step 1000 | loss 0.1222 | val_acc=0.9707 val_roc_auc=0.7097 val_loss=0.1285 val_metric_name=roc_auc val_metric=0.7097
Step 1050 | loss 0.1222 | val_acc=0.9707 val_roc_auc=0.7137 val_loss=0.1278 val_metric_name=roc_auc val_metric=0.7137
Step 1100 | loss 0.1207 | val_acc=0.9708 val_roc_auc=0.7173 val_loss=0.1273 val_metric_name=roc_auc val_metric=0.7173
Step 1150 | loss 0.1193 | val_acc=0.9708 val_roc_auc=0.7205 val_loss=0.1269 val_metric_name=roc_auc val_metric=0.7205
Step 1200 | loss 0.1193 | val_acc=0.9706 val_roc_auc=0.7234 val_loss=0.1264 val_metric_name=roc_auc val_metric=0.7234
Step 1250 | loss 0.1188 | val_acc=0.9706 val_roc_auc=0.7260 val_loss=0.1262 val_metric_name=roc_auc val_metric=0.7260
Step 1300 | loss 0.1184 | val_acc=0.9705 val_roc_auc=0.7283 val_loss=0.1258 val_metric_name=roc_auc val_metric=0.7283
Step 1350 | loss 0.1172 | val_acc=0.9706 val_roc_auc=0.7306 val_loss=0.1256 val_metric_name=roc_auc val_metric=0.7306
Step 1400 | loss 0.1164 | val_acc=0.9708 val_roc_auc=0.7327 val_loss=0.1255 val_metric_name=roc_auc val_metric=0.7327
Step 1450 | loss 0.1155 | val_acc=0.9707 val_roc_auc=0.7344 val_loss=0.1255 val_metric_name=roc_auc val_metric=0.7344
Step 1500 | loss 0.1161 | val_acc=0.9707 val_roc_auc=0.7363 val_loss=0.1253 val_metric_name=roc_auc val_metric=0.7363
Step 1550 | loss 0.1152 | val_acc=0.9708 val_roc_auc=0.7381 val_loss=0.1251 val_metric_name=roc_auc val_metric=0.7381
Step 1600 | loss 0.1147 | val_acc=0.9706 val_roc_auc=0.7397 val_loss=0.1252 val_metric_name=roc_auc val_metric=0.7397
Step 1650 | loss 0.1137 | val_acc=0.9706 val_roc_auc=0.7413 val_loss=0.1252 val_metric_name=roc_auc val_metric=0.7413
Step 1700 | loss 0.1134 | val_acc=0.9706 val_roc_auc=0.7427 val_loss=0.1250 val_metric_name=roc_auc val_metric=0.7427
Step 1750 | loss 0.1139 | val_acc=0.9705 val_roc_auc=0.7441 val_loss=0.1249 val_metric_name=roc_auc val_metric=0.7441
Step 1800 | loss 0.1126 | val_acc=0.9704 val_roc_auc=0.7454 val_loss=0.1250 val_metric_name=roc_auc val_metric=0.7454
Step 1850 | loss 0.1120 | val_acc=0.9702 val_roc_auc=0.7468 val_loss=0.1251 val_metric_name=roc_auc val_metric=0.7468
Step 1900 | loss 0.1119 | val_acc=0.9701 val_roc_auc=0.7479 val_loss=0.1249 val_metric_name=roc_auc val_metric=0.7479
Step 1950 | loss 0.1108 | val_acc=0.9701 val_roc_auc=0.7489 val_loss=0.1249 val_metric_name=roc_auc val_metric=0.7489
Step 2000 | loss 0.1114 | val_acc=0.9699 val_roc_auc=0.7500 val_loss=0.1251 val_metric_name=roc_auc val_metric=0.7500
Step 2050 | loss 0.1108 | val_acc=0.9698 val_roc_auc=0.7506 val_loss=0.1250 val_metric_name=roc_auc val_metric=0.7506
Step 2100 | loss 0.1102 | val_acc=0.9698 val_roc_auc=0.7516 val_loss=0.1252 val_metric_name=roc_auc val_metric=0.7516
Step 2150 | loss 0.1096 | val_acc=0.9697 val_roc_auc=0.7526 val_loss=0.1252 val_metric_name=roc_auc val_metric=0.7526
Step 2200 | loss 0.1102 | val_acc=0.9697 val_roc_auc=0.7530 val_loss=0.1252 val_metric_name=roc_auc val_metric=0.7530
Step 2250 | loss 0.1083 | val_acc=0.9695 val_roc_auc=0.7533 val_loss=0.1253 val_metric_name=roc_auc val_metric=0.7533
Step 2300 | loss 0.1083 | val_acc=0.9692 val_roc_auc=0.7537 val_loss=0.1253 val_metric_name=roc_auc val_metric=0.7537
Step 2350 | loss 0.1077 | val_acc=0.9692 val_roc_auc=0.7541 val_loss=0.1254 val_metric_name=roc_auc val_metric=0.7541
Step 2400 | loss 0.1072 | val_acc=0.9689 val_roc_auc=0.7545 val_loss=0.1260 val_metric_name=roc_auc val_metric=0.7545
Step 2450 | loss 0.1059 | val_acc=0.9691 val_roc_auc=0.7544 val_loss=0.1258 val_metric_name=roc_auc val_metric=0.7544
Step 2500 | loss 0.1060 | val_acc=0.9690 val_roc_auc=0.7550 val_loss=0.1263 val_metric_name=roc_auc val_metric=0.7550
Step 2550 | loss 0.1056 | val_acc=0.9692 val_roc_auc=0.7548 val_loss=0.1263 val_metric_name=roc_auc val_metric=0.7548
Step 2600 | loss 0.1045 | val_acc=0.9694 val_roc_auc=0.7550 val_loss=0.1264 val_metric_name=roc_auc val_metric=0.7550
Step 2650 | loss 0.1051 | val_acc=0.9690 val_roc_auc=0.7553 val_loss=0.1269 val_metric_name=roc_auc val_metric=0.7553
Step 2700 | loss 0.1018 | val_acc=0.9692 val_roc_auc=0.7547 val_loss=0.1276 val_metric_name=roc_auc val_metric=0.7547
Step 2750 | loss 0.1028 | val_acc=0.9690 val_roc_auc=0.7547 val_loss=0.1278 val_metric_name=roc_auc val_metric=0.7547
Step 2800 | loss 0.1023 | val_acc=0.9684 val_roc_auc=0.7546 val_loss=0.1280 val_metric_name=roc_auc val_metric=0.7546
Step 2850 | loss 0.1015 | val_acc=0.9689 val_roc_auc=0.7542 val_loss=0.1284 val_metric_name=roc_auc val_metric=0.7542
Step 2900 | loss 0.1007 | val_acc=0.9687 val_roc_auc=0.7538 val_loss=0.1286 val_metric_name=roc_auc val_metric=0.7538
Step 2950 | loss 0.0987 | val_acc=0.9684 val_roc_auc=0.7538 val_loss=0.1293 val_metric_name=roc_auc val_metric=0.7538
Early stopping at step 2951

--- Final (best ckpt @ step 2650) ---
  train_acc=0.9734 train_roc_auc=0.8582 train_loss=0.0978 train_metric_name=roc_auc train_metric=0.8582
  val_acc=0.9690 val_roc_auc=0.7553 val_loss=0.1269 val_metric_name=roc_auc val_metric=0.7553
  test_acc=0.9700 test_roc_auc=0.7562 test_loss=0.1260 test_metric_name=roc_auc test_metric=0.7562
  test_roc_auc=0.7562

============================================================
Training questions GAT 1L h=512 lr=3e-05 split=5
============================================================
Training for 5000 steps
Step    1 | loss 0.8165 | val_acc=0.7989 val_roc_auc=0.5638 val_loss=0.6158 val_metric_name=roc_auc val_metric=0.5638
Step   50 | loss 0.1389 | val_acc=0.9702 val_roc_auc=0.5298 val_loss=0.1576 val_metric_name=roc_auc val_metric=0.5298
Step  100 | loss 0.1334 | val_acc=0.9702 val_roc_auc=0.6116 val_loss=0.1410 val_metric_name=roc_auc val_metric=0.6116
Step  150 | loss 0.1306 | val_acc=0.9702 val_roc_auc=0.6478 val_loss=0.1373 val_metric_name=roc_auc val_metric=0.6478
Step  200 | loss 0.1286 | val_acc=0.9706 val_roc_auc=0.6765 val_loss=0.1345 val_metric_name=roc_auc val_metric=0.6765
Step  250 | loss 0.1260 | val_acc=0.9711 val_roc_auc=0.6954 val_loss=0.1320 val_metric_name=roc_auc val_metric=0.6954
Step  300 | loss 0.1238 | val_acc=0.9711 val_roc_auc=0.7060 val_loss=0.1298 val_metric_name=roc_auc val_metric=0.7060
Step  350 | loss 0.1223 | val_acc=0.9712 val_roc_auc=0.7141 val_loss=0.1281 val_metric_name=roc_auc val_metric=0.7141
Step  400 | loss 0.1201 | val_acc=0.9713 val_roc_auc=0.7209 val_loss=0.1268 val_metric_name=roc_auc val_metric=0.7209
Step  450 | loss 0.1179 | val_acc=0.9714 val_roc_auc=0.7267 val_loss=0.1259 val_metric_name=roc_auc val_metric=0.7267
Step  500 | loss 0.1170 | val_acc=0.9711 val_roc_auc=0.7314 val_loss=0.1255 val_metric_name=roc_auc val_metric=0.7314
Step  550 | loss 0.1150 | val_acc=0.9706 val_roc_auc=0.7353 val_loss=0.1254 val_metric_name=roc_auc val_metric=0.7353
Step  600 | loss 0.1133 | val_acc=0.9706 val_roc_auc=0.7388 val_loss=0.1250 val_metric_name=roc_auc val_metric=0.7388
Step  650 | loss 0.1115 | val_acc=0.9706 val_roc_auc=0.7416 val_loss=0.1250 val_metric_name=roc_auc val_metric=0.7416
Step  700 | loss 0.1098 | val_acc=0.9705 val_roc_auc=0.7445 val_loss=0.1255 val_metric_name=roc_auc val_metric=0.7445
Step  750 | loss 0.1085 | val_acc=0.9706 val_roc_auc=0.7467 val_loss=0.1255 val_metric_name=roc_auc val_metric=0.7467
Step  800 | loss 0.1075 | val_acc=0.9703 val_roc_auc=0.7490 val_loss=0.1255 val_metric_name=roc_auc val_metric=0.7490
Step  850 | loss 0.1056 | val_acc=0.9703 val_roc_auc=0.7507 val_loss=0.1263 val_metric_name=roc_auc val_metric=0.7507
Step  900 | loss 0.1055 | val_acc=0.9703 val_roc_auc=0.7521 val_loss=0.1276 val_metric_name=roc_auc val_metric=0.7521
Step  950 | loss 0.1036 | val_acc=0.9693 val_roc_auc=0.7538 val_loss=0.1282 val_metric_name=roc_auc val_metric=0.7538
Step 1000 | loss 0.1016 | val_acc=0.9688 val_roc_auc=0.7550 val_loss=0.1288 val_metric_name=roc_auc val_metric=0.7550
Step 1050 | loss 0.0997 | val_acc=0.9687 val_roc_auc=0.7549 val_loss=0.1298 val_metric_name=roc_auc val_metric=0.7549
Step 1100 | loss 0.0987 | val_acc=0.9683 val_roc_auc=0.7551 val_loss=0.1316 val_metric_name=roc_auc val_metric=0.7551
Step 1150 | loss 0.0945 | val_acc=0.9678 val_roc_auc=0.7557 val_loss=0.1336 val_metric_name=roc_auc val_metric=0.7557
Step 1200 | loss 0.0950 | val_acc=0.9666 val_roc_auc=0.7545 val_loss=0.1362 val_metric_name=roc_auc val_metric=0.7545
Step 1250 | loss 0.0915 | val_acc=0.9654 val_roc_auc=0.7538 val_loss=0.1387 val_metric_name=roc_auc val_metric=0.7538
Step 1300 | loss 0.0882 | val_acc=0.9667 val_roc_auc=0.7505 val_loss=0.1409 val_metric_name=roc_auc val_metric=0.7505
Step 1350 | loss 0.0876 | val_acc=0.9661 val_roc_auc=0.7505 val_loss=0.1437 val_metric_name=roc_auc val_metric=0.7505
Step 1400 | loss 0.0835 | val_acc=0.9653 val_roc_auc=0.7482 val_loss=0.1456 val_metric_name=roc_auc val_metric=0.7482
Early stopping at step 1446

--- Final (best ckpt @ step 1090) ---
  train_acc=0.9743 train_roc_auc=0.8924 train_loss=0.0890 train_metric_name=roc_auc train_metric=0.8924
  val_acc=0.9679 val_roc_auc=0.7561 val_loss=0.1312 val_metric_name=roc_auc val_metric=0.7561
  test_acc=0.9700 test_roc_auc=0.7510 test_loss=0.1304 test_metric_name=roc_auc test_metric=0.7510
  test_roc_auc=0.7510

============================================================
Training questions GAT 1L h=512 lr=6e-05 split=5
============================================================
Training for 5000 steps
Step    1 | loss 0.8165 | val_acc=0.9654 val_roc_auc=0.5511 val_loss=0.4251 val_metric_name=roc_auc val_metric=0.5511
Step   50 | loss 0.1344 | val_acc=0.9702 val_roc_auc=0.6042 val_loss=0.1359 val_metric_name=roc_auc val_metric=0.6042
Step  100 | loss 0.1296 | val_acc=0.9703 val_roc_auc=0.6543 val_loss=0.1348 val_metric_name=roc_auc val_metric=0.6543
Step  150 | loss 0.1264 | val_acc=0.9711 val_roc_auc=0.6885 val_loss=0.1315 val_metric_name=roc_auc val_metric=0.6885
Step  200 | loss 0.1228 | val_acc=0.9712 val_roc_auc=0.7072 val_loss=0.1285 val_metric_name=roc_auc val_metric=0.7072
Step  250 | loss 0.1188 | val_acc=0.9712 val_roc_auc=0.7208 val_loss=0.1263 val_metric_name=roc_auc val_metric=0.7208
Step  300 | loss 0.1159 | val_acc=0.9710 val_roc_auc=0.7311 val_loss=0.1255 val_metric_name=roc_auc val_metric=0.7311
Step  350 | loss 0.1135 | val_acc=0.9709 val_roc_auc=0.7389 val_loss=0.1248 val_metric_name=roc_auc val_metric=0.7389
Step  400 | loss 0.1109 | val_acc=0.9708 val_roc_auc=0.7446 val_loss=0.1253 val_metric_name=roc_auc val_metric=0.7446
Step  450 | loss 0.1079 | val_acc=0.9707 val_roc_auc=0.7479 val_loss=0.1253 val_metric_name=roc_auc val_metric=0.7479
Step  500 | loss 0.1056 | val_acc=0.9703 val_roc_auc=0.7510 val_loss=0.1263 val_metric_name=roc_auc val_metric=0.7510
Step  550 | loss 0.1032 | val_acc=0.9697 val_roc_auc=0.7529 val_loss=0.1279 val_metric_name=roc_auc val_metric=0.7529
Step  600 | loss 0.1010 | val_acc=0.9687 val_roc_auc=0.7530 val_loss=0.1300 val_metric_name=roc_auc val_metric=0.7530
Step  650 | loss 0.0957 | val_acc=0.9672 val_roc_auc=0.7527 val_loss=0.1337 val_metric_name=roc_auc val_metric=0.7527
Step  700 | loss 0.0910 | val_acc=0.9667 val_roc_auc=0.7520 val_loss=0.1379 val_metric_name=roc_auc val_metric=0.7520
Step  750 | loss 0.0868 | val_acc=0.9658 val_roc_auc=0.7510 val_loss=0.1419 val_metric_name=roc_auc val_metric=0.7510
Step  800 | loss 0.0827 | val_acc=0.9649 val_roc_auc=0.7484 val_loss=0.1480 val_metric_name=roc_auc val_metric=0.7484
Step  850 | loss 0.0767 | val_acc=0.9617 val_roc_auc=0.7439 val_loss=0.1543 val_metric_name=roc_auc val_metric=0.7439
Step  900 | loss 0.0720 | val_acc=0.9598 val_roc_auc=0.7393 val_loss=0.1615 val_metric_name=roc_auc val_metric=0.7393
Early stopping at step 930

--- Final (best ckpt @ step 630) ---
  train_acc=0.9749 train_roc_auc=0.8957 train_loss=0.0877 train_metric_name=roc_auc train_metric=0.8957
  val_acc=0.9680 val_roc_auc=0.7542 val_loss=0.1319 val_metric_name=roc_auc val_metric=0.7542
  test_acc=0.9697 test_roc_auc=0.7502 test_loss=0.1316 test_metric_name=roc_auc test_metric=0.7502
  test_roc_auc=0.7502

============================================================
Training questions GAT 1L h=512 lr=0.0001 split=5
============================================================
Training for 5000 steps
Step    1 | loss 0.8165 | val_acc=0.9702 val_roc_auc=0.5306 val_loss=0.2653 val_metric_name=roc_auc val_metric=0.5306
Step   50 | loss 0.1319 | val_acc=0.9702 val_roc_auc=0.6298 val_loss=0.1381 val_metric_name=roc_auc val_metric=0.6298
Step  100 | loss 0.1272 | val_acc=0.9707 val_roc_auc=0.6801 val_loss=0.1313 val_metric_name=roc_auc val_metric=0.6801
Step  150 | loss 0.1228 | val_acc=0.9713 val_roc_auc=0.7083 val_loss=0.1278 val_metric_name=roc_auc val_metric=0.7083
Step  200 | loss 0.1174 | val_acc=0.9715 val_roc_auc=0.7272 val_loss=0.1251 val_metric_name=roc_auc val_metric=0.7272
Step  250 | loss 0.1129 | val_acc=0.9710 val_roc_auc=0.7391 val_loss=0.1243 val_metric_name=roc_auc val_metric=0.7391
Step  300 | loss 0.1095 | val_acc=0.9707 val_roc_auc=0.7468 val_loss=0.1250 val_metric_name=roc_auc val_metric=0.7468
Step  350 | loss 0.1057 | val_acc=0.9706 val_roc_auc=0.7502 val_loss=0.1254 val_metric_name=roc_auc val_metric=0.7502
Step  400 | loss 0.1011 | val_acc=0.9698 val_roc_auc=0.7499 val_loss=0.1282 val_metric_name=roc_auc val_metric=0.7499
Step  450 | loss 0.0953 | val_acc=0.9692 val_roc_auc=0.7483 val_loss=0.1327 val_metric_name=roc_auc val_metric=0.7483
Step  500 | loss 0.0901 | val_acc=0.9652 val_roc_auc=0.7450 val_loss=0.1403 val_metric_name=roc_auc val_metric=0.7450
Step  550 | loss 0.0851 | val_acc=0.9641 val_roc_auc=0.7378 val_loss=0.1477 val_metric_name=roc_auc val_metric=0.7378
Step  600 | loss 0.0779 | val_acc=0.9599 val_roc_auc=0.7332 val_loss=0.1614 val_metric_name=roc_auc val_metric=0.7332
Step  650 | loss 0.0666 | val_acc=0.9603 val_roc_auc=0.7228 val_loss=0.1695 val_metric_name=roc_auc val_metric=0.7228
Step  700 | loss 0.0572 | val_acc=0.9599 val_roc_auc=0.7190 val_loss=0.1809 val_metric_name=roc_auc val_metric=0.7190
Early stopping at step 716

--- Final (best ckpt @ step 380) ---
  train_acc=0.9732 train_roc_auc=0.8667 train_loss=0.0967 train_metric_name=roc_auc train_metric=0.8667
  val_acc=0.9696 val_roc_auc=0.7516 val_loss=0.1267 val_metric_name=roc_auc val_metric=0.7516
  test_acc=0.9702 test_roc_auc=0.7568 test_loss=0.1246 test_metric_name=roc_auc test_metric=0.7568
  test_roc_auc=0.7568

============================================================
Training questions GAT 1L h=512 lr=1e-05 split=5
============================================================
Training for 5000 steps
Step    1 | loss 0.8165 | val_acc=0.2253 val_roc_auc=0.5706 val_loss=0.7814 val_metric_name=roc_auc val_metric=0.5706
Step   50 | loss 0.1434 | val_acc=0.9702 val_roc_auc=0.4676 val_loss=0.1452 val_metric_name=roc_auc val_metric=0.4676
Step  100 | loss 0.1394 | val_acc=0.9702 val_roc_auc=0.4941 val_loss=0.1516 val_metric_name=roc_auc val_metric=0.4941
Step  150 | loss 0.1372 | val_acc=0.9702 val_roc_auc=0.5424 val_loss=0.1493 val_metric_name=roc_auc val_metric=0.5424
Step  200 | loss 0.1364 | val_acc=0.9702 val_roc_auc=0.5834 val_loss=0.1465 val_metric_name=roc_auc val_metric=0.5834
Step  250 | loss 0.1341 | val_acc=0.9702 val_roc_auc=0.6077 val_loss=0.1440 val_metric_name=roc_auc val_metric=0.6077
Step  300 | loss 0.1331 | val_acc=0.9702 val_roc_auc=0.6257 val_loss=0.1419 val_metric_name=roc_auc val_metric=0.6257
Step  350 | loss 0.1323 | val_acc=0.9702 val_roc_auc=0.6422 val_loss=0.1400 val_metric_name=roc_auc val_metric=0.6422
Step  400 | loss 0.1311 | val_acc=0.9702 val_roc_auc=0.6567 val_loss=0.1383 val_metric_name=roc_auc val_metric=0.6567
Step  450 | loss 0.1296 | val_acc=0.9702 val_roc_auc=0.6697 val_loss=0.1369 val_metric_name=roc_auc val_metric=0.6697
Step  500 | loss 0.1288 | val_acc=0.9703 val_roc_auc=0.6804 val_loss=0.1356 val_metric_name=roc_auc val_metric=0.6804
Step  550 | loss 0.1272 | val_acc=0.9705 val_roc_auc=0.6889 val_loss=0.1343 val_metric_name=roc_auc val_metric=0.6889
Step  600 | loss 0.1263 | val_acc=0.9708 val_roc_auc=0.6953 val_loss=0.1333 val_metric_name=roc_auc val_metric=0.6953
Step  650 | loss 0.1256 | val_acc=0.9711 val_roc_auc=0.7004 val_loss=0.1323 val_metric_name=roc_auc val_metric=0.7004
Step  700 | loss 0.1248 | val_acc=0.9712 val_roc_auc=0.7043 val_loss=0.1313 val_metric_name=roc_auc val_metric=0.7043
Step  750 | loss 0.1242 | val_acc=0.9712 val_roc_auc=0.7079 val_loss=0.1306 val_metric_name=roc_auc val_metric=0.7079
Step  800 | loss 0.1237 | val_acc=0.9711 val_roc_auc=0.7111 val_loss=0.1297 val_metric_name=roc_auc val_metric=0.7111
Step  850 | loss 0.1215 | val_acc=0.9712 val_roc_auc=0.7142 val_loss=0.1290 val_metric_name=roc_auc val_metric=0.7142
Step  900 | loss 0.1229 | val_acc=0.9712 val_roc_auc=0.7170 val_loss=0.1283 val_metric_name=roc_auc val_metric=0.7170
Step  950 | loss 0.1211 | val_acc=0.9712 val_roc_auc=0.7195 val_loss=0.1279 val_metric_name=roc_auc val_metric=0.7195
Step 1000 | loss 0.1208 | val_acc=0.9712 val_roc_auc=0.7219 val_loss=0.1273 val_metric_name=roc_auc val_metric=0.7219
Step 1050 | loss 0.1193 | val_acc=0.9712 val_roc_auc=0.7240 val_loss=0.1269 val_metric_name=roc_auc val_metric=0.7240
Step 1100 | loss 0.1193 | val_acc=0.9712 val_roc_auc=0.7262 val_loss=0.1265 val_metric_name=roc_auc val_metric=0.7262
Step 1150 | loss 0.1181 | val_acc=0.9712 val_roc_auc=0.7282 val_loss=0.1262 val_metric_name=roc_auc val_metric=0.7282
Step 1200 | loss 0.1180 | val_acc=0.9713 val_roc_auc=0.7301 val_loss=0.1260 val_metric_name=roc_auc val_metric=0.7301
Step 1250 | loss 0.1158 | val_acc=0.9711 val_roc_auc=0.7318 val_loss=0.1257 val_metric_name=roc_auc val_metric=0.7318
Step 1300 | loss 0.1165 | val_acc=0.9710 val_roc_auc=0.7336 val_loss=0.1255 val_metric_name=roc_auc val_metric=0.7336
Step 1350 | loss 0.1152 | val_acc=0.9709 val_roc_auc=0.7353 val_loss=0.1255 val_metric_name=roc_auc val_metric=0.7353
Step 1400 | loss 0.1142 | val_acc=0.9708 val_roc_auc=0.7368 val_loss=0.1254 val_metric_name=roc_auc val_metric=0.7368
Step 1450 | loss 0.1149 | val_acc=0.9705 val_roc_auc=0.7382 val_loss=0.1252 val_metric_name=roc_auc val_metric=0.7382
Step 1500 | loss 0.1138 | val_acc=0.9704 val_roc_auc=0.7395 val_loss=0.1252 val_metric_name=roc_auc val_metric=0.7395
Step 1550 | loss 0.1126 | val_acc=0.9706 val_roc_auc=0.7409 val_loss=0.1251 val_metric_name=roc_auc val_metric=0.7409
Step 1600 | loss 0.1132 | val_acc=0.9705 val_roc_auc=0.7422 val_loss=0.1249 val_metric_name=roc_auc val_metric=0.7422
Step 1650 | loss 0.1135 | val_acc=0.9706 val_roc_auc=0.7431 val_loss=0.1252 val_metric_name=roc_auc val_metric=0.7431
Step 1700 | loss 0.1111 | val_acc=0.9706 val_roc_auc=0.7442 val_loss=0.1251 val_metric_name=roc_auc val_metric=0.7442
Step 1750 | loss 0.1116 | val_acc=0.9706 val_roc_auc=0.7452 val_loss=0.1251 val_metric_name=roc_auc val_metric=0.7452
Step 1800 | loss 0.1103 | val_acc=0.9706 val_roc_auc=0.7462 val_loss=0.1253 val_metric_name=roc_auc val_metric=0.7462
Step 1850 | loss 0.1095 | val_acc=0.9704 val_roc_auc=0.7470 val_loss=0.1253 val_metric_name=roc_auc val_metric=0.7470
Step 1900 | loss 0.1097 | val_acc=0.9706 val_roc_auc=0.7480 val_loss=0.1252 val_metric_name=roc_auc val_metric=0.7480
Step 1950 | loss 0.1101 | val_acc=0.9706 val_roc_auc=0.7488 val_loss=0.1256 val_metric_name=roc_auc val_metric=0.7488
Step 2000 | loss 0.1080 | val_acc=0.9704 val_roc_auc=0.7497 val_loss=0.1256 val_metric_name=roc_auc val_metric=0.7497
Step 2050 | loss 0.1088 | val_acc=0.9705 val_roc_auc=0.7501 val_loss=0.1264 val_metric_name=roc_auc val_metric=0.7501
Step 2100 | loss 0.1075 | val_acc=0.9702 val_roc_auc=0.7514 val_loss=0.1258 val_metric_name=roc_auc val_metric=0.7514
Step 2150 | loss 0.1064 | val_acc=0.9702 val_roc_auc=0.7523 val_loss=0.1265 val_metric_name=roc_auc val_metric=0.7523
Step 2200 | loss 0.1051 | val_acc=0.9700 val_roc_auc=0.7524 val_loss=0.1264 val_metric_name=roc_auc val_metric=0.7524
Step 2250 | loss 0.1045 | val_acc=0.9697 val_roc_auc=0.7533 val_loss=0.1266 val_metric_name=roc_auc val_metric=0.7533
Step 2300 | loss 0.1055 | val_acc=0.9697 val_roc_auc=0.7540 val_loss=0.1267 val_metric_name=roc_auc val_metric=0.7540
Step 2350 | loss 0.1042 | val_acc=0.9695 val_roc_auc=0.7546 val_loss=0.1275 val_metric_name=roc_auc val_metric=0.7546
Step 2400 | loss 0.1038 | val_acc=0.9694 val_roc_auc=0.7552 val_loss=0.1278 val_metric_name=roc_auc val_metric=0.7552
Step 2450 | loss 0.1016 | val_acc=0.9693 val_roc_auc=0.7557 val_loss=0.1282 val_metric_name=roc_auc val_metric=0.7557
Step 2500 | loss 0.1020 | val_acc=0.9691 val_roc_auc=0.7561 val_loss=0.1292 val_metric_name=roc_auc val_metric=0.7561
Step 2550 | loss 0.1009 | val_acc=0.9690 val_roc_auc=0.7565 val_loss=0.1290 val_metric_name=roc_auc val_metric=0.7565
Step 2600 | loss 0.1013 | val_acc=0.9684 val_roc_auc=0.7566 val_loss=0.1296 val_metric_name=roc_auc val_metric=0.7566
Step 2650 | loss 0.0999 | val_acc=0.9683 val_roc_auc=0.7569 val_loss=0.1302 val_metric_name=roc_auc val_metric=0.7569
Step 2700 | loss 0.1003 | val_acc=0.9683 val_roc_auc=0.7573 val_loss=0.1306 val_metric_name=roc_auc val_metric=0.7573
Step 2750 | loss 0.0997 | val_acc=0.9680 val_roc_auc=0.7576 val_loss=0.1314 val_metric_name=roc_auc val_metric=0.7576
Step 2800 | loss 0.0973 | val_acc=0.9683 val_roc_auc=0.7573 val_loss=0.1321 val_metric_name=roc_auc val_metric=0.7573
Step 2850 | loss 0.0960 | val_acc=0.9678 val_roc_auc=0.7571 val_loss=0.1327 val_metric_name=roc_auc val_metric=0.7571
Step 2900 | loss 0.0973 | val_acc=0.9675 val_roc_auc=0.7561 val_loss=0.1336 val_metric_name=roc_auc val_metric=0.7561
Step 2950 | loss 0.0946 | val_acc=0.9679 val_roc_auc=0.7565 val_loss=0.1345 val_metric_name=roc_auc val_metric=0.7565
Step 3000 | loss 0.0934 | val_acc=0.9675 val_roc_auc=0.7561 val_loss=0.1351 val_metric_name=roc_auc val_metric=0.7561
Step 3050 | loss 0.0940 | val_acc=0.9670 val_roc_auc=0.7563 val_loss=0.1356 val_metric_name=roc_auc val_metric=0.7563
Early stopping at step 3065

--- Final (best ckpt @ step 2760) ---
  train_acc=0.9740 train_roc_auc=0.8917 train_loss=0.0895 train_metric_name=roc_auc train_metric=0.8917
  val_acc=0.9681 val_roc_auc=0.7577 val_loss=0.1315 val_metric_name=roc_auc val_metric=0.7577
  test_acc=0.9696 test_roc_auc=0.7515 test_loss=0.1306 test_metric_name=roc_auc test_metric=0.7515
  test_roc_auc=0.7515
  >> num_layers=1 hidden_dim=256 lr=3e-05 best_step=1640 val_roc_auc=0.7580 test_roc_auc=0.7606
     val_acc=0.9702 val_loss=0.1290 val_metric=0.7580 val_metric_name=roc_auc val_roc_auc=0.7580
     test_acc=0.9711 test_loss=0.1279 test_metric=0.7606 test_metric_name=roc_auc test_roc_auc=0.7606
  >> num_layers=1 hidden_dim=256 lr=6e-05 best_step=870 val_roc_auc=0.7576 test_roc_auc=0.7618
     val_acc=0.9706 val_loss=0.1287 val_metric=0.7576 val_metric_name=roc_auc val_roc_auc=0.7576
     test_acc=0.9717 test_loss=0.1272 test_metric=0.7618 test_metric_name=roc_auc test_roc_auc=0.7618
  >> num_layers=1 hidden_dim=256 lr=0.0001 best_step=580 val_roc_auc=0.7574 test_roc_auc=0.7605
     val_acc=0.9708 val_loss=0.1281 val_metric=0.7574 val_metric_name=roc_auc val_roc_auc=0.7574
     test_acc=0.9715 test_loss=0.1265 test_metric=0.7605 test_metric_name=roc_auc test_roc_auc=0.7605
  >> num_layers=1 hidden_dim=256 lr=1e-05 best_step=3860 val_roc_auc=0.7573 test_roc_auc=0.7607
     val_acc=0.9703 val_loss=0.1272 val_metric=0.7573 val_metric_name=roc_auc val_roc_auc=0.7573
     test_acc=0.9711 test_loss=0.1263 test_metric=0.7607 test_metric_name=roc_auc test_roc_auc=0.7607
  >> num_layers=1 hidden_dim=384 lr=3e-05 best_step=990 val_roc_auc=0.7577 test_roc_auc=0.7548
     val_acc=0.9690 val_loss=0.1264 val_metric=0.7577 val_metric_name=roc_auc val_roc_auc=0.7577
     test_acc=0.9703 test_loss=0.1262 test_metric=0.7548 test_metric_name=roc_auc test_roc_auc=0.7548
  >> num_layers=1 hidden_dim=384 lr=6e-05 best_step=670 val_roc_auc=0.7612 test_roc_auc=0.7570
     val_acc=0.9675 val_loss=0.1302 val_metric=0.7612 val_metric_name=roc_auc val_roc_auc=0.7612
     test_acc=0.9678 test_loss=0.1304 test_metric=0.7570 test_metric_name=roc_auc test_roc_auc=0.7570
  >> num_layers=1 hidden_dim=384 lr=0.0001 best_step=400 val_roc_auc=0.7629 test_roc_auc=0.7579
     val_acc=0.9688 val_loss=0.1258 val_metric=0.7629 val_metric_name=roc_auc val_roc_auc=0.7629
     test_acc=0.9704 test_loss=0.1255 test_metric=0.7579 test_metric_name=roc_auc test_roc_auc=0.7579
  >> num_layers=1 hidden_dim=384 lr=1e-05 best_step=2650 val_roc_auc=0.7553 test_roc_auc=0.7562
     val_acc=0.9690 val_loss=0.1269 val_metric=0.7553 val_metric_name=roc_auc val_roc_auc=0.7553
     test_acc=0.9700 test_loss=0.1260 test_metric=0.7562 test_metric_name=roc_auc test_roc_auc=0.7562
  >> num_layers=1 hidden_dim=512 lr=3e-05 best_step=1090 val_roc_auc=0.7561 test_roc_auc=0.7510
     val_acc=0.9679 val_loss=0.1312 val_metric=0.7561 val_metric_name=roc_auc val_roc_auc=0.7561
     test_acc=0.9700 test_loss=0.1304 test_metric=0.7510 test_metric_name=roc_auc test_roc_auc=0.7510
  >> num_layers=1 hidden_dim=512 lr=6e-05 best_step=630 val_roc_auc=0.7542 test_roc_auc=0.7502
     val_acc=0.9680 val_loss=0.1319 val_metric=0.7542 val_metric_name=roc_auc val_roc_auc=0.7542
     test_acc=0.9697 test_loss=0.1316 test_metric=0.7502 test_metric_name=roc_auc test_roc_auc=0.7502
  >> num_layers=1 hidden_dim=512 lr=0.0001 best_step=380 val_roc_auc=0.7516 test_roc_auc=0.7568
     val_acc=0.9696 val_loss=0.1267 val_metric=0.7516 val_metric_name=roc_auc val_roc_auc=0.7516
     test_acc=0.9702 test_loss=0.1246 test_metric=0.7568 test_metric_name=roc_auc test_roc_auc=0.7568
  >> num_layers=1 hidden_dim=512 lr=1e-05 best_step=2760 val_roc_auc=0.7577 test_roc_auc=0.7515
     val_acc=0.9681 val_loss=0.1315 val_metric=0.7577 val_metric_name=roc_auc val_roc_auc=0.7577
     test_acc=0.9696 test_loss=0.1306 test_metric=0.7515 test_metric_name=roc_auc test_roc_auc=0.7515
  >> selected best (by val): num_layers=1 hidden_dim=384 lr=0.0001 val_roc_auc=0.7629 test_roc_auc=0.7579
     val_acc=0.9688 val_loss=0.1258 val_metric=0.7629 val_metric_name=roc_auc val_roc_auc=0.7629
     test_acc=0.9704 test_loss=0.1255 test_metric=0.7579 test_metric_name=roc_auc test_roc_auc=0.7579

Done. Results saved to /home/avshmelev/diploma_yandex_graphs/results_grid/questions/base.csv, checkpoints in /home/avshmelev/diploma_yandex_graphs/all_checkpoints/questions/base/
