Loading data...

============================================================
Training questions GCN 1L h=256 lr=3e-05 split=7
============================================================
Training for 5000 steps
Step    1 | loss 0.9714 | val_acc=0.0399 val_roc_auc=0.5662 val_loss=0.9428 val_metric_name=roc_auc val_metric=0.5662
Step   50 | loss 0.1429 | val_acc=0.9702 val_roc_auc=0.4582 val_loss=0.1390 val_metric_name=roc_auc val_metric=0.4582
Step  100 | loss 0.1371 | val_acc=0.9702 val_roc_auc=0.5124 val_loss=0.1440 val_metric_name=roc_auc val_metric=0.5124
Step  150 | loss 0.1353 | val_acc=0.9702 val_roc_auc=0.5929 val_loss=0.1425 val_metric_name=roc_auc val_metric=0.5929
Step  200 | loss 0.1346 | val_acc=0.9702 val_roc_auc=0.6153 val_loss=0.1405 val_metric_name=roc_auc val_metric=0.6153
Step  250 | loss 0.1323 | val_acc=0.9702 val_roc_auc=0.6326 val_loss=0.1391 val_metric_name=roc_auc val_metric=0.6326
Step  300 | loss 0.1316 | val_acc=0.9702 val_roc_auc=0.6473 val_loss=0.1379 val_metric_name=roc_auc val_metric=0.6473
Step  350 | loss 0.1303 | val_acc=0.9702 val_roc_auc=0.6596 val_loss=0.1369 val_metric_name=roc_auc val_metric=0.6596
Step  400 | loss 0.1297 | val_acc=0.9703 val_roc_auc=0.6699 val_loss=0.1360 val_metric_name=roc_auc val_metric=0.6699
Step  450 | loss 0.1290 | val_acc=0.9705 val_roc_auc=0.6788 val_loss=0.1352 val_metric_name=roc_auc val_metric=0.6788
Step  500 | loss 0.1287 | val_acc=0.9705 val_roc_auc=0.6861 val_loss=0.1344 val_metric_name=roc_auc val_metric=0.6861
Step  550 | loss 0.1281 | val_acc=0.9705 val_roc_auc=0.6924 val_loss=0.1337 val_metric_name=roc_auc val_metric=0.6924
Step  600 | loss 0.1266 | val_acc=0.9706 val_roc_auc=0.6978 val_loss=0.1330 val_metric_name=roc_auc val_metric=0.6978
Step  650 | loss 0.1261 | val_acc=0.9707 val_roc_auc=0.7028 val_loss=0.1324 val_metric_name=roc_auc val_metric=0.7028
Step  700 | loss 0.1262 | val_acc=0.9706 val_roc_auc=0.7073 val_loss=0.1318 val_metric_name=roc_auc val_metric=0.7073
Step  750 | loss 0.1254 | val_acc=0.9706 val_roc_auc=0.7114 val_loss=0.1313 val_metric_name=roc_auc val_metric=0.7114
Step  800 | loss 0.1251 | val_acc=0.9706 val_roc_auc=0.7149 val_loss=0.1308 val_metric_name=roc_auc val_metric=0.7149
Step  850 | loss 0.1246 | val_acc=0.9706 val_roc_auc=0.7178 val_loss=0.1303 val_metric_name=roc_auc val_metric=0.7178
Step  900 | loss 0.1237 | val_acc=0.9708 val_roc_auc=0.7205 val_loss=0.1298 val_metric_name=roc_auc val_metric=0.7205
Step  950 | loss 0.1227 | val_acc=0.9708 val_roc_auc=0.7228 val_loss=0.1294 val_metric_name=roc_auc val_metric=0.7228
Step 1000 | loss 0.1222 | val_acc=0.9709 val_roc_auc=0.7249 val_loss=0.1289 val_metric_name=roc_auc val_metric=0.7249
Step 1050 | loss 0.1217 | val_acc=0.9710 val_roc_auc=0.7267 val_loss=0.1286 val_metric_name=roc_auc val_metric=0.7267
Step 1100 | loss 0.1215 | val_acc=0.9709 val_roc_auc=0.7286 val_loss=0.1282 val_metric_name=roc_auc val_metric=0.7286
Step 1150 | loss 0.1206 | val_acc=0.9710 val_roc_auc=0.7301 val_loss=0.1280 val_metric_name=roc_auc val_metric=0.7301
Step 1200 | loss 0.1200 | val_acc=0.9710 val_roc_auc=0.7314 val_loss=0.1275 val_metric_name=roc_auc val_metric=0.7314
Step 1250 | loss 0.1194 | val_acc=0.9708 val_roc_auc=0.7328 val_loss=0.1273 val_metric_name=roc_auc val_metric=0.7328
Step 1300 | loss 0.1194 | val_acc=0.9707 val_roc_auc=0.7342 val_loss=0.1270 val_metric_name=roc_auc val_metric=0.7342
Step 1350 | loss 0.1181 | val_acc=0.9709 val_roc_auc=0.7356 val_loss=0.1269 val_metric_name=roc_auc val_metric=0.7356
Step 1400 | loss 0.1173 | val_acc=0.9709 val_roc_auc=0.7369 val_loss=0.1264 val_metric_name=roc_auc val_metric=0.7369
Step 1450 | loss 0.1164 | val_acc=0.9706 val_roc_auc=0.7379 val_loss=0.1261 val_metric_name=roc_auc val_metric=0.7379
Step 1500 | loss 0.1164 | val_acc=0.9706 val_roc_auc=0.7383 val_loss=0.1260 val_metric_name=roc_auc val_metric=0.7383
Step 1550 | loss 0.1156 | val_acc=0.9708 val_roc_auc=0.7384 val_loss=0.1259 val_metric_name=roc_auc val_metric=0.7384
Step 1600 | loss 0.1150 | val_acc=0.9708 val_roc_auc=0.7379 val_loss=0.1256 val_metric_name=roc_auc val_metric=0.7379
Step 1650 | loss 0.1130 | val_acc=0.9708 val_roc_auc=0.7368 val_loss=0.1258 val_metric_name=roc_auc val_metric=0.7368
Step 1700 | loss 0.1128 | val_acc=0.9709 val_roc_auc=0.7359 val_loss=0.1260 val_metric_name=roc_auc val_metric=0.7359
Step 1750 | loss 0.1117 | val_acc=0.9709 val_roc_auc=0.7348 val_loss=0.1263 val_metric_name=roc_auc val_metric=0.7348
Step 1800 | loss 0.1109 | val_acc=0.9711 val_roc_auc=0.7336 val_loss=0.1265 val_metric_name=roc_auc val_metric=0.7336
Step 1850 | loss 0.1100 | val_acc=0.9711 val_roc_auc=0.7327 val_loss=0.1266 val_metric_name=roc_auc val_metric=0.7327
Early stopping at step 1850

--- Final (best ckpt @ step 1550) ---
  train_acc=0.9715 train_roc_auc=0.7940 train_loss=0.1179 train_metric_name=roc_auc train_metric=0.7940
  val_acc=0.9708 val_roc_auc=0.7384 val_loss=0.1259 val_metric_name=roc_auc val_metric=0.7384
  test_acc=0.9714 test_roc_auc=0.7394 test_loss=0.1243 test_metric_name=roc_auc test_metric=0.7394
  test_roc_auc=0.7394

============================================================
Training questions GCN 1L h=256 lr=6e-05 split=7
============================================================
Training for 5000 steps
Step    1 | loss 0.9714 | val_acc=0.0938 val_roc_auc=0.5678 val_loss=0.8410 val_metric_name=roc_auc val_metric=0.5678
Step   50 | loss 0.1377 | val_acc=0.9702 val_roc_auc=0.5074 val_loss=0.1503 val_metric_name=roc_auc val_metric=0.5074
Step  100 | loss 0.1338 | val_acc=0.9702 val_roc_auc=0.6180 val_loss=0.1391 val_metric_name=roc_auc val_metric=0.6180
Step  150 | loss 0.1320 | val_acc=0.9702 val_roc_auc=0.6427 val_loss=0.1373 val_metric_name=roc_auc val_metric=0.6427
Step  200 | loss 0.1310 | val_acc=0.9702 val_roc_auc=0.6622 val_loss=0.1357 val_metric_name=roc_auc val_metric=0.6622
Step  250 | loss 0.1288 | val_acc=0.9705 val_roc_auc=0.6774 val_loss=0.1343 val_metric_name=roc_auc val_metric=0.6774
Step  300 | loss 0.1279 | val_acc=0.9706 val_roc_auc=0.6894 val_loss=0.1331 val_metric_name=roc_auc val_metric=0.6894
Step  350 | loss 0.1264 | val_acc=0.9707 val_roc_auc=0.6991 val_loss=0.1320 val_metric_name=roc_auc val_metric=0.6991
Step  400 | loss 0.1254 | val_acc=0.9706 val_roc_auc=0.7073 val_loss=0.1310 val_metric_name=roc_auc val_metric=0.7073
Step  450 | loss 0.1244 | val_acc=0.9706 val_roc_auc=0.7139 val_loss=0.1302 val_metric_name=roc_auc val_metric=0.7139
Step  500 | loss 0.1241 | val_acc=0.9708 val_roc_auc=0.7192 val_loss=0.1294 val_metric_name=roc_auc val_metric=0.7192
Step  550 | loss 0.1229 | val_acc=0.9709 val_roc_auc=0.7235 val_loss=0.1286 val_metric_name=roc_auc val_metric=0.7235
Step  600 | loss 0.1212 | val_acc=0.9709 val_roc_auc=0.7270 val_loss=0.1281 val_metric_name=roc_auc val_metric=0.7270
Step  650 | loss 0.1204 | val_acc=0.9710 val_roc_auc=0.7299 val_loss=0.1276 val_metric_name=roc_auc val_metric=0.7299
Step  700 | loss 0.1200 | val_acc=0.9709 val_roc_auc=0.7323 val_loss=0.1271 val_metric_name=roc_auc val_metric=0.7323
Step  750 | loss 0.1186 | val_acc=0.9708 val_roc_auc=0.7350 val_loss=0.1265 val_metric_name=roc_auc val_metric=0.7350
Step  800 | loss 0.1171 | val_acc=0.9706 val_roc_auc=0.7368 val_loss=0.1262 val_metric_name=roc_auc val_metric=0.7368
Step  850 | loss 0.1166 | val_acc=0.9705 val_roc_auc=0.7379 val_loss=0.1260 val_metric_name=roc_auc val_metric=0.7379
Step  900 | loss 0.1146 | val_acc=0.9709 val_roc_auc=0.7381 val_loss=0.1257 val_metric_name=roc_auc val_metric=0.7381
Step  950 | loss 0.1129 | val_acc=0.9708 val_roc_auc=0.7367 val_loss=0.1259 val_metric_name=roc_auc val_metric=0.7367
Step 1000 | loss 0.1118 | val_acc=0.9710 val_roc_auc=0.7352 val_loss=0.1262 val_metric_name=roc_auc val_metric=0.7352
Step 1050 | loss 0.1105 | val_acc=0.9711 val_roc_auc=0.7331 val_loss=0.1266 val_metric_name=roc_auc val_metric=0.7331
Step 1100 | loss 0.1095 | val_acc=0.9708 val_roc_auc=0.7315 val_loss=0.1270 val_metric_name=roc_auc val_metric=0.7315
Step 1150 | loss 0.1072 | val_acc=0.9706 val_roc_auc=0.7292 val_loss=0.1280 val_metric_name=roc_auc val_metric=0.7292
Early stopping at step 1169

--- Final (best ckpt @ step 860) ---
  train_acc=0.9715 train_roc_auc=0.7911 train_loss=0.1182 train_metric_name=roc_auc train_metric=0.7911
  val_acc=0.9706 val_roc_auc=0.7382 val_loss=0.1257 val_metric_name=roc_auc val_metric=0.7382
  test_acc=0.9716 test_roc_auc=0.7384 test_loss=0.1242 test_metric_name=roc_auc test_metric=0.7384
  test_roc_auc=0.7384

============================================================
Training questions GCN 1L h=256 lr=0.0001 split=7
============================================================
Training for 5000 steps
Step    1 | loss 0.9714 | val_acc=0.4161 val_roc_auc=0.5705 val_loss=0.7185 val_metric_name=roc_auc val_metric=0.5705
Step   50 | loss 0.1354 | val_acc=0.9702 val_roc_auc=0.6122 val_loss=0.1448 val_metric_name=roc_auc val_metric=0.6122
Step  100 | loss 0.1318 | val_acc=0.9702 val_roc_auc=0.6453 val_loss=0.1367 val_metric_name=roc_auc val_metric=0.6453
Step  150 | loss 0.1297 | val_acc=0.9705 val_roc_auc=0.6691 val_loss=0.1342 val_metric_name=roc_auc val_metric=0.6691
Step  200 | loss 0.1284 | val_acc=0.9706 val_roc_auc=0.6871 val_loss=0.1324 val_metric_name=roc_auc val_metric=0.6871
Step  250 | loss 0.1259 | val_acc=0.9706 val_roc_auc=0.7013 val_loss=0.1310 val_metric_name=roc_auc val_metric=0.7013
Step  300 | loss 0.1247 | val_acc=0.9707 val_roc_auc=0.7126 val_loss=0.1296 val_metric_name=roc_auc val_metric=0.7126
Step  350 | loss 0.1228 | val_acc=0.9709 val_roc_auc=0.7206 val_loss=0.1286 val_metric_name=roc_auc val_metric=0.7206
Step  400 | loss 0.1213 | val_acc=0.9709 val_roc_auc=0.7265 val_loss=0.1277 val_metric_name=roc_auc val_metric=0.7265
Step  450 | loss 0.1200 | val_acc=0.9710 val_roc_auc=0.7304 val_loss=0.1272 val_metric_name=roc_auc val_metric=0.7304
Step  500 | loss 0.1191 | val_acc=0.9708 val_roc_auc=0.7341 val_loss=0.1265 val_metric_name=roc_auc val_metric=0.7341
Step  550 | loss 0.1169 | val_acc=0.9706 val_roc_auc=0.7374 val_loss=0.1259 val_metric_name=roc_auc val_metric=0.7374
Step  600 | loss 0.1146 | val_acc=0.9706 val_roc_auc=0.7383 val_loss=0.1257 val_metric_name=roc_auc val_metric=0.7383
Step  650 | loss 0.1125 | val_acc=0.9709 val_roc_auc=0.7368 val_loss=0.1258 val_metric_name=roc_auc val_metric=0.7368
Step  700 | loss 0.1111 | val_acc=0.9710 val_roc_auc=0.7349 val_loss=0.1263 val_metric_name=roc_auc val_metric=0.7349
Step  750 | loss 0.1090 | val_acc=0.9710 val_roc_auc=0.7319 val_loss=0.1269 val_metric_name=roc_auc val_metric=0.7319
Step  800 | loss 0.1067 | val_acc=0.9706 val_roc_auc=0.7286 val_loss=0.1286 val_metric_name=roc_auc val_metric=0.7286
Step  850 | loss 0.1040 | val_acc=0.9704 val_roc_auc=0.7258 val_loss=0.1300 val_metric_name=roc_auc val_metric=0.7258
Step  900 | loss 0.1010 | val_acc=0.9704 val_roc_auc=0.7224 val_loss=0.1320 val_metric_name=roc_auc val_metric=0.7224
Early stopping at step 917

--- Final (best ckpt @ step 590) ---
  train_acc=0.9715 train_roc_auc=0.7935 train_loss=0.1176 train_metric_name=roc_auc train_metric=0.7935
  val_acc=0.9706 val_roc_auc=0.7386 val_loss=0.1256 val_metric_name=roc_auc val_metric=0.7386
  test_acc=0.9715 test_roc_auc=0.7380 test_loss=0.1241 test_metric_name=roc_auc test_metric=0.7380
  test_roc_auc=0.7380

============================================================
Training questions GCN 1L h=256 lr=1e-05 split=7
============================================================
Training for 5000 steps
Step    1 | loss 0.9714 | val_acc=0.0346 val_roc_auc=0.5656 val_loss=1.0152 val_metric_name=roc_auc val_metric=0.5656
Step   50 | loss 0.2846 | val_acc=0.9702 val_roc_auc=0.4868 val_loss=0.2053 val_metric_name=roc_auc val_metric=0.4868
Step  100 | loss 0.1731 | val_acc=0.9702 val_roc_auc=0.4618 val_loss=0.1390 val_metric_name=roc_auc val_metric=0.4618
Step  150 | loss 0.1497 | val_acc=0.9702 val_roc_auc=0.4605 val_loss=0.1362 val_metric_name=roc_auc val_metric=0.4605
Step  200 | loss 0.1430 | val_acc=0.9702 val_roc_auc=0.4686 val_loss=0.1393 val_metric_name=roc_auc val_metric=0.4686
Step  250 | loss 0.1389 | val_acc=0.9702 val_roc_auc=0.4841 val_loss=0.1419 val_metric_name=roc_auc val_metric=0.4841
Step  300 | loss 0.1379 | val_acc=0.9702 val_roc_auc=0.5072 val_loss=0.1434 val_metric_name=roc_auc val_metric=0.5072
Early stopping at step 313

--- Final (best ckpt @ step 10) ---
  train_acc=0.4112 train_roc_auc=0.5629 train_loss=0.7204 train_metric_name=roc_auc train_metric=0.5629
  val_acc=0.4105 val_roc_auc=0.5705 val_loss=0.7203 val_metric_name=roc_auc val_metric=0.5705
  test_acc=0.4099 test_roc_auc=0.5721 test_loss=0.7209 test_metric_name=roc_auc test_metric=0.5721
  test_roc_auc=0.5721

============================================================
Training questions GCN 1L h=384 lr=3e-05 split=7
============================================================
Training for 5000 steps
Step    1 | loss 0.4849 | val_acc=0.9700 val_roc_auc=0.5405 val_loss=0.3178 val_metric_name=roc_auc val_metric=0.5405
Step   50 | loss 0.1368 | val_acc=0.9702 val_roc_auc=0.6002 val_loss=0.1488 val_metric_name=roc_auc val_metric=0.6002
Step  100 | loss 0.1331 | val_acc=0.9702 val_roc_auc=0.6330 val_loss=0.1397 val_metric_name=roc_auc val_metric=0.6330
Step  150 | loss 0.1314 | val_acc=0.9702 val_roc_auc=0.6564 val_loss=0.1370 val_metric_name=roc_auc val_metric=0.6564
Step  200 | loss 0.1296 | val_acc=0.9704 val_roc_auc=0.6746 val_loss=0.1351 val_metric_name=roc_auc val_metric=0.6746
Step  250 | loss 0.1281 | val_acc=0.9705 val_roc_auc=0.6891 val_loss=0.1335 val_metric_name=roc_auc val_metric=0.6891
Step  300 | loss 0.1261 | val_acc=0.9706 val_roc_auc=0.7010 val_loss=0.1321 val_metric_name=roc_auc val_metric=0.7010
Step  350 | loss 0.1260 | val_acc=0.9708 val_roc_auc=0.7113 val_loss=0.1308 val_metric_name=roc_auc val_metric=0.7113
Step  400 | loss 0.1242 | val_acc=0.9709 val_roc_auc=0.7196 val_loss=0.1296 val_metric_name=roc_auc val_metric=0.7196
Step  450 | loss 0.1238 | val_acc=0.9710 val_roc_auc=0.7261 val_loss=0.1283 val_metric_name=roc_auc val_metric=0.7261
Step  500 | loss 0.1224 | val_acc=0.9711 val_roc_auc=0.7312 val_loss=0.1274 val_metric_name=roc_auc val_metric=0.7312
Step  550 | loss 0.1221 | val_acc=0.9711 val_roc_auc=0.7346 val_loss=0.1266 val_metric_name=roc_auc val_metric=0.7346
Step  600 | loss 0.1204 | val_acc=0.9708 val_roc_auc=0.7372 val_loss=0.1260 val_metric_name=roc_auc val_metric=0.7372
Step  650 | loss 0.1191 | val_acc=0.9708 val_roc_auc=0.7393 val_loss=0.1253 val_metric_name=roc_auc val_metric=0.7393
Step  700 | loss 0.1193 | val_acc=0.9706 val_roc_auc=0.7410 val_loss=0.1248 val_metric_name=roc_auc val_metric=0.7410
Step  750 | loss 0.1173 | val_acc=0.9704 val_roc_auc=0.7421 val_loss=0.1244 val_metric_name=roc_auc val_metric=0.7421
Step  800 | loss 0.1165 | val_acc=0.9708 val_roc_auc=0.7432 val_loss=0.1239 val_metric_name=roc_auc val_metric=0.7432
Step  850 | loss 0.1154 | val_acc=0.9710 val_roc_auc=0.7435 val_loss=0.1237 val_metric_name=roc_auc val_metric=0.7435
Step  900 | loss 0.1137 | val_acc=0.9712 val_roc_auc=0.7429 val_loss=0.1234 val_metric_name=roc_auc val_metric=0.7429
Step  950 | loss 0.1126 | val_acc=0.9711 val_roc_auc=0.7423 val_loss=0.1235 val_metric_name=roc_auc val_metric=0.7423
Step 1000 | loss 0.1113 | val_acc=0.9711 val_roc_auc=0.7421 val_loss=0.1237 val_metric_name=roc_auc val_metric=0.7421
Step 1050 | loss 0.1091 | val_acc=0.9710 val_roc_auc=0.7409 val_loss=0.1240 val_metric_name=roc_auc val_metric=0.7409
Step 1100 | loss 0.1088 | val_acc=0.9710 val_roc_auc=0.7396 val_loss=0.1248 val_metric_name=roc_auc val_metric=0.7396
Early stopping at step 1147

--- Final (best ckpt @ step 830) ---
  train_acc=0.9715 train_roc_auc=0.7906 train_loss=0.1170 train_metric_name=roc_auc train_metric=0.7906
  val_acc=0.9709 val_roc_auc=0.7435 val_loss=0.1237 val_metric_name=roc_auc val_metric=0.7435
  test_acc=0.9716 test_roc_auc=0.7446 test_loss=0.1221 test_metric_name=roc_auc test_metric=0.7446
  test_roc_auc=0.7446

============================================================
Training questions GCN 1L h=384 lr=6e-05 split=7
============================================================
Training for 5000 steps
Step    1 | loss 0.4849 | val_acc=0.9701 val_roc_auc=0.5389 val_loss=0.2518 val_metric_name=roc_auc val_metric=0.5389
Step   50 | loss 0.1340 | val_acc=0.9702 val_roc_auc=0.6306 val_loss=0.1345 val_metric_name=roc_auc val_metric=0.6306
Step  100 | loss 0.1303 | val_acc=0.9702 val_roc_auc=0.6614 val_loss=0.1351 val_metric_name=roc_auc val_metric=0.6614
Step  150 | loss 0.1283 | val_acc=0.9705 val_roc_auc=0.6863 val_loss=0.1328 val_metric_name=roc_auc val_metric=0.6863
Step  200 | loss 0.1262 | val_acc=0.9706 val_roc_auc=0.7056 val_loss=0.1307 val_metric_name=roc_auc val_metric=0.7056
Step  250 | loss 0.1241 | val_acc=0.9709 val_roc_auc=0.7203 val_loss=0.1289 val_metric_name=roc_auc val_metric=0.7203
Step  300 | loss 0.1216 | val_acc=0.9711 val_roc_auc=0.7306 val_loss=0.1273 val_metric_name=roc_auc val_metric=0.7306
Step  350 | loss 0.1212 | val_acc=0.9708 val_roc_auc=0.7364 val_loss=0.1262 val_metric_name=roc_auc val_metric=0.7364
Step  400 | loss 0.1185 | val_acc=0.9706 val_roc_auc=0.7396 val_loss=0.1251 val_metric_name=roc_auc val_metric=0.7396
Step  450 | loss 0.1173 | val_acc=0.9706 val_roc_auc=0.7415 val_loss=0.1246 val_metric_name=roc_auc val_metric=0.7415
Step  500 | loss 0.1151 | val_acc=0.9709 val_roc_auc=0.7429 val_loss=0.1240 val_metric_name=roc_auc val_metric=0.7429
Step  550 | loss 0.1132 | val_acc=0.9711 val_roc_auc=0.7423 val_loss=0.1234 val_metric_name=roc_auc val_metric=0.7423
Step  600 | loss 0.1097 | val_acc=0.9708 val_roc_auc=0.7402 val_loss=0.1245 val_metric_name=roc_auc val_metric=0.7402
Step  650 | loss 0.1064 | val_acc=0.9708 val_roc_auc=0.7386 val_loss=0.1252 val_metric_name=roc_auc val_metric=0.7386
Step  700 | loss 0.1055 | val_acc=0.9706 val_roc_auc=0.7359 val_loss=0.1264 val_metric_name=roc_auc val_metric=0.7359
Step  750 | loss 0.1025 | val_acc=0.9705 val_roc_auc=0.7333 val_loss=0.1281 val_metric_name=roc_auc val_metric=0.7333
Step  800 | loss 0.1005 | val_acc=0.9702 val_roc_auc=0.7316 val_loss=0.1300 val_metric_name=roc_auc val_metric=0.7316
Early stopping at step 833

--- Final (best ckpt @ step 530) ---
  train_acc=0.9720 train_roc_auc=0.8047 train_loss=0.1143 train_metric_name=roc_auc train_metric=0.8047
  val_acc=0.9712 val_roc_auc=0.7431 val_loss=0.1238 val_metric_name=roc_auc val_metric=0.7431
  test_acc=0.9719 test_roc_auc=0.7461 test_loss=0.1224 test_metric_name=roc_auc test_metric=0.7461
  test_roc_auc=0.7461

============================================================
Training questions GCN 1L h=384 lr=0.0001 split=7
============================================================
Training for 5000 steps
Step    1 | loss 0.4849 | val_acc=0.9702 val_roc_auc=0.5267 val_loss=0.1938 val_metric_name=roc_auc val_metric=0.5267
Step   50 | loss 0.1318 | val_acc=0.9702 val_roc_auc=0.6425 val_loss=0.1393 val_metric_name=roc_auc val_metric=0.6425
Step  100 | loss 0.1285 | val_acc=0.9705 val_roc_auc=0.6776 val_loss=0.1323 val_metric_name=roc_auc val_metric=0.6776
Step  150 | loss 0.1261 | val_acc=0.9708 val_roc_auc=0.7052 val_loss=0.1302 val_metric_name=roc_auc val_metric=0.7052
Step  200 | loss 0.1232 | val_acc=0.9709 val_roc_auc=0.7248 val_loss=0.1277 val_metric_name=roc_auc val_metric=0.7248
Step  250 | loss 0.1206 | val_acc=0.9708 val_roc_auc=0.7351 val_loss=0.1262 val_metric_name=roc_auc val_metric=0.7351
Step  300 | loss 0.1175 | val_acc=0.9705 val_roc_auc=0.7390 val_loss=0.1250 val_metric_name=roc_auc val_metric=0.7390
Step  350 | loss 0.1155 | val_acc=0.9709 val_roc_auc=0.7422 val_loss=0.1243 val_metric_name=roc_auc val_metric=0.7422
Step  400 | loss 0.1110 | val_acc=0.9712 val_roc_auc=0.7409 val_loss=0.1241 val_metric_name=roc_auc val_metric=0.7409
Step  450 | loss 0.1084 | val_acc=0.9708 val_roc_auc=0.7375 val_loss=0.1255 val_metric_name=roc_auc val_metric=0.7375
Step  500 | loss 0.1049 | val_acc=0.9702 val_roc_auc=0.7337 val_loss=0.1269 val_metric_name=roc_auc val_metric=0.7337
Step  550 | loss 0.1014 | val_acc=0.9697 val_roc_auc=0.7301 val_loss=0.1306 val_metric_name=roc_auc val_metric=0.7301
Step  600 | loss 0.0954 | val_acc=0.9695 val_roc_auc=0.7273 val_loss=0.1344 val_metric_name=roc_auc val_metric=0.7273
Step  650 | loss 0.0892 | val_acc=0.9690 val_roc_auc=0.7235 val_loss=0.1391 val_metric_name=roc_auc val_metric=0.7235
Early stopping at step 660

--- Final (best ckpt @ step 360) ---
  train_acc=0.9718 train_roc_auc=0.7960 train_loss=0.1160 train_metric_name=roc_auc train_metric=0.7960
  val_acc=0.9709 val_roc_auc=0.7425 val_loss=0.1241 val_metric_name=roc_auc val_metric=0.7425
  test_acc=0.9716 test_roc_auc=0.7443 test_loss=0.1226 test_metric_name=roc_auc test_metric=0.7443
  test_roc_auc=0.7443

============================================================
Training questions GCN 1L h=384 lr=1e-05 split=7
============================================================
Training for 5000 steps
Step    1 | loss 0.4849 | val_acc=0.9697 val_roc_auc=0.5419 val_loss=0.3750 val_metric_name=roc_auc val_metric=0.5419
Step   50 | loss 0.1427 | val_acc=0.9702 val_roc_auc=0.4741 val_loss=0.1419 val_metric_name=roc_auc val_metric=0.4741
Step  100 | loss 0.1382 | val_acc=0.9702 val_roc_auc=0.5436 val_loss=0.1465 val_metric_name=roc_auc val_metric=0.5436
Step  150 | loss 0.1366 | val_acc=0.9702 val_roc_auc=0.5973 val_loss=0.1447 val_metric_name=roc_auc val_metric=0.5973
Step  200 | loss 0.1353 | val_acc=0.9702 val_roc_auc=0.6122 val_loss=0.1428 val_metric_name=roc_auc val_metric=0.6122
Step  250 | loss 0.1342 | val_acc=0.9702 val_roc_auc=0.6251 val_loss=0.1413 val_metric_name=roc_auc val_metric=0.6251
Step  300 | loss 0.1322 | val_acc=0.9702 val_roc_auc=0.6369 val_loss=0.1401 val_metric_name=roc_auc val_metric=0.6369
Step  350 | loss 0.1319 | val_acc=0.9702 val_roc_auc=0.6472 val_loss=0.1390 val_metric_name=roc_auc val_metric=0.6472
Step  400 | loss 0.1310 | val_acc=0.9702 val_roc_auc=0.6565 val_loss=0.1380 val_metric_name=roc_auc val_metric=0.6565
Step  450 | loss 0.1309 | val_acc=0.9702 val_roc_auc=0.6648 val_loss=0.1371 val_metric_name=roc_auc val_metric=0.6648
Step  500 | loss 0.1297 | val_acc=0.9702 val_roc_auc=0.6722 val_loss=0.1363 val_metric_name=roc_auc val_metric=0.6722
Step  550 | loss 0.1297 | val_acc=0.9704 val_roc_auc=0.6788 val_loss=0.1355 val_metric_name=roc_auc val_metric=0.6788
Step  600 | loss 0.1285 | val_acc=0.9705 val_roc_auc=0.6848 val_loss=0.1347 val_metric_name=roc_auc val_metric=0.6848
Step  650 | loss 0.1278 | val_acc=0.9705 val_roc_auc=0.6902 val_loss=0.1341 val_metric_name=roc_auc val_metric=0.6902
Step  700 | loss 0.1283 | val_acc=0.9706 val_roc_auc=0.6952 val_loss=0.1335 val_metric_name=roc_auc val_metric=0.6952
Step  750 | loss 0.1269 | val_acc=0.9706 val_roc_auc=0.6998 val_loss=0.1329 val_metric_name=roc_auc val_metric=0.6998
Step  800 | loss 0.1266 | val_acc=0.9706 val_roc_auc=0.7041 val_loss=0.1323 val_metric_name=roc_auc val_metric=0.7041
Step  850 | loss 0.1267 | val_acc=0.9706 val_roc_auc=0.7082 val_loss=0.1316 val_metric_name=roc_auc val_metric=0.7082
Step  900 | loss 0.1261 | val_acc=0.9706 val_roc_auc=0.7120 val_loss=0.1311 val_metric_name=roc_auc val_metric=0.7120
Step  950 | loss 0.1255 | val_acc=0.9708 val_roc_auc=0.7154 val_loss=0.1306 val_metric_name=roc_auc val_metric=0.7154
Step 1000 | loss 0.1250 | val_acc=0.9710 val_roc_auc=0.7185 val_loss=0.1301 val_metric_name=roc_auc val_metric=0.7185
Step 1050 | loss 0.1241 | val_acc=0.9709 val_roc_auc=0.7212 val_loss=0.1297 val_metric_name=roc_auc val_metric=0.7212
Step 1100 | loss 0.1244 | val_acc=0.9709 val_roc_auc=0.7239 val_loss=0.1292 val_metric_name=roc_auc val_metric=0.7239
Step 1150 | loss 0.1233 | val_acc=0.9710 val_roc_auc=0.7261 val_loss=0.1286 val_metric_name=roc_auc val_metric=0.7261
Step 1200 | loss 0.1231 | val_acc=0.9710 val_roc_auc=0.7282 val_loss=0.1282 val_metric_name=roc_auc val_metric=0.7282
Step 1250 | loss 0.1222 | val_acc=0.9710 val_roc_auc=0.7301 val_loss=0.1278 val_metric_name=roc_auc val_metric=0.7301
Step 1300 | loss 0.1230 | val_acc=0.9711 val_roc_auc=0.7319 val_loss=0.1274 val_metric_name=roc_auc val_metric=0.7319
Step 1350 | loss 0.1221 | val_acc=0.9710 val_roc_auc=0.7334 val_loss=0.1270 val_metric_name=roc_auc val_metric=0.7334
Step 1400 | loss 0.1216 | val_acc=0.9711 val_roc_auc=0.7347 val_loss=0.1266 val_metric_name=roc_auc val_metric=0.7347
Step 1450 | loss 0.1208 | val_acc=0.9711 val_roc_auc=0.7358 val_loss=0.1264 val_metric_name=roc_auc val_metric=0.7358
Step 1500 | loss 0.1206 | val_acc=0.9708 val_roc_auc=0.7369 val_loss=0.1260 val_metric_name=roc_auc val_metric=0.7369
Step 1550 | loss 0.1200 | val_acc=0.9708 val_roc_auc=0.7378 val_loss=0.1259 val_metric_name=roc_auc val_metric=0.7378
Step 1600 | loss 0.1197 | val_acc=0.9708 val_roc_auc=0.7387 val_loss=0.1254 val_metric_name=roc_auc val_metric=0.7387
Step 1650 | loss 0.1196 | val_acc=0.9708 val_roc_auc=0.7396 val_loss=0.1252 val_metric_name=roc_auc val_metric=0.7396
Step 1700 | loss 0.1197 | val_acc=0.9707 val_roc_auc=0.7404 val_loss=0.1249 val_metric_name=roc_auc val_metric=0.7404
Step 1750 | loss 0.1184 | val_acc=0.9706 val_roc_auc=0.7409 val_loss=0.1246 val_metric_name=roc_auc val_metric=0.7409
Step 1800 | loss 0.1179 | val_acc=0.9706 val_roc_auc=0.7416 val_loss=0.1245 val_metric_name=roc_auc val_metric=0.7416
Step 1850 | loss 0.1174 | val_acc=0.9705 val_roc_auc=0.7420 val_loss=0.1242 val_metric_name=roc_auc val_metric=0.7420
Step 1900 | loss 0.1166 | val_acc=0.9704 val_roc_auc=0.7427 val_loss=0.1241 val_metric_name=roc_auc val_metric=0.7427
Step 1950 | loss 0.1166 | val_acc=0.9706 val_roc_auc=0.7431 val_loss=0.1238 val_metric_name=roc_auc val_metric=0.7431
Step 2000 | loss 0.1171 | val_acc=0.9706 val_roc_auc=0.7436 val_loss=0.1236 val_metric_name=roc_auc val_metric=0.7436
Step 2050 | loss 0.1159 | val_acc=0.9708 val_roc_auc=0.7439 val_loss=0.1234 val_metric_name=roc_auc val_metric=0.7439
Step 2100 | loss 0.1161 | val_acc=0.9709 val_roc_auc=0.7441 val_loss=0.1233 val_metric_name=roc_auc val_metric=0.7441
Step 2150 | loss 0.1154 | val_acc=0.9710 val_roc_auc=0.7440 val_loss=0.1232 val_metric_name=roc_auc val_metric=0.7440
Step 2200 | loss 0.1141 | val_acc=0.9711 val_roc_auc=0.7441 val_loss=0.1230 val_metric_name=roc_auc val_metric=0.7441
Step 2250 | loss 0.1139 | val_acc=0.9712 val_roc_auc=0.7439 val_loss=0.1230 val_metric_name=roc_auc val_metric=0.7439
Step 2300 | loss 0.1132 | val_acc=0.9713 val_roc_auc=0.7434 val_loss=0.1230 val_metric_name=roc_auc val_metric=0.7434
Step 2350 | loss 0.1124 | val_acc=0.9711 val_roc_auc=0.7431 val_loss=0.1231 val_metric_name=roc_auc val_metric=0.7431
Step 2400 | loss 0.1123 | val_acc=0.9711 val_roc_auc=0.7429 val_loss=0.1231 val_metric_name=roc_auc val_metric=0.7429
Step 2450 | loss 0.1111 | val_acc=0.9712 val_roc_auc=0.7427 val_loss=0.1232 val_metric_name=roc_auc val_metric=0.7427
Step 2500 | loss 0.1113 | val_acc=0.9711 val_roc_auc=0.7425 val_loss=0.1232 val_metric_name=roc_auc val_metric=0.7425
Early stopping at step 2501

--- Final (best ckpt @ step 2120) ---
  train_acc=0.9716 train_roc_auc=0.7924 train_loss=0.1164 train_metric_name=roc_auc train_metric=0.7924
  val_acc=0.9710 val_roc_auc=0.7441 val_loss=0.1232 val_metric_name=roc_auc val_metric=0.7441
  test_acc=0.9716 test_roc_auc=0.7459 test_loss=0.1216 test_metric_name=roc_auc test_metric=0.7459
  test_roc_auc=0.7459

============================================================
Training questions GCN 1L h=512 lr=3e-05 split=7
============================================================
Training for 5000 steps
Step    1 | loss 0.5207 | val_acc=0.9694 val_roc_auc=0.4745 val_loss=0.3328 val_metric_name=roc_auc val_metric=0.4745
Step   50 | loss 0.1342 | val_acc=0.9702 val_roc_auc=0.6063 val_loss=0.1426 val_metric_name=roc_auc val_metric=0.6063
Step  100 | loss 0.1316 | val_acc=0.9702 val_roc_auc=0.6400 val_loss=0.1377 val_metric_name=roc_auc val_metric=0.6400
Step  150 | loss 0.1298 | val_acc=0.9705 val_roc_auc=0.6651 val_loss=0.1351 val_metric_name=roc_auc val_metric=0.6651
Step  200 | loss 0.1281 | val_acc=0.9706 val_roc_auc=0.6828 val_loss=0.1334 val_metric_name=roc_auc val_metric=0.6828
Step  250 | loss 0.1267 | val_acc=0.9706 val_roc_auc=0.6970 val_loss=0.1318 val_metric_name=roc_auc val_metric=0.6970
Step  300 | loss 0.1258 | val_acc=0.9706 val_roc_auc=0.7085 val_loss=0.1304 val_metric_name=roc_auc val_metric=0.7085
Step  350 | loss 0.1250 | val_acc=0.9709 val_roc_auc=0.7175 val_loss=0.1290 val_metric_name=roc_auc val_metric=0.7175
Step  400 | loss 0.1235 | val_acc=0.9710 val_roc_auc=0.7251 val_loss=0.1280 val_metric_name=roc_auc val_metric=0.7251
Step  450 | loss 0.1215 | val_acc=0.9710 val_roc_auc=0.7309 val_loss=0.1267 val_metric_name=roc_auc val_metric=0.7309
Step  500 | loss 0.1207 | val_acc=0.9708 val_roc_auc=0.7350 val_loss=0.1258 val_metric_name=roc_auc val_metric=0.7350
Step  550 | loss 0.1188 | val_acc=0.9709 val_roc_auc=0.7383 val_loss=0.1253 val_metric_name=roc_auc val_metric=0.7383
Step  600 | loss 0.1180 | val_acc=0.9708 val_roc_auc=0.7401 val_loss=0.1245 val_metric_name=roc_auc val_metric=0.7401
Step  650 | loss 0.1166 | val_acc=0.9706 val_roc_auc=0.7406 val_loss=0.1242 val_metric_name=roc_auc val_metric=0.7406
Step  700 | loss 0.1152 | val_acc=0.9711 val_roc_auc=0.7400 val_loss=0.1239 val_metric_name=roc_auc val_metric=0.7400
Step  750 | loss 0.1136 | val_acc=0.9711 val_roc_auc=0.7393 val_loss=0.1242 val_metric_name=roc_auc val_metric=0.7393
Step  800 | loss 0.1120 | val_acc=0.9711 val_roc_auc=0.7381 val_loss=0.1242 val_metric_name=roc_auc val_metric=0.7381
Step  850 | loss 0.1103 | val_acc=0.9710 val_roc_auc=0.7357 val_loss=0.1251 val_metric_name=roc_auc val_metric=0.7357
Step  900 | loss 0.1078 | val_acc=0.9709 val_roc_auc=0.7344 val_loss=0.1256 val_metric_name=roc_auc val_metric=0.7344
Early stopping at step 939

--- Final (best ckpt @ step 630) ---
  train_acc=0.9713 train_roc_auc=0.7807 train_loss=0.1190 train_metric_name=roc_auc train_metric=0.7807
  val_acc=0.9707 val_roc_auc=0.7409 val_loss=0.1240 val_metric_name=roc_auc val_metric=0.7409
  test_acc=0.9714 test_roc_auc=0.7450 test_loss=0.1226 test_metric_name=roc_auc test_metric=0.7450
  test_roc_auc=0.7450

============================================================
Training questions GCN 1L h=512 lr=6e-05 split=7
============================================================
Training for 5000 steps
Step    1 | loss 0.5207 | val_acc=0.9701 val_roc_auc=0.4687 val_loss=0.2437 val_metric_name=roc_auc val_metric=0.4687
Step   50 | loss 0.1326 | val_acc=0.9702 val_roc_auc=0.6340 val_loss=0.1333 val_metric_name=roc_auc val_metric=0.6340
Step  100 | loss 0.1291 | val_acc=0.9705 val_roc_auc=0.6690 val_loss=0.1339 val_metric_name=roc_auc val_metric=0.6690
Step  150 | loss 0.1271 | val_acc=0.9706 val_roc_auc=0.6928 val_loss=0.1314 val_metric_name=roc_auc val_metric=0.6928
Step  200 | loss 0.1248 | val_acc=0.9710 val_roc_auc=0.7110 val_loss=0.1293 val_metric_name=roc_auc val_metric=0.7110
Step  250 | loss 0.1223 | val_acc=0.9709 val_roc_auc=0.7252 val_loss=0.1273 val_metric_name=roc_auc val_metric=0.7252
Step  300 | loss 0.1210 | val_acc=0.9707 val_roc_auc=0.7342 val_loss=0.1260 val_metric_name=roc_auc val_metric=0.7342
Step  350 | loss 0.1192 | val_acc=0.9708 val_roc_auc=0.7390 val_loss=0.1249 val_metric_name=roc_auc val_metric=0.7390
Step  400 | loss 0.1161 | val_acc=0.9708 val_roc_auc=0.7401 val_loss=0.1245 val_metric_name=roc_auc val_metric=0.7401
Step  450 | loss 0.1130 | val_acc=0.9712 val_roc_auc=0.7381 val_loss=0.1247 val_metric_name=roc_auc val_metric=0.7381
Step  500 | loss 0.1105 | val_acc=0.9710 val_roc_auc=0.7349 val_loss=0.1257 val_metric_name=roc_auc val_metric=0.7349
Step  550 | loss 0.1067 | val_acc=0.9707 val_roc_auc=0.7302 val_loss=0.1276 val_metric_name=roc_auc val_metric=0.7302
Step  600 | loss 0.1040 | val_acc=0.9704 val_roc_auc=0.7245 val_loss=0.1299 val_metric_name=roc_auc val_metric=0.7245
Step  650 | loss 0.1008 | val_acc=0.9705 val_roc_auc=0.7206 val_loss=0.1319 val_metric_name=roc_auc val_metric=0.7206
Early stopping at step 690

--- Final (best ckpt @ step 390) ---
  train_acc=0.9713 train_roc_auc=0.7839 train_loss=0.1186 train_metric_name=roc_auc train_metric=0.7839
  val_acc=0.9707 val_roc_auc=0.7403 val_loss=0.1243 val_metric_name=roc_auc val_metric=0.7403
  test_acc=0.9713 test_roc_auc=0.7441 test_loss=0.1230 test_metric_name=roc_auc test_metric=0.7441
  test_roc_auc=0.7441

============================================================
Training questions GCN 1L h=512 lr=0.0001 split=7
============================================================
Training for 5000 steps
Step    1 | loss 0.5207 | val_acc=0.9701 val_roc_auc=0.4613 val_loss=0.1767 val_metric_name=roc_auc val_metric=0.4613
Step   50 | loss 0.1312 | val_acc=0.9703 val_roc_auc=0.6476 val_loss=0.1387 val_metric_name=roc_auc val_metric=0.6476
Step  100 | loss 0.1275 | val_acc=0.9707 val_roc_auc=0.6845 val_loss=0.1313 val_metric_name=roc_auc val_metric=0.6845
Step  150 | loss 0.1250 | val_acc=0.9709 val_roc_auc=0.7094 val_loss=0.1288 val_metric_name=roc_auc val_metric=0.7094
Step  200 | loss 0.1217 | val_acc=0.9709 val_roc_auc=0.7294 val_loss=0.1267 val_metric_name=roc_auc val_metric=0.7294
Step  250 | loss 0.1183 | val_acc=0.9707 val_roc_auc=0.7377 val_loss=0.1251 val_metric_name=roc_auc val_metric=0.7377
Step  300 | loss 0.1153 | val_acc=0.9708 val_roc_auc=0.7390 val_loss=0.1243 val_metric_name=roc_auc val_metric=0.7390
Step  350 | loss 0.1115 | val_acc=0.9709 val_roc_auc=0.7337 val_loss=0.1265 val_metric_name=roc_auc val_metric=0.7337
Step  400 | loss 0.1067 | val_acc=0.9705 val_roc_auc=0.7270 val_loss=0.1290 val_metric_name=roc_auc val_metric=0.7270
Step  450 | loss 0.1018 | val_acc=0.9700 val_roc_auc=0.7181 val_loss=0.1329 val_metric_name=roc_auc val_metric=0.7181
Step  500 | loss 0.0957 | val_acc=0.9697 val_roc_auc=0.7147 val_loss=0.1377 val_metric_name=roc_auc val_metric=0.7147
Step  550 | loss 0.0890 | val_acc=0.9686 val_roc_auc=0.7127 val_loss=0.1437 val_metric_name=roc_auc val_metric=0.7127
Early stopping at step 581

--- Final (best ckpt @ step 280) ---
  train_acc=0.9713 train_roc_auc=0.7796 train_loss=0.1191 train_metric_name=roc_auc train_metric=0.7796
  val_acc=0.9706 val_roc_auc=0.7399 val_loss=0.1245 val_metric_name=roc_auc val_metric=0.7399
  test_acc=0.9714 test_roc_auc=0.7432 test_loss=0.1231 test_metric_name=roc_auc test_metric=0.7432
  test_roc_auc=0.7432

============================================================
Training questions GCN 1L h=512 lr=1e-05 split=7
============================================================
Training for 5000 steps
Step    1 | loss 0.5207 | val_acc=0.9673 val_roc_auc=0.4776 val_loss=0.4174 val_metric_name=roc_auc val_metric=0.4776
Step   50 | loss 0.1386 | val_acc=0.9702 val_roc_auc=0.4674 val_loss=0.1463 val_metric_name=roc_auc val_metric=0.4674
Step  100 | loss 0.1362 | val_acc=0.9702 val_roc_auc=0.5613 val_loss=0.1446 val_metric_name=roc_auc val_metric=0.5613
Step  150 | loss 0.1347 | val_acc=0.9702 val_roc_auc=0.6053 val_loss=0.1418 val_metric_name=roc_auc val_metric=0.6053
Step  200 | loss 0.1332 | val_acc=0.9702 val_roc_auc=0.6217 val_loss=0.1402 val_metric_name=roc_auc val_metric=0.6217
Step  250 | loss 0.1322 | val_acc=0.9702 val_roc_auc=0.6358 val_loss=0.1389 val_metric_name=roc_auc val_metric=0.6358
Step  300 | loss 0.1315 | val_acc=0.9702 val_roc_auc=0.6481 val_loss=0.1377 val_metric_name=roc_auc val_metric=0.6481
Step  350 | loss 0.1311 | val_acc=0.9704 val_roc_auc=0.6585 val_loss=0.1368 val_metric_name=roc_auc val_metric=0.6585
Step  400 | loss 0.1303 | val_acc=0.9705 val_roc_auc=0.6676 val_loss=0.1359 val_metric_name=roc_auc val_metric=0.6676
Step  450 | loss 0.1290 | val_acc=0.9705 val_roc_auc=0.6757 val_loss=0.1350 val_metric_name=roc_auc val_metric=0.6757
Step  500 | loss 0.1287 | val_acc=0.9705 val_roc_auc=0.6826 val_loss=0.1342 val_metric_name=roc_auc val_metric=0.6826
Step  550 | loss 0.1278 | val_acc=0.9706 val_roc_auc=0.6888 val_loss=0.1335 val_metric_name=roc_auc val_metric=0.6888
Step  600 | loss 0.1278 | val_acc=0.9707 val_roc_auc=0.6945 val_loss=0.1329 val_metric_name=roc_auc val_metric=0.6945
Step  650 | loss 0.1271 | val_acc=0.9706 val_roc_auc=0.7000 val_loss=0.1322 val_metric_name=roc_auc val_metric=0.7000
Step  700 | loss 0.1266 | val_acc=0.9706 val_roc_auc=0.7048 val_loss=0.1315 val_metric_name=roc_auc val_metric=0.7048
Step  750 | loss 0.1257 | val_acc=0.9706 val_roc_auc=0.7091 val_loss=0.1309 val_metric_name=roc_auc val_metric=0.7091
Step  800 | loss 0.1252 | val_acc=0.9708 val_roc_auc=0.7130 val_loss=0.1302 val_metric_name=roc_auc val_metric=0.7130
Step  850 | loss 0.1251 | val_acc=0.9709 val_roc_auc=0.7164 val_loss=0.1297 val_metric_name=roc_auc val_metric=0.7164
Step  900 | loss 0.1240 | val_acc=0.9709 val_roc_auc=0.7196 val_loss=0.1292 val_metric_name=roc_auc val_metric=0.7196
Step  950 | loss 0.1236 | val_acc=0.9710 val_roc_auc=0.7226 val_loss=0.1286 val_metric_name=roc_auc val_metric=0.7226
Step 1000 | loss 0.1232 | val_acc=0.9710 val_roc_auc=0.7252 val_loss=0.1281 val_metric_name=roc_auc val_metric=0.7252
Step 1050 | loss 0.1228 | val_acc=0.9710 val_roc_auc=0.7277 val_loss=0.1276 val_metric_name=roc_auc val_metric=0.7277
Step 1100 | loss 0.1220 | val_acc=0.9710 val_roc_auc=0.7300 val_loss=0.1271 val_metric_name=roc_auc val_metric=0.7300
Step 1150 | loss 0.1217 | val_acc=0.9711 val_roc_auc=0.7320 val_loss=0.1267 val_metric_name=roc_auc val_metric=0.7320
Step 1200 | loss 0.1219 | val_acc=0.9709 val_roc_auc=0.7338 val_loss=0.1262 val_metric_name=roc_auc val_metric=0.7338
Step 1250 | loss 0.1205 | val_acc=0.9709 val_roc_auc=0.7353 val_loss=0.1258 val_metric_name=roc_auc val_metric=0.7353
Step 1300 | loss 0.1197 | val_acc=0.9709 val_roc_auc=0.7367 val_loss=0.1254 val_metric_name=roc_auc val_metric=0.7367
Step 1350 | loss 0.1200 | val_acc=0.9709 val_roc_auc=0.7379 val_loss=0.1250 val_metric_name=roc_auc val_metric=0.7379
Step 1400 | loss 0.1192 | val_acc=0.9709 val_roc_auc=0.7389 val_loss=0.1248 val_metric_name=roc_auc val_metric=0.7389
Step 1450 | loss 0.1184 | val_acc=0.9707 val_roc_auc=0.7398 val_loss=0.1244 val_metric_name=roc_auc val_metric=0.7398
Step 1500 | loss 0.1176 | val_acc=0.9709 val_roc_auc=0.7403 val_loss=0.1243 val_metric_name=roc_auc val_metric=0.7403
Step 1550 | loss 0.1177 | val_acc=0.9709 val_roc_auc=0.7408 val_loss=0.1239 val_metric_name=roc_auc val_metric=0.7408
Step 1600 | loss 0.1177 | val_acc=0.9708 val_roc_auc=0.7411 val_loss=0.1236 val_metric_name=roc_auc val_metric=0.7411
Step 1650 | loss 0.1166 | val_acc=0.9706 val_roc_auc=0.7411 val_loss=0.1235 val_metric_name=roc_auc val_metric=0.7411
Step 1700 | loss 0.1157 | val_acc=0.9708 val_roc_auc=0.7411 val_loss=0.1235 val_metric_name=roc_auc val_metric=0.7411
Step 1750 | loss 0.1154 | val_acc=0.9711 val_roc_auc=0.7408 val_loss=0.1234 val_metric_name=roc_auc val_metric=0.7408
Step 1800 | loss 0.1139 | val_acc=0.9711 val_roc_auc=0.7405 val_loss=0.1234 val_metric_name=roc_auc val_metric=0.7405
Step 1850 | loss 0.1136 | val_acc=0.9711 val_roc_auc=0.7403 val_loss=0.1234 val_metric_name=roc_auc val_metric=0.7403
Step 1900 | loss 0.1135 | val_acc=0.9712 val_roc_auc=0.7399 val_loss=0.1235 val_metric_name=roc_auc val_metric=0.7399
Step 1950 | loss 0.1131 | val_acc=0.9711 val_roc_auc=0.7394 val_loss=0.1236 val_metric_name=roc_auc val_metric=0.7394
Early stopping at step 1994

--- Final (best ckpt @ step 1660) ---
  train_acc=0.9713 train_roc_auc=0.7874 train_loss=0.1176 train_metric_name=roc_auc train_metric=0.7874
  val_acc=0.9706 val_roc_auc=0.7412 val_loss=0.1236 val_metric_name=roc_auc val_metric=0.7412
  test_acc=0.9715 test_roc_auc=0.7467 test_loss=0.1222 test_metric_name=roc_auc test_metric=0.7467
  test_roc_auc=0.7467
  >> num_layers=1 hidden_dim=256 lr=3e-05 best_step=1550 val_roc_auc=0.7384 test_roc_auc=0.7394
     val_acc=0.9708 val_loss=0.1259 val_metric=0.7384 val_metric_name=roc_auc val_roc_auc=0.7384
     test_acc=0.9714 test_loss=0.1243 test_metric=0.7394 test_metric_name=roc_auc test_roc_auc=0.7394
  >> num_layers=1 hidden_dim=256 lr=6e-05 best_step=860 val_roc_auc=0.7382 test_roc_auc=0.7384
     val_acc=0.9706 val_loss=0.1257 val_metric=0.7382 val_metric_name=roc_auc val_roc_auc=0.7382
     test_acc=0.9716 test_loss=0.1242 test_metric=0.7384 test_metric_name=roc_auc test_roc_auc=0.7384
  >> num_layers=1 hidden_dim=256 lr=0.0001 best_step=590 val_roc_auc=0.7386 test_roc_auc=0.7380
     val_acc=0.9706 val_loss=0.1256 val_metric=0.7386 val_metric_name=roc_auc val_roc_auc=0.7386
     test_acc=0.9715 test_loss=0.1241 test_metric=0.7380 test_metric_name=roc_auc test_roc_auc=0.7380
  >> num_layers=1 hidden_dim=256 lr=1e-05 best_step=10 val_roc_auc=0.5705 test_roc_auc=0.5721
     val_acc=0.4105 val_loss=0.7203 val_metric=0.5705 val_metric_name=roc_auc val_roc_auc=0.5705
     test_acc=0.4099 test_loss=0.7209 test_metric=0.5721 test_metric_name=roc_auc test_roc_auc=0.5721
  >> num_layers=1 hidden_dim=384 lr=3e-05 best_step=830 val_roc_auc=0.7435 test_roc_auc=0.7446
     val_acc=0.9709 val_loss=0.1237 val_metric=0.7435 val_metric_name=roc_auc val_roc_auc=0.7435
     test_acc=0.9716 test_loss=0.1221 test_metric=0.7446 test_metric_name=roc_auc test_roc_auc=0.7446
  >> num_layers=1 hidden_dim=384 lr=6e-05 best_step=530 val_roc_auc=0.7431 test_roc_auc=0.7461
     val_acc=0.9712 val_loss=0.1238 val_metric=0.7431 val_metric_name=roc_auc val_roc_auc=0.7431
     test_acc=0.9719 test_loss=0.1224 test_metric=0.7461 test_metric_name=roc_auc test_roc_auc=0.7461
  >> num_layers=1 hidden_dim=384 lr=0.0001 best_step=360 val_roc_auc=0.7425 test_roc_auc=0.7443
     val_acc=0.9709 val_loss=0.1241 val_metric=0.7425 val_metric_name=roc_auc val_roc_auc=0.7425
     test_acc=0.9716 test_loss=0.1226 test_metric=0.7443 test_metric_name=roc_auc test_roc_auc=0.7443
  >> num_layers=1 hidden_dim=384 lr=1e-05 best_step=2120 val_roc_auc=0.7441 test_roc_auc=0.7459
     val_acc=0.9710 val_loss=0.1232 val_metric=0.7441 val_metric_name=roc_auc val_roc_auc=0.7441
     test_acc=0.9716 test_loss=0.1216 test_metric=0.7459 test_metric_name=roc_auc test_roc_auc=0.7459
  >> num_layers=1 hidden_dim=512 lr=3e-05 best_step=630 val_roc_auc=0.7409 test_roc_auc=0.7450
     val_acc=0.9707 val_loss=0.1240 val_metric=0.7409 val_metric_name=roc_auc val_roc_auc=0.7409
     test_acc=0.9714 test_loss=0.1226 test_metric=0.7450 test_metric_name=roc_auc test_roc_auc=0.7450
  >> num_layers=1 hidden_dim=512 lr=6e-05 best_step=390 val_roc_auc=0.7403 test_roc_auc=0.7441
     val_acc=0.9707 val_loss=0.1243 val_metric=0.7403 val_metric_name=roc_auc val_roc_auc=0.7403
     test_acc=0.9713 test_loss=0.1230 test_metric=0.7441 test_metric_name=roc_auc test_roc_auc=0.7441
  >> num_layers=1 hidden_dim=512 lr=0.0001 best_step=280 val_roc_auc=0.7399 test_roc_auc=0.7432
     val_acc=0.9706 val_loss=0.1245 val_metric=0.7399 val_metric_name=roc_auc val_roc_auc=0.7399
     test_acc=0.9714 test_loss=0.1231 test_metric=0.7432 test_metric_name=roc_auc test_roc_auc=0.7432
  >> num_layers=1 hidden_dim=512 lr=1e-05 best_step=1660 val_roc_auc=0.7412 test_roc_auc=0.7467
     val_acc=0.9706 val_loss=0.1236 val_metric=0.7412 val_metric_name=roc_auc val_roc_auc=0.7412
     test_acc=0.9715 test_loss=0.1222 test_metric=0.7467 test_metric_name=roc_auc test_roc_auc=0.7467
  >> selected best (by val): num_layers=1 hidden_dim=384 lr=1e-05 val_roc_auc=0.7441 test_roc_auc=0.7459
     val_acc=0.9710 val_loss=0.1232 val_metric=0.7441 val_metric_name=roc_auc val_roc_auc=0.7441
     test_acc=0.9716 test_loss=0.1216 test_metric=0.7459 test_metric_name=roc_auc test_roc_auc=0.7459

Done. Results saved to /home/avshmelev/diploma_yandex_graphs/results_grid/questions/base.csv, checkpoints in /home/avshmelev/diploma_yandex_graphs/all_checkpoints/questions/base/
