Loading data...

============================================================
Training questions GCN 2L h=256 lr=3e-05 split=0
============================================================
Training for 5000 steps
Step    1 | loss 0.8834 | val_acc=0.2538 val_roc_auc=0.5364 val_loss=0.8008 val_metric_name=roc_auc val_metric=0.5364
Step   50 | loss 0.1380 | val_acc=0.9702 val_roc_auc=0.5184 val_loss=0.1522 val_metric_name=roc_auc val_metric=0.5184
Step  100 | loss 0.1339 | val_acc=0.9702 val_roc_auc=0.6072 val_loss=0.1431 val_metric_name=roc_auc val_metric=0.6072
Step  150 | loss 0.1323 | val_acc=0.9702 val_roc_auc=0.6314 val_loss=0.1399 val_metric_name=roc_auc val_metric=0.6314
Step  200 | loss 0.1300 | val_acc=0.9702 val_roc_auc=0.6491 val_loss=0.1372 val_metric_name=roc_auc val_metric=0.6491
Step  250 | loss 0.1292 | val_acc=0.9705 val_roc_auc=0.6622 val_loss=0.1351 val_metric_name=roc_auc val_metric=0.6622
Step  300 | loss 0.1273 | val_acc=0.9709 val_roc_auc=0.6721 val_loss=0.1333 val_metric_name=roc_auc val_metric=0.6721
Step  350 | loss 0.1261 | val_acc=0.9710 val_roc_auc=0.6817 val_loss=0.1319 val_metric_name=roc_auc val_metric=0.6817
Step  400 | loss 0.1241 | val_acc=0.9710 val_roc_auc=0.6907 val_loss=0.1307 val_metric_name=roc_auc val_metric=0.6907
Step  450 | loss 0.1236 | val_acc=0.9712 val_roc_auc=0.6993 val_loss=0.1295 val_metric_name=roc_auc val_metric=0.6993
Step  500 | loss 0.1228 | val_acc=0.9714 val_roc_auc=0.7077 val_loss=0.1287 val_metric_name=roc_auc val_metric=0.7077
Step  550 | loss 0.1203 | val_acc=0.9715 val_roc_auc=0.7158 val_loss=0.1278 val_metric_name=roc_auc val_metric=0.7158
Step  600 | loss 0.1198 | val_acc=0.9714 val_roc_auc=0.7228 val_loss=0.1272 val_metric_name=roc_auc val_metric=0.7228
Step  650 | loss 0.1190 | val_acc=0.9715 val_roc_auc=0.7283 val_loss=0.1269 val_metric_name=roc_auc val_metric=0.7283
Step  700 | loss 0.1177 | val_acc=0.9714 val_roc_auc=0.7331 val_loss=0.1263 val_metric_name=roc_auc val_metric=0.7331
Step  750 | loss 0.1166 | val_acc=0.9714 val_roc_auc=0.7373 val_loss=0.1262 val_metric_name=roc_auc val_metric=0.7373
Step  800 | loss 0.1162 | val_acc=0.9715 val_roc_auc=0.7407 val_loss=0.1258 val_metric_name=roc_auc val_metric=0.7407
Step  850 | loss 0.1148 | val_acc=0.9714 val_roc_auc=0.7439 val_loss=0.1257 val_metric_name=roc_auc val_metric=0.7439
Step  900 | loss 0.1149 | val_acc=0.9714 val_roc_auc=0.7471 val_loss=0.1254 val_metric_name=roc_auc val_metric=0.7471
Step  950 | loss 0.1121 | val_acc=0.9715 val_roc_auc=0.7503 val_loss=0.1250 val_metric_name=roc_auc val_metric=0.7503
Step 1000 | loss 0.1124 | val_acc=0.9715 val_roc_auc=0.7533 val_loss=0.1246 val_metric_name=roc_auc val_metric=0.7533
Step 1050 | loss 0.1115 | val_acc=0.9715 val_roc_auc=0.7563 val_loss=0.1242 val_metric_name=roc_auc val_metric=0.7563
Step 1100 | loss 0.1104 | val_acc=0.9715 val_roc_auc=0.7591 val_loss=0.1235 val_metric_name=roc_auc val_metric=0.7591
Step 1150 | loss 0.1091 | val_acc=0.9715 val_roc_auc=0.7621 val_loss=0.1231 val_metric_name=roc_auc val_metric=0.7621
Step 1200 | loss 0.1085 | val_acc=0.9715 val_roc_auc=0.7650 val_loss=0.1233 val_metric_name=roc_auc val_metric=0.7650
Step 1250 | loss 0.1078 | val_acc=0.9717 val_roc_auc=0.7675 val_loss=0.1226 val_metric_name=roc_auc val_metric=0.7675
Step 1300 | loss 0.1062 | val_acc=0.9717 val_roc_auc=0.7693 val_loss=0.1227 val_metric_name=roc_auc val_metric=0.7693
Step 1350 | loss 0.1054 | val_acc=0.9716 val_roc_auc=0.7708 val_loss=0.1222 val_metric_name=roc_auc val_metric=0.7708
Step 1400 | loss 0.1039 | val_acc=0.9715 val_roc_auc=0.7717 val_loss=0.1223 val_metric_name=roc_auc val_metric=0.7717
Step 1450 | loss 0.1033 | val_acc=0.9714 val_roc_auc=0.7714 val_loss=0.1229 val_metric_name=roc_auc val_metric=0.7714
Step 1500 | loss 0.1024 | val_acc=0.9715 val_roc_auc=0.7713 val_loss=0.1230 val_metric_name=roc_auc val_metric=0.7713
Step 1550 | loss 0.1014 | val_acc=0.9715 val_roc_auc=0.7711 val_loss=0.1240 val_metric_name=roc_auc val_metric=0.7711
Step 1600 | loss 0.1005 | val_acc=0.9716 val_roc_auc=0.7694 val_loss=0.1244 val_metric_name=roc_auc val_metric=0.7694
Step 1650 | loss 0.0985 | val_acc=0.9717 val_roc_auc=0.7684 val_loss=0.1245 val_metric_name=roc_auc val_metric=0.7684
Step 1700 | loss 0.0981 | val_acc=0.9715 val_roc_auc=0.7661 val_loss=0.1261 val_metric_name=roc_auc val_metric=0.7661
Early stopping at step 1740

--- Final (best ckpt @ step 1440) ---
  train_acc=0.9726 train_roc_auc=0.8572 train_loss=0.1026 train_metric_name=roc_auc train_metric=0.8572
  val_acc=0.9714 val_roc_auc=0.7718 val_loss=0.1227 val_metric_name=roc_auc val_metric=0.7718
  test_acc=0.9700 test_roc_auc=0.7725 test_loss=0.1266 test_metric_name=roc_auc test_metric=0.7725
  test_roc_auc=0.7725

============================================================
Training questions GCN 2L h=256 lr=6e-05 split=0
============================================================
Training for 5000 steps
Step    1 | loss 0.8834 | val_acc=0.5787 val_roc_auc=0.5393 val_loss=0.6590 val_metric_name=roc_auc val_metric=0.5393
Step   50 | loss 0.1345 | val_acc=0.9702 val_roc_auc=0.6177 val_loss=0.1441 val_metric_name=roc_auc val_metric=0.6177
Step  100 | loss 0.1300 | val_acc=0.9702 val_roc_auc=0.6476 val_loss=0.1365 val_metric_name=roc_auc val_metric=0.6476
Step  150 | loss 0.1275 | val_acc=0.9707 val_roc_auc=0.6679 val_loss=0.1328 val_metric_name=roc_auc val_metric=0.6679
Step  200 | loss 0.1251 | val_acc=0.9710 val_roc_auc=0.6840 val_loss=0.1306 val_metric_name=roc_auc val_metric=0.6840
Step  250 | loss 0.1235 | val_acc=0.9712 val_roc_auc=0.6990 val_loss=0.1288 val_metric_name=roc_auc val_metric=0.6990
Step  300 | loss 0.1213 | val_acc=0.9715 val_roc_auc=0.7132 val_loss=0.1273 val_metric_name=roc_auc val_metric=0.7132
Step  350 | loss 0.1191 | val_acc=0.9714 val_roc_auc=0.7252 val_loss=0.1263 val_metric_name=roc_auc val_metric=0.7252
Step  400 | loss 0.1170 | val_acc=0.9713 val_roc_auc=0.7341 val_loss=0.1258 val_metric_name=roc_auc val_metric=0.7341
Step  450 | loss 0.1159 | val_acc=0.9713 val_roc_auc=0.7406 val_loss=0.1251 val_metric_name=roc_auc val_metric=0.7406
Step  500 | loss 0.1151 | val_acc=0.9713 val_roc_auc=0.7460 val_loss=0.1246 val_metric_name=roc_auc val_metric=0.7460
Step  550 | loss 0.1118 | val_acc=0.9715 val_roc_auc=0.7513 val_loss=0.1242 val_metric_name=roc_auc val_metric=0.7513
Step  600 | loss 0.1111 | val_acc=0.9715 val_roc_auc=0.7561 val_loss=0.1237 val_metric_name=roc_auc val_metric=0.7561
Step  650 | loss 0.1093 | val_acc=0.9717 val_roc_auc=0.7605 val_loss=0.1231 val_metric_name=roc_auc val_metric=0.7605
Step  700 | loss 0.1072 | val_acc=0.9716 val_roc_auc=0.7645 val_loss=0.1230 val_metric_name=roc_auc val_metric=0.7645
Step  750 | loss 0.1056 | val_acc=0.9715 val_roc_auc=0.7670 val_loss=0.1215 val_metric_name=roc_auc val_metric=0.7670
Step  800 | loss 0.1041 | val_acc=0.9714 val_roc_auc=0.7690 val_loss=0.1231 val_metric_name=roc_auc val_metric=0.7690
Step  850 | loss 0.1019 | val_acc=0.9715 val_roc_auc=0.7681 val_loss=0.1236 val_metric_name=roc_auc val_metric=0.7681
Step  900 | loss 0.1004 | val_acc=0.9715 val_roc_auc=0.7659 val_loss=0.1246 val_metric_name=roc_auc val_metric=0.7659
Step  950 | loss 0.0975 | val_acc=0.9715 val_roc_auc=0.7641 val_loss=0.1251 val_metric_name=roc_auc val_metric=0.7641
Step 1000 | loss 0.0964 | val_acc=0.9715 val_roc_auc=0.7618 val_loss=0.1265 val_metric_name=roc_auc val_metric=0.7618
Step 1050 | loss 0.0943 | val_acc=0.9705 val_roc_auc=0.7598 val_loss=0.1290 val_metric_name=roc_auc val_metric=0.7598
Step 1100 | loss 0.0920 | val_acc=0.9706 val_roc_auc=0.7560 val_loss=0.1300 val_metric_name=roc_auc val_metric=0.7560
Early stopping at step 1117

--- Final (best ckpt @ step 800) ---
  train_acc=0.9726 train_roc_auc=0.8549 train_loss=0.1032 train_metric_name=roc_auc train_metric=0.8549
  val_acc=0.9714 val_roc_auc=0.7690 val_loss=0.1231 val_metric_name=roc_auc val_metric=0.7690
  test_acc=0.9698 test_roc_auc=0.7718 test_loss=0.1267 test_metric_name=roc_auc test_metric=0.7718
  test_roc_auc=0.7718

============================================================
Training questions GCN 2L h=256 lr=0.0001 split=0
============================================================
Training for 5000 steps
Step    1 | loss 0.8834 | val_acc=0.9468 val_roc_auc=0.5431 val_loss=0.5040 val_metric_name=roc_auc val_metric=0.5431
Step   50 | loss 0.1327 | val_acc=0.9702 val_roc_auc=0.6338 val_loss=0.1338 val_metric_name=roc_auc val_metric=0.6338
Step  100 | loss 0.1271 | val_acc=0.9706 val_roc_auc=0.6656 val_loss=0.1323 val_metric_name=roc_auc val_metric=0.6656
Step  150 | loss 0.1239 | val_acc=0.9711 val_roc_auc=0.6869 val_loss=0.1291 val_metric_name=roc_auc val_metric=0.6869
Step  200 | loss 0.1214 | val_acc=0.9713 val_roc_auc=0.7075 val_loss=0.1272 val_metric_name=roc_auc val_metric=0.7075
Step  250 | loss 0.1191 | val_acc=0.9712 val_roc_auc=0.7263 val_loss=0.1260 val_metric_name=roc_auc val_metric=0.7263
Step  300 | loss 0.1166 | val_acc=0.9714 val_roc_auc=0.7377 val_loss=0.1250 val_metric_name=roc_auc val_metric=0.7377
Step  350 | loss 0.1139 | val_acc=0.9714 val_roc_auc=0.7463 val_loss=0.1249 val_metric_name=roc_auc val_metric=0.7463
Step  400 | loss 0.1113 | val_acc=0.9715 val_roc_auc=0.7533 val_loss=0.1239 val_metric_name=roc_auc val_metric=0.7533
Step  450 | loss 0.1090 | val_acc=0.9716 val_roc_auc=0.7592 val_loss=0.1232 val_metric_name=roc_auc val_metric=0.7592
Step  500 | loss 0.1071 | val_acc=0.9715 val_roc_auc=0.7638 val_loss=0.1222 val_metric_name=roc_auc val_metric=0.7638
Step  550 | loss 0.1026 | val_acc=0.9715 val_roc_auc=0.7656 val_loss=0.1235 val_metric_name=roc_auc val_metric=0.7656
Step  600 | loss 0.1008 | val_acc=0.9715 val_roc_auc=0.7636 val_loss=0.1243 val_metric_name=roc_auc val_metric=0.7636
Step  650 | loss 0.0968 | val_acc=0.9712 val_roc_auc=0.7594 val_loss=0.1264 val_metric_name=roc_auc val_metric=0.7594
Step  700 | loss 0.0938 | val_acc=0.9711 val_roc_auc=0.7554 val_loss=0.1293 val_metric_name=roc_auc val_metric=0.7554
Step  750 | loss 0.0916 | val_acc=0.9694 val_roc_auc=0.7526 val_loss=0.1321 val_metric_name=roc_auc val_metric=0.7526
Step  800 | loss 0.0877 | val_acc=0.9693 val_roc_auc=0.7487 val_loss=0.1345 val_metric_name=roc_auc val_metric=0.7487
Step  850 | loss 0.0854 | val_acc=0.9690 val_roc_auc=0.7448 val_loss=0.1394 val_metric_name=roc_auc val_metric=0.7448
Early stopping at step 864

--- Final (best ckpt @ step 560) ---
  train_acc=0.9730 train_roc_auc=0.8581 train_loss=0.1005 train_metric_name=roc_auc train_metric=0.8581
  val_acc=0.9717 val_roc_auc=0.7659 val_loss=0.1227 val_metric_name=roc_auc val_metric=0.7659
  test_acc=0.9696 test_roc_auc=0.7709 test_loss=0.1260 test_metric_name=roc_auc test_metric=0.7709
  test_roc_auc=0.7709

============================================================
Training questions GCN 2L h=256 lr=1e-05 split=0
============================================================
Training for 5000 steps
Step    1 | loss 0.8834 | val_acc=0.1739 val_roc_auc=0.5348 val_loss=0.9074 val_metric_name=roc_auc val_metric=0.5348
Step   50 | loss 0.1828 | val_acc=0.9702 val_roc_auc=0.5136 val_loss=0.1374 val_metric_name=roc_auc val_metric=0.5136
Step  100 | loss 0.1434 | val_acc=0.9702 val_roc_auc=0.5026 val_loss=0.1392 val_metric_name=roc_auc val_metric=0.5026
Step  150 | loss 0.1389 | val_acc=0.9702 val_roc_auc=0.5256 val_loss=0.1450 val_metric_name=roc_auc val_metric=0.5256
Step  200 | loss 0.1365 | val_acc=0.9702 val_roc_auc=0.5639 val_loss=0.1468 val_metric_name=roc_auc val_metric=0.5639
Step  250 | loss 0.1364 | val_acc=0.9702 val_roc_auc=0.5872 val_loss=0.1465 val_metric_name=roc_auc val_metric=0.5872
Step  300 | loss 0.1351 | val_acc=0.9702 val_roc_auc=0.6012 val_loss=0.1452 val_metric_name=roc_auc val_metric=0.6012
Step  350 | loss 0.1344 | val_acc=0.9702 val_roc_auc=0.6135 val_loss=0.1437 val_metric_name=roc_auc val_metric=0.6135
Step  400 | loss 0.1326 | val_acc=0.9702 val_roc_auc=0.6239 val_loss=0.1423 val_metric_name=roc_auc val_metric=0.6239
Step  450 | loss 0.1325 | val_acc=0.9702 val_roc_auc=0.6328 val_loss=0.1410 val_metric_name=roc_auc val_metric=0.6328
Step  500 | loss 0.1317 | val_acc=0.9702 val_roc_auc=0.6406 val_loss=0.1398 val_metric_name=roc_auc val_metric=0.6406
Step  550 | loss 0.1301 | val_acc=0.9703 val_roc_auc=0.6475 val_loss=0.1387 val_metric_name=roc_auc val_metric=0.6475
Step  600 | loss 0.1303 | val_acc=0.9702 val_roc_auc=0.6536 val_loss=0.1377 val_metric_name=roc_auc val_metric=0.6536
Step  650 | loss 0.1293 | val_acc=0.9704 val_roc_auc=0.6588 val_loss=0.1368 val_metric_name=roc_auc val_metric=0.6588
Step  700 | loss 0.1294 | val_acc=0.9707 val_roc_auc=0.6635 val_loss=0.1360 val_metric_name=roc_auc val_metric=0.6635
Step  750 | loss 0.1282 | val_acc=0.9708 val_roc_auc=0.6675 val_loss=0.1352 val_metric_name=roc_auc val_metric=0.6675
Step  800 | loss 0.1279 | val_acc=0.9709 val_roc_auc=0.6715 val_loss=0.1345 val_metric_name=roc_auc val_metric=0.6715
Step  850 | loss 0.1270 | val_acc=0.9710 val_roc_auc=0.6753 val_loss=0.1339 val_metric_name=roc_auc val_metric=0.6753
Step  900 | loss 0.1271 | val_acc=0.9710 val_roc_auc=0.6790 val_loss=0.1332 val_metric_name=roc_auc val_metric=0.6790
Step  950 | loss 0.1257 | val_acc=0.9710 val_roc_auc=0.6827 val_loss=0.1327 val_metric_name=roc_auc val_metric=0.6827
Step 1000 | loss 0.1256 | val_acc=0.9710 val_roc_auc=0.6862 val_loss=0.1321 val_metric_name=roc_auc val_metric=0.6862
Step 1050 | loss 0.1248 | val_acc=0.9711 val_roc_auc=0.6898 val_loss=0.1316 val_metric_name=roc_auc val_metric=0.6898
Step 1100 | loss 0.1252 | val_acc=0.9711 val_roc_auc=0.6932 val_loss=0.1312 val_metric_name=roc_auc val_metric=0.6932
Step 1150 | loss 0.1240 | val_acc=0.9711 val_roc_auc=0.6966 val_loss=0.1307 val_metric_name=roc_auc val_metric=0.6966
Step 1200 | loss 0.1236 | val_acc=0.9711 val_roc_auc=0.6999 val_loss=0.1303 val_metric_name=roc_auc val_metric=0.6999
Step 1250 | loss 0.1234 | val_acc=0.9712 val_roc_auc=0.7032 val_loss=0.1298 val_metric_name=roc_auc val_metric=0.7032
Step 1300 | loss 0.1222 | val_acc=0.9714 val_roc_auc=0.7064 val_loss=0.1295 val_metric_name=roc_auc val_metric=0.7064
Step 1350 | loss 0.1219 | val_acc=0.9714 val_roc_auc=0.7096 val_loss=0.1291 val_metric_name=roc_auc val_metric=0.7096
Step 1400 | loss 0.1215 | val_acc=0.9714 val_roc_auc=0.7127 val_loss=0.1288 val_metric_name=roc_auc val_metric=0.7127
Step 1450 | loss 0.1214 | val_acc=0.9715 val_roc_auc=0.7157 val_loss=0.1284 val_metric_name=roc_auc val_metric=0.7157
Step 1500 | loss 0.1210 | val_acc=0.9715 val_roc_auc=0.7185 val_loss=0.1281 val_metric_name=roc_auc val_metric=0.7185
Step 1550 | loss 0.1207 | val_acc=0.9715 val_roc_auc=0.7212 val_loss=0.1278 val_metric_name=roc_auc val_metric=0.7212
Step 1600 | loss 0.1204 | val_acc=0.9714 val_roc_auc=0.7238 val_loss=0.1276 val_metric_name=roc_auc val_metric=0.7238
Step 1650 | loss 0.1197 | val_acc=0.9714 val_roc_auc=0.7261 val_loss=0.1274 val_metric_name=roc_auc val_metric=0.7261
Step 1700 | loss 0.1195 | val_acc=0.9714 val_roc_auc=0.7284 val_loss=0.1272 val_metric_name=roc_auc val_metric=0.7284
Step 1750 | loss 0.1186 | val_acc=0.9715 val_roc_auc=0.7304 val_loss=0.1270 val_metric_name=roc_auc val_metric=0.7304
Step 1800 | loss 0.1175 | val_acc=0.9714 val_roc_auc=0.7323 val_loss=0.1269 val_metric_name=roc_auc val_metric=0.7323
Step 1850 | loss 0.1175 | val_acc=0.9714 val_roc_auc=0.7341 val_loss=0.1268 val_metric_name=roc_auc val_metric=0.7341
Step 1900 | loss 0.1176 | val_acc=0.9714 val_roc_auc=0.7358 val_loss=0.1266 val_metric_name=roc_auc val_metric=0.7358
Step 1950 | loss 0.1162 | val_acc=0.9714 val_roc_auc=0.7375 val_loss=0.1265 val_metric_name=roc_auc val_metric=0.7375
Step 2000 | loss 0.1164 | val_acc=0.9714 val_roc_auc=0.7390 val_loss=0.1262 val_metric_name=roc_auc val_metric=0.7390
Step 2050 | loss 0.1159 | val_acc=0.9714 val_roc_auc=0.7404 val_loss=0.1262 val_metric_name=roc_auc val_metric=0.7404
Step 2100 | loss 0.1157 | val_acc=0.9715 val_roc_auc=0.7418 val_loss=0.1261 val_metric_name=roc_auc val_metric=0.7418
Step 2150 | loss 0.1155 | val_acc=0.9714 val_roc_auc=0.7431 val_loss=0.1260 val_metric_name=roc_auc val_metric=0.7431
Step 2200 | loss 0.1143 | val_acc=0.9714 val_roc_auc=0.7445 val_loss=0.1258 val_metric_name=roc_auc val_metric=0.7445
Step 2250 | loss 0.1146 | val_acc=0.9714 val_roc_auc=0.7459 val_loss=0.1257 val_metric_name=roc_auc val_metric=0.7459
Step 2300 | loss 0.1146 | val_acc=0.9714 val_roc_auc=0.7473 val_loss=0.1254 val_metric_name=roc_auc val_metric=0.7473
Step 2350 | loss 0.1139 | val_acc=0.9714 val_roc_auc=0.7488 val_loss=0.1251 val_metric_name=roc_auc val_metric=0.7488
Step 2400 | loss 0.1135 | val_acc=0.9714 val_roc_auc=0.7503 val_loss=0.1252 val_metric_name=roc_auc val_metric=0.7503
Step 2450 | loss 0.1125 | val_acc=0.9715 val_roc_auc=0.7515 val_loss=0.1248 val_metric_name=roc_auc val_metric=0.7515
Step 2500 | loss 0.1121 | val_acc=0.9715 val_roc_auc=0.7530 val_loss=0.1248 val_metric_name=roc_auc val_metric=0.7530
Step 2550 | loss 0.1119 | val_acc=0.9715 val_roc_auc=0.7543 val_loss=0.1244 val_metric_name=roc_auc val_metric=0.7543
Step 2600 | loss 0.1112 | val_acc=0.9715 val_roc_auc=0.7557 val_loss=0.1240 val_metric_name=roc_auc val_metric=0.7557
Step 2650 | loss 0.1113 | val_acc=0.9715 val_roc_auc=0.7570 val_loss=0.1237 val_metric_name=roc_auc val_metric=0.7570
Step 2700 | loss 0.1101 | val_acc=0.9715 val_roc_auc=0.7586 val_loss=0.1238 val_metric_name=roc_auc val_metric=0.7586
Step 2750 | loss 0.1097 | val_acc=0.9715 val_roc_auc=0.7599 val_loss=0.1238 val_metric_name=roc_auc val_metric=0.7599
Step 2800 | loss 0.1095 | val_acc=0.9715 val_roc_auc=0.7613 val_loss=0.1232 val_metric_name=roc_auc val_metric=0.7613
Step 2850 | loss 0.1091 | val_acc=0.9715 val_roc_auc=0.7628 val_loss=0.1234 val_metric_name=roc_auc val_metric=0.7628
Step 2900 | loss 0.1091 | val_acc=0.9715 val_roc_auc=0.7640 val_loss=0.1227 val_metric_name=roc_auc val_metric=0.7640
Step 2950 | loss 0.1092 | val_acc=0.9715 val_roc_auc=0.7653 val_loss=0.1229 val_metric_name=roc_auc val_metric=0.7653
Step 3000 | loss 0.1086 | val_acc=0.9715 val_roc_auc=0.7667 val_loss=0.1225 val_metric_name=roc_auc val_metric=0.7667
Step 3050 | loss 0.1088 | val_acc=0.9715 val_roc_auc=0.7677 val_loss=0.1222 val_metric_name=roc_auc val_metric=0.7677
Step 3100 | loss 0.1070 | val_acc=0.9715 val_roc_auc=0.7690 val_loss=0.1221 val_metric_name=roc_auc val_metric=0.7690
Step 3150 | loss 0.1065 | val_acc=0.9715 val_roc_auc=0.7702 val_loss=0.1222 val_metric_name=roc_auc val_metric=0.7702
Step 3200 | loss 0.1063 | val_acc=0.9715 val_roc_auc=0.7709 val_loss=0.1221 val_metric_name=roc_auc val_metric=0.7709
Step 3250 | loss 0.1062 | val_acc=0.9716 val_roc_auc=0.7715 val_loss=0.1219 val_metric_name=roc_auc val_metric=0.7715
Step 3300 | loss 0.1063 | val_acc=0.9716 val_roc_auc=0.7723 val_loss=0.1220 val_metric_name=roc_auc val_metric=0.7723
Step 3350 | loss 0.1055 | val_acc=0.9716 val_roc_auc=0.7732 val_loss=0.1218 val_metric_name=roc_auc val_metric=0.7732
Step 3400 | loss 0.1047 | val_acc=0.9716 val_roc_auc=0.7733 val_loss=0.1220 val_metric_name=roc_auc val_metric=0.7733
Step 3450 | loss 0.1038 | val_acc=0.9715 val_roc_auc=0.7739 val_loss=0.1219 val_metric_name=roc_auc val_metric=0.7739
Step 3500 | loss 0.1033 | val_acc=0.9715 val_roc_auc=0.7741 val_loss=0.1222 val_metric_name=roc_auc val_metric=0.7741
Step 3550 | loss 0.1038 | val_acc=0.9715 val_roc_auc=0.7744 val_loss=0.1221 val_metric_name=roc_auc val_metric=0.7744
Step 3600 | loss 0.1031 | val_acc=0.9715 val_roc_auc=0.7746 val_loss=0.1226 val_metric_name=roc_auc val_metric=0.7746
Step 3650 | loss 0.1026 | val_acc=0.9715 val_roc_auc=0.7746 val_loss=0.1226 val_metric_name=roc_auc val_metric=0.7746
Step 3700 | loss 0.1017 | val_acc=0.9715 val_roc_auc=0.7747 val_loss=0.1225 val_metric_name=roc_auc val_metric=0.7747
Step 3750 | loss 0.1018 | val_acc=0.9715 val_roc_auc=0.7741 val_loss=0.1228 val_metric_name=roc_auc val_metric=0.7741
Step 3800 | loss 0.1009 | val_acc=0.9716 val_roc_auc=0.7741 val_loss=0.1228 val_metric_name=roc_auc val_metric=0.7741
Step 3850 | loss 0.1000 | val_acc=0.9716 val_roc_auc=0.7739 val_loss=0.1233 val_metric_name=roc_auc val_metric=0.7739
Step 3900 | loss 0.1006 | val_acc=0.9718 val_roc_auc=0.7736 val_loss=0.1232 val_metric_name=roc_auc val_metric=0.7736
Step 3950 | loss 0.0996 | val_acc=0.9717 val_roc_auc=0.7734 val_loss=0.1240 val_metric_name=roc_auc val_metric=0.7734
Early stopping at step 3993

--- Final (best ckpt @ step 3670) ---
  train_acc=0.9727 train_roc_auc=0.8617 train_loss=0.1014 train_metric_name=roc_auc train_metric=0.8617
  val_acc=0.9714 val_roc_auc=0.7747 val_loss=0.1225 val_metric_name=roc_auc val_metric=0.7747
  test_acc=0.9701 test_roc_auc=0.7739 test_loss=0.1266 test_metric_name=roc_auc test_metric=0.7739
  test_roc_auc=0.7739

============================================================
Training questions GCN 2L h=384 lr=3e-05 split=0
============================================================
Training for 5000 steps
Step    1 | loss 0.7142 | val_acc=0.9390 val_roc_auc=0.5313 val_loss=0.4939 val_metric_name=roc_auc val_metric=0.5313
Step   50 | loss 0.1356 | val_acc=0.9702 val_roc_auc=0.5907 val_loss=0.1476 val_metric_name=roc_auc val_metric=0.5907
Step  100 | loss 0.1319 | val_acc=0.9702 val_roc_auc=0.6369 val_loss=0.1385 val_metric_name=roc_auc val_metric=0.6369
Step  150 | loss 0.1299 | val_acc=0.9702 val_roc_auc=0.6641 val_loss=0.1344 val_metric_name=roc_auc val_metric=0.6641
Step  200 | loss 0.1270 | val_acc=0.9707 val_roc_auc=0.6840 val_loss=0.1314 val_metric_name=roc_auc val_metric=0.6840
Step  250 | loss 0.1253 | val_acc=0.9711 val_roc_auc=0.6995 val_loss=0.1292 val_metric_name=roc_auc val_metric=0.6995
Step  300 | loss 0.1227 | val_acc=0.9712 val_roc_auc=0.7118 val_loss=0.1276 val_metric_name=roc_auc val_metric=0.7118
Step  350 | loss 0.1195 | val_acc=0.9714 val_roc_auc=0.7228 val_loss=0.1262 val_metric_name=roc_auc val_metric=0.7228
Step  400 | loss 0.1183 | val_acc=0.9715 val_roc_auc=0.7323 val_loss=0.1253 val_metric_name=roc_auc val_metric=0.7323
Step  450 | loss 0.1166 | val_acc=0.9714 val_roc_auc=0.7401 val_loss=0.1244 val_metric_name=roc_auc val_metric=0.7401
Step  500 | loss 0.1148 | val_acc=0.9714 val_roc_auc=0.7462 val_loss=0.1241 val_metric_name=roc_auc val_metric=0.7462
Step  550 | loss 0.1137 | val_acc=0.9715 val_roc_auc=0.7518 val_loss=0.1233 val_metric_name=roc_auc val_metric=0.7518
Step  600 | loss 0.1116 | val_acc=0.9719 val_roc_auc=0.7575 val_loss=0.1228 val_metric_name=roc_auc val_metric=0.7575
Step  650 | loss 0.1112 | val_acc=0.9719 val_roc_auc=0.7625 val_loss=0.1224 val_metric_name=roc_auc val_metric=0.7625
Step  700 | loss 0.1089 | val_acc=0.9720 val_roc_auc=0.7669 val_loss=0.1218 val_metric_name=roc_auc val_metric=0.7669
Step  750 | loss 0.1077 | val_acc=0.9720 val_roc_auc=0.7701 val_loss=0.1216 val_metric_name=roc_auc val_metric=0.7701
Step  800 | loss 0.1064 | val_acc=0.9720 val_roc_auc=0.7722 val_loss=0.1209 val_metric_name=roc_auc val_metric=0.7722
Step  850 | loss 0.1041 | val_acc=0.9719 val_roc_auc=0.7734 val_loss=0.1211 val_metric_name=roc_auc val_metric=0.7734
Step  900 | loss 0.1035 | val_acc=0.9718 val_roc_auc=0.7735 val_loss=0.1216 val_metric_name=roc_auc val_metric=0.7735
Step  950 | loss 0.1015 | val_acc=0.9715 val_roc_auc=0.7735 val_loss=0.1222 val_metric_name=roc_auc val_metric=0.7735
Step 1000 | loss 0.1009 | val_acc=0.9715 val_roc_auc=0.7724 val_loss=0.1234 val_metric_name=roc_auc val_metric=0.7724
Step 1050 | loss 0.0995 | val_acc=0.9713 val_roc_auc=0.7714 val_loss=0.1246 val_metric_name=roc_auc val_metric=0.7714
Step 1100 | loss 0.0985 | val_acc=0.9703 val_roc_auc=0.7702 val_loss=0.1254 val_metric_name=roc_auc val_metric=0.7702
Step 1150 | loss 0.0963 | val_acc=0.9702 val_roc_auc=0.7683 val_loss=0.1263 val_metric_name=roc_auc val_metric=0.7683
Early stopping at step 1186

--- Final (best ckpt @ step 880) ---
  train_acc=0.9724 train_roc_auc=0.8549 train_loss=0.1025 train_metric_name=roc_auc train_metric=0.8549
  val_acc=0.9717 val_roc_auc=0.7739 val_loss=0.1213 val_metric_name=roc_auc val_metric=0.7739
  test_acc=0.9702 test_roc_auc=0.7734 test_loss=0.1253 test_metric_name=roc_auc test_metric=0.7734
  test_roc_auc=0.7734

============================================================
Training questions GCN 2L h=384 lr=6e-05 split=0
============================================================
Training for 5000 steps
Step    1 | loss 0.7142 | val_acc=0.9686 val_roc_auc=0.5132 val_loss=0.3350 val_metric_name=roc_auc val_metric=0.5132
Step   50 | loss 0.1324 | val_acc=0.9702 val_roc_auc=0.6326 val_loss=0.1349 val_metric_name=roc_auc val_metric=0.6326
Step  100 | loss 0.1280 | val_acc=0.9703 val_roc_auc=0.6690 val_loss=0.1319 val_metric_name=roc_auc val_metric=0.6690
Step  150 | loss 0.1250 | val_acc=0.9710 val_roc_auc=0.6958 val_loss=0.1284 val_metric_name=roc_auc val_metric=0.6958
Step  200 | loss 0.1210 | val_acc=0.9714 val_roc_auc=0.7155 val_loss=0.1261 val_metric_name=roc_auc val_metric=0.7155
Step  250 | loss 0.1186 | val_acc=0.9714 val_roc_auc=0.7320 val_loss=0.1247 val_metric_name=roc_auc val_metric=0.7320
Step  300 | loss 0.1157 | val_acc=0.9715 val_roc_auc=0.7433 val_loss=0.1237 val_metric_name=roc_auc val_metric=0.7433
Step  350 | loss 0.1115 | val_acc=0.9717 val_roc_auc=0.7534 val_loss=0.1227 val_metric_name=roc_auc val_metric=0.7534
Step  400 | loss 0.1103 | val_acc=0.9720 val_roc_auc=0.7629 val_loss=0.1219 val_metric_name=roc_auc val_metric=0.7629
Step  450 | loss 0.1083 | val_acc=0.9720 val_roc_auc=0.7701 val_loss=0.1210 val_metric_name=roc_auc val_metric=0.7701
Step  500 | loss 0.1049 | val_acc=0.9720 val_roc_auc=0.7726 val_loss=0.1199 val_metric_name=roc_auc val_metric=0.7726
Step  550 | loss 0.1032 | val_acc=0.9717 val_roc_auc=0.7729 val_loss=0.1211 val_metric_name=roc_auc val_metric=0.7729
Step  600 | loss 0.1003 | val_acc=0.9717 val_roc_auc=0.7718 val_loss=0.1241 val_metric_name=roc_auc val_metric=0.7718
Step  650 | loss 0.0984 | val_acc=0.9710 val_roc_auc=0.7690 val_loss=0.1252 val_metric_name=roc_auc val_metric=0.7690
Step  700 | loss 0.0953 | val_acc=0.9705 val_roc_auc=0.7642 val_loss=0.1265 val_metric_name=roc_auc val_metric=0.7642
Step  750 | loss 0.0938 | val_acc=0.9701 val_roc_auc=0.7619 val_loss=0.1299 val_metric_name=roc_auc val_metric=0.7619
Step  800 | loss 0.0901 | val_acc=0.9700 val_roc_auc=0.7597 val_loss=0.1330 val_metric_name=roc_auc val_metric=0.7597
Early stopping at step 847

--- Final (best ckpt @ step 530) ---
  train_acc=0.9723 train_roc_auc=0.8561 train_loss=0.1030 train_metric_name=roc_auc train_metric=0.8561
  val_acc=0.9717 val_roc_auc=0.7731 val_loss=0.1221 val_metric_name=roc_auc val_metric=0.7731
  test_acc=0.9701 test_roc_auc=0.7726 test_loss=0.1263 test_metric_name=roc_auc test_metric=0.7726
  test_roc_auc=0.7726

============================================================
Training questions GCN 2L h=384 lr=0.0001 split=0
============================================================
Training for 5000 steps
Step    1 | loss 0.7142 | val_acc=0.9697 val_roc_auc=0.4872 val_loss=0.2157 val_metric_name=roc_auc val_metric=0.4872
Step   50 | loss 0.1306 | val_acc=0.9702 val_roc_auc=0.6454 val_loss=0.1355 val_metric_name=roc_auc val_metric=0.6454
Step  100 | loss 0.1252 | val_acc=0.9710 val_roc_auc=0.6847 val_loss=0.1283 val_metric_name=roc_auc val_metric=0.6847
Step  150 | loss 0.1216 | val_acc=0.9714 val_roc_auc=0.7116 val_loss=0.1257 val_metric_name=roc_auc val_metric=0.7116
Step  200 | loss 0.1170 | val_acc=0.9713 val_roc_auc=0.7347 val_loss=0.1237 val_metric_name=roc_auc val_metric=0.7347
Step  250 | loss 0.1141 | val_acc=0.9715 val_roc_auc=0.7487 val_loss=0.1225 val_metric_name=roc_auc val_metric=0.7487
Step  300 | loss 0.1102 | val_acc=0.9719 val_roc_auc=0.7605 val_loss=0.1229 val_metric_name=roc_auc val_metric=0.7605
Step  350 | loss 0.1051 | val_acc=0.9720 val_roc_auc=0.7700 val_loss=0.1205 val_metric_name=roc_auc val_metric=0.7700
Step  400 | loss 0.1027 | val_acc=0.9720 val_roc_auc=0.7712 val_loss=0.1236 val_metric_name=roc_auc val_metric=0.7712
Step  450 | loss 0.1003 | val_acc=0.9712 val_roc_auc=0.7692 val_loss=0.1245 val_metric_name=roc_auc val_metric=0.7692
Step  500 | loss 0.0960 | val_acc=0.9713 val_roc_auc=0.7642 val_loss=0.1271 val_metric_name=roc_auc val_metric=0.7642
Step  550 | loss 0.0925 | val_acc=0.9688 val_roc_auc=0.7584 val_loss=0.1307 val_metric_name=roc_auc val_metric=0.7584
Step  600 | loss 0.0878 | val_acc=0.9691 val_roc_auc=0.7566 val_loss=0.1362 val_metric_name=roc_auc val_metric=0.7566
Step  650 | loss 0.0848 | val_acc=0.9679 val_roc_auc=0.7515 val_loss=0.1411 val_metric_name=roc_auc val_metric=0.7515
Early stopping at step 688

--- Final (best ckpt @ step 380) ---
  train_acc=0.9724 train_roc_auc=0.8526 train_loss=0.1035 train_metric_name=roc_auc train_metric=0.8526
  val_acc=0.9719 val_roc_auc=0.7718 val_loss=0.1215 val_metric_name=roc_auc val_metric=0.7718
  test_acc=0.9701 test_roc_auc=0.7720 test_loss=0.1255 test_metric_name=roc_auc test_metric=0.7720
  test_roc_auc=0.7720

============================================================
Training questions GCN 2L h=384 lr=1e-05 split=0
============================================================
Training for 5000 steps
Step    1 | loss 0.7142 | val_acc=0.7085 val_roc_auc=0.5406 val_loss=0.6428 val_metric_name=roc_auc val_metric=0.5406
Step   50 | loss 0.1415 | val_acc=0.9702 val_roc_auc=0.4820 val_loss=0.1457 val_metric_name=roc_auc val_metric=0.4820
Step  100 | loss 0.1379 | val_acc=0.9702 val_roc_auc=0.5593 val_loss=0.1491 val_metric_name=roc_auc val_metric=0.5593
Step  150 | loss 0.1366 | val_acc=0.9702 val_roc_auc=0.5861 val_loss=0.1460 val_metric_name=roc_auc val_metric=0.5861
Step  200 | loss 0.1347 | val_acc=0.9702 val_roc_auc=0.6091 val_loss=0.1433 val_metric_name=roc_auc val_metric=0.6091
Step  250 | loss 0.1337 | val_acc=0.9702 val_roc_auc=0.6284 val_loss=0.1409 val_metric_name=roc_auc val_metric=0.6284
Step  300 | loss 0.1318 | val_acc=0.9702 val_roc_auc=0.6440 val_loss=0.1389 val_metric_name=roc_auc val_metric=0.6440
Step  350 | loss 0.1302 | val_acc=0.9702 val_roc_auc=0.6570 val_loss=0.1371 val_metric_name=roc_auc val_metric=0.6570
Step  400 | loss 0.1293 | val_acc=0.9703 val_roc_auc=0.6678 val_loss=0.1355 val_metric_name=roc_auc val_metric=0.6678
Step  450 | loss 0.1281 | val_acc=0.9704 val_roc_auc=0.6769 val_loss=0.1341 val_metric_name=roc_auc val_metric=0.6769
Step  500 | loss 0.1268 | val_acc=0.9708 val_roc_auc=0.6844 val_loss=0.1328 val_metric_name=roc_auc val_metric=0.6844
Step  550 | loss 0.1269 | val_acc=0.9709 val_roc_auc=0.6912 val_loss=0.1318 val_metric_name=roc_auc val_metric=0.6912
Step  600 | loss 0.1255 | val_acc=0.9710 val_roc_auc=0.6971 val_loss=0.1308 val_metric_name=roc_auc val_metric=0.6971
Step  650 | loss 0.1248 | val_acc=0.9711 val_roc_auc=0.7024 val_loss=0.1300 val_metric_name=roc_auc val_metric=0.7024
Step  700 | loss 0.1238 | val_acc=0.9711 val_roc_auc=0.7074 val_loss=0.1292 val_metric_name=roc_auc val_metric=0.7074
Step  750 | loss 0.1231 | val_acc=0.9712 val_roc_auc=0.7121 val_loss=0.1286 val_metric_name=roc_auc val_metric=0.7121
Step  800 | loss 0.1219 | val_acc=0.9713 val_roc_auc=0.7165 val_loss=0.1279 val_metric_name=roc_auc val_metric=0.7165
Step  850 | loss 0.1211 | val_acc=0.9714 val_roc_auc=0.7207 val_loss=0.1274 val_metric_name=roc_auc val_metric=0.7207
Step  900 | loss 0.1201 | val_acc=0.9714 val_roc_auc=0.7247 val_loss=0.1268 val_metric_name=roc_auc val_metric=0.7247
Step  950 | loss 0.1199 | val_acc=0.9715 val_roc_auc=0.7284 val_loss=0.1264 val_metric_name=roc_auc val_metric=0.7284
Step 1000 | loss 0.1189 | val_acc=0.9715 val_roc_auc=0.7317 val_loss=0.1260 val_metric_name=roc_auc val_metric=0.7317
Step 1050 | loss 0.1183 | val_acc=0.9715 val_roc_auc=0.7348 val_loss=0.1256 val_metric_name=roc_auc val_metric=0.7348
Step 1100 | loss 0.1176 | val_acc=0.9715 val_roc_auc=0.7379 val_loss=0.1253 val_metric_name=roc_auc val_metric=0.7379
Step 1150 | loss 0.1162 | val_acc=0.9715 val_roc_auc=0.7407 val_loss=0.1250 val_metric_name=roc_auc val_metric=0.7407
Step 1200 | loss 0.1160 | val_acc=0.9712 val_roc_auc=0.7431 val_loss=0.1247 val_metric_name=roc_auc val_metric=0.7431
Step 1250 | loss 0.1152 | val_acc=0.9713 val_roc_auc=0.7456 val_loss=0.1245 val_metric_name=roc_auc val_metric=0.7456
Step 1300 | loss 0.1161 | val_acc=0.9715 val_roc_auc=0.7478 val_loss=0.1242 val_metric_name=roc_auc val_metric=0.7478
Step 1350 | loss 0.1137 | val_acc=0.9717 val_roc_auc=0.7499 val_loss=0.1239 val_metric_name=roc_auc val_metric=0.7499
Step 1400 | loss 0.1140 | val_acc=0.9716 val_roc_auc=0.7521 val_loss=0.1236 val_metric_name=roc_auc val_metric=0.7521
Step 1450 | loss 0.1128 | val_acc=0.9719 val_roc_auc=0.7541 val_loss=0.1235 val_metric_name=roc_auc val_metric=0.7541
Step 1500 | loss 0.1133 | val_acc=0.9720 val_roc_auc=0.7562 val_loss=0.1229 val_metric_name=roc_auc val_metric=0.7562
Step 1550 | loss 0.1116 | val_acc=0.9720 val_roc_auc=0.7581 val_loss=0.1228 val_metric_name=roc_auc val_metric=0.7581
Step 1600 | loss 0.1113 | val_acc=0.9720 val_roc_auc=0.7599 val_loss=0.1226 val_metric_name=roc_auc val_metric=0.7599
Step 1650 | loss 0.1107 | val_acc=0.9720 val_roc_auc=0.7619 val_loss=0.1223 val_metric_name=roc_auc val_metric=0.7619
Step 1700 | loss 0.1105 | val_acc=0.9721 val_roc_auc=0.7637 val_loss=0.1218 val_metric_name=roc_auc val_metric=0.7637
Step 1750 | loss 0.1089 | val_acc=0.9721 val_roc_auc=0.7653 val_loss=0.1221 val_metric_name=roc_auc val_metric=0.7653
Step 1800 | loss 0.1090 | val_acc=0.9721 val_roc_auc=0.7670 val_loss=0.1214 val_metric_name=roc_auc val_metric=0.7670
Step 1850 | loss 0.1077 | val_acc=0.9720 val_roc_auc=0.7682 val_loss=0.1214 val_metric_name=roc_auc val_metric=0.7682
Step 1900 | loss 0.1084 | val_acc=0.9720 val_roc_auc=0.7691 val_loss=0.1215 val_metric_name=roc_auc val_metric=0.7691
Step 1950 | loss 0.1077 | val_acc=0.9721 val_roc_auc=0.7703 val_loss=0.1212 val_metric_name=roc_auc val_metric=0.7703
Step 2000 | loss 0.1076 | val_acc=0.9720 val_roc_auc=0.7708 val_loss=0.1209 val_metric_name=roc_auc val_metric=0.7708
Step 2050 | loss 0.1065 | val_acc=0.9720 val_roc_auc=0.7713 val_loss=0.1215 val_metric_name=roc_auc val_metric=0.7713
Step 2100 | loss 0.1055 | val_acc=0.9718 val_roc_auc=0.7720 val_loss=0.1211 val_metric_name=roc_auc val_metric=0.7720
Step 2150 | loss 0.1040 | val_acc=0.9716 val_roc_auc=0.7723 val_loss=0.1212 val_metric_name=roc_auc val_metric=0.7723
Step 2200 | loss 0.1046 | val_acc=0.9715 val_roc_auc=0.7726 val_loss=0.1215 val_metric_name=roc_auc val_metric=0.7726
Step 2250 | loss 0.1047 | val_acc=0.9718 val_roc_auc=0.7724 val_loss=0.1216 val_metric_name=roc_auc val_metric=0.7724
Step 2300 | loss 0.1045 | val_acc=0.9718 val_roc_auc=0.7725 val_loss=0.1221 val_metric_name=roc_auc val_metric=0.7725
Step 2350 | loss 0.1032 | val_acc=0.9717 val_roc_auc=0.7723 val_loss=0.1223 val_metric_name=roc_auc val_metric=0.7723
Step 2400 | loss 0.1031 | val_acc=0.9717 val_roc_auc=0.7725 val_loss=0.1226 val_metric_name=roc_auc val_metric=0.7725
Step 2450 | loss 0.1014 | val_acc=0.9717 val_roc_auc=0.7724 val_loss=0.1225 val_metric_name=roc_auc val_metric=0.7724
Step 2500 | loss 0.1018 | val_acc=0.9715 val_roc_auc=0.7719 val_loss=0.1233 val_metric_name=roc_auc val_metric=0.7719
Step 2550 | loss 0.1003 | val_acc=0.9715 val_roc_auc=0.7719 val_loss=0.1234 val_metric_name=roc_auc val_metric=0.7719
Step 2600 | loss 0.0995 | val_acc=0.9713 val_roc_auc=0.7712 val_loss=0.1237 val_metric_name=roc_auc val_metric=0.7712
Step 2650 | loss 0.0989 | val_acc=0.9708 val_roc_auc=0.7718 val_loss=0.1243 val_metric_name=roc_auc val_metric=0.7718
Early stopping at step 2681

--- Final (best ckpt @ step 2380) ---
  train_acc=0.9729 train_roc_auc=0.8642 train_loss=0.1004 train_metric_name=roc_auc train_metric=0.8642
  val_acc=0.9717 val_roc_auc=0.7727 val_loss=0.1225 val_metric_name=roc_auc val_metric=0.7727
  test_acc=0.9701 test_roc_auc=0.7694 test_loss=0.1267 test_metric_name=roc_auc test_metric=0.7694
  test_roc_auc=0.7694

============================================================
Training questions GCN 2L h=512 lr=3e-05 split=0
============================================================
Training for 5000 steps
Step    1 | loss 0.8507 | val_acc=0.9551 val_roc_auc=0.4613 val_loss=0.4916 val_metric_name=roc_auc val_metric=0.4613
Step   50 | loss 0.1339 | val_acc=0.9702 val_roc_auc=0.6251 val_loss=0.1386 val_metric_name=roc_auc val_metric=0.6251
Step  100 | loss 0.1312 | val_acc=0.9702 val_roc_auc=0.6631 val_loss=0.1363 val_metric_name=roc_auc val_metric=0.6631
Step  150 | loss 0.1281 | val_acc=0.9702 val_roc_auc=0.6830 val_loss=0.1332 val_metric_name=roc_auc val_metric=0.6830
Step  200 | loss 0.1253 | val_acc=0.9710 val_roc_auc=0.6971 val_loss=0.1308 val_metric_name=roc_auc val_metric=0.6971
Step  250 | loss 0.1229 | val_acc=0.9715 val_roc_auc=0.7099 val_loss=0.1289 val_metric_name=roc_auc val_metric=0.7099
Step  300 | loss 0.1207 | val_acc=0.9715 val_roc_auc=0.7218 val_loss=0.1274 val_metric_name=roc_auc val_metric=0.7218
Step  350 | loss 0.1185 | val_acc=0.9715 val_roc_auc=0.7316 val_loss=0.1261 val_metric_name=roc_auc val_metric=0.7316
Step  400 | loss 0.1169 | val_acc=0.9715 val_roc_auc=0.7390 val_loss=0.1247 val_metric_name=roc_auc val_metric=0.7390
Step  450 | loss 0.1148 | val_acc=0.9719 val_roc_auc=0.7451 val_loss=0.1240 val_metric_name=roc_auc val_metric=0.7451
Step  500 | loss 0.1139 | val_acc=0.9719 val_roc_auc=0.7505 val_loss=0.1236 val_metric_name=roc_auc val_metric=0.7505
Step  550 | loss 0.1121 | val_acc=0.9720 val_roc_auc=0.7548 val_loss=0.1225 val_metric_name=roc_auc val_metric=0.7548
Step  600 | loss 0.1107 | val_acc=0.9721 val_roc_auc=0.7596 val_loss=0.1226 val_metric_name=roc_auc val_metric=0.7596
Step  650 | loss 0.1080 | val_acc=0.9720 val_roc_auc=0.7625 val_loss=0.1219 val_metric_name=roc_auc val_metric=0.7625
Step  700 | loss 0.1072 | val_acc=0.9720 val_roc_auc=0.7650 val_loss=0.1222 val_metric_name=roc_auc val_metric=0.7650
Step  750 | loss 0.1041 | val_acc=0.9721 val_roc_auc=0.7665 val_loss=0.1230 val_metric_name=roc_auc val_metric=0.7665
Step  800 | loss 0.1024 | val_acc=0.9718 val_roc_auc=0.7655 val_loss=0.1224 val_metric_name=roc_auc val_metric=0.7655
Step  850 | loss 0.1011 | val_acc=0.9718 val_roc_auc=0.7645 val_loss=0.1240 val_metric_name=roc_auc val_metric=0.7645
Step  900 | loss 0.0999 | val_acc=0.9718 val_roc_auc=0.7630 val_loss=0.1255 val_metric_name=roc_auc val_metric=0.7630
Step  950 | loss 0.0979 | val_acc=0.9714 val_roc_auc=0.7611 val_loss=0.1267 val_metric_name=roc_auc val_metric=0.7611
Step 1000 | loss 0.0951 | val_acc=0.9705 val_roc_auc=0.7593 val_loss=0.1295 val_metric_name=roc_auc val_metric=0.7593
Step 1050 | loss 0.0932 | val_acc=0.9703 val_roc_auc=0.7582 val_loss=0.1318 val_metric_name=roc_auc val_metric=0.7582
Early stopping at step 1056

--- Final (best ckpt @ step 750) ---
  train_acc=0.9725 train_roc_auc=0.8540 train_loss=0.1039 train_metric_name=roc_auc train_metric=0.8540
  val_acc=0.9721 val_roc_auc=0.7665 val_loss=0.1230 val_metric_name=roc_auc val_metric=0.7665
  test_acc=0.9697 test_roc_auc=0.7687 test_loss=0.1262 test_metric_name=roc_auc test_metric=0.7687
  test_roc_auc=0.7687

============================================================
Training questions GCN 2L h=512 lr=6e-05 split=0
============================================================
Training for 5000 steps
Step    1 | loss 0.8507 | val_acc=0.9693 val_roc_auc=0.4647 val_loss=0.2823 val_metric_name=roc_auc val_metric=0.4647
Step   50 | loss 0.1324 | val_acc=0.9702 val_roc_auc=0.6409 val_loss=0.1403 val_metric_name=roc_auc val_metric=0.6409
Step  100 | loss 0.1276 | val_acc=0.9702 val_roc_auc=0.6741 val_loss=0.1313 val_metric_name=roc_auc val_metric=0.6741
Step  150 | loss 0.1240 | val_acc=0.9712 val_roc_auc=0.6975 val_loss=0.1285 val_metric_name=roc_auc val_metric=0.6975
Step  200 | loss 0.1204 | val_acc=0.9714 val_roc_auc=0.7197 val_loss=0.1264 val_metric_name=roc_auc val_metric=0.7197
Step  250 | loss 0.1170 | val_acc=0.9715 val_roc_auc=0.7358 val_loss=0.1244 val_metric_name=roc_auc val_metric=0.7358
Step  300 | loss 0.1140 | val_acc=0.9717 val_roc_auc=0.7457 val_loss=0.1232 val_metric_name=roc_auc val_metric=0.7457
Step  350 | loss 0.1118 | val_acc=0.9720 val_roc_auc=0.7534 val_loss=0.1233 val_metric_name=roc_auc val_metric=0.7534
Step  400 | loss 0.1094 | val_acc=0.9720 val_roc_auc=0.7597 val_loss=0.1226 val_metric_name=roc_auc val_metric=0.7597
Step  450 | loss 0.1055 | val_acc=0.9719 val_roc_auc=0.7627 val_loss=0.1221 val_metric_name=roc_auc val_metric=0.7627
Step  500 | loss 0.1033 | val_acc=0.9715 val_roc_auc=0.7630 val_loss=0.1234 val_metric_name=roc_auc val_metric=0.7630
Step  550 | loss 0.0997 | val_acc=0.9714 val_roc_auc=0.7599 val_loss=0.1268 val_metric_name=roc_auc val_metric=0.7599
Step  600 | loss 0.0969 | val_acc=0.9708 val_roc_auc=0.7574 val_loss=0.1292 val_metric_name=roc_auc val_metric=0.7574
Step  650 | loss 0.0929 | val_acc=0.9702 val_roc_auc=0.7536 val_loss=0.1327 val_metric_name=roc_auc val_metric=0.7536
Step  700 | loss 0.0897 | val_acc=0.9701 val_roc_auc=0.7511 val_loss=0.1379 val_metric_name=roc_auc val_metric=0.7511
Step  750 | loss 0.0868 | val_acc=0.9687 val_roc_auc=0.7478 val_loss=0.1418 val_metric_name=roc_auc val_metric=0.7478
Step  800 | loss 0.0827 | val_acc=0.9682 val_roc_auc=0.7446 val_loss=0.1465 val_metric_name=roc_auc val_metric=0.7446
Early stopping at step 803

--- Final (best ckpt @ step 460) ---
  train_acc=0.9725 train_roc_auc=0.8519 train_loss=0.1037 train_metric_name=roc_auc train_metric=0.8519
  val_acc=0.9718 val_roc_auc=0.7632 val_loss=0.1228 val_metric_name=roc_auc val_metric=0.7632
  test_acc=0.9695 test_roc_auc=0.7674 test_loss=0.1258 test_metric_name=roc_auc test_metric=0.7674
  test_roc_auc=0.7674

============================================================
Training questions GCN 2L h=512 lr=0.0001 split=0
============================================================
Training for 5000 steps
Step    1 | loss 0.8507 | val_acc=0.9701 val_roc_auc=0.4692 val_loss=0.1660 val_metric_name=roc_auc val_metric=0.4692
Step   50 | loss 0.1309 | val_acc=0.9702 val_roc_auc=0.6451 val_loss=0.1317 val_metric_name=roc_auc val_metric=0.6451
Step  100 | loss 0.1253 | val_acc=0.9711 val_roc_auc=0.6805 val_loss=0.1290 val_metric_name=roc_auc val_metric=0.6805
Step  150 | loss 0.1213 | val_acc=0.9714 val_roc_auc=0.7098 val_loss=0.1265 val_metric_name=roc_auc val_metric=0.7098
Step  200 | loss 0.1168 | val_acc=0.9717 val_roc_auc=0.7357 val_loss=0.1236 val_metric_name=roc_auc val_metric=0.7357
Step  250 | loss 0.1132 | val_acc=0.9719 val_roc_auc=0.7474 val_loss=0.1222 val_metric_name=roc_auc val_metric=0.7474
Step  300 | loss 0.1083 | val_acc=0.9719 val_roc_auc=0.7571 val_loss=0.1217 val_metric_name=roc_auc val_metric=0.7571
Step  350 | loss 0.1057 | val_acc=0.9716 val_roc_auc=0.7610 val_loss=0.1221 val_metric_name=roc_auc val_metric=0.7610
Step  400 | loss 0.1014 | val_acc=0.9714 val_roc_auc=0.7571 val_loss=0.1257 val_metric_name=roc_auc val_metric=0.7571
Step  450 | loss 0.0958 | val_acc=0.9709 val_roc_auc=0.7512 val_loss=0.1295 val_metric_name=roc_auc val_metric=0.7512
Step  500 | loss 0.0923 | val_acc=0.9684 val_roc_auc=0.7487 val_loss=0.1344 val_metric_name=roc_auc val_metric=0.7487
Step  550 | loss 0.0881 | val_acc=0.9671 val_roc_auc=0.7444 val_loss=0.1403 val_metric_name=roc_auc val_metric=0.7444
Step  600 | loss 0.0833 | val_acc=0.9671 val_roc_auc=0.7383 val_loss=0.1472 val_metric_name=roc_auc val_metric=0.7383
Step  650 | loss 0.0767 | val_acc=0.9675 val_roc_auc=0.7314 val_loss=0.1541 val_metric_name=roc_auc val_metric=0.7314
Early stopping at step 670

--- Final (best ckpt @ step 370) ---
  train_acc=0.9728 train_roc_auc=0.8606 train_loss=0.1000 train_metric_name=roc_auc train_metric=0.8606
  val_acc=0.9715 val_roc_auc=0.7617 val_loss=0.1231 val_metric_name=roc_auc val_metric=0.7617
  test_acc=0.9687 test_roc_auc=0.7652 test_loss=0.1267 test_metric_name=roc_auc test_metric=0.7652
  test_roc_auc=0.7652

============================================================
Training questions GCN 2L h=512 lr=1e-05 split=0
============================================================
Training for 5000 steps
Step    1 | loss 0.8507 | val_acc=0.4313 val_roc_auc=0.4589 val_loss=0.7179 val_metric_name=roc_auc val_metric=0.4589
Step   50 | loss 0.1393 | val_acc=0.9702 val_roc_auc=0.5368 val_loss=0.1571 val_metric_name=roc_auc val_metric=0.5368
Step  100 | loss 0.1370 | val_acc=0.9702 val_roc_auc=0.5902 val_loss=0.1476 val_metric_name=roc_auc val_metric=0.5902
Step  150 | loss 0.1345 | val_acc=0.9702 val_roc_auc=0.6269 val_loss=0.1437 val_metric_name=roc_auc val_metric=0.6269
Step  200 | loss 0.1326 | val_acc=0.9702 val_roc_auc=0.6538 val_loss=0.1411 val_metric_name=roc_auc val_metric=0.6538
Step  250 | loss 0.1312 | val_acc=0.9702 val_roc_auc=0.6703 val_loss=0.1389 val_metric_name=roc_auc val_metric=0.6703
Step  300 | loss 0.1298 | val_acc=0.9702 val_roc_auc=0.6810 val_loss=0.1369 val_metric_name=roc_auc val_metric=0.6810
Step  350 | loss 0.1280 | val_acc=0.9702 val_roc_auc=0.6887 val_loss=0.1353 val_metric_name=roc_auc val_metric=0.6887
Step  400 | loss 0.1268 | val_acc=0.9706 val_roc_auc=0.6944 val_loss=0.1339 val_metric_name=roc_auc val_metric=0.6944
Step  450 | loss 0.1254 | val_acc=0.9708 val_roc_auc=0.6995 val_loss=0.1327 val_metric_name=roc_auc val_metric=0.6995
Step  500 | loss 0.1251 | val_acc=0.9710 val_roc_auc=0.7046 val_loss=0.1318 val_metric_name=roc_auc val_metric=0.7046
Step  550 | loss 0.1242 | val_acc=0.9711 val_roc_auc=0.7095 val_loss=0.1309 val_metric_name=roc_auc val_metric=0.7095
Step  600 | loss 0.1233 | val_acc=0.9713 val_roc_auc=0.7144 val_loss=0.1301 val_metric_name=roc_auc val_metric=0.7144
Step  650 | loss 0.1214 | val_acc=0.9714 val_roc_auc=0.7190 val_loss=0.1294 val_metric_name=roc_auc val_metric=0.7190
Step  700 | loss 0.1215 | val_acc=0.9714 val_roc_auc=0.7234 val_loss=0.1288 val_metric_name=roc_auc val_metric=0.7234
Step  750 | loss 0.1197 | val_acc=0.9715 val_roc_auc=0.7273 val_loss=0.1281 val_metric_name=roc_auc val_metric=0.7273
Step  800 | loss 0.1193 | val_acc=0.9715 val_roc_auc=0.7310 val_loss=0.1276 val_metric_name=roc_auc val_metric=0.7310
Step  850 | loss 0.1186 | val_acc=0.9715 val_roc_auc=0.7341 val_loss=0.1271 val_metric_name=roc_auc val_metric=0.7341
Step  900 | loss 0.1181 | val_acc=0.9716 val_roc_auc=0.7371 val_loss=0.1266 val_metric_name=roc_auc val_metric=0.7371
Step  950 | loss 0.1171 | val_acc=0.9715 val_roc_auc=0.7397 val_loss=0.1260 val_metric_name=roc_auc val_metric=0.7397
Step 1000 | loss 0.1164 | val_acc=0.9715 val_roc_auc=0.7423 val_loss=0.1259 val_metric_name=roc_auc val_metric=0.7423
Step 1050 | loss 0.1150 | val_acc=0.9715 val_roc_auc=0.7445 val_loss=0.1253 val_metric_name=roc_auc val_metric=0.7445
Step 1100 | loss 0.1140 | val_acc=0.9717 val_roc_auc=0.7470 val_loss=0.1250 val_metric_name=roc_auc val_metric=0.7470
Step 1150 | loss 0.1137 | val_acc=0.9720 val_roc_auc=0.7492 val_loss=0.1250 val_metric_name=roc_auc val_metric=0.7492
Step 1200 | loss 0.1139 | val_acc=0.9720 val_roc_auc=0.7510 val_loss=0.1245 val_metric_name=roc_auc val_metric=0.7510
Step 1250 | loss 0.1136 | val_acc=0.9720 val_roc_auc=0.7530 val_loss=0.1241 val_metric_name=roc_auc val_metric=0.7530
Step 1300 | loss 0.1121 | val_acc=0.9720 val_roc_auc=0.7550 val_loss=0.1237 val_metric_name=roc_auc val_metric=0.7550
Step 1350 | loss 0.1121 | val_acc=0.9721 val_roc_auc=0.7567 val_loss=0.1236 val_metric_name=roc_auc val_metric=0.7567
Step 1400 | loss 0.1105 | val_acc=0.9721 val_roc_auc=0.7582 val_loss=0.1228 val_metric_name=roc_auc val_metric=0.7582
Step 1450 | loss 0.1102 | val_acc=0.9722 val_roc_auc=0.7602 val_loss=0.1228 val_metric_name=roc_auc val_metric=0.7602
Step 1500 | loss 0.1100 | val_acc=0.9722 val_roc_auc=0.7618 val_loss=0.1224 val_metric_name=roc_auc val_metric=0.7618
Step 1550 | loss 0.1091 | val_acc=0.9721 val_roc_auc=0.7633 val_loss=0.1222 val_metric_name=roc_auc val_metric=0.7633
Step 1600 | loss 0.1080 | val_acc=0.9722 val_roc_auc=0.7643 val_loss=0.1223 val_metric_name=roc_auc val_metric=0.7643
Step 1650 | loss 0.1072 | val_acc=0.9719 val_roc_auc=0.7656 val_loss=0.1215 val_metric_name=roc_auc val_metric=0.7656
Step 1700 | loss 0.1064 | val_acc=0.9719 val_roc_auc=0.7669 val_loss=0.1217 val_metric_name=roc_auc val_metric=0.7669
Step 1750 | loss 0.1064 | val_acc=0.9722 val_roc_auc=0.7676 val_loss=0.1217 val_metric_name=roc_auc val_metric=0.7676
Step 1800 | loss 0.1060 | val_acc=0.9724 val_roc_auc=0.7685 val_loss=0.1217 val_metric_name=roc_auc val_metric=0.7685
Step 1850 | loss 0.1050 | val_acc=0.9723 val_roc_auc=0.7686 val_loss=0.1217 val_metric_name=roc_auc val_metric=0.7686
Step 1900 | loss 0.1037 | val_acc=0.9720 val_roc_auc=0.7691 val_loss=0.1219 val_metric_name=roc_auc val_metric=0.7691
Step 1950 | loss 0.1024 | val_acc=0.9720 val_roc_auc=0.7688 val_loss=0.1222 val_metric_name=roc_auc val_metric=0.7688
Step 2000 | loss 0.1039 | val_acc=0.9720 val_roc_auc=0.7689 val_loss=0.1228 val_metric_name=roc_auc val_metric=0.7689
Step 2050 | loss 0.1015 | val_acc=0.9721 val_roc_auc=0.7686 val_loss=0.1229 val_metric_name=roc_auc val_metric=0.7686
Step 2100 | loss 0.1004 | val_acc=0.9719 val_roc_auc=0.7675 val_loss=0.1236 val_metric_name=roc_auc val_metric=0.7675
Step 2150 | loss 0.1004 | val_acc=0.9718 val_roc_auc=0.7672 val_loss=0.1244 val_metric_name=roc_auc val_metric=0.7672
Step 2200 | loss 0.0994 | val_acc=0.9715 val_roc_auc=0.7668 val_loss=0.1249 val_metric_name=roc_auc val_metric=0.7668
Early stopping at step 2233

--- Final (best ckpt @ step 1930) ---
  train_acc=0.9726 train_roc_auc=0.8602 train_loss=0.1011 train_metric_name=roc_auc train_metric=0.8602
  val_acc=0.9720 val_roc_auc=0.7693 val_loss=0.1223 val_metric_name=roc_auc val_metric=0.7693
  test_acc=0.9697 test_roc_auc=0.7692 test_loss=0.1258 test_metric_name=roc_auc test_metric=0.7692
  test_roc_auc=0.7692
  >> num_layers=2 hidden_dim=256 lr=3e-05 best_step=1440 val_roc_auc=0.7718 test_roc_auc=0.7725
     val_acc=0.9714 val_loss=0.1227 val_metric=0.7718 val_metric_name=roc_auc val_roc_auc=0.7718
     test_acc=0.9700 test_loss=0.1266 test_metric=0.7725 test_metric_name=roc_auc test_roc_auc=0.7725
  >> num_layers=2 hidden_dim=256 lr=6e-05 best_step=800 val_roc_auc=0.7690 test_roc_auc=0.7718
     val_acc=0.9714 val_loss=0.1231 val_metric=0.7690 val_metric_name=roc_auc val_roc_auc=0.7690
     test_acc=0.9698 test_loss=0.1267 test_metric=0.7718 test_metric_name=roc_auc test_roc_auc=0.7718
  >> num_layers=2 hidden_dim=256 lr=0.0001 best_step=560 val_roc_auc=0.7659 test_roc_auc=0.7709
     val_acc=0.9717 val_loss=0.1227 val_metric=0.7659 val_metric_name=roc_auc val_roc_auc=0.7659
     test_acc=0.9696 test_loss=0.1260 test_metric=0.7709 test_metric_name=roc_auc test_roc_auc=0.7709
  >> num_layers=2 hidden_dim=256 lr=1e-05 best_step=3670 val_roc_auc=0.7747 test_roc_auc=0.7739
     val_acc=0.9714 val_loss=0.1225 val_metric=0.7747 val_metric_name=roc_auc val_roc_auc=0.7747
     test_acc=0.9701 test_loss=0.1266 test_metric=0.7739 test_metric_name=roc_auc test_roc_auc=0.7739
  >> num_layers=2 hidden_dim=384 lr=3e-05 best_step=880 val_roc_auc=0.7739 test_roc_auc=0.7734
     val_acc=0.9717 val_loss=0.1213 val_metric=0.7739 val_metric_name=roc_auc val_roc_auc=0.7739
     test_acc=0.9702 test_loss=0.1253 test_metric=0.7734 test_metric_name=roc_auc test_roc_auc=0.7734
  >> num_layers=2 hidden_dim=384 lr=6e-05 best_step=530 val_roc_auc=0.7731 test_roc_auc=0.7726
     val_acc=0.9717 val_loss=0.1221 val_metric=0.7731 val_metric_name=roc_auc val_roc_auc=0.7731
     test_acc=0.9701 test_loss=0.1263 test_metric=0.7726 test_metric_name=roc_auc test_roc_auc=0.7726
  >> num_layers=2 hidden_dim=384 lr=0.0001 best_step=380 val_roc_auc=0.7718 test_roc_auc=0.7720
     val_acc=0.9719 val_loss=0.1215 val_metric=0.7718 val_metric_name=roc_auc val_roc_auc=0.7718
     test_acc=0.9701 test_loss=0.1255 test_metric=0.7720 test_metric_name=roc_auc test_roc_auc=0.7720
  >> num_layers=2 hidden_dim=384 lr=1e-05 best_step=2380 val_roc_auc=0.7727 test_roc_auc=0.7694
     val_acc=0.9717 val_loss=0.1225 val_metric=0.7727 val_metric_name=roc_auc val_roc_auc=0.7727
     test_acc=0.9701 test_loss=0.1267 test_metric=0.7694 test_metric_name=roc_auc test_roc_auc=0.7694
  >> num_layers=2 hidden_dim=512 lr=3e-05 best_step=750 val_roc_auc=0.7665 test_roc_auc=0.7687
     val_acc=0.9721 val_loss=0.1230 val_metric=0.7665 val_metric_name=roc_auc val_roc_auc=0.7665
     test_acc=0.9697 test_loss=0.1262 test_metric=0.7687 test_metric_name=roc_auc test_roc_auc=0.7687
  >> num_layers=2 hidden_dim=512 lr=6e-05 best_step=460 val_roc_auc=0.7632 test_roc_auc=0.7674
     val_acc=0.9718 val_loss=0.1228 val_metric=0.7632 val_metric_name=roc_auc val_roc_auc=0.7632
     test_acc=0.9695 test_loss=0.1258 test_metric=0.7674 test_metric_name=roc_auc test_roc_auc=0.7674
  >> num_layers=2 hidden_dim=512 lr=0.0001 best_step=370 val_roc_auc=0.7617 test_roc_auc=0.7652
     val_acc=0.9715 val_loss=0.1231 val_metric=0.7617 val_metric_name=roc_auc val_roc_auc=0.7617
     test_acc=0.9687 test_loss=0.1267 test_metric=0.7652 test_metric_name=roc_auc test_roc_auc=0.7652
  >> num_layers=2 hidden_dim=512 lr=1e-05 best_step=1930 val_roc_auc=0.7693 test_roc_auc=0.7692
     val_acc=0.9720 val_loss=0.1223 val_metric=0.7693 val_metric_name=roc_auc val_roc_auc=0.7693
     test_acc=0.9697 test_loss=0.1258 test_metric=0.7692 test_metric_name=roc_auc test_roc_auc=0.7692
  >> selected best (by val): num_layers=2 hidden_dim=256 lr=1e-05 val_roc_auc=0.7747 test_roc_auc=0.7739
     val_acc=0.9714 val_loss=0.1225 val_metric=0.7747 val_metric_name=roc_auc val_roc_auc=0.7747
     test_acc=0.9701 test_loss=0.1266 test_metric=0.7739 test_metric_name=roc_auc test_roc_auc=0.7739

Done. Results saved to /home/avshmelev/diploma_yandex_graphs/results_grid/questions/base.csv, checkpoints in /home/avshmelev/diploma_yandex_graphs/all_checkpoints/questions/base/
