Loading data...

============================================================
Training questions GT-sep 4L h=256 lr=3e-05 split=7
============================================================
Training for 5000 steps
Step    1 | loss 0.7977 | val_acc=0.9226 val_roc_auc=0.5789 val_loss=0.5005 val_metric_name=roc_auc val_metric=0.5789
Step   50 | loss 0.1337 | val_acc=0.9702 val_roc_auc=0.6238 val_loss=0.1413 val_metric_name=roc_auc val_metric=0.6238
Step  100 | loss 0.1308 | val_acc=0.9702 val_roc_auc=0.6528 val_loss=0.1341 val_metric_name=roc_auc val_metric=0.6528
Step  150 | loss 0.1278 | val_acc=0.9706 val_roc_auc=0.6797 val_loss=0.1301 val_metric_name=roc_auc val_metric=0.6797
Step  200 | loss 0.1264 | val_acc=0.9715 val_roc_auc=0.7012 val_loss=0.1271 val_metric_name=roc_auc val_metric=0.7012
Step  250 | loss 0.1243 | val_acc=0.9715 val_roc_auc=0.7164 val_loss=0.1247 val_metric_name=roc_auc val_metric=0.7164
Step  300 | loss 0.1231 | val_acc=0.9715 val_roc_auc=0.7264 val_loss=0.1227 val_metric_name=roc_auc val_metric=0.7264
Step  350 | loss 0.1207 | val_acc=0.9715 val_roc_auc=0.7348 val_loss=0.1210 val_metric_name=roc_auc val_metric=0.7348
Step  400 | loss 0.1199 | val_acc=0.9713 val_roc_auc=0.7413 val_loss=0.1198 val_metric_name=roc_auc val_metric=0.7413
Step  450 | loss 0.1183 | val_acc=0.9717 val_roc_auc=0.7472 val_loss=0.1186 val_metric_name=roc_auc val_metric=0.7472
Step  500 | loss 0.1156 | val_acc=0.9718 val_roc_auc=0.7548 val_loss=0.1173 val_metric_name=roc_auc val_metric=0.7548
Step  550 | loss 0.1127 | val_acc=0.9724 val_roc_auc=0.7615 val_loss=0.1165 val_metric_name=roc_auc val_metric=0.7615
Step  600 | loss 0.1115 | val_acc=0.9718 val_roc_auc=0.7659 val_loss=0.1166 val_metric_name=roc_auc val_metric=0.7659
Step  650 | loss 0.1093 | val_acc=0.9717 val_roc_auc=0.7689 val_loss=0.1175 val_metric_name=roc_auc val_metric=0.7689
Step  700 | loss 0.1062 | val_acc=0.9711 val_roc_auc=0.7710 val_loss=0.1190 val_metric_name=roc_auc val_metric=0.7710
Step  750 | loss 0.1056 | val_acc=0.9707 val_roc_auc=0.7717 val_loss=0.1204 val_metric_name=roc_auc val_metric=0.7717
Step  800 | loss 0.1032 | val_acc=0.9701 val_roc_auc=0.7718 val_loss=0.1211 val_metric_name=roc_auc val_metric=0.7718
Step  850 | loss 0.1014 | val_acc=0.9697 val_roc_auc=0.7718 val_loss=0.1225 val_metric_name=roc_auc val_metric=0.7718
Step  900 | loss 0.0994 | val_acc=0.9679 val_roc_auc=0.7716 val_loss=0.1263 val_metric_name=roc_auc val_metric=0.7716
Step  950 | loss 0.0974 | val_acc=0.9683 val_roc_auc=0.7700 val_loss=0.1260 val_metric_name=roc_auc val_metric=0.7700
Step 1000 | loss 0.0955 | val_acc=0.9657 val_roc_auc=0.7682 val_loss=0.1305 val_metric_name=roc_auc val_metric=0.7682
Step 1050 | loss 0.0918 | val_acc=0.9652 val_roc_auc=0.7665 val_loss=0.1321 val_metric_name=roc_auc val_metric=0.7665
Step 1100 | loss 0.0888 | val_acc=0.9630 val_roc_auc=0.7646 val_loss=0.1365 val_metric_name=roc_auc val_metric=0.7646
Early stopping at step 1120

--- Final (best ckpt @ step 820) ---
  train_acc=0.9738 train_roc_auc=0.8584 train_loss=0.0976 train_metric_name=roc_auc train_metric=0.8584
  val_acc=0.9694 val_roc_auc=0.7724 val_loss=0.1224 val_metric_name=roc_auc val_metric=0.7724
  test_acc=0.9711 test_roc_auc=0.7809 test_loss=0.1182 test_metric_name=roc_auc test_metric=0.7809
  test_roc_auc=0.7809

============================================================
Training questions GT-sep 4L h=256 lr=6e-05 split=7
============================================================
Training for 5000 steps
Step    1 | loss 0.7977 | val_acc=0.9691 val_roc_auc=0.5700 val_loss=0.3006 val_metric_name=roc_auc val_metric=0.5700
Step   50 | loss 0.1313 | val_acc=0.9702 val_roc_auc=0.6421 val_loss=0.1330 val_metric_name=roc_auc val_metric=0.6421
Step  100 | loss 0.1276 | val_acc=0.9714 val_roc_auc=0.6800 val_loss=0.1272 val_metric_name=roc_auc val_metric=0.6800
Step  150 | loss 0.1240 | val_acc=0.9715 val_roc_auc=0.7128 val_loss=0.1237 val_metric_name=roc_auc val_metric=0.7128
Step  200 | loss 0.1217 | val_acc=0.9713 val_roc_auc=0.7312 val_loss=0.1209 val_metric_name=roc_auc val_metric=0.7312
Step  250 | loss 0.1183 | val_acc=0.9711 val_roc_auc=0.7439 val_loss=0.1185 val_metric_name=roc_auc val_metric=0.7439
Step  300 | loss 0.1154 | val_acc=0.9723 val_roc_auc=0.7566 val_loss=0.1168 val_metric_name=roc_auc val_metric=0.7566
Step  350 | loss 0.1106 | val_acc=0.9715 val_roc_auc=0.7650 val_loss=0.1167 val_metric_name=roc_auc val_metric=0.7650
Step  400 | loss 0.1076 | val_acc=0.9711 val_roc_auc=0.7709 val_loss=0.1186 val_metric_name=roc_auc val_metric=0.7709
Step  450 | loss 0.1042 | val_acc=0.9701 val_roc_auc=0.7725 val_loss=0.1208 val_metric_name=roc_auc val_metric=0.7725
Step  500 | loss 0.0997 | val_acc=0.9693 val_roc_auc=0.7723 val_loss=0.1230 val_metric_name=roc_auc val_metric=0.7723
Step  550 | loss 0.0961 | val_acc=0.9664 val_roc_auc=0.7709 val_loss=0.1279 val_metric_name=roc_auc val_metric=0.7709
Step  600 | loss 0.0919 | val_acc=0.9638 val_roc_auc=0.7681 val_loss=0.1321 val_metric_name=roc_auc val_metric=0.7681
Step  650 | loss 0.0863 | val_acc=0.9657 val_roc_auc=0.7615 val_loss=0.1317 val_metric_name=roc_auc val_metric=0.7615
Step  700 | loss 0.0808 | val_acc=0.9581 val_roc_auc=0.7564 val_loss=0.1463 val_metric_name=roc_auc val_metric=0.7564
Step  750 | loss 0.0759 | val_acc=0.9562 val_roc_auc=0.7507 val_loss=0.1548 val_metric_name=roc_auc val_metric=0.7507
Step  800 | loss 0.0685 | val_acc=0.9583 val_roc_auc=0.7419 val_loss=0.1581 val_metric_name=roc_auc val_metric=0.7419
Early stopping at step 813

--- Final (best ckpt @ step 470) ---
  train_acc=0.9738 train_roc_auc=0.8560 train_loss=0.0974 train_metric_name=roc_auc train_metric=0.8560
  val_acc=0.9693 val_roc_auc=0.7730 val_loss=0.1217 val_metric_name=roc_auc val_metric=0.7730
  test_acc=0.9712 test_roc_auc=0.7814 test_loss=0.1171 test_metric_name=roc_auc test_metric=0.7814
  test_roc_auc=0.7814

============================================================
Training questions GT-sep 4L h=256 lr=0.0001 split=7
============================================================
Training for 5000 steps
Step    1 | loss 0.7977 | val_acc=0.9702 val_roc_auc=0.5468 val_loss=0.1801 val_metric_name=roc_auc val_metric=0.5468
Step   50 | loss 0.1296 | val_acc=0.9702 val_roc_auc=0.6500 val_loss=0.1286 val_metric_name=roc_auc val_metric=0.6500
Step  100 | loss 0.1252 | val_acc=0.9715 val_roc_auc=0.7011 val_loss=0.1240 val_metric_name=roc_auc val_metric=0.7011
Step  150 | loss 0.1208 | val_acc=0.9713 val_roc_auc=0.7311 val_loss=0.1202 val_metric_name=roc_auc val_metric=0.7311
Step  200 | loss 0.1166 | val_acc=0.9717 val_roc_auc=0.7519 val_loss=0.1171 val_metric_name=roc_auc val_metric=0.7519
Step  250 | loss 0.1104 | val_acc=0.9716 val_roc_auc=0.7640 val_loss=0.1167 val_metric_name=roc_auc val_metric=0.7640
Step  300 | loss 0.1057 | val_acc=0.9709 val_roc_auc=0.7703 val_loss=0.1195 val_metric_name=roc_auc val_metric=0.7703
Step  350 | loss 0.1002 | val_acc=0.9680 val_roc_auc=0.7709 val_loss=0.1237 val_metric_name=roc_auc val_metric=0.7709
Step  400 | loss 0.0953 | val_acc=0.9673 val_roc_auc=0.7677 val_loss=0.1269 val_metric_name=roc_auc val_metric=0.7677
Step  450 | loss 0.0880 | val_acc=0.9630 val_roc_auc=0.7572 val_loss=0.1372 val_metric_name=roc_auc val_metric=0.7572
Step  500 | loss 0.0779 | val_acc=0.9648 val_roc_auc=0.7464 val_loss=0.1377 val_metric_name=roc_auc val_metric=0.7464
Step  550 | loss 0.0701 | val_acc=0.9604 val_roc_auc=0.7303 val_loss=0.1520 val_metric_name=roc_auc val_metric=0.7303
Step  600 | loss 0.0604 | val_acc=0.9563 val_roc_auc=0.7226 val_loss=0.1677 val_metric_name=roc_auc val_metric=0.7226
Early stopping at step 630

--- Final (best ckpt @ step 330) ---
  train_acc=0.9739 train_roc_auc=0.8531 train_loss=0.0973 train_metric_name=roc_auc train_metric=0.8531
  val_acc=0.9697 val_roc_auc=0.7716 val_loss=0.1214 val_metric_name=roc_auc val_metric=0.7716
  test_acc=0.9706 test_roc_auc=0.7804 test_loss=0.1173 test_metric_name=roc_auc test_metric=0.7804
  test_roc_auc=0.7804

============================================================
Training questions GT-sep 4L h=256 lr=1e-05 split=7
============================================================
Training for 5000 steps
Step    1 | loss 0.7977 | val_acc=0.4670 val_roc_auc=0.5794 val_loss=0.7078 val_metric_name=roc_auc val_metric=0.5794
Step   50 | loss 0.1370 | val_acc=0.9702 val_roc_auc=0.5195 val_loss=0.1511 val_metric_name=roc_auc val_metric=0.5195
Step  100 | loss 0.1353 | val_acc=0.9702 val_roc_auc=0.5957 val_loss=0.1503 val_metric_name=roc_auc val_metric=0.5957
Step  150 | loss 0.1330 | val_acc=0.9702 val_roc_auc=0.6184 val_loss=0.1460 val_metric_name=roc_auc val_metric=0.6184
Step  200 | loss 0.1325 | val_acc=0.9702 val_roc_auc=0.6355 val_loss=0.1427 val_metric_name=roc_auc val_metric=0.6355
Step  250 | loss 0.1309 | val_acc=0.9702 val_roc_auc=0.6502 val_loss=0.1397 val_metric_name=roc_auc val_metric=0.6502
Step  300 | loss 0.1303 | val_acc=0.9702 val_roc_auc=0.6633 val_loss=0.1370 val_metric_name=roc_auc val_metric=0.6633
Step  350 | loss 0.1286 | val_acc=0.9702 val_roc_auc=0.6751 val_loss=0.1347 val_metric_name=roc_auc val_metric=0.6751
Step  400 | loss 0.1287 | val_acc=0.9706 val_roc_auc=0.6854 val_loss=0.1326 val_metric_name=roc_auc val_metric=0.6854
Step  450 | loss 0.1279 | val_acc=0.9712 val_roc_auc=0.6940 val_loss=0.1308 val_metric_name=roc_auc val_metric=0.6940
Step  500 | loss 0.1268 | val_acc=0.9714 val_roc_auc=0.7014 val_loss=0.1292 val_metric_name=roc_auc val_metric=0.7014
Step  550 | loss 0.1255 | val_acc=0.9715 val_roc_auc=0.7082 val_loss=0.1278 val_metric_name=roc_auc val_metric=0.7082
Step  600 | loss 0.1255 | val_acc=0.9715 val_roc_auc=0.7142 val_loss=0.1266 val_metric_name=roc_auc val_metric=0.7142
Step  650 | loss 0.1247 | val_acc=0.9715 val_roc_auc=0.7193 val_loss=0.1255 val_metric_name=roc_auc val_metric=0.7193
Step  700 | loss 0.1235 | val_acc=0.9715 val_roc_auc=0.7231 val_loss=0.1246 val_metric_name=roc_auc val_metric=0.7231
Step  750 | loss 0.1237 | val_acc=0.9714 val_roc_auc=0.7265 val_loss=0.1238 val_metric_name=roc_auc val_metric=0.7265
Step  800 | loss 0.1230 | val_acc=0.9713 val_roc_auc=0.7297 val_loss=0.1230 val_metric_name=roc_auc val_metric=0.7297
Step  850 | loss 0.1224 | val_acc=0.9713 val_roc_auc=0.7327 val_loss=0.1222 val_metric_name=roc_auc val_metric=0.7327
Step  900 | loss 0.1214 | val_acc=0.9714 val_roc_auc=0.7354 val_loss=0.1216 val_metric_name=roc_auc val_metric=0.7354
Step  950 | loss 0.1213 | val_acc=0.9714 val_roc_auc=0.7379 val_loss=0.1210 val_metric_name=roc_auc val_metric=0.7379
Step 1000 | loss 0.1200 | val_acc=0.9714 val_roc_auc=0.7403 val_loss=0.1204 val_metric_name=roc_auc val_metric=0.7403
Step 1050 | loss 0.1199 | val_acc=0.9713 val_roc_auc=0.7423 val_loss=0.1199 val_metric_name=roc_auc val_metric=0.7423
Step 1100 | loss 0.1180 | val_acc=0.9713 val_roc_auc=0.7445 val_loss=0.1193 val_metric_name=roc_auc val_metric=0.7445
Step 1150 | loss 0.1191 | val_acc=0.9718 val_roc_auc=0.7467 val_loss=0.1189 val_metric_name=roc_auc val_metric=0.7467
Step 1200 | loss 0.1171 | val_acc=0.9718 val_roc_auc=0.7493 val_loss=0.1184 val_metric_name=roc_auc val_metric=0.7493
Step 1250 | loss 0.1162 | val_acc=0.9719 val_roc_auc=0.7522 val_loss=0.1179 val_metric_name=roc_auc val_metric=0.7522
Step 1300 | loss 0.1151 | val_acc=0.9720 val_roc_auc=0.7555 val_loss=0.1174 val_metric_name=roc_auc val_metric=0.7555
Step 1350 | loss 0.1145 | val_acc=0.9724 val_roc_auc=0.7586 val_loss=0.1170 val_metric_name=roc_auc val_metric=0.7586
Step 1400 | loss 0.1136 | val_acc=0.9725 val_roc_auc=0.7611 val_loss=0.1166 val_metric_name=roc_auc val_metric=0.7611
Step 1450 | loss 0.1130 | val_acc=0.9724 val_roc_auc=0.7629 val_loss=0.1165 val_metric_name=roc_auc val_metric=0.7629
Step 1500 | loss 0.1107 | val_acc=0.9724 val_roc_auc=0.7640 val_loss=0.1165 val_metric_name=roc_auc val_metric=0.7640
Step 1550 | loss 0.1106 | val_acc=0.9720 val_roc_auc=0.7649 val_loss=0.1167 val_metric_name=roc_auc val_metric=0.7649
Step 1600 | loss 0.1093 | val_acc=0.9718 val_roc_auc=0.7658 val_loss=0.1169 val_metric_name=roc_auc val_metric=0.7658
Step 1650 | loss 0.1100 | val_acc=0.9717 val_roc_auc=0.7667 val_loss=0.1173 val_metric_name=roc_auc val_metric=0.7667
Step 1700 | loss 0.1083 | val_acc=0.9715 val_roc_auc=0.7675 val_loss=0.1176 val_metric_name=roc_auc val_metric=0.7675
Step 1750 | loss 0.1070 | val_acc=0.9715 val_roc_auc=0.7679 val_loss=0.1182 val_metric_name=roc_auc val_metric=0.7679
Step 1800 | loss 0.1070 | val_acc=0.9713 val_roc_auc=0.7684 val_loss=0.1186 val_metric_name=roc_auc val_metric=0.7684
Step 1850 | loss 0.1058 | val_acc=0.9709 val_roc_auc=0.7688 val_loss=0.1194 val_metric_name=roc_auc val_metric=0.7688
Step 1900 | loss 0.1060 | val_acc=0.9709 val_roc_auc=0.7689 val_loss=0.1200 val_metric_name=roc_auc val_metric=0.7689
Step 1950 | loss 0.1049 | val_acc=0.9709 val_roc_auc=0.7692 val_loss=0.1206 val_metric_name=roc_auc val_metric=0.7692
Step 2000 | loss 0.1049 | val_acc=0.9702 val_roc_auc=0.7695 val_loss=0.1212 val_metric_name=roc_auc val_metric=0.7695
Step 2050 | loss 0.1033 | val_acc=0.9697 val_roc_auc=0.7697 val_loss=0.1219 val_metric_name=roc_auc val_metric=0.7697
Step 2100 | loss 0.1029 | val_acc=0.9693 val_roc_auc=0.7697 val_loss=0.1224 val_metric_name=roc_auc val_metric=0.7697
Step 2150 | loss 0.1020 | val_acc=0.9688 val_roc_auc=0.7697 val_loss=0.1231 val_metric_name=roc_auc val_metric=0.7697
Step 2200 | loss 0.1001 | val_acc=0.9690 val_roc_auc=0.7696 val_loss=0.1234 val_metric_name=roc_auc val_metric=0.7696
Step 2250 | loss 0.1001 | val_acc=0.9691 val_roc_auc=0.7694 val_loss=0.1238 val_metric_name=roc_auc val_metric=0.7694
Step 2300 | loss 0.0992 | val_acc=0.9687 val_roc_auc=0.7693 val_loss=0.1254 val_metric_name=roc_auc val_metric=0.7693
Step 2350 | loss 0.1008 | val_acc=0.9684 val_roc_auc=0.7691 val_loss=0.1258 val_metric_name=roc_auc val_metric=0.7691
Step 2400 | loss 0.0980 | val_acc=0.9672 val_roc_auc=0.7686 val_loss=0.1278 val_metric_name=roc_auc val_metric=0.7686
Step 2450 | loss 0.0965 | val_acc=0.9671 val_roc_auc=0.7681 val_loss=0.1283 val_metric_name=roc_auc val_metric=0.7681
Early stopping at step 2477

--- Final (best ckpt @ step 2170) ---
  train_acc=0.9739 train_roc_auc=0.8627 train_loss=0.0971 train_metric_name=roc_auc train_metric=0.8627
  val_acc=0.9689 val_roc_auc=0.7699 val_loss=0.1235 val_metric_name=roc_auc val_metric=0.7699
  test_acc=0.9703 test_roc_auc=0.7786 test_loss=0.1194 test_metric_name=roc_auc test_metric=0.7786
  test_roc_auc=0.7786

============================================================
Training questions GT-sep 4L h=384 lr=3e-05 split=7
============================================================
Training for 5000 steps
Step    1 | loss 0.7987 | val_acc=0.9700 val_roc_auc=0.3932 val_loss=0.3247 val_metric_name=roc_auc val_metric=0.3932
Step   50 | loss 0.1316 | val_acc=0.9702 val_roc_auc=0.6266 val_loss=0.1336 val_metric_name=roc_auc val_metric=0.6266
Step  100 | loss 0.1288 | val_acc=0.9703 val_roc_auc=0.6696 val_loss=0.1294 val_metric_name=roc_auc val_metric=0.6696
Step  150 | loss 0.1265 | val_acc=0.9715 val_roc_auc=0.7005 val_loss=0.1259 val_metric_name=roc_auc val_metric=0.7005
Step  200 | loss 0.1233 | val_acc=0.9715 val_roc_auc=0.7221 val_loss=0.1231 val_metric_name=roc_auc val_metric=0.7221
Step  250 | loss 0.1207 | val_acc=0.9713 val_roc_auc=0.7365 val_loss=0.1203 val_metric_name=roc_auc val_metric=0.7365
Step  300 | loss 0.1194 | val_acc=0.9712 val_roc_auc=0.7496 val_loss=0.1179 val_metric_name=roc_auc val_metric=0.7496
Step  350 | loss 0.1160 | val_acc=0.9717 val_roc_auc=0.7616 val_loss=0.1158 val_metric_name=roc_auc val_metric=0.7616
Step  400 | loss 0.1126 | val_acc=0.9720 val_roc_auc=0.7697 val_loss=0.1154 val_metric_name=roc_auc val_metric=0.7697
Step  450 | loss 0.1090 | val_acc=0.9715 val_roc_auc=0.7755 val_loss=0.1171 val_metric_name=roc_auc val_metric=0.7755
Step  500 | loss 0.1066 | val_acc=0.9697 val_roc_auc=0.7775 val_loss=0.1215 val_metric_name=roc_auc val_metric=0.7775
Step  550 | loss 0.1046 | val_acc=0.9679 val_roc_auc=0.7778 val_loss=0.1237 val_metric_name=roc_auc val_metric=0.7778
Step  600 | loss 0.1022 | val_acc=0.9668 val_roc_auc=0.7787 val_loss=0.1263 val_metric_name=roc_auc val_metric=0.7787
Step  650 | loss 0.0991 | val_acc=0.9616 val_roc_auc=0.7785 val_loss=0.1361 val_metric_name=roc_auc val_metric=0.7785
Step  700 | loss 0.0952 | val_acc=0.9568 val_roc_auc=0.7783 val_loss=0.1451 val_metric_name=roc_auc val_metric=0.7783
Step  750 | loss 0.0920 | val_acc=0.9564 val_roc_auc=0.7776 val_loss=0.1459 val_metric_name=roc_auc val_metric=0.7776
Step  800 | loss 0.0897 | val_acc=0.9558 val_roc_auc=0.7747 val_loss=0.1486 val_metric_name=roc_auc val_metric=0.7747
Step  850 | loss 0.0858 | val_acc=0.9514 val_roc_auc=0.7709 val_loss=0.1616 val_metric_name=roc_auc val_metric=0.7709
Step  900 | loss 0.0803 | val_acc=0.9489 val_roc_auc=0.7680 val_loss=0.1708 val_metric_name=roc_auc val_metric=0.7680
Step  950 | loss 0.0759 | val_acc=0.9511 val_roc_auc=0.7599 val_loss=0.1694 val_metric_name=roc_auc val_metric=0.7599
Early stopping at step 977

--- Final (best ckpt @ step 670) ---
  train_acc=0.9715 train_roc_auc=0.8775 train_loss=0.0990 train_metric_name=roc_auc train_metric=0.8775
  val_acc=0.9609 val_roc_auc=0.7789 val_loss=0.1374 val_metric_name=roc_auc val_metric=0.7789
  test_acc=0.9633 test_roc_auc=0.7827 test_loss=0.1331 test_metric_name=roc_auc test_metric=0.7827
  test_roc_auc=0.7827

============================================================
Training questions GT-sep 4L h=384 lr=6e-05 split=7
============================================================
Training for 5000 steps
Step    1 | loss 0.7987 | val_acc=0.9702 val_roc_auc=0.4138 val_loss=0.1683 val_metric_name=roc_auc val_metric=0.4138
Step   50 | loss 0.1299 | val_acc=0.9702 val_roc_auc=0.6489 val_loss=0.1274 val_metric_name=roc_auc val_metric=0.6489
Step  100 | loss 0.1260 | val_acc=0.9715 val_roc_auc=0.6967 val_loss=0.1246 val_metric_name=roc_auc val_metric=0.6967
Step  150 | loss 0.1228 | val_acc=0.9713 val_roc_auc=0.7268 val_loss=0.1210 val_metric_name=roc_auc val_metric=0.7268
Step  200 | loss 0.1179 | val_acc=0.9711 val_roc_auc=0.7526 val_loss=0.1169 val_metric_name=roc_auc val_metric=0.7526
Step  250 | loss 0.1121 | val_acc=0.9720 val_roc_auc=0.7662 val_loss=0.1153 val_metric_name=roc_auc val_metric=0.7662
Step  300 | loss 0.1081 | val_acc=0.9710 val_roc_auc=0.7734 val_loss=0.1187 val_metric_name=roc_auc val_metric=0.7734
Step  350 | loss 0.1028 | val_acc=0.9666 val_roc_auc=0.7760 val_loss=0.1267 val_metric_name=roc_auc val_metric=0.7760
Step  400 | loss 0.0989 | val_acc=0.9628 val_roc_auc=0.7755 val_loss=0.1330 val_metric_name=roc_auc val_metric=0.7755
Step  450 | loss 0.0935 | val_acc=0.9625 val_roc_auc=0.7743 val_loss=0.1363 val_metric_name=roc_auc val_metric=0.7743
Step  500 | loss 0.0856 | val_acc=0.9561 val_roc_auc=0.7681 val_loss=0.1518 val_metric_name=roc_auc val_metric=0.7681
Step  550 | loss 0.0806 | val_acc=0.9582 val_roc_auc=0.7565 val_loss=0.1558 val_metric_name=roc_auc val_metric=0.7565
Step  600 | loss 0.0719 | val_acc=0.9563 val_roc_auc=0.7381 val_loss=0.1666 val_metric_name=roc_auc val_metric=0.7381
Step  650 | loss 0.0617 | val_acc=0.9449 val_roc_auc=0.7299 val_loss=0.2082 val_metric_name=roc_auc val_metric=0.7299
Early stopping at step 660

--- Final (best ckpt @ step 360) ---
  train_acc=0.9724 train_roc_auc=0.8576 train_loss=0.1001 train_metric_name=roc_auc train_metric=0.8576
  val_acc=0.9661 val_roc_auc=0.7761 val_loss=0.1277 val_metric_name=roc_auc val_metric=0.7761
  test_acc=0.9668 test_roc_auc=0.7804 test_loss=0.1237 test_metric_name=roc_auc test_metric=0.7804
  test_roc_auc=0.7804

============================================================
Training questions GT-sep 4L h=384 lr=0.0001 split=7
============================================================
Training for 5000 steps
Step    1 | loss 0.7987 | val_acc=0.9702 val_roc_auc=0.4333 val_loss=0.1388 val_metric_name=roc_auc val_metric=0.4333
Step   50 | loss 0.1286 | val_acc=0.9714 val_roc_auc=0.6611 val_loss=0.1282 val_metric_name=roc_auc val_metric=0.6611
Step  100 | loss 0.1242 | val_acc=0.9715 val_roc_auc=0.7120 val_loss=0.1227 val_metric_name=roc_auc val_metric=0.7120
Step  150 | loss 0.1192 | val_acc=0.9712 val_roc_auc=0.7498 val_loss=0.1171 val_metric_name=roc_auc val_metric=0.7498
Step  200 | loss 0.1113 | val_acc=0.9718 val_roc_auc=0.7644 val_loss=0.1159 val_metric_name=roc_auc val_metric=0.7644
Step  250 | loss 0.1036 | val_acc=0.9680 val_roc_auc=0.7707 val_loss=0.1234 val_metric_name=roc_auc val_metric=0.7707
Step  300 | loss 0.0972 | val_acc=0.9652 val_roc_auc=0.7679 val_loss=0.1307 val_metric_name=roc_auc val_metric=0.7679
Step  350 | loss 0.0874 | val_acc=0.9547 val_roc_auc=0.7635 val_loss=0.1554 val_metric_name=roc_auc val_metric=0.7635
Step  400 | loss 0.0787 | val_acc=0.9597 val_roc_auc=0.7472 val_loss=0.1512 val_metric_name=roc_auc val_metric=0.7472
Step  450 | loss 0.0683 | val_acc=0.9527 val_roc_auc=0.7375 val_loss=0.1766 val_metric_name=roc_auc val_metric=0.7375
Step  500 | loss 0.0549 | val_acc=0.9536 val_roc_auc=0.7130 val_loss=0.1964 val_metric_name=roc_auc val_metric=0.7130
Step  550 | loss 0.0422 | val_acc=0.9453 val_roc_auc=0.6863 val_loss=0.2413 val_metric_name=roc_auc val_metric=0.6863
Early stopping at step 560

--- Final (best ckpt @ step 260) ---
  train_acc=0.9739 train_roc_auc=0.8511 train_loss=0.0992 train_metric_name=roc_auc train_metric=0.8511
  val_acc=0.9674 val_roc_auc=0.7711 val_loss=0.1250 val_metric_name=roc_auc val_metric=0.7711
  test_acc=0.9689 test_roc_auc=0.7783 test_loss=0.1202 test_metric_name=roc_auc test_metric=0.7783
  test_roc_auc=0.7783

============================================================
Training questions GT-sep 4L h=384 lr=1e-05 split=7
============================================================
Training for 5000 steps
Step    1 | loss 0.7987 | val_acc=0.7405 val_roc_auc=0.3917 val_loss=0.5925 val_metric_name=roc_auc val_metric=0.3917
Step   50 | loss 0.1380 | val_acc=0.9702 val_roc_auc=0.5846 val_loss=0.1630 val_metric_name=roc_auc val_metric=0.5846
Step  100 | loss 0.1337 | val_acc=0.9702 val_roc_auc=0.6177 val_loss=0.1430 val_metric_name=roc_auc val_metric=0.6177
Step  150 | loss 0.1319 | val_acc=0.9702 val_roc_auc=0.6399 val_loss=0.1396 val_metric_name=roc_auc val_metric=0.6399
Step  200 | loss 0.1295 | val_acc=0.9702 val_roc_auc=0.6607 val_loss=0.1363 val_metric_name=roc_auc val_metric=0.6607
Step  250 | loss 0.1282 | val_acc=0.9703 val_roc_auc=0.6785 val_loss=0.1333 val_metric_name=roc_auc val_metric=0.6785
Step  300 | loss 0.1280 | val_acc=0.9711 val_roc_auc=0.6927 val_loss=0.1309 val_metric_name=roc_auc val_metric=0.6927
Step  350 | loss 0.1264 | val_acc=0.9714 val_roc_auc=0.7044 val_loss=0.1288 val_metric_name=roc_auc val_metric=0.7044
Step  400 | loss 0.1252 | val_acc=0.9715 val_roc_auc=0.7139 val_loss=0.1268 val_metric_name=roc_auc val_metric=0.7139
Step  450 | loss 0.1241 | val_acc=0.9715 val_roc_auc=0.7217 val_loss=0.1252 val_metric_name=roc_auc val_metric=0.7217
Step  500 | loss 0.1232 | val_acc=0.9715 val_roc_auc=0.7273 val_loss=0.1238 val_metric_name=roc_auc val_metric=0.7273
Step  550 | loss 0.1229 | val_acc=0.9716 val_roc_auc=0.7326 val_loss=0.1224 val_metric_name=roc_auc val_metric=0.7326
Step  600 | loss 0.1219 | val_acc=0.9715 val_roc_auc=0.7378 val_loss=0.1213 val_metric_name=roc_auc val_metric=0.7378
Step  650 | loss 0.1207 | val_acc=0.9714 val_roc_auc=0.7427 val_loss=0.1202 val_metric_name=roc_auc val_metric=0.7427
Step  700 | loss 0.1205 | val_acc=0.9714 val_roc_auc=0.7475 val_loss=0.1190 val_metric_name=roc_auc val_metric=0.7475
Step  750 | loss 0.1188 | val_acc=0.9712 val_roc_auc=0.7524 val_loss=0.1179 val_metric_name=roc_auc val_metric=0.7524
Step  800 | loss 0.1181 | val_acc=0.9718 val_roc_auc=0.7579 val_loss=0.1169 val_metric_name=roc_auc val_metric=0.7579
Step  850 | loss 0.1160 | val_acc=0.9718 val_roc_auc=0.7631 val_loss=0.1160 val_metric_name=roc_auc val_metric=0.7631
Step  900 | loss 0.1143 | val_acc=0.9721 val_roc_auc=0.7677 val_loss=0.1154 val_metric_name=roc_auc val_metric=0.7677
Step  950 | loss 0.1132 | val_acc=0.9725 val_roc_auc=0.7711 val_loss=0.1151 val_metric_name=roc_auc val_metric=0.7711
Step 1000 | loss 0.1129 | val_acc=0.9720 val_roc_auc=0.7736 val_loss=0.1152 val_metric_name=roc_auc val_metric=0.7736
Step 1050 | loss 0.1123 | val_acc=0.9716 val_roc_auc=0.7755 val_loss=0.1156 val_metric_name=roc_auc val_metric=0.7755
Step 1100 | loss 0.1107 | val_acc=0.9715 val_roc_auc=0.7774 val_loss=0.1163 val_metric_name=roc_auc val_metric=0.7774
Step 1150 | loss 0.1093 | val_acc=0.9715 val_roc_auc=0.7780 val_loss=0.1175 val_metric_name=roc_auc val_metric=0.7780
Step 1200 | loss 0.1077 | val_acc=0.9711 val_roc_auc=0.7790 val_loss=0.1185 val_metric_name=roc_auc val_metric=0.7790
Step 1250 | loss 0.1073 | val_acc=0.9707 val_roc_auc=0.7798 val_loss=0.1189 val_metric_name=roc_auc val_metric=0.7798
Step 1300 | loss 0.1065 | val_acc=0.9694 val_roc_auc=0.7801 val_loss=0.1213 val_metric_name=roc_auc val_metric=0.7801
Step 1350 | loss 0.1058 | val_acc=0.9680 val_roc_auc=0.7808 val_loss=0.1229 val_metric_name=roc_auc val_metric=0.7808
Step 1400 | loss 0.1040 | val_acc=0.9674 val_roc_auc=0.7813 val_loss=0.1241 val_metric_name=roc_auc val_metric=0.7813
Step 1450 | loss 0.1029 | val_acc=0.9669 val_roc_auc=0.7819 val_loss=0.1265 val_metric_name=roc_auc val_metric=0.7819
Step 1500 | loss 0.1018 | val_acc=0.9656 val_roc_auc=0.7823 val_loss=0.1284 val_metric_name=roc_auc val_metric=0.7823
Step 1550 | loss 0.1012 | val_acc=0.9651 val_roc_auc=0.7818 val_loss=0.1306 val_metric_name=roc_auc val_metric=0.7818
Step 1600 | loss 0.0990 | val_acc=0.9646 val_roc_auc=0.7821 val_loss=0.1317 val_metric_name=roc_auc val_metric=0.7821
Step 1650 | loss 0.1001 | val_acc=0.9634 val_roc_auc=0.7827 val_loss=0.1335 val_metric_name=roc_auc val_metric=0.7827
Step 1700 | loss 0.0971 | val_acc=0.9615 val_roc_auc=0.7822 val_loss=0.1380 val_metric_name=roc_auc val_metric=0.7822
Step 1750 | loss 0.0964 | val_acc=0.9589 val_roc_auc=0.7826 val_loss=0.1417 val_metric_name=roc_auc val_metric=0.7826
Step 1800 | loss 0.0963 | val_acc=0.9583 val_roc_auc=0.7825 val_loss=0.1439 val_metric_name=roc_auc val_metric=0.7825
Step 1850 | loss 0.0957 | val_acc=0.9558 val_roc_auc=0.7815 val_loss=0.1490 val_metric_name=roc_auc val_metric=0.7815
Step 1900 | loss 0.0926 | val_acc=0.9570 val_roc_auc=0.7817 val_loss=0.1472 val_metric_name=roc_auc val_metric=0.7817
Step 1950 | loss 0.0908 | val_acc=0.9528 val_roc_auc=0.7806 val_loss=0.1536 val_metric_name=roc_auc val_metric=0.7806
Early stopping at step 1961

--- Final (best ckpt @ step 1660) ---
  train_acc=0.9715 train_roc_auc=0.8772 train_loss=0.0990 train_metric_name=roc_auc train_metric=0.8772
  val_acc=0.9627 val_roc_auc=0.7827 val_loss=0.1351 val_metric_name=roc_auc val_metric=0.7827
  test_acc=0.9636 test_roc_auc=0.7796 test_loss=0.1325 test_metric_name=roc_auc test_metric=0.7796
  test_roc_auc=0.7796

============================================================
Training questions GT-sep 4L h=512 lr=3e-05 split=7
============================================================
Training for 5000 steps
Step    1 | loss 0.5084 | val_acc=0.9702 val_roc_auc=0.4892 val_loss=0.1461 val_metric_name=roc_auc val_metric=0.4892
Step   50 | loss 0.1292 | val_acc=0.9702 val_roc_auc=0.6585 val_loss=0.1307 val_metric_name=roc_auc val_metric=0.6585
Step  100 | loss 0.1260 | val_acc=0.9715 val_roc_auc=0.6968 val_loss=0.1254 val_metric_name=roc_auc val_metric=0.6968
Step  150 | loss 0.1234 | val_acc=0.9715 val_roc_auc=0.7235 val_loss=0.1221 val_metric_name=roc_auc val_metric=0.7235
Step  200 | loss 0.1188 | val_acc=0.9713 val_roc_auc=0.7469 val_loss=0.1185 val_metric_name=roc_auc val_metric=0.7469
Step  250 | loss 0.1138 | val_acc=0.9723 val_roc_auc=0.7609 val_loss=0.1166 val_metric_name=roc_auc val_metric=0.7609
Step  300 | loss 0.1100 | val_acc=0.9718 val_roc_auc=0.7667 val_loss=0.1173 val_metric_name=roc_auc val_metric=0.7667
Step  350 | loss 0.1058 | val_acc=0.9707 val_roc_auc=0.7707 val_loss=0.1208 val_metric_name=roc_auc val_metric=0.7707
Step  400 | loss 0.1018 | val_acc=0.9679 val_roc_auc=0.7712 val_loss=0.1263 val_metric_name=roc_auc val_metric=0.7712
Step  450 | loss 0.0972 | val_acc=0.9644 val_roc_auc=0.7733 val_loss=0.1333 val_metric_name=roc_auc val_metric=0.7733
Step  500 | loss 0.0932 | val_acc=0.9581 val_roc_auc=0.7713 val_loss=0.1455 val_metric_name=roc_auc val_metric=0.7713
Step  550 | loss 0.0884 | val_acc=0.9542 val_roc_auc=0.7715 val_loss=0.1565 val_metric_name=roc_auc val_metric=0.7715
Step  600 | loss 0.0814 | val_acc=0.9527 val_roc_auc=0.7669 val_loss=0.1627 val_metric_name=roc_auc val_metric=0.7669
Step  650 | loss 0.0756 | val_acc=0.9487 val_roc_auc=0.7615 val_loss=0.1732 val_metric_name=roc_auc val_metric=0.7615
Step  700 | loss 0.0692 | val_acc=0.9439 val_roc_auc=0.7524 val_loss=0.1892 val_metric_name=roc_auc val_metric=0.7524
Step  750 | loss 0.0618 | val_acc=0.9469 val_roc_auc=0.7450 val_loss=0.1933 val_metric_name=roc_auc val_metric=0.7450
Early stopping at step 759

--- Final (best ckpt @ step 450) ---
  train_acc=0.9743 train_roc_auc=0.8851 train_loss=0.0922 train_metric_name=roc_auc train_metric=0.8851
  val_acc=0.9644 val_roc_auc=0.7733 val_loss=0.1333 val_metric_name=roc_auc val_metric=0.7733
  test_acc=0.9631 test_roc_auc=0.7752 test_loss=0.1311 test_metric_name=roc_auc test_metric=0.7752
  test_roc_auc=0.7752

============================================================
Training questions GT-sep 4L h=512 lr=6e-05 split=7
============================================================
Training for 5000 steps
Step    1 | loss 0.5084 | val_acc=0.9702 val_roc_auc=0.4923 val_loss=0.1423 val_metric_name=roc_auc val_metric=0.4923
Step   50 | loss 0.1280 | val_acc=0.9710 val_roc_auc=0.6653 val_loss=0.1285 val_metric_name=roc_auc val_metric=0.6653
Step  100 | loss 0.1236 | val_acc=0.9715 val_roc_auc=0.7133 val_loss=0.1222 val_metric_name=roc_auc val_metric=0.7133
Step  150 | loss 0.1186 | val_acc=0.9714 val_roc_auc=0.7512 val_loss=0.1168 val_metric_name=roc_auc val_metric=0.7512
Step  200 | loss 0.1102 | val_acc=0.9720 val_roc_auc=0.7659 val_loss=0.1163 val_metric_name=roc_auc val_metric=0.7659
Step  250 | loss 0.1026 | val_acc=0.9691 val_roc_auc=0.7678 val_loss=0.1240 val_metric_name=roc_auc val_metric=0.7678
Step  300 | loss 0.0966 | val_acc=0.9633 val_roc_auc=0.7659 val_loss=0.1365 val_metric_name=roc_auc val_metric=0.7659
Step  350 | loss 0.0875 | val_acc=0.9591 val_roc_auc=0.7650 val_loss=0.1459 val_metric_name=roc_auc val_metric=0.7650
Step  400 | loss 0.0816 | val_acc=0.9558 val_roc_auc=0.7584 val_loss=0.1604 val_metric_name=roc_auc val_metric=0.7584
Step  450 | loss 0.0690 | val_acc=0.9581 val_roc_auc=0.7400 val_loss=0.1648 val_metric_name=roc_auc val_metric=0.7400
Step  500 | loss 0.0584 | val_acc=0.9512 val_roc_auc=0.7273 val_loss=0.1981 val_metric_name=roc_auc val_metric=0.7273
Step  550 | loss 0.0466 | val_acc=0.9539 val_roc_auc=0.7017 val_loss=0.2132 val_metric_name=roc_auc val_metric=0.7017
Step  600 | loss 0.0341 | val_acc=0.9495 val_roc_auc=0.6893 val_loss=0.2381 val_metric_name=roc_auc val_metric=0.6893
Early stopping at step 610

--- Final (best ckpt @ step 310) ---
  train_acc=0.9736 train_roc_auc=0.8913 train_loss=0.0939 train_metric_name=roc_auc train_metric=0.8913
  val_acc=0.9594 val_roc_auc=0.7689 val_loss=0.1423 val_metric_name=roc_auc val_metric=0.7689
  test_acc=0.9608 test_roc_auc=0.7708 test_loss=0.1393 test_metric_name=roc_auc test_metric=0.7708
  test_roc_auc=0.7708

============================================================
Training questions GT-sep 4L h=512 lr=0.0001 split=7
============================================================
Training for 5000 steps
Step    1 | loss 0.5084 | val_acc=0.9702 val_roc_auc=0.4955 val_loss=0.1768 val_metric_name=roc_auc val_metric=0.4955
Step   50 | loss 0.1274 | val_acc=0.9714 val_roc_auc=0.6667 val_loss=0.1252 val_metric_name=roc_auc val_metric=0.6667
Step  100 | loss 0.1223 | val_acc=0.9715 val_roc_auc=0.7240 val_loss=0.1204 val_metric_name=roc_auc val_metric=0.7240
Step  150 | loss 0.1151 | val_acc=0.9722 val_roc_auc=0.7594 val_loss=0.1149 val_metric_name=roc_auc val_metric=0.7594
Step  200 | loss 0.1037 | val_acc=0.9712 val_roc_auc=0.7670 val_loss=0.1192 val_metric_name=roc_auc val_metric=0.7670
Step  250 | loss 0.0927 | val_acc=0.9653 val_roc_auc=0.7625 val_loss=0.1326 val_metric_name=roc_auc val_metric=0.7625
Step  300 | loss 0.0823 | val_acc=0.9570 val_roc_auc=0.7494 val_loss=0.1564 val_metric_name=roc_auc val_metric=0.7494
Step  350 | loss 0.0692 | val_acc=0.9528 val_roc_auc=0.7351 val_loss=0.1740 val_metric_name=roc_auc val_metric=0.7351
Step  400 | loss 0.0572 | val_acc=0.9545 val_roc_auc=0.7036 val_loss=0.1920 val_metric_name=roc_auc val_metric=0.7036
Step  450 | loss 0.0407 | val_acc=0.9617 val_roc_auc=0.6737 val_loss=0.1976 val_metric_name=roc_auc val_metric=0.6737
Step  500 | loss 0.0280 | val_acc=0.9512 val_roc_auc=0.6689 val_loss=0.2565 val_metric_name=roc_auc val_metric=0.6689
Early stopping at step 517

--- Final (best ckpt @ step 200) ---
  train_acc=0.9740 train_roc_auc=0.8475 train_loss=0.0987 train_metric_name=roc_auc train_metric=0.8475
  val_acc=0.9712 val_roc_auc=0.7670 val_loss=0.1192 val_metric_name=roc_auc val_metric=0.7670
  test_acc=0.9712 test_roc_auc=0.7781 test_loss=0.1170 test_metric_name=roc_auc test_metric=0.7781
  test_roc_auc=0.7781

============================================================
Training questions GT-sep 4L h=512 lr=1e-05 split=7
============================================================
Training for 5000 steps
Step    1 | loss 0.5084 | val_acc=0.9702 val_roc_auc=0.4794 val_loss=0.2488 val_metric_name=roc_auc val_metric=0.4794
Step   50 | loss 0.1326 | val_acc=0.9702 val_roc_auc=0.6386 val_loss=0.1403 val_metric_name=roc_auc val_metric=0.6386
Step  100 | loss 0.1305 | val_acc=0.9702 val_roc_auc=0.6637 val_loss=0.1365 val_metric_name=roc_auc val_metric=0.6637
Step  150 | loss 0.1288 | val_acc=0.9703 val_roc_auc=0.6851 val_loss=0.1324 val_metric_name=roc_auc val_metric=0.6851
Step  200 | loss 0.1265 | val_acc=0.9711 val_roc_auc=0.7021 val_loss=0.1290 val_metric_name=roc_auc val_metric=0.7021
Step  250 | loss 0.1247 | val_acc=0.9715 val_roc_auc=0.7155 val_loss=0.1264 val_metric_name=roc_auc val_metric=0.7155
Step  300 | loss 0.1232 | val_acc=0.9715 val_roc_auc=0.7253 val_loss=0.1241 val_metric_name=roc_auc val_metric=0.7253
Step  350 | loss 0.1220 | val_acc=0.9714 val_roc_auc=0.7324 val_loss=0.1224 val_metric_name=roc_auc val_metric=0.7324
Step  400 | loss 0.1208 | val_acc=0.9712 val_roc_auc=0.7398 val_loss=0.1208 val_metric_name=roc_auc val_metric=0.7398
Step  450 | loss 0.1188 | val_acc=0.9711 val_roc_auc=0.7481 val_loss=0.1192 val_metric_name=roc_auc val_metric=0.7481
Step  500 | loss 0.1172 | val_acc=0.9716 val_roc_auc=0.7567 val_loss=0.1175 val_metric_name=roc_auc val_metric=0.7567
Step  550 | loss 0.1154 | val_acc=0.9720 val_roc_auc=0.7614 val_loss=0.1167 val_metric_name=roc_auc val_metric=0.7614
Step  600 | loss 0.1130 | val_acc=0.9723 val_roc_auc=0.7647 val_loss=0.1165 val_metric_name=roc_auc val_metric=0.7647
Step  650 | loss 0.1117 | val_acc=0.9720 val_roc_auc=0.7682 val_loss=0.1169 val_metric_name=roc_auc val_metric=0.7682
Step  700 | loss 0.1097 | val_acc=0.9717 val_roc_auc=0.7704 val_loss=0.1177 val_metric_name=roc_auc val_metric=0.7704
Step  750 | loss 0.1086 | val_acc=0.9710 val_roc_auc=0.7718 val_loss=0.1202 val_metric_name=roc_auc val_metric=0.7718
Step  800 | loss 0.1067 | val_acc=0.9702 val_roc_auc=0.7727 val_loss=0.1209 val_metric_name=roc_auc val_metric=0.7727
Step  850 | loss 0.1058 | val_acc=0.9679 val_roc_auc=0.7726 val_loss=0.1254 val_metric_name=roc_auc val_metric=0.7726
Step  900 | loss 0.1031 | val_acc=0.9673 val_roc_auc=0.7727 val_loss=0.1269 val_metric_name=roc_auc val_metric=0.7727
Step  950 | loss 0.1022 | val_acc=0.9660 val_roc_auc=0.7720 val_loss=0.1313 val_metric_name=roc_auc val_metric=0.7720
Step 1000 | loss 0.1008 | val_acc=0.9631 val_roc_auc=0.7712 val_loss=0.1363 val_metric_name=roc_auc val_metric=0.7712
Step 1050 | loss 0.0981 | val_acc=0.9613 val_roc_auc=0.7712 val_loss=0.1393 val_metric_name=roc_auc val_metric=0.7712
Step 1100 | loss 0.0982 | val_acc=0.9611 val_roc_auc=0.7722 val_loss=0.1396 val_metric_name=roc_auc val_metric=0.7722
Step 1150 | loss 0.0952 | val_acc=0.9558 val_roc_auc=0.7709 val_loss=0.1491 val_metric_name=roc_auc val_metric=0.7709
Early stopping at step 1175

--- Final (best ckpt @ step 870) ---
  train_acc=0.9724 train_roc_auc=0.8550 train_loss=0.1012 train_metric_name=roc_auc train_metric=0.8550
  val_acc=0.9675 val_roc_auc=0.7731 val_loss=0.1262 val_metric_name=roc_auc val_metric=0.7731
  test_acc=0.9681 test_roc_auc=0.7791 test_loss=0.1235 test_metric_name=roc_auc test_metric=0.7791
  test_roc_auc=0.7791
  >> num_layers=4 hidden_dim=256 lr=3e-05 best_step=820 val_roc_auc=0.7724 test_roc_auc=0.7809
     val_acc=0.9694 val_loss=0.1224 val_metric=0.7724 val_metric_name=roc_auc val_roc_auc=0.7724
     test_acc=0.9711 test_loss=0.1182 test_metric=0.7809 test_metric_name=roc_auc test_roc_auc=0.7809
  >> num_layers=4 hidden_dim=256 lr=6e-05 best_step=470 val_roc_auc=0.7730 test_roc_auc=0.7814
     val_acc=0.9693 val_loss=0.1217 val_metric=0.7730 val_metric_name=roc_auc val_roc_auc=0.7730
     test_acc=0.9712 test_loss=0.1171 test_metric=0.7814 test_metric_name=roc_auc test_roc_auc=0.7814
  >> num_layers=4 hidden_dim=256 lr=0.0001 best_step=330 val_roc_auc=0.7716 test_roc_auc=0.7804
     val_acc=0.9697 val_loss=0.1214 val_metric=0.7716 val_metric_name=roc_auc val_roc_auc=0.7716
     test_acc=0.9706 test_loss=0.1173 test_metric=0.7804 test_metric_name=roc_auc test_roc_auc=0.7804
  >> num_layers=4 hidden_dim=256 lr=1e-05 best_step=2170 val_roc_auc=0.7699 test_roc_auc=0.7786
     val_acc=0.9689 val_loss=0.1235 val_metric=0.7699 val_metric_name=roc_auc val_roc_auc=0.7699
     test_acc=0.9703 test_loss=0.1194 test_metric=0.7786 test_metric_name=roc_auc test_roc_auc=0.7786
  >> num_layers=4 hidden_dim=384 lr=3e-05 best_step=670 val_roc_auc=0.7789 test_roc_auc=0.7827
     val_acc=0.9609 val_loss=0.1374 val_metric=0.7789 val_metric_name=roc_auc val_roc_auc=0.7789
     test_acc=0.9633 test_loss=0.1331 test_metric=0.7827 test_metric_name=roc_auc test_roc_auc=0.7827
  >> num_layers=4 hidden_dim=384 lr=6e-05 best_step=360 val_roc_auc=0.7761 test_roc_auc=0.7804
     val_acc=0.9661 val_loss=0.1277 val_metric=0.7761 val_metric_name=roc_auc val_roc_auc=0.7761
     test_acc=0.9668 test_loss=0.1237 test_metric=0.7804 test_metric_name=roc_auc test_roc_auc=0.7804
  >> num_layers=4 hidden_dim=384 lr=0.0001 best_step=260 val_roc_auc=0.7711 test_roc_auc=0.7783
     val_acc=0.9674 val_loss=0.1250 val_metric=0.7711 val_metric_name=roc_auc val_roc_auc=0.7711
     test_acc=0.9689 test_loss=0.1202 test_metric=0.7783 test_metric_name=roc_auc test_roc_auc=0.7783
  >> num_layers=4 hidden_dim=384 lr=1e-05 best_step=1660 val_roc_auc=0.7827 test_roc_auc=0.7796
     val_acc=0.9627 val_loss=0.1351 val_metric=0.7827 val_metric_name=roc_auc val_roc_auc=0.7827
     test_acc=0.9636 test_loss=0.1325 test_metric=0.7796 test_metric_name=roc_auc test_roc_auc=0.7796
  >> num_layers=4 hidden_dim=512 lr=3e-05 best_step=450 val_roc_auc=0.7733 test_roc_auc=0.7752
     val_acc=0.9644 val_loss=0.1333 val_metric=0.7733 val_metric_name=roc_auc val_roc_auc=0.7733
     test_acc=0.9631 test_loss=0.1311 test_metric=0.7752 test_metric_name=roc_auc test_roc_auc=0.7752
  >> num_layers=4 hidden_dim=512 lr=6e-05 best_step=310 val_roc_auc=0.7689 test_roc_auc=0.7708
     val_acc=0.9594 val_loss=0.1423 val_metric=0.7689 val_metric_name=roc_auc val_roc_auc=0.7689
     test_acc=0.9608 test_loss=0.1393 test_metric=0.7708 test_metric_name=roc_auc test_roc_auc=0.7708
  >> num_layers=4 hidden_dim=512 lr=0.0001 best_step=200 val_roc_auc=0.7670 test_roc_auc=0.7781
     val_acc=0.9712 val_loss=0.1192 val_metric=0.7670 val_metric_name=roc_auc val_roc_auc=0.7670
     test_acc=0.9712 test_loss=0.1170 test_metric=0.7781 test_metric_name=roc_auc test_roc_auc=0.7781
  >> num_layers=4 hidden_dim=512 lr=1e-05 best_step=870 val_roc_auc=0.7731 test_roc_auc=0.7791
     val_acc=0.9675 val_loss=0.1262 val_metric=0.7731 val_metric_name=roc_auc val_roc_auc=0.7731
     test_acc=0.9681 test_loss=0.1235 test_metric=0.7791 test_metric_name=roc_auc test_roc_auc=0.7791
  >> selected best (by val): num_layers=4 hidden_dim=384 lr=1e-05 val_roc_auc=0.7827 test_roc_auc=0.7796
     val_acc=0.9627 val_loss=0.1351 val_metric=0.7827 val_metric_name=roc_auc val_roc_auc=0.7827
     test_acc=0.9636 test_loss=0.1325 test_metric=0.7796 test_metric_name=roc_auc test_roc_auc=0.7796

Done. Results saved to /home/avshmelev/diploma_yandex_graphs/results_grid/questions/base.csv, checkpoints in /home/avshmelev/diploma_yandex_graphs/all_checkpoints/questions/base/
