Loading data...

============================================================
Training questions GT-sep 2L h=256 lr=3e-05 split=5
============================================================
Training for 5000 steps
Step    1 | loss 0.5933 | val_acc=0.9520 val_roc_auc=0.4083 val_loss=0.3895 val_metric_name=roc_auc val_metric=0.4083
Step   50 | loss 0.1338 | val_acc=0.9702 val_roc_auc=0.5935 val_loss=0.1472 val_metric_name=roc_auc val_metric=0.5935
Step  100 | loss 0.1290 | val_acc=0.9702 val_roc_auc=0.6267 val_loss=0.1363 val_metric_name=roc_auc val_metric=0.6267
Step  150 | loss 0.1268 | val_acc=0.9712 val_roc_auc=0.6498 val_loss=0.1330 val_metric_name=roc_auc val_metric=0.6498
Step  200 | loss 0.1249 | val_acc=0.9715 val_roc_auc=0.6677 val_loss=0.1304 val_metric_name=roc_auc val_metric=0.6677
Step  250 | loss 0.1216 | val_acc=0.9714 val_roc_auc=0.6824 val_loss=0.1286 val_metric_name=roc_auc val_metric=0.6824
Step  300 | loss 0.1201 | val_acc=0.9711 val_roc_auc=0.6939 val_loss=0.1273 val_metric_name=roc_auc val_metric=0.6939
Step  350 | loss 0.1185 | val_acc=0.9709 val_roc_auc=0.7034 val_loss=0.1266 val_metric_name=roc_auc val_metric=0.7034
Step  400 | loss 0.1175 | val_acc=0.9709 val_roc_auc=0.7122 val_loss=0.1257 val_metric_name=roc_auc val_metric=0.7122
Step  450 | loss 0.1155 | val_acc=0.9711 val_roc_auc=0.7213 val_loss=0.1248 val_metric_name=roc_auc val_metric=0.7213
Step  500 | loss 0.1135 | val_acc=0.9711 val_roc_auc=0.7316 val_loss=0.1239 val_metric_name=roc_auc val_metric=0.7316
Step  550 | loss 0.1106 | val_acc=0.9713 val_roc_auc=0.7410 val_loss=0.1231 val_metric_name=roc_auc val_metric=0.7410
Step  600 | loss 0.1095 | val_acc=0.9716 val_roc_auc=0.7466 val_loss=0.1229 val_metric_name=roc_auc val_metric=0.7466
Step  650 | loss 0.1073 | val_acc=0.9716 val_roc_auc=0.7514 val_loss=0.1228 val_metric_name=roc_auc val_metric=0.7514
Step  700 | loss 0.1057 | val_acc=0.9717 val_roc_auc=0.7562 val_loss=0.1227 val_metric_name=roc_auc val_metric=0.7562
Step  750 | loss 0.1045 | val_acc=0.9715 val_roc_auc=0.7609 val_loss=0.1230 val_metric_name=roc_auc val_metric=0.7609
Step  800 | loss 0.1033 | val_acc=0.9711 val_roc_auc=0.7648 val_loss=0.1230 val_metric_name=roc_auc val_metric=0.7648
Step  850 | loss 0.1005 | val_acc=0.9708 val_roc_auc=0.7671 val_loss=0.1239 val_metric_name=roc_auc val_metric=0.7671
Step  900 | loss 0.0981 | val_acc=0.9706 val_roc_auc=0.7687 val_loss=0.1249 val_metric_name=roc_auc val_metric=0.7687
Step  950 | loss 0.0961 | val_acc=0.9692 val_roc_auc=0.7689 val_loss=0.1266 val_metric_name=roc_auc val_metric=0.7689
Step 1000 | loss 0.0936 | val_acc=0.9685 val_roc_auc=0.7685 val_loss=0.1288 val_metric_name=roc_auc val_metric=0.7685
Step 1050 | loss 0.0921 | val_acc=0.9686 val_roc_auc=0.7670 val_loss=0.1303 val_metric_name=roc_auc val_metric=0.7670
Step 1100 | loss 0.0891 | val_acc=0.9674 val_roc_auc=0.7661 val_loss=0.1334 val_metric_name=roc_auc val_metric=0.7661
Step 1150 | loss 0.0864 | val_acc=0.9645 val_roc_auc=0.7633 val_loss=0.1383 val_metric_name=roc_auc val_metric=0.7633
Step 1200 | loss 0.0824 | val_acc=0.9659 val_roc_auc=0.7598 val_loss=0.1394 val_metric_name=roc_auc val_metric=0.7598
Early stopping at step 1210

--- Final (best ckpt @ step 910) ---
  train_acc=0.9747 train_roc_auc=0.8775 train_loss=0.0923 train_metric_name=roc_auc train_metric=0.8775
  val_acc=0.9700 val_roc_auc=0.7695 val_loss=0.1251 val_metric_name=roc_auc val_metric=0.7695
  test_acc=0.9702 test_roc_auc=0.7839 test_loss=0.1217 test_metric_name=roc_auc test_metric=0.7839
  test_roc_auc=0.7839

============================================================
Training questions GT-sep 2L h=256 lr=6e-05 split=5
============================================================
Training for 5000 steps
Step    1 | loss 0.5933 | val_acc=0.9702 val_roc_auc=0.4148 val_loss=0.2854 val_metric_name=roc_auc val_metric=0.4148
Step   50 | loss 0.1303 | val_acc=0.9702 val_roc_auc=0.6288 val_loss=0.1303 val_metric_name=roc_auc val_metric=0.6288
Step  100 | loss 0.1253 | val_acc=0.9713 val_roc_auc=0.6593 val_loss=0.1300 val_metric_name=roc_auc val_metric=0.6593
Step  150 | loss 0.1223 | val_acc=0.9714 val_roc_auc=0.6826 val_loss=0.1270 val_metric_name=roc_auc val_metric=0.6826
Step  200 | loss 0.1192 | val_acc=0.9710 val_roc_auc=0.7004 val_loss=0.1254 val_metric_name=roc_auc val_metric=0.7004
Step  250 | loss 0.1152 | val_acc=0.9709 val_roc_auc=0.7161 val_loss=0.1245 val_metric_name=roc_auc val_metric=0.7161
Step  300 | loss 0.1121 | val_acc=0.9715 val_roc_auc=0.7334 val_loss=0.1230 val_metric_name=roc_auc val_metric=0.7334
Step  350 | loss 0.1089 | val_acc=0.9715 val_roc_auc=0.7455 val_loss=0.1227 val_metric_name=roc_auc val_metric=0.7455
Step  400 | loss 0.1068 | val_acc=0.9716 val_roc_auc=0.7536 val_loss=0.1229 val_metric_name=roc_auc val_metric=0.7536
Step  450 | loss 0.1031 | val_acc=0.9713 val_roc_auc=0.7611 val_loss=0.1233 val_metric_name=roc_auc val_metric=0.7611
Step  500 | loss 0.1001 | val_acc=0.9706 val_roc_auc=0.7662 val_loss=0.1250 val_metric_name=roc_auc val_metric=0.7662
Step  550 | loss 0.0949 | val_acc=0.9697 val_roc_auc=0.7673 val_loss=0.1263 val_metric_name=roc_auc val_metric=0.7673
Step  600 | loss 0.0911 | val_acc=0.9675 val_roc_auc=0.7666 val_loss=0.1306 val_metric_name=roc_auc val_metric=0.7666
Step  650 | loss 0.0845 | val_acc=0.9666 val_roc_auc=0.7630 val_loss=0.1343 val_metric_name=roc_auc val_metric=0.7630
Step  700 | loss 0.0800 | val_acc=0.9616 val_roc_auc=0.7573 val_loss=0.1444 val_metric_name=roc_auc val_metric=0.7573
Step  750 | loss 0.0734 | val_acc=0.9641 val_roc_auc=0.7480 val_loss=0.1485 val_metric_name=roc_auc val_metric=0.7480
Step  800 | loss 0.0652 | val_acc=0.9632 val_roc_auc=0.7368 val_loss=0.1571 val_metric_name=roc_auc val_metric=0.7368
Early stopping at step 840

--- Final (best ckpt @ step 540) ---
  train_acc=0.9756 train_roc_auc=0.8819 train_loss=0.0905 train_metric_name=roc_auc train_metric=0.8819
  val_acc=0.9695 val_roc_auc=0.7682 val_loss=0.1261 val_metric_name=roc_auc val_metric=0.7682
  test_acc=0.9703 test_roc_auc=0.7833 test_loss=0.1224 test_metric_name=roc_auc test_metric=0.7833
  test_roc_auc=0.7833

============================================================
Training questions GT-sep 2L h=256 lr=0.0001 split=5
============================================================
Training for 5000 steps
Step    1 | loss 0.5933 | val_acc=0.9702 val_roc_auc=0.4202 val_loss=0.2032 val_metric_name=roc_auc val_metric=0.4202
Step   50 | loss 0.1279 | val_acc=0.9702 val_roc_auc=0.6467 val_loss=0.1329 val_metric_name=roc_auc val_metric=0.6467
Step  100 | loss 0.1227 | val_acc=0.9714 val_roc_auc=0.6773 val_loss=0.1263 val_metric_name=roc_auc val_metric=0.6773
Step  150 | loss 0.1184 | val_acc=0.9709 val_roc_auc=0.7022 val_loss=0.1242 val_metric_name=roc_auc val_metric=0.7022
Step  200 | loss 0.1138 | val_acc=0.9713 val_roc_auc=0.7272 val_loss=0.1223 val_metric_name=roc_auc val_metric=0.7272
Step  250 | loss 0.1082 | val_acc=0.9716 val_roc_auc=0.7447 val_loss=0.1219 val_metric_name=roc_auc val_metric=0.7447
Step  300 | loss 0.1035 | val_acc=0.9711 val_roc_auc=0.7539 val_loss=0.1229 val_metric_name=roc_auc val_metric=0.7539
Step  350 | loss 0.0990 | val_acc=0.9713 val_roc_auc=0.7629 val_loss=0.1241 val_metric_name=roc_auc val_metric=0.7629
Step  400 | loss 0.0937 | val_acc=0.9686 val_roc_auc=0.7656 val_loss=0.1280 val_metric_name=roc_auc val_metric=0.7656
Step  450 | loss 0.0871 | val_acc=0.9700 val_roc_auc=0.7581 val_loss=0.1342 val_metric_name=roc_auc val_metric=0.7581
Step  500 | loss 0.0775 | val_acc=0.9652 val_roc_auc=0.7462 val_loss=0.1460 val_metric_name=roc_auc val_metric=0.7462
Step  550 | loss 0.0655 | val_acc=0.9633 val_roc_auc=0.7280 val_loss=0.1601 val_metric_name=roc_auc val_metric=0.7280
Step  600 | loss 0.0542 | val_acc=0.9625 val_roc_auc=0.7062 val_loss=0.1761 val_metric_name=roc_auc val_metric=0.7062
Step  650 | loss 0.0425 | val_acc=0.9590 val_roc_auc=0.6980 val_loss=0.1954 val_metric_name=roc_auc val_metric=0.6980
Early stopping at step 694

--- Final (best ckpt @ step 390) ---
  train_acc=0.9758 train_roc_auc=0.8864 train_loss=0.0881 train_metric_name=roc_auc train_metric=0.8864
  val_acc=0.9684 val_roc_auc=0.7662 val_loss=0.1274 val_metric_name=roc_auc val_metric=0.7662
  test_acc=0.9702 test_roc_auc=0.7822 test_loss=0.1230 test_metric_name=roc_auc test_metric=0.7822
  test_roc_auc=0.7822

============================================================
Training questions GT-sep 2L h=256 lr=1e-05 split=5
============================================================
Training for 5000 steps
Step    1 | loss 0.5933 | val_acc=0.8218 val_roc_auc=0.4026 val_loss=0.4857 val_metric_name=roc_auc val_metric=0.4026
Step   50 | loss 0.1402 | val_acc=0.9702 val_roc_auc=0.4532 val_loss=0.1460 val_metric_name=roc_auc val_metric=0.4532
Step  100 | loss 0.1354 | val_acc=0.9702 val_roc_auc=0.4962 val_loss=0.1485 val_metric_name=roc_auc val_metric=0.4962
Step  150 | loss 0.1337 | val_acc=0.9702 val_roc_auc=0.5887 val_loss=0.1454 val_metric_name=roc_auc val_metric=0.5887
Step  200 | loss 0.1323 | val_acc=0.9702 val_roc_auc=0.6077 val_loss=0.1424 val_metric_name=roc_auc val_metric=0.6077
Step  250 | loss 0.1292 | val_acc=0.9702 val_roc_auc=0.6204 val_loss=0.1401 val_metric_name=roc_auc val_metric=0.6204
Step  300 | loss 0.1286 | val_acc=0.9702 val_roc_auc=0.6313 val_loss=0.1383 val_metric_name=roc_auc val_metric=0.6313
Step  350 | loss 0.1278 | val_acc=0.9707 val_roc_auc=0.6407 val_loss=0.1367 val_metric_name=roc_auc val_metric=0.6407
Step  400 | loss 0.1271 | val_acc=0.9713 val_roc_auc=0.6494 val_loss=0.1353 val_metric_name=roc_auc val_metric=0.6494
Step  450 | loss 0.1263 | val_acc=0.9714 val_roc_auc=0.6573 val_loss=0.1340 val_metric_name=roc_auc val_metric=0.6573
Step  500 | loss 0.1250 | val_acc=0.9715 val_roc_auc=0.6644 val_loss=0.1328 val_metric_name=roc_auc val_metric=0.6644
Step  550 | loss 0.1235 | val_acc=0.9715 val_roc_auc=0.6707 val_loss=0.1317 val_metric_name=roc_auc val_metric=0.6707
Step  600 | loss 0.1238 | val_acc=0.9714 val_roc_auc=0.6766 val_loss=0.1308 val_metric_name=roc_auc val_metric=0.6766
Step  650 | loss 0.1228 | val_acc=0.9714 val_roc_auc=0.6822 val_loss=0.1300 val_metric_name=roc_auc val_metric=0.6822
Step  700 | loss 0.1220 | val_acc=0.9713 val_roc_auc=0.6873 val_loss=0.1293 val_metric_name=roc_auc val_metric=0.6873
Step  750 | loss 0.1210 | val_acc=0.9711 val_roc_auc=0.6918 val_loss=0.1287 val_metric_name=roc_auc val_metric=0.6918
Step  800 | loss 0.1201 | val_acc=0.9711 val_roc_auc=0.6957 val_loss=0.1281 val_metric_name=roc_auc val_metric=0.6957
Step  850 | loss 0.1195 | val_acc=0.9710 val_roc_auc=0.6994 val_loss=0.1278 val_metric_name=roc_auc val_metric=0.6994
Step  900 | loss 0.1192 | val_acc=0.9708 val_roc_auc=0.7030 val_loss=0.1274 val_metric_name=roc_auc val_metric=0.7030
Step  950 | loss 0.1181 | val_acc=0.9706 val_roc_auc=0.7063 val_loss=0.1270 val_metric_name=roc_auc val_metric=0.7063
Step 1000 | loss 0.1176 | val_acc=0.9706 val_roc_auc=0.7094 val_loss=0.1266 val_metric_name=roc_auc val_metric=0.7094
Step 1050 | loss 0.1175 | val_acc=0.9710 val_roc_auc=0.7123 val_loss=0.1263 val_metric_name=roc_auc val_metric=0.7123
Step 1100 | loss 0.1169 | val_acc=0.9708 val_roc_auc=0.7152 val_loss=0.1258 val_metric_name=roc_auc val_metric=0.7152
Step 1150 | loss 0.1163 | val_acc=0.9707 val_roc_auc=0.7186 val_loss=0.1256 val_metric_name=roc_auc val_metric=0.7186
Step 1200 | loss 0.1146 | val_acc=0.9708 val_roc_auc=0.7225 val_loss=0.1251 val_metric_name=roc_auc val_metric=0.7225
Step 1250 | loss 0.1147 | val_acc=0.9708 val_roc_auc=0.7265 val_loss=0.1245 val_metric_name=roc_auc val_metric=0.7265
Step 1300 | loss 0.1138 | val_acc=0.9708 val_roc_auc=0.7309 val_loss=0.1240 val_metric_name=roc_auc val_metric=0.7309
Step 1350 | loss 0.1134 | val_acc=0.9709 val_roc_auc=0.7353 val_loss=0.1236 val_metric_name=roc_auc val_metric=0.7353
Step 1400 | loss 0.1120 | val_acc=0.9711 val_roc_auc=0.7391 val_loss=0.1234 val_metric_name=roc_auc val_metric=0.7391
Step 1450 | loss 0.1102 | val_acc=0.9713 val_roc_auc=0.7421 val_loss=0.1231 val_metric_name=roc_auc val_metric=0.7421
Step 1500 | loss 0.1102 | val_acc=0.9713 val_roc_auc=0.7448 val_loss=0.1231 val_metric_name=roc_auc val_metric=0.7448
Step 1550 | loss 0.1084 | val_acc=0.9715 val_roc_auc=0.7471 val_loss=0.1229 val_metric_name=roc_auc val_metric=0.7471
Step 1600 | loss 0.1085 | val_acc=0.9715 val_roc_auc=0.7492 val_loss=0.1228 val_metric_name=roc_auc val_metric=0.7492
Step 1650 | loss 0.1082 | val_acc=0.9717 val_roc_auc=0.7511 val_loss=0.1226 val_metric_name=roc_auc val_metric=0.7511
Step 1700 | loss 0.1066 | val_acc=0.9718 val_roc_auc=0.7529 val_loss=0.1227 val_metric_name=roc_auc val_metric=0.7529
Step 1750 | loss 0.1070 | val_acc=0.9717 val_roc_auc=0.7547 val_loss=0.1226 val_metric_name=roc_auc val_metric=0.7547
Step 1800 | loss 0.1056 | val_acc=0.9714 val_roc_auc=0.7567 val_loss=0.1225 val_metric_name=roc_auc val_metric=0.7567
Step 1850 | loss 0.1058 | val_acc=0.9713 val_roc_auc=0.7586 val_loss=0.1224 val_metric_name=roc_auc val_metric=0.7586
Step 1900 | loss 0.1051 | val_acc=0.9713 val_roc_auc=0.7604 val_loss=0.1228 val_metric_name=roc_auc val_metric=0.7604
Step 1950 | loss 0.1035 | val_acc=0.9711 val_roc_auc=0.7622 val_loss=0.1225 val_metric_name=roc_auc val_metric=0.7622
Step 2000 | loss 0.1026 | val_acc=0.9712 val_roc_auc=0.7640 val_loss=0.1228 val_metric_name=roc_auc val_metric=0.7640
Step 2050 | loss 0.1028 | val_acc=0.9711 val_roc_auc=0.7656 val_loss=0.1227 val_metric_name=roc_auc val_metric=0.7656
Step 2100 | loss 0.1029 | val_acc=0.9708 val_roc_auc=0.7672 val_loss=0.1230 val_metric_name=roc_auc val_metric=0.7672
Step 2150 | loss 0.1014 | val_acc=0.9706 val_roc_auc=0.7683 val_loss=0.1232 val_metric_name=roc_auc val_metric=0.7683
Step 2200 | loss 0.1010 | val_acc=0.9706 val_roc_auc=0.7690 val_loss=0.1235 val_metric_name=roc_auc val_metric=0.7690
Step 2250 | loss 0.0999 | val_acc=0.9703 val_roc_auc=0.7698 val_loss=0.1236 val_metric_name=roc_auc val_metric=0.7698
Step 2300 | loss 0.0999 | val_acc=0.9704 val_roc_auc=0.7703 val_loss=0.1241 val_metric_name=roc_auc val_metric=0.7703
Step 2350 | loss 0.0989 | val_acc=0.9698 val_roc_auc=0.7709 val_loss=0.1249 val_metric_name=roc_auc val_metric=0.7709
Step 2400 | loss 0.0978 | val_acc=0.9694 val_roc_auc=0.7712 val_loss=0.1253 val_metric_name=roc_auc val_metric=0.7712
Step 2450 | loss 0.0972 | val_acc=0.9692 val_roc_auc=0.7713 val_loss=0.1259 val_metric_name=roc_auc val_metric=0.7713
Step 2500 | loss 0.0958 | val_acc=0.9688 val_roc_auc=0.7715 val_loss=0.1266 val_metric_name=roc_auc val_metric=0.7715
Step 2550 | loss 0.0964 | val_acc=0.9682 val_roc_auc=0.7713 val_loss=0.1273 val_metric_name=roc_auc val_metric=0.7713
Step 2600 | loss 0.0949 | val_acc=0.9678 val_roc_auc=0.7712 val_loss=0.1284 val_metric_name=roc_auc val_metric=0.7712
Step 2650 | loss 0.0936 | val_acc=0.9675 val_roc_auc=0.7711 val_loss=0.1292 val_metric_name=roc_auc val_metric=0.7711
Step 2700 | loss 0.0925 | val_acc=0.9671 val_roc_auc=0.7710 val_loss=0.1303 val_metric_name=roc_auc val_metric=0.7710
Step 2750 | loss 0.0917 | val_acc=0.9665 val_roc_auc=0.7710 val_loss=0.1319 val_metric_name=roc_auc val_metric=0.7710
Early stopping at step 2787

--- Final (best ckpt @ step 2480) ---
  train_acc=0.9761 train_roc_auc=0.8840 train_loss=0.0900 train_metric_name=roc_auc train_metric=0.8840
  val_acc=0.9682 val_roc_auc=0.7717 val_loss=0.1267 val_metric_name=roc_auc val_metric=0.7717
  test_acc=0.9694 test_roc_auc=0.7859 test_loss=0.1225 test_metric_name=roc_auc test_metric=0.7859
  test_roc_auc=0.7859

============================================================
Training questions GT-sep 2L h=384 lr=3e-05 split=5
============================================================
Training for 5000 steps
Step    1 | loss 0.9392 | val_acc=0.7500 val_roc_auc=0.5694 val_loss=0.6229 val_metric_name=roc_auc val_metric=0.5694
Step   50 | loss 0.1304 | val_acc=0.9702 val_roc_auc=0.6441 val_loss=0.1375 val_metric_name=roc_auc val_metric=0.6441
Step  100 | loss 0.1273 | val_acc=0.9702 val_roc_auc=0.6621 val_loss=0.1323 val_metric_name=roc_auc val_metric=0.6621
Step  150 | loss 0.1255 | val_acc=0.9713 val_roc_auc=0.6776 val_loss=0.1298 val_metric_name=roc_auc val_metric=0.6776
Step  200 | loss 0.1232 | val_acc=0.9714 val_roc_auc=0.6900 val_loss=0.1278 val_metric_name=roc_auc val_metric=0.6900
Step  250 | loss 0.1210 | val_acc=0.9712 val_roc_auc=0.7012 val_loss=0.1264 val_metric_name=roc_auc val_metric=0.7012
Step  300 | loss 0.1183 | val_acc=0.9712 val_roc_auc=0.7123 val_loss=0.1253 val_metric_name=roc_auc val_metric=0.7123
Step  350 | loss 0.1160 | val_acc=0.9712 val_roc_auc=0.7225 val_loss=0.1247 val_metric_name=roc_auc val_metric=0.7225
Step  400 | loss 0.1141 | val_acc=0.9712 val_roc_auc=0.7306 val_loss=0.1242 val_metric_name=roc_auc val_metric=0.7306
Step  450 | loss 0.1110 | val_acc=0.9718 val_roc_auc=0.7380 val_loss=0.1239 val_metric_name=roc_auc val_metric=0.7380
Step  500 | loss 0.1090 | val_acc=0.9720 val_roc_auc=0.7452 val_loss=0.1235 val_metric_name=roc_auc val_metric=0.7452
Step  550 | loss 0.1066 | val_acc=0.9720 val_roc_auc=0.7527 val_loss=0.1238 val_metric_name=roc_auc val_metric=0.7527
Step  600 | loss 0.1056 | val_acc=0.9719 val_roc_auc=0.7583 val_loss=0.1233 val_metric_name=roc_auc val_metric=0.7583
Step  650 | loss 0.1028 | val_acc=0.9720 val_roc_auc=0.7618 val_loss=0.1247 val_metric_name=roc_auc val_metric=0.7618
Step  700 | loss 0.1001 | val_acc=0.9714 val_roc_auc=0.7628 val_loss=0.1262 val_metric_name=roc_auc val_metric=0.7628
Step  750 | loss 0.0970 | val_acc=0.9702 val_roc_auc=0.7636 val_loss=0.1275 val_metric_name=roc_auc val_metric=0.7636
Step  800 | loss 0.0949 | val_acc=0.9696 val_roc_auc=0.7639 val_loss=0.1295 val_metric_name=roc_auc val_metric=0.7639
Step  850 | loss 0.0896 | val_acc=0.9675 val_roc_auc=0.7644 val_loss=0.1325 val_metric_name=roc_auc val_metric=0.7644
Step  900 | loss 0.0868 | val_acc=0.9650 val_roc_auc=0.7656 val_loss=0.1371 val_metric_name=roc_auc val_metric=0.7656
Step  950 | loss 0.0837 | val_acc=0.9653 val_roc_auc=0.7626 val_loss=0.1388 val_metric_name=roc_auc val_metric=0.7626
Step 1000 | loss 0.0808 | val_acc=0.9647 val_roc_auc=0.7577 val_loss=0.1428 val_metric_name=roc_auc val_metric=0.7577
Step 1050 | loss 0.0749 | val_acc=0.9595 val_roc_auc=0.7533 val_loss=0.1518 val_metric_name=roc_auc val_metric=0.7533
Step 1100 | loss 0.0722 | val_acc=0.9603 val_roc_auc=0.7454 val_loss=0.1567 val_metric_name=roc_auc val_metric=0.7454
Step 1150 | loss 0.0669 | val_acc=0.9585 val_roc_auc=0.7412 val_loss=0.1634 val_metric_name=roc_auc val_metric=0.7412
Step 1200 | loss 0.0629 | val_acc=0.9592 val_roc_auc=0.7337 val_loss=0.1693 val_metric_name=roc_auc val_metric=0.7337
Early stopping at step 1200

--- Final (best ckpt @ step 900) ---
  train_acc=0.9781 train_roc_auc=0.9151 train_loss=0.0779 train_metric_name=roc_auc train_metric=0.9151
  val_acc=0.9650 val_roc_auc=0.7656 val_loss=0.1371 val_metric_name=roc_auc val_metric=0.7656
  test_acc=0.9655 test_roc_auc=0.7800 test_loss=0.1326 test_metric_name=roc_auc test_metric=0.7800
  test_roc_auc=0.7800

============================================================
Training questions GT-sep 2L h=384 lr=6e-05 split=5
============================================================
Training for 5000 steps
Step    1 | loss 0.9392 | val_acc=0.9694 val_roc_auc=0.5710 val_loss=0.3630 val_metric_name=roc_auc val_metric=0.5710
Step   50 | loss 0.1281 | val_acc=0.9702 val_roc_auc=0.6523 val_loss=0.1301 val_metric_name=roc_auc val_metric=0.6523
Step  100 | loss 0.1244 | val_acc=0.9714 val_roc_auc=0.6768 val_loss=0.1271 val_metric_name=roc_auc val_metric=0.6768
Step  150 | loss 0.1214 | val_acc=0.9712 val_roc_auc=0.6989 val_loss=0.1247 val_metric_name=roc_auc val_metric=0.6989
Step  200 | loss 0.1174 | val_acc=0.9712 val_roc_auc=0.7181 val_loss=0.1230 val_metric_name=roc_auc val_metric=0.7181
Step  250 | loss 0.1136 | val_acc=0.9714 val_roc_auc=0.7305 val_loss=0.1224 val_metric_name=roc_auc val_metric=0.7305
Step  300 | loss 0.1093 | val_acc=0.9721 val_roc_auc=0.7420 val_loss=0.1222 val_metric_name=roc_auc val_metric=0.7420
Step  350 | loss 0.1051 | val_acc=0.9720 val_roc_auc=0.7507 val_loss=0.1231 val_metric_name=roc_auc val_metric=0.7507
Step  400 | loss 0.1010 | val_acc=0.9716 val_roc_auc=0.7587 val_loss=0.1245 val_metric_name=roc_auc val_metric=0.7587
Step  450 | loss 0.0957 | val_acc=0.9700 val_roc_auc=0.7623 val_loss=0.1268 val_metric_name=roc_auc val_metric=0.7623
Step  500 | loss 0.0907 | val_acc=0.9690 val_roc_auc=0.7611 val_loss=0.1299 val_metric_name=roc_auc val_metric=0.7611
Step  550 | loss 0.0858 | val_acc=0.9666 val_roc_auc=0.7580 val_loss=0.1351 val_metric_name=roc_auc val_metric=0.7580
Step  600 | loss 0.0816 | val_acc=0.9644 val_roc_auc=0.7497 val_loss=0.1432 val_metric_name=roc_auc val_metric=0.7497
Step  650 | loss 0.0717 | val_acc=0.9622 val_roc_auc=0.7374 val_loss=0.1530 val_metric_name=roc_auc val_metric=0.7374
Step  700 | loss 0.0609 | val_acc=0.9576 val_roc_auc=0.7310 val_loss=0.1678 val_metric_name=roc_auc val_metric=0.7310
Step  750 | loss 0.0541 | val_acc=0.9592 val_roc_auc=0.7201 val_loss=0.1786 val_metric_name=roc_auc val_metric=0.7201
Early stopping at step 793

--- Final (best ckpt @ step 490) ---
  train_acc=0.9779 train_roc_auc=0.8996 train_loss=0.0826 train_metric_name=roc_auc train_metric=0.8996
  val_acc=0.9693 val_roc_auc=0.7638 val_loss=0.1297 val_metric_name=roc_auc val_metric=0.7638
  test_acc=0.9688 test_roc_auc=0.7767 test_loss=0.1263 test_metric_name=roc_auc test_metric=0.7767
  test_roc_auc=0.7767

============================================================
Training questions GT-sep 2L h=384 lr=0.0001 split=5
============================================================
Training for 5000 steps
Step    1 | loss 0.9392 | val_acc=0.9702 val_roc_auc=0.5513 val_loss=0.1968 val_metric_name=roc_auc val_metric=0.5513
Step   50 | loss 0.1268 | val_acc=0.9709 val_roc_auc=0.6589 val_loss=0.1287 val_metric_name=roc_auc val_metric=0.6589
Step  100 | loss 0.1223 | val_acc=0.9713 val_roc_auc=0.6910 val_loss=0.1244 val_metric_name=roc_auc val_metric=0.6910
Step  150 | loss 0.1171 | val_acc=0.9714 val_roc_auc=0.7178 val_loss=0.1220 val_metric_name=roc_auc val_metric=0.7178
Step  200 | loss 0.1121 | val_acc=0.9715 val_roc_auc=0.7331 val_loss=0.1211 val_metric_name=roc_auc val_metric=0.7331
Step  250 | loss 0.1064 | val_acc=0.9720 val_roc_auc=0.7450 val_loss=0.1217 val_metric_name=roc_auc val_metric=0.7450
Step  300 | loss 0.1001 | val_acc=0.9717 val_roc_auc=0.7532 val_loss=0.1240 val_metric_name=roc_auc val_metric=0.7532
Step  350 | loss 0.0924 | val_acc=0.9702 val_roc_auc=0.7603 val_loss=0.1270 val_metric_name=roc_auc val_metric=0.7603
Step  400 | loss 0.0828 | val_acc=0.9658 val_roc_auc=0.7564 val_loss=0.1348 val_metric_name=roc_auc val_metric=0.7564
Step  450 | loss 0.0719 | val_acc=0.9666 val_roc_auc=0.7346 val_loss=0.1451 val_metric_name=roc_auc val_metric=0.7346
Step  500 | loss 0.0594 | val_acc=0.9626 val_roc_auc=0.7330 val_loss=0.1658 val_metric_name=roc_auc val_metric=0.7330
Step  550 | loss 0.0469 | val_acc=0.9549 val_roc_auc=0.7137 val_loss=0.1939 val_metric_name=roc_auc val_metric=0.7137
Step  600 | loss 0.0367 | val_acc=0.9586 val_roc_auc=0.7025 val_loss=0.2094 val_metric_name=roc_auc val_metric=0.7025
Step  650 | loss 0.0251 | val_acc=0.9586 val_roc_auc=0.6947 val_loss=0.2323 val_metric_name=roc_auc val_metric=0.6947
Early stopping at step 676

--- Final (best ckpt @ step 360) ---
  train_acc=0.9779 train_roc_auc=0.9015 train_loss=0.0812 train_metric_name=roc_auc train_metric=0.9015
  val_acc=0.9695 val_roc_auc=0.7617 val_loss=0.1282 val_metric_name=roc_auc val_metric=0.7617
  test_acc=0.9702 test_roc_auc=0.7748 test_loss=0.1253 test_metric_name=roc_auc test_metric=0.7748
  test_roc_auc=0.7748

============================================================
Training questions GT-sep 2L h=384 lr=1e-05 split=5
============================================================
Training for 5000 steps
Step    1 | loss 0.9392 | val_acc=0.1028 val_roc_auc=0.5589 val_loss=0.8786 val_metric_name=roc_auc val_metric=0.5589
Step   50 | loss 0.1347 | val_acc=0.9702 val_roc_auc=0.5739 val_loss=0.1487 val_metric_name=roc_auc val_metric=0.5739
Step  100 | loss 0.1322 | val_acc=0.9702 val_roc_auc=0.6366 val_loss=0.1432 val_metric_name=roc_auc val_metric=0.6366
Step  150 | loss 0.1309 | val_acc=0.9702 val_roc_auc=0.6464 val_loss=0.1398 val_metric_name=roc_auc val_metric=0.6464
Step  200 | loss 0.1296 | val_acc=0.9702 val_roc_auc=0.6555 val_loss=0.1380 val_metric_name=roc_auc val_metric=0.6555
Step  250 | loss 0.1283 | val_acc=0.9702 val_roc_auc=0.6638 val_loss=0.1364 val_metric_name=roc_auc val_metric=0.6638
Step  300 | loss 0.1266 | val_acc=0.9704 val_roc_auc=0.6717 val_loss=0.1349 val_metric_name=roc_auc val_metric=0.6717
Step  350 | loss 0.1258 | val_acc=0.9710 val_roc_auc=0.6784 val_loss=0.1335 val_metric_name=roc_auc val_metric=0.6784
Step  400 | loss 0.1248 | val_acc=0.9714 val_roc_auc=0.6838 val_loss=0.1323 val_metric_name=roc_auc val_metric=0.6838
Step  450 | loss 0.1235 | val_acc=0.9714 val_roc_auc=0.6887 val_loss=0.1312 val_metric_name=roc_auc val_metric=0.6887
Step  500 | loss 0.1228 | val_acc=0.9714 val_roc_auc=0.6934 val_loss=0.1303 val_metric_name=roc_auc val_metric=0.6934
Step  550 | loss 0.1219 | val_acc=0.9714 val_roc_auc=0.6976 val_loss=0.1295 val_metric_name=roc_auc val_metric=0.6976
Step  600 | loss 0.1215 | val_acc=0.9712 val_roc_auc=0.7016 val_loss=0.1288 val_metric_name=roc_auc val_metric=0.7016
Step  650 | loss 0.1210 | val_acc=0.9712 val_roc_auc=0.7051 val_loss=0.1282 val_metric_name=roc_auc val_metric=0.7051
Step  700 | loss 0.1207 | val_acc=0.9712 val_roc_auc=0.7081 val_loss=0.1278 val_metric_name=roc_auc val_metric=0.7081
Step  750 | loss 0.1186 | val_acc=0.9713 val_roc_auc=0.7112 val_loss=0.1273 val_metric_name=roc_auc val_metric=0.7112
Step  800 | loss 0.1181 | val_acc=0.9713 val_roc_auc=0.7150 val_loss=0.1269 val_metric_name=roc_auc val_metric=0.7150
Step  850 | loss 0.1168 | val_acc=0.9711 val_roc_auc=0.7193 val_loss=0.1263 val_metric_name=roc_auc val_metric=0.7193
Step  900 | loss 0.1161 | val_acc=0.9711 val_roc_auc=0.7234 val_loss=0.1259 val_metric_name=roc_auc val_metric=0.7234
Step  950 | loss 0.1143 | val_acc=0.9713 val_roc_auc=0.7269 val_loss=0.1257 val_metric_name=roc_auc val_metric=0.7269
Step 1000 | loss 0.1147 | val_acc=0.9714 val_roc_auc=0.7299 val_loss=0.1254 val_metric_name=roc_auc val_metric=0.7299
Step 1050 | loss 0.1124 | val_acc=0.9715 val_roc_auc=0.7322 val_loss=0.1252 val_metric_name=roc_auc val_metric=0.7322
Step 1100 | loss 0.1124 | val_acc=0.9717 val_roc_auc=0.7346 val_loss=0.1249 val_metric_name=roc_auc val_metric=0.7346
Step 1150 | loss 0.1116 | val_acc=0.9718 val_roc_auc=0.7371 val_loss=0.1249 val_metric_name=roc_auc val_metric=0.7371
Step 1200 | loss 0.1110 | val_acc=0.9721 val_roc_auc=0.7396 val_loss=0.1246 val_metric_name=roc_auc val_metric=0.7396
Step 1250 | loss 0.1095 | val_acc=0.9720 val_roc_auc=0.7431 val_loss=0.1244 val_metric_name=roc_auc val_metric=0.7431
Step 1300 | loss 0.1090 | val_acc=0.9720 val_roc_auc=0.7468 val_loss=0.1240 val_metric_name=roc_auc val_metric=0.7468
Step 1350 | loss 0.1085 | val_acc=0.9719 val_roc_auc=0.7504 val_loss=0.1239 val_metric_name=roc_auc val_metric=0.7504
Step 1400 | loss 0.1066 | val_acc=0.9719 val_roc_auc=0.7536 val_loss=0.1240 val_metric_name=roc_auc val_metric=0.7536
Step 1450 | loss 0.1059 | val_acc=0.9718 val_roc_auc=0.7564 val_loss=0.1240 val_metric_name=roc_auc val_metric=0.7564
Step 1500 | loss 0.1045 | val_acc=0.9715 val_roc_auc=0.7589 val_loss=0.1240 val_metric_name=roc_auc val_metric=0.7589
Step 1550 | loss 0.1033 | val_acc=0.9715 val_roc_auc=0.7609 val_loss=0.1244 val_metric_name=roc_auc val_metric=0.7609
Step 1600 | loss 0.1033 | val_acc=0.9716 val_roc_auc=0.7620 val_loss=0.1247 val_metric_name=roc_auc val_metric=0.7620
Step 1650 | loss 0.1030 | val_acc=0.9713 val_roc_auc=0.7631 val_loss=0.1254 val_metric_name=roc_auc val_metric=0.7631
Step 1700 | loss 0.1012 | val_acc=0.9708 val_roc_auc=0.7636 val_loss=0.1258 val_metric_name=roc_auc val_metric=0.7636
Step 1750 | loss 0.1013 | val_acc=0.9710 val_roc_auc=0.7644 val_loss=0.1267 val_metric_name=roc_auc val_metric=0.7644
Step 1800 | loss 0.0993 | val_acc=0.9708 val_roc_auc=0.7648 val_loss=0.1275 val_metric_name=roc_auc val_metric=0.7648
Step 1850 | loss 0.0992 | val_acc=0.9702 val_roc_auc=0.7650 val_loss=0.1282 val_metric_name=roc_auc val_metric=0.7650
Step 1900 | loss 0.0978 | val_acc=0.9703 val_roc_auc=0.7655 val_loss=0.1287 val_metric_name=roc_auc val_metric=0.7655
Step 1950 | loss 0.0972 | val_acc=0.9686 val_roc_auc=0.7653 val_loss=0.1301 val_metric_name=roc_auc val_metric=0.7653
Step 2000 | loss 0.0946 | val_acc=0.9693 val_roc_auc=0.7662 val_loss=0.1306 val_metric_name=roc_auc val_metric=0.7662
Step 2050 | loss 0.0947 | val_acc=0.9683 val_roc_auc=0.7663 val_loss=0.1320 val_metric_name=roc_auc val_metric=0.7663
Step 2100 | loss 0.0929 | val_acc=0.9682 val_roc_auc=0.7661 val_loss=0.1327 val_metric_name=roc_auc val_metric=0.7661
Step 2150 | loss 0.0925 | val_acc=0.9669 val_roc_auc=0.7663 val_loss=0.1340 val_metric_name=roc_auc val_metric=0.7663
Step 2200 | loss 0.0921 | val_acc=0.9662 val_roc_auc=0.7665 val_loss=0.1353 val_metric_name=roc_auc val_metric=0.7665
Step 2250 | loss 0.0896 | val_acc=0.9644 val_roc_auc=0.7670 val_loss=0.1376 val_metric_name=roc_auc val_metric=0.7670
Step 2300 | loss 0.0894 | val_acc=0.9649 val_roc_auc=0.7661 val_loss=0.1377 val_metric_name=roc_auc val_metric=0.7661
Step 2350 | loss 0.0872 | val_acc=0.9644 val_roc_auc=0.7663 val_loss=0.1393 val_metric_name=roc_auc val_metric=0.7663
Step 2400 | loss 0.0860 | val_acc=0.9637 val_roc_auc=0.7655 val_loss=0.1409 val_metric_name=roc_auc val_metric=0.7655
Step 2450 | loss 0.0832 | val_acc=0.9626 val_roc_auc=0.7642 val_loss=0.1432 val_metric_name=roc_auc val_metric=0.7642
Step 2500 | loss 0.0812 | val_acc=0.9638 val_roc_auc=0.7633 val_loss=0.1430 val_metric_name=roc_auc val_metric=0.7633
Step 2550 | loss 0.0812 | val_acc=0.9603 val_roc_auc=0.7620 val_loss=0.1476 val_metric_name=roc_auc val_metric=0.7620
Early stopping at step 2550

--- Final (best ckpt @ step 2250) ---
  train_acc=0.9774 train_roc_auc=0.9114 train_loss=0.0802 train_metric_name=roc_auc train_metric=0.9114
  val_acc=0.9644 val_roc_auc=0.7670 val_loss=0.1376 val_metric_name=roc_auc val_metric=0.7670
  test_acc=0.9648 test_roc_auc=0.7823 test_loss=0.1326 test_metric_name=roc_auc test_metric=0.7823
  test_roc_auc=0.7823

============================================================
Training questions GT-sep 2L h=512 lr=3e-05 split=5
============================================================
Training for 5000 steps
Step    1 | loss 0.5773 | val_acc=0.9638 val_roc_auc=0.5937 val_loss=0.2374 val_metric_name=roc_auc val_metric=0.5937
Step   50 | loss 0.1282 | val_acc=0.9702 val_roc_auc=0.6551 val_loss=0.1310 val_metric_name=roc_auc val_metric=0.6551
Step  100 | loss 0.1246 | val_acc=0.9712 val_roc_auc=0.6805 val_loss=0.1292 val_metric_name=roc_auc val_metric=0.6805
Step  150 | loss 0.1216 | val_acc=0.9713 val_roc_auc=0.6983 val_loss=0.1262 val_metric_name=roc_auc val_metric=0.6983
Step  200 | loss 0.1180 | val_acc=0.9713 val_roc_auc=0.7179 val_loss=0.1239 val_metric_name=roc_auc val_metric=0.7179
Step  250 | loss 0.1136 | val_acc=0.9712 val_roc_auc=0.7319 val_loss=0.1229 val_metric_name=roc_auc val_metric=0.7319
Step  300 | loss 0.1093 | val_acc=0.9717 val_roc_auc=0.7430 val_loss=0.1223 val_metric_name=roc_auc val_metric=0.7430
Step  350 | loss 0.1071 | val_acc=0.9717 val_roc_auc=0.7560 val_loss=0.1216 val_metric_name=roc_auc val_metric=0.7560
Step  400 | loss 0.1042 | val_acc=0.9719 val_roc_auc=0.7624 val_loss=0.1235 val_metric_name=roc_auc val_metric=0.7624
Step  450 | loss 0.0989 | val_acc=0.9712 val_roc_auc=0.7644 val_loss=0.1252 val_metric_name=roc_auc val_metric=0.7644
Step  500 | loss 0.0955 | val_acc=0.9702 val_roc_auc=0.7644 val_loss=0.1281 val_metric_name=roc_auc val_metric=0.7644
Step  550 | loss 0.0907 | val_acc=0.9679 val_roc_auc=0.7624 val_loss=0.1339 val_metric_name=roc_auc val_metric=0.7624
Step  600 | loss 0.0839 | val_acc=0.9645 val_roc_auc=0.7573 val_loss=0.1407 val_metric_name=roc_auc val_metric=0.7573
Step  650 | loss 0.0793 | val_acc=0.9570 val_roc_auc=0.7530 val_loss=0.1543 val_metric_name=roc_auc val_metric=0.7530
Step  700 | loss 0.0739 | val_acc=0.9591 val_roc_auc=0.7463 val_loss=0.1584 val_metric_name=roc_auc val_metric=0.7463
Step  750 | loss 0.0675 | val_acc=0.9590 val_roc_auc=0.7397 val_loss=0.1663 val_metric_name=roc_auc val_metric=0.7397
Early stopping at step 785

--- Final (best ckpt @ step 480) ---
  train_acc=0.9751 train_roc_auc=0.8838 train_loss=0.0907 train_metric_name=roc_auc train_metric=0.8838
  val_acc=0.9704 val_roc_auc=0.7657 val_loss=0.1276 val_metric_name=roc_auc val_metric=0.7657
  test_acc=0.9695 test_roc_auc=0.7868 test_loss=0.1233 test_metric_name=roc_auc test_metric=0.7868
  test_roc_auc=0.7868

============================================================
Training questions GT-sep 2L h=512 lr=6e-05 split=5
============================================================
Training for 5000 steps
Step    1 | loss 0.5773 | val_acc=0.9696 val_roc_auc=0.5694 val_loss=0.1463 val_metric_name=roc_auc val_metric=0.5694
Step   50 | loss 0.1259 | val_acc=0.9713 val_roc_auc=0.6699 val_loss=0.1286 val_metric_name=roc_auc val_metric=0.6699
Step  100 | loss 0.1216 | val_acc=0.9713 val_roc_auc=0.6966 val_loss=0.1245 val_metric_name=roc_auc val_metric=0.6966
Step  150 | loss 0.1160 | val_acc=0.9712 val_roc_auc=0.7251 val_loss=0.1217 val_metric_name=roc_auc val_metric=0.7251
Step  200 | loss 0.1104 | val_acc=0.9718 val_roc_auc=0.7438 val_loss=0.1206 val_metric_name=roc_auc val_metric=0.7438
Step  250 | loss 0.1043 | val_acc=0.9720 val_roc_auc=0.7600 val_loss=0.1211 val_metric_name=roc_auc val_metric=0.7600
Step  300 | loss 0.0967 | val_acc=0.9707 val_roc_auc=0.7618 val_loss=0.1256 val_metric_name=roc_auc val_metric=0.7618
Step  350 | loss 0.0900 | val_acc=0.9689 val_roc_auc=0.7571 val_loss=0.1324 val_metric_name=roc_auc val_metric=0.7571
Step  400 | loss 0.0809 | val_acc=0.9674 val_roc_auc=0.7476 val_loss=0.1396 val_metric_name=roc_auc val_metric=0.7476
Step  450 | loss 0.0707 | val_acc=0.9654 val_roc_auc=0.7322 val_loss=0.1535 val_metric_name=roc_auc val_metric=0.7322
Step  500 | loss 0.0567 | val_acc=0.9614 val_roc_auc=0.7138 val_loss=0.1750 val_metric_name=roc_auc val_metric=0.7138
Step  550 | loss 0.0467 | val_acc=0.9464 val_roc_auc=0.7055 val_loss=0.2165 val_metric_name=roc_auc val_metric=0.7055
Step  600 | loss 0.0351 | val_acc=0.9567 val_roc_auc=0.6852 val_loss=0.2251 val_metric_name=roc_auc val_metric=0.6852
Early stopping at step 619

--- Final (best ckpt @ step 290) ---
  train_acc=0.9750 train_roc_auc=0.8700 train_loss=0.0940 train_metric_name=roc_auc train_metric=0.8700
  val_acc=0.9708 val_roc_auc=0.7622 val_loss=0.1246 val_metric_name=roc_auc val_metric=0.7622
  test_acc=0.9709 test_roc_auc=0.7847 test_loss=0.1201 test_metric_name=roc_auc test_metric=0.7847
  test_roc_auc=0.7847

============================================================
Training questions GT-sep 2L h=512 lr=0.0001 split=5
============================================================
Training for 5000 steps
Step    1 | loss 0.5773 | val_acc=0.9702 val_roc_auc=0.5491 val_loss=0.1372 val_metric_name=roc_auc val_metric=0.5491
Step   50 | loss 0.1249 | val_acc=0.9714 val_roc_auc=0.6787 val_loss=0.1269 val_metric_name=roc_auc val_metric=0.6787
Step  100 | loss 0.1191 | val_acc=0.9712 val_roc_auc=0.7138 val_loss=0.1221 val_metric_name=roc_auc val_metric=0.7138
Step  150 | loss 0.1114 | val_acc=0.9718 val_roc_auc=0.7360 val_loss=0.1199 val_metric_name=roc_auc val_metric=0.7360
Step  200 | loss 0.1037 | val_acc=0.9714 val_roc_auc=0.7533 val_loss=0.1215 val_metric_name=roc_auc val_metric=0.7533
Step  250 | loss 0.0943 | val_acc=0.9689 val_roc_auc=0.7561 val_loss=0.1286 val_metric_name=roc_auc val_metric=0.7561
Step  300 | loss 0.0807 | val_acc=0.9675 val_roc_auc=0.7448 val_loss=0.1387 val_metric_name=roc_auc val_metric=0.7448
Step  350 | loss 0.0685 | val_acc=0.9636 val_roc_auc=0.7204 val_loss=0.1572 val_metric_name=roc_auc val_metric=0.7204
Step  400 | loss 0.0514 | val_acc=0.9625 val_roc_auc=0.6900 val_loss=0.1816 val_metric_name=roc_auc val_metric=0.6900
Step  450 | loss 0.0390 | val_acc=0.9635 val_roc_auc=0.6483 val_loss=0.2098 val_metric_name=roc_auc val_metric=0.6483
Step  500 | loss 0.0257 | val_acc=0.9625 val_roc_auc=0.6361 val_loss=0.2391 val_metric_name=roc_auc val_metric=0.6361
Step  550 | loss 0.0167 | val_acc=0.9561 val_roc_auc=0.6393 val_loss=0.2706 val_metric_name=roc_auc val_metric=0.6393
Early stopping at step 550

--- Final (best ckpt @ step 250) ---
  train_acc=0.9767 train_roc_auc=0.8878 train_loss=0.0865 train_metric_name=roc_auc train_metric=0.8878
  val_acc=0.9689 val_roc_auc=0.7561 val_loss=0.1286 val_metric_name=roc_auc val_metric=0.7561
  test_acc=0.9688 test_roc_auc=0.7797 test_loss=0.1224 test_metric_name=roc_auc test_metric=0.7797
  test_roc_auc=0.7797

============================================================
Training questions GT-sep 2L h=512 lr=1e-05 split=5
============================================================
Training for 5000 steps
Step    1 | loss 0.5773 | val_acc=0.9145 val_roc_auc=0.6072 val_loss=0.4020 val_metric_name=roc_auc val_metric=0.6072
Step   50 | loss 0.1332 | val_acc=0.9702 val_roc_auc=0.6191 val_loss=0.1520 val_metric_name=roc_auc val_metric=0.6191
Step  100 | loss 0.1296 | val_acc=0.9702 val_roc_auc=0.6432 val_loss=0.1380 val_metric_name=roc_auc val_metric=0.6432
Step  150 | loss 0.1278 | val_acc=0.9702 val_roc_auc=0.6613 val_loss=0.1351 val_metric_name=roc_auc val_metric=0.6613
Step  200 | loss 0.1263 | val_acc=0.9711 val_roc_auc=0.6749 val_loss=0.1327 val_metric_name=roc_auc val_metric=0.6749
Step  250 | loss 0.1240 | val_acc=0.9712 val_roc_auc=0.6853 val_loss=0.1308 val_metric_name=roc_auc val_metric=0.6853
Step  300 | loss 0.1223 | val_acc=0.9714 val_roc_auc=0.6932 val_loss=0.1291 val_metric_name=roc_auc val_metric=0.6932
Step  350 | loss 0.1216 | val_acc=0.9713 val_roc_auc=0.7020 val_loss=0.1278 val_metric_name=roc_auc val_metric=0.7020
Step  400 | loss 0.1198 | val_acc=0.9713 val_roc_auc=0.7108 val_loss=0.1265 val_metric_name=roc_auc val_metric=0.7108
Step  450 | loss 0.1170 | val_acc=0.9711 val_roc_auc=0.7186 val_loss=0.1255 val_metric_name=roc_auc val_metric=0.7186
Step  500 | loss 0.1162 | val_acc=0.9711 val_roc_auc=0.7256 val_loss=0.1247 val_metric_name=roc_auc val_metric=0.7256
Step  550 | loss 0.1148 | val_acc=0.9714 val_roc_auc=0.7311 val_loss=0.1242 val_metric_name=roc_auc val_metric=0.7311
Step  600 | loss 0.1130 | val_acc=0.9714 val_roc_auc=0.7357 val_loss=0.1238 val_metric_name=roc_auc val_metric=0.7357
Step  650 | loss 0.1118 | val_acc=0.9717 val_roc_auc=0.7404 val_loss=0.1232 val_metric_name=roc_auc val_metric=0.7404
Step  700 | loss 0.1111 | val_acc=0.9717 val_roc_auc=0.7451 val_loss=0.1228 val_metric_name=roc_auc val_metric=0.7451
Step  750 | loss 0.1105 | val_acc=0.9717 val_roc_auc=0.7497 val_loss=0.1225 val_metric_name=roc_auc val_metric=0.7497
Step  800 | loss 0.1079 | val_acc=0.9720 val_roc_auc=0.7545 val_loss=0.1225 val_metric_name=roc_auc val_metric=0.7545
Step  850 | loss 0.1059 | val_acc=0.9718 val_roc_auc=0.7590 val_loss=0.1220 val_metric_name=roc_auc val_metric=0.7590
Step  900 | loss 0.1058 | val_acc=0.9717 val_roc_auc=0.7616 val_loss=0.1225 val_metric_name=roc_auc val_metric=0.7616
Step  950 | loss 0.1035 | val_acc=0.9714 val_roc_auc=0.7640 val_loss=0.1229 val_metric_name=roc_auc val_metric=0.7640
Step 1000 | loss 0.1017 | val_acc=0.9713 val_roc_auc=0.7656 val_loss=0.1240 val_metric_name=roc_auc val_metric=0.7656
Step 1050 | loss 0.1009 | val_acc=0.9707 val_roc_auc=0.7666 val_loss=0.1248 val_metric_name=roc_auc val_metric=0.7666
Step 1100 | loss 0.1008 | val_acc=0.9702 val_roc_auc=0.7675 val_loss=0.1260 val_metric_name=roc_auc val_metric=0.7675
Step 1150 | loss 0.0978 | val_acc=0.9690 val_roc_auc=0.7683 val_loss=0.1275 val_metric_name=roc_auc val_metric=0.7683
Step 1200 | loss 0.0961 | val_acc=0.9684 val_roc_auc=0.7683 val_loss=0.1297 val_metric_name=roc_auc val_metric=0.7683
Step 1250 | loss 0.0936 | val_acc=0.9674 val_roc_auc=0.7675 val_loss=0.1324 val_metric_name=roc_auc val_metric=0.7675
Step 1300 | loss 0.0923 | val_acc=0.9646 val_roc_auc=0.7668 val_loss=0.1367 val_metric_name=roc_auc val_metric=0.7668
Step 1350 | loss 0.0913 | val_acc=0.9637 val_roc_auc=0.7658 val_loss=0.1392 val_metric_name=roc_auc val_metric=0.7658
Step 1400 | loss 0.0888 | val_acc=0.9612 val_roc_auc=0.7638 val_loss=0.1448 val_metric_name=roc_auc val_metric=0.7638
Step 1450 | loss 0.0853 | val_acc=0.9617 val_roc_auc=0.7616 val_loss=0.1461 val_metric_name=roc_auc val_metric=0.7616
Early stopping at step 1481

--- Final (best ckpt @ step 1180) ---
  train_acc=0.9745 train_roc_auc=0.8884 train_loss=0.0905 train_metric_name=roc_auc train_metric=0.8884
  val_acc=0.9688 val_roc_auc=0.7693 val_loss=0.1288 val_metric_name=roc_auc val_metric=0.7693
  test_acc=0.9686 test_roc_auc=0.7861 test_loss=0.1253 test_metric_name=roc_auc test_metric=0.7861
  test_roc_auc=0.7861
  >> num_layers=2 hidden_dim=256 lr=3e-05 best_step=910 val_roc_auc=0.7695 test_roc_auc=0.7839
     val_acc=0.9700 val_loss=0.1251 val_metric=0.7695 val_metric_name=roc_auc val_roc_auc=0.7695
     test_acc=0.9702 test_loss=0.1217 test_metric=0.7839 test_metric_name=roc_auc test_roc_auc=0.7839
  >> num_layers=2 hidden_dim=256 lr=6e-05 best_step=540 val_roc_auc=0.7682 test_roc_auc=0.7833
     val_acc=0.9695 val_loss=0.1261 val_metric=0.7682 val_metric_name=roc_auc val_roc_auc=0.7682
     test_acc=0.9703 test_loss=0.1224 test_metric=0.7833 test_metric_name=roc_auc test_roc_auc=0.7833
  >> num_layers=2 hidden_dim=256 lr=0.0001 best_step=390 val_roc_auc=0.7662 test_roc_auc=0.7822
     val_acc=0.9684 val_loss=0.1274 val_metric=0.7662 val_metric_name=roc_auc val_roc_auc=0.7662
     test_acc=0.9702 test_loss=0.1230 test_metric=0.7822 test_metric_name=roc_auc test_roc_auc=0.7822
  >> num_layers=2 hidden_dim=256 lr=1e-05 best_step=2480 val_roc_auc=0.7717 test_roc_auc=0.7859
     val_acc=0.9682 val_loss=0.1267 val_metric=0.7717 val_metric_name=roc_auc val_roc_auc=0.7717
     test_acc=0.9694 test_loss=0.1225 test_metric=0.7859 test_metric_name=roc_auc test_roc_auc=0.7859
  >> num_layers=2 hidden_dim=384 lr=3e-05 best_step=900 val_roc_auc=0.7656 test_roc_auc=0.7800
     val_acc=0.9650 val_loss=0.1371 val_metric=0.7656 val_metric_name=roc_auc val_roc_auc=0.7656
     test_acc=0.9655 test_loss=0.1326 test_metric=0.7800 test_metric_name=roc_auc test_roc_auc=0.7800
  >> num_layers=2 hidden_dim=384 lr=6e-05 best_step=490 val_roc_auc=0.7638 test_roc_auc=0.7767
     val_acc=0.9693 val_loss=0.1297 val_metric=0.7638 val_metric_name=roc_auc val_roc_auc=0.7638
     test_acc=0.9688 test_loss=0.1263 test_metric=0.7767 test_metric_name=roc_auc test_roc_auc=0.7767
  >> num_layers=2 hidden_dim=384 lr=0.0001 best_step=360 val_roc_auc=0.7617 test_roc_auc=0.7748
     val_acc=0.9695 val_loss=0.1282 val_metric=0.7617 val_metric_name=roc_auc val_roc_auc=0.7617
     test_acc=0.9702 test_loss=0.1253 test_metric=0.7748 test_metric_name=roc_auc test_roc_auc=0.7748
  >> num_layers=2 hidden_dim=384 lr=1e-05 best_step=2250 val_roc_auc=0.7670 test_roc_auc=0.7823
     val_acc=0.9644 val_loss=0.1376 val_metric=0.7670 val_metric_name=roc_auc val_roc_auc=0.7670
     test_acc=0.9648 test_loss=0.1326 test_metric=0.7823 test_metric_name=roc_auc test_roc_auc=0.7823
  >> num_layers=2 hidden_dim=512 lr=3e-05 best_step=480 val_roc_auc=0.7657 test_roc_auc=0.7868
     val_acc=0.9704 val_loss=0.1276 val_metric=0.7657 val_metric_name=roc_auc val_roc_auc=0.7657
     test_acc=0.9695 test_loss=0.1233 test_metric=0.7868 test_metric_name=roc_auc test_roc_auc=0.7868
  >> num_layers=2 hidden_dim=512 lr=6e-05 best_step=290 val_roc_auc=0.7622 test_roc_auc=0.7847
     val_acc=0.9708 val_loss=0.1246 val_metric=0.7622 val_metric_name=roc_auc val_roc_auc=0.7622
     test_acc=0.9709 test_loss=0.1201 test_metric=0.7847 test_metric_name=roc_auc test_roc_auc=0.7847
  >> num_layers=2 hidden_dim=512 lr=0.0001 best_step=250 val_roc_auc=0.7561 test_roc_auc=0.7797
     val_acc=0.9689 val_loss=0.1286 val_metric=0.7561 val_metric_name=roc_auc val_roc_auc=0.7561
     test_acc=0.9688 test_loss=0.1224 test_metric=0.7797 test_metric_name=roc_auc test_roc_auc=0.7797
  >> num_layers=2 hidden_dim=512 lr=1e-05 best_step=1180 val_roc_auc=0.7693 test_roc_auc=0.7861
     val_acc=0.9688 val_loss=0.1288 val_metric=0.7693 val_metric_name=roc_auc val_roc_auc=0.7693
     test_acc=0.9686 test_loss=0.1253 test_metric=0.7861 test_metric_name=roc_auc test_roc_auc=0.7861
  >> selected best (by val): num_layers=2 hidden_dim=256 lr=1e-05 val_roc_auc=0.7717 test_roc_auc=0.7859
     val_acc=0.9682 val_loss=0.1267 val_metric=0.7717 val_metric_name=roc_auc val_roc_auc=0.7717
     test_acc=0.9694 test_loss=0.1225 test_metric=0.7859 test_metric_name=roc_auc test_roc_auc=0.7859

Done. Results saved to /home/avshmelev/diploma_yandex_graphs/results_grid/questions/base.csv, checkpoints in /home/avshmelev/diploma_yandex_graphs/all_checkpoints/questions/base/
