Loading data...

============================================================
Training questions GT-sep 1L h=256 lr=3e-05 split=8
============================================================
Training for 5000 steps
Step    1 | loss 0.7733 | val_acc=0.7114 val_roc_auc=0.5327 val_loss=0.6481 val_metric_name=roc_auc val_metric=0.5327
Step   50 | loss 0.1352 | val_acc=0.9702 val_roc_auc=0.5673 val_loss=0.1481 val_metric_name=roc_auc val_metric=0.5673
Step  100 | loss 0.1319 | val_acc=0.9702 val_roc_auc=0.6381 val_loss=0.1362 val_metric_name=roc_auc val_metric=0.6381
Step  150 | loss 0.1294 | val_acc=0.9702 val_roc_auc=0.6547 val_loss=0.1336 val_metric_name=roc_auc val_metric=0.6547
Step  200 | loss 0.1272 | val_acc=0.9702 val_roc_auc=0.6704 val_loss=0.1312 val_metric_name=roc_auc val_metric=0.6704
Step  250 | loss 0.1265 | val_acc=0.9710 val_roc_auc=0.6858 val_loss=0.1293 val_metric_name=roc_auc val_metric=0.6858
Step  300 | loss 0.1251 | val_acc=0.9714 val_roc_auc=0.6991 val_loss=0.1278 val_metric_name=roc_auc val_metric=0.6991
Step  350 | loss 0.1238 | val_acc=0.9715 val_roc_auc=0.7097 val_loss=0.1265 val_metric_name=roc_auc val_metric=0.7097
Step  400 | loss 0.1233 | val_acc=0.9715 val_roc_auc=0.7172 val_loss=0.1253 val_metric_name=roc_auc val_metric=0.7172
Step  450 | loss 0.1216 | val_acc=0.9715 val_roc_auc=0.7224 val_loss=0.1245 val_metric_name=roc_auc val_metric=0.7224
Step  500 | loss 0.1202 | val_acc=0.9715 val_roc_auc=0.7263 val_loss=0.1236 val_metric_name=roc_auc val_metric=0.7263
Step  550 | loss 0.1190 | val_acc=0.9712 val_roc_auc=0.7302 val_loss=0.1229 val_metric_name=roc_auc val_metric=0.7302
Step  600 | loss 0.1184 | val_acc=0.9712 val_roc_auc=0.7358 val_loss=0.1221 val_metric_name=roc_auc val_metric=0.7358
Step  650 | loss 0.1170 | val_acc=0.9717 val_roc_auc=0.7413 val_loss=0.1214 val_metric_name=roc_auc val_metric=0.7413
Step  700 | loss 0.1151 | val_acc=0.9720 val_roc_auc=0.7469 val_loss=0.1205 val_metric_name=roc_auc val_metric=0.7469
Step  750 | loss 0.1143 | val_acc=0.9720 val_roc_auc=0.7533 val_loss=0.1197 val_metric_name=roc_auc val_metric=0.7533
Step  800 | loss 0.1121 | val_acc=0.9720 val_roc_auc=0.7591 val_loss=0.1190 val_metric_name=roc_auc val_metric=0.7591
Step  850 | loss 0.1112 | val_acc=0.9724 val_roc_auc=0.7631 val_loss=0.1189 val_metric_name=roc_auc val_metric=0.7631
Step  900 | loss 0.1102 | val_acc=0.9725 val_roc_auc=0.7655 val_loss=0.1188 val_metric_name=roc_auc val_metric=0.7655
Step  950 | loss 0.1087 | val_acc=0.9726 val_roc_auc=0.7670 val_loss=0.1188 val_metric_name=roc_auc val_metric=0.7670
Step 1000 | loss 0.1083 | val_acc=0.9725 val_roc_auc=0.7678 val_loss=0.1190 val_metric_name=roc_auc val_metric=0.7678
Step 1050 | loss 0.1054 | val_acc=0.9725 val_roc_auc=0.7685 val_loss=0.1196 val_metric_name=roc_auc val_metric=0.7685
Step 1100 | loss 0.1051 | val_acc=0.9726 val_roc_auc=0.7689 val_loss=0.1200 val_metric_name=roc_auc val_metric=0.7689
Step 1150 | loss 0.1025 | val_acc=0.9726 val_roc_auc=0.7694 val_loss=0.1205 val_metric_name=roc_auc val_metric=0.7694
Step 1200 | loss 0.1015 | val_acc=0.9724 val_roc_auc=0.7695 val_loss=0.1214 val_metric_name=roc_auc val_metric=0.7695
Step 1250 | loss 0.1013 | val_acc=0.9724 val_roc_auc=0.7689 val_loss=0.1230 val_metric_name=roc_auc val_metric=0.7689
Step 1300 | loss 0.0990 | val_acc=0.9720 val_roc_auc=0.7677 val_loss=0.1240 val_metric_name=roc_auc val_metric=0.7677
Step 1350 | loss 0.0955 | val_acc=0.9717 val_roc_auc=0.7665 val_loss=0.1257 val_metric_name=roc_auc val_metric=0.7665
Step 1400 | loss 0.0943 | val_acc=0.9713 val_roc_auc=0.7638 val_loss=0.1276 val_metric_name=roc_auc val_metric=0.7638
Step 1450 | loss 0.0925 | val_acc=0.9714 val_roc_auc=0.7607 val_loss=0.1308 val_metric_name=roc_auc val_metric=0.7607
Early stopping at step 1470

--- Final (best ckpt @ step 1170) ---
  train_acc=0.9731 train_roc_auc=0.8693 train_loss=0.1001 train_metric_name=roc_auc train_metric=0.8693
  val_acc=0.9724 val_roc_auc=0.7697 val_loss=0.1206 val_metric_name=roc_auc val_metric=0.7697
  test_acc=0.9725 test_roc_auc=0.7503 test_loss=0.1239 test_metric_name=roc_auc test_metric=0.7503
  test_roc_auc=0.7503

============================================================
Training questions GT-sep 1L h=256 lr=6e-05 split=8
============================================================
Training for 5000 steps
Step    1 | loss 0.7733 | val_acc=0.9222 val_roc_auc=0.5370 val_loss=0.5270 val_metric_name=roc_auc val_metric=0.5370
Step   50 | loss 0.1320 | val_acc=0.9702 val_roc_auc=0.6336 val_loss=0.1392 val_metric_name=roc_auc val_metric=0.6336
Step  100 | loss 0.1286 | val_acc=0.9702 val_roc_auc=0.6622 val_loss=0.1310 val_metric_name=roc_auc val_metric=0.6622
Step  150 | loss 0.1256 | val_acc=0.9713 val_roc_auc=0.6889 val_loss=0.1278 val_metric_name=roc_auc val_metric=0.6889
Step  200 | loss 0.1233 | val_acc=0.9715 val_roc_auc=0.7085 val_loss=0.1257 val_metric_name=roc_auc val_metric=0.7085
Step  250 | loss 0.1219 | val_acc=0.9715 val_roc_auc=0.7200 val_loss=0.1240 val_metric_name=roc_auc val_metric=0.7200
Step  300 | loss 0.1200 | val_acc=0.9713 val_roc_auc=0.7272 val_loss=0.1228 val_metric_name=roc_auc val_metric=0.7272
Step  350 | loss 0.1179 | val_acc=0.9713 val_roc_auc=0.7368 val_loss=0.1214 val_metric_name=roc_auc val_metric=0.7368
Step  400 | loss 0.1159 | val_acc=0.9720 val_roc_auc=0.7491 val_loss=0.1200 val_metric_name=roc_auc val_metric=0.7491
Step  450 | loss 0.1124 | val_acc=0.9721 val_roc_auc=0.7600 val_loss=0.1188 val_metric_name=roc_auc val_metric=0.7600
Step  500 | loss 0.1104 | val_acc=0.9724 val_roc_auc=0.7656 val_loss=0.1187 val_metric_name=roc_auc val_metric=0.7656
Step  550 | loss 0.1075 | val_acc=0.9726 val_roc_auc=0.7679 val_loss=0.1189 val_metric_name=roc_auc val_metric=0.7679
Step  600 | loss 0.1061 | val_acc=0.9725 val_roc_auc=0.7698 val_loss=0.1188 val_metric_name=roc_auc val_metric=0.7698
Step  650 | loss 0.1040 | val_acc=0.9723 val_roc_auc=0.7704 val_loss=0.1202 val_metric_name=roc_auc val_metric=0.7704
Step  700 | loss 0.1005 | val_acc=0.9724 val_roc_auc=0.7705 val_loss=0.1218 val_metric_name=roc_auc val_metric=0.7705
Step  750 | loss 0.0978 | val_acc=0.9718 val_roc_auc=0.7688 val_loss=0.1247 val_metric_name=roc_auc val_metric=0.7688
Step  800 | loss 0.0924 | val_acc=0.9715 val_roc_auc=0.7630 val_loss=0.1289 val_metric_name=roc_auc val_metric=0.7630
Step  850 | loss 0.0892 | val_acc=0.9709 val_roc_auc=0.7581 val_loss=0.1334 val_metric_name=roc_auc val_metric=0.7581
Step  900 | loss 0.0846 | val_acc=0.9700 val_roc_auc=0.7509 val_loss=0.1386 val_metric_name=roc_auc val_metric=0.7509
Step  950 | loss 0.0784 | val_acc=0.9687 val_roc_auc=0.7442 val_loss=0.1446 val_metric_name=roc_auc val_metric=0.7442
Early stopping at step 994

--- Final (best ckpt @ step 690) ---
  train_acc=0.9733 train_roc_auc=0.8767 train_loss=0.0980 train_metric_name=roc_auc train_metric=0.8767
  val_acc=0.9724 val_roc_auc=0.7707 val_loss=0.1214 val_metric_name=roc_auc val_metric=0.7707
  test_acc=0.9724 test_roc_auc=0.7511 test_loss=0.1246 test_metric_name=roc_auc test_metric=0.7511
  test_roc_auc=0.7511

============================================================
Training questions GT-sep 1L h=256 lr=0.0001 split=8
============================================================
Training for 5000 steps
Step    1 | loss 0.7733 | val_acc=0.9634 val_roc_auc=0.5355 val_loss=0.3992 val_metric_name=roc_auc val_metric=0.5355
Step   50 | loss 0.1303 | val_acc=0.9702 val_roc_auc=0.6464 val_loss=0.1280 val_metric_name=roc_auc val_metric=0.6464
Step  100 | loss 0.1263 | val_acc=0.9714 val_roc_auc=0.6866 val_loss=0.1269 val_metric_name=roc_auc val_metric=0.6866
Step  150 | loss 0.1228 | val_acc=0.9715 val_roc_auc=0.7121 val_loss=0.1244 val_metric_name=roc_auc val_metric=0.7121
Step  200 | loss 0.1198 | val_acc=0.9714 val_roc_auc=0.7257 val_loss=0.1223 val_metric_name=roc_auc val_metric=0.7257
Step  250 | loss 0.1170 | val_acc=0.9715 val_roc_auc=0.7407 val_loss=0.1204 val_metric_name=roc_auc val_metric=0.7407
Step  300 | loss 0.1133 | val_acc=0.9720 val_roc_auc=0.7569 val_loss=0.1188 val_metric_name=roc_auc val_metric=0.7569
Step  350 | loss 0.1102 | val_acc=0.9724 val_roc_auc=0.7661 val_loss=0.1181 val_metric_name=roc_auc val_metric=0.7661
Step  400 | loss 0.1074 | val_acc=0.9725 val_roc_auc=0.7686 val_loss=0.1186 val_metric_name=roc_auc val_metric=0.7686
Step  450 | loss 0.1029 | val_acc=0.9722 val_roc_auc=0.7701 val_loss=0.1196 val_metric_name=roc_auc val_metric=0.7701
Step  500 | loss 0.0992 | val_acc=0.9720 val_roc_auc=0.7694 val_loss=0.1227 val_metric_name=roc_auc val_metric=0.7694
Step  550 | loss 0.0930 | val_acc=0.9709 val_roc_auc=0.7654 val_loss=0.1279 val_metric_name=roc_auc val_metric=0.7654
Step  600 | loss 0.0853 | val_acc=0.9702 val_roc_auc=0.7533 val_loss=0.1361 val_metric_name=roc_auc val_metric=0.7533
Step  650 | loss 0.0774 | val_acc=0.9694 val_roc_auc=0.7369 val_loss=0.1461 val_metric_name=roc_auc val_metric=0.7369
Step  700 | loss 0.0668 | val_acc=0.9675 val_roc_auc=0.7245 val_loss=0.1566 val_metric_name=roc_auc val_metric=0.7245
Step  750 | loss 0.0577 | val_acc=0.9672 val_roc_auc=0.7136 val_loss=0.1668 val_metric_name=roc_auc val_metric=0.7136
Early stopping at step 774

--- Final (best ckpt @ step 460) ---
  train_acc=0.9731 train_roc_auc=0.8681 train_loss=0.0999 train_metric_name=roc_auc train_metric=0.8681
  val_acc=0.9723 val_roc_auc=0.7712 val_loss=0.1202 val_metric_name=roc_auc val_metric=0.7712
  test_acc=0.9725 test_roc_auc=0.7495 test_loss=0.1232 test_metric_name=roc_auc test_metric=0.7495
  test_roc_auc=0.7495

============================================================
Training questions GT-sep 1L h=256 lr=1e-05 split=8
============================================================
Training for 5000 steps
Step    1 | loss 0.7733 | val_acc=0.3469 val_roc_auc=0.5284 val_loss=0.7413 val_metric_name=roc_auc val_metric=0.5284
Step   50 | loss 0.1613 | val_acc=0.9702 val_roc_auc=0.5175 val_loss=0.1358 val_metric_name=roc_auc val_metric=0.5175
Step  100 | loss 0.1390 | val_acc=0.9702 val_roc_auc=0.5355 val_loss=0.1371 val_metric_name=roc_auc val_metric=0.5355
Step  150 | loss 0.1350 | val_acc=0.9702 val_roc_auc=0.5777 val_loss=0.1400 val_metric_name=roc_auc val_metric=0.5777
Step  200 | loss 0.1329 | val_acc=0.9702 val_roc_auc=0.6194 val_loss=0.1403 val_metric_name=roc_auc val_metric=0.6194
Step  250 | loss 0.1327 | val_acc=0.9702 val_roc_auc=0.6337 val_loss=0.1393 val_metric_name=roc_auc val_metric=0.6337
Step  300 | loss 0.1315 | val_acc=0.9702 val_roc_auc=0.6407 val_loss=0.1380 val_metric_name=roc_auc val_metric=0.6407
Step  350 | loss 0.1305 | val_acc=0.9702 val_roc_auc=0.6472 val_loss=0.1367 val_metric_name=roc_auc val_metric=0.6472
Step  400 | loss 0.1307 | val_acc=0.9702 val_roc_auc=0.6535 val_loss=0.1355 val_metric_name=roc_auc val_metric=0.6535
Step  450 | loss 0.1293 | val_acc=0.9702 val_roc_auc=0.6595 val_loss=0.1344 val_metric_name=roc_auc val_metric=0.6595
Step  500 | loss 0.1282 | val_acc=0.9702 val_roc_auc=0.6654 val_loss=0.1334 val_metric_name=roc_auc val_metric=0.6654
Step  550 | loss 0.1279 | val_acc=0.9702 val_roc_auc=0.6712 val_loss=0.1324 val_metric_name=roc_auc val_metric=0.6712
Step  600 | loss 0.1277 | val_acc=0.9702 val_roc_auc=0.6769 val_loss=0.1316 val_metric_name=roc_auc val_metric=0.6769
Step  650 | loss 0.1267 | val_acc=0.9705 val_roc_auc=0.6827 val_loss=0.1308 val_metric_name=roc_auc val_metric=0.6827
Step  700 | loss 0.1256 | val_acc=0.9708 val_roc_auc=0.6883 val_loss=0.1300 val_metric_name=roc_auc val_metric=0.6883
Step  750 | loss 0.1258 | val_acc=0.9712 val_roc_auc=0.6935 val_loss=0.1294 val_metric_name=roc_auc val_metric=0.6935
Step  800 | loss 0.1248 | val_acc=0.9714 val_roc_auc=0.6983 val_loss=0.1287 val_metric_name=roc_auc val_metric=0.6983
Step  850 | loss 0.1245 | val_acc=0.9714 val_roc_auc=0.7027 val_loss=0.1281 val_metric_name=roc_auc val_metric=0.7027
Step  900 | loss 0.1243 | val_acc=0.9715 val_roc_auc=0.7068 val_loss=0.1275 val_metric_name=roc_auc val_metric=0.7068
Step  950 | loss 0.1237 | val_acc=0.9715 val_roc_auc=0.7103 val_loss=0.1270 val_metric_name=roc_auc val_metric=0.7103
Step 1000 | loss 0.1235 | val_acc=0.9715 val_roc_auc=0.7135 val_loss=0.1265 val_metric_name=roc_auc val_metric=0.7135
Step 1050 | loss 0.1223 | val_acc=0.9715 val_roc_auc=0.7163 val_loss=0.1261 val_metric_name=roc_auc val_metric=0.7163
Step 1100 | loss 0.1230 | val_acc=0.9715 val_roc_auc=0.7188 val_loss=0.1257 val_metric_name=roc_auc val_metric=0.7188
Step 1150 | loss 0.1215 | val_acc=0.9715 val_roc_auc=0.7209 val_loss=0.1253 val_metric_name=roc_auc val_metric=0.7209
Step 1200 | loss 0.1218 | val_acc=0.9715 val_roc_auc=0.7229 val_loss=0.1249 val_metric_name=roc_auc val_metric=0.7229
Step 1250 | loss 0.1216 | val_acc=0.9715 val_roc_auc=0.7245 val_loss=0.1245 val_metric_name=roc_auc val_metric=0.7245
Step 1300 | loss 0.1211 | val_acc=0.9715 val_roc_auc=0.7259 val_loss=0.1242 val_metric_name=roc_auc val_metric=0.7259
Step 1350 | loss 0.1201 | val_acc=0.9715 val_roc_auc=0.7274 val_loss=0.1239 val_metric_name=roc_auc val_metric=0.7274
Step 1400 | loss 0.1202 | val_acc=0.9713 val_roc_auc=0.7287 val_loss=0.1235 val_metric_name=roc_auc val_metric=0.7287
Step 1450 | loss 0.1199 | val_acc=0.9712 val_roc_auc=0.7303 val_loss=0.1232 val_metric_name=roc_auc val_metric=0.7303
Step 1500 | loss 0.1188 | val_acc=0.9711 val_roc_auc=0.7322 val_loss=0.1229 val_metric_name=roc_auc val_metric=0.7322
Step 1550 | loss 0.1182 | val_acc=0.9712 val_roc_auc=0.7347 val_loss=0.1226 val_metric_name=roc_auc val_metric=0.7347
Step 1600 | loss 0.1182 | val_acc=0.9711 val_roc_auc=0.7370 val_loss=0.1222 val_metric_name=roc_auc val_metric=0.7370
Step 1650 | loss 0.1179 | val_acc=0.9717 val_roc_auc=0.7392 val_loss=0.1219 val_metric_name=roc_auc val_metric=0.7392
Step 1700 | loss 0.1164 | val_acc=0.9718 val_roc_auc=0.7413 val_loss=0.1216 val_metric_name=roc_auc val_metric=0.7413
Step 1750 | loss 0.1161 | val_acc=0.9720 val_roc_auc=0.7433 val_loss=0.1213 val_metric_name=roc_auc val_metric=0.7433
Step 1800 | loss 0.1159 | val_acc=0.9720 val_roc_auc=0.7454 val_loss=0.1210 val_metric_name=roc_auc val_metric=0.7454
Step 1850 | loss 0.1159 | val_acc=0.9720 val_roc_auc=0.7475 val_loss=0.1207 val_metric_name=roc_auc val_metric=0.7475
Step 1900 | loss 0.1153 | val_acc=0.9720 val_roc_auc=0.7497 val_loss=0.1203 val_metric_name=roc_auc val_metric=0.7497
Step 1950 | loss 0.1133 | val_acc=0.9720 val_roc_auc=0.7517 val_loss=0.1201 val_metric_name=roc_auc val_metric=0.7517
Step 2000 | loss 0.1137 | val_acc=0.9720 val_roc_auc=0.7537 val_loss=0.1198 val_metric_name=roc_auc val_metric=0.7537
Step 2050 | loss 0.1135 | val_acc=0.9720 val_roc_auc=0.7554 val_loss=0.1196 val_metric_name=roc_auc val_metric=0.7554
Step 2100 | loss 0.1120 | val_acc=0.9721 val_roc_auc=0.7570 val_loss=0.1194 val_metric_name=roc_auc val_metric=0.7570
Step 2150 | loss 0.1124 | val_acc=0.9723 val_roc_auc=0.7586 val_loss=0.1193 val_metric_name=roc_auc val_metric=0.7586
Step 2200 | loss 0.1118 | val_acc=0.9723 val_roc_auc=0.7598 val_loss=0.1193 val_metric_name=roc_auc val_metric=0.7598
Step 2250 | loss 0.1116 | val_acc=0.9723 val_roc_auc=0.7611 val_loss=0.1191 val_metric_name=roc_auc val_metric=0.7611
Step 2300 | loss 0.1104 | val_acc=0.9723 val_roc_auc=0.7620 val_loss=0.1190 val_metric_name=roc_auc val_metric=0.7620
Step 2350 | loss 0.1102 | val_acc=0.9723 val_roc_auc=0.7629 val_loss=0.1191 val_metric_name=roc_auc val_metric=0.7629
Step 2400 | loss 0.1096 | val_acc=0.9724 val_roc_auc=0.7637 val_loss=0.1191 val_metric_name=roc_auc val_metric=0.7637
Step 2450 | loss 0.1096 | val_acc=0.9724 val_roc_auc=0.7643 val_loss=0.1193 val_metric_name=roc_auc val_metric=0.7643
Step 2500 | loss 0.1081 | val_acc=0.9725 val_roc_auc=0.7649 val_loss=0.1192 val_metric_name=roc_auc val_metric=0.7649
Step 2550 | loss 0.1087 | val_acc=0.9726 val_roc_auc=0.7652 val_loss=0.1192 val_metric_name=roc_auc val_metric=0.7652
Step 2600 | loss 0.1076 | val_acc=0.9728 val_roc_auc=0.7656 val_loss=0.1194 val_metric_name=roc_auc val_metric=0.7656
Step 2650 | loss 0.1061 | val_acc=0.9728 val_roc_auc=0.7658 val_loss=0.1194 val_metric_name=roc_auc val_metric=0.7658
Step 2700 | loss 0.1071 | val_acc=0.9728 val_roc_auc=0.7662 val_loss=0.1196 val_metric_name=roc_auc val_metric=0.7662
Step 2750 | loss 0.1062 | val_acc=0.9729 val_roc_auc=0.7663 val_loss=0.1199 val_metric_name=roc_auc val_metric=0.7663
Step 2800 | loss 0.1051 | val_acc=0.9726 val_roc_auc=0.7666 val_loss=0.1199 val_metric_name=roc_auc val_metric=0.7666
Step 2850 | loss 0.1056 | val_acc=0.9725 val_roc_auc=0.7667 val_loss=0.1202 val_metric_name=roc_auc val_metric=0.7667
Step 2900 | loss 0.1047 | val_acc=0.9725 val_roc_auc=0.7671 val_loss=0.1204 val_metric_name=roc_auc val_metric=0.7671
Step 2950 | loss 0.1030 | val_acc=0.9724 val_roc_auc=0.7670 val_loss=0.1207 val_metric_name=roc_auc val_metric=0.7670
Step 3000 | loss 0.1032 | val_acc=0.9724 val_roc_auc=0.7673 val_loss=0.1208 val_metric_name=roc_auc val_metric=0.7673
Step 3050 | loss 0.1022 | val_acc=0.9724 val_roc_auc=0.7672 val_loss=0.1212 val_metric_name=roc_auc val_metric=0.7672
Step 3100 | loss 0.1017 | val_acc=0.9722 val_roc_auc=0.7671 val_loss=0.1217 val_metric_name=roc_auc val_metric=0.7671
Step 3150 | loss 0.1011 | val_acc=0.9722 val_roc_auc=0.7671 val_loss=0.1222 val_metric_name=roc_auc val_metric=0.7671
Step 3200 | loss 0.1005 | val_acc=0.9720 val_roc_auc=0.7670 val_loss=0.1224 val_metric_name=roc_auc val_metric=0.7670
Step 3250 | loss 0.1009 | val_acc=0.9720 val_roc_auc=0.7668 val_loss=0.1231 val_metric_name=roc_auc val_metric=0.7668
Step 3300 | loss 0.0989 | val_acc=0.9719 val_roc_auc=0.7663 val_loss=0.1236 val_metric_name=roc_auc val_metric=0.7663
Early stopping at step 3330

--- Final (best ckpt @ step 3030) ---
  train_acc=0.9731 train_roc_auc=0.8697 train_loss=0.0999 train_metric_name=roc_auc train_metric=0.8697
  val_acc=0.9724 val_roc_auc=0.7674 val_loss=0.1211 val_metric_name=roc_auc val_metric=0.7674
  test_acc=0.9724 test_roc_auc=0.7498 test_loss=0.1241 test_metric_name=roc_auc test_metric=0.7498
  test_roc_auc=0.7498

============================================================
Training questions GT-sep 1L h=384 lr=3e-05 split=8
============================================================
Training for 5000 steps
Step    1 | loss 0.5592 | val_acc=0.9671 val_roc_auc=0.5346 val_loss=0.3779 val_metric_name=roc_auc val_metric=0.5346
Step   50 | loss 0.1307 | val_acc=0.9702 val_roc_auc=0.6252 val_loss=0.1391 val_metric_name=roc_auc val_metric=0.6252
Step  100 | loss 0.1281 | val_acc=0.9702 val_roc_auc=0.6550 val_loss=0.1317 val_metric_name=roc_auc val_metric=0.6550
Step  150 | loss 0.1262 | val_acc=0.9711 val_roc_auc=0.6779 val_loss=0.1286 val_metric_name=roc_auc val_metric=0.6779
Step  200 | loss 0.1245 | val_acc=0.9715 val_roc_auc=0.6963 val_loss=0.1265 val_metric_name=roc_auc val_metric=0.6963
Step  250 | loss 0.1223 | val_acc=0.9715 val_roc_auc=0.7102 val_loss=0.1248 val_metric_name=roc_auc val_metric=0.7102
Step  300 | loss 0.1207 | val_acc=0.9713 val_roc_auc=0.7212 val_loss=0.1234 val_metric_name=roc_auc val_metric=0.7212
Step  350 | loss 0.1187 | val_acc=0.9716 val_roc_auc=0.7343 val_loss=0.1218 val_metric_name=roc_auc val_metric=0.7343
Step  400 | loss 0.1168 | val_acc=0.9720 val_roc_auc=0.7458 val_loss=0.1205 val_metric_name=roc_auc val_metric=0.7458
Step  450 | loss 0.1129 | val_acc=0.9726 val_roc_auc=0.7538 val_loss=0.1198 val_metric_name=roc_auc val_metric=0.7538
Step  500 | loss 0.1116 | val_acc=0.9728 val_roc_auc=0.7587 val_loss=0.1195 val_metric_name=roc_auc val_metric=0.7587
Step  550 | loss 0.1094 | val_acc=0.9729 val_roc_auc=0.7608 val_loss=0.1196 val_metric_name=roc_auc val_metric=0.7608
Step  600 | loss 0.1075 | val_acc=0.9728 val_roc_auc=0.7615 val_loss=0.1201 val_metric_name=roc_auc val_metric=0.7615
Step  650 | loss 0.1052 | val_acc=0.9726 val_roc_auc=0.7621 val_loss=0.1213 val_metric_name=roc_auc val_metric=0.7621
Step  700 | loss 0.1028 | val_acc=0.9724 val_roc_auc=0.7609 val_loss=0.1225 val_metric_name=roc_auc val_metric=0.7609
Step  750 | loss 0.0995 | val_acc=0.9722 val_roc_auc=0.7612 val_loss=0.1250 val_metric_name=roc_auc val_metric=0.7612
Step  800 | loss 0.0957 | val_acc=0.9717 val_roc_auc=0.7575 val_loss=0.1285 val_metric_name=roc_auc val_metric=0.7575
Step  850 | loss 0.0917 | val_acc=0.9706 val_roc_auc=0.7532 val_loss=0.1327 val_metric_name=roc_auc val_metric=0.7532
Step  900 | loss 0.0865 | val_acc=0.9702 val_roc_auc=0.7440 val_loss=0.1389 val_metric_name=roc_auc val_metric=0.7440
Step  950 | loss 0.0827 | val_acc=0.9692 val_roc_auc=0.7359 val_loss=0.1452 val_metric_name=roc_auc val_metric=0.7359
Early stopping at step 982

--- Final (best ckpt @ step 650) ---
  train_acc=0.9727 train_roc_auc=0.8592 train_loss=0.1033 train_metric_name=roc_auc train_metric=0.8592
  val_acc=0.9726 val_roc_auc=0.7621 val_loss=0.1213 val_metric_name=roc_auc val_metric=0.7621
  test_acc=0.9733 test_roc_auc=0.7498 test_loss=0.1226 test_metric_name=roc_auc test_metric=0.7498
  test_roc_auc=0.7498

============================================================
Training questions GT-sep 1L h=384 lr=6e-05 split=8
============================================================
Training for 5000 steps
Step    1 | loss 0.5592 | val_acc=0.9699 val_roc_auc=0.5492 val_loss=0.2749 val_metric_name=roc_auc val_metric=0.5492
Step   50 | loss 0.1291 | val_acc=0.9702 val_roc_auc=0.6458 val_loss=0.1277 val_metric_name=roc_auc val_metric=0.6458
Step  100 | loss 0.1253 | val_acc=0.9713 val_roc_auc=0.6811 val_loss=0.1272 val_metric_name=roc_auc val_metric=0.6811
Step  150 | loss 0.1227 | val_acc=0.9715 val_roc_auc=0.7068 val_loss=0.1243 val_metric_name=roc_auc val_metric=0.7068
Step  200 | loss 0.1197 | val_acc=0.9715 val_roc_auc=0.7272 val_loss=0.1219 val_metric_name=roc_auc val_metric=0.7272
Step  250 | loss 0.1150 | val_acc=0.9720 val_roc_auc=0.7465 val_loss=0.1198 val_metric_name=roc_auc val_metric=0.7465
Step  300 | loss 0.1117 | val_acc=0.9727 val_roc_auc=0.7572 val_loss=0.1192 val_metric_name=roc_auc val_metric=0.7572
Step  350 | loss 0.1087 | val_acc=0.9729 val_roc_auc=0.7610 val_loss=0.1194 val_metric_name=roc_auc val_metric=0.7610
Step  400 | loss 0.1058 | val_acc=0.9731 val_roc_auc=0.7618 val_loss=0.1211 val_metric_name=roc_auc val_metric=0.7618
Step  450 | loss 0.0983 | val_acc=0.9721 val_roc_auc=0.7597 val_loss=0.1248 val_metric_name=roc_auc val_metric=0.7597
Step  500 | loss 0.0919 | val_acc=0.9715 val_roc_auc=0.7527 val_loss=0.1306 val_metric_name=roc_auc val_metric=0.7527
Step  550 | loss 0.0838 | val_acc=0.9698 val_roc_auc=0.7349 val_loss=0.1425 val_metric_name=roc_auc val_metric=0.7349
Step  600 | loss 0.0747 | val_acc=0.9695 val_roc_auc=0.7120 val_loss=0.1564 val_metric_name=roc_auc val_metric=0.7120
Step  650 | loss 0.0662 | val_acc=0.9664 val_roc_auc=0.7005 val_loss=0.1652 val_metric_name=roc_auc val_metric=0.7005
Early stopping at step 690

--- Final (best ckpt @ step 390) ---
  train_acc=0.9728 train_roc_auc=0.8551 train_loss=0.1035 train_metric_name=roc_auc train_metric=0.8551
  val_acc=0.9729 val_roc_auc=0.7622 val_loss=0.1204 val_metric_name=roc_auc val_metric=0.7622
  test_acc=0.9729 test_roc_auc=0.7494 test_loss=0.1214 test_metric_name=roc_auc test_metric=0.7494
  test_roc_auc=0.7494

============================================================
Training questions GT-sep 1L h=384 lr=0.0001 split=8
============================================================
Training for 5000 steps
Step    1 | loss 0.5592 | val_acc=0.9702 val_roc_auc=0.5620 val_loss=0.1925 val_metric_name=roc_auc val_metric=0.5620
Step   50 | loss 0.1274 | val_acc=0.9704 val_roc_auc=0.6589 val_loss=0.1318 val_metric_name=roc_auc val_metric=0.6589
Step  100 | loss 0.1233 | val_acc=0.9715 val_roc_auc=0.6996 val_loss=0.1242 val_metric_name=roc_auc val_metric=0.6996
Step  150 | loss 0.1192 | val_acc=0.9715 val_roc_auc=0.7291 val_loss=0.1212 val_metric_name=roc_auc val_metric=0.7291
Step  200 | loss 0.1133 | val_acc=0.9724 val_roc_auc=0.7511 val_loss=0.1189 val_metric_name=roc_auc val_metric=0.7511
Step  250 | loss 0.1080 | val_acc=0.9729 val_roc_auc=0.7598 val_loss=0.1191 val_metric_name=roc_auc val_metric=0.7598
Step  300 | loss 0.1025 | val_acc=0.9729 val_roc_auc=0.7608 val_loss=0.1217 val_metric_name=roc_auc val_metric=0.7608
Step  350 | loss 0.0944 | val_acc=0.9722 val_roc_auc=0.7589 val_loss=0.1281 val_metric_name=roc_auc val_metric=0.7589
Step  400 | loss 0.0825 | val_acc=0.9697 val_roc_auc=0.7346 val_loss=0.1443 val_metric_name=roc_auc val_metric=0.7346
Step  450 | loss 0.0687 | val_acc=0.9670 val_roc_auc=0.7030 val_loss=0.1628 val_metric_name=roc_auc val_metric=0.7030
Step  500 | loss 0.0573 | val_acc=0.9661 val_roc_auc=0.6794 val_loss=0.1773 val_metric_name=roc_auc val_metric=0.6794
Step  550 | loss 0.0448 | val_acc=0.9676 val_roc_auc=0.6485 val_loss=0.1974 val_metric_name=roc_auc val_metric=0.6485
Step  600 | loss 0.0339 | val_acc=0.9675 val_roc_auc=0.6519 val_loss=0.2113 val_metric_name=roc_auc val_metric=0.6519
Early stopping at step 607

--- Final (best ckpt @ step 280) ---
  train_acc=0.9729 train_roc_auc=0.8521 train_loss=0.1037 train_metric_name=roc_auc train_metric=0.8521
  val_acc=0.9728 val_roc_auc=0.7612 val_loss=0.1199 val_metric_name=roc_auc val_metric=0.7612
  test_acc=0.9729 test_roc_auc=0.7473 test_loss=0.1209 test_metric_name=roc_auc test_metric=0.7473
  test_roc_auc=0.7473

============================================================
Training questions GT-sep 1L h=384 lr=1e-05 split=8
============================================================
Training for 5000 steps
Step    1 | loss 0.5592 | val_acc=0.9493 val_roc_auc=0.5264 val_loss=0.4715 val_metric_name=roc_auc val_metric=0.5264
Step   50 | loss 0.1337 | val_acc=0.9702 val_roc_auc=0.5724 val_loss=0.1407 val_metric_name=roc_auc val_metric=0.5724
Step  100 | loss 0.1324 | val_acc=0.9702 val_roc_auc=0.6151 val_loss=0.1398 val_metric_name=roc_auc val_metric=0.6151
Step  150 | loss 0.1313 | val_acc=0.9702 val_roc_auc=0.6303 val_loss=0.1368 val_metric_name=roc_auc val_metric=0.6303
Step  200 | loss 0.1300 | val_acc=0.9702 val_roc_auc=0.6431 val_loss=0.1347 val_metric_name=roc_auc val_metric=0.6431
Step  250 | loss 0.1286 | val_acc=0.9702 val_roc_auc=0.6544 val_loss=0.1330 val_metric_name=roc_auc val_metric=0.6544
Step  300 | loss 0.1278 | val_acc=0.9703 val_roc_auc=0.6647 val_loss=0.1316 val_metric_name=roc_auc val_metric=0.6647
Step  350 | loss 0.1273 | val_acc=0.9704 val_roc_auc=0.6742 val_loss=0.1303 val_metric_name=roc_auc val_metric=0.6742
Step  400 | loss 0.1263 | val_acc=0.9711 val_roc_auc=0.6824 val_loss=0.1292 val_metric_name=roc_auc val_metric=0.6824
Step  450 | loss 0.1246 | val_acc=0.9712 val_roc_auc=0.6898 val_loss=0.1282 val_metric_name=roc_auc val_metric=0.6898
Step  500 | loss 0.1242 | val_acc=0.9713 val_roc_auc=0.6966 val_loss=0.1273 val_metric_name=roc_auc val_metric=0.6966
Step  550 | loss 0.1238 | val_acc=0.9715 val_roc_auc=0.7027 val_loss=0.1265 val_metric_name=roc_auc val_metric=0.7027
Step  600 | loss 0.1231 | val_acc=0.9715 val_roc_auc=0.7079 val_loss=0.1258 val_metric_name=roc_auc val_metric=0.7079
Step  650 | loss 0.1222 | val_acc=0.9715 val_roc_auc=0.7128 val_loss=0.1251 val_metric_name=roc_auc val_metric=0.7128
Step  700 | loss 0.1213 | val_acc=0.9715 val_roc_auc=0.7169 val_loss=0.1245 val_metric_name=roc_auc val_metric=0.7169
Step  750 | loss 0.1206 | val_acc=0.9713 val_roc_auc=0.7208 val_loss=0.1239 val_metric_name=roc_auc val_metric=0.7208
Step  800 | loss 0.1202 | val_acc=0.9713 val_roc_auc=0.7247 val_loss=0.1234 val_metric_name=roc_auc val_metric=0.7247
Step  850 | loss 0.1201 | val_acc=0.9713 val_roc_auc=0.7289 val_loss=0.1228 val_metric_name=roc_auc val_metric=0.7289
Step  900 | loss 0.1181 | val_acc=0.9715 val_roc_auc=0.7341 val_loss=0.1222 val_metric_name=roc_auc val_metric=0.7341
Step  950 | loss 0.1173 | val_acc=0.9718 val_roc_auc=0.7397 val_loss=0.1215 val_metric_name=roc_auc val_metric=0.7397
Step 1000 | loss 0.1162 | val_acc=0.9721 val_roc_auc=0.7449 val_loss=0.1209 val_metric_name=roc_auc val_metric=0.7449
Step 1050 | loss 0.1150 | val_acc=0.9722 val_roc_auc=0.7498 val_loss=0.1203 val_metric_name=roc_auc val_metric=0.7498
Step 1100 | loss 0.1145 | val_acc=0.9724 val_roc_auc=0.7535 val_loss=0.1199 val_metric_name=roc_auc val_metric=0.7535
Step 1150 | loss 0.1138 | val_acc=0.9726 val_roc_auc=0.7565 val_loss=0.1197 val_metric_name=roc_auc val_metric=0.7565
Step 1200 | loss 0.1120 | val_acc=0.9725 val_roc_auc=0.7583 val_loss=0.1195 val_metric_name=roc_auc val_metric=0.7583
Step 1250 | loss 0.1115 | val_acc=0.9726 val_roc_auc=0.7598 val_loss=0.1195 val_metric_name=roc_auc val_metric=0.7598
Step 1300 | loss 0.1105 | val_acc=0.9729 val_roc_auc=0.7610 val_loss=0.1196 val_metric_name=roc_auc val_metric=0.7610
Step 1350 | loss 0.1098 | val_acc=0.9728 val_roc_auc=0.7615 val_loss=0.1195 val_metric_name=roc_auc val_metric=0.7615
Step 1400 | loss 0.1097 | val_acc=0.9727 val_roc_auc=0.7619 val_loss=0.1197 val_metric_name=roc_auc val_metric=0.7619
Step 1450 | loss 0.1082 | val_acc=0.9726 val_roc_auc=0.7624 val_loss=0.1199 val_metric_name=roc_auc val_metric=0.7624
Step 1500 | loss 0.1076 | val_acc=0.9726 val_roc_auc=0.7626 val_loss=0.1200 val_metric_name=roc_auc val_metric=0.7626
Step 1550 | loss 0.1068 | val_acc=0.9724 val_roc_auc=0.7629 val_loss=0.1202 val_metric_name=roc_auc val_metric=0.7629
Step 1600 | loss 0.1060 | val_acc=0.9724 val_roc_auc=0.7631 val_loss=0.1206 val_metric_name=roc_auc val_metric=0.7631
Step 1650 | loss 0.1054 | val_acc=0.9724 val_roc_auc=0.7630 val_loss=0.1209 val_metric_name=roc_auc val_metric=0.7630
Step 1700 | loss 0.1050 | val_acc=0.9724 val_roc_auc=0.7630 val_loss=0.1211 val_metric_name=roc_auc val_metric=0.7630
Step 1750 | loss 0.1034 | val_acc=0.9725 val_roc_auc=0.7628 val_loss=0.1217 val_metric_name=roc_auc val_metric=0.7628
Step 1800 | loss 0.1023 | val_acc=0.9725 val_roc_auc=0.7625 val_loss=0.1228 val_metric_name=roc_auc val_metric=0.7625
Step 1850 | loss 0.1016 | val_acc=0.9721 val_roc_auc=0.7628 val_loss=0.1232 val_metric_name=roc_auc val_metric=0.7628
Step 1900 | loss 0.0994 | val_acc=0.9721 val_roc_auc=0.7625 val_loss=0.1243 val_metric_name=roc_auc val_metric=0.7625
Step 1950 | loss 0.0993 | val_acc=0.9719 val_roc_auc=0.7621 val_loss=0.1251 val_metric_name=roc_auc val_metric=0.7621
Early stopping at step 1982

--- Final (best ckpt @ step 1680) ---
  train_acc=0.9726 train_roc_auc=0.8626 train_loss=0.1024 train_metric_name=roc_auc train_metric=0.8626
  val_acc=0.9724 val_roc_auc=0.7631 val_loss=0.1211 val_metric_name=roc_auc val_metric=0.7631
  test_acc=0.9733 test_roc_auc=0.7490 test_loss=0.1230 test_metric_name=roc_auc test_metric=0.7490
  test_roc_auc=0.7490

============================================================
Training questions GT-sep 1L h=512 lr=3e-05 split=8
============================================================
Training for 5000 steps
Step    1 | loss 0.9006 | val_acc=0.8272 val_roc_auc=0.4703 val_loss=0.5612 val_metric_name=roc_auc val_metric=0.4703
Step   50 | loss 0.1324 | val_acc=0.9702 val_roc_auc=0.6164 val_loss=0.1384 val_metric_name=roc_auc val_metric=0.6164
Step  100 | loss 0.1293 | val_acc=0.9702 val_roc_auc=0.6587 val_loss=0.1320 val_metric_name=roc_auc val_metric=0.6587
Step  150 | loss 0.1270 | val_acc=0.9707 val_roc_auc=0.6843 val_loss=0.1287 val_metric_name=roc_auc val_metric=0.6843
Step  200 | loss 0.1245 | val_acc=0.9715 val_roc_auc=0.7034 val_loss=0.1264 val_metric_name=roc_auc val_metric=0.7034
Step  250 | loss 0.1226 | val_acc=0.9715 val_roc_auc=0.7208 val_loss=0.1243 val_metric_name=roc_auc val_metric=0.7208
Step  300 | loss 0.1201 | val_acc=0.9715 val_roc_auc=0.7319 val_loss=0.1226 val_metric_name=roc_auc val_metric=0.7319
Step  350 | loss 0.1184 | val_acc=0.9714 val_roc_auc=0.7389 val_loss=0.1214 val_metric_name=roc_auc val_metric=0.7389
Step  400 | loss 0.1165 | val_acc=0.9715 val_roc_auc=0.7452 val_loss=0.1205 val_metric_name=roc_auc val_metric=0.7452
Step  450 | loss 0.1141 | val_acc=0.9721 val_roc_auc=0.7527 val_loss=0.1197 val_metric_name=roc_auc val_metric=0.7527
Step  500 | loss 0.1118 | val_acc=0.9723 val_roc_auc=0.7614 val_loss=0.1191 val_metric_name=roc_auc val_metric=0.7614
Step  550 | loss 0.1082 | val_acc=0.9725 val_roc_auc=0.7660 val_loss=0.1192 val_metric_name=roc_auc val_metric=0.7660
Step  600 | loss 0.1070 | val_acc=0.9724 val_roc_auc=0.7678 val_loss=0.1196 val_metric_name=roc_auc val_metric=0.7678
Step  650 | loss 0.1051 | val_acc=0.9723 val_roc_auc=0.7690 val_loss=0.1207 val_metric_name=roc_auc val_metric=0.7690
Step  700 | loss 0.1012 | val_acc=0.9720 val_roc_auc=0.7685 val_loss=0.1236 val_metric_name=roc_auc val_metric=0.7685
Step  750 | loss 0.0951 | val_acc=0.9708 val_roc_auc=0.7648 val_loss=0.1259 val_metric_name=roc_auc val_metric=0.7648
Step  800 | loss 0.0927 | val_acc=0.9701 val_roc_auc=0.7583 val_loss=0.1312 val_metric_name=roc_auc val_metric=0.7583
Step  850 | loss 0.0887 | val_acc=0.9696 val_roc_auc=0.7524 val_loss=0.1357 val_metric_name=roc_auc val_metric=0.7524
Step  900 | loss 0.0869 | val_acc=0.9689 val_roc_auc=0.7474 val_loss=0.1421 val_metric_name=roc_auc val_metric=0.7474
Step  950 | loss 0.0810 | val_acc=0.9681 val_roc_auc=0.7379 val_loss=0.1481 val_metric_name=roc_auc val_metric=0.7379
Early stopping at step 960

--- Final (best ckpt @ step 660) ---
  train_acc=0.9733 train_roc_auc=0.8691 train_loss=0.0997 train_metric_name=roc_auc train_metric=0.8691
  val_acc=0.9722 val_roc_auc=0.7693 val_loss=0.1211 val_metric_name=roc_auc val_metric=0.7693
  test_acc=0.9729 test_roc_auc=0.7431 test_loss=0.1238 test_metric_name=roc_auc test_metric=0.7431
  test_roc_auc=0.7431

============================================================
Training questions GT-sep 1L h=512 lr=6e-05 split=8
============================================================
Training for 5000 steps
Step    1 | loss 0.9006 | val_acc=0.9697 val_roc_auc=0.4567 val_loss=0.3161 val_metric_name=roc_auc val_metric=0.4567
Step   50 | loss 0.1308 | val_acc=0.9702 val_roc_auc=0.6519 val_loss=0.1282 val_metric_name=roc_auc val_metric=0.6519
Step  100 | loss 0.1260 | val_acc=0.9714 val_roc_auc=0.6884 val_loss=0.1273 val_metric_name=roc_auc val_metric=0.6884
Step  150 | loss 0.1232 | val_acc=0.9715 val_roc_auc=0.7171 val_loss=0.1239 val_metric_name=roc_auc val_metric=0.7171
Step  200 | loss 0.1195 | val_acc=0.9715 val_roc_auc=0.7329 val_loss=0.1214 val_metric_name=roc_auc val_metric=0.7329
Step  250 | loss 0.1165 | val_acc=0.9715 val_roc_auc=0.7423 val_loss=0.1200 val_metric_name=roc_auc val_metric=0.7423
Step  300 | loss 0.1127 | val_acc=0.9724 val_roc_auc=0.7550 val_loss=0.1190 val_metric_name=roc_auc val_metric=0.7550
Step  350 | loss 0.1091 | val_acc=0.9723 val_roc_auc=0.7665 val_loss=0.1188 val_metric_name=roc_auc val_metric=0.7665
Step  400 | loss 0.1050 | val_acc=0.9724 val_roc_auc=0.7678 val_loss=0.1203 val_metric_name=roc_auc val_metric=0.7678
Step  450 | loss 0.0991 | val_acc=0.9720 val_roc_auc=0.7640 val_loss=0.1236 val_metric_name=roc_auc val_metric=0.7640
Step  500 | loss 0.0929 | val_acc=0.9710 val_roc_auc=0.7522 val_loss=0.1308 val_metric_name=roc_auc val_metric=0.7522
Step  550 | loss 0.0847 | val_acc=0.9707 val_roc_auc=0.7399 val_loss=0.1401 val_metric_name=roc_auc val_metric=0.7399
Step  600 | loss 0.0800 | val_acc=0.9688 val_roc_auc=0.7269 val_loss=0.1480 val_metric_name=roc_auc val_metric=0.7269
Step  650 | loss 0.0706 | val_acc=0.9696 val_roc_auc=0.7077 val_loss=0.1609 val_metric_name=roc_auc val_metric=0.7077
Early stopping at step 693

--- Final (best ckpt @ step 390) ---
  train_acc=0.9730 train_roc_auc=0.8552 train_loss=0.1035 train_metric_name=roc_auc train_metric=0.8552
  val_acc=0.9723 val_roc_auc=0.7688 val_loss=0.1199 val_metric_name=roc_auc val_metric=0.7688
  test_acc=0.9729 test_roc_auc=0.7386 test_loss=0.1233 test_metric_name=roc_auc test_metric=0.7386
  test_roc_auc=0.7386

============================================================
Training questions GT-sep 1L h=512 lr=0.0001 split=8
============================================================
Training for 5000 steps
Step    1 | loss 0.9006 | val_acc=0.9702 val_roc_auc=0.4501 val_loss=0.1747 val_metric_name=roc_auc val_metric=0.4501
Step   50 | loss 0.1294 | val_acc=0.9702 val_roc_auc=0.6656 val_loss=0.1336 val_metric_name=roc_auc val_metric=0.6656
Step  100 | loss 0.1238 | val_acc=0.9715 val_roc_auc=0.7096 val_loss=0.1242 val_metric_name=roc_auc val_metric=0.7096
Step  150 | loss 0.1201 | val_acc=0.9715 val_roc_auc=0.7324 val_loss=0.1209 val_metric_name=roc_auc val_metric=0.7324
Step  200 | loss 0.1153 | val_acc=0.9717 val_roc_auc=0.7457 val_loss=0.1188 val_metric_name=roc_auc val_metric=0.7457
Step  250 | loss 0.1101 | val_acc=0.9724 val_roc_auc=0.7635 val_loss=0.1177 val_metric_name=roc_auc val_metric=0.7635
Step  300 | loss 0.1028 | val_acc=0.9724 val_roc_auc=0.7637 val_loss=0.1208 val_metric_name=roc_auc val_metric=0.7637
Step  350 | loss 0.0954 | val_acc=0.9718 val_roc_auc=0.7458 val_loss=0.1286 val_metric_name=roc_auc val_metric=0.7458
Step  400 | loss 0.0861 | val_acc=0.9700 val_roc_auc=0.7309 val_loss=0.1402 val_metric_name=roc_auc val_metric=0.7309
Step  450 | loss 0.0749 | val_acc=0.9700 val_roc_auc=0.7088 val_loss=0.1544 val_metric_name=roc_auc val_metric=0.7088
Step  500 | loss 0.0646 | val_acc=0.9705 val_roc_auc=0.6871 val_loss=0.1722 val_metric_name=roc_auc val_metric=0.6871
Step  550 | loss 0.0524 | val_acc=0.9688 val_roc_auc=0.6760 val_loss=0.1885 val_metric_name=roc_auc val_metric=0.6760
Early stopping at step 570

--- Final (best ckpt @ step 270) ---
  train_acc=0.9727 train_roc_auc=0.8413 train_loss=0.1062 train_metric_name=roc_auc train_metric=0.8413
  val_acc=0.9723 val_roc_auc=0.7678 val_loss=0.1181 val_metric_name=roc_auc val_metric=0.7678
  test_acc=0.9729 test_roc_auc=0.7404 test_loss=0.1208 test_metric_name=roc_auc test_metric=0.7404
  test_roc_auc=0.7404

============================================================
Training questions GT-sep 1L h=512 lr=1e-05 split=8
============================================================
Training for 5000 steps
Step    1 | loss 0.9006 | val_acc=0.3085 val_roc_auc=0.4855 val_loss=0.8149 val_metric_name=roc_auc val_metric=0.4855
Step   50 | loss 0.1383 | val_acc=0.9702 val_roc_auc=0.4767 val_loss=0.1542 val_metric_name=roc_auc val_metric=0.4767
Step  100 | loss 0.1350 | val_acc=0.9702 val_roc_auc=0.5899 val_loss=0.1421 val_metric_name=roc_auc val_metric=0.5899
Step  150 | loss 0.1329 | val_acc=0.9702 val_roc_auc=0.6182 val_loss=0.1387 val_metric_name=roc_auc val_metric=0.6182
Step  200 | loss 0.1308 | val_acc=0.9702 val_roc_auc=0.6394 val_loss=0.1362 val_metric_name=roc_auc val_metric=0.6394
Step  250 | loss 0.1299 | val_acc=0.9702 val_roc_auc=0.6560 val_loss=0.1342 val_metric_name=roc_auc val_metric=0.6560
Step  300 | loss 0.1282 | val_acc=0.9703 val_roc_auc=0.6698 val_loss=0.1324 val_metric_name=roc_auc val_metric=0.6698
Step  350 | loss 0.1278 | val_acc=0.9705 val_roc_auc=0.6813 val_loss=0.1308 val_metric_name=roc_auc val_metric=0.6813
Step  400 | loss 0.1266 | val_acc=0.9710 val_roc_auc=0.6913 val_loss=0.1295 val_metric_name=roc_auc val_metric=0.6913
Step  450 | loss 0.1253 | val_acc=0.9714 val_roc_auc=0.6999 val_loss=0.1283 val_metric_name=roc_auc val_metric=0.6999
Step  500 | loss 0.1246 | val_acc=0.9715 val_roc_auc=0.7075 val_loss=0.1272 val_metric_name=roc_auc val_metric=0.7075
Step  550 | loss 0.1232 | val_acc=0.9715 val_roc_auc=0.7141 val_loss=0.1263 val_metric_name=roc_auc val_metric=0.7141
Step  600 | loss 0.1225 | val_acc=0.9715 val_roc_auc=0.7204 val_loss=0.1254 val_metric_name=roc_auc val_metric=0.7204
Step  650 | loss 0.1223 | val_acc=0.9715 val_roc_auc=0.7265 val_loss=0.1245 val_metric_name=roc_auc val_metric=0.7265
Step  700 | loss 0.1209 | val_acc=0.9714 val_roc_auc=0.7312 val_loss=0.1237 val_metric_name=roc_auc val_metric=0.7312
Step  750 | loss 0.1195 | val_acc=0.9715 val_roc_auc=0.7350 val_loss=0.1230 val_metric_name=roc_auc val_metric=0.7350
Step  800 | loss 0.1186 | val_acc=0.9714 val_roc_auc=0.7380 val_loss=0.1225 val_metric_name=roc_auc val_metric=0.7380
Step  850 | loss 0.1180 | val_acc=0.9715 val_roc_auc=0.7408 val_loss=0.1220 val_metric_name=roc_auc val_metric=0.7408
Step  900 | loss 0.1176 | val_acc=0.9713 val_roc_auc=0.7431 val_loss=0.1216 val_metric_name=roc_auc val_metric=0.7431
Step  950 | loss 0.1170 | val_acc=0.9715 val_roc_auc=0.7456 val_loss=0.1212 val_metric_name=roc_auc val_metric=0.7456
Step 1000 | loss 0.1161 | val_acc=0.9718 val_roc_auc=0.7479 val_loss=0.1208 val_metric_name=roc_auc val_metric=0.7479
Step 1050 | loss 0.1150 | val_acc=0.9720 val_roc_auc=0.7506 val_loss=0.1205 val_metric_name=roc_auc val_metric=0.7506
Step 1100 | loss 0.1148 | val_acc=0.9721 val_roc_auc=0.7532 val_loss=0.1203 val_metric_name=roc_auc val_metric=0.7532
Step 1150 | loss 0.1125 | val_acc=0.9720 val_roc_auc=0.7560 val_loss=0.1200 val_metric_name=roc_auc val_metric=0.7560
Step 1200 | loss 0.1117 | val_acc=0.9721 val_roc_auc=0.7587 val_loss=0.1198 val_metric_name=roc_auc val_metric=0.7587
Step 1250 | loss 0.1118 | val_acc=0.9723 val_roc_auc=0.7610 val_loss=0.1195 val_metric_name=roc_auc val_metric=0.7610
Step 1300 | loss 0.1104 | val_acc=0.9721 val_roc_auc=0.7629 val_loss=0.1195 val_metric_name=roc_auc val_metric=0.7629
Step 1350 | loss 0.1090 | val_acc=0.9720 val_roc_auc=0.7643 val_loss=0.1198 val_metric_name=roc_auc val_metric=0.7643
Step 1400 | loss 0.1090 | val_acc=0.9722 val_roc_auc=0.7651 val_loss=0.1200 val_metric_name=roc_auc val_metric=0.7651
Step 1450 | loss 0.1067 | val_acc=0.9722 val_roc_auc=0.7658 val_loss=0.1202 val_metric_name=roc_auc val_metric=0.7658
Step 1500 | loss 0.1051 | val_acc=0.9722 val_roc_auc=0.7661 val_loss=0.1207 val_metric_name=roc_auc val_metric=0.7661
Step 1550 | loss 0.1048 | val_acc=0.9722 val_roc_auc=0.7658 val_loss=0.1213 val_metric_name=roc_auc val_metric=0.7658
Step 1600 | loss 0.1034 | val_acc=0.9722 val_roc_auc=0.7661 val_loss=0.1218 val_metric_name=roc_auc val_metric=0.7661
Step 1650 | loss 0.1031 | val_acc=0.9720 val_roc_auc=0.7658 val_loss=0.1229 val_metric_name=roc_auc val_metric=0.7658
Step 1700 | loss 0.1019 | val_acc=0.9718 val_roc_auc=0.7650 val_loss=0.1237 val_metric_name=roc_auc val_metric=0.7650
Step 1750 | loss 0.0996 | val_acc=0.9717 val_roc_auc=0.7637 val_loss=0.1247 val_metric_name=roc_auc val_metric=0.7637
Step 1800 | loss 0.0991 | val_acc=0.9715 val_roc_auc=0.7625 val_loss=0.1259 val_metric_name=roc_auc val_metric=0.7625
Early stopping at step 1823

--- Final (best ckpt @ step 1520) ---
  train_acc=0.9729 train_roc_auc=0.8606 train_loss=0.1025 train_metric_name=roc_auc train_metric=0.8606
  val_acc=0.9721 val_roc_auc=0.7662 val_loss=0.1209 val_metric_name=roc_auc val_metric=0.7662
  test_acc=0.9729 test_roc_auc=0.7447 test_loss=0.1235 test_metric_name=roc_auc test_metric=0.7447
  test_roc_auc=0.7447
  >> num_layers=1 hidden_dim=256 lr=3e-05 best_step=1170 val_roc_auc=0.7697 test_roc_auc=0.7503
     val_acc=0.9724 val_loss=0.1206 val_metric=0.7697 val_metric_name=roc_auc val_roc_auc=0.7697
     test_acc=0.9725 test_loss=0.1239 test_metric=0.7503 test_metric_name=roc_auc test_roc_auc=0.7503
  >> num_layers=1 hidden_dim=256 lr=6e-05 best_step=690 val_roc_auc=0.7707 test_roc_auc=0.7511
     val_acc=0.9724 val_loss=0.1214 val_metric=0.7707 val_metric_name=roc_auc val_roc_auc=0.7707
     test_acc=0.9724 test_loss=0.1246 test_metric=0.7511 test_metric_name=roc_auc test_roc_auc=0.7511
  >> num_layers=1 hidden_dim=256 lr=0.0001 best_step=460 val_roc_auc=0.7712 test_roc_auc=0.7495
     val_acc=0.9723 val_loss=0.1202 val_metric=0.7712 val_metric_name=roc_auc val_roc_auc=0.7712
     test_acc=0.9725 test_loss=0.1232 test_metric=0.7495 test_metric_name=roc_auc test_roc_auc=0.7495
  >> num_layers=1 hidden_dim=256 lr=1e-05 best_step=3030 val_roc_auc=0.7674 test_roc_auc=0.7498
     val_acc=0.9724 val_loss=0.1211 val_metric=0.7674 val_metric_name=roc_auc val_roc_auc=0.7674
     test_acc=0.9724 test_loss=0.1241 test_metric=0.7498 test_metric_name=roc_auc test_roc_auc=0.7498
  >> num_layers=1 hidden_dim=384 lr=3e-05 best_step=650 val_roc_auc=0.7621 test_roc_auc=0.7498
     val_acc=0.9726 val_loss=0.1213 val_metric=0.7621 val_metric_name=roc_auc val_roc_auc=0.7621
     test_acc=0.9733 test_loss=0.1226 test_metric=0.7498 test_metric_name=roc_auc test_roc_auc=0.7498
  >> num_layers=1 hidden_dim=384 lr=6e-05 best_step=390 val_roc_auc=0.7622 test_roc_auc=0.7494
     val_acc=0.9729 val_loss=0.1204 val_metric=0.7622 val_metric_name=roc_auc val_roc_auc=0.7622
     test_acc=0.9729 test_loss=0.1214 test_metric=0.7494 test_metric_name=roc_auc test_roc_auc=0.7494
  >> num_layers=1 hidden_dim=384 lr=0.0001 best_step=280 val_roc_auc=0.7612 test_roc_auc=0.7473
     val_acc=0.9728 val_loss=0.1199 val_metric=0.7612 val_metric_name=roc_auc val_roc_auc=0.7612
     test_acc=0.9729 test_loss=0.1209 test_metric=0.7473 test_metric_name=roc_auc test_roc_auc=0.7473
  >> num_layers=1 hidden_dim=384 lr=1e-05 best_step=1680 val_roc_auc=0.7631 test_roc_auc=0.7490
     val_acc=0.9724 val_loss=0.1211 val_metric=0.7631 val_metric_name=roc_auc val_roc_auc=0.7631
     test_acc=0.9733 test_loss=0.1230 test_metric=0.7490 test_metric_name=roc_auc test_roc_auc=0.7490
  >> num_layers=1 hidden_dim=512 lr=3e-05 best_step=660 val_roc_auc=0.7693 test_roc_auc=0.7431
     val_acc=0.9722 val_loss=0.1211 val_metric=0.7693 val_metric_name=roc_auc val_roc_auc=0.7693
     test_acc=0.9729 test_loss=0.1238 test_metric=0.7431 test_metric_name=roc_auc test_roc_auc=0.7431
  >> num_layers=1 hidden_dim=512 lr=6e-05 best_step=390 val_roc_auc=0.7688 test_roc_auc=0.7386
     val_acc=0.9723 val_loss=0.1199 val_metric=0.7688 val_metric_name=roc_auc val_roc_auc=0.7688
     test_acc=0.9729 test_loss=0.1233 test_metric=0.7386 test_metric_name=roc_auc test_roc_auc=0.7386
  >> num_layers=1 hidden_dim=512 lr=0.0001 best_step=270 val_roc_auc=0.7678 test_roc_auc=0.7404
     val_acc=0.9723 val_loss=0.1181 val_metric=0.7678 val_metric_name=roc_auc val_roc_auc=0.7678
     test_acc=0.9729 test_loss=0.1208 test_metric=0.7404 test_metric_name=roc_auc test_roc_auc=0.7404
  >> num_layers=1 hidden_dim=512 lr=1e-05 best_step=1520 val_roc_auc=0.7662 test_roc_auc=0.7447
     val_acc=0.9721 val_loss=0.1209 val_metric=0.7662 val_metric_name=roc_auc val_roc_auc=0.7662
     test_acc=0.9729 test_loss=0.1235 test_metric=0.7447 test_metric_name=roc_auc test_roc_auc=0.7447
  >> selected best (by val): num_layers=1 hidden_dim=256 lr=0.0001 val_roc_auc=0.7712 test_roc_auc=0.7495
     val_acc=0.9723 val_loss=0.1202 val_metric=0.7712 val_metric_name=roc_auc val_roc_auc=0.7712
     test_acc=0.9725 test_loss=0.1232 test_metric=0.7495 test_metric_name=roc_auc test_roc_auc=0.7495

Done. Results saved to /home/avshmelev/diploma_yandex_graphs/results_grid/questions/base.csv, checkpoints in /home/avshmelev/diploma_yandex_graphs/all_checkpoints/questions/base/
Skipping: "Done." found in /home/avshmelev/diploma_yandex_graphs/results_grid/questions/logs_base/GT-sep_1L_split8.log
Skipping: "Done." found in /home/avshmelev/diploma_yandex_graphs/results_grid/questions/logs_base/GT-sep_1L_split8.log
Skipping: "Done." found in /home/avshmelev/diploma_yandex_graphs/results_grid/questions/logs_base/GT-sep_1L_split8.log
Skipping: "Done." found in /home/avshmelev/diploma_yandex_graphs/results_grid/questions/logs_base/GT-sep_1L_split8.log
