Loading data...

============================================================
Training questions GT 2L h=256 lr=3e-05 split=0
============================================================
Training for 5000 steps
Step    1 | loss 0.9148 | val_acc=0.3241 val_roc_auc=0.4828 val_loss=0.7387 val_metric_name=roc_auc val_metric=0.4828
Step   50 | loss 0.1374 | val_acc=0.9702 val_roc_auc=0.5957 val_loss=0.1527 val_metric_name=roc_auc val_metric=0.5957
Step  100 | loss 0.1331 | val_acc=0.9702 val_roc_auc=0.6365 val_loss=0.1374 val_metric_name=roc_auc val_metric=0.6365
Step  150 | loss 0.1299 | val_acc=0.9702 val_roc_auc=0.6521 val_loss=0.1336 val_metric_name=roc_auc val_metric=0.6521
Step  200 | loss 0.1270 | val_acc=0.9713 val_roc_auc=0.6662 val_loss=0.1305 val_metric_name=roc_auc val_metric=0.6662
Step  250 | loss 0.1254 | val_acc=0.9715 val_roc_auc=0.6793 val_loss=0.1283 val_metric_name=roc_auc val_metric=0.6793
Step  300 | loss 0.1235 | val_acc=0.9716 val_roc_auc=0.6907 val_loss=0.1267 val_metric_name=roc_auc val_metric=0.6907
Step  350 | loss 0.1213 | val_acc=0.9717 val_roc_auc=0.7002 val_loss=0.1254 val_metric_name=roc_auc val_metric=0.7002
Step  400 | loss 0.1204 | val_acc=0.9719 val_roc_auc=0.7088 val_loss=0.1246 val_metric_name=roc_auc val_metric=0.7088
Step  450 | loss 0.1184 | val_acc=0.9719 val_roc_auc=0.7182 val_loss=0.1237 val_metric_name=roc_auc val_metric=0.7182
Step  500 | loss 0.1169 | val_acc=0.9717 val_roc_auc=0.7297 val_loss=0.1229 val_metric_name=roc_auc val_metric=0.7297
Step  550 | loss 0.1141 | val_acc=0.9719 val_roc_auc=0.7399 val_loss=0.1223 val_metric_name=roc_auc val_metric=0.7399
Step  600 | loss 0.1130 | val_acc=0.9721 val_roc_auc=0.7472 val_loss=0.1219 val_metric_name=roc_auc val_metric=0.7472
Step  650 | loss 0.1111 | val_acc=0.9722 val_roc_auc=0.7528 val_loss=0.1216 val_metric_name=roc_auc val_metric=0.7528
Step  700 | loss 0.1094 | val_acc=0.9724 val_roc_auc=0.7575 val_loss=0.1212 val_metric_name=roc_auc val_metric=0.7575
Step  750 | loss 0.1082 | val_acc=0.9724 val_roc_auc=0.7620 val_loss=0.1212 val_metric_name=roc_auc val_metric=0.7620
Step  800 | loss 0.1067 | val_acc=0.9723 val_roc_auc=0.7655 val_loss=0.1210 val_metric_name=roc_auc val_metric=0.7655
Step  850 | loss 0.1046 | val_acc=0.9721 val_roc_auc=0.7694 val_loss=0.1211 val_metric_name=roc_auc val_metric=0.7694
Step  900 | loss 0.1041 | val_acc=0.9716 val_roc_auc=0.7723 val_loss=0.1214 val_metric_name=roc_auc val_metric=0.7723
Step  950 | loss 0.1014 | val_acc=0.9715 val_roc_auc=0.7746 val_loss=0.1220 val_metric_name=roc_auc val_metric=0.7746
Step 1000 | loss 0.0990 | val_acc=0.9710 val_roc_auc=0.7761 val_loss=0.1222 val_metric_name=roc_auc val_metric=0.7761
Step 1050 | loss 0.0982 | val_acc=0.9702 val_roc_auc=0.7776 val_loss=0.1232 val_metric_name=roc_auc val_metric=0.7776
Step 1100 | loss 0.0962 | val_acc=0.9696 val_roc_auc=0.7784 val_loss=0.1243 val_metric_name=roc_auc val_metric=0.7784
Step 1150 | loss 0.0937 | val_acc=0.9686 val_roc_auc=0.7786 val_loss=0.1255 val_metric_name=roc_auc val_metric=0.7786
Step 1200 | loss 0.0897 | val_acc=0.9683 val_roc_auc=0.7780 val_loss=0.1270 val_metric_name=roc_auc val_metric=0.7780
Step 1250 | loss 0.0886 | val_acc=0.9682 val_roc_auc=0.7764 val_loss=0.1290 val_metric_name=roc_auc val_metric=0.7764
Step 1300 | loss 0.0868 | val_acc=0.9667 val_roc_auc=0.7757 val_loss=0.1322 val_metric_name=roc_auc val_metric=0.7757
Step 1350 | loss 0.0840 | val_acc=0.9622 val_roc_auc=0.7743 val_loss=0.1375 val_metric_name=roc_auc val_metric=0.7743
Step 1400 | loss 0.0832 | val_acc=0.9631 val_roc_auc=0.7730 val_loss=0.1389 val_metric_name=roc_auc val_metric=0.7730
Step 1450 | loss 0.0794 | val_acc=0.9637 val_roc_auc=0.7706 val_loss=0.1401 val_metric_name=roc_auc val_metric=0.7706
Early stopping at step 1470

--- Final (best ckpt @ step 1170) ---
  train_acc=0.9758 train_roc_auc=0.9000 train_loss=0.0849 train_metric_name=roc_auc train_metric=0.9000
  val_acc=0.9673 val_roc_auc=0.7788 val_loss=0.1265 val_metric_name=roc_auc val_metric=0.7788
  test_acc=0.9657 test_roc_auc=0.7799 test_loss=0.1325 test_metric_name=roc_auc test_metric=0.7799
  test_roc_auc=0.7799

============================================================
Training questions GT 2L h=256 lr=6e-05 split=0
============================================================
Training for 5000 steps
Step    1 | loss 0.9148 | val_acc=0.9310 val_roc_auc=0.4858 val_loss=0.5444 val_metric_name=roc_auc val_metric=0.4858
Step   50 | loss 0.1332 | val_acc=0.9702 val_roc_auc=0.6356 val_loss=0.1346 val_metric_name=roc_auc val_metric=0.6356
Step  100 | loss 0.1288 | val_acc=0.9705 val_roc_auc=0.6548 val_loss=0.1293 val_metric_name=roc_auc val_metric=0.6548
Step  150 | loss 0.1251 | val_acc=0.9715 val_roc_auc=0.6782 val_loss=0.1267 val_metric_name=roc_auc val_metric=0.6782
Step  200 | loss 0.1217 | val_acc=0.9717 val_roc_auc=0.6959 val_loss=0.1248 val_metric_name=roc_auc val_metric=0.6959
Step  250 | loss 0.1189 | val_acc=0.9718 val_roc_auc=0.7103 val_loss=0.1236 val_metric_name=roc_auc val_metric=0.7103
Step  300 | loss 0.1160 | val_acc=0.9717 val_roc_auc=0.7289 val_loss=0.1226 val_metric_name=roc_auc val_metric=0.7289
Step  350 | loss 0.1116 | val_acc=0.9720 val_roc_auc=0.7468 val_loss=0.1215 val_metric_name=roc_auc val_metric=0.7468
Step  400 | loss 0.1094 | val_acc=0.9724 val_roc_auc=0.7575 val_loss=0.1211 val_metric_name=roc_auc val_metric=0.7575
Step  450 | loss 0.1066 | val_acc=0.9722 val_roc_auc=0.7648 val_loss=0.1210 val_metric_name=roc_auc val_metric=0.7648
Step  500 | loss 0.1041 | val_acc=0.9718 val_roc_auc=0.7703 val_loss=0.1213 val_metric_name=roc_auc val_metric=0.7703
Step  550 | loss 0.1003 | val_acc=0.9715 val_roc_auc=0.7749 val_loss=0.1223 val_metric_name=roc_auc val_metric=0.7749
Step  600 | loss 0.0972 | val_acc=0.9705 val_roc_auc=0.7777 val_loss=0.1237 val_metric_name=roc_auc val_metric=0.7777
Step  650 | loss 0.0945 | val_acc=0.9698 val_roc_auc=0.7780 val_loss=0.1253 val_metric_name=roc_auc val_metric=0.7780
Step  700 | loss 0.0907 | val_acc=0.9692 val_roc_auc=0.7763 val_loss=0.1276 val_metric_name=roc_auc val_metric=0.7763
Step  750 | loss 0.0856 | val_acc=0.9677 val_roc_auc=0.7743 val_loss=0.1319 val_metric_name=roc_auc val_metric=0.7743
Step  800 | loss 0.0823 | val_acc=0.9638 val_roc_auc=0.7702 val_loss=0.1391 val_metric_name=roc_auc val_metric=0.7702
Step  850 | loss 0.0758 | val_acc=0.9641 val_roc_auc=0.7662 val_loss=0.1434 val_metric_name=roc_auc val_metric=0.7662
Step  900 | loss 0.0701 | val_acc=0.9651 val_roc_auc=0.7583 val_loss=0.1493 val_metric_name=roc_auc val_metric=0.7583
Step  950 | loss 0.0634 | val_acc=0.9625 val_roc_auc=0.7515 val_loss=0.1594 val_metric_name=roc_auc val_metric=0.7515
Early stopping at step 960

--- Final (best ckpt @ step 660) ---
  train_acc=0.9758 train_roc_auc=0.9002 train_loss=0.0844 train_metric_name=roc_auc train_metric=0.9002
  val_acc=0.9692 val_roc_auc=0.7781 val_loss=0.1255 val_metric_name=roc_auc val_metric=0.7781
  test_acc=0.9667 test_roc_auc=0.7815 test_loss=0.1309 test_metric_name=roc_auc test_metric=0.7815
  test_roc_auc=0.7815

============================================================
Training questions GT 2L h=256 lr=0.0001 split=0
============================================================
Training for 5000 steps
Step    1 | loss 0.9148 | val_acc=0.9694 val_roc_auc=0.4914 val_loss=0.3613 val_metric_name=roc_auc val_metric=0.4914
Step   50 | loss 0.1311 | val_acc=0.9702 val_roc_auc=0.6470 val_loss=0.1329 val_metric_name=roc_auc val_metric=0.6470
Step  100 | loss 0.1259 | val_acc=0.9714 val_roc_auc=0.6723 val_loss=0.1261 val_metric_name=roc_auc val_metric=0.6723
Step  150 | loss 0.1212 | val_acc=0.9718 val_roc_auc=0.6974 val_loss=0.1238 val_metric_name=roc_auc val_metric=0.6974
Step  200 | loss 0.1163 | val_acc=0.9719 val_roc_auc=0.7188 val_loss=0.1225 val_metric_name=roc_auc val_metric=0.7188
Step  250 | loss 0.1116 | val_acc=0.9720 val_roc_auc=0.7486 val_loss=0.1210 val_metric_name=roc_auc val_metric=0.7486
Step  300 | loss 0.1078 | val_acc=0.9720 val_roc_auc=0.7620 val_loss=0.1203 val_metric_name=roc_auc val_metric=0.7620
Step  350 | loss 0.1029 | val_acc=0.9719 val_roc_auc=0.7701 val_loss=0.1210 val_metric_name=roc_auc val_metric=0.7701
Step  400 | loss 0.0986 | val_acc=0.9706 val_roc_auc=0.7757 val_loss=0.1223 val_metric_name=roc_auc val_metric=0.7757
Step  450 | loss 0.0934 | val_acc=0.9696 val_roc_auc=0.7785 val_loss=0.1251 val_metric_name=roc_auc val_metric=0.7785
Step  500 | loss 0.0882 | val_acc=0.9676 val_roc_auc=0.7766 val_loss=0.1293 val_metric_name=roc_auc val_metric=0.7766
Step  550 | loss 0.0790 | val_acc=0.9684 val_roc_auc=0.7701 val_loss=0.1355 val_metric_name=roc_auc val_metric=0.7701
Step  600 | loss 0.0715 | val_acc=0.9637 val_roc_auc=0.7629 val_loss=0.1483 val_metric_name=roc_auc val_metric=0.7629
Step  650 | loss 0.0633 | val_acc=0.9563 val_roc_auc=0.7552 val_loss=0.1684 val_metric_name=roc_auc val_metric=0.7552
Step  700 | loss 0.0537 | val_acc=0.9544 val_roc_auc=0.7372 val_loss=0.1834 val_metric_name=roc_auc val_metric=0.7372
Step  750 | loss 0.0437 | val_acc=0.9581 val_roc_auc=0.7165 val_loss=0.1937 val_metric_name=roc_auc val_metric=0.7165
Early stopping at step 753

--- Final (best ckpt @ step 450) ---
  train_acc=0.9758 train_roc_auc=0.8992 train_loss=0.0850 train_metric_name=roc_auc train_metric=0.8992
  val_acc=0.9696 val_roc_auc=0.7785 val_loss=0.1251 val_metric_name=roc_auc val_metric=0.7785
  test_acc=0.9673 test_roc_auc=0.7783 test_loss=0.1310 test_metric_name=roc_auc test_metric=0.7783
  test_roc_auc=0.7783

============================================================
Training questions GT 2L h=256 lr=1e-05 split=0
============================================================
Training for 5000 steps
Step    1 | loss 0.9148 | val_acc=0.0593 val_roc_auc=0.4809 val_loss=0.8961 val_metric_name=roc_auc val_metric=0.4809
Step   50 | loss 0.1497 | val_acc=0.9702 val_roc_auc=0.5270 val_loss=0.1362 val_metric_name=roc_auc val_metric=0.5270
Step  100 | loss 0.1386 | val_acc=0.9702 val_roc_auc=0.5694 val_loss=0.1451 val_metric_name=roc_auc val_metric=0.5694
Step  150 | loss 0.1365 | val_acc=0.9702 val_roc_auc=0.6033 val_loss=0.1466 val_metric_name=roc_auc val_metric=0.6033
Step  200 | loss 0.1345 | val_acc=0.9702 val_roc_auc=0.6173 val_loss=0.1452 val_metric_name=roc_auc val_metric=0.6173
Step  250 | loss 0.1339 | val_acc=0.9702 val_roc_auc=0.6286 val_loss=0.1429 val_metric_name=roc_auc val_metric=0.6286
Step  300 | loss 0.1321 | val_acc=0.9702 val_roc_auc=0.6382 val_loss=0.1406 val_metric_name=roc_auc val_metric=0.6382
Step  350 | loss 0.1311 | val_acc=0.9702 val_roc_auc=0.6463 val_loss=0.1385 val_metric_name=roc_auc val_metric=0.6463
Step  400 | loss 0.1300 | val_acc=0.9702 val_roc_auc=0.6538 val_loss=0.1365 val_metric_name=roc_auc val_metric=0.6538
Step  450 | loss 0.1291 | val_acc=0.9702 val_roc_auc=0.6603 val_loss=0.1348 val_metric_name=roc_auc val_metric=0.6603
Step  500 | loss 0.1282 | val_acc=0.9706 val_roc_auc=0.6664 val_loss=0.1334 val_metric_name=roc_auc val_metric=0.6664
Step  550 | loss 0.1268 | val_acc=0.9713 val_roc_auc=0.6721 val_loss=0.1321 val_metric_name=roc_auc val_metric=0.6721
Step  600 | loss 0.1266 | val_acc=0.9716 val_roc_auc=0.6772 val_loss=0.1309 val_metric_name=roc_auc val_metric=0.6772
Step  650 | loss 0.1256 | val_acc=0.9715 val_roc_auc=0.6819 val_loss=0.1299 val_metric_name=roc_auc val_metric=0.6819
Step  700 | loss 0.1242 | val_acc=0.9715 val_roc_auc=0.6864 val_loss=0.1290 val_metric_name=roc_auc val_metric=0.6864
Step  750 | loss 0.1244 | val_acc=0.9715 val_roc_auc=0.6909 val_loss=0.1283 val_metric_name=roc_auc val_metric=0.6909
Step  800 | loss 0.1233 | val_acc=0.9716 val_roc_auc=0.6950 val_loss=0.1275 val_metric_name=roc_auc val_metric=0.6950
Step  850 | loss 0.1230 | val_acc=0.9716 val_roc_auc=0.6986 val_loss=0.1269 val_metric_name=roc_auc val_metric=0.6986
Step  900 | loss 0.1225 | val_acc=0.9716 val_roc_auc=0.7020 val_loss=0.1263 val_metric_name=roc_auc val_metric=0.7020
Step  950 | loss 0.1217 | val_acc=0.9716 val_roc_auc=0.7053 val_loss=0.1259 val_metric_name=roc_auc val_metric=0.7053
Step 1000 | loss 0.1210 | val_acc=0.9718 val_roc_auc=0.7086 val_loss=0.1255 val_metric_name=roc_auc val_metric=0.7086
Step 1050 | loss 0.1201 | val_acc=0.9719 val_roc_auc=0.7119 val_loss=0.1250 val_metric_name=roc_auc val_metric=0.7119
Step 1100 | loss 0.1190 | val_acc=0.9719 val_roc_auc=0.7153 val_loss=0.1246 val_metric_name=roc_auc val_metric=0.7153
Step 1150 | loss 0.1191 | val_acc=0.9719 val_roc_auc=0.7192 val_loss=0.1242 val_metric_name=roc_auc val_metric=0.7192
Step 1200 | loss 0.1174 | val_acc=0.9718 val_roc_auc=0.7234 val_loss=0.1237 val_metric_name=roc_auc val_metric=0.7234
Step 1250 | loss 0.1169 | val_acc=0.9718 val_roc_auc=0.7279 val_loss=0.1233 val_metric_name=roc_auc val_metric=0.7279
Step 1300 | loss 0.1168 | val_acc=0.9717 val_roc_auc=0.7321 val_loss=0.1230 val_metric_name=roc_auc val_metric=0.7321
Step 1350 | loss 0.1157 | val_acc=0.9718 val_roc_auc=0.7359 val_loss=0.1227 val_metric_name=roc_auc val_metric=0.7359
Step 1400 | loss 0.1157 | val_acc=0.9718 val_roc_auc=0.7396 val_loss=0.1225 val_metric_name=roc_auc val_metric=0.7396
Step 1450 | loss 0.1142 | val_acc=0.9717 val_roc_auc=0.7427 val_loss=0.1222 val_metric_name=roc_auc val_metric=0.7427
Step 1500 | loss 0.1137 | val_acc=0.9719 val_roc_auc=0.7456 val_loss=0.1220 val_metric_name=roc_auc val_metric=0.7456
Step 1550 | loss 0.1134 | val_acc=0.9720 val_roc_auc=0.7483 val_loss=0.1219 val_metric_name=roc_auc val_metric=0.7483
Step 1600 | loss 0.1131 | val_acc=0.9720 val_roc_auc=0.7507 val_loss=0.1216 val_metric_name=roc_auc val_metric=0.7507
Step 1650 | loss 0.1116 | val_acc=0.9722 val_roc_auc=0.7529 val_loss=0.1215 val_metric_name=roc_auc val_metric=0.7529
Step 1700 | loss 0.1120 | val_acc=0.9723 val_roc_auc=0.7550 val_loss=0.1212 val_metric_name=roc_auc val_metric=0.7550
Step 1750 | loss 0.1102 | val_acc=0.9723 val_roc_auc=0.7570 val_loss=0.1211 val_metric_name=roc_auc val_metric=0.7570
Step 1800 | loss 0.1101 | val_acc=0.9723 val_roc_auc=0.7590 val_loss=0.1209 val_metric_name=roc_auc val_metric=0.7590
Step 1850 | loss 0.1093 | val_acc=0.9724 val_roc_auc=0.7609 val_loss=0.1208 val_metric_name=roc_auc val_metric=0.7609
Step 1900 | loss 0.1086 | val_acc=0.9723 val_roc_auc=0.7626 val_loss=0.1206 val_metric_name=roc_auc val_metric=0.7626
Step 1950 | loss 0.1080 | val_acc=0.9723 val_roc_auc=0.7644 val_loss=0.1205 val_metric_name=roc_auc val_metric=0.7644
Step 2000 | loss 0.1074 | val_acc=0.9721 val_roc_auc=0.7662 val_loss=0.1203 val_metric_name=roc_auc val_metric=0.7662
Step 2050 | loss 0.1072 | val_acc=0.9721 val_roc_auc=0.7678 val_loss=0.1203 val_metric_name=roc_auc val_metric=0.7678
Step 2100 | loss 0.1063 | val_acc=0.9719 val_roc_auc=0.7693 val_loss=0.1202 val_metric_name=roc_auc val_metric=0.7693
Step 2150 | loss 0.1045 | val_acc=0.9719 val_roc_auc=0.7707 val_loss=0.1203 val_metric_name=roc_auc val_metric=0.7707
Step 2200 | loss 0.1041 | val_acc=0.9720 val_roc_auc=0.7723 val_loss=0.1203 val_metric_name=roc_auc val_metric=0.7723
Step 2250 | loss 0.1044 | val_acc=0.9719 val_roc_auc=0.7734 val_loss=0.1206 val_metric_name=roc_auc val_metric=0.7734
Step 2300 | loss 0.1037 | val_acc=0.9717 val_roc_auc=0.7745 val_loss=0.1203 val_metric_name=roc_auc val_metric=0.7745
Step 2350 | loss 0.1014 | val_acc=0.9716 val_roc_auc=0.7755 val_loss=0.1206 val_metric_name=roc_auc val_metric=0.7755
Step 2400 | loss 0.1009 | val_acc=0.9715 val_roc_auc=0.7763 val_loss=0.1207 val_metric_name=roc_auc val_metric=0.7763
Step 2450 | loss 0.1015 | val_acc=0.9714 val_roc_auc=0.7771 val_loss=0.1208 val_metric_name=roc_auc val_metric=0.7771
Step 2500 | loss 0.1006 | val_acc=0.9712 val_roc_auc=0.7779 val_loss=0.1210 val_metric_name=roc_auc val_metric=0.7779
Step 2550 | loss 0.0993 | val_acc=0.9709 val_roc_auc=0.7784 val_loss=0.1211 val_metric_name=roc_auc val_metric=0.7784
Step 2600 | loss 0.0993 | val_acc=0.9707 val_roc_auc=0.7787 val_loss=0.1216 val_metric_name=roc_auc val_metric=0.7787
Step 2650 | loss 0.0989 | val_acc=0.9704 val_roc_auc=0.7792 val_loss=0.1218 val_metric_name=roc_auc val_metric=0.7792
Step 2700 | loss 0.0971 | val_acc=0.9701 val_roc_auc=0.7794 val_loss=0.1222 val_metric_name=roc_auc val_metric=0.7794
Step 2750 | loss 0.0971 | val_acc=0.9697 val_roc_auc=0.7792 val_loss=0.1227 val_metric_name=roc_auc val_metric=0.7792
Step 2800 | loss 0.0959 | val_acc=0.9694 val_roc_auc=0.7794 val_loss=0.1235 val_metric_name=roc_auc val_metric=0.7794
Step 2850 | loss 0.0977 | val_acc=0.9690 val_roc_auc=0.7794 val_loss=0.1240 val_metric_name=roc_auc val_metric=0.7794
Step 2900 | loss 0.0935 | val_acc=0.9686 val_roc_auc=0.7792 val_loss=0.1246 val_metric_name=roc_auc val_metric=0.7792
Step 2950 | loss 0.0939 | val_acc=0.9681 val_roc_auc=0.7791 val_loss=0.1254 val_metric_name=roc_auc val_metric=0.7791
Step 3000 | loss 0.0927 | val_acc=0.9678 val_roc_auc=0.7791 val_loss=0.1263 val_metric_name=roc_auc val_metric=0.7791
Step 3050 | loss 0.0928 | val_acc=0.9672 val_roc_auc=0.7790 val_loss=0.1272 val_metric_name=roc_auc val_metric=0.7790
Early stopping at step 3094

--- Final (best ckpt @ step 2790) ---
  train_acc=0.9745 train_roc_auc=0.8888 train_loss=0.0889 train_metric_name=roc_auc train_metric=0.8888
  val_acc=0.9695 val_roc_auc=0.7795 val_loss=0.1232 val_metric_name=roc_auc val_metric=0.7795
  test_acc=0.9673 test_roc_auc=0.7784 test_loss=0.1293 test_metric_name=roc_auc test_metric=0.7784
  test_roc_auc=0.7784

============================================================
Training questions GT 2L h=384 lr=3e-05 split=0
============================================================
Training for 5000 steps
Step    1 | loss 0.4186 | val_acc=0.9702 val_roc_auc=0.5286 val_loss=0.2066 val_metric_name=roc_auc val_metric=0.5286
Step   50 | loss 0.1328 | val_acc=0.9702 val_roc_auc=0.6305 val_loss=0.1323 val_metric_name=roc_auc val_metric=0.6305
Step  100 | loss 0.1282 | val_acc=0.9702 val_roc_auc=0.6657 val_loss=0.1299 val_metric_name=roc_auc val_metric=0.6657
Step  150 | loss 0.1244 | val_acc=0.9715 val_roc_auc=0.6998 val_loss=0.1258 val_metric_name=roc_auc val_metric=0.6998
Step  200 | loss 0.1196 | val_acc=0.9715 val_roc_auc=0.7170 val_loss=0.1234 val_metric_name=roc_auc val_metric=0.7170
Step  250 | loss 0.1174 | val_acc=0.9715 val_roc_auc=0.7303 val_loss=0.1217 val_metric_name=roc_auc val_metric=0.7303
Step  300 | loss 0.1128 | val_acc=0.9720 val_roc_auc=0.7447 val_loss=0.1204 val_metric_name=roc_auc val_metric=0.7447
Step  350 | loss 0.1102 | val_acc=0.9724 val_roc_auc=0.7559 val_loss=0.1199 val_metric_name=roc_auc val_metric=0.7559
Step  400 | loss 0.1058 | val_acc=0.9722 val_roc_auc=0.7649 val_loss=0.1203 val_metric_name=roc_auc val_metric=0.7649
Step  450 | loss 0.1031 | val_acc=0.9708 val_roc_auc=0.7716 val_loss=0.1214 val_metric_name=roc_auc val_metric=0.7716
Step  500 | loss 0.1004 | val_acc=0.9686 val_roc_auc=0.7742 val_loss=0.1243 val_metric_name=roc_auc val_metric=0.7742
Step  550 | loss 0.0975 | val_acc=0.9671 val_roc_auc=0.7739 val_loss=0.1270 val_metric_name=roc_auc val_metric=0.7739
Step  600 | loss 0.0942 | val_acc=0.9640 val_roc_auc=0.7731 val_loss=0.1331 val_metric_name=roc_auc val_metric=0.7731
Step  650 | loss 0.0894 | val_acc=0.9570 val_roc_auc=0.7698 val_loss=0.1464 val_metric_name=roc_auc val_metric=0.7698
Step  700 | loss 0.0857 | val_acc=0.9562 val_roc_auc=0.7651 val_loss=0.1520 val_metric_name=roc_auc val_metric=0.7651
Step  750 | loss 0.0804 | val_acc=0.9517 val_roc_auc=0.7620 val_loss=0.1623 val_metric_name=roc_auc val_metric=0.7620
Step  800 | loss 0.0755 | val_acc=0.9496 val_roc_auc=0.7590 val_loss=0.1692 val_metric_name=roc_auc val_metric=0.7590
Early stopping at step 842

--- Final (best ckpt @ step 510) ---
  train_acc=0.9739 train_roc_auc=0.8772 train_loss=0.0937 train_metric_name=roc_auc train_metric=0.8772
  val_acc=0.9682 val_roc_auc=0.7751 val_loss=0.1244 val_metric_name=roc_auc val_metric=0.7751
  test_acc=0.9678 test_roc_auc=0.7756 test_loss=0.1292 test_metric_name=roc_auc test_metric=0.7756
  test_roc_auc=0.7756

============================================================
Training questions GT 2L h=384 lr=6e-05 split=0
============================================================
Training for 5000 steps
Step    1 | loss 0.4186 | val_acc=0.9702 val_roc_auc=0.5292 val_loss=0.1544 val_metric_name=roc_auc val_metric=0.5292
Step   50 | loss 0.1298 | val_acc=0.9702 val_roc_auc=0.6518 val_loss=0.1325 val_metric_name=roc_auc val_metric=0.6518
Step  100 | loss 0.1239 | val_acc=0.9715 val_roc_auc=0.7004 val_loss=0.1247 val_metric_name=roc_auc val_metric=0.7004
Step  150 | loss 0.1184 | val_acc=0.9715 val_roc_auc=0.7256 val_loss=0.1217 val_metric_name=roc_auc val_metric=0.7256
Step  200 | loss 0.1116 | val_acc=0.9721 val_roc_auc=0.7481 val_loss=0.1200 val_metric_name=roc_auc val_metric=0.7481
Step  250 | loss 0.1073 | val_acc=0.9723 val_roc_auc=0.7642 val_loss=0.1203 val_metric_name=roc_auc val_metric=0.7642
Step  300 | loss 0.1011 | val_acc=0.9700 val_roc_auc=0.7724 val_loss=0.1229 val_metric_name=roc_auc val_metric=0.7724
Step  350 | loss 0.0951 | val_acc=0.9664 val_roc_auc=0.7714 val_loss=0.1293 val_metric_name=roc_auc val_metric=0.7714
Step  400 | loss 0.0875 | val_acc=0.9617 val_roc_auc=0.7671 val_loss=0.1393 val_metric_name=roc_auc val_metric=0.7671
Step  450 | loss 0.0804 | val_acc=0.9582 val_roc_auc=0.7602 val_loss=0.1539 val_metric_name=roc_auc val_metric=0.7602
Step  500 | loss 0.0712 | val_acc=0.9605 val_roc_auc=0.7481 val_loss=0.1580 val_metric_name=roc_auc val_metric=0.7481
Step  550 | loss 0.0616 | val_acc=0.9536 val_roc_auc=0.7360 val_loss=0.1816 val_metric_name=roc_auc val_metric=0.7360
Step  600 | loss 0.0501 | val_acc=0.9549 val_roc_auc=0.7209 val_loss=0.1943 val_metric_name=roc_auc val_metric=0.7209
Early stopping at step 631

--- Final (best ckpt @ step 320) ---
  train_acc=0.9740 train_roc_auc=0.8803 train_loss=0.0922 train_metric_name=roc_auc train_metric=0.8803
  val_acc=0.9694 val_roc_auc=0.7734 val_loss=0.1237 val_metric_name=roc_auc val_metric=0.7734
  test_acc=0.9679 test_roc_auc=0.7771 test_loss=0.1283 test_metric_name=roc_auc test_metric=0.7771
  test_roc_auc=0.7771

============================================================
Training questions GT 2L h=384 lr=0.0001 split=0
============================================================
Training for 5000 steps
Step    1 | loss 0.4186 | val_acc=0.9702 val_roc_auc=0.5242 val_loss=0.1346 val_metric_name=roc_auc val_metric=0.5242
Step   50 | loss 0.1277 | val_acc=0.9705 val_roc_auc=0.6655 val_loss=0.1262 val_metric_name=roc_auc val_metric=0.6655
Step  100 | loss 0.1207 | val_acc=0.9716 val_roc_auc=0.7152 val_loss=0.1224 val_metric_name=roc_auc val_metric=0.7152
Step  150 | loss 0.1132 | val_acc=0.9719 val_roc_auc=0.7466 val_loss=0.1201 val_metric_name=roc_auc val_metric=0.7466
Step  200 | loss 0.1041 | val_acc=0.9720 val_roc_auc=0.7686 val_loss=0.1202 val_metric_name=roc_auc val_metric=0.7686
Step  250 | loss 0.0975 | val_acc=0.9683 val_roc_auc=0.7742 val_loss=0.1250 val_metric_name=roc_auc val_metric=0.7742
Step  300 | loss 0.0889 | val_acc=0.9630 val_roc_auc=0.7671 val_loss=0.1374 val_metric_name=roc_auc val_metric=0.7671
Step  350 | loss 0.0736 | val_acc=0.9600 val_roc_auc=0.7483 val_loss=0.1548 val_metric_name=roc_auc val_metric=0.7483
Step  400 | loss 0.0612 | val_acc=0.9613 val_roc_auc=0.7191 val_loss=0.1727 val_metric_name=roc_auc val_metric=0.7191
Step  450 | loss 0.0459 | val_acc=0.9552 val_roc_auc=0.6992 val_loss=0.2042 val_metric_name=roc_auc val_metric=0.6992
Step  500 | loss 0.0327 | val_acc=0.9538 val_roc_auc=0.6897 val_loss=0.2347 val_metric_name=roc_auc val_metric=0.6897
Step  550 | loss 0.0226 | val_acc=0.9564 val_roc_auc=0.6790 val_loss=0.2452 val_metric_name=roc_auc val_metric=0.6790
Early stopping at step 555

--- Final (best ckpt @ step 250) ---
  train_acc=0.9743 train_roc_auc=0.8851 train_loss=0.0900 train_metric_name=roc_auc train_metric=0.8851
  val_acc=0.9683 val_roc_auc=0.7742 val_loss=0.1250 val_metric_name=roc_auc val_metric=0.7742
  test_acc=0.9667 test_roc_auc=0.7792 test_loss=0.1295 test_metric_name=roc_auc test_metric=0.7792
  test_roc_auc=0.7792

============================================================
Training questions GT 2L h=384 lr=1e-05 split=0
============================================================
Training for 5000 steps
Step    1 | loss 0.4186 | val_acc=0.9702 val_roc_auc=0.5252 val_loss=0.2752 val_metric_name=roc_auc val_metric=0.5252
Step   50 | loss 0.1368 | val_acc=0.9702 val_roc_auc=0.5810 val_loss=0.1517 val_metric_name=roc_auc val_metric=0.5810
Step  100 | loss 0.1340 | val_acc=0.9702 val_roc_auc=0.6140 val_loss=0.1400 val_metric_name=roc_auc val_metric=0.6140
Step  150 | loss 0.1321 | val_acc=0.9702 val_roc_auc=0.6364 val_loss=0.1369 val_metric_name=roc_auc val_metric=0.6364
Step  200 | loss 0.1289 | val_acc=0.9702 val_roc_auc=0.6551 val_loss=0.1336 val_metric_name=roc_auc val_metric=0.6551
Step  250 | loss 0.1282 | val_acc=0.9703 val_roc_auc=0.6722 val_loss=0.1309 val_metric_name=roc_auc val_metric=0.6722
Step  300 | loss 0.1255 | val_acc=0.9712 val_roc_auc=0.6871 val_loss=0.1287 val_metric_name=roc_auc val_metric=0.6871
Step  350 | loss 0.1246 | val_acc=0.9716 val_roc_auc=0.6984 val_loss=0.1269 val_metric_name=roc_auc val_metric=0.6984
Step  400 | loss 0.1222 | val_acc=0.9716 val_roc_auc=0.7067 val_loss=0.1255 val_metric_name=roc_auc val_metric=0.7067
Step  450 | loss 0.1212 | val_acc=0.9715 val_roc_auc=0.7129 val_loss=0.1244 val_metric_name=roc_auc val_metric=0.7129
Step  500 | loss 0.1196 | val_acc=0.9714 val_roc_auc=0.7182 val_loss=0.1234 val_metric_name=roc_auc val_metric=0.7182
Step  550 | loss 0.1194 | val_acc=0.9715 val_roc_auc=0.7230 val_loss=0.1227 val_metric_name=roc_auc val_metric=0.7230
Step  600 | loss 0.1172 | val_acc=0.9715 val_roc_auc=0.7279 val_loss=0.1219 val_metric_name=roc_auc val_metric=0.7279
Step  650 | loss 0.1152 | val_acc=0.9716 val_roc_auc=0.7329 val_loss=0.1212 val_metric_name=roc_auc val_metric=0.7329
Step  700 | loss 0.1152 | val_acc=0.9721 val_roc_auc=0.7385 val_loss=0.1206 val_metric_name=roc_auc val_metric=0.7385
Step  750 | loss 0.1129 | val_acc=0.9720 val_roc_auc=0.7443 val_loss=0.1201 val_metric_name=roc_auc val_metric=0.7443
Step  800 | loss 0.1112 | val_acc=0.9725 val_roc_auc=0.7501 val_loss=0.1197 val_metric_name=roc_auc val_metric=0.7501
Step  850 | loss 0.1106 | val_acc=0.9725 val_roc_auc=0.7550 val_loss=0.1196 val_metric_name=roc_auc val_metric=0.7550
Step  900 | loss 0.1088 | val_acc=0.9724 val_roc_auc=0.7585 val_loss=0.1197 val_metric_name=roc_auc val_metric=0.7585
Step  950 | loss 0.1094 | val_acc=0.9724 val_roc_auc=0.7619 val_loss=0.1198 val_metric_name=roc_auc val_metric=0.7619
Step 1000 | loss 0.1066 | val_acc=0.9718 val_roc_auc=0.7648 val_loss=0.1204 val_metric_name=roc_auc val_metric=0.7648
Step 1050 | loss 0.1057 | val_acc=0.9712 val_roc_auc=0.7679 val_loss=0.1210 val_metric_name=roc_auc val_metric=0.7679
Step 1100 | loss 0.1036 | val_acc=0.9705 val_roc_auc=0.7707 val_loss=0.1220 val_metric_name=roc_auc val_metric=0.7707
Step 1150 | loss 0.1029 | val_acc=0.9690 val_roc_auc=0.7722 val_loss=0.1234 val_metric_name=roc_auc val_metric=0.7722
Step 1200 | loss 0.1013 | val_acc=0.9678 val_roc_auc=0.7740 val_loss=0.1254 val_metric_name=roc_auc val_metric=0.7740
Step 1250 | loss 0.1010 | val_acc=0.9667 val_roc_auc=0.7750 val_loss=0.1264 val_metric_name=roc_auc val_metric=0.7750
Step 1300 | loss 0.0992 | val_acc=0.9664 val_roc_auc=0.7752 val_loss=0.1282 val_metric_name=roc_auc val_metric=0.7752
Step 1350 | loss 0.0973 | val_acc=0.9652 val_roc_auc=0.7750 val_loss=0.1304 val_metric_name=roc_auc val_metric=0.7750
Step 1400 | loss 0.0967 | val_acc=0.9626 val_roc_auc=0.7746 val_loss=0.1357 val_metric_name=roc_auc val_metric=0.7746
Step 1450 | loss 0.0958 | val_acc=0.9638 val_roc_auc=0.7736 val_loss=0.1341 val_metric_name=roc_auc val_metric=0.7736
Step 1500 | loss 0.0938 | val_acc=0.9595 val_roc_auc=0.7729 val_loss=0.1406 val_metric_name=roc_auc val_metric=0.7729
Step 1550 | loss 0.0929 | val_acc=0.9574 val_roc_auc=0.7718 val_loss=0.1455 val_metric_name=roc_auc val_metric=0.7718
Step 1600 | loss 0.0898 | val_acc=0.9561 val_roc_auc=0.7702 val_loss=0.1479 val_metric_name=roc_auc val_metric=0.7702
Early stopping at step 1634

--- Final (best ckpt @ step 1330) ---
  train_acc=0.9724 train_roc_auc=0.8815 train_loss=0.0967 train_metric_name=roc_auc train_metric=0.8815
  val_acc=0.9649 val_roc_auc=0.7754 val_loss=0.1305 val_metric_name=roc_auc val_metric=0.7754
  test_acc=0.9640 test_roc_auc=0.7706 test_loss=0.1368 test_metric_name=roc_auc test_metric=0.7706
  test_roc_auc=0.7706

============================================================
Training questions GT 2L h=512 lr=3e-05 split=0
============================================================
Training for 5000 steps
Step    1 | loss 0.7889 | val_acc=0.9693 val_roc_auc=0.5268 val_loss=0.3804 val_metric_name=roc_auc val_metric=0.5268
Step   50 | loss 0.1338 | val_acc=0.9702 val_roc_auc=0.6564 val_loss=0.1305 val_metric_name=roc_auc val_metric=0.6564
Step  100 | loss 0.1280 | val_acc=0.9702 val_roc_auc=0.6749 val_loss=0.1297 val_metric_name=roc_auc val_metric=0.6749
Step  150 | loss 0.1246 | val_acc=0.9715 val_roc_auc=0.6977 val_loss=0.1264 val_metric_name=roc_auc val_metric=0.6977
Step  200 | loss 0.1213 | val_acc=0.9717 val_roc_auc=0.7145 val_loss=0.1243 val_metric_name=roc_auc val_metric=0.7145
Step  250 | loss 0.1179 | val_acc=0.9718 val_roc_auc=0.7306 val_loss=0.1223 val_metric_name=roc_auc val_metric=0.7306
Step  300 | loss 0.1138 | val_acc=0.9720 val_roc_auc=0.7480 val_loss=0.1208 val_metric_name=roc_auc val_metric=0.7480
Step  350 | loss 0.1103 | val_acc=0.9726 val_roc_auc=0.7632 val_loss=0.1199 val_metric_name=roc_auc val_metric=0.7632
Step  400 | loss 0.1064 | val_acc=0.9724 val_roc_auc=0.7726 val_loss=0.1194 val_metric_name=roc_auc val_metric=0.7726
Step  450 | loss 0.1029 | val_acc=0.9712 val_roc_auc=0.7771 val_loss=0.1205 val_metric_name=roc_auc val_metric=0.7771
Step  500 | loss 0.0996 | val_acc=0.9696 val_roc_auc=0.7779 val_loss=0.1236 val_metric_name=roc_auc val_metric=0.7779
Step  550 | loss 0.0965 | val_acc=0.9684 val_roc_auc=0.7763 val_loss=0.1270 val_metric_name=roc_auc val_metric=0.7763
Step  600 | loss 0.0920 | val_acc=0.9643 val_roc_auc=0.7758 val_loss=0.1332 val_metric_name=roc_auc val_metric=0.7758
Step  650 | loss 0.0887 | val_acc=0.9642 val_roc_auc=0.7721 val_loss=0.1384 val_metric_name=roc_auc val_metric=0.7721
Step  700 | loss 0.0832 | val_acc=0.9593 val_roc_auc=0.7690 val_loss=0.1483 val_metric_name=roc_auc val_metric=0.7690
Step  750 | loss 0.0776 | val_acc=0.9543 val_roc_auc=0.7620 val_loss=0.1611 val_metric_name=roc_auc val_metric=0.7620
Step  800 | loss 0.0732 | val_acc=0.9491 val_roc_auc=0.7582 val_loss=0.1744 val_metric_name=roc_auc val_metric=0.7582
Early stopping at step 815

--- Final (best ckpt @ step 500) ---
  train_acc=0.9737 train_roc_auc=0.8740 train_loss=0.0944 train_metric_name=roc_auc train_metric=0.8740
  val_acc=0.9696 val_roc_auc=0.7779 val_loss=0.1236 val_metric_name=roc_auc val_metric=0.7779
  test_acc=0.9688 test_roc_auc=0.7694 test_loss=0.1294 test_metric_name=roc_auc test_metric=0.7694
  test_roc_auc=0.7694

============================================================
Training questions GT 2L h=512 lr=6e-05 split=0
============================================================
Training for 5000 steps
Step    1 | loss 0.7889 | val_acc=0.9702 val_roc_auc=0.5303 val_loss=0.1919 val_metric_name=roc_auc val_metric=0.5303
Step   50 | loss 0.1308 | val_acc=0.9702 val_roc_auc=0.6625 val_loss=0.1337 val_metric_name=roc_auc val_metric=0.6625
Step  100 | loss 0.1245 | val_acc=0.9716 val_roc_auc=0.6938 val_loss=0.1255 val_metric_name=roc_auc val_metric=0.6938
Step  150 | loss 0.1196 | val_acc=0.9718 val_roc_auc=0.7227 val_loss=0.1221 val_metric_name=roc_auc val_metric=0.7227
Step  200 | loss 0.1133 | val_acc=0.9720 val_roc_auc=0.7510 val_loss=0.1200 val_metric_name=roc_auc val_metric=0.7510
Step  250 | loss 0.1076 | val_acc=0.9724 val_roc_auc=0.7736 val_loss=0.1187 val_metric_name=roc_auc val_metric=0.7736
Step  300 | loss 0.1008 | val_acc=0.9702 val_roc_auc=0.7806 val_loss=0.1203 val_metric_name=roc_auc val_metric=0.7806
Step  350 | loss 0.0951 | val_acc=0.9688 val_roc_auc=0.7784 val_loss=0.1261 val_metric_name=roc_auc val_metric=0.7784
Step  400 | loss 0.0874 | val_acc=0.9609 val_roc_auc=0.7750 val_loss=0.1406 val_metric_name=roc_auc val_metric=0.7750
Step  450 | loss 0.0810 | val_acc=0.9623 val_roc_auc=0.7642 val_loss=0.1454 val_metric_name=roc_auc val_metric=0.7642
Step  500 | loss 0.0758 | val_acc=0.9545 val_roc_auc=0.7562 val_loss=0.1638 val_metric_name=roc_auc val_metric=0.7562
Step  550 | loss 0.0638 | val_acc=0.9552 val_roc_auc=0.7418 val_loss=0.1771 val_metric_name=roc_auc val_metric=0.7418
Step  600 | loss 0.0546 | val_acc=0.9491 val_roc_auc=0.7288 val_loss=0.2018 val_metric_name=roc_auc val_metric=0.7288
Early stopping at step 628

--- Final (best ckpt @ step 310) ---
  train_acc=0.9740 train_roc_auc=0.8718 train_loss=0.0947 train_metric_name=roc_auc train_metric=0.8718
  val_acc=0.9705 val_roc_auc=0.7812 val_loss=0.1213 val_metric_name=roc_auc val_metric=0.7812
  test_acc=0.9696 test_roc_auc=0.7696 test_loss=0.1275 test_metric_name=roc_auc test_metric=0.7696
  test_roc_auc=0.7696

============================================================
Training questions GT 2L h=512 lr=0.0001 split=0
============================================================
Training for 5000 steps
Step    1 | loss 0.7889 | val_acc=0.9702 val_roc_auc=0.5151 val_loss=0.1351 val_metric_name=roc_auc val_metric=0.5151
Step   50 | loss 0.1290 | val_acc=0.9702 val_roc_auc=0.6657 val_loss=0.1263 val_metric_name=roc_auc val_metric=0.6657
Step  100 | loss 0.1217 | val_acc=0.9718 val_roc_auc=0.7113 val_loss=0.1231 val_metric_name=roc_auc val_metric=0.7113
Step  150 | loss 0.1146 | val_acc=0.9719 val_roc_auc=0.7441 val_loss=0.1196 val_metric_name=roc_auc val_metric=0.7441
Step  200 | loss 0.1063 | val_acc=0.9724 val_roc_auc=0.7713 val_loss=0.1190 val_metric_name=roc_auc val_metric=0.7713
Step  250 | loss 0.0984 | val_acc=0.9706 val_roc_auc=0.7765 val_loss=0.1221 val_metric_name=roc_auc val_metric=0.7765
Step  300 | loss 0.0870 | val_acc=0.9643 val_roc_auc=0.7686 val_loss=0.1348 val_metric_name=roc_auc val_metric=0.7686
Step  350 | loss 0.0773 | val_acc=0.9660 val_roc_auc=0.7419 val_loss=0.1488 val_metric_name=roc_auc val_metric=0.7419
Step  400 | loss 0.0611 | val_acc=0.9639 val_roc_auc=0.7135 val_loss=0.1694 val_metric_name=roc_auc val_metric=0.7135
Step  450 | loss 0.0491 | val_acc=0.9531 val_roc_auc=0.6990 val_loss=0.2033 val_metric_name=roc_auc val_metric=0.6990
Step  500 | loss 0.0368 | val_acc=0.9503 val_roc_auc=0.6920 val_loss=0.2383 val_metric_name=roc_auc val_metric=0.6920
Early stopping at step 548

--- Final (best ckpt @ step 240) ---
  train_acc=0.9742 train_roc_auc=0.8714 train_loss=0.0948 train_metric_name=roc_auc train_metric=0.8714
  val_acc=0.9716 val_roc_auc=0.7771 val_loss=0.1215 val_metric_name=roc_auc val_metric=0.7771
  test_acc=0.9702 test_roc_auc=0.7652 test_loss=0.1271 test_metric_name=roc_auc test_metric=0.7652
  test_roc_auc=0.7652

============================================================
Training questions GT 2L h=512 lr=1e-05 split=0
============================================================
Training for 5000 steps
Step    1 | loss 0.7889 | val_acc=0.6706 val_roc_auc=0.5227 val_loss=0.6457 val_metric_name=roc_auc val_metric=0.5227
Step   50 | loss 0.1384 | val_acc=0.9702 val_roc_auc=0.5846 val_loss=0.1582 val_metric_name=roc_auc val_metric=0.5846
Step  100 | loss 0.1335 | val_acc=0.9702 val_roc_auc=0.6363 val_loss=0.1401 val_metric_name=roc_auc val_metric=0.6363
Step  150 | loss 0.1312 | val_acc=0.9702 val_roc_auc=0.6560 val_loss=0.1372 val_metric_name=roc_auc val_metric=0.6560
Step  200 | loss 0.1295 | val_acc=0.9702 val_roc_auc=0.6710 val_loss=0.1342 val_metric_name=roc_auc val_metric=0.6710
Step  250 | loss 0.1278 | val_acc=0.9706 val_roc_auc=0.6835 val_loss=0.1318 val_metric_name=roc_auc val_metric=0.6835
Step  300 | loss 0.1257 | val_acc=0.9716 val_roc_auc=0.6939 val_loss=0.1299 val_metric_name=roc_auc val_metric=0.6939
Step  350 | loss 0.1246 | val_acc=0.9716 val_roc_auc=0.7021 val_loss=0.1282 val_metric_name=roc_auc val_metric=0.7021
Step  400 | loss 0.1232 | val_acc=0.9717 val_roc_auc=0.7090 val_loss=0.1268 val_metric_name=roc_auc val_metric=0.7090
Step  450 | loss 0.1221 | val_acc=0.9717 val_roc_auc=0.7154 val_loss=0.1256 val_metric_name=roc_auc val_metric=0.7154
Step  500 | loss 0.1207 | val_acc=0.9718 val_roc_auc=0.7213 val_loss=0.1246 val_metric_name=roc_auc val_metric=0.7213
Step  550 | loss 0.1191 | val_acc=0.9718 val_roc_auc=0.7268 val_loss=0.1237 val_metric_name=roc_auc val_metric=0.7268
Step  600 | loss 0.1177 | val_acc=0.9718 val_roc_auc=0.7324 val_loss=0.1229 val_metric_name=roc_auc val_metric=0.7324
Step  650 | loss 0.1162 | val_acc=0.9719 val_roc_auc=0.7388 val_loss=0.1222 val_metric_name=roc_auc val_metric=0.7388
Step  700 | loss 0.1144 | val_acc=0.9720 val_roc_auc=0.7451 val_loss=0.1215 val_metric_name=roc_auc val_metric=0.7451
Step  750 | loss 0.1137 | val_acc=0.9723 val_roc_auc=0.7513 val_loss=0.1208 val_metric_name=roc_auc val_metric=0.7513
Step  800 | loss 0.1118 | val_acc=0.9723 val_roc_auc=0.7571 val_loss=0.1205 val_metric_name=roc_auc val_metric=0.7571
Step  850 | loss 0.1104 | val_acc=0.9724 val_roc_auc=0.7621 val_loss=0.1198 val_metric_name=roc_auc val_metric=0.7621
Step  900 | loss 0.1087 | val_acc=0.9724 val_roc_auc=0.7662 val_loss=0.1195 val_metric_name=roc_auc val_metric=0.7662
Step  950 | loss 0.1069 | val_acc=0.9721 val_roc_auc=0.7691 val_loss=0.1196 val_metric_name=roc_auc val_metric=0.7691
Step 1000 | loss 0.1066 | val_acc=0.9716 val_roc_auc=0.7713 val_loss=0.1200 val_metric_name=roc_auc val_metric=0.7713
Step 1050 | loss 0.1039 | val_acc=0.9719 val_roc_auc=0.7729 val_loss=0.1204 val_metric_name=roc_auc val_metric=0.7729
Step 1100 | loss 0.1032 | val_acc=0.9711 val_roc_auc=0.7743 val_loss=0.1213 val_metric_name=roc_auc val_metric=0.7743
Step 1150 | loss 0.1025 | val_acc=0.9702 val_roc_auc=0.7751 val_loss=0.1225 val_metric_name=roc_auc val_metric=0.7751
Step 1200 | loss 0.1011 | val_acc=0.9692 val_roc_auc=0.7756 val_loss=0.1241 val_metric_name=roc_auc val_metric=0.7756
Step 1250 | loss 0.0998 | val_acc=0.9686 val_roc_auc=0.7756 val_loss=0.1250 val_metric_name=roc_auc val_metric=0.7756
Step 1300 | loss 0.0996 | val_acc=0.9674 val_roc_auc=0.7751 val_loss=0.1273 val_metric_name=roc_auc val_metric=0.7751
Step 1350 | loss 0.0965 | val_acc=0.9652 val_roc_auc=0.7747 val_loss=0.1309 val_metric_name=roc_auc val_metric=0.7747
Step 1400 | loss 0.0965 | val_acc=0.9649 val_roc_auc=0.7740 val_loss=0.1323 val_metric_name=roc_auc val_metric=0.7740
Step 1450 | loss 0.0933 | val_acc=0.9637 val_roc_auc=0.7733 val_loss=0.1353 val_metric_name=roc_auc val_metric=0.7733
Step 1500 | loss 0.0928 | val_acc=0.9606 val_roc_auc=0.7720 val_loss=0.1404 val_metric_name=roc_auc val_metric=0.7720
Step 1550 | loss 0.0892 | val_acc=0.9624 val_roc_auc=0.7710 val_loss=0.1401 val_metric_name=roc_auc val_metric=0.7710
Early stopping at step 1573

--- Final (best ckpt @ step 1270) ---
  train_acc=0.9736 train_roc_auc=0.8801 train_loss=0.0938 train_metric_name=roc_auc train_metric=0.8801
  val_acc=0.9677 val_roc_auc=0.7759 val_loss=0.1265 val_metric_name=roc_auc val_metric=0.7759
  test_acc=0.9672 test_roc_auc=0.7719 test_loss=0.1319 test_metric_name=roc_auc test_metric=0.7719
  test_roc_auc=0.7719
  >> num_layers=2 hidden_dim=256 lr=3e-05 best_step=1170 val_roc_auc=0.7788 test_roc_auc=0.7799
     val_acc=0.9673 val_loss=0.1265 val_metric=0.7788 val_metric_name=roc_auc val_roc_auc=0.7788
     test_acc=0.9657 test_loss=0.1325 test_metric=0.7799 test_metric_name=roc_auc test_roc_auc=0.7799
  >> num_layers=2 hidden_dim=256 lr=6e-05 best_step=660 val_roc_auc=0.7781 test_roc_auc=0.7815
     val_acc=0.9692 val_loss=0.1255 val_metric=0.7781 val_metric_name=roc_auc val_roc_auc=0.7781
     test_acc=0.9667 test_loss=0.1309 test_metric=0.7815 test_metric_name=roc_auc test_roc_auc=0.7815
  >> num_layers=2 hidden_dim=256 lr=0.0001 best_step=450 val_roc_auc=0.7785 test_roc_auc=0.7783
     val_acc=0.9696 val_loss=0.1251 val_metric=0.7785 val_metric_name=roc_auc val_roc_auc=0.7785
     test_acc=0.9673 test_loss=0.1310 test_metric=0.7783 test_metric_name=roc_auc test_roc_auc=0.7783
  >> num_layers=2 hidden_dim=256 lr=1e-05 best_step=2790 val_roc_auc=0.7795 test_roc_auc=0.7784
     val_acc=0.9695 val_loss=0.1232 val_metric=0.7795 val_metric_name=roc_auc val_roc_auc=0.7795
     test_acc=0.9673 test_loss=0.1293 test_metric=0.7784 test_metric_name=roc_auc test_roc_auc=0.7784
  >> num_layers=2 hidden_dim=384 lr=3e-05 best_step=510 val_roc_auc=0.7751 test_roc_auc=0.7756
     val_acc=0.9682 val_loss=0.1244 val_metric=0.7751 val_metric_name=roc_auc val_roc_auc=0.7751
     test_acc=0.9678 test_loss=0.1292 test_metric=0.7756 test_metric_name=roc_auc test_roc_auc=0.7756
  >> num_layers=2 hidden_dim=384 lr=6e-05 best_step=320 val_roc_auc=0.7734 test_roc_auc=0.7771
     val_acc=0.9694 val_loss=0.1237 val_metric=0.7734 val_metric_name=roc_auc val_roc_auc=0.7734
     test_acc=0.9679 test_loss=0.1283 test_metric=0.7771 test_metric_name=roc_auc test_roc_auc=0.7771
  >> num_layers=2 hidden_dim=384 lr=0.0001 best_step=250 val_roc_auc=0.7742 test_roc_auc=0.7792
     val_acc=0.9683 val_loss=0.1250 val_metric=0.7742 val_metric_name=roc_auc val_roc_auc=0.7742
     test_acc=0.9667 test_loss=0.1295 test_metric=0.7792 test_metric_name=roc_auc test_roc_auc=0.7792
  >> num_layers=2 hidden_dim=384 lr=1e-05 best_step=1330 val_roc_auc=0.7754 test_roc_auc=0.7706
     val_acc=0.9649 val_loss=0.1305 val_metric=0.7754 val_metric_name=roc_auc val_roc_auc=0.7754
     test_acc=0.9640 test_loss=0.1368 test_metric=0.7706 test_metric_name=roc_auc test_roc_auc=0.7706
  >> num_layers=2 hidden_dim=512 lr=3e-05 best_step=500 val_roc_auc=0.7779 test_roc_auc=0.7694
     val_acc=0.9696 val_loss=0.1236 val_metric=0.7779 val_metric_name=roc_auc val_roc_auc=0.7779
     test_acc=0.9688 test_loss=0.1294 test_metric=0.7694 test_metric_name=roc_auc test_roc_auc=0.7694
  >> num_layers=2 hidden_dim=512 lr=6e-05 best_step=310 val_roc_auc=0.7812 test_roc_auc=0.7696
     val_acc=0.9705 val_loss=0.1213 val_metric=0.7812 val_metric_name=roc_auc val_roc_auc=0.7812
     test_acc=0.9696 test_loss=0.1275 test_metric=0.7696 test_metric_name=roc_auc test_roc_auc=0.7696
  >> num_layers=2 hidden_dim=512 lr=0.0001 best_step=240 val_roc_auc=0.7771 test_roc_auc=0.7652
     val_acc=0.9716 val_loss=0.1215 val_metric=0.7771 val_metric_name=roc_auc val_roc_auc=0.7771
     test_acc=0.9702 test_loss=0.1271 test_metric=0.7652 test_metric_name=roc_auc test_roc_auc=0.7652
  >> num_layers=2 hidden_dim=512 lr=1e-05 best_step=1270 val_roc_auc=0.7759 test_roc_auc=0.7719
     val_acc=0.9677 val_loss=0.1265 val_metric=0.7759 val_metric_name=roc_auc val_roc_auc=0.7759
     test_acc=0.9672 test_loss=0.1319 test_metric=0.7719 test_metric_name=roc_auc test_roc_auc=0.7719
  >> selected best (by val): num_layers=2 hidden_dim=512 lr=6e-05 val_roc_auc=0.7812 test_roc_auc=0.7696
     val_acc=0.9705 val_loss=0.1213 val_metric=0.7812 val_metric_name=roc_auc val_roc_auc=0.7812
     test_acc=0.9696 test_loss=0.1275 test_metric=0.7696 test_metric_name=roc_auc test_roc_auc=0.7696

Done. Results saved to /home/avshmelev/diploma_yandex_graphs/results_grid/questions/base.csv, checkpoints in /home/avshmelev/diploma_yandex_graphs/all_checkpoints/questions/base/
