Loading data...

============================================================
Training questions ResNet 5L h=256 lr=3e-05 split=1
============================================================
Training for 5000 steps
Step    1 | loss 0.5562 | val_acc=0.9707 val_roc_auc=0.5103 val_loss=0.3394 val_metric_name=roc_auc val_metric=0.5103
Step   50 | loss 0.1350 | val_acc=0.9702 val_roc_auc=0.5850 val_loss=0.1589 val_metric_name=roc_auc val_metric=0.5850
Step  100 | loss 0.1315 | val_acc=0.9702 val_roc_auc=0.6482 val_loss=0.1413 val_metric_name=roc_auc val_metric=0.6482
Step  150 | loss 0.1294 | val_acc=0.9717 val_roc_auc=0.6660 val_loss=0.1368 val_metric_name=roc_auc val_metric=0.6660
Step  200 | loss 0.1285 | val_acc=0.9715 val_roc_auc=0.6816 val_loss=0.1325 val_metric_name=roc_auc val_metric=0.6816
Step  250 | loss 0.1266 | val_acc=0.9715 val_roc_auc=0.6973 val_loss=0.1291 val_metric_name=roc_auc val_metric=0.6973
Step  300 | loss 0.1246 | val_acc=0.9714 val_roc_auc=0.7106 val_loss=0.1265 val_metric_name=roc_auc val_metric=0.7106
Step  350 | loss 0.1245 | val_acc=0.9715 val_roc_auc=0.7183 val_loss=0.1247 val_metric_name=roc_auc val_metric=0.7183
Step  400 | loss 0.1227 | val_acc=0.9714 val_roc_auc=0.7229 val_loss=0.1231 val_metric_name=roc_auc val_metric=0.7229
Step  450 | loss 0.1221 | val_acc=0.9726 val_roc_auc=0.7248 val_loss=0.1222 val_metric_name=roc_auc val_metric=0.7248
Step  500 | loss 0.1204 | val_acc=0.9723 val_roc_auc=0.7253 val_loss=0.1215 val_metric_name=roc_auc val_metric=0.7253
Step  550 | loss 0.1193 | val_acc=0.9720 val_roc_auc=0.7256 val_loss=0.1211 val_metric_name=roc_auc val_metric=0.7256
Step  600 | loss 0.1188 | val_acc=0.9722 val_roc_auc=0.7256 val_loss=0.1210 val_metric_name=roc_auc val_metric=0.7256
Step  650 | loss 0.1176 | val_acc=0.9720 val_roc_auc=0.7247 val_loss=0.1215 val_metric_name=roc_auc val_metric=0.7247
Step  700 | loss 0.1158 | val_acc=0.9718 val_roc_auc=0.7246 val_loss=0.1218 val_metric_name=roc_auc val_metric=0.7246
Step  750 | loss 0.1157 | val_acc=0.9713 val_roc_auc=0.7237 val_loss=0.1224 val_metric_name=roc_auc val_metric=0.7237
Step  800 | loss 0.1145 | val_acc=0.9714 val_roc_auc=0.7227 val_loss=0.1234 val_metric_name=roc_auc val_metric=0.7227
Step  850 | loss 0.1136 | val_acc=0.9705 val_roc_auc=0.7216 val_loss=0.1247 val_metric_name=roc_auc val_metric=0.7216
Early stopping at step 887

--- Final (best ckpt @ step 580) ---
  train_acc=0.9722 train_roc_auc=0.7573 train_loss=0.1189 train_metric_name=roc_auc train_metric=0.7573
  val_acc=0.9723 val_roc_auc=0.7258 val_loss=0.1212 val_metric_name=roc_auc val_metric=0.7258
  test_acc=0.9724 test_roc_auc=0.7063 test_loss=0.1233 test_metric_name=roc_auc test_metric=0.7063
  test_roc_auc=0.7063

============================================================
Training questions ResNet 5L h=256 lr=6e-05 split=1
============================================================
Training for 5000 steps
Step    1 | loss 0.5562 | val_acc=0.9718 val_roc_auc=0.5103 val_loss=0.2653 val_metric_name=roc_auc val_metric=0.5103
Step   50 | loss 0.1314 | val_acc=0.9702 val_roc_auc=0.6329 val_loss=0.1354 val_metric_name=roc_auc val_metric=0.6329
Step  100 | loss 0.1284 | val_acc=0.9714 val_roc_auc=0.6693 val_loss=0.1302 val_metric_name=roc_auc val_metric=0.6693
Step  150 | loss 0.1258 | val_acc=0.9716 val_roc_auc=0.6975 val_loss=0.1260 val_metric_name=roc_auc val_metric=0.6975
Step  200 | loss 0.1237 | val_acc=0.9715 val_roc_auc=0.7174 val_loss=0.1231 val_metric_name=roc_auc val_metric=0.7174
Step  250 | loss 0.1212 | val_acc=0.9727 val_roc_auc=0.7243 val_loss=0.1213 val_metric_name=roc_auc val_metric=0.7243
Step  300 | loss 0.1187 | val_acc=0.9721 val_roc_auc=0.7245 val_loss=0.1207 val_metric_name=roc_auc val_metric=0.7245
Step  350 | loss 0.1182 | val_acc=0.9720 val_roc_auc=0.7243 val_loss=0.1210 val_metric_name=roc_auc val_metric=0.7243
Step  400 | loss 0.1160 | val_acc=0.9715 val_roc_auc=0.7229 val_loss=0.1224 val_metric_name=roc_auc val_metric=0.7229
Step  450 | loss 0.1151 | val_acc=0.9710 val_roc_auc=0.7215 val_loss=0.1236 val_metric_name=roc_auc val_metric=0.7215
Step  500 | loss 0.1127 | val_acc=0.9705 val_roc_auc=0.7202 val_loss=0.1263 val_metric_name=roc_auc val_metric=0.7202
Step  550 | loss 0.1098 | val_acc=0.9695 val_roc_auc=0.7192 val_loss=0.1291 val_metric_name=roc_auc val_metric=0.7192
Step  600 | loss 0.1079 | val_acc=0.9682 val_roc_auc=0.7189 val_loss=0.1329 val_metric_name=roc_auc val_metric=0.7189
Early stopping at step 612

--- Final (best ckpt @ step 310) ---
  train_acc=0.9720 train_roc_auc=0.7557 train_loss=0.1189 train_metric_name=roc_auc train_metric=0.7557
  val_acc=0.9723 val_roc_auc=0.7250 val_loss=0.1210 val_metric_name=roc_auc val_metric=0.7250
  test_acc=0.9722 test_roc_auc=0.7059 test_loss=0.1231 test_metric_name=roc_auc test_metric=0.7059
  test_roc_auc=0.7059

============================================================
Training questions ResNet 5L h=256 lr=0.0001 split=1
============================================================
Training for 5000 steps
Step    1 | loss 0.5562 | val_acc=0.9702 val_roc_auc=0.5101 val_loss=0.2011 val_metric_name=roc_auc val_metric=0.5101
Step   50 | loss 0.1295 | val_acc=0.9720 val_roc_auc=0.6434 val_loss=0.1306 val_metric_name=roc_auc val_metric=0.6434
Step  100 | loss 0.1256 | val_acc=0.9715 val_roc_auc=0.6909 val_loss=0.1244 val_metric_name=roc_auc val_metric=0.6909
Step  150 | loss 0.1224 | val_acc=0.9715 val_roc_auc=0.7213 val_loss=0.1212 val_metric_name=roc_auc val_metric=0.7213
Step  200 | loss 0.1194 | val_acc=0.9720 val_roc_auc=0.7248 val_loss=0.1202 val_metric_name=roc_auc val_metric=0.7248
Step  250 | loss 0.1167 | val_acc=0.9718 val_roc_auc=0.7238 val_loss=0.1212 val_metric_name=roc_auc val_metric=0.7238
Step  300 | loss 0.1138 | val_acc=0.9708 val_roc_auc=0.7212 val_loss=0.1236 val_metric_name=roc_auc val_metric=0.7212
Step  350 | loss 0.1119 | val_acc=0.9698 val_roc_auc=0.7191 val_loss=0.1277 val_metric_name=roc_auc val_metric=0.7191
Step  400 | loss 0.1078 | val_acc=0.9670 val_roc_auc=0.7185 val_loss=0.1340 val_metric_name=roc_auc val_metric=0.7185
Step  450 | loss 0.1037 | val_acc=0.9648 val_roc_auc=0.7186 val_loss=0.1399 val_metric_name=roc_auc val_metric=0.7186
Step  500 | loss 0.0964 | val_acc=0.9621 val_roc_auc=0.7085 val_loss=0.1538 val_metric_name=roc_auc val_metric=0.7085
Early stopping at step 512

--- Final (best ckpt @ step 190) ---
  train_acc=0.9714 train_roc_auc=0.7490 train_loss=0.1195 train_metric_name=roc_auc train_metric=0.7490
  val_acc=0.9720 val_roc_auc=0.7249 val_loss=0.1206 val_metric_name=roc_auc val_metric=0.7249
  test_acc=0.9715 test_roc_auc=0.7033 test_loss=0.1227 test_metric_name=roc_auc test_metric=0.7033
  test_roc_auc=0.7033

============================================================
Training questions ResNet 5L h=256 lr=1e-05 split=1
============================================================
Training for 5000 steps
Step    1 | loss 0.5562 | val_acc=0.9677 val_roc_auc=0.5105 val_loss=0.4047 val_metric_name=roc_auc val_metric=0.5105
Step   50 | loss 0.1501 | val_acc=0.9702 val_roc_auc=0.5154 val_loss=0.1392 val_metric_name=roc_auc val_metric=0.5154
Step  100 | loss 0.1367 | val_acc=0.9702 val_roc_auc=0.5456 val_loss=0.1515 val_metric_name=roc_auc val_metric=0.5456
Step  150 | loss 0.1341 | val_acc=0.9702 val_roc_auc=0.5837 val_loss=0.1534 val_metric_name=roc_auc val_metric=0.5837
Step  200 | loss 0.1340 | val_acc=0.9702 val_roc_auc=0.6317 val_loss=0.1514 val_metric_name=roc_auc val_metric=0.6317
Step  250 | loss 0.1323 | val_acc=0.9702 val_roc_auc=0.6454 val_loss=0.1484 val_metric_name=roc_auc val_metric=0.6454
Step  300 | loss 0.1317 | val_acc=0.9702 val_roc_auc=0.6523 val_loss=0.1455 val_metric_name=roc_auc val_metric=0.6523
Step  350 | loss 0.1314 | val_acc=0.9717 val_roc_auc=0.6588 val_loss=0.1431 val_metric_name=roc_auc val_metric=0.6588
Step  400 | loss 0.1303 | val_acc=0.9718 val_roc_auc=0.6656 val_loss=0.1410 val_metric_name=roc_auc val_metric=0.6656
Step  450 | loss 0.1301 | val_acc=0.9716 val_roc_auc=0.6719 val_loss=0.1389 val_metric_name=roc_auc val_metric=0.6719
Step  500 | loss 0.1289 | val_acc=0.9715 val_roc_auc=0.6779 val_loss=0.1370 val_metric_name=roc_auc val_metric=0.6779
Step  550 | loss 0.1278 | val_acc=0.9717 val_roc_auc=0.6839 val_loss=0.1352 val_metric_name=roc_auc val_metric=0.6839
Step  600 | loss 0.1279 | val_acc=0.9718 val_roc_auc=0.6897 val_loss=0.1336 val_metric_name=roc_auc val_metric=0.6897
Step  650 | loss 0.1275 | val_acc=0.9716 val_roc_auc=0.6958 val_loss=0.1322 val_metric_name=roc_auc val_metric=0.6958
Step  700 | loss 0.1259 | val_acc=0.9715 val_roc_auc=0.7016 val_loss=0.1309 val_metric_name=roc_auc val_metric=0.7016
Step  750 | loss 0.1258 | val_acc=0.9716 val_roc_auc=0.7069 val_loss=0.1297 val_metric_name=roc_auc val_metric=0.7069
Step  800 | loss 0.1253 | val_acc=0.9715 val_roc_auc=0.7113 val_loss=0.1286 val_metric_name=roc_auc val_metric=0.7113
Step  850 | loss 0.1247 | val_acc=0.9715 val_roc_auc=0.7149 val_loss=0.1277 val_metric_name=roc_auc val_metric=0.7149
Step  900 | loss 0.1246 | val_acc=0.9714 val_roc_auc=0.7174 val_loss=0.1267 val_metric_name=roc_auc val_metric=0.7174
Step  950 | loss 0.1238 | val_acc=0.9715 val_roc_auc=0.7195 val_loss=0.1259 val_metric_name=roc_auc val_metric=0.7195
Step 1000 | loss 0.1229 | val_acc=0.9715 val_roc_auc=0.7214 val_loss=0.1251 val_metric_name=roc_auc val_metric=0.7214
Step 1050 | loss 0.1222 | val_acc=0.9715 val_roc_auc=0.7227 val_loss=0.1244 val_metric_name=roc_auc val_metric=0.7227
Step 1100 | loss 0.1223 | val_acc=0.9721 val_roc_auc=0.7238 val_loss=0.1237 val_metric_name=roc_auc val_metric=0.7238
Step 1150 | loss 0.1218 | val_acc=0.9724 val_roc_auc=0.7246 val_loss=0.1233 val_metric_name=roc_auc val_metric=0.7246
Step 1200 | loss 0.1219 | val_acc=0.9726 val_roc_auc=0.7253 val_loss=0.1229 val_metric_name=roc_auc val_metric=0.7253
Step 1250 | loss 0.1207 | val_acc=0.9726 val_roc_auc=0.7257 val_loss=0.1225 val_metric_name=roc_auc val_metric=0.7257
Step 1300 | loss 0.1216 | val_acc=0.9724 val_roc_auc=0.7261 val_loss=0.1222 val_metric_name=roc_auc val_metric=0.7261
Step 1350 | loss 0.1202 | val_acc=0.9725 val_roc_auc=0.7261 val_loss=0.1219 val_metric_name=roc_auc val_metric=0.7261
Step 1400 | loss 0.1213 | val_acc=0.9723 val_roc_auc=0.7263 val_loss=0.1217 val_metric_name=roc_auc val_metric=0.7263
Step 1450 | loss 0.1197 | val_acc=0.9720 val_roc_auc=0.7262 val_loss=0.1215 val_metric_name=roc_auc val_metric=0.7262
Step 1500 | loss 0.1188 | val_acc=0.9720 val_roc_auc=0.7264 val_loss=0.1215 val_metric_name=roc_auc val_metric=0.7264
Step 1550 | loss 0.1193 | val_acc=0.9723 val_roc_auc=0.7263 val_loss=0.1212 val_metric_name=roc_auc val_metric=0.7263
Step 1600 | loss 0.1187 | val_acc=0.9724 val_roc_auc=0.7263 val_loss=0.1212 val_metric_name=roc_auc val_metric=0.7263
Step 1650 | loss 0.1184 | val_acc=0.9723 val_roc_auc=0.7263 val_loss=0.1212 val_metric_name=roc_auc val_metric=0.7263
Step 1700 | loss 0.1177 | val_acc=0.9722 val_roc_auc=0.7260 val_loss=0.1212 val_metric_name=roc_auc val_metric=0.7260
Step 1750 | loss 0.1176 | val_acc=0.9720 val_roc_auc=0.7257 val_loss=0.1212 val_metric_name=roc_auc val_metric=0.7257
Step 1800 | loss 0.1179 | val_acc=0.9720 val_roc_auc=0.7256 val_loss=0.1214 val_metric_name=roc_auc val_metric=0.7256
Step 1850 | loss 0.1169 | val_acc=0.9720 val_roc_auc=0.7255 val_loss=0.1214 val_metric_name=roc_auc val_metric=0.7255
Early stopping at step 1887

--- Final (best ckpt @ step 1570) ---
  train_acc=0.9721 train_roc_auc=0.7571 train_loss=0.1194 train_metric_name=roc_auc train_metric=0.7571
  val_acc=0.9723 val_roc_auc=0.7264 val_loss=0.1213 val_metric_name=roc_auc val_metric=0.7264
  test_acc=0.9724 test_roc_auc=0.7064 test_loss=0.1234 test_metric_name=roc_auc test_metric=0.7064
  test_roc_auc=0.7064

============================================================
Training questions ResNet 5L h=384 lr=3e-05 split=1
============================================================
Training for 5000 steps
Step    1 | loss 0.5546 | val_acc=0.9691 val_roc_auc=0.4476 val_loss=0.3159 val_metric_name=roc_auc val_metric=0.4476
Step   50 | loss 0.1333 | val_acc=0.9702 val_roc_auc=0.6271 val_loss=0.1458 val_metric_name=roc_auc val_metric=0.6271
Step  100 | loss 0.1296 | val_acc=0.9710 val_roc_auc=0.6592 val_loss=0.1363 val_metric_name=roc_auc val_metric=0.6592
Step  150 | loss 0.1275 | val_acc=0.9716 val_roc_auc=0.6873 val_loss=0.1307 val_metric_name=roc_auc val_metric=0.6873
Step  200 | loss 0.1245 | val_acc=0.9714 val_roc_auc=0.7103 val_loss=0.1272 val_metric_name=roc_auc val_metric=0.7103
Step  250 | loss 0.1227 | val_acc=0.9713 val_roc_auc=0.7205 val_loss=0.1248 val_metric_name=roc_auc val_metric=0.7205
Step  300 | loss 0.1215 | val_acc=0.9720 val_roc_auc=0.7236 val_loss=0.1236 val_metric_name=roc_auc val_metric=0.7236
Step  350 | loss 0.1198 | val_acc=0.9720 val_roc_auc=0.7243 val_loss=0.1228 val_metric_name=roc_auc val_metric=0.7243
Step  400 | loss 0.1183 | val_acc=0.9717 val_roc_auc=0.7246 val_loss=0.1226 val_metric_name=roc_auc val_metric=0.7246
Step  450 | loss 0.1178 | val_acc=0.9718 val_roc_auc=0.7239 val_loss=0.1229 val_metric_name=roc_auc val_metric=0.7239
Step  500 | loss 0.1168 | val_acc=0.9717 val_roc_auc=0.7234 val_loss=0.1231 val_metric_name=roc_auc val_metric=0.7234
Step  550 | loss 0.1148 | val_acc=0.9707 val_roc_auc=0.7224 val_loss=0.1244 val_metric_name=roc_auc val_metric=0.7224
Step  600 | loss 0.1138 | val_acc=0.9702 val_roc_auc=0.7209 val_loss=0.1258 val_metric_name=roc_auc val_metric=0.7209
Step  650 | loss 0.1125 | val_acc=0.9699 val_roc_auc=0.7189 val_loss=0.1279 val_metric_name=roc_auc val_metric=0.7189
Early stopping at step 675

--- Final (best ckpt @ step 370) ---
  train_acc=0.9714 train_roc_auc=0.7572 train_loss=0.1207 train_metric_name=roc_auc train_metric=0.7572
  val_acc=0.9718 val_roc_auc=0.7247 val_loss=0.1228 val_metric_name=roc_auc val_metric=0.7247
  test_acc=0.9717 test_roc_auc=0.7066 test_loss=0.1249 test_metric_name=roc_auc test_metric=0.7066
  test_roc_auc=0.7066

============================================================
Training questions ResNet 5L h=384 lr=6e-05 split=1
============================================================
Training for 5000 steps
Step    1 | loss 0.5546 | val_acc=0.9699 val_roc_auc=0.4505 val_loss=0.2108 val_metric_name=roc_auc val_metric=0.4505
Step   50 | loss 0.1306 | val_acc=0.9702 val_roc_auc=0.6549 val_loss=0.1348 val_metric_name=roc_auc val_metric=0.6549
Step  100 | loss 0.1259 | val_acc=0.9717 val_roc_auc=0.6931 val_loss=0.1256 val_metric_name=roc_auc val_metric=0.6931
Step  150 | loss 0.1232 | val_acc=0.9713 val_roc_auc=0.7211 val_loss=0.1228 val_metric_name=roc_auc val_metric=0.7211
Step  200 | loss 0.1199 | val_acc=0.9720 val_roc_auc=0.7265 val_loss=0.1217 val_metric_name=roc_auc val_metric=0.7265
Step  250 | loss 0.1175 | val_acc=0.9719 val_roc_auc=0.7254 val_loss=0.1217 val_metric_name=roc_auc val_metric=0.7254
Step  300 | loss 0.1156 | val_acc=0.9711 val_roc_auc=0.7228 val_loss=0.1232 val_metric_name=roc_auc val_metric=0.7228
Step  350 | loss 0.1133 | val_acc=0.9703 val_roc_auc=0.7194 val_loss=0.1259 val_metric_name=roc_auc val_metric=0.7194
Step  400 | loss 0.1101 | val_acc=0.9692 val_roc_auc=0.7176 val_loss=0.1301 val_metric_name=roc_auc val_metric=0.7176
Step  450 | loss 0.1083 | val_acc=0.9673 val_roc_auc=0.7148 val_loss=0.1367 val_metric_name=roc_auc val_metric=0.7148
Early stopping at step 498

--- Final (best ckpt @ step 190) ---
  train_acc=0.9715 train_roc_auc=0.7473 train_loss=0.1212 train_metric_name=roc_auc train_metric=0.7473
  val_acc=0.9722 val_roc_auc=0.7265 val_loss=0.1218 val_metric_name=roc_auc val_metric=0.7265
  test_acc=0.9716 test_roc_auc=0.7039 test_loss=0.1241 test_metric_name=roc_auc test_metric=0.7039
  test_roc_auc=0.7039

============================================================
Training questions ResNet 5L h=384 lr=0.0001 split=1
============================================================
Training for 5000 steps
Step    1 | loss 0.5546 | val_acc=0.9702 val_roc_auc=0.4663 val_loss=0.1513 val_metric_name=roc_auc val_metric=0.4663
Step   50 | loss 0.1288 | val_acc=0.9711 val_roc_auc=0.6680 val_loss=0.1257 val_metric_name=roc_auc val_metric=0.6680
Step  100 | loss 0.1233 | val_acc=0.9712 val_roc_auc=0.7148 val_loss=0.1221 val_metric_name=roc_auc val_metric=0.7148
Step  150 | loss 0.1197 | val_acc=0.9719 val_roc_auc=0.7276 val_loss=0.1206 val_metric_name=roc_auc val_metric=0.7276
Step  200 | loss 0.1161 | val_acc=0.9718 val_roc_auc=0.7247 val_loss=0.1217 val_metric_name=roc_auc val_metric=0.7247
Step  250 | loss 0.1126 | val_acc=0.9696 val_roc_auc=0.7203 val_loss=0.1264 val_metric_name=roc_auc val_metric=0.7203
Step  300 | loss 0.1080 | val_acc=0.9669 val_roc_auc=0.7149 val_loss=0.1355 val_metric_name=roc_auc val_metric=0.7149
Step  350 | loss 0.1033 | val_acc=0.9638 val_roc_auc=0.7079 val_loss=0.1459 val_metric_name=roc_auc val_metric=0.7079
Step  400 | loss 0.0953 | val_acc=0.9614 val_roc_auc=0.7029 val_loss=0.1558 val_metric_name=roc_auc val_metric=0.7029
Step  450 | loss 0.0881 | val_acc=0.9581 val_roc_auc=0.6922 val_loss=0.1748 val_metric_name=roc_auc val_metric=0.6922
Early stopping at step 450

--- Final (best ckpt @ step 150) ---
  train_acc=0.9713 train_roc_auc=0.7502 train_loss=0.1192 train_metric_name=roc_auc train_metric=0.7502
  val_acc=0.9719 val_roc_auc=0.7276 val_loss=0.1206 val_metric_name=roc_auc val_metric=0.7276
  test_acc=0.9717 test_roc_auc=0.7059 test_loss=0.1227 test_metric_name=roc_auc test_metric=0.7059
  test_roc_auc=0.7059

============================================================
Training questions ResNet 5L h=384 lr=1e-05 split=1
============================================================
Training for 5000 steps
Step    1 | loss 0.5546 | val_acc=0.8208 val_roc_auc=0.4438 val_loss=0.4307 val_metric_name=roc_auc val_metric=0.4438
Step   50 | loss 0.1379 | val_acc=0.9702 val_roc_auc=0.5308 val_loss=0.1680 val_metric_name=roc_auc val_metric=0.5308
Step  100 | loss 0.1351 | val_acc=0.9702 val_roc_auc=0.6129 val_loss=0.1619 val_metric_name=roc_auc val_metric=0.6129
Step  150 | loss 0.1334 | val_acc=0.9702 val_roc_auc=0.6285 val_loss=0.1542 val_metric_name=roc_auc val_metric=0.6285
Step  200 | loss 0.1309 | val_acc=0.9702 val_roc_auc=0.6416 val_loss=0.1485 val_metric_name=roc_auc val_metric=0.6416
Step  250 | loss 0.1297 | val_acc=0.9705 val_roc_auc=0.6553 val_loss=0.1440 val_metric_name=roc_auc val_metric=0.6553
Step  300 | loss 0.1292 | val_acc=0.9718 val_roc_auc=0.6685 val_loss=0.1403 val_metric_name=roc_auc val_metric=0.6685
Step  350 | loss 0.1279 | val_acc=0.9716 val_roc_auc=0.6816 val_loss=0.1371 val_metric_name=roc_auc val_metric=0.6816
Step  400 | loss 0.1271 | val_acc=0.9718 val_roc_auc=0.6927 val_loss=0.1348 val_metric_name=roc_auc val_metric=0.6927
Step  450 | loss 0.1267 | val_acc=0.9716 val_roc_auc=0.7013 val_loss=0.1326 val_metric_name=roc_auc val_metric=0.7013
Step  500 | loss 0.1262 | val_acc=0.9715 val_roc_auc=0.7091 val_loss=0.1308 val_metric_name=roc_auc val_metric=0.7091
Step  550 | loss 0.1240 | val_acc=0.9715 val_roc_auc=0.7149 val_loss=0.1294 val_metric_name=roc_auc val_metric=0.7149
Step  600 | loss 0.1238 | val_acc=0.9714 val_roc_auc=0.7178 val_loss=0.1282 val_metric_name=roc_auc val_metric=0.7178
Step  650 | loss 0.1238 | val_acc=0.9712 val_roc_auc=0.7200 val_loss=0.1272 val_metric_name=roc_auc val_metric=0.7200
Step  700 | loss 0.1224 | val_acc=0.9712 val_roc_auc=0.7209 val_loss=0.1262 val_metric_name=roc_auc val_metric=0.7209
Step  750 | loss 0.1221 | val_acc=0.9714 val_roc_auc=0.7219 val_loss=0.1255 val_metric_name=roc_auc val_metric=0.7219
Step  800 | loss 0.1212 | val_acc=0.9721 val_roc_auc=0.7227 val_loss=0.1249 val_metric_name=roc_auc val_metric=0.7227
Step  850 | loss 0.1212 | val_acc=0.9722 val_roc_auc=0.7231 val_loss=0.1244 val_metric_name=roc_auc val_metric=0.7231
Step  900 | loss 0.1203 | val_acc=0.9724 val_roc_auc=0.7233 val_loss=0.1240 val_metric_name=roc_auc val_metric=0.7233
Step  950 | loss 0.1193 | val_acc=0.9720 val_roc_auc=0.7235 val_loss=0.1237 val_metric_name=roc_auc val_metric=0.7235
Step 1000 | loss 0.1196 | val_acc=0.9719 val_roc_auc=0.7236 val_loss=0.1235 val_metric_name=roc_auc val_metric=0.7236
Step 1050 | loss 0.1193 | val_acc=0.9717 val_roc_auc=0.7238 val_loss=0.1233 val_metric_name=roc_auc val_metric=0.7238
Step 1100 | loss 0.1181 | val_acc=0.9716 val_roc_auc=0.7235 val_loss=0.1232 val_metric_name=roc_auc val_metric=0.7235
Step 1150 | loss 0.1182 | val_acc=0.9718 val_roc_auc=0.7235 val_loss=0.1232 val_metric_name=roc_auc val_metric=0.7235
Step 1200 | loss 0.1174 | val_acc=0.9719 val_roc_auc=0.7236 val_loss=0.1231 val_metric_name=roc_auc val_metric=0.7236
Step 1250 | loss 0.1170 | val_acc=0.9717 val_roc_auc=0.7235 val_loss=0.1232 val_metric_name=roc_auc val_metric=0.7235
Step 1300 | loss 0.1170 | val_acc=0.9718 val_roc_auc=0.7235 val_loss=0.1233 val_metric_name=roc_auc val_metric=0.7235
Step 1350 | loss 0.1155 | val_acc=0.9717 val_roc_auc=0.7232 val_loss=0.1235 val_metric_name=roc_auc val_metric=0.7232
Early stopping at step 1360

--- Final (best ckpt @ step 1060) ---
  train_acc=0.9715 train_roc_auc=0.7619 train_loss=0.1203 train_metric_name=roc_auc train_metric=0.7619
  val_acc=0.9717 val_roc_auc=0.7238 val_loss=0.1232 val_metric_name=roc_auc val_metric=0.7238
  test_acc=0.9715 test_roc_auc=0.7075 test_loss=0.1253 test_metric_name=roc_auc test_metric=0.7075
  test_roc_auc=0.7075

============================================================
Training questions ResNet 5L h=512 lr=3e-05 split=1
============================================================
Training for 5000 steps
Step    1 | loss 0.8414 | val_acc=0.9629 val_roc_auc=0.4506 val_loss=0.4371 val_metric_name=roc_auc val_metric=0.4506
Step   50 | loss 0.1316 | val_acc=0.9702 val_roc_auc=0.6547 val_loss=0.1389 val_metric_name=roc_auc val_metric=0.6547
Step  100 | loss 0.1288 | val_acc=0.9717 val_roc_auc=0.6826 val_loss=0.1346 val_metric_name=roc_auc val_metric=0.6826
Step  150 | loss 0.1272 | val_acc=0.9715 val_roc_auc=0.7046 val_loss=0.1300 val_metric_name=roc_auc val_metric=0.7046
Step  200 | loss 0.1247 | val_acc=0.9715 val_roc_auc=0.7212 val_loss=0.1265 val_metric_name=roc_auc val_metric=0.7212
Step  250 | loss 0.1227 | val_acc=0.9720 val_roc_auc=0.7253 val_loss=0.1245 val_metric_name=roc_auc val_metric=0.7253
Step  300 | loss 0.1203 | val_acc=0.9721 val_roc_auc=0.7264 val_loss=0.1235 val_metric_name=roc_auc val_metric=0.7264
Step  350 | loss 0.1190 | val_acc=0.9720 val_roc_auc=0.7250 val_loss=0.1232 val_metric_name=roc_auc val_metric=0.7250
Step  400 | loss 0.1179 | val_acc=0.9717 val_roc_auc=0.7240 val_loss=0.1237 val_metric_name=roc_auc val_metric=0.7240
Step  450 | loss 0.1160 | val_acc=0.9711 val_roc_auc=0.7226 val_loss=0.1241 val_metric_name=roc_auc val_metric=0.7226
Step  500 | loss 0.1151 | val_acc=0.9707 val_roc_auc=0.7208 val_loss=0.1257 val_metric_name=roc_auc val_metric=0.7208
Step  550 | loss 0.1138 | val_acc=0.9697 val_roc_auc=0.7183 val_loss=0.1281 val_metric_name=roc_auc val_metric=0.7183
Step  600 | loss 0.1119 | val_acc=0.9686 val_roc_auc=0.7151 val_loss=0.1313 val_metric_name=roc_auc val_metric=0.7151
Early stopping at step 600

--- Final (best ckpt @ step 300) ---
  train_acc=0.9713 train_roc_auc=0.7501 train_loss=0.1231 train_metric_name=roc_auc train_metric=0.7501
  val_acc=0.9721 val_roc_auc=0.7264 val_loss=0.1235 val_metric_name=roc_auc val_metric=0.7264
  test_acc=0.9715 test_roc_auc=0.7085 test_loss=0.1258 test_metric_name=roc_auc test_metric=0.7085
  test_roc_auc=0.7085

============================================================
Training questions ResNet 5L h=512 lr=6e-05 split=1
============================================================
Training for 5000 steps
Step    1 | loss 0.8414 | val_acc=0.9702 val_roc_auc=0.4834 val_loss=0.2381 val_metric_name=roc_auc val_metric=0.4834
Step   50 | loss 0.1299 | val_acc=0.9703 val_roc_auc=0.6671 val_loss=0.1358 val_metric_name=roc_auc val_metric=0.6671
Step  100 | loss 0.1255 | val_acc=0.9716 val_roc_auc=0.7032 val_loss=0.1253 val_metric_name=roc_auc val_metric=0.7032
Step  150 | loss 0.1235 | val_acc=0.9712 val_roc_auc=0.7250 val_loss=0.1221 val_metric_name=roc_auc val_metric=0.7250
Step  200 | loss 0.1204 | val_acc=0.9720 val_roc_auc=0.7263 val_loss=0.1214 val_metric_name=roc_auc val_metric=0.7263
Step  250 | loss 0.1176 | val_acc=0.9717 val_roc_auc=0.7234 val_loss=0.1224 val_metric_name=roc_auc val_metric=0.7234
Step  300 | loss 0.1144 | val_acc=0.9711 val_roc_auc=0.7202 val_loss=0.1237 val_metric_name=roc_auc val_metric=0.7202
Step  350 | loss 0.1126 | val_acc=0.9693 val_roc_auc=0.7157 val_loss=0.1286 val_metric_name=roc_auc val_metric=0.7157
Step  400 | loss 0.1097 | val_acc=0.9658 val_roc_auc=0.7114 val_loss=0.1374 val_metric_name=roc_auc val_metric=0.7114
Step  450 | loss 0.1057 | val_acc=0.9629 val_roc_auc=0.7107 val_loss=0.1449 val_metric_name=roc_auc val_metric=0.7107
Early stopping at step 490

--- Final (best ckpt @ step 190) ---
  train_acc=0.9712 train_roc_auc=0.7487 train_loss=0.1207 train_metric_name=roc_auc train_metric=0.7487
  val_acc=0.9720 val_roc_auc=0.7267 val_loss=0.1214 val_metric_name=roc_auc val_metric=0.7267
  test_acc=0.9715 test_roc_auc=0.7086 test_loss=0.1235 test_metric_name=roc_auc test_metric=0.7086
  test_roc_auc=0.7086

============================================================
Training questions ResNet 5L h=512 lr=0.0001 split=1
============================================================
Training for 5000 steps
Step    1 | loss 0.8414 | val_acc=0.9702 val_roc_auc=0.4973 val_loss=0.1472 val_metric_name=roc_auc val_metric=0.4973
Step   50 | loss 0.1280 | val_acc=0.9711 val_roc_auc=0.6719 val_loss=0.1249 val_metric_name=roc_auc val_metric=0.6719
Step  100 | loss 0.1232 | val_acc=0.9715 val_roc_auc=0.7144 val_loss=0.1217 val_metric_name=roc_auc val_metric=0.7144
Step  150 | loss 0.1205 | val_acc=0.9720 val_roc_auc=0.7272 val_loss=0.1203 val_metric_name=roc_auc val_metric=0.7272
Step  200 | loss 0.1168 | val_acc=0.9716 val_roc_auc=0.7226 val_loss=0.1218 val_metric_name=roc_auc val_metric=0.7226
Step  250 | loss 0.1129 | val_acc=0.9688 val_roc_auc=0.7153 val_loss=0.1283 val_metric_name=roc_auc val_metric=0.7153
Step  300 | loss 0.1074 | val_acc=0.9639 val_roc_auc=0.7123 val_loss=0.1407 val_metric_name=roc_auc val_metric=0.7123
Step  350 | loss 0.1030 | val_acc=0.9590 val_roc_auc=0.7094 val_loss=0.1549 val_metric_name=roc_auc val_metric=0.7094
Step  400 | loss 0.0954 | val_acc=0.9563 val_roc_auc=0.7039 val_loss=0.1701 val_metric_name=roc_auc val_metric=0.7039
Early stopping at step 441

--- Final (best ckpt @ step 140) ---
  train_acc=0.9711 train_roc_auc=0.7442 train_loss=0.1197 train_metric_name=roc_auc train_metric=0.7442
  val_acc=0.9720 val_roc_auc=0.7276 val_loss=0.1201 val_metric_name=roc_auc val_metric=0.7276
  test_acc=0.9712 test_roc_auc=0.7076 test_loss=0.1220 test_metric_name=roc_auc test_metric=0.7076
  test_roc_auc=0.7076

============================================================
Training questions ResNet 5L h=512 lr=1e-05 split=1
============================================================
Training for 5000 steps
Step    1 | loss 0.8414 | val_acc=0.5848 val_roc_auc=0.4275 val_loss=0.6759 val_metric_name=roc_auc val_metric=0.4275
Step   50 | loss 0.1360 | val_acc=0.9702 val_roc_auc=0.5855 val_loss=0.1730 val_metric_name=roc_auc val_metric=0.5855
Step  100 | loss 0.1338 | val_acc=0.9702 val_roc_auc=0.6386 val_loss=0.1610 val_metric_name=roc_auc val_metric=0.6386
Step  150 | loss 0.1328 | val_acc=0.9702 val_roc_auc=0.6562 val_loss=0.1543 val_metric_name=roc_auc val_metric=0.6562
Step  200 | loss 0.1311 | val_acc=0.9702 val_roc_auc=0.6710 val_loss=0.1491 val_metric_name=roc_auc val_metric=0.6710
Step  250 | loss 0.1300 | val_acc=0.9705 val_roc_auc=0.6834 val_loss=0.1443 val_metric_name=roc_auc val_metric=0.6834
Step  300 | loss 0.1278 | val_acc=0.9717 val_roc_auc=0.6937 val_loss=0.1405 val_metric_name=roc_auc val_metric=0.6937
Step  350 | loss 0.1266 | val_acc=0.9715 val_roc_auc=0.7025 val_loss=0.1374 val_metric_name=roc_auc val_metric=0.7025
Step  400 | loss 0.1262 | val_acc=0.9715 val_roc_auc=0.7095 val_loss=0.1348 val_metric_name=roc_auc val_metric=0.7095
Step  450 | loss 0.1245 | val_acc=0.9716 val_roc_auc=0.7148 val_loss=0.1325 val_metric_name=roc_auc val_metric=0.7148
Step  500 | loss 0.1240 | val_acc=0.9715 val_roc_auc=0.7195 val_loss=0.1307 val_metric_name=roc_auc val_metric=0.7195
Step  550 | loss 0.1238 | val_acc=0.9716 val_roc_auc=0.7217 val_loss=0.1295 val_metric_name=roc_auc val_metric=0.7217
Step  600 | loss 0.1224 | val_acc=0.9714 val_roc_auc=0.7231 val_loss=0.1282 val_metric_name=roc_auc val_metric=0.7231
Step  650 | loss 0.1226 | val_acc=0.9720 val_roc_auc=0.7238 val_loss=0.1274 val_metric_name=roc_auc val_metric=0.7238
Step  700 | loss 0.1211 | val_acc=0.9722 val_roc_auc=0.7241 val_loss=0.1267 val_metric_name=roc_auc val_metric=0.7241
Step  750 | loss 0.1210 | val_acc=0.9723 val_roc_auc=0.7241 val_loss=0.1261 val_metric_name=roc_auc val_metric=0.7241
Step  800 | loss 0.1198 | val_acc=0.9722 val_roc_auc=0.7238 val_loss=0.1258 val_metric_name=roc_auc val_metric=0.7238
Step  850 | loss 0.1207 | val_acc=0.9721 val_roc_auc=0.7236 val_loss=0.1253 val_metric_name=roc_auc val_metric=0.7236
Step  900 | loss 0.1191 | val_acc=0.9720 val_roc_auc=0.7233 val_loss=0.1251 val_metric_name=roc_auc val_metric=0.7233
Step  950 | loss 0.1189 | val_acc=0.9721 val_roc_auc=0.7232 val_loss=0.1251 val_metric_name=roc_auc val_metric=0.7232
Step 1000 | loss 0.1180 | val_acc=0.9720 val_roc_auc=0.7230 val_loss=0.1251 val_metric_name=roc_auc val_metric=0.7230
Early stopping at step 1000

--- Final (best ckpt @ step 700) ---
  train_acc=0.9713 train_roc_auc=0.7485 train_loss=0.1269 train_metric_name=roc_auc train_metric=0.7485
  val_acc=0.9722 val_roc_auc=0.7241 val_loss=0.1267 val_metric_name=roc_auc val_metric=0.7241
  test_acc=0.9717 test_roc_auc=0.7055 test_loss=0.1290 test_metric_name=roc_auc test_metric=0.7055
  test_roc_auc=0.7055
  >> num_layers=5 hidden_dim=256 lr=3e-05 best_step=580 val_roc_auc=0.7258 test_roc_auc=0.7063
     val_acc=0.9723 val_loss=0.1212 val_metric=0.7258 val_metric_name=roc_auc val_roc_auc=0.7258
     test_acc=0.9724 test_loss=0.1233 test_metric=0.7063 test_metric_name=roc_auc test_roc_auc=0.7063
  >> num_layers=5 hidden_dim=256 lr=6e-05 best_step=310 val_roc_auc=0.7250 test_roc_auc=0.7059
     val_acc=0.9723 val_loss=0.1210 val_metric=0.7250 val_metric_name=roc_auc val_roc_auc=0.7250
     test_acc=0.9722 test_loss=0.1231 test_metric=0.7059 test_metric_name=roc_auc test_roc_auc=0.7059
  >> num_layers=5 hidden_dim=256 lr=0.0001 best_step=190 val_roc_auc=0.7249 test_roc_auc=0.7033
     val_acc=0.9720 val_loss=0.1206 val_metric=0.7249 val_metric_name=roc_auc val_roc_auc=0.7249
     test_acc=0.9715 test_loss=0.1227 test_metric=0.7033 test_metric_name=roc_auc test_roc_auc=0.7033
  >> num_layers=5 hidden_dim=256 lr=1e-05 best_step=1570 val_roc_auc=0.7264 test_roc_auc=0.7064
     val_acc=0.9723 val_loss=0.1213 val_metric=0.7264 val_metric_name=roc_auc val_roc_auc=0.7264
     test_acc=0.9724 test_loss=0.1234 test_metric=0.7064 test_metric_name=roc_auc test_roc_auc=0.7064
  >> num_layers=5 hidden_dim=384 lr=3e-05 best_step=370 val_roc_auc=0.7247 test_roc_auc=0.7066
     val_acc=0.9718 val_loss=0.1228 val_metric=0.7247 val_metric_name=roc_auc val_roc_auc=0.7247
     test_acc=0.9717 test_loss=0.1249 test_metric=0.7066 test_metric_name=roc_auc test_roc_auc=0.7066
  >> num_layers=5 hidden_dim=384 lr=6e-05 best_step=190 val_roc_auc=0.7265 test_roc_auc=0.7039
     val_acc=0.9722 val_loss=0.1218 val_metric=0.7265 val_metric_name=roc_auc val_roc_auc=0.7265
     test_acc=0.9716 test_loss=0.1241 test_metric=0.7039 test_metric_name=roc_auc test_roc_auc=0.7039
  >> num_layers=5 hidden_dim=384 lr=0.0001 best_step=150 val_roc_auc=0.7276 test_roc_auc=0.7059
     val_acc=0.9719 val_loss=0.1206 val_metric=0.7276 val_metric_name=roc_auc val_roc_auc=0.7276
     test_acc=0.9717 test_loss=0.1227 test_metric=0.7059 test_metric_name=roc_auc test_roc_auc=0.7059
  >> num_layers=5 hidden_dim=384 lr=1e-05 best_step=1060 val_roc_auc=0.7238 test_roc_auc=0.7075
     val_acc=0.9717 val_loss=0.1232 val_metric=0.7238 val_metric_name=roc_auc val_roc_auc=0.7238
     test_acc=0.9715 test_loss=0.1253 test_metric=0.7075 test_metric_name=roc_auc test_roc_auc=0.7075
  >> num_layers=5 hidden_dim=512 lr=3e-05 best_step=300 val_roc_auc=0.7264 test_roc_auc=0.7085
     val_acc=0.9721 val_loss=0.1235 val_metric=0.7264 val_metric_name=roc_auc val_roc_auc=0.7264
     test_acc=0.9715 test_loss=0.1258 test_metric=0.7085 test_metric_name=roc_auc test_roc_auc=0.7085
  >> num_layers=5 hidden_dim=512 lr=6e-05 best_step=190 val_roc_auc=0.7267 test_roc_auc=0.7086
     val_acc=0.9720 val_loss=0.1214 val_metric=0.7267 val_metric_name=roc_auc val_roc_auc=0.7267
     test_acc=0.9715 test_loss=0.1235 test_metric=0.7086 test_metric_name=roc_auc test_roc_auc=0.7086
  >> num_layers=5 hidden_dim=512 lr=0.0001 best_step=140 val_roc_auc=0.7276 test_roc_auc=0.7076
     val_acc=0.9720 val_loss=0.1201 val_metric=0.7276 val_metric_name=roc_auc val_roc_auc=0.7276
     test_acc=0.9712 test_loss=0.1220 test_metric=0.7076 test_metric_name=roc_auc test_roc_auc=0.7076
  >> num_layers=5 hidden_dim=512 lr=1e-05 best_step=700 val_roc_auc=0.7241 test_roc_auc=0.7055
     val_acc=0.9722 val_loss=0.1267 val_metric=0.7241 val_metric_name=roc_auc val_roc_auc=0.7241
     test_acc=0.9717 test_loss=0.1290 test_metric=0.7055 test_metric_name=roc_auc test_roc_auc=0.7055
  >> selected best (by val): num_layers=5 hidden_dim=384 lr=0.0001 val_roc_auc=0.7276 test_roc_auc=0.7059
     val_acc=0.9719 val_loss=0.1206 val_metric=0.7276 val_metric_name=roc_auc val_roc_auc=0.7276
     test_acc=0.9717 test_loss=0.1227 test_metric=0.7059 test_metric_name=roc_auc test_roc_auc=0.7059

Done. Results saved to /home/avshmelev/diploma_yandex_graphs/results_grid/questions/base.csv, checkpoints in /home/avshmelev/diploma_yandex_graphs/all_checkpoints/questions/base/
