Loading data...

============================================================
Training questions SAGE 4L h=256 lr=3e-05 split=2
============================================================
Training for 5000 steps
Step    1 | loss 0.6878 | val_acc=0.9599 val_roc_auc=0.4315 val_loss=0.4576 val_metric_name=roc_auc val_metric=0.4315
Step   50 | loss 0.1343 | val_acc=0.9702 val_roc_auc=0.6150 val_loss=0.1513 val_metric_name=roc_auc val_metric=0.6150
Step  100 | loss 0.1307 | val_acc=0.9702 val_roc_auc=0.6351 val_loss=0.1395 val_metric_name=roc_auc val_metric=0.6351
Step  150 | loss 0.1267 | val_acc=0.9716 val_roc_auc=0.6481 val_loss=0.1344 val_metric_name=roc_auc val_metric=0.6481
Step  200 | loss 0.1245 | val_acc=0.9715 val_roc_auc=0.6688 val_loss=0.1310 val_metric_name=roc_auc val_metric=0.6688
Step  250 | loss 0.1226 | val_acc=0.9713 val_roc_auc=0.6891 val_loss=0.1290 val_metric_name=roc_auc val_metric=0.6891
Step  300 | loss 0.1191 | val_acc=0.9717 val_roc_auc=0.7061 val_loss=0.1278 val_metric_name=roc_auc val_metric=0.7061
Step  350 | loss 0.1176 | val_acc=0.9717 val_roc_auc=0.7141 val_loss=0.1269 val_metric_name=roc_auc val_metric=0.7141
Step  400 | loss 0.1151 | val_acc=0.9718 val_roc_auc=0.7181 val_loss=0.1264 val_metric_name=roc_auc val_metric=0.7181
Step  450 | loss 0.1141 | val_acc=0.9718 val_roc_auc=0.7198 val_loss=0.1259 val_metric_name=roc_auc val_metric=0.7198
Step  500 | loss 0.1128 | val_acc=0.9718 val_roc_auc=0.7206 val_loss=0.1257 val_metric_name=roc_auc val_metric=0.7206
Step  550 | loss 0.1122 | val_acc=0.9717 val_roc_auc=0.7214 val_loss=0.1257 val_metric_name=roc_auc val_metric=0.7214
Step  600 | loss 0.1103 | val_acc=0.9715 val_roc_auc=0.7217 val_loss=0.1262 val_metric_name=roc_auc val_metric=0.7217
Step  650 | loss 0.1085 | val_acc=0.9712 val_roc_auc=0.7221 val_loss=0.1267 val_metric_name=roc_auc val_metric=0.7221
Step  700 | loss 0.1072 | val_acc=0.9707 val_roc_auc=0.7239 val_loss=0.1278 val_metric_name=roc_auc val_metric=0.7239
Step  750 | loss 0.1033 | val_acc=0.9702 val_roc_auc=0.7275 val_loss=0.1289 val_metric_name=roc_auc val_metric=0.7275
Step  800 | loss 0.1014 | val_acc=0.9693 val_roc_auc=0.7287 val_loss=0.1314 val_metric_name=roc_auc val_metric=0.7287
Step  850 | loss 0.0983 | val_acc=0.9679 val_roc_auc=0.7312 val_loss=0.1344 val_metric_name=roc_auc val_metric=0.7312
Step  900 | loss 0.0944 | val_acc=0.9671 val_roc_auc=0.7323 val_loss=0.1378 val_metric_name=roc_auc val_metric=0.7323
Step  950 | loss 0.0914 | val_acc=0.9666 val_roc_auc=0.7330 val_loss=0.1401 val_metric_name=roc_auc val_metric=0.7330
Step 1000 | loss 0.0899 | val_acc=0.9657 val_roc_auc=0.7319 val_loss=0.1447 val_metric_name=roc_auc val_metric=0.7319
Step 1050 | loss 0.0847 | val_acc=0.9650 val_roc_auc=0.7297 val_loss=0.1484 val_metric_name=roc_auc val_metric=0.7297
Step 1100 | loss 0.0796 | val_acc=0.9651 val_roc_auc=0.7242 val_loss=0.1507 val_metric_name=roc_auc val_metric=0.7242
Step 1150 | loss 0.0764 | val_acc=0.9620 val_roc_auc=0.7208 val_loss=0.1588 val_metric_name=roc_auc val_metric=0.7208
Step 1200 | loss 0.0701 | val_acc=0.9620 val_roc_auc=0.7137 val_loss=0.1651 val_metric_name=roc_auc val_metric=0.7137
Early stopping at step 1224

--- Final (best ckpt @ step 920) ---
  train_acc=0.9765 train_roc_auc=0.8918 train_loss=0.0861 train_metric_name=roc_auc train_metric=0.8918
  val_acc=0.9666 val_roc_auc=0.7344 val_loss=0.1393 val_metric_name=roc_auc val_metric=0.7344
  test_acc=0.9670 test_roc_auc=0.7377 test_loss=0.1377 test_metric_name=roc_auc test_metric=0.7377
  test_roc_auc=0.7377

============================================================
Training questions SAGE 4L h=256 lr=6e-05 split=2
============================================================
Training for 5000 steps
Step    1 | loss 0.6878 | val_acc=0.9701 val_roc_auc=0.4453 val_loss=0.3034 val_metric_name=roc_auc val_metric=0.4453
Step   50 | loss 0.1322 | val_acc=0.9702 val_roc_auc=0.6137 val_loss=0.1365 val_metric_name=roc_auc val_metric=0.6137
Step  100 | loss 0.1265 | val_acc=0.9716 val_roc_auc=0.6408 val_loss=0.1304 val_metric_name=roc_auc val_metric=0.6408
Step  150 | loss 0.1213 | val_acc=0.9713 val_roc_auc=0.6809 val_loss=0.1274 val_metric_name=roc_auc val_metric=0.6809
Step  200 | loss 0.1175 | val_acc=0.9718 val_roc_auc=0.7108 val_loss=0.1265 val_metric_name=roc_auc val_metric=0.7108
Step  250 | loss 0.1152 | val_acc=0.9718 val_roc_auc=0.7166 val_loss=0.1254 val_metric_name=roc_auc val_metric=0.7166
Step  300 | loss 0.1121 | val_acc=0.9717 val_roc_auc=0.7185 val_loss=0.1256 val_metric_name=roc_auc val_metric=0.7185
Step  350 | loss 0.1101 | val_acc=0.9717 val_roc_auc=0.7187 val_loss=0.1266 val_metric_name=roc_auc val_metric=0.7187
Step  400 | loss 0.1063 | val_acc=0.9706 val_roc_auc=0.7199 val_loss=0.1280 val_metric_name=roc_auc val_metric=0.7199
Step  450 | loss 0.1032 | val_acc=0.9690 val_roc_auc=0.7239 val_loss=0.1308 val_metric_name=roc_auc val_metric=0.7239
Step  500 | loss 0.0983 | val_acc=0.9673 val_roc_auc=0.7282 val_loss=0.1369 val_metric_name=roc_auc val_metric=0.7282
Step  550 | loss 0.0932 | val_acc=0.9655 val_roc_auc=0.7302 val_loss=0.1441 val_metric_name=roc_auc val_metric=0.7302
Step  600 | loss 0.0860 | val_acc=0.9641 val_roc_auc=0.7225 val_loss=0.1521 val_metric_name=roc_auc val_metric=0.7225
Step  650 | loss 0.0784 | val_acc=0.9626 val_roc_auc=0.7131 val_loss=0.1603 val_metric_name=roc_auc val_metric=0.7131
Step  700 | loss 0.0689 | val_acc=0.9621 val_roc_auc=0.7038 val_loss=0.1724 val_metric_name=roc_auc val_metric=0.7038
Step  750 | loss 0.0581 | val_acc=0.9630 val_roc_auc=0.6953 val_loss=0.1834 val_metric_name=roc_auc val_metric=0.6953
Step  800 | loss 0.0485 | val_acc=0.9605 val_roc_auc=0.6855 val_loss=0.1983 val_metric_name=roc_auc val_metric=0.6855
Early stopping at step 840

--- Final (best ckpt @ step 540) ---
  train_acc=0.9771 train_roc_auc=0.8916 train_loss=0.0855 train_metric_name=roc_auc train_metric=0.8916
  val_acc=0.9667 val_roc_auc=0.7317 val_loss=0.1401 val_metric_name=roc_auc val_metric=0.7317
  test_acc=0.9671 test_roc_auc=0.7365 test_loss=0.1380 test_metric_name=roc_auc test_metric=0.7365
  test_roc_auc=0.7365

============================================================
Training questions SAGE 4L h=256 lr=0.0001 split=2
============================================================
Training for 5000 steps
Step    1 | loss 0.6878 | val_acc=0.9702 val_roc_auc=0.4608 val_loss=0.1969 val_metric_name=roc_auc val_metric=0.4608
Step   50 | loss 0.1299 | val_acc=0.9702 val_roc_auc=0.6178 val_loss=0.1316 val_metric_name=roc_auc val_metric=0.6178
Step  100 | loss 0.1230 | val_acc=0.9717 val_roc_auc=0.6636 val_loss=0.1266 val_metric_name=roc_auc val_metric=0.6636
Step  150 | loss 0.1166 | val_acc=0.9719 val_roc_auc=0.7084 val_loss=0.1254 val_metric_name=roc_auc val_metric=0.7084
Step  200 | loss 0.1130 | val_acc=0.9719 val_roc_auc=0.7157 val_loss=0.1248 val_metric_name=roc_auc val_metric=0.7157
Step  250 | loss 0.1098 | val_acc=0.9718 val_roc_auc=0.7151 val_loss=0.1253 val_metric_name=roc_auc val_metric=0.7151
Step  300 | loss 0.1053 | val_acc=0.9703 val_roc_auc=0.7174 val_loss=0.1286 val_metric_name=roc_auc val_metric=0.7174
Step  350 | loss 0.1003 | val_acc=0.9678 val_roc_auc=0.7237 val_loss=0.1357 val_metric_name=roc_auc val_metric=0.7237
Step  400 | loss 0.0904 | val_acc=0.9633 val_roc_auc=0.7247 val_loss=0.1506 val_metric_name=roc_auc val_metric=0.7247
Step  450 | loss 0.0805 | val_acc=0.9637 val_roc_auc=0.7078 val_loss=0.1604 val_metric_name=roc_auc val_metric=0.7078
Step  500 | loss 0.0644 | val_acc=0.9620 val_roc_auc=0.6908 val_loss=0.1775 val_metric_name=roc_auc val_metric=0.6908
Step  550 | loss 0.0511 | val_acc=0.9619 val_roc_auc=0.6737 val_loss=0.1930 val_metric_name=roc_auc val_metric=0.6737
Step  600 | loss 0.0374 | val_acc=0.9584 val_roc_auc=0.6656 val_loss=0.2156 val_metric_name=roc_auc val_metric=0.6656
Step  650 | loss 0.0278 | val_acc=0.9607 val_roc_auc=0.6422 val_loss=0.2282 val_metric_name=roc_auc val_metric=0.6422
Early stopping at step 682

--- Final (best ckpt @ step 370) ---
  train_acc=0.9759 train_roc_auc=0.8757 train_loss=0.0904 train_metric_name=roc_auc train_metric=0.8757
  val_acc=0.9666 val_roc_auc=0.7257 val_loss=0.1402 val_metric_name=roc_auc val_metric=0.7257
  test_acc=0.9675 test_roc_auc=0.7367 test_loss=0.1364 test_metric_name=roc_auc test_metric=0.7367
  test_roc_auc=0.7367

============================================================
Training questions SAGE 4L h=256 lr=1e-05 split=2
============================================================
Training for 5000 steps
Step    1 | loss 0.6878 | val_acc=0.7354 val_roc_auc=0.4232 val_loss=0.6090 val_metric_name=roc_auc val_metric=0.4232
Step   50 | loss 0.1397 | val_acc=0.9702 val_roc_auc=0.5364 val_loss=0.1511 val_metric_name=roc_auc val_metric=0.5364
Step  100 | loss 0.1356 | val_acc=0.9702 val_roc_auc=0.6129 val_loss=0.1579 val_metric_name=roc_auc val_metric=0.6129
Step  150 | loss 0.1330 | val_acc=0.9702 val_roc_auc=0.6307 val_loss=0.1543 val_metric_name=roc_auc val_metric=0.6307
Step  200 | loss 0.1323 | val_acc=0.9702 val_roc_auc=0.6409 val_loss=0.1498 val_metric_name=roc_auc val_metric=0.6409
Step  250 | loss 0.1317 | val_acc=0.9702 val_roc_auc=0.6470 val_loss=0.1456 val_metric_name=roc_auc val_metric=0.6470
Step  300 | loss 0.1292 | val_acc=0.9702 val_roc_auc=0.6519 val_loss=0.1421 val_metric_name=roc_auc val_metric=0.6519
Step  350 | loss 0.1281 | val_acc=0.9705 val_roc_auc=0.6573 val_loss=0.1396 val_metric_name=roc_auc val_metric=0.6573
Step  400 | loss 0.1263 | val_acc=0.9719 val_roc_auc=0.6634 val_loss=0.1371 val_metric_name=roc_auc val_metric=0.6634
Step  450 | loss 0.1255 | val_acc=0.9718 val_roc_auc=0.6703 val_loss=0.1352 val_metric_name=roc_auc val_metric=0.6703
Step  500 | loss 0.1246 | val_acc=0.9715 val_roc_auc=0.6768 val_loss=0.1337 val_metric_name=roc_auc val_metric=0.6768
Step  550 | loss 0.1241 | val_acc=0.9717 val_roc_auc=0.6835 val_loss=0.1323 val_metric_name=roc_auc val_metric=0.6835
Step  600 | loss 0.1226 | val_acc=0.9713 val_roc_auc=0.6892 val_loss=0.1311 val_metric_name=roc_auc val_metric=0.6892
Step  650 | loss 0.1221 | val_acc=0.9714 val_roc_auc=0.6956 val_loss=0.1305 val_metric_name=roc_auc val_metric=0.6956
Step  700 | loss 0.1214 | val_acc=0.9713 val_roc_auc=0.7010 val_loss=0.1296 val_metric_name=roc_auc val_metric=0.7010
Step  750 | loss 0.1200 | val_acc=0.9718 val_roc_auc=0.7056 val_loss=0.1289 val_metric_name=roc_auc val_metric=0.7056
Step  800 | loss 0.1195 | val_acc=0.9717 val_roc_auc=0.7090 val_loss=0.1285 val_metric_name=roc_auc val_metric=0.7090
Step  850 | loss 0.1183 | val_acc=0.9717 val_roc_auc=0.7115 val_loss=0.1280 val_metric_name=roc_auc val_metric=0.7115
Step  900 | loss 0.1169 | val_acc=0.9716 val_roc_auc=0.7134 val_loss=0.1275 val_metric_name=roc_auc val_metric=0.7134
Step  950 | loss 0.1173 | val_acc=0.9717 val_roc_auc=0.7155 val_loss=0.1271 val_metric_name=roc_auc val_metric=0.7155
Step 1000 | loss 0.1168 | val_acc=0.9721 val_roc_auc=0.7170 val_loss=0.1268 val_metric_name=roc_auc val_metric=0.7170
Step 1050 | loss 0.1154 | val_acc=0.9720 val_roc_auc=0.7179 val_loss=0.1267 val_metric_name=roc_auc val_metric=0.7179
Step 1100 | loss 0.1157 | val_acc=0.9720 val_roc_auc=0.7189 val_loss=0.1261 val_metric_name=roc_auc val_metric=0.7189
Step 1150 | loss 0.1154 | val_acc=0.9718 val_roc_auc=0.7198 val_loss=0.1259 val_metric_name=roc_auc val_metric=0.7198
Step 1200 | loss 0.1146 | val_acc=0.9720 val_roc_auc=0.7203 val_loss=0.1258 val_metric_name=roc_auc val_metric=0.7203
Step 1250 | loss 0.1138 | val_acc=0.9720 val_roc_auc=0.7209 val_loss=0.1256 val_metric_name=roc_auc val_metric=0.7209
Step 1300 | loss 0.1127 | val_acc=0.9720 val_roc_auc=0.7215 val_loss=0.1255 val_metric_name=roc_auc val_metric=0.7215
Step 1350 | loss 0.1120 | val_acc=0.9716 val_roc_auc=0.7217 val_loss=0.1255 val_metric_name=roc_auc val_metric=0.7217
Step 1400 | loss 0.1113 | val_acc=0.9718 val_roc_auc=0.7220 val_loss=0.1255 val_metric_name=roc_auc val_metric=0.7220
Step 1450 | loss 0.1104 | val_acc=0.9717 val_roc_auc=0.7222 val_loss=0.1254 val_metric_name=roc_auc val_metric=0.7222
Step 1500 | loss 0.1103 | val_acc=0.9714 val_roc_auc=0.7224 val_loss=0.1255 val_metric_name=roc_auc val_metric=0.7224
Step 1550 | loss 0.1102 | val_acc=0.9714 val_roc_auc=0.7224 val_loss=0.1255 val_metric_name=roc_auc val_metric=0.7224
Step 1600 | loss 0.1087 | val_acc=0.9714 val_roc_auc=0.7228 val_loss=0.1254 val_metric_name=roc_auc val_metric=0.7228
Step 1650 | loss 0.1094 | val_acc=0.9712 val_roc_auc=0.7234 val_loss=0.1259 val_metric_name=roc_auc val_metric=0.7234
Step 1700 | loss 0.1074 | val_acc=0.9708 val_roc_auc=0.7236 val_loss=0.1263 val_metric_name=roc_auc val_metric=0.7236
Step 1750 | loss 0.1064 | val_acc=0.9707 val_roc_auc=0.7247 val_loss=0.1265 val_metric_name=roc_auc val_metric=0.7247
Step 1800 | loss 0.1061 | val_acc=0.9707 val_roc_auc=0.7254 val_loss=0.1270 val_metric_name=roc_auc val_metric=0.7254
Step 1850 | loss 0.1039 | val_acc=0.9703 val_roc_auc=0.7263 val_loss=0.1272 val_metric_name=roc_auc val_metric=0.7263
Step 1900 | loss 0.1046 | val_acc=0.9703 val_roc_auc=0.7273 val_loss=0.1276 val_metric_name=roc_auc val_metric=0.7273
Step 1950 | loss 0.1028 | val_acc=0.9702 val_roc_auc=0.7278 val_loss=0.1284 val_metric_name=roc_auc val_metric=0.7278
Step 2000 | loss 0.1037 | val_acc=0.9702 val_roc_auc=0.7288 val_loss=0.1289 val_metric_name=roc_auc val_metric=0.7288
Step 2050 | loss 0.1008 | val_acc=0.9697 val_roc_auc=0.7304 val_loss=0.1297 val_metric_name=roc_auc val_metric=0.7304
Step 2100 | loss 0.1007 | val_acc=0.9694 val_roc_auc=0.7312 val_loss=0.1304 val_metric_name=roc_auc val_metric=0.7312
Step 2150 | loss 0.0986 | val_acc=0.9692 val_roc_auc=0.7326 val_loss=0.1314 val_metric_name=roc_auc val_metric=0.7326
Step 2200 | loss 0.0993 | val_acc=0.9689 val_roc_auc=0.7334 val_loss=0.1314 val_metric_name=roc_auc val_metric=0.7334
Step 2250 | loss 0.0988 | val_acc=0.9686 val_roc_auc=0.7343 val_loss=0.1331 val_metric_name=roc_auc val_metric=0.7343
Step 2300 | loss 0.0962 | val_acc=0.9684 val_roc_auc=0.7337 val_loss=0.1341 val_metric_name=roc_auc val_metric=0.7337
Step 2350 | loss 0.0962 | val_acc=0.9680 val_roc_auc=0.7348 val_loss=0.1361 val_metric_name=roc_auc val_metric=0.7348
Step 2400 | loss 0.0938 | val_acc=0.9680 val_roc_auc=0.7356 val_loss=0.1374 val_metric_name=roc_auc val_metric=0.7356
Step 2450 | loss 0.0938 | val_acc=0.9674 val_roc_auc=0.7364 val_loss=0.1382 val_metric_name=roc_auc val_metric=0.7364
Step 2500 | loss 0.0914 | val_acc=0.9669 val_roc_auc=0.7365 val_loss=0.1395 val_metric_name=roc_auc val_metric=0.7365
Step 2550 | loss 0.0901 | val_acc=0.9662 val_roc_auc=0.7375 val_loss=0.1417 val_metric_name=roc_auc val_metric=0.7375
Step 2600 | loss 0.0887 | val_acc=0.9666 val_roc_auc=0.7371 val_loss=0.1419 val_metric_name=roc_auc val_metric=0.7371
Step 2650 | loss 0.0864 | val_acc=0.9660 val_roc_auc=0.7365 val_loss=0.1442 val_metric_name=roc_auc val_metric=0.7365
Step 2700 | loss 0.0837 | val_acc=0.9662 val_roc_auc=0.7351 val_loss=0.1453 val_metric_name=roc_auc val_metric=0.7351
Step 2750 | loss 0.0829 | val_acc=0.9661 val_roc_auc=0.7345 val_loss=0.1463 val_metric_name=roc_auc val_metric=0.7345
Step 2800 | loss 0.0834 | val_acc=0.9658 val_roc_auc=0.7339 val_loss=0.1482 val_metric_name=roc_auc val_metric=0.7339
Step 2850 | loss 0.0803 | val_acc=0.9658 val_roc_auc=0.7314 val_loss=0.1485 val_metric_name=roc_auc val_metric=0.7314
Step 2900 | loss 0.0792 | val_acc=0.9654 val_roc_auc=0.7320 val_loss=0.1518 val_metric_name=roc_auc val_metric=0.7320
Early stopping at step 2916

--- Final (best ckpt @ step 2580) ---
  train_acc=0.9774 train_roc_auc=0.9147 train_loss=0.0795 train_metric_name=roc_auc train_metric=0.9147
  val_acc=0.9657 val_roc_auc=0.7375 val_loss=0.1424 val_metric_name=roc_auc val_metric=0.7375
  test_acc=0.9653 test_roc_auc=0.7378 test_loss=0.1418 test_metric_name=roc_auc test_metric=0.7378
  test_roc_auc=0.7378

============================================================
Training questions SAGE 4L h=384 lr=3e-05 split=2
============================================================
Training for 5000 steps
Step    1 | loss 0.8519 | val_acc=0.9695 val_roc_auc=0.4098 val_loss=0.3792 val_metric_name=roc_auc val_metric=0.4098
Step   50 | loss 0.1331 | val_acc=0.9702 val_roc_auc=0.6383 val_loss=0.1340 val_metric_name=roc_auc val_metric=0.6383
Step  100 | loss 0.1275 | val_acc=0.9715 val_roc_auc=0.6531 val_loss=0.1332 val_metric_name=roc_auc val_metric=0.6531
Step  150 | loss 0.1251 | val_acc=0.9718 val_roc_auc=0.6711 val_loss=0.1290 val_metric_name=roc_auc val_metric=0.6711
Step  200 | loss 0.1216 | val_acc=0.9716 val_roc_auc=0.6941 val_loss=0.1266 val_metric_name=roc_auc val_metric=0.6941
Step  250 | loss 0.1182 | val_acc=0.9718 val_roc_auc=0.7098 val_loss=0.1255 val_metric_name=roc_auc val_metric=0.7098
Step  300 | loss 0.1161 | val_acc=0.9718 val_roc_auc=0.7165 val_loss=0.1249 val_metric_name=roc_auc val_metric=0.7165
Step  350 | loss 0.1147 | val_acc=0.9718 val_roc_auc=0.7192 val_loss=0.1245 val_metric_name=roc_auc val_metric=0.7192
Step  400 | loss 0.1133 | val_acc=0.9715 val_roc_auc=0.7207 val_loss=0.1247 val_metric_name=roc_auc val_metric=0.7207
Step  450 | loss 0.1102 | val_acc=0.9701 val_roc_auc=0.7212 val_loss=0.1252 val_metric_name=roc_auc val_metric=0.7212
Step  500 | loss 0.1083 | val_acc=0.9700 val_roc_auc=0.7211 val_loss=0.1264 val_metric_name=roc_auc val_metric=0.7211
Step  550 | loss 0.1057 | val_acc=0.9689 val_roc_auc=0.7212 val_loss=0.1293 val_metric_name=roc_auc val_metric=0.7212
Step  600 | loss 0.1027 | val_acc=0.9686 val_roc_auc=0.7208 val_loss=0.1318 val_metric_name=roc_auc val_metric=0.7208
Step  650 | loss 0.1004 | val_acc=0.9678 val_roc_auc=0.7229 val_loss=0.1355 val_metric_name=roc_auc val_metric=0.7229
Step  700 | loss 0.0968 | val_acc=0.9667 val_roc_auc=0.7213 val_loss=0.1408 val_metric_name=roc_auc val_metric=0.7213
Step  750 | loss 0.0920 | val_acc=0.9652 val_roc_auc=0.7208 val_loss=0.1470 val_metric_name=roc_auc val_metric=0.7208
Step  800 | loss 0.0889 | val_acc=0.9634 val_roc_auc=0.7169 val_loss=0.1520 val_metric_name=roc_auc val_metric=0.7169
Step  850 | loss 0.0840 | val_acc=0.9603 val_roc_auc=0.7167 val_loss=0.1612 val_metric_name=roc_auc val_metric=0.7167
Step  900 | loss 0.0781 | val_acc=0.9588 val_roc_auc=0.7126 val_loss=0.1687 val_metric_name=roc_auc val_metric=0.7126
Step  950 | loss 0.0744 | val_acc=0.9613 val_roc_auc=0.7072 val_loss=0.1687 val_metric_name=roc_auc val_metric=0.7072
Step 1000 | loss 0.0674 | val_acc=0.9602 val_roc_auc=0.7027 val_loss=0.1783 val_metric_name=roc_auc val_metric=0.7027
Early stopping at step 1042

--- Final (best ckpt @ step 740) ---
  train_acc=0.9741 train_roc_auc=0.8946 train_loss=0.0923 train_metric_name=roc_auc train_metric=0.8946
  val_acc=0.9636 val_roc_auc=0.7236 val_loss=0.1480 val_metric_name=roc_auc val_metric=0.7236
  test_acc=0.9635 test_roc_auc=0.7472 test_loss=0.1424 test_metric_name=roc_auc test_metric=0.7472
  test_roc_auc=0.7472

============================================================
Training questions SAGE 4L h=384 lr=6e-05 split=2
============================================================
Training for 5000 steps
Step    1 | loss 0.8519 | val_acc=0.9702 val_roc_auc=0.4278 val_loss=0.1873 val_metric_name=roc_auc val_metric=0.4278
Step   50 | loss 0.1295 | val_acc=0.9702 val_roc_auc=0.6448 val_loss=0.1310 val_metric_name=roc_auc val_metric=0.6448
Step  100 | loss 0.1242 | val_acc=0.9718 val_roc_auc=0.6677 val_loss=0.1258 val_metric_name=roc_auc val_metric=0.6677
Step  150 | loss 0.1192 | val_acc=0.9715 val_roc_auc=0.7036 val_loss=0.1240 val_metric_name=roc_auc val_metric=0.7036
Step  200 | loss 0.1151 | val_acc=0.9718 val_roc_auc=0.7153 val_loss=0.1239 val_metric_name=roc_auc val_metric=0.7153
Step  250 | loss 0.1116 | val_acc=0.9715 val_roc_auc=0.7180 val_loss=0.1248 val_metric_name=roc_auc val_metric=0.7180
Step  300 | loss 0.1084 | val_acc=0.9702 val_roc_auc=0.7184 val_loss=0.1260 val_metric_name=roc_auc val_metric=0.7184
Step  350 | loss 0.1047 | val_acc=0.9686 val_roc_auc=0.7188 val_loss=0.1312 val_metric_name=roc_auc val_metric=0.7188
Step  400 | loss 0.1007 | val_acc=0.9651 val_roc_auc=0.7185 val_loss=0.1418 val_metric_name=roc_auc val_metric=0.7185
Step  450 | loss 0.0930 | val_acc=0.9609 val_roc_auc=0.7178 val_loss=0.1551 val_metric_name=roc_auc val_metric=0.7178
Step  500 | loss 0.0865 | val_acc=0.9604 val_roc_auc=0.7095 val_loss=0.1639 val_metric_name=roc_auc val_metric=0.7095
Step  550 | loss 0.0757 | val_acc=0.9573 val_roc_auc=0.7027 val_loss=0.1777 val_metric_name=roc_auc val_metric=0.7027
Step  600 | loss 0.0671 | val_acc=0.9580 val_roc_auc=0.6913 val_loss=0.1858 val_metric_name=roc_auc val_metric=0.6913
Step  650 | loss 0.0556 | val_acc=0.9597 val_roc_auc=0.6797 val_loss=0.1955 val_metric_name=roc_auc val_metric=0.6797
Step  700 | loss 0.0456 | val_acc=0.9583 val_roc_auc=0.6727 val_loss=0.2157 val_metric_name=roc_auc val_metric=0.6727
Early stopping at step 733

--- Final (best ckpt @ step 360) ---
  train_acc=0.9741 train_roc_auc=0.8434 train_loss=0.0994 train_metric_name=roc_auc train_metric=0.8434
  val_acc=0.9684 val_roc_auc=0.7196 val_loss=0.1323 val_metric_name=roc_auc val_metric=0.7196
  test_acc=0.9686 test_roc_auc=0.7380 test_loss=0.1282 test_metric_name=roc_auc test_metric=0.7380
  test_roc_auc=0.7380

============================================================
Training questions SAGE 4L h=384 lr=0.0001 split=2
============================================================
Training for 5000 steps
Step    1 | loss 0.8519 | val_acc=0.9702 val_roc_auc=0.4559 val_loss=0.1366 val_metric_name=roc_auc val_metric=0.4559
Step   50 | loss 0.1274 | val_acc=0.9716 val_roc_auc=0.6460 val_loss=0.1287 val_metric_name=roc_auc val_metric=0.6460
Step  100 | loss 0.1211 | val_acc=0.9712 val_roc_auc=0.6881 val_loss=0.1237 val_metric_name=roc_auc val_metric=0.6881
Step  150 | loss 0.1150 | val_acc=0.9720 val_roc_auc=0.7134 val_loss=0.1233 val_metric_name=roc_auc val_metric=0.7134
Step  200 | loss 0.1111 | val_acc=0.9709 val_roc_auc=0.7163 val_loss=0.1248 val_metric_name=roc_auc val_metric=0.7163
Step  250 | loss 0.1056 | val_acc=0.9689 val_roc_auc=0.7145 val_loss=0.1301 val_metric_name=roc_auc val_metric=0.7145
Step  300 | loss 0.0986 | val_acc=0.9657 val_roc_auc=0.7150 val_loss=0.1411 val_metric_name=roc_auc val_metric=0.7150
Step  350 | loss 0.0893 | val_acc=0.9567 val_roc_auc=0.7132 val_loss=0.1688 val_metric_name=roc_auc val_metric=0.7132
Step  400 | loss 0.0785 | val_acc=0.9585 val_roc_auc=0.6965 val_loss=0.1768 val_metric_name=roc_auc val_metric=0.6965
Step  450 | loss 0.0612 | val_acc=0.9568 val_roc_auc=0.6798 val_loss=0.1986 val_metric_name=roc_auc val_metric=0.6798
Step  500 | loss 0.0458 | val_acc=0.9555 val_roc_auc=0.6668 val_loss=0.2239 val_metric_name=roc_auc val_metric=0.6668
Step  550 | loss 0.0287 | val_acc=0.9565 val_roc_auc=0.6654 val_loss=0.2461 val_metric_name=roc_auc val_metric=0.6654
Early stopping at step 580

--- Final (best ckpt @ step 280) ---
  train_acc=0.9739 train_roc_auc=0.8468 train_loss=0.0988 train_metric_name=roc_auc train_metric=0.8468
  val_acc=0.9676 val_roc_auc=0.7190 val_loss=0.1357 val_metric_name=roc_auc val_metric=0.7190
  test_acc=0.9670 test_roc_auc=0.7364 test_loss=0.1317 test_metric_name=roc_auc test_metric=0.7364
  test_roc_auc=0.7364

============================================================
Training questions SAGE 4L h=384 lr=1e-05 split=2
============================================================
Training for 5000 steps
Step    1 | loss 0.8519 | val_acc=0.5508 val_roc_auc=0.4076 val_loss=0.6785 val_metric_name=roc_auc val_metric=0.4076
Step   50 | loss 0.1367 | val_acc=0.9702 val_roc_auc=0.6027 val_loss=0.1721 val_metric_name=roc_auc val_metric=0.6027
Step  100 | loss 0.1330 | val_acc=0.9702 val_roc_auc=0.6305 val_loss=0.1549 val_metric_name=roc_auc val_metric=0.6305
Step  150 | loss 0.1317 | val_acc=0.9702 val_roc_auc=0.6456 val_loss=0.1495 val_metric_name=roc_auc val_metric=0.6456
Step  200 | loss 0.1297 | val_acc=0.9702 val_roc_auc=0.6556 val_loss=0.1450 val_metric_name=roc_auc val_metric=0.6556
Step  250 | loss 0.1280 | val_acc=0.9715 val_roc_auc=0.6635 val_loss=0.1416 val_metric_name=roc_auc val_metric=0.6635
Step  300 | loss 0.1268 | val_acc=0.9719 val_roc_auc=0.6712 val_loss=0.1385 val_metric_name=roc_auc val_metric=0.6712
Step  350 | loss 0.1262 | val_acc=0.9718 val_roc_auc=0.6788 val_loss=0.1358 val_metric_name=roc_auc val_metric=0.6788
Step  400 | loss 0.1257 | val_acc=0.9716 val_roc_auc=0.6872 val_loss=0.1337 val_metric_name=roc_auc val_metric=0.6872
Step  450 | loss 0.1233 | val_acc=0.9715 val_roc_auc=0.6948 val_loss=0.1319 val_metric_name=roc_auc val_metric=0.6948
Step  500 | loss 0.1219 | val_acc=0.9717 val_roc_auc=0.7006 val_loss=0.1303 val_metric_name=roc_auc val_metric=0.7006
Step  550 | loss 0.1209 | val_acc=0.9715 val_roc_auc=0.7061 val_loss=0.1292 val_metric_name=roc_auc val_metric=0.7061
Step  600 | loss 0.1198 | val_acc=0.9715 val_roc_auc=0.7109 val_loss=0.1281 val_metric_name=roc_auc val_metric=0.7109
Step  650 | loss 0.1183 | val_acc=0.9718 val_roc_auc=0.7147 val_loss=0.1272 val_metric_name=roc_auc val_metric=0.7147
Step  700 | loss 0.1175 | val_acc=0.9718 val_roc_auc=0.7173 val_loss=0.1267 val_metric_name=roc_auc val_metric=0.7173
Step  750 | loss 0.1162 | val_acc=0.9715 val_roc_auc=0.7194 val_loss=0.1262 val_metric_name=roc_auc val_metric=0.7194
Step  800 | loss 0.1152 | val_acc=0.9718 val_roc_auc=0.7211 val_loss=0.1258 val_metric_name=roc_auc val_metric=0.7211
Step  850 | loss 0.1144 | val_acc=0.9719 val_roc_auc=0.7221 val_loss=0.1255 val_metric_name=roc_auc val_metric=0.7221
Step  900 | loss 0.1136 | val_acc=0.9718 val_roc_auc=0.7227 val_loss=0.1250 val_metric_name=roc_auc val_metric=0.7227
Step  950 | loss 0.1135 | val_acc=0.9716 val_roc_auc=0.7235 val_loss=0.1249 val_metric_name=roc_auc val_metric=0.7235
Step 1000 | loss 0.1118 | val_acc=0.9715 val_roc_auc=0.7243 val_loss=0.1250 val_metric_name=roc_auc val_metric=0.7243
Step 1050 | loss 0.1118 | val_acc=0.9712 val_roc_auc=0.7242 val_loss=0.1247 val_metric_name=roc_auc val_metric=0.7242
Step 1100 | loss 0.1102 | val_acc=0.9707 val_roc_auc=0.7244 val_loss=0.1247 val_metric_name=roc_auc val_metric=0.7244
Step 1150 | loss 0.1098 | val_acc=0.9703 val_roc_auc=0.7243 val_loss=0.1251 val_metric_name=roc_auc val_metric=0.7243
Step 1200 | loss 0.1108 | val_acc=0.9702 val_roc_auc=0.7246 val_loss=0.1256 val_metric_name=roc_auc val_metric=0.7246
Step 1250 | loss 0.1086 | val_acc=0.9701 val_roc_auc=0.7250 val_loss=0.1260 val_metric_name=roc_auc val_metric=0.7250
Step 1300 | loss 0.1073 | val_acc=0.9699 val_roc_auc=0.7250 val_loss=0.1266 val_metric_name=roc_auc val_metric=0.7250
Step 1350 | loss 0.1058 | val_acc=0.9696 val_roc_auc=0.7259 val_loss=0.1275 val_metric_name=roc_auc val_metric=0.7259
Step 1400 | loss 0.1057 | val_acc=0.9692 val_roc_auc=0.7253 val_loss=0.1284 val_metric_name=roc_auc val_metric=0.7253
Step 1450 | loss 0.1045 | val_acc=0.9689 val_roc_auc=0.7258 val_loss=0.1291 val_metric_name=roc_auc val_metric=0.7258
Step 1500 | loss 0.1028 | val_acc=0.9685 val_roc_auc=0.7251 val_loss=0.1306 val_metric_name=roc_auc val_metric=0.7251
Step 1550 | loss 0.1026 | val_acc=0.9679 val_roc_auc=0.7259 val_loss=0.1329 val_metric_name=roc_auc val_metric=0.7259
Step 1600 | loss 0.1005 | val_acc=0.9682 val_roc_auc=0.7263 val_loss=0.1331 val_metric_name=roc_auc val_metric=0.7263
Step 1650 | loss 0.1002 | val_acc=0.9670 val_roc_auc=0.7264 val_loss=0.1366 val_metric_name=roc_auc val_metric=0.7264
Step 1700 | loss 0.0985 | val_acc=0.9671 val_roc_auc=0.7255 val_loss=0.1370 val_metric_name=roc_auc val_metric=0.7255
Step 1750 | loss 0.0969 | val_acc=0.9667 val_roc_auc=0.7261 val_loss=0.1385 val_metric_name=roc_auc val_metric=0.7261
Step 1800 | loss 0.0958 | val_acc=0.9665 val_roc_auc=0.7243 val_loss=0.1405 val_metric_name=roc_auc val_metric=0.7243
Step 1850 | loss 0.0959 | val_acc=0.9663 val_roc_auc=0.7246 val_loss=0.1413 val_metric_name=roc_auc val_metric=0.7246
Step 1900 | loss 0.0926 | val_acc=0.9646 val_roc_auc=0.7262 val_loss=0.1460 val_metric_name=roc_auc val_metric=0.7262
Step 1950 | loss 0.0920 | val_acc=0.9644 val_roc_auc=0.7258 val_loss=0.1471 val_metric_name=roc_auc val_metric=0.7258
Step 2000 | loss 0.0903 | val_acc=0.9647 val_roc_auc=0.7240 val_loss=0.1483 val_metric_name=roc_auc val_metric=0.7240
Step 2050 | loss 0.0882 | val_acc=0.9636 val_roc_auc=0.7245 val_loss=0.1505 val_metric_name=roc_auc val_metric=0.7245
Step 2100 | loss 0.0855 | val_acc=0.9643 val_roc_auc=0.7222 val_loss=0.1507 val_metric_name=roc_auc val_metric=0.7222
Step 2150 | loss 0.0855 | val_acc=0.9639 val_roc_auc=0.7230 val_loss=0.1538 val_metric_name=roc_auc val_metric=0.7230
Step 2200 | loss 0.0828 | val_acc=0.9621 val_roc_auc=0.7226 val_loss=0.1567 val_metric_name=roc_auc val_metric=0.7226
Early stopping at step 2226

--- Final (best ckpt @ step 1770) ---
  train_acc=0.9741 train_roc_auc=0.8858 train_loss=0.0921 train_metric_name=roc_auc train_metric=0.8858
  val_acc=0.9669 val_roc_auc=0.7267 val_loss=0.1396 val_metric_name=roc_auc val_metric=0.7267
  test_acc=0.9652 test_roc_auc=0.7492 test_loss=0.1351 test_metric_name=roc_auc test_metric=0.7492
  test_roc_auc=0.7492

============================================================
Training questions SAGE 4L h=512 lr=3e-05 split=2
============================================================
Training for 5000 steps
Step    1 | loss 0.5672 | val_acc=0.9702 val_roc_auc=0.6348 val_loss=0.1772 val_metric_name=roc_auc val_metric=0.6348
Step   50 | loss 0.1288 | val_acc=0.9702 val_roc_auc=0.6402 val_loss=0.1347 val_metric_name=roc_auc val_metric=0.6402
Step  100 | loss 0.1245 | val_acc=0.9717 val_roc_auc=0.6652 val_loss=0.1268 val_metric_name=roc_auc val_metric=0.6652
Step  150 | loss 0.1196 | val_acc=0.9715 val_roc_auc=0.6987 val_loss=0.1241 val_metric_name=roc_auc val_metric=0.6987
Step  200 | loss 0.1154 | val_acc=0.9720 val_roc_auc=0.7182 val_loss=0.1238 val_metric_name=roc_auc val_metric=0.7182
Step  250 | loss 0.1109 | val_acc=0.9710 val_roc_auc=0.7233 val_loss=0.1244 val_metric_name=roc_auc val_metric=0.7233
Step  300 | loss 0.1089 | val_acc=0.9695 val_roc_auc=0.7252 val_loss=0.1268 val_metric_name=roc_auc val_metric=0.7252
Step  350 | loss 0.1065 | val_acc=0.9669 val_roc_auc=0.7237 val_loss=0.1336 val_metric_name=roc_auc val_metric=0.7237
Step  400 | loss 0.1025 | val_acc=0.9642 val_roc_auc=0.7264 val_loss=0.1408 val_metric_name=roc_auc val_metric=0.7264
Step  450 | loss 0.0976 | val_acc=0.9608 val_roc_auc=0.7282 val_loss=0.1505 val_metric_name=roc_auc val_metric=0.7282
Step  500 | loss 0.0928 | val_acc=0.9591 val_roc_auc=0.7284 val_loss=0.1601 val_metric_name=roc_auc val_metric=0.7284
Step  550 | loss 0.0876 | val_acc=0.9622 val_roc_auc=0.7307 val_loss=0.1545 val_metric_name=roc_auc val_metric=0.7307
Step  600 | loss 0.0791 | val_acc=0.9543 val_roc_auc=0.7279 val_loss=0.1797 val_metric_name=roc_auc val_metric=0.7279
Step  650 | loss 0.0733 | val_acc=0.9605 val_roc_auc=0.7195 val_loss=0.1691 val_metric_name=roc_auc val_metric=0.7195
Step  700 | loss 0.0660 | val_acc=0.9600 val_roc_auc=0.7113 val_loss=0.1800 val_metric_name=roc_auc val_metric=0.7113
Step  750 | loss 0.0595 | val_acc=0.9528 val_roc_auc=0.7106 val_loss=0.2031 val_metric_name=roc_auc val_metric=0.7106
Step  800 | loss 0.0501 | val_acc=0.9483 val_roc_auc=0.7059 val_loss=0.2183 val_metric_name=roc_auc val_metric=0.7059
Step  850 | loss 0.0422 | val_acc=0.9496 val_roc_auc=0.6990 val_loss=0.2293 val_metric_name=roc_auc val_metric=0.6990
Early stopping at step 857

--- Final (best ckpt @ step 550) ---
  train_acc=0.9765 train_roc_auc=0.9238 train_loss=0.0839 train_metric_name=roc_auc train_metric=0.9238
  val_acc=0.9622 val_roc_auc=0.7307 val_loss=0.1545 val_metric_name=roc_auc val_metric=0.7307
  test_acc=0.9606 test_roc_auc=0.7484 test_loss=0.1510 test_metric_name=roc_auc test_metric=0.7484
  test_roc_auc=0.7484

============================================================
Training questions SAGE 4L h=512 lr=6e-05 split=2
============================================================
Training for 5000 steps
Step    1 | loss 0.5672 | val_acc=0.9702 val_roc_auc=0.6254 val_loss=0.1320 val_metric_name=roc_auc val_metric=0.6254
Step   50 | loss 0.1267 | val_acc=0.9718 val_roc_auc=0.6455 val_loss=0.1294 val_metric_name=roc_auc val_metric=0.6455
Step  100 | loss 0.1205 | val_acc=0.9713 val_roc_auc=0.6905 val_loss=0.1227 val_metric_name=roc_auc val_metric=0.6905
Step  150 | loss 0.1140 | val_acc=0.9716 val_roc_auc=0.7188 val_loss=0.1231 val_metric_name=roc_auc val_metric=0.7188
Step  200 | loss 0.1095 | val_acc=0.9697 val_roc_auc=0.7211 val_loss=0.1262 val_metric_name=roc_auc val_metric=0.7211
Step  250 | loss 0.1022 | val_acc=0.9665 val_roc_auc=0.7203 val_loss=0.1358 val_metric_name=roc_auc val_metric=0.7203
Step  300 | loss 0.0949 | val_acc=0.9615 val_roc_auc=0.7219 val_loss=0.1492 val_metric_name=roc_auc val_metric=0.7219
Step  350 | loss 0.0868 | val_acc=0.9550 val_roc_auc=0.7249 val_loss=0.1720 val_metric_name=roc_auc val_metric=0.7249
Step  400 | loss 0.0768 | val_acc=0.9565 val_roc_auc=0.7145 val_loss=0.1781 val_metric_name=roc_auc val_metric=0.7145
Step  450 | loss 0.0610 | val_acc=0.9499 val_roc_auc=0.7080 val_loss=0.2039 val_metric_name=roc_auc val_metric=0.7080
Step  500 | loss 0.0483 | val_acc=0.9513 val_roc_auc=0.6918 val_loss=0.2162 val_metric_name=roc_auc val_metric=0.6918
Step  550 | loss 0.0344 | val_acc=0.9474 val_roc_auc=0.6798 val_loss=0.2515 val_metric_name=roc_auc val_metric=0.6798
Step  600 | loss 0.0219 | val_acc=0.9535 val_roc_auc=0.6641 val_loss=0.2665 val_metric_name=roc_auc val_metric=0.6641
Step  650 | loss 0.0160 | val_acc=0.9559 val_roc_auc=0.6566 val_loss=0.2855 val_metric_name=roc_auc val_metric=0.6566
Early stopping at step 660

--- Final (best ckpt @ step 360) ---
  train_acc=0.9714 train_roc_auc=0.9215 train_loss=0.0971 train_metric_name=roc_auc train_metric=0.9215
  val_acc=0.9546 val_roc_auc=0.7255 val_loss=0.1752 val_metric_name=roc_auc val_metric=0.7255
  test_acc=0.9548 test_roc_auc=0.7420 test_loss=0.1713 test_metric_name=roc_auc test_metric=0.7420
  test_roc_auc=0.7420

============================================================
Training questions SAGE 4L h=512 lr=0.0001 split=2
============================================================
Training for 5000 steps
Step    1 | loss 0.5672 | val_acc=0.9702 val_roc_auc=0.6099 val_loss=0.1533 val_metric_name=roc_auc val_metric=0.6099
Step   50 | loss 0.1251 | val_acc=0.9715 val_roc_auc=0.6516 val_loss=0.1253 val_metric_name=roc_auc val_metric=0.6516
Step  100 | loss 0.1172 | val_acc=0.9721 val_roc_auc=0.7094 val_loss=0.1226 val_metric_name=roc_auc val_metric=0.7094
Step  150 | loss 0.1103 | val_acc=0.9708 val_roc_auc=0.7184 val_loss=0.1242 val_metric_name=roc_auc val_metric=0.7184
Step  200 | loss 0.1042 | val_acc=0.9663 val_roc_auc=0.7186 val_loss=0.1364 val_metric_name=roc_auc val_metric=0.7186
Step  250 | loss 0.0912 | val_acc=0.9514 val_roc_auc=0.7204 val_loss=0.1796 val_metric_name=roc_auc val_metric=0.7204
Step  300 | loss 0.0781 | val_acc=0.9590 val_roc_auc=0.7116 val_loss=0.1735 val_metric_name=roc_auc val_metric=0.7116
Step  350 | loss 0.0596 | val_acc=0.9561 val_roc_auc=0.6925 val_loss=0.1979 val_metric_name=roc_auc val_metric=0.6925
Step  400 | loss 0.0402 | val_acc=0.9542 val_roc_auc=0.6691 val_loss=0.2358 val_metric_name=roc_auc val_metric=0.6691
Step  450 | loss 0.0221 | val_acc=0.9531 val_roc_auc=0.6595 val_loss=0.2724 val_metric_name=roc_auc val_metric=0.6595
Step  500 | loss 0.0127 | val_acc=0.9580 val_roc_auc=0.6486 val_loss=0.2915 val_metric_name=roc_auc val_metric=0.6486
Step  550 | loss 0.0082 | val_acc=0.9573 val_roc_auc=0.6394 val_loss=0.3054 val_metric_name=roc_auc val_metric=0.6394
Early stopping at step 596

--- Final (best ckpt @ step 250) ---
  train_acc=0.9673 train_roc_auc=0.8879 train_loss=0.1140 train_metric_name=roc_auc train_metric=0.8879
  val_acc=0.9514 val_roc_auc=0.7204 val_loss=0.1796 val_metric_name=roc_auc val_metric=0.7204
  test_acc=0.9523 test_roc_auc=0.7367 test_loss=0.1749 test_metric_name=roc_auc test_metric=0.7367
  test_roc_auc=0.7367

============================================================
Training questions SAGE 4L h=512 lr=1e-05 split=2
============================================================
Training for 5000 steps
Step    1 | loss 0.5672 | val_acc=0.9702 val_roc_auc=0.6179 val_loss=0.3473 val_metric_name=roc_auc val_metric=0.6179
Step   50 | loss 0.1325 | val_acc=0.9702 val_roc_auc=0.6332 val_loss=0.1558 val_metric_name=roc_auc val_metric=0.6332
Step  100 | loss 0.1295 | val_acc=0.9702 val_roc_auc=0.6441 val_loss=0.1426 val_metric_name=roc_auc val_metric=0.6441
Step  150 | loss 0.1268 | val_acc=0.9713 val_roc_auc=0.6524 val_loss=0.1370 val_metric_name=roc_auc val_metric=0.6524
Step  200 | loss 0.1248 | val_acc=0.9720 val_roc_auc=0.6657 val_loss=0.1334 val_metric_name=roc_auc val_metric=0.6657
Step  250 | loss 0.1226 | val_acc=0.9715 val_roc_auc=0.6810 val_loss=0.1304 val_metric_name=roc_auc val_metric=0.6810
Step  300 | loss 0.1206 | val_acc=0.9715 val_roc_auc=0.6943 val_loss=0.1283 val_metric_name=roc_auc val_metric=0.6943
Step  350 | loss 0.1200 | val_acc=0.9719 val_roc_auc=0.7053 val_loss=0.1269 val_metric_name=roc_auc val_metric=0.7053
Step  400 | loss 0.1176 | val_acc=0.9717 val_roc_auc=0.7123 val_loss=0.1259 val_metric_name=roc_auc val_metric=0.7123
Step  450 | loss 0.1166 | val_acc=0.9719 val_roc_auc=0.7176 val_loss=0.1255 val_metric_name=roc_auc val_metric=0.7176
Step  500 | loss 0.1147 | val_acc=0.9717 val_roc_auc=0.7212 val_loss=0.1251 val_metric_name=roc_auc val_metric=0.7212
Step  550 | loss 0.1134 | val_acc=0.9713 val_roc_auc=0.7232 val_loss=0.1249 val_metric_name=roc_auc val_metric=0.7232
Step  600 | loss 0.1122 | val_acc=0.9711 val_roc_auc=0.7245 val_loss=0.1251 val_metric_name=roc_auc val_metric=0.7245
Step  650 | loss 0.1108 | val_acc=0.9698 val_roc_auc=0.7247 val_loss=0.1261 val_metric_name=roc_auc val_metric=0.7247
Step  700 | loss 0.1100 | val_acc=0.9693 val_roc_auc=0.7262 val_loss=0.1272 val_metric_name=roc_auc val_metric=0.7262
Step  750 | loss 0.1093 | val_acc=0.9688 val_roc_auc=0.7269 val_loss=0.1286 val_metric_name=roc_auc val_metric=0.7269
Step  800 | loss 0.1071 | val_acc=0.9682 val_roc_auc=0.7275 val_loss=0.1308 val_metric_name=roc_auc val_metric=0.7275
Step  850 | loss 0.1064 | val_acc=0.9670 val_roc_auc=0.7273 val_loss=0.1333 val_metric_name=roc_auc val_metric=0.7273
Step  900 | loss 0.1041 | val_acc=0.9649 val_roc_auc=0.7279 val_loss=0.1382 val_metric_name=roc_auc val_metric=0.7279
Step  950 | loss 0.1023 | val_acc=0.9643 val_roc_auc=0.7284 val_loss=0.1404 val_metric_name=roc_auc val_metric=0.7284
Step 1000 | loss 0.1013 | val_acc=0.9626 val_roc_auc=0.7290 val_loss=0.1444 val_metric_name=roc_auc val_metric=0.7290
Step 1050 | loss 0.0993 | val_acc=0.9612 val_roc_auc=0.7307 val_loss=0.1487 val_metric_name=roc_auc val_metric=0.7307
Step 1100 | loss 0.0975 | val_acc=0.9616 val_roc_auc=0.7301 val_loss=0.1491 val_metric_name=roc_auc val_metric=0.7301
Step 1150 | loss 0.0949 | val_acc=0.9594 val_roc_auc=0.7301 val_loss=0.1552 val_metric_name=roc_auc val_metric=0.7301
Step 1200 | loss 0.0931 | val_acc=0.9585 val_roc_auc=0.7315 val_loss=0.1564 val_metric_name=roc_auc val_metric=0.7315
Step 1250 | loss 0.0910 | val_acc=0.9589 val_roc_auc=0.7320 val_loss=0.1575 val_metric_name=roc_auc val_metric=0.7320
Step 1300 | loss 0.0885 | val_acc=0.9569 val_roc_auc=0.7331 val_loss=0.1657 val_metric_name=roc_auc val_metric=0.7331
Step 1350 | loss 0.0877 | val_acc=0.9568 val_roc_auc=0.7324 val_loss=0.1674 val_metric_name=roc_auc val_metric=0.7324
Step 1400 | loss 0.0847 | val_acc=0.9555 val_roc_auc=0.7335 val_loss=0.1725 val_metric_name=roc_auc val_metric=0.7335
Step 1450 | loss 0.0832 | val_acc=0.9585 val_roc_auc=0.7328 val_loss=0.1647 val_metric_name=roc_auc val_metric=0.7328
Step 1500 | loss 0.0784 | val_acc=0.9574 val_roc_auc=0.7305 val_loss=0.1719 val_metric_name=roc_auc val_metric=0.7305
Step 1550 | loss 0.0750 | val_acc=0.9576 val_roc_auc=0.7291 val_loss=0.1724 val_metric_name=roc_auc val_metric=0.7291
Step 1600 | loss 0.0737 | val_acc=0.9554 val_roc_auc=0.7301 val_loss=0.1800 val_metric_name=roc_auc val_metric=0.7301
Step 1650 | loss 0.0708 | val_acc=0.9555 val_roc_auc=0.7262 val_loss=0.1812 val_metric_name=roc_auc val_metric=0.7262
Step 1700 | loss 0.0673 | val_acc=0.9535 val_roc_auc=0.7260 val_loss=0.1887 val_metric_name=roc_auc val_metric=0.7260
Early stopping at step 1740

--- Final (best ckpt @ step 1440) ---
  train_acc=0.9744 train_roc_auc=0.9375 train_loss=0.0899 train_metric_name=roc_auc train_metric=0.9375
  val_acc=0.9552 val_roc_auc=0.7346 val_loss=0.1726 val_metric_name=roc_auc val_metric=0.7346
  test_acc=0.9558 test_roc_auc=0.7483 test_loss=0.1694 test_metric_name=roc_auc test_metric=0.7483
  test_roc_auc=0.7483
  >> num_layers=4 hidden_dim=256 lr=3e-05 best_step=920 val_roc_auc=0.7344 test_roc_auc=0.7377
     val_acc=0.9666 val_loss=0.1393 val_metric=0.7344 val_metric_name=roc_auc val_roc_auc=0.7344
     test_acc=0.9670 test_loss=0.1377 test_metric=0.7377 test_metric_name=roc_auc test_roc_auc=0.7377
  >> num_layers=4 hidden_dim=256 lr=6e-05 best_step=540 val_roc_auc=0.7317 test_roc_auc=0.7365
     val_acc=0.9667 val_loss=0.1401 val_metric=0.7317 val_metric_name=roc_auc val_roc_auc=0.7317
     test_acc=0.9671 test_loss=0.1380 test_metric=0.7365 test_metric_name=roc_auc test_roc_auc=0.7365
  >> num_layers=4 hidden_dim=256 lr=0.0001 best_step=370 val_roc_auc=0.7257 test_roc_auc=0.7367
     val_acc=0.9666 val_loss=0.1402 val_metric=0.7257 val_metric_name=roc_auc val_roc_auc=0.7257
     test_acc=0.9675 test_loss=0.1364 test_metric=0.7367 test_metric_name=roc_auc test_roc_auc=0.7367
  >> num_layers=4 hidden_dim=256 lr=1e-05 best_step=2580 val_roc_auc=0.7375 test_roc_auc=0.7378
     val_acc=0.9657 val_loss=0.1424 val_metric=0.7375 val_metric_name=roc_auc val_roc_auc=0.7375
     test_acc=0.9653 test_loss=0.1418 test_metric=0.7378 test_metric_name=roc_auc test_roc_auc=0.7378
  >> num_layers=4 hidden_dim=384 lr=3e-05 best_step=740 val_roc_auc=0.7236 test_roc_auc=0.7472
     val_acc=0.9636 val_loss=0.1480 val_metric=0.7236 val_metric_name=roc_auc val_roc_auc=0.7236
     test_acc=0.9635 test_loss=0.1424 test_metric=0.7472 test_metric_name=roc_auc test_roc_auc=0.7472
  >> num_layers=4 hidden_dim=384 lr=6e-05 best_step=360 val_roc_auc=0.7196 test_roc_auc=0.7380
     val_acc=0.9684 val_loss=0.1323 val_metric=0.7196 val_metric_name=roc_auc val_roc_auc=0.7196
     test_acc=0.9686 test_loss=0.1282 test_metric=0.7380 test_metric_name=roc_auc test_roc_auc=0.7380
  >> num_layers=4 hidden_dim=384 lr=0.0001 best_step=280 val_roc_auc=0.7190 test_roc_auc=0.7364
     val_acc=0.9676 val_loss=0.1357 val_metric=0.7190 val_metric_name=roc_auc val_roc_auc=0.7190
     test_acc=0.9670 test_loss=0.1317 test_metric=0.7364 test_metric_name=roc_auc test_roc_auc=0.7364
  >> num_layers=4 hidden_dim=384 lr=1e-05 best_step=1770 val_roc_auc=0.7267 test_roc_auc=0.7492
     val_acc=0.9669 val_loss=0.1396 val_metric=0.7267 val_metric_name=roc_auc val_roc_auc=0.7267
     test_acc=0.9652 test_loss=0.1351 test_metric=0.7492 test_metric_name=roc_auc test_roc_auc=0.7492
  >> num_layers=4 hidden_dim=512 lr=3e-05 best_step=550 val_roc_auc=0.7307 test_roc_auc=0.7484
     val_acc=0.9622 val_loss=0.1545 val_metric=0.7307 val_metric_name=roc_auc val_roc_auc=0.7307
     test_acc=0.9606 test_loss=0.1510 test_metric=0.7484 test_metric_name=roc_auc test_roc_auc=0.7484
  >> num_layers=4 hidden_dim=512 lr=6e-05 best_step=360 val_roc_auc=0.7255 test_roc_auc=0.7420
     val_acc=0.9546 val_loss=0.1752 val_metric=0.7255 val_metric_name=roc_auc val_roc_auc=0.7255
     test_acc=0.9548 test_loss=0.1713 test_metric=0.7420 test_metric_name=roc_auc test_roc_auc=0.7420
  >> num_layers=4 hidden_dim=512 lr=0.0001 best_step=250 val_roc_auc=0.7204 test_roc_auc=0.7367
     val_acc=0.9514 val_loss=0.1796 val_metric=0.7204 val_metric_name=roc_auc val_roc_auc=0.7204
     test_acc=0.9523 test_loss=0.1749 test_metric=0.7367 test_metric_name=roc_auc test_roc_auc=0.7367
  >> num_layers=4 hidden_dim=512 lr=1e-05 best_step=1440 val_roc_auc=0.7346 test_roc_auc=0.7483
     val_acc=0.9552 val_loss=0.1726 val_metric=0.7346 val_metric_name=roc_auc val_roc_auc=0.7346
     test_acc=0.9558 test_loss=0.1694 test_metric=0.7483 test_metric_name=roc_auc test_roc_auc=0.7483
  >> selected best (by val): num_layers=4 hidden_dim=256 lr=1e-05 val_roc_auc=0.7375 test_roc_auc=0.7378
     val_acc=0.9657 val_loss=0.1424 val_metric=0.7375 val_metric_name=roc_auc val_roc_auc=0.7375
     test_acc=0.9653 test_loss=0.1418 test_metric=0.7378 test_metric_name=roc_auc test_roc_auc=0.7378

Done. Results saved to /home/avshmelev/diploma_yandex_graphs/results_grid/questions/base.csv, checkpoints in /home/avshmelev/diploma_yandex_graphs/all_checkpoints/questions/base/
