Loading data...

============================================================
Training questions SAGE 2L h=256 lr=3e-05 split=1
============================================================
Training for 5000 steps
Step    1 | loss 0.6082 | val_acc=0.9670 val_roc_auc=0.3707 val_loss=0.4229 val_metric_name=roc_auc val_metric=0.3707
Step   50 | loss 0.1354 | val_acc=0.9702 val_roc_auc=0.6050 val_loss=0.1535 val_metric_name=roc_auc val_metric=0.6050
Step  100 | loss 0.1323 | val_acc=0.9702 val_roc_auc=0.6300 val_loss=0.1409 val_metric_name=roc_auc val_metric=0.6300
Step  150 | loss 0.1293 | val_acc=0.9702 val_roc_auc=0.6510 val_loss=0.1367 val_metric_name=roc_auc val_metric=0.6510
Step  200 | loss 0.1274 | val_acc=0.9702 val_roc_auc=0.6748 val_loss=0.1335 val_metric_name=roc_auc val_metric=0.6748
Step  250 | loss 0.1251 | val_acc=0.9720 val_roc_auc=0.6998 val_loss=0.1305 val_metric_name=roc_auc val_metric=0.6998
Step  300 | loss 0.1248 | val_acc=0.9717 val_roc_auc=0.7181 val_loss=0.1283 val_metric_name=roc_auc val_metric=0.7181
Step  350 | loss 0.1226 | val_acc=0.9716 val_roc_auc=0.7291 val_loss=0.1267 val_metric_name=roc_auc val_metric=0.7291
Step  400 | loss 0.1209 | val_acc=0.9717 val_roc_auc=0.7332 val_loss=0.1252 val_metric_name=roc_auc val_metric=0.7332
Step  450 | loss 0.1201 | val_acc=0.9720 val_roc_auc=0.7356 val_loss=0.1245 val_metric_name=roc_auc val_metric=0.7356
Step  500 | loss 0.1184 | val_acc=0.9721 val_roc_auc=0.7371 val_loss=0.1237 val_metric_name=roc_auc val_metric=0.7371
Step  550 | loss 0.1183 | val_acc=0.9721 val_roc_auc=0.7387 val_loss=0.1230 val_metric_name=roc_auc val_metric=0.7387
Step  600 | loss 0.1162 | val_acc=0.9729 val_roc_auc=0.7394 val_loss=0.1227 val_metric_name=roc_auc val_metric=0.7394
Step  650 | loss 0.1151 | val_acc=0.9726 val_roc_auc=0.7404 val_loss=0.1222 val_metric_name=roc_auc val_metric=0.7404
Step  700 | loss 0.1144 | val_acc=0.9726 val_roc_auc=0.7410 val_loss=0.1222 val_metric_name=roc_auc val_metric=0.7410
Step  750 | loss 0.1140 | val_acc=0.9726 val_roc_auc=0.7409 val_loss=0.1226 val_metric_name=roc_auc val_metric=0.7409
Step  800 | loss 0.1112 | val_acc=0.9724 val_roc_auc=0.7417 val_loss=0.1229 val_metric_name=roc_auc val_metric=0.7417
Step  850 | loss 0.1104 | val_acc=0.9712 val_roc_auc=0.7419 val_loss=0.1238 val_metric_name=roc_auc val_metric=0.7419
Step  900 | loss 0.1073 | val_acc=0.9707 val_roc_auc=0.7415 val_loss=0.1251 val_metric_name=roc_auc val_metric=0.7415
Step  950 | loss 0.1058 | val_acc=0.9705 val_roc_auc=0.7415 val_loss=0.1262 val_metric_name=roc_auc val_metric=0.7415
Step 1000 | loss 0.1047 | val_acc=0.9697 val_roc_auc=0.7408 val_loss=0.1288 val_metric_name=roc_auc val_metric=0.7408
Step 1050 | loss 0.1007 | val_acc=0.9689 val_roc_auc=0.7397 val_loss=0.1309 val_metric_name=roc_auc val_metric=0.7397
Step 1100 | loss 0.0970 | val_acc=0.9686 val_roc_auc=0.7382 val_loss=0.1341 val_metric_name=roc_auc val_metric=0.7382
Step 1150 | loss 0.0942 | val_acc=0.9667 val_roc_auc=0.7384 val_loss=0.1391 val_metric_name=roc_auc val_metric=0.7384
Step 1200 | loss 0.0896 | val_acc=0.9670 val_roc_auc=0.7358 val_loss=0.1418 val_metric_name=roc_auc val_metric=0.7358
Early stopping at step 1240

--- Final (best ckpt @ step 940) ---
  train_acc=0.9739 train_roc_auc=0.8438 train_loss=0.1031 train_metric_name=roc_auc train_metric=0.8438
  val_acc=0.9702 val_roc_auc=0.7425 val_loss=0.1268 val_metric_name=roc_auc val_metric=0.7425
  test_acc=0.9701 test_roc_auc=0.7423 test_loss=0.1287 test_metric_name=roc_auc test_metric=0.7423
  test_roc_auc=0.7423

============================================================
Training questions SAGE 2L h=256 lr=6e-05 split=1
============================================================
Training for 5000 steps
Step    1 | loss 0.6082 | val_acc=0.9702 val_roc_auc=0.3695 val_loss=0.3182 val_metric_name=roc_auc val_metric=0.3695
Step   50 | loss 0.1330 | val_acc=0.9702 val_roc_auc=0.6264 val_loss=0.1355 val_metric_name=roc_auc val_metric=0.6264
Step  100 | loss 0.1291 | val_acc=0.9702 val_roc_auc=0.6573 val_loss=0.1329 val_metric_name=roc_auc val_metric=0.6573
Step  150 | loss 0.1254 | val_acc=0.9716 val_roc_auc=0.7001 val_loss=0.1284 val_metric_name=roc_auc val_metric=0.7001
Step  200 | loss 0.1227 | val_acc=0.9715 val_roc_auc=0.7296 val_loss=0.1250 val_metric_name=roc_auc val_metric=0.7296
Step  250 | loss 0.1194 | val_acc=0.9718 val_roc_auc=0.7357 val_loss=0.1232 val_metric_name=roc_auc val_metric=0.7357
Step  300 | loss 0.1185 | val_acc=0.9722 val_roc_auc=0.7384 val_loss=0.1224 val_metric_name=roc_auc val_metric=0.7384
Step  350 | loss 0.1162 | val_acc=0.9728 val_roc_auc=0.7397 val_loss=0.1217 val_metric_name=roc_auc val_metric=0.7397
Step  400 | loss 0.1137 | val_acc=0.9723 val_roc_auc=0.7404 val_loss=0.1221 val_metric_name=roc_auc val_metric=0.7404
Step  450 | loss 0.1115 | val_acc=0.9724 val_roc_auc=0.7412 val_loss=0.1226 val_metric_name=roc_auc val_metric=0.7412
Step  500 | loss 0.1083 | val_acc=0.9709 val_roc_auc=0.7406 val_loss=0.1250 val_metric_name=roc_auc val_metric=0.7406
Step  550 | loss 0.1054 | val_acc=0.9696 val_roc_auc=0.7419 val_loss=0.1277 val_metric_name=roc_auc val_metric=0.7419
Step  600 | loss 0.1003 | val_acc=0.9687 val_roc_auc=0.7396 val_loss=0.1327 val_metric_name=roc_auc val_metric=0.7396
Step  650 | loss 0.0944 | val_acc=0.9670 val_roc_auc=0.7373 val_loss=0.1372 val_metric_name=roc_auc val_metric=0.7373
Step  700 | loss 0.0878 | val_acc=0.9648 val_roc_auc=0.7330 val_loss=0.1456 val_metric_name=roc_auc val_metric=0.7330
Step  750 | loss 0.0796 | val_acc=0.9643 val_roc_auc=0.7259 val_loss=0.1538 val_metric_name=roc_auc val_metric=0.7259
Step  800 | loss 0.0690 | val_acc=0.9630 val_roc_auc=0.7191 val_loss=0.1633 val_metric_name=roc_auc val_metric=0.7191
Step  850 | loss 0.0616 | val_acc=0.9627 val_roc_auc=0.7125 val_loss=0.1710 val_metric_name=roc_auc val_metric=0.7125
Early stopping at step 852

--- Final (best ckpt @ step 550) ---
  train_acc=0.9740 train_roc_auc=0.8444 train_loss=0.1016 train_metric_name=roc_auc train_metric=0.8444
  val_acc=0.9696 val_roc_auc=0.7419 val_loss=0.1277 val_metric_name=roc_auc val_metric=0.7419
  test_acc=0.9695 test_roc_auc=0.7430 test_loss=0.1296 test_metric_name=roc_auc test_metric=0.7430
  test_roc_auc=0.7430

============================================================
Training questions SAGE 2L h=256 lr=0.0001 split=1
============================================================
Training for 5000 steps
Step    1 | loss 0.6082 | val_acc=0.9702 val_roc_auc=0.3729 val_loss=0.2291 val_metric_name=roc_auc val_metric=0.3729
Step   50 | loss 0.1312 | val_acc=0.9702 val_roc_auc=0.6429 val_loss=0.1372 val_metric_name=roc_auc val_metric=0.6429
Step  100 | loss 0.1267 | val_acc=0.9704 val_roc_auc=0.6874 val_loss=0.1280 val_metric_name=roc_auc val_metric=0.6874
Step  150 | loss 0.1216 | val_acc=0.9715 val_roc_auc=0.7332 val_loss=0.1234 val_metric_name=roc_auc val_metric=0.7332
Step  200 | loss 0.1187 | val_acc=0.9721 val_roc_auc=0.7379 val_loss=0.1216 val_metric_name=roc_auc val_metric=0.7379
Step  250 | loss 0.1150 | val_acc=0.9726 val_roc_auc=0.7400 val_loss=0.1206 val_metric_name=roc_auc val_metric=0.7400
Step  300 | loss 0.1127 | val_acc=0.9725 val_roc_auc=0.7404 val_loss=0.1217 val_metric_name=roc_auc val_metric=0.7404
Step  350 | loss 0.1088 | val_acc=0.9711 val_roc_auc=0.7405 val_loss=0.1242 val_metric_name=roc_auc val_metric=0.7405
Step  400 | loss 0.1030 | val_acc=0.9693 val_roc_auc=0.7392 val_loss=0.1296 val_metric_name=roc_auc val_metric=0.7392
Step  450 | loss 0.0944 | val_acc=0.9640 val_roc_auc=0.7373 val_loss=0.1411 val_metric_name=roc_auc val_metric=0.7373
Step  500 | loss 0.0835 | val_acc=0.9629 val_roc_auc=0.7283 val_loss=0.1515 val_metric_name=roc_auc val_metric=0.7283
Step  550 | loss 0.0699 | val_acc=0.9604 val_roc_auc=0.7172 val_loss=0.1677 val_metric_name=roc_auc val_metric=0.7172
Step  600 | loss 0.0571 | val_acc=0.9612 val_roc_auc=0.7045 val_loss=0.1826 val_metric_name=roc_auc val_metric=0.7045
Early stopping at step 643

--- Final (best ckpt @ step 310) ---
  train_acc=0.9725 train_roc_auc=0.8032 train_loss=0.1128 train_metric_name=roc_auc train_metric=0.8032
  val_acc=0.9723 val_roc_auc=0.7412 val_loss=0.1221 val_metric_name=roc_auc val_metric=0.7412
  test_acc=0.9720 test_roc_auc=0.7349 test_loss=0.1237 test_metric_name=roc_auc test_metric=0.7349
  test_roc_auc=0.7349

============================================================
Training questions SAGE 2L h=256 lr=1e-05 split=1
============================================================
Training for 5000 steps
Step    1 | loss 0.6082 | val_acc=0.9155 val_roc_auc=0.3729 val_loss=0.5154 val_metric_name=roc_auc val_metric=0.3729
Step   50 | loss 0.1456 | val_acc=0.9702 val_roc_auc=0.4703 val_loss=0.1416 val_metric_name=roc_auc val_metric=0.4703
Step  100 | loss 0.1375 | val_acc=0.9702 val_roc_auc=0.5531 val_loss=0.1514 val_metric_name=roc_auc val_metric=0.5531
Step  150 | loss 0.1348 | val_acc=0.9702 val_roc_auc=0.6078 val_loss=0.1512 val_metric_name=roc_auc val_metric=0.6078
Step  200 | loss 0.1333 | val_acc=0.9702 val_roc_auc=0.6193 val_loss=0.1485 val_metric_name=roc_auc val_metric=0.6193
Step  250 | loss 0.1317 | val_acc=0.9702 val_roc_auc=0.6285 val_loss=0.1458 val_metric_name=roc_auc val_metric=0.6285
Step  300 | loss 0.1322 | val_acc=0.9702 val_roc_auc=0.6370 val_loss=0.1435 val_metric_name=roc_auc val_metric=0.6370
Step  350 | loss 0.1302 | val_acc=0.9702 val_roc_auc=0.6453 val_loss=0.1415 val_metric_name=roc_auc val_metric=0.6453
Step  400 | loss 0.1292 | val_acc=0.9702 val_roc_auc=0.6540 val_loss=0.1397 val_metric_name=roc_auc val_metric=0.6540
Step  450 | loss 0.1289 | val_acc=0.9702 val_roc_auc=0.6631 val_loss=0.1380 val_metric_name=roc_auc val_metric=0.6631
Step  500 | loss 0.1279 | val_acc=0.9703 val_roc_auc=0.6724 val_loss=0.1365 val_metric_name=roc_auc val_metric=0.6724
Step  550 | loss 0.1278 | val_acc=0.9705 val_roc_auc=0.6818 val_loss=0.1351 val_metric_name=roc_auc val_metric=0.6818
Step  600 | loss 0.1267 | val_acc=0.9718 val_roc_auc=0.6907 val_loss=0.1336 val_metric_name=roc_auc val_metric=0.6907
Step  650 | loss 0.1254 | val_acc=0.9719 val_roc_auc=0.6991 val_loss=0.1325 val_metric_name=roc_auc val_metric=0.6991
Step  700 | loss 0.1259 | val_acc=0.9720 val_roc_auc=0.7067 val_loss=0.1314 val_metric_name=roc_auc val_metric=0.7067
Step  750 | loss 0.1255 | val_acc=0.9717 val_roc_auc=0.7126 val_loss=0.1305 val_metric_name=roc_auc val_metric=0.7126
Step  800 | loss 0.1243 | val_acc=0.9715 val_roc_auc=0.7177 val_loss=0.1297 val_metric_name=roc_auc val_metric=0.7177
Step  850 | loss 0.1237 | val_acc=0.9715 val_roc_auc=0.7223 val_loss=0.1289 val_metric_name=roc_auc val_metric=0.7223
Step  900 | loss 0.1230 | val_acc=0.9716 val_roc_auc=0.7263 val_loss=0.1283 val_metric_name=roc_auc val_metric=0.7263
Step  950 | loss 0.1224 | val_acc=0.9716 val_roc_auc=0.7291 val_loss=0.1278 val_metric_name=roc_auc val_metric=0.7291
Step 1000 | loss 0.1218 | val_acc=0.9717 val_roc_auc=0.7312 val_loss=0.1272 val_metric_name=roc_auc val_metric=0.7312
Step 1050 | loss 0.1216 | val_acc=0.9717 val_roc_auc=0.7325 val_loss=0.1265 val_metric_name=roc_auc val_metric=0.7325
Step 1100 | loss 0.1206 | val_acc=0.9717 val_roc_auc=0.7336 val_loss=0.1262 val_metric_name=roc_auc val_metric=0.7336
Step 1150 | loss 0.1211 | val_acc=0.9720 val_roc_auc=0.7346 val_loss=0.1258 val_metric_name=roc_auc val_metric=0.7346
Step 1200 | loss 0.1198 | val_acc=0.9720 val_roc_auc=0.7354 val_loss=0.1253 val_metric_name=roc_auc val_metric=0.7354
Step 1250 | loss 0.1192 | val_acc=0.9721 val_roc_auc=0.7361 val_loss=0.1247 val_metric_name=roc_auc val_metric=0.7361
Step 1300 | loss 0.1193 | val_acc=0.9721 val_roc_auc=0.7367 val_loss=0.1246 val_metric_name=roc_auc val_metric=0.7367
Step 1350 | loss 0.1185 | val_acc=0.9721 val_roc_auc=0.7373 val_loss=0.1240 val_metric_name=roc_auc val_metric=0.7373
Step 1400 | loss 0.1174 | val_acc=0.9720 val_roc_auc=0.7380 val_loss=0.1239 val_metric_name=roc_auc val_metric=0.7380
Step 1450 | loss 0.1181 | val_acc=0.9726 val_roc_auc=0.7386 val_loss=0.1235 val_metric_name=roc_auc val_metric=0.7386
Step 1500 | loss 0.1172 | val_acc=0.9729 val_roc_auc=0.7392 val_loss=0.1233 val_metric_name=roc_auc val_metric=0.7392
Step 1550 | loss 0.1164 | val_acc=0.9729 val_roc_auc=0.7397 val_loss=0.1230 val_metric_name=roc_auc val_metric=0.7397
Step 1600 | loss 0.1168 | val_acc=0.9729 val_roc_auc=0.7400 val_loss=0.1229 val_metric_name=roc_auc val_metric=0.7400
Step 1650 | loss 0.1159 | val_acc=0.9727 val_roc_auc=0.7405 val_loss=0.1228 val_metric_name=roc_auc val_metric=0.7405
Step 1700 | loss 0.1154 | val_acc=0.9726 val_roc_auc=0.7406 val_loss=0.1226 val_metric_name=roc_auc val_metric=0.7406
Step 1750 | loss 0.1149 | val_acc=0.9727 val_roc_auc=0.7406 val_loss=0.1225 val_metric_name=roc_auc val_metric=0.7406
Step 1800 | loss 0.1148 | val_acc=0.9726 val_roc_auc=0.7410 val_loss=0.1225 val_metric_name=roc_auc val_metric=0.7410
Step 1850 | loss 0.1139 | val_acc=0.9727 val_roc_auc=0.7412 val_loss=0.1226 val_metric_name=roc_auc val_metric=0.7412
Step 1900 | loss 0.1145 | val_acc=0.9727 val_roc_auc=0.7413 val_loss=0.1225 val_metric_name=roc_auc val_metric=0.7413
Step 1950 | loss 0.1122 | val_acc=0.9724 val_roc_auc=0.7413 val_loss=0.1225 val_metric_name=roc_auc val_metric=0.7413
Step 2000 | loss 0.1122 | val_acc=0.9725 val_roc_auc=0.7414 val_loss=0.1227 val_metric_name=roc_auc val_metric=0.7414
Step 2050 | loss 0.1120 | val_acc=0.9722 val_roc_auc=0.7417 val_loss=0.1227 val_metric_name=roc_auc val_metric=0.7417
Step 2100 | loss 0.1113 | val_acc=0.9720 val_roc_auc=0.7419 val_loss=0.1230 val_metric_name=roc_auc val_metric=0.7419
Step 2150 | loss 0.1102 | val_acc=0.9720 val_roc_auc=0.7418 val_loss=0.1230 val_metric_name=roc_auc val_metric=0.7418
Step 2200 | loss 0.1096 | val_acc=0.9717 val_roc_auc=0.7419 val_loss=0.1235 val_metric_name=roc_auc val_metric=0.7419
Step 2250 | loss 0.1090 | val_acc=0.9713 val_roc_auc=0.7421 val_loss=0.1236 val_metric_name=roc_auc val_metric=0.7421
Step 2300 | loss 0.1083 | val_acc=0.9711 val_roc_auc=0.7422 val_loss=0.1238 val_metric_name=roc_auc val_metric=0.7422
Step 2350 | loss 0.1073 | val_acc=0.9710 val_roc_auc=0.7419 val_loss=0.1242 val_metric_name=roc_auc val_metric=0.7419
Step 2400 | loss 0.1069 | val_acc=0.9707 val_roc_auc=0.7419 val_loss=0.1250 val_metric_name=roc_auc val_metric=0.7419
Step 2450 | loss 0.1052 | val_acc=0.9706 val_roc_auc=0.7420 val_loss=0.1259 val_metric_name=roc_auc val_metric=0.7420
Step 2500 | loss 0.1053 | val_acc=0.9706 val_roc_auc=0.7415 val_loss=0.1265 val_metric_name=roc_auc val_metric=0.7415
Step 2550 | loss 0.1044 | val_acc=0.9706 val_roc_auc=0.7419 val_loss=0.1271 val_metric_name=roc_auc val_metric=0.7419
Early stopping at step 2590

--- Final (best ckpt @ step 2290) ---
  train_acc=0.9736 train_roc_auc=0.8337 train_loss=0.1058 train_metric_name=roc_auc train_metric=0.8337
  val_acc=0.9711 val_roc_auc=0.7423 val_loss=0.1238 val_metric_name=roc_auc val_metric=0.7423
  test_acc=0.9715 test_roc_auc=0.7405 test_loss=0.1255 test_metric_name=roc_auc test_metric=0.7405
  test_roc_auc=0.7405

============================================================
Training questions SAGE 2L h=384 lr=3e-05 split=1
============================================================
Training for 5000 steps
Step    1 | loss 0.6850 | val_acc=0.9696 val_roc_auc=0.4404 val_loss=0.4136 val_metric_name=roc_auc val_metric=0.4404
Step   50 | loss 0.1322 | val_acc=0.9702 val_roc_auc=0.6565 val_loss=0.1409 val_metric_name=roc_auc val_metric=0.6565
Step  100 | loss 0.1293 | val_acc=0.9703 val_roc_auc=0.6739 val_loss=0.1339 val_metric_name=roc_auc val_metric=0.6739
Step  150 | loss 0.1270 | val_acc=0.9716 val_roc_auc=0.6943 val_loss=0.1309 val_metric_name=roc_auc val_metric=0.6943
Step  200 | loss 0.1249 | val_acc=0.9717 val_roc_auc=0.7149 val_loss=0.1284 val_metric_name=roc_auc val_metric=0.7149
Step  250 | loss 0.1223 | val_acc=0.9719 val_roc_auc=0.7273 val_loss=0.1267 val_metric_name=roc_auc val_metric=0.7273
Step  300 | loss 0.1208 | val_acc=0.9718 val_roc_auc=0.7309 val_loss=0.1256 val_metric_name=roc_auc val_metric=0.7309
Step  350 | loss 0.1188 | val_acc=0.9721 val_roc_auc=0.7346 val_loss=0.1243 val_metric_name=roc_auc val_metric=0.7346
Step  400 | loss 0.1169 | val_acc=0.9728 val_roc_auc=0.7368 val_loss=0.1240 val_metric_name=roc_auc val_metric=0.7368
Step  450 | loss 0.1158 | val_acc=0.9726 val_roc_auc=0.7390 val_loss=0.1232 val_metric_name=roc_auc val_metric=0.7390
Step  500 | loss 0.1144 | val_acc=0.9727 val_roc_auc=0.7404 val_loss=0.1235 val_metric_name=roc_auc val_metric=0.7404
Step  550 | loss 0.1121 | val_acc=0.9726 val_roc_auc=0.7405 val_loss=0.1239 val_metric_name=roc_auc val_metric=0.7405
Step  600 | loss 0.1093 | val_acc=0.9722 val_roc_auc=0.7419 val_loss=0.1247 val_metric_name=roc_auc val_metric=0.7419
Step  650 | loss 0.1073 | val_acc=0.9715 val_roc_auc=0.7414 val_loss=0.1270 val_metric_name=roc_auc val_metric=0.7414
Step  700 | loss 0.1042 | val_acc=0.9702 val_roc_auc=0.7433 val_loss=0.1296 val_metric_name=roc_auc val_metric=0.7433
Step  750 | loss 0.0985 | val_acc=0.9690 val_roc_auc=0.7442 val_loss=0.1331 val_metric_name=roc_auc val_metric=0.7442
Step  800 | loss 0.0947 | val_acc=0.9686 val_roc_auc=0.7435 val_loss=0.1356 val_metric_name=roc_auc val_metric=0.7435
Step  850 | loss 0.0908 | val_acc=0.9673 val_roc_auc=0.7438 val_loss=0.1400 val_metric_name=roc_auc val_metric=0.7438
Step  900 | loss 0.0851 | val_acc=0.9657 val_roc_auc=0.7441 val_loss=0.1462 val_metric_name=roc_auc val_metric=0.7441
Step  950 | loss 0.0795 | val_acc=0.9665 val_roc_auc=0.7355 val_loss=0.1498 val_metric_name=roc_auc val_metric=0.7355
Step 1000 | loss 0.0714 | val_acc=0.9648 val_roc_auc=0.7315 val_loss=0.1546 val_metric_name=roc_auc val_metric=0.7315
Step 1050 | loss 0.0678 | val_acc=0.9629 val_roc_auc=0.7260 val_loss=0.1650 val_metric_name=roc_auc val_metric=0.7260
Step 1100 | loss 0.0621 | val_acc=0.9646 val_roc_auc=0.7161 val_loss=0.1700 val_metric_name=roc_auc val_metric=0.7161
Early stopping at step 1128

--- Final (best ckpt @ step 820) ---
  train_acc=0.9776 train_roc_auc=0.9017 train_loss=0.0818 train_metric_name=roc_auc train_metric=0.9017
  val_acc=0.9670 val_roc_auc=0.7459 val_loss=0.1372 val_metric_name=roc_auc val_metric=0.7459
  test_acc=0.9666 test_roc_auc=0.7343 test_loss=0.1416 test_metric_name=roc_auc test_metric=0.7343
  test_roc_auc=0.7343

============================================================
Training questions SAGE 2L h=384 lr=6e-05 split=1
============================================================
Training for 5000 steps
Step    1 | loss 0.6850 | val_acc=0.9702 val_roc_auc=0.4760 val_loss=0.2582 val_metric_name=roc_auc val_metric=0.4760
Step   50 | loss 0.1302 | val_acc=0.9702 val_roc_auc=0.6644 val_loss=0.1345 val_metric_name=roc_auc val_metric=0.6644
Step  100 | loss 0.1266 | val_acc=0.9720 val_roc_auc=0.6949 val_loss=0.1276 val_metric_name=roc_auc val_metric=0.6949
Step  150 | loss 0.1231 | val_acc=0.9718 val_roc_auc=0.7259 val_loss=0.1250 val_metric_name=roc_auc val_metric=0.7259
Step  200 | loss 0.1194 | val_acc=0.9721 val_roc_auc=0.7338 val_loss=0.1234 val_metric_name=roc_auc val_metric=0.7338
Step  250 | loss 0.1163 | val_acc=0.9726 val_roc_auc=0.7372 val_loss=0.1219 val_metric_name=roc_auc val_metric=0.7372
Step  300 | loss 0.1140 | val_acc=0.9726 val_roc_auc=0.7393 val_loss=0.1218 val_metric_name=roc_auc val_metric=0.7393
Step  350 | loss 0.1104 | val_acc=0.9722 val_roc_auc=0.7409 val_loss=0.1224 val_metric_name=roc_auc val_metric=0.7409
Step  400 | loss 0.1067 | val_acc=0.9705 val_roc_auc=0.7407 val_loss=0.1260 val_metric_name=roc_auc val_metric=0.7407
Step  450 | loss 0.1003 | val_acc=0.9687 val_roc_auc=0.7434 val_loss=0.1317 val_metric_name=roc_auc val_metric=0.7434
Step  500 | loss 0.0921 | val_acc=0.9665 val_roc_auc=0.7409 val_loss=0.1417 val_metric_name=roc_auc val_metric=0.7409
Step  550 | loss 0.0827 | val_acc=0.9651 val_roc_auc=0.7353 val_loss=0.1484 val_metric_name=roc_auc val_metric=0.7353
Step  600 | loss 0.0703 | val_acc=0.9631 val_roc_auc=0.7269 val_loss=0.1632 val_metric_name=roc_auc val_metric=0.7269
Step  650 | loss 0.0592 | val_acc=0.9642 val_roc_auc=0.7096 val_loss=0.1751 val_metric_name=roc_auc val_metric=0.7096
Step  700 | loss 0.0470 | val_acc=0.9631 val_roc_auc=0.6919 val_loss=0.1929 val_metric_name=roc_auc val_metric=0.6919
Step  750 | loss 0.0365 | val_acc=0.9640 val_roc_auc=0.6746 val_loss=0.2076 val_metric_name=roc_auc val_metric=0.6746
Step  800 | loss 0.0293 | val_acc=0.9652 val_roc_auc=0.6645 val_loss=0.2210 val_metric_name=roc_auc val_metric=0.6645
Early stopping at step 815

--- Final (best ckpt @ step 450) ---
  train_acc=0.9756 train_roc_auc=0.8715 train_loss=0.0933 train_metric_name=roc_auc train_metric=0.8715
  val_acc=0.9687 val_roc_auc=0.7434 val_loss=0.1317 val_metric_name=roc_auc val_metric=0.7434
  test_acc=0.9687 test_roc_auc=0.7383 test_loss=0.1353 test_metric_name=roc_auc test_metric=0.7383
  test_roc_auc=0.7383

============================================================
Training questions SAGE 2L h=384 lr=0.0001 split=1
============================================================
Training for 5000 steps
Step    1 | loss 0.6850 | val_acc=0.9702 val_roc_auc=0.5064 val_loss=0.1665 val_metric_name=roc_auc val_metric=0.5064
Step   50 | loss 0.1289 | val_acc=0.9717 val_roc_auc=0.6679 val_loss=0.1273 val_metric_name=roc_auc val_metric=0.6679
Step  100 | loss 0.1243 | val_acc=0.9717 val_roc_auc=0.7149 val_loss=0.1248 val_metric_name=roc_auc val_metric=0.7149
Step  150 | loss 0.1195 | val_acc=0.9721 val_roc_auc=0.7335 val_loss=0.1220 val_metric_name=roc_auc val_metric=0.7335
Step  200 | loss 0.1154 | val_acc=0.9725 val_roc_auc=0.7379 val_loss=0.1210 val_metric_name=roc_auc val_metric=0.7379
Step  250 | loss 0.1110 | val_acc=0.9724 val_roc_auc=0.7398 val_loss=0.1221 val_metric_name=roc_auc val_metric=0.7398
Step  300 | loss 0.1058 | val_acc=0.9709 val_roc_auc=0.7366 val_loss=0.1261 val_metric_name=roc_auc val_metric=0.7366
Step  350 | loss 0.0948 | val_acc=0.9661 val_roc_auc=0.7382 val_loss=0.1392 val_metric_name=roc_auc val_metric=0.7382
Step  400 | loss 0.0817 | val_acc=0.9606 val_roc_auc=0.7372 val_loss=0.1574 val_metric_name=roc_auc val_metric=0.7372
Step  450 | loss 0.0667 | val_acc=0.9618 val_roc_auc=0.7193 val_loss=0.1695 val_metric_name=roc_auc val_metric=0.7193
Step  500 | loss 0.0489 | val_acc=0.9643 val_roc_auc=0.6886 val_loss=0.1940 val_metric_name=roc_auc val_metric=0.6886
Step  550 | loss 0.0360 | val_acc=0.9632 val_roc_auc=0.6669 val_loss=0.2210 val_metric_name=roc_auc val_metric=0.6669
Step  600 | loss 0.0246 | val_acc=0.9629 val_roc_auc=0.6587 val_loss=0.2389 val_metric_name=roc_auc val_metric=0.6587
Step  650 | loss 0.0168 | val_acc=0.9635 val_roc_auc=0.6603 val_loss=0.2509 val_metric_name=roc_auc val_metric=0.6603
Early stopping at step 683

--- Final (best ckpt @ step 250) ---
  train_acc=0.9726 train_roc_auc=0.8038 train_loss=0.1125 train_metric_name=roc_auc train_metric=0.8038
  val_acc=0.9724 val_roc_auc=0.7398 val_loss=0.1221 val_metric_name=roc_auc val_metric=0.7398
  test_acc=0.9723 test_roc_auc=0.7315 test_loss=0.1246 test_metric_name=roc_auc test_metric=0.7315
  test_roc_auc=0.7315

============================================================
Training questions SAGE 2L h=384 lr=1e-05 split=1
============================================================
Training for 5000 steps
Step    1 | loss 0.6850 | val_acc=0.8281 val_roc_auc=0.4278 val_loss=0.5804 val_metric_name=roc_auc val_metric=0.4278
Step   50 | loss 0.1360 | val_acc=0.9702 val_roc_auc=0.5570 val_loss=0.1544 val_metric_name=roc_auc val_metric=0.5570
Step  100 | loss 0.1341 | val_acc=0.9702 val_roc_auc=0.6431 val_loss=0.1515 val_metric_name=roc_auc val_metric=0.6431
Step  150 | loss 0.1322 | val_acc=0.9702 val_roc_auc=0.6569 val_loss=0.1460 val_metric_name=roc_auc val_metric=0.6569
Step  200 | loss 0.1309 | val_acc=0.9702 val_roc_auc=0.6666 val_loss=0.1425 val_metric_name=roc_auc val_metric=0.6666
Step  250 | loss 0.1291 | val_acc=0.9702 val_roc_auc=0.6759 val_loss=0.1399 val_metric_name=roc_auc val_metric=0.6759
Step  300 | loss 0.1287 | val_acc=0.9704 val_roc_auc=0.6845 val_loss=0.1377 val_metric_name=roc_auc val_metric=0.6845
Step  350 | loss 0.1272 | val_acc=0.9711 val_roc_auc=0.6927 val_loss=0.1357 val_metric_name=roc_auc val_metric=0.6927
Step  400 | loss 0.1260 | val_acc=0.9719 val_roc_auc=0.7013 val_loss=0.1341 val_metric_name=roc_auc val_metric=0.7013
Step  450 | loss 0.1257 | val_acc=0.9720 val_roc_auc=0.7091 val_loss=0.1326 val_metric_name=roc_auc val_metric=0.7091
Step  500 | loss 0.1256 | val_acc=0.9718 val_roc_auc=0.7158 val_loss=0.1315 val_metric_name=roc_auc val_metric=0.7158
Step  550 | loss 0.1241 | val_acc=0.9715 val_roc_auc=0.7213 val_loss=0.1305 val_metric_name=roc_auc val_metric=0.7213
Step  600 | loss 0.1232 | val_acc=0.9716 val_roc_auc=0.7251 val_loss=0.1296 val_metric_name=roc_auc val_metric=0.7251
Step  650 | loss 0.1226 | val_acc=0.9718 val_roc_auc=0.7269 val_loss=0.1287 val_metric_name=roc_auc val_metric=0.7269
Step  700 | loss 0.1228 | val_acc=0.9718 val_roc_auc=0.7287 val_loss=0.1281 val_metric_name=roc_auc val_metric=0.7287
Step  750 | loss 0.1207 | val_acc=0.9716 val_roc_auc=0.7301 val_loss=0.1277 val_metric_name=roc_auc val_metric=0.7301
Step  800 | loss 0.1207 | val_acc=0.9717 val_roc_auc=0.7314 val_loss=0.1273 val_metric_name=roc_auc val_metric=0.7314
Step  850 | loss 0.1196 | val_acc=0.9719 val_roc_auc=0.7327 val_loss=0.1265 val_metric_name=roc_auc val_metric=0.7327
Step  900 | loss 0.1187 | val_acc=0.9721 val_roc_auc=0.7337 val_loss=0.1261 val_metric_name=roc_auc val_metric=0.7337
Step  950 | loss 0.1175 | val_acc=0.9723 val_roc_auc=0.7349 val_loss=0.1258 val_metric_name=roc_auc val_metric=0.7349
Step 1000 | loss 0.1173 | val_acc=0.9728 val_roc_auc=0.7357 val_loss=0.1254 val_metric_name=roc_auc val_metric=0.7357
Step 1050 | loss 0.1178 | val_acc=0.9726 val_roc_auc=0.7366 val_loss=0.1251 val_metric_name=roc_auc val_metric=0.7366
Step 1100 | loss 0.1154 | val_acc=0.9726 val_roc_auc=0.7375 val_loss=0.1248 val_metric_name=roc_auc val_metric=0.7375
Step 1150 | loss 0.1153 | val_acc=0.9727 val_roc_auc=0.7385 val_loss=0.1246 val_metric_name=roc_auc val_metric=0.7385
Step 1200 | loss 0.1153 | val_acc=0.9728 val_roc_auc=0.7391 val_loss=0.1241 val_metric_name=roc_auc val_metric=0.7391
Step 1250 | loss 0.1137 | val_acc=0.9728 val_roc_auc=0.7398 val_loss=0.1243 val_metric_name=roc_auc val_metric=0.7398
Step 1300 | loss 0.1134 | val_acc=0.9729 val_roc_auc=0.7400 val_loss=0.1245 val_metric_name=roc_auc val_metric=0.7400
Step 1350 | loss 0.1127 | val_acc=0.9728 val_roc_auc=0.7403 val_loss=0.1244 val_metric_name=roc_auc val_metric=0.7403
Step 1400 | loss 0.1117 | val_acc=0.9729 val_roc_auc=0.7412 val_loss=0.1246 val_metric_name=roc_auc val_metric=0.7412
Step 1450 | loss 0.1100 | val_acc=0.9724 val_roc_auc=0.7415 val_loss=0.1253 val_metric_name=roc_auc val_metric=0.7415
Step 1500 | loss 0.1095 | val_acc=0.9722 val_roc_auc=0.7416 val_loss=0.1248 val_metric_name=roc_auc val_metric=0.7416
Step 1550 | loss 0.1094 | val_acc=0.9720 val_roc_auc=0.7420 val_loss=0.1258 val_metric_name=roc_auc val_metric=0.7420
Step 1600 | loss 0.1080 | val_acc=0.9717 val_roc_auc=0.7418 val_loss=0.1261 val_metric_name=roc_auc val_metric=0.7418
Step 1650 | loss 0.1075 | val_acc=0.9713 val_roc_auc=0.7425 val_loss=0.1271 val_metric_name=roc_auc val_metric=0.7425
Step 1700 | loss 0.1053 | val_acc=0.9715 val_roc_auc=0.7421 val_loss=0.1278 val_metric_name=roc_auc val_metric=0.7421
Step 1750 | loss 0.1046 | val_acc=0.9707 val_roc_auc=0.7431 val_loss=0.1290 val_metric_name=roc_auc val_metric=0.7431
Step 1800 | loss 0.1018 | val_acc=0.9706 val_roc_auc=0.7437 val_loss=0.1301 val_metric_name=roc_auc val_metric=0.7437
Step 1850 | loss 0.1031 | val_acc=0.9703 val_roc_auc=0.7441 val_loss=0.1307 val_metric_name=roc_auc val_metric=0.7441
Step 1900 | loss 0.0991 | val_acc=0.9702 val_roc_auc=0.7439 val_loss=0.1318 val_metric_name=roc_auc val_metric=0.7439
Step 1950 | loss 0.0974 | val_acc=0.9693 val_roc_auc=0.7448 val_loss=0.1332 val_metric_name=roc_auc val_metric=0.7448
Step 2000 | loss 0.0965 | val_acc=0.9683 val_roc_auc=0.7459 val_loss=0.1348 val_metric_name=roc_auc val_metric=0.7459
Step 2050 | loss 0.0952 | val_acc=0.9680 val_roc_auc=0.7463 val_loss=0.1357 val_metric_name=roc_auc val_metric=0.7463
Step 2100 | loss 0.0921 | val_acc=0.9680 val_roc_auc=0.7459 val_loss=0.1374 val_metric_name=roc_auc val_metric=0.7459
Step 2150 | loss 0.0911 | val_acc=0.9670 val_roc_auc=0.7470 val_loss=0.1392 val_metric_name=roc_auc val_metric=0.7470
Step 2200 | loss 0.0897 | val_acc=0.9670 val_roc_auc=0.7452 val_loss=0.1404 val_metric_name=roc_auc val_metric=0.7452
Step 2250 | loss 0.0886 | val_acc=0.9670 val_roc_auc=0.7451 val_loss=0.1423 val_metric_name=roc_auc val_metric=0.7451
Step 2300 | loss 0.0833 | val_acc=0.9671 val_roc_auc=0.7431 val_loss=0.1437 val_metric_name=roc_auc val_metric=0.7431
Step 2350 | loss 0.0834 | val_acc=0.9661 val_roc_auc=0.7425 val_loss=0.1451 val_metric_name=roc_auc val_metric=0.7425
Early stopping at step 2370

--- Final (best ckpt @ step 2070) ---
  train_acc=0.9775 train_roc_auc=0.9018 train_loss=0.0830 train_metric_name=roc_auc train_metric=0.9018
  val_acc=0.9679 val_roc_auc=0.7473 val_loss=0.1362 val_metric_name=roc_auc val_metric=0.7473
  test_acc=0.9685 test_roc_auc=0.7377 test_loss=0.1405 test_metric_name=roc_auc test_metric=0.7377
  test_roc_auc=0.7377

============================================================
Training questions SAGE 2L h=512 lr=3e-05 split=1
============================================================
Training for 5000 steps
Step    1 | loss 0.5332 | val_acc=0.9701 val_roc_auc=0.4928 val_loss=0.2057 val_metric_name=roc_auc val_metric=0.4928
Step   50 | loss 0.1298 | val_acc=0.9702 val_roc_auc=0.6550 val_loss=0.1382 val_metric_name=roc_auc val_metric=0.6550
Step  100 | loss 0.1273 | val_acc=0.9702 val_roc_auc=0.6848 val_loss=0.1325 val_metric_name=roc_auc val_metric=0.6848
Step  150 | loss 0.1252 | val_acc=0.9719 val_roc_auc=0.7203 val_loss=0.1287 val_metric_name=roc_auc val_metric=0.7203
Step  200 | loss 0.1220 | val_acc=0.9718 val_roc_auc=0.7369 val_loss=0.1258 val_metric_name=roc_auc val_metric=0.7369
Step  250 | loss 0.1204 | val_acc=0.9720 val_roc_auc=0.7391 val_loss=0.1242 val_metric_name=roc_auc val_metric=0.7391
Step  300 | loss 0.1178 | val_acc=0.9728 val_roc_auc=0.7399 val_loss=0.1227 val_metric_name=roc_auc val_metric=0.7399
Step  350 | loss 0.1156 | val_acc=0.9728 val_roc_auc=0.7427 val_loss=0.1221 val_metric_name=roc_auc val_metric=0.7427
Step  400 | loss 0.1127 | val_acc=0.9725 val_roc_auc=0.7472 val_loss=0.1212 val_metric_name=roc_auc val_metric=0.7472
Step  450 | loss 0.1102 | val_acc=0.9722 val_roc_auc=0.7508 val_loss=0.1222 val_metric_name=roc_auc val_metric=0.7508
Step  500 | loss 0.1074 | val_acc=0.9715 val_roc_auc=0.7538 val_loss=0.1243 val_metric_name=roc_auc val_metric=0.7538
Step  550 | loss 0.1026 | val_acc=0.9691 val_roc_auc=0.7554 val_loss=0.1293 val_metric_name=roc_auc val_metric=0.7554
Step  600 | loss 0.0965 | val_acc=0.9681 val_roc_auc=0.7556 val_loss=0.1344 val_metric_name=roc_auc val_metric=0.7556
Step  650 | loss 0.0909 | val_acc=0.9657 val_roc_auc=0.7519 val_loss=0.1422 val_metric_name=roc_auc val_metric=0.7519
Step  700 | loss 0.0828 | val_acc=0.9669 val_roc_auc=0.7425 val_loss=0.1499 val_metric_name=roc_auc val_metric=0.7425
Step  750 | loss 0.0756 | val_acc=0.9670 val_roc_auc=0.7341 val_loss=0.1543 val_metric_name=roc_auc val_metric=0.7341
Step  800 | loss 0.0680 | val_acc=0.9639 val_roc_auc=0.7271 val_loss=0.1678 val_metric_name=roc_auc val_metric=0.7271
Step  850 | loss 0.0596 | val_acc=0.9640 val_roc_auc=0.7215 val_loss=0.1754 val_metric_name=roc_auc val_metric=0.7215
Early stopping at step 873

--- Final (best ckpt @ step 570) ---
  train_acc=0.9745 train_roc_auc=0.8762 train_loss=0.0928 train_metric_name=roc_auc train_metric=0.8762
  val_acc=0.9678 val_roc_auc=0.7574 val_loss=0.1318 val_metric_name=roc_auc val_metric=0.7574
  test_acc=0.9675 test_roc_auc=0.7353 test_loss=0.1371 test_metric_name=roc_auc test_metric=0.7353
  test_roc_auc=0.7353

============================================================
Training questions SAGE 2L h=512 lr=6e-05 split=1
============================================================
Training for 5000 steps
Step    1 | loss 0.5332 | val_acc=0.9702 val_roc_auc=0.4938 val_loss=0.1431 val_metric_name=roc_auc val_metric=0.4938
Step   50 | loss 0.1285 | val_acc=0.9702 val_roc_auc=0.6612 val_loss=0.1288 val_metric_name=roc_auc val_metric=0.6612
Step  100 | loss 0.1245 | val_acc=0.9719 val_roc_auc=0.7123 val_loss=0.1264 val_metric_name=roc_auc val_metric=0.7123
Step  150 | loss 0.1208 | val_acc=0.9720 val_roc_auc=0.7362 val_loss=0.1231 val_metric_name=roc_auc val_metric=0.7362
Step  200 | loss 0.1170 | val_acc=0.9729 val_roc_auc=0.7377 val_loss=0.1213 val_metric_name=roc_auc val_metric=0.7377
Step  250 | loss 0.1146 | val_acc=0.9728 val_roc_auc=0.7423 val_loss=0.1216 val_metric_name=roc_auc val_metric=0.7423
Step  300 | loss 0.1098 | val_acc=0.9723 val_roc_auc=0.7479 val_loss=0.1217 val_metric_name=roc_auc val_metric=0.7479
Step  350 | loss 0.1037 | val_acc=0.9697 val_roc_auc=0.7519 val_loss=0.1277 val_metric_name=roc_auc val_metric=0.7519
Step  400 | loss 0.0928 | val_acc=0.9616 val_roc_auc=0.7515 val_loss=0.1448 val_metric_name=roc_auc val_metric=0.7515
Step  450 | loss 0.0811 | val_acc=0.9618 val_roc_auc=0.7375 val_loss=0.1567 val_metric_name=roc_auc val_metric=0.7375
Step  500 | loss 0.0662 | val_acc=0.9634 val_roc_auc=0.7169 val_loss=0.1710 val_metric_name=roc_auc val_metric=0.7169
Step  550 | loss 0.0535 | val_acc=0.9608 val_roc_auc=0.6992 val_loss=0.1978 val_metric_name=roc_auc val_metric=0.6992
Step  600 | loss 0.0383 | val_acc=0.9648 val_roc_auc=0.6807 val_loss=0.2148 val_metric_name=roc_auc val_metric=0.6807
Step  650 | loss 0.0283 | val_acc=0.9622 val_roc_auc=0.6614 val_loss=0.2434 val_metric_name=roc_auc val_metric=0.6614
Early stopping at step 690

--- Final (best ckpt @ step 390) ---
  train_acc=0.9753 train_roc_auc=0.8906 train_loss=0.0890 train_metric_name=roc_auc train_metric=0.8906
  val_acc=0.9623 val_roc_auc=0.7533 val_loss=0.1416 val_metric_name=roc_auc val_metric=0.7533
  test_acc=0.9631 test_roc_auc=0.7272 test_loss=0.1476 test_metric_name=roc_auc test_metric=0.7272
  test_roc_auc=0.7272

============================================================
Training questions SAGE 2L h=512 lr=0.0001 split=1
============================================================
Training for 5000 steps
Step    1 | loss 0.5332 | val_acc=0.9702 val_roc_auc=0.4970 val_loss=0.1370 val_metric_name=roc_auc val_metric=0.4970
Step   50 | loss 0.1275 | val_acc=0.9702 val_roc_auc=0.6686 val_loss=0.1303 val_metric_name=roc_auc val_metric=0.6686
Step  100 | loss 0.1220 | val_acc=0.9716 val_roc_auc=0.7311 val_loss=0.1226 val_metric_name=roc_auc val_metric=0.7311
Step  150 | loss 0.1174 | val_acc=0.9729 val_roc_auc=0.7347 val_loss=0.1205 val_metric_name=roc_auc val_metric=0.7347
Step  200 | loss 0.1128 | val_acc=0.9722 val_roc_auc=0.7397 val_loss=0.1206 val_metric_name=roc_auc val_metric=0.7397
Step  250 | loss 0.1075 | val_acc=0.9706 val_roc_auc=0.7463 val_loss=0.1244 val_metric_name=roc_auc val_metric=0.7463
Step  300 | loss 0.0980 | val_acc=0.9711 val_roc_auc=0.7393 val_loss=0.1346 val_metric_name=roc_auc val_metric=0.7393
Step  350 | loss 0.0819 | val_acc=0.9626 val_roc_auc=0.7301 val_loss=0.1557 val_metric_name=roc_auc val_metric=0.7301
Step  400 | loss 0.0605 | val_acc=0.9627 val_roc_auc=0.7080 val_loss=0.1807 val_metric_name=roc_auc val_metric=0.7080
Step  450 | loss 0.0419 | val_acc=0.9636 val_roc_auc=0.6826 val_loss=0.2108 val_metric_name=roc_auc val_metric=0.6826
Step  500 | loss 0.0255 | val_acc=0.9623 val_roc_auc=0.6642 val_loss=0.2511 val_metric_name=roc_auc val_metric=0.6642
Step  550 | loss 0.0174 | val_acc=0.9626 val_roc_auc=0.6619 val_loss=0.2793 val_metric_name=roc_auc val_metric=0.6619
Early stopping at step 560

--- Final (best ckpt @ step 260) ---
  train_acc=0.9739 train_roc_auc=0.8413 train_loss=0.1025 train_metric_name=roc_auc train_metric=0.8413
  val_acc=0.9702 val_roc_auc=0.7487 val_loss=0.1260 val_metric_name=roc_auc val_metric=0.7487
  test_acc=0.9704 test_roc_auc=0.7369 test_loss=0.1285 test_metric_name=roc_auc test_metric=0.7369
  test_roc_auc=0.7369

============================================================
Training questions SAGE 2L h=512 lr=1e-05 split=1
============================================================
Training for 5000 steps
Step    1 | loss 0.5332 | val_acc=0.9700 val_roc_auc=0.4877 val_loss=0.3188 val_metric_name=roc_auc val_metric=0.4877
Step   50 | loss 0.1343 | val_acc=0.9702 val_roc_auc=0.6292 val_loss=0.1621 val_metric_name=roc_auc val_metric=0.6292
Step  100 | loss 0.1316 | val_acc=0.9702 val_roc_auc=0.6530 val_loss=0.1460 val_metric_name=roc_auc val_metric=0.6530
Step  150 | loss 0.1305 | val_acc=0.9702 val_roc_auc=0.6704 val_loss=0.1426 val_metric_name=roc_auc val_metric=0.6704
Step  200 | loss 0.1287 | val_acc=0.9702 val_roc_auc=0.6872 val_loss=0.1394 val_metric_name=roc_auc val_metric=0.6872
Step  250 | loss 0.1278 | val_acc=0.9703 val_roc_auc=0.7029 val_loss=0.1368 val_metric_name=roc_auc val_metric=0.7029
Step  300 | loss 0.1264 | val_acc=0.9708 val_roc_auc=0.7168 val_loss=0.1343 val_metric_name=roc_auc val_metric=0.7168
Step  350 | loss 0.1246 | val_acc=0.9719 val_roc_auc=0.7270 val_loss=0.1322 val_metric_name=roc_auc val_metric=0.7270
Step  400 | loss 0.1240 | val_acc=0.9717 val_roc_auc=0.7342 val_loss=0.1304 val_metric_name=roc_auc val_metric=0.7342
Step  450 | loss 0.1224 | val_acc=0.9718 val_roc_auc=0.7383 val_loss=0.1291 val_metric_name=roc_auc val_metric=0.7383
Step  500 | loss 0.1214 | val_acc=0.9719 val_roc_auc=0.7395 val_loss=0.1280 val_metric_name=roc_auc val_metric=0.7395
Step  550 | loss 0.1202 | val_acc=0.9718 val_roc_auc=0.7400 val_loss=0.1270 val_metric_name=roc_auc val_metric=0.7400
Step  600 | loss 0.1188 | val_acc=0.9720 val_roc_auc=0.7410 val_loss=0.1263 val_metric_name=roc_auc val_metric=0.7410
Step  650 | loss 0.1183 | val_acc=0.9727 val_roc_auc=0.7414 val_loss=0.1252 val_metric_name=roc_auc val_metric=0.7414
Step  700 | loss 0.1176 | val_acc=0.9728 val_roc_auc=0.7423 val_loss=0.1244 val_metric_name=roc_auc val_metric=0.7423
Step  750 | loss 0.1175 | val_acc=0.9729 val_roc_auc=0.7436 val_loss=0.1239 val_metric_name=roc_auc val_metric=0.7436
Step  800 | loss 0.1162 | val_acc=0.9728 val_roc_auc=0.7451 val_loss=0.1232 val_metric_name=roc_auc val_metric=0.7451
Step  850 | loss 0.1151 | val_acc=0.9727 val_roc_auc=0.7466 val_loss=0.1226 val_metric_name=roc_auc val_metric=0.7466
Step  900 | loss 0.1143 | val_acc=0.9726 val_roc_auc=0.7478 val_loss=0.1221 val_metric_name=roc_auc val_metric=0.7478
Step  950 | loss 0.1133 | val_acc=0.9725 val_roc_auc=0.7500 val_loss=0.1221 val_metric_name=roc_auc val_metric=0.7500
Step 1000 | loss 0.1119 | val_acc=0.9727 val_roc_auc=0.7523 val_loss=0.1222 val_metric_name=roc_auc val_metric=0.7523
Step 1050 | loss 0.1106 | val_acc=0.9721 val_roc_auc=0.7543 val_loss=0.1219 val_metric_name=roc_auc val_metric=0.7543
Step 1100 | loss 0.1087 | val_acc=0.9714 val_roc_auc=0.7558 val_loss=0.1225 val_metric_name=roc_auc val_metric=0.7558
Step 1150 | loss 0.1082 | val_acc=0.9715 val_roc_auc=0.7565 val_loss=0.1232 val_metric_name=roc_auc val_metric=0.7565
Step 1200 | loss 0.1064 | val_acc=0.9711 val_roc_auc=0.7579 val_loss=0.1238 val_metric_name=roc_auc val_metric=0.7579
Step 1250 | loss 0.1034 | val_acc=0.9706 val_roc_auc=0.7592 val_loss=0.1254 val_metric_name=roc_auc val_metric=0.7592
Step 1300 | loss 0.1018 | val_acc=0.9701 val_roc_auc=0.7605 val_loss=0.1265 val_metric_name=roc_auc val_metric=0.7605
Step 1350 | loss 0.1009 | val_acc=0.9688 val_roc_auc=0.7612 val_loss=0.1286 val_metric_name=roc_auc val_metric=0.7612
Step 1400 | loss 0.0986 | val_acc=0.9681 val_roc_auc=0.7608 val_loss=0.1306 val_metric_name=roc_auc val_metric=0.7608
Step 1450 | loss 0.0976 | val_acc=0.9682 val_roc_auc=0.7605 val_loss=0.1324 val_metric_name=roc_auc val_metric=0.7605
Step 1500 | loss 0.0944 | val_acc=0.9676 val_roc_auc=0.7603 val_loss=0.1346 val_metric_name=roc_auc val_metric=0.7603
Step 1550 | loss 0.0923 | val_acc=0.9676 val_roc_auc=0.7584 val_loss=0.1369 val_metric_name=roc_auc val_metric=0.7584
Step 1600 | loss 0.0903 | val_acc=0.9672 val_roc_auc=0.7582 val_loss=0.1393 val_metric_name=roc_auc val_metric=0.7582
Step 1650 | loss 0.0860 | val_acc=0.9667 val_roc_auc=0.7568 val_loss=0.1420 val_metric_name=roc_auc val_metric=0.7568
Step 1700 | loss 0.0840 | val_acc=0.9670 val_roc_auc=0.7557 val_loss=0.1443 val_metric_name=roc_auc val_metric=0.7557
Step 1750 | loss 0.0805 | val_acc=0.9668 val_roc_auc=0.7528 val_loss=0.1470 val_metric_name=roc_auc val_metric=0.7528
Early stopping at step 1769

--- Final (best ckpt @ step 1340) ---
  train_acc=0.9749 train_roc_auc=0.8771 train_loss=0.0929 train_metric_name=roc_auc train_metric=0.8771
  val_acc=0.9693 val_roc_auc=0.7613 val_loss=0.1282 val_metric_name=roc_auc val_metric=0.7613
  test_acc=0.9689 test_roc_auc=0.7381 test_loss=0.1336 test_metric_name=roc_auc test_metric=0.7381
  test_roc_auc=0.7381
  >> num_layers=2 hidden_dim=256 lr=3e-05 best_step=940 val_roc_auc=0.7425 test_roc_auc=0.7423
     val_acc=0.9702 val_loss=0.1268 val_metric=0.7425 val_metric_name=roc_auc val_roc_auc=0.7425
     test_acc=0.9701 test_loss=0.1287 test_metric=0.7423 test_metric_name=roc_auc test_roc_auc=0.7423
  >> num_layers=2 hidden_dim=256 lr=6e-05 best_step=550 val_roc_auc=0.7419 test_roc_auc=0.7430
     val_acc=0.9696 val_loss=0.1277 val_metric=0.7419 val_metric_name=roc_auc val_roc_auc=0.7419
     test_acc=0.9695 test_loss=0.1296 test_metric=0.7430 test_metric_name=roc_auc test_roc_auc=0.7430
  >> num_layers=2 hidden_dim=256 lr=0.0001 best_step=310 val_roc_auc=0.7412 test_roc_auc=0.7349
     val_acc=0.9723 val_loss=0.1221 val_metric=0.7412 val_metric_name=roc_auc val_roc_auc=0.7412
     test_acc=0.9720 test_loss=0.1237 test_metric=0.7349 test_metric_name=roc_auc test_roc_auc=0.7349
  >> num_layers=2 hidden_dim=256 lr=1e-05 best_step=2290 val_roc_auc=0.7423 test_roc_auc=0.7405
     val_acc=0.9711 val_loss=0.1238 val_metric=0.7423 val_metric_name=roc_auc val_roc_auc=0.7423
     test_acc=0.9715 test_loss=0.1255 test_metric=0.7405 test_metric_name=roc_auc test_roc_auc=0.7405
  >> num_layers=2 hidden_dim=384 lr=3e-05 best_step=820 val_roc_auc=0.7459 test_roc_auc=0.7343
     val_acc=0.9670 val_loss=0.1372 val_metric=0.7459 val_metric_name=roc_auc val_roc_auc=0.7459
     test_acc=0.9666 test_loss=0.1416 test_metric=0.7343 test_metric_name=roc_auc test_roc_auc=0.7343
  >> num_layers=2 hidden_dim=384 lr=6e-05 best_step=450 val_roc_auc=0.7434 test_roc_auc=0.7383
     val_acc=0.9687 val_loss=0.1317 val_metric=0.7434 val_metric_name=roc_auc val_roc_auc=0.7434
     test_acc=0.9687 test_loss=0.1353 test_metric=0.7383 test_metric_name=roc_auc test_roc_auc=0.7383
  >> num_layers=2 hidden_dim=384 lr=0.0001 best_step=250 val_roc_auc=0.7398 test_roc_auc=0.7315
     val_acc=0.9724 val_loss=0.1221 val_metric=0.7398 val_metric_name=roc_auc val_roc_auc=0.7398
     test_acc=0.9723 test_loss=0.1246 test_metric=0.7315 test_metric_name=roc_auc test_roc_auc=0.7315
  >> num_layers=2 hidden_dim=384 lr=1e-05 best_step=2070 val_roc_auc=0.7473 test_roc_auc=0.7377
     val_acc=0.9679 val_loss=0.1362 val_metric=0.7473 val_metric_name=roc_auc val_roc_auc=0.7473
     test_acc=0.9685 test_loss=0.1405 test_metric=0.7377 test_metric_name=roc_auc test_roc_auc=0.7377
  >> num_layers=2 hidden_dim=512 lr=3e-05 best_step=570 val_roc_auc=0.7574 test_roc_auc=0.7353
     val_acc=0.9678 val_loss=0.1318 val_metric=0.7574 val_metric_name=roc_auc val_roc_auc=0.7574
     test_acc=0.9675 test_loss=0.1371 test_metric=0.7353 test_metric_name=roc_auc test_roc_auc=0.7353
  >> num_layers=2 hidden_dim=512 lr=6e-05 best_step=390 val_roc_auc=0.7533 test_roc_auc=0.7272
     val_acc=0.9623 val_loss=0.1416 val_metric=0.7533 val_metric_name=roc_auc val_roc_auc=0.7533
     test_acc=0.9631 test_loss=0.1476 test_metric=0.7272 test_metric_name=roc_auc test_roc_auc=0.7272
  >> num_layers=2 hidden_dim=512 lr=0.0001 best_step=260 val_roc_auc=0.7487 test_roc_auc=0.7369
     val_acc=0.9702 val_loss=0.1260 val_metric=0.7487 val_metric_name=roc_auc val_roc_auc=0.7487
     test_acc=0.9704 test_loss=0.1285 test_metric=0.7369 test_metric_name=roc_auc test_roc_auc=0.7369
  >> num_layers=2 hidden_dim=512 lr=1e-05 best_step=1340 val_roc_auc=0.7613 test_roc_auc=0.7381
     val_acc=0.9693 val_loss=0.1282 val_metric=0.7613 val_metric_name=roc_auc val_roc_auc=0.7613
     test_acc=0.9689 test_loss=0.1336 test_metric=0.7381 test_metric_name=roc_auc test_roc_auc=0.7381
  >> selected best (by val): num_layers=2 hidden_dim=512 lr=1e-05 val_roc_auc=0.7613 test_roc_auc=0.7381
     val_acc=0.9693 val_loss=0.1282 val_metric=0.7613 val_metric_name=roc_auc val_roc_auc=0.7613
     test_acc=0.9689 test_loss=0.1336 test_metric=0.7381 test_metric_name=roc_auc test_roc_auc=0.7381

Done. Results saved to /home/avshmelev/diploma_yandex_graphs/results_grid/questions/base.csv, checkpoints in /home/avshmelev/diploma_yandex_graphs/all_checkpoints/questions/base/
Skipping: "Done." found in /home/avshmelev/diploma_yandex_graphs/results_grid/questions/logs_base/SAGE_2L_split1.log
Skipping: "Done." found in /home/avshmelev/diploma_yandex_graphs/results_grid/questions/logs_base/SAGE_2L_split1.log
Skipping: "Done." found in /home/avshmelev/diploma_yandex_graphs/results_grid/questions/logs_base/SAGE_2L_split1.log
Skipping: "Done." found in /home/avshmelev/diploma_yandex_graphs/results_grid/questions/logs_base/SAGE_2L_split1.log
