Loading data...

============================================================
Training questions TAG 4L h=256 lr=3e-05 split=5
============================================================
Training for 5000 steps
Step    1 | loss 0.8166 | val_acc=0.8719 val_roc_auc=0.5341 val_loss=0.5236 val_metric_name=roc_auc val_metric=0.5341
Step   50 | loss 0.1324 | val_acc=0.9702 val_roc_auc=0.6733 val_loss=0.1442 val_metric_name=roc_auc val_metric=0.6733
Step  100 | loss 0.1279 | val_acc=0.9702 val_roc_auc=0.6953 val_loss=0.1370 val_metric_name=roc_auc val_metric=0.6953
Step  150 | loss 0.1235 | val_acc=0.9702 val_roc_auc=0.7115 val_loss=0.1337 val_metric_name=roc_auc val_metric=0.7115
Step  200 | loss 0.1201 | val_acc=0.9711 val_roc_auc=0.7289 val_loss=0.1313 val_metric_name=roc_auc val_metric=0.7289
Step  250 | loss 0.1174 | val_acc=0.9710 val_roc_auc=0.7435 val_loss=0.1297 val_metric_name=roc_auc val_metric=0.7435
Step  300 | loss 0.1141 | val_acc=0.9706 val_roc_auc=0.7529 val_loss=0.1286 val_metric_name=roc_auc val_metric=0.7529
Step  350 | loss 0.1126 | val_acc=0.9710 val_roc_auc=0.7599 val_loss=0.1276 val_metric_name=roc_auc val_metric=0.7599
Step  400 | loss 0.1097 | val_acc=0.9706 val_roc_auc=0.7646 val_loss=0.1269 val_metric_name=roc_auc val_metric=0.7646
Step  450 | loss 0.1094 | val_acc=0.9705 val_roc_auc=0.7685 val_loss=0.1261 val_metric_name=roc_auc val_metric=0.7685
Step  500 | loss 0.1065 | val_acc=0.9707 val_roc_auc=0.7715 val_loss=0.1252 val_metric_name=roc_auc val_metric=0.7715
Step  550 | loss 0.1062 | val_acc=0.9711 val_roc_auc=0.7743 val_loss=0.1251 val_metric_name=roc_auc val_metric=0.7743
Step  600 | loss 0.1052 | val_acc=0.9714 val_roc_auc=0.7760 val_loss=0.1251 val_metric_name=roc_auc val_metric=0.7760
Step  650 | loss 0.1032 | val_acc=0.9715 val_roc_auc=0.7778 val_loss=0.1252 val_metric_name=roc_auc val_metric=0.7778
Step  700 | loss 0.1025 | val_acc=0.9714 val_roc_auc=0.7786 val_loss=0.1250 val_metric_name=roc_auc val_metric=0.7786
Step  750 | loss 0.1007 | val_acc=0.9709 val_roc_auc=0.7795 val_loss=0.1248 val_metric_name=roc_auc val_metric=0.7795
Step  800 | loss 0.1001 | val_acc=0.9711 val_roc_auc=0.7794 val_loss=0.1247 val_metric_name=roc_auc val_metric=0.7794
Step  850 | loss 0.0986 | val_acc=0.9706 val_roc_auc=0.7793 val_loss=0.1256 val_metric_name=roc_auc val_metric=0.7793
Step  900 | loss 0.0988 | val_acc=0.9707 val_roc_auc=0.7786 val_loss=0.1263 val_metric_name=roc_auc val_metric=0.7786
Step  950 | loss 0.0962 | val_acc=0.9702 val_roc_auc=0.7778 val_loss=0.1270 val_metric_name=roc_auc val_metric=0.7778
Step 1000 | loss 0.0952 | val_acc=0.9697 val_roc_auc=0.7759 val_loss=0.1284 val_metric_name=roc_auc val_metric=0.7759
Step 1050 | loss 0.0932 | val_acc=0.9697 val_roc_auc=0.7730 val_loss=0.1296 val_metric_name=roc_auc val_metric=0.7730
Step 1100 | loss 0.0925 | val_acc=0.9688 val_roc_auc=0.7721 val_loss=0.1305 val_metric_name=roc_auc val_metric=0.7721
Step 1150 | loss 0.0906 | val_acc=0.9702 val_roc_auc=0.7670 val_loss=0.1342 val_metric_name=roc_auc val_metric=0.7670
Early stopping at step 1170

--- Final (best ckpt @ step 870) ---
  train_acc=0.9754 train_roc_auc=0.8665 train_loss=0.0964 train_metric_name=roc_auc train_metric=0.8665
  val_acc=0.9698 val_roc_auc=0.7798 val_loss=0.1258 val_metric_name=roc_auc val_metric=0.7798
  test_acc=0.9705 test_roc_auc=0.7875 test_loss=0.1218 test_metric_name=roc_auc test_metric=0.7875
  test_roc_auc=0.7875

============================================================
Training questions TAG 4L h=256 lr=6e-05 split=5
============================================================
Training for 5000 steps
Step    1 | loss 0.8166 | val_acc=0.9702 val_roc_auc=0.5366 val_loss=0.3388 val_metric_name=roc_auc val_metric=0.5366
Step   50 | loss 0.1296 | val_acc=0.9702 val_roc_auc=0.6834 val_loss=0.1368 val_metric_name=roc_auc val_metric=0.6834
Step  100 | loss 0.1222 | val_acc=0.9710 val_roc_auc=0.7150 val_loss=0.1309 val_metric_name=roc_auc val_metric=0.7150
Step  150 | loss 0.1168 | val_acc=0.9709 val_roc_auc=0.7434 val_loss=0.1274 val_metric_name=roc_auc val_metric=0.7434
Step  200 | loss 0.1124 | val_acc=0.9706 val_roc_auc=0.7578 val_loss=0.1256 val_metric_name=roc_auc val_metric=0.7578
Step  250 | loss 0.1097 | val_acc=0.9706 val_roc_auc=0.7660 val_loss=0.1249 val_metric_name=roc_auc val_metric=0.7660
Step  300 | loss 0.1064 | val_acc=0.9707 val_roc_auc=0.7715 val_loss=0.1239 val_metric_name=roc_auc val_metric=0.7715
Step  350 | loss 0.1054 | val_acc=0.9711 val_roc_auc=0.7762 val_loss=0.1234 val_metric_name=roc_auc val_metric=0.7762
Step  400 | loss 0.1021 | val_acc=0.9713 val_roc_auc=0.7787 val_loss=0.1247 val_metric_name=roc_auc val_metric=0.7787
Step  450 | loss 0.1018 | val_acc=0.9696 val_roc_auc=0.7804 val_loss=0.1232 val_metric_name=roc_auc val_metric=0.7804
Step  500 | loss 0.0985 | val_acc=0.9709 val_roc_auc=0.7803 val_loss=0.1242 val_metric_name=roc_auc val_metric=0.7803
Step  550 | loss 0.0967 | val_acc=0.9704 val_roc_auc=0.7803 val_loss=0.1267 val_metric_name=roc_auc val_metric=0.7803
Step  600 | loss 0.0961 | val_acc=0.9712 val_roc_auc=0.7738 val_loss=0.1304 val_metric_name=roc_auc val_metric=0.7738
Step  650 | loss 0.0927 | val_acc=0.9695 val_roc_auc=0.7723 val_loss=0.1326 val_metric_name=roc_auc val_metric=0.7723
Step  700 | loss 0.0904 | val_acc=0.9690 val_roc_auc=0.7709 val_loss=0.1329 val_metric_name=roc_auc val_metric=0.7709
Step  750 | loss 0.0873 | val_acc=0.9696 val_roc_auc=0.7660 val_loss=0.1347 val_metric_name=roc_auc val_metric=0.7660
Step  800 | loss 0.0842 | val_acc=0.9680 val_roc_auc=0.7644 val_loss=0.1387 val_metric_name=roc_auc val_metric=0.7644
Step  850 | loss 0.0806 | val_acc=0.9662 val_roc_auc=0.7615 val_loss=0.1431 val_metric_name=roc_auc val_metric=0.7615
Early stopping at step 852

--- Final (best ckpt @ step 540) ---
  train_acc=0.9756 train_roc_auc=0.8681 train_loss=0.0947 train_metric_name=roc_auc train_metric=0.8681
  val_acc=0.9698 val_roc_auc=0.7808 val_loss=0.1252 val_metric_name=roc_auc val_metric=0.7808
  test_acc=0.9699 test_roc_auc=0.7853 test_loss=0.1214 test_metric_name=roc_auc test_metric=0.7853
  test_roc_auc=0.7853

============================================================
Training questions TAG 4L h=256 lr=0.0001 split=5
============================================================
Training for 5000 steps
Step    1 | loss 0.8166 | val_acc=0.9702 val_roc_auc=0.5401 val_loss=0.2115 val_metric_name=roc_auc val_metric=0.5401
Step   50 | loss 0.1275 | val_acc=0.9702 val_roc_auc=0.6912 val_loss=0.1298 val_metric_name=roc_auc val_metric=0.6912
Step  100 | loss 0.1181 | val_acc=0.9711 val_roc_auc=0.7348 val_loss=0.1261 val_metric_name=roc_auc val_metric=0.7348
Step  150 | loss 0.1120 | val_acc=0.9708 val_roc_auc=0.7570 val_loss=0.1253 val_metric_name=roc_auc val_metric=0.7570
Step  200 | loss 0.1076 | val_acc=0.9705 val_roc_auc=0.7674 val_loss=0.1228 val_metric_name=roc_auc val_metric=0.7674
Step  250 | loss 0.1048 | val_acc=0.9713 val_roc_auc=0.7748 val_loss=0.1225 val_metric_name=roc_auc val_metric=0.7748
Step  300 | loss 0.1014 | val_acc=0.9704 val_roc_auc=0.7778 val_loss=0.1227 val_metric_name=roc_auc val_metric=0.7778
Step  350 | loss 0.1008 | val_acc=0.9696 val_roc_auc=0.7810 val_loss=0.1238 val_metric_name=roc_auc val_metric=0.7810
Step  400 | loss 0.0974 | val_acc=0.9708 val_roc_auc=0.7792 val_loss=0.1252 val_metric_name=roc_auc val_metric=0.7792
Step  450 | loss 0.0952 | val_acc=0.9700 val_roc_auc=0.7722 val_loss=0.1280 val_metric_name=roc_auc val_metric=0.7722
Step  500 | loss 0.0896 | val_acc=0.9694 val_roc_auc=0.7689 val_loss=0.1324 val_metric_name=roc_auc val_metric=0.7689
Step  550 | loss 0.0884 | val_acc=0.9690 val_roc_auc=0.7664 val_loss=0.1357 val_metric_name=roc_auc val_metric=0.7664
Step  600 | loss 0.0822 | val_acc=0.9676 val_roc_auc=0.7642 val_loss=0.1421 val_metric_name=roc_auc val_metric=0.7642
Step  650 | loss 0.0771 | val_acc=0.9693 val_roc_auc=0.7570 val_loss=0.1464 val_metric_name=roc_auc val_metric=0.7570
Early stopping at step 650

--- Final (best ckpt @ step 350) ---
  train_acc=0.9745 train_roc_auc=0.8565 train_loss=0.0981 train_metric_name=roc_auc train_metric=0.8565
  val_acc=0.9696 val_roc_auc=0.7810 val_loss=0.1238 val_metric_name=roc_auc val_metric=0.7810
  test_acc=0.9700 test_roc_auc=0.7850 test_loss=0.1204 test_metric_name=roc_auc test_metric=0.7850
  test_roc_auc=0.7850

============================================================
Training questions TAG 4L h=256 lr=1e-05 split=5
============================================================
Training for 5000 steps
Step    1 | loss 0.8166 | val_acc=0.5220 val_roc_auc=0.5333 val_loss=0.7062 val_metric_name=roc_auc val_metric=0.5333
Step   50 | loss 0.1390 | val_acc=0.9702 val_roc_auc=0.5685 val_loss=0.1456 val_metric_name=roc_auc val_metric=0.5685
Step  100 | loss 0.1344 | val_acc=0.9702 val_roc_auc=0.6213 val_loss=0.1484 val_metric_name=roc_auc val_metric=0.6213
Step  150 | loss 0.1319 | val_acc=0.9702 val_roc_auc=0.6730 val_loss=0.1450 val_metric_name=roc_auc val_metric=0.6730
Step  200 | loss 0.1303 | val_acc=0.9702 val_roc_auc=0.6906 val_loss=0.1424 val_metric_name=roc_auc val_metric=0.6906
Step  250 | loss 0.1284 | val_acc=0.9702 val_roc_auc=0.6982 val_loss=0.1401 val_metric_name=roc_auc val_metric=0.6982
Step  300 | loss 0.1262 | val_acc=0.9702 val_roc_auc=0.7040 val_loss=0.1382 val_metric_name=roc_auc val_metric=0.7040
Step  350 | loss 0.1243 | val_acc=0.9702 val_roc_auc=0.7097 val_loss=0.1368 val_metric_name=roc_auc val_metric=0.7097
Step  400 | loss 0.1231 | val_acc=0.9707 val_roc_auc=0.7157 val_loss=0.1356 val_metric_name=roc_auc val_metric=0.7157
Step  450 | loss 0.1222 | val_acc=0.9712 val_roc_auc=0.7217 val_loss=0.1345 val_metric_name=roc_auc val_metric=0.7217
Step  500 | loss 0.1205 | val_acc=0.9710 val_roc_auc=0.7278 val_loss=0.1336 val_metric_name=roc_auc val_metric=0.7278
Step  550 | loss 0.1198 | val_acc=0.9710 val_roc_auc=0.7335 val_loss=0.1328 val_metric_name=roc_auc val_metric=0.7335
Step  600 | loss 0.1189 | val_acc=0.9709 val_roc_auc=0.7387 val_loss=0.1321 val_metric_name=roc_auc val_metric=0.7387
Step  650 | loss 0.1165 | val_acc=0.9710 val_roc_auc=0.7432 val_loss=0.1312 val_metric_name=roc_auc val_metric=0.7432
Step  700 | loss 0.1160 | val_acc=0.9710 val_roc_auc=0.7470 val_loss=0.1309 val_metric_name=roc_auc val_metric=0.7470
Step  750 | loss 0.1149 | val_acc=0.9707 val_roc_auc=0.7503 val_loss=0.1301 val_metric_name=roc_auc val_metric=0.7503
Step  800 | loss 0.1131 | val_acc=0.9706 val_roc_auc=0.7531 val_loss=0.1297 val_metric_name=roc_auc val_metric=0.7531
Step  850 | loss 0.1133 | val_acc=0.9706 val_roc_auc=0.7556 val_loss=0.1293 val_metric_name=roc_auc val_metric=0.7556
Step  900 | loss 0.1136 | val_acc=0.9708 val_roc_auc=0.7579 val_loss=0.1289 val_metric_name=roc_auc val_metric=0.7579
Step  950 | loss 0.1115 | val_acc=0.9707 val_roc_auc=0.7599 val_loss=0.1282 val_metric_name=roc_auc val_metric=0.7599
Step 1000 | loss 0.1117 | val_acc=0.9707 val_roc_auc=0.7619 val_loss=0.1276 val_metric_name=roc_auc val_metric=0.7619
Step 1050 | loss 0.1099 | val_acc=0.9708 val_roc_auc=0.7638 val_loss=0.1277 val_metric_name=roc_auc val_metric=0.7638
Step 1100 | loss 0.1106 | val_acc=0.9706 val_roc_auc=0.7656 val_loss=0.1277 val_metric_name=roc_auc val_metric=0.7656
Step 1150 | loss 0.1097 | val_acc=0.9706 val_roc_auc=0.7672 val_loss=0.1269 val_metric_name=roc_auc val_metric=0.7672
Step 1200 | loss 0.1093 | val_acc=0.9705 val_roc_auc=0.7687 val_loss=0.1266 val_metric_name=roc_auc val_metric=0.7687
Step 1250 | loss 0.1082 | val_acc=0.9706 val_roc_auc=0.7700 val_loss=0.1260 val_metric_name=roc_auc val_metric=0.7700
Step 1300 | loss 0.1077 | val_acc=0.9709 val_roc_auc=0.7711 val_loss=0.1257 val_metric_name=roc_auc val_metric=0.7711
Step 1350 | loss 0.1072 | val_acc=0.9709 val_roc_auc=0.7719 val_loss=0.1254 val_metric_name=roc_auc val_metric=0.7719
Step 1400 | loss 0.1065 | val_acc=0.9711 val_roc_auc=0.7728 val_loss=0.1250 val_metric_name=roc_auc val_metric=0.7728
Step 1450 | loss 0.1060 | val_acc=0.9708 val_roc_auc=0.7738 val_loss=0.1247 val_metric_name=roc_auc val_metric=0.7738
Step 1500 | loss 0.1055 | val_acc=0.9709 val_roc_auc=0.7746 val_loss=0.1250 val_metric_name=roc_auc val_metric=0.7746
Step 1550 | loss 0.1046 | val_acc=0.9709 val_roc_auc=0.7754 val_loss=0.1244 val_metric_name=roc_auc val_metric=0.7754
Step 1600 | loss 0.1034 | val_acc=0.9710 val_roc_auc=0.7759 val_loss=0.1246 val_metric_name=roc_auc val_metric=0.7759
Step 1650 | loss 0.1031 | val_acc=0.9708 val_roc_auc=0.7764 val_loss=0.1243 val_metric_name=roc_auc val_metric=0.7764
Step 1700 | loss 0.1034 | val_acc=0.9707 val_roc_auc=0.7772 val_loss=0.1239 val_metric_name=roc_auc val_metric=0.7772
Step 1750 | loss 0.1030 | val_acc=0.9706 val_roc_auc=0.7777 val_loss=0.1242 val_metric_name=roc_auc val_metric=0.7777
Step 1800 | loss 0.1010 | val_acc=0.9706 val_roc_auc=0.7778 val_loss=0.1237 val_metric_name=roc_auc val_metric=0.7778
Step 1850 | loss 0.1025 | val_acc=0.9706 val_roc_auc=0.7781 val_loss=0.1238 val_metric_name=roc_auc val_metric=0.7781
Step 1900 | loss 0.1018 | val_acc=0.9705 val_roc_auc=0.7782 val_loss=0.1243 val_metric_name=roc_auc val_metric=0.7782
Step 1950 | loss 0.1013 | val_acc=0.9706 val_roc_auc=0.7784 val_loss=0.1242 val_metric_name=roc_auc val_metric=0.7784
Step 2000 | loss 0.1010 | val_acc=0.9707 val_roc_auc=0.7783 val_loss=0.1246 val_metric_name=roc_auc val_metric=0.7783
Step 2050 | loss 0.0989 | val_acc=0.9704 val_roc_auc=0.7786 val_loss=0.1245 val_metric_name=roc_auc val_metric=0.7786
Step 2100 | loss 0.0983 | val_acc=0.9705 val_roc_auc=0.7782 val_loss=0.1248 val_metric_name=roc_auc val_metric=0.7782
Step 2150 | loss 0.0993 | val_acc=0.9702 val_roc_auc=0.7782 val_loss=0.1251 val_metric_name=roc_auc val_metric=0.7782
Step 2200 | loss 0.0985 | val_acc=0.9706 val_roc_auc=0.7777 val_loss=0.1254 val_metric_name=roc_auc val_metric=0.7777
Step 2250 | loss 0.0979 | val_acc=0.9706 val_roc_auc=0.7776 val_loss=0.1256 val_metric_name=roc_auc val_metric=0.7776
Step 2300 | loss 0.0967 | val_acc=0.9701 val_roc_auc=0.7777 val_loss=0.1260 val_metric_name=roc_auc val_metric=0.7777
Early stopping at step 2310

--- Final (best ckpt @ step 2010) ---
  train_acc=0.9744 train_roc_auc=0.8588 train_loss=0.0984 train_metric_name=roc_auc train_metric=0.8588
  val_acc=0.9703 val_roc_auc=0.7787 val_loss=0.1238 val_metric_name=roc_auc val_metric=0.7787
  test_acc=0.9710 test_roc_auc=0.7870 test_loss=0.1204 test_metric_name=roc_auc test_metric=0.7870
  test_roc_auc=0.7870

============================================================
Training questions TAG 4L h=384 lr=3e-05 split=5
============================================================
Training for 5000 steps
Step    1 | loss 0.9122 | val_acc=0.9696 val_roc_auc=0.5190 val_loss=0.4094 val_metric_name=roc_auc val_metric=0.5190
Step   50 | loss 0.1298 | val_acc=0.9702 val_roc_auc=0.6806 val_loss=0.1395 val_metric_name=roc_auc val_metric=0.6806
Step  100 | loss 0.1233 | val_acc=0.9702 val_roc_auc=0.7053 val_loss=0.1321 val_metric_name=roc_auc val_metric=0.7053
Step  150 | loss 0.1193 | val_acc=0.9711 val_roc_auc=0.7294 val_loss=0.1298 val_metric_name=roc_auc val_metric=0.7294
Step  200 | loss 0.1160 | val_acc=0.9708 val_roc_auc=0.7481 val_loss=0.1281 val_metric_name=roc_auc val_metric=0.7481
Step  250 | loss 0.1138 | val_acc=0.9707 val_roc_auc=0.7588 val_loss=0.1277 val_metric_name=roc_auc val_metric=0.7588
Step  300 | loss 0.1106 | val_acc=0.9704 val_roc_auc=0.7656 val_loss=0.1266 val_metric_name=roc_auc val_metric=0.7656
Step  350 | loss 0.1077 | val_acc=0.9705 val_roc_auc=0.7701 val_loss=0.1256 val_metric_name=roc_auc val_metric=0.7701
Step  400 | loss 0.1063 | val_acc=0.9706 val_roc_auc=0.7742 val_loss=0.1260 val_metric_name=roc_auc val_metric=0.7742
Step  450 | loss 0.1039 | val_acc=0.9705 val_roc_auc=0.7769 val_loss=0.1254 val_metric_name=roc_auc val_metric=0.7769
Step  500 | loss 0.1025 | val_acc=0.9703 val_roc_auc=0.7792 val_loss=0.1255 val_metric_name=roc_auc val_metric=0.7792
Step  550 | loss 0.1008 | val_acc=0.9684 val_roc_auc=0.7801 val_loss=0.1260 val_metric_name=roc_auc val_metric=0.7801
Step  600 | loss 0.1008 | val_acc=0.9674 val_roc_auc=0.7816 val_loss=0.1274 val_metric_name=roc_auc val_metric=0.7816
Step  650 | loss 0.0987 | val_acc=0.9680 val_roc_auc=0.7823 val_loss=0.1276 val_metric_name=roc_auc val_metric=0.7823
Step  700 | loss 0.0961 | val_acc=0.9648 val_roc_auc=0.7818 val_loss=0.1304 val_metric_name=roc_auc val_metric=0.7818
Step  750 | loss 0.0947 | val_acc=0.9635 val_roc_auc=0.7815 val_loss=0.1338 val_metric_name=roc_auc val_metric=0.7815
Step  800 | loss 0.0939 | val_acc=0.9655 val_roc_auc=0.7808 val_loss=0.1333 val_metric_name=roc_auc val_metric=0.7808
Step  850 | loss 0.0909 | val_acc=0.9635 val_roc_auc=0.7789 val_loss=0.1379 val_metric_name=roc_auc val_metric=0.7789
Step  900 | loss 0.0905 | val_acc=0.9612 val_roc_auc=0.7760 val_loss=0.1411 val_metric_name=roc_auc val_metric=0.7760
Step  950 | loss 0.0877 | val_acc=0.9634 val_roc_auc=0.7718 val_loss=0.1404 val_metric_name=roc_auc val_metric=0.7718
Early stopping at step 986

--- Final (best ckpt @ step 670) ---
  train_acc=0.9732 train_roc_auc=0.8736 train_loss=0.0956 train_metric_name=roc_auc train_metric=0.8736
  val_acc=0.9666 val_roc_auc=0.7825 val_loss=0.1298 val_metric_name=roc_auc val_metric=0.7825
  test_acc=0.9671 test_roc_auc=0.7878 test_loss=0.1255 test_metric_name=roc_auc test_metric=0.7878
  test_roc_auc=0.7878

============================================================
Training questions TAG 4L h=384 lr=6e-05 split=5
============================================================
Training for 5000 steps
Step    1 | loss 0.9122 | val_acc=0.9702 val_roc_auc=0.5165 val_loss=0.1941 val_metric_name=roc_auc val_metric=0.5165
Step   50 | loss 0.1270 | val_acc=0.9702 val_roc_auc=0.6912 val_loss=0.1311 val_metric_name=roc_auc val_metric=0.6912
Step  100 | loss 0.1193 | val_acc=0.9709 val_roc_auc=0.7268 val_loss=0.1264 val_metric_name=roc_auc val_metric=0.7268
Step  150 | loss 0.1134 | val_acc=0.9705 val_roc_auc=0.7537 val_loss=0.1253 val_metric_name=roc_auc val_metric=0.7537
Step  200 | loss 0.1095 | val_acc=0.9707 val_roc_auc=0.7663 val_loss=0.1250 val_metric_name=roc_auc val_metric=0.7663
Step  250 | loss 0.1076 | val_acc=0.9712 val_roc_auc=0.7729 val_loss=0.1262 val_metric_name=roc_auc val_metric=0.7729
Step  300 | loss 0.1045 | val_acc=0.9718 val_roc_auc=0.7764 val_loss=0.1248 val_metric_name=roc_auc val_metric=0.7764
Step  350 | loss 0.1016 | val_acc=0.9688 val_roc_auc=0.7786 val_loss=0.1243 val_metric_name=roc_auc val_metric=0.7786
Step  400 | loss 0.1001 | val_acc=0.9693 val_roc_auc=0.7796 val_loss=0.1257 val_metric_name=roc_auc val_metric=0.7796
Step  450 | loss 0.0959 | val_acc=0.9693 val_roc_auc=0.7803 val_loss=0.1282 val_metric_name=roc_auc val_metric=0.7803
Step  500 | loss 0.0938 | val_acc=0.9652 val_roc_auc=0.7805 val_loss=0.1319 val_metric_name=roc_auc val_metric=0.7805
Step  550 | loss 0.0910 | val_acc=0.9655 val_roc_auc=0.7773 val_loss=0.1351 val_metric_name=roc_auc val_metric=0.7773
Step  600 | loss 0.0893 | val_acc=0.9635 val_roc_auc=0.7745 val_loss=0.1389 val_metric_name=roc_auc val_metric=0.7745
Step  650 | loss 0.0841 | val_acc=0.9657 val_roc_auc=0.7673 val_loss=0.1414 val_metric_name=roc_auc val_metric=0.7673
Step  700 | loss 0.0783 | val_acc=0.9606 val_roc_auc=0.7663 val_loss=0.1511 val_metric_name=roc_auc val_metric=0.7663
Step  750 | loss 0.0740 | val_acc=0.9612 val_roc_auc=0.7589 val_loss=0.1538 val_metric_name=roc_auc val_metric=0.7589
Early stopping at step 773

--- Final (best ckpt @ step 470) ---
  train_acc=0.9732 train_roc_auc=0.8785 train_loss=0.0948 train_metric_name=roc_auc train_metric=0.8785
  val_acc=0.9643 val_roc_auc=0.7818 val_loss=0.1322 val_metric_name=roc_auc val_metric=0.7818
  test_acc=0.9644 test_roc_auc=0.7843 test_loss=0.1278 test_metric_name=roc_auc test_metric=0.7843
  test_roc_auc=0.7843

============================================================
Training questions TAG 4L h=384 lr=0.0001 split=5
============================================================
Training for 5000 steps
Step    1 | loss 0.9122 | val_acc=0.9702 val_roc_auc=0.5301 val_loss=0.1353 val_metric_name=roc_auc val_metric=0.5301
Step   50 | loss 0.1248 | val_acc=0.9702 val_roc_auc=0.6978 val_loss=0.1262 val_metric_name=roc_auc val_metric=0.6978
Step  100 | loss 0.1162 | val_acc=0.9708 val_roc_auc=0.7405 val_loss=0.1240 val_metric_name=roc_auc val_metric=0.7405
Step  150 | loss 0.1093 | val_acc=0.9710 val_roc_auc=0.7626 val_loss=0.1230 val_metric_name=roc_auc val_metric=0.7626
Step  200 | loss 0.1057 | val_acc=0.9709 val_roc_auc=0.7712 val_loss=0.1220 val_metric_name=roc_auc val_metric=0.7712
Step  250 | loss 0.1035 | val_acc=0.9715 val_roc_auc=0.7756 val_loss=0.1258 val_metric_name=roc_auc val_metric=0.7756
Step  300 | loss 0.1017 | val_acc=0.9698 val_roc_auc=0.7763 val_loss=0.1199 val_metric_name=roc_auc val_metric=0.7763
Step  350 | loss 0.0965 | val_acc=0.9696 val_roc_auc=0.7779 val_loss=0.1263 val_metric_name=roc_auc val_metric=0.7779
Step  400 | loss 0.0926 | val_acc=0.9675 val_roc_auc=0.7761 val_loss=0.1312 val_metric_name=roc_auc val_metric=0.7761
Step  450 | loss 0.0878 | val_acc=0.9639 val_roc_auc=0.7733 val_loss=0.1399 val_metric_name=roc_auc val_metric=0.7733
Step  500 | loss 0.0817 | val_acc=0.9647 val_roc_auc=0.7666 val_loss=0.1429 val_metric_name=roc_auc val_metric=0.7666
Step  550 | loss 0.0745 | val_acc=0.9647 val_roc_auc=0.7598 val_loss=0.1479 val_metric_name=roc_auc val_metric=0.7598
Step  600 | loss 0.0657 | val_acc=0.9630 val_roc_auc=0.7545 val_loss=0.1589 val_metric_name=roc_auc val_metric=0.7545
Step  650 | loss 0.0562 | val_acc=0.9657 val_roc_auc=0.7353 val_loss=0.1670 val_metric_name=roc_auc val_metric=0.7353
Early stopping at step 685

--- Final (best ckpt @ step 340) ---
  train_acc=0.9747 train_roc_auc=0.8696 train_loss=0.0952 train_metric_name=roc_auc train_metric=0.8696
  val_acc=0.9684 val_roc_auc=0.7782 val_loss=0.1263 val_metric_name=roc_auc val_metric=0.7782
  test_acc=0.9697 test_roc_auc=0.7819 test_loss=0.1234 test_metric_name=roc_auc test_metric=0.7819
  test_roc_auc=0.7819

============================================================
Training questions TAG 4L h=384 lr=1e-05 split=5
============================================================
Training for 5000 steps
Step    1 | loss 0.9122 | val_acc=0.2670 val_roc_auc=0.5347 val_loss=0.7472 val_metric_name=roc_auc val_metric=0.5347
Step   50 | loss 0.1367 | val_acc=0.9702 val_roc_auc=0.6551 val_loss=0.1618 val_metric_name=roc_auc val_metric=0.6551
Step  100 | loss 0.1305 | val_acc=0.9702 val_roc_auc=0.6791 val_loss=0.1438 val_metric_name=roc_auc val_metric=0.6791
Step  150 | loss 0.1277 | val_acc=0.9702 val_roc_auc=0.6893 val_loss=0.1415 val_metric_name=roc_auc val_metric=0.6893
Step  200 | loss 0.1261 | val_acc=0.9702 val_roc_auc=0.6986 val_loss=0.1394 val_metric_name=roc_auc val_metric=0.6986
Step  250 | loss 0.1241 | val_acc=0.9702 val_roc_auc=0.7077 val_loss=0.1380 val_metric_name=roc_auc val_metric=0.7077
Step  300 | loss 0.1222 | val_acc=0.9711 val_roc_auc=0.7173 val_loss=0.1368 val_metric_name=roc_auc val_metric=0.7173
Step  350 | loss 0.1199 | val_acc=0.9711 val_roc_auc=0.7266 val_loss=0.1356 val_metric_name=roc_auc val_metric=0.7266
Step  400 | loss 0.1183 | val_acc=0.9710 val_roc_auc=0.7357 val_loss=0.1341 val_metric_name=roc_auc val_metric=0.7357
Step  450 | loss 0.1173 | val_acc=0.9710 val_roc_auc=0.7435 val_loss=0.1332 val_metric_name=roc_auc val_metric=0.7435
Step  500 | loss 0.1151 | val_acc=0.9710 val_roc_auc=0.7494 val_loss=0.1322 val_metric_name=roc_auc val_metric=0.7494
Step  550 | loss 0.1140 | val_acc=0.9706 val_roc_auc=0.7540 val_loss=0.1314 val_metric_name=roc_auc val_metric=0.7540
Step  600 | loss 0.1134 | val_acc=0.9707 val_roc_auc=0.7578 val_loss=0.1303 val_metric_name=roc_auc val_metric=0.7578
Step  650 | loss 0.1124 | val_acc=0.9706 val_roc_auc=0.7611 val_loss=0.1302 val_metric_name=roc_auc val_metric=0.7611
Step  700 | loss 0.1105 | val_acc=0.9706 val_roc_auc=0.7640 val_loss=0.1295 val_metric_name=roc_auc val_metric=0.7640
Step  750 | loss 0.1095 | val_acc=0.9704 val_roc_auc=0.7664 val_loss=0.1288 val_metric_name=roc_auc val_metric=0.7664
Step  800 | loss 0.1101 | val_acc=0.9706 val_roc_auc=0.7684 val_loss=0.1284 val_metric_name=roc_auc val_metric=0.7684
Step  850 | loss 0.1085 | val_acc=0.9707 val_roc_auc=0.7705 val_loss=0.1280 val_metric_name=roc_auc val_metric=0.7705
Step  900 | loss 0.1088 | val_acc=0.9709 val_roc_auc=0.7717 val_loss=0.1271 val_metric_name=roc_auc val_metric=0.7717
Step  950 | loss 0.1069 | val_acc=0.9708 val_roc_auc=0.7729 val_loss=0.1264 val_metric_name=roc_auc val_metric=0.7729
Step 1000 | loss 0.1066 | val_acc=0.9707 val_roc_auc=0.7743 val_loss=0.1258 val_metric_name=roc_auc val_metric=0.7743
Step 1050 | loss 0.1048 | val_acc=0.9713 val_roc_auc=0.7755 val_loss=0.1261 val_metric_name=roc_auc val_metric=0.7755
Step 1100 | loss 0.1047 | val_acc=0.9702 val_roc_auc=0.7767 val_loss=0.1252 val_metric_name=roc_auc val_metric=0.7767
Step 1150 | loss 0.1034 | val_acc=0.9704 val_roc_auc=0.7775 val_loss=0.1255 val_metric_name=roc_auc val_metric=0.7775
Step 1200 | loss 0.1026 | val_acc=0.9702 val_roc_auc=0.7784 val_loss=0.1251 val_metric_name=roc_auc val_metric=0.7784
Step 1250 | loss 0.1021 | val_acc=0.9700 val_roc_auc=0.7789 val_loss=0.1251 val_metric_name=roc_auc val_metric=0.7789
Step 1300 | loss 0.1025 | val_acc=0.9695 val_roc_auc=0.7795 val_loss=0.1250 val_metric_name=roc_auc val_metric=0.7795
Step 1350 | loss 0.1015 | val_acc=0.9688 val_roc_auc=0.7804 val_loss=0.1258 val_metric_name=roc_auc val_metric=0.7804
Step 1400 | loss 0.1003 | val_acc=0.9685 val_roc_auc=0.7813 val_loss=0.1262 val_metric_name=roc_auc val_metric=0.7813
Step 1450 | loss 0.0991 | val_acc=0.9676 val_roc_auc=0.7817 val_loss=0.1266 val_metric_name=roc_auc val_metric=0.7817
Step 1500 | loss 0.0980 | val_acc=0.9667 val_roc_auc=0.7820 val_loss=0.1282 val_metric_name=roc_auc val_metric=0.7820
Step 1550 | loss 0.0975 | val_acc=0.9678 val_roc_auc=0.7818 val_loss=0.1271 val_metric_name=roc_auc val_metric=0.7818
Step 1600 | loss 0.0978 | val_acc=0.9651 val_roc_auc=0.7823 val_loss=0.1299 val_metric_name=roc_auc val_metric=0.7823
Step 1650 | loss 0.0966 | val_acc=0.9659 val_roc_auc=0.7822 val_loss=0.1294 val_metric_name=roc_auc val_metric=0.7822
Step 1700 | loss 0.0962 | val_acc=0.9661 val_roc_auc=0.7816 val_loss=0.1297 val_metric_name=roc_auc val_metric=0.7816
Step 1750 | loss 0.0960 | val_acc=0.9648 val_roc_auc=0.7819 val_loss=0.1316 val_metric_name=roc_auc val_metric=0.7819
Step 1800 | loss 0.0941 | val_acc=0.9644 val_roc_auc=0.7812 val_loss=0.1329 val_metric_name=roc_auc val_metric=0.7812
Step 1850 | loss 0.0929 | val_acc=0.9654 val_roc_auc=0.7806 val_loss=0.1325 val_metric_name=roc_auc val_metric=0.7806
Step 1900 | loss 0.0918 | val_acc=0.9599 val_roc_auc=0.7800 val_loss=0.1393 val_metric_name=roc_auc val_metric=0.7800
Step 1950 | loss 0.0921 | val_acc=0.9647 val_roc_auc=0.7786 val_loss=0.1344 val_metric_name=roc_auc val_metric=0.7786
Early stopping at step 1962

--- Final (best ckpt @ step 1640) ---
  train_acc=0.9727 train_roc_auc=0.8762 train_loss=0.0960 train_metric_name=roc_auc train_metric=0.8762
  val_acc=0.9646 val_roc_auc=0.7824 val_loss=0.1307 val_metric_name=roc_auc val_metric=0.7824
  test_acc=0.9654 test_roc_auc=0.7895 test_loss=0.1257 test_metric_name=roc_auc test_metric=0.7895
  test_roc_auc=0.7895

============================================================
Training questions TAG 4L h=512 lr=3e-05 split=5
============================================================
Training for 5000 steps
Step    1 | loss 1.1605 | val_acc=0.9694 val_roc_auc=0.4952 val_loss=0.3897 val_metric_name=roc_auc val_metric=0.4952
Step   50 | loss 0.1295 | val_acc=0.9702 val_roc_auc=0.6759 val_loss=0.1377 val_metric_name=roc_auc val_metric=0.6759
Step  100 | loss 0.1235 | val_acc=0.9706 val_roc_auc=0.7028 val_loss=0.1296 val_metric_name=roc_auc val_metric=0.7028
Step  150 | loss 0.1188 | val_acc=0.9710 val_roc_auc=0.7292 val_loss=0.1273 val_metric_name=roc_auc val_metric=0.7292
Step  200 | loss 0.1154 | val_acc=0.9710 val_roc_auc=0.7482 val_loss=0.1264 val_metric_name=roc_auc val_metric=0.7482
Step  250 | loss 0.1117 | val_acc=0.9710 val_roc_auc=0.7590 val_loss=0.1256 val_metric_name=roc_auc val_metric=0.7590
Step  300 | loss 0.1099 | val_acc=0.9708 val_roc_auc=0.7670 val_loss=0.1252 val_metric_name=roc_auc val_metric=0.7670
Step  350 | loss 0.1074 | val_acc=0.9706 val_roc_auc=0.7727 val_loss=0.1235 val_metric_name=roc_auc val_metric=0.7727
Step  400 | loss 0.1051 | val_acc=0.9705 val_roc_auc=0.7775 val_loss=0.1238 val_metric_name=roc_auc val_metric=0.7775
Step  450 | loss 0.1027 | val_acc=0.9697 val_roc_auc=0.7809 val_loss=0.1243 val_metric_name=roc_auc val_metric=0.7809
Step  500 | loss 0.0998 | val_acc=0.9677 val_roc_auc=0.7831 val_loss=0.1261 val_metric_name=roc_auc val_metric=0.7831
Step  550 | loss 0.0992 | val_acc=0.9662 val_roc_auc=0.7841 val_loss=0.1288 val_metric_name=roc_auc val_metric=0.7841
Step  600 | loss 0.0973 | val_acc=0.9684 val_roc_auc=0.7839 val_loss=0.1270 val_metric_name=roc_auc val_metric=0.7839
Step  650 | loss 0.0967 | val_acc=0.9661 val_roc_auc=0.7840 val_loss=0.1307 val_metric_name=roc_auc val_metric=0.7840
Step  700 | loss 0.0937 | val_acc=0.9534 val_roc_auc=0.7839 val_loss=0.1493 val_metric_name=roc_auc val_metric=0.7839
Step  750 | loss 0.0908 | val_acc=0.9651 val_roc_auc=0.7793 val_loss=0.1364 val_metric_name=roc_auc val_metric=0.7793
Step  800 | loss 0.0881 | val_acc=0.9628 val_roc_auc=0.7786 val_loss=0.1418 val_metric_name=roc_auc val_metric=0.7786
Step  850 | loss 0.0861 | val_acc=0.9611 val_roc_auc=0.7746 val_loss=0.1475 val_metric_name=roc_auc val_metric=0.7746
Step  900 | loss 0.0829 | val_acc=0.9556 val_roc_auc=0.7748 val_loss=0.1558 val_metric_name=roc_auc val_metric=0.7748
Step  950 | loss 0.0793 | val_acc=0.9597 val_roc_auc=0.7724 val_loss=0.1545 val_metric_name=roc_auc val_metric=0.7724
Step 1000 | loss 0.0765 | val_acc=0.9612 val_roc_auc=0.7687 val_loss=0.1558 val_metric_name=roc_auc val_metric=0.7687
Early stopping at step 1012

--- Final (best ckpt @ step 710) ---
  train_acc=0.9754 train_roc_auc=0.8974 train_loss=0.0880 train_metric_name=roc_auc train_metric=0.8974
  val_acc=0.9684 val_roc_auc=0.7845 val_loss=0.1299 val_metric_name=roc_auc val_metric=0.7845
  test_acc=0.9695 test_roc_auc=0.7841 test_loss=0.1268 test_metric_name=roc_auc test_metric=0.7841
  test_roc_auc=0.7841

============================================================
Training questions TAG 4L h=512 lr=6e-05 split=5
============================================================
Training for 5000 steps
Step    1 | loss 1.1605 | val_acc=0.9702 val_roc_auc=0.5053 val_loss=0.1514 val_metric_name=roc_auc val_metric=0.5053
Step   50 | loss 0.1267 | val_acc=0.9702 val_roc_auc=0.6848 val_loss=0.1322 val_metric_name=roc_auc val_metric=0.6848
Step  100 | loss 0.1199 | val_acc=0.9710 val_roc_auc=0.7232 val_loss=0.1249 val_metric_name=roc_auc val_metric=0.7232
Step  150 | loss 0.1134 | val_acc=0.9708 val_roc_auc=0.7507 val_loss=0.1236 val_metric_name=roc_auc val_metric=0.7507
Step  200 | loss 0.1092 | val_acc=0.9711 val_roc_auc=0.7652 val_loss=0.1231 val_metric_name=roc_auc val_metric=0.7652
Step  250 | loss 0.1073 | val_acc=0.9712 val_roc_auc=0.7746 val_loss=0.1278 val_metric_name=roc_auc val_metric=0.7746
Step  300 | loss 0.1044 | val_acc=0.9699 val_roc_auc=0.7774 val_loss=0.1228 val_metric_name=roc_auc val_metric=0.7774
Step  350 | loss 0.1008 | val_acc=0.9682 val_roc_auc=0.7816 val_loss=0.1245 val_metric_name=roc_auc val_metric=0.7816
Step  400 | loss 0.0985 | val_acc=0.9644 val_roc_auc=0.7835 val_loss=0.1314 val_metric_name=roc_auc val_metric=0.7835
Step  450 | loss 0.1001 | val_acc=0.9702 val_roc_auc=0.7801 val_loss=0.1237 val_metric_name=roc_auc val_metric=0.7801
Step  500 | loss 0.0911 | val_acc=0.9656 val_roc_auc=0.7785 val_loss=0.1347 val_metric_name=roc_auc val_metric=0.7785
Step  550 | loss 0.0882 | val_acc=0.9661 val_roc_auc=0.7725 val_loss=0.1403 val_metric_name=roc_auc val_metric=0.7725
Step  600 | loss 0.0885 | val_acc=0.9679 val_roc_auc=0.7680 val_loss=0.1380 val_metric_name=roc_auc val_metric=0.7680
Step  650 | loss 0.0793 | val_acc=0.9632 val_roc_auc=0.7631 val_loss=0.1552 val_metric_name=roc_auc val_metric=0.7631
Step  700 | loss 0.0692 | val_acc=0.9622 val_roc_auc=0.7591 val_loss=0.1638 val_metric_name=roc_auc val_metric=0.7591
Early stopping at step 717

--- Final (best ckpt @ step 400) ---
  train_acc=0.9713 train_roc_auc=0.8689 train_loss=0.0988 train_metric_name=roc_auc train_metric=0.8689
  val_acc=0.9644 val_roc_auc=0.7835 val_loss=0.1314 val_metric_name=roc_auc val_metric=0.7835
  test_acc=0.9647 test_roc_auc=0.7883 test_loss=0.1269 test_metric_name=roc_auc test_metric=0.7883
  test_roc_auc=0.7883

============================================================
Training questions TAG 4L h=512 lr=0.0001 split=5
============================================================
Training for 5000 steps
Step    1 | loss 1.1605 | val_acc=0.9702 val_roc_auc=0.5193 val_loss=0.1406 val_metric_name=roc_auc val_metric=0.5193
Step   50 | loss 0.1239 | val_acc=0.9702 val_roc_auc=0.6941 val_loss=0.1279 val_metric_name=roc_auc val_metric=0.6941
Step  100 | loss 0.1165 | val_acc=0.9710 val_roc_auc=0.7387 val_loss=0.1230 val_metric_name=roc_auc val_metric=0.7387
Step  150 | loss 0.1095 | val_acc=0.9710 val_roc_auc=0.7614 val_loss=0.1213 val_metric_name=roc_auc val_metric=0.7614
Step  200 | loss 0.1099 | val_acc=0.9713 val_roc_auc=0.7686 val_loss=0.1168 val_metric_name=roc_auc val_metric=0.7686
Step  250 | loss 0.1024 | val_acc=0.9708 val_roc_auc=0.7750 val_loss=0.1226 val_metric_name=roc_auc val_metric=0.7750
Step  300 | loss 0.1005 | val_acc=0.9709 val_roc_auc=0.7789 val_loss=0.1253 val_metric_name=roc_auc val_metric=0.7789
Step  350 | loss 0.0967 | val_acc=0.9706 val_roc_auc=0.7758 val_loss=0.1305 val_metric_name=roc_auc val_metric=0.7758
Step  400 | loss 0.0922 | val_acc=0.9668 val_roc_auc=0.7702 val_loss=0.1323 val_metric_name=roc_auc val_metric=0.7702
Step  450 | loss 0.0869 | val_acc=0.9685 val_roc_auc=0.7630 val_loss=0.1401 val_metric_name=roc_auc val_metric=0.7630
Step  500 | loss 0.0785 | val_acc=0.9632 val_roc_auc=0.7623 val_loss=0.1510 val_metric_name=roc_auc val_metric=0.7623
Step  550 | loss 0.0693 | val_acc=0.9613 val_roc_auc=0.7485 val_loss=0.1667 val_metric_name=roc_auc val_metric=0.7485
Step  600 | loss 0.0580 | val_acc=0.9623 val_roc_auc=0.7369 val_loss=0.1713 val_metric_name=roc_auc val_metric=0.7369
Step  650 | loss 0.0473 | val_acc=0.9535 val_roc_auc=0.7346 val_loss=0.2050 val_metric_name=roc_auc val_metric=0.7346
Early stopping at step 660

--- Final (best ckpt @ step 360) ---
  train_acc=0.9736 train_roc_auc=0.8750 train_loss=0.0942 train_metric_name=roc_auc train_metric=0.8750
  val_acc=0.9662 val_roc_auc=0.7808 val_loss=0.1312 val_metric_name=roc_auc val_metric=0.7808
  test_acc=0.9657 test_roc_auc=0.7836 test_loss=0.1276 test_metric_name=roc_auc test_metric=0.7836
  test_roc_auc=0.7836

============================================================
Training questions TAG 4L h=512 lr=1e-05 split=5
============================================================
Training for 5000 steps
Step    1 | loss 1.1605 | val_acc=0.0383 val_roc_auc=0.4834 val_loss=0.9685 val_metric_name=roc_auc val_metric=0.4834
Step   50 | loss 0.1351 | val_acc=0.9702 val_roc_auc=0.6584 val_loss=0.1568 val_metric_name=roc_auc val_metric=0.6584
Step  100 | loss 0.1303 | val_acc=0.9702 val_roc_auc=0.6784 val_loss=0.1417 val_metric_name=roc_auc val_metric=0.6784
Step  150 | loss 0.1268 | val_acc=0.9702 val_roc_auc=0.6904 val_loss=0.1380 val_metric_name=roc_auc val_metric=0.6904
Step  200 | loss 0.1245 | val_acc=0.9702 val_roc_auc=0.7018 val_loss=0.1362 val_metric_name=roc_auc val_metric=0.7018
Step  250 | loss 0.1219 | val_acc=0.9710 val_roc_auc=0.7128 val_loss=0.1352 val_metric_name=roc_auc val_metric=0.7128
Step  300 | loss 0.1205 | val_acc=0.9711 val_roc_auc=0.7239 val_loss=0.1340 val_metric_name=roc_auc val_metric=0.7239
Step  350 | loss 0.1191 | val_acc=0.9709 val_roc_auc=0.7341 val_loss=0.1327 val_metric_name=roc_auc val_metric=0.7341
Step  400 | loss 0.1170 | val_acc=0.9711 val_roc_auc=0.7432 val_loss=0.1318 val_metric_name=roc_auc val_metric=0.7432
Step  450 | loss 0.1155 | val_acc=0.9711 val_roc_auc=0.7500 val_loss=0.1311 val_metric_name=roc_auc val_metric=0.7500
Step  500 | loss 0.1138 | val_acc=0.9709 val_roc_auc=0.7549 val_loss=0.1306 val_metric_name=roc_auc val_metric=0.7549
Step  550 | loss 0.1126 | val_acc=0.9711 val_roc_auc=0.7591 val_loss=0.1296 val_metric_name=roc_auc val_metric=0.7591
Step  600 | loss 0.1120 | val_acc=0.9710 val_roc_auc=0.7627 val_loss=0.1292 val_metric_name=roc_auc val_metric=0.7627
Step  650 | loss 0.1118 | val_acc=0.9708 val_roc_auc=0.7657 val_loss=0.1280 val_metric_name=roc_auc val_metric=0.7657
Step  700 | loss 0.1086 | val_acc=0.9708 val_roc_auc=0.7687 val_loss=0.1272 val_metric_name=roc_auc val_metric=0.7687
Step  750 | loss 0.1065 | val_acc=0.9710 val_roc_auc=0.7709 val_loss=0.1258 val_metric_name=roc_auc val_metric=0.7709
Step  800 | loss 0.1069 | val_acc=0.9712 val_roc_auc=0.7734 val_loss=0.1261 val_metric_name=roc_auc val_metric=0.7734
Step  850 | loss 0.1070 | val_acc=0.9710 val_roc_auc=0.7751 val_loss=0.1248 val_metric_name=roc_auc val_metric=0.7751
Step  900 | loss 0.1059 | val_acc=0.9711 val_roc_auc=0.7771 val_loss=0.1248 val_metric_name=roc_auc val_metric=0.7771
Step  950 | loss 0.1047 | val_acc=0.9706 val_roc_auc=0.7788 val_loss=0.1244 val_metric_name=roc_auc val_metric=0.7788
Step 1000 | loss 0.1032 | val_acc=0.9703 val_roc_auc=0.7805 val_loss=0.1244 val_metric_name=roc_auc val_metric=0.7805
Step 1050 | loss 0.1031 | val_acc=0.9695 val_roc_auc=0.7816 val_loss=0.1247 val_metric_name=roc_auc val_metric=0.7816
Step 1100 | loss 0.1014 | val_acc=0.9693 val_roc_auc=0.7823 val_loss=0.1245 val_metric_name=roc_auc val_metric=0.7823
Step 1150 | loss 0.1015 | val_acc=0.9688 val_roc_auc=0.7828 val_loss=0.1251 val_metric_name=roc_auc val_metric=0.7828
Step 1200 | loss 0.1005 | val_acc=0.9682 val_roc_auc=0.7837 val_loss=0.1258 val_metric_name=roc_auc val_metric=0.7837
Step 1250 | loss 0.1006 | val_acc=0.9678 val_roc_auc=0.7842 val_loss=0.1263 val_metric_name=roc_auc val_metric=0.7842
Step 1300 | loss 0.0984 | val_acc=0.9671 val_roc_auc=0.7841 val_loss=0.1278 val_metric_name=roc_auc val_metric=0.7841
Step 1350 | loss 0.0985 | val_acc=0.9679 val_roc_auc=0.7843 val_loss=0.1275 val_metric_name=roc_auc val_metric=0.7843
Step 1400 | loss 0.0967 | val_acc=0.9673 val_roc_auc=0.7838 val_loss=0.1290 val_metric_name=roc_auc val_metric=0.7838
Step 1450 | loss 0.0959 | val_acc=0.9651 val_roc_auc=0.7838 val_loss=0.1311 val_metric_name=roc_auc val_metric=0.7838
Step 1500 | loss 0.0948 | val_acc=0.9653 val_roc_auc=0.7831 val_loss=0.1317 val_metric_name=roc_auc val_metric=0.7831
Step 1550 | loss 0.0947 | val_acc=0.9637 val_roc_auc=0.7827 val_loss=0.1338 val_metric_name=roc_auc val_metric=0.7827
Step 1600 | loss 0.0921 | val_acc=0.9651 val_roc_auc=0.7819 val_loss=0.1328 val_metric_name=roc_auc val_metric=0.7819
Step 1650 | loss 0.0907 | val_acc=0.9617 val_roc_auc=0.7807 val_loss=0.1389 val_metric_name=roc_auc val_metric=0.7807
Step 1700 | loss 0.0914 | val_acc=0.9643 val_roc_auc=0.7794 val_loss=0.1368 val_metric_name=roc_auc val_metric=0.7794
Early stopping at step 1739

--- Final (best ckpt @ step 1340) ---
  train_acc=0.9731 train_roc_auc=0.8795 train_loss=0.0947 train_metric_name=roc_auc train_metric=0.8795
  val_acc=0.9670 val_roc_auc=0.7844 val_loss=0.1283 val_metric_name=roc_auc val_metric=0.7844
  test_acc=0.9677 test_roc_auc=0.7890 test_loss=0.1244 test_metric_name=roc_auc test_metric=0.7890
  test_roc_auc=0.7890
  >> num_layers=4 hidden_dim=256 lr=3e-05 best_step=870 val_roc_auc=0.7798 test_roc_auc=0.7875
     val_acc=0.9698 val_loss=0.1258 val_metric=0.7798 val_metric_name=roc_auc val_roc_auc=0.7798
     test_acc=0.9705 test_loss=0.1218 test_metric=0.7875 test_metric_name=roc_auc test_roc_auc=0.7875
  >> num_layers=4 hidden_dim=256 lr=6e-05 best_step=540 val_roc_auc=0.7808 test_roc_auc=0.7853
     val_acc=0.9698 val_loss=0.1252 val_metric=0.7808 val_metric_name=roc_auc val_roc_auc=0.7808
     test_acc=0.9699 test_loss=0.1214 test_metric=0.7853 test_metric_name=roc_auc test_roc_auc=0.7853
  >> num_layers=4 hidden_dim=256 lr=0.0001 best_step=350 val_roc_auc=0.7810 test_roc_auc=0.7850
     val_acc=0.9696 val_loss=0.1238 val_metric=0.7810 val_metric_name=roc_auc val_roc_auc=0.7810
     test_acc=0.9700 test_loss=0.1204 test_metric=0.7850 test_metric_name=roc_auc test_roc_auc=0.7850
  >> num_layers=4 hidden_dim=256 lr=1e-05 best_step=2010 val_roc_auc=0.7787 test_roc_auc=0.7870
     val_acc=0.9703 val_loss=0.1238 val_metric=0.7787 val_metric_name=roc_auc val_roc_auc=0.7787
     test_acc=0.9710 test_loss=0.1204 test_metric=0.7870 test_metric_name=roc_auc test_roc_auc=0.7870
  >> num_layers=4 hidden_dim=384 lr=3e-05 best_step=670 val_roc_auc=0.7825 test_roc_auc=0.7878
     val_acc=0.9666 val_loss=0.1298 val_metric=0.7825 val_metric_name=roc_auc val_roc_auc=0.7825
     test_acc=0.9671 test_loss=0.1255 test_metric=0.7878 test_metric_name=roc_auc test_roc_auc=0.7878
  >> num_layers=4 hidden_dim=384 lr=6e-05 best_step=470 val_roc_auc=0.7818 test_roc_auc=0.7843
     val_acc=0.9643 val_loss=0.1322 val_metric=0.7818 val_metric_name=roc_auc val_roc_auc=0.7818
     test_acc=0.9644 test_loss=0.1278 test_metric=0.7843 test_metric_name=roc_auc test_roc_auc=0.7843
  >> num_layers=4 hidden_dim=384 lr=0.0001 best_step=340 val_roc_auc=0.7782 test_roc_auc=0.7819
     val_acc=0.9684 val_loss=0.1263 val_metric=0.7782 val_metric_name=roc_auc val_roc_auc=0.7782
     test_acc=0.9697 test_loss=0.1234 test_metric=0.7819 test_metric_name=roc_auc test_roc_auc=0.7819
  >> num_layers=4 hidden_dim=384 lr=1e-05 best_step=1640 val_roc_auc=0.7824 test_roc_auc=0.7895
     val_acc=0.9646 val_loss=0.1307 val_metric=0.7824 val_metric_name=roc_auc val_roc_auc=0.7824
     test_acc=0.9654 test_loss=0.1257 test_metric=0.7895 test_metric_name=roc_auc test_roc_auc=0.7895
  >> num_layers=4 hidden_dim=512 lr=3e-05 best_step=710 val_roc_auc=0.7845 test_roc_auc=0.7841
     val_acc=0.9684 val_loss=0.1299 val_metric=0.7845 val_metric_name=roc_auc val_roc_auc=0.7845
     test_acc=0.9695 test_loss=0.1268 test_metric=0.7841 test_metric_name=roc_auc test_roc_auc=0.7841
  >> num_layers=4 hidden_dim=512 lr=6e-05 best_step=400 val_roc_auc=0.7835 test_roc_auc=0.7883
     val_acc=0.9644 val_loss=0.1314 val_metric=0.7835 val_metric_name=roc_auc val_roc_auc=0.7835
     test_acc=0.9647 test_loss=0.1269 test_metric=0.7883 test_metric_name=roc_auc test_roc_auc=0.7883
  >> num_layers=4 hidden_dim=512 lr=0.0001 best_step=360 val_roc_auc=0.7808 test_roc_auc=0.7836
     val_acc=0.9662 val_loss=0.1312 val_metric=0.7808 val_metric_name=roc_auc val_roc_auc=0.7808
     test_acc=0.9657 test_loss=0.1276 test_metric=0.7836 test_metric_name=roc_auc test_roc_auc=0.7836
  >> num_layers=4 hidden_dim=512 lr=1e-05 best_step=1340 val_roc_auc=0.7844 test_roc_auc=0.7890
     val_acc=0.9670 val_loss=0.1283 val_metric=0.7844 val_metric_name=roc_auc val_roc_auc=0.7844
     test_acc=0.9677 test_loss=0.1244 test_metric=0.7890 test_metric_name=roc_auc test_roc_auc=0.7890
  >> selected best (by val): num_layers=4 hidden_dim=512 lr=3e-05 val_roc_auc=0.7845 test_roc_auc=0.7841
     val_acc=0.9684 val_loss=0.1299 val_metric=0.7845 val_metric_name=roc_auc val_roc_auc=0.7845
     test_acc=0.9695 test_loss=0.1268 test_metric=0.7841 test_metric_name=roc_auc test_roc_auc=0.7841

Done. Results saved to /home/avshmelev/diploma_yandex_graphs/results_grid/questions/base.csv, checkpoints in /home/avshmelev/diploma_yandex_graphs/all_checkpoints/questions/base/
Skipping: "Done." found in /home/avshmelev/diploma_yandex_graphs/results_grid/questions/logs_base/TAG_4L_split5.log
Skipping: "Done." found in /home/avshmelev/diploma_yandex_graphs/results_grid/questions/logs_base/TAG_4L_split5.log
Skipping: "Done." found in /home/avshmelev/diploma_yandex_graphs/results_grid/questions/logs_base/TAG_4L_split5.log
Skipping: "Done." found in /home/avshmelev/diploma_yandex_graphs/results_grid/questions/logs_base/TAG_4L_split5.log
