Loading data...

============================================================
Training questions TAG 3L h=256 lr=3e-05 split=6
============================================================
Training for 5000 steps
Step    1 | loss 0.5482 | val_acc=0.9702 val_roc_auc=0.5790 val_loss=0.2999 val_metric_name=roc_auc val_metric=0.5790
Step   50 | loss 0.1296 | val_acc=0.9702 val_roc_auc=0.6939 val_loss=0.1346 val_metric_name=roc_auc val_metric=0.6939
Step  100 | loss 0.1248 | val_acc=0.9702 val_roc_auc=0.7102 val_loss=0.1336 val_metric_name=roc_auc val_metric=0.7102
Step  150 | loss 0.1228 | val_acc=0.9712 val_roc_auc=0.7313 val_loss=0.1311 val_metric_name=roc_auc val_metric=0.7313
Step  200 | loss 0.1196 | val_acc=0.9713 val_roc_auc=0.7487 val_loss=0.1283 val_metric_name=roc_auc val_metric=0.7487
Step  250 | loss 0.1170 | val_acc=0.9711 val_roc_auc=0.7620 val_loss=0.1257 val_metric_name=roc_auc val_metric=0.7620
Step  300 | loss 0.1137 | val_acc=0.9709 val_roc_auc=0.7691 val_loss=0.1238 val_metric_name=roc_auc val_metric=0.7691
Step  350 | loss 0.1129 | val_acc=0.9713 val_roc_auc=0.7728 val_loss=0.1230 val_metric_name=roc_auc val_metric=0.7728
Step  400 | loss 0.1105 | val_acc=0.9711 val_roc_auc=0.7755 val_loss=0.1218 val_metric_name=roc_auc val_metric=0.7755
Step  450 | loss 0.1091 | val_acc=0.9715 val_roc_auc=0.7781 val_loss=0.1211 val_metric_name=roc_auc val_metric=0.7781
Step  500 | loss 0.1066 | val_acc=0.9717 val_roc_auc=0.7803 val_loss=0.1207 val_metric_name=roc_auc val_metric=0.7803
Step  550 | loss 0.1053 | val_acc=0.9716 val_roc_auc=0.7815 val_loss=0.1197 val_metric_name=roc_auc val_metric=0.7815
Step  600 | loss 0.1033 | val_acc=0.9715 val_roc_auc=0.7823 val_loss=0.1204 val_metric_name=roc_auc val_metric=0.7823
Step  650 | loss 0.1016 | val_acc=0.9714 val_roc_auc=0.7823 val_loss=0.1197 val_metric_name=roc_auc val_metric=0.7823
Step  700 | loss 0.0996 | val_acc=0.9713 val_roc_auc=0.7812 val_loss=0.1206 val_metric_name=roc_auc val_metric=0.7812
Step  750 | loss 0.0977 | val_acc=0.9709 val_roc_auc=0.7812 val_loss=0.1216 val_metric_name=roc_auc val_metric=0.7812
Step  800 | loss 0.0968 | val_acc=0.9705 val_roc_auc=0.7796 val_loss=0.1221 val_metric_name=roc_auc val_metric=0.7796
Step  850 | loss 0.0951 | val_acc=0.9706 val_roc_auc=0.7798 val_loss=0.1235 val_metric_name=roc_auc val_metric=0.7798
Step  900 | loss 0.0939 | val_acc=0.9703 val_roc_auc=0.7783 val_loss=0.1249 val_metric_name=roc_auc val_metric=0.7783
Step  950 | loss 0.0916 | val_acc=0.9683 val_roc_auc=0.7783 val_loss=0.1276 val_metric_name=roc_auc val_metric=0.7783
Early stopping at step 958

--- Final (best ckpt @ step 610) ---
  train_acc=0.9735 train_roc_auc=0.8556 train_loss=0.1024 train_metric_name=roc_auc train_metric=0.8556
  val_acc=0.9715 val_roc_auc=0.7824 val_loss=0.1202 val_metric_name=roc_auc val_metric=0.7824
  test_acc=0.9715 test_roc_auc=0.7664 test_loss=0.1235 test_metric_name=roc_auc test_metric=0.7664
  test_roc_auc=0.7664

============================================================
Training questions TAG 3L h=256 lr=6e-05 split=6
============================================================
Training for 5000 steps
Step    1 | loss 0.5482 | val_acc=0.9702 val_roc_auc=0.5631 val_loss=0.1981 val_metric_name=roc_auc val_metric=0.5631
Step   50 | loss 0.1266 | val_acc=0.9702 val_roc_auc=0.7001 val_loss=0.1333 val_metric_name=roc_auc val_metric=0.7001
Step  100 | loss 0.1208 | val_acc=0.9713 val_roc_auc=0.7328 val_loss=0.1275 val_metric_name=roc_auc val_metric=0.7328
Step  150 | loss 0.1177 | val_acc=0.9709 val_roc_auc=0.7594 val_loss=0.1242 val_metric_name=roc_auc val_metric=0.7594
Step  200 | loss 0.1134 | val_acc=0.9711 val_roc_auc=0.7701 val_loss=0.1217 val_metric_name=roc_auc val_metric=0.7701
Step  250 | loss 0.1091 | val_acc=0.9711 val_roc_auc=0.7755 val_loss=0.1202 val_metric_name=roc_auc val_metric=0.7755
Step  300 | loss 0.1059 | val_acc=0.9717 val_roc_auc=0.7801 val_loss=0.1197 val_metric_name=roc_auc val_metric=0.7801
Step  350 | loss 0.1045 | val_acc=0.9715 val_roc_auc=0.7824 val_loss=0.1189 val_metric_name=roc_auc val_metric=0.7824
Step  400 | loss 0.1007 | val_acc=0.9712 val_roc_auc=0.7817 val_loss=0.1201 val_metric_name=roc_auc val_metric=0.7817
Step  450 | loss 0.0988 | val_acc=0.9703 val_roc_auc=0.7805 val_loss=0.1214 val_metric_name=roc_auc val_metric=0.7805
Step  500 | loss 0.0956 | val_acc=0.9712 val_roc_auc=0.7790 val_loss=0.1224 val_metric_name=roc_auc val_metric=0.7790
Step  550 | loss 0.0928 | val_acc=0.9704 val_roc_auc=0.7772 val_loss=0.1253 val_metric_name=roc_auc val_metric=0.7772
Step  600 | loss 0.0897 | val_acc=0.9676 val_roc_auc=0.7756 val_loss=0.1294 val_metric_name=roc_auc val_metric=0.7756
Step  650 | loss 0.0856 | val_acc=0.9668 val_roc_auc=0.7743 val_loss=0.1336 val_metric_name=roc_auc val_metric=0.7743
Early stopping at step 657

--- Final (best ckpt @ step 350) ---
  train_acc=0.9733 train_roc_auc=0.8513 train_loss=0.1024 train_metric_name=roc_auc train_metric=0.8513
  val_acc=0.9715 val_roc_auc=0.7824 val_loss=0.1189 val_metric_name=roc_auc val_metric=0.7824
  test_acc=0.9716 test_roc_auc=0.7655 test_loss=0.1223 test_metric_name=roc_auc test_metric=0.7655
  test_roc_auc=0.7655

============================================================
Training questions TAG 3L h=256 lr=0.0001 split=6
============================================================
Training for 5000 steps
Step    1 | loss 0.5482 | val_acc=0.9702 val_roc_auc=0.5444 val_loss=0.1448 val_metric_name=roc_auc val_metric=0.5444
Step   50 | loss 0.1242 | val_acc=0.9707 val_roc_auc=0.7062 val_loss=0.1297 val_metric_name=roc_auc val_metric=0.7062
Step  100 | loss 0.1176 | val_acc=0.9712 val_roc_auc=0.7503 val_loss=0.1237 val_metric_name=roc_auc val_metric=0.7503
Step  150 | loss 0.1131 | val_acc=0.9711 val_roc_auc=0.7685 val_loss=0.1213 val_metric_name=roc_auc val_metric=0.7685
Step  200 | loss 0.1087 | val_acc=0.9716 val_roc_auc=0.7765 val_loss=0.1201 val_metric_name=roc_auc val_metric=0.7765
Step  250 | loss 0.1033 | val_acc=0.9716 val_roc_auc=0.7823 val_loss=0.1194 val_metric_name=roc_auc val_metric=0.7823
Step  300 | loss 0.0991 | val_acc=0.9700 val_roc_auc=0.7813 val_loss=0.1207 val_metric_name=roc_auc val_metric=0.7813
Step  350 | loss 0.0975 | val_acc=0.9706 val_roc_auc=0.7785 val_loss=0.1223 val_metric_name=roc_auc val_metric=0.7785
Step  400 | loss 0.0929 | val_acc=0.9682 val_roc_auc=0.7772 val_loss=0.1271 val_metric_name=roc_auc val_metric=0.7772
Step  450 | loss 0.0898 | val_acc=0.9706 val_roc_auc=0.7731 val_loss=0.1283 val_metric_name=roc_auc val_metric=0.7731
Step  500 | loss 0.0841 | val_acc=0.9684 val_roc_auc=0.7680 val_loss=0.1345 val_metric_name=roc_auc val_metric=0.7680
Step  550 | loss 0.0769 | val_acc=0.9643 val_roc_auc=0.7627 val_loss=0.1448 val_metric_name=roc_auc val_metric=0.7627
Early stopping at step 560

--- Final (best ckpt @ step 260) ---
  train_acc=0.9735 train_roc_auc=0.8520 train_loss=0.1012 train_metric_name=roc_auc train_metric=0.8520
  val_acc=0.9711 val_roc_auc=0.7825 val_loss=0.1183 val_metric_name=roc_auc val_metric=0.7825
  test_acc=0.9715 test_roc_auc=0.7657 test_loss=0.1216 test_metric_name=roc_auc test_metric=0.7657
  test_roc_auc=0.7657

============================================================
Training questions TAG 3L h=256 lr=1e-05 split=6
============================================================
Training for 5000 steps
Step    1 | loss 0.5482 | val_acc=0.9694 val_roc_auc=0.5882 val_loss=0.4152 val_metric_name=roc_auc val_metric=0.5882
Step   50 | loss 0.1347 | val_acc=0.9702 val_roc_auc=0.6512 val_loss=0.1526 val_metric_name=roc_auc val_metric=0.6512
Step  100 | loss 0.1316 | val_acc=0.9702 val_roc_auc=0.6855 val_loss=0.1470 val_metric_name=roc_auc val_metric=0.6855
Step  150 | loss 0.1295 | val_acc=0.9702 val_roc_auc=0.6960 val_loss=0.1422 val_metric_name=roc_auc val_metric=0.6960
Step  200 | loss 0.1266 | val_acc=0.9702 val_roc_auc=0.7049 val_loss=0.1398 val_metric_name=roc_auc val_metric=0.7049
Step  250 | loss 0.1256 | val_acc=0.9702 val_roc_auc=0.7136 val_loss=0.1381 val_metric_name=roc_auc val_metric=0.7136
Step  300 | loss 0.1230 | val_acc=0.9709 val_roc_auc=0.7222 val_loss=0.1366 val_metric_name=roc_auc val_metric=0.7222
Step  350 | loss 0.1229 | val_acc=0.9713 val_roc_auc=0.7299 val_loss=0.1350 val_metric_name=roc_auc val_metric=0.7299
Step  400 | loss 0.1219 | val_acc=0.9713 val_roc_auc=0.7369 val_loss=0.1337 val_metric_name=roc_auc val_metric=0.7369
Step  450 | loss 0.1208 | val_acc=0.9713 val_roc_auc=0.7435 val_loss=0.1325 val_metric_name=roc_auc val_metric=0.7435
Step  500 | loss 0.1192 | val_acc=0.9713 val_roc_auc=0.7495 val_loss=0.1312 val_metric_name=roc_auc val_metric=0.7495
Step  550 | loss 0.1185 | val_acc=0.9711 val_roc_auc=0.7549 val_loss=0.1304 val_metric_name=roc_auc val_metric=0.7549
Step  600 | loss 0.1181 | val_acc=0.9712 val_roc_auc=0.7595 val_loss=0.1291 val_metric_name=roc_auc val_metric=0.7595
Step  650 | loss 0.1163 | val_acc=0.9712 val_roc_auc=0.7635 val_loss=0.1283 val_metric_name=roc_auc val_metric=0.7635
Step  700 | loss 0.1158 | val_acc=0.9711 val_roc_auc=0.7666 val_loss=0.1274 val_metric_name=roc_auc val_metric=0.7666
Step  750 | loss 0.1147 | val_acc=0.9710 val_roc_auc=0.7690 val_loss=0.1269 val_metric_name=roc_auc val_metric=0.7690
Step  800 | loss 0.1142 | val_acc=0.9709 val_roc_auc=0.7708 val_loss=0.1260 val_metric_name=roc_auc val_metric=0.7708
Step  850 | loss 0.1130 | val_acc=0.9710 val_roc_auc=0.7724 val_loss=0.1252 val_metric_name=roc_auc val_metric=0.7724
Step  900 | loss 0.1126 | val_acc=0.9712 val_roc_auc=0.7739 val_loss=0.1247 val_metric_name=roc_auc val_metric=0.7739
Step  950 | loss 0.1122 | val_acc=0.9714 val_roc_auc=0.7750 val_loss=0.1239 val_metric_name=roc_auc val_metric=0.7750
Step 1000 | loss 0.1100 | val_acc=0.9712 val_roc_auc=0.7762 val_loss=0.1238 val_metric_name=roc_auc val_metric=0.7762
Step 1050 | loss 0.1104 | val_acc=0.9713 val_roc_auc=0.7772 val_loss=0.1234 val_metric_name=roc_auc val_metric=0.7772
Step 1100 | loss 0.1094 | val_acc=0.9712 val_roc_auc=0.7785 val_loss=0.1228 val_metric_name=roc_auc val_metric=0.7785
Step 1150 | loss 0.1086 | val_acc=0.9713 val_roc_auc=0.7797 val_loss=0.1224 val_metric_name=roc_auc val_metric=0.7797
Step 1200 | loss 0.1079 | val_acc=0.9715 val_roc_auc=0.7806 val_loss=0.1225 val_metric_name=roc_auc val_metric=0.7806
Step 1250 | loss 0.1071 | val_acc=0.9717 val_roc_auc=0.7817 val_loss=0.1223 val_metric_name=roc_auc val_metric=0.7817
Step 1300 | loss 0.1070 | val_acc=0.9718 val_roc_auc=0.7825 val_loss=0.1217 val_metric_name=roc_auc val_metric=0.7825
Step 1350 | loss 0.1063 | val_acc=0.9717 val_roc_auc=0.7830 val_loss=0.1223 val_metric_name=roc_auc val_metric=0.7830
Step 1400 | loss 0.1058 | val_acc=0.9716 val_roc_auc=0.7836 val_loss=0.1213 val_metric_name=roc_auc val_metric=0.7836
Step 1450 | loss 0.1058 | val_acc=0.9717 val_roc_auc=0.7843 val_loss=0.1219 val_metric_name=roc_auc val_metric=0.7843
Step 1500 | loss 0.1054 | val_acc=0.9716 val_roc_auc=0.7842 val_loss=0.1218 val_metric_name=roc_auc val_metric=0.7842
Step 1550 | loss 0.1036 | val_acc=0.9715 val_roc_auc=0.7843 val_loss=0.1217 val_metric_name=roc_auc val_metric=0.7843
Step 1600 | loss 0.1036 | val_acc=0.9715 val_roc_auc=0.7845 val_loss=0.1215 val_metric_name=roc_auc val_metric=0.7845
Step 1650 | loss 0.1022 | val_acc=0.9716 val_roc_auc=0.7844 val_loss=0.1212 val_metric_name=roc_auc val_metric=0.7844
Step 1700 | loss 0.1027 | val_acc=0.9716 val_roc_auc=0.7843 val_loss=0.1213 val_metric_name=roc_auc val_metric=0.7843
Step 1750 | loss 0.1017 | val_acc=0.9716 val_roc_auc=0.7836 val_loss=0.1218 val_metric_name=roc_auc val_metric=0.7836
Step 1800 | loss 0.1006 | val_acc=0.9717 val_roc_auc=0.7835 val_loss=0.1212 val_metric_name=roc_auc val_metric=0.7835
Step 1850 | loss 0.0991 | val_acc=0.9717 val_roc_auc=0.7832 val_loss=0.1218 val_metric_name=roc_auc val_metric=0.7832
Step 1900 | loss 0.1002 | val_acc=0.9715 val_roc_auc=0.7832 val_loss=0.1214 val_metric_name=roc_auc val_metric=0.7832
Early stopping at step 1930

--- Final (best ckpt @ step 1630) ---
  train_acc=0.9735 train_roc_auc=0.8602 train_loss=0.1026 train_metric_name=roc_auc train_metric=0.8602
  val_acc=0.9717 val_roc_auc=0.7845 val_loss=0.1213 val_metric_name=roc_auc val_metric=0.7845
  test_acc=0.9712 test_roc_auc=0.7672 test_loss=0.1248 test_metric_name=roc_auc test_metric=0.7672
  test_roc_auc=0.7672

============================================================
Training questions TAG 3L h=384 lr=3e-05 split=6
============================================================
Training for 5000 steps
Step    1 | loss 0.6439 | val_acc=0.9702 val_roc_auc=0.6169 val_loss=0.2822 val_metric_name=roc_auc val_metric=0.6169
Step   50 | loss 0.1287 | val_acc=0.9702 val_roc_auc=0.6818 val_loss=0.1365 val_metric_name=roc_auc val_metric=0.6818
Step  100 | loss 0.1239 | val_acc=0.9702 val_roc_auc=0.7134 val_loss=0.1311 val_metric_name=roc_auc val_metric=0.7134
Step  150 | loss 0.1197 | val_acc=0.9712 val_roc_auc=0.7394 val_loss=0.1282 val_metric_name=roc_auc val_metric=0.7394
Step  200 | loss 0.1166 | val_acc=0.9713 val_roc_auc=0.7591 val_loss=0.1254 val_metric_name=roc_auc val_metric=0.7591
Step  250 | loss 0.1136 | val_acc=0.9710 val_roc_auc=0.7692 val_loss=0.1236 val_metric_name=roc_auc val_metric=0.7692
Step  300 | loss 0.1109 | val_acc=0.9710 val_roc_auc=0.7738 val_loss=0.1219 val_metric_name=roc_auc val_metric=0.7738
Step  350 | loss 0.1091 | val_acc=0.9711 val_roc_auc=0.7777 val_loss=0.1220 val_metric_name=roc_auc val_metric=0.7777
Step  400 | loss 0.1061 | val_acc=0.9714 val_roc_auc=0.7804 val_loss=0.1210 val_metric_name=roc_auc val_metric=0.7804
Step  450 | loss 0.1042 | val_acc=0.9715 val_roc_auc=0.7815 val_loss=0.1211 val_metric_name=roc_auc val_metric=0.7815
Step  500 | loss 0.1035 | val_acc=0.9708 val_roc_auc=0.7822 val_loss=0.1212 val_metric_name=roc_auc val_metric=0.7822
Step  550 | loss 0.1009 | val_acc=0.9706 val_roc_auc=0.7814 val_loss=0.1216 val_metric_name=roc_auc val_metric=0.7814
Step  600 | loss 0.0974 | val_acc=0.9706 val_roc_auc=0.7815 val_loss=0.1232 val_metric_name=roc_auc val_metric=0.7815
Step  650 | loss 0.0954 | val_acc=0.9693 val_roc_auc=0.7810 val_loss=0.1246 val_metric_name=roc_auc val_metric=0.7810
Step  700 | loss 0.0927 | val_acc=0.9696 val_roc_auc=0.7787 val_loss=0.1271 val_metric_name=roc_auc val_metric=0.7787
Step  750 | loss 0.0891 | val_acc=0.9670 val_roc_auc=0.7766 val_loss=0.1306 val_metric_name=roc_auc val_metric=0.7766
Step  800 | loss 0.0888 | val_acc=0.9645 val_roc_auc=0.7767 val_loss=0.1367 val_metric_name=roc_auc val_metric=0.7767
Early stopping at step 825

--- Final (best ckpt @ step 520) ---
  train_acc=0.9742 train_roc_auc=0.8647 train_loss=0.0989 train_metric_name=roc_auc train_metric=0.8647
  val_acc=0.9706 val_roc_auc=0.7827 val_loss=0.1210 val_metric_name=roc_auc val_metric=0.7827
  test_acc=0.9704 test_roc_auc=0.7637 test_loss=0.1263 test_metric_name=roc_auc test_metric=0.7637
  test_roc_auc=0.7637

============================================================
Training questions TAG 3L h=384 lr=6e-05 split=6
============================================================
Training for 5000 steps
Step    1 | loss 0.6439 | val_acc=0.9702 val_roc_auc=0.5920 val_loss=0.1648 val_metric_name=roc_auc val_metric=0.5920
Step   50 | loss 0.1263 | val_acc=0.9702 val_roc_auc=0.6934 val_loss=0.1288 val_metric_name=roc_auc val_metric=0.6934
Step  100 | loss 0.1202 | val_acc=0.9713 val_roc_auc=0.7374 val_loss=0.1261 val_metric_name=roc_auc val_metric=0.7374
Step  150 | loss 0.1142 | val_acc=0.9710 val_roc_auc=0.7649 val_loss=0.1231 val_metric_name=roc_auc val_metric=0.7649
Step  200 | loss 0.1101 | val_acc=0.9709 val_roc_auc=0.7740 val_loss=0.1209 val_metric_name=roc_auc val_metric=0.7740
Step  250 | loss 0.1067 | val_acc=0.9715 val_roc_auc=0.7795 val_loss=0.1206 val_metric_name=roc_auc val_metric=0.7795
Step  300 | loss 0.1024 | val_acc=0.9709 val_roc_auc=0.7823 val_loss=0.1202 val_metric_name=roc_auc val_metric=0.7823
Step  350 | loss 0.1005 | val_acc=0.9711 val_roc_auc=0.7820 val_loss=0.1213 val_metric_name=roc_auc val_metric=0.7820
Step  400 | loss 0.0961 | val_acc=0.9679 val_roc_auc=0.7804 val_loss=0.1258 val_metric_name=roc_auc val_metric=0.7804
Step  450 | loss 0.0935 | val_acc=0.9693 val_roc_auc=0.7752 val_loss=0.1269 val_metric_name=roc_auc val_metric=0.7752
Step  500 | loss 0.0900 | val_acc=0.9682 val_roc_auc=0.7722 val_loss=0.1315 val_metric_name=roc_auc val_metric=0.7722
Step  550 | loss 0.0857 | val_acc=0.9625 val_roc_auc=0.7684 val_loss=0.1433 val_metric_name=roc_auc val_metric=0.7684
Step  600 | loss 0.0777 | val_acc=0.9606 val_roc_auc=0.7664 val_loss=0.1511 val_metric_name=roc_auc val_metric=0.7664
Early stopping at step 638

--- Final (best ckpt @ step 300) ---
  train_acc=0.9736 train_roc_auc=0.8539 train_loss=0.1017 train_metric_name=roc_auc train_metric=0.8539
  val_acc=0.9709 val_roc_auc=0.7823 val_loss=0.1202 val_metric_name=roc_auc val_metric=0.7823
  test_acc=0.9708 test_roc_auc=0.7623 test_loss=0.1253 test_metric_name=roc_auc test_metric=0.7623
  test_roc_auc=0.7623

============================================================
Training questions TAG 3L h=384 lr=0.0001 split=6
============================================================
Training for 5000 steps
Step    1 | loss 0.6439 | val_acc=0.9702 val_roc_auc=0.5600 val_loss=0.1328 val_metric_name=roc_auc val_metric=0.5600
Step   50 | loss 0.1236 | val_acc=0.9702 val_roc_auc=0.7023 val_loss=0.1277 val_metric_name=roc_auc val_metric=0.7023
Step  100 | loss 0.1168 | val_acc=0.9710 val_roc_auc=0.7542 val_loss=0.1232 val_metric_name=roc_auc val_metric=0.7542
Step  150 | loss 0.1103 | val_acc=0.9713 val_roc_auc=0.7713 val_loss=0.1208 val_metric_name=roc_auc val_metric=0.7713
Step  200 | loss 0.1056 | val_acc=0.9714 val_roc_auc=0.7794 val_loss=0.1192 val_metric_name=roc_auc val_metric=0.7794
Step  250 | loss 0.1013 | val_acc=0.9715 val_roc_auc=0.7814 val_loss=0.1219 val_metric_name=roc_auc val_metric=0.7814
Step  300 | loss 0.0983 | val_acc=0.9711 val_roc_auc=0.7776 val_loss=0.1217 val_metric_name=roc_auc val_metric=0.7776
Step  350 | loss 0.0922 | val_acc=0.9693 val_roc_auc=0.7732 val_loss=0.1278 val_metric_name=roc_auc val_metric=0.7732
Step  400 | loss 0.0848 | val_acc=0.9647 val_roc_auc=0.7652 val_loss=0.1400 val_metric_name=roc_auc val_metric=0.7652
Step  450 | loss 0.0815 | val_acc=0.9684 val_roc_auc=0.7601 val_loss=0.1415 val_metric_name=roc_auc val_metric=0.7601
Step  500 | loss 0.0687 | val_acc=0.9651 val_roc_auc=0.7505 val_loss=0.1562 val_metric_name=roc_auc val_metric=0.7505
Step  550 | loss 0.0606 | val_acc=0.9600 val_roc_auc=0.7379 val_loss=0.1766 val_metric_name=roc_auc val_metric=0.7379
Early stopping at step 553

--- Final (best ckpt @ step 240) ---
  train_acc=0.9740 train_roc_auc=0.8564 train_loss=0.1014 train_metric_name=roc_auc train_metric=0.8564
  val_acc=0.9713 val_roc_auc=0.7819 val_loss=0.1204 val_metric_name=roc_auc val_metric=0.7819
  test_acc=0.9712 test_roc_auc=0.7631 test_loss=0.1250 test_metric_name=roc_auc test_metric=0.7631
  test_roc_auc=0.7631

============================================================
Training questions TAG 3L h=384 lr=1e-05 split=6
============================================================
Training for 5000 steps
Step    1 | loss 0.6439 | val_acc=0.9670 val_roc_auc=0.6114 val_loss=0.4650 val_metric_name=roc_auc val_metric=0.6114
Step   50 | loss 0.1341 | val_acc=0.9702 val_roc_auc=0.6462 val_loss=0.1561 val_metric_name=roc_auc val_metric=0.6462
Step  100 | loss 0.1305 | val_acc=0.9702 val_roc_auc=0.6891 val_loss=0.1408 val_metric_name=roc_auc val_metric=0.6891
Step  150 | loss 0.1273 | val_acc=0.9702 val_roc_auc=0.7020 val_loss=0.1383 val_metric_name=roc_auc val_metric=0.7020
Step  200 | loss 0.1247 | val_acc=0.9702 val_roc_auc=0.7126 val_loss=0.1362 val_metric_name=roc_auc val_metric=0.7126
Step  250 | loss 0.1232 | val_acc=0.9702 val_roc_auc=0.7222 val_loss=0.1346 val_metric_name=roc_auc val_metric=0.7222
Step  300 | loss 0.1219 | val_acc=0.9707 val_roc_auc=0.7312 val_loss=0.1331 val_metric_name=roc_auc val_metric=0.7312
Step  350 | loss 0.1203 | val_acc=0.9711 val_roc_auc=0.7400 val_loss=0.1315 val_metric_name=roc_auc val_metric=0.7400
Step  400 | loss 0.1182 | val_acc=0.9715 val_roc_auc=0.7481 val_loss=0.1301 val_metric_name=roc_auc val_metric=0.7481
Step  450 | loss 0.1170 | val_acc=0.9713 val_roc_auc=0.7552 val_loss=0.1289 val_metric_name=roc_auc val_metric=0.7552
Step  500 | loss 0.1164 | val_acc=0.9711 val_roc_auc=0.7610 val_loss=0.1275 val_metric_name=roc_auc val_metric=0.7610
Step  550 | loss 0.1147 | val_acc=0.9711 val_roc_auc=0.7655 val_loss=0.1266 val_metric_name=roc_auc val_metric=0.7655
Step  600 | loss 0.1142 | val_acc=0.9710 val_roc_auc=0.7689 val_loss=0.1257 val_metric_name=roc_auc val_metric=0.7689
Step  650 | loss 0.1131 | val_acc=0.9711 val_roc_auc=0.7711 val_loss=0.1252 val_metric_name=roc_auc val_metric=0.7711
Step  700 | loss 0.1110 | val_acc=0.9711 val_roc_auc=0.7735 val_loss=0.1245 val_metric_name=roc_auc val_metric=0.7735
Step  750 | loss 0.1104 | val_acc=0.9709 val_roc_auc=0.7752 val_loss=0.1241 val_metric_name=roc_auc val_metric=0.7752
Step  800 | loss 0.1105 | val_acc=0.9711 val_roc_auc=0.7769 val_loss=0.1236 val_metric_name=roc_auc val_metric=0.7769
Step  850 | loss 0.1087 | val_acc=0.9711 val_roc_auc=0.7784 val_loss=0.1228 val_metric_name=roc_auc val_metric=0.7784
Step  900 | loss 0.1090 | val_acc=0.9713 val_roc_auc=0.7793 val_loss=0.1225 val_metric_name=roc_auc val_metric=0.7793
Step  950 | loss 0.1060 | val_acc=0.9715 val_roc_auc=0.7803 val_loss=0.1220 val_metric_name=roc_auc val_metric=0.7803
Step 1000 | loss 0.1068 | val_acc=0.9715 val_roc_auc=0.7811 val_loss=0.1217 val_metric_name=roc_auc val_metric=0.7811
Step 1050 | loss 0.1052 | val_acc=0.9715 val_roc_auc=0.7816 val_loss=0.1215 val_metric_name=roc_auc val_metric=0.7816
Step 1100 | loss 0.1048 | val_acc=0.9713 val_roc_auc=0.7821 val_loss=0.1219 val_metric_name=roc_auc val_metric=0.7821
Step 1150 | loss 0.1036 | val_acc=0.9707 val_roc_auc=0.7825 val_loss=0.1216 val_metric_name=roc_auc val_metric=0.7825
Step 1200 | loss 0.1026 | val_acc=0.9706 val_roc_auc=0.7825 val_loss=0.1211 val_metric_name=roc_auc val_metric=0.7825
Step 1250 | loss 0.1031 | val_acc=0.9707 val_roc_auc=0.7826 val_loss=0.1216 val_metric_name=roc_auc val_metric=0.7826
Step 1300 | loss 0.1009 | val_acc=0.9708 val_roc_auc=0.7828 val_loss=0.1217 val_metric_name=roc_auc val_metric=0.7828
Step 1350 | loss 0.1000 | val_acc=0.9706 val_roc_auc=0.7825 val_loss=0.1218 val_metric_name=roc_auc val_metric=0.7825
Step 1400 | loss 0.0996 | val_acc=0.9704 val_roc_auc=0.7816 val_loss=0.1229 val_metric_name=roc_auc val_metric=0.7816
Step 1450 | loss 0.0995 | val_acc=0.9706 val_roc_auc=0.7816 val_loss=0.1235 val_metric_name=roc_auc val_metric=0.7816
Step 1500 | loss 0.0966 | val_acc=0.9693 val_roc_auc=0.7817 val_loss=0.1252 val_metric_name=roc_auc val_metric=0.7817
Step 1550 | loss 0.0958 | val_acc=0.9700 val_roc_auc=0.7807 val_loss=0.1252 val_metric_name=roc_auc val_metric=0.7807
Early stopping at step 1592

--- Final (best ckpt @ step 1290) ---
  train_acc=0.9742 train_roc_auc=0.8683 train_loss=0.0987 train_metric_name=roc_auc train_metric=0.8683
  val_acc=0.9707 val_roc_auc=0.7828 val_loss=0.1217 val_metric_name=roc_auc val_metric=0.7828
  test_acc=0.9710 test_roc_auc=0.7651 test_loss=0.1268 test_metric_name=roc_auc test_metric=0.7651
  test_roc_auc=0.7651

============================================================
Training questions TAG 3L h=512 lr=3e-05 split=6
============================================================
Training for 5000 steps
Step    1 | loss 0.5582 | val_acc=0.9702 val_roc_auc=0.4155 val_loss=0.1695 val_metric_name=roc_auc val_metric=0.4155
Step   50 | loss 0.1271 | val_acc=0.9702 val_roc_auc=0.6953 val_loss=0.1321 val_metric_name=roc_auc val_metric=0.6953
Step  100 | loss 0.1217 | val_acc=0.9712 val_roc_auc=0.7307 val_loss=0.1293 val_metric_name=roc_auc val_metric=0.7307
Step  150 | loss 0.1177 | val_acc=0.9713 val_roc_auc=0.7591 val_loss=0.1261 val_metric_name=roc_auc val_metric=0.7591
Step  200 | loss 0.1142 | val_acc=0.9707 val_roc_auc=0.7755 val_loss=0.1242 val_metric_name=roc_auc val_metric=0.7755
Step  250 | loss 0.1109 | val_acc=0.9710 val_roc_auc=0.7795 val_loss=0.1231 val_metric_name=roc_auc val_metric=0.7795
Step  300 | loss 0.1069 | val_acc=0.9712 val_roc_auc=0.7830 val_loss=0.1212 val_metric_name=roc_auc val_metric=0.7830
Step  350 | loss 0.1050 | val_acc=0.9715 val_roc_auc=0.7843 val_loss=0.1214 val_metric_name=roc_auc val_metric=0.7843
Step  400 | loss 0.1020 | val_acc=0.9711 val_roc_auc=0.7832 val_loss=0.1220 val_metric_name=roc_auc val_metric=0.7832
Step  450 | loss 0.0986 | val_acc=0.9708 val_roc_auc=0.7803 val_loss=0.1245 val_metric_name=roc_auc val_metric=0.7803
Step  500 | loss 0.0979 | val_acc=0.9704 val_roc_auc=0.7788 val_loss=0.1230 val_metric_name=roc_auc val_metric=0.7788
Step  550 | loss 0.0942 | val_acc=0.9706 val_roc_auc=0.7757 val_loss=0.1240 val_metric_name=roc_auc val_metric=0.7757
Step  600 | loss 0.0898 | val_acc=0.9709 val_roc_auc=0.7719 val_loss=0.1285 val_metric_name=roc_auc val_metric=0.7719
Step  650 | loss 0.0880 | val_acc=0.9693 val_roc_auc=0.7683 val_loss=0.1316 val_metric_name=roc_auc val_metric=0.7683
Early stopping at step 650

--- Final (best ckpt @ step 350) ---
  train_acc=0.9729 train_roc_auc=0.8513 train_loss=0.1056 train_metric_name=roc_auc train_metric=0.8513
  val_acc=0.9715 val_roc_auc=0.7843 val_loss=0.1214 val_metric_name=roc_auc val_metric=0.7843
  test_acc=0.9717 test_roc_auc=0.7614 test_loss=0.1261 test_metric_name=roc_auc test_metric=0.7614
  test_roc_auc=0.7614

============================================================
Training questions TAG 3L h=512 lr=6e-05 split=6
============================================================
Training for 5000 steps
Step    1 | loss 0.5582 | val_acc=0.9702 val_roc_auc=0.4527 val_loss=0.1367 val_metric_name=roc_auc val_metric=0.4527
Step   50 | loss 0.1245 | val_acc=0.9711 val_roc_auc=0.7032 val_loss=0.1301 val_metric_name=roc_auc val_metric=0.7032
Step  100 | loss 0.1188 | val_acc=0.9712 val_roc_auc=0.7514 val_loss=0.1247 val_metric_name=roc_auc val_metric=0.7514
Step  150 | loss 0.1124 | val_acc=0.9710 val_roc_auc=0.7743 val_loss=0.1219 val_metric_name=roc_auc val_metric=0.7743
Step  200 | loss 0.1080 | val_acc=0.9713 val_roc_auc=0.7802 val_loss=0.1205 val_metric_name=roc_auc val_metric=0.7802
Step  250 | loss 0.1042 | val_acc=0.9713 val_roc_auc=0.7827 val_loss=0.1233 val_metric_name=roc_auc val_metric=0.7827
Step  300 | loss 0.1008 | val_acc=0.9705 val_roc_auc=0.7806 val_loss=0.1206 val_metric_name=roc_auc val_metric=0.7806
Step  350 | loss 0.0970 | val_acc=0.9706 val_roc_auc=0.7779 val_loss=0.1229 val_metric_name=roc_auc val_metric=0.7779
Step  400 | loss 0.0941 | val_acc=0.9699 val_roc_auc=0.7720 val_loss=0.1252 val_metric_name=roc_auc val_metric=0.7720
Step  450 | loss 0.0879 | val_acc=0.9717 val_roc_auc=0.7640 val_loss=0.1374 val_metric_name=roc_auc val_metric=0.7640
Step  500 | loss 0.0826 | val_acc=0.9686 val_roc_auc=0.7595 val_loss=0.1378 val_metric_name=roc_auc val_metric=0.7595
Step  550 | loss 0.0731 | val_acc=0.9661 val_roc_auc=0.7510 val_loss=0.1496 val_metric_name=roc_auc val_metric=0.7510
Early stopping at step 554

--- Final (best ckpt @ step 240) ---
  train_acc=0.9730 train_roc_auc=0.8470 train_loss=0.1054 train_metric_name=roc_auc train_metric=0.8470
  val_acc=0.9715 val_roc_auc=0.7829 val_loss=0.1206 val_metric_name=roc_auc val_metric=0.7829
  test_acc=0.9715 test_roc_auc=0.7597 test_loss=0.1249 test_metric_name=roc_auc test_metric=0.7597
  test_roc_auc=0.7597

============================================================
Training questions TAG 3L h=512 lr=0.0001 split=6
============================================================
Training for 5000 steps
Step    1 | loss 0.5582 | val_acc=0.9702 val_roc_auc=0.4930 val_loss=0.1554 val_metric_name=roc_auc val_metric=0.4930
Step   50 | loss 0.1236 | val_acc=0.9711 val_roc_auc=0.7103 val_loss=0.1291 val_metric_name=roc_auc val_metric=0.7103
Step  100 | loss 0.1164 | val_acc=0.9711 val_roc_auc=0.7641 val_loss=0.1215 val_metric_name=roc_auc val_metric=0.7641
Step  150 | loss 0.1091 | val_acc=0.9711 val_roc_auc=0.7758 val_loss=0.1191 val_metric_name=roc_auc val_metric=0.7758
Step  200 | loss 0.1045 | val_acc=0.9710 val_roc_auc=0.7814 val_loss=0.1175 val_metric_name=roc_auc val_metric=0.7814
Step  250 | loss 0.1012 | val_acc=0.9711 val_roc_auc=0.7788 val_loss=0.1221 val_metric_name=roc_auc val_metric=0.7788
Step  300 | loss 0.1004 | val_acc=0.9718 val_roc_auc=0.7718 val_loss=0.1237 val_metric_name=roc_auc val_metric=0.7718
Step  350 | loss 0.0916 | val_acc=0.9706 val_roc_auc=0.7676 val_loss=0.1279 val_metric_name=roc_auc val_metric=0.7676
Step  400 | loss 0.0854 | val_acc=0.9707 val_roc_auc=0.7571 val_loss=0.1354 val_metric_name=roc_auc val_metric=0.7571
Step  450 | loss 0.0749 | val_acc=0.9688 val_roc_auc=0.7471 val_loss=0.1472 val_metric_name=roc_auc val_metric=0.7471
Step  500 | loss 0.0664 | val_acc=0.9702 val_roc_auc=0.7379 val_loss=0.1546 val_metric_name=roc_auc val_metric=0.7379
Early stopping at step 500

--- Final (best ckpt @ step 200) ---
  train_acc=0.9729 train_roc_auc=0.8430 train_loss=0.1028 train_metric_name=roc_auc train_metric=0.8430
  val_acc=0.9710 val_roc_auc=0.7814 val_loss=0.1175 val_metric_name=roc_auc val_metric=0.7814
  test_acc=0.9712 test_roc_auc=0.7570 test_loss=0.1216 test_metric_name=roc_auc test_metric=0.7570
  test_roc_auc=0.7570

============================================================
Training questions TAG 3L h=512 lr=1e-05 split=6
============================================================
Training for 5000 steps
Step    1 | loss 0.5582 | val_acc=0.9701 val_roc_auc=0.3913 val_loss=0.3029 val_metric_name=roc_auc val_metric=0.3913
Step   50 | loss 0.1327 | val_acc=0.9702 val_roc_auc=0.6826 val_loss=0.1438 val_metric_name=roc_auc val_metric=0.6826
Step  100 | loss 0.1271 | val_acc=0.9702 val_roc_auc=0.6997 val_loss=0.1383 val_metric_name=roc_auc val_metric=0.6997
Step  150 | loss 0.1238 | val_acc=0.9708 val_roc_auc=0.7163 val_loss=0.1362 val_metric_name=roc_auc val_metric=0.7163
Step  200 | loss 0.1224 | val_acc=0.9713 val_roc_auc=0.7319 val_loss=0.1342 val_metric_name=roc_auc val_metric=0.7319
Step  250 | loss 0.1209 | val_acc=0.9712 val_roc_auc=0.7450 val_loss=0.1324 val_metric_name=roc_auc val_metric=0.7450
Step  300 | loss 0.1182 | val_acc=0.9714 val_roc_auc=0.7573 val_loss=0.1309 val_metric_name=roc_auc val_metric=0.7573
Step  350 | loss 0.1168 | val_acc=0.9712 val_roc_auc=0.7673 val_loss=0.1291 val_metric_name=roc_auc val_metric=0.7673
Step  400 | loss 0.1150 | val_acc=0.9713 val_roc_auc=0.7740 val_loss=0.1287 val_metric_name=roc_auc val_metric=0.7740
Step  450 | loss 0.1128 | val_acc=0.9711 val_roc_auc=0.7779 val_loss=0.1276 val_metric_name=roc_auc val_metric=0.7779
Step  500 | loss 0.1124 | val_acc=0.9711 val_roc_auc=0.7802 val_loss=0.1258 val_metric_name=roc_auc val_metric=0.7802
Step  550 | loss 0.1105 | val_acc=0.9711 val_roc_auc=0.7817 val_loss=0.1255 val_metric_name=roc_auc val_metric=0.7817
Step  600 | loss 0.1085 | val_acc=0.9712 val_roc_auc=0.7831 val_loss=0.1244 val_metric_name=roc_auc val_metric=0.7831
Step  650 | loss 0.1080 | val_acc=0.9712 val_roc_auc=0.7839 val_loss=0.1246 val_metric_name=roc_auc val_metric=0.7839
Step  700 | loss 0.1064 | val_acc=0.9714 val_roc_auc=0.7843 val_loss=0.1234 val_metric_name=roc_auc val_metric=0.7843
Step  750 | loss 0.1043 | val_acc=0.9715 val_roc_auc=0.7844 val_loss=0.1233 val_metric_name=roc_auc val_metric=0.7844
Step  800 | loss 0.1039 | val_acc=0.9715 val_roc_auc=0.7843 val_loss=0.1221 val_metric_name=roc_auc val_metric=0.7843
Step  850 | loss 0.1049 | val_acc=0.9714 val_roc_auc=0.7840 val_loss=0.1239 val_metric_name=roc_auc val_metric=0.7840
Step  900 | loss 0.1022 | val_acc=0.9710 val_roc_auc=0.7833 val_loss=0.1238 val_metric_name=roc_auc val_metric=0.7833
Step  950 | loss 0.1013 | val_acc=0.9711 val_roc_auc=0.7821 val_loss=0.1231 val_metric_name=roc_auc val_metric=0.7821
Step 1000 | loss 0.0995 | val_acc=0.9710 val_roc_auc=0.7815 val_loss=0.1239 val_metric_name=roc_auc val_metric=0.7815
Step 1050 | loss 0.0975 | val_acc=0.9708 val_roc_auc=0.7806 val_loss=0.1237 val_metric_name=roc_auc val_metric=0.7806
Early stopping at step 1090

--- Final (best ckpt @ step 790) ---
  train_acc=0.9730 train_roc_auc=0.8558 train_loss=0.1054 train_metric_name=roc_auc train_metric=0.8558
  val_acc=0.9715 val_roc_auc=0.7845 val_loss=0.1226 val_metric_name=roc_auc val_metric=0.7845
  test_acc=0.9716 test_roc_auc=0.7611 test_loss=0.1275 test_metric_name=roc_auc test_metric=0.7611
  test_roc_auc=0.7611
  >> num_layers=3 hidden_dim=256 lr=3e-05 best_step=610 val_roc_auc=0.7824 test_roc_auc=0.7664
     val_acc=0.9715 val_loss=0.1202 val_metric=0.7824 val_metric_name=roc_auc val_roc_auc=0.7824
     test_acc=0.9715 test_loss=0.1235 test_metric=0.7664 test_metric_name=roc_auc test_roc_auc=0.7664
  >> num_layers=3 hidden_dim=256 lr=6e-05 best_step=350 val_roc_auc=0.7824 test_roc_auc=0.7655
     val_acc=0.9715 val_loss=0.1189 val_metric=0.7824 val_metric_name=roc_auc val_roc_auc=0.7824
     test_acc=0.9716 test_loss=0.1223 test_metric=0.7655 test_metric_name=roc_auc test_roc_auc=0.7655
  >> num_layers=3 hidden_dim=256 lr=0.0001 best_step=260 val_roc_auc=0.7825 test_roc_auc=0.7657
     val_acc=0.9711 val_loss=0.1183 val_metric=0.7825 val_metric_name=roc_auc val_roc_auc=0.7825
     test_acc=0.9715 test_loss=0.1216 test_metric=0.7657 test_metric_name=roc_auc test_roc_auc=0.7657
  >> num_layers=3 hidden_dim=256 lr=1e-05 best_step=1630 val_roc_auc=0.7845 test_roc_auc=0.7672
     val_acc=0.9717 val_loss=0.1213 val_metric=0.7845 val_metric_name=roc_auc val_roc_auc=0.7845
     test_acc=0.9712 test_loss=0.1248 test_metric=0.7672 test_metric_name=roc_auc test_roc_auc=0.7672
  >> num_layers=3 hidden_dim=384 lr=3e-05 best_step=520 val_roc_auc=0.7827 test_roc_auc=0.7637
     val_acc=0.9706 val_loss=0.1210 val_metric=0.7827 val_metric_name=roc_auc val_roc_auc=0.7827
     test_acc=0.9704 test_loss=0.1263 test_metric=0.7637 test_metric_name=roc_auc test_roc_auc=0.7637
  >> num_layers=3 hidden_dim=384 lr=6e-05 best_step=300 val_roc_auc=0.7823 test_roc_auc=0.7623
     val_acc=0.9709 val_loss=0.1202 val_metric=0.7823 val_metric_name=roc_auc val_roc_auc=0.7823
     test_acc=0.9708 test_loss=0.1253 test_metric=0.7623 test_metric_name=roc_auc test_roc_auc=0.7623
  >> num_layers=3 hidden_dim=384 lr=0.0001 best_step=240 val_roc_auc=0.7819 test_roc_auc=0.7631
     val_acc=0.9713 val_loss=0.1204 val_metric=0.7819 val_metric_name=roc_auc val_roc_auc=0.7819
     test_acc=0.9712 test_loss=0.1250 test_metric=0.7631 test_metric_name=roc_auc test_roc_auc=0.7631
  >> num_layers=3 hidden_dim=384 lr=1e-05 best_step=1290 val_roc_auc=0.7828 test_roc_auc=0.7651
     val_acc=0.9707 val_loss=0.1217 val_metric=0.7828 val_metric_name=roc_auc val_roc_auc=0.7828
     test_acc=0.9710 test_loss=0.1268 test_metric=0.7651 test_metric_name=roc_auc test_roc_auc=0.7651
  >> num_layers=3 hidden_dim=512 lr=3e-05 best_step=350 val_roc_auc=0.7843 test_roc_auc=0.7614
     val_acc=0.9715 val_loss=0.1214 val_metric=0.7843 val_metric_name=roc_auc val_roc_auc=0.7843
     test_acc=0.9717 test_loss=0.1261 test_metric=0.7614 test_metric_name=roc_auc test_roc_auc=0.7614
  >> num_layers=3 hidden_dim=512 lr=6e-05 best_step=240 val_roc_auc=0.7829 test_roc_auc=0.7597
     val_acc=0.9715 val_loss=0.1206 val_metric=0.7829 val_metric_name=roc_auc val_roc_auc=0.7829
     test_acc=0.9715 test_loss=0.1249 test_metric=0.7597 test_metric_name=roc_auc test_roc_auc=0.7597
  >> num_layers=3 hidden_dim=512 lr=0.0001 best_step=200 val_roc_auc=0.7814 test_roc_auc=0.7570
     val_acc=0.9710 val_loss=0.1175 val_metric=0.7814 val_metric_name=roc_auc val_roc_auc=0.7814
     test_acc=0.9712 test_loss=0.1216 test_metric=0.7570 test_metric_name=roc_auc test_roc_auc=0.7570
  >> num_layers=3 hidden_dim=512 lr=1e-05 best_step=790 val_roc_auc=0.7845 test_roc_auc=0.7611
     val_acc=0.9715 val_loss=0.1226 val_metric=0.7845 val_metric_name=roc_auc val_roc_auc=0.7845
     test_acc=0.9716 test_loss=0.1275 test_metric=0.7611 test_metric_name=roc_auc test_roc_auc=0.7611
  >> selected best (by val): num_layers=3 hidden_dim=256 lr=1e-05 val_roc_auc=0.7845 test_roc_auc=0.7672
     val_acc=0.9717 val_loss=0.1213 val_metric=0.7845 val_metric_name=roc_auc val_roc_auc=0.7845
     test_acc=0.9712 test_loss=0.1248 test_metric=0.7672 test_metric_name=roc_auc test_roc_auc=0.7672

Done. Results saved to /home/avshmelev/diploma_yandex_graphs/results_grid/questions/base.csv, checkpoints in /home/avshmelev/diploma_yandex_graphs/all_checkpoints/questions/base/
Skipping: "Done." found in /home/avshmelev/diploma_yandex_graphs/results_grid/questions/logs_base/TAG_3L_split6.log
Skipping: "Done." found in /home/avshmelev/diploma_yandex_graphs/results_grid/questions/logs_base/TAG_3L_split6.log
Skipping: "Done." found in /home/avshmelev/diploma_yandex_graphs/results_grid/questions/logs_base/TAG_3L_split6.log
Skipping: "Done." found in /home/avshmelev/diploma_yandex_graphs/results_grid/questions/logs_base/TAG_3L_split6.log
