Loading data...

============================================================
Training amazon-ratings GAT-sep 2L split=8
============================================================
Step    1 | loss 1.6140 | val_acc 0.3653
Step   50 | loss 1.3968 | val_acc 0.3980
Step  100 | loss 1.3417 | val_acc 0.4156
Step  150 | loss 1.2966 | val_acc 0.4230
Step  200 | loss 1.2376 | val_acc 0.4348
Step  250 | loss 1.1831 | val_acc 0.4483
Step  300 | loss 1.1057 | val_acc 0.4653
Step  350 | loss 1.0400 | val_acc 0.4810
Step  400 | loss 0.9544 | val_acc 0.4939
Step  450 | loss 0.8738 | val_acc 0.5048
Step  500 | loss 0.7882 | val_acc 0.5109
Step  550 | loss 0.7155 | val_acc 0.5179
Step  600 | loss 0.6457 | val_acc 0.5208
Step  650 | loss 0.5670 | val_acc 0.5216
Step  700 | loss 0.5107 | val_acc 0.5278
Step  750 | loss 0.4573 | val_acc 0.5292
Step  800 | loss 0.3975 | val_acc 0.5298
Step  850 | loss 0.3526 | val_acc 0.5358
Step  900 | loss 0.3186 | val_acc 0.5375
Step  950 | loss 0.2801 | val_acc 0.5399
Step 1000 | loss 0.2476 | val_acc 0.5378

--- Final (best ckpt @ step 969) ---
  train_acc=0.9893  val_acc=0.5414
  test_acc=0.5347  test_loss=2.4358
  test_f1m=0.4815  test_f1w=0.5295
  >> best_step=969  val_acc=0.5414  test_acc=0.5347

Done. Results saved to /home/avshmelev/diploma_yandex_graphs/results/amazon_ratings/base.csv, checkpoints in /home/avshmelev/diploma_yandex_graphs/all_checkpoints/amazon_ratings/base/
