Loading data...

============================================================
Training amazon-ratings GAT-sep 1L split=3
============================================================
Step    1 | loss 1.8570 | val_acc 0.2527
Step   50 | loss 1.4136 | val_acc 0.3817
Step  100 | loss 1.3840 | val_acc 0.4026
Step  150 | loss 1.3534 | val_acc 0.4065
Step  200 | loss 1.3274 | val_acc 0.4161
Step  250 | loss 1.2916 | val_acc 0.4202
Step  300 | loss 1.2529 | val_acc 0.4282
Step  350 | loss 1.2109 | val_acc 0.4349
Step  400 | loss 1.1518 | val_acc 0.4446
Step  450 | loss 1.0874 | val_acc 0.4527
Step  500 | loss 1.0015 | val_acc 0.4669
Step  550 | loss 0.9010 | val_acc 0.4798
Step  600 | loss 0.8019 | val_acc 0.4914
Step  650 | loss 0.6995 | val_acc 0.5017
Step  700 | loss 0.6090 | val_acc 0.5125
Step  750 | loss 0.5209 | val_acc 0.5158
Step  800 | loss 0.4513 | val_acc 0.5187
Step  850 | loss 0.3776 | val_acc 0.5243
Step  900 | loss 0.3310 | val_acc 0.5269
Step  950 | loss 0.2830 | val_acc 0.5313
Step 1000 | loss 0.2455 | val_acc 0.5295

--- Final (best ckpt @ step 949) ---
  train_acc=0.9861  val_acc=0.5313
  test_acc=0.5264  test_loss=2.2013
  test_f1m=0.4587  test_f1w=0.5171
  >> best_step=949  val_acc=0.5313  test_acc=0.5264

Done. Results saved to /home/avshmelev/diploma_yandex_graphs/results/amazon_ratings/base.csv, checkpoints in /home/avshmelev/diploma_yandex_graphs/all_checkpoints/amazon_ratings/base/
