Loading data...

============================================================
Training amazon-ratings GCN 1L split=9
============================================================
Step    1 | loss 1.5333 | val_acc 0.3598
Step   50 | loss 1.4014 | val_acc 0.3885
Step  100 | loss 1.3565 | val_acc 0.3946
Step  150 | loss 1.3315 | val_acc 0.4060
Step  200 | loss 1.3030 | val_acc 0.4121
Step  250 | loss 1.2869 | val_acc 0.4160
Step  300 | loss 1.2680 | val_acc 0.4207
Step  350 | loss 1.2494 | val_acc 0.4250
Step  400 | loss 1.2248 | val_acc 0.4297
Step  450 | loss 1.1996 | val_acc 0.4331
Step  500 | loss 1.1714 | val_acc 0.4392
Step  550 | loss 1.1426 | val_acc 0.4416
Step  600 | loss 1.1116 | val_acc 0.4441
Step  650 | loss 1.0730 | val_acc 0.4481
Step  700 | loss 1.0330 | val_acc 0.4527
Step  750 | loss 0.9907 | val_acc 0.4581
Step  800 | loss 0.9604 | val_acc 0.4642
Step  850 | loss 0.9222 | val_acc 0.4637
Step  900 | loss 0.8803 | val_acc 0.4664
Step  950 | loss 0.8445 | val_acc 0.4689
Step 1000 | loss 0.8143 | val_acc 0.4733

--- Final (best ckpt @ step 999) ---
  train_acc=0.7279  val_acc=0.4735
  test_acc=0.4645  test_loss=1.5951
  test_f1m=0.3835  test_f1w=0.4547
  >> best_step=999  val_acc=0.4735  test_acc=0.4645

Done. Results saved to /home/nchervov/other_datasets/results/amazon_ratings/base.csv, checkpoints in /home/nchervov/other_datasets/all_checkpoints/amazon_ratings/base/
