Loading data...

============================================================
Training amazon-ratings GT-sep 3L split=4
============================================================
Step    1 | loss 1.6582 | val_acc 0.3616
Step   50 | loss 1.3874 | val_acc 0.4013
Step  100 | loss 1.3428 | val_acc 0.4153
Step  150 | loss 1.3085 | val_acc 0.4256
Step  200 | loss 1.2652 | val_acc 0.4395
Step  250 | loss 1.2103 | val_acc 0.4519
Step  300 | loss 1.1615 | val_acc 0.4612
Step  350 | loss 1.1146 | val_acc 0.4738
Step  400 | loss 1.0576 | val_acc 0.4831
Step  450 | loss 1.0176 | val_acc 0.4913
Step  500 | loss 0.9510 | val_acc 0.4967
Step  550 | loss 0.8781 | val_acc 0.5060
Step  600 | loss 0.8203 | val_acc 0.5092
Step  650 | loss 0.7593 | val_acc 0.5171
Step  700 | loss 0.6924 | val_acc 0.5153
Step  750 | loss 0.6217 | val_acc 0.5207
Step  800 | loss 0.5700 | val_acc 0.5252
Step  850 | loss 0.5085 | val_acc 0.5244
Step  900 | loss 0.4544 | val_acc 0.5264
Step  950 | loss 0.4122 | val_acc 0.5334
Step 1000 | loss 0.3581 | val_acc 0.5378

--- Final (best ckpt @ step 952) ---
  train_acc=0.9561  val_acc=0.5380
  test_acc=0.5303  test_loss=2.1830
  test_f1m=0.4583  test_f1w=0.5264
  >> best_step=952  val_acc=0.5380  test_acc=0.5303

Done. Results saved to /home/nchervov/other_datasets/results/amazon_ratings/base.csv, checkpoints in /home/nchervov/other_datasets/all_checkpoints/amazon_ratings/base/
