Loading data...

============================================================
Training amazon-ratings GT-sep 1L split=9
============================================================
Step    1 | loss 1.8076 | val_acc 0.2156
Step   50 | loss 1.4129 | val_acc 0.3817
Step  100 | loss 1.3770 | val_acc 0.3998
Step  150 | loss 1.3462 | val_acc 0.4068
Step  200 | loss 1.3206 | val_acc 0.4058
Step  250 | loss 1.2934 | val_acc 0.4156
Step  300 | loss 1.2558 | val_acc 0.4250
Step  350 | loss 1.2195 | val_acc 0.4331
Step  400 | loss 1.1696 | val_acc 0.4428
Step  450 | loss 1.1185 | val_acc 0.4455
Step  500 | loss 1.0669 | val_acc 0.4568
Step  550 | loss 0.9963 | val_acc 0.4617
Step  600 | loss 0.9241 | val_acc 0.4687
Step  650 | loss 0.8473 | val_acc 0.4767
Step  700 | loss 0.7758 | val_acc 0.4810
Step  750 | loss 0.6903 | val_acc 0.4846
Step  800 | loss 0.6287 | val_acc 0.4911
Step  850 | loss 0.5620 | val_acc 0.4945
Step  900 | loss 0.5149 | val_acc 0.4957
Step  950 | loss 0.4548 | val_acc 0.5009
Step 1000 | loss 0.3995 | val_acc 0.4986

--- Final (best ckpt @ step 987) ---
  train_acc=0.9642  val_acc=0.5047
  test_acc=0.5029  test_loss=2.0135
  test_f1m=0.4407  test_f1w=0.4987
  >> best_step=987  val_acc=0.5047  test_acc=0.5029

Done. Results saved to /home/nchervov/other_datasets/results/amazon_ratings/base.csv, checkpoints in /home/nchervov/other_datasets/all_checkpoints/amazon_ratings/base/
