Loading data...

============================================================
Training amazon-ratings GT-sep 5L split=8
============================================================
Step    1 | loss 1.8139 | val_acc 0.3631
Step   50 | loss 1.3839 | val_acc 0.3982
Step  100 | loss 1.3398 | val_acc 0.4155
Step  150 | loss 1.3015 | val_acc 0.4212
Step  200 | loss 1.2564 | val_acc 0.4312
Step  250 | loss 1.2070 | val_acc 0.4400
Step  300 | loss 1.1610 | val_acc 0.4566
Step  350 | loss 1.1089 | val_acc 0.4668
Step  400 | loss 1.0664 | val_acc 0.4743
Step  450 | loss 1.0155 | val_acc 0.4828
Step  500 | loss 0.9705 | val_acc 0.4867
Step  550 | loss 0.9191 | val_acc 0.4952
Step  600 | loss 0.8541 | val_acc 0.5053
Step  650 | loss 0.7998 | val_acc 0.5081
Step  700 | loss 0.7402 | val_acc 0.5089
Step  750 | loss 0.6716 | val_acc 0.5156
Step  800 | loss 0.6137 | val_acc 0.5136
Step  850 | loss 0.5493 | val_acc 0.5200
Step  900 | loss 0.4885 | val_acc 0.5251
Step  950 | loss 0.4405 | val_acc 0.5265
Step 1000 | loss 0.4039 | val_acc 0.5290

--- Final (best ckpt @ step 996) ---
  train_acc=0.9470  val_acc=0.5326
  test_acc=0.5213  test_loss=2.2005
  test_f1m=0.4616  test_f1w=0.5176
  >> best_step=996  val_acc=0.5326  test_acc=0.5213

Done. Results saved to /home/nchervov/other_datasets/results/amazon_ratings/base.csv, checkpoints in /home/nchervov/other_datasets/all_checkpoints/amazon_ratings/base/
