Loading data...
Traceback (most recent call last):
  File "/home/avshmelev/diploma_yandex_graphs/run_base.py", line 200, in <module>
    main()
  File "/home/avshmelev/diploma_yandex_graphs/run_base.py", line 162, in main
    pyg_data, train_masks, val_masks, test_masks, num_classes, num_targets, is_binary = load_dataset(
                                                                                        ^^^^^^^^^^^^^
  File "/home/avshmelev/diploma_yandex_graphs/datasets.py", line 17, in load_dataset
    data = np.load(npz_path)
           ^^^^^^^^^^^^^^^^^
  File "/home/avshmelev/.conda/envs/nikita_neurips/lib/python3.11/site-packages/numpy/lib/_npyio_impl.py", line 486, in load
    raise ValueError(
ValueError: This file contains pickled (object) data. If you trust the file you can load it unsafely using the `allow_pickle=` keyword argument or `pickle.load()`.
Loading data...

============================================================
Training amazon-ratings GT 3L split=4
============================================================
Step    1 | loss 1.7686 | val_acc 0.3544
Step   50 | loss 1.4005 | val_acc 0.3921
Step  100 | loss 1.3586 | val_acc 0.4186
Step  150 | loss 1.3217 | val_acc 0.4292
Step  200 | loss 1.2775 | val_acc 0.4400
Step  250 | loss 1.2346 | val_acc 0.4560
Step  300 | loss 1.1832 | val_acc 0.4624
Step  350 | loss 1.1314 | val_acc 0.4769
Step  400 | loss 1.0811 | val_acc 0.4803
Step  450 | loss 1.0408 | val_acc 0.4908
Step  500 | loss 0.9819 | val_acc 0.4967
Step  550 | loss 0.9324 | val_acc 0.5050
Step  600 | loss 0.8750 | val_acc 0.5125
Step  650 | loss 0.8232 | val_acc 0.5131
Step  700 | loss 0.7599 | val_acc 0.5172
Step  750 | loss 0.7066 | val_acc 0.5148
Step  800 | loss 0.6563 | val_acc 0.5180
Step  850 | loss 0.5884 | val_acc 0.5203
Step  900 | loss 0.5403 | val_acc 0.5211
Step  950 | loss 0.4882 | val_acc 0.5257
Step 1000 | loss 0.4419 | val_acc 0.5293

--- Final (best ckpt @ step 999) ---
  train_acc=0.9370  val_acc=0.5298
  test_acc=0.5265  test_loss=2.1234
  test_f1m=0.4615  test_f1w=0.5230
  >> best_step=999  val_acc=0.5298  test_acc=0.5265

Done. Results saved to /home/avshmelev/diploma_yandex_graphs/results/amazon_ratings/base.csv, checkpoints in /home/avshmelev/diploma_yandex_graphs/all_checkpoints/amazon_ratings/base/
