Loading data...

============================================================
Training amazon-ratings ResNet 3L split=3
============================================================
Step    1 | loss 1.9796 | val_acc 0.1104
Step   50 | loss 1.4330 | val_acc 0.3709
Step  100 | loss 1.4116 | val_acc 0.3797
Step  150 | loss 1.3986 | val_acc 0.3845
Step  200 | loss 1.3826 | val_acc 0.3849
Step  250 | loss 1.3733 | val_acc 0.3884
Step  300 | loss 1.3616 | val_acc 0.3898
Step  350 | loss 1.3460 | val_acc 0.3887
Step  400 | loss 1.3297 | val_acc 0.3900
Step  450 | loss 1.3114 | val_acc 0.3907
Step  500 | loss 1.2920 | val_acc 0.3939
Step  550 | loss 1.2705 | val_acc 0.4000
Step  600 | loss 1.2307 | val_acc 0.4031
Step  650 | loss 1.1897 | val_acc 0.4109
Step  700 | loss 1.1341 | val_acc 0.4179
Step  750 | loss 1.0705 | val_acc 0.4166
Step  800 | loss 1.0093 | val_acc 0.4235
Step  850 | loss 0.9480 | val_acc 0.4297
Step  900 | loss 0.9047 | val_acc 0.4349
Step  950 | loss 0.8391 | val_acc 0.4418
Step 1000 | loss 0.8065 | val_acc 0.4452

--- Final (best ckpt @ step 998) ---
  train_acc=0.7983  val_acc=0.4467
  test_acc=0.4583  test_loss=1.8191
  test_f1m=0.3837  test_f1w=0.4528
  >> best_step=998  val_acc=0.4467  test_acc=0.4583

Done. Results saved to /home/avshmelev/diploma_yandex_graphs/results/amazon_ratings/base.csv, checkpoints in /home/avshmelev/diploma_yandex_graphs/all_checkpoints/amazon_ratings/base/
