Loading data...

============================================================
Training amazon-ratings SAGE 1L split=8
============================================================
Step    1 | loss 1.7706 | val_acc 0.3206
Step   50 | loss 1.4113 | val_acc 0.3848
Step  100 | loss 1.3823 | val_acc 0.3990
Step  150 | loss 1.3500 | val_acc 0.4031
Step  200 | loss 1.3155 | val_acc 0.4096
Step  250 | loss 1.2782 | val_acc 0.4163
Step  300 | loss 1.2285 | val_acc 0.4209
Step  350 | loss 1.1678 | val_acc 0.4292
Step  400 | loss 1.1007 | val_acc 0.4354
Step  450 | loss 1.0139 | val_acc 0.4486
Step  500 | loss 0.9220 | val_acc 0.4576
Step  550 | loss 0.8286 | val_acc 0.4640
Step  600 | loss 0.7160 | val_acc 0.4756
Step  650 | loss 0.6218 | val_acc 0.4833
Step  700 | loss 0.5362 | val_acc 0.4940
Step  750 | loss 0.4553 | val_acc 0.4970
Step  800 | loss 0.3875 | val_acc 0.4981
Step  850 | loss 0.3363 | val_acc 0.4993
Step  900 | loss 0.2874 | val_acc 0.5055
Step  950 | loss 0.2533 | val_acc 0.5074
Step 1000 | loss 0.2166 | val_acc 0.5079

--- Final (best ckpt @ step 996) ---
  train_acc=0.9930  val_acc=0.5109
  test_acc=0.5099  test_loss=2.5480
  test_f1m=0.4466  test_f1w=0.5011
  >> best_step=996  val_acc=0.5109  test_acc=0.5099

Done. Results saved to /home/nchervov/other_datasets/results/amazon_ratings/base.csv, checkpoints in /home/nchervov/other_datasets/all_checkpoints/amazon_ratings/base/
