Loading data...

============================================================
Training amazon-ratings SAGE 2L split=7
============================================================
Step    1 | loss 1.7258 | val_acc 0.3013
Step   50 | loss 1.4081 | val_acc 0.3851
Step  100 | loss 1.3730 | val_acc 0.4067
Step  150 | loss 1.3364 | val_acc 0.4143
Step  200 | loss 1.2896 | val_acc 0.4122
Step  250 | loss 1.2523 | val_acc 0.4124
Step  300 | loss 1.2018 | val_acc 0.4217
Step  350 | loss 1.1404 | val_acc 0.4356
Step  400 | loss 1.0723 | val_acc 0.4545
Step  450 | loss 0.9730 | val_acc 0.4700
Step  500 | loss 0.8881 | val_acc 0.4810
Step  550 | loss 0.7982 | val_acc 0.4900
Step  600 | loss 0.7048 | val_acc 0.4978
Step  650 | loss 0.6165 | val_acc 0.5071
Step  700 | loss 0.5350 | val_acc 0.5143
Step  750 | loss 0.4665 | val_acc 0.5125
Step  800 | loss 0.4044 | val_acc 0.5099
Step  850 | loss 0.3449 | val_acc 0.5166
Step  900 | loss 0.2860 | val_acc 0.5171
Step  950 | loss 0.2636 | val_acc 0.5154
Step 1000 | loss 0.2232 | val_acc 0.5166

--- Final (best ckpt @ step 872) ---
  train_acc=0.9759  val_acc=0.5215
  test_acc=0.5256  test_loss=2.2028
  test_f1m=0.4666  test_f1w=0.5189
  >> best_step=872  val_acc=0.5215  test_acc=0.5256

Done. Results saved to /home/nchervov/other_datasets/results/amazon_ratings/base.csv, checkpoints in /home/nchervov/other_datasets/all_checkpoints/amazon_ratings/base/
