Loading data...

============================================================
Training amazon-ratings SAGE 2L split=6
============================================================
Step    1 | loss 1.8485 | val_acc 0.2654
Step   50 | loss 1.4126 | val_acc 0.3825
Step  100 | loss 1.3776 | val_acc 0.4055
Step  150 | loss 1.3397 | val_acc 0.4189
Step  200 | loss 1.3098 | val_acc 0.4272
Step  250 | loss 1.2741 | val_acc 0.4339
Step  300 | loss 1.2252 | val_acc 0.4385
Step  350 | loss 1.1602 | val_acc 0.4452
Step  400 | loss 1.0883 | val_acc 0.4584
Step  450 | loss 1.0035 | val_acc 0.4815
Step  500 | loss 0.9226 | val_acc 0.4945
Step  550 | loss 0.8242 | val_acc 0.5042
Step  600 | loss 0.7347 | val_acc 0.5171
Step  650 | loss 0.6363 | val_acc 0.5210
Step  700 | loss 0.5488 | val_acc 0.5257
Step  750 | loss 0.4786 | val_acc 0.5306
Step  800 | loss 0.4121 | val_acc 0.5357
Step  850 | loss 0.3583 | val_acc 0.5383
Step  900 | loss 0.3023 | val_acc 0.5365
Step  950 | loss 0.2709 | val_acc 0.5390
Step 1000 | loss 0.2344 | val_acc 0.5394

--- Final (best ckpt @ step 976) ---
  train_acc=0.9913  val_acc=0.5422
  test_acc=0.5309  test_loss=2.5263
  test_f1m=0.4731  test_f1w=0.5259
  >> best_step=976  val_acc=0.5422  test_acc=0.5309

Done. Results saved to /home/nchervov/other_datasets/results/amazon_ratings/base.csv, checkpoints in /home/nchervov/other_datasets/all_checkpoints/amazon_ratings/base/
