Loading data...

============================================================
Training amazon-ratings SAGE 1L split=0
============================================================
Step    1 | loss 1.6443 | val_acc 0.3536
Step   50 | loss 1.4080 | val_acc 0.3923
Step  100 | loss 1.3715 | val_acc 0.4016
Step  150 | loss 1.3412 | val_acc 0.4076
Step  200 | loss 1.2995 | val_acc 0.4117
Step  250 | loss 1.2539 | val_acc 0.4243
Step  300 | loss 1.1946 | val_acc 0.4366
Step  350 | loss 1.1173 | val_acc 0.4429
Step  400 | loss 1.0264 | val_acc 0.4498
Step  450 | loss 0.9225 | val_acc 0.4646
Step  500 | loss 0.8149 | val_acc 0.4787
Step  550 | loss 0.7111 | val_acc 0.4820
Step  600 | loss 0.6067 | val_acc 0.4890
Step  650 | loss 0.5184 | val_acc 0.4957
Step  700 | loss 0.4489 | val_acc 0.4993
Step  750 | loss 0.3689 | val_acc 0.5004
Step  800 | loss 0.3108 | val_acc 0.5014
Step  850 | loss 0.2695 | val_acc 0.5047
Step  900 | loss 0.2278 | val_acc 0.5061
Step  950 | loss 0.2020 | val_acc 0.5081
Step 1000 | loss 0.1806 | val_acc 0.5089

--- Final (best ckpt @ step 986) ---
  train_acc=0.9959  val_acc=0.5109
  test_acc=0.5207  test_loss=2.5422
  test_f1m=0.4640  test_f1w=0.5137
  >> best_step=986  val_acc=0.5109  test_acc=0.5207

Done. Results saved to /home/nchervov/other_datasets/results/amazon_ratings/base.csv, checkpoints in /home/nchervov/other_datasets/all_checkpoints/amazon_ratings/base/
