Loading data...

============================================================
Training amazon-ratings TAG 2L split=5
============================================================
Step    1 | loss 1.5619 | val_acc 0.3392
Step   50 | loss 1.3847 | val_acc 0.4032
Step  100 | loss 1.3206 | val_acc 0.4269
Step  150 | loss 1.2635 | val_acc 0.4331
Step  200 | loss 1.2078 | val_acc 0.4457
Step  250 | loss 1.1505 | val_acc 0.4583
Step  300 | loss 1.0886 | val_acc 0.4643
Step  350 | loss 1.0246 | val_acc 0.4604
Step  400 | loss 0.9559 | val_acc 0.4771
Step  450 | loss 0.8955 | val_acc 0.4833
Step  500 | loss 0.8206 | val_acc 0.4900
Step  550 | loss 0.7544 | val_acc 0.4942
Step  600 | loss 0.6830 | val_acc 0.4952
Step  650 | loss 0.6193 | val_acc 0.4976
Step  700 | loss 0.5620 | val_acc 0.5076
Step  750 | loss 0.4923 | val_acc 0.5110
Step  800 | loss 0.4486 | val_acc 0.5099
Step  850 | loss 0.3918 | val_acc 0.5189
Step  900 | loss 0.3432 | val_acc 0.5158
Step  950 | loss 0.3112 | val_acc 0.5185
Step 1000 | loss 0.2780 | val_acc 0.5190

--- Final (best ckpt @ step 992) ---
  train_acc=0.9833  val_acc=0.5234
  test_acc=0.5136  test_loss=2.4449
  test_f1m=0.4583  test_f1w=0.5118
  >> best_step=992  val_acc=0.5234  test_acc=0.5136

Done. Results saved to /home/avshmelev/diploma_yandex_graphs/results/amazon_ratings/base.csv, checkpoints in /home/avshmelev/diploma_yandex_graphs/all_checkpoints/amazon_ratings/base/
