Loading data...

============================================================
Training amazon-ratings TAG 3L split=7
============================================================
Step    1 | loss 1.9100 | val_acc 0.3676
Step   50 | loss 1.3971 | val_acc 0.3957
Step  100 | loss 1.3322 | val_acc 0.4186
Step  150 | loss 1.2831 | val_acc 0.4302
Step  200 | loss 1.2404 | val_acc 0.4356
Step  250 | loss 1.1951 | val_acc 0.4480
Step  300 | loss 1.1409 | val_acc 0.4610
Step  350 | loss 1.0959 | val_acc 0.4677
Step  400 | loss 1.0493 | val_acc 0.4754
Step  450 | loss 0.9960 | val_acc 0.4743
Step  500 | loss 0.9389 | val_acc 0.4844
Step  550 | loss 0.8957 | val_acc 0.4834
Step  600 | loss 0.8465 | val_acc 0.4842
Step  650 | loss 0.7939 | val_acc 0.4913
Step  700 | loss 0.7473 | val_acc 0.4873
Step  750 | loss 0.6962 | val_acc 0.4926
Step  800 | loss 0.6467 | val_acc 0.4929
Step  850 | loss 0.5945 | val_acc 0.4980
Step  900 | loss 0.5433 | val_acc 0.5004
Step  950 | loss 0.4890 | val_acc 0.5089
Step 1000 | loss 0.4443 | val_acc 0.5035

--- Final (best ckpt @ step 994) ---
  train_acc=0.9276  val_acc=0.5112
  test_acc=0.5035  test_loss=2.1765
  test_f1m=0.4479  test_f1w=0.5011
  >> best_step=994  val_acc=0.5112  test_acc=0.5035

Done. Results saved to /home/nchervov/other_datasets/results/amazon_ratings/base.csv, checkpoints in /home/nchervov/other_datasets/all_checkpoints/amazon_ratings/base/
